2396		469		
2396		1002		
2396		447		
2396		329		
2396		327		
2396		331		
2396		347		
2396		382		
2396		410		
2396		733		
2396		1485		
2396		512		
2396		558		
2396		389		
2396		384		
2396		376		
2396		686		
2396		845		
2396		374		
2396		470		
2396		328		
2396		307		
2396		323		
2396		318		
2396		318		
2396		323		
2396		954		
2396		299		
2396		298		
2396		305		
2396		967		
2396		1021		
2396		315		
2396		325		
2396		630		
2396		321		
2396		520		
2396		1012		
2396		445		
2396		465		
2396		452		
2396		427		
2396		308		
2396		328		
2396		370		
2396		1038		
2396		692		
2396		469		
2396		474		
2396		455		
144		169		
144		131		
144		134		
144		135		
144		142		
144		150		
144		136		
144		143		
144		141		
144		143		
144		342		
144		232		
144		238		
144		296		
144		214		
144		182		
144		291		
144		153		
144		155		
144		202		
144		175		
144		151		
144		159		
144		177		
144		146		
144		163		
144		205		
144		140		
144		174		
144		149		
144		226		
144		186		
144		210		
144		169		
144		222		
144		220		
144		148		
144		201		
144		154		
144		160		
144		152		
144		185		
144		156		
144		137		
144		138		
144		159		
144		139		
144		151		
144		183		
144		151		
4498		948		
4498		1005		
4498		1385		
4498		1350		
4498		893		
4498		879		
4498		883		
4498		876		
4498		889		
4498		899		
4498		1913		
4498		1175		
4498		951		
4498		966		
4498		1157		
4498		1195		
4498		1094		
4498		968		
4498		840		
4498		847		
4498		854		
4498		834		
4498		856		
4498		819		
4498		816		
4498		842		
4498		854		
4498		854		
4498		854		
4498		841		
4498		917		
4498		860		
4498		848		
4498		895		
4498		921		
4498		864		
4498		880		
4498		857		
4498		845		
4498		886		
4498		896		
4498		863		
4498		1022		
4498		1371		
4498		1320		
4498		880		
4498		897		
4498		829		
4498		892		
4498		893		
2799		495		
2799		494		
2799		505		
2799		491		
2799		482		
2799		458		
2799		510		
2799		476		
2799		474		
2799		521		
2799		1124		
2799		755		
2799		669		
2799		621		
2799		598		
2799		646		
2799		746		
2799		477		
2799		445		
2799		441		
2799		446		
2799		469		
2799		462		
2799		460		
2799		442		
2799		465		
2799		430		
2799		503		
2799		476		
2799		432		
2799		463		
2799		486		
2799		454		
2799		443		
2799		466		
2799		447		
2799		451		
2799		466		
2799		465		
2799		444		
2799		471		
2799		477		
2799		453		
2799		557		
2799		674		
2799		666		
2799		664		
2799		684		
2799		542		
2799		459		
