Q_RELATIVE_TO_COVERED
0.6 200.0 0.0 720.0 0.0 3.0 0.0 1541.2 18.78190618654028 1.0 0.0 0.6658040778808257 6.250083117037709E-4 0.0 0.0 0.6003107772584784 2.2520177956426675E-4
0.7 200.0 0.0 720.0 0.0 3.0 0.0 1541.2 18.78190618654028 1.0 0.0 0.2921005867847945 0.009685112179403982 0.0 0.0 0.7739769893084331 0.005794792632969383
0.8 200.0 0.0 720.0 0.0 3.0 0.0 1541.2 18.78190618654028 1.0 0.0 0.14611481629958187 0.005706791245138796 0.0 0.0 0.8725344136853993 0.004314133177739841
0.9 200.0 0.0 720.0 0.0 3.0 0.0 1541.2 18.78190618654028 1.0 0.0 0.05479958709649997 0.007831231226259637 0.0 0.0 0.9480993643394241 0.007000047546635925
1.0 200.0 0.0 720.0 0.0 3.0 0.0 1541.2 18.78190618654028 1.0 0.0 0.0 0.0 0.0 0.0 1.0 0.0
Q_RELATIVE_TO_MEANING
0.6 200.0 0.0 720.0 0.0 3.0 0.0 1541.2 18.78190618654028 1.0 0.0 0.6658040778808257 6.250083117037709E-4 0.0 0.0 0.6003107772584784 2.2520177956426675E-4
0.7 200.0 0.0 720.0 0.0 3.0 0.0 1541.2 18.78190618654028 1.0 0.0 0.2921005867847945 0.009685112179403982 0.0 0.0 0.7739769893084331 0.005794792632969383
0.8 200.0 0.0 720.0 0.0 3.0 0.0 1541.2 18.78190618654028 1.0 0.0 0.14611481629958187 0.005706791245138796 0.0 0.0 0.8725344136853993 0.004314133177739841
0.9 200.0 0.0 720.0 0.0 3.0 0.0 1541.2 18.78190618654028 1.0 0.0 0.05479958709649997 0.007831231226259637 0.0 0.0 0.9480993643394241 0.007000047546635925
1.0 200.0 0.0 720.0 0.0 3.0 0.0 1541.2 18.78190618654028 1.0 0.0 0.0 0.0 0.0 0.0 1.0 0.0
Q_RELATIVE_TO_UP0
0.6 200.0 0.0 720.0 0.0 3.0 0.0 1541.2 18.78190618654028 1.0 0.0 0.6658040778808257 6.250083117037709E-4 0.0 0.0 0.6003107772584784 2.2520177956426675E-4
0.7 200.0 0.0 720.0 0.0 3.0 0.0 1541.2 18.78190618654028 1.0 0.0 0.2921005867847945 0.009685112179403982 0.0 0.0 0.7739769893084331 0.005794792632969383
0.8 200.0 0.0 720.0 0.0 3.0 0.0 1541.2 18.78190618654028 1.0 0.0 0.14611481629958187 0.005706791245138796 0.0 0.0 0.8725344136853993 0.004314133177739841
0.9 200.0 0.0 720.0 0.0 3.0 0.0 1541.2 18.78190618654028 1.0 0.0 0.05479958709649997 0.007831231226259637 0.0 0.0 0.9480993643394241 0.007000047546635925
1.0 200.0 0.0 720.0 0.0 3.0 0.0 1541.2 18.78190618654028 1.0 0.0 0.0 0.0 0.0 0.0 1.0 0.0
Q_RELATIVE_TO_PERMISSIONS
0.6 200.0 0.0 720.0 0.0 3.0 0.0 1541.2 18.78190618654028 1.0 0.0 0.6658040778808257 6.250083117037709E-4 0.0 0.0 0.6003107772584784 2.2520177956426675E-4
0.7 200.0 0.0 720.0 0.0 3.0 0.0 1541.2 18.78190618654028 1.0 0.0 0.2921005867847945 0.009685112179403982 0.0 0.0 0.7739769893084331 0.005794792632969383
0.8 200.0 0.0 720.0 0.0 3.0 0.0 1541.2 18.78190618654028 1.0 0.0 0.14611481629958187 0.005706791245138796 0.0 0.0 0.8725344136853993 0.004314133177739841
0.9 200.0 0.0 720.0 0.0 3.0 0.0 1541.2 18.78190618654028 1.0 0.0 0.05479958709649997 0.007831231226259637 0.0 0.0 0.9480993643394241 0.007000047546635925
1.0 200.0 0.0 720.0 0.0 3.0 0.0 1541.2 18.78190618654028 1.0 0.0 0.0 0.0 0.0 0.0 1.0 0.0
Q_RELATIVE_TO_SIZE_AND_PERMISSIONS
0.6 200.0 0.0 720.0 0.0 3.0 0.0 1541.2 18.78190618654028 1.0 0.0 0.6658040778808257 6.250083117037709E-4 0.0 0.0 0.6003107772584784 2.2520177956426675E-4
0.7 200.0 0.0 720.0 0.0 3.0 0.0 1541.2 18.78190618654028 1.0 0.0 0.2921005867847945 0.009685112179403982 0.0 0.0 0.7739769893084331 0.005794792632969383
0.8 200.0 0.0 720.0 0.0 3.0 0.0 1541.2 18.78190618654028 1.0 0.0 0.14611481629958187 0.005706791245138796 0.0 0.0 0.8725344136853993 0.004314133177739841
0.9 200.0 0.0 720.0 0.0 3.0 0.0 1541.2 18.78190618654028 1.0 0.0 0.05479958709649997 0.007831231226259637 0.0 0.0 0.9480993643394241 0.007000047546635925
1.0 200.0 0.0 720.0 0.0 3.0 0.0 1541.2 18.78190618654028 1.0 0.0 0.0 0.0 0.0 0.0 1.0 0.0
Q_PROGOL
0.6 200.0 0.0 720.0 0.0 3.0 0.0 1541.2 18.78190618654028 1.0 0.0 0.6658040778808257 6.250083117037709E-4 0.0 0.0 0.6003107772584784 2.2520177956426675E-4
0.7 200.0 0.0 720.0 0.0 3.0 0.0 1541.2 18.78190618654028 1.0 0.0 0.2921005867847945 0.009685112179403982 0.0 0.0 0.7739769893084331 0.005794792632969383
0.8 200.0 0.0 720.0 0.0 3.0 0.0 1541.2 18.78190618654028 1.0 0.0 0.14611481629958187 0.005706791245138796 0.0 0.0 0.8725344136853993 0.004314133177739841
0.9 200.0 0.0 720.0 0.0 3.0 0.0 1541.2 18.78190618654028 1.0 0.0 0.05479958709649997 0.007831231226259637 0.0 0.0 0.9480993643394241 0.007000047546635925
1.0 200.0 0.0 720.0 0.0 3.0 0.0 1541.2 18.78190618654028 1.0 0.0 0.0 0.0 0.0 0.0 1.0 0.0
Q_RELATIVE_TO_COVERED_FREQ
0.6 200.0 0.0 720.0 0.0 3.0 0.0 1541.2 18.78190618654028 1.0 0.0 0.6658040778808257 6.250083117037709E-4 0.0 0.0 0.6003107772584784 2.2520177956426675E-4
0.7 200.0 0.0 720.0 0.0 3.0 0.0 1541.2 18.78190618654028 1.0 0.0 0.2921005867847945 0.009685112179403982 0.0 0.0 0.7739769893084331 0.005794792632969383
0.8 200.0 0.0 720.0 0.0 3.0 0.0 1541.2 18.78190618654028 1.0 0.0 0.14611481629958187 0.005706791245138796 0.0 0.0 0.8725344136853993 0.004314133177739841
0.9 200.0 0.0 720.0 0.0 3.0 0.0 1541.2 18.78190618654028 1.0 0.0 0.05479958709649997 0.007831231226259637 0.0 0.0 0.9480993643394241 0.007000047546635925
1.0 200.0 0.0 720.0 0.0 3.0 0.0 1541.2 18.78190618654028 1.0 0.0 0.0 0.0 0.0 0.0 1.0 0.0
Q_RELATIVE_TO_MEANING_FREQ
0.6 200.0 0.0 720.0 0.0 3.0 0.0 1541.2 18.78190618654028 1.0 0.0 0.6658040778808257 6.250083117037709E-4 0.0 0.0 0.6003107772584784 2.2520177956426675E-4
0.7 200.0 0.0 720.0 0.0 3.0 0.0 1541.2 18.78190618654028 1.0 0.0 0.2921005867847945 0.009685112179403982 0.0 0.0 0.7739769893084331 0.005794792632969383
0.8 200.0 0.0 720.0 0.0 3.0 0.0 1541.2 18.78190618654028 1.0 0.0 0.14611481629958187 0.005706791245138796 0.0 0.0 0.8725344136853993 0.004314133177739841
0.9 200.0 0.0 720.0 0.0 3.0 0.0 1541.2 18.78190618654028 1.0 0.0 0.05479958709649997 0.007831231226259637 0.0 0.0 0.9480993643394241 0.007000047546635925
1.0 200.0 0.0 720.0 0.0 3.0 0.0 1541.2 18.78190618654028 1.0 0.0 0.0 0.0 0.0 0.0 1.0 0.0
Q_RELATIVE_TO_UP0_FREQ
0.6 200.0 0.0 720.0 0.0 3.0 0.0 1541.2 18.78190618654028 1.0 0.0 0.6658040778808257 6.250083117037709E-4 0.0 0.0 0.6003107772584784 2.2520177956426675E-4
0.7 200.0 0.0 720.0 0.0 3.0 0.0 1541.2 18.78190618654028 1.0 0.0 0.2921005867847945 0.009685112179403982 0.0 0.0 0.7739769893084331 0.005794792632969383
0.8 200.0 0.0 720.0 0.0 3.0 0.0 1541.2 18.78190618654028 1.0 0.0 0.14611481629958187 0.005706791245138796 0.0 0.0 0.8725344136853993 0.004314133177739841
0.9 200.0 0.0 720.0 0.0 3.0 0.0 1541.2 18.78190618654028 1.0 0.0 0.05479958709649997 0.007831231226259637 0.0 0.0 0.9480993643394241 0.007000047546635925
1.0 200.0 0.0 720.0 0.0 3.0 0.0 1541.2 18.78190618654028 1.0 0.0 0.0 0.0 0.0 0.0 1.0 0.0
Q_RELATIVE_TO_PERMISSIONS_FREQ
0.6 200.0 0.0 720.0 0.0 3.0 0.0 1541.2 18.78190618654028 1.0 0.0 0.6658040778808257 6.250083117037709E-4 0.0 0.0 0.6003107772584784 2.2520177956426675E-4
0.7 200.0 0.0 720.0 0.0 3.0 0.0 1541.2 18.78190618654028 1.0 0.0 0.2921005867847945 0.009685112179403982 0.0 0.0 0.7739769893084331 0.005794792632969383
0.8 200.0 0.0 720.0 0.0 3.0 0.0 1541.2 18.78190618654028 1.0 0.0 0.14611481629958187 0.005706791245138796 0.0 0.0 0.8725344136853993 0.004314133177739841
0.9 200.0 0.0 720.0 0.0 3.0 0.0 1541.2 18.78190618654028 1.0 0.0 0.05479958709649997 0.007831231226259637 0.0 0.0 0.9480993643394241 0.007000047546635925
1.0 200.0 0.0 720.0 0.0 3.0 0.0 1541.2 18.78190618654028 1.0 0.0 0.0 0.0 0.0 0.0 1.0 0.0
Q_RELATIVE_TO_SIZE_AND_PERMISSIONS_FREQ
0.6 200.0 0.0 720.0 0.0 3.0 0.0 1541.2 18.78190618654028 1.0 0.0 0.6658040778808257 6.250083117037709E-4 0.0 0.0 0.6003107772584784 2.2520177956426675E-4
0.7 200.0 0.0 720.0 0.0 3.0 0.0 1541.2 18.78190618654028 1.0 0.0 0.2921005867847945 0.009685112179403982 0.0 0.0 0.7739769893084331 0.005794792632969383
0.8 200.0 0.0 720.0 0.0 3.0 0.0 1541.2 18.78190618654028 1.0 0.0 0.14611481629958187 0.005706791245138796 0.0 0.0 0.8725344136853993 0.004314133177739841
0.9 200.0 0.0 720.0 0.0 3.0 0.0 1541.2 18.78190618654028 1.0 0.0 0.05479958709649997 0.007831231226259637 0.0 0.0 0.9480993643394241 0.007000047546635925
1.0 200.0 0.0 720.0 0.0 3.0 0.0 1541.2 18.78190618654028 1.0 0.0 0.0 0.0 0.0 0.0 1.0 0.0
