Q_RELATIVE_TO_COVERED
1 0.3759395964540631 0.015438228726140426
2 0.49308590497666344 0.03620733265536569
3 0.4962269301158253 0.033722546531363994
4 0.5885346224235176 0.20740590359261807
5 0.5885346224235176 0.20740590359261807
6 0.5885346224235176 0.20740590359261807
7 0.5885346224235176 0.20740590359261807
8 0.6442249334550683 0.20490331501400538
9 0.6442249334550683 0.20490331501400538
10 0.6442249334550683 0.20490331501400538
11 0.7370005988543078 0.23739410486452342
12 0.8234896031674511 0.21619911889514065
13 0.9108404384896467 0.17831912302070646
14 1.0 0.0
15 1.0 0.0
16 1.0 0.0
17 1.0 0.0
18 1.0 0.0
19 1.0 0.0
20 1.0 0.0
21 1.0 0.0
22 1.0 0.0
23 1.0 0.0
24 1.0 0.0
25 1.0 0.0
26 1.0 0.0
27 1.0 0.0
28 1.0 0.0
29 1.0 0.0
30 1.0 0.0
31 1.0 0.0
32 1.0 0.0
33 1.0 0.0
34 0.9956427015250544 0.008714596949891053
35 0.9956427015250544 0.008714596949891053
36 0.9956427015250544 0.008714596949891053
37 0.9914054133894613 0.010527886051480456
38 0.9914054133894613 0.010527886051480456
39 0.9914054133894613 0.010527886051480456
40 0.9914054133894613 0.010527886051480456
