Q_RELATIVE_TO_COVERED
1 0.3999194937361549 0.021363976482168104
2 0.5343920685292993 0.03722548519047065
3 0.5343920685292993 0.03722548519047065
4 0.5343920685292993 0.03722548519047065
5 0.5343920685292993 0.03722548519047065
6 0.5343920685292993 0.03722548519047065
7 0.5343920685292993 0.03722548519047065
8 0.5343920685292993 0.03722548519047065
9 0.5343920685292993 0.03722548519047065
10 0.5343920685292993 0.03722548519047065
11 0.5343920685292993 0.03722548519047065
12 0.6256638889781772 0.19077796660224472
13 0.857725032686312 0.18398940425814214
14 0.9101840490797546 0.17963190184049077
15 0.9101840490797546 0.17963190184049077
16 0.9937639198218264 0.01247216035634744
17 0.9937639198218264 0.01247216035634744
18 0.9896354794548538 0.013124034940921852
19 0.981277480864297 0.012870745785719
20 0.9526369436744648 0.025769139662811538
21 0.946528445493656 0.022333613995240264
22 0.9182904960213328 0.050391129334959796
23 0.9194725509726865 0.06020316700336322
24 0.8975868511744267 0.050850938101631674
25 0.9102596340490445 0.05383506524656612
26 0.9127966319348795 0.05606515956672864
27 0.9114603290395566 0.058661670945014496
28 0.9053442183546044 0.05633725073625233
29 0.9053442183546044 0.05633725073625233
30 0.8795664405768268 0.06710763487233941
31 0.8818600185584782 0.06907832641807085
32 0.84411734697015 0.055918619709797515
33 0.84411734697015 0.055918619709797515
34 0.8427840136368167 0.05728244957730737
35 0.8229212223727101 0.050374721304638444
36 0.8142484394980924 0.0428040817962188
37 0.8009314160526285 0.037852872738940536
38 0.7947091938304064 0.043310949392958764
39 0.7947091938304064 0.043310949392958764
40 0.8002137809863697 0.0436902202431289
