<0,22,12,op8> 8.810792183510252E-4
<1,48,70,op8> 0.0016466588982656126
<2,66,3,op1> 0.004447211063489828
<3,93,17,op7> 0.0011638300689982136
<4,50,3,op8> 9.028314638882097E-4
<5,36,81,op8> 0.001151625762059471
<6,50,3,op7> 4.161032298103068E-4
<7,49,81,op8> 0.0031518178751101305
<8,50,2,op7> 7.940011672040278E-4
<9,61,3,op1> 0.005106057146969803
<10,18,5,op7> 0.005285311893352829
<11,56,8,op7> 0.004322146743730558
<12,31,9,op8> 0.0012270073449751986
<13,8,7,op1> 0.002024457965928865
<14,51,3,op5> 0.002613163230482923
<15,41,3,op5> 0.0010484914196382097
<16,19,5,op7> 0.005167860517944988
<17,89,97,op2> 0.001054921230068782
<18,8,4,op7> 0.0013957864329608271
<19,53,8,op1> 0.0026814156506428455
<20,47,13,op7> 7.008200477065242E-4
<21,17,54,op8> 0.0022387981691180635
<22,1,7,op1> 0.0017917616480060071
<23,6,4,op7> 0.0012995252996531842
<24,16,57,op8> 0.0018440386552164298
<25,57,8,op7> 0.0042929430495161625
<26,53,6,op1> 0.0018629550786078283
<27,14,47,op2> 2.08723505070769E-5
<28,37,81,op8> 0.0012324416050110128
<29,44,8,op1> 0.0025996651734891
<30,32,1,op8> 0.004026485446437646
<31,58,8,op7> 0.004263739355301766
<32,80,4,op4> 0.00307006292999645
<33,28,1,op8> 0.0035845541169505866
<34,68,12,op8> 0.0018016097449864248
<35,86,88,op2> 0.001248353306210426
<36,71,8,op7> 0.004059313495800997
<37,60,3,op1> 0.005073114842795804
<38,57,3,op1> 0.004842518713577813
<39,12,13,op8> 0.0010205784265149764
<40,63,66,op8> 0.0015808656459486733
<41,51,3,op8> 8.810764888547588E-4
<42,58,3,op1> 0.004809576409403814
<43,51,6,op1> 0.0018402361142345624
<44,27,9,op8> 0.001051720581407313
<45,65,83,op8> 0.004188776164718085
<46,51,3,op7> 4.060766459594562E-4
<47,52,6,op1> 0.0018515955964211956
<48,54,6,op1> 0.0018743145607944614
<49,16,14,op8> 0.0038936159540359323
<50,60,82,op8> 0.003755021657873593
<51,90,94,op2> 0.0011193985887826634
<52,51,2,op7> 7.748686089581476E-4
<53,54,8,op1> 0.002697765746073595
<54,10,7,op1> 0.002769086183282011
<55,1,2,op1> 0.001287417866743143
<56,22,3,op5> 0.0010807526940886162
<57,12,4,op7> 0.0015401781329222922
<58,40,8,op1> 0.0010791062984294379
<59,18,14,op8> 0.0038089721289481953
<60,46,6,op1> 0.0018288766320479286
<61,17,0,op4> 0.00293229540539027
<62,19,0,op4> 0.0028993482660038625
<63,68,8,op7> 0.004000906107372206
<64,62,82,op8> 0.003706255142836274
<65,52,81,op8> 0.0032932456002753296
<66,13,2,op1> 0.0015549332676248351
<67,74,47,op2> 0.0020865589694908844
<68,73,2,op8> 4.1798046072184276E-4
<69,11,2,op1> 0.0015883726927350466
<70,25,9,op8> 0.0010225061208126655
<71,63,82,op8> 0.0037306384003549338
<72,20,6,op1> 0.0011132292542900435
<73,53,2,op7> 7.844348880810876E-4
<74,34,1,op8> 0.0028971053821929406
<75,52,3,op5> 0.0026292938677081267
<76,104,24,op7> 5.52628282215782E-4
<77,25,26,op8> 4.404492724550639E-4
<78,91,4,op4> 0.002806229396949881
<79,46,3,op7> 4.035699999967434E-4
<80,59,8,op1> 0.0023707638374586134
<81,34,81,op8> 0.0011920336835352418
<82,51,8,op1> 0.0026487154597813474
<83,52,8,op1> 0.0026650655552120967
<84,50,3,op5> 0.0026776857793837355
<85,39,13,op7> 2.628075178899466E-4
<86,67,20,op8> 0.0010325885433075152
<87,38,15,op8> 8.790709545679906E-4
<88,38,11,op8> 5.107926651284598E-4
<89,39,10,op8> 7.125926035655332E-4
<90,14,1,op4> 7.670356929130498E-4
<91,21,8,op1> 0.0015859592567826584
<92,39,13,op8> 9.229331227792834E-4
<93,50,8,op1> 0.0027141158415043437
<94,67,8,op7> 0.003913295024729018
<95,50,6,op1> 0.0018856740429810943
<96,22,8,op1> 0.001095456393860187
<97,37,13,op7> 2.6718764318811236E-4
<98,16,5,op7> 0.005402763268760669
<99,89,4,op4> 0.002902168863512269
<100,57,8,op1> 0.002403464028320111
<101,86,4,op4> 0.0031180326632776452
<102,36,10,op8> 0.0019288623577512348
<103,109,1,op1> 0.0014591400678553121
<104,38,13,op7> 2.7156776848627815E-4
<105,37,10,op8> 7.24469146958292E-4
<106,67,82,op8> 0.0032673565075003992
<107,92,4,op4> 0.0027822445303092827
<108,81,4,op4> 0.0030940477966370475
<109,17,14,op8> 0.0037666502164043266
<110,26,1,op8> 0.0034863471548423524
<111,37,14,op8> 9.448642068849296E-4
<112,72,44,op8> 0.0021072116644841855
<113,9,7,op1> 0.0020011883341365796
<114,47,3,op7> 4.010633540340308E-4
<115,55,3,op1> 0.00490840332192581
<116,79,4,op4> 0.002926153730152867
<117,61,83,op8> 0.004299737122723863
<118,96,1,op1> 0.0016507443191898482
<119,58,3,op7> 3.6597031055605295E-4
<120,59,8,op7> 0.004234535661087372
<121,84,4,op4> 0.0031660023965588394
<122,59,3,op7> 3.634636645933404E-4
<123,7,0,op5> 6.28754507522639E-4
<124,43,11,op8> 5.190312565014995E-4
<125,98,4,op7> 0.0010415897116417274
<126,58,83,op8> 0.004050074967210863
<127,49,69,op8> 0.0016027967300543198
<128,65,8,op7> 0.004409757826373745
<129,42,17,op8> 8.35208786356698E-4
<130,7,13,op8> 8.504820220958137E-4
<131,56,3,op7> 3.709836024814784E-4
<132,97,5,op7> 9.804695329634842E-4
<133,89,2,op8> 3.586924521088153E-4
<134,19,14,op8> 0.0037243283038604575
<135,60,13,op7> 6.745392959175296E-4
<136,96,8,op7> 0.0011027098903199706
<137,60,8,op1> 0.002517914696335355
<138,90,1,op8> 4.616702944275488E-4
<139,57,3,op7> 3.684769565187658E-4
<140,99,1,op1> 0.001577050376368873
<141,14,13,op8> 9.99316375962581E-4
<142,54,2,op7> 7.892180276425578E-4
<143,88,2,op8> 3.55728051678164E-4
<144,54,3,op7> 4.135965838475942E-4
<145,2,13,op8> 8.079579209910229E-4
<146,98,1,op1> 0.0016212667420614578
<147,54,3,op8> 8.973927201298472E-4
<148,58,8,op1> 0.002387113932889362
<149,55,8,op7> 0.004351350437944953
<150,55,3,op7> 3.734902484441911E-4
<151,65,3,op7> 3.785035403696165E-4
<152,97,1,op1> 0.0016360055306256528
<153,59,3,op1> 0.004776634105229816
<154,55,8,op1> 0.0024361642191816093
<155,33,1,op8> 0.002848001901138823
<156,53,3,op5> 0.002645424504933329
<157,45,6,op1> 0.0017947981854880301
<158,17,5,op7> 0.005226586205648908
<159,52,2,op7> 7.796517485196177E-4
<160,1,49,op2> 1.639311473621749E-5
<161,52,3,op7> 4.085832919221688E-4
<162,85,91,op2> 0.0011838759474965446
<163,92,2,op8> 3.4387044995555857E-4
<164,56,3,op1> 0.004875461017751812
<165,68,8,op1> 0.002239963074012621
<166,52,77,op8> 0.0013615548048922098
<167,55,53,op8> 0.002216867085012417
<168,65,8,op1> 0.0024688644100431074
<169,80,86,op2> 0.0014417853823520703
<170,56,8,op1> 0.0024198141237508604
<171,77,4,op4> 0.002974123463434061
<172,53,3,op7> 4.110899378848815E-4
<173,51,11,op8> 0.0013346518024324274
<174,54,3,op5> 0.0026615551421585327
<175,83,85,op2> 0.001506262741065952
<176,92,1,op8> 4.538453741830141E-4
<177,91,2,op8> 3.4683485038620993E-4
<178,91,1,op8> 4.577578343052815E-4
<179,95,1,op1> 0.001665483107754043
<180,9,1,op6> 1.6157271458933577E-5
<181,12,2,op1> 0.0016050924052901524
<182,10,0,op5> 9.352723299399254E-4
<183,12,7,op1> 0.002233884652059437
<184,93,1,op1> 0.0016949606848824332
<185,12,9,op2> 7.703195307223267E-6
<186,9,1,op4> 7.017560594736413E-4
<187,4,4,op7> 0.0013636993885249463
<188,12,8,op2> 7.92276381954317E-6
<189,79,81,op2> 0.0014202929294474434
<190,106,1,op1> 0.0015033564335478974
<191,9,0,op5> 6.759110955868368E-4
<192,12,1,op2> 5.727078696344138E-6
<193,12,0,op2> 5.946647208664043E-6
<194,2,7,op1> 0.0017684920162137213
<195,10,1,op4> 9.710345474112014E-4
<196,12,3,op2> 5.287941671704333E-6
<197,62,8,op1> 0.0024852145054738567
<198,46,2,op7> 7.700854693966774E-4
<199,12,2,op2> 5.507510184024236E-6
<200,12,5,op2> 7.044489770263558E-6
<201,15,2,op1> 0.0015214938425146237
<202,12,4,op2> 7.483626794903364E-6
<203,74,8,op7> 0.004146924578444184
<204,11,1,op4> 7.751956470929758E-4
<205,12,7,op2> 6.385784233303849E-6
<206,10,1,op6> 2.235715469317553E-5
<207,88,4,op4> 0.002878183996871672
<208,53,81,op8> 0.0033134495610132146
<209,12,6,op2> 6.605352745623752E-6
<210,62,8,op7> 0.00443896152058814
<211,90,2,op8> 3.497992508168613E-4
<212,94,1,op1> 0.0016802218963182384
<213,11,7,op1> 0.0022106150202671516
<214,9,4,op7> 0.0013797429107428867
<215,11,9,op2> 7.622953689439691E-6
<216,11,8,op2> 7.840235029756263E-6
<217,69,82,op8> 0.003316123022537718
<218,11,7,op2> 6.3192656475402675E-6
<219,11,2,op2> 5.450140286273983E-6
<220,11,1,op2> 5.6674216265905535E-6
<221,16,0,op4> 0.0030311368235494923
<222,11,0,op2> 5.884702966907126E-6
<223,78,82,op2> 0.001355815570733562
<224,11,6,op2> 6.536546987856838E-6
<225,7,2,op1> 0.0013375770044084605
<226,11,5,op2> 6.971109668489979E-6
<227,42,81,op8> 0.0012930534872246692
<228,37,8,op1> 9.973558212756925E-4
<229,8,2,op1> 0.0014546149922942005
<230,11,4,op2> 7.405672349123121E-6
<231,36,3,op5> 9.19446321836584E-4
<232,70,8,op7> 0.004030109801586601
<233,11,3,op2> 5.232858945957413E-6
<234,11,58,op2> 1.8052458024635088E-5
<235,18,2,op1> 0.0015047741299595181
<236,9,0,op2> 5.3272047910948725E-6
<237,56,51,op8> 0.0021730049168011247
<238,9,1,op2> 5.130507998808292E-6
<239,40,3,op5> 0.0010646220568634132
<240,6,2,op1> 0.001354296716963566
<241,14,0,op2> 5.822758725150209E-6
<242,41,10,op8> 7.719753205293274E-4
<243,9,2,op2> 4.933811206521712E-6
<244,60,11,op8> 0.00126874307144811
<245,87,89,op2> 0.0012698457591150533
<246,94,16,op7> 0.0012555103370155785
<247,14,1,op2> 5.607764556836969E-6
<248,46,12,op8> 0.002117220211261419
<249,69,3,op1> 0.004480153367663827
<250,41,18,op8> 8.571398704623443E-4
<251,9,3,op2> 4.737114414235133E-6
<252,9,4,op2> 6.704082337100932E-6
<253,49,3,op5> 0.0025163794071317034
<254,8,1,op4> 7.099160136535672E-4
<255,9,5,op2> 6.310688752527771E-6
<256,19,52,op8> 0.0021949360009067705
<257,36,13,op7> 2.496671419954493E-4
<258,64,3,op1> 0.00494134562609981
<259,28,2,op7> 3.491691879873134E-4
<260,9,6,op2> 5.917295167954611E-6
<261,0,7,op1> 0.001815031279798293
<262,11,4,op7> 0.0015241346107043518
<263,9,7,op2> 5.720598375668032E-6
<264,29,1,op8> 0.003633657598004705
<265,22,81,op8> 0.0013536653694383254
<266,44,3,op5> 0.002564771318807313
<267,56,83,op8> 0.004105555446213753
<268,7,1,op6> 1.5030019961798675E-5
<269,14,7,op1> 0.0021873453884748654
<270,75,96,op2> 0.0010764136829734092
<271,12,0,op5> 7.545054090271665E-4
<272,9,2,op1> 0.001437895279739095
<273,73,46,op8> 0.002151073832695478
<274,77,83,op2> 0.001377308023638189
<275,14,7,op2> 6.252747061776686E-6
<276,63,10,op8> 0.0018171111390921095
<277,8,8,op2> 7.180004711460998E-6
<278,12,1,op6> 1.8036023954158408E-5
<279,8,7,op2> 5.7871169614316125E-6
<280,14,6,op2> 6.467741230089923E-6
<281,6,1,op6> 1.5217895211321158E-5
<282,14,9,op2> 7.542712071656116E-6
<283,58,49,op8> 0.0020414184121672462
<284,8,9,op2> 6.981020747171085E-6
<285,59,48,op8> 0.002063349496272893
<286,14,8,op2> 7.757706239969355E-6
<287,33,11,op2> 9.474589655456463E-4
<288,13,0,op5> 7.309271149950676E-4
<289,14,3,op2> 5.177776220210493E-6
<290,61,10,op8> 0.0018408642258776271
<291,14,2,op2> 5.392770388523731E-6
<292,14,5,op2> 6.8977295667164E-6
<293,10,75,op8> 0.0017563143187938441
<294,14,4,op2> 7.3277179033428785E-6
<295,31,1,op8> 0.004124692408545881
<296,13,1,op4> 7.588757387331237E-4
<297,3,4,op7> 0.0012032641663455408
<298,13,0,op2> 5.760814483393293E-6
<299,8,1,op6> 1.6345146708456056E-5
<300,10,4,op7> 0.001909179143934925
<301,6,7,op1> 0.0018848401751751505
<302,46,74,op8> 0.0017343832346881976
<303,13,62,op2> 1.894864825460747E-5
<304,15,7,op1> 0.0021175364930980083
<305,7,4,op7> 0.0012834817774352435
<306,50,13,op7> 7.271007994955188E-4
<307,11,0,op5> 7.466459776831336E-4
<308,13,7,op1> 0.00216407575668258
<309,17,3,op5> 0.0014356267130430872
<310,90,4,op4> 0.0028302142635904777
<311,65,64,op8> 0.0019098319075333686
<312,60,8,op7> 0.004497368909016932
<313,18,0,op4> 0.0029652425447766776
<314,76,98,op2> 0.0010334287771641547
<315,42,6,op1> 7.270068599445185E-4
<316,14,2,op1> 0.001571652980179941
<317,8,0,op5> 6.837705269308697E-4
<318,13,9,op2> 7.462470453872541E-6
<319,13,8,op2> 7.675177450182446E-6
<320,13,7,op2> 6.186228476013104E-6
<321,11,1,op6> 1.7848148704635925E-5
<322,13,6,op2> 6.398935472323009E-6
<323,81,87,op2> 0.0014632778352566976
<324,35,9,op2> 7.54026889404002E-4
<325,9,9,op2> 6.900779129387511E-6
<326,100,1,op1> 0.0016065279534972629
<327,45,8,op1> 0.002583315078058351
<328,13,5,op2> 6.824349464942822E-6
<329,9,8,op2> 7.0974759216740904E-6
<330,13,4,op2> 7.249763457562634E-6
<331,12,1,op4> 7.833556012729018E-4
<332,38,6,op1> 7.042878955712522E-4
<333,72,8,op7> 0.004088517190015393
<334,13,3,op2> 5.122693494463573E-6
<335,41,81,op8> 0.0013132574479625544
<336,39,3,op5> 9.678382335121937E-4
<337,13,2,op2> 5.335400490773479E-6
<338,13,1,op2> 5.5481074870833845E-6
<339,7,7,op1> 0.0018615705433828644
<340,7,3,op2> 4.406618059753612E-6
<341,40,13,op7> 2.8908826967894124E-4
<342,73,8,op7> 0.0041177208842297875
<343,103,1,op1> 0.0015475727992404823
<344,7,2,op2> 4.589591820020197E-6
<345,7,5,op2> 5.870408141886298E-6
<346,35,1,op8> 0.002749794939030587
<347,7,4,op2> 6.236355662419471E-6
<348,55,82,op8> 0.0036331053702802945
<349,6,1,op4> 6.609562885740109E-4
<350,7,1,op2> 4.772565580286783E-6
<351,7,0,op2> 4.95553934055337E-6
<352,78,1,op8> 4.812325950388857E-4
<353,11,59,op8> 0.0018001764870051366
<354,6,9,op2> 6.499571040469633E-6
<355,6,5,op2> 5.943788243659877E-6
<356,6,6,op2> 5.5732663791200404E-6
<357,6,7,op2> 5.388005446850123E-6
<358,4,1,op6> 1.596939620941109E-5
<359,6,8,op2> 6.68483197273955E-6
<360,5,0,op5> 6.523328015547378E-4
<361,85,2,op8> 3.9426525727663184E-4
<362,5,4,op7> 0.0013316123440890652
<363,3,13,op8> 7.973268957148254E-4
<364,67,3,op1> 0.00441426875931583
<365,8,6,op2> 5.986100925721525E-6
<366,8,5,op2> 6.384068854301349E-6
<367,4,7,op1> 0.0019779187023442934
<368,8,4,op2> 6.782036782881174E-6
<369,7,1,op4> 6.52796334394085E-4
<370,8,3,op2> 4.792197139982052E-6
<371,8,2,op2> 4.9911811042719635E-6
<372,19,3,op5> 0.0014194960758178842
<373,8,1,op2> 5.190165068561875E-6
<374,8,0,op2> 5.389149032851789E-6
<375,62,3,op1> 0.005007230234447807
<376,7,8,op2> 6.602303182952643E-6
<377,7,9,op2> 6.419329422686057E-6
<378,7,6,op2> 5.504460621353128E-6
<379,7,7,op2> 5.321486861086542E-6
<380,64,83,op8> 0.0041610359252166424
<381,0,14,op2> 7.686041517198276E-6
<382,5,1,op6> 1.5593645710366125E-5
<383,24,1,op8> 0.0033881401927341173
<384,6,0,op5> 6.366139388666719E-4
<385,3,0,op5> 5.894573508024739E-4
<386,5,7,op1> 0.0019313794387597217
<387,10,2,op1> 0.001989645794057585
<388,2,4,op7> 0.0012193076885634814
<389,5,1,op2> 4.951536789547536E-6
<390,5,0,op2> 5.141372065824121E-6
<391,15,56,op8> 0.0018659697393220759
<392,5,3,op2> 4.571866236994372E-6
<393,5,2,op2> 4.761701513270954E-6
<394,49,3,op7> 3.9103677018317997E-4
<395,10,2,op2> 6.827017832280043E-6
<396,4,3,op2> 4.682031688488213E-6
<397,57,83,op8> 0.004077815206712309
<398,29,30,op8> 6.158979453002346E-4
<399,10,3,op2> 6.554844363883498E-6
<400,4,4,op2> 6.626127891320688E-6
<401,3,1,op4> 6.119965634944546E-4
<402,4,5,op2> 6.2373086507541924E-6
<403,10,4,op2> 9.276579047848964E-6
<404,4,6,op2> 5.848489410187697E-6
<405,0,12,op2> 8.042840349718118E-6
<406,10,5,op2> 8.73223211105587E-6
<407,4,7,op2> 5.65407978990445E-6
<408,2,1,op6> 1.427851896370874E-5
<409,4,8,op2> 7.014947131887183E-6
<410,10,0,op2> 7.371364769073137E-6
<411,66,3,op7> 3.383972049662135E-4
<412,4,9,op2> 6.820537511603936E-6
<413,78,4,op4> 0.002950138596793464
<414,10,1,op2> 7.0991913006765895E-6
<415,49,2,op7> 7.461697715893273E-4
<416,10,6,op2> 8.187885174262777E-6
<417,10,7,op2> 7.915711705866229E-6
<418,68,83,op8> 0.003800412811697866
<419,5,2,op1> 0.0013877361420737777
<420,10,8,op2> 9.820925984642057E-6
<421,66,82,op8> 0.003291739765019059
<422,10,9,op2> 9.54875251624551E-6
<423,48,3,op8> 8.538827700629454E-4
<424,4,0,op5> 6.680516642428039E-4
<425,6,0,op2> 5.0174835823102866E-6
<426,74,47,op8> 0.0021291427485898317
<427,6,4,op2> 6.314310108199715E-6
<428,5,1,op4> 6.772761969338632E-4
<429,55,10,op8> 0.0017696049655210738
<430,72,44,op2> 0.0020650665165862577
<431,6,3,op2> 4.461700785500532E-6
<432,6,2,op2> 4.646961717770449E-6
<433,49,6,op1> 0.0017720792211147632
<434,6,1,op2> 4.832222650040368E-6
<435,22,6,op1> 7.610853065044175E-4
<436,5,6,op2> 5.710877894653869E-6
<437,5,7,op2> 5.521042618377286E-6
<438,62,10,op8> 0.0018052345956993505
<439,3,1,op6> 1.4090643714186258E-5
<440,5,4,op2> 6.470218999760201E-6
<441,4,1,op4> 6.935961052937154E-4
<442,68,3,op1> 0.004513095671837826
<443,27,1,op8> 0.00353545063589647
<444,48,2,op7> 7.509529111507973E-4
<445,53,78,op8> 0.001339623720786564
<446,76,4,op4> 0.0034538207962460064
<447,5,5,op2> 6.090548447207034E-6
<448,40,2,op7> 3.156872110570231E-4
<449,48,3,op7> 3.9354341614589264E-4
<450,5,8,op2> 6.849889552313366E-6
<451,5,9,op2> 6.660054276036784E-6
<452,71,43,op8> 2.6500059960989325E-4
<453,62,65,op8> 0.0019317629916390147
<454,32,39,op8> 1.992073472929542E-4
<455,3,31,op8> 7.255533658284664E-4
<456,34,12,op8> 9.887263750962224E-4
<457,37,3,op5> 9.83968870737397E-4
<458,31,41,op8> 3.088627678211859E-4
<459,33,11,op8> 9.66795290990576E-4
<460,30,36,op8> 1.3341409497601522E-4
<461,70,42,op8> 2.8693168371553957E-4
<462,13,82,op2> 1.3418266350549913E-5
<463,73,46,op2> 0.0021080514223955115
<464,81,2,op8> 3.8240765555402635E-4
<465,31,41,op2> 3.0268537840683215E-4
<466,48,6,op1> 0.0017834387033013968
<467,35,9,op8> 0.0015874204306898913
<468,34,12,op2> 9.689514184502735E-4
<469,52,11,op8> 0.0013428903938054672
<470,108,1,op1> 0.0014738788564195072
<471,32,39,op2> 1.952231138836965E-4
<472,70,42,op2> 2.81192925502205E-4
<473,71,43,op2> 2.597004725975779E-4
<474,9,4,op8> 7.474844499341127E-4
<475,30,36,op2> 1.307457551698151E-4
<476,13,4,op7> 0.0014920475662684707
<477,63,3,op1> 0.005040172538621806
<478,63,8,op1> 0.002501564600904606
<479,110,1,op1> 0.0018423485705243842
<480,45,81,op8> 0.003192225796585902
<481,60,3,op7> 3.8602347825775457E-4
<482,107,1,op1> 0.001488617644983702
<483,61,8,op7> 0.004526572603231328
<484,47,73,op8> 0.0017124521505825514
<485,64,8,op1> 0.0024525143146123586
<486,69,8,op7> 0.003971702413157809
<487,61,3,op7> 3.885301242204673E-4
<488,65,3,op1> 0.004974287930273808
<489,62,3,op7> 3.810101863323292E-4
<490,63,8,op7> 0.004468165214802537
<491,63,3,op7> 3.835168322950419E-4
<492,66,8,op1> 0.002207262883151123
<493,49,13,op7> 6.83299546513861E-4
<494,48,10,op8> 0.0018646173126631448
<495,84,1,op8> 5.164447361392919E-4
<496,102,1,op1> 0.0015623115878046774
<497,49,10,op8> 0.0018527407692703857
<498,105,1,op1> 0.0015180952221120923
<499,61,8,op1> 0.002534264791766104
<500,44,72,op8> 0.0016905210664769055
<501,104,1,op1> 0.0015328340106762874
<502,50,80,op8> 0.001427348057209149
<503,61,68,op8> 0.0016247278141599659
<504,47,6,op1> 0.001817517149861296
<505,30,1,op8> 0.003879175003275293
<506,59,82,op8> 0.003535572340205656
<507,45,71,op8> 0.0016685899823712588
<508,1,5,op2> 5.650267836565562E-6
<509,1,4,op2> 6.00249232507874E-6
<510,0,1,op4> 6.364764260342329E-4
<511,23,13,op7> 2.9784852027527276E-4
<512,1,7,op2> 5.121931103795796E-6
<513,1,6,op2> 5.298043348052384E-6
<514,86,1,op8> 5.086198158947572E-4
<515,1,1,op2> 4.593594371026028E-6
<516,1,0,op2> 4.769706615282618E-6
<517,75,4,op4> 0.0034298359296054096
<518,1,3,op2> 4.241369882512851E-6
<519,59,11,op8> 0.0011945957490907529
<520,68,3,op7> 3.4341049689163883E-4
<521,1,2,op2> 4.41748212676944E-6
<522,1,9,op2> 6.17860456933533E-6
<523,1,8,op2> 6.354716813591919E-6
<524,0,0,op5> 6.13035644834573E-4
<525,18,3,op7> 2.255981366441423E-4
<526,2,2,op1> 0.0012706981541880373
<527,2,0,op2> 4.707762373525701E-6
<528,0,6,op2> 5.366849105819299E-6
<529,0,5,op2> 5.723647938339141E-6
<530,0,4,op2> 6.080446770858985E-6
<531,0,3,op2> 4.296452608259772E-6
<532,48,3,op5> 0.002532510044356907
<533,0,2,op2> 4.4748520245196926E-6
<534,34,9,op8> 8.618265875421037E-4
<535,2,32,op8> 6.816911976171737E-4
<536,0,1,op2> 4.653251440779613E-6
<537,69,3,op7> 3.409038509289261E-4
<538,0,0,op2> 4.831650857039535E-6
<539,0,9,op2> 6.2588461871189065E-6
<540,0,8,op2> 6.437245603378827E-6
<541,0,7,op2> 5.188449689559378E-6
<542,100,29,op7> 7.0542872891139E-4
<543,36,8,op1> 9.319554395526963E-4
<544,19,3,op7> 2.2058484471871692E-4
<545,12,60,op8> 0.0019975562439559537
<546,3,3,op2> 4.131204431019011E-6
<547,40,19,op8> 8.132777022510517E-4
<548,3,2,op2> 4.3027423312689345E-6
<549,3,5,op2> 5.503507633018405E-6
<550,3,4,op2> 5.846583433518255E-6
<551,2,1,op4> 6.201565176743808E-4
<552,3,7,op2> 4.988893932268632E-6
<553,1,1,op6> 1.4466394213231223E-5
<554,3,6,op2> 5.160431832518557E-6
<555,3,9,op2> 6.018121333768179E-6
<556,3,8,op2> 6.189659234018103E-6
<557,67,8,op1> 0.002190912787720374
<558,4,2,op1> 0.0014211755671839892
<559,50,12,op8> 0.0021829723917353755
<560,16,3,op7> 2.3061142856956767E-4
<561,2,0,op5> 5.973167821465069E-4
<562,1,4,op7> 0.001235351210781422
<563,4,0,op2> 5.265260549337955E-6
<564,4,1,op2> 5.070850929054707E-6
<565,0,13,op8> 8.292199715434184E-4
<566,4,2,op2> 4.87644130877146E-6
<567,11,62,op2> 1.9356146066534514E-5
<568,2,4,op2> 5.9245378792984974E-6
<569,0,67,op2> 1.2681225172476074E-5
<570,1,1,op4> 6.283164718543067E-4
<571,92,92,op2> 0.0011623834945919179
<572,29,81,op8> 0.0014950930946035234
<573,2,3,op2> 4.186287156765931E-6
<574,2,2,op2> 4.360112229019187E-6
<575,2,1,op2> 4.5339373012724435E-6
<576,46,3,op8> 8.756377450963962E-4
<577,1,13,op8> 8.185889462672207E-4
<578,19,2,op1> 0.0014713347048493064
<579,13,58,op8> 0.001822107571110783
<580,2,8,op2> 6.272188023805011E-6
<581,2,7,op2> 5.055412518032213E-6
<582,103,25,op7> 5.831883715549036E-4
<583,64,13,op7> 6.570187947248666E-4
<584,0,1,op6> 1.465426946275371E-5
<585,2,6,op2> 5.229237590285471E-6
<586,2,5,op2> 5.576887734791983E-6
<587,29,9,op8> 0.0010809350420019608
<588,2,9,op2> 6.098362951551754E-6
<589,3,2,op1> 0.0012539784416329318
<590,1,0,op5> 6.051762134905398E-4
<591,17,3,op7> 2.230914906814296E-4
<592,18,3,op5> 0.0014517573502682904
<593,3,7,op1> 0.0017452223844214355
<594,0,4,op7> 0.0012513947329993627
<595,3,0,op2> 4.645818131768784E-6
<596,3,1,op2> 4.474280231518859E-6
<597,64,3,op7> 3.759968944069038E-4
<598,83,4,op4> 0.003046078063355853
<599,18,6,op1> 0.0010223533967969789
<600,15,1,op6> 1.7096647706545994E-5
<601,33,2,op7> 2.774220945652627E-4
<602,14,0,op8> 5.939668611945883E-4
<603,15,0,op5> 7.152082523070017E-4
<604,17,6,op1> 0.001010993914610346
<605,64,8,op7> 0.0043805541321593495
<606,44,6,op1> 0.0018061576676746626
<607,14,4,op7> 0.001508091088486411
<608,19,6,op1> 9.996344324237128E-4
<609,26,81,op8> 0.0014344812123898672
<610,16,3,op5> 0.0014840186247186968
<611,15,4,op7> 0.0014599605218325895
<612,16,2,op1> 0.0015382135550697294
<613,66,8,op7> 0.003942498718943414
<614,9,25,op2> 3.753630452802233E-6
<615,15,7,op2> 6.053191304485941E-6
<616,13,1,op6> 1.7472398205590956E-5
<617,15,8,op2> 7.510119870608631E-6
<618,69,8,op1> 0.0022236129785818716
<619,40,81,op8> 0.0013334614087004402
<620,15,9,op2> 7.30198721830539E-6
<621,107,21,op7> 0.001408310783711186
<622,15,3,op2> 5.012528042969733E-6
<623,15,4,op2> 7.093854566002148E-6
<624,15,5,op2> 6.677589261395665E-6
<625,15,6,op2> 6.261323956789182E-6
<626,17,2,op1> 0.0014880544174044124
<627,15,0,op2> 5.6369259998794575E-6
<628,15,2,op2> 5.220660695272973E-6
<629,15,1,op2> 5.428793347576215E-6
<630,0,2,op1> 0.001304137579298249
<631,67,3,op7> 3.358905590035007E-4
<632,14,1,op6> 1.7660273455113442E-5
<633,15,1,op4> 7.425558303732717E-4
<634,14,0,op5> 7.387865463391005E-4
<635,16,6,op1> 0.0010450723611702452
<636,23,2,op7> 3.252534901799632E-4
<637,23,3,op7> 1.7045192546446305E-4
<638,11,45,op2> 2.0659834108433937E-5
<639,9,89,op2> 1.162150214426543E-5
<640,24,0,op6> 2.2185013254358374E-5
<641,88,95,op2> 0.001097906135878036
<642,23,5,op8> 7.0362228172282E-4
<643,23,3,op5> 0.0010968833313138194
<644,22,2,op7> 3.204703506184931E-4
<645,49,8,op1> 0.0025506148871968525
<646,22,3,op7> 1.6794527950175035E-4
<647,21,2,op7> 4.6396453746259454E-4
<648,58,13,op7> 6.394982935322033E-4
<649,21,3,op7> 2.4314465838313112E-4
<650,23,6,op1> 7.724447886910508E-4
<651,21,3,op8> 5.275581445611827E-4
<652,54,79,op8> 0.0013176926366809175
<653,23,8,op1> 0.0011118064892909358
<654,20,2,op7> 4.687476770240645E-4
<655,20,3,op7> 2.4565130434584377E-4
<656,42,3,op5> 0.0010323607824130067
<657,41,6,op1> 7.383663421311514E-4
<658,21,3,op5> 0.001564671810844713
<659,20,3,op5> 0.0015808024480699163
<660,84,90,op2> 0.0012053684004011721
<661,21,6,op1> 0.0011018697721034106
<662,20,8,op1> 0.0016023093522134074
<663,45,11,op8> 0.001301697436940269
<664,46,13,op7> 7.0520017300469E-4
<665,44,12,op8> 0.0020909193390718363
<666,10,19,op2> 1.0093099453038603E-5
<667,45,13,op7> 6.920597971101928E-4
<668,47,12,op8> 0.0021040697751666276
<669,82,84,op2> 0.0014847702881613247
<670,48,13,op7> 6.876796718120269E-4
<671,101,1,op1> 0.0015917891649330676
<672,65,10,op8> 0.0017933580523065915
<673,57,50,op8> 0.00226072925322371
<674,42,13,op7> 2.803280190826097E-4
<675,40,11,op8> 5.437470306206186E-4
<676,41,13,op7> 2.8470814438077545E-4
<677,43,16,op8> 9.010020386736368E-4
<678,44,13,op7> 6.964399224083584E-4
<679,42,12,op8> 8.416279100666511E-4
<680,43,13,op7> 2.759478937844439E-4
<681,70,1,op8> 5.39919496872896E-4
<682,70,2,op8> 4.090872594298886E-4
<683,71,2,op8> 4.1205165986053994E-4
<684,71,1,op8> 5.438319569951634E-4
<685,10,10,op2> 1.5536568820969536E-5
<686,10,12,op2> 1.2270487200210975E-5
<687,64,63,op8> 0.0019756251598503074
<688,10,11,op2> 1.199831373181443E-5
<689,10,14,op2> 1.1726140263417882E-5
<690,10,13,op2> 1.1453966795021336E-5
<691,10,16,op2> 1.1181793326624788E-5
<692,10,15,op2> 1.0909619858228243E-5
<693,10,18,op2> 1.0637446389831694E-5
<694,10,17,op2> 1.0365272921435148E-5
<695,12,10,op2> 1.2533702578261137E-5
<696,10,30,op2> 7.643538237469683E-6
<697,11,20,op2> 1.0230329773238541E-5
<698,10,13,op8> 0.0012650920078675228
<699,74,2,op8> 4.209448611524941E-4
<700,74,1,op8> 5.555693373619655E-4
<701,10,28,op2> 6.010497427090403E-6
<702,11,18,op2> 8.492079050705974E-6
<703,11,13,op8> 0.0010099474012387787
<704,44,3,op8> 8.647602575796707E-4
<705,39,8,op1> 9.810057258449435E-4
<706,10,29,op2> 6.282670895486951E-6
<707,11,19,op2> 8.057516370072832E-6
<708,10,26,op2> 5.46615049029731E-6
<709,11,16,op2> 8.926641731339115E-6
<710,10,27,op2> 5.738323958693858E-6
<711,11,17,op2> 8.274797710389403E-6
<712,10,24,op2> 4.921803553504218E-6
<713,11,14,op2> 9.361204411972259E-6
<714,99,26,op7> 6.137484608940251E-4
<715,61,13,op7> 6.789194212156954E-4
<716,10,25,op2> 5.193977021900765E-6
<717,11,15,op2> 8.709360391022545E-6
<718,10,22,op2> 4.377456616711123E-6
<719,11,12,op2> 9.795767092605399E-6
<720,10,23,op2> 4.6496300851076715E-6
<721,11,13,op2> 9.143923071655686E-6
<722,11,10,op2> 1.240314317640425E-5
<723,10,20,op2> 1.281483413700407E-5
<724,11,11,op2> 9.578485752288828E-6
<725,10,21,op2> 1.2542660668607519E-5
<726,10,41,op2> 3.83310967991803E-6
<727,11,31,op2> 7.188391008806549E-6
<728,87,4,op4> 0.0031420175299182417
<729,13,11,op2> 9.376833420661696E-6
<730,12,21,op2> 1.01184489427422E-5
<731,13,10,op2> 1.2142024372690477E-5
<732,10,40,op2> 4.105283148314578E-6
<733,11,30,op2> 6.1019843072236964E-6
<734,12,20,op2> 1.0338017455062106E-5
<735,11,29,op2> 5.015577605640842E-6
<736,64,11,op8> 0.0012357887059559513
<737,10,39,op2> 2.4722423379352984E-6
<738,12,19,op2> 8.142332331863073E-6
<739,75,1,op8> 5.594817974842329E-4
<740,75,2,op8> 4.239092615831455E-4
<741,11,25,op2> 4.146452244374559E-6
<742,10,35,op2> 1.383548464349112E-6
<743,12,15,op2> 8.801037868822782E-6
<744,11,26,op2> 4.36373358469113E-6
<745,10,36,op2> 1.6557219327456586E-6
<746,12,16,op2> 9.020606381142686E-6
<747,11,27,op2> 4.581014925007701E-6
<748,10,37,op2> 2.7444158063318445E-6
<749,12,17,op2> 8.361900844182975E-6
<750,11,28,op2> 4.798296265324271E-6
<751,10,38,op2> 3.0165892747283915E-6
<752,12,18,op2> 8.581469356502879E-6
<753,10,31,op2> 9.004405579452415E-6
<754,12,11,op2> 9.679311918102394E-6
<755,8,45,op8> 0.002085280580378539
<756,11,21,op2> 1.0013048432921968E-5
<757,11,22,op2> 3.4946082234248457E-6
<758,10,32,op2> 8.46005864265932E-6
<759,12,12,op2> 9.898880430422299E-6
<760,11,23,op2> 3.711889563741418E-6
<761,10,33,op2> 1.9278954011422045E-6
<762,12,13,op2> 9.240174893462588E-6
<763,11,24,op2> 3.929170904057989E-6
<764,10,34,op2> 2.2000688695387514E-6
<765,12,14,op2> 9.459743405782492E-6
<766,13,22,op2> 3.421037523984323E-6
<767,11,42,op2> 2.8427642024751343E-6
<768,23,81,op8> 0.0013738693301762108
<769,12,32,op2> 6.824921257943653E-6
<770,14,12,op2> 9.6926537547885E-6
<771,10,52,op2> 2.7240027962021035E-5
<772,10,51,op2> 2.696785449362449E-5
<773,11,41,op2> 3.060045542791705E-6
<774,12,31,op2> 7.2640582825834606E-6
<775,14,11,op2> 9.477659586475262E-6
<776,13,21,op2> 9.802247413281504E-6
<777,14,10,op2> 1.2272583774547363E-5
<778,11,40,op2> 3.2773268831082764E-6
<779,12,30,op2> 6.1662157209839454E-6
<780,13,20,op2> 1.0014954409591415E-5
<781,10,50,op2> 2.8056548367210676E-5
<782,72,2,op8> 4.150160602911914E-4
<783,72,1,op8> 5.477444171174308E-4
<784,10,44,op2> 2.6151334088434856E-5
<785,4,40,op8> 3.307938519268322E-4
<786,12,24,op2> 3.970530597784915E-6
<787,11,34,op2> 1.7563575008922804E-6
<788,13,14,op2> 9.164126424351789E-6
<789,8,89,op2> 1.1756635890128978E-5
<790,10,45,op2> 2.58791606200383E-5
<791,12,25,op2> 4.190099110104817E-6
<792,11,35,op2> 1.1045134799425682E-6
<793,13,15,op2> 8.52600543542207E-6
<794,12,22,op2> 3.531393573145108E-6
<795,10,42,op2> 3.560936211521484E-6
<796,11,32,op2> 6.753828328173407E-6
<797,13,12,op2> 9.589540416971602E-6
<798,12,23,op2> 3.750962085465012E-6
<799,11,33,op2> 1.5390761605757096E-6
<800,10,43,op2> 3.288762743124938E-6
<801,13,13,op2> 8.951419428041882E-6
<802,10,48,op2> 2.560698715164176E-5
<803,12,28,op2> 4.848804647064527E-6
<804,11,38,op2> 2.408201521841993E-6
<805,13,18,op2> 8.313298439112165E-6
<806,10,49,op2> 2.533481368324521E-5
<807,12,29,op2> 5.06837315938443E-6
<808,11,39,op2> 1.973638841208851E-6
<809,13,19,op2> 7.887884446492353E-6
<810,10,46,op2> 2.669568102522794E-5
<811,39,2,op7> 2.869883736882028E-4
<812,12,26,op2> 4.409667622424721E-6
<813,11,36,op2> 1.321794820259139E-6
<814,13,16,op2> 8.738712431731978E-6
<815,10,47,op2> 2.6423507556831394E-5
<816,47,2,op7> 7.653023298352075E-4
<817,12,27,op2> 4.629236134744625E-6
<818,11,37,op2> 2.1909201815254216E-6
<819,47,8,op1> 0.0026160152689198492
<820,11,56,op2> 1.8487020705268234E-5
<821,13,17,op2> 8.100591442802257E-6
<822,11,51,op2> 2.152895946970022E-5
<823,10,61,op2> 2.5062640214848663E-5
<824,12,41,op2> 3.092256548505302E-6
<825,13,31,op2> 7.037056461252727E-6
<826,15,11,op2> 9.175181089034563E-6
<827,14,21,op2> 9.907647923101736E-6
<828,10,60,op2> 2.4790466746452114E-5
<829,15,10,op2> 1.1880905568976703E-5
<830,12,40,op2> 3.311825060825205E-6
<831,13,30,op2> 5.973521479703198E-6
<832,14,20,op2> 1.0122642091414979E-5
<833,11,50,op2> 2.2398084830966502E-5
<834,10,63,op2> 2.451829327805557E-5
<835,14,23,op2> 3.672817042017824E-6
<836,13,33,op2> 1.506674557195168E-6
<837,12,43,op2> 2.6531195238654956E-6
<838,15,13,op2> 8.75891578442808E-6
<839,11,53,op2> 2.1963522150333363E-5
<840,10,62,op2> 2.4246119809659025E-5
<841,14,22,op2> 3.457822873704585E-6
<842,12,42,op2> 2.872688036185399E-6
<843,13,32,op2> 6.611642468632915E-6
<844,15,12,op2> 9.383313741337804E-6
<845,11,52,op2> 2.174624081001679E-5
<846,73,1,op8> 5.516568772396981E-4
<847,13,23,op2> 3.63374452029423E-6
<848,12,33,op2> 1.5552769622659798E-6
<849,11,43,op2> 2.6254828621585637E-6
<850,14,13,op2> 9.047671249848784E-6
<851,10,53,op2> 2.7512201430417583E-5
<852,11,44,op2> 2.087711544875051E-5
<853,13,24,op2> 3.846451516604136E-6
<854,12,34,op2> 1.7748454745858833E-6
<855,14,14,op2> 9.262665418162024E-6
<856,37,6,op1> 6.929284133846192E-4
<857,10,54,op2> 2.778437489881413E-5
<858,10,55,op2> 2.342959940446938E-5
<859,13,25,op2> 4.059158512914042E-6
<860,12,35,op2> 1.1161399376261741E-6
<861,14,15,op2> 8.617682913222309E-6
<862,11,46,op2> 2.1311678129383647E-5
<863,10,56,op2> 2.315742593607284E-5
<864,13,26,op2> 4.271865509223949E-6
<865,12,36,op2> 1.3357084499460774E-6
<866,14,16,op2> 8.832677081535545E-6
<867,11,47,op2> 2.109439678906708E-5
<868,10,57,op2> 2.2885252467676294E-5
<869,13,27,op2> 4.484572505533855E-6
<870,12,37,op2> 2.2139824992256894E-6
<871,14,17,op2> 8.18769457659583E-6
<872,11,48,op2> 2.044255276811737E-5
<873,10,58,op2> 2.2613078999279745E-5
<874,46,3,op5> 0.00259703259325772
<875,13,28,op2> 4.69727950184376E-6
<876,12,38,op2> 2.433551011545593E-6
<877,14,18,op2> 8.402688744909069E-6
<878,11,49,op2> 2.0225271427800795E-5
<879,10,59,op2> 2.2340905530883197E-5
<880,13,29,op2> 4.9099864981536665E-6
<881,12,39,op2> 1.9944139869057866E-6
<882,14,19,op2> 7.972700408282594E-6
<883,24,2,op7> 3.300366297414333E-4
<884,78,2,op8> 3.6462125297011814E-4
<885,25,0,op6> 2.2506535185580956E-5
<886,24,25,op2> 4.101476429299679E-4
<887,24,9,op8> 0.0010078988905153417
<888,24,3,op8> 3.752733193270269E-4
<889,79,2,op8> 3.616568525394667E-4
<890,79,1,op8> 4.773201349166183E-4
<891,25,2,op7> 3.3481976930290326E-4
<892,25,3,op8> 3.807120630853897E-4
<893,25,1,op8> 0.003437243673788234
<894,34,2,op7> 2.822052341267328E-4
<895,26,0,op6> 2.2828057116803544E-5
<896,26,2,op7> 3.3960290886437335E-4
<897,76,1,op8> 5.633942576065002E-4
<898,76,2,op8> 4.2687366201379684E-4
<899,27,0,op6> 2.314957904802613E-5
<900,26,9,op8> 0.0010371133511099893
<901,27,2,op7> 3.4438604842584343E-4
<902,77,2,op8> 3.675856534007695E-4
<903,77,1,op8> 4.85145055161153E-4
<904,28,0,op6> 2.347110097924871E-5
<905,33,3,op8> 3.154471379850371E-4
<906,27,3,op8> 3.91589550602115E-4
<907,29,0,op6> 2.3792622910471297E-5
<908,28,9,op8> 0.0010663278117046368
<909,29,2,op7> 3.539523275487835E-4
<910,30,0,op6> 2.5400232566584223E-5
<911,32,0,op6> 2.636479836025198E-5
<912,80,2,op8> 3.79443255123375E-4
<913,31,3,op8> 4.568544757024676E-4
<914,52,13,op7> 7.139604236010216E-4
<915,30,9,op8> 0.0011539711934885797
<916,31,2,op7> 4.017837231634839E-4
<917,31,0,op6> 2.7007842222697146E-5
<918,30,3,op8> 4.296607569106541E-4
<919,18,55,op8> 0.0018879008234277221
<920,30,2,op7> 3.778680253561337E-4
<921,34,0,op6> 1.8969793942132518E-5
<922,32,9,op8> 0.001197792884380551
<923,36,6,op1> 6.474904846380867E-4
<924,32,3,op8> 4.4597698818574217E-4
<925,33,0,op6> 1.8648272010909936E-5
<926,32,2,op7> 3.922174440405438E-4
<927,51,13,op7> 7.095802983028559E-4
<928,35,3,op8> 3.0456965046831173E-4
<929,35,2,op7> 2.6785581544232256E-4
<930,38,8,op1> 0.0010137059167064416
<931,42,8,op1> 0.0010464061075679395
<932,35,0,op6> 1.8005228148464765E-5
<933,33,9,op8> 8.472193572447801E-4
<934,20,11,op8> 8.073819545578881E-4
<935,13,48,op2> 2.0012183236157002E-5
<936,12,58,op2> 1.8242483898578616E-5
<937,11,68,op2> 1.609692596178595E-5
<938,10,78,op2> 1.662526269455572E-5
<939,15,28,op2> 4.59626273836325E-6
<940,14,38,op2> 2.382852032138393E-6
<941,13,47,op2> 2.065030422508672E-5
<942,12,57,op2> 1.8462052410898518E-5
<943,11,67,op2> 1.544508194083624E-5
<944,10,77,op2> 1.6897436162952267E-5
<945,15,27,op2> 4.3881300860600085E-6
<946,14,37,op2> 2.1678578638251543E-6
<947,13,46,op2> 2.0863011221396625E-5
<948,12,56,op2> 1.8681620923218423E-5
<949,10,76,op2> 2.206873206248665E-5
<950,11,66,op2> 1.5662363281152807E-5
<951,15,26,op2> 4.1799974337567665E-6
<952,14,36,op2> 1.3078811905722008E-6
<953,13,45,op2> 2.0224890232466908E-5
<954,11,65,op2> 1.9138864726217943E-5
<955,66,11,op8> 0.0011122098353603563
<956,12,55,op2> 1.8901189435538322E-5
<957,10,75,op2> 2.1796558594090104E-5
<958,15,25,op2> 3.971864781453525E-6
<959,14,35,op2> 1.0928870222589622E-6
<960,56,13,op7> 6.48258544128535E-4
<961,108,20,op7> 0.001438870873050308
<962,13,13,op8> 9.886853506863834E-4
<963,13,49,op2> 1.9799476239847096E-5
<964,12,59,op2> 1.8022915386258714E-5
<965,11,69,op2> 1.587964462146938E-5
<966,47,3,op5> 0.002580901956032516
<967,10,79,op2> 1.635308922615917E-5
<968,15,29,op2> 4.804395390666492E-6
<969,38,3,op5> 0.0010000995079626003
<970,14,39,op2> 1.952863695511916E-6
<971,12,60,op2> 1.999903199713784E-5
<972,5,13,op8> 8.823750979244068E-4
<973,11,70,op2> 1.6314207302102523E-5
<974,10,80,op2> 1.7713956568141904E-5
<975,14,40,op2> 3.242828705391347E-6
<976,15,30,op2> 5.845058652182699E-6
<977,13,50,op2> 2.1926546202946157E-5
<978,13,51,op2> 2.1075718217706534E-5
<979,12,61,op2> 2.0218600509457744E-5
<980,11,71,op2> 1.653148864241909E-5
<981,10,81,op2> 1.7986130036538456E-5
<982,14,41,op2> 3.027834537078108E-6
<983,15,31,op2> 6.885721913698906E-6
<984,14,44,op2> 2.065735633876366E-5
<985,12,64,op2> 1.9120757947858227E-5
<986,11,74,op2> 1.7183332663368804E-5
<987,10,84,op2> 1.8802650441728094E-5
<988,15,34,op2> 1.6824056061178686E-6
<989,13,54,op2> 2.171383920663625E-5
<990,95,15,op7> 0.001224950247676457
<991,14,45,op2> 2.044236217045042E-5
<992,12,65,op2> 1.9340326460178133E-5
<993,13,55,op2> 1.831052726567775E-5
<994,11,75,op2> 1.7400614003685375E-5
<995,10,85,op2> 1.9074823910124642E-5
<996,15,35,op2> 1.0580076492081443E-6
<997,12,62,op2> 1.9559894972498035E-5
<998,11,72,op2> 1.6748769982735665E-5
<999,10,82,op2> 1.7169609631348815E-5
<1000,14,42,op2> 2.81284036876487E-6
<1001,15,32,op2> 6.469456609092422E-6
<1002,13,52,op2> 2.1288425214016436E-5
<1003,22,13,op7> 2.9346839497710703E-4
<1004,12,63,op2> 1.9779463484817937E-5
<1005,11,73,op2> 1.6966051323052236E-5
<1006,10,83,op2> 1.7441783099745363E-5
<1007,15,33,op2> 1.474272953814627E-6
<1008,14,43,op2> 2.597846200451632E-6
<1009,13,53,op2> 2.1501132210326345E-5
<1010,12,45,op2> 2.087730604641745E-5
<1011,10,65,op2> 2.397394634126248E-5
<1012,91,93,op2> 0.0011408910416872903
<1013,11,55,op2> 1.8704302045584798E-5
<1014,14,25,op2> 4.1028053786443004E-6
<1015,13,35,op2> 1.0812605645753563E-6
<1016,15,15,op2> 8.342650479821597E-6
<1017,12,44,op2> 2.109687455873736E-5
<1018,10,64,op2> 2.3701772872865928E-5
<1019,14,24,op2> 3.887811210331062E-6
<1020,13,34,op2> 1.7193815535050744E-6
<1021,15,14,op2> 8.967048436731321E-6
<1022,11,54,op2> 2.2180803490649934E-5
<1023,12,47,op2> 2.1316443071057258E-5
<1024,11,57,op2> 1.826973936495166E-5
<1025,10,67,op2> 1.9346997378521187E-5
<1026,14,27,op2> 4.532793715270778E-6
<1027,13,37,op2> 2.144795546124887E-6
<1028,15,17,op2> 7.926385175215113E-6
<1029,12,46,op2> 2.153601158337716E-5
<1030,10,66,op2> 1.961917084691773E-5
<1031,14,26,op2> 4.317799546957539E-6
<1032,13,36,op2> 1.2939675608852626E-6
<1033,15,16,op2> 8.550783132124837E-6
<1034,12,49,op2> 2.0438169021777643E-5
<1035,11,59,op2> 1.783517668431852E-5
<1036,10,69,op2> 1.989134431531428E-5
<1037,14,29,op2> 4.962782051897255E-6
<1038,13,39,op2> 1.9320885498149808E-6
<1039,15,19,op2> 7.718252522911872E-6
<1040,12,48,op2> 2.065773753409755E-5
<1041,10,68,op2> 2.0163517783710825E-5
<1042,24,25,op8> 4.185181883494176E-4
<1043,14,28,op2> 4.7477878835840155E-6
<1044,13,38,op2> 2.3575025424347934E-6
<1045,15,18,op2> 8.134517827518355E-6
<1046,67,11,op8> 0.0011039712439873163
<1047,55,13,op7> 6.526386694267007E-4
<1048,54,11,op8> 0.0013593675765515465
<1049,11,60,op2> 1.9790708747167653E-5
<1050,10,70,op2> 2.0435691252107373E-5
<1051,13,40,op2> 3.2083305276744175E-6
<1052,14,30,op2> 6.037752893463447E-6
<1053,15,20,op2> 9.799579045944288E-6
<1054,12,50,op2> 2.263385414497668E-5
<1055,12,51,op2> 2.1755580095697065E-5
<1056,11,61,op2> 2.0007990087484227E-5
<1057,10,71,op2> 2.0707864720503918E-5
<1058,13,41,op2> 2.9956235313645114E-6
<1059,14,31,op2> 7.1127237350296384E-6
<1060,15,21,op2> 9.591446393641044E-6
<1061,10,72,op2> 2.098003818890047E-5
<1062,15,22,op2> 3.3474668245438E-6
<1063,9,13,op8> 9.142681737529997E-4
<1064,13,42,op2> 2.7829165350546057E-6
<1065,14,32,op2> 6.682735398403161E-6
<1066,12,52,op2> 2.1975148608016967E-5
<1067,11,63,op2> 1.9573427406851085E-5
<1068,10,73,op2> 2.1252211657297014E-5
<1069,15,23,op2> 3.555599476847043E-6
<1070,14,33,op2> 1.5228753588854387E-6
<1071,13,43,op2> 2.570209538744699E-6
<1072,12,53,op2> 2.2194717120336872E-5
<1073,13,44,op2> 2.0437597228776817E-5
<1074,11,64,op2> 1.8921583385901372E-5
<1075,10,74,op2> 2.152438512569356E-5
<1076,15,24,op2> 3.763732129150284E-6
<1077,14,34,op2> 1.7378695271986773E-6
<1078,12,54,op2> 2.2414285632656774E-5
<1079,15,13,op8> 9.674233001339881E-4
<1080,15,49,op2> 1.9373681051893394E-5
<1081,14,59,op2> 1.7647437982378327E-5
<1082,13,69,op2> 1.5545336313648972E-5
<1083,12,79,op2> 1.3192408115220843E-5
<1084,11,89,op2> 1.2837705857037392E-5
<1085,15,48,op2> 1.958181370419664E-5
<1086,14,58,op2> 1.786243215069156E-5
<1087,13,68,op2> 1.5758043309958878E-5
<1088,12,78,op2> 1.3411976627540748E-5
<1089,11,88,op2> 1.2620424516720817E-5
<1090,10,98,op2> 1.3087007605400615E-5
<1091,15,47,op2> 2.0206211661106362E-5
<1092,14,57,op2> 1.80774263190048E-5
<1093,13,67,op2> 1.5119922321029164E-5
<1094,21,61,op8> 0.0020194873280616
<1095,11,87,op2> 1.479323791988653E-5
<1096,12,77,op2> 1.3631545139860652E-5
<1097,10,97,op2> 1.3359181073797163E-5
<1098,54,13,op7> 7.22720674197353E-4
<1099,16,13,op7> 4.0297152743125147E-4
<1100,110,18,op7> 0.0011943901583373352
<1101,15,56,op2> 1.7708619833467464E-5
<1102,13,76,op2> 1.724699228412822E-5
<1103,14,66,op2> 1.5497496299245937E-5
<1104,12,86,op2> 1.4729387701460163E-5
<1105,11,96,op2> 1.0882173794188256E-5
<1106,15,57,op2> 1.7500487181164224E-5
<1107,14,67,op2> 1.5282502130932703E-5
<1108,12,87,op2> 1.494895621378007E-5
<1109,46,8,op1> 0.002632365364350598
<1110,13,77,op2> 1.3205559354240006E-5
<1111,11,97,op2> 1.0664892453871681E-5
<1112,14,64,op2> 1.8722408823944514E-5
<1113,13,74,op2> 1.6821578291508406E-5
<1114,12,84,op2> 1.5168524726099971E-5
<1115,11,94,op2> 1.1316736474821396E-5
<1116,15,54,op2> 2.1246874922622568E-5
<1117,14,65,op2> 1.8937402992257754E-5
<1118,15,55,op2> 1.79167524857707E-5
<1119,13,75,op2> 1.7034285287818315E-5
<1120,12,85,op2> 1.5388093238419876E-5
<1121,11,95,op2> 1.1099455134504822E-5
<1122,14,62,op2> 1.915239716057099E-5
<1123,13,72,op2> 1.6396164298888598E-5
<1124,12,82,op2> 1.3851113652180554E-5
<1125,11,92,op2> 1.1751299155454538E-5
<1126,15,52,op2> 2.0830609618016087E-5
<1127,14,63,op2> 1.936739132888423E-5
<1128,13,73,op2> 1.6608871295198507E-5
<1129,12,83,op2> 1.407068216450046E-5
<1130,11,93,op2> 1.1534017815137962E-5
<1131,15,53,op2> 2.103874227031933E-5
<1132,14,60,op2> 1.958238549719747E-5
<1133,13,70,op2> 1.5970750306268787E-5
<1134,12,80,op2> 1.4290250676820356E-5
<1135,85,4,op4> 0.0031899872631994362
<1136,43,8,op1> 0.0010300560121371905
<1137,11,90,op2> 1.2185861836087679E-5
<1138,15,50,op2> 2.145500757492581E-5
<1139,20,81,op8> 0.0019799881523127746
<1140,15,51,op2> 2.0622476965712843E-5
<1141,14,61,op2> 1.9797379665510707E-5
<1142,13,71,op2> 1.6183457302578693E-5
<1143,12,81,op2> 1.4509819189140263E-5
<1144,56,12,op8> 0.0019462645420291306
<1145,11,91,op2> 1.1968580495771108E-5
<1146,53,11,op8> 0.0013511289851785068
<1147,13,57,op2> 1.788511327305794E-5
<1148,12,67,op2> 1.560766175073978E-5
<1149,10,87,op2> 1.853047697333155E-5
<1150,11,77,op2> 1.3489549877987101E-5
<1151,15,37,op2> 2.0986709107243517E-6
<1152,14,46,op2> 2.1087344675390134E-5
<1153,13,56,op2> 1.8097820269367847E-5
<1154,11,76,op2> 1.7617895344001943E-5
<1155,12,66,op2> 1.582723026305968E-5
<1156,10,86,op2> 1.8258303504934997E-5
<1157,15,36,op2> 1.2661403015113858E-6
<1158,14,49,op2> 2.0012373833823944E-5
<1159,13,59,op2> 1.745969928043813E-5
<1160,9,78,op2> 1.2014895728838589E-5
<1161,12,69,op2> 1.6046798775379582E-5
<1162,11,79,op2> 1.305498719735396E-5
<1163,10,89,op2> 1.608091575776263E-5
<1164,15,39,op2> 1.8905382584211103E-6
<1165,43,6,op1> 7.156473777578852E-4
<1166,14,48,op2> 2.0227368002137187E-5
<1167,13,58,op2> 1.7672406276748036E-5
<1168,12,68,op2> 1.6266367287699488E-5
<1169,11,78,op2> 1.3272268537670532E-5
<1170,10,88,op2> 1.5808742289366077E-5
<1171,15,38,op2> 2.3068035630275938E-6
<1172,48,8,op1> 0.002566964982627602
<1173,53,13,op7> 7.183405488991873E-4
<1174,13,63,op2> 1.916135525091738E-5
<1175,12,73,op2> 1.7144641336979102E-5
<1176,11,83,op2> 1.3924112558620247E-5
<1177,10,93,op2> 1.4447874947383346E-5
<1178,15,43,op2> 2.514936215330835E-6
<1179,14,53,op2> 2.1732327180329854E-5
<1180,15,44,op2> 1.999807900880312E-5
<1181,13,64,op2> 1.852323426198766E-5
<1182,12,74,op2> 1.7364209849299E-5
<1183,11,84,op2> 1.5010519260203099E-5
<1184,10,94,op2> 1.4175701478986803E-5
<1185,14,54,op2> 2.194732134864309E-5
<1186,15,45,op2> 1.9789946356499878E-5
<1187,13,65,op2> 1.8735941258297564E-5
<1188,14,55,op2> 1.8507414655631274E-5
<1189,12,75,op2> 1.7583778361618906E-5
<1190,11,85,op2> 1.522780060051967E-5
<1191,10,95,op2> 1.3903528010590253E-5
<1192,15,46,op2> 2.04143443134096E-5
<1193,5,91,op2> 1.0456759801568441E-5
<1194,14,56,op2> 1.829242048731804E-5
<1195,12,76,op2> 1.7803346873938805E-5
<1196,13,66,op2> 1.5332629317339066E-5
<1197,11,86,op2> 1.4575956579569953E-5
<1198,67,13,op7> 5.869367899542141E-4
<1199,10,96,op2> 1.363135454219371E-5
<1200,13,60,op2> 1.937406224722728E-5
<1201,12,70,op2> 1.648593580001939E-5
<1202,11,80,op2> 1.4141393898936813E-5
<1203,10,90,op2> 1.5264395352572987E-5
<1204,15,40,op2> 3.1393341722405595E-6
<1205,14,50,op2> 2.216231551695633E-5
<1206,14,51,op2> 2.1302338843703374E-5
<1207,13,61,op2> 1.958676924353719E-5
<1208,12,71,op2> 1.6705504312339295E-5
<1209,11,81,op2> 1.4358675239253386E-5
<1210,10,91,op2> 1.499222188417644E-5
<1211,15,41,op2> 2.9312015199373174E-6
<1212,12,72,op2> 1.6925072824659197E-5
<1213,11,82,op2> 1.3706831218303674E-5
<1214,10,92,op2> 1.4720048415779896E-5
<1215,15,42,op2> 2.7230688676340762E-6
<1216,14,52,op2> 2.1517333012016614E-5
<1217,15,69,op2> 1.5211028005828565E-5
<1218,14,79,op2> 1.2917566279487074E-5
<1219,13,89,op2> 1.2567438365310289E-5
<1220,15,75,op2> 1.6667956571951256E-5
<1221,14,85,op2> 1.5067507962619461E-5
<1222,13,95,op2> 1.0865782394831036E-5
<1223,15,74,op2> 1.6459823919648015E-5
<1224,14,84,op2> 1.4852513794306221E-5
<1225,13,94,op2> 1.1078489391140945E-5
<1226,15,73,op2> 1.6251691267344775E-5
<1227,14,83,op2> 1.3777542952740033E-5
<1228,13,93,op2> 1.129119638745085E-5
<1229,15,72,op2> 1.6043558615041535E-5
<1230,14,82,op2> 1.3562548784426793E-5
<1231,13,92,op2> 1.1503903383760757E-5
<1232,15,79,op2> 1.2505303525886425E-5
<1233,14,89,op2> 1.2702572111173841E-5
<1234,15,78,op2> 1.271343617818967E-5
<1235,14,88,op2> 1.24875779428606E-5
<1236,13,98,op2> 1.022766140590132E-5
<1237,14,87,op2> 1.4637519625992986E-5
<1238,15,77,op2> 1.2921568830492909E-5
<1239,13,97,op2> 1.0440368402211225E-5
<1240,15,76,op2> 1.6876089224254496E-5
<1241,14,86,op2> 1.4422525457679745E-5
<1242,13,96,op2> 1.0653075398521134E-5
<1243,18,13,op7> 3.9421127683491984E-4
<1244,15,71,op2> 1.583542596273829E-5
<1245,14,81,op2> 1.420753128936651E-5
<1246,13,91,op2> 1.1716610380070663E-5
<1247,15,70,op2> 1.562729331043505E-5
<1248,14,80,op2> 1.3992537121053266E-5
<1249,13,90,op2> 1.192931737638057E-5
<1250,15,58,op2> 1.729235452886098E-5
<1251,14,68,op2> 1.5927484635872413E-5
<1252,13,78,op2> 1.29928523579301E-5
<1253,12,88,op2> 1.2753271090581037E-5
<1254,11,98,op2> 1.044761111355511E-5
<1255,15,59,op2> 1.708422187655774E-5
<1256,14,69,op2> 1.5712490467559177E-5
<1257,13,79,op2> 1.2780145361620191E-5
<1258,12,89,op2> 1.2972839602900944E-5
<1259,59,13,op7> 6.351181682340376E-4
<1260,19,13,op7> 3.854510262385883E-4
<1261,15,62,op2> 1.854115044268043E-5
<1262,14,72,op2> 1.6572467140812133E-5
<1263,12,92,op2> 1.1874997041301426E-5
<1264,4,60,op2> 1.7707476247465795E-5
<1265,15,61,op2> 1.9165548399590154E-5
<1266,14,71,op2> 1.6357472972498893E-5
<1267,13,81,op2> 1.4056387339479632E-5
<1268,12,91,op2> 1.209456555362133E-5
<1269,15,64,op2> 1.8124885138073945E-5
<1270,14,74,op2> 1.7002455477438607E-5
<1271,13,84,op2> 1.469450832840935E-5
<1272,12,94,op2> 1.1435860016661622E-5
<1273,15,63,op2> 1.874928309498367E-5
<1274,14,73,op2> 1.6787461309125374E-5
<1275,13,83,op2> 1.3630973346859819E-5
<1276,12,93,op2> 1.165542852898152E-5
<1277,14,76,op2> 1.7432443814065084E-5
<1278,15,66,op2> 1.5002895353525324E-5
<1279,101,28,op7> 6.748686395722682E-4
<1280,13,86,op2> 1.4269094335789534E-5
<1281,12,96,op2> 1.0996722992021816E-5
<1282,15,65,op2> 1.833301779037719E-5
<1283,14,75,op2> 1.7217449645751847E-5
<1284,13,85,op2> 1.4907215324719255E-5
<1285,12,95,op2> 1.1216291504341714E-5
<1286,15,68,op2> 1.5419160658131803E-5
<1287,14,78,op2> 1.3132560447800316E-5
<1288,13,88,op2> 1.2354731369000378E-5
<1289,12,98,op2> 1.0557585967382007E-5
<1290,15,67,op2> 1.4794762701222084E-5
<1291,13,87,op2> 1.4481801332099445E-5
<1292,14,77,op2> 1.3347554616113555E-5
<1293,12,97,op2> 1.0777154479701912E-5
<1294,58,10,op8> 0.001733975335342797
<1295,8,73,op2> 1.553733121163731E-5
<1296,17,13,op7> 3.8983115153675416E-4
<1297,15,60,op2> 1.8957415747286913E-5
<1298,14,70,op2> 1.6142478804185653E-5
<1299,13,80,op2> 1.3843680343169723E-5
<1300,12,90,op2> 1.2314134065941233E-5
<1301,15,98,op2> 1.0007711698247528E-5
<1302,15,97,op2> 1.0215844350550772E-5
<1303,15,96,op2> 1.0423977002854012E-5
<1304,51,76,op8> 0.0017782454028994902
<1305,15,95,op2> 1.0632109655157251E-5
<1306,15,94,op2> 1.0840242307460496E-5
<1307,15,93,op2> 1.1048374959763733E-5
<1308,15,92,op2> 1.1256507612066979E-5
<1309,57,12,op8> 0.0019331141059343393
<1310,15,91,op2> 1.1464640264370218E-5
<1311,15,90,op2> 1.1672772916673461E-5
<1312,57,13,op7> 6.438784188303691E-4
<1313,15,88,op2> 1.208903822127994E-5
<1314,102,27,op7> 6.443085502331467E-4
<1315,14,98,op2> 1.0337636259728216E-5
<1316,15,87,op2> 1.417036474431236E-5
<1317,14,97,op2> 1.0552630428041456E-5
<1318,15,89,op2> 1.2297170873583186E-5
<1319,15,84,op2> 1.43784973966156E-5
<1320,14,94,op2> 1.119761293298117E-5
<1321,15,83,op2> 1.3337834135099395E-5
<1322,14,93,op2> 1.1412607101294406E-5
<1323,15,86,op2> 1.3962232092009114E-5
<1324,14,96,op2> 1.0767624596354694E-5
<1325,45,3,op5> 0.00254864068158211
<1326,15,85,op2> 1.4586630048918844E-5
<1327,14,95,op2> 1.0982618764667929E-5
<1328,15,80,op2> 1.3545966787402631E-5
<1329,14,90,op2> 1.2057589606234123E-5
<1330,15,82,op2> 1.3129701482796152E-5
<1331,14,92,op2> 1.1627601269607648E-5
<1332,86,2,op8> 3.853720559846777E-4
<1333,15,81,op2> 1.3754099439705877E-5
<1334,14,91,op2> 1.1842595437920886E-5
<1335,0,18,op2> 6.97244385215859E-6
<1336,0,19,op2> 6.615645019638748E-6
<1337,0,16,op2> 7.329242684678433E-6
<1338,0,17,op2> 6.794044435898668E-6
<1339,0,15,op2> 7.150843268418512E-6
<1340,0,13,op2> 7.507642100938354E-6
<1341,0,10,op2> 1.0183633344837176E-5
<1342,0,11,op2> 7.864440933458197E-6
<1343,82,4,op4> 0.003022093196715255
<1344,20,13,op7> 4.29252279220246E-4
<1345,80,1,op8> 5.007948956502224E-4
<1346,81,1,op8> 5.047073557724899E-4
<1347,82,2,op8> 3.7351445426207216E-4
<1348,82,1,op8> 4.929699754056876E-4
<1349,83,1,op8> 4.968824355279551E-4
<1350,83,2,op8> 3.7647885469272363E-4
<1351,0,59,op2> 1.4643618751335206E-5
<1352,3,29,op2> 3.959666530769086E-6
<1353,2,39,op2> 1.5789110729670812E-6
<1354,4,19,op2> 7.209356752170431E-6
<1355,1,48,op2> 1.656922698047408E-5
<1356,0,58,op2> 1.4822018167595129E-5
<1357,3,28,op2> 3.788128630519162E-6
<1358,2,38,op2> 1.9265612174735945E-6
<1359,4,18,op2> 7.598175992736925E-6
<1360,1,47,op2> 1.7097563713243842E-5
<1361,0,57,op2> 1.500041758385505E-5
<1362,3,27,op2> 3.616590730269238E-6
<1363,2,37,op2> 1.7527361452203375E-6
<1364,4,17,op2> 7.4037663724536765E-6
<1365,1,46,op2> 1.7273675957500428E-5
<1366,0,56,op2> 1.5178817000114972E-5
<1367,3,26,op2> 3.4450528300193137E-6
<1368,2,36,op2> 1.0574358562073114E-6
<1369,4,16,op2> 7.986995233303419E-6
<1370,1,45,op2> 1.6745339224730665E-5
<1371,0,55,op2> 1.5357216416374888E-5
<1372,3,25,op2> 3.273514929769389E-6
<1373,2,35,op2> 8.836107839540547E-7
<1374,4,15,op2> 7.792585613020173E-6
<1375,5,38,op8> 2.430695155042469E-4
<1376,1,44,op2> 1.692145146898726E-5
<1377,3,24,op2> 3.101977029519465E-6
<1378,2,34,op2> 1.4050860007138242E-6
<1379,4,14,op2> 8.375814473869916E-6
<1380,88,1,op8> 4.6949521467208355E-4
<1381,0,54,op2> 1.8211607076533634E-5
<1382,3,22,op2> 2.7589012290196157E-6
<1383,1,42,op2> 2.304135195690372E-6
<1384,2,32,op2> 5.403062662538726E-6
<1385,4,12,op2> 8.76463371443641E-6
<1386,0,52,op2> 1.785480824401379E-5
<1387,3,23,op2> 2.9304391292695406E-6
<1388,2,33,op2> 1.2312609284605677E-6
<1389,109,19,op7> 0.001133269979659092
<1390,1,43,op2> 2.128022951433783E-6
<1391,4,13,op2> 8.181404853586668E-6
<1392,0,53,op2> 1.8033207660273713E-5
<1393,4,10,op2> 1.1097549157835382E-5
<1394,1,40,op2> 2.6563596842035505E-6
<1395,2,30,op2> 4.881587445778958E-6
<1396,3,20,op2> 8.076576136767272E-6
<1397,0,50,op2> 1.839000649279355E-5
<1398,0,51,op2> 1.767640882775387E-5
<1399,1,41,op2> 2.4802474399469606E-6
<1400,2,31,op2> 5.75071280704524E-6
<1401,4,11,op2> 8.570224094153164E-6
<1402,3,21,op2> 7.905038236517344E-6
<1403,84,2,op8> 3.913008568459804E-4
<1404,0,48,op2> 1.6784411746454264E-5
<1405,2,28,op2> 3.838637012259417E-6
<1406,1,38,op2> 1.9519107071771945E-6
<1407,3,18,op2> 6.704272934767875E-6
<1408,47,3,op8> 8.701990013380335E-4
<1409,0,47,op2> 1.7319609995234023E-5
<1410,2,27,op2> 3.664811940006161E-6
<1411,1,37,op2> 1.7757984629206053E-6
<1412,3,17,op2> 6.5327350345179505E-6
<1413,0,49,op2> 1.660601233019434E-5
<1414,2,29,op2> 4.0124620845126745E-6
<1415,1,39,op2> 1.5996862186640165E-6
<1416,3,19,op2> 6.361197134268027E-6
<1417,0,44,op2> 1.7141210578974106E-5
<1418,2,24,op2> 3.1433367232463912E-6
<1419,1,34,op2> 1.4235739744074273E-6
<1420,3,14,op2> 7.390424535767573E-6
<1421,2,23,op2> 2.9695116509931345E-6
<1422,1,33,op2> 1.2474617301508384E-6
<1423,0,43,op2> 2.1556596131407158E-6
<1424,3,13,op2> 7.218886635517648E-6
<1425,0,46,op2> 1.7498009411493944E-5
<1426,2,26,op2> 3.490986867752904E-6
<1427,1,36,op2> 1.0713494858942496E-6
<1428,3,16,op2> 7.047348735267724E-6
<1429,0,45,op2> 1.6962811162714182E-5
<1430,2,25,op2> 3.3171617954996476E-6
<1431,1,35,op2> 8.952372416376605E-7
<1432,3,15,op2> 6.875810835017799E-6
<1433,25,26,op2> 4.31640095834595E-4
<1434,23,11,op8> 5.602242133666979E-4
<1435,3,10,op2> 9.791955139266515E-6
<1436,63,13,op7> 6.701591706193638E-4
<1437,0,40,op2> 2.69085786192048E-6
<1438,1,30,op2> 4.945818859539207E-6
<1439,2,20,op2> 8.184263818590834E-6
<1440,22,24,op8> 3.965871042437713E-4
<1441,0,41,op2> 2.5124584456605582E-6
<1442,1,31,op2> 5.826380080822151E-6
<1443,3,11,op2> 7.561962436017497E-6
<1444,2,21,op2> 8.010438746337575E-6
<1445,2,22,op2> 2.7956865787398773E-6
<1446,0,42,op2> 2.334059029400637E-6
<1447,1,32,op2> 5.474155592308973E-6
<1448,3,12,op2> 7.733500336267421E-6
<1449,85,1,op8> 5.203571962615594E-4
<1450,1,25,op2> 3.3608086612299064E-6
<1451,0,35,op2> 9.068636993212667E-7
<1452,2,15,op2> 6.967488312818036E-6
<1453,1,24,op2> 3.184696416973317E-6
<1454,0,34,op2> 1.4420619481010304E-6
<1455,2,14,op2> 7.488963529577807E-6
<1456,1,23,op2> 3.0085841727167284E-6
<1457,0,33,op2> 1.263662531841109E-6
<1458,2,13,op2> 7.31513845732455E-6
<1459,1,22,op2> 2.8324719284601386E-6
<1460,0,32,op2> 5.545248522079219E-6
<1461,2,12,op2> 7.83661367408432E-6
<1462,1,29,op2> 4.065257638256262E-6
<1463,0,39,op2> 1.6204613643609517E-6
<1464,2,19,op2> 6.446013096058267E-6
<1465,1,28,op2> 3.889145393999672E-6
<1466,0,38,op2> 1.9772601968807946E-6
<1467,2,18,op2> 6.79366324056478E-6
<1468,1,27,op2> 3.7130331497430844E-6
<1469,0,37,op2> 1.798860780620873E-6
<1470,2,17,op2> 6.619838168311523E-6
<1471,1,26,op2> 3.536920905486495E-6
<1472,0,36,op2> 1.085263115581188E-6
<1473,2,16,op2> 7.141313385071293E-6
<1474,21,13,op7> 4.2487215392208034E-4
<1475,2,10,op2> 9.9225145411234E-6
<1476,0,30,op2> 5.0100502732994575E-6
<1477,1,20,op2> 8.291951500414398E-6
<1478,0,31,op2> 5.902047354599062E-6
<1479,39,6,op1> 6.815689311979858E-4
<1480,2,11,op2> 7.662788601831062E-6
<1481,1,21,op2> 8.115839256157806E-6
<1482,0,22,op2> 2.8692572781804003E-6
<1483,1,12,op2> 7.939727011901218E-6
<1484,1,11,op2> 7.76361476764463E-6
<1485,43,3,op8> 3.4264085677685065E-4
<1486,0,21,op2> 8.221239765978039E-6
<1487,0,24,op2> 3.2260561107002436E-6
<1488,1,14,op2> 7.587502523388042E-6
<1489,0,23,op2> 3.0476566944403228E-6
<1490,1,13,op2> 7.411390279131451E-6
<1491,0,26,op2> 3.582854943220086E-6
<1492,1,16,op2> 7.235278034874862E-6
<1493,0,25,op2> 3.404455526960165E-6
<1494,1,15,op2> 7.059165790618274E-6
<1495,0,28,op2> 3.9396537757399285E-6
<1496,1,18,op2> 6.883053546361685E-6
<1497,0,27,op2> 3.7612543594800077E-6
<1498,1,17,op2> 6.706941302105096E-6
<1499,0,29,op2> 4.11805319199985E-6
<1500,1,19,op2> 6.530829057848507E-6
<1501,21,10,op8> 0.0011520247090976118
<1502,87,1,op8> 5.125322760170245E-4
<1503,87,2,op8> 3.88336456415329E-4
<1504,1,10,op2> 1.0053073942980287E-5
<1505,0,20,op2> 8.399639182237963E-6
<1506,38,2,op7> 2.965546528111429E-4
<1507,38,3,op7> 1.5541204968818692E-4
<1508,38,3,op8> 3.37202113018488E-4
<1509,39,3,op7> 1.5039875776276152E-4
<1510,89,1,op8> 4.7340767479435084E-4
<1511,39,3,op8> 3.2632462550176254E-4
<1512,36,2,op7> 2.7263895500379264E-4
<1513,36,3,op7> 1.4287881987462344E-4
<1514,37,3,op7> 1.5290540372547422E-4
<1515,37,2,op7> 2.917715132496729E-4
<1516,60,67,op8> 0.001558934561843027
<1517,8,88,op2> 1.1557651925839064E-5
<1518,7,98,op2> 8.797988306151673E-6
<1519,8,87,op2> 1.354749156873819E-5
<1520,9,77,op2> 1.2211592521125166E-5
<1521,7,97,op2> 8.980962066418261E-6
<1522,9,79,op2> 1.1818198936552006E-5
<1523,43,2,op7> 3.0133779237261294E-4
<1524,43,3,op7> 1.579186956508996E-4
<1525,9,70,op2> 1.4768650820850708E-5
<1526,28,29,op8> 5.062425247720029E-4
<1527,8,80,op2> 1.295053967586845E-5
<1528,69,10,op8> 0.0016152099014152081
<1529,7,90,op2> 1.0261778388284362E-5
<1530,9,72,op2> 1.5162044405423867E-5
<1531,8,82,op2> 1.2552571747288627E-5
<1532,7,92,op2> 9.89583086775119E-6
<1533,9,71,op2> 1.4965347613137287E-5
<1534,8,81,op2> 1.3149523640158363E-5
<1535,7,91,op2> 1.0078804628017776E-5
<1536,9,74,op2> 1.5555437989997023E-5
<1537,8,84,op2> 1.3746475533028099E-5
<1538,7,94,op2> 9.529883347218018E-6
<1539,9,73,op2> 1.5358741197710447E-5
<1540,8,83,op2> 1.275155571157854E-5
<1541,7,93,op2> 9.712857107484602E-6
<1542,9,76,op2> 1.5948831574570184E-5
<1543,8,86,op2> 1.3348507604448273E-5
<1544,7,96,op2> 9.163935826684847E-6
<1545,9,75,op2> 1.5752134782283605E-5
<1546,8,85,op2> 1.3945459497318012E-5
<1547,7,95,op2> 9.34690958695143E-6
<1548,28,81,op8> 0.0014748891338656383
<1549,9,90,op2> 1.1031411767405688E-5
<1550,9,88,op2> 1.1424805351978847E-5
<1551,8,98,op2> 9.567812282939944E-6
<1552,42,3,op7> 1.604253416136123E-4
<1553,42,2,op7> 3.06120931934083E-4
<1554,43,3,op5> 0.0010162301451878033
<1555,9,83,op2> 1.260498610569833E-5
<1556,8,93,op2> 1.0562732104389501E-5
<1557,9,82,op2> 1.2408289313411746E-5
<1558,8,92,op2> 1.0761716068679418E-5
<1559,9,81,op2> 1.2998379690271487E-5
<1560,8,91,op2> 1.096070003296933E-5
<1561,9,80,op2> 1.2801682897984905E-5
<1562,8,90,op2> 1.115968399725924E-5
<1563,9,87,op2> 1.3391773274844647E-5
<1564,8,97,op2> 9.766796247229857E-6
<1565,9,86,op2> 1.3195076482558064E-5
<1566,8,96,op2> 9.965780211519769E-6
<1567,9,85,op2> 1.3785166859417807E-5
<1568,8,95,op2> 1.0164764175809679E-5
<1569,9,84,op2> 1.3588470067131227E-5
<1570,8,94,op2> 1.0363748140099593E-5
<1571,9,59,op2> 1.6145528366856766E-5
<1572,8,69,op2> 1.4542411390187748E-5
<1573,7,79,op2> 1.0993673429350703E-5
<1574,6,89,op2> 1.0945833414947673E-5
<1575,41,2,op7> 3.1090407149555305E-4
<1576,9,56,op2> 1.6735618743716505E-5
<1577,7,76,op2> 1.4836122394949007E-5
<1578,8,66,op2> 1.4343427425897833E-5
<1579,6,86,op2> 1.2427920873107015E-5
<1580,5,96,op2> 9.507583420185529E-6
<1581,8,65,op2> 1.752717085453643E-5
<1582,9,55,op2> 1.693231553600308E-5
<1583,7,75,op2> 1.4653148634682424E-5
<1584,6,85,op2> 1.2983703669916773E-5
<1585,5,95,op2> 9.697418696462108E-6
<1586,41,3,op7> 1.62931987576325E-4
<1587,9,58,op2> 1.6342225159143345E-5
<1588,8,68,op2> 1.4741395354477658E-5
<1589,7,78,op2> 1.1176647189617293E-5
<1590,6,88,op2> 1.076057248267775E-5
<1591,5,98,op2> 9.12791286763236E-6
<1592,9,57,op2> 1.6538921951429923E-5
<1593,8,67,op2> 1.4144443461607924E-5
<1594,27,28,op2> 4.746250016438493E-4
<1595,6,87,op2> 1.2613181805376935E-5
<1596,7,77,op2> 1.1359620949883876E-5
<1597,5,97,op2> 9.317748143908945E-6
<1598,8,62,op2> 1.7726154818826344E-5
<1599,7,72,op2> 1.4104227353882666E-5
<1600,6,82,op2> 1.1686877144027343E-5
<1601,5,92,op2> 1.0266924525291859E-5
<1602,9,52,op2> 1.9686070628015203E-5
<1603,9,51,op2> 1.948937383572862E-5
<1604,8,61,op2> 1.8323106711696077E-5
<1605,7,71,op2> 1.392125359361608E-5
<1606,6,81,op2> 1.22426599408371E-5
<1607,8,64,op2> 1.7328186890246518E-5
<1608,7,74,op2> 1.4470174874415835E-5
<1609,6,84,op2> 1.2798442737646852E-5
<1610,5,94,op2> 9.887253972738694E-6
<1611,9,54,op2> 2.0079464212588364E-5
<1612,65,13,op7> 6.613989200230321E-4
<1613,8,63,op2> 1.7925138783116254E-5
<1614,7,73,op2> 1.4287201114149254E-5
<1615,6,83,op2> 1.1872138076297264E-5
<1616,5,93,op2> 1.0077089249015273E-5
<1617,9,53,op2> 1.9882767420301786E-5
<1618,8,60,op2> 1.8124122747406167E-5
<1619,7,70,op2> 1.3738279833349494E-5
<1620,6,80,op2> 1.2057399008567177E-5
<1621,5,90,op2> 1.0646595077845025E-5
<1622,9,50,op2> 2.0276161004874943E-5
<1623,9,69,op2> 1.4375257236277545E-5
<1624,8,79,op2> 1.1955619854418888E-5
<1625,7,89,op2> 1.081069966908412E-5
<1626,9,68,op2> 1.4571954028564122E-5
<1627,8,78,op2> 1.2154603818708803E-5
<1628,7,88,op2> 1.0627725908817531E-5
<1629,6,98,op2> 8.90796315997857E-6
<1630,9,67,op2> 1.3981863651704388E-5
<1631,7,87,op2> 1.2457463511483394E-5
<1632,8,77,op2> 1.2353587782998714E-5
<1633,6,97,op2> 9.093224092248488E-6
<1634,40,3,op7> 1.6543863353903768E-4
<1635,8,76,op2> 1.6134283104507043E-5
<1636,9,66,op2> 1.4178560443990965E-5
<1637,7,86,op2> 1.2274489751216806E-5
<1638,6,96,op2> 9.278485024518407E-6
<1639,9,65,op2> 1.7325709120576245E-5
<1640,8,75,op2> 1.5935299140217133E-5
<1641,7,85,op2> 1.2823411032016565E-5
<1642,6,95,op2> 9.463745956788323E-6
<1643,9,64,op2> 1.7129012328289663E-5
<1644,8,74,op2> 1.573631517592722E-5
<1645,7,84,op2> 1.2640437271749977E-5
<1646,6,94,op2> 9.649006889058243E-6
<1647,9,63,op2> 1.7719102705149402E-5
<1648,7,83,op2> 1.172556847041705E-5
<1649,6,93,op2> 9.834267821328158E-6
<1650,9,62,op2> 1.7522405912862824E-5
<1651,8,72,op2> 1.5338347247347397E-5
<1652,7,82,op2> 1.1542594710150465E-5
<1653,6,92,op2> 1.001952875359808E-5
<1654,9,61,op2> 1.8112496289722563E-5
<1655,8,71,op2> 1.5139363283057486E-5
<1656,7,81,op2> 1.2091515990950222E-5
<1657,6,91,op2> 1.0204789685867998E-5
<1658,9,60,op2> 1.791579949743598E-5
<1659,8,70,op2> 1.4940379318767574E-5
<1660,7,80,op2> 1.1908542230683634E-5
<1661,6,90,op2> 1.0390050618137917E-5
<1662,62,13,op7> 6.65779045321198E-4
<1663,9,95,op2> 1.0047927805972786E-5
<1664,9,96,op2> 9.85123101368621E-6
<1665,9,97,op2> 9.65453422139963E-6
<1666,9,98,op2> 9.45783742911305E-6
<1667,9,91,op2> 1.0834714975119108E-5
<1668,9,92,op2> 1.0638018182832529E-5
<1669,9,93,op2> 1.0441321390545947E-5
<1670,9,94,op2> 1.0244624598259368E-5
<1671,45,2,op7> 7.557360507122674E-4
<1672,45,3,op7> 3.960500621086054E-4
<1673,105,23,op7> 5.220681928766605E-4
<1674,106,22,op7> 4.915081035375388E-4
<1675,44,2,op7> 7.605191902737374E-4
<1676,44,3,op7> 3.9855670807131805E-4
<1677,2,62,op2> 1.5484916853227613E-5
<1678,1,72,op2> 1.3575318828112065E-5
<1679,0,82,op2> 1.1254029842396703E-5
<1680,6,22,op2> 2.979613327341185E-6
<1681,4,42,op2> 2.543525865372489E-6
<1682,5,32,op2> 5.900713170930451E-6
<1683,7,12,op2> 8.249067025351916E-6
<1684,3,52,op2> 1.716808485001326E-5
<1685,3,51,op2> 1.6996546949763334E-5
<1686,2,61,op2> 1.6006392069987383E-5
<1687,1,71,op2> 1.3399206583855476E-5
<1688,0,81,op2> 1.1789228091176467E-5
<1689,41,8,op1> 0.0010627562029986886
<1690,4,41,op2> 2.7379354856557364E-6
<1691,5,31,op2> 6.280383723483617E-6
<1692,7,11,op2> 8.06609326508533E-6
<1693,6,21,op2> 8.53744129543873E-6
<1694,2,60,op2> 1.5832566997734124E-5
<1695,1,70,op2> 1.3223094339598887E-5
<1696,0,80,op2> 1.1610828674916542E-5
<1697,7,10,op2> 1.044475214855095E-5
<1698,4,40,op2> 2.932345105938984E-6
<1699,5,30,op2> 5.331207342100703E-6
<1700,6,20,op2> 8.722702227708652E-6
<1701,3,50,op2> 1.768269855076303E-5
<1702,4,46,op2> 1.9068343589448526E-5
<1703,3,56,op2> 1.4595016346264394E-5
<1704,1,76,op2> 1.427976780513842E-5
<1705,2,66,op2> 1.2529890624922248E-5
<1706,0,86,op2> 1.1967627507436386E-5
<1707,6,26,op2> 3.7206570564208584E-6
<1708,5,36,op2> 1.1548312640158794E-6
<1709,7,16,op2> 7.517171984285572E-6
<1710,4,45,op2> 1.8485114728598787E-5
<1711,2,65,op2> 1.5311091780974357E-5
<1712,3,55,op2> 1.4766554246514315E-5
<1713,1,75,op2> 1.4103655560881832E-5
<1714,0,85,op2> 1.2502825756216152E-5
<1715,6,25,op2> 3.53539612415094E-6
<1716,5,35,op2> 9.649959877392965E-7
<1717,7,15,op2> 7.334198224018986E-6
<1718,4,44,op2> 1.8679524348882038E-5
<1719,2,64,op2> 1.5137266708721097E-5
<1720,1,74,op2> 1.3927543316625242E-5
<1721,0,84,op2> 1.232442633995623E-5
<1722,6,24,op2> 3.350135191881022E-6
<1723,5,34,op2> 1.5345018165690449E-6
<1724,7,14,op2> 7.883119504818744E-6
<1725,3,54,op2> 1.7511160650513107E-5
<1726,2,63,op2> 1.5658741925480868E-5
<1727,1,73,op2> 1.3751431072368655E-5
<1728,0,83,op2> 1.1432429258656625E-5
<1729,6,23,op2> 3.164874259611104E-6
<1730,5,33,op2> 1.344666540292462E-6
<1731,4,43,op2> 2.3491162450892413E-6
<1732,7,13,op2> 7.700145744552158E-6
<1733,3,53,op2> 1.7339622750263183E-5
<1734,66,13,op7> 5.913169152523799E-4
<1735,26,27,op8> 4.623803565607102E-4
<1736,4,49,op2> 1.809629548803229E-5
<1737,3,59,op2> 1.4080402645514623E-5
<1738,2,69,op2> 1.2703715697175505E-5
<1739,1,79,op2> 1.0581410675750052E-5
<1740,0,89,op2> 1.0540432177357018E-5
<1741,6,29,op2> 4.276439853230614E-6
<1742,5,39,op2> 1.724337092845628E-6
<1743,7,19,op2> 6.785276943219228E-6
<1744,29,30,op2> 6.035797190716121E-4
<1745,4,47,op2> 1.8873933969165282E-5
<1746,3,57,op2> 1.442347844601447E-5
<1747,2,67,op2> 1.2356065552668992E-5
<1748,0,87,op2> 1.214602692369631E-5
<1749,1,77,op2> 1.0933635164263231E-5
<1750,6,27,op2> 3.905917988690776E-6
<1751,5,37,op2> 1.9141723691222106E-6
<1752,7,17,op2> 6.9682507034858135E-6
<1753,4,48,op2> 1.8290705108315542E-5
<1754,3,58,op2> 1.4251940545764545E-5
<1755,2,68,op2> 1.2877540769428762E-5
<1756,1,78,op2> 1.0757522920006642E-5
<1757,0,88,op2> 1.0362032761097093E-5
<1758,6,28,op2> 4.091178920960694E-6
<1759,5,38,op2> 2.104007645398794E-6
<1760,7,18,op2> 7.1512244637524E-6
<1761,4,13,op8> 9.036371484768021E-4
<1762,4,51,op2> 1.9262753209731778E-5
<1763,3,61,op2> 1.5795781648013862E-5
<1764,2,71,op2> 1.3225190913935276E-5
<1765,1,81,op2> 1.1638084141289587E-5
<1766,0,91,op2> 9.82683451231733E-6
<1767,5,41,op2> 2.673513474228542E-6
<1768,6,31,op2> 6.129049175929795E-6
<1769,8,11,op2> 8.771876425780295E-6
<1770,7,21,op2> 8.4320407856185E-6
<1771,3,60,op2> 1.5624243747763938E-5
<1772,2,70,op2> 1.305136584168202E-5
<1773,1,80,op2> 1.1461971897032996E-5
<1774,8,10,op2> 1.1358667961549156E-5
<1775,0,90,op2> 1.0005233928577254E-5
<1776,5,40,op2> 2.8633487505051258E-6
<1777,6,30,op2> 5.202744514580205E-6
<1778,7,20,op2> 8.61501454588509E-6
<1779,4,50,op2> 2.0040391690864765E-5
<1780,3,63,op2> 1.5452705847514013E-5
<1781,2,73,op2> 1.357284105844179E-5
<1782,1,83,op2> 1.1285859652776411E-5
<1783,0,93,op2> 9.470035679797488E-6
<1784,7,23,op2> 3.12580173788751E-6
<1785,6,33,op2> 1.3122649369119207E-6
<1786,5,43,op2> 2.2938429216753768E-6
<1787,8,13,op2> 8.37390849720047E-6
<1788,4,53,op2> 1.9651572450298277E-5
<1789,3,62,op2> 1.528116794726409E-5
<1790,2,72,op2> 1.3399015986188532E-5
<1791,1,82,op2> 1.1109747408519821E-5
<1792,0,92,op2> 9.648435096057412E-6
<1793,7,22,op2> 2.942827977620923E-6
<1794,5,42,op2> 2.4836781979519596E-6
<1795,6,32,op2> 5.7585273113899575E-6
<1796,8,12,op2> 8.970860390070207E-6
<1797,4,52,op2> 1.9457162830015022E-5
<1798,5,45,op2> 1.8050170852631754E-5
<1799,3,65,op2> 1.5109630047014166E-5
<1800,4,55,op2> 1.6735428146049557E-5
<1801,2,75,op2> 1.3920491202948302E-5
<1802,1,85,op2> 1.2342533118315943E-5
<1803,7,25,op2> 3.4917492584206816E-6
<1804,6,35,op2> 9.417430723720845E-7
<1805,8,15,op2> 7.975940568620646E-6
<1806,0,95,op2> 9.113236847277644E-6
<1807,5,44,op2> 1.8240006128908343E-5
<1808,3,64,op2> 1.4938092146764242E-5
<1809,2,74,op2> 1.3746666130695045E-5
<1810,1,84,op2> 1.2166420874059355E-5
<1811,0,94,op2> 9.291636263537569E-6
<1812,7,24,op2> 3.308775498154096E-6
<1813,6,34,op2> 1.4975258691818393E-6
<1814,8,14,op2> 8.572892461490382E-6
<1815,4,54,op2> 1.984598207058152E-5
<1816,5,47,op2> 1.8429841405184922E-5
<1817,4,57,op2> 1.6346608905483064E-5
<1818,3,67,op2> 1.2193485742765455E-5
<1819,1,87,op2> 1.1990308629802765E-5
<1820,2,77,op2> 1.0791639902389681E-5
<1821,7,27,op2> 3.857696778953854E-6
<1822,6,37,op2> 1.8680477337216754E-6
<1823,8,17,op2> 7.577972640040821E-6
<1824,0,97,op2> 8.756438014757805E-6
<1825,5,46,op2> 1.8619676681461504E-5
<1826,4,56,op2> 1.6541018525766316E-5
<1827,2,76,op2> 1.4094316275201557E-5
<1828,3,66,op2> 1.2365023643015376E-5
<1829,1,86,op2> 1.1814196385546174E-5
<1830,7,26,op2> 3.6747230186872677E-6
<1831,6,36,op2> 1.1270040046420028E-6
<1832,8,16,op2> 8.174924532910558E-6
<1833,0,96,op2> 8.934837431017727E-6
<1834,28,29,op2> 4.961174545484765E-4
<1835,5,48,op2> 1.7860335576355175E-5
<1836,4,58,op2> 1.6152199285199817E-5
<1837,3,68,op2> 1.2708099443515225E-5
<1838,2,78,op2> 1.0617814830136427E-5
<1839,1,88,op2> 1.0229186187236872E-5
<1840,7,28,op2> 4.0406705392204396E-6
<1841,6,38,op2> 2.0533086659915942E-6
<1842,8,18,op2> 7.776956604330733E-6
<1843,0,98,op2> 8.578038598497882E-6
<1844,5,49,op2> 1.767050030007859E-5
<1845,4,59,op2> 1.5957789664916572E-5
<1846,3,69,op2> 1.2536561543265302E-5
<1847,2,79,op2> 1.0443989757883167E-5
<1848,1,89,op2> 1.0405298431493465E-5
<1849,7,29,op2> 4.223644299487026E-6
<1850,6,39,op2> 1.6827868014517575E-6
<1851,8,19,op2> 7.37898867575091E-6
<1852,2,44,op2> 1.6701692359000408E-5
<1853,0,64,op2> 1.5535615832634812E-5
<1854,4,24,op2> 3.5155739667887267E-6
<1855,3,34,op2> 1.3865980270202216E-6
<1856,5,14,op2> 8.178736486249447E-6
<1857,1,54,op2> 1.7978124934526787E-5
<1858,0,63,op2> 1.6070814081414578E-5
<1859,4,23,op2> 3.3211643465054797E-6
<1860,3,33,op2> 1.215060126770297E-6
<1861,2,43,op2> 2.1003862897268512E-6
<1862,5,13,op2> 7.988901209972863E-6
<1863,1,53,op2> 1.78020126902702E-5
<1864,0,62,op2> 1.5892414665154654E-5
<1865,4,22,op2> 3.126754726222231E-6
<1866,2,42,op2> 2.2742113619801075E-6
<1867,3,32,op2> 5.33196973276848E-6
<1868,5,12,op2> 8.558407038802613E-6
<1869,1,52,op2> 1.7625900446013608E-5
<1870,1,51,op2> 1.744978820175702E-5
<1871,0,61,op2> 1.642761291393442E-5
<1872,2,41,op2> 2.448036434233364E-6
<1873,3,31,op2> 5.675045533268329E-6
<1874,5,11,op2> 8.368571762526029E-6
<1875,4,21,op2> 8.959043334719656E-6
<1876,0,60,op2> 1.6249213497674495E-5
<1877,5,10,op2> 1.083643035412161E-5
<1878,2,40,op2> 2.621861506486621E-6
<1879,3,30,op2> 4.817356032018708E-6
<1880,4,20,op2> 9.153452955002907E-6
<1881,1,50,op2> 1.8154237178783377E-5
<1882,68,13,op7> 6.000771658487114E-4
<1883,20,62,op8> 0.001953694075744661
<1884,0,34,op8> 1.7727626318730789E-4
<1885,2,49,op2> 1.6180217142240635E-5
<1886,1,59,op2> 1.4455880049395011E-5
<1887,0,69,op2> 1.3038024004995914E-5
<1888,4,29,op2> 4.487622068204965E-6
<1889,3,39,op2> 1.5581359272701459E-6
<1890,5,19,op2> 7.0397248285899495E-6
<1891,2,47,op2> 1.6875517431253663E-5
<1892,1,57,op2> 1.4808104537908187E-5
<1893,4,27,op2> 4.0988028276384695E-6
<1894,3,37,op2> 1.7296738275200701E-6
<1895,5,17,op2> 7.22956010486653E-6
<1896,66,21,op8> 0.0010106574592018687
<1897,2,48,op2> 1.6354042214493897E-5
<1898,1,58,op2> 1.4631992293651598E-5
<1899,0,68,op2> 1.3216423421255835E-5
<1900,4,28,op2> 4.2932124479217165E-6
<1901,3,38,op2> 1.9012117277699946E-6
<1902,5,18,op2> 7.419395381143115E-6
<1903,2,45,op2> 1.652786728674715E-5
<1904,0,65,op2> 1.5714015248894736E-5
<1905,1,55,op2> 1.5160329026421364E-5
<1906,4,25,op2> 3.709983587071974E-6
<1907,3,35,op2> 8.719843262704487E-7
<1908,5,15,op2> 7.609230657419697E-6
<1909,2,46,op2> 1.704934250350692E-5
<1910,1,56,op2> 1.4984216782164777E-5
<1911,0,66,op2> 1.2859624588735992E-5
<1912,4,26,op2> 3.904393207355222E-6
<1913,3,36,op2> 1.043522226520373E-6
<1914,5,16,op2> 7.79906593369628E-6
<1915,1,63,op2> 1.5864778003447723E-5
<1916,0,73,op2> 1.3930021086295523E-5
<1917,5,23,op2> 3.2430193030582915E-6
<1918,4,33,op2> 1.3770681436730033E-6
<1919,3,43,op2> 2.072749628019919E-6
<1920,6,13,op2> 7.79639756635906E-6
<1921,2,53,op2> 1.7570817720266695E-5
<1922,1,62,op2> 1.5688665759191133E-5
<1923,0,72,op2> 1.37516216700356E-5
<1924,5,22,op2> 3.0531840267817078E-6
<1925,3,42,op2> 2.244287528269843E-6
<1926,4,32,op2> 6.042899030470944E-6
<1927,6,12,op2> 8.352180363168815E-6
<1928,2,52,op2> 1.7396992648013433E-5
<1929,3,45,op2> 1.6310395348763636E-5
<1930,1,65,op2> 1.5512553514934543E-5
<1931,2,55,op2> 1.496344163646784E-5
<1932,0,75,op2> 1.4286819918815363E-5
<1933,5,25,op2> 3.622689855611457E-6
<1934,4,35,op2> 9.882489031065084E-7
<1935,6,15,op2> 7.425875701819223E-6
<1936,3,44,op2> 1.6481933249013564E-5
<1937,1,64,op2> 1.5336441270677954E-5
<1938,0,74,op2> 1.4108420502555442E-5
<1939,5,24,op2> 3.4328545793348743E-6
<1940,4,34,op2> 1.571477763956251E-6
<1941,6,14,op2> 7.981658498628977E-6
<1942,2,54,op2> 1.7744642792519947E-5
<1943,2,51,op2> 1.7223167575760178E-5
<1944,1,61,op2> 1.62170024919609E-5
<1945,0,71,op2> 1.357322225377568E-5
<1946,3,41,op2> 2.415825428519767E-6
<1947,4,31,op2> 6.43171827103744E-6
<1948,6,11,op2> 8.166919430898896E-6
<1949,5,21,op2> 8.748242315079192E-6
<1950,1,60,op2> 1.604089024770431E-5
<1951,0,70,op2> 1.3394822837515757E-5
<1952,6,10,op2> 1.0575311550407835E-5
<1953,3,40,op2> 2.587363328769692E-6
<1954,4,30,op2> 5.459670169621202E-6
<1955,5,20,op2> 8.93807759135578E-6
<1956,2,50,op2> 1.7918467864773203E-5
<1957,26,27,op2> 4.5313254873922216E-4
<1958,1,33,op8> 1.5534517908166154E-4
<1959,3,46,op2> 1.6825009049513406E-5
<1960,2,56,op2> 1.4789616564214588E-5
<1961,0,76,op2> 1.4465219335075284E-5
<1962,1,66,op2> 1.269475760682912E-5
<1963,5,26,op2> 3.8125251318880396E-6
<1964,4,36,op2> 1.1826585233897562E-6
<1965,6,16,op2> 7.611136634089141E-6
<1966,3,47,op2> 1.6653471149263485E-5
<1967,2,57,op2> 1.4615791491961329E-5
<1968,1,67,op2> 1.2518645362572533E-5
<1969,0,77,op2> 1.1075630426136782E-5
<1970,5,27,op2> 4.002360408164623E-6
<1971,4,37,op2> 1.9602970045227458E-6
<1972,6,17,op2> 7.055353837279386E-6
<1973,3,48,op2> 1.6138857448513715E-5
<1974,2,58,op2> 1.4441966419708073E-5
<1975,1,68,op2> 1.3046982095342296E-5
<1976,0,78,op2> 1.0897231009876861E-5
<1977,5,28,op2> 4.192195684441205E-6
<1978,4,38,op2> 2.154706624805994E-6
<1979,6,18,op2> 7.240614769549305E-6
<1980,3,49,op2> 1.5967319548263787E-5
<1981,2,59,op2> 1.4268141347454816E-5
<1982,1,69,op2> 1.287086985108571E-5
<1983,0,79,op2> 1.0718831593616935E-5
<1984,5,29,op2> 4.3820309607177895E-6
<1985,4,39,op2> 1.7658873842394984E-6
<1986,6,19,op2> 6.870092905009469E-6
<1987,7,51,op2> 1.8129650079747556E-5
<1988,6,61,op2> 1.7059444179854973E-5
<1989,5,71,op2> 1.444330060337668E-5
<1990,4,81,op2> 1.2847235740384611E-5
<1991,3,91,op2> 9.448879338766664E-6
<1992,8,41,op2> 2.8023574970829295E-6
<1993,9,31,op2> 6.507385544814351E-6
<1994,6,62,op2> 1.6503661383045215E-5
<1995,5,72,op2> 1.4633135879653265E-5
<1996,4,82,op2> 1.2264006879534868E-5
<1997,3,92,op2> 9.277341438516742E-6
<1998,8,42,op2> 2.6033735327930177E-6
<1999,9,32,op2> 6.11399196024119E-6
<2000,7,52,op2> 1.8312623840014142E-5
<2001,6,60,op2> 1.6874183247585052E-5
<2002,5,70,op2> 1.4253465327100102E-5
<2003,4,80,op2> 1.265282612010136E-5
<2004,3,90,op2> 9.620417239016589E-6
<2005,8,40,op2> 3.001341461372842E-6
<2006,9,30,op2> 5.523901583381451E-6
<2007,7,50,op2> 1.88615451208139E-5
<2008,8,45,op2> 1.8920058604565813E-5
<2009,6,65,op2> 1.6318400450775298E-5
<2010,7,55,op2> 1.5750991196281936E-5
<2011,5,75,op2> 1.5202641708483014E-5
<2012,4,85,op2> 1.36248742215176E-5
<2013,9,35,op2> 9.998753607901144E-7
<2014,3,95,op2> 8.762727737766966E-6
<2015,8,46,op2> 1.9517010497435552E-5
<2016,7,56,op2> 1.5568017436015353E-5
<2017,5,76,op2> 1.5392476984759596E-5
<2018,6,66,op2> 1.3354225534456607E-5
<2019,4,86,op2> 1.3041645360667856E-5
<2020,9,36,op2> 1.1965721530766944E-6
<2021,3,96,op2> 8.591189837517044E-6
<2022,6,63,op2> 1.6688922315315135E-5
<2023,5,73,op2> 1.4822971155929849E-5
<2024,4,83,op2> 1.2458416499818114E-5
<2025,3,93,op2> 9.105803538266814E-6
<2026,9,33,op2> 1.3932689453632738E-6
<2027,8,43,op2> 2.4043895685031055E-6
<2028,7,53,op2> 1.849559760028073E-5
<2029,8,44,op2> 1.911904256885573E-5
<2030,6,64,op2> 1.613313951850538E-5
<2031,5,74,op2> 1.501280643220643E-5
<2032,4,84,op2> 1.3430464601234351E-5
<2033,3,94,op2> 8.934265638016893E-6
<2034,9,34,op2> 1.589965737649854E-6
<2035,7,54,op2> 1.8678571360547314E-5
<2036,8,49,op2> 1.852209067598599E-5
<2037,7,59,op2> 1.5019096155215597E-5
<2038,6,69,op2> 1.3539486466726526E-5
<2039,5,79,op2> 1.1405936182951353E-5
<2040,4,89,op2> 1.1486368398401879E-5
<2041,9,39,op2> 1.7866625299364338E-6
<2042,8,47,op2> 1.931802653314564E-5
<2043,7,57,op2> 1.538504367574877E-5
<2044,6,67,op2> 1.3168964602186692E-5
<2045,4,87,op2> 1.3236054980951105E-5
<2046,5,77,op2> 1.1785606735504521E-5
<2047,9,37,op2> 1.9833593222230136E-6
<2048,3,97,op2> 8.419651937267119E-6
<2049,8,48,op2> 1.8721074640275906E-5
<2050,7,58,op2> 1.5202069915482181E-5
<2051,6,68,op2> 1.3724747398996443E-5
<2052,5,78,op2> 1.1595771459227939E-5
<2053,4,88,op2> 1.1291958778118628E-5
<2054,9,38,op2> 2.180056114509594E-6
<2055,3,98,op2> 8.248114037017195E-6
<2056,68,23,op8> 3.7465602013812485E-4
<2057,8,13,op8> 9.248991990291973E-4
<2058,6,37,op8> 2.2113843139860055E-4
<2059,69,13,op7> 5.956970405505455E-4
<2060,7,60,op2> 1.6665859997614867E-5

