<0,98,22,op3> 0.0013786498170898374
<1,47,2,op2> 0.004761499127419479
<2,71,0,op7> 0.005426085798977239
<3,82,5,op2> 0.002642932941078821
<4,43,2,op2> 0.0018669707824836258
<5,104,1,op7> 1.3036056884503213E-4
<6,73,23,op5> 0.002090690571770085
<7,69,23,op5> 0.0020188455349394977
<8,63,0,op6> 0.0029200977452213833
<9,79,5,op2> 0.0025011664231665474
<10,79,4,op7> 0.0038969719682968545
<11,60,23,op5> 0.002277487667529611
<12,37,23,op5> 8.98062960382339E-4
<13,85,1,op4> 0.0022222970295368845
<14,51,1,op6> 0.003855012015403787
<15,20,3,op1> 0.003249092727098552
<16,18,3,op1> 0.0029878591410001753
<17,22,0,op7> 8.874470402305723E-4
<18,32,0,op4> 5.252932590326225E-4
<19,61,0,op6> 0.0029571783515099084
<20,70,0,op7> 0.005388273354385062
<21,91,23,op5> 0.0017027273728849144
<22,62,0,op4> 9.84531677109047E-4
<23,109,22,op3> 0.001242639521233441
<24,16,2,op8> 0.0030904901074227755
<25,93,22,op7> 0.003190920491107348
<26,111,22,op3> 0.0016012121194003044
<27,12,2,op8> 0.0032227035879542312
<28,111,1,op7> 1.60016053700774E-4
<29,113,0,op8> 0.05668199896341783
<30,50,1,op6> 0.0039476249166747485
<31,104,0,op7> 1.4573478826655924E-4
<32,78,5,op2> 0.002521418782868301
<33,76,22,op3> 0.005117036932602406
<34,63,6,op2> 0.004545377064611252
<35,90,1,op4> 0.0019313781456702377
<36,94,22,op7> 0.003163530615647199
<37,103,22,op7> 0.002917021736505858
<38,52,0,op4> 0.001053731986682207
<39,62,0,op6> 0.0029015574420771205
<40,84,4,op7> 0.004307179543907049
<41,64,6,op2> 0.0044587984538567525
<42,27,0,op1> 7.896717314106954E-4
<43,6,2,op1> 0.004652536473853309
<44,80,22,op3> 0.004565706354005515
<45,56,0,op6> 0.0028273962295000694
<46,58,0,op6> 0.002790315623211544
<47,81,1,op4> 0.00215764838867763
<48,106,0,op4> 8.414925986814649E-5
<49,77,4,op7> 0.003960080826083038
<50,87,5,op2> 0.002744194739587589
<51,30,23,op5> 0.0011567050929724525
<52,56,23,op5> 0.0021912736233329067
<53,85,4,op7> 0.004338733972800142
<54,41,0,op4> 4.18347326055921E-4
<55,75,23,op5> 0.0021194285865023194
<56,111,22,op7> 0.0035469888720892823
<57,42,3,op3> 0.0012329649488844905
<58,50,0,op4> 0.0010726047983839779
<59,25,3,op1> 0.0023347751757542357
<60,108,22,op3> 0.0012550040935840224
<61,45,2,op2> 0.004703608560520762
<62,106,1,op4> 7.527197531062776E-5
<63,64,0,op4> 9.719498026412E-4
<64,57,23,op5> 0.002176904615966789
<65,91,5,op2> 0.002399904624657781
<66,102,22,op3> 0.0013291915276875115
<67,20,1,op6> 8.439205194315726E-4
<68,83,5,op2> 0.0026631853007805747
<69,91,22,op3> 0.0040832920977332335
<70,80,1,op4> 0.002141486228462816
<71,40,2,op2> 0.001953806632831701
<72,52,1,op6> 0.0038781652407215276
<73,36,7,op5> 0.0038889271782165794
<74,82,1,op4> 0.0021091619080331886
<75,80,23,op5> 0.0019038934760105585
<76,35,6,op5> 0.004083779479421586
<77,92,22,op1> 4.533055179793666E-5
<78,104,22,op7> 0.0028896318610457093
<79,29,2,op8> 0.0029254271849348886
<80,81,22,op3> 0.00460016451516782
<81,62,23,op5> 0.0022487496527973765
<82,52,3,op3> 0.003153001968521407
<83,80,4,op7> 0.0041809618283346825
<84,86,5,op2> 0.002723942379885835
<85,90,23,op5> 0.0017170963802510316
<86,89,4,op7> 0.003865417539403763
<87,107,1,op1> 2.2667992743547174E-4
<88,12,3,op1> 0.0031837843305739574
<89,90,22,op3> 0.004117750258895539
<90,72,0,op4> 9.090404303019637E-4
<91,30,2,op8> 0.003119164084599451
<92,58,6,op2> 0.004343360306184085
<93,79,1,op4> 0.0019960267865294927
<94,33,2,op8> 0.0023054691060082903
<95,103,0,op7> 1.4711616066719014E-4
<96,87,1,op4> 0.0021899727091072574
<97,90,5,op2> 0.0024201569843595337
<98,27,3,op1> 0.0024000835722788297
<99,49,2,op2> 0.004645717993622045
<100,49,3,op3> 0.0030212347220757367
<101,63,0,op4> 9.908226143429707E-4
<102,103,1,op7> 1.315962140473547E-4
<103,86,22,op3> 0.004634622676330126
<104,105,0,op4> 8.496229619537497E-5
<105,4,2,op1> 0.0048781139998583176
<106,107,0,op7> 1.4159067106466654E-4
<107,83,4,op7> 0.00414940739944159
<108,92,22,op7> 0.003218310366567496
<109,53,0,op4> 0.0010600229239161305
<110,80,5,op2> 0.002683437660482329
<111,16,3,op1> 0.0030531675375247693
<112,105,1,op4> 7.599924077256617E-5
<113,83,1,op4> 0.0021253240682480024
<114,76,23,op5> 0.002133797593868437
<115,7,2,op1> 0.0045961420923520575
<116,53,3,op3> 0.003171825860870789
<117,73,0,op4> 9.153313675358873E-4
<118,1,2,op1> 0.0044269589478483
<119,84,5,op2> 0.0027644470992893417
<120,90,4,op7> 0.003770754252724486
<121,10,2,op1> 0.006795522970900893
<122,30,13,op5> 0.0017455518649615127
<123,81,4,op7> 0.004212516257227774
<124,106,1,op1> 2.2889143892264712E-4
<125,48,3,op3> 0.003040058614425118
<126,28,1,op6> 6.318801879161021E-4
<127,106,1,op7> 1.2788927844038694E-4
<128,108,0,op4> 8.252318721368955E-5
<129,70,0,op4> 8.964585558341164E-4
<130,48,0,op4> 0.0010159863632786654
<131,108,1,op4> 7.381744438675087E-5
<132,50,3,op3> 0.0032094736455695523
<133,17,2,op8> 0.002991329997024184
<134,5,2,op1> 0.0047653252368558136
<135,112,1,op7> 1.5630911809380628E-4
<136,112,22,op7> 0.003464819245708836
<137,94,22,op1> 4.4558967937546266E-5
<138,89,22,op3> 0.004221124742382457
<139,46,3,op3> 0.0031153541838226445
<140,38,23,op5> 9.124319677484564E-4
<141,62,6,op2> 0.004516517527693086
<142,69,4,op5> 0.004473484081831597
<143,112,0,op7> 1.7474360867980802E-4
<144,109,1,op1> 2.2225690446112112E-4
<145,67,0,op7> 0.005237023576016358
<146,33,8,op5> 0.0048631886842416105
<147,55,23,op5> 0.002205642630699024
<148,34,9,op5> 0.004668336383036604
<149,9,2,op1> 0.0049345083813595704
<150,85,5,op2> 0.0027846994589910954
<151,84,1,op4> 0.0022061348693220707
<152,106,0,op7> 1.4297204346529747E-4
<153,60,6,op2> 0.004574236601529419
<154,82,4,op7> 0.0041178529705484974
<155,25,0,op7> 9.263133339632982E-4
<156,93,22,op3> 0.0014404726788427454
<157,52,23,op5> 0.0024068087338246684
<158,103,22,op3> 0.0013168269553369301
<159,105,0,op7> 1.4435341586592834E-4
<160,65,0,op4> 9.782407398751234E-4
<161,66,23,op5> 0.00200447652757338
<162,105,1,op7> 1.2912492364270954E-4
<163,64,0,op6> 0.002864476835788595
<164,87,4,op7> 0.0042756251150139575
<165,22,2,op8> 0.002264155854101178
<166,60,0,op6> 0.0029386380483656456
<167,112,0,op4> 1.0284909539440127E-4
<168,112,1,op4> 9.199908093521168E-5
<169,107,0,op4> 8.333622354091802E-5
<170,107,1,op4> 7.45447098486893E-5
<171,91,4,op7> 0.003739199823831395
<172,57,6,op2> 0.004372219843102252
<173,54,3,op3> 0.0031906497532201705
<174,16,0,op7> 0.0012113328213366208
<175,51,0,op4> 0.0010474410494482834
<176,111,0,op7> 1.7888772588170064E-4
<177,51,3,op3> 0.0031341780761720258
<178,108,22,op7> 0.002780072359205113
<179,93,22,op1> 4.494475986774147E-5
<180,71,0,op4> 9.027494930680401E-4
<181,108,1,op1> 2.2446841594829642E-4
<182,92,22,op3> 0.0014528372511933266
<183,44,3,op3> 0.003077706399123881
<184,11,2,op1> 0.005442057814870839
<185,74,0,op7> 0.0055395231327537665
<186,105,22,op7> 0.0028622419855855604
<187,13,3,op1> 0.003085821735787067
<188,100,1,op7> 1.3653879485664498E-4
<189,100,0,op7> 1.526416502697137E-4
<190,49,23,op5> 0.0023062256822618463
<191,103,1,op1> 2.3552597338417314E-4
<192,84,23,op5> 0.0019613695054750283
<193,85,22,op3> 0.004737997159817043
<194,65,0,op7> 0.0058798351340833485
<195,22,0,op1> 7.359525660086072E-4
<196,8,2,op1> 0.004990902762860822
<197,86,1,op4> 0.0021738105488924436
<198,77,5,op2> 0.0025416711425700544
<199,23,3,op1> 0.0022694667792296412
<200,39,23,op5> 8.836939530162215E-4
<201,24,3,op1> 0.0023021209774919385
<202,76,1,op4> 0.002400080791899835
<203,101,1,op4> 7.963556808225834E-5
<204,101,0,op4> 8.90274778315173E-5
<205,20,0,op7> 0.0012890654088020723
<206,28,0,op1> 8.004155644911129E-4
<207,46,23,op5> 0.0023780707190924335
<208,23,0,op7> 9.004024714748143E-4
<209,75,0,op7> 0.005577335577345942
<210,82,22,op3> 0.004496790031680902
<211,102,1,op1> 2.3773748487134844E-4
<212,88,5,op2> 0.0024606617037630403
<213,77,1,op4> 0.0020283511069591202
<214,100,0,op4> 8.984051415874576E-5
<215,100,1,op4> 8.036283354419675E-5
<216,28,2,op8> 0.0024624760748983617
<217,72,0,op7> 0.005463898243569415
<218,113,3,op1> 0.004163410278442868
<219,73,0,op7> 0.00550171068816159
<220,69,0,op4> 8.838766813662691E-4
<221,20,2,op8> 0.0032888103282199595
<222,61,6,op2> 0.004603096138447585
<223,38,12,op5> 0.002330108768576531
<224,21,3,op1> 0.0032164385288362546
<225,104,1,op4> 7.672650623450462E-5
<226,12,1,op6> 8.269572929103349E-4
<227,104,0,op4> 8.577533252260343E-5
<228,60,0,op4> 9.971135515768942E-4
<229,102,0,op7> 1.4849753306782104E-4
<230,0,2,op1> 0.004483353329349552
<231,86,4,op7> 0.004244070686120866
<232,102,1,op7> 1.3283185924967724E-4
<233,105,1,op1> 2.3110295040982244E-4
<234,88,1,op4> 0.001963702466099865
<235,48,23,op5> 0.0023205946896279637
<236,89,5,op2> 0.002480914063464794
<237,18,2,op8> 0.0030243833671570485
<238,103,1,op4> 7.745377169644305E-5
<239,74,0,op4> 9.216223047698108E-4
<240,61,0,op4> 0.0010034044888108178
<241,39,2,op2> 0.00178013493213555
<242,103,0,op4> 8.658836884983191E-5
<243,101,1,op7> 1.3530314965432244E-4
<244,96,22,op7> 0.0031087508647269003
<245,101,0,op7> 1.512602778690828E-4
<246,104,1,op1> 2.3331446189699782E-4
<247,12,0,op1> 0.0010475237253407181
<248,89,1,op4> 0.001979864626314679
<249,102,0,op4> 8.740140517706036E-5
<250,102,1,op4> 7.818103715838146E-5
<251,75,0,op4> 9.279132420037345E-4
<252,24,2,op8> 0.0023302625943669056
<253,76,5,op2> 0.0030074754157103827
<254,24,0,op7> 9.133579027190562E-4
<255,68,0,op7> 0.0053504609097928865
<256,0,0,op4> 4.4658189829544673E-5
<257,54,1,op6> 0.003924471691357008
<258,19,0,op7> 0.001159511096359653
<259,88,4,op7> 0.0038338631105106703
<260,2,2,op1> 0.004370564566347047
<261,92,1,op1> 2.598525997431018E-4
<262,25,1,op6> 6.064353481342457E-4
<263,17,3,op1> 0.002955204942737879
<264,28,3,op1> 0.0024327377705411265
<265,99,0,op7> 1.4987890546845194E-4
<266,87,22,op3> 0.004669080837492432
<267,99,1,op7> 1.3406750445199984E-4
<268,38,2,op8> 0.00246045862573994
<269,50,23,op5> 0.0024499157559230204
<270,5,1,op6> 7.166963205222902E-4
<271,75,22,op3> 0.005082578771440101
<272,59,0,op6> 0.002771775320067281
<273,78,4,op7> 0.003928526397189947
<274,19,1,op6> 7.591043868253844E-4
<275,69,0,op7> 0.005312648465200711
<276,19,2,op8> 0.0029582766268913202
<277,25,2,op8> 0.00236331596449977
<278,26,1,op6> 6.149169613948644E-4
<279,98,1,op7> 1.3777444005896758E-4
<280,98,0,op7> 1.540230226703446E-4
<281,2,0,op4> 4.353471335584543E-5
<282,15,0,op7> 0.0011983773900923788
<283,78,1,op4> 0.0020121889467443065
<284,38,0,op4> 3.994745143541502E-4
<285,26,0,op7> 9.392687652075401E-4
<286,1,1,op6> 6.658066409585774E-4
<287,17,1,op6> 7.675860000860034E-4
<288,99,0,op4> 8.821444150428884E-5
<289,99,1,op4> 7.89083026203199E-5
<290,31,2,op8> 0.0033129009842640133
<291,97,0,op7> 1.554043950709755E-4
<292,97,1,op7> 1.3901008526129017E-4
<293,107,22,op3> 0.001267368665934604
<294,27,1,op6> 6.233985746554833E-4
<295,39,3,op3> 0.0011576693794869645
<296,1,0,op7> 0.0010170013526729917
<297,26,2,op8> 0.002396369334632634
<298,58,0,op4> 9.467860537055055E-4
<299,74,21,op5> 0.0025249610697815374
<300,36,2,op8> 0.0022667217260753775
<301,59,6,op2> 0.004314500769265919
<302,57,0,op6> 0.0028088559263558066
<303,76,4,op7> 0.004685832690624152
<304,1,0,op4> 4.4096451592695055E-5
<305,32,23,op5> 0.0011998121150708044
<306,39,0,op4> 3.8689263988630286E-4
<307,100,22,op3> 0.0013662852447392558
<308,27,0,op7> 9.522241964517821E-4
<309,14,2,op8> 0.003156596847688504
<310,21,2,op8> 0.003255756958087095
<311,59,0,op4> 9.404951164715817E-4
<312,51,23,op5> 0.002392439726458551
<313,0,1,op6> 6.742882542191961E-4
<314,18,0,op7> 0.0011854219588481368
<315,77,22,op3> 0.004324499225869374
<316,3,2,op1> 0.004314170184845796
<317,66,3,op5> 0.0027198133709865433
<318,98,1,op4> 8.10900990061352E-5
<319,98,0,op4> 9.065355048597423E-5
<320,29,0,op4> 4.7496576116123364E-4
<321,96,1,op7> 1.4024573046361274E-4
<322,96,0,op7> 1.5678576747160636E-4
<323,32,2,op8> 0.003235406224398188
<324,0,0,op7> 0.0010299567839172337
<325,17,0,op7> 0.001172466527603895
<326,97,22,op7> 0.0030813609892667514
<327,27,2,op8> 0.002429422704765498
<328,18,1,op6> 7.76067613346622E-4
<329,37,2,op8> 0.0024217112458070275
<330,105,22,op3> 0.001292097810635767
<331,99,1,op1> 2.399489963585238E-4
<332,108,0,op7> 1.4020929866403564E-4
<333,26,0,op1> 7.789278983302777E-4
<334,97,0,op4> 9.14665868132027E-5
<335,18,0,op1> 9.830607268582125E-4
<336,99,22,op7> 0.0029718014874261555
<337,108,1,op7> 1.2541798803574177E-4
<338,47,3,op3> 0.0030965302914732627
<339,55,0,op4> 9.656588654072763E-4
<340,97,1,op4> 8.181736446807363E-5
<341,101,22,op1> 4.2244216356375026E-5
<342,15,1,op6> 7.845492266072408E-4
<343,111,22,op1> 4.996005496027913E-5
<344,28,0,op7> 9.65179627696024E-4
<345,55,1,op6> 0.003554020086273161
<346,65,23,op5> 0.002234380645431259
<347,110,22,op1> 4.957426303008393E-5
<348,56,0,op4> 9.593679281733528E-4
<349,98,1,op1> 2.4658353082004973E-4
<350,66,0,op4> 8.775857441323455E-4
<351,14,0,op7> 0.0012372436838251047
<352,95,1,op7> 1.4148137566593534E-4
<353,95,0,op7> 1.5816713987223727E-4
<354,96,0,op4> 9.227962314043118E-5
<355,95,22,op3> 0.0014157435341415824
<356,107,1,op7> 1.2665363323806434E-4
<357,96,1,op4> 8.254462993001207E-5
<358,106,22,op7> 0.0028348521101254115
<359,19,3,op1> 0.0029225507444755818
<360,19,0,op1> 9.615730606973773E-4
<361,31,15,op5> 0.0013558472625515006
<362,100,22,op1> 4.263000828657022E-5
<363,16,1,op6> 7.930308398678596E-4
<364,15,2,op8> 0.0030574367372899125
<365,73,20,op5> 0.0029146656721915493
<366,112,22,op3> 0.00156411840234856
<367,97,1,op1> 2.487950423072251E-4
<368,109,1,op4> 7.309017892481243E-5
<369,110,22,op7> 0.003519598996629134
<370,109,0,op4> 8.17101508864611E-5
<371,57,0,op4> 9.53076990939429E-4
<372,26,3,op1> 0.0023674293740165325
<373,67,0,op4> 8.712948068984219E-4
<374,94,1,op7> 1.427170208682579E-4
<375,94,0,op7> 1.5954851227286817E-4
<376,109,22,op7> 0.002752682483744965
<377,88,22,op3> 0.004186666581220151
<378,95,0,op4> 9.309265946765965E-5
<379,16,0,op1> 0.0010045483930190477
<380,95,1,op4> 8.32718953919505E-5
<381,13,1,op6> 8.015124531284785E-4
<382,67,2,op5> 0.0031095179733965556
<383,66,0,op7> 0.005274836020608535
<384,54,0,op4> 0.0010663138611500542
<385,96,1,op1> 2.5100655379440044E-4
<386,12,0,op7> 0.0012631545463135882
<387,53,1,op6> 0.003901318466039268
<388,93,1,op7> 1.4395266607058048E-4
<389,68,0,op4> 8.901676186001929E-4
<390,83,22,op3> 0.004531248192843208
<391,93,0,op7> 1.6092988467349907E-4
<392,17,0,op1> 9.72316893777795E-4
<393,109,0,op7> 1.3882792626340477E-4
<394,109,1,op7> 1.241823428334192E-4
<395,55,3,op3> 0.0028894674756300654
<396,68,5,op5> 0.004278631780626592
<397,13,2,op8> 0.00312354347755564
<398,94,0,op4> 9.390569579488813E-5
<399,94,1,op4> 8.399916085388893E-5
<400,37,10,op5> 0.003499222575806567
<401,44,2,op2> 0.004732553843970121
<402,112,22,op1> 4.880267916969352E-5
<403,14,1,op6> 8.099940663890973E-4
<404,110,22,op3> 0.001588847547049723
<405,56,6,op2> 0.004401079380020419
<406,95,1,op1> 2.532180652815758E-4
<407,84,22,op3> 0.004703538998654737
<408,70,16,op5> 0.0015506995637565063
<409,13,0,op7> 0.001224288252580863
<410,92,1,op7> 1.4518831127290305E-4
<411,92,0,op7> 1.6231125707412997E-4
<412,9,1,op6> 7.421411603041468E-4
<413,31,0,op4> 5.378751335004698E-4
<414,46,2,op2> 0.004790444410868838
<415,45,0,op4> 0.001022277300512589
<416,93,1,op1> 2.5764108825592646E-4
<417,24,1,op6> 5.979537348736268E-4
<418,92,1,op4> 8.545369177776579E-5
<419,23,2,op8> 0.002297209224234042
<420,92,0,op4> 9.553176844934505E-5
<421,8,0,op7> 0.001146555665115411
<422,102,22,op1> 4.147263249598461E-5
<423,13,0,op1> 0.0010152922260994654
<424,45,3,op3> 0.0030588825067744997
<425,11,0,op4> 5.4207739855988186E-5
<426,10,1,op6> 0.0010220343979045678
<427,30,0,op4> 5.064204473308518E-4
<428,101,22,op3> 0.0013539206723886747
<429,94,1,op1> 2.5542957676875114E-4
<430,44,0,op4> 0.0010285682377465125
<431,93,1,op4> 8.472642631582737E-5
<432,93,0,op4> 9.471873212211659E-5
<433,9,0,op7> 0.0011336002338711692
<434,23,1,op6> 5.894721216130079E-4
<435,103,22,op1> 4.108684056578941E-5
<436,10,0,op4> 6.768945754037903E-5
<437,8,0,op4> 4.971383396119124E-5
<438,63,23,op5> 0.002263118660163494
<439,4,0,op7> 0.0011206448026269274
<440,33,0,op4> 3.7431076541845565E-4
<441,77,23,op5> 0.0018033104244477367
<442,21,0,op7> 0.0012761099775578304
<443,7,1,op6> 6.912514807404338E-4
<444,6,0,op7> 0.0010688230776499594
<445,100,22,op7> 0.0030265812383464537
<446,40,23,op5> 9.69907997212926E-4
<447,11,0,op7> 0.0012501991150693464
<448,48,2,op2> 0.004674663277071404
<449,43,0,op4> 4.0576545158807373E-4
<450,14,3,op1> 0.003118475934049364
<451,15,0,op1> 9.938045599386304E-4
<452,15,3,op1> 0.003020513339262473
<453,104,22,op1> 4.070104863559421E-5
<454,22,1,op6> 5.809905083523891E-4
<455,6,1,op6> 6.997330940010526E-4
<456,81,5,op2> 0.002703690020184082
<457,25,0,op1> 7.681840652498602E-4
<458,43,3,op3> 0.0012141410565351092
<459,9,0,op4> 4.915209572434162E-5
<460,8,1,op6> 7.506227735647654E-4
<461,10,0,op7> 0.001561129464931153
<462,101,22,op7> 0.002999191362886305
<463,42,0,op4> 4.1205638882199733E-4
<464,14,0,op1> 0.0010260360591798831
<465,104,22,op3> 0.0013044623829863487
<466,91,1,op4> 0.0019152159854554244
<467,7,0,op7> 0.0010558676464057176
<468,21,1,op6> 8.354389061709538E-4
<469,105,22,op1> 4.0315256705399E-5
<470,11,1,op6> 8.184756796497161E-4
<471,24,0,op1> 7.574402321694424E-4
<472,102,22,op7> 0.0029444116119660066
<473,54,23,op5> 0.002435546748556903
<474,35,0,op4> 3.617288909506084E-4
<475,6,0,op4> 4.634340454009353E-5
<476,22,3,op1> 0.0022368125809673445
<477,23,0,op1> 7.466963990890248E-4
<478,79,23,op5> 0.0017745724097155016
<479,4,1,op6> 7.336595470435281E-4
<480,89,23,op5> 0.0017602034023493842
<481,106,22,op1> 3.9929464775203794E-5
<482,67,23,op5> 0.0019901075202072628
<483,49,0,op4> 0.0010096954260447417
<484,5,0,op7> 0.0010947339401384433
<485,61,23,op5> 0.002291856674895729
<486,34,0,op4> 3.806017026523792E-4
<487,7,0,op4> 4.578166630324392E-5
<488,21,0,op1> 0.001058267558421136
<489,106,22,op3> 0.0012797332382851855
<490,107,22,op1> 3.954367284500858E-5
<491,47,0,op4> 0.0010348591749804361
<492,2,0,op7> 0.0010040459214287498
<493,35,2,op8> 0.002227974346142465
<494,20,0,op1> 0.0010690113915015535
<495,4,0,op4> 4.859035748749201E-5
<496,78,22,op3> 0.004290041064707068
<497,3,0,op4> 4.2972975118995825E-5
<498,37,0,op4> 3.931835771202266E-4
<499,108,22,op1> 3.9157880914813376E-5
<500,2,1,op6> 6.573250276979586E-4
<501,64,23,op5> 0.002220011638065142
<502,65,17,op5> 7.712903589364822E-4
<503,3,0,op7> 9.91090490184508E-4
<504,70,23,op5> 0.002047583549671733
<505,46,0,op4> 0.0010411501122143598
<506,81,23,op5> 0.001918262483376676
<507,34,2,op8> 0.0023442164859412023
<508,5,0,op4> 4.746688101379276E-5
<509,42,23,op5> 9.41169982480691E-4
<510,36,0,op4> 3.68019828184532E-4
<511,109,22,op1> 3.877208898461817E-5
<512,3,1,op6> 6.488434144373398E-4
<513,78,23,op5> 0.001788941417081619

