<0,12,0,op3> 0.0010185121304045715
<1,58,20,op8> 0.001098650152806293
<2,25,1,op1> 0.001355034684918449
<3,42,0,op7> 0.005460531443979322
<4,24,7,op7> 0.003283705661034718
<5,70,21,op6> 0.0033991449672478267
<6,35,20,op7> 0.09073195071571544
<7,9,20,op4> 0.007638863485563402
<8,40,4,op4> 0.0036590249376950742
<9,6,6,op7> 8.354439923773359E-4
<10,48,19,op7> 7.332418871334657E-4
<11,16,20,op4> 0.009147774791353704
<12,80,22,op1> 7.536559041185058E-4
<13,73,0,op1> 0.0015900842900839216
<14,49,0,op1> 0.0038535925559988367
<15,24,7,op5> 0.0041616756573053795
<16,64,23,op6> 0.007579500200940415
<17,6,6,op4> 9.51878502472872E-4
<18,11,20,op4> 0.009430695661189386
<19,19,20,op4> 0.008676240008294235
<20,9,0,op7> 4.56042658607968E-4
<21,23,5,op5> 0.004492404848614415
<22,12,20,op8> 0.001246782757679052
<23,41,0,op7> 0.005565541664055849
<24,5,2,op6> 0.003477899798818485
<25,52,3,op4> 7.457962258179555E-4
<26,73,5,op1> 4.370152108606508E-4
<27,39,1,op1> 0.0010324073789854846
<28,72,0,op1> 0.0015522251403200188
<29,80,22,op6> 0.003165354797297724
<30,28,12,op5> 0.0016812067224876034
<31,42,23,op5> 0.002342665105105677
<32,36,4,op4> 0.0030491874480792287
<33,36,0,op7> 0.004725459903443645
<34,50,4,op7> 0.0012059528124157104
<35,5,6,op4> 9.647417254792621E-4
<36,70,5,op7> 0.0020550120034518696
<37,32,26,op5> 0.0013694251403662283
<38,65,5,op4> 0.001772766019883912
<39,21,6,op4> 0.0013120487466517967
<40,40,0,op7> 0.0056705518841323735
<41,51,2,op5> 8.643866522329006E-4
<42,53,4,op1> 2.3720394161565216E-4
<43,15,2,op3> 8.92556929220347E-4
<44,10,2,op6> 0.005379151688839258
<45,47,0,op1> 0.003993723194398794
<46,32,4,op7> 7.574579648230908E-4
<47,46,2,op5> 8.49610812023791E-4
<48,69,3,op4> 3.6657780591052054E-4
<49,12,6,op4> 0.0012991855236454063
<50,10,6,op4> 0.001492133868741259
<51,8,2,op3> 7.716898450550918E-4
<52,72,3,op4> 5.182651738734944E-4
<53,53,0,op1> 0.0041688864923987426
<54,71,21,op6> 0.0034421721187319755
<55,75,19,op4> 0.0025563432742958664
<56,34,8,op5> 0.0049884986355779705
<57,10,5,op4> 0.0019584843648241318
<58,35,1,op5> 0.0038309464659963418
<59,0,1,op3> 9.084646470219092E-4
<60,53,3,op4> 7.52116532816413E-4
<61,33,0,op1> 2.804487745657788E-4
<62,16,6,op7> 0.0010951090170351564
<63,66,2,op3> 5.29955676724581E-4
<64,55,19,op7> 6.143377973280389E-4
<65,13,5,op4> 0.0016545816185583179
<66,63,5,op7> 0.0027833706882196205
<67,51,4,op7> 0.0011660866037408108
<68,69,5,op1> 3.0174859797521124E-4
<69,6,0,op3> 7.462366103954287E-4
<70,26,1,op4> 0.00190406938968995
<71,79,22,op6> 0.00235962812162194
<72,71,5,op7> 0.002081024813622147
<73,23,5,op7> 0.0035446624023089996
<74,71,0,op1> 0.0015143659905561156
<75,37,21,op5> 0.0018465713181421218
<76,52,2,op5> 8.717745723374553E-4
<77,54,4,op1> 2.391972520493971E-4
<78,54,0,op1> 0.004203919151998731
<79,39,20,op5> 0.00201193591379664
<80,19,6,op7> 0.0010386600986312825
<81,4,5,op4> 0.0013000284145815355
<82,67,21,op6> 0.002409520483112383
<83,12,28,op5> 0.0011003466993293096
<84,79,1,op3> 5.246063454633559E-4
<85,74,19,op4> 0.0025266183525017283
<86,37,2,op1> 6.943646185157565E-4
<87,35,0,op7> 0.004620449683367119
<88,74,22,op1> 0.0011647409427286
<89,80,19,op4> 0.0016348706986775885
<90,49,20,op8> 0.0013578822113336207
<91,32,0,op1> 4.633501492825912E-4
<92,73,3,op4> 5.30905787870409E-4
<93,72,21,op1> 8.400539099286371E-4
<94,50,3,op4> 7.647571468133271E-4
<95,42,4,op4> 0.00352350549555822
<96,7,6,op7> 8.128644250157861E-4
<97,51,0,op1> 0.0040988211731987625
<98,61,4,op7> 0.001086354186391012
<99,59,20,op8> 0.0010863057690668968
<100,71,5,op1> 4.1620496272442935E-4
<101,37,2,op5> 3.620080851231806E-4
<102,76,19,op4> 0.002586068196090004
<103,64,28,op5> 0.0011330302646559225
<104,51,4,op1> 2.332173207481622E-4
<105,55,20,op8> 0.0011480276877638795
<106,37,1,op1> 0.0010539158660476825
<107,45,0,op1> 0.003923657875198816
<108,7,5,op4> 0.0012156109850632536
<109,37,0,op7> 0.005145500783749746
<110,70,3,op4> 4.993042528781227E-4
<111,51,3,op4> 7.394759188194983E-4
<112,72,5,op1> 4.2661008679254007E-4
<113,30,20,op8> 9.011400129759483E-4
<114,44,20,op8> 0.0013949153625518104
<115,27,11,op7> 0.00119605173084046
<116,50,2,op5> 8.939383326511193E-4
<117,52,0,op1> 0.0041338538327987525
<118,71,3,op4> 5.0562455987658E-4
<119,23,1,op4> 0.0018148161370482334
<120,38,2,op1> 7.085353250160781E-4
<121,52,4,op1> 2.3521063118190716E-4
<122,76,1,op3> 0.001113189074519804
<123,65,2,op3> 9.762341413347545E-4
<124,49,2,op5> 8.126712115010176E-4
<125,64,5,op7> 0.00270533225770879
<126,39,19,op7> 3.1707757281447166E-4
<127,76,3,op4> 5.498667088657808E-4
<128,63,2,op6> 0.0049618037129810395
<129,18,1,op3> 0.0012155512882687516
<130,10,28,op5> 0.0012637645259623756
<131,66,5,op4> 9.623586965084094E-4
<132,61,2,op5> 8.05283291396463E-4
<133,77,1,op3> 5.501968989005928E-4
<134,44,0,op1> 0.003958690534798806
<135,29,13,op7> 9.350949895661779E-4
<136,53,4,op7> 0.001186019708078261
<137,66,23,op6> 0.0041541491485923435
<138,50,0,op1> 0.004238951811598721
<139,77,3,op4> 2.717732009336618E-4
<140,35,2,op5> 3.2506848460040703E-4
<141,50,4,op1> 2.4119056248314205E-4
<142,11,27,op5> 0.0012984066745086462
<143,34,8,op7> 0.003936097514220424
<144,80,1,op3> 7.037402195240142E-4
<145,21,0,op3> 0.0010285964089234289
<146,20,15,op7> 6.741382482918955E-4
<147,37,19,op7> 3.2368335558143985E-4
<148,10,19,op8> 2.5500452984945205E-4
<149,74,1,op3> 0.0010875985210825672
<150,74,3,op4> 5.372260948688663E-4
<151,17,28,op5> 0.0010240850469005456
<152,72,5,op7> 0.0021330504339627005
<153,73,5,op7> 0.002185076054303254
<154,31,1,op1> 0.0016776619908514129
<155,17,2,op6> 0.004358967747852501
<156,0,0,op7> 3.997410958168608E-4
<157,38,22,op5> 0.002177300509451159
<158,13,2,op6> 0.0045444557371228204
<159,38,19,op7> 3.30289138348408E-4
<160,41,1,op1> 0.0011399498142964728
<161,75,1,op3> 0.0011003937978011856
<162,75,3,op4> 5.435464018673236E-4
<163,38,0,op7> 0.005250511003826272
<164,4,2,op6> 0.003570643793453645
<165,65,23,op6> 0.0076523800105648436
<166,11,19,op8> 2.1983149124952758E-4
<167,30,1,op1> 0.0015701195555404247
<168,45,2,op5> 8.274470517101271E-4
<169,10,20,op8> 0.00143194851377
<170,58,4,op7> 8.870231430165143E-4
<171,65,2,op6> 0.0048690597183458795
<172,24,4,op7> 6.179262344609424E-4
<173,37,4,op4> 0.0033202263323529376
<174,25,9,op5> 0.004823134039923452
<175,74,22,op6> 0.00489191195946012
<176,32,1,op1> 0.0016346450167270177
<177,28,0,op1> 4.023830243769871E-4
<178,59,2,op5> 6.501369692008141E-4
<179,28,3,op1> 3.9224795911307995E-4
<180,6,2,op3> 6.880126329406841E-4
<181,46,20,op8> 0.0014196041300306033
<182,20,20,op4> 0.009713616531025067
<183,28,1,op1> 0.0014195601461050417
<184,25,4,op7> 6.278927866296674E-4
<185,27,1,op4> 0.0019338204739038553
<186,2,2,op6> 0.0031996678149130062
<187,59,4,op7> 8.770565908477894E-4
<188,25,9,op7> 0.003805619143583282
<189,18,6,op4> 0.0012220061856070652
<190,29,3,op1> 3.9819111000873253E-4
<191,29,1,op1> 0.001441068633167239
<192,7,2,op6> 0.0033387838068657453
<193,63,23,op6> 0.007798139629813696
<194,29,0,op1> 4.084797368675474E-4
<195,56,4,op7> 9.06956247353964E-4
<196,57,3,op4> 5.688276298611525E-4
<197,61,0,op1> 0.003818559896398848
<198,26,3,op7> 0.001901808286608872
<199,78,3,op4> 2.654528939352045E-4
<200,28,12,op7> 0.0013265301014776013
<201,35,3,op7> 0.002631313807849012
<202,34,1,op1> 0.0010108988919232873
<203,12,6,op7> 0.0011402681517582555
<204,59,4,op1> 1.7541131816955788E-4
<205,57,2,op5> 6.649128094099235E-4
<206,0,20,op8> 8.764512454971553E-4
<207,28,1,op4> 0.001963571558117761
<208,78,1,op3> 5.374016221819744E-4
<209,75,22,op6> 0.004949463864865534
<210,58,3,op4> 5.625073228626954E-4
<211,57,4,op7> 8.969896951852392E-4
<212,39,4,op4> 0.0032524666112845107
<213,27,3,op7> 0.0019315240410871356
<214,79,3,op4> 2.591325869367472E-4
<215,60,19,op8> 2.374180105494898E-4
<216,58,2,op5> 6.575248893053689E-4
<217,46,4,op1> 2.2923069988067221E-4
<218,30,1,op4> 0.002171829147615099
<219,29,1,op4> 0.0019933226423316662
<220,59,3,op4> 5.561870158642381E-4
<221,55,2,op5> 6.870765697235875E-4
<222,12,2,op6> 0.00468357172907556
<223,60,20,op8> 0.0013331934438548276
<224,0,0,op1> 4.328665868297891E-4
<225,17,20,op8> 0.001160372071503276
<226,63,23,op1> 0.0018566999118604039
<227,25,1,op4> 0.0018743183054760447
<228,57,4,op1> 1.793979390370478E-4
<229,51,20,op8> 0.0014442928975093965
<230,54,4,op7> 0.0011959862602469856
<231,11,20,op8> 0.001234438373939655
<232,28,3,op7> 0.0019612397955653996
<233,14,20,op8> 0.0012220939902002586
<234,20,20,op8> 0.0012714715251578449
<235,56,3,op4> 5.751479368596098E-4
<236,30,16,op7> 8.046166189290368E-4
<237,26,10,op5> 0.0036655818703418236
<238,58,0,op1> 0.003117906704399059
<239,56,2,op5> 6.723007295144781E-4
<240,40,25,op5> 0.0026733942964147135
<241,72,21,op6> 0.0035282264217002756
<242,58,4,op1> 1.7740462860330286E-4
<243,55,4,op7> 9.268893516914138E-4
<244,77,19,op4> 0.0012781716371479332
<245,29,3,op7> 0.0019909555500436625
<246,21,2,op3> 9.48341737296619E-4
<247,59,0,op1> 0.0030828740447990696
<248,8,28,op5> 9.042453073696306E-4
<249,55,0,op1> 0.0032580373427990167
<250,55,4,op1> 1.8537787033828275E-4
<251,2,6,op7> 7.789950739734618E-4
<252,57,0,op1> 0.0031529393639990484
<253,32,1,op4> 0.002261082400256816
<254,53,2,op5> 8.7916249244201E-4
<255,52,4,op7> 0.0011760531559095358
<256,54,3,op4> 7.5843683981487E-4
<257,56,0,op1> 0.0031879720235990375
<258,56,4,op1> 1.8139124947079283E-4
<259,54,2,op5> 8.865504125465647E-4
<260,55,3,op4> 5.877885508565242E-4
<261,20,1,op3> 0.001317913502017699
<262,43,0,op1> 0.0017866656395994606
<263,8,0,op8> 4.851038385347905E-5
<264,31,1,op4> 0.002320584568684627
<265,33,20,op8> 5.678416520122413E-4
<266,67,5,op7> 0.0014567173695355026
<267,3,20,op4> 0.006412873049608781
<268,8,6,op7> 9.37052045504309E-4
<269,11,0,op3> 0.0010084278518857144
<270,48,0,op1> 0.003888625215598826
<271,16,0,op7> 5.461251590737395E-4
<272,31,19,op7> 3.503227007100677E-4
<273,44,4,op7> 0.0011262203950659112
<274,11,1,op3> 0.0012795276718618436
<275,12,6,op1> 2.2805363035165112E-4
<276,57,20,op8> 0.0011109945365456897
<277,21,2,op6> 0.004729943726393141
<278,10,0,op7> 6.53098128376843E-4
<279,15,2,op6> 0.0044517117424876605
<280,1,1,op3> 8.956693703032907E-4
<281,29,20,op8> 8.270737105395689E-4
<282,11,6,op4> 0.001286322300639016
<283,8,0,op7> 4.673029711661894E-4
<284,32,4,op1> 1.5149159296461818E-4
<285,33,3,op7> 0.0013669247060001265
<286,13,0,op1> 5.974778240749202E-4
<287,52,19,op7> 7.794823665022428E-4
<288,10,2,op3> 0.0010785062894745861
<289,9,6,op4> 0.0010419210635176032
<290,7,0,op8> 4.2081296836752904E-5
<291,7,2,op8> 6.163094882323892E-5
<292,9,0,op8> 4.734145894134702E-5
<293,10,0,op3> 0.001169776308187429
<294,11,0,op1> 6.09671249056041E-4
<295,24,20,op8> 7.653517918425861E-4
<296,11,6,op1> 2.2579567361549614E-4
<297,52,20,op8> 0.0014566372812487931
<298,9,6,op7> 9.144724781427595E-4
<299,31,0,op1> 4.75543574263712E-4
<300,12,0,op1> 6.157679615466013E-4
<301,31,3,op1> 4.6356576986091263E-4
<302,8,2,op8> 7.104678822678931E-5
<303,11,6,op7> 0.0011289783680774807
<304,69,21,op6> 0.002495574786080683
<305,33,1,op4> 0.0013685498738396514
<306,7,0,op1> 4.389632993203495E-4
<307,1,20,op4> 0.00660148696283257
<308,6,0,op7> 4.1663156465419297E-4
<309,77,22,op6> 0.0024747319324327664
<310,18,0,op3> 9.580064592914286E-4
<311,18,20,op4> 0.008959160878129917
<312,11,0,op7> 5.630156279110715E-4
<313,0,20,op4> 0.0066957939194444635
<314,8,20,op8> 0.001024583850369914
<315,35,1,op1> 9.463734307366943E-4
<316,13,0,op3> 9.882592948480002E-4
<317,13,2,op3> 9.11151865245771E-4
<318,50,20,op8> 0.0014936704324669825
<319,14,6,op1> 2.235377168793412E-4
<320,15,0,op1> 5.852843990937994E-4
<321,14,0,op3> 9.983435733668573E-4
<322,8,0,op3> 8.36995117065143E-4
<323,9,6,op1> 1.828944956285519E-4
<324,15,0,op7> 5.404950027946287E-4
<325,34,3,op1> 2.793280920956781E-4
<326,1,0,op1> 4.267698743392287E-4
<327,6,2,op6> 0.0034315278015009053
<328,13,6,op4> 0.0012605958546262359
<329,11,0,op8> 5.8446245606601255E-5
<330,51,19,op8> 2.572028447619473E-4
<331,35,4,op4> 0.002981427727010802
<332,7,6,op4> 9.261520564600916E-4
<333,5,0,op8> 4.383468420495094E-5
<334,44,2,op5> 8.348349718146817E-4
<335,5,2,op8> 6.419890502420721E-5
<336,31,3,op7> 0.002317828849304563
<337,69,5,op7> 0.001508742989876056
<338,9,0,op1> 4.938337117353932E-4
<339,10,6,op7> 0.0013096149069698779
<340,17,6,op1> 2.122479331985664E-4
<341,8,2,op6> 0.003848875777359124
<342,34,0,op1> 2.8654548705633925E-4
<343,1,0,op7> 3.941109395377501E-4
<344,13,6,op1> 2.2127976014318625E-4
<345,12,2,op3> 9.390442692839068E-4
<346,9,1,op3> 0.0010364174142080936
<347,14,0,op1> 6.035745365654806E-4
<348,9,0,op3> 8.168265600274288E-4
<349,76,22,op6> 0.005007015770270946
<350,5,20,op8> 9.258287804547413E-4
<351,33,3,op1> 2.7338494120002536E-4
<352,73,21,op6> 0.0036142807246685744
<353,7,0,op7> 4.0537125209597145E-4
<354,8,5,op4> 0.0014013293300034733
<355,10,2,op8> 9.929430643744049E-5
<356,33,1,op1> 9.893904048610895E-4
<357,10,0,op8> 6.779764490365746E-5
<358,26,10,op7> 0.002892270549123294
<359,12,5,op4> 0.001705232076269287
<360,6,2,op8> 6.334291962388445E-5
<361,8,6,op4> 0.0010676475095303835
<362,6,0,op8> 4.3250221748884935E-5
<363,30,3,op7> 0.002169250076913244
<364,78,22,op6> 0.0024171800270273536
<365,4,0,op7> 4.33522033491525E-4
<366,51,19,op7> 7.728765837352746E-4
<367,4,6,op7> 8.693133434196604E-4
<368,3,0,op8> 3.974344701248886E-5
<369,78,19,op4> 0.0012484467153537951
<370,33,6,op7> 0.0034141840316718585
<371,5,5,op4> 0.0012662614427742227
<372,79,27,op5> 5.323467365485449E-4
<373,2,5,op4> 0.0011649605273522851
<374,47,20,op8> 0.0014072597462912067
<375,7,6,op1> 1.6257288500315723E-4
<376,5,6,op7> 8.467337760581107E-4
<377,36,2,op1> 6.376817925144703E-4
<378,36,1,op1> 9.67881917798892E-4
<379,5,0,op7> 4.222617209333037E-4
<380,17,6,op4> 0.0012091429626006752
<381,34,1,op4> 0.001398300958053557
<382,50,19,op7> 7.992997148031473E-4
<383,33,6,op5> 0.004327040252959898
<384,4,2,op8> 6.591087582485273E-5
<385,6,5,op4> 0.0012493779568705666
<386,4,0,op8> 4.500360911708296E-5
<387,8,6,op1> 1.8741040910086183E-4
<388,35,2,op1> 6.235110860141487E-4
<389,7,2,op3> 6.694176969152602E-4
<390,7,0,op3> 7.260680533577144E-4
<391,50,19,op8> 2.6599610441192833E-4
<392,8,0,op1> 5.06027136716514E-4
<393,5,6,op1> 1.6934675521162215E-4
<394,39,2,op1> 6.801939120154349E-4
<395,4,2,op3> 7.1590503697882E-4
<396,10,6,op1> 2.6192298139397557E-4
<397,31,19,op8> 1.7146856317463156E-4
<398,10,0,op1> 7.072186489050075E-4
<399,2,0,op7> 3.8848078325863934E-4
<400,79,22,op1> 5.618162194337952E-4
<401,49,4,op7> 0.0010963207385597368
<402,3,6,op4> 8.74699164434531E-4
<403,1,0,op8> 4.091237192462088E-5
<404,5,0,op1> 4.572534367920307E-4
<405,77,27,op5> 5.583148700387179E-4
<406,17,0,op3> 9.479221807725716E-4
<407,4,0,op3> 7.764894459520002E-4
<408,36,2,op5> 3.324564047049617E-4
<409,3,0,op7> 3.828506269795287E-4
<410,6,6,op1> 1.6708879847546717E-4
<411,3,1,op3> 8.700788168660538E-4
<412,13,20,op8> 0.001209749606460862
<413,38,1,op1> 0.0010754243531098798
<414,3,6,op7> 7.677052902926871E-4
<415,79,19,op4> 0.0012187217935596569
<416,48,4,op7> 0.0011062872907284616
<417,2,2,op8> 5.906299262227063E-5
<418,34,3,op7> 0.0013966404604783904
<419,4,6,op4> 9.904681714920423E-4
<420,2,0,op8> 4.0327909468554864E-5
<421,6,0,op1> 4.5115672430147034E-4
<422,5,2,op3> 6.973101009533961E-4
<423,25,26,op5> 0.0011351813663562152
<424,78,27,op5> 5.453308032936314E-4
<425,5,0,op3> 7.563208889142859E-4
<426,60,4,op7> 0.001076387634222287
<427,22,26,op5> 0.0010811251108154432
<428,75,27,op5> 0.0011166297400774358
<429,64,23,op1> 0.001804642904985813
<430,16,1,op3> 0.0012411418417059886
<431,77,22,op1> 5.892218886744682E-4
<432,4,19,op8> 1.6927024826213626E-4
<433,56,19,op7> 6.011262317941025E-4
<434,13,19,op8> 2.1543486142453706E-4
<435,34,20,op8> 5.80186035751638E-4
<436,64,19,op8> 2.286247508995087E-4
<437,36,19,op7> 2.972602245135671E-4
<438,54,20,op8> 0.001481326048727586
<439,14,28,op5> 0.0010785576557782342
<440,55,19,op8> 2.044432868620607E-4
<441,54,19,op8> 2.6379778949943314E-4
<442,76,27,op5> 0.001129613806822522
<443,34,19,op8> 1.03320800887278E-4
<444,12,19,op8> 2.220298061620229E-4
<445,36,19,op5> 3.5828995725145646E-4
<446,31,20,op8> 9.62861931672931E-4
<447,78,22,op1> 5.755190540541319E-4
<448,53,20,op8> 0.00146898166498819
<449,13,28,op5> 0.0010676631340026965
<450,33,19,op8> 1.011224859747827E-4
<451,53,19,op8> 2.6159947458693795E-4
<452,54,19,op7> 7.926939320361792E-4
<453,32,20,op8> 9.38173164194138E-4
<454,15,19,op8> 2.1103823159954651E-4
<455,75,22,op1> 0.0011784437773489367
<456,62,20,op8> 0.0013085046763760347
<457,21,20,op8> 0.0012591271414184484
<458,16,27,op5> 0.001259454474273387
<459,34,19,op7> 2.1109188376119463E-4
<460,53,19,op7> 7.86088149269211E-4
<461,34,26,op5> 8.468813368054305E-4
<462,74,27,op5> 0.0011036456733323494
<463,52,19,op8> 2.594011596744426E-4
<464,14,2,op6> 0.004590827734440401
<465,14,19,op8> 2.176331763370323E-4
<466,76,22,op1> 0.0011921466119692728
<467,33,19,op7> 2.066005670854245E-4
<468,15,28,op5> 0.0010458740904516206
<469,33,26,op5> 8.288625849585063E-4
<470,28,19,op7> 2.964269006008266E-4
<471,32,19,op8> 1.67071933349641E-4
<472,73,21,op1> 8.60543029682994E-4
<473,17,19,op8> 2.06641601774556E-4
<474,15,6,op4> 0.0012348694086134556
<475,45,19,op7> 7.39847669900434E-4
<476,16,20,op8> 0.0011974052227214655
<477,2,28,op5> 7.517220025121026E-4
<478,59,19,op8> 1.934517122995843E-4
<479,70,5,op1> 4.11002400690374E-4
<480,18,27,op5> 0.0012334863407832141
<481,70,0,op1> 0.0014954364156741643
<482,32,19,op7> 3.413400673585276E-4
<483,32,17,op7> 4.131815070176135E-4
<484,30,19,op7> 3.278661173312172E-4
<485,22,4,op5> 0.004657769444268933
<486,59,19,op7> 5.813088834931981E-4
<487,16,19,op8> 2.132365465120418E-4
<488,15,20,op8> 0.0011850608389820689
<489,30,19,op8> 1.6047698861215517E-4
<490,58,19,op8> 1.956500272120796E-4
<491,32,17,op5> 5.236545529059748E-4
<492,31,26,op5> 0.001405462644060076
<493,31,18,op7> 5.436598776547545E-4
<494,45,20,op8> 0.0013825709788124142
<495,71,21,op1> 8.195647901742799E-4
<496,58,19,op7> 5.879146662601663E-4
<497,30,3,op1> 4.338500153826489E-4
<498,19,19,op8> 2.022449719495654E-4
<499,30,0,op1> 4.450600118109099E-4
<500,40,19,op7> 3.567122694162806E-4
<501,43,4,op7> 5.082941606049688E-4
<502,57,19,op8> 1.9784834212457488E-4
<503,65,5,op7> 0.002731345067879067
<504,60,0,op1> 0.0037835272367988584
<505,19,20,op8> 0.0011356833040244826
<506,31,18,op5> 6.890191485604931E-4
<507,48,2,op5> 8.200591316055722E-4
<508,56,20,op8> 0.0011233389202850862
<509,30,26,op5> 0.0013153688848254559
<510,57,19,op7> 5.945204490271342E-4
<511,18,19,op8> 2.0883991668705127E-4
<512,56,19,op8> 2.0004665703707015E-4
<513,66,28,op5> 6.2098774120565E-4
<514,18,20,op8> 0.0011727164552426724
<515,30,16,op5> 0.0010197483398695299
<516,19,27,op5> 0.0011945341405479545
<517,62,3,op4> 6.699525418364686E-4
<518,63,0,op1> 6.523482364899638E-4
<519,63,5,op1> 5.566741376439241E-4
<520,20,27,op5> 0.0013373588747439056
<521,63,5,op4> 0.0018065329916912246
<522,64,0,op1> 6.340580990182826E-4
<523,64,5,op1> 5.410664515417581E-4
<524,17,0,op1> 5.730909741126785E-4
<525,63,2,op3> 9.948290773601784E-4
<526,22,1,op4> 0.001785065052834328
<527,62,2,op5> 7.831195310827987E-4
<528,2,0,op3> 6.95815217801143E-4
<529,64,5,op4> 0.0017558825339802555
<530,65,5,op1> 5.462690135758134E-4
<531,64,2,op3> 9.669366733220424E-4
<532,65,0,op1> 6.40154811508843E-4
<533,0,27,op5> 9.218687389011389E-4
<534,46,19,op7> 7.596650182013384E-4
<535,62,4,op7> 0.0010564545298848373
<536,67,0,op1> 0.001060056193389281
<537,64,2,op6> 0.004822687721028299
<538,66,5,op1> 2.965460359411559E-4
<539,66,0,op1> 3.4751261196194327E-4
<540,49,19,op7> 7.266361043664976E-4
<541,23,26,op5> 0.001099143862662367
<542,1,19,op8> 1.5388204387466932E-4
<543,23,19,op7> 2.7397031722197596E-4
<544,48,19,op8> 2.4401295528697566E-4
<545,18,0,op7> 5.34864846515518E-4
<546,22,19,op8> 1.3189889474971657E-4
<547,1,27,op5> 9.088846721560524E-4
<548,24,26,op5> 0.0011171626145092912
<549,64,20,op8> 0.0012838159088972413
<550,0,19,op8> 1.5608035878716462E-4
<551,4,28,op5> 8.388781767164042E-4
<552,20,0,op1> 6.279613865277222E-4
<553,24,19,op7> 2.784616338977461E-4
<554,60,4,op1> 2.152775268444574E-4
<555,49,19,op8> 2.4181464037448038E-4
<556,22,20,op8> 7.40663024363793E-4
<557,21,19,op8> 2.242281210745182E-4
<558,48,20,op8> 0.0013702265950730171
<559,23,19,op8> 1.3409720966221184E-4
<560,60,3,op4> 6.825931558333832E-4
<561,20,19,op8> 2.2642643598701345E-4
<562,21,28,op5> 0.0011112412211048475
<563,21,14,op7> 0.001065573360203319
<564,61,4,op1> 2.1727083727820238E-4
<565,61,3,op4> 6.889134628318403E-4
<566,22,19,op7> 2.6947900054620597E-4
<567,60,2,op5> 7.978953712919082E-4
<568,62,4,op1> 2.1129090597696748E-4
<569,21,0,op1> 6.218646740371619E-4
<570,39,0,op7> 0.005040490563673221
<571,62,0,op1> 0.0037134619175988788
<572,18,0,op8> 5.552393332627119E-5
<573,68,5,op7> 0.0015347558000463333
<574,24,1,op1> 0.001333526197856251
<575,39,2,op5> 3.5462016501862576E-4
<576,2,0,op1> 4.2067316184866825E-4
<577,0,6,op4> 9.132888334537015E-4
<578,23,1,op1> 0.0013120177107940536
<579,2,6,op1> 1.5579901479469236E-4
<580,18,6,op7> 0.001072529449673607
<581,1,0,op3> 7.058994963200001E-4
<582,19,2,op7> 0.002761792178486153
<583,1,6,op1> 1.5805697153084734E-4
<584,0,0,op3> 7.159837748388574E-4
<585,19,0,op8> 5.3770545958073166E-5
<586,2,6,op4> 8.875623874409211E-4
<587,0,0,op8> 4.14968343806869E-5
<588,16,0,op8> 5.669285823840322E-5
<589,4,0,op1> 4.694468617731515E-4
<590,19,1,op3> 0.0011771654581128963
<591,3,0,op3> 6.857309392822858E-4
<592,19,0,op3> 9.277536237348573E-4
<593,42,2,op1> 7.368767380167211E-4
<594,17,2,op3> 8.739619931949231E-4
<595,4,6,op1> 1.7386266868393206E-4
<596,1,6,op7> 7.902848576542366E-4
<597,38,4,op4> 0.0033879860534213654
<598,17,2,op8> 8.04626276303397E-5
<599,19,6,op4> 0.0011834165165878951
<600,17,0,op8> 5.493947087020518E-5
<601,1,6,op4> 9.004256104473114E-4
<602,3,0,op1> 4.145764493581079E-4
<603,38,2,op5> 3.6939600522773526E-4
<604,17,6,op7> 0.001061239665992832
<605,40,1,op1> 0.0011614583013586704
<606,2,2,op3> 6.415252928771245E-4
<607,3,6,op1> 1.5354105805853743E-4
<608,17,0,op7> 5.292346902364073E-4
<609,0,6,op7> 8.015746413350115E-4
<610,18,0,op1> 5.791876866032389E-4
<611,18,6,op1> 2.1450588993472138E-4
<612,67,5,op1> 2.913434739071005E-4
<613,16,6,op4> 0.0012477326316198457
<614,14,0,op8> 5.786178315053525E-5
<615,14,2,op8> 8.474255463195352E-5
<616,12,0,op7> 5.686457841901822E-4
<617,14,6,op7> 0.0011176885843967059
<618,68,0,op1> 0.0011168449180351354
<619,47,3,op4> 7.205149978241265E-4
<620,14,0,op7> 5.573854716319609E-4
<621,19,0,op1> 5.608975491315578E-4
<622,19,6,op1> 2.0773201972625649E-4
<623,17,5,op4> 0.0015870476749436926
<624,68,5,op1> 3.0695116000926666E-4
<625,15,0,op8> 5.61083957823372E-5
<626,15,2,op8> 8.217459843098523E-5
<627,15,6,op7> 0.0010838192333543816
<628,69,0,op1> 0.001097915343153184
<629,66,2,op6> 0.002643203847102049
<630,67,3,op4> 3.5393719191360607E-4
<631,15,0,op3> 9.680907378102859E-4
<632,12,2,op8> 8.645452543259904E-5
<633,66,5,op7> 0.0014827301797057794
<634,16,0,op1> 5.913811115843597E-4
<635,14,5,op4> 0.0016714651044619742
<636,14,6,op4> 0.0012734590776326262
<637,12,0,op8> 5.903070806266727E-5
<638,68,3,op4> 3.728981129089778E-4
<639,14,2,op3> 9.204493332584829E-4
<640,0,6,op1> 1.6031492826700227E-4
<641,15,6,op1> 2.167638466708763E-4
<642,70,21,op1> 8.093202302971016E-4
<643,16,0,op3> 9.78175016329143E-4
<644,13,2,op8> 8.388656923163076E-5
<645,5,28,op5> 8.170891331653289E-4
<646,15,5,op4> 0.0016208146467510051
<647,13,0,op8> 5.727732069446924E-5
<648,13,6,op7> 0.001106398800715931
<649,13,0,op7> 5.517553153528501E-4
<650,68,21,op6> 0.0025386019375648323
<651,16,6,op1> 2.190218034070313E-4
<652,45,3,op4> 7.078743838272122E-4
<653,23,4,op7> 6.079596822922177E-4
<654,27,1,op1> 0.001398051659042844
<655,27,3,op1> 3.8630480821742714E-4
<656,27,0,op1> 3.962863118864266E-4
<657,46,0,op1> 0.004028755853998784
<658,66,23,op1> 9.890831306172245E-4
<659,26,19,op7> 2.874442672492864E-4
<660,25,4,op1> 1.255785573259335E-4
<661,44,3,op4> 7.141946908256693E-4
<662,22,4,op7> 0.0036751407729461406
<663,22,3,op7> 0.0017829452686958177
<664,24,1,op4> 0.001844567221262139
<665,26,3,op1> 3.803616573217744E-4
<666,43,2,op5> 3.7678392533228996E-4
<667,26,1,op1> 0.0013765431719806463
<668,26,0,op1> 3.9018959939586626E-4
<669,45,4,op1> 2.2325076857943732E-4
<670,24,4,op1> 1.235852468921885E-4
<671,21,6,op7> 0.0011515579354390306
<672,43,3,op4> 3.2233565692131973E-4
<673,42,2,op5> 3.841718454368446E-4
<674,9,20,op8> 9.998950828911208E-4
<675,21,0,op8> 5.961517051873329E-5
<676,21,2,op8> 8.731051083292181E-5
<677,25,0,op1> 3.840928869053058E-4
<678,44,4,op1> 2.252440790131823E-4
<679,23,4,op1> 1.2159193645844354E-4
<680,20,6,op7> 0.0011628477191198052
<681,41,2,op5> 3.9155976554139935E-4
<682,20,0,op8> 6.01996329747993E-5
<683,24,0,op1> 3.779961744147454E-4
<684,43,4,op1> 1.0165883212099377E-4
<685,49,3,op4> 6.952337698302976E-4
<686,61,19,op7> 7.200303215995294E-4
<687,22,1,op1> 0.001290509223731856
<688,22,0,op1> 3.6580274943362457E-4
<689,63,28,op5> 0.001165713829982536
<690,22,3,op1> 3.5658905373916355E-4
<691,61,19,op8> 2.3961632546198514E-4
<692,47,4,op7> 0.001136186947234636
<693,27,20,op8> 8.023849430607759E-4
<694,23,0,op1> 3.718994619241849E-4
<695,21,5,op4> 0.0017221155621729436
<696,60,19,op7> 7.134245388325612E-4
<697,48,3,op4> 7.015540768287548E-4
<698,21,6,op1> 2.3031158708780613E-4
<699,20,0,op3> 0.001038680687442286
<700,20,6,op4> 0.0013249119696581867

