<0,82,0,op4> 5.338466449005262E-4
<1,100,22,op6> 0.005617580058507867
<2,95,22,op6> 0.005815556448235015
<3,62,24,op3> 0.0032940967694603416
<4,100,0,op6> 7.343124877239981E-4
<5,119,0,op6> 0.00964847833424065
<6,77,5,op2> 0.00514993423637382
<7,114,0,op6> 0.009021501402773748
<8,87,2,op8> 0.0024586747022669764
<9,80,22,op4> 3.6488416120335573E-4
<10,65,24,op3> 0.0032741928614877713
<11,84,2,op8> 0.002475689752109654
<12,11,1,op7> 8.945721397093809E-4
<13,113,0,op6> 0.009369821920255358
<14,110,0,op6> 0.009439486023751682
<15,67,24,op3> 0.002935826425954081
<16,51,0,op6> 0.0011354347277141997
<17,33,10,op2> 2.840223934436614E-5
<18,52,0,op4> 6.754403786734255E-4
<19,84,5,op2> 0.005655210802961439
<20,70,0,op7> 6.869456265209881E-4
<21,94,29,op1> 0.006865049415534548
<22,102,22,op6> 0.005469097766212505
<23,95,0,op6> 7.601913419169145E-4
<24,77,2,op8> 0.0022544941041548403
<25,53,0,op2> 4.1828197691778945E-4
<26,35,7,op5> 0.0024997484300700377
<27,41,8,op8> 5.703651770159416E-4
<28,83,22,op4> 3.623054745517419E-4
<29,107,0,op6> 0.0073495629188620095
<30,83,5,op2> 0.005460873661966201
<31,62,8,op8> 0.0013582077236854438
<32,31,15,op1> 1.29991837278986E-4
<33,114,0,op7> 2.9669131550409526E-4
<34,73,0,op2> 3.6408205878196313E-4
<35,86,2,op3> 9.693020730729627E-4
<36,86,17,op8> 7.241782025610111E-4
<37,98,22,op6> 0.005667074155939653
<38,80,22,op5> 7.293022077957601E-4
<39,50,0,op7> 8.139058743268473E-4
<40,82,23,op1> 3.0441236711745225E-5
<41,1,15,op8> 6.291585484901292E-4
<42,117,0,op2> 3.004560679268628E-4
<43,49,1,op5> 0.0023064273914394865
<44,71,0,op6> 9.866313161049317E-4
<45,88,0,op2> 2.9338651338740727E-4
<46,70,8,op8> 0.001243314018962808
<47,45,0,op6> 0.0011095558735212837
<48,109,0,op6> 0.007210234711869367
<49,89,22,op6> 0.006211509227689315
<50,17,8,op8> 7.673258136833171E-4
<51,112,0,op6> 0.009300157816759037
<52,57,21,op1> 0.0016089636967592975
<53,52,0,op6> 0.0011419044412624287
<54,71,0,op7> 6.91479921085483E-4
<55,80,5,op2> 0.005499741090165248
<56,53,0,op7> 8.048372851978573E-4
<57,36,8,op5> 0.002950830853541322
<58,78,2,op8> 0.002220464004469484
<59,54,0,op2> 4.20638495097608E-4
<60,68,21,op1> 0.001508716737459653
<61,60,24,op3> 0.0033339045854054814
<62,43,22,op4> 1.7406134898393294E-4
<63,117,0,op6> 0.008882173195781102
<64,90,22,op6> 0.006063026935393954
<65,51,22,op4> 4.525595073582256E-4
<66,88,22,op6> 0.006162015130257528
<67,74,0,op2> 3.664385769617817E-4
<68,113,0,op7> 3.081465786509715E-4
<69,44,0,op2> 4.064993860186967E-4
<70,88,0,op6> 8.054793367545178E-4
<71,61,23,op5> 0.0015860636218491002
<72,78,0,op6> 8.442976180438921E-4
<73,72,24,op3> 0.003055249873789501
<74,14,22,op5> 5.076768018931618E-4
<75,94,22,op6> 0.005865050545666804
<76,12,8,op8> 8.24772666044635E-4
<77,81,23,op1> 3.109588696361071E-5
<78,5,15,op8> 6.754769692378687E-4
<79,51,0,op7> 7.957686960688672E-4
<80,51,8,op8> 0.0014402746556301835
<81,4,8,op8> 7.344990409054212E-4
<82,89,43,op1> 0.004489724322872529
<83,50,8,op8> 0.0014731014284080795
<84,0,22,op4> 2.1274164875814027E-4
<85,116,0,op2> 2.980995497470443E-4
<86,72,0,op6> 9.931010296531605E-4
<87,67,21,op1> 0.0014786426496697597
<88,11,2,op7> 6.848825495707308E-4
<89,103,22,op8> 1.137738312112063E-4
<90,98,25,op1> 0.006001294836384723
<91,1,6,op7> 8.06489315462451E-4
<92,85,5,op2> 0.005694078231160487
<93,118,0,op6> 0.009578814230744326
<94,56,23,op5> 0.0015201737384488408
<95,31,22,op5> 4.5613600982279E-4
<96,91,22,op6> 0.006013532837962164
<97,3,8,op8> 6.524321089606813E-4
<98,101,0,op2> 2.651082952295848E-4
<99,50,0,op4> 6.869209516820392E-4
<100,42,11,op8> 3.7648324754824194E-4
<101,1,16,op8> 2.289618448281424E-4
<102,101,40,op1> 0.005137540257234899
<103,70,0,op2> 3.570125042425076E-4
<104,10,15,op1> 1.4851764977614823E-4
<105,101,22,op6> 0.005568085961076079
<106,95,28,op1> 0.006649110770747093
<107,7,22,op5> 4.3551969299464126E-4
<108,75,23,op5> 0.001473109536020084
<109,53,24,op3> 0.0035329436651311817
<110,14,8,op8> 8.08359279655687E-4
<111,51,0,op2> 4.1356894055815226E-4
<112,80,23,op1> 3.087767021298888E-5
<113,63,21,op1> 0.0016691118723390847
<114,112,0,op7> 3.058555260215963E-4
<115,71,0,op2> 3.5936902242232616E-4
<116,41,11,op8> 3.819793533518659E-4
<117,115,0,op2> 3.098821406461369E-4
<118,25,16,op8> 2.0929641030302586E-4
<119,58,21,op1> 0.001598939000829333
<120,54,0,op7> 8.093715797623523E-4
<121,56,8,op8> 0.001325380950907548
<122,46,11,op8> 9.590704627323825E-4
<123,78,2,op3> 8.814907354426594E-4
<124,1,1,op7> 7.32739993832307E-4
<125,7,16,op8> 2.373898881960495E-4
<126,97,22,op6> 0.005716568253371441
<127,116,0,op6> 0.008812509092284782
<128,51,0,op1> 7.960995811029934E-5
<129,49,0,op7> 7.685629286818975E-4
<130,58,23,op5> 0.001501348057477338
<131,111,0,op6> 0.009509150127248005
<132,22,1,op7> 6.428332461228214E-4
<133,50,0,op6> 0.0011613135819071162
<134,46,22,op5> 8.993868216279868E-4
<135,19,8,op2> 5.532552136335138E-5
<136,11,15,op1> 1.196559202649939E-4
<137,13,15,op8> 7.526743371507681E-4
<138,49,11,op8> 9.315899337142626E-4
<139,55,24,op3> 0.0032343850455426306
<140,47,5,op5> 0.002693069468700588
<141,82,5,op2> 0.005422006233767153
<142,10,16,op3> 1.3773568696647483E-4
<143,38,12,op5> 0.0011465011596561824
<144,31,0,op2> 2.51081338093536E-4
<145,52,0,op2> 4.159254587379708E-4
<146,13,15,op1> 1.1725077613906437E-4
<147,51,0,op4> 6.716135210038878E-4
<148,111,0,op7> 3.127286839097221E-4
<149,72,0,op2> 3.617255406021446E-4
<150,66,24,op3> 0.002955730333926651
<151,99,39,op1> 0.0025462765197854227
<152,46,22,op4> 4.4998082070661177E-4
<153,114,0,op2> 3.051691042864999E-4
<154,8,1,op7> 8.226467415417925E-4
<155,52,0,op1> 8.006357610522981E-5
<156,78,17,op8> 6.585732086007798E-4
<157,70,0,op6> 9.801616025567027E-4
<158,118,0,op7> 3.1501973653909733E-4
<159,102,38,op1> 0.003625969743722704
<160,74,0,op7> 7.050828047789677E-4
<161,79,5,op2> 0.004994464523577629
<162,3,0,op4> 3.042351847282568E-4
<163,11,16,op3> 1.1096923767744327E-4
<164,12,15,op1> 1.2085849232795865E-4
<165,73,8,op8> 0.0012679340985462298
<166,91,32,op1> 0.008808497218621656
<167,40,8,op8> 5.785718702104157E-4
<168,71,23,op5> 0.0014354581740770788
<169,12,1,op7> 9.035628144803295E-4
<170,38,11,op8> 3.6549103594099396E-4
<171,94,0,op6> 7.666610554651436E-4
<172,3,1,op7> 7.147586442904099E-4
<173,72,23,op5> 0.0014448710145628305
<174,39,22,op5> 3.3243810885389774E-4
<175,74,23,op5> 0.0014636966955343326
<176,66,21,op1> 0.001488667345599724
<177,29,15,op8> 6.059993381162594E-4
<178,25,15,op8> 5.751203909510997E-4
<179,75,0,op6> 0.0010125101702978478
<180,1,22,op5> 4.200574553735297E-4
<181,57,24,op3> 0.0031945772295974904
<182,77,0,op2> 3.122386588259555E-4
<183,93,22,op6> 0.005914544643098591
<184,50,0,op2> 4.229950132774265E-4
<185,73,0,op6> 9.995707432013897E-4
<186,92,22,op6> 0.005964038740530378
<187,8,0,op5> 9.622894020856232E-4
<188,93,30,op1> 0.008160681284259287
<189,75,0,op7> 7.096170993434628E-4
<190,79,22,op4> 3.31361234732376E-4
<191,117,0,op7> 2.9210921024534477E-4
<192,67,23,op5> 0.0013883939716483223
<193,71,21,op1> 0.001528766129319582
<194,10,22,op5> 6.365287820690912E-4
<195,64,21,op1> 0.0016390377845491911
<196,98,0,op6> 7.407822012722271E-4
<197,76,21,op1> 0.0015788896089694042
<198,73,0,op7> 7.005485102144728E-4
<199,77,2,op3> 8.950001720011677E-4
<200,12,16,op3> 1.1208450639781958E-4
<201,17,9,op2> 5.47023728306702E-5
<202,75,8,op8> 0.0012843474849351779
<203,74,8,op8> 0.0012761407917407039
<204,50,0,op1> 8.142443009002128E-5
<205,39,11,op8> 3.544988243337459E-4
<206,52,11,op3> 3.8510025765241615E-4
<207,10,22,op4> 3.1846780147430696E-4
<208,78,5,op2> 0.005072199379975723
<209,76,0,op6> 0.0010189798838460768
<210,88,41,op1> 0.004921601612447441
<211,78,0,op2> 3.0752562246631835E-4
<212,81,2,op8> 0.00242464460258162
<213,77,0,op4> 5.070586412137615E-4
<214,17,16,op3> 1.0427762535518538E-4
<215,72,0,op7> 6.96014215649978E-4
<216,37,22,op5> 3.37592188060935E-4
<217,14,15,op1> 1.1845334820202914E-4
<218,17,12,op2> 2.1728291347624343E-5
<219,38,22,op4> 1.7148266233231915E-4
<220,13,16,op3> 1.0873870023669064E-4
<221,54,21,op1> 0.0017894082234986585
<222,34,11,op8> 3.4900271853012196E-4
<223,71,8,op8> 0.001251520712157282
<224,11,22,op5> 5.128308811001989E-4
<225,10,15,op8> 9.533874937243063E-4
<226,36,11,op8> 3.380105069228741E-4
<227,119,0,op2> 3.2637776790486674E-4
<228,10,16,op8> 3.4695445197884163E-4
<229,4,1,op7> 8.046653919998954E-4
<230,90,33,op1> 0.0016825219406355967
<231,54,0,op6> 0.0011548438683588872
<232,11,22,op4> 2.565793218355752E-4
<233,55,23,op5> 0.0015295865789345922
<234,74,24,op3> 0.003095057689734641
<235,11,0,op5> 0.0010464239946176995
<236,72,21,op1> 0.0015387908252495466
<237,52,0,op7> 8.003029906333621E-4
<238,12,16,op8> 2.823394528248873E-4
<239,75,0,op2> 3.6879509514160027E-4
<240,92,31,op1> 0.009240374508196569
<241,39,11,op3> 1.4073068905711526E-4
<242,54,24,op3> 0.0035528475731037524
<243,67,0,op7> 6.688084482630081E-4
<244,116,0,op7> 2.8981815761596955E-4
<245,15,15,op1> 1.1484563201313484E-4
<246,4,0,op5> 9.412557539526042E-4
<247,84,0,op4> 5.56807790917753E-4
<248,12,22,op5> 5.17984960307236E-4
<249,29,1,op7> 7.057679695194614E-4
<250,39,22,op4> 1.6632528902909148E-4
<251,14,16,op3> 1.0985396895706696E-4
<252,72,8,op8> 0.001259727405351756
<253,115,0,op6> 0.00916082960976639
<254,68,0,op6> 9.736918890084734E-4
<255,3,0,op5> 8.360875132875086E-4
<256,74,0,op6> 0.0010060404567496187
<257,29,15,op1> 1.1530349408362035E-4
<258,108,0,op6> 0.007279898815365689
<259,100,42,op1> 0.004705662967659985
<260,11,15,op8> 7.681138107333479E-4
<261,14,1,op7> 0.0016109996031397364
<262,37,11,op8> 3.5999493013737005E-4
<263,65,21,op1> 0.0016490624804791556
<264,87,0,op6> 9.34873607719099E-4
<265,11,16,op8> 2.795301050355849E-4
<266,42,8,op8> 5.621584838214677E-4
<267,118,0,op2> 3.2402124972504817E-4
<268,73,24,op3> 0.003075153781762071
<269,12,22,op4> 2.5915800848718903E-4
<270,64,23,op5> 0.0015389994194203434
<271,76,0,op2> 3.711516133214188E-4
<272,39,10,op5> 0.0022419870452293033
<273,115,0,op7> 3.012734207628457E-4
<274,58,24,op3> 0.0031746733216249205
<275,38,22,op5> 3.4274626726797213E-4
<276,15,22,op5> 4.922145642720502E-4
<277,24,1,op7> 6.608145956647186E-4
<278,119,23,op1> 3.0223019961123393E-5
<279,38,8,op8> 5.457450974325197E-4
<280,79,0,op6> 8.313581909474341E-4
<281,51,22,op5> 9.04540900835024E-4
<282,27,1,op2> 3.576355554789948E-5
<283,27,0,op2> 2.170364108944125E-4
<284,26,0,op4> 2.889277540501056E-4
<285,57,23,op5> 0.0015107608979630894
<286,13,8,op8> 8.001525864612131E-4
<287,27,3,op2> 3.276591177671349E-5
<288,17,1,op7> 8.406280910836897E-4
<289,99,0,op8> 1.7192810199123153E-4
<290,27,2,op2> 3.376512636710883E-5
<291,80,0,op6> 9.154644670744119E-4
<292,82,2,op8> 0.002373599453053586
<293,58,0,op7> 7.232199830369477E-4
<294,34,9,op5> 0.0028863905073311384
<295,8,8,op8> 7.509124272943693E-4
<296,27,8,op2> 4.575570145185277E-5
<297,58,8,op8> 0.0013089675645185997
<298,27,9,op2> 4.475648686145744E-5
<299,27,4,op2> 4.375727227106211E-5
<300,27,5,op2> 4.175884309027146E-5
<301,27,6,op2> 3.976041390948079E-5
<302,55,21,op1> 0.0016290130886192264
<303,25,0,op6> 4.8199365934306485E-4
<304,48,0,op7> 7.730972232463923E-4
<305,27,7,op2> 3.876119931908547E-5
<306,2,0,op5> 8.466043373540182E-4
<307,24,8,op8> 6.031919497938376E-4
<308,87,5,op2> 0.0056163433747623915
<309,89,0,op6> 8.11949050302747E-4
<310,81,5,op2> 0.0055386085183642955
<311,59,0,op6> 0.001025449597394306
<312,79,2,op8> 0.002186433904784128
<313,118,23,op1> 3.0004803210501564E-5
<314,25,1,op7> 6.698052704356671E-4
<315,98,0,op8> 1.765539702062422E-4
<316,28,4,op2> 4.432926275826553E-5
<317,27,0,op4> 2.927546117196434E-4
<318,69,24,op3> 0.0029756342418992207
<319,28,3,op2> 3.3194224348958106E-5
<320,28,2,op2> 3.420650056798606E-5
<321,64,0,op6> 0.0010577981651354513
<322,52,22,op4> 4.551381940098394E-4
<323,99,0,op6> 7.213730606275402E-4
<324,59,23,op5> 0.0014919352169915866
<325,28,1,op2> 3.623105300604195E-5
<326,45,3,op5> 0.002113106352808936
<327,60,8,op8> 0.0013746211100743918
<328,13,0,op5> 0.0010253903464846805
<329,78,0,op4> 4.994049258746858E-4
<330,9,13,op7> 2.592588689497094E-4
<331,28,0,op2> 2.1987348816100615E-4
<332,59,0,op7> 7.186856884724527E-4
<333,28,9,op2> 4.5341538977293486E-5
<334,76,24,op3> 0.0031348655056797803
<335,28,7,op2> 3.92678816631258E-5
<336,28,8,op2> 4.635381519632144E-5
<337,44,0,op6> 0.0011160255870695127
<338,59,8,op8> 0.0013007608713241257
<339,28,5,op2> 4.230471032020964E-5
<340,28,6,op2> 4.028015788215374E-5
<341,107,0,op2> 2.486126679708551E-4
<342,13,0,op7> 7.456859325165909E-4
<343,26,0,op6> 4.884633728912941E-4
<344,30,1,op7> 7.507213433742042E-4
<345,25,8,op8> 6.113986429883114E-4
<346,69,21,op1> 0.0014986920415296886
<347,97,0,op8> 1.7809592627791247E-4
<348,26,1,op7> 6.787959452066157E-4
<349,77,0,op6> 8.572370451403503E-4
<350,59,0,op2> 3.7350813150123735E-4
<351,29,1,op2> 3.669855046418443E-5
<352,68,24,op3> 0.002995538149871791
<353,29,0,op2> 2.2271056542759972E-4
<354,17,22,op5> 4.8190640585797585E-4
<355,56,0,op7> 7.322885721659377E-4
<356,28,0,op4> 2.9658146938918125E-4
<357,29,3,op2> 3.3622536921202734E-5
<358,36,8,op8> 5.047116314601498E-4
<359,29,2,op2> 3.46478747688633E-5
<360,29,5,op2> 4.2850577550147835E-5
<361,110,0,op7> 3.104376312803468E-4
<362,29,4,op2> 4.490125324546896E-5
<363,27,15,op1> 1.1236582544454723E-4
<364,12,0,op5> 0.001056940818684209
<365,44,4,op5> 0.002821950161120955
<366,29,6,op2> 4.079990185482669E-5
<367,27,0,op6> 4.949330864395231E-4
<368,29,7,op2> 3.9774564007166134E-5
<369,29,8,op2> 4.69519289407901E-5
<370,29,9,op2> 4.592659109312952E-5
<371,76,0,op7> 7.141513939079577E-4
<372,26,8,op8> 6.196053361827856E-4
<373,20,15,op8> 7.912730211072176E-4
<374,57,0,op6> 0.0010383890244907638
<375,79,0,op2> 3.028125861066814E-4
<376,25,10,op2> 3.385546929848443E-5
<377,82,22,op4> 3.597267879001281E-4
<378,9,8,op8> 7.427057340998952E-4
<379,0,8,op8> 6.770521885441034E-4
<380,10,0,op4> 4.7261692218792105E-4
<381,27,1,op7> 6.877866199775642E-4
<382,33,0,op6> 4.043570967643163E-4
<383,96,0,op8> 1.7963788234958268E-4
<384,83,2,op8> 0.0023906145028962642
<385,79,0,op4> 4.917512105356101E-4
<386,75,24,op3> 0.003114961597707211
<387,44,22,op4> 4.4482344740338415E-4
<388,64,0,op7> 7.413571612949276E-4
<389,99,0,op2> 2.6275177704976636E-4
<390,28,0,op6> 5.014027999877521E-4
<391,26,15,op8> 5.828401277423896E-4
<392,97,0,op6> 7.472519148204564E-4
<393,57,0,op7> 7.277542776014426E-4
<394,29,0,op4> 3.004083270587191E-4
<395,9,1,op7> 8.13656066770844E-4
<396,79,2,op3> 8.679812988841515E-4
<397,76,8,op8> 0.0012925541781296517
<398,9,0,op4> 3.4633061909317294E-4
<399,57,8,op8> 0.0013171742577130735
<400,27,8,op8> 6.278120293772595E-4
<401,58,0,op6> 0.0010319193109425348
<402,119,0,op7> 3.173107891684726E-4
<403,29,0,op6> 5.078725135359811E-4
<404,53,8,op8> 0.0014566880420191317
<405,98,0,op2> 2.698213315892219E-4
<406,2,16,op8> 2.2615249703884007E-4
<407,101,23,op1> 2.4549384444955825E-5
<408,57,0,op2> 3.7822116786087427E-4
<409,115,23,op1> 2.869550270677058E-5
<410,96,0,op6> 7.537216283686854E-4
<411,45,0,op2> 4.0414286783887826E-4
<412,28,1,op7> 6.967772947485129E-4
<413,5,16,op8> 2.4581793156395657E-4
<414,95,0,op8> 1.8117983842125292E-4
<415,55,0,op6> 0.001051328451587222
<416,23,22,op5> 3.736707425101952E-4
<417,85,2,op8> 0.0024927048019523323
<418,28,8,op8> 6.360187225717335E-4
<419,61,24,op3> 0.0033538084933780513
<420,100,23,op1> 2.4767601195577654E-5
<421,76,23,op5> 0.0014825223765058352
<422,55,0,op7> 7.368228667304326E-4
<423,97,0,op2> 2.721778497690404E-4
<424,31,1,op7> 7.956747172289468E-4
<425,54,8,op8> 0.0014648947352136055
<426,68,0,op7> 6.824113319564931E-4
<427,58,0,op2> 3.758646496810558E-4
<428,56,24,op3> 0.0032144811375700607
<429,97,26,op1> 0.00621723348117218
<430,94,0,op8> 1.8272179449292317E-4
<431,114,23,op1> 2.8259069205526924E-5
<432,56,0,op6> 0.001044858738038993
<433,105,35,op1> 8.18767361485772E-4
<434,29,8,op8> 6.442254157662074E-4
<435,55,8,op8> 0.0013335876441020217
<436,96,0,op2> 2.74534367948859E-4
<437,93,0,op8> 1.842637505645934E-4
<438,117,23,op1> 2.782263570428327E-5
<439,55,0,op2> 3.8293420422051146E-4
<440,53,0,op6> 0.0011483741548106582
<441,52,8,op8> 0.0014484813488246573
<442,95,0,op2> 2.768908861286775E-4
<443,93,0,op6> 7.731307690133725E-4
<444,92,0,op8> 1.8580570663626362E-4
<445,116,23,op1> 2.7604418953661438E-5
<446,56,0,op2> 3.805776860406929E-4
<447,9,15,op8> 6.986361796117386E-4
<448,32,0,op2> 2.4540718356034873E-4
<449,30,16,op3> 9.312493815142224E-5
<450,32,1,op2> 4.043853012932424E-5
<451,61,8,op8> 0.0013828278032688656
<452,32,2,op2> 3.817886837588121E-5
<453,92,22,op8> 1.2520316585342794E-4
<454,31,0,op4> 3.386769037540973E-4
<455,32,3,op2> 3.704903749915969E-5
<456,32,4,op2> 4.947717714309636E-5
<457,50,22,op4> 4.62874253964681E-4
<458,32,5,op2> 4.7217515389653344E-5
<459,32,6,op2> 4.49578536362103E-5
<460,30,0,op6> 5.402210812771264E-4
<461,32,7,op2> 4.3828022759488793E-5
<462,32,8,op2> 5.17368388965394E-5
<463,12,0,op4> 3.845991957885511E-4
<464,32,9,op2> 5.0607008019817874E-5
<465,37,11,op5> 0.0010176204672358153
<466,10,0,op5> 0.0012988277722139287
<467,85,22,op5> 7.550726038309459E-4
<468,91,0,op6> 7.860701961098306E-4
<469,16,11,op2> 1.9904561449794962E-5
<470,7,8,op8> 6.934655749330512E-4
<471,9,0,op5> 9.517725780191138E-4
<472,50,11,op3> 3.916458710969331E-4
<473,13,0,op1> 4.4227754505721866E-5
<474,73,23,op5> 0.0014542838550485816
<475,11,0,op4> 3.807723381190133E-4
<476,42,22,op5> 3.530544256820465E-4
<477,30,10,op2> 3.794539176407316E-5
<478,30,12,op2> 1.940440992007094E-5
<479,30,11,op2> 1.722311793842362E-5
<480,30,14,op2> 1.5041825956776303E-5
<481,22,15,op1> 1.0502165384686438E-4
<482,93,0,op2> 2.8160392248831453E-4
<483,30,13,op2> 1.3951179965952647E-5
<484,30,0,op4> 3.195426154064082E-4
<485,31,3,op2> 3.7905662643648934E-5
<486,31,4,op2> 5.062115811750322E-5
<487,31,1,op2> 4.13735250456092E-5
<488,31,2,op2> 3.906161677763569E-5
<489,31,7,op2> 4.484138744756946E-5
<490,31,8,op2> 5.293306638547673E-5
<491,11,0,op1> 4.513499049558282E-5
<492,31,5,op2> 4.830924984952971E-5
<493,90,0,op8> 1.8888961877960416E-4
<494,44,0,op4> 6.601329479952743E-4
<495,31,6,op2> 4.5997341581556206E-5
<496,30,15,op1> 1.226476656813032E-4
<497,31,9,op2> 5.177711225148997E-5
<498,12,0,op1> 4.5588608490513305E-5
<499,91,0,op8> 1.8734766270793387E-4
<500,92,0,op6> 7.796004825616015E-4
<501,94,0,op2> 2.7924740430849607E-4
<502,32,0,op6> 5.596302219218135E-4
<503,8,0,op4> 3.501574767627108E-4
<504,34,0,op2> 1.4963890441847675E-4
<505,67,8,op8> 0.0012104872461849122
<506,33,0,op4> 2.3917860434611392E-4
<507,6,1,op7> 7.687026929161011E-4
<508,17,15,op1> 1.373360088766688E-4
<509,35,0,op1> 2.7443888693294076E-5
<510,48,2,op5> 0.0021775466990191198
<511,10,8,op8> 0.0010135266095175368
<512,7,0,op4> 3.23369473075946E-4
<513,15,0,op1> 4.33205185158609E-5
<514,11,8,op8> 8.16565972850161E-4
<515,99,22,op8> 1.158518920552466E-4
<516,5,8,op8> 7.180856545164733E-4
<517,7,0,op5> 8.886716336200563E-4
<518,99,22,op6> 0.005518591863644291
<519,91,0,op2> 2.863169588479516E-4
<520,30,8,op8> 6.852588817385774E-4
<521,13,0,op4> 3.7311862277993773E-4
<522,9,0,op1> 4.105242854120851E-5
<523,36,0,op6> 3.9788738321608715E-4
<524,10,7,op7> 7.862215211471643E-4
<525,33,5,op2> 3.411670187113681E-5
<526,33,6,op2> 3.248399829205947E-5
<527,90,0,op6> 7.925399096580598E-4
<528,31,0,op6> 5.725696490182717E-4
<529,32,0,op4> 3.310231884150216E-4
<530,46,0,op4> 6.677866633343499E-4
<531,33,3,op2> 2.67695357652888E-5
<532,7,9,op7> 9.078282870388848E-4
<533,6,22,op4> 2.2047770871298173E-4
<534,21,1,op7> 9.12553489251278E-4
<535,33,4,op2> 3.574940545021414E-5
<536,19,0,op6> 5.98448503211188E-4
<537,68,8,op8> 0.0012351073257683342
<538,33,1,op2> 2.9218591133904807E-5
<539,33,2,op2> 2.758588755482747E-5
<540,56,21,op1> 0.0016189883926892622
<541,10,1,op7> 0.0011103483342121464
<542,71,24,op3> 0.003035345965816931
<543,33,0,op2> 1.7731732916210176E-4
<544,34,0,op1> 2.8804742678085518E-5
<545,48,0,op4> 6.524792326561986E-4
<546,7,1,op7> 7.597120181451527E-4
<547,33,9,op2> 3.656575723975281E-5
<548,33,7,op2> 3.166764650252081E-5
<549,33,8,op2> 3.738210902929148E-5
<550,14,0,op1> 4.468137250065234E-5
<551,6,8,op8> 7.016722681275253E-4
<552,92,0,op2> 2.839604406681331E-4
<553,16,8,op8> 7.919458932667392E-4
<554,51,11,op8> 9.645665685360063E-4
<555,37,0,op1> 2.9711978667946485E-5
<556,33,8,op8> 5.129183246546238E-4
<557,6,0,op4> 3.2719633074548377E-4
<558,35,0,op4> 2.3152488900703825E-4
<559,80,2,op8> 0.0024076295527389424
<560,34,0,op6> 4.1082681031254524E-4
<561,84,22,op5> 7.499185246239088E-4
<562,79,22,op5> 6.622991781042769E-4
<563,78,23,op7> 2.2447065816138455E-4
<564,36,0,op2> 1.4492586805883972E-4
<565,32,8,op8> 7.098789613219993E-4
<566,5,0,op5> 9.20222105819585E-4
<567,7,0,op1> 3.8330720571625616E-5
<568,33,1,op7> 5.619171731842845E-4
<569,52,22,op5> 9.096949800420611E-4
<570,5,1,op7> 7.866840424579983E-4
<571,62,0,op7> 7.504257504239175E-4
<572,36,0,op1> 2.7897506688224558E-5
<573,50,11,op8> 9.865509917505024E-4
<574,79,17,op8> 6.484801326068984E-4
<575,34,0,op4> 2.4300546201565172E-4
<576,32,1,op7> 7.776933676870497E-4
<577,19,15,op8> 7.140756531943182E-4
<578,85,0,op6> 9.478130348155568E-4
<579,52,19,op5> 1.798959665034291E-4
<580,103,0,op6> 7.084336335310819E-4
<581,96,22,op6> 0.005766062350803227
<582,35,0,op2> 1.4256934987902118E-4
<583,79,23,op7> 2.210304948179151E-4
<584,6,0,op5> 8.991884576865659E-4
<585,90,0,op2> 2.8867347702777024E-4
<586,53,21,op1> 0.0017793835275686939
<587,31,8,op8> 7.262923477109472E-4
<588,8,0,op1> 4.1506046536138975E-5
<589,35,8,op8> 4.965049382656758E-4
<590,2,1,op7> 7.237493190613585E-4
<591,10,0,op1> 5.602182237391436E-5
<592,68,0,op2> 3.546559860626891E-4
<593,77,22,op4> 3.416759813388313E-4
<594,39,0,op1> 2.9258360673016003E-5
<595,2,5,op7> 8.470249040930246E-4
<596,49,0,op4> 6.486523749866608E-4
<597,49,0,op6> 0.0010966164464248254
<598,79,23,op1> 2.8040852454905092E-5
<599,4,0,op4> 3.425037614236351E-4
<600,49,8,op8> 0.0013910344964633398
<601,77,22,op5> 6.829154949324257E-4
<602,38,0,op2> 1.5670845895793237E-4
<603,37,0,op4> 2.506591773547274E-4
<604,51,18,op5> 4.376573513441633E-4
<605,21,8,op8> 8.329793592391089E-4
<606,14,16,op8> 2.767207572462826E-4
<607,50,22,op5> 9.25157217663173E-4
<608,86,2,op8> 0.0024416596524242983
<609,35,0,op7> 2.743248211519457E-4
<610,5,0,op1> 3.969157455641706E-5
<611,63,0,op2> 3.923602769397855E-4
<612,50,20,op5> 0.0012753818520765494
<613,1,8,op8> 6.688454953496294E-4
<614,34,8,op8> 5.211250178490977E-4
<615,38,0,op1> 3.0165596662876967E-5
<616,3,4,op7> 8.875604927235979E-4
<617,78,22,op4> 3.3651860803560364E-4
<618,77,17,op8> 6.686662845946617E-4
<619,48,8,op8> 0.0013992411896578136
<620,35,0,op6> 3.914176696678581E-4
<621,49,11,op3> 3.698271596152098E-4
<622,5,0,op4> 3.348500460845595E-4
<623,36,0,op4> 2.353517466765761E-4
<624,77,23,op7> 2.2791082150485408E-4
<625,40,11,op8> 3.874754591554898E-4
<626,37,0,op2> 1.5435194077811386E-4
<627,78,22,op5> 6.726073365183513E-4
<628,6,0,op1> 3.87843385665561E-5
<629,51,11,op3> 3.8291838650424375E-4
<630,34,0,op7> 2.8792770484543055E-4
<631,74,21,op1> 0.0015588402171094753
<632,2,8,op8> 6.606388021551555E-4
<633,14,22,op4> 2.540006351839614E-4
<634,103,37,op1> 0.003194092454147791
<635,38,11,op3> 1.450944313534599E-4
<636,13,16,op8> 2.739114094569802E-4
<637,77,23,op1> 2.8913719457392417E-5
<638,36,22,op4> 1.5858922907425004E-4
<639,35,11,op8> 3.3251440111925013E-4
<640,93,22,op8> 1.241641354314078E-4
<641,16,16,op3> 1.0762343151631431E-4
<642,97,23,op1> 2.520403469682131E-5
<643,38,0,op4> 2.5448603502426523E-4
<644,18,12,op2> 2.1960679490379683E-5
<645,37,22,op4> 1.6890397568070532E-4
<646,41,0,op2> 1.63778013497388E-4
<647,17,10,op2> 4.248975005917174E-5
<648,17,11,op2> 1.928576679332465E-5
<649,0,8,op7> 9.280960813541714E-4
<650,36,22,op5> 3.169758712327863E-4
<651,17,14,op2> 1.6843242239024962E-5
<652,83,17,op8> 7.090385885701886E-4
<653,2,0,op4> 3.080620423977947E-4
<654,15,22,op4> 2.4626457522912E-4
<655,17,13,op2> 1.5621979961875117E-5
<656,94,24,op7> 1.4801521341976354E-4
<657,13,22,op4> 2.514219485323476E-4
<658,37,11,op3> 1.429125602052876E-4
<659,35,22,op4> 1.560105424226362E-4
<660,43,8,op8> 5.539517906269937E-4
<661,78,23,op1> 2.8477285956148756E-5
<662,12,15,op8> 7.758335475246378E-4
<663,94,22,op8> 1.2312510500938766E-4
<664,47,22,op5> 8.942327424209497E-4
<665,16,15,op1> 1.4174251183527852E-4
<666,98,23,op1> 2.4985817946199482E-5
<667,13,22,op5> 5.025227226861246E-4
<668,15,16,op3> 1.0650816279593802E-4
<669,35,22,op5> 3.1182179202574907E-4
<670,16,10,op2> 4.385305754770132E-5
<671,30,22,op5> 4.303656137876041E-4
<672,95,24,op7> 1.4676613988879507E-4
<673,16,12,op2> 2.2425455775890366E-5
<674,16,13,op2> 1.612321996065186E-5
<675,16,14,op2> 1.738366712369956E-5
<676,15,15,op8> 7.372348635681882E-4
<677,36,11,op3> 1.3418507561259826E-4
<678,54,23,op5> 0.0016801920267066138
<679,33,16,op8> 1.7558423683139757E-4
<680,33,15,op8> 4.8248354945562056E-4
<681,91,24,op7> 1.5176243401266896E-4
<682,70,21,op1> 0.0015187414333896175
<683,16,22,op5> 4.973686434790874E-4
<684,91,22,op8> 1.2624219627544809E-4
<685,19,15,op1> 1.3586717455713222E-4
<686,32,15,op8> 6.677572324465787E-4
<687,34,22,op4> 1.6374660237747767E-4
<688,40,17,op5> 3.087766589237962E-4
<689,5,16,op3> 9.758601303292748E-5
<690,75,21,op1> 0.00156886491303944
<691,15,16,op8> 2.682927138783755E-4
<692,95,23,op1> 2.564046819806497E-5
<693,18,16,op3> 1.0539289407556168E-4
<694,92,24,op7> 1.5051336048170047E-4
<695,80,2,op3> 9.557926365144547E-4
<696,19,14,op2> 1.6663100610800096E-5
<697,17,22,op4> 2.411072019258923E-4
<698,19,12,op2> 2.1495903204869003E-5
<699,19,13,op2> 1.545489996228287E-5
<700,34,22,op5> 3.272840296468606E-4
<701,19,10,op2> 4.203531422966188E-5
<702,19,11,op2> 1.9079501907834546E-5
<703,4,16,op3> 9.981655047368014E-5
<704,32,16,op8> 2.430085837746542E-4
<705,53,23,op5> 0.0016707791862208624
<706,18,15,op1> 1.388048431962054E-4
<707,14,15,op8> 7.60394073942058E-4
<708,89,24,op7> 1.5675872813654282E-4
<709,33,22,op4> 1.6116791572586385E-4
<710,96,23,op1> 2.542225144744314E-5
<711,18,13,op2> 1.5789059961467365E-5
<712,109,0,op7> 2.3712394714033873E-4
<713,66,0,op7> 6.73342742827503E-4
<714,33,22,op5> 3.221299504398234E-4
<715,18,14,op2> 1.702338386724983E-5
<716,16,22,op4> 2.488432618807338E-4
<717,93,24,op7> 1.49264286950732E-4
<718,35,11,op3> 1.3200320446442594E-4
<719,96,27,op1> 0.006433172125959636
<720,18,10,op2> 4.29441858886816E-5
<721,18,11,op2> 1.9492031678814756E-5
<722,52,11,op8> 9.700626743396305E-4
<723,73,21,op1> 0.001548815521179511
<724,112,0,op2> 3.14595177005774E-4
<725,97,22,op8> 1.2000801374332719E-4
<726,32,22,op4> 2.2305639536459554E-4
<727,18,22,op5> 4.870604850650131E-4
<728,17,16,op8> 2.626740182997708E-4
<729,17,0,op6> 6.04918216759417E-4
<730,31,16,op8> 2.4862727935325897E-4
<731,70,24,op3> 0.003015442057844361
<732,17,15,op8> 7.217953899856084E-4
<733,31,15,op8> 6.831967060291588E-4
<734,48,0,op2> 4.0178634965905974E-4
<735,19,22,op4> 2.385285152742785E-4
<736,44,22,op5> 8.890786632139126E-4
<737,34,11,op3> 1.3854881790894291E-4
<738,61,21,op1> 0.0016891612641990134
<739,86,5,op2> 0.005577475946563344
<740,98,24,op7> 1.4301891929588962E-4
<741,32,22,op5> 4.4582785140871554E-4
<742,43,0,op2> 1.590649771377509E-4
<743,111,0,op2> 3.2166473154522966E-4
<744,98,22,op8> 1.1896898332130702E-4
<745,33,11,op2> 1.2891555343131453E-5
<746,33,12,op2> 1.4524258922208786E-5
<747,113,0,op2> 3.1695169518559257E-4
<748,33,13,op2> 1.0442499974515454E-5
<749,33,14,op2> 1.1258851764054121E-5
<750,31,22,op4> 2.2821376866782322E-4
<751,19,16,op3> 1.0316235663480906E-4
<752,16,15,op8> 7.449546003594781E-4
<753,30,15,op8> 6.44598022072709E-4
<754,45,0,op7> 7.776315178108874E-4
<755,16,16,op8> 2.711020616676778E-4
<756,30,16,op8> 2.3458054040674715E-4
<757,99,24,op7> 1.3927169870298423E-4
<758,18,22,op4> 2.4368588857750614E-4
<759,33,16,op3> 6.970429502351963E-5
<760,30,22,op4> 2.1532033540975408E-4
<761,32,13,op2> 1.4452419964729386E-5
<762,32,14,op2> 1.55822508414509E-5
<763,32,11,op2> 1.7841912594893928E-5
<764,32,12,op2> 2.0101574348336956E-5
<765,47,0,op4> 6.639598056648121E-4
<766,95,22,op8> 1.220860745873675E-4
<767,32,10,op2> 3.930869925260273E-5
<768,19,16,op8> 2.598646705104684E-4
<769,59,24,op3> 0.00315476941365235
<770,30,9,op2> 4.8851851672309754E-5
<771,30,8,op2> 4.994249766313342E-5
<772,33,15,op1> 9.180214497103531E-5
<773,30,7,op2> 4.23079757273678E-5
<774,96,24,op7> 1.4551706635782658E-4
<775,66,23,op5> 0.0013978068121340735
<776,30,6,op2> 4.3398621718191456E-5
<777,63,8,op8> 0.001366414416879918
<778,30,5,op2> 4.5579913699838776E-5
<779,23,1,op7> 6.5182392089377E-4
<780,30,4,op2> 4.776120568148608E-5
<781,25,0,op2> 2.113622563612252E-4
<782,30,3,op2> 3.576409978242584E-5
<783,30,2,op2> 3.68547457732495E-5
<784,41,16,op5> 6.954187361848975E-4
<785,30,1,op2> 3.903603775489682E-5
<786,30,0,op2> 2.3689595176056791E-4
<787,16,0,op6> 6.243273574041043E-4
<788,99,23,op1> 2.4331167694333996E-5
<789,32,16,op3> 9.647074431255117E-5
<790,31,12,op2> 2.0566350633847643E-5
<791,19,22,op5> 4.7675232665093866E-4
<792,31,13,op2> 1.4786579963913881E-5
<793,31,14,op2> 1.5942534097900632E-5
<794,31,10,op2> 4.021757091162245E-5
<795,96,22,op8> 1.2104704416534732E-4
<796,31,11,op2> 1.8254442365874138E-5
<797,18,15,op8> 7.295151267768982E-4
<798,70,23,op5> 0.0014260453335913277
<799,61,0,op7> 7.640286341174025E-4
<800,18,16,op8> 2.654833660890731E-4
<801,32,15,op1> 1.2705416863991286E-4
<802,59,21,op1> 0.0015889143048993686
<803,97,24,op7> 1.442679928268581E-4
<804,110,0,op2> 3.193082133654111E-4
<805,81,22,op4> 3.674628478549695E-4
<806,31,16,op3> 9.870128175330381E-5
<807,82,2,op3> 9.422831999559464E-4
<808,21,16,op3> 1.131997751181959E-4
<809,61,0,op6> 0.0010901467328765964
<810,105,0,op6> 6.954942064346238E-4
<811,103,0,op8> 1.6884418984789104E-4
<812,104,0,op6> 7.019639199828528E-4
<813,81,0,op6> 9.219341806226409E-4
<814,21,12,op2> 2.358739648966707E-5
<815,21,11,op2> 2.0935885877245477E-5
<816,21,10,op2> 4.612523669525061E-5
<817,92,23,op1> 2.6295118449930462E-5
<818,0,15,op1> 9.921219519459292E-5
<819,83,0,op2> 3.3109080426450366E-4
<820,21,14,op2> 1.828437526482389E-5
<821,21,0,op6> 6.566759251452495E-4
<822,60,0,op7> 7.594943395529075E-4
<823,21,13,op2> 1.6958619958613098E-5
<824,83,2,op3> 9.490379182352006E-4
<825,68,23,op5> 0.0014166324931055763
<826,64,0,op2> 3.8529072240033E-4
<827,23,10,op2> 3.294659763946472E-5
<828,40,0,op4> 2.6979346570241646E-4
<829,62,0,op6> 0.0010707375922319093
<830,23,15,op1> 1.0649048816640096E-4
<831,20,22,op5> 5.282931187213104E-4
<832,106,0,op2> 2.509691861506736E-4
<833,22,16,op3> 7.974171350690645E-5
<834,83,0,op4> 5.37673502570064E-4
<835,102,0,op8> 1.7038614591956126E-4
<836,82,0,op6> 9.025250399779537E-4
<837,91,23,op1> 2.6513335200552294E-5
<838,22,11,op2> 1.474793931254238E-5
<839,22,10,op2> 3.249216180995486E-5
<840,22,13,op2> 1.1946219970845679E-5
<841,22,12,op2> 1.661575220700685E-5
<842,43,22,op5> 3.4790034647500927E-4
<843,20,22,op4> 2.643153817904167E-4
<844,47,0,op1> 7.870272212043839E-5
<845,84,0,op2> 3.4287339516359634E-4
<846,22,14,op2> 1.2880126418077912E-5
<847,65,0,op2> 3.876472405801486E-4
<848,63,24,op3> 0.0033140006774329115
<849,109,0,op2> 2.4389963161121806E-4
<850,84,2,op3> 9.828115096314708E-4
<851,90,24,op7> 1.5301150754363742E-4
<852,20,15,op1> 1.505555177524979E-4
<853,63,0,op6> 0.0010772073057801384
<854,107,0,op7> 2.417060523990892E-4
<855,26,22,op5> 3.891329801313067E-4
<856,94,23,op1> 2.5858684948686804E-5
<857,105,0,op8> 1.6576027770455053E-4
<858,83,0,op6> 9.089947535261827E-4
<859,90,22,op8> 1.2728122669746826E-4
<860,85,0,op2> 3.452299133434148E-4
<861,20,16,op3> 1.1431504383857221E-4
<862,66,0,op2> 3.4994294970305194E-4
<863,108,0,op2> 2.462561497910366E-4
<864,21,15,op1> 1.4908668343296134E-4
<865,85,2,op3> 9.89566227910725E-4
<866,106,0,op6> 6.890244928863948E-4
<867,93,23,op1> 2.607690169930863E-5
<868,104,0,op8> 1.673022337762208E-4
<869,84,0,op6> 9.413433212673279E-4
<870,20,13,op2> 1.7125699958205342E-5
<871,20,12,op2> 2.381978463242241E-5
<872,85,0,op4> 5.606346485872908E-4
<873,20,14,op2> 1.8464516893048754E-5
<874,63,0,op7> 7.549600449884126E-4
<875,20,11,op2> 2.114215076273558E-5
<876,86,0,op2> 3.381603588039593E-4
<877,20,10,op2> 4.657967252476046E-5
<878,103,0,op2> 2.580387406901292E-4
<879,26,15,op1> 1.1089699112501065E-4
<880,2,22,op4> 2.0758427545491262E-4
<881,25,16,op3> 8.30875196680354E-5
<882,9,16,op8> 2.5424597493186365E-4
<883,5,15,op1> 1.0522505550941675E-4
<884,26,13,op2> 1.261453996921467E-5
<885,26,12,op2> 1.7545304778028216E-5
<886,26,11,op2> 1.5572998854502798E-5
<887,26,10,op2> 3.43099051279943E-5
<888,23,22,op4> 1.8695478224200205E-4
<889,87,0,op2> 3.405168769837779E-4
<890,3,16,op3> 8.866386326991698E-5
<891,25,13,op2> 1.244745996962242E-5
<892,25,14,op2> 1.3420551302752509E-5
<893,49,22,op5> 8.73616425592801E-4
<894,4,15,op1> 1.0763019963534626E-4
<895,86,0,op4> 5.491540755786775E-4
<896,22,15,op8> 5.519611805772298E-4
<897,48,11,op8> 9.370860395178866E-4
<898,22,16,op8> 2.0086836693511878E-4
<899,26,16,op3> 8.420278838841174E-5
<900,24,22,op5> 3.7882482171723233E-4
<901,102,0,op2> 2.603952588699478E-4
<902,87,2,op3> 9.760567913522168E-4
<903,1,22,op4> 2.1016296210652643E-4
<904,0,16,op8> 2.3177119261744478E-4
<905,27,10,op2> 3.476434095750416E-5
<906,27,12,op2> 1.7777692920783556E-5
<907,27,11,op2> 1.5779263739992898E-5
<908,27,14,op2> 1.3780834559202243E-5
<909,0,15,op8> 6.36878285281419E-4
<910,60,0,op2> 3.947167951196041E-4
<911,27,13,op2> 1.2781619968806915E-5
<912,26,14,op2> 1.3600692930977378E-5
<913,0,22,op5> 4.252115345805669E-4
<914,24,22,op4> 1.8953346889361589E-4
<915,2,16,op3> 8.977913199029331E-5
<916,87,0,op4> 5.529809332482153E-4
<917,3,15,op1> 9.560447900569863E-5
<918,86,0,op6> 9.2840389417087E-4
<919,23,15,op8> 5.596809173685198E-4
<920,23,16,op8> 2.0367771472442118E-4
<921,105,0,op2> 2.5332570433049214E-4
<922,23,16,op3> 8.085698222728278E-5
<923,21,22,op5> 5.231390395142733E-4
<924,24,15,op1> 1.0795932248593752E-4
<925,24,11,op2> 1.5160469083522587E-5
<926,24,10,op2> 3.3401033468974575E-5
<927,61,0,op2> 3.9707331329942266E-4
<928,2,15,op1> 9.680705106866339E-5
<929,21,22,op4> 2.617366951388029E-4
<930,90,23,op1> 2.6731551951174123E-5
<931,23,13,op2> 1.2113299970437926E-5
<932,1,16,op3> 9.08944007106696E-5
<933,104,36,op1> 0.0012506446510606845
<934,23,14,op2> 1.3060268046302778E-5
<935,23,11,op2> 1.4954204198032484E-5
<936,65,0,op6> 0.0010642678786836805
<937,89,0,op2> 2.957430315672257E-4
<938,23,12,op2> 1.6848140349762193E-5
<939,67,0,op6> 9.542827483637861E-4
<940,22,8,op8> 5.867785634048895E-4
<941,20,16,op8> 2.87958148403492E-4
<942,102,0,op6> 7.149033470793111E-4
<943,101,0,op8> 1.7347005806290174E-4
<944,24,16,op3> 8.19722509476591E-5
<945,22,22,op5> 3.68516663303158E-4
<946,25,15,op1> 1.0942815680547407E-4
<947,104,0,op2> 2.556822225103107E-4
<948,60,0,op6> 0.0010836770193283674
<949,62,0,op2> 3.9000375875996706E-4
<950,25,12,op2> 1.7312916635272873E-5
<951,25,11,op2> 1.5366733969012688E-5
<952,1,15,op1> 9.800962313162817E-5
<953,24,12,op2> 1.7080528492517533E-5
<954,24,13,op2> 1.2280379970030172E-5
<955,24,14,op2> 1.3240409674527644E-5
<956,22,22,op4> 1.843760955903882E-4
<957,60,23,op5> 0.001576650781363349
<958,0,16,op3> 9.200966943104592E-5
<959,21,15,op8> 7.835532843159277E-4
<960,21,16,op8> 2.851488006141897E-4
<961,101,0,op6> 7.278427741757691E-4
<962,81,2,op3> 9.625473547937086E-4
<963,100,0,op8> 1.7501201413457198E-4
<964,0,0,op4> 3.1571575773687037E-4
<965,39,0,op6> 4.172965238607743E-4
<966,38,0,op7> 3.015305885389155E-4
<967,18,8,op8> 7.755325068777913E-4
<968,69,23,op5> 0.0014072196526198249
<969,2,0,op1> 3.6516248591903695E-5
<970,19,1,op7> 8.31637416312741E-4
<971,88,0,op8> 1.919735309229446E-4
<972,18,1,op7> 8.496187658546383E-4
<973,0,0,op5> 8.676379854870373E-4
<974,69,0,op6> 9.672221754602443E-4
<975,69,0,op7> 6.77877037391998E-4
<976,19,8,op8> 7.591191204888432E-4
<977,1,0,op1> 3.696986658683417E-5
<978,39,0,op7> 2.924619994099256E-4
<979,89,0,op8> 1.9351548699461483E-4
<980,39,8,op8> 5.293317110435716E-4
<981,69,8,op8> 0.00122690063257386
<982,19,7,op2> 4.686811682373079E-5
<983,39,0,op2> 1.519954225982953E-4
<984,6,16,op8> 2.4019923598535183E-4
<985,19,9,op2> 5.411732071483415E-5
<986,4,0,op1> 4.0598810546278025E-5
<987,36,0,op7> 2.788591157164407E-4
<988,16,1,op7> 8.676001153965354E-4
<989,18,0,op4> 3.616380497713242E-4
<990,19,3,op2> 3.9618912932627416E-5
<991,19,4,op2> 5.290912006631691E-5
<992,19,5,op2> 5.0492718769282466E-5
<993,44,8,op8> 0.0014156545760467616
<994,19,6,op2> 4.8076317472248006E-5
<995,19,0,op2> 2.624296471599105E-4
<996,37,0,op6> 4.2376623740900343E-4
<997,19,1,op2> 4.32435148781791E-5
<998,19,2,op2> 4.0827113581144646E-5
<999,23,0,op4> 2.7744718104149213E-4
<1000,1,0,op4> 3.1188890006733253E-4
<1001,14,0,op5> 0.00103590717055119
<1002,39,0,op4> 2.468323196851895E-4
<1003,37,0,op7> 2.9699629397442054E-4
<1004,3,0,op1> 3.606263059697321E-5
<1005,1,0,op5> 8.571211614205277E-4
<1006,0,1,op7> 7.417306686032556E-4
<1007,37,8,op8> 5.375384042380458E-4
<1008,18,0,op6> 6.113879303076462E-4
<1009,19,0,op4> 3.539843344322486E-4
<1010,38,0,op6> 4.3023595095723245E-4
<1011,108,0,op7> 2.3941499976971398E-4
<1012,17,5,op2> 5.103858599922066E-5
<1013,17,6,op2> 4.8596061444920956E-5
<1014,15,0,op6> 6.178576438558752E-4
<1015,17,7,op2> 4.737479916777112E-5
<1016,17,8,op2> 5.592363510782005E-5
<1017,17,0,op2> 2.6526672442650414E-4
<1018,110,23,op1> 2.9568369709257904E-5
<1019,17,2,op2> 4.126848778202189E-5
<1020,17,1,op2> 4.3711012336321576E-5
<1021,17,4,op2> 5.348111055352034E-5
<1022,16,0,op4> 3.692917651103999E-4
<1023,17,3,op2> 4.004722550487204E-5
<1024,15,0,op5> 0.0010043566983516613
<1025,67,0,op2> 3.475864315232334E-4
<1026,15,8,op8> 7.837392000722651E-4
<1027,18,8,op2> 5.6521748852288715E-5
<1028,18,9,op2> 5.528742494650624E-5
<1029,18,6,op2> 4.911580541759392E-5
<1030,18,7,op2> 4.788148151181146E-5
<1031,64,8,op8> 0.001341794337296496
<1032,65,0,op7> 7.458914558594226E-4
<1033,106,0,op8> 1.6421832163288031E-4
<1034,18,1,op2> 4.417850979446406E-5
<1035,18,0,op2> 2.681038016930978E-4
<1036,18,5,op2> 5.158445322915885E-5
<1037,18,4,op2> 5.4053101040723774E-5
<1038,41,0,op7> 3.151334722324004E-4
<1039,17,0,op4> 3.5781119210178634E-4
<1040,18,3,op2> 4.047553807711666E-5
<1041,18,2,op2> 4.1709861982899124E-5
<1042,15,1,op7> 8.586094406255868E-4
<1043,66,0,op6> 9.607524619120153E-4
<1044,69,0,op2> 3.522994678828705E-4
<1045,14,0,op4> 3.7694548044947556E-4
<1046,65,8,op8> 0.00135000103049097
<1047,2,22,op5> 4.149033761664926E-4
<1048,113,23,op1> 2.9350152958636075E-5
<1049,15,0,op2> 2.250474861726698E-4
<1050,66,8,op8> 0.001218693939379386
<1051,12,3,op7> 6.646147552554439E-4
<1052,0,0,op1> 3.742348458176465E-5
<1053,16,8,op2> 5.771797634122605E-5
<1054,16,9,op2> 5.6457529178178346E-5
<1055,16,6,op2> 5.015529336293982E-5
<1056,112,23,op1> 2.9131936208014246E-5
<1057,48,0,op6> 0.0011030861599730546
<1058,16,7,op2> 4.889484619989213E-5
<1059,16,4,op2> 5.519708201513063E-5
<1060,16,5,op2> 5.2676187689035234E-5
<1061,15,0,op4> 3.6546490744086206E-4
<1062,16,3,op2> 4.133216322160591E-5
<1063,16,2,op2> 4.2592610384653616E-5
<1064,16,1,op2> 4.511350471074902E-5
<1065,111,23,op1> 2.978658645987974E-5
<1066,16,0,op2> 2.737779562262851E-4
<1067,13,1,op7> 8.765907901674839E-4
<1068,40,11,op3> 1.5382191594614923E-4
<1069,26,0,op2> 2.1419933362781888E-4
<1070,46,0,op2> 4.1121242237833374E-4
<1071,85,17,op8> 7.393178165518335E-4
<1072,26,1,op2> 3.5296058089757006E-5
<1073,26,2,op2> 3.332375216623159E-5
<1074,45,0,op4> 6.563060903257364E-4
<1075,26,8,op2> 4.515758770738411E-5
<1076,26,7,op2> 3.825451697504514E-5
<1077,41,11,op3> 1.516400447979769E-4
<1078,26,9,op2> 4.41714347456214E-5
<1079,26,4,op2> 4.3185281783858685E-5
<1080,25,0,op4> 2.8510089638056774E-4
<1081,26,3,op2> 3.233759920446887E-5
<1082,26,6,op2> 3.924066993680784E-5
<1083,24,0,op6> 4.755239457948359E-4
<1084,102,23,op1> 2.4112950943712164E-5
<1085,26,5,op2> 4.121297586033327E-5
<1086,60,21,op1> 0.0016791365682690491
<1087,43,0,op7> 3.060648831034105E-4
<1088,23,8,op8> 5.949852565993636E-4
<1089,46,0,op1> 7.915634011536886E-5
<1090,43,0,op6> 4.367056645054614E-4
<1091,25,1,op2> 3.482856063161452E-5
<1092,81,17,op8> 7.191316645640701E-4
<1093,25,9,op2> 4.3586382629785345E-5
<1094,106,34,op1> 0.0021143992302105094
<1095,25,8,op2> 4.4559473962915435E-5
<1096,25,7,op2> 3.7747834631004795E-5
<1097,25,6,op2> 3.8720925964134885E-5
<1098,23,0,op6> 4.690542322466068E-4
<1099,25,5,op2> 4.066710863039507E-5
<1100,25,4,op2> 4.261329129665525E-5
<1101,103,23,op1> 2.389473419309034E-5
<1102,24,0,op4> 2.8127403871102996E-4
<1103,25,3,op2> 3.1909286632224245E-5
<1104,42,0,op7> 3.1059917766790545E-4
<1105,25,2,op2> 3.288237796535434E-5
<1106,20,8,op8> 8.41186052433583E-4
<1107,42,11,op3> 1.494581736498046E-4
<1108,47,0,op7> 7.867001069398772E-4
<1109,45,0,op1> 7.779548613057743E-5
<1110,40,22,op5> 3.6336258409612086E-4
<1111,49,22,op4> 4.3708738744854266E-4
<1112,100,24,op7> 1.4176984576492118E-4
<1113,43,0,op4> 2.58312892693803E-4
<1114,24,0,op2> 2.085251790946316E-4
<1115,42,0,op6> 4.4317537805369065E-4
<1116,24,2,op2> 3.24410037644771E-5
<1117,104,23,op1> 2.3676517442468506E-5
<1118,24,1,op2> 3.436106317347205E-5
<1119,24,4,op2> 4.2041300809451823E-5
<1120,24,3,op2> 3.1480974059979624E-5
<1121,24,6,op2> 3.8201181991461935E-5
<1122,22,0,op6> 4.625845186983777E-4
<1123,24,5,op2> 4.012124140045688E-5
<1124,40,22,op4> 1.817974089387744E-4
<1125,24,8,op2> 4.3961360218446774E-5
<1126,24,7,op2> 3.724115228696447E-5
<1127,44,0,op1> 7.824910412550791E-5
<1128,25,22,op4> 1.921121555452297E-4
<1129,24,9,op2> 4.30013305139493E-5
<1130,62,21,op1> 0.0016590871764091204
<1131,100,22,op8> 1.1792995289928689E-4
<1132,41,0,op6> 4.496450916019197E-4
<1133,101,24,op7> 1.4052077223395272E-4
<1134,20,1,op7> 9.215441640222266E-4
<1135,44,0,op7> 7.821658123753823E-4
<1136,42,0,op4> 2.6213975036334084E-4
<1137,22,0,op4> 2.736203233719543E-4
<1138,23,3,op2> 3.105266148773501E-5
<1139,40,0,op7> 3.1966776679689544E-4
<1140,23,2,op2> 3.1999629563599864E-5
<1141,23,1,op2> 3.389356571532957E-5
<1142,46,6,op5> 0.002564188776280221
<1143,23,0,op2> 2.0568810182803799E-4
<1144,105,23,op1> 2.3458300691846674E-5
<1145,42,22,op4> 1.7664003563554678E-4
<1146,23,7,op2> 3.673446994292414E-5
<1147,23,6,op2> 3.768143801878898E-5
<1148,23,5,op2> 3.95753741705187E-5
<1149,23,4,op2> 4.14693103222484E-5
<1150,43,0,op1> 3.0619214657807445E-5
<1151,23,9,op2> 4.241627839811326E-5
<1152,101,22,op8> 1.1689092247726676E-4
<1153,23,8,op2> 4.3363246473978113E-5
<1154,102,24,op7> 1.380226251720158E-4
<1155,47,8,op8> 0.0014238612692412354
<1156,22,7,op2> 3.62277875988838E-5
<1157,102,22,op8> 1.1481286163322646E-4
<1158,88,24,op7> 1.5550965460557435E-4
<1159,22,8,op2> 4.2765132729509446E-5
<1160,22,9,op2> 4.1831226282277204E-5
<1161,21,0,op4> 3.88426053458089E-4
<1162,22,3,op2> 3.062434891549038E-5
<1163,22,4,op2> 4.089731983504497E-5
<1164,106,23,op1> 2.324008394122485E-5
<1165,22,5,op2> 3.9029506940580505E-5
<1166,22,6,op2> 3.716169404611603E-5
<1167,20,0,op6> 6.631456386934785E-4
<1168,22,0,op2> 2.0285102456144434E-4
<1169,62,23,op5> 0.0015578251003918464
<1170,22,1,op2> 3.3426068257187095E-5
<1171,22,2,op2> 3.1558255362722625E-5
<1172,47,0,op6> 0.0011224953006177417
<1173,29,13,op2> 1.3115779967991409E-5
<1174,103,24,op7> 1.367735516410473E-4
<1175,88,22,op8> 1.2935928754150854E-4
<1176,46,8,op8> 0.0014320679624357092
<1177,46,0,op7> 7.912344015043722E-4
<1178,21,8,op2> 6.070854506356936E-5
<1179,21,9,op2> 5.938278975735856E-5
<1180,21,6,op2> 5.2754013226304577E-5
<1181,21,7,op2> 5.1428257920093794E-5
<1182,21,4,op2> 5.805703445114776E-5
<1183,21,5,op2> 5.5405523838726176E-5
<1184,21,2,op2> 4.4799481389039805E-5
<1185,49,0,op2> 3.9942983147924117E-4
<1186,107,23,op1> 2.302186719060302E-5
<1187,20,0,op4> 3.922529111276268E-4
<1188,21,3,op2> 4.347372608282901E-5
<1189,6,10,op7> 7.051503438860174E-4
<1190,3,22,op5> 4.0974929695945534E-4
<1191,21,0,op2> 2.879633425592532E-4
<1192,21,1,op2> 4.74509920014614E-5
<1193,46,0,op6> 0.0011289650141659707
<1194,104,24,op7> 1.3552447811007886E-4
<1195,49,0,op1> 7.688825014071646E-5
<1196,45,8,op8> 0.0014074478828522874
<1197,89,22,op8> 1.3039831796352868E-4
<1198,20,5,op2> 5.5951391068664356E-5
<1199,20,6,op2> 5.3273757198977527E-5
<1200,20,7,op2> 5.193494026413412E-5
<1201,20,8,op2> 6.130665880803802E-5
<1202,20,9,op2> 5.9967841873194594E-5
<1203,104,22,op8> 1.1273480078918616E-4
<1204,20,0,op2> 2.9080041982584674E-4
<1205,108,23,op1> 2.2803650439981188E-5
<1206,20,1,op2> 4.7918489459603874E-5
<1207,20,2,op2> 4.5240855589917044E-5
<1208,20,3,op2> 4.390203865507362E-5
<1209,20,4,op2> 5.862902493835118E-5
<1210,105,24,op7> 1.3427540457911036E-4
<1211,48,0,op1> 7.734186813564695E-5
<1212,109,23,op1> 2.258543368935936E-5
<1213,64,24,op3> 0.0032542889535152005
<1214,105,22,op8> 1.11695770367166E-4
<1215,63,23,op5> 0.0015672379408775978
<1216,47,0,op2> 4.0885590419851523E-4
<1217,45,11,op8> 9.425821453215105E-4
<1218,28,22,op5> 3.99441138545381E-4
<1219,87,23,op1> 3.153232046485437E-5
<1220,5,22,op4> 2.256350820162094E-4
<1221,84,17,op8> 7.342712785548927E-4
<1222,27,16,op8> 2.149151058816306E-4
<1223,4,12,op7> 3.60597840526143E-4
<1224,27,15,op8> 5.905598645336796E-4
<1225,48,11,op3> 3.7200903076338215E-4
<1226,6,16,op3> 9.535547559217485E-5
<1227,4,22,op5> 4.6129008902982724E-4
<1228,106,22,op8> 1.1065673994514585E-4
<1229,84,23,op7> 2.502718832374058E-4
<1230,85,22,op4> 3.777775944614248E-4
<1231,29,22,op4> 2.0242690215168494E-4
<1232,4,16,op8> 2.5143662714256136E-4
<1233,5,22,op5> 4.5098193061575285E-4
<1234,8,15,op1> 1.1003534376127578E-4
<1235,106,24,op7> 1.330263310481419E-4
<1236,4,15,op8> 6.909164428204485E-4
<1237,44,11,op8> 9.480782511251346E-4
<1238,27,22,op5> 3.9428705933834386E-4
<1239,86,22,op5> 7.396103662098345E-4
<1240,88,23,op1> 2.7167985452417784E-5
<1241,26,16,op8> 2.1210575809232828E-4
<1242,45,22,op4> 4.4224476075177034E-4
<1243,5,11,op7> 3.2006225189556953E-4
<1244,7,16,op3> 9.424020687179855E-5
<1245,47,11,op3> 3.785546442078991E-4
<1246,65,23,op5> 0.001548412259906095
<1247,85,23,op7> 2.519919649091405E-4
<1248,28,22,op4> 1.9984821550007113E-4
<1249,86,22,op4> 3.700415345065833E-4
<1250,9,15,op1> 1.0883277169831102E-4
<1251,6,22,op5> 4.4067377220167846E-4
<1252,8,16,op3> 1.0204708791443275E-4
<1253,45,22,op5> 8.839245840068753E-4
<1254,29,16,op3> 8.754859454954066E-5
<1255,89,23,op1> 2.7386202203039606E-5
<1256,87,22,op5> 7.447644454168718E-4
<1257,47,11,op8> 9.535743569287585E-4
<1258,86,23,op7> 2.468317198939363E-4
<1259,29,11,op2> 1.6191793510973104E-5
<1260,6,15,op1> 1.028199113834872E-4
<1261,29,12,op2> 1.8242469206294236E-5
<1262,48,22,op5> 8.787705047998383E-4
<1263,29,10,op2> 3.567321261652387E-5
<1264,27,22,op4> 1.9726952884845735E-4
<1265,87,22,op4> 3.726202211581971E-4
<1266,29,22,op5> 4.045952177524182E-4
<1267,29,14,op2> 1.4141117815651973E-5
<1268,2,15,op8> 6.214388116988392E-4
<1269,28,16,op3> 8.643332582916435E-5
<1270,3,22,op4> 2.0500558880329878E-4
<1271,24,15,op8> 5.674006541598098E-4
<1272,47,22,op4> 4.4740213405499796E-4
<1273,4,22,op4> 2.3079245531943706E-4
<1274,24,16,op8> 2.0648706251372354E-4
<1275,100,0,op2> 2.674648134094034E-4
<1276,28,15,op1> 1.1383465976408379E-4
<1277,87,23,op7> 2.4855180156567106E-4
<1278,7,15,op1> 1.0161733932052246E-4
<1279,7,15,op8> 6.523177588639989E-4
<1280,28,10,op2> 3.521877678701401E-5
<1281,28,11,op2> 1.5985528625483E-5
<1282,28,12,op2> 1.8010081063538896E-5
<1283,3,15,op8> 6.137190749075492E-4
<1284,28,13,op2> 1.2948699968399163E-5
<1285,3,16,op8> 2.233431492495377E-4
<1286,28,14,op2> 1.3960976187427109E-5
<1287,26,22,op4> 1.9469084219684354E-4
<1288,25,22,op5> 3.8397890092426953E-4
<1289,27,16,op3> 8.531805710878803E-5
<1290,87,17,op8> 7.292247405579518E-4
<1291,48,22,op4> 4.396660741001565E-4
<1292,80,23,op7> 2.4339155655046682E-4
<1293,8,14,op7> 2.795266632649961E-4
<1294,42,0,op1> 3.107283265273793E-5
<1295,81,22,op5> 7.344562870027974E-4
<1296,83,23,op1> 3.0659453462367054E-5
<1297,9,22,op4> 2.3337114197105087E-4
<1298,80,17,op8> 7.140851265671293E-4
<1299,80,0,op2> 3.334473224443222E-4
<1300,8,15,op8> 7.063559164030285E-4
<1301,41,0,op4> 2.659666080328787E-4
<1302,42,0,op2> 1.6142149531756946E-4
<1303,8,16,op8> 2.5705532272116605E-4
<1304,43,13,op5> 8.242994286052647E-4
<1305,9,22,op5> 4.664441682368643E-4
<1306,44,11,op3> 3.7637277305972684E-4
<1307,40,0,op6> 4.561148051501487E-4
<1308,81,23,op7> 2.4511163822220155E-4
<1309,82,22,op5> 7.18994049381686E-4
<1310,41,0,op1> 3.152645064766841E-5
<1311,84,23,op1> 3.17505372154762E-5
<1312,41,22,op4> 1.792187222871606E-4
<1313,42,14,op5> 8.887397748154481E-4
<1314,41,22,op5> 3.5820850488908366E-4
<1315,43,11,op3> 1.4727630250163223E-4
<1316,43,11,op8> 3.7098714174461786E-4
<1317,83,22,op5> 7.241481285887231E-4
<1318,82,0,op2> 3.287342860846852E-4
<1319,40,0,op1> 3.1980068642598884E-5
<1320,29,16,op8> 2.205338014602353E-4
<1321,82,23,op7> 2.399513932069973E-4
<1322,81,0,op4> 5.453272179091397E-4
<1323,82,17,op8> 7.039920505732476E-4
<1324,7,22,op4> 2.178990220613679E-4
<1325,85,23,op1> 3.196875396609803E-5
<1326,6,15,op8> 6.600374956552888E-4
<1327,40,0,op2> 1.661345316772065E-4
<1328,9,16,op3> 1.0093181919405643E-4
<1329,46,11,op3> 3.8073651535607147E-4
<1330,83,23,op7> 2.4167147487873207E-4
<1331,28,15,op8> 5.982796013249695E-4
<1332,28,16,op8> 2.17724453670933E-4
<1333,81,0,op2> 3.3580384062414074E-4
<1334,86,23,op1> 3.131410371423254E-5
<1335,80,0,op4> 5.415003602396018E-4
<1336,8,22,op4> 2.3594982862266465E-4
<1337,45,11,op3> 3.7419090191155444E-4
<1338,8,22,op5> 4.715982474439015E-4
<1339,84,22,op4> 3.75198907809811E-4

