<0,17,46,op8> 0.0014542523732879455
<1,66,5,op3> 0.00592498337136699
<2,81,30,op3> 0.005409300321819184
<3,81,0,op5> 1.0688779585070105E-4
<4,89,41,op4> 0.0035475704776807932
<5,95,4,op4> 0.004859188698132073
<6,10,47,op8> 0.004248006692833802
<7,59,43,op8> 5.901309836442447E-4
<8,4,1,op2> 0.0010365764087393102
<9,68,7,op2> 0.007087164504861942
<10,77,42,op8> 0.0011932044851441464
<11,11,1,op2> 0.001156411831714953
<12,69,41,op4> 0.0040688461397073595
<13,45,3,op2> 0.003181198119481065
<14,70,41,op4> 0.004126765657710312
<15,100,4,op1> 0.0014113834642346561
<16,25,0,op5> 0.0013357260389208004
<17,112,4,op4> 0.0053684486490280115
<18,31,15,op2> 0.001477924702759765
<19,80,0,op2> 0.006717326248225454
<20,83,41,op4> 0.0038082083086940764
<21,90,2,op3> 0.005042246348829571
<22,48,23,op4> 0.004118539397114217
<23,55,24,op3> 0.003991171935562715
<24,66,5,op2> 0.007582097428576839
<25,63,3,op2> 0.0030833151004201085
<26,95,4,op1> 0.0014624742683698477
<27,27,2,op2> 8.202541291347268E-4
<28,55,3,op2> 0.0030050086851713446
<29,53,3,op2> 0.003298657742354211
<30,31,0,op5> 0.0015972668017864115
<31,71,0,op5> 1.1489437231891836E-4
<32,74,41,op4> 0.004242604693716215
<33,72,42,op8> 0.0013738489888711488
<34,82,25,op3> 0.0041200926979496665
<35,98,4,op4> 0.004731873710408089
<36,59,2,op5> 0.004418570561844677
<37,9,1,op2> 0.0010485599510368744
<38,27,0,op5> 0.001373089005044459
<39,80,28,op3> 0.004506854985110522
<40,56,3,op2> 0.0029854320813591526
<41,78,18,op3> 8.970736382758724E-4
<42,69,45,op8> 0.0035575186463128487
<43,52,43,op8> 6.611835435478997E-4
<44,87,44,op8> 0.0016634297197744338
<45,73,0,op2> 0.007376384672579649
<46,49,43,op8> 6.335519924742561E-4
<47,46,30,op4> 0.00576824641570795
<48,82,41,op4> 0.0037792485496926007
<49,50,3,op2> 0.0033378109499785937
<50,19,0,op8> 7.896627624982878E-4
<51,88,41,op4> 0.0035186107186793176
<52,57,2,op5> 0.0044776818737088196
<53,51,3,op5> 7.473378213961092E-5
<54,87,2,op3> 0.005717358830681231
<55,66,45,op8> 0.0035321982289013695
<56,56,23,op3> 0.003862251173175763
<57,51,31,op4> 0.006455624340122005
<58,50,0,op7> 1.4241595836667108E-4
<59,34,1,op6> 0.0013661037548561227
<60,55,2,op5> 0.004536793185572963
<61,62,0,op3> 5.812917901448139E-5
<62,107,4,op1> 0.001309201855964274
<63,20,1,op2> 0.002636651656762227
<64,97,4,op4> 0.004774312039649418
<65,32,0,op5> 0.0015599038356627528
<66,105,4,op4> 0.004434805405718792
<67,8,46,op8> 0.0014221141992926318
<68,61,2,op5> 0.004714127121165391
<69,25,1,op6> 0.0016144862557390543
<70,52,0,op3> 6.221493600591459E-5
<71,63,31,op3> 0.006053904133753942
<72,21,14,op2> 0.0023028129089512615
<73,44,3,op2> 0.0032007747232932556
<74,68,7,op3> 0.0055382210842061345
<75,6,1,op2> 9.88642239549053E-4
<76,57,22,op3> 0.0037333304107888114
<77,73,41,op4> 0.004213644934714739
<78,61,3,op2> 0.003122468308044491
<79,61,3,op5> 7.159182132893658E-5
<80,81,0,op2> 0.006768023050098854
<81,47,29,op4> 0.004943392906411083
<82,75,41,op4> 0.004271564452717691
<83,60,32,op3> 0.005796062608980039
<84,83,2,op3> 0.005548580710218315
<85,62,29,op3> 0.004635775747497473
<86,82,0,op5> 1.0448582291023586E-4
<87,103,4,op4> 0.0045196820642014485
<88,106,4,op1> 0.0013219745569980719
<89,64,3,op2> 0.0030245852889835357
<90,33,3,op2> 2.0750884288821744E-4
<91,29,1,op2> 0.002000675377744202
<92,77,0,op2> 0.006362448635111657
<93,54,3,op2> 0.0033182343461664026
<94,72,0,op5> 1.156950299657401E-4
<95,74,0,op2> 0.007427081474453049
<96,72,36,op3> 7.681528758889208E-4
<97,16,46,op8> 0.0015024596342809162
<98,25,1,op2> 0.0018946793312411981
<99,63,0,op3> 5.850061146824804E-5
<100,44,28,op4> 0.004805917321528273
<101,69,25,op4> 0.004393490566879839
<102,22,8,op2> 0.008242007993530037
<103,52,3,op5> 7.518263368399297E-5
<104,51,0,op7> 1.3907482151349408E-4
<105,104,4,op4> 0.00447724373496012
<106,53,0,op3> 6.258636845968124E-5
<107,62,3,op5> 7.024526669579045E-5
<108,27,10,op2> 0.0064272539399087445
<109,62,2,op5> 0.004625460153369176
<110,51,3,op2> 0.0032595045347298293
<111,84,41,op4> 0.003953007103701456
<112,110,4,op1> 0.0016412920828430169
<113,113,4,op4> 0.00541088697826934
<114,59,3,op2> 0.002926702269922579
<115,65,3,op2> 0.0030441618927957263
<116,67,4,op2> 0.00791205271105344
<117,84,2,op3> 0.005759553360796959
<118,91,2,op3> 0.005000051818713843
<119,57,43,op8> 5.980257125224287E-4
<120,76,0,op2> 0.007528475078199848
<121,108,4,op4> 0.004307490417994808
<122,90,41,op4> 0.003460691200676366
<123,64,0,op3> 5.738631410694808E-5
<124,28,0,op5> 0.0013917704881062883
<125,69,6,op2> 0.007252142146100241
<126,71,0,op2> 0.0072749910688328515
<127,101,4,op4> 0.0046469970519254335
<128,109,4,op1> 0.0012836564538966787
<129,80,41,op4> 0.003837168067695552
<130,67,41,op4> 0.004010926621704408
<131,43,3,op2> 0.0012626909458863303
<132,50,0,op3> 6.332923336721454E-5
<133,100,4,op4> 0.004689435381166761
<134,79,42,op8> 0.0011741892742255147
<135,60,2,op5> 0.004684571465233319
<136,63,3,op5> 7.06941182401725E-5
<137,68,26,op4> 0.004530966151762649
<138,63,2,op5> 0.004655015809301248
<139,58,43,op8> 5.940783480833367E-4
<140,67,4,op3> 0.006182824896140895
<141,58,3,op2> 0.0029462788737347704
<142,66,2,op2> 0.0015568088573373385
<143,91,44,op8> 0.0014547337401717372
<144,70,0,op5> 1.1409371467209663E-4
<145,78,0,op2> 0.006311751833238258
<146,77,41,op4> 0.003634449754685222
<147,85,2,op3> 0.005801747890912687
<148,52,3,op2> 0.003279081138542021
<149,107,4,op4> 0.004349928747236135
<150,106,4,op4> 0.0043923670764774644
<151,50,3,op5> 7.652918831713912E-5
<152,65,0,op3> 5.7757746560714734E-5
<153,87,41,op4> 0.003924047344699981
<154,72,0,op2> 0.007325687870706251
<155,108,4,op1> 0.0012964291549304762
<156,64,3,op5> 6.934756360702636E-5
<157,85,41,op4> 0.003981966862702932
<158,64,2,op5> 0.0045663488415050345
<159,92,2,op3> 0.004957857288598115
<160,51,0,op3> 6.184350355214793E-5
<161,50,40,op4> 0.0032936858878173498
<162,37,12,op2> 0.0029627234739044587
<163,86,2,op3> 0.005675164300565502
<164,75,0,op5> 1.1809700290620528E-4
<165,103,4,op1> 0.0013602926600994655
<166,45,43,op8> 6.414467213524401E-4
<167,60,3,op2> 0.0031028917042322996
<168,76,0,op5> 1.18897660553027E-4
<169,102,4,op1> 0.001373065361133263
<170,46,43,op8> 6.532888146697157E-4
<171,69,6,op3> 0.005667141846593086
<172,58,2,op5> 0.004448126217776748
<173,73,0,op5> 1.1649568761256181E-4
<174,88,2,op3> 0.00512663540906103
<175,105,4,op1> 0.0013347472580318698
<176,68,41,op4> 0.004097805898708835
<177,60,0,op3> 5.8872043922014695E-5
<178,39,1,op6> 0.0013886839822091165
<179,30,1,op2> 0.0021331704358729573
<180,79,0,op2> 0.006261055031364858
<181,47,3,op2> 0.003220351327105447
<182,75,0,op2> 0.007477778276326449
<183,56,2,op5> 0.004507237529640892
<184,47,43,op8> 6.493414502306238E-4
<185,62,3,op2> 0.0030637384966079174
<186,94,44,op8> 0.0014179050378889085
<187,89,2,op3> 0.005168829939176759
<188,74,0,op5> 1.1729634525938354E-4
<189,60,3,op5> 7.114296978455455E-5
<190,76,41,op4> 0.007456734514653705
<191,104,4,op1> 0.0013475199590656673
<192,21,0,op5> 0.0018401260815901935
<193,61,0,op3> 5.924347637578135E-5
<194,102,4,op4> 0.004562120393442777
<195,30,2,op1> 8.281442340943601E-5
<196,48,43,op8> 6.37499356913348E-4
<197,86,41,op4> 0.0038950875856985047
<198,69,0,op5> 1.1249239937845315E-4
<199,54,2,op5> 0.005009683680486105
<200,25,3,op5> 3.20928854233164E-5
<201,18,0,op8> 8.073088577496462E-4
<202,15,1,op2> 0.0011084776625246958
<203,1,1,op2> 9.407080703587959E-4
<204,32,3,op2> 2.91209888759095E-4
<205,45,27,op4> 0.004668441736645461
<206,6,47,op8> 0.0029083863249692006
<207,39,3,op5> 2.7604369979495925E-5
<208,59,3,op5> 6.710330588511612E-5
<209,16,0,op8> 8.249549530010045E-4
<210,0,0,op5> 6.36522829223276E-5
<211,2,2,op1> 7.972817160535764E-5
<212,1,0,op3> 1.5267966149110508E-4
<213,79,0,op5> 9.888121938248375E-5
<214,28,2,op1> 7.664191980127928E-5
<215,27,0,op3> 2.7300285351849083E-5
<216,19,0,op6> 3.327242256263065E-4
<217,26,3,op5> 3.2541736967698454E-5
<218,0,1,op2> 9.526916126563601E-4
<219,26,0,op5> 0.0013544075219826296
<220,28,2,op2> 8.314140492590087E-4
<221,0,0,op3> 1.546246253317561E-4
<222,26,1,op6> 0.0016370664830920479
<223,1,2,op1> 8.07569222067171E-5
<224,99,4,op1> 0.001385838062167061
<225,28,0,op3> 2.7671717805615734E-5
<226,29,2,op1> 7.767067040263874E-5
<227,39,1,op2> 0.0016296892149836879
<228,73,37,op3> 0.0019284397373714862
<229,27,3,op5> 3.29905885120805E-5
<230,1,0,op6> 2.918307453817325E-4
<231,0,0,op8> 7.014322862414959E-4
<232,18,0,op5> 7.326017468418835E-5
<233,110,4,op4> 0.005453325307510668
<234,41,0,op7> 5.554640018406821E-5
<235,57,3,op5> 6.800100897388022E-5
<236,37,0,op5> 0.001167592691364336
<237,37,3,op5> 2.8053221523877977E-5
<238,3,0,op3> 1.4878973380980302E-4
<239,29,1,op6> 0.0017048071651510294
<240,99,4,op4> 0.004604558722684104
<241,82,0,op2> 0.006615932644478655
<242,19,0,op3> 1.740742637382663E-4
<243,4,2,op1> 8.898692701759273E-5
<244,39,0,op3> 2.284309590664923E-5
<245,26,9,op2> 0.008077030352291738
<246,27,1,op6> 0.0016596467104450419
<247,72,41,op4> 0.004184685175713263
<248,38,0,op5> 0.0011862741744261653
<249,77,0,op5> 1.0048253467612722E-4
<250,2,3,op5> 3.478599468960869E-5
<251,59,0,op3> 5.552915183811481E-5
<252,29,0,op3> 2.8043150259382396E-5
<253,81,41,op4> 0.0038661278266970286
<254,17,0,op6> 3.364418147394496E-4
<255,19,1,op2> 0.001072527035632003
<256,37,1,op6> 0.0014112642095621103
<257,57,3,op2> 0.002965855477546962
<258,28,3,op5> 3.3439440056462545E-5
<259,38,1,op6> 0.0014338444369151042
<260,2,1,op2> 9.287245280612316E-4
<261,0,0,op6> 2.9554833449487556E-4
<262,22,0,op5> 0.001279681589735312
<263,17,0,op8> 7.984858101239671E-4
<264,19,0,op5> 7.165885939054489E-5
<265,3,2,op1> 7.869942100399818E-5
<266,38,3,op5> 2.8502073068260023E-5
<267,58,3,op5> 6.755215742949816E-5
<268,39,0,op5> 0.0011489112083025066
<269,20,1,op6> 0.0022467326216228795
<270,78,0,op5> 9.968187702930547E-5
<271,1,0,op5> 6.285162527550586E-5
<272,2,0,op3> 1.7952071281736976E-4
<273,28,1,op6> 0.0016822269377980354
<274,18,0,op6> 3.401594038525926E-4
<275,3,1,op2> 9.167409857636673E-4
<276,29,0,op5> 0.0014104519711681178
<277,18,46,op8> 0.0014703214602856025
<278,79,41,op4> 0.00357653023668227
<279,28,11,op2> 0.00263276819142786
<280,65,3,op5> 6.97964151514084E-5
<281,111,4,op1> 0.0016540647838768146
<282,70,45,op8> 0.003608159481135808
<283,11,47,op8> 0.0034019306710245806
<284,2,0,op6> 2.8811315626858943E-4
<285,55,3,op5> 6.889871206264431E-5
<286,96,4,op4> 0.004816750368890745
<287,14,1,op2> 0.0011444282894173886
<288,18,2,op1> 9.413068002439E-5
<289,17,0,op3> 1.7601922757891732E-4
<290,56,0,op3> 5.664344919941477E-5
<291,16,0,op5> 7.486148997783181E-5
<292,15,0,op6> 3.4387699296573574E-4
<293,23,0,op5> 0.0012983630727971414
<294,80,42,op8> 0.0012597577233593577
<295,29,3,op5> 3.38882916008446E-5
<296,14,0,op8> 8.426010482523629E-4
<297,65,2,op5> 0.004595904497437106
<298,98,4,op1> 0.0014241561652684543
<299,17,1,op2> 0.0010845105779295674
<300,15,0,op5> 7.40608323310101E-5
<301,67,2,op2> 0.0015456489372130562
<302,56,3,op5> 6.844986051826226E-5
<303,19,2,op1> 9.207317882167108E-5
<304,18,0,op3> 1.7796419141956834E-4
<305,17,0,op5> 7.245951703736663E-5
<306,57,0,op3> 5.6272016745648114E-5
<307,15,0,op8> 8.161319053753254E-4
<308,16,0,op6> 3.4759458207887886E-4
<309,66,0,op5> 1.1169174173163142E-4
<310,18,1,op2> 0.0010964941202271314
<311,97,4,op1> 0.001436928866302252
<312,109,4,op4> 0.0042650520887534795
<313,58,0,op3> 5.590058429188146E-5
<314,68,2,op2> 0.0015791286975859026
<315,16,2,op1> 9.61881812271089E-5
<316,15,0,op3> 1.7990915526021936E-4
<317,76,42,op8> 0.0014118794107084122
<318,54,0,op3> 6.295780091344788E-5
<319,53,3,op5> 7.563148522837503E-5
<320,52,0,op7> 1.3991010572678833E-4
<321,12,0,op8> 8.602471435037213E-4
<322,13,0,op6> 3.51312171192022E-4
<323,93,44,op8> 0.0014301812719831849
<324,67,0,op5> 1.1089108408480968E-4
<325,96,4,op1> 0.00144970156733605
<326,0,2,op1> 8.178567280807654E-5
<327,69,2,op2> 0.0015679687774616206
<328,13,0,op5> 7.566214762465356E-5
<329,55,0,op3> 5.7014881653181424E-5
<330,111,4,op4> 0.005495763636751996
<331,67,45,op8> 0.00350687781148989
<332,17,2,op1> 9.310192942303055E-5
<333,16,0,op3> 1.818541191008704E-4
<334,70,16,op3> 0.0014127566878236793
<335,54,3,op5> 7.608033677275706E-5
<336,53,0,op7> 1.4074538994008257E-4
<337,13,0,op8> 8.337780006266838E-4
<338,92,41,op4> 0.0034027716826734145
<339,14,0,op6> 3.5502976030516505E-4
<340,68,0,op5> 1.132930570252749E-4
<341,16,1,op2> 0.00112046120482226
<342,70,16,op2> 0.0018078799852363633
<343,94,2,op3> 0.004873468228366658
<344,14,0,op5> 7.646280527147529E-5
<345,34,1,op2> 0.0016031902033579368
<346,10,3,op5> 5.408661109803673E-5
<347,9,0,op6> 3.252890474000203E-4
<348,24,3,op5> 3.164403387893436E-5
<349,89,44,op8> 0.0015038386765488423
<350,8,0,op8> 7.808397148726086E-4
<351,50,43,op8> 6.730256368651755E-4
<352,24,0,op5> 0.0013170445558589707
<353,9,46,op8> 0.0014060451122949753
<354,30,1,op6> 0.001817708301915998
<355,12,2,op1> 1.003031836325467E-4
<356,11,0,op3> 2.2353224241130555E-4
<357,26,2,op2> 8.090942090104448E-4
<358,46,3,op2> 0.0032399279309176378
<359,83,44,op8> 0.0016143247833973284
<360,24,1,op6> 0.0015919060283860603
<361,32,2,op1> 8.590067521351435E-5
<362,31,0,op3> 3.1757474797048934E-5
<363,30,0,op5> 0.0015038593864772647
<364,9,0,op5> 7.005754409690144E-5
<365,12,1,op2> 0.001168395374012517
<366,27,2,op1> 7.561316919991983E-5
<367,44,3,op5> 7.338722750646478E-5
<368,43,0,op7> 5.3875831757479686E-5
<369,30,3,op5> 3.613254932275484E-5
<370,22,2,op2> 7.644545285133168E-4
<371,71,42,op8> 0.0013643413834118327
<372,26,0,op3> 2.692885289808243E-5
<373,45,0,op3> 6.0357773737081314E-5
<374,33,1,op6> 0.0013435235275031292
<375,7,0,op8> 7.190783814928544E-4
<376,10,0,op6> 4.479694881337422E-4
<377,23,3,op5> 3.1195182334552305E-5
<378,9,0,op8> 7.720166672469294E-4
<379,93,2,op3> 0.0049156627584823875
<380,24,0,op3> 2.618598799054912E-5
<381,31,2,op2> 9.541731706261108E-4
<382,11,2,op1> 9.927443303118725E-5
<383,10,0,op3> 2.791257534773297E-4
<384,71,34,op3> 0.0012838359254367278
<385,23,1,op6> 0.0015693258010330666
<386,30,0,op3> 2.9900312528215667E-5
<387,43,3,op5> 2.8950924612642075E-5
<388,42,0,op7> 5.471111597077394E-5
<389,31,2,op1> 8.795817641623328E-5
<390,84,44,op8> 0.00167570595386871
<391,25,0,op3> 2.6557420444315777E-5
<392,48,0,op7> 1.3489840044702276E-4
<393,26,2,op1> 7.458441859856037E-5
<394,44,0,op3> 6.072920619084796E-5
<395,24,2,op1> 7.252691739584147E-5
<396,23,0,op3> 2.5814555536782467E-5
<397,32,1,op6> 0.0018854489839749795
<398,7,0,op6> 3.029835127211618E-4
<399,94,41,op4> 0.003344852164670463
<400,22,3,op5> 3.074633079017026E-5
<401,7,3,op5> 3.658140086713688E-5
<402,13,0,op3> 1.837990829415214E-4
<403,12,0,op5> 7.806412056511874E-5
<404,64,26,op3> 0.004249013460336618
<405,7,47,op8> 0.0028731331573938167
<406,42,3,op5> 2.9399776157024117E-5
<407,9,2,op1> 9.001567761895219E-5
<408,24,1,op2> 0.001868180319615447
<409,14,0,op3> 1.8574404678217243E-4
<410,8,0,op3> 1.7212929989761526E-4
<411,52,32,op4> 0.006180673170356384
<412,15,2,op1> 9.515943062574944E-5
<413,35,0,op5> 0.0010741852760551892
<414,40,20,op4> 0.002743783548286105
<415,79,17,op3> 6.392321135019691E-4
<416,34,2,op1> 6.223941138224692E-5
<417,33,0,op3> 2.210023099911593E-5
<418,74,38,op4> 0.0023313567936376718
<419,22,1,op6> 0.001546745573680073
<420,12,0,op6> 3.624649385314512E-4
<421,43,0,op3> 2.3957393267949203E-5
<422,11,0,op8> 8.514240958780422E-4
<423,5,0,op8> 7.455475243698919E-4
<424,32,3,op5> 3.747910395590097E-5
<425,25,2,op1> 7.355566799720093E-5
<426,41,19,op4> 4.066986052783162E-4
<427,67,22,op4> 0.003981063812231405
<428,22,0,op3> 2.5443123083015815E-5
<429,23,2,op1> 7.1498166794482E-5
<430,66,24,op4> 0.004256014981997028
<431,8,0,op6> 3.2900663651316337E-4
<432,11,3,op5> 4.331417403286759E-5
<433,21,3,op5> 4.421187712163169E-5
<434,86,44,op8> 0.0016511534856801574
<435,78,42,op8> 0.0011836968796848305
<436,31,1,op6> 0.001930609438680967
<437,13,2,op1> 9.721693182846835E-5
<438,12,0,op3> 1.8963397446347444E-4
<439,14,2,op1> 9.824568242982781E-5
<440,23,3,op2> 2.4238427866774974E-4
<441,41,3,op5> 2.9848627701406165E-5
<442,40,0,op7> 5.638168439736245E-5
<443,9,0,op3> 1.7018433605696425E-4
<444,32,0,op3> 3.1014609889515625E-5
<445,21,1,op6> 0.002224152394269886
<446,33,2,op1> 6.121066078088748E-5
<447,19,46,op8> 0.0014381832862902886
<448,63,43,op8> 6.217098991569803E-4
<449,10,0,op8> 0.001063177238894343
<450,8,0,op5> 7.085820174372316E-5
<451,6,0,op8> 7.279014291185334E-4
<452,11,0,op6> 3.587473494183081E-4
<453,31,3,op5> 3.8376807044665064E-5
<454,42,0,op3> 2.4328825721715847E-5
<455,13,1,op2> 0.0011324447471198242
<456,20,3,op5> 4.466072866601373E-5
<457,75,39,op3> 0.0015416774502106313
<458,10,2,op1> 1.2396444746381414E-4
<459,36,0,op3> 2.172879854534927E-5
<460,75,42,op8> 0.001402371805249096
<461,37,2,op1> 6.429691258496586E-5
<462,85,44,op8> 0.0016879821879629863
<463,36,3,op2> 2.0402129931026416E-4
<464,20,0,op5> 0.0018588075646520227
<465,21,0,op3> 3.6586096696015444E-5
<466,7,1,op2> 9.766586972514888E-4
<467,22,2,op1> 7.046941619312256E-5
<468,3,0,op8> 6.749631433644583E-4
<469,4,0,op6> 3.215714582868773E-4
<470,70,2,op2> 0.0015902886177101847
<471,48,3,op5> 7.248952441770069E-5
<472,47,0,op7> 1.3740425308690556E-4
<473,35,0,op3> 2.135736609158262E-5
<474,6,0,op3> 1.911026942894581E-4
<475,34,0,op5> 0.001130229725240677
<476,5,0,op5> 6.765557115643625E-5
<477,34,3,op5> 2.7155518435113876E-5
<478,7,2,op1> 8.384317401079545E-5
<479,78,41,op4> 0.003605489995683746
<480,36,2,op1> 6.018191017952803E-5
<481,6,3,op5> 3.703025241151892E-5
<482,6,0,op6> 3.067011018343049E-4
<483,49,0,op3> 5.9614908829548E-5
<484,20,0,op3> 3.6957529149782096E-5
<485,35,1,op2> 0.0015236931684806838
<486,21,2,op1> 1.0133193423390616E-4
<487,8,1,op2> 0.0010605434933344386
<488,76,40,op3> 0.003088726598854052
<489,61,33,op3> 0.001025994400662824
<490,47,3,op5> 7.383607905084683E-5
<491,46,0,op7> 1.382395373001998E-4
<492,4,0,op8> 7.631936196212504E-4
<493,5,0,op6> 3.1413628006059105E-4
<494,58,21,op3> 0.002444122786919293
<495,49,3,op2> 0.0031420449118566823
<496,35,2,op1> 5.915315957816857E-5
<497,21,2,op2> 0.0010992521322417766
<498,34,0,op3> 2.247166345288258E-5
<499,8,2,op1> 9.104442822031163E-5
<500,33,3,op5> 2.6706666890731834E-5
<501,7,0,op3> 1.8878629799504046E-4
<502,33,0,op5> 0.001111548242178848
<503,38,0,op3> 2.358596081418254E-5
<504,3,0,op5> 6.12503099818624E-5
<505,39,2,op1> 6.326816198360638E-5
<506,93,41,op4> 0.0033738119236719393
<507,48,3,op2> 0.003161621515668874
<508,5,1,op2> 0.0010126093241441816
<509,73,42,op8> 0.0013833565943304643
<510,20,2,op1> 1.0236068483526562E-4
<511,60,43,op8> 6.256572635960721E-4
<512,36,1,op6> 0.0013209433001501352
<513,54,35,op3> 5.103113511150172E-4
<514,48,0,op3> 5.9986341283314656E-5
<515,38,2,op2> 7.086549278919068E-4
<516,46,3,op5> 7.428493059522887E-5
<517,45,0,op7> 1.3573368466031704E-4
<518,49,0,op7> 1.340631162337285E-4
<519,1,0,op8> 6.926092386158168E-4
<520,10,1,op2> 0.0014440168468564953
<521,36,3,op5> 2.6257815346349782E-5
<522,65,27,op3> 0.00437793422272357
<523,36,0,op5> 0.0010928667591170184
<524,5,2,op1> 8.69294258148738E-5
<525,4,0,op3> 2.0036827946712886E-4
<526,4,3,op5> 3.8825658589047123E-5
<527,5,46,op8> 0.0013578378513020043
<528,37,0,op3> 2.321452836041589E-5
<529,38,2,op1> 6.532566318632529E-5
<530,35,1,op6> 0.0012983630727971414
<531,47,0,op3> 6.110063864461462E-5
<532,88,44,op8> 0.0014915624424545657
<533,74,42,op8> 0.0013928641997897802
<534,3,0,op6> 2.8439556715544636E-4
<535,37,2,op2> 6.974950077676249E-4
<536,46,0,op3> 6.147207109838128E-5
<537,45,3,op5> 7.293837596208275E-5
<538,49,3,op5> 7.204067287331864E-5
<539,44,0,op7> 1.3656896887361127E-4
<540,2,0,op8> 6.837861909901375E-4
<541,35,3,op5> 2.5808963801967737E-5
<542,6,2,op1> 8.48719246121549E-5
<543,5,0,op3> 1.643494445350112E-4
<544,42,43,op8> 2.5855237076052195E-4
<545,1,46,op8> 0.0012614233293160634
<546,62,43,op8> 6.177625347178883E-4
<547,81,42,op8> 0.0012692653288186736
<548,77,20,op3> 0.002573043549306245
<549,41,43,op8> 2.6249973519961394E-4
<550,92,44,op8> 0.0014424575060774608
<551,2,47,op8> 0.0027321204870922795
<552,75,39,op4> 0.0016439788692236164
<553,38,13,op2> 0.002137835267712962
<554,61,43,op8> 6.296046280351642E-4
<555,51,43,op8> 6.572361791088077E-4
<556,82,42,op8> 0.0012407425124407257
<557,44,43,op8> 6.45394085791532E-4
<558,12,46,op8> 0.0015667359822715437
<559,91,41,op4> 0.00343173144167489
<560,53,34,op4> 0.0013690276994579942
<561,64,43,op8> 6.098678058397045E-4
<562,4,47,op8> 0.0030493989952707374
<563,72,36,op4> 8.191253599267495E-4
<564,71,41,op4> 0.004155725416711787
<565,66,41,op4> 0.004039886380705884
<566,49,21,op4> 0.0026063079634032938
<567,43,43,op8> 2.5460500632143007E-4
<568,74,38,op3> 0.00218628126214539
<569,90,44,op8> 0.0014670099742660134
<570,0,46,op8> 0.0012774924163137201
<571,101,4,op1> 0.0013986107632008586
<572,73,37,op4> 0.0020564056238720494
<573,41,0,op3> 2.4700258175482506E-5
<574,43,17,op4> 6.816497750439385E-4
<575,14,46,op8> 0.00153459780827623
<576,112,4,op1> 0.0016157466807754212
<577,40,3,op5> 3.0297479245788214E-5
<578,42,3,op2> 0.0012822675496985214
<579,70,33,op4> 0.0010940765296923716
<580,56,43,op8> 6.019730769615205E-4
<581,42,18,op4> 9.566009448095606E-4
<582,40,0,op3> 2.507169062924916E-5
<583,113,4,op1> 0.001628519381809219
<584,13,46,op8> 0.001518528721278573
<585,41,3,op2> 0.0013018441535107125
<586,65,43,op8> 6.138151702787964E-4
<587,71,35,op4> 5.441741901611272E-4
<588,55,43,op8> 6.059204414006126E-4
<589,40,43,op8> 2.664470996387058E-4
<590,3,46,op8> 0.0012292851553207496
<591,68,45,op8> 0.0035828390637243283
<592,54,43,op8> 6.690782724260836E-4
<593,40,3,op2> 0.0013214207573229036
<594,80,0,op5> 1.0608713820387932E-4
<595,15,46,op8> 0.0014863905472832595
<596,59,19,op3> 3.813905887280656E-4
<597,53,43,op8> 6.651309079869916E-4

