<0,82,0,op4> 6.51020429995781E-4
<1,100,22,op6> 0.006850580443203813
<2,95,22,op6> 0.007092010590981921
<3,62,24,op3> 0.004017116742770543
<4,100,0,op6> 8.954864399277556E-4
<5,119,0,op6> 0.01176621895812936
<6,77,5,op2> 0.006280291227902729
<7,114,0,op6> 0.011001627112474745
<8,87,2,op8> 0.002998328222495153
<9,80,22,op4> 4.449724387975157E-4
<10,65,24,op3> 0.003992844134052896
<11,84,2,op8> 0.003019077898775396
<12,11,1,op7> 0.00109092141838667
<13,113,0,op6> 0.01142640036006064
<14,110,0,op6> 0.011511355009577822
<15,67,24,op3> 0.003580209785852901
<16,51,0,op6> 0.001384650838831023
<17,33,10,op2> 3.463623541973881E-5
<18,52,0,op4> 8.23692515371006E-4
<19,84,5,op2> 0.006896470744602619
<20,70,0,op7> 8.377230454351668E-4
<21,94,29,op1> 0.008371856347015849
<22,102,22,op6> 0.006669507832370233
<23,95,0,op6> 9.270454334053858E-4
<24,77,2,op8> 0.002749332107132234
<25,53,0,op2> 5.10090519578418E-4
<26,35,7,op5> 0.0030484172062722474
<27,41,8,op8> 6.955544000182439E-4
<28,83,22,op4> 4.4182775725124353E-4
<29,107,0,op6> 0.008962715524062435
<30,83,5,op2> 0.00665947862279497
<31,62,8,op8> 0.001656320189971502
<32,31,15,op1> 1.5852369329224876E-4
<33,114,0,op7> 3.618119728587614E-4
<34,73,0,op2> 4.439942832386793E-4
<35,86,2,op3> 0.001182053794728532
<36,86,17,op8> 8.831277845956852E-4
<37,98,22,op6> 0.006910937980148339
<38,80,22,op5> 8.89376455675839E-4
<39,50,0,op7> 9.925497469017322E-4
<40,82,23,op1> 3.7122771498126534E-5
<41,1,15,op8> 7.672523049196776E-4
<42,117,0,op2> 3.6640304927463825E-4
<43,49,1,op5> 0.0028126642107280985
<44,71,0,op6> 0.0012031866263346497
<45,88,0,op2> 3.577818010564115E-4
<46,70,8,op8> 0.0015162085122699853
<47,45,0,op6> 0.0013530918453533928
<48,109,0,op6> 0.00879280622502808
<49,89,22,op6> 0.007574870886538138
<50,17,8,op8> 9.357458475065584E-4
<51,112,0,op6> 0.011341445710543463
<52,57,21,op1> 0.0019621144905893682
<53,52,0,op6> 0.0013925405872004305
<54,71,0,op7> 8.43252570487544E-4
<55,80,5,op2> 0.006706877047156499
<56,53,0,op7> 9.814906967969773E-4
<57,36,8,op5> 0.003598507529208592
<58,78,2,op8> 0.002707832754571747
<59,54,0,op2> 5.129642689844936E-4
<60,68,21,op1> 0.0018398643665651086
<61,60,24,op3> 0.004065661960205837
<62,43,22,op4> 2.1226600437337324E-4
<63,117,0,op6> 0.010831717813440386
<64,90,22,op6> 0.007393798275704558
<65,51,22,op4> 5.518916113707703E-4
<66,88,22,op6> 0.007514513349593611
<67,74,0,op2> 4.468680326447549E-4
<68,113,0,op7> 3.757815471004124E-4
<69,44,0,op2> 4.957217725480399E-4
<70,88,0,op6> 9.822736719912386E-4
<71,61,23,op5> 0.001934188087459589
<72,78,0,op6> 0.0010296121622076838
<73,72,24,op3> 0.003725845438158782
<74,14,22,op5> 6.191065786860082E-4
<75,94,22,op6> 0.00715236812792645
<76,12,8,op8> 0.0010058016863573169
<77,81,23,op1> 3.7921110670129255E-5
<78,5,15,op8> 8.237371371837028E-4
<79,51,0,op7> 9.704316466922227E-4
<80,51,8,op8> 0.0017563999597582994
<81,4,8,op8> 8.957139395918394E-4
<82,89,43,op1> 0.005475172106370785
<83,50,8,op8> 0.0017964318676730187
<84,0,22,op4> 2.594362275674562E-4
<85,116,0,op2> 3.635292998685626E-4
<86,72,0,op6> 0.0012110763747040572
<87,67,21,op1> 0.001803189329357831
<88,11,2,op7> 8.352071445559523E-4
<89,103,22,op8> 1.3874600360406597E-4
<90,98,25,op1> 0.0073185166231449165
<91,1,6,op7> 9.835053305190314E-4
<92,85,5,op2> 0.006943869168964149
<93,118,0,op6> 0.01168126430861218
<94,56,23,op5> 0.0018538360600873804
<95,31,22,op5> 5.562531189209312E-4
<96,91,22,op6> 0.007333440738760029
<97,3,8,op8> 7.956341698050415E-4
<98,101,0,op2> 3.232968081835043E-4
<99,50,0,op4> 8.376929547257541E-4
<100,42,11,op8> 4.5911740393298655E-4
<101,1,16,op8> 2.7921658794056726E-4
<102,101,40,op1> 0.006265176899273985
<103,70,0,op2> 4.3537303502045254E-4
<104,10,15,op1> 1.8111572891358545E-4
<105,101,22,op6> 0.006790222906259287
<106,95,28,op1> 0.008108521416048117
<107,7,22,op5> 5.311117350149004E-4
<108,75,23,op5> 0.0017964417548215169
<109,53,24,op3> 0.0043083880473823045
<110,14,8,op8> 9.857857323999572E-4
<111,51,0,op2> 5.043430207662666E-4
<112,80,23,op1> 3.765499761279501E-5
<113,63,21,op1> 0.002035464565003924
<114,112,0,op7> 3.7298763225208226E-4
<115,71,0,op2> 4.382467844265281E-4
<116,41,11,op8> 4.6581984778602283E-4
<117,115,0,op2> 3.778980468989406E-4
<118,25,16,op8> 2.5523479511131605E-4
<119,58,21,op1> 0.001949889478186942
<120,54,0,op7> 9.870202218493548E-4
<121,56,8,op8> 0.0016162882820567829
<122,46,11,op8> 0.001169576452354834
<123,78,2,op3> 0.0010749687819656684
<124,1,1,op7> 8.935687999850613E-4
<125,7,16,op8> 2.894944991531035E-4
<126,97,22,op6> 0.006971295517092867
<127,116,0,op6> 0.010746763163923208
<128,51,0,op1> 9.708351575492331E-5
<129,49,0,op7> 9.372544963779587E-4
<130,58,23,op5> 0.0018308783379810348
<131,111,0,op6> 0.011596309659095002
<132,22,1,op7> 7.839284564286122E-4
<133,50,0,op6> 0.0014162098323086535
<134,46,22,op5> 0.0010967928729005928
<135,19,8,op2> 6.746889776636354E-5
<136,11,15,op1> 1.4591915001539878E-4
<137,13,15,op8> 9.178785242904118E-4
<138,49,11,op8> 0.0011360642330896526
<139,55,24,op3> 0.003944298916617602
<140,47,5,op5> 0.003284170201816394
<141,82,5,op2> 0.006612080198433439
<142,10,16,op3> 1.6796723742899437E-4
<143,38,12,op5> 0.0013981462374632106
<144,31,0,op2> 3.0619107987468546E-4
<145,52,0,op2> 5.072167701723422E-4
<146,13,15,op1> 1.4298610177388324E-4
<147,51,0,op4> 8.190257022527566E-4
<148,111,0,op7> 3.813693767970729E-4
<149,72,0,op2> 4.4112053383260364E-4
<150,66,24,op3> 0.0036044823945705477
<151,99,39,op1> 0.0031051577276611873
<152,46,22,op4> 5.487469298244981E-4
<153,114,0,op2> 3.7215054808678946E-4
<154,8,1,op7> 0.0010032091435415106
<155,52,0,op1> 9.763669818087729E-5
<156,78,17,op8> 8.031231769319644E-4
<157,70,0,op6> 0.0011952968779652424
<158,118,0,op7> 3.8416329164540306E-4
<159,102,38,op1> 0.004421832382499853
<160,74,0,op7> 8.598411456446759E-4
<161,79,5,op2> 0.006090697530456609
<162,3,0,op4> 3.7101164290082137E-4
<163,11,16,op3> 1.353258309650602E-4
<164,12,15,op1> 1.4738567413615655E-4
<165,73,8,op8> 0.0015462324432060244
<166,91,32,op1> 0.010741870725725449
<167,40,8,op8> 7.055623769969239E-4
<168,71,23,op5> 0.0017505263106088267
<169,12,1,op7> 0.0011018854527423151
<170,38,11,op8> 4.457125162269139E-4
<171,94,0,op6> 9.349351817747935E-4
<172,3,1,op7> 8.716407312737715E-4
<173,72,23,op5> 0.0017620051716619996
<174,39,22,op5> 4.054048154847464E-4
<175,74,23,op5> 0.0017849628937683445
<176,66,21,op1> 0.0018154143417602566
<177,29,15,op8> 7.390098887876648E-4
<178,25,15,op8> 7.013533339449812E-4
<179,75,0,op6> 0.0012347456198122798
<180,1,22,op5> 5.122556970853772E-4
<181,57,24,op3> 0.003895753699182308
<182,77,0,op2> 3.807717963050162E-4
<183,93,22,op6> 0.007212725664870976
<184,50,0,op2> 5.158380183905691E-4
<185,73,0,op6> 0.0012189661230734648
<186,92,22,op6> 0.007273083201815503
<187,8,0,op5> 0.0011735019154103668
<188,93,30,op1> 0.009951865932822249
<189,75,0,op7> 8.653706706970532E-4
<190,79,22,op4> 4.040915786959772E-4
<191,117,0,op7> 3.5622414316210097E-4
<192,67,23,op5> 0.0016931320053429637
<193,71,21,op1> 0.0018643143913699607
<194,10,22,op5> 7.762402280987006E-4
<195,64,21,op1> 0.001998789527796646
<196,98,0,op6> 9.033761882971631E-4
<197,76,21,op1> 0.0019254394533820903
<198,73,0,op7> 8.543116205922986E-4
<199,77,2,op3> 0.0010914433993138013
<200,12,16,op3> 1.3668588956772414E-4
<201,17,9,op2> 6.670897461320233E-5
<202,75,8,op8> 0.001566248397163384
<203,74,8,op8> 0.001556240420184704
<204,50,0,op1> 9.929624545873925E-5
<205,39,11,op8> 4.323076285208412E-4
<206,52,11,op3> 4.6962575811463134E-4
<207,10,22,op4> 3.8836817096461626E-4
<208,78,5,op2> 0.006185494379179667
<209,76,0,op6> 0.0012426353681816874
<210,88,41,op1> 0.006001841968306251
<211,78,0,op2> 3.75024297492865E-4
<212,81,2,op8> 0.0029568288699346663
<213,77,0,op4> 6.183527381680358E-4
<214,17,16,op3> 1.271654793490767E-4
<215,72,0,op7> 8.487820955399214E-4
<216,37,22,op5> 4.116901614612542E-4
<217,14,15,op1> 1.44452625894641E-4
<218,17,12,op2> 2.649742526496501E-5
<219,38,22,op4> 2.0912132282710106E-4
<220,13,16,op3> 1.3260571375973238E-4
<221,54,21,op1> 0.002182164713833036
<222,34,11,op8> 4.2560518466780493E-4
<223,71,8,op8> 0.001526216489248665
<224,11,22,op5> 6.253919246625158E-4
<225,10,15,op8> 0.0011626461307678551
<226,36,11,op8> 4.122002969617324E-4
<227,119,0,op2> 3.980142927414699E-4
<228,10,16,op8> 4.231073449160744E-4
<229,4,1,op7> 9.812810748302209E-4
<230,90,33,op1> 0.0020518180037902537
<231,54,0,op6> 0.001408320083939246
<232,11,22,op4> 3.128958138540835E-4
<233,55,23,op5> 0.0018653149211405528
<234,74,24,op3> 0.003774390655594075
<235,11,0,op5> 0.0012761031757741145
<236,72,21,op1> 0.0018765394037723866
<237,52,0,op7> 9.759611717445999E-4
<238,12,16,op8> 3.4431002561996336E-4
<239,75,0,op2> 4.497417820508305E-4
<240,92,31,op1> 0.011268540587660915
<241,39,11,op3> 1.7161961132234404E-4
<242,54,24,op3> 0.004332660656099952
<243,67,0,op7> 8.156049452256573E-4
<244,116,0,op7> 3.5343022831377084E-4
<245,15,15,op1> 1.4005305353236768E-4
<246,4,0,op5> 0.0011478516003194299
<247,84,0,op4> 6.790213087052769E-4
<248,12,22,op5> 6.316772706390234E-4
<249,29,1,op7> 8.606766969181266E-4
<250,39,22,op4> 2.0283195973455663E-4
<251,14,16,op3> 1.339657723623963E-4
<252,72,8,op8> 0.0015362244662273448
<253,115,0,op6> 0.011171536411509102
<254,68,0,op6> 0.0011874071295958346
<255,3,0,op5> 0.0010196000248647449
<256,74,0,op6> 0.0012268558714428723
<257,29,15,op1> 1.4061141156431105E-4
<258,108,0,op6> 0.00887776087454526
<259,100,42,op1> 0.005738507037338518
<260,11,15,op8> 9.367068017117536E-4
<261,14,1,op7> 0.001964597257241337
<262,37,11,op8> 4.3901007237387766E-4
<263,65,21,op1> 0.0020110145401990723
<264,87,0,op6> 0.0011400686393793894
<265,11,16,op8> 3.4088405521578454E-4
<266,42,8,op8> 6.855464230395643E-4
<267,118,0,op2> 3.9514054333539424E-4
<268,73,24,op3> 0.0037501180468764283
<269,12,22,op4> 3.160404954003557E-4
<270,64,23,op5> 0.0018767937821937255
<271,76,0,op2> 4.526155314569061E-4
<272,39,10,op5> 0.0027340798788800494
<273,115,0,op7> 3.673998025554218E-4
<274,58,24,op3> 0.0038714810904646618
<275,38,22,op5> 4.1797550743776185E-4
<276,15,22,op5> 6.00250540756485E-4
<277,24,1,op7> 8.058565251399021E-4
<278,119,23,op1> 3.685665844079229E-5
<279,38,8,op8> 6.655304690822047E-4
<280,79,0,op6> 0.0010138326654688687
<281,51,22,op5> 0.0011030782188771006
<282,27,1,op2> 4.3613283952191733E-5
<283,27,0,op2> 2.6467364531540614E-4
<284,26,0,op4> 3.523443904278241E-4
<285,57,23,op5> 0.0018423571990342075
<286,13,8,op8> 9.757777554212776E-4
<287,27,3,op2> 3.995768855689743E-5
<288,17,1,op7> 0.0010251372122528006
<289,99,0,op8> 2.0966453185735794E-4
<290,27,2,op2> 4.1176220355328866E-5
<291,80,0,op6> 0.0011163993942711668
<292,82,2,op8> 0.0028945798410939367
<293,58,0,op7> 8.819592458541853E-4
<294,34,9,op5> 0.0035199231973605423
<295,8,8,op8> 9.15729893549199E-4
<296,27,8,op2> 5.5798601936506075E-5
<297,58,8,op8> 0.0015962723280994232
<298,27,9,op2> 5.458007013807464E-5
<299,27,4,op2> 5.33615383396432E-5
<300,27,5,op2> 5.092447474278034E-5
<301,27,6,op2> 4.848741114591746E-5
<302,55,21,op1> 0.00198656451539422
<303,25,0,op6> 5.877862535208615E-4
<304,48,0,op7> 9.42784021430336E-4
<305,27,7,op2> 4.726887934748604E-5
<306,2,0,op5> 0.0010324251824102135
<307,24,8,op8> 7.355863079329632E-4
<308,87,5,op2> 0.006849072320241089
<309,89,0,op6> 9.90163420360646E-4
<310,81,5,op2> 0.006754275471518028
<311,59,0,op6> 0.001250525116551095
<312,79,2,op8> 0.002666333402011261
<313,118,23,op1> 3.6590545383458054E-5
<314,25,1,op7> 8.16820559495547E-4
<315,98,0,op8> 2.153057300239236E-4
<316,28,4,op2> 5.405907478852743E-5
<317,27,0,op4> 3.5701120354607346E-4
<318,69,24,op3> 0.003628755003288194
<319,28,3,op2> 4.048001128313138E-5
<320,28,2,op2> 4.171447160180375E-5
<321,64,0,op6> 0.0012899738583981326
<322,52,22,op4> 5.550362929170425E-4
<323,99,0,op6> 8.797069431889408E-4
<324,59,23,op5> 0.001819399476927862
<325,28,1,op2> 4.418339223914848E-5
<326,45,3,op5> 0.002576911215183951
<327,60,8,op8> 0.0016763361439288615
<328,13,0,op5> 0.0012504528606831777
<329,78,0,op4> 6.09019111931537E-4
<330,9,13,op7> 3.161634936851755E-4
<331,28,0,op2> 2.681334315286794E-4
<332,59,0,op7> 8.764297208018079E-4
<333,28,9,op2> 5.5293535107199796E-5
<334,76,24,op3> 0.0038229358730293675
<335,28,7,op2> 4.7886773195165596E-5
<336,28,8,op2> 5.652799542587217E-5
<337,44,0,op6> 0.0013609815937228003
<338,59,8,op8> 0.0015862643511207431
<339,28,5,op2> 5.1590154151182696E-5
<340,28,6,op2> 4.912123351383795E-5
<341,107,0,op2> 3.0318056234097517E-4
<342,13,0,op7> 9.093562375374918E-4
<343,26,0,op6> 5.956760018902693E-4
<344,30,1,op7> 9.154968686963513E-4
<345,25,8,op8> 7.455942849116428E-4
<346,69,21,op1> 0.0018276393541626827
<347,97,0,op8> 2.1718612941277885E-4
<348,26,1,op7> 8.27784593851192E-4
<349,77,0,op6> 0.0010453916589464988
<350,59,0,op2> 4.554892808629817E-4
<351,29,1,op2> 4.475350052610524E-5
<352,68,24,op3> 0.0036530276120058415
<353,29,0,op2> 2.7159321774195266E-4
<354,17,22,op5> 5.876798488034697E-4
<355,56,0,op7> 8.9301829595894E-4
<356,28,0,op4> 3.616780166643228E-4
<357,29,3,op2> 4.100233400936534E-5
<358,36,8,op8> 6.15490584188806E-4
<359,29,2,op2> 4.225272284827864E-5
<360,29,5,op2> 5.225583355958505E-5
<361,110,0,op7> 3.7857546194874263E-4
<362,29,4,op2> 5.4756611237411646E-5
<363,27,15,op1> 1.3702895521872354E-4
<364,12,0,op5> 0.0012889283333195833
<365,44,4,op5> 0.0034413388655124932
<366,29,6,op2> 4.975505588175844E-5
<367,27,0,op6> 6.035657502596768E-4
<368,29,7,op2> 4.850466704284515E-5
<369,29,8,op2> 5.7257388915238255E-5
<370,29,9,op2> 5.600700007632495E-5
<371,76,0,op7> 8.709001957494305E-4
<372,26,8,op8> 7.556022618903228E-4
<373,20,15,op8> 9.649492178437661E-4
<374,57,0,op6> 0.0012663046132899097
<375,79,0,op2> 3.6927679868071383E-4
<376,25,10,op2> 4.1286392620328655E-5
<377,82,22,op4> 4.3868307570497136E-4
<378,9,8,op8> 9.057219165705191E-4
<379,0,8,op8> 8.256581007410811E-4
<380,10,0,op4> 5.763514201037918E-4
<381,27,1,op7> 8.387486282068369E-4
<382,33,0,op6> 4.931092730879712E-4
<383,96,0,op8> 2.1906652880163407E-4
<384,83,2,op8> 0.00291532951737418
<385,79,0,op4> 5.996854856950384E-4
<386,75,24,op3> 0.0037986632643117217
<387,44,22,op4> 5.424575667319538E-4
<388,64,0,op7> 9.040773460636947E-4
<389,99,0,op2> 3.204230587774288E-4
<390,28,0,op6> 6.114554986290843E-4
<391,26,15,op8> 7.107674726556522E-4
<392,97,0,op6> 9.112659366665708E-4
<393,57,0,op7> 8.874887709065625E-4
<394,29,0,op4> 3.6634482978257214E-4
<395,9,1,op7> 9.92245109185866E-4
<396,79,2,op3> 0.0010584941646175359
<397,76,8,op8> 0.0015762563741420635
<398,9,0,op4> 4.2234658720156405E-4
<399,57,8,op8> 0.0016062803050781028
<400,27,8,op8> 7.656102388690024E-4
<401,58,0,op6> 0.0012584148649205024
<402,119,0,op7> 3.869572064937333E-4
<403,29,0,op6> 6.193452469984917E-4
<404,53,8,op8> 0.0017764159137156593
<405,98,0,op2> 3.2904430699565553E-4
<406,2,16,op8> 2.7579061753638855E-4
<407,101,23,op1> 2.993771895010204E-5
<408,57,0,op2> 4.612367796751328E-4
<409,115,23,op1> 3.49938670394526E-5
<410,96,0,op6> 9.191556850359782E-4
<411,45,0,op2> 4.928480231419644E-4
<412,28,1,op7> 8.497126625624818E-4
<413,5,16,op8> 2.997724103656397E-4
<414,95,0,op8> 2.209469281904893E-4
<415,55,0,op6> 0.001282084110028725
<416,23,22,op5> 4.55687583296808E-4
<417,85,2,op8> 0.003039827575055639
<418,28,8,op8> 7.756182158476821E-4
<419,61,24,op3> 0.004089934568923483
<420,100,23,op1> 3.020383200743628E-5
<421,76,23,op5> 0.0018079206158746895
<422,55,0,op7> 8.985478210113173E-4
<423,97,0,op2> 3.319180564017311E-4
<424,31,1,op7> 9.703170404745759E-4
<425,54,8,op8> 0.001786423890694339
<426,68,0,op7> 8.321935203827893E-4
<427,58,0,op2> 4.583630302690572E-4
<428,56,24,op3> 0.003920026307899956
<429,97,26,op1> 0.007581851554112651
<430,94,0,op8> 2.2282732757934455E-4
<431,114,23,op1> 3.4461640924784126E-5
<432,56,0,op6> 0.0012741943616593175
<433,105,35,op1> 9.984782799193216E-4
<434,29,8,op8> 7.856261928263619E-4
<435,55,8,op8> 0.0016262962590354625
<436,96,0,op2> 3.3479180580780674E-4
<437,93,0,op8> 2.2470772696819974E-4
<438,117,23,op1> 3.3929414810115645E-5
<439,55,0,op2> 4.6698427848728406E-4
<440,53,0,op6> 0.0014004303355698384
<441,52,8,op8> 0.001766407936736979
<442,95,0,op2> 3.3766555521388226E-4
<443,93,0,op6> 9.428249301442009E-4
<444,92,0,op8> 2.2658812635705495E-4
<445,116,23,op1> 3.3663301752781405E-5
<446,56,0,op2> 4.641105290812084E-4
<447,9,15,op8> 8.519795533157155E-4
<448,32,0,op2> 2.992715074481389E-4
<449,30,16,op3> 1.1356489332243747E-4
<450,32,1,op2> 4.931436682175928E-5
<451,61,8,op8> 0.0016863441209075411
<452,32,2,op2> 4.655873282007773E-5
<453,92,22,op8> 1.526839583040178E-4
<454,31,0,op4> 4.130129609650654E-4
<455,32,3,op2> 4.518091581923695E-5
<456,32,4,op2> 6.033690282848544E-5
<457,50,22,op4> 5.644703375558593E-4
<458,32,5,op2> 5.7581268826803906E-5
<459,32,6,op2> 5.482563482512235E-5
<460,30,0,op6> 6.587939888455295E-4
<461,32,7,op2> 5.3447817824281595E-5
<462,32,8,op2> 6.309253683016699E-5
<463,12,0,op4> 4.690147183840573E-4
<464,32,9,op2> 6.17147198293262E-5
<465,37,11,op5> 0.0012409775737671123
<466,10,0,op5> 0.0015839069568653584
<467,85,22,op5> 9.208031855583774E-4
<468,91,0,op6> 9.586044268830159E-4
<469,16,11,op2> 2.4273405626324636E-5
<470,7,8,op8> 8.456740546984405E-4
<471,9,0,op5> 0.0011606767578648985
<472,50,11,op3> 4.776080656179962E-4
<473,13,0,op1> 5.3935286530512964E-5
<474,73,23,op5> 0.001773484032715172
<475,11,0,op4> 4.6434790526580794E-4
<476,42,22,op5> 4.3054619939077724E-4
<477,30,10,op2> 4.627401052077105E-5
<478,30,12,op2> 2.366347603876555E-5
<479,30,11,op2> 2.1003413158529607E-5
<480,30,14,op2> 1.834335027829367E-5
<481,22,15,op1> 1.2807281435475465E-4
<482,93,0,op2> 3.4341305402603347E-4
<483,30,13,op2> 1.70133188381757E-5
<484,30,0,op4> 3.896788953738188E-4
<485,31,3,op2> 4.622556127170486E-5
<486,31,4,op2> 6.173197572625389E-5
<487,31,1,op2> 5.045458339567279E-5
<488,31,2,op2> 4.763523531302751E-5
<489,31,7,op2> 5.4683605519640706E-5
<490,31,8,op2> 6.455132380889918E-5
<491,11,0,op1> 5.504165138242092E-5
<492,31,5,op2> 5.8912627643608616E-5
<493,90,0,op8> 2.303489251347655E-4
<494,44,0,op4> 8.050252628980087E-4
<495,31,6,op2> 5.6093279560963334E-5
<496,30,15,op1> 1.4956755242827993E-4
<497,31,9,op2> 6.314164976757653E-5
<498,12,0,op1> 5.55948338083749E-5
<499,91,0,op8> 2.284685257459102E-4
<500,92,0,op6> 9.507146785136083E-4
<501,94,0,op2> 3.4053930461995795E-4
<502,32,0,op6> 6.824632339537519E-4
<503,8,0,op4> 4.270134003198134E-4
<504,34,0,op2> 1.824830872858002E-4
<505,67,8,op8> 0.0014761766043552662
<506,33,0,op4> 2.916758198905829E-4
<507,6,1,op7> 9.374249374076411E-4
<508,17,15,op1> 1.6747983415621762E-4
<509,35,0,op1> 3.3467536770215735E-5
<510,48,2,op5> 0.0026554955470320003
<511,10,8,op8> 0.001235985156866952
<512,7,0,op4> 3.9434570849206807E-4
<513,15,0,op1> 5.282892167860501E-5
<514,11,8,op8> 9.95793709378637E-4
<515,99,22,op8> 1.412801771858754E-4
<516,5,8,op8> 8.756979856344798E-4
<517,7,0,op5> 0.0010837258125920874
<518,99,22,op6> 0.006729865369314759
<519,91,0,op2> 3.491605528381847E-4
<520,30,8,op8> 8.356660777197608E-4
<521,13,0,op4> 4.550142790293094E-4
<522,9,0,op1> 5.0063009548835116E-5
<523,36,0,op6> 4.852195247185637E-4
<524,10,7,op7> 9.587889661918515E-4
<525,33,5,op2> 4.1604963025147335E-5
<526,33,6,op2> 3.9613897995030605E-5
<527,90,0,op6> 9.664941752524236E-4
<528,31,0,op6> 6.982427306925672E-4
<529,32,0,op4> 4.036793347285667E-4
<530,46,0,op4> 8.143588891345073E-4
<531,33,3,op2> 3.2645170389622086E-5
<532,7,9,op7> 0.0011070871521549307
<533,6,22,op4> 2.6887027220627276E-4
<534,21,1,op7> 0.00111284948709796
<535,33,4,op2> 4.359602805526405E-5
<536,19,0,op6> 7.298017241701973E-4
<537,68,8,op8> 0.0015062005352913057
<538,33,1,op2> 3.563176793479717E-5
<539,33,2,op2> 3.364070290468045E-5
<540,56,21,op1> 0.0019743395029917944
<541,10,1,op7> 0.0013540582429221485
<542,71,24,op3> 0.0037015728294411345
<543,33,0,op2> 2.1623663832958021E-4
<544,34,0,op1> 3.512708404807767E-5
<545,48,0,op4> 7.9569163666151E-4
<546,7,1,op7> 9.264609030519962E-4
<547,33,9,op2> 4.4591560570322414E-5
<548,33,7,op2> 3.861836547997226E-5
<549,33,8,op2> 4.558709308538078E-5
<550,14,0,op1> 5.448846895646694E-5
<551,6,8,op8> 8.556820316771203E-4
<552,92,0,op2> 3.4628680343210905E-4
<553,16,8,op8> 9.657697784425979E-4
<554,51,11,op8> 0.0011762788962078703
<555,37,0,op1> 3.6233448899985634E-5
<556,33,8,op8> 6.254985611674857E-4
<557,6,0,op4> 3.9901252161031735E-4
<558,35,0,op4> 2.8234219365408424E-4
<559,80,2,op8> 0.0029360791936544235
<560,34,0,op6> 5.009990214573786E-4
<561,84,22,op5> 9.145178395818697E-4
<562,79,22,op5> 8.07666957981239E-4
<563,78,23,op7> 2.737396325210407E-4
<564,36,0,op2> 1.7673558847364906E-4
<565,32,8,op8> 8.656900086558E-4
<566,5,0,op5> 0.001122201285228493
<567,7,0,op1> 4.6743914993111236E-5
<568,33,1,op7> 6.852521472278079E-4
<569,52,22,op5> 0.0011093635648536083
<570,5,1,op7> 9.59353006118931E-4
<571,62,0,op7> 9.151363961684494E-4
<572,36,0,op1> 3.4020719196169717E-5
<573,50,11,op8> 0.0012030886716200156
<574,79,17,op8> 7.908147757529308E-4
<575,34,0,op4> 2.9634263300883226E-4
<576,32,1,op7> 9.48388971763286E-4
<577,19,15,op8> 8.708078307370571E-4
<578,85,0,op6> 0.001155848136118204
<579,52,19,op5> 2.19381259742471E-4
<580,103,0,op6> 8.639274464501255E-4
<581,96,22,op6> 0.007031653054037393
<582,35,0,op2> 1.7386183906757346E-4
<583,79,23,op7> 2.6954438911075656E-4
<584,6,0,op5> 0.0010965509701375557
<585,90,0,op2> 3.5203430224426037E-4
<586,53,21,op1> 0.00216993970143061
<587,31,8,op8> 8.857059626131596E-4
<588,8,0,op1> 5.0616191974789084E-5
<589,35,8,op8> 6.05482607210126E-4
<590,2,1,op7> 8.826047656294165E-4
<591,10,0,op1> 6.831802960531643E-5
<592,68,0,op2> 4.324992856143769E-4
<593,77,22,op4> 4.1667030488106593E-4
<594,39,0,op1> 3.568026647403165E-5
<595,2,5,op7> 0.001032938059173391
<596,49,0,op4> 7.910248235432607E-4
<597,49,0,op6> 0.0013373123486145777
<598,79,23,op1> 3.419552786744988E-5
<599,4,0,op4> 4.176797740833147E-4
<600,49,8,op8> 0.0016963520978862212
<601,77,22,op5> 8.328083418872699E-4
<602,38,0,op2> 1.9110433550402703E-4
<603,37,0,op4> 3.056762592453309E-4
<604,51,18,op5> 5.337185871346682E-4
<605,21,8,op8> 0.0010158096633359965
<606,14,16,op8> 3.374580848116059E-4
<607,50,22,op5> 0.0011282196027831318
<608,86,2,op8> 0.0029775785462149095
<609,35,0,op7> 3.3453626566882887E-4
<610,5,0,op1> 4.840346227097317E-5
<611,63,0,op2> 4.784792761115864E-4
<612,50,20,op5> 0.0015553149011593092
<613,1,8,op8> 8.156501237624014E-4
<614,34,8,op8> 6.355065381461654E-4
<615,38,0,op1> 3.6786631325939616E-5
<616,3,4,op7> 0.0010823707878277506
<617,78,22,op4> 4.1038094178852153E-4
<618,77,17,op8> 8.154315781109986E-4
<619,48,8,op8> 0.0017063600748649008
<620,35,0,op6> 4.773297763491561E-4
<621,49,11,op3> 4.510003739401133E-4
<622,5,0,op4> 4.083461478468161E-4
<623,36,0,op4> 2.8700900677233363E-4
<624,77,23,op7> 2.779348759313249E-4
<625,40,11,op8> 4.7252229163905905E-4
<626,37,0,op2> 1.8823058609795145E-4
<627,78,22,op5> 8.202376499342543E-4
<628,6,0,op1> 4.729709741906522E-5
<629,51,11,op3> 4.66964988946843E-4
<630,34,0,op7> 3.5112484082596085E-4
<631,74,21,op1> 0.0019009894285772382
<632,2,8,op8> 8.056421467837215E-4
<633,14,22,op4> 3.0975113230781134E-4
<634,103,37,op1> 0.0038951625205643856
<635,38,11,op3> 1.769411496579206E-4
<636,13,16,op8> 3.340321144074271E-4
<637,77,23,op1> 3.5259980096786846E-5
<638,36,22,op4> 1.933979150957401E-4
<639,35,11,op8> 4.054978531086961E-4
<640,93,22,op8> 1.514168715131131E-4
<641,16,16,op3> 1.3124565515706843E-4
<642,97,23,op1> 3.073605812210476E-5
<643,38,0,op4> 3.103430723635802E-4
<644,18,12,op2> 2.6780820187584958E-5
<645,37,22,op4> 2.0597664128082884E-4
<646,41,0,op2> 1.9972558372225384E-4
<647,17,10,op2> 5.181580818792926E-5
<648,17,11,op2> 2.3518791979910392E-5
<649,0,8,op7> 0.0011318035164821104
<650,36,22,op5> 3.865487775552234E-4
<651,17,14,op2> 2.0540158694855783E-5
<652,83,17,op8> 8.646651828271344E-4
<653,2,0,op4> 3.7567845601907076E-4
<654,15,22,op4> 3.003170876689947E-4
<655,17,13,op2> 1.9050842052328478E-5
<656,94,24,op7> 1.8050301300368213E-4
<657,13,22,op4> 3.066064507615391E-4
<658,37,11,op3> 1.7428038049013234E-4
<659,35,22,op4> 1.9025323354946786E-4
<660,43,8,op8> 6.755384460608845E-4
<661,78,23,op1> 3.4727753982118366E-5
<662,12,15,op8> 9.461209404224243E-4
<663,94,22,op8> 1.5014978472220839E-4
<664,47,22,op5> 0.0010905075269240852
<665,16,15,op1> 1.7285351867459895E-4
<666,98,23,op1> 3.046994506477052E-5
<667,13,22,op5> 6.128212327095005E-4
<668,15,16,op3> 1.2988559655440453E-4
<669,35,22,op5> 3.802634315787157E-4
<670,16,10,op2> 5.347834748807672E-5
<671,30,22,op5> 5.248263890383927E-4
<672,95,24,op7> 1.7897978082643585E-4
<673,16,12,op2> 2.7347610032824854E-5
<674,16,13,op2> 1.9662099016574314E-5
<675,16,14,op2> 2.119920121982442E-5
<676,15,15,op8> 8.9905024686907E-4
<677,36,11,op3> 1.636373038189792E-4
<678,54,23,op5> 0.0020489766979913154
<679,33,16,op8> 2.1412315026117125E-4
<680,33,15,op8> 5.883836694169307E-4
<681,91,24,op7> 1.8507270953542092E-4
<682,70,21,op1> 0.0018520893789675348
<683,16,22,op5> 6.065358867329928E-4
<684,91,22,op8> 1.5395104509492252E-4
<685,19,15,op1> 1.6568860598342383E-4
<686,32,15,op8> 8.143229984730319E-4
<687,34,22,op4> 1.9968727818828443E-4
<688,40,17,op5> 3.765499234385696E-4
<689,5,16,op3> 1.1900512773309315E-4
<690,75,21,op1> 0.0019132144409796646
<691,15,16,op8> 3.2718017359906963E-4
<692,95,23,op1> 3.126828423677324E-5
<693,18,16,op3> 1.285255379517406E-4
<694,92,24,op7> 1.8354947735817464E-4
<695,80,2,op3> 0.0011655791773803994
<696,19,14,op2> 2.0320477853199574E-5
<697,17,22,op4> 2.9402772457645036E-4
<698,19,12,op2> 2.6214030342345065E-5
<699,19,13,op2> 1.88470897309132E-5
<700,34,22,op5> 3.9911946950823874E-4
<701,19,10,op2> 5.126162842121343E-5
<702,19,11,op2> 2.3267254097772316E-5
<703,4,16,op3> 1.2172524493842102E-4
<704,32,16,op8> 2.9634643996146094E-4
<705,53,23,op5> 0.0020374978369381426
<706,18,15,op1> 1.6927106232901142E-4
<707,14,15,op8> 9.272926630010828E-4
<708,89,24,op7> 1.9116563824440598E-4
<709,33,22,op4> 1.9654259664201226E-4
<710,96,23,op1> 3.1002171179439E-5
<711,18,13,op2> 1.9254594373743754E-5
<712,109,0,op7> 2.8917018680217616E-4
<713,66,0,op7> 8.211344702780346E-4
<714,33,22,op5> 3.92834123531731E-4
<715,18,14,op2> 2.0759839536511998E-5
<716,16,22,op4> 3.0346176921526694E-4
<717,93,24,op7> 1.8202624518092838E-4
<718,35,11,op3> 1.6097653465119093E-4
<719,96,27,op1> 0.007845186485080383
<720,18,10,op2> 5.236998795464508E-5
<721,18,11,op2> 2.3770329862048474E-5
<722,52,11,op8> 0.0011829813400609068
<723,73,21,op1> 0.0018887644161748125
<724,112,0,op2> 3.836455457110918E-4
<725,97,22,op8> 1.4634852434949422E-4
<726,32,22,op4> 2.7201495375254493E-4
<727,18,22,op5> 5.939651947799774E-4
<728,17,16,op8> 3.2032823279071215E-4
<729,17,0,op6> 7.376914725396048E-4
<730,31,16,op8> 3.031983807698185E-4
<731,70,24,op3> 0.003677300220723488
<732,17,15,op8> 8.802219694477282E-4
<733,31,15,op8> 8.331512758943738E-4
<734,48,0,op2> 4.899742737358889E-4
<735,19,22,op4> 2.9088304303017813E-4
<736,44,22,op5> 0.0010842221809475776
<737,34,11,op3> 1.6895884215455573E-4
<738,61,21,op1> 0.002059914589808776
<739,86,5,op2> 0.006801673895879559
<740,98,24,op7> 1.7441008429469704E-4
<741,32,22,op5> 5.436824269679156E-4
<742,43,0,op2> 1.939780849101026E-4
<743,111,0,op2> 3.9226679392931866E-4
<744,98,22,op8> 1.4508143755858952E-4
<745,33,11,op2> 1.5721117633629946E-5
<746,33,12,op2> 1.7712182663746666E-5
<747,113,0,op2> 3.865192951171674E-4
<748,33,13,op2> 1.2734520088454866E-5
<749,33,14,op2> 1.3730052603513228E-5
<750,31,22,op4> 2.783043168450894E-4
<751,19,16,op3> 1.2580542074641275E-4
<752,16,15,op8> 9.084643855797408E-4
<753,30,15,op8> 7.860805823410194E-4
<754,45,0,op7> 9.483135464827134E-4
<755,16,16,op8> 3.3060614400324834E-4
<756,30,16,op8> 2.8606852874892474E-4
<757,99,24,op7> 1.6984038776295826E-4
<758,18,22,op4> 2.9717240612272254E-4
<759,33,16,op3> 8.500366266649511E-5
<760,30,22,op4> 2.6258090911372836E-4
<761,32,13,op2> 1.7624575802421533E-5
<762,32,14,op2> 1.9002392803262304E-5
<763,32,11,op2> 2.175802680494384E-5
<764,32,12,op2> 2.4513660806625382E-5
<765,47,0,op4> 8.09692076016258E-4
<766,95,22,op8> 1.4888269793130365E-4
<767,32,10,op2> 4.7936549820918506E-5
<768,19,16,op8> 3.169022623865334E-4
<769,59,24,op3> 0.003847208481747014
<770,30,9,op2> 5.9574324921950744E-5
<771,30,8,op2> 6.0904356362068725E-5
<772,33,15,op1> 1.1195176079961071E-4
<773,30,7,op2> 5.159413628124293E-5
<774,96,24,op7> 1.7745654864918957E-4
<775,66,23,op5> 0.001704610866396136
<776,30,6,op2> 5.292416772136089E-5
<777,63,8,op8> 0.0016663281669501819
<778,30,5,op2> 5.558423060159684E-5
<779,23,1,op7> 7.948924907842572E-4
<780,30,4,op2> 5.824429348183277E-5
<781,25,0,op2> 2.577540728888595E-4
<782,30,3,op2> 4.3613947640535105E-5
<783,30,2,op2> 4.494397908065308E-5
<784,41,16,op5> 8.480559145268655E-4
<785,30,1,op2> 4.7604041960889014E-5
<786,30,0,op2> 2.8889214880831914E-4
<787,16,0,op6> 7.613607176478277E-4
<788,99,23,op1> 2.9671605892767803E-5
<789,32,16,op3> 1.1764506913042922E-4
<790,31,12,op2> 2.508045065186528E-5
<791,19,22,op5> 5.81394502826962E-4
<792,31,13,op2> 1.803208044525209E-5
<793,31,14,op2> 1.9441754486574727E-5
<794,31,10,op2> 4.9044909354350155E-5
<795,96,22,op8> 1.4761561114039892E-4
<796,31,11,op2> 2.2261102569220003E-5
<797,18,15,op8> 8.89636108158399E-4
<798,70,23,op5> 0.001739047449555654
<799,61,0,op7> 9.317249713255814E-4
<800,18,16,op8> 3.2375420319489086E-4
<801,32,15,op1> 1.5494123694666123E-4
<802,59,21,op1> 0.0019376644657845162
<803,97,24,op7> 1.7593331647194332E-4

