<0,22,12,op8> 8.893065689845691E-4
<1,48,70,op8> 0.001662035086748677
<2,66,3,op1> 0.004488738276932888
<3,93,17,op7> 0.0011746976934479542
<4,50,3,op8> 9.112619328650012E-4
<5,36,81,op8> 0.0011623794250057132
<6,50,3,op7> 4.199887228512238E-4
<7,49,81,op8> 0.0031812489526472144
<8,50,2,op7> 8.014153995113752E-4
<9,61,3,op1> 0.005153736540182204
<10,18,5,op7> 0.005334665133389106
<11,56,8,op7> 0.004362506130275678
<12,31,9,op8> 0.0012384649068456716
<13,8,7,op1> 0.0020433619704515685
<14,51,3,op5> 0.0026375644531109
<15,41,3,op5> 0.0010582820336556078
<16,19,5,op7> 0.005216117019313793
<17,89,97,op2> 0.001064771884436489
<18,8,4,op7> 0.0014088200219438975
<19,53,8,op1> 0.002706454201425372
<20,47,13,op7> 7.073641723929397E-4
<21,17,54,op8> 0.0022597036418059145
<22,1,7,op1> 0.0018084927784456411
<23,6,4,op7> 0.0013116600204305256
<24,16,57,op8> 0.001861257938434423
<25,57,8,op7> 0.004333029737503546
<26,53,6,op1> 0.0018803509997997198
<27,14,47,op2> 2.1067252557416187E-5
<28,37,81,op8> 0.0012439499109710265
<29,44,8,op1> 0.0026239403538209395
<30,32,1,op8> 0.004064084003864416
<31,58,8,op7> 0.004303553344731412
<32,80,4,op4> 0.0030987305953618853
<33,28,1,op8> 0.003618026003440272
<34,68,12,op8> 0.0018184328350878505
<35,86,88,op2> 0.0012600101926183915
<36,71,8,op7> 0.004097218595326481
<37,60,3,op1> 0.005120486627019738
<38,57,3,op1> 0.004887737234882477
<39,12,13,op8> 0.0010301083942966293
<40,63,66,op8> 0.0015956274695200945
<41,51,3,op8> 8.893038140007842E-4
<42,58,3,op1> 0.004854487321720011
<43,51,6,op1> 0.0018574198900460652
<44,27,9,op8> 0.0010615413487248613
<45,65,83,op8> 0.0042278901620917434
<46,51,3,op7> 4.098685126620378E-4
<47,52,6,op1> 0.0018688854449228928
<48,54,6,op1> 0.0018918165546765477
<49,16,14,op8> 0.003929973801342974
<50,60,82,op8> 0.003790085337929169
<51,90,94,op2> 0.0011298513204971233
<52,51,2,op7> 7.82104185065318E-4
<53,54,8,op1> 0.0027229569709462586
<54,10,7,op1> 0.0027949433848705367
<55,1,2,op1> 0.0012994395306082929
<56,22,3,op5> 0.0010908445577680881
<57,12,4,op7> 0.0015545600242139561
<58,40,8,op1> 0.0010891827883785033
<59,18,14,op8> 0.003844539588270301
<60,46,6,op1> 0.0018459543351692371
<61,17,0,op4> 0.0029596766237402236
<62,19,0,op4> 0.0029264218302150523
<63,68,8,op7> 0.004038265809782215
<64,62,82,op8> 0.003740863450423596
<65,52,81,op8> 0.0033239973030865133
<66,13,2,op1> 0.0015694529395658603
<67,74,47,op2> 0.0021060428614066372
<68,73,2,op8> 4.218834829889719E-4
<69,11,2,op1> 0.0016032046156855561
<70,25,9,op8> 0.0010320540890380594
<71,63,82,op8> 0.003765474394176383
<72,20,6,op1> 0.001123624377929101
<73,53,2,op7> 7.917597922883466E-4
<74,34,1,op8> 0.002924158002780494
<75,52,3,op5> 0.0026538457151671405
<76,104,24,op7> 5.577886203024204E-4
<77,25,26,op8> 4.445621042246738E-4
<78,91,4,op4> 0.0028324334348229733
<79,46,3,op7> 4.073384601147412E-4
<80,59,8,op1> 0.0023929015805285304
<81,34,81,op8> 0.0012031646679883698
<82,51,8,op1> 0.002673448662383599
<83,52,8,op1> 0.002689951431904486
<84,50,3,op5> 0.0027026895013358603
<85,39,13,op7> 2.6526156464735235E-4
<86,67,20,op8> 0.0010422306592819117
<87,38,15,op8> 8.872795524152204E-4
<88,38,11,op8> 5.155623501573716E-4
<89,39,10,op8> 7.192466581457512E-4
<90,14,1,op4> 7.741981267357992E-4
<91,21,8,op1> 0.001600768643525982
<92,39,13,op8> 9.31551297234275E-4
<93,50,8,op1> 0.0027394597404671447
<94,67,8,op7> 0.003949836631465816
<95,50,6,op1> 0.001903282109553375
<96,22,8,op1> 0.0011056855578993898
<97,37,13,op7> 2.6968259072480825E-4
<98,16,5,op7> 0.005453213247464419
<99,89,4,op4> 0.0029292687659280316
<100,57,8,op1> 0.002425907119570303
<101,86,4,op4> 0.003147148260914415
<102,36,10,op8> 0.0019468737086156484
<103,109,1,op1> 0.0014727652410652379
<104,38,13,op7> 2.741036168022641E-4
<105,37,10,op8> 7.312341024481805E-4
<106,67,82,op8> 0.003297866462873433
<107,92,4,op4> 0.002808224602046708
<108,81,4,op4> 0.0031229394281381494
<109,17,14,op8> 0.0038018224817339646
<110,26,1,op8> 0.0035189020033460183
<111,37,14,op8> 9.536871696438022E-4
<112,72,44,op8> 0.0021268884073487506
<113,9,7,op1> 0.002019875051250976
<114,47,3,op7> 4.0480840756744474E-4
<115,55,3,op1> 0.004954237061207408
<116,79,4,op4> 0.002953477598704297
<117,61,83,op8> 0.004339887252478281
<118,96,1,op1> 0.0016661586565586532
<119,58,3,op7> 3.693876719052932E-4
<120,59,8,op7> 0.0042740769519592796
<121,84,4,op4> 0.003195565926466944
<122,59,3,op7> 3.668576193579968E-4
<123,7,0,op5> 6.346256978629257E-4
<124,43,11,op8> 5.238778719341035E-4
<125,98,4,op7> 0.0010513158788188475
<126,58,83,op8> 0.004087893799108573
<127,49,69,op8> 0.0016177633419296221
<128,65,8,op7> 0.004450935308592077
<129,42,17,op8> 8.430078075961657E-4
<130,7,13,op8> 8.584236619138579E-4
<131,56,3,op7> 3.7444777699988634E-4
<132,97,5,op7> 9.89624971504294E-4
<133,89,2,op8> 3.6204185419620987E-4
<134,19,14,op8> 0.0037591053751976277
<135,60,13,op7> 6.808380159282044E-4
<136,96,8,op7> 0.001113006786133401
<137,60,8,op1> 0.002541426506216508
<138,90,1,op8> 4.6598128407551216E-4
<139,57,3,op7> 3.7191772445258986E-4
<140,99,1,op1> 0.0015917765736765705
<141,14,13,op8> 0.001008647802748783
<142,54,2,op7> 7.965875958998611E-4
<143,88,2,op8> 3.5904977275657185E-4
<144,54,3,op7> 4.174586703039274E-4
<145,2,13,op8> 8.155024788181649E-4
<146,98,1,op1> 0.0016364058234058197
<147,54,3,op8> 9.057724031489472E-4
<148,58,8,op1> 0.002409404350049416
<149,55,8,op7> 0.004391982523047811
<150,55,3,op7> 3.7697782954718286E-4
<151,65,3,op7> 3.820379346417759E-4
<152,97,1,op1> 0.0016512822399822364
<153,59,3,op1> 0.004821237408557546
<154,55,8,op1> 0.0024589126586120756
<155,33,1,op8> 0.002874596002733367
<156,53,3,op5> 0.00267012697722338
<157,45,6,op1> 0.001811557670538755
<158,17,5,op7> 0.0052753910763514485
<159,52,2,op7> 7.869319886768324E-4
<160,1,49,op2> 1.6546190532470173E-5
<161,52,3,op7> 4.123985652093343E-4
<162,85,91,op2> 0.0011949307565577573
<163,92,2,op8> 3.4708144699801944E-4
<164,56,3,op1> 0.004920987148044943
<165,68,8,op1> 0.0022608794243614387
<166,52,77,op8> 0.0013742687454248214
<167,55,53,op8> 0.0022375677693963875
<168,65,8,op1> 0.0024919181976538482
<169,80,86,op2> 0.0014552485008002944
<170,56,8,op1> 0.002442409889091189
<171,77,4,op4> 0.0030018952642568257
<172,53,3,op7> 4.149286177566308E-4
<173,51,11,op8> 0.001347114527830552
<174,54,3,op5> 0.0026864082392796204
<175,83,85,op2> 0.0015203279368609292
<176,92,1,op8> 4.5808329620982546E-4
<177,91,2,op8> 3.5007352843765757E-4
<178,91,1,op8> 4.6203229014266887E-4
<179,95,1,op1> 0.0016810350731350694
<180,9,1,op6> 1.6308144995393537E-5
<181,12,2,op1> 0.0016200804537454042
<182,10,0,op5> 9.44005725571102E-4
<183,12,7,op1> 0.0022547442432569033
<184,93,1,op1> 0.0017107879062879027
<185,12,9,op2> 7.775126283997193E-6
<186,9,1,op4> 7.08308924460412E-4
<187,4,4,op7> 0.001376433354772774
<188,12,8,op2> 7.996745085441293E-6
<189,79,81,op2> 0.00143355535544675
<190,106,1,op1> 0.0015173944907944878
<191,9,0,op5> 6.822226252026451E-4
<192,12,1,op2> 5.780557071000287E-6
<193,12,0,op2> 6.002175872444389E-6
<194,2,7,op1> 0.0017850058592450487
<195,10,1,op4> 9.80101883846384E-4
<196,12,3,op2> 5.337319468112087E-6
<197,62,8,op1> 0.002508420967174735
<198,46,2,op7> 7.772763814538036E-4
<199,12,2,op2> 5.558938269556187E-6
<200,12,5,op2> 7.110269879664891E-6
<201,15,2,op1> 0.0015357012634461644
<202,12,4,op2> 7.553507482553092E-6
<203,74,8,op7> 0.0041856477736428805
<204,11,1,op4> 7.824342770202224E-4
<205,12,7,op2> 6.44541347533259E-6
<206,10,1,op6> 2.2565921563393385E-5
<207,88,4,op4> 0.002905059933151767
<208,53,81,op8> 0.0033443899245778415
<209,12,6,op2> 6.66703227677669E-6
<210,62,8,op7> 0.00448041170136421
<211,90,2,op8> 3.5306560987729565E-4
<212,94,1,op1> 0.001695911489711486
<213,11,7,op1> 0.0022312573240563104
<214,9,4,op7> 0.0013926266883583357
<215,11,9,op2> 7.694135385205555E-6
<216,11,8,op2> 7.913445657467947E-6
<217,69,82,op8> 0.003347088350379006
<218,11,7,op2> 6.378273751631209E-6
<219,11,2,op2> 5.501032662581644E-6
<220,11,1,op2> 5.720342934844035E-6
<221,16,0,op4> 0.003059441004315736
<222,11,0,op2> 5.9396532071064266E-6
<223,78,82,op2> 0.0013684759193861157
<224,11,6,op2> 6.5975840238936E-6
<225,7,2,op1> 0.001350067044787837
<226,11,5,op2> 7.036204568418382E-6
<227,42,81,op8> 0.0013051277754450115
<228,37,8,op1> 0.0010066689407740713
<229,8,2,op1> 0.0014681979112067724
<230,11,4,op2> 7.474825112943165E-6
<231,36,3,op5> 9.28031937205687E-4
<232,70,8,op7> 0.004067742202554348
<233,11,3,op2> 5.281722390319253E-6
<234,11,58,op2> 1.8221028453800328E-5
<235,18,2,op1> 0.0015188254253863166
<236,9,0,op2> 5.376949219064766E-6
<237,56,51,op8> 0.0021932960245773328
<238,9,1,op2> 5.178415709437758E-6
<239,40,3,op5> 0.0010745632957118482
<240,6,2,op1> 0.0013669428828476848
<241,14,0,op2> 5.8771305417684645E-6
<242,41,10,op8> 7.79183879657897E-4
<243,9,2,op2> 4.979882199810751E-6
<244,60,11,op8> 0.0012805903536166974
<245,87,89,op2> 0.0012817033379719364
<246,94,16,op7> 0.0012672340544197843
<247,14,1,op2> 5.660128798687781E-6
<248,46,12,op8> 0.0021369904120375465
<249,69,3,op1> 0.004521988190095353
<250,41,18,op8> 8.65143680005693E-4
<251,9,3,op2> 4.781348690183746E-6
<252,9,4,op2> 6.766683786453813E-6
<253,49,3,op5> 0.002539876880773459
<254,8,1,op4> 7.165450747448353E-4
<255,9,5,op2> 6.3696167671997985E-6
<256,19,52,op8> 0.0022154318969868597
<257,36,13,op7> 2.5199848641498476E-4
<258,64,3,op1> 0.004987486974369875
<259,28,2,op7> 3.5242966364054456E-4
<260,9,6,op2> 5.972549747945785E-6
<261,0,7,op1> 0.001831979697646234
<262,11,4,op7> 0.001538366690628394
<263,9,7,op2> 5.774016238318779E-6
<264,29,1,op8> 0.0036675880034873994
<265,22,81,op8> 0.0013663056399189962
<266,44,3,op5> 0.0025887206669421795
<267,56,83,op8> 0.004143892344301842
<268,7,1,op6> 1.5170367437575384E-5
<269,14,7,op1> 0.0022077704048557175
<270,75,96,op2> 0.0010864650297900337
<271,12,0,op5> 7.615508374355106E-4
<272,9,2,op1> 0.0014513220731469246
<273,73,46,op8> 0.002171160152167805
<274,77,83,op2> 0.0013901690647396604
<275,14,7,op2> 6.311134027929828E-6
<276,63,10,op8> 0.0018340789782716656
<277,8,8,op2> 7.247050233681172E-6
<278,12,1,op6> 1.820444092509046E-5
<279,8,7,op2> 5.841155962020159E-6
<280,14,6,op2> 6.528135771010509E-6
<281,6,1,op6> 1.5359997030545076E-5
<282,14,9,op2> 7.6131444864139185E-6
<283,58,49,op8> 0.0020604807901201685
<284,8,9,op2> 7.046208194872455E-6
<285,59,48,op8> 0.002082616662529696
<286,14,8,op2> 7.8301462294946E-6
<287,33,11,op2> 9.563061576687651E-4
<288,13,0,op5> 7.377523737656511E-4
<289,14,3,op2> 5.2261253125264184E-6
<290,61,10,op8> 0.0018580538668765238
<291,14,2,op2> 5.4431270556071E-6
<292,14,5,op2> 6.962139257171872E-6
<293,10,75,op8> 0.0017727144487963134
<294,14,4,op2> 7.396142743333237E-6
<295,31,1,op8> 0.004163208003958669
<296,13,1,op4> 7.659619764513757E-4
<297,3,4,op7> 0.0012145000189171533
<298,13,0,op2> 5.814607876430502E-6
<299,8,1,op6> 1.6497774588363226E-5
<300,10,4,op7> 0.0019270066966818834
<301,6,7,op1> 0.0019024404552480123
<302,46,74,op8> 0.001750578576386786
<303,13,62,op2> 1.9125587138166788E-5
<304,15,7,op1> 0.0021373096472539397
<305,7,4,op7> 0.0012954666868449634
<306,50,13,op7> 7.338903288576748E-4
<307,11,0,op5> 7.536180162122241E-4
<308,13,7,op1> 0.002184283485655125
<309,17,3,op5> 0.001449032323005371
<310,90,4,op4> 0.002856642267599238
<311,65,64,op8> 0.0019276655556630048
<312,60,8,op7> 0.004539364486908476
<313,18,0,op4> 0.0029929314172653944
<314,76,98,op2> 0.0010430787390829442
<315,42,6,op1> 7.337955121169639E-4
<316,14,2,op1> 0.0015863287776257085
<317,8,0,op5> 6.901554464259315E-4
<318,13,9,op2> 7.532153587622281E-6
<319,13,8,op2> 7.746846801521253E-6
<320,13,7,op2> 6.243994304228447E-6
<321,11,1,op6> 1.8014811332120767E-5
<322,13,6,op2> 6.458687518127419E-6
<323,81,87,op2> 0.0014769416461538395
<324,35,9,op2> 7.610678494868622E-4
<325,9,9,op2> 6.9652172960808195E-6
<326,100,1,op1> 0.0016215294068294033
<327,45,8,op1> 0.0026074375843000534
<328,13,5,op2> 6.888073945925363E-6
<329,9,8,op2> 7.163750805707826E-6
<330,13,4,op2> 7.3174603737233085E-6
<331,12,1,op4> 7.906704273046459E-4
<332,38,6,op1> 7.108644023633089E-4
<333,72,8,op7> 0.004126694988098614
<334,13,3,op2> 5.170528234733585E-6
<335,41,81,op8> 0.0013255203969363392
<336,39,3,op5> 9.768757233744073E-4
<337,13,2,op2> 5.385221448632556E-6
<338,13,1,op2> 5.599914662531529E-6
<339,7,7,op1> 0.0018789535360474194
<340,7,3,op2> 4.44776622342674E-6
<341,40,13,op7> 2.9178772111208764E-4
<342,73,8,op7> 0.0041561713808707474
<343,103,1,op1> 0.001562023740523737
<344,7,2,op2> 4.63244855796349E-6
<345,7,5,op2> 5.925224899720742E-6
<346,35,1,op8> 0.0027754720026391126
<347,7,4,op2> 6.294589568794244E-6
<348,55,82,op8> 0.003667030619165235
<349,6,1,op4> 6.67128173038295E-4
<350,7,1,op2> 4.8171308925002406E-6
<351,7,0,op2> 5.0018132270369915E-6
<352,78,1,op8> 4.857262537397288E-4
<353,11,59,op8> 0.001816986193615368
<354,6,9,op2> 6.560262802122633E-6
<355,6,5,op2> 5.999290210967252E-6
<356,6,6,op2> 5.625308483530332E-6
<357,6,7,op2> 5.438317619811873E-6
<358,4,1,op6> 1.6118515402423845E-5
<359,6,8,op2> 6.7472536658410916E-6
<360,5,0,op5> 6.584241615327853E-4
<361,85,2,op8> 3.979468314718672E-4
<362,5,4,op7> 0.0013440466876016497
<363,3,13,op8> 8.047721830442418E-4
<364,67,3,op1> 0.004455488363770421
<365,8,6,op2> 6.0419980008288745E-6
<366,8,5,op2> 6.443682078446307E-6
<367,4,7,op1> 0.001996388132050383
<368,8,4,op2> 6.845366156063739E-6
<369,7,1,op4> 6.588920227538717E-4
<370,8,3,op2> 4.836945767976579E-6
<371,8,2,op2> 5.037787806785294E-6
<372,19,3,op5> 0.001432751060949131
<373,8,1,op2> 5.23862984559401E-6
<374,8,0,op2> 5.439471884402728E-6
<375,62,3,op1> 0.005053986800694806
<376,7,8,op2> 6.6639542378677446E-6
<377,7,9,op2> 6.479271903330994E-6
<378,7,6,op2> 5.555860230647243E-6
<379,7,7,op2> 5.371177896110493E-6
<380,64,83,op8> 0.004199890889495111
<381,0,14,op2> 7.757812315134373E-6
<382,5,1,op6> 1.573925621648446E-5
<383,24,1,op8> 0.0034197780032517644
<384,6,0,op5> 6.425585190862122E-4
<385,3,0,op5> 5.949615917464928E-4
<386,5,7,op1> 0.0019494142936491976
<387,10,2,op1> 0.0020082247291219072
<388,2,4,op7> 0.0012306933525027153
<389,5,1,op2> 4.997773300968998E-6
<390,5,0,op2> 5.189381223050878E-6
<391,15,56,op8> 0.00188339381084395
<392,5,3,op2> 4.6145574568052425E-6
<393,5,2,op2> 4.806165378887121E-6
<394,49,3,op7> 3.9468819737825857E-4
<395,10,2,op2> 6.890767229970691E-6
<396,4,3,op2> 4.725751612390912E-6
<397,57,83,op8> 0.004115893071705208
<398,29,30,op8> 6.216490835008924E-4
<399,10,3,op2> 6.616052257347277E-6
<400,4,4,op2> 6.688001416843885E-6
<401,3,1,op4> 6.177112713317547E-4
<402,4,5,op2> 6.295551455953289E-6
<403,10,4,op2> 9.36320198358144E-6
<404,4,6,op2> 5.903101495062694E-6
<405,0,12,op2> 8.117942867481036E-6
<406,10,5,op2> 8.813772038334606E-6
<407,4,7,op2> 5.706876514617398E-6
<408,2,1,op6> 1.4411849065696615E-5
<409,4,8,op2> 7.080451377734479E-6
<410,10,0,op2> 7.440197175217525E-6
<411,66,3,op7> 3.4155709388503157E-4
<412,4,9,op2> 6.884226397289182E-6
<413,78,4,op4> 0.0029776864314805616
<414,10,1,op2> 7.165482202594107E-6
<415,49,2,op7> 7.531373633962322E-4
<416,10,6,op2> 8.264342093087774E-6
<417,10,7,op2> 7.989627120464356E-6
<418,68,83,op8> 0.0038359003457388674
<419,5,2,op1> 0.0014006945589673807
<420,10,8,op2> 9.912631928828272E-6
<421,66,82,op8> 0.00332247740662622
<422,10,9,op2> 9.637916956204856E-6
<423,48,3,op8> 8.618561654205134E-4
<424,4,0,op5> 6.742898039793586E-4
<425,6,0,op2> 5.064335892374954E-6
<426,74,47,op8> 0.002149024279758278
<427,6,4,op2> 6.373271938404173E-6
<428,5,1,op4> 6.836004736071418E-4
<429,55,10,op8> 0.0017861292010619486
<430,72,44,op2> 0.0020843497160530932
<431,6,3,op2> 4.5033633012195735E-6
<432,6,2,op2> 4.690354164938033E-6
<433,49,6,op1> 0.0017886265607850993
<434,6,1,op2> 4.877345028656493E-6
<435,22,6,op1> 7.681921767474465E-4
<436,5,6,op2> 5.764204989296513E-6
<437,5,7,op2> 5.572597067214635E-6
<438,62,10,op8> 0.0018220915339692363
<439,3,1,op6> 1.4222219472726922E-5
<440,5,4,op2> 6.530636677624028E-6
<441,4,1,op4> 7.000727741759888E-4
<442,68,3,op1> 0.004555238103257819
<443,27,1,op8> 0.0035684640033931455
<444,48,2,op7> 7.579651670077465E-4
<445,53,78,op8> 0.0013521328730152944
<446,76,4,op4> 0.0034860719197821206
<447,5,5,op2> 6.14742083346027E-6
<448,40,2,op7> 3.186350383599444E-4
<449,48,3,op7> 3.972182499255551E-4
<450,5,8,op2> 6.9138525217877856E-6
<451,5,9,op2> 6.7222445997059066E-6
<452,71,43,op8> 2.674751249484552E-4
<453,62,65,op8> 0.0019498014280725318
<454,32,39,op8> 2.010675077198732E-4
<455,3,31,op8> 7.32328445548529E-4
<456,34,12,op8> 9.97958914462857E-4
<457,37,3,op5> 9.931569854306475E-4
<458,31,41,op8> 3.117468697675098E-4
<459,33,11,op8> 9.758230420533296E-4
<460,30,36,op8> 1.3465989049129125E-4
<461,70,42,op8> 2.896109973579825E-4
<462,13,82,op2> 1.3543563576793507E-5
<463,73,46,op2> 0.002127736006760182
<464,81,2,op8> 3.8597850571331474E-4
<465,31,41,op2> 3.055117970624221E-4
<466,48,6,op1> 0.0018000921156619274
<467,35,9,op8> 0.0016022434615980314
<468,34,12,op2> 9.779993030223097E-4
<469,52,11,op8> 0.001355430049607284
<470,108,1,op1> 0.0014876416576416543
<471,32,39,op2> 1.970460702946983E-4
<472,70,42,op2> 2.838186517088774E-4
<473,71,43,op2> 2.621255063553326E-4
<474,9,4,op8> 7.544643179580564E-4
<475,30,36,op2> 1.31966634234064E-4
<476,13,4,op7> 0.00150598002345727
<477,63,3,op1> 0.005087236713857273
<478,63,8,op1> 0.0025249237366956217
<479,110,1,op1> 0.0018595520720520683
<480,45,81,op8> 0.003222034195629872
<481,60,3,op7> 3.896280922836655E-4
<482,107,1,op1> 0.001502518074218071
<483,61,8,op7> 0.00456884087968061
<484,47,73,op8> 0.0017284427039772586
<485,64,8,op1> 0.002475415428132962
<486,69,8,op7> 0.004008789417010082
<487,61,3,op7> 3.921581448309621E-4
<488,65,3,op1> 0.005020736887532341
<489,62,3,op7> 3.845679871890725E-4
<490,63,8,op7> 0.004509888094136344
<491,63,3,op7> 3.8709803973636903E-4
<492,66,8,op1> 0.002227873885319666
<493,49,13,op7> 6.896800680831161E-4
<494,48,10,op8> 0.001882028755481382
<495,84,1,op8> 5.212671991353188E-4
<496,102,1,op1> 0.0015769001571001534
<497,49,10,op8> 0.0018700413111789526
<498,105,1,op1> 0.001532270907370904
<499,61,8,op1> 0.0025579292757373947
<500,44,72,op8> 0.0017063068315677317
<501,104,1,op1> 0.0015471473239473204
<502,50,80,op8> 0.0014406763626534033
<503,61,68,op8> 0.001639899214339149
<504,47,6,op1> 0.00183448878029241
<505,30,1,op8> 0.0039153980037230345
<506,59,82,op8> 0.003568586844154088
<507,45,71,op8> 0.0016841709591582043
<508,1,5,op2> 5.703028965981215E-6
<509,1,4,op2> 6.058542459964459E-6
<510,0,1,op4> 6.42419722185025E-4
<511,23,13,op7> 3.006297732669993E-4
<512,1,7,op2> 5.169758725006348E-6
<513,1,6,op2> 5.34751547199797E-6
<514,86,1,op8> 5.133692112696321E-4
<515,1,1,op2> 4.6364884840314805E-6
<516,1,0,op2> 4.8142452310231035E-6
<517,75,4,op4> 0.003461863087005856
<518,1,3,op2> 4.280974990048237E-6
<519,59,11,op8> 0.0012057506576261113
<520,68,3,op7> 3.4661719897962457E-4
<521,1,2,op2> 4.458731737039859E-6
<522,1,9,op2> 6.236299206956082E-6
<523,1,8,op2> 6.414055953947704E-6
<524,0,0,op5> 6.187600554163526E-4
<525,18,3,op7> 2.2770472925668766E-4
<526,2,2,op1> 0.001282563692548445
<527,2,0,op2> 4.751722565685141E-6
<528,0,6,op2> 5.416963724881062E-6
<529,0,5,op2> 5.777094277227724E-6
<530,0,4,op2> 6.13722482957439E-6
<531,0,3,op2> 4.336572067841072E-6
<532,48,3,op5> 0.0025561581428296997
<533,0,2,op2> 4.516637344014403E-6
<534,34,9,op8> 8.698741607606501E-4
<535,2,32,op8> 6.880567007294744E-4
<536,0,1,op2> 4.696702620187735E-6
<537,69,3,op7> 3.44087146432328E-4
<538,0,0,op2> 4.8767678963610665E-6
<539,0,9,op2> 6.3172901057477205E-6
<540,0,8,op2> 6.497355381921052E-6
<541,0,7,op2> 5.23689844870773E-6
<542,100,29,op7> 7.120158885888039E-4
<543,36,8,op1> 9.406578626905256E-4
<544,19,3,op7> 2.226446241620946E-4
<545,12,60,op8> 0.0020162090453011137
<546,3,3,op2> 4.169780834462569E-6
<547,40,19,op8> 8.208719351866385E-4
<548,3,2,op2> 4.342920523090772E-6
<549,3,5,op2> 5.554898343488196E-6
<550,3,4,op2> 5.901177720744605E-6
<551,2,1,op4> 6.259474216161781E-4
<552,3,7,op2> 5.035479277603586E-6
<553,1,1,op6> 1.4601478658666307E-5
<554,3,6,op2> 5.20861896623179E-6
<555,3,9,op2> 6.0743174093728075E-6
<556,3,8,op2> 6.247457098001011E-6
<557,67,8,op1> 0.0022113711157987796
<558,4,2,op1> 0.0014344462350870768
<559,50,12,op8> 0.0022033565739020666
<560,16,3,op7> 2.3276483435128072E-4
<561,2,0,op5> 6.028944129697794E-4
<562,1,4,op7> 0.0012468866860882776
<563,4,0,op2> 5.314426553726804E-6
<564,4,1,op2> 5.118201573281505E-6
<565,0,13,op8> 8.369630703660114E-4
<566,4,2,op2> 4.921976592836208E-6
<567,11,62,op2> 1.9536890087374676E-5
<568,2,4,op2> 5.979860090354532E-6
<569,0,67,op2> 1.2799640047987662E-5
<570,1,1,op4> 6.341835719006014E-4
<571,92,92,op2> 0.0011732376112042128
<572,29,81,op8> 0.001509053990358294
<573,2,3,op2> 4.225377912255403E-6
<574,2,2,op2> 4.4008261300653155E-6
<575,2,1,op2> 4.576274347875228E-6
<576,46,3,op8> 8.838142842847301E-4
<577,1,13,op8> 8.262327745920882E-4
<578,19,2,op1> 0.0014850737492666205
<579,13,58,op8> 0.0018391220660248953
<580,2,8,op2> 6.330756525974358E-6
<581,2,7,op2> 5.102619001304967E-6
<582,103,25,op7> 5.886340739596971E-4
<583,64,13,op7> 6.63153911618381E-4
<584,0,1,op6> 1.4791108251636E-5
<585,2,6,op2> 5.278067219114881E-6
<586,2,5,op2> 5.628963654734705E-6
<587,29,9,op8> 0.001091028608411663
<588,2,9,op2> 6.155308308164445E-6
<589,3,2,op1> 0.0012656878544885972
<590,1,0,op5> 6.108272341930659E-4
<591,17,3,op7> 2.2517467670939113E-4
<592,18,3,op5> 0.0014653135850616111
<593,3,7,op1> 0.0017615189400444556
<594,0,4,op7> 0.0012630800196738398
<595,3,0,op2> 4.689199900347179E-6
<596,3,1,op2> 4.516060211718975E-6
<597,64,3,op7> 3.7950788209447945E-4
<598,83,4,op4> 0.0030745217625856203
<599,18,6,op1> 0.0010318999389144806
<600,15,1,op6> 1.7256292960242E-5
<601,33,2,op7> 2.8001260946782994E-4
<602,14,0,op8> 5.995132110913651E-4
<603,15,0,op5> 7.218867313190779E-4
<604,17,6,op1> 0.001020434384037653
<605,64,8,op7> 0.004421458915819944
<606,44,6,op1> 0.001823023225415582
<607,14,4,op7> 0.001522173357042832
<608,19,6,op1> 0.0010089688291608253
<609,26,81,op8> 0.0014478761258843093
<610,16,3,op5> 0.0014978761091740912
<611,15,4,op7> 0.001473593356286146
<612,16,2,op1> 0.0015525771015060122
<613,66,8,op7> 0.00397931302423795
<614,9,25,op2> 3.7886811420487114E-6
<615,15,7,op2> 6.109714856825685E-6
<616,13,1,op6> 1.7635552146181383E-5
<617,15,8,op2> 7.58024794557456E-6
<618,69,8,op1> 0.002244376654840552
<619,40,81,op8> 0.001345913018427668
<620,15,9,op2> 7.370171790039006E-6
<621,107,21,op7> 0.0014214613227061677
<622,15,3,op2> 5.059334079147916E-6
<623,15,4,op2> 7.160095634503453E-6
<624,15,5,op2> 6.739943323432345E-6
<625,15,6,op2> 6.319791012361238E-6
<626,17,2,op1> 0.0015019495873264687
<627,15,0,op2> 5.689562545754577E-6
<628,15,2,op2> 5.269410234683469E-6
<629,15,1,op2> 5.479486390219023E-6
<630,0,2,op1> 0.001316315368668141
<631,67,3,op7> 3.3902704133773493E-4
<632,14,1,op6> 1.7825181739151075E-5
<633,15,1,op4> 7.49489675882529E-4
<634,14,0,op5> 7.456851949889375E-4
<635,16,6,op1> 0.0010548310486681355
<636,23,2,op7> 3.28290645582973E-4
<637,23,3,op7> 1.72043573216164E-4
<638,11,45,op2> 2.085275172094902E-5
<639,9,89,op2> 1.1730021527128981E-5
<640,24,0,op6> 2.2392172700469277E-5
<641,88,95,op2> 0.0011081581751435782
<642,23,5,op8> 7.101925731390017E-4
<643,23,3,op5> 0.0011071258198243283
<644,22,2,op7> 3.234628419714587E-4
<645,49,8,op1> 0.0025744320452582804
<646,22,3,op7> 1.6951352066886747E-4
<647,21,2,op7> 4.6829695031688794E-4
<648,58,13,op7> 6.454698073085573E-4
<649,21,3,op7> 2.4541509708776336E-4
<650,23,6,op1> 7.796577316242742E-4
<651,21,3,op8> 5.324843824572597E-4
<652,54,79,op8> 0.0013299970006057668
<653,23,8,op1> 0.001122188327420276
<654,20,2,op7> 4.731247539284022E-4
<655,20,3,op7> 2.4794514963505983E-4
<656,42,3,op5> 0.001042000771599368
<657,41,6,op1> 7.452610669937914E-4
<658,21,3,op5> 0.001579282419455292
<659,20,3,op5> 0.001595563681511532
<660,84,90,op2> 0.0012166239019113024
<661,21,6,op1> 0.0011121588230522733
<662,20,8,op1> 0.0016172714130468684
<663,45,11,op8> 0.0013138524407236248
<664,46,13,op7> 7.117851984703955E-4
<665,44,12,op8> 0.002110443947291739
<666,10,19,op2> 1.0187346901451688E-5
<667,45,13,op7> 6.985221202380281E-4
<668,47,12,op8> 0.002123717179664643
<669,82,84,op2> 0.0014986347915073841
<670,48,13,op7> 6.94101094160572E-4
<671,101,1,op1> 0.0016066529902529865
<672,65,10,op8> 0.0018101040896668068
<673,57,50,op8> 0.0022818395142154423
<674,42,13,op7> 2.829456689571759E-4
<675,40,11,op8> 5.488244372642989E-4
<676,41,13,op7> 2.8736669503463174E-4
<677,43,16,op8> 9.094154248247474E-4
<678,44,13,op7> 7.029431463154837E-4
<679,42,12,op8> 8.494868718658572E-4
<680,43,13,op7> 2.7852464287972E-4
<681,70,1,op8> 5.449611627323786E-4
<682,70,2,op8> 4.129072386700576E-4
<683,71,2,op8> 4.1589932010969565E-4
<684,71,1,op8> 5.489101566652219E-4
<685,10,10,op2> 1.5681646353920013E-5
<686,10,12,op2> 1.2385066682439017E-5
<687,64,63,op8> 0.0019940731728915863
<688,10,11,op2> 1.2110351709815601E-5
<689,10,14,op2> 1.1835636737192185E-5
<690,10,13,op2> 1.1560921764568768E-5
<691,10,16,op2> 1.1286206791945352E-5
<692,10,15,op2> 1.1011491819321936E-5
<693,10,18,op2> 1.073677684669852E-5
<694,10,17,op2> 1.0462061874075102E-5
<695,12,10,op2> 1.2650739915767405E-5
<696,10,30,op2> 7.71491214784094E-6
<697,11,20,op2> 1.032585865235425E-5
<698,10,13,op8> 0.0012769051970968636
<699,74,2,op8> 4.2487556442861004E-4
<700,74,1,op8> 5.607571384637519E-4
<701,10,28,op2> 6.066622312100442E-6
<702,11,18,op2> 8.57137647425512E-6
<703,11,13,op8> 0.001019378098522706
<704,44,3,op8> 8.728352248526216E-4
<705,39,8,op1> 9.901661712531848E-4
<706,10,29,op2> 6.341337284723859E-6
<707,11,19,op2> 8.132755929730337E-6
<708,10,26,op2> 5.51719236685361E-6
<709,11,16,op2> 9.009997018779901E-6
<710,10,27,op2> 5.791907339477027E-6
<711,11,17,op2> 8.352066201992727E-6
<712,10,24,op2> 4.967762421606778E-6
<713,11,14,op2> 9.448617563304684E-6
<714,99,26,op7> 6.194795276169737E-4
<715,61,13,op7> 6.852590420056603E-4
<716,10,25,op2> 5.242477394230194E-6
<717,11,15,op2> 8.790686746517511E-6
<718,10,22,op2> 4.418332476359944E-6
<719,11,12,op2> 9.887238107829466E-6
<720,10,23,op2> 4.693047448983362E-6
<721,11,13,op2> 9.229307291042292E-6
<722,11,10,op2> 1.251896137497816E-5
<723,10,20,op2> 1.2934496627685851E-5
<724,11,11,op2> 9.667927835567076E-6
<725,10,21,op2> 1.265978165506243E-5
<726,10,41,op2> 3.868902531113112E-6
<727,11,31,op2> 7.255514840680772E-6
<728,87,4,op4> 0.003171357093690679
<729,13,11,op2> 9.464392512713033E-6
<730,12,21,op2> 1.0212933099882297E-5
<731,13,10,op2> 1.2255404293399674E-5
<732,10,40,op2> 4.143617503736529E-6
<733,11,30,op2> 6.158963479368818E-6
<734,12,20,op2> 1.04345519013264E-5
<735,11,29,op2> 5.0624121180568615E-6
<736,64,11,op8> 0.0012473282665097704
<737,10,39,op2> 2.4953276679960313E-6
<738,12,19,op2> 8.218363886885393E-6
<739,75,1,op8> 5.647061323965952E-4
<740,75,2,op8> 4.278676458682481E-4
<741,11,25,op2> 4.185171029007297E-6
<742,10,35,op2> 1.3964677775023663E-6
<743,12,15,op2> 8.883220291217694E-6
<744,11,26,op2> 4.404481301269688E-6
<745,10,36,op2> 1.6711827501257826E-6
<746,12,16,op2> 9.104839092661796E-6
<747,11,27,op2> 4.623791573532079E-6
<748,10,37,op2> 2.7700426406194473E-6
<749,12,17,op2> 8.439982688329493E-6
<750,11,28,op2> 4.84310184579447E-6
<751,10,38,op2> 3.0447576132428638E-6
<752,12,18,op2> 8.661601489773594E-6
<753,10,31,op2> 9.088487010958022E-6
<754,12,11,op2> 9.769695496994097E-6
<755,8,45,op8> 0.0021047525349392232
<756,11,21,op2> 1.0106548380091856E-5
<757,11,22,op2> 3.527240212220123E-6
<758,10,32,op2> 8.539057065711188E-6
<759,12,12,op2> 9.991314298438198E-6
<760,11,23,op2> 3.7465504844825155E-6
<761,10,33,op2> 1.9458977227491984E-6
<762,12,13,op2> 9.326457894105896E-6
<763,11,24,op2> 3.965860756744906E-6
<764,10,34,op2> 2.220612695372615E-6
<765,12,14,op2> 9.548076695549995E-6
<766,13,22,op2> 3.4529825235418047E-6
<767,11,42,op2> 2.8693093954329504E-6
<768,23,81,op8> 0.0013866982614103244
<769,12,32,op2> 6.888651078220789E-6
<770,14,12,op2> 9.783161917220735E-6
<771,10,52,op2> 2.749439017672691E-5
<772,10,51,op2> 2.7219675204103496E-5
<773,11,41,op2> 3.0886196676953415E-6
<774,12,31,op2> 7.331888681108991E-6
<775,14,11,op2> 9.566160174140054E-6
<776,13,21,op2> 9.893778940510973E-6
<777,14,10,op2> 1.2387182834188917E-5
<778,11,40,op2> 3.307929939957733E-6
<779,12,30,op2> 6.223794673888489E-6
<780,13,20,op2> 1.010847215440995E-5
<781,10,50,op2> 2.831853509459716E-5
<782,72,2,op8> 4.1889140154933383E-4
<783,72,1,op8> 5.528591505980653E-4
<784,10,44,op2> 2.639553028623325E-5
<785,4,40,op8> 3.3388274217703714E-4
<786,12,24,op2> 4.007606659447484E-6
<787,11,34,op2> 1.7727580341209949E-6
<788,13,14,op2> 9.24969929881406E-6
<789,8,89,op2> 1.1866417126281642E-5
<790,10,45,op2> 2.6120815313609825E-5
<791,12,25,op2> 4.229225460891585E-6
<792,11,35,op2> 1.1148272173338215E-6
<793,13,15,op2> 8.605619657117142E-6
<794,12,22,op2> 3.5643690565592824E-6
<795,10,42,op2> 3.594187558489696E-6
<796,11,32,op2> 6.816894296155989E-6
<797,13,12,op2> 9.679085726612004E-6
<798,12,23,op2> 3.785987858003384E-6
<799,11,33,op2> 1.5534477618586036E-6
<800,10,43,op2> 3.3194725858662798E-6
<801,13,13,op2> 9.035006084915086E-6
<802,10,48,op2> 2.5846100340986414E-5
<803,12,28,op2> 4.894081865223886E-6
<804,11,38,op2> 2.4306888509081683E-6
<805,13,18,op2> 8.39092644321817E-6
<806,10,49,op2> 2.5571385368362997E-5
<807,12,29,op2> 5.115700666667987E-6
<808,11,39,op2> 1.9920683063833857E-6
<809,13,19,op2> 7.961540015420226E-6
<810,10,46,op2> 2.6944960231480075E-5
<811,39,2,op7> 2.8966821669085854E-4
<812,12,26,op2> 4.450844262335685E-6
<813,11,36,op2> 1.3341374895962127E-6
<814,13,16,op2> 8.820312871016115E-6
<815,10,47,op2> 2.667024525885666E-5
<816,47,2,op7> 7.724485778422894E-4
<817,12,27,op2> 4.672463063779786E-6
<818,11,37,op2> 2.2113785786457768E-6
<819,47,8,op1> 0.0026404431233418265
<820,11,56,op2> 1.8659648998325115E-5
<821,13,17,op2> 8.176233229319197E-6
<822,11,51,op2> 2.1729992809998588E-5
<823,10,61,op2> 2.5296670395739582E-5
<824,12,41,op2> 3.121131453671082E-6
<825,13,31,op2> 7.102767159824335E-6
<826,15,11,op2> 9.260857189858988E-6
<827,14,21,op2> 1.0000163660301414E-5
<828,10,60,op2> 2.502195542311616E-5
<829,15,10,op2> 1.1991847211821186E-5
<830,12,40,op2> 3.3427502551151826E-6
<831,13,30,op2> 6.029301090329474E-6
<832,14,20,op2> 1.0217165403382101E-5
<833,11,50,op2> 2.260723389904815E-5
<834,10,63,op2> 2.4747240450492747E-5
<835,14,23,op2> 3.7071131109616466E-6
<836,13,33,op2> 1.520743598451054E-6
<837,12,43,op2> 2.677893850782881E-6
<838,15,13,op2> 8.840704878787881E-6
<839,11,53,op2> 2.216861335452337E-5
<840,10,62,op2> 2.4472525477869333E-5
<841,14,22,op2> 3.4901113678809643E-6
<842,12,42,op2> 2.8995126522269816E-6
<843,13,32,op2> 6.67338073202639E-6
<844,15,12,op2> 9.470933345394542E-6
<845,11,52,op2> 2.1949303082260975E-5
<846,73,1,op8> 5.568081445309085E-4
<847,13,23,op2> 3.6676757374407786E-6
<848,12,33,op2> 1.5697998435623782E-6
<849,11,43,op2> 2.6499991231705593E-6
<850,14,13,op2> 9.13215668797869E-6
<851,10,53,op2> 2.776910514935033E-5
<852,11,44,op2> 2.1072061993211418E-5
<853,13,24,op2> 3.882368951339751E-6
<854,12,34,op2> 1.7914186450064788E-6
<855,14,14,op2> 9.349158431059372E-6
<856,37,6,op1> 6.993988474864813E-4
<857,10,54,op2> 2.8043820121973743E-5
<858,10,55,op2> 2.364838055999908E-5
<859,13,25,op2> 4.097062165238723E-6
<860,12,35,op2> 1.1265622406741776E-6
<861,14,15,op2> 8.698153201817327E-6
<862,11,46,op2> 2.151068253773619E-5
<863,10,56,op2> 2.337366558737567E-5
<864,13,26,op2> 4.311755379137695E-6
<865,12,36,op2> 1.3481810421182781E-6
<866,14,16,op2> 8.915154944898007E-6
<867,11,47,op2> 2.1291372265473804E-5
<868,10,57,op2> 2.3098950614752254E-5
<869,13,27,op2> 4.526448593036668E-6
<870,12,37,op2> 2.23465624789468E-6
<871,14,17,op2> 8.264149715655962E-6
<872,11,48,op2> 2.0633441448686634E-5
<873,10,58,op2> 2.2824235642128833E-5
<874,46,3,op5> 0.00262128319105466
<875,13,28,op2> 4.741141806935639E-6
<876,12,38,op2> 2.456275049338781E-6
<877,14,18,op2> 8.481151458736644E-6
<878,11,49,op2> 2.0414131176424237E-5
<879,10,59,op2> 2.254952066950542E-5
<880,13,29,op2> 4.9558350208346125E-6
<881,12,39,op2> 2.0130374464505793E-6
<882,14,19,op2> 8.047147972575281E-6
<883,24,2,op7> 3.3311844919448736E-4
<884,78,2,op8> 3.680260170754862E-4
<885,25,0,op6> 2.271669694250506E-5
<886,24,25,op2> 4.13977523830146E-4
<887,24,9,op8> 0.0010173104591946589
<888,24,3,op8> 3.787775504077415E-4
<889,79,2,op8> 3.65033935635848E-4
<890,79,1,op8> 4.8177725980688544E-4
<891,25,2,op7> 3.379462528060016E-4
<892,25,3,op8> 3.8426708012379577E-4
<893,25,1,op8> 0.003469340003298891
<894,34,2,op7> 2.8484041307934424E-4
<895,26,0,op6> 2.3041221184540852E-5
<896,26,2,op7> 3.4277405641751596E-4
<897,76,1,op8> 5.686551263294386E-4
<898,76,2,op8> 4.308597273078862E-4
<899,27,0,op6> 2.3365745426576636E-5
<900,26,9,op8> 0.0010467977188814604
<901,27,2,op7> 3.476018600290303E-4
<902,77,2,op8> 3.7101809851512426E-4
<903,77,1,op8> 4.896752476725721E-4
<904,28,0,op6> 2.369026966861242E-5
<905,33,3,op8> 3.1839272353114496E-4
<906,27,3,op8> 3.952461395559041E-4
<907,29,0,op6> 2.4014793910648205E-5
<908,28,9,op8> 0.001076284978568262
<909,29,2,op7> 3.572574672520589E-4
<910,30,0,op6> 2.563741512082714E-5
<911,32,0,op6> 2.6610987846934503E-5
<912,80,2,op8> 3.8298642427367667E-4
<913,31,3,op8> 4.611204961485549E-4
<914,52,13,op7> 7.206272506253073E-4
<915,30,9,op8> 0.0011647467576286672
<916,31,2,op7> 4.055355033672019E-4
<917,31,0,op6> 2.726003633100607E-5
<918,30,3,op8> 4.336728475682838E-4
<919,18,55,op8> 0.0019055296832534772
<920,30,2,op7> 3.813964853096304E-4
<921,34,0,op6> 1.9146930280111407E-5
<922,32,9,op8> 0.0012089776471588696
<923,36,6,op1> 6.535366279791711E-4
<924,32,3,op8> 4.501414367164464E-4
<925,33,0,op6> 1.8822406038075623E-5
<926,32,2,op7> 3.958798961441733E-4
<927,51,13,op7> 7.162062245478515E-4
<928,35,3,op8> 3.0741366409903654E-4
<929,35,2,op7> 2.7035700224480123E-4
<930,38,8,op1> 0.0010231717102949579
<931,42,8,op1> 0.0010561772493367305
<932,35,0,op6> 1.8173357554004047E-5
<933,33,9,op8> 8.551305309172495E-4
<934,20,11,op8> 8.149211341197164E-4
<935,13,48,op2> 2.019905320766165E-5
<936,12,58,op2> 1.8412828753314018E-5
<937,11,68,op2> 1.6247236003438806E-5
<938,10,78,op2> 1.678050624441368E-5
<939,15,28,op2> 4.6391817680768084E-6
<940,14,38,op2> 2.4051026524775563E-6
<941,13,47,op2> 2.0843132849358566E-5
<942,12,57,op2> 1.8634447554758118E-5
<943,11,67,op2> 1.5589305186651635E-5
<944,10,77,op2> 1.705522121703709E-5
<945,15,27,op2> 4.429105612541256E-6
<946,14,37,op2> 2.188100909396874E-6
<947,13,46,op2> 2.1057826063257537E-5
<948,12,56,op2> 1.8856066356202217E-5
<949,10,76,op2> 2.2274805696882E-5
<950,11,66,op2> 1.5808615458914022E-5
<951,15,26,op2> 4.219029457005702E-6
<952,14,36,op2> 1.3200939370741476E-6
<953,13,45,op2> 2.041374642156062E-5
<954,11,65,op2> 1.9317579815112286E-5
<955,66,11,op8> 0.0011225954398587934
<956,12,55,op2> 1.9077685157646314E-5
<957,10,75,op2> 2.2000090724258583E-5
<958,15,25,op2> 4.008953301470148E-6
<959,14,35,op2> 1.1030921939934655E-6
<960,56,13,op7> 6.543118594634692E-4
<961,108,20,op7> 0.0014523067763634447
<962,13,13,op8> 9.979175069748597E-4
<963,13,49,op2> 1.9984359993762675E-5
<964,12,59,op2> 1.8191209951869918E-5
<965,11,69,op2> 1.6027925731176416E-5
<966,47,3,op5> 0.0026050019289984194
<967,10,79,op2> 1.650579127179026E-5
<968,15,29,op2> 4.8492579236123636E-6
<969,38,3,op5> 0.0010094382474868876
<970,14,39,op2> 1.9710991663161925E-6
<971,12,60,op2> 2.018577916486682E-5
<972,5,13,op8> 8.906145492356275E-4
<973,11,70,op2> 1.64665462757012E-5
<974,10,80,op2> 1.7879366134907338E-5
<975,14,40,op2> 3.2731096248002833E-6
<976,15,30,op2> 5.899638701290131E-6
<977,13,50,op2> 2.21312921327524E-5
<978,13,51,op2> 2.127251927715651E-5
<979,12,61,op2> 2.040739796631092E-5
<980,11,71,op2> 1.668585654796359E-5
<981,10,81,op2> 1.8154081107530762E-5
<982,14,41,op2> 3.056107881719601E-6
<983,15,31,op2> 6.950019478967898E-6
<984,14,44,op2> 2.0850250814335503E-5
<985,12,64,op2> 1.9299303959090417E-5
<986,11,74,op2> 1.7343787364750764E-5
<987,10,84,op2> 1.897822602540101E-5
<988,15,34,op2> 1.698115590579058E-6
<989,13,54,op2> 2.1916598918853427E-5
<990,95,15,op7> 0.0012363886007625078
<991,14,45,op2> 2.063324907125482E-5
<992,12,65,op2> 1.952092276053452E-5
<993,13,55,op2> 1.8481507496469868E-5
<994,11,75,op2> 1.7563097637013154E-5
<995,10,85,op2> 1.9252940998024427E-5
<996,15,35,op2> 1.0678871239723976E-6
<997,12,62,op2> 1.974254156197862E-5
<998,11,72,op2> 1.6905166820225983E-5
<999,10,82,op2> 1.7329936189660513E-5
<1000,14,42,op2> 2.8391061386389196E-6
<1001,15,32,op2> 6.529867167896791E-6
<1002,13,52,op2> 2.1487212491055482E-5
<1003,22,13,op7> 2.962087471895435E-4
<1004,12,63,op2> 1.996416036342272E-5
<1005,11,73,op2> 1.7124477092488373E-5
<1006,10,83,op2> 1.760465116228393E-5
<1007,15,33,op2> 1.4880394350435047E-6
<1008,14,43,op2> 2.622104395558238E-6
<1009,13,53,op2> 2.1701905704954456E-5
<1010,12,45,op2> 2.107225437064322E-5
<1011,10,65,op2> 2.419781050524592E-5
<1012,91,93,op2> 0.0011515444658506677
<1013,11,55,op2> 1.88789592705875E-5
<1014,14,25,op2> 4.1411165971230095E-6
<1015,13,35,op2> 1.0913571706531095E-6
<1016,15,15,op2> 8.420552567716773E-6
<1017,12,44,op2> 2.1293873172087326E-5
<1018,10,64,op2> 2.3923095532622497E-5
<1019,14,24,op2> 3.924114854042328E-6
<1020,13,34,op2> 1.7354368123500265E-6
<1021,15,14,op2> 9.050781034323435E-6
<1022,11,54,op2> 2.2387923626785762E-5
<1023,12,47,op2> 2.1515491973531422E-5
<1024,11,57,op2> 1.844033872606272E-5
<1025,10,67,op2> 1.952765597064784E-5
<1026,14,27,op2> 4.575120083284374E-6
<1027,13,37,op2> 2.164823240147971E-6
<1028,15,17,op2> 8.000400256645666E-6
<1029,12,46,op2> 2.173711077497552E-5
<1030,10,66,op2> 1.9802370943271252E-5
<1031,14,26,op2> 4.358118340203692E-6
<1032,13,36,op2> 1.3060503845520822E-6
<1033,15,16,op2> 8.630628723252326E-6
<1034,12,49,op2> 2.062901676775502E-5
<1035,11,59,op2> 1.8001718181537938E-5
<1036,10,69,op2> 2.0077085915894673E-5
<1037,14,29,op2> 5.009123569445738E-6
<1038,13,39,op2> 1.950130026248999E-6
<1039,15,19,op2> 7.790324101110114E-6
<1040,12,48,op2> 2.0850635569199126E-5
<1041,10,68,op2> 2.0351800888518087E-5
<1042,24,25,op8> 4.224262318151465E-4
<1043,14,28,op2> 4.792121826365055E-6
<1044,13,38,op2> 2.379516454046944E-6
<1045,15,18,op2> 8.210476412181221E-6
<1046,67,11,op8> 0.0011142799180820612
<1047,55,13,op7> 6.58732885540925E-4
<1048,54,11,op8> 0.0013720610931607473
<1049,11,60,op2> 1.9975510631899453E-5
<1050,10,70,op2> 2.0626515861141505E-5
<1051,13,40,op2> 3.2382893096428333E-6
<1052,14,30,op2> 6.094132284849146E-6
<1053,15,20,op2> 9.89108565646565E-6
<1054,12,50,op2> 2.2845204782196028E-5
<1055,12,51,op2> 2.1958729576419622E-5
<1056,11,61,op2> 2.019482090416185E-5
<1057,10,71,op2> 2.0901230833764923E-5
<1058,13,41,op2> 3.0235960957438606E-6
<1059,14,31,op2> 7.179141000252554E-6
<1060,15,21,op2> 9.681009500930093E-6
<1061,10,72,op2> 2.117594580638834E-5
<1062,15,22,op2> 3.3787248348634866E-6
<1063,9,13,op8> 9.228054365573972E-4
<1064,13,42,op2> 2.8089028818448888E-6
<1065,14,32,op2> 6.74513751409119E-6
<1066,12,52,op2> 2.2180348377863725E-5
<1067,11,63,op2> 1.9756200359637066E-5
<1068,10,73,op2> 2.1450660779011755E-5
<1069,15,23,op2> 3.5888009903990413E-6
<1070,14,33,op2> 1.5370956801548288E-6
<1071,13,43,op2> 2.594209667945916E-6
<1072,12,53,op2> 2.240196717930783E-5
<1073,13,44,op2> 2.0628439635459595E-5
<1074,11,64,op2> 1.9098269542849892E-5
<1075,10,74,op2> 2.172537575163517E-5
<1076,15,24,op2> 3.7988771459345947E-6
<1077,14,34,op2> 1.7540974232355105E-6
<1078,12,54,op2> 2.2623585980751925E-5
<1079,15,13,op8> 9.764569154270133E-4
<1080,15,49,op2> 1.9554588811101116E-5
<1081,14,59,op2> 1.781222641120596E-5
<1082,13,69,op2> 1.5690495715783228E-5
<1083,12,79,op2> 1.3315596320099703E-5
<1084,11,89,op2> 1.2957581919502944E-5
<1085,15,48,op2> 1.976466496663667E-5
<1086,14,58,op2> 1.802922815428664E-5
<1087,13,68,op2> 1.5905188929682203E-5
<1088,12,78,op2> 1.3537215121543806E-5
<1089,11,88,op2> 1.2738271647240549E-5
<1090,10,98,op2> 1.3209211600309266E-5
<1091,15,47,op2> 2.039489343324333E-5
<1092,14,57,op2> 1.8246229897367322E-5
<1093,13,67,op2> 1.5261109287985286E-5
<1094,21,61,op8> 0.002038344917710641
<1095,11,87,op2> 1.4931374369864464E-5
<1096,12,77,op2> 1.3758833922987906E-5
<1097,10,97,op2> 1.3483926572932683E-5
<1098,54,13,op7> 7.29469302780219E-4
<1099,16,13,op7> 4.067343991259403E-4
<1100,110,18,op7> 0.0012055431471052309
<1101,15,56,op2> 1.787397956681669E-5
<1102,13,76,op2> 1.7408041426975006E-5
<1103,14,66,op2> 1.564220898039914E-5
<1104,12,86,op2> 1.4866927930208407E-5
<1105,11,96,op2> 1.0983789469141424E-5
<1106,15,57,op2> 1.7663903411281134E-5
<1107,14,67,op2> 1.542520723731846E-5
<1108,12,87,op2> 1.508854673165251E-5
<1109,46,8,op1> 0.0026569458928627126
<1110,13,77,op2> 1.3328870362894534E-5
<1111,11,97,op2> 1.076447919687903E-5
<1112,14,64,op2> 1.8897235126609367E-5
<1113,13,74,op2> 1.697865499917706E-5
<1114,12,84,op2> 1.531016553309661E-5
<1115,11,94,op2> 1.1422410013666206E-5
<1116,15,54,op2> 2.1445274210921096E-5
<1117,14,65,op2> 1.911423686969005E-5
<1118,15,55,op2> 1.8084055722352237E-5
<1119,13,75,op2> 1.7193348213076035E-5
<1120,12,85,op2> 1.553178433454071E-5
<1121,11,95,op2> 1.1203099741403812E-5
<1122,14,62,op2> 1.9331238612770732E-5
<1123,13,72,op2> 1.6549268571379122E-5
<1124,12,82,op2> 1.3980452724432006E-5
<1125,11,92,op2> 1.1861030558190988E-5
<1126,15,52,op2> 2.102512189984999E-5
<1127,14,63,op2> 1.9548240355851412E-5
<1128,13,73,op2> 1.6763961785278093E-5
<1129,12,83,op2> 1.4202071525876109E-5
<1130,11,93,op2> 1.1641720285928593E-5
<1131,15,53,op2> 2.1235198055385547E-5
<1132,14,60,op2> 1.9765242098932096E-5
<1133,13,70,op2> 1.6119882143581177E-5
<1134,12,80,op2> 1.4423690327320204E-5
<1135,85,4,op4> 0.003219774759243208
<1136,43,8,op1> 0.001039674479815844
<1137,11,90,op2> 1.229965110271577E-5
<1138,15,50,op2> 2.165535036645665E-5
<1139,20,81,op8> 0.0019984769061501735
<1140,15,51,op2> 2.0815045744314437E-5
<1141,14,61,op2> 1.9982243842012777E-5
<1142,13,71,op2> 1.6334575357480148E-5
<1143,12,81,op2> 1.4645309128764309E-5
<1144,56,12,op8> 0.0019644383911897947
<1145,11,91,op2> 1.2080340830453378E-5
<1146,53,11,op8> 0.0013637455713840154
<1147,13,57,op2> 1.8052121068671926E-5
<1148,12,67,op2> 1.5753403135984813E-5
<1149,10,87,op2> 1.8703511052777594E-5
<1150,11,77,op2> 1.3615512736290115E-5
<1151,15,37,op2> 2.1182679016501656E-6
<1152,14,46,op2> 2.128425430049686E-5
<1153,13,56,op2> 1.82668142825709E-5
<1154,11,76,op2> 1.7782407909275544E-5
<1155,12,66,op2> 1.597502193742891E-5
<1156,10,86,op2> 1.842879608015417E-5
<1157,15,36,op2> 1.2779632795079512E-6
<1158,14,49,op2> 2.0199245585093458E-5
<1159,13,59,op2> 1.762273464087398E-5
<1160,9,78,op2> 1.2127088546382994E-5
<1161,12,69,op2> 1.619664073887301E-5
<1162,11,79,op2> 1.317689219176533E-5
<1163,10,89,op2> 1.6231076299166845E-5
<1164,15,39,op2> 1.908191746114612E-6
<1165,43,6,op1> 7.223299572401363E-4
<1166,14,48,op2> 2.041624732817414E-5
<1167,13,58,op2> 1.7837427854772955E-5
<1168,12,68,op2> 1.641825954031711E-5
<1169,11,78,op2> 1.3396202464027724E-5
<1170,10,88,op2> 1.5956361326543427E-5
<1171,15,38,op2> 2.3283440571857194E-6
<1172,48,8,op1> 0.002590934814779167
<1173,53,13,op7> 7.250482767027631E-4
<1174,13,63,op2> 1.9340280352065762E-5
<1175,12,73,op2> 1.7304734746093515E-5
<1176,11,83,op2> 1.40541332808149E-5
<1177,10,93,op2> 1.4582786463426346E-5
<1178,15,43,op2> 2.5384202127212733E-6
<1179,14,53,op2> 2.1935259529738912E-5
<1180,15,44,op2> 2.0184817277707775E-5
<1181,13,64,op2> 1.8696200710368842E-5
<1182,12,74,op2> 1.752635354753761E-5
<1183,11,84,op2> 1.5150684642126853E-5
<1184,10,94,op2> 1.4308071490802933E-5
<1185,14,54,op2> 2.2152261272819593E-5
<1186,15,45,op2> 1.9974741122172223E-5
<1187,13,65,op2> 1.8910893924267817E-5
<1188,14,55,op2> 1.8680233383528683E-5
<1189,12,75,op2> 1.7747972348981715E-5
<1190,11,85,op2> 1.5369994914389245E-5
<1191,10,95,op2> 1.4033356518179514E-5
<1192,15,46,op2> 2.060496958877888E-5
<1193,5,91,op2> 1.0554403041343477E-5
<1194,14,56,op2> 1.8463231640448006E-5
<1195,12,76,op2> 1.796959115042581E-5
<1196,13,66,op2> 1.5475802501884257E-5
<1197,11,86,op2> 1.4712064097602067E-5
<1198,67,13,op7> 5.92417494379087E-4
<1199,10,96,op2> 1.3758641545556101E-5
<1200,13,60,op2> 1.955497356596473E-5
<1201,12,70,op2> 1.6639878341761212E-5
<1202,11,80,op2> 1.4273443553077287E-5
<1203,10,90,op2> 1.5406931381296595E-5
<1204,15,40,op2> 3.168648679327934E-6
<1205,14,50,op2> 2.2369263015900277E-5
<1206,14,51,op2> 2.1501256043577548E-5
<1207,13,61,op2> 1.9769666779863707E-5
<1208,12,71,op2> 1.6861497143205312E-5
<1209,11,81,op2> 1.449275382533968E-5
<1210,10,91,op2> 1.513221640867318E-5
<1211,15,41,op2> 2.9585725237923797E-6
<1212,12,72,op2> 1.7083115944649415E-5
<1213,11,82,op2> 1.3834823008552508E-5
<1214,10,92,op2> 1.4857501436049765E-5
<1215,15,42,op2> 2.7484963682568263E-6
<1216,14,52,op2> 2.171825778665823E-5
<1217,15,69,op2> 1.535306570039004E-5
<1218,14,79,op2> 1.3038188063430959E-5
<1219,13,89,op2> 1.268479072119762E-5
<1220,15,75,op2> 1.6823598789138917E-5
<1221,14,85,op2> 1.5208205494237778E-5
<1222,13,95,op2> 1.0967245010005836E-5
<1223,15,74,op2> 1.6613522633603365E-5
<1224,14,84,op2> 1.4991203751157096E-5
<1225,13,94,op2> 1.118193822390481E-5
<1226,15,73,op2> 1.6403446478067813E-5
<1227,14,83,op2> 1.3906195035753691E-5
<1228,13,93,op2> 1.1396631437803782E-5
<1229,15,72,op2> 1.6193370322532258E-5
<1230,14,82,op2> 1.3689193292673007E-5
<1231,13,92,op2> 1.1611324651702756E-5
<1232,15,79,op2> 1.2622075678427843E-5
<1233,14,89,op2> 1.2821186320350282E-5
<1234,15,78,op2> 1.2832151833963402E-5
<1235,14,88,op2> 1.2604184577269596E-5
<1236,13,98,op2> 1.032316536830892E-5
<1237,14,87,op2> 1.4774202008076417E-5
<1238,15,77,op2> 1.3042227989498953E-5
<1239,13,97,op2> 1.0537858582207893E-5
<1240,15,76,op2> 1.703367494467447E-5
<1241,14,86,op2> 1.4557200264995732E-5
<1242,13,96,op2> 1.0752551796106869E-5
<1243,18,13,op7> 3.978923469710285E-4
<1244,15,71,op2> 1.5983294166996703E-5
<1245,14,81,op2> 1.4340198521915053E-5
<1246,13,91,op2> 1.1826017865601727E-5
<1247,15,70,op2> 1.577321801146115E-5
<1248,14,80,op2> 1.4123196778834367E-5
<1249,13,90,op2> 1.2040711079500701E-5
<1250,15,58,op2> 1.745382725574558E-5
<1251,14,68,op2> 1.6076212466560502E-5
<1252,13,78,op2> 1.3114177148995561E-5
<1253,12,88,op2> 1.2872358717211501E-5
<1254,11,98,op2> 1.054516892461664E-5
<1255,15,59,op2> 1.7243751100210027E-5
<1256,14,69,op2> 1.5859210723479825E-5
<1257,13,79,op2> 1.2899483935096587E-5
<1258,12,89,op2> 1.3093977518655606E-5
<1259,59,13,op7> 6.410487812311016E-4
<1260,19,13,op7> 3.8905029481611683E-4
<1261,15,62,op2> 1.87142841889589E-5
<1262,14,72,op2> 1.672721769580255E-5
<1263,12,92,op2> 1.1985883511435102E-5
<1264,4,60,op2> 1.787282530222583E-5
<1265,15,61,op2> 1.934451265556556E-5
<1266,14,71,op2> 1.651021595272187E-5
<1267,13,81,op2> 1.4187643218490425E-5
<1268,12,91,op2> 1.2207502312879202E-5
<1269,15,64,op2> 1.8294131877887792E-5
<1270,14,74,op2> 1.7161221181963912E-5
<1271,13,84,op2> 1.4831722860187341E-5
<1272,12,94,op2> 1.1542645908546902E-5
<1273,15,63,op2> 1.8924360344494454E-5
<1274,14,73,op2> 1.6944219438883235E-5
<1275,13,83,op2> 1.375825679069248E-5
<1276,12,93,op2> 1.1764264709990997E-5
<1277,14,76,op2> 1.7595224668125277E-5
<1278,15,66,op2> 1.514298954485449E-5
<1279,101,28,op7> 6.811704349315269E-4
<1280,13,86,op2> 1.4402336432389394E-5
<1281,12,96,op2> 1.1099408305658703E-5
<1282,15,65,op2> 1.8504208033423348E-5
<1283,14,75,op2> 1.7378222925044596E-5
<1284,13,85,op2> 1.5046416074086314E-5
<1285,12,95,op2> 1.1321027107102797E-5
<1286,15,68,op2> 1.5563141855925593E-5
<1287,14,78,op2> 1.3255189806511643E-5
<1288,13,88,op2> 1.2470097507298642E-5
<1289,12,98,op2> 1.0656170702770498E-5
<1290,15,67,op2> 1.4932913389318938E-5
<1291,13,87,op2> 1.461702964628837E-5
<1292,14,77,op2> 1.3472191549592325E-5
<1293,12,97,op2> 1.08777895042146E-5
<1294,58,10,op8> 0.0017501668681546608
<1295,8,73,op2> 1.568241586364725E-5
<1296,17,13,op7> 3.9347132089357273E-4
<1297,15,60,op2> 1.9134436500030006E-5
<1298,14,70,op2> 1.6293214209641186E-5
<1299,13,80,op2> 1.397295000459145E-5
<1300,12,90,op2> 1.2429121114323305E-5
<1301,15,98,op2> 1.0101161812001202E-5
<1302,15,97,op2> 1.0311237967536759E-5
<1303,15,96,op2> 1.0521314123072312E-5
<1304,51,76,op8> 0.0017948503212058403
<1305,15,95,op2> 1.073139027860786E-5
<1306,15,94,op2> 1.0941466434143419E-5
<1307,15,93,op2> 1.1151542589678967E-5
<1308,15,92,op2> 1.1361618745214526E-5
<1309,57,12,op8> 0.001951165158816891
<1310,15,91,op2> 1.1571694900750078E-5
<1311,15,90,op2> 1.1781771056285633E-5
<1312,57,13,op7> 6.498908333860133E-4
<1313,15,88,op2> 1.2201923367356736E-5
<1314,102,27,op7> 6.503249812742503E-4
<1315,14,98,op2> 1.043416714646278E-5
<1316,15,87,op2> 1.4302684922712277E-5
<1317,14,97,op2> 1.0651168889543462E-5
<1318,15,89,op2> 1.2411999522892295E-5
<1319,15,84,op2> 1.4512761078247827E-5
<1320,14,94,op2> 1.1302174118785507E-5
<1321,15,83,op2> 1.3462380300570062E-5
<1322,14,93,op2> 1.1519175861866186E-5
<1323,15,86,op2> 1.4092608767176719E-5
<1324,14,96,op2> 1.0868170632624146E-5
<1325,45,3,op5> 0.0025724394048859396
<1326,15,85,op2> 1.4722837233783384E-5
<1327,14,95,op2> 1.1085172375704823E-5
<1328,15,80,op2> 1.3672456456105612E-5
<1329,14,90,op2> 1.2170181091108235E-5
<1330,15,82,op2> 1.3252304145034508E-5
<1331,14,92,op2> 1.1736177604946872E-5
<1332,86,2,op8> 3.889705871529528E-4
<1333,15,81,op2> 1.3882532611641169E-5
<1334,14,91,op2> 1.1953179348027553E-5
<1335,0,18,op2> 7.037551210441046E-6
<1336,0,19,op2> 6.677420658094383E-6
<1337,0,16,op2> 7.39768176278771E-6
<1338,0,17,op2> 6.857485934267713E-6
<1339,0,15,op2> 7.2176164866143784E-6
<1340,0,13,op2> 7.577747038961041E-6
<1341,0,10,op2> 1.0278726181561019E-5
<1342,0,11,op2> 7.937877591307705E-6
<1343,82,4,op4> 0.0030503129298093553
<1344,20,13,op7> 4.3326055559067544E-4
<1345,80,1,op8> 5.054712234039454E-4
<1346,81,1,op8> 5.094202173367888E-4
<1347,82,2,op8> 3.770022613944004E-4
<1348,82,1,op8> 4.975732355382587E-4
<1349,83,1,op8> 5.015222294711021E-4
<1350,83,2,op8> 3.7999434283403854E-4
<1351,0,59,op2> 1.478035808589431E-5
<1352,3,29,op2> 3.996641145834365E-6
<1353,2,39,op2> 1.593654645106709E-6
<1354,4,19,op2> 7.276676358179777E-6
<1355,1,48,op2> 1.6723947279461797E-5
<1356,0,58,op2> 1.4960423362067641E-5
<1357,3,28,op2> 3.8235014572061615E-6
<1358,2,38,op2> 1.944551080726535E-6
<1359,4,18,op2> 7.669126319070371E-6
<1360,1,47,op2> 1.725721752043666E-5
<1361,0,57,op2> 1.5140488638240973E-5
<1362,3,27,op2> 3.6503617685779586E-6
<1363,2,37,op2> 1.7691028629166217E-6
<1364,4,17,op2> 7.472901338625073E-6
<1365,1,46,op2> 1.7434974267428282E-5
<1366,0,56,op2> 1.5320553914414305E-5
<1367,3,26,op2> 3.4772220799497544E-6
<1368,2,36,op2> 1.0673099916769704E-6
<1369,4,16,op2> 8.061576279960964E-6
<1370,1,45,op2> 1.6901704026453417E-5
<1371,0,55,op2> 1.550061919058763E-5
<1372,3,25,op2> 3.304082391321551E-6
<1373,2,35,op2> 8.918617738670574E-7
<1374,4,15,op2> 7.865351299515668E-6
<1375,5,38,op8> 2.453392525389279E-4
<1376,1,44,op2> 1.7079460773445044E-5
<1377,3,24,op2> 3.1309427026933474E-6
<1378,2,34,op2> 1.4182064272967958E-6
<1379,4,14,op2> 8.45402624085156E-6
<1380,88,1,op8> 4.738792719411988E-4
<1381,0,54,op2> 1.8381663609360943E-5
<1382,3,22,op2> 2.7846633254369395E-6
<1383,1,42,op2> 2.3256507731403916E-6
<1384,2,32,op2> 5.4535154369247915E-6
<1385,4,12,op2> 8.846476201742155E-6
<1386,0,52,op2> 1.802153305701428E-5
<1387,3,23,op2> 2.957803014065144E-6
<1388,2,33,op2> 1.242758209486883E-6
<1389,109,19,op7> 0.0011438522397906774
<1390,1,43,op2> 2.1478940261487694E-6
<1391,4,13,op2> 8.257801260406263E-6
<1392,0,53,op2> 1.8201598333187613E-5
<1393,4,10,op2> 1.1201175967085724E-5
<1394,1,40,op2> 2.6811642671236367E-6
<1395,2,30,op2> 4.927170783495055E-6
<1396,3,20,op2> 8.15199367291125E-6
<1397,0,50,op2> 1.8561728885534273E-5
<1398,0,51,op2> 1.7841467780840946E-5
<1399,1,41,op2> 2.5034075201320137E-6
<1400,2,31,op2> 5.804411872544619E-6
<1401,4,11,op2> 8.650251221296858E-6
<1402,3,21,op2> 7.978853984283044E-6
<1403,84,2,op8> 3.94954750032229E-4
<1404,0,48,op2> 1.694114139997429E-5
<1405,2,28,op2> 3.874481476635576E-6
<1406,1,38,op2> 1.9701372791571473E-6
<1407,3,18,op2> 6.766876163885622E-6
<1408,47,3,op8> 8.78324754568676E-4
<1409,0,47,op2> 1.7481337228494282E-5
<1410,2,27,op2> 3.6990332588256642E-6
<1411,1,37,op2> 1.7923805321655247E-6
<1412,3,17,op2> 6.593736475257417E-6
<1413,0,49,op2> 1.6761076123800955E-5
<1414,2,29,op2> 4.04992969444549E-6
<1415,1,39,op2> 1.6146237851739026E-6
<1416,3,19,op2> 6.420596786629214E-6
<1417,0,44,op2> 1.7301271952320952E-5
<1418,2,24,op2> 3.1726886053959254E-6
<1419,1,34,op2> 1.43686703818228E-6
<1420,3,14,op2> 7.459434918398436E-6
<1421,2,23,op2> 2.9972403875860125E-6
<1422,1,33,op2> 1.2591102911906577E-6
<1423,0,43,op2> 2.175788753761091E-6
<1424,3,13,op2> 7.286295229770231E-6
<1425,0,46,op2> 1.7661402504667613E-5
<1426,2,26,op2> 3.5235850410157504E-6
<1427,1,36,op2> 1.0813535441990358E-6
<1428,3,16,op2> 7.113155541142028E-6
<1429,0,45,op2> 1.712120667614762E-5
<1430,2,25,op2> 3.3481368232058384E-6
<1431,1,35,op2> 9.035967972074133E-7
<1432,3,15,op2> 6.9400158525138245E-6
<1433,25,26,op2> 4.356706691836907E-4
<1434,23,11,op8> 5.654554808177624E-4
<1435,3,10,op2> 9.883390559193286E-6
<1436,63,13,op7> 6.764169898507486E-4
<1437,0,40,op2> 2.7159845822810863E-6
<1438,1,30,op2> 4.9920019780147265E-6
<1439,2,20,op2> 8.260686921883401E-6
<1440,22,24,op8> 4.002903594056192E-4
<1441,0,41,op2> 2.5359193061077545E-6
<1442,1,31,op2> 5.880785712972836E-6
<1443,3,11,op2> 7.632574607026639E-6
<1444,2,21,op2> 8.085238704073483E-6
<1445,2,22,op2> 2.821792169776099E-6
<1446,0,42,op2> 2.3558540299344228E-6
<1447,1,32,op2> 5.525272218989592E-6
<1448,3,12,op2> 7.805714295654843E-6
<1449,85,1,op8> 5.25216193068162E-4
<1450,1,25,op2> 3.3921912550901256E-6
<1451,0,35,op2> 9.153318205477694E-7
<1452,2,15,op2> 7.032549397214008E-6
<1453,1,24,op2> 3.214434508098503E-6
<1454,0,34,op2> 1.4555276490677644E-6
<1455,2,14,op2> 7.5588940506437476E-6
<1456,1,23,op2> 3.0366777611068814E-6
<1457,0,33,op2> 1.2754623728944325E-6
<1458,2,13,op2> 7.383445832833834E-6
<1459,1,22,op2> 2.858921014115258E-6
<1460,0,32,op2> 5.597029001054392E-6
<1461,2,12,op2> 7.909790486263574E-6
<1462,1,29,op2> 4.103218243056615E-6
<1463,0,39,op2> 1.635592925241096E-6
<1464,2,19,op2> 6.506204743784271E-6
<1465,1,28,op2> 3.925461496064992E-6
<1466,0,38,op2> 1.9957234775877597E-6
<1467,2,18,op2> 6.857101179404096E-6
<1468,1,27,op2> 3.7477047490733703E-6
<1469,0,37,op2> 1.8156582014144277E-6
<1470,2,17,op2> 6.6816529615941824E-6
<1471,1,26,op2> 3.5699480020817473E-6
<1472,0,36,op2> 1.0953970967211011E-6
<1473,2,16,op2> 7.207997615023922E-6
<1474,21,13,op7> 4.2883952951321965E-4
<1475,2,10,op2> 1.001516909998253E-5
<1476,0,30,op2> 5.056833172534399E-6
<1477,1,20,op2> 8.36938017085555E-6
<1478,0,31,op2> 5.957159553401055E-6
<1479,39,6,op1> 6.879332926096536E-4
<1480,2,11,op2> 7.73434226845366E-6
<1481,1,21,op2> 8.191623423863926E-6
<1482,0,22,op2> 2.896049858454417E-6
<1483,1,12,op2> 8.013866676872305E-6
<1484,1,11,op2> 7.836109929880683E-6
<1485,43,3,op8> 3.4584037211141615E-4
<1486,0,21,op2> 8.298008143654366E-6
<1487,0,24,op2> 3.2561804108010816E-6
<1488,1,14,op2> 7.658353182889061E-6
<1489,0,23,op2> 3.0761151346277502E-6
<1490,1,13,op2> 7.480596435897436E-6
<1491,0,26,op2> 3.6163109631477446E-6
<1492,1,16,op2> 7.302839688905815E-6
<1493,0,25,op2> 3.436245686974413E-6
<1494,1,15,op2> 7.125082941914193E-6
<1495,0,28,op2> 3.976441515494408E-6
<1496,1,18,op2> 6.947326194922571E-6
<1497,0,27,op2> 3.796376239321077E-6
<1498,1,17,op2> 6.769569447930948E-6
<1499,0,29,op2> 4.15650679166774E-6
<1500,1,19,op2> 6.5918127009393266E-6
<1501,21,10,op8> 0.0011627820973356309
<1502,87,1,op8> 5.173182052024752E-4
<1503,87,2,op8> 3.9196266859259084E-4
<1504,1,10,op2> 1.0146947640771774E-5
<1505,0,20,op2> 8.478073419827702E-6
<1506,38,2,op7> 2.9932382391388714E-4
<1507,38,3,op7> 1.5686325793238485E-4
<1508,38,3,op8> 3.403508423953619E-4
<1509,39,3,op7> 1.5180315283779176E-4
<1510,89,1,op8> 4.778282658740421E-4
<1511,39,3,op8> 3.2937178296325344E-4
<1512,36,2,op7> 2.751848058563156E-4
<1513,36,3,op7> 1.4421299519590218E-4
<1514,37,3,op7> 1.543332053850883E-4
<1515,37,2,op7> 2.9449602030237284E-4
<1516,60,67,op8> 0.0015734915971105674
<1517,8,88,op2> 1.1665575087472922E-5
<1518,7,98,op2> 8.88014225230875E-6
<1519,8,87,op2> 1.3673995475560087E-5
<1520,9,77,op2> 1.2325622056009999E-5
<1521,7,97,op2> 9.0648245868455E-6
<1522,9,79,op2> 1.1928555036755985E-5
<1523,43,2,op7> 3.0415162752540144E-4
<1524,43,3,op7> 1.5939331047968135E-4
<1525,9,70,op2> 1.4906557681161089E-5
<1526,28,29,op8> 5.109697214532558E-4
<1527,8,80,op2> 1.3071469359133937E-5
<1528,69,10,op8> 0.001630292425130369
<1529,7,90,op2> 1.0357600928602754E-5
<1530,9,72,op2> 1.53036247004151E-5
<1531,8,82,op2> 1.2669785281516507E-5
<1532,7,92,op2> 9.988236259529252E-6
<1533,9,71,op2> 1.5105091190788094E-5
<1534,8,81,op2> 1.3272311397942653E-5
<1535,7,91,op2> 1.0172918594066003E-5
<1536,9,74,op2> 1.570069171966911E-5
<1537,8,84,op2> 1.3874837514368802E-5
<1538,7,94,op2> 9.618871590455752E-6
<1539,9,73,op2> 1.5502158210042108E-5
<1540,8,83,op2> 1.2870627320325222E-5
<1541,7,93,op2> 9.803553924992501E-6
<1542,9,76,op2> 1.6097758738923126E-5
<1543,8,86,op2> 1.3473153436751367E-5
<1544,7,96,op2> 9.249506921382253E-6
<1545,9,75,op2> 1.5899225229296122E-5
<1546,8,85,op2> 1.4075679553177518E-5
<1547,7,95,op2> 9.434189255919E-6
<1548,28,81,op8> 0.001488661368866966
<1549,9,90,op2> 1.113442099824796E-5
<1550,9,88,op2> 1.1531488017501973E-5
<1551,8,98,op2> 9.657154699385764E-6
<1552,42,3,op7> 1.6192336302697788E-4
<1553,42,2,op7> 3.089794311369158E-4
<1554,43,3,op5> 0.0010257195095431275
<1555,9,83,op2> 1.2722689075264016E-5
<1556,8,93,op2> 1.0661364893429342E-5
<1557,9,82,op2> 1.2524155565637006E-5
<1558,8,92,op2> 1.0862206932238062E-5
<1559,9,81,op2> 1.3119756094518029E-5
<1560,8,91,op2> 1.1063048971046777E-5
<1561,9,80,op2> 1.2921222584891018E-5
<1562,8,90,op2> 1.1263891009855492E-5
<1563,9,87,op2> 1.3516823113772041E-5
<1564,8,97,op2> 9.85799673819448E-6
<1565,9,86,op2> 1.331828960414503E-5
<1566,8,96,op2> 1.0058838777003197E-5
<1567,9,85,op2> 1.3913890133026055E-5
<1568,8,95,op2> 1.025968081581191E-5
<1569,9,84,op2> 1.3715356623399048E-5
<1570,8,94,op2> 1.046052285462063E-5
<1571,9,59,op2> 1.6296292248550136E-5
<1572,8,69,op2> 1.4678205669603665E-5
<1573,7,79,op2> 1.1096330266749753E-5
<1574,6,89,op2> 1.104804353136567E-5
<1575,41,2,op7> 3.138072347484301E-4
<1576,9,56,op2> 1.6891892777431154E-5
<1577,7,76,op2> 1.4974659292021512E-5
<1578,8,66,op2> 1.4477363630794948E-5
<1579,6,86,op2> 1.2543970441113344E-5
<1580,5,96,op2> 9.596363430934086E-6
<1581,8,65,op2> 1.7690836251734406E-5
<1582,9,55,op2> 1.7090426287058157E-5
<1583,7,75,op2> 1.4789976957484765E-5
<1584,6,85,op2> 1.3104943032268726E-5
<1585,5,95,op2> 9.787971353015962E-6
<1586,41,3,op7> 1.644534155742744E-4
<1587,9,58,op2> 1.649482575817714E-5
<1588,8,68,op2> 1.487904770841238E-5
<1589,7,78,op2> 1.1281012601286508E-5
<1590,6,88,op2> 1.0861052667647206E-5
<1591,5,98,op2> 9.213147586770328E-6
<1592,9,57,op2> 1.6693359267804147E-5
<1593,8,67,op2> 1.4276521591986235E-5
<1594,27,28,op2> 4.7905695989078025E-4
<1595,6,87,op2> 1.2730961304831807E-5
<1596,7,77,op2> 1.1465694935823255E-5
<1597,5,97,op2> 9.404755508852206E-6
<1598,8,62,op2> 1.7891678290543123E-5
<1599,7,72,op2> 1.4235929953874513E-5
<1600,6,82,op2> 1.1796006986239507E-5
<1601,5,92,op2> 1.0362795119261598E-5
<1602,9,52,op2> 1.9869895421836256E-5
<1603,9,51,op2> 1.9671361912209245E-5
<1604,8,61,op2> 1.849420440696927E-5
<1605,7,71,op2> 1.4051247619337762E-5
<1606,6,81,op2> 1.2356979577394887E-5
<1607,8,64,op2> 1.748999421292569E-5
<1608,7,74,op2> 1.4605294622948012E-5
<1609,6,84,op2> 1.2917952168550266E-5
<1610,5,94,op2> 9.979579275097844E-6
<1611,9,54,op2> 2.026696244109027E-5
<1612,65,13,op7> 6.675749376958368E-4
<1613,8,63,op2> 1.809252032935184E-5
<1614,7,73,op2> 1.4420612288411266E-5
<1615,6,83,op2> 1.1982997849957968E-5
<1616,5,93,op2> 1.0171187197179717E-5
<1617,9,53,op2> 2.0068428931463266E-5
<1618,8,60,op2> 1.8293362368160552E-5
<1619,7,70,op2> 1.3866565284801011E-5
<1620,6,80,op2> 1.2169988713676423E-5
<1621,5,90,op2> 1.0746010963425356E-5
<1622,9,50,op2> 2.0465495950717273E-5
<1623,9,69,op2> 1.4509490661907073E-5
<1624,8,79,op2> 1.2067259165090355E-5
<1625,7,89,op2> 1.0911647932213007E-5
<1626,9,68,op2> 1.4708024171534078E-5
<1627,8,78,op2> 1.2268101203899074E-5
<1628,7,88,op2> 1.0726965597676253E-5
<1629,6,98,op2> 8.99114403046261E-6
<1630,9,67,op2> 1.4112423642653062E-5
<1631,7,87,op2> 1.257378894304376E-5
<1632,8,77,op2> 1.2468943242707788E-5
<1633,6,97,op2> 9.17813489418107E-6
<1634,40,3,op7> 1.6698346812157096E-4
<1635,8,76,op2> 1.6284941980073393E-5
<1636,9,66,op2> 1.4310957152280066E-5
<1637,7,86,op2> 1.2389106608507007E-5
<1638,6,96,op2> 9.36512575789953E-6
<1639,9,65,op2> 1.7487493306312175E-5
<1640,8,75,op2> 1.6084099941264676E-5
<1641,7,85,op2> 1.294315361211726E-5
<1642,6,95,op2> 9.552116621617986E-6
<1643,9,64,op2> 1.7288959796685168E-5
<1644,8,74,op2> 1.588325790245596E-5
<1645,7,84,op2> 1.2758471277580509E-5
<1646,6,94,op2> 9.739107485336449E-6
<1647,9,63,op2> 1.788456032556619E-5
<1648,7,83,op2> 1.1835059604896759E-5
<1649,6,93,op2> 9.926098349054906E-6
<1650,9,62,op2> 1.768602681593918E-5
<1651,8,72,op2> 1.548157382483853E-5
<1652,7,82,op2> 1.1650377270360008E-5
<1653,6,92,op2> 1.011308921277337E-5
<1654,9,61,op2> 1.8281627344820203E-5
<1655,8,71,op2> 1.5280731786029816E-5
<1656,7,81,op2> 1.2204424273970259E-5
<1657,6,91,op2> 1.0300080076491827E-5
<1658,9,60,op2> 1.8083093835193192E-5
<1659,8,70,op2> 1.50798897472211E-5
<1660,7,80,op2> 1.2019741939433506E-5
<1661,6,90,op2> 1.048707094021029E-5
<1662,62,13,op7> 6.719959637732926E-4
<1663,9,95,op2> 1.0141753450112923E-5
<1664,9,96,op2> 9.943219940485921E-6
<1665,9,97,op2> 9.744686430858913E-6
<1666,9,98,op2> 9.546152921231906E-6
<1667,9,91,op2> 1.0935887488620953E-5
<1668,9,92,op2> 1.0737353978993948E-5
<1669,9,93,op2> 1.0538820469366937E-5
<1670,9,94,op2> 1.0340286959739934E-5
<1671,45,2,op7> 7.627929706192608E-4
<1672,45,3,op7> 3.9974830247285173E-4
<1673,105,23,op7> 5.269431666451436E-4
<1674,106,22,op7> 4.960977129878668E-4
<1675,44,2,op7> 7.676207742307751E-4
<1676,44,3,op7> 4.0227835502014815E-4
<1677,2,62,op2> 1.562951206989974E-5
<1678,1,72,op2> 1.3702082580604217E-5
<1679,0,82,op2> 1.1359117838601008E-5
<1680,6,22,op2> 3.007436391471895E-6
<1681,4,42,op2> 2.56727682749264E-6
<1682,5,32,op2> 5.955812911378391E-6
<1683,7,12,op2> 8.326095248698498E-6
<1684,3,52,op2> 1.7328397170206036E-5
<1685,3,51,op2> 1.715525748157783E-5
<1686,2,61,op2> 1.615585672332948E-5
<1687,1,71,op2> 1.3524325833612595E-5
<1688,0,81,op2> 1.1899313667121003E-5
<1689,41,8,op1> 0.0010726800188576168
<1690,4,41,op2> 2.7635018079379376E-6
<1691,5,31,op2> 6.3390287555421485E-6
<1692,7,11,op2> 8.141412914161749E-6
<1693,6,21,op2> 8.617162303025687E-6
<1694,2,60,op2> 1.5980408505519565E-5
<1695,1,70,op2> 1.3346569086620974E-5
<1696,0,80,op2> 1.1719248390947668E-5
<1697,7,10,op2> 1.0542283263139505E-5
<1698,4,40,op2> 2.959726788383235E-6
<1699,5,30,op2> 5.380989145132757E-6
<1700,6,20,op2> 8.80415316674415E-6
<1701,3,50,op2> 1.7847816236090647E-5
<1702,4,46,op2> 1.924640016534291E-5
<1703,3,56,op2> 1.4731301840782984E-5
<1704,1,76,op2> 1.4413109568570705E-5
<1705,2,66,op2> 1.264689236713122E-5
<1706,0,86,op2> 1.2079378943294333E-5
<1707,6,26,op2> 3.7553998463457344E-6
<1708,5,36,op2> 1.165614859331428E-6
<1709,7,16,op2> 7.587365910551496E-6
<1710,4,45,op2> 1.865772522400702E-5
<1711,2,65,op2> 1.545406385208983E-5
<1712,3,55,op2> 1.4904441529411184E-5
<1713,1,75,op2> 1.4235352821579083E-5
<1714,0,85,op2> 1.2619574771814328E-5
<1715,6,25,op2> 3.5684089826272747E-6
<1716,5,35,op2> 9.740069372495494E-7
<1717,7,15,op2> 7.402683576014746E-6
<1718,4,44,op2> 1.885395020445232E-5
<1719,2,64,op2> 1.5278615634279915E-5
<1720,1,74,op2> 1.4057596074587461E-5
<1721,0,84,op2> 1.2439509495640997E-5
<1722,6,24,op2> 3.381418118908815E-6
<1723,5,34,op2> 1.5488307034951848E-6
<1724,7,14,op2> 7.956730579624998E-6
<1725,3,54,op2> 1.7674676547462445E-5
<1726,2,63,op2> 1.5804960287709654E-5
<1727,1,73,op2> 1.387983932759584E-5
<1728,0,83,op2> 1.1539183114774341E-5
<1729,6,23,op2> 3.1944272551903556E-6
<1730,5,33,op2> 1.3572227814133064E-6
<1731,4,43,op2> 2.3710518470473428E-6
<1732,7,13,op2> 7.772048245088247E-6
<1733,3,53,op2> 1.750153685883424E-5
<1734,66,13,op7> 5.968385204565429E-4
<1735,26,27,op8> 4.6669797663420105E-4
<1736,4,49,op2> 1.8265275263116427E-5
<1737,3,59,op2> 1.4211882774898376E-5
<1738,2,69,op2> 1.2822340584941135E-5
<1739,1,79,op2> 1.0680217881746637E-5
<1740,0,89,op2> 1.0638856733907683E-5
<1741,6,29,op2> 4.316372437501115E-6
<1742,5,39,op2> 1.7404386255770636E-6
<1743,7,19,op2> 6.848636572404495E-6
<1744,29,30,op2> 6.092158320120489E-4
<1745,4,47,op2> 1.9050175184897613E-5
<1746,3,57,op2> 1.4558162152154781E-5
<1747,2,67,op2> 1.247144414932131E-5
<1748,0,87,op2> 1.2259444219467667E-5
<1749,1,77,op2> 1.1035731375729883E-5
<1750,6,27,op2> 3.942390710064194E-6
<1751,5,37,op2> 1.932046547658942E-6
<1752,7,17,op2> 7.033318906941244E-6
<1753,4,48,op2> 1.8461500243561725E-5
<1754,3,58,op2> 1.4385022463526577E-5
<1755,2,68,op2> 1.2997788802751047E-5
<1756,1,78,op2> 1.0857974628738261E-5
<1757,0,88,op2> 1.0458791457734346E-5
<1758,6,28,op2> 4.129381573782654E-6
<1759,5,38,op2> 2.123654469740821E-6
<1760,7,18,op2> 7.218001241477996E-6
<1761,4,13,op8> 9.12075140783474E-4
<1762,4,51,op2> 1.944262514578821E-5
<1763,3,61,op2> 1.594327966118041E-5
<1764,2,71,op2> 1.3348685238370874E-5
<1765,1,81,op2> 1.1746758363696373E-5
<1766,0,91,op2> 9.918595629214352E-6
<1767,5,41,op2> 2.698478235986456E-6
<1768,6,31,op2> 6.186281074685711E-6
<1769,8,11,op2> 8.8537865441509E-6
<1770,7,21,op2> 8.510777583235248E-6
<1771,3,60,op2> 1.5770139972552205E-5
<1772,2,70,op2> 1.3173237020560962E-5
<1773,1,80,op2> 1.1569001616704748E-5
<1774,8,10,op2> 1.146473304866421E-5
<1775,0,90,op2> 1.0098660905387686E-5
<1776,5,40,op2> 2.8900861580683353E-6
<1777,6,30,op2> 5.2513267560934134E-6
<1778,7,20,op2> 8.695459917772002E-6
<1779,4,50,op2> 2.0227525067569398E-5
<1780,3,63,op2> 1.5597000283924E-5
<1781,2,73,op2> 1.36995816739907E-5
<1782,1,83,op2> 1.139124486971313E-5
<1783,0,93,op2> 9.558465076867689E-6
<1784,7,23,op2> 3.1549898816694867E-6
<1785,6,33,op2> 1.3245186180057566E-6
<1786,5,43,op2> 2.3152623918226995E-6
<1787,8,13,op2> 8.452102466533467E-6
<1788,4,53,op2> 1.983507510667881E-5
<1789,3,62,op2> 1.5423860595295796E-5
<1790,2,72,op2> 1.3524133456180787E-5
<1791,1,82,op2> 1.1213488122721507E-5
<1792,0,92,op2> 9.738530353041022E-6
<1793,7,22,op2> 2.9703075471327353E-6
<1794,5,42,op2> 2.5068703139045777E-6
<1795,6,32,op2> 5.812299347248791E-6
<1796,8,12,op2> 9.054628582959616E-6
<1797,4,52,op2> 1.9638850126233506E-5
<1798,5,45,op2> 1.8218719924618618E-5
<1799,3,65,op2> 1.5250720906667595E-5
<1800,4,55,op2> 1.6891700399999342E-5
<1801,2,75,op2> 1.4050478109610526E-5
<1802,1,85,op2> 1.2457785351662864E-5
<1803,7,25,op2> 3.5243545507429874E-6
<1804,6,35,op2> 9.505368905688375E-7
<1805,8,15,op2> 8.050418388916036E-6
<1806,0,95,op2> 9.198334524521025E-6
<1807,5,44,op2> 1.84103278467005E-5
<1808,3,64,op2> 1.507758121803939E-5
<1809,2,74,op2> 1.3875029891800612E-5
<1810,1,84,op2> 1.228002860467124E-5
<1811,0,94,op2> 9.378399800694359E-6
<1812,7,24,op2> 3.3396722162062373E-6
<1813,6,34,op2> 1.5115094817242168E-6
<1814,8,14,op2> 8.652944505342184E-6
<1815,4,54,op2> 2.0031300087124104E-5
<1816,5,47,op2> 1.8601935768782375E-5
<1817,4,57,op2> 1.649925043910875E-5
<1818,3,67,op2> 1.2307346199988135E-5
<1819,1,87,op2> 1.2102271857679618E-5
<1820,2,77,op2> 1.0892410189032092E-5
<1821,7,27,op2> 3.893719219816489E-6
<1822,6,37,op2> 1.8854912091611361E-6
<1823,8,17,op2> 7.648734311298603E-6
<1824,0,97,op2> 8.838203972174363E-6
<1825,5,46,op2> 1.8793543690864253E-5
<1826,4,56,op2> 1.669547541955405E-5
<1827,2,76,op2> 1.4225926327420437E-5
<1828,3,66,op2> 1.2480485888616335E-5
<1829,1,86,op2> 1.1924515110687992E-5
<1830,7,26,op2> 3.709036885279738E-6
<1831,6,36,op2> 1.1375277542872973E-6

