<0,96,5,op7> 0.005965233293721467
<1,123,46,op5> 0.0040898577009232774
<2,75,0,op5> 0.002278427919867692
<3,98,5,op7> 0.005872389195764712
<4,82,34,op4> 0.003346962344112681
<5,105,45,op5> 0.0026967191669265054
<6,51,45,op4> 0.01066957941585832
<7,100,0,op5> 0.0016019199100470328
<8,52,45,op4> 0.010720752458620232
<9,83,47,op5> 0.0010484317052883165
<10,130,1,op2> 0.00764553446444001
<11,90,0,op5> 0.001716798628695824
<12,16,0,op5> 0.0021169510713139523
<13,93,5,op7> 0.0061044994406566
<14,53,45,op4> 0.01077192550138214
<15,102,44,op5> 0.007506035815199867
<16,121,0,op4> 0.010379756482596416
<17,79,47,op5> 9.659321612656293E-4
<18,107,44,op5> 0.007199667006416199
<19,51,2,op6> 0.004991754449547906
<20,21,4,op1> 0.0016985846419079074
<21,47,45,op4> 0.0105672333303345
<22,113,44,op5> 0.008976606097361473
<23,45,47,op5> 0.001405929729386628
<24,60,6,op7> 7.212934816826618E-4
<25,99,5,op7> 0.005733123048829581
<26,50,45,op4> 0.011027790715191693
<27,123,0,op4> 0.010503693873433388
<28,87,5,op7> 0.0072650506651160286
<29,72,0,op3> 1.1707266115046823E-4
<30,92,0,op5> 0.0016912700245516482
<31,143,1,op2> 0.007722181426489536
<32,81,0,op5> 0.0019720846701375824
<33,125,0,op4> 0.009884006919248529
<34,136,1,op2> 0.00726229965419239
<35,4,0,op5> 0.001980373582842084
<36,91,31,op7> 0.002029484792064738
<37,49,45,op4> 0.010362541159286857
<38,53,3,op2> 8.080850508169731E-4
<39,84,0,op5> 0.0020103775763538455
<40,53,1,op2> 8.736793277716765E-4
<41,134,1,op2> 0.006917388324969534
<42,51,0,op5> 0.0026613569820303296
<43,77,47,op5> 9.934320092731918E-4
<44,105,44,op5> 0.007322214529929666
<45,46,0,op5> 0.0026485926799582416
<46,53,2,op2> 8.299498098018742E-4
<47,137,1,op2> 0.007338946616241916
<48,53,0,op2> 8.955440867565778E-4
<49,127,0,op4> 0.010131881700922473
<50,21,15,op3> 5.747902728436759E-4
<51,126,0,op4> 0.0100079443100855
<52,114,45,op5> 0.003193186293892054
<53,70,6,op7> 6.268167536033209E-4
<54,42,45,op4> 0.004119429942333788
<55,91,5,op7> 0.006197343538613353
<56,135,1,op2> 0.006955711805994296
<57,44,0,op2> 8.742722557172289E-4
<58,52,2,op2> 8.260070553610103E-4
<59,62,0,op3> 1.304142749567894E-4
<60,116,0,op4> 0.008582664315460321
<61,120,0,op4> 0.010751568655107333
<62,76,0,op5> 0.0022911922219397804
<63,80,6,op7> 5.577760676991869E-4
<64,61,6,op7> 7.285609223041498E-4
<65,73,0,op3> 1.1773974184078428E-4
<66,22,19,op3> 1.8981446219488833E-4
<67,92,31,op7> 0.002014282658790845
<68,82,0,op5> 0.0019337917639213182
<69,52,2,op6> 0.005015695717891061
<70,104,45,op5> 0.0027192858545158484
<71,54,2,op2> 8.338925642427381E-4
<72,54,3,op2> 8.119239346688352E-4
<73,133,1,op2> 0.0070323587680438185
<74,124,0,op4> 0.010565662568851875
<75,140,1,op2> 0.008143739717761915
<76,10,3,op2> 0.0012683305687536687
<77,42,2,op6> 0.0019272721016240113
<78,89,5,op7> 0.006383031734526862
<79,76,42,op4> 0.007380121988901183
<80,54,0,op2> 8.997984529644475E-4
<81,17,6,op3> 0.0028204825016282693
<82,79,31,op4> 0.015782537915543897
<83,54,1,op2> 8.778298233905442E-4
<84,111,45,op5> 0.0033511531070174565
<85,106,1,op2> 0.004541332501434292
<86,93,47,op5> 9.040575032486141E-4
<87,63,0,op3> 1.3108135564710548E-4
<88,43,45,op4> 0.004068256899571878
<89,71,6,op7> 6.340841942248086E-4
<90,81,6,op7> 5.614097880099308E-4
<91,108,44,op5> 0.007138393244659464
<92,52,0,op5> 0.0026741212841024176
<93,87,0,op5> 0.001997613274281758
<94,115,44,op5> 0.008792784812091272
<95,46,45,op4> 0.010618406373096408
<96,51,3,op2> 8.004072831132489E-4
<97,29,26,op3> 0.002114693515438826
<98,79,0,op5> 0.0017933844411283512
<99,109,44,op5> 0.007077119482902732
<100,62,6,op7> 7.103923207504304E-4
<101,101,31,op7> 0.0018926655925996995
<102,86,38,op4> 0.00569963880357264
<103,26,23,op3> 0.0019222056101144325
<104,83,0,op5> 0.0019465560659934066
<105,115,45,op5> 0.00323831966907074
<106,70,0,op3> 1.1507141907952009E-4
<107,51,1,op2> 8.65378336533941E-4
<108,54,47,op5> 0.0014540544633998623
<109,51,2,op2> 8.220643009201463E-4
<110,117,0,op4> 0.008644633010878807
<111,81,37,op4> 0.005027445529441223
<112,122,0,op4> 0.010441725178014902
<113,51,0,op2> 8.870353543408385E-4
<114,129,1,op2> 0.006572476995746676
<115,64,0,op3> 1.290801135761573E-4
<116,90,31,op7> 0.0020446869253386312
<117,82,6,op7> 5.505086270776991E-4
<118,127,46,op5> 0.003945083976996791
<119,119,0,op4> 0.009326288660482154
<120,45,45,op4> 0.010464887244810678
<121,106,45,op5> 0.0026741524793371615
<122,78,32,op4> 0.01511034464141248
<123,50,2,op6> 0.005159343327949994
<124,20,16,op3> 7.031155430599384E-4
<125,46,47,op5> 0.0014265546153922996
<126,71,0,op3> 1.164055804601522E-4
<127,52,0,op2> 8.912897205487081E-4
<128,52,1,op2> 8.695288321528088E-4
<129,52,3,op2> 8.04246166965111E-4
<130,113,1,op2> 0.005614389970127627
<131,50,0,op5> 0.0027507070965349448
<132,128,1,op2> 0.006342536109598105
<133,65,0,op3> 1.2974719426647337E-4
<134,63,6,op7> 7.14026041061174E-4
<135,114,1,op2> 0.005422772565003818
<136,114,44,op5> 0.008670237288577805
<137,83,6,op7> 5.54142347388443E-4
<138,74,6,op7> 6.449853551570403E-4
<139,85,0,op5> 0.002023141878425934
<140,98,47,op5> 8.69682693239161E-4
<141,100,5,op7> 0.005825967146786335
<142,101,0,op5> 0.0015891556079749448
<143,1,32,op7> 0.004213556982578298
<144,49,0,op5> 0.002584771169597802
<145,110,44,op5> 0.009037879859118206
<146,47,47,op5> 0.001419679653390409
<147,84,6,op7> 5.723109489421624E-4
<148,49,2,op6> 0.004848106839488973
<149,97,5,op7> 0.00591881124474309
<150,1,30,op4> 1.5248379979585254E-4
<151,24,21,op3> 0.0012164166239249884
<152,119,46,op5> 0.003631407575156067
<153,50,1,op2> 8.944318058660157E-4
<154,75,6,op7> 6.486190754677841E-4
<155,95,5,op7> 0.006011655342699843
<156,50,0,op2> 9.168159177959266E-4
<157,0,30,op4> 1.541146425744178E-4
<158,118,0,op4> 0.009264319965063668
<159,86,0,op5> 0.00198484897220967
<160,48,47,op5> 0.0013990547673847372
<161,116,46,op5> 0.003341860127303092
<162,47,2,op6> 0.004943871912861595
<163,50,3,op2> 8.272794700762837E-4
<164,50,2,op2> 8.496635820061944E-4
<165,139,1,op2> 0.007185652692142867
<166,85,6,op7> 5.759446692529063E-4
<167,10,0,op5> 0.0026437499554197285
<168,48,45,op4> 0.010413714202048768
<169,112,45,op5> 0.003283453044249427
<170,118,46,op5> 0.0036072786211683193
<171,25,22,op3> 0.0018580429750063012
<172,132,1,op2> 0.006994035287019057
<173,20,6,op7> 4.1606097558017524E-4
<174,142,1,op2> 0.008182063198786678
<175,86,6,op7> 5.650435083206746E-4
<176,49,47,op5> 0.0013921798053828467
<177,64,6,op7> 7.031248801289424E-4
<178,60,0,op3> 1.3241551702773756E-4
<179,72,6,op7> 6.377179145355524E-4
<180,10,30,op4> 2.2097919649559378E-4
<181,39,12,op3> 0.0011522539888168572
<182,101,5,op7> 0.005779545097807958
<183,88,0,op5> 0.0017423272328399998
<184,12,30,op4> 1.8346981258859262E-4
<185,131,1,op2> 0.007568887502390487
<186,111,44,op5> 0.00909915362087494
<187,54,45,op4> 0.01082309854414405
<188,141,1,op2> 0.00822038667981144
<189,74,0,op5> 0.002265663617795604
<190,10,32,op7> 0.006106277766196356
<191,73,6,op7> 6.413516348462964E-4
<192,11,30,op4> 1.8183896981002732E-4
<193,61,0,op3> 1.3374967840836972E-4
<194,23,20,op3> 0.0012805792590331196
<195,58,6,op7> 6.776888379537352E-4
<196,1,3,op2> 8.751948943060369E-4
<197,68,6,op7> 6.050144317388575E-4
<198,2,0,op1> 2.5616510742975393E-4
<199,38,6,op7> 2.852470443933953E-4
<200,24,6,op7> 3.1068308656860246E-4
<201,0,0,op5> 0.0018437960943702167
<202,88,5,op7> 0.006336609685548484
<203,19,6,op7> 3.797237724727363E-4
<204,54,0,op5> 0.002699649888246593
<205,18,6,op7> 3.869912130942241E-4
<206,25,1,op6> 1.299586504607157E-4
<207,12,32,op7> 0.005069787813262658
<208,138,1,op2> 0.007109005730093343
<209,26,4,op4> 1.2949510509493753E-4
<210,39,1,op6> 1.1493452902017053E-4
<211,89,0,op5> 0.0017550915349120876
<212,112,44,op5> 0.00891533233560474
<213,19,1,op6> 1.5700206905369698E-4
<214,78,6,op7> 5.178051442810041E-4
<215,28,1,op1> 4.381603245939746E-4
<216,0,3,op2> 8.84555267507171E-4
<217,51,47,op5> 0.0014334295773941904
<218,59,6,op7> 6.704213973322475E-4
<219,1,0,op1> 2.58934459942508E-4
<220,69,6,op7> 5.977469911173696E-4
<221,9,2,op2> 0.0020021287197276535
<222,39,6,op7> 2.779796037719075E-4
<223,25,6,op7> 3.1431680687934636E-4
<224,26,1,op6> 1.3146106260477023E-4
<225,27,4,op4> 1.309750491531654E-4
<226,113,45,op5> 0.00330601973183877
<227,99,0,op5> 0.0015763913059028568
<228,79,6,op7> 5.105377036595164E-4
<229,29,1,op1> 4.430559706788235E-4
<230,45,0,op5> 0.0026102997737419776
<231,96,0,op5> 0.0016402128162632964
<232,3,3,op2> 8.56474147903769E-4
<233,56,6,op7> 6.922237191967108E-4
<234,117,46,op5> 0.0033659890812908397
<235,36,6,op7> 2.6707844283967576E-4
<236,1,1,op6> 1.4047553546909733E-4
<237,17,1,op6> 1.5850448119775153E-4
<238,18,4,op4> 1.5761404220126685E-4
<239,26,6,op7> 3.1795052719009025E-4
<240,19,5,op3> 0.0029488077718445326
<241,44,2,op6> 0.004919930644518439
<242,11,0,op5> 0.002175484280659038
<243,4,0,op1> 2.810892800445408E-4
<244,27,1,op6> 1.3296347474882475E-4
<245,28,4,op4> 1.3245499321139323E-4
<246,126,46,op5> 0.003896826069021294
<247,80,36,op4> 0.0020025757958498465
<248,2,0,op5> 0.0018047739548068256
<249,75,40,op4> 0.0080523152630326
<250,77,0,op5> 0.0018444416494167032
<251,59,0,op3> 1.230763873633128E-4
<252,18,8,op3> 0.003205458312277057
<253,53,2,op6> 0.005039636986234217
<254,76,6,op7> 6.522527957785281E-4
<255,98,0,op5> 0.0016146842121191208
<256,37,1,op6> 1.1643694116422505E-4
<257,44,45,op4> 0.010516060287572588
<258,4,1,op2> 8.053737004030393E-4
<259,38,4,op4> 1.1617560857088682E-4
<260,57,6,op7> 6.84956278575223E-4
<261,2,1,op2> 7.339612540618832E-4
<262,27,6,op7> 3.2158424750083415E-4
<263,0,1,op6> 1.4197794761315182E-4
<264,37,6,op7> 2.8161332408265134E-4
<265,3,0,op1> 2.5339575491699985E-4
<266,5,0,op1> 2.755505750190326E-4
<267,84,41,op4> 0.0077162186259668916
<268,17,6,op7> 3.833574927834803E-4
<269,125,46,op5> 0.003848568161045799
<270,1,0,op5> 0.0018242850245885206
<271,104,44,op5> 0.0073834882916864
<272,78,0,op5> 0.0018189130452725272
<273,28,1,op6> 1.3446588689287924E-4
<274,87,31,op7> 0.002379133857364281
<275,44,47,op5> 0.0014128046913885182
<276,29,4,op4> 1.3393493726962112E-4
<277,18,1,op6> 1.6000689334180605E-4
<278,19,4,op4> 1.546541540848111E-4
<279,97,0,op5> 0.0016274485141912086
<280,77,6,op7> 5.250725849024919E-4
<281,49,1,op2> 8.404753628207339E-4
<282,38,1,op6> 1.1793935330827956E-4
<283,39,4,op4> 1.132157204544311E-4
<284,18,0,op1> 2.9493604260831134E-4
<285,29,1,op6> 1.359682990369338E-4
<286,56,0,op3> 1.2707887150520912E-4
<287,18,4,op1> 0.0015938261177373756
<288,28,6,op7> 3.25217967811578E-4
<289,66,0,op3> 1.0840061217635948E-4
<290,15,1,op6> 1.6150930548586054E-4
<291,102,45,op5> 0.0027644192296945344
<292,110,45,op5> 0.003328586419428113
<293,15,0,op5> 0.002097440001532257
<294,124,46,op5> 0.0041139866549110265
<295,19,0,op1> 2.8939733758280307E-4
<296,94,5,op7> 0.0060580773916782205
<297,57,0,op3> 1.2574471012457701E-4
<298,19,4,op1> 0.0015638951108315094
<299,65,6,op7> 7.067586004396863E-4
<300,13,0,op5> 0.0021364621410956477
<301,55,6,op7> 6.994911598181985E-4
<302,29,6,op7> 3.288516881223219E-4
<303,67,0,op3> 1.0706645079572737E-4
<304,16,1,op6> 1.6301171762991506E-4
<305,17,4,op4> 1.5613409814303896E-4
<306,58,0,op3> 1.244105487439449E-4
<307,103,44,op5> 0.007444762053443133
<308,95,0,op5> 0.0016529771183353844
<309,66,6,op7> 5.904795504958818E-4
<310,53,0,op5> 0.002686885586174505
<311,48,0,op2> 8.657635233014898E-4
<312,16,0,op1> 3.004747476338195E-4
<313,83,35,op4> 0.0013303825217184295
<314,13,1,op6> 1.645141297739696E-4
<315,68,0,op3> 1.1106893493762373E-4
<316,69,0,op3> 1.0973477355699159E-4
<317,15,1,op2> 8.529819979638102E-4
<318,94,0,op5> 0.0016657414204074726
<319,47,2,op2> 8.141787920384183E-4
<320,16,2,op2> 0.002119326498443418
<321,0,0,op1> 2.6170381245526215E-4
<322,122,46,op5> 0.004065728746935529
<323,14,0,op5> 0.002155973210877343
<324,35,1,op6> 1.0892488044395246E-4
<325,0,32,op7> 0.004258621763140632
<326,75,47,op5> 0.0012271807173374722
<327,92,5,op7> 0.006150921489634976
<328,55,0,op3> 1.2841303288584123E-4
<329,4,1,op6> 1.5249483262153347E-4
<330,17,4,op1> 0.0015788606142844422
<331,46,2,op6> 0.00496781318120475
<332,17,0,op1> 2.9216669009555715E-4
<333,67,6,op7> 5.832121098743941E-4
<334,14,1,op6> 1.660165419180241E-4
<335,93,0,op5> 0.0016785057224795602
<336,54,2,op6> 0.005063578254577371
<337,121,46,op5> 0.004041599792947782
<338,9,1,op6> 1.53997244765588E-4
<339,91,0,op5> 0.0017040343266237362
<340,30,1,op6> 1.4348035975720634E-4
<341,111,1,op2> 0.0056910369321771515
<342,40,18,op3> 4.464650026274133E-4
<343,31,4,op4> 1.4873437785189967E-4
<344,46,1,op2> 8.61227840915073E-4
<345,103,45,op5> 0.002741852542105192
<346,46,2,op2> 8.181215464792822E-4

