<0,98,22,op3> 0.0012830626744569668
<1,47,2,op2> 0.00443136591259073
<2,71,0,op7> 0.005049874210816391
<3,82,5,op2> 0.0024596881425256356
<4,43,2,op2> 0.0017375264520492532
<5,104,1,op7> 1.2132216465172112E-4
<6,73,23,op5> 0.0019457348800435016
<7,69,23,op5> 0.0018788711384612506
<8,63,0,op6> 0.002717636035065285
<9,79,5,op2> 0.002327750847524261
<10,79,4,op7> 0.00362677977681186
<11,60,23,op5> 0.0021195806081573537
<12,37,23,op5> 8.357967697781365E-4
<13,85,1,op4> 0.0020682165513025014
<14,51,1,op6> 0.0035877290703077882
<15,20,3,op1> 0.003023820517953977
<16,18,3,op1> 0.002780699270279285
<17,22,0,op7> 8.259168925729886E-4
<18,32,0,op4> 4.888726386163179E-4
<19,61,0,op6> 0.002752145699002622
<20,70,0,op7> 0.005014683449765404
<21,91,23,op5> 0.0015846706754993466
<22,62,0,op4> 9.162702747719015E-4
<23,109,22,op3> 0.0011564825002952932
<24,16,2,op8> 0.0028762144334686214
<25,93,22,op7> 0.0029696815888620564
<26,111,22,op3> 0.0014901938685397058
<27,12,2,op8> 0.002999261040248028
<28,111,1,op7> 1.4892151964358182E-4
<29,113,0,op8> 0.052752015981177035
<30,50,1,op6> 0.0036739207596845516
<31,104,0,op7> 1.3563042977035163E-4
<32,78,5,op2> 0.002346599032524457
<33,76,22,op3> 0.004762252901827418
<34,63,6,op2> 0.004230228431209691
<35,90,1,op4> 0.001797468202768356
<36,94,22,op7> 0.0029441907597731114
<37,103,22,op7> 0.002714773297972609
<38,52,0,op4> 9.806726583021948E-4
<39,62,0,op6> 0.0027003812030966167
<40,84,4,op7> 0.004008546069107844
<41,64,6,op2> 0.004149652651567602
<42,27,0,op1> 7.349207253990062E-4
<43,6,2,op1> 0.004329958062702024
<44,80,22,op3> 0.004249148212068236
<45,56,0,op6> 0.0026313618752219427
<46,58,0,op6> 0.002596852211284606
<47,81,1,op4> 0.0020080502516282473
<48,106,0,op4> 7.831486508148047E-5
<49,77,4,op7> 0.0036855130525497042
<50,87,5,op2> 0.0025539290675266183
<51,30,23,op5> 0.0010765062394742398
<52,56,23,op5> 0.0020393441182586527
<53,85,4,op7> 0.004037912706976767
<54,41,0,op4> 3.893416822513191E-4
<55,75,23,op5> 0.001972480376676402
<56,111,22,op7> 0.0033010623670183363
<57,42,3,op3> 0.0011474787035962342
<58,50,0,op4> 9.982369447195476E-4
<59,25,3,op1> 0.0021728961510925566
<60,108,22,op3> 0.001167989788855445
<61,45,2,op2> 0.004377489123379901
<62,106,1,op4> 7.005307711684079E-5
<63,64,0,op4> 9.045607504936663E-4
<64,57,23,op5> 0.0020259713699422024
<65,91,5,op2> 0.002233509922523279
<66,102,22,op3> 0.001237033520216358
<67,20,1,op6> 7.854082343960643E-4
<68,83,5,op2> 0.002478536327525832
<69,91,22,op3> 0.00380018160852895
<70,80,1,op4> 0.001993008676709683
<71,40,2,op2> 0.001818341635865497
<72,52,1,op6> 0.0036092769926519795
<73,36,7,op5> 0.0036192927632512804
<74,82,1,op4> 0.001962925526872556
<75,80,23,op5> 0.0017718891519296492
<76,35,6,op5> 0.003800635198153223
<77,92,22,op1> 4.2187608704901934E-5
<78,104,22,op7> 0.0026892824688836644
<79,29,2,op8> 0.0027225959640388383
<80,81,22,op3> 0.0042812172551781845
<81,62,23,op5> 0.0020928351115244537
<82,52,3,op3> 0.002934392104616324
<83,80,4,op7> 0.003891079517632158
<84,86,5,op2> 0.0025350808825264216
<85,90,23,op5> 0.0015980434238157966
<86,89,4,op7> 0.003597413138942938
<87,107,1,op1> 2.1096332827650545E-4
<88,12,3,op1> 0.0029630402060353035
<89,90,22,op3> 0.0038322506516388984
<90,72,0,op4> 8.460131291024905E-4
<91,30,2,op8> 0.0029029003325182316
<92,58,6,op2> 0.004042218278711483
<93,79,1,op4> 0.0018576345024426105
<94,33,2,op8> 0.0021456219849047805
<95,103,0,op7> 1.3691602626106586E-4
<96,87,1,op4> 0.0020381334014653745
<97,90,5,op2> 0.002252358107523475
<98,27,3,op1> 0.002233676463011229
<99,49,2,op2> 0.00432361233416907
<100,49,3,op3> 0.002811760792781612
<101,63,0,op4> 9.22125036911019E-4
<102,103,1,op7> 1.2247213777638198E-4
<103,86,22,op3> 0.004313286298288133
<104,105,0,op4> 7.907153044458657E-5
<105,4,2,op1> 0.004539895423317879
<106,107,0,op7> 1.317736402982089E-4
<107,83,4,op7> 0.003861712879763235
<108,92,22,op7> 0.002995172417951
<109,53,0,op4> 9.865274204413123E-4
<110,80,5,op2> 0.002497384512526029
<111,16,3,op1> 0.002841479582197958
<112,105,1,op4> 7.072991844164116E-5
<113,83,1,op4> 0.0019779671017911196
<114,76,23,op5> 0.001985853124992852
<115,7,2,op1> 0.004277473722548061
<116,53,3,op3> 0.0029519108634498544
<117,73,0,op4> 8.51867891241608E-4
<118,1,2,op1> 0.004120020702086168
<119,84,5,op2> 0.002572777252526814
<120,90,4,op7> 0.003509313225336172
<121,10,2,op1> 0.006324362988552653
<122,30,13,op5> 0.0016245259793299066
<123,81,4,op7> 0.00392044615550108
<124,106,1,op1> 2.1302150708895918E-4
<125,48,3,op3> 0.002829279551615142
<126,28,1,op6> 5.880694820352442E-4
<127,106,1,op7> 1.1902221840239938E-4
<128,108,0,op4> 7.680153435526828E-5
<129,70,0,op4> 8.343036048242552E-4
<130,48,0,op4> 9.455440854674894E-4
<131,108,1,op4> 6.869939446723997E-5
<132,50,3,op3> 0.002986948381116915
<133,17,2,op8> 0.002783929478384067
<134,5,2,op1> 0.004434926743009952
<135,112,1,op7> 1.4547160026959924E-4
<136,112,22,op7> 0.0032245898797515025
<137,94,22,op1> 4.1469521748222763E-5
<138,89,22,op3> 0.003928457780968746
<139,46,3,op3> 0.0028993545869492633
<140,38,23,op5> 8.491695180945866E-4
<141,62,6,op2> 0.004203369837995662
<142,69,4,op5> 0.0041633200679571086
<143,112,0,op7> 1.6262795607535052E-4
<144,109,1,op1> 2.0684697065159806E-4
<145,67,0,op7> 0.004873920405561462
<146,33,8,op5> 0.004526004937760996
<147,55,23,op5> 0.002052716866575103
<148,34,9,op5> 0.004344662502859052
<149,9,2,op1> 0.004592379763471844
<150,85,5,op2> 0.002591625437527011
<151,84,1,op4> 0.0020531749763839377
<152,106,0,op7> 1.3305923678892315E-4
<153,60,6,op2> 0.004257087024423721
<154,82,4,op7> 0.003832346241894313
<155,25,0,op7> 8.620884353134115E-4
<156,93,22,op3> 0.001340599117257728
<157,52,23,op5> 0.002239935343005406
<158,103,22,op3> 0.0012255262316562062
<159,105,0,op7> 1.3434483327963738E-4
<160,65,0,op4> 9.104155126327838E-4
<161,66,23,op5> 0.0018654983901448003
<162,105,1,op7> 1.2017219152706024E-4
<163,64,0,op6> 0.00266587153915928
<164,87,4,op7> 0.003979179431238923
<165,22,2,op8> 0.0021071731410973325
<166,60,0,op6> 0.0027348908670339536
<167,112,0,op4> 9.571816843292059E-5
<168,112,1,op4> 8.562042758724982E-5
<169,107,0,op4> 7.755819971837438E-5
<170,107,1,op4> 6.937623579204037E-5
<171,91,4,op7> 0.0034799465874672504
<172,57,6,op2> 0.004069076871925513
<173,54,3,op3> 0.0029694296222833845
<174,16,0,op7> 0.0011273464154098458
<175,51,0,op4> 9.748178961630772E-4
<176,111,0,op7> 1.6648474554749315E-4
<177,51,3,op3> 0.0029168733457827934
<178,108,22,op7> 0.002587319152527885
<179,93,22,op1> 4.182856522656235E-5
<180,71,0,op4> 8.401583669633729E-4
<181,108,1,op1> 2.0890514946405174E-4
<182,92,22,op3> 0.00135210640581788
<183,44,3,op3> 0.0028643170692822027
<184,11,2,op1> 0.005064738824857518
<185,74,0,op7> 0.005155446493969346
<186,105,22,op7> 0.00266379163979472
<187,13,3,op1> 0.002871869738157295
<188,100,1,op7> 1.270720302750254E-4
<189,100,0,op7> 1.4205841222392278E-4
<190,49,23,op5> 0.0021463261047902546
<191,103,1,op1> 2.1919604352632036E-4
<192,84,23,op5> 0.00182538014519545
<193,85,22,op3> 0.00440949342761798
<194,65,0,op7> 0.005472163343428213
<195,22,0,op1> 6.849261182290057E-4
<196,8,2,op1> 0.004644864103625807
<197,86,1,op4> 0.0020230918265468105
<198,77,5,op2> 0.002365447217524654
<199,23,3,op1> 0.002112115839173883
<200,39,23,op5> 8.224240214616863E-4
<201,24,3,op1> 0.0021425059951332196
<202,76,1,op4> 0.0022336738754067014
<203,101,1,op4> 7.411412506564313E-5
<204,101,0,op4> 8.285485726011702E-5
<205,20,0,op7> 0.0011996895008906914
<206,28,0,op1> 7.449196468330061E-4
<207,46,23,op5> 0.0022131898463725055
<208,23,0,op7> 8.379740734864628E-4
<209,75,0,op7> 0.005190637255020331
<210,82,22,op3> 0.004185010125848336
<211,102,1,op1> 2.2125422233877404E-4
<212,88,5,op2> 0.002290054477523868
<213,77,1,op4> 0.001887717652279738
<214,100,0,op4> 8.361152262322311E-5
<215,100,1,op4> 7.479096639044352E-5
<216,28,2,op8> 0.0022917430512664418
<217,72,0,op7> 0.005085064971867376
<218,113,3,op1> 0.003874744884815398
<219,73,0,op7> 0.005120255732918361
<220,69,0,op4> 8.225940805460201E-4
<221,20,2,op8> 0.003060784343637731
<222,61,6,op2> 0.00428394561763775
<223,38,12,op5> 0.0021685532840357356
<224,21,3,op1> 0.00299343036199464
<225,104,1,op4> 7.140675976644157E-5
<226,12,1,op6> 7.696211342071987E-4
<227,104,0,op4> 7.982819580769266E-5
<228,60,0,op4> 9.279797990501364E-4
<229,102,0,op7> 1.382016227517801E-4
<230,0,2,op1> 0.004172505042240132
<231,86,4,op7> 0.003949812793370001
<232,102,1,op7> 1.2362211090104281E-4
<233,105,1,op1> 2.150796859014129E-4
<234,88,1,op4> 0.0018275513526054832
<235,48,23,op5> 0.002159698853106705
<236,89,5,op2> 0.002308902662524064
<237,18,2,op8> 0.002814691130078919
<238,103,1,op4> 7.208360109124196E-5
<239,74,0,op4> 8.577226533807256E-4
<240,61,0,op4> 9.338345611892541E-4
<241,39,2,op2> 0.0016567112682330087
<242,103,0,op4> 8.058486117079876E-5
<243,101,1,op7> 1.2592205715036456E-4
<244,96,22,op7> 0.0028932091015952217
<245,101,0,op7> 1.4077281573320852E-4
<246,104,1,op1> 2.1713786471386662E-4
<247,12,0,op1> 9.748948398150079E-4
<248,89,1,op4> 0.0018425929275240468
<249,102,0,op4> 8.134152653390483E-5
<250,102,1,op4> 7.276044241604235E-5
<251,75,0,op4> 8.635774155198431E-4
<252,24,2,op8> 0.0021686964444870356
<253,76,5,op2> 0.0027989554725291713
<254,24,0,op7> 8.500312543999372E-4
<255,68,0,op7> 0.004979492688714419
<256,0,0,op4> 4.156186420134903E-5
<257,54,1,op6> 0.0036523728373403603
<258,19,0,op7> 0.0010791176917559484
<259,88,4,op7> 0.003568046501074016
<260,2,2,op1> 0.004067536361932204
<261,92,1,op1> 2.4183601046331115E-4
<262,25,1,op6> 5.643888317519457E-4
<263,17,3,op1> 0.0027503091143199487
<264,28,3,op1> 0.0022640666189705652
<265,99,0,op7> 1.3948721924249432E-4
<266,87,22,op3> 0.004345355341398083
<267,99,1,op7> 1.247720840257037E-4
<268,38,2,op8> 0.002289865479688295
<269,50,23,op5> 0.0022800535879547563
<270,5,1,op6> 6.670049829795721E-4
<271,75,22,op3> 0.004730183858717469
<272,59,0,op6> 0.002579597379315937
<273,78,4,op7> 0.003656146414680782
<274,19,1,op6> 7.064727334517362E-4
<275,69,0,op7> 0.004944301927663434
<276,19,2,op8> 0.0027531678266892153
<277,25,2,op8> 0.0021994580961818876
<278,26,1,op6> 5.722823818463784E-4
<279,98,1,op7> 1.282220033996863E-4
<280,98,0,op7> 1.43344008714637E-4
<281,2,0,op4> 4.051628271200692E-5
<282,15,0,op7> 0.0011152892344963715
<283,78,1,op4> 0.0018726760773611743
<284,38,0,op4> 3.717773958339664E-4
<285,26,0,op7> 8.741456162268857E-4
<286,1,1,op6> 6.196436824129753E-4
<287,17,1,op6> 7.143662835461691E-4
<288,99,0,op4> 8.209819189701094E-5
<289,99,1,op4> 7.343728374084275E-5
<290,31,2,op8> 0.003083204700997625
<291,97,0,op7> 1.4462960520535123E-4
<292,97,1,op7> 1.2937197652434715E-4
<293,107,22,op3> 0.0011794970774155974
<294,27,1,op6> 5.801759319408112E-4
<295,39,3,op3> 0.001077403668262113
<296,1,0,op7> 9.464887017077315E-4
<297,26,2,op8> 0.0022302197478767387
<298,58,0,op4> 8.81141701937196E-4
<299,74,21,op5> 0.002349895718937679
<300,36,2,op8> 0.0021095611112089013
<301,59,6,op2> 0.004015359685497453
<302,57,0,op6> 0.0026141070432532743
<303,76,4,op7> 0.004360945723534908
<304,1,0,op4> 4.1039073456677974E-5
<305,32,23,op5> 0.00111662448442359
<306,39,0,op4> 3.600678715557312E-4
<307,100,22,op3> 0.0012715553858968147
<308,27,0,op7> 8.862027971403601E-4
<309,14,2,op8> 0.002937737736858325
<310,21,2,op8> 0.003030022691942879
<311,59,0,op4> 8.752869397980783E-4
<312,51,23,op5> 0.0022265625946889557
<313,0,1,op6> 6.27537232507408E-4
<314,18,0,op7> 0.0011032320535828972
<315,77,22,op3> 0.004024664910298593
<316,3,2,op1> 0.004015052021778241
<317,66,3,op5> 0.002531238153839622
<318,98,1,op4> 7.546780771524392E-5
<319,98,0,op4> 8.43681879863292E-5
<320,29,0,op4> 4.420345415033774E-4
<321,96,1,op7> 1.30521949649008E-4
<322,96,0,op7> 1.4591520169606546E-4
<323,32,2,op8> 0.0030110829536058674
<324,0,0,op7> 9.585458826212057E-4
<325,17,0,op7> 0.001091174872669423
<326,97,22,op7> 0.0028677182725062767
<327,27,2,op8> 0.0022609813995715902
<328,18,1,op6> 7.222598336406019E-4
<329,37,2,op8> 0.0022538046059924163
<330,105,22,op3> 0.0012025116545359017
<331,99,1,op1> 2.2331240115122775E-4
<332,108,0,op7> 1.3048804380749466E-4
<333,26,0,op1> 7.249218039650059E-4
<334,97,0,op4> 8.51248533494353E-5
<335,18,0,op1> 9.149013112110076E-4
<336,99,22,op7> 0.002765754956150498
<337,108,1,op7> 1.1672227215307763E-4
<338,47,3,op3> 0.002881835828115733
<339,55,0,op4> 8.987059883545487E-4
<340,97,1,op4> 7.614464904004432E-5
<341,101,22,op1> 3.9315260878185217E-5
<342,15,1,op6> 7.301533837350346E-4
<343,111,22,op1> 4.649613044497702E-5
<344,28,0,op7> 8.982599780538343E-4
<345,55,1,op6> 0.0033076060798333065
<346,65,23,op5> 0.0020794623632080034
<347,110,22,op1> 4.613708696663743E-5
<348,56,0,op4> 8.928512262154311E-4
<349,98,1,op1> 2.2948693758858884E-4
<350,66,0,op4> 8.167393184069025E-4
<351,14,0,op7> 0.0011514607772367944
<352,95,1,op7> 1.316719227736689E-4
<353,95,0,op7> 1.472007981867797E-4
<354,96,0,op4> 8.588151871254138E-5
<355,95,22,op3> 0.0013175845401374238
<356,107,1,op7> 1.178722452777385E-4
<357,96,1,op4> 7.682149036484472E-5
<358,106,22,op7> 0.0026383008107057748
<359,19,3,op1> 0.002719918958360612
<360,19,0,op1> 8.949034683430074E-4
<361,31,15,op5> 0.0012618411095260203
<362,100,22,op1> 3.967430435652479E-5
<363,16,1,op6> 7.380469338294674E-4
<364,15,2,op8> 0.0028454527817737703
<365,73,20,op5> 0.002712580588741565
<366,112,22,op3> 0.0014556720028592494
<367,97,1,op1> 2.3154511640104258E-4
<368,109,1,op4> 6.802255314243959E-5
<369,110,22,op7> 0.0032755715379293917
<370,109,0,op4> 7.604486899216221E-5
<371,57,0,op4> 8.869964640763135E-4
<372,26,3,op1> 0.0022032863070518926
<373,67,0,op4> 8.108845562677849E-4
<374,94,1,op7> 1.3282189589832976E-4
<375,94,0,op7> 1.4848639467749395E-4
<376,109,22,op7> 0.002561828323438941
<377,88,22,op3> 0.003896388737858797
<378,95,0,op4> 8.663818407564749E-5
<379,16,0,op1> 9.348991540790076E-4
<380,95,1,op4> 7.74983316896451E-5
<381,13,1,op6> 7.459404839239003E-4
<382,67,2,op5> 0.0028939230236435082
<383,66,0,op7> 0.0049091111666124485
<384,54,0,op4> 9.9238218258043E-4
<385,96,1,op1> 2.336032952134963E-4
<386,12,0,op7> 0.0011755751390637428
<387,53,1,op6> 0.00363082491499617
<388,93,1,op7> 1.339718690229906E-4
<389,68,0,op4> 8.284488426851378E-4
<390,83,22,op3> 0.004217079168958286
<391,93,0,op7> 1.4977199116820818E-4
<392,17,0,op1> 9.049023897770075E-4
<393,109,0,op7> 1.2920244731678046E-4
<394,109,1,op7> 1.1557229902841679E-4
<395,55,3,op3> 0.0026891294809468997
<396,68,5,op5> 0.003981977633055167
<397,13,2,op8> 0.0029069760851634734
<398,94,0,op4> 8.739484943875357E-5
<399,94,1,op4> 7.81751730144455E-5
<400,37,10,op5> 0.003256607893447394
<401,44,2,op2> 0.004404427517985316
<402,112,22,op1> 4.5419000009958255E-5
<403,14,1,op6> 7.538340340183331E-4
<404,110,22,op3> 0.0014786865799795536
<405,56,6,op2> 0.0040959354651395425
<406,95,1,op1> 2.3566147402595005E-4
<407,84,22,op3> 0.004377424384508031
<408,70,16,op5> 0.0014431835444279632
<409,13,0,op7> 0.0011394035963233201
<410,92,1,op7> 1.3512184214765146E-4
<411,92,0,op7> 1.510575876589224E-4
<412,9,1,op6> 6.906856332628707E-4
<413,31,0,op4> 5.005821628945532E-4
<414,46,2,op2> 0.004458304307196145
<415,45,0,op4> 9.51398847606607E-4
<416,93,1,op1> 2.3977783165085747E-4
<417,24,1,op6> 5.564952816575129E-4
<418,92,1,op4> 7.952885566404629E-5
<419,23,2,op8> 0.002137934792792184
<420,92,0,op4> 8.890818016496575E-5
<421,8,0,op7> 0.0010670605108424743
<422,102,22,op1> 3.8597173921506025E-5
<423,13,0,op1> 9.448980755130079E-4
<424,45,3,op3> 0.0028467983104486726
<425,11,0,op4> 5.0449306860756997E-5
<426,10,1,op6> 9.511727863791532E-4
<427,30,0,op4> 4.713083521989653E-4
<428,101,22,op3> 0.0012600480973366628
<429,94,1,op1> 2.3771965283840376E-4
<430,44,0,op4> 9.572536097457244E-4
<431,93,1,op4> 7.885201433924589E-5
<432,93,0,op4> 8.815151480185967E-5
<433,9,0,op7> 0.0010550033299290002
<434,23,1,op6> 5.486017315630801E-4
<435,103,22,op1> 3.823813044316644E-5
<436,10,0,op4> 6.299628473286236E-5
<437,8,0,op4> 4.626698090338854E-5
<438,63,23,op5> 0.002106207859840904
<439,4,0,op7> 0.001042946149015526
<440,33,0,op4> 3.483583472774961E-4
<441,77,23,op5> 0.0016782799137144981
<442,21,0,op7> 0.0011876323199772173
<443,7,1,op6> 6.433243326962738E-4
<444,6,0,op7> 9.947174253616285E-4
<445,100,22,op7> 0.0028167366143283874
<446,40,23,op5> 9.026605113603873E-4
<447,11,0,op7> 0.0011635179581502685
<448,48,2,op2> 0.004350550728774486
<449,43,0,op4> 3.77632157973084E-4
<450,14,3,op1> 0.0029022598941166313
<451,15,0,op1> 9.249002326450077E-4
<452,15,3,op1> 0.0028110894262386218
<453,104,22,op1> 3.7879086964826854E-5
<454,22,1,op6> 5.407081814686472E-4
<455,6,1,op6> 6.512178827907066E-4
<456,81,5,op2> 0.0025162326975262258
<457,25,0,op1> 7.14922882531006E-4
<458,43,3,op3> 0.0011299599447627039
<459,9,0,op4> 4.574419015871749E-5
<460,8,1,op6> 6.985791833573033E-4
<461,10,0,op7> 0.0014528903000736516
<462,101,22,op7> 0.0027912457852394433
<463,42,0,op4> 3.834869201122015E-4
<464,14,0,op1> 9.548969969470079E-4
<465,104,22,op3> 0.001214018943096054
<466,91,1,op4> 0.0017824266278497925
<467,7,0,op7> 9.826602444481544E-4
<468,21,1,op6> 7.775146843016315E-4
<469,105,22,op1> 3.752004348648726E-5
<470,11,1,op6> 7.617275841127658E-4
<471,24,0,op1> 7.049239610970058E-4
<472,102,22,op7> 0.002740264127061553
<473,54,23,op5> 0.002266680839638306
<474,35,0,op4> 3.3664882299926096E-4
<475,6,0,op4> 4.31302364353622E-5
<476,22,3,op1> 0.0020817256832145466
<477,23,0,op1> 6.949250396630057E-4
<478,79,23,op5> 0.0016515344170815976
<479,4,1,op6> 6.82792083168438E-4
<480,89,23,op5> 0.0016381616687651474
<481,106,22,op1> 3.716100000814766E-5
<482,67,23,op5> 0.00185212564182835
<483,49,0,op4> 9.396893233283717E-4
<484,5,0,op7> 0.0010188317871885771
<485,61,23,op5> 0.0021329533564738044
<486,34,0,op4> 3.542131094166136E-4
<487,7,0,op4> 4.260744569069115E-5
<488,21,0,op1> 9.848937612490082E-4
<489,106,22,op3> 0.0011910043659757498
<490,107,22,op1> 3.6801956529808074E-5
<491,47,0,op4> 9.63108371884842E-4
<492,2,0,op7> 9.344315207942572E-4
<493,35,2,op8> 0.002073500237513023
<494,20,0,op1> 9.948926826830083E-4
<495,4,0,op4> 4.522139941404643E-5
<496,78,22,op3> 0.003992595867188644
<497,3,0,op4> 3.999349196733587E-5
<498,37,0,op4> 3.659226336948489E-4
<499,108,22,op1> 3.644291305146848E-5
<500,2,1,op6> 6.117501323185425E-4
<501,64,23,op5> 0.0020660896148915536
<502,65,17,op5> 7.178138048201912E-4
<503,3,0,op7> 9.22374339880783E-4
<504,70,23,op5> 0.0019056166350941513
<505,46,0,op4> 9.689631340239597E-4
<506,81,23,op5> 0.0017852619002460995
<507,34,2,op8> 0.0021816828586006583
<508,5,0,op4> 4.4175817924704315E-5
<509,42,23,op5> 8.759150147274869E-4
<510,36,0,op4> 3.425035851383785E-4
<511,109,22,op1> 3.608386957312889E-5
<512,3,1,op6> 6.038565822241098E-4
<513,78,23,op5> 0.0016649071653980479
<514,79,22,op3> 0.003960526824078695
<515,29,11,op5> 0.001987210849133793
<516,87,23,op5> 0.001812007396879
<517,107,22,op7> 0.00261280998161683
<518,85,23,op5> 0.0018387528935119002
<519,97,22,op1> 4.039239131320399E-5
<520,59,23,op5> 0.0019992258733093024
<521,96,22,op3> 0.0013060772515772713
<522,36,23,op5> 7.823057765123356E-4
<523,86,23,op5> 0.0017986346485625497
<524,45,23,op5> 0.002173071601423155
<525,98,22,op1> 4.003334783486439E-5
<526,97,22,op3> 0.0012945699630171191
<527,95,22,op7> 0.0029186999306841667
<528,35,23,op5> 7.689330281958856E-4
<529,68,23,op5> 0.001892243886777701
<530,94,22,op3> 0.0013290918286975757
<531,95,22,op1> 4.111047826988317E-5
<532,100,1,op1> 2.2742875877613514E-4
<533,34,23,op5> 8.09051273145236E-4
<534,53,23,op5> 0.0022533080913218558
<535,88,23,op5> 0.0016247889204486971
<536,74,23,op5> 0.0019591076283599516
<537,101,1,op1> 2.2537057996368146E-4
<538,47,23,op5> 0.002199817098056055
<539,96,22,op1> 4.075143479154357E-5
<540,33,23,op5> 7.956785248287859E-4
<541,71,23,op5> 0.0019189893834106015
<542,41,3,op3> 0.0011649974624297645
<543,112,1,op1> 2.6035961977539457E-4
<544,42,2,op2> 0.0017644648466546677
<545,71,18,op5> 0.0010804986746240774
<546,110,1,op4> 8.697411023685062E-5
<547,98,22,op7> 0.002842227443417332
<548,110,0,op4> 9.723149915913276E-5
<549,82,23,op5> 0.001745143655296749
<550,110,0,op7> 1.6519914905677895E-4
<551,72,23,op5> 0.0019323621317270518
<552,110,1,op7> 1.4777154651892096E-4
<553,40,3,op3> 0.0011825162212632948
<554,72,19,op5> 3.551289350163052E-4
<555,40,0,op4> 3.9519644439043667E-4
<556,41,2,op2> 0.0017914032412600824
<557,41,23,op5> 8.892877630439373E-4
<558,31,23,op5> 0.0011433699810564908
<559,32,14,op5> 0.0018058684142318497
<560,111,1,op4> 8.765095156165101E-5
<561,111,0,op4> 9.798816452223883E-5
<562,83,23,op5> 0.001758516403613199
<563,110,1,op1> 2.64475977400302E-4
<564,58,23,op5> 0.0020125986216257526
<565,44,23,op5> 0.002186444349739605
<566,99,22,op1> 3.895621739984562E-5
<567,111,1,op1> 2.6653415621275564E-4
<568,29,23,op5> 0.0010096424978919888
<569,99,22,op3> 0.0012485408087765104
<570,43,23,op5> 8.625422664110369E-4

