<0,12,0,op3> 9.67808703815276E-4
<1,58,20,op8> 0.001043957306538468
<2,25,1,op1> 0.0012875785401934754
<3,42,0,op7> 0.005188696041195883
<4,24,7,op7> 0.003120236690999974
<5,70,21,op6> 0.003229929214024776
<6,35,20,op7> 0.08621514559863697
<7,9,20,op4> 0.0072585866656770595
<8,40,4,op4> 0.0034768718765988554
<9,6,6,op7> 7.93854037901147E-4
<10,48,19,op7> 6.967397433821679E-4
<11,16,20,op4> 0.008692381562600923
<12,80,22,op1> 7.1613751266559E-4
<13,73,0,op1> 0.0015109269392126683
<14,49,0,op1> 0.003661753557291447
<15,24,7,op5> 0.0039544997092930325
<16,64,23,op6> 0.0072021785956795335
<17,6,6,op4> 9.044922217096858E-4
<18,11,20,op4> 0.008961218105774148
<19,19,20,op4> 0.008244320657312216
<20,9,0,op7> 4.3334000758197443E-4
<21,23,5,op5> 0.004268764586852744
<22,12,20,op8> 0.0011847155950605087
<23,41,0,op7> 0.005288478657372728
<24,5,2,op6> 0.0033047634837269084
<25,52,3,op4> 7.086691037567645E-4
<26,73,5,op1> 4.152597815429097E-4
<27,39,1,op1> 9.810122210997907E-4
<28,72,0,op1> 0.0014749524882790334
<29,80,22,op6> 0.0030077775531954782
<30,28,12,op5> 0.0015975131275951986
<31,42,23,op5> 0.002226042882714621
<32,36,4,op4> 0.0028973932304990463
<33,36,0,op7> 0.004490217727957976
<34,50,4,op7> 0.0011459182403481334
<35,5,6,op4> 9.167150895706276E-4
<36,70,5,op7> 0.001952709687017254
<37,32,26,op5> 0.001301252612026763
<38,65,5,op4> 0.0016845144330191809
<39,21,6,op4> 0.0012467325218160537
<40,40,0,op7> 0.005388261273549571
<41,51,2,op5> 8.21355878363915E-4
<42,53,4,op1> 2.253954885974015E-4
<43,15,2,op3> 8.481237866130866E-4
<44,10,2,op6> 0.00511136752149762
<45,47,0,op1> 0.003794908232102045
<46,32,4,op7> 7.197502997227946E-4
<47,46,2,op5> 8.073156069388907E-4
<48,69,3,op4> 3.4832888150756217E-4
<49,12,6,op4> 0.0012345096539551118
<50,10,6,op4> 0.0014178526718692376
<51,8,2,op3> 7.332736905092312E-4
<52,72,3,op4> 4.924649704072429E-4
<53,53,0,op1> 0.003961351575615294
<54,71,21,op6> 0.0032708143939491393
<55,75,19,op4> 0.002429083755556689
<56,34,8,op5> 0.0047401619031923106
<57,10,5,op4> 0.0018609873736211906
<58,35,1,op5> 0.003640234831733321
<59,0,1,op3> 8.632395886606025E-4
<60,53,3,op4> 7.146747741275846E-4
<61,33,0,op1> 2.6648751339984107E-4
<62,16,6,op7> 0.0010405924550866384
<63,66,2,op3> 5.035734983015202E-4
<64,55,19,op7> 5.837549201310057E-4
<65,13,5,op4> 0.001572213470817902
<66,63,5,op7> 0.0026448093229221033
<67,51,4,op7> 0.001108036645625881
<68,69,5,op1> 2.8672699201772334E-4
<69,6,0,op3> 7.090875651715884E-4
<70,26,1,op4> 0.0018092812770704955
<71,79,22,op6> 0.00224216144874572
<72,71,5,op7> 0.001977427531156713
<73,23,5,op7> 0.003368202520748316
<74,71,0,op1> 0.0014389780373453983
<75,37,21,op5> 0.001754645566375054
<76,52,2,op5> 8.283760140764271E-4
<77,54,4,op1> 2.272895683335141E-4
<78,54,0,op1> 0.003994640244317943
<79,39,20,op5> 0.0019117780051549097
<80,19,6,op7> 9.869536687419666E-4
<81,4,5,op4> 0.001235310584214066
<82,67,21,op6> 0.0022895700757643977
<83,12,28,op5> 0.0010455693958228154
<84,79,1,op3> 4.984904666913337E-4
<85,74,19,op4> 0.0024008385956083554
<86,37,2,op1> 6.59797857443276E-4
<87,35,0,op7> 0.004390435111781133
<88,74,22,op1> 0.0011067579741195486
<89,80,19,op4> 0.0015534837971583474
<90,49,20,op8> 0.0012902843114520391
<91,32,0,op1> 4.4028371779104185E-4
<92,73,3,op4> 5.04476311148883E-4
<93,72,21,op1> 7.982344651899688E-4
<94,50,3,op4> 7.266861148692244E-4
<95,42,4,op4> 0.0033480988441322314
<96,7,6,op7> 7.72398523363278E-4
<97,51,0,op1> 0.003894774238209994
<98,61,4,op7> 0.0010322734561813767
<99,59,20,op8> 0.0010322274491616314
<100,71,5,op1> 3.9548550623134265E-4
<101,37,2,op5> 3.4398664991309265E-4
<102,76,19,op4> 0.0024573289155050224
<103,64,28,op5> 0.0010766259125304235
<104,51,4,op1> 2.2160732912517624E-4
<105,55,20,op8> 0.0010908767360458152
<106,37,1,op1> 0.0010014499757060365
<107,45,0,op1> 0.003728330894696747
<108,7,5,op4> 0.0011550956112131522
<109,37,0,op7> 0.0048893481926653515
<110,70,3,op4> 4.7444795929478295E-4
<111,51,3,op4> 7.026634333859444E-4
<112,72,5,op1> 4.053726438871262E-4
<113,30,20,op8> 8.562795885090805E-4
<114,44,20,op8> 0.0013254738835825493
<115,27,11,op7> 0.0011365100530132354
<116,50,2,op5> 8.494364212139633E-4
<117,52,0,op1> 0.003928062906912644
<118,71,3,op4> 4.8045362966560296E-4
<119,23,1,op4> 0.0017244712172078157
<120,38,2,op1> 6.732631198400776E-4
<121,52,4,op1> 2.2350140886128887E-4
<122,76,1,op3> 0.0010577724537108788
<123,65,2,op3> 9.276353916080635E-4
<124,49,2,op5> 7.722149283763304E-4
<125,64,5,op7> 0.0025706557905037265
<126,39,19,op7> 3.0129286200309964E-4
<127,76,3,op4> 5.224933222613432E-4
<128,63,2,op6> 0.00471479590345039
<129,18,1,op3> 0.0011550388862360172
<130,10,28,op5> 0.0012008519793608573
<131,66,5,op4> 9.144506922104124E-4
<132,61,2,op5> 7.651947926638183E-4
<133,77,1,op3> 5.228070748226183E-4
<134,44,0,op1> 0.0037616195633993965
<135,29,13,op7> 8.885442232648932E-4
<136,53,4,op7> 0.0011269774429870075
<137,66,23,op6> 0.003947347884170514
<138,50,0,op1> 0.004027928913020592
<139,77,3,op4> 2.582438259452616E-4
<140,35,2,op5> 3.0888597135053213E-4
<141,50,4,op1> 2.2918364806962668E-4
<142,11,27,op5> 0.001233769577375743
<143,34,8,op7> 0.0037401512653708296
<144,80,1,op3> 6.687067236103258E-4
<145,21,0,op3> 9.773909682094868E-4
<146,20,15,op7> 6.405783935165508E-4
<147,37,19,op7> 3.0756979662816425E-4
<148,10,19,op8> 2.4230993046944895E-4
<149,74,1,op3> 0.0010334558455795944
<150,74,3,op4> 5.104819815197031E-4
<151,17,28,op5> 9.731041901717291E-4
<152,72,5,op7> 0.002026863219435631
<153,73,5,op7> 0.002076298907714549
<154,31,1,op1> 0.00159414485928716
<155,17,2,op6> 0.0041419702329377256
<156,0,0,op7> 3.798412412138294E-4
<157,38,22,op5> 0.002068910443934766
<158,13,2,op6> 0.004318224285403161
<159,38,19,op7> 3.138467312532288E-4
<160,41,1,op1> 0.001083200994131019
<161,75,1,op3> 0.0010456141496452366
<162,75,3,op4> 5.164876518905232E-4
<163,38,0,op7> 0.004989130808842196
<164,4,2,op6> 0.003392890509959626
<165,65,23,op6> 0.007271430312945684
<166,11,19,op8> 2.088878710943525E-4
<167,30,1,op1> 0.0014919560862559317
<168,45,2,op5> 7.862551998013546E-4
<169,10,20,op8> 0.0013606634557130595
<170,58,4,op7> 8.428654825701149E-4
<171,65,2,op6> 0.004626668877217672
<172,24,4,op7> 5.871647181949114E-4
<173,37,4,op4> 0.0031549392954322948
<174,25,9,op5> 0.004583029464412455
<175,74,22,op6> 0.004648383491302104
<176,32,1,op1> 0.0015532693500746688
<177,28,0,op1> 3.8235164966064165E-4
<178,59,2,op5> 6.177719427010643E-4
<179,28,3,op1> 3.7272112677992836E-4
<180,6,2,op3> 6.537620855142543E-4
<181,46,20,op8> 0.0013489335983362227
<182,20,20,op4> 0.009230054648947371
<183,28,1,op1> 0.0013488918040122123
<184,25,4,op7> 5.966351168754746E-4
<185,27,1,op4> 0.0018375512970247219
<186,2,2,op6> 0.003040382405028756
<187,59,4,op7> 8.333950838895517E-4
<188,25,9,op7> 0.0036161683504966585
<189,18,6,op4> 0.0011611724467894614
<190,29,3,op1> 3.783684165796241E-4
<191,29,1,op1> 0.0013693295586184578
<192,7,2,op6> 0.003172572944377832
<193,63,23,op6> 0.007409933747477981
<194,29,0,op1> 3.8814485647368157E-4
<195,56,4,op7> 8.61806279931241E-4
<196,57,3,op4> 5.405103333738033E-4
<197,61,0,op1> 0.0036284648885887985
<198,26,3,op7> 0.0018071327359026827
<199,78,3,op4> 2.522381555744415E-4
<200,28,12,op7> 0.0012604929678874067
<201,35,3,op7> 0.0025003221166291175
<202,34,1,op1> 9.605744664935451E-4
<203,12,6,op7> 0.0010835034841623762
<204,59,4,op1> 1.6667901677791034E-4
<205,57,2,op5> 6.318122141260884E-4
<206,0,20,op8> 8.328198737554072E-4
<207,28,1,op4> 0.0018658213169789484
<208,78,1,op3> 5.10648770756976E-4
<209,75,22,op6> 0.004703070355905658
<210,58,3,op4> 5.345046630029833E-4
<211,57,4,op7> 8.523358812506779E-4
<212,39,4,op4> 0.003090552779198983
<213,27,3,op7> 0.0018353691849011622
<214,79,3,op4> 2.4623248520362146E-4
<215,60,19,op8> 2.2559890078190073E-4
<216,58,2,op5> 6.247920784135764E-4
<217,46,4,op1> 2.17819169652951E-4
<218,30,1,op4> 0.0020637114566585337
<219,29,1,op4> 0.0018940913369331746
<220,59,3,op4> 5.284989926321633E-4
<221,55,2,op5> 6.528726212636247E-4
<222,12,2,op6> 0.004450414824752238
<223,60,20,op8> 0.0012668245966983658
<224,0,0,op1> 4.113176837258417E-4
<225,17,20,op8> 0.0011026065934226516
<226,63,23,op1> 0.00176426993987571
<227,25,1,op4> 0.001781011257116269
<228,57,4,op1> 1.7046717625013555E-4
<229,51,20,op8> 0.001372393313089896
<230,54,4,op7> 0.0011364478416675706
<231,11,20,op8> 0.0011729857376836718
<232,28,3,op7> 0.001863605633899642
<233,14,20,op8> 0.0011612558803068352
<234,20,20,op8> 0.0012081753098141823
<235,56,3,op4> 5.465160037446234E-4
<236,30,16,op7> 7.64561308390722E-4
<237,26,10,op5> 0.0034831023929534654
<238,58,0,op1> 0.0029626915145358076
<239,56,2,op5> 6.388323498386006E-4
<240,40,25,op5> 0.002540307760274332
<241,72,21,op6> 0.0033525847537978683
<242,58,4,op1> 1.6857309651402297E-4
<243,55,4,op7> 8.807470772923671E-4
<244,77,19,op4> 0.0012145418777783446
<245,29,3,op7> 0.0018918420828981208
<246,21,2,op3> 9.011315232764047E-4
<247,59,0,op1> 0.002929402845833158
<248,8,28,op5> 8.592302955771651E-4
<249,55,0,op1> 0.0030958461893464055
<250,55,4,op1> 1.7614941545847343E-4
<251,2,6,op7> 7.402152515564749E-4
<252,57,0,op1> 0.002995980183238457
<253,32,1,op4> 0.002148521516521214
<254,53,2,op5> 8.353961497889393E-4
<255,52,4,op7> 0.0011175070443064444
<256,54,3,op4> 7.206804444984045E-4
<257,56,0,op1> 0.003029268851941106
<258,56,4,op1> 1.723612559862482E-4
<259,54,2,op5> 8.424162855014513E-4
<260,55,3,op4> 5.585273444862634E-4
<261,20,1,op3> 0.0012523053187611555
<262,43,0,op1> 0.0016977221038351256
<263,8,0,op8> 4.609544679666029E-5
<264,31,1,op4> 0.002205061556429666
<265,33,20,op8> 5.39573439334489E-4
<266,67,5,op7> 0.0013841992718096991
<267,3,20,op4> 0.00609362831192642
<268,8,6,op7> 8.904038533215567E-4
<269,11,0,op3> 9.582264394210654E-4
<270,48,0,op1> 0.0036950422259940966
<271,16,0,op7> 5.189380337710064E-4
<272,31,19,op7> 3.32882985651435E-4
<273,44,4,op7> 0.0010701550509036287
<274,11,1,op3> 0.0012158304065642285
<275,12,6,op1> 2.1670069683247525E-4
<276,57,20,op8> 0.001055687163915305
<277,21,2,op6> 0.004494478337868597
<278,10,0,op7> 6.205856898704818E-4
<279,15,2,op6> 0.004230097259170442
<280,1,1,op3> 8.510812845949601E-4
<281,29,20,op8> 7.859004442480602E-4
<282,11,6,op4> 0.00122228678609417
<283,8,0,op7> 4.4403976085560337E-4
<284,32,4,op1> 1.4395005994455895E-4
<285,33,3,op7> 0.001298876653930053
<286,13,0,op1> 5.677342676779224E-4
<287,52,19,op7> 7.4067828575762E-4
<288,10,2,op3> 0.0010248162421574798
<289,9,6,op4> 9.900522967362779E-4
<290,7,0,op8> 3.99864116790306E-5
<291,7,2,op8> 5.8562845659807316E-5
<292,9,0,op8> 4.498471313890944E-5
<293,10,0,op3> 0.001111542669728436
<294,11,0,op1> 5.793206813040024E-4
<295,24,20,op8> 7.272511573638765E-4
<296,11,6,op1> 2.1455514537868834E-4
<297,52,20,op8> 0.0013841231704667329
<298,9,6,op7> 8.68948338783688E-4
<299,31,0,op1> 4.5187013141712186E-4
<300,12,0,op1> 5.851138881170423E-4
<301,31,3,op1> 4.4048860437627895E-4
<302,8,2,op8> 6.750994708005566E-5
<303,11,6,op7> 0.001072775726893442
<304,69,21,op6> 0.0023713404356131267
<305,33,1,op4> 0.0013004209178944185
<306,7,0,op1> 4.1711089053888173E-4
<307,1,20,op4> 0.006272852674041903
<308,6,0,op7> 3.9589087112427285E-4
<309,77,22,op6> 0.0023515351779528288
<310,18,0,op3> 9.10315117450012E-4
<311,18,20,op4> 0.00851315720048544
<312,11,0,op7> 5.349876636814498E-4
<313,0,20,op4> 0.006362464855099645
<314,8,20,op8> 9.735781622774479E-4
<315,35,1,op1> 8.992612026748081E-4
<316,13,0,op3> 9.390619106326442E-4
<317,13,2,op3> 8.65793032167526E-4
<318,50,20,op8> 0.0014193127425972429
<319,14,6,op1> 2.124095939249015E-4
<320,15,0,op1> 5.561478540518423E-4
<321,14,0,op3> 9.486441750268548E-4
<322,8,0,op3> 7.953279447194844E-4
<323,9,6,op1> 1.737896677567376E-4
<324,15,0,op7> 5.135881571341919E-4
<325,34,3,op1> 2.6542262058570654E-4
<326,1,0,op1> 4.0552447691280167E-4
<327,6,2,op6> 0.0032606999706105495
<328,13,6,op4> 0.0011978410503722867
<329,11,0,op8> 5.5536682887542505E-5
<330,51,19,op8> 2.4439880918039245E-4
<331,35,4,op4> 0.0028330067142657346
<332,7,6,op4> 8.800464859878024E-4
<333,5,0,op8> 4.1652512165656884E-5
<334,44,2,op5> 7.932753355138667E-4
<335,5,2,op8> 6.1002964228965955E-5
<336,31,3,op7> 0.002202443021881395
<337,69,5,op7> 0.0014336349600886167
<338,9,0,op1> 4.6924975185624196E-4
<339,10,6,op7> 0.0012444198431963928
<340,17,6,op1> 2.0168183665596708E-4
<341,8,2,op6> 0.003657271588657779
<342,34,0,op1> 2.722807202128811E-4
<343,1,0,op7> 3.7449136457701486E-4
<344,13,6,op1> 2.102640424711146E-4
<345,12,2,op3> 8.92296900499185E-4
<346,9,1,op3> 9.848226293170254E-4
<347,14,0,op1> 5.735274744909624E-4
<348,9,0,op3> 7.76163415931063E-4
<349,76,22,op6> 0.004757757220509212
<350,5,20,op8> 8.797393032627539E-4
<351,33,3,op1> 2.5977533078601063E-4
<352,73,21,op6> 0.0034343551136465965
<353,7,0,op7> 3.851911178506438E-4
<354,8,5,op4> 0.001331568551815162
<355,10,2,op8> 9.435125134080069E-5
<356,33,1,op1> 9.401367118872994E-4
<357,10,0,op8> 6.442255214954931E-5
<358,26,10,op7> 0.0027482879463774598
<359,12,5,op4> 0.0016203424546184502
<360,6,2,op8> 6.018959137257975E-5
<361,8,6,op4> 0.0010144980324581613
<362,6,0,op8> 4.109714533678146E-5
<363,30,3,op7> 0.0020612607768889972
<364,78,22,op6> 0.0022968483133492747
<365,4,0,op7> 4.119405010347163E-4
<366,51,19,op7> 7.344013511325553E-4
<367,4,6,op7> 8.260373097079503E-4
<368,3,0,op8> 3.776494436352891E-5
<369,78,19,op4> 0.0011862967178300108
<370,33,6,op7> 0.0032442196058741447
<371,5,5,op4> 0.0012032245950137003
<372,79,27,op5> 5.058455267240546E-4
<373,2,5,op4> 0.0011069666274126045
<374,47,20,op8> 0.001337203740959386
<375,7,6,op1> 1.5447970467265563E-4
<376,5,6,op7> 8.045817951700814E-4
<377,36,2,op1> 6.059368078560699E-4
<378,36,1,op1> 9.196989572810537E-4
<379,5,0,op7> 4.012407477610874E-4
<380,17,6,op4> 0.00114894957892852
<381,34,1,op4> 0.001328690937848645
<382,50,19,op7> 7.595090896328137E-4
<383,33,6,op5> 0.004111632148072889
<384,4,2,op8> 6.262970994173837E-5
<385,6,5,op4> 0.0011871816004135178
<386,4,0,op8> 4.276324582340773E-5
<387,8,6,op1> 1.7808077066431137E-4
<388,35,2,op1> 5.924715454592684E-4
<389,7,2,op3> 6.360928399598148E-4
<390,7,0,op3> 6.89923036383167E-4
<391,50,19,op8> 2.527543240241665E-4
<392,8,0,op1> 4.8083616548232197E-4
<393,5,6,op1> 1.609163590340163E-4
<394,39,2,op1> 6.463325950464744E-4
<395,4,2,op3> 6.802659538459133E-4
<396,10,6,op1> 2.488839686392785E-4
<397,31,19,op8> 1.6293253945359499E-4
<398,10,0,op1> 6.720119903126428E-4
<399,2,0,op7> 3.691414879402003E-4
<400,79,22,op1> 5.338479639870762E-4
<401,49,4,op7> 0.0010417438548619396
<402,3,6,op4> 8.311550145440358E-4
<403,1,0,op8> 3.8875678021279756E-5
<404,5,0,op1> 4.3449051097800177E-4
<405,77,27,op5> 5.305209182715695E-4
<406,17,0,op3> 9.007328530558015E-4
<407,4,0,op3> 7.378343583542204E-4
<408,36,2,op5> 3.159061070630442E-4
<409,3,0,op7> 3.637916113033859E-4
<410,6,6,op1> 1.5877080758022941E-4
<411,3,1,op3> 8.267646764636755E-4
<412,13,20,op8> 0.0011495260229299985
<413,38,1,op1> 0.0010218877303122818
<414,3,6,op7> 7.294874942875406E-4
<415,79,19,op4> 0.001158051557881677
<416,48,4,op7> 0.0010512142535425027
<417,2,2,op8> 5.6122727090648684E-5
<418,34,3,op7> 0.0013271131029285327
<419,4,6,op4> 9.411608252925109E-4
<420,2,0,op8> 3.832031119240433E-5
<421,6,0,op1> 4.286973041649618E-4
<422,5,2,op3> 6.625967082914739E-4
<423,25,26,op5> 0.001078669928390606
<424,78,27,op5> 5.18183222497812E-4
<425,5,0,op3> 7.186698295657991E-4
<426,60,4,op7> 0.0010228030575008134
<427,22,26,op5> 0.001027304693705339
<428,75,27,op5> 0.001061041836543139
<429,64,23,op1> 0.001714804427542746
<430,16,1,op3> 0.0011793554943673019
<431,77,22,op1> 5.598893280840068E-4
<432,4,19,op8> 1.6084366074265143E-4
<433,56,19,op7> 5.712010508808764E-4
<434,13,19,op8> 2.0471011367246547E-4
<435,34,20,op8> 5.513032967113258E-4
<436,64,19,op8> 2.172433859381266E-4
<437,36,19,op7> 2.824620581279059E-4
<438,54,20,op8> 0.0014075828852204062
<439,14,28,op5> 0.0010248650513510764
<440,55,19,op8> 1.9426572011774787E-4
<441,54,19,op8> 2.5066544531322305E-4
<442,76,27,op5> 0.0010733795323168962
<443,34,19,op8> 9.81772994143457E-5
<444,12,19,op8> 2.1097674980529607E-4
<445,36,19,op5> 3.4045361735635376E-4
<446,31,20,op8> 9.149288753932642E-4
<447,78,22,op1> 5.468686460355416E-4
<448,53,20,op8> 0.00139585302784357
<449,13,28,op5> 0.001014512879115207
<450,33,19,op8> 9.608842070340216E-5
<451,53,19,op8> 2.4857656660227955E-4
<452,54,19,op7> 7.532321550077491E-4
<453,32,20,op8> 8.914691606395908E-4
<454,15,19,op8> 2.0053235625057845E-4
<455,75,22,op1> 0.001119778656168014
<456,62,20,op8> 0.0012433648819446925
<457,21,20,op8> 0.0011964454524373456
<458,16,27,op5> 0.0011967564900544707
<459,34,19,op7> 2.0058333750791596E-4
<460,53,19,op7> 7.469552203826846E-4
<461,34,26,op5> 8.047220100691822E-4
<462,74,27,op5> 0.0010487041407693815
<463,52,19,op8> 2.46487687891336E-4
<464,14,2,op6> 0.00436228779851952
<465,14,19,op8> 2.06798992383409E-4
<466,76,22,op1> 0.001132799338216479
<467,33,19,op7> 1.9631560692264113E-4
<468,15,28,op5> 9.938085346434676E-4
<469,33,26,op5> 7.876002651740931E-4
<470,28,19,op7> 2.8167021862813733E-4
<471,32,19,op8> 1.5875478203170794E-4
<472,73,21,op1> 8.177035984872849E-4
<473,17,19,op8> 1.963545988286914E-4
<474,15,6,op4> 0.0011733953146504034
<475,45,19,op7> 7.030166780072326E-4
<476,16,20,op8> 0.0011377961655531618
<477,2,28,op5> 7.142998842749927E-4
<478,59,19,op8> 1.8382132656303023E-4
<479,70,5,op1> 3.9054193740345087E-4
<480,18,27,op5> 0.001172081098506956
<481,70,0,op1> 0.0014209908118785809
<482,32,19,op7> 3.243475244808855E-4
<483,32,17,op7> 3.9261256376820863E-4
<484,30,19,op7> 3.1154433272506096E-4
<485,22,4,op5> 0.004425897025632599
<486,59,19,op7> 5.523702470056827E-4
<487,16,19,op8> 2.0262123496152194E-4
<488,15,20,op8> 0.001126066308176325
<489,30,19,op8> 1.5248814589887734E-4
<490,58,19,op8> 1.8591020527397378E-4
<491,32,17,op5> 4.975860561362095E-4
<492,31,26,op5> 0.0013354961018169408
<493,31,18,op7> 5.165954786423796E-4
<494,45,20,op8> 0.0013137440262057129
<495,71,21,op1> 7.787653318926523E-4
<496,58,19,op7> 5.586471816307473E-4
<497,30,3,op1> 4.1225215537779944E-4
<498,19,19,op8> 1.9217684140680432E-4
<499,30,0,op1> 4.2290409735192176E-4
<500,40,19,op7> 3.389544697534871E-4
<501,43,4,op7> 4.829903327087174E-4
<502,57,19,op8> 1.879990839849173E-4
<503,65,5,op7> 0.0025953736346431854
<504,60,0,op1> 0.0035951762198861486
<505,19,20,op8> 0.001079146878668978
<506,31,18,op5> 6.547184949160649E-4
<507,48,2,op5> 7.792350640888423E-4
<508,56,20,op8> 0.0010674170212921414
<509,30,26,op5> 0.0012498873773414958
<510,57,19,op7> 5.649241162558118E-4
<511,18,19,op8> 1.9844347753963492E-4
<512,56,19,op8> 1.900879626958608E-4
<513,66,28,op5> 5.900738174445591E-4
<514,18,20,op8> 0.0011143364507994885
<515,30,16,op5> 9.689833724757761E-4
<516,19,27,op5> 0.0011350680111856836
<517,62,3,op4> 6.366010593069239E-4
<518,63,0,op1> 6.198731289952825E-4
<519,63,5,op1> 5.289618645844207E-4
<520,20,27,op5> 0.0012707826646970153
<521,63,5,op4> 0.001716600422219546
<522,64,0,op1> 6.024935085561624E-4
<523,64,5,op1> 5.141311581007453E-4
<524,17,0,op1> 5.445614404257622E-4
<525,63,2,op3> 9.453046371625028E-4
<526,22,1,op4> 0.0016962011972535894
<527,62,2,op5> 7.441343855262819E-4
<528,2,0,op3> 6.611762432005351E-4
<529,64,5,op4> 0.0016684714384189977
<530,65,5,op1> 5.190747269286371E-4
<531,64,2,op3> 9.188007688308437E-4
<532,65,0,op1> 6.082867153692024E-4
<533,0,27,op5> 8.759763999367776E-4
<534,46,19,op7> 7.218474818824263E-4
<535,62,4,op7> 0.0010038622601396872
<536,67,0,op1> 0.0010072846261417788
<537,64,2,op6> 0.0045826053641013125
<538,66,5,op1> 2.817834231898316E-4
<539,66,0,op1> 3.302127883432813E-4
<540,49,19,op7> 6.904628087571034E-4
<541,23,26,op5> 0.0010444264386004277
<542,1,19,op8> 1.4622150976604674E-4
<543,23,19,op7> 2.6033156570176325E-4
<544,48,19,op8> 2.318655369147313E-4
<545,18,0,op7> 5.082382804973773E-4
<546,22,19,op8> 1.2533272265661153E-4
<547,1,27,op5> 8.636387041630201E-4
<548,24,26,op5> 0.001061548183495517
<549,64,20,op8> 0.0012199051671910187
<550,0,19,op8> 1.4831038847699032E-4
<551,4,28,op5> 7.971172621619483E-4
<552,20,0,op1> 5.967003017431224E-4
<553,24,19,op7> 2.645992962870381E-4
<554,60,4,op1> 2.045606115001627E-4
<555,49,19,op8> 2.2977665820378778E-4
<556,22,20,op8> 7.037914426102031E-4
<557,21,19,op8> 2.1306562851623962E-4
<558,48,20,op8> 0.0013020141688288758
<559,23,19,op8> 1.2742160136755502E-4
<560,60,3,op4> 6.486124000485642E-4
<561,20,19,op8> 2.151545072271831E-4
<562,21,28,op5> 0.001055921568058685
<563,21,14,op7> 0.0010125271381390643
<564,61,4,op1> 2.0645469123627532E-4
<565,61,3,op4> 6.546180704193841E-4
<566,22,19,op7> 2.560638351164885E-4
<567,60,2,op5> 7.581746569513062E-4
<568,62,4,op1> 2.0077245202793748E-4
<569,21,0,op1> 5.909070949300826E-4
<570,39,0,op7> 0.004789565576488508
<571,62,0,op1> 0.0035285988824808492
<572,18,0,op8> 5.2759848743165384E-5
<573,68,5,op7> 0.0014583528042280758
<574,24,1,op1> 0.0012671407855872295
<575,39,2,op5> 3.3696651420058046E-4
<576,2,0,op1> 3.9973127009976163E-4
<577,0,6,op4> 8.678236181268609E-4
<578,23,1,op1> 0.001246703030980984
<579,2,6,op1> 1.4804305031129497E-4
<580,18,6,op7> 0.0010191369405487699
<581,1,0,op3> 6.707585075947458E-4
<582,19,2,op7> 0.0026243050315032886
<583,1,6,op1> 1.5018860176508188E-4
<584,0,0,op3> 6.803407719889565E-4
<585,19,0,op8> 5.109374825653911E-5
<586,2,6,op4> 8.433778824049773E-4
<587,0,0,op8> 3.943104485015519E-5
<588,16,0,op8> 5.3870582400916235E-5
<589,4,0,op1> 4.460769246040818E-4
<590,19,1,op3> 0.0011185639740390904
<591,3,0,op3> 6.515939788063245E-4
<592,19,0,op3> 8.815683242673802E-4
<593,42,2,op1> 7.001936446336806E-4
<594,17,2,op3> 8.304545410586473E-4
<595,4,6,op1> 1.6520746194159005E-4
<596,1,6,op7> 7.509430088254093E-4
<597,38,4,op4> 0.003219325811665607
<598,17,2,op8> 7.6457048500304E-5
<599,19,6,op4> 0.0011245038432066367
<600,17,0,op8> 5.220448191428996E-5
<601,1,6,op4> 8.55600750265919E-4
<602,3,0,op1> 3.9393806328672166E-4
<603,38,2,op5> 3.5100678562560467E-4
<604,17,6,op7> 0.0010084091832798351
<605,40,1,op1> 0.0011036387487372646
<606,2,2,op3> 6.095889716281561E-4
<607,3,6,op1> 1.4589749885750812E-4
<608,17,0,op7> 5.028884038605628E-4
<609,0,6,op7> 7.616707660943438E-4
<610,18,0,op1> 5.503546472388022E-4
<611,18,6,op1> 2.0382738810975398E-4
<612,67,5,op1> 2.7683985436193983E-4
<613,16,6,op4> 0.001185618182511345
<614,14,0,op8> 5.4981316058667086E-5
<615,14,2,op8> 8.052391278223507E-5
<616,12,0,op7> 5.403375403182643E-4
<617,14,6,op7> 0.0010620479696245074
<618,68,0,op1> 0.0010612463025422313
<619,47,3,op4> 6.846464222734842E-4
<620,14,0,op7> 5.296377870446353E-4
<621,19,0,op1> 5.329750267996823E-4
<622,19,6,op1> 1.9739073374839332E-4
<623,17,5,op4> 0.0015080414924171712
<624,68,5,op1> 2.916705608456152E-4
<625,15,0,op8> 5.33152155720408E-5
<626,15,2,op8> 7.808379421307643E-5
<627,15,6,op7> 0.0010298646978177041
<628,69,0,op1> 0.001043259077075414
<629,66,2,op6> 0.0025116202476324506
<630,67,3,op4> 3.3631754076592215E-4
<631,15,0,op3> 9.198973818442227E-4
<632,12,2,op8> 8.215065849500748E-5
<633,66,5,op7> 0.0014089171159491578
<634,16,0,op1> 5.619410608648823E-4
<635,14,5,op4> 0.0015882564654180846
<636,14,6,op4> 0.0012100639182332285
<637,12,0,op8> 5.609204971641794E-5
<638,68,3,op4> 3.543345518783822E-4
<639,14,2,op3> 8.746276549447456E-4
<640,0,6,op1> 1.5233415321886875E-4
<641,15,6,op1> 2.0597293956354083E-4
<642,70,21,op1> 7.690307652439943E-4
<643,16,0,op3> 9.294796462384334E-4
<644,13,2,op8> 7.971053992584886E-5
<645,5,28,op5> 7.764129176902094E-4
<646,15,5,op4> 0.0015401274816175365
<647,13,0,op8> 5.442594922979166E-5
<648,13,6,op7> 0.001051320212355573
<649,13,0,op7> 5.242879104078208E-4
<650,68,21,op6> 0.002412225615537491
<651,16,6,op1> 2.0811849101732774E-4
<652,45,3,op4> 6.726350815318444E-4
<653,23,4,op7> 5.776943195143484E-4
<654,27,1,op1> 0.0013284540494059665
<655,27,3,op1> 3.6707383698023245E-4
<656,27,0,op1> 3.7655844284760156E-4
<657,46,0,op1> 0.0038281969008046954
<658,66,23,op1> 9.398447343263128E-4
<659,26,19,op7> 2.7313475745758777E-4
<660,25,4,op1> 1.1932702337509491E-4
<661,44,3,op4> 6.786407519026643E-4
<662,22,4,op7> 0.003492185435622487
<663,22,3,op7> 0.0016941869399087653
<664,24,1,op4> 0.0017527412371620421
<665,26,3,op1> 3.6142654718053654E-4
<666,43,2,op5> 3.580269213381168E-4
<667,26,1,op1> 0.0013080162947997208
<668,26,0,op1> 3.707652360345616E-4
<669,45,4,op1> 2.1213693044461318E-4
<670,24,4,op1> 1.1743294363898228E-4
<671,21,6,op7> 0.001094231241431311
<672,43,3,op4> 3.0628918891182185E-4
<673,42,2,op5> 3.6504705705062883E-4
<674,9,20,op8> 9.501184475237743E-4
<675,21,0,op8> 5.664741654529336E-5
<676,21,2,op8> 8.296403135139372E-5
<677,25,0,op1> 3.649720292215215E-4
<678,44,4,op1> 2.1403101018072578E-4
<679,23,4,op1> 1.1553886390286967E-4
<680,20,6,op7> 0.0011049589987002452
<681,41,2,op5> 3.7206719276314097E-4
<682,20,0,op8> 5.720278337416879E-5
<683,24,0,op1> 3.5917882240848147E-4
<684,43,4,op1> 9.65980665417435E-5
<685,49,3,op4> 6.606237407902042E-4
<686,61,19,op7> 6.841858741320388E-4
<687,22,1,op1> 0.0012262652763747385
<688,22,0,op1> 3.475924087824014E-4
<689,63,28,op5> 0.0011076824292380319
<690,22,3,op1> 3.3883738798175304E-4
<691,61,19,op8> 2.2768777949284429E-4
<692,47,4,op7> 0.0010796254495841918
<693,27,20,op8> 7.624407294943867E-4
<694,23,0,op1> 3.533856155954414E-4
<695,21,5,op4> 0.0016363854492186332
<696,60,19,op7> 6.779089395069742E-4
<697,48,3,op4> 6.666294111610241E-4
<698,21,6,op1> 2.1884624828626218E-4
<699,20,0,op3> 9.869732326036975E-4
<700,20,6,op4> 0.0012589553896769953
<701,47,2,op5> 8.002954712263786E-4
<702,46,4,op7> 0.0010890958482647549
<703,20,6,op1> 2.2099179974004903E-4
<704,49,4,op1> 2.0834877097238792E-4
<705,48,4,op1> 2.1024285070850052E-4
<706,63,19,op8> 2.2351002207095718E-4
<707,45,4,op7> 0.0010606846522230658
<708,80,3,op4> 3.303118703951021E-4
<709,62,19,op7> 6.653550702568451E-4
<710,46,3,op4> 6.906520926443044E-4
<711,61,20,op8> 0.0012785544540752025
<712,65,23,op1> 0.0017312929316537344
<713,62,19,op8> 2.2142114336001369E-4
<714,47,4,op1> 2.1592508991683838E-4
<715,29,13,op5> 0.0011261158112556317
<716,27,19,op8> 1.3577711621132915E-4
<717,45,19,op8> 2.3395441562567488E-4
<718,26,20,op8> 7.507108721175501E-4
<719,65,19,op8> 2.1933226464907016E-4
<720,68,21,op1> 5.743394322708312E-4
<721,3,20,op8> 7.97630301624897E-4
<722,28,26,op5> 0.001130035163075873
<723,43,20,op8> 5.982227262186727E-4
<724,26,19,op8> 1.3368823750038562E-4
<725,65,28,op5> 0.001086978084766293
<726,44,19,op8> 2.3604329433661835E-4
<727,25,20,op8> 7.389810147407134E-4
<728,67,21,op1> 5.451357323248567E-4
<729,43,19,op8> 1.065328142581198E-4
<730,5,19,op8> 1.5666590332076439E-4
<731,63,20,op8> 0.0012550947393215287
<732,27,19,op7> 2.7740248804286247E-4
<733,4,20,op8> 9.031990180164273E-4
<734,27,26,op5> 0.001112913418180784
<735,27,11,op5> 0.001440380688815343
<736,25,19,op8> 1.3159935878944212E-4
<737,47,19,op8> 2.3813217304756182E-4
<738,2,19,op8> 1.4413263105510324E-4
<739,1,20,op8> 8.210900163785704E-4
<740,26,26,op5> 0.001095791673285695
<741,66,20,op8> 6.68601870479693E-4
<742,24,19,op8> 1.2951048007849855E-4
<743,3,27,op5> 8.389633126155053E-4
<744,46,19,op8> 2.402210517585054E-4
<745,23,20,op8> 7.155212999870398E-4
<746,3,19,op8> 1.4204375234415972E-4
<747,25,19,op7> 2.688670268723129E-4
<748,69,21,op1> 5.64604865622173E-4
<749,66,19,op8> 1.1906608652378091E-4
<750,47,19,op7> 7.155705472573617E-4
<751,65,20,op8> 0.0012316350245678554
<752,2,20,op8> 8.093601590017336E-4
<753,29,26,op5> 0.0011471569079709617
<754,42,1,op1> 0.001062763239524773
<755,40,2,op5> 3.790873284756531E-4
<756,7,20,op8> 8.445497311322437E-4
<757,41,19,op7> 3.3267753512842256E-4
<758,8,19,op8> 1.733769330083126E-4
<759,41,4,op4> 0.0034124853603655437
<760,80,27,op5> 6.785732675566586E-4
<761,9,27,op5> 9.99353357674352E-4
<762,41,2,op1> 7.136589070304822E-4
<763,41,24,op5> 0.0023831753214944764
<764,9,19,op8> 1.6919917558642556E-4
<765,6,28,op5> 7.660607454543398E-4
<766,40,2,op1> 7.271241694272838E-4
<767,29,19,op8> 1.3995487363321617E-4
<768,44,19,op7> 7.092936126322972E-4
<769,6,19,op8> 1.5457702460982086E-4
<770,7,28,op5> 7.453564009826008E-4
<771,42,19,op7> 3.2640060050335794E-4
<772,28,19,op8> 1.378659949222727E-4
<773,6,20,op8> 8.680094458859173E-4
<774,43,19,op7> 3.201236658782933E-4
<775,29,19,op7> 2.859379492134121E-4
<776,7,19,op8> 1.5039926718793381E-4
<777,28,20,op8> 7.741705868712236E-4

