<0,16,25,op5> 0.0016670182971005182
<1,13,27,op5> 0.0036368353016085434
<2,61,3,op1> 0.0016870505663976693
<3,15,2,op1> 9.565404868951312E-4
<4,58,3,op2> 0.0028303845142321296
<5,59,6,op7> 0.007416399880789543
<6,50,23,op7> 0.0049970694342407205
<7,74,17,op6> 0.007455095331931142
<8,56,12,op7> 0.003096166940523789
<9,113,0,op6> 0.005746118705937361
<10,19,25,op5> 0.0015971955412010202
<11,68,17,op6> 0.0072106659767858594
<12,101,18,op8> 0.01214086016911867
<13,83,2,op2> 0.007122910851568435
<14,42,0,op7> 0.005296814990737614
<15,114,0,op6> 0.0055309082675127404
<16,21,0,op4> 0.001536402711932448
<17,98,18,op8> 0.012358633445694787
<18,63,3,op2> 0.00295698318260034
<19,72,17,op6> 0.007357323589873029
<20,36,0,op7> 0.004747515658364824
<21,97,18,op8> 0.01246752008398285
<22,61,3,op2> 0.002993154230705543
<23,64,0,op6> 0.006908255073430311
<24,61,22,op7> 0.0048242601166300905
<25,31,16,op7> 0.0011165819109003772
<26,26,16,op7> 9.506897412808925E-4
<27,73,1,op5> 8.012266950049296E-4
<28,78,31,op8> 0.005769877793283905
<29,50,3,op2> 0.003192094995284159
<30,41,1,op5> 0.0035606376952868227
<31,78,17,op6> 0.0063307202982628395
<32,53,3,op2> 0.0031559239471789556
<33,41,2,op1> 0.0031481565167829407
<34,45,1,op5> 8.91133320847067E-4
<35,81,2,op2> 0.007226516827591249
<36,19,3,op1> 0.002432742284932459
<37,66,0,op6> 0.006262623758156448
<38,42,2,op1> 0.0031021980274868383
<39,77,17,op6> 0.006428492040320952
<40,60,24,op5> 0.005015594065950999
<41,13,0,op4> 0.0014752523552386192
<42,71,1,op5> 7.906494449058546E-4
<43,83,2,op1> 0.004014731570884026
<44,68,0,op6> 0.006348707933526297
<45,63,3,op1> 0.0016666632483747369
<46,19,1,op8> 2.513391437996567E-4
<47,24,2,op1> 7.338538126973228E-4
<48,51,1,op5> 9.12287821045217E-4
<49,13,1,op1> 0.001501507944126555
<50,5,0,op4> 0.001322376463504047
<51,70,1,op8> 4.0791106944534445E-4
<52,29,3,op1> 0.0020605194216641045
<53,88,2,op2> 0.00639766901940874
<54,99,18,op8> 0.012031973530830612
<55,64,17,op6> 0.007846182300163597
<56,96,18,op8> 0.01257640672227091
<57,61,1,op5> 8.752674456984544E-4
<58,105,0,op5> 4.5483240370026426E-4
<59,76,0,op6> 0.006650002547320766
<60,66,29,op8> 0.004387620318304821
<61,53,24,op5> 0.005320493401267169
<62,46,24,op5> 0.0052290236006723185
<63,35,0,op7> 0.004669044325168711
<64,80,2,op1> 0.004043929618672275
<65,49,4,op7> 0.008107637151232062
<66,17,3,op1> 0.0024593296323087697
<67,53,3,op1> 0.001778793497500866
<68,11,0,op8> 0.0013887060766271573
<69,45,3,op2> 0.003047410802863347
<70,86,2,op2> 0.007278319815602656
<71,71,0,op6> 0.0064347921088961455
<72,90,2,op2> 0.006294063043385926
<73,84,2,op2> 0.007381925791625469
<74,60,3,op1> 0.0016768569073862033
<75,20,25,op5> 0.0017717524309497654
<76,93,18,op8> 0.01290306663713509
<77,63,24,op5> 0.0049851041324193825
<78,20,16,op7> 0.0012952350166444376
<79,54,3,op2> 0.003174009471231558
<80,69,17,op6> 0.007161780105756802
<81,72,1,op5> 7.959380699553922E-4
<82,84,2,op1> 0.004160721809825263
<83,32,1,op3> 0.0024832885897883125
<84,53,18,op7> 0.0011952644468068586
<85,52,1,op5> 9.175764460947544E-4
<86,73,0,op6> 0.006520876284265994
<87,62,1,op5> 8.594015705498422E-4
<88,115,0,op6> 0.0056169924428825894
<89,69,0,op6> 0.006305665845841373
<90,47,24,op5> 0.0051985336671407
<91,65,17,op6> 0.007895068171192652
<92,44,10,op7> 0.006552353292736392
<93,54,3,op1> 0.0017889871565123325
<94,1,0,op1> 2.3748463519222948E-4
<95,30,3,op1> 0.0021934561585456596
<96,104,0,op5> 4.5910313049557185E-4
<97,100,18,op8> 0.01224974680740673
<98,71,1,op8> 4.106579453338652E-4
<99,17,25,op5> 0.0016146512301758948
<100,92,18,op8> 0.01301195327542315
<101,94,18,op8> 0.01279417999884703
<102,72,0,op6> 0.006477834196581069
<103,23,0,op4> 0.0010930626259021893
<104,70,17,op6> 0.007259551847814914
<105,61,24,op5> 0.005046083999482615
<106,12,4,op1> 0.0018101691060883308
<107,51,3,op2> 0.003119752899073753
<108,1,26,op5> 0.004383436386582056
<109,85,2,op1> 0.004189919857613511
<110,54,24,op5> 0.005350983334798787
<111,41,0,op7> 0.005375286323933727
<112,91,18,op8> 0.013120839913711208
<113,81,2,op1> 0.0040731276664605215
<114,85,2,op2> 0.007433728779636875
<115,51,3,op1> 0.0017584061794779335
<116,2,6,op1> 0.001655838525107443
<117,19,8,op7> 0.0024141277292645653
<118,63,1,op5> 8.646901955993796E-4
<119,22,8,op7> 0.0018600656274661404
<120,25,25,op5> 0.0012829931396532786
<121,107,0,op5> 4.46290950109649E-4
<122,76,17,op6> 0.007552867073989257
<123,43,2,op1> 0.0030562395381907373
<124,86,2,op1> 0.004102325714248769
<125,79,2,op2> 0.006604880971454366
<126,8,0,op3> 6.803832495719674E-4
<127,70,1,op5> 7.853608198563171E-4
<128,77,0,op6> 0.005660034530567512
<129,52,3,op2> 0.0031378384231263543
<130,80,2,op2> 0.007174713839579842
<131,64,1,op5> 8.48824320450767E-4
<132,44,24,op5> 0.005168043733609084
<133,7,0,op3> 6.277569208757932E-4
<134,50,1,op5> 9.334423212433669E-4
<135,38,1,op5> 0.0034046973582669616
<136,55,24,op5> 0.004863144398292914
<137,106,0,op5> 4.505616769049566E-4
<138,70,0,op6> 0.006391750021211223
<139,43,0,op7> 0.005218343657541501
<140,89,2,op1> 0.003635156949636809
<141,52,3,op1> 0.0017685998384893995
<142,87,2,op1> 0.004131523762037016
<143,116,0,op6> 0.005401782004457969
<144,42,1,op3> 0.0019604909919381415
<145,23,25,op5> 0.0012480817617035295
<146,75,17,op6> 0.007503981202960199
<147,75,1,op5> 8.118039451040047E-4
<148,23,16,op7> 9.124069329071654E-4
<149,49,24,op5> 0.005076573933014232
<150,15,0,op4> 0.0014446771768917047
<151,5,12,op1> 6.912723939768936E-4
<152,74,1,op8> 4.188985729994278E-4
<153,69,1,op5> 7.747835697572423E-4
<154,37,2,op1> 0.0029643225595985343
<155,87,2,op2> 0.007330122803614062
<156,75,0,op6> 0.006606960459635842
<157,14,0,op8> 0.0013746075377781505
<158,70,40,op8> 0.003005362843325736
<159,3,0,op4> 0.0012000757501163895
<160,60,3,op2> 0.0029750687066529414
<161,60,21,op7> 0.0032689762581344195
<162,88,2,op1> 0.0036059589018485622
<163,33,2,op1> 0.0028264470917102307
<164,24,25,op5> 0.0012655374506784038
<165,45,8,op7> 0.008453255786453322
<166,10,27,op5> 0.004616708025357996
<167,24,16,op7> 9.251678690317411E-4
<168,0,27,op5> 0.0030715241148300126
<169,116,2,op8> 0.004638939859210108
<170,20,0,op4> 0.0015516903011059046
<171,4,13,op1> 4.983591677507837E-4
<172,46,3,op2> 0.0031016673750211515
<173,76,1,op5> 8.170925701535422E-4
<174,18,8,op7> 0.0024668955484834624
<175,7,10,op1> 0.001462925298881333
<176,75,1,op8> 4.216454488879486E-4
<177,34,0,op7> 0.00490445832475705
<178,17,2,op1> 9.362962437862395E-4
<179,50,3,op1> 0.0017991808155237985
<180,11,27,op5> 0.003712210126512347
<181,21,16,op7> 0.001282474080519862
<182,103,0,op5> 4.6337385729087956E-4
<183,3,26,op5> 0.0042745311347415086
<184,22,1,op8> 1.936547501407191E-4
<185,21,25,op5> 0.001754296741974891
<186,117,0,op6> 0.005444824092142893
<187,40,1,op5> 0.003612617807626776
<188,8,0,op1> 2.669858321105188E-4
<189,89,2,op2> 0.006449472007420146
<190,72,1,op8> 4.134048212223862E-4
<191,74,1,op5> 8.06515320054467E-4
<192,9,0,op8> 0.001261819226986097
<193,22,16,op7> 8.996459967825898E-4
<194,22,25,op5> 0.001230626072728655
<195,62,3,op2> 0.0029388976585477383
<196,102,0,op5> 4.676445840861872E-4
<197,12,26,op5> 0.005418036279067262
<198,74,0,op6> 0.006563918371950917
<199,39,2,op1> 0.0029183640703024337
<200,73,1,op8> 4.1615169711090705E-4
<201,60,1,op5> 8.69978820648917E-4
<202,62,3,op1> 0.0016564695893632705
<203,37,1,op3> 0.0018733580589631131
<204,57,3,op2> 0.002848470038284731
<205,90,2,op1> 0.003547562806272067
<206,18,1,op8> 2.5683289557669833E-4
<207,78,1,op8> 3.5572042756344853E-4
<208,0,0,op4> 0.0012459385176367612
<209,58,7,op7> 0.0072435905631789135
<210,34,2,op1> 0.002872405581006332
<211,15,0,op8> 0.0013323119212311305
<212,38,0,op7> 0.005139872324345388
<213,24,8,op7> 0.0019128334466850376
<214,114,30,op8> 0.005141578941020686
<215,26,0,op4> 0.0011389253934225609
<216,76,46,op8> 0.0033823421546836686
<217,19,0,op4> 0.001398814409371333
<218,2,0,op1> 2.345345155004005E-4
<219,59,1,op5> 8.223811952030796E-4
<220,24,1,op8> 1.9914850191776073E-4
<221,11,3,op1> 0.001385760008390889
<222,2,2,op1> 4.3194098606373155E-5
<223,20,3,op1> 0.002698615758695569
<224,56,24,op5> 0.004832654464761297
<225,1,0,op3> 6.052027800060041E-4
<226,82,2,op2> 0.007071107863557028
<227,68,1,op8> 4.051641935568236E-4
<228,28,2,op1> 7.743422989151062E-4
<229,28,3,op1> 0.0020339320742877934
<230,113,37,op8> 0.0018744249092519402
<231,95,18,op8> 0.012685293360558967
<232,27,0,op4> 0.0011542129825960182
<233,39,0,op7> 0.004982929657953163
<234,25,8,op7> 0.0019392173562944866
<235,1,7,op1> 0.0016172558798622208
<236,25,1,op8> 2.0189537780628163E-4
<237,0,0,op3> 6.127208269626005E-4
<238,69,1,op8> 4.024173176683027E-4
<239,1,2,op1> 4.3737420601421874E-5
<240,29,2,op1> 7.844644204695521E-4
<241,2,0,op4> 0.0012153633392898466
<242,0,0,op8> 0.001149030916194044
<243,16,1,op8> 2.6232664735374007E-4
<244,76,1,op8> 4.2439232477646944E-4
<245,0,1,op8> 2.2387038491444833E-4
<246,57,1,op5> 8.329584453021546E-4
<247,2,26,op5> 0.0043289837606617825
<248,26,8,op7> 0.001965601265903935
<249,117,28,op8> 0.004261960547852176
<250,37,1,op5> 0.0033527172459270073
<251,28,0,op4> 0.001169500571769475
<252,4,0,op1> 2.6108559272686096E-4
<253,9,0,op4> 0.0013682392310244184
<254,3,0,op3> 5.901666860928114E-4
<255,4,2,op1> 4.808399656181163E-5
<256,79,2,op1> 0.003722751093001551
<257,23,8,op7> 0.0018864495370755892
<258,18,3,op1> 0.002485916979685081
<259,39,1,op3> 0.0018443137479714367
<260,26,1,op8> 2.0464225369480244E-4
<261,77,1,op5> 6.954541940141799E-4
<262,59,3,op2> 0.002812298990179528
<263,18,0,op4> 0.0014293895877182474
<264,16,8,op7> 0.00251966336770236
<265,1,0,op4> 0.0012306509284633039
<266,17,1,op8> 2.540860196881775E-4
<267,57,9,op7> 0.008280446468842694
<268,78,0,op6> 0.005573950355197664
<269,58,1,op5> 8.27669820252617E-4
<270,27,8,op7> 0.0019919851755133846
<271,77,1,op8> 3.612141793404902E-4
<272,3,2,op1> 4.2650776611324436E-5
<273,37,0,op7> 0.005061400991149275
<274,115,33,op8> 9.948065160834318E-4
<275,3,0,op1> 2.3158439580857156E-4
<276,29,0,op4> 0.0011847881609429326
<277,21,3,op1> 0.0026720284113192585
<278,3,5,op1> 0.0017330038155978869
<279,36,2,op1> 0.0027804886024141297
<280,39,1,op5> 0.0033007371335870544
<281,27,1,op8> 2.073891295833233E-4
<282,2,0,op3> 5.976847330494078E-4
<283,78,1,op5> 6.848769439151049E-4
<284,17,8,op7> 0.0024405116388740134
<285,55,1,op5> 8.435356954012296E-4
<286,18,2,op1> 9.464183653406854E-4
<287,41,1,op3> 0.001989535302929818
<288,28,8,op7> 0.0020183690851228327
<289,42,1,op5> 0.0035086575829468684
<290,57,3,op1> 0.0016055012943059388
<291,50,24,op5> 0.005381473268330403
<292,48,5,op7> 0.007762018516010803
<293,109,0,op5> 4.377494965190337E-4
<294,14,1,op8> 2.6782039913078175E-4
<295,65,1,op5> 8.541129455003045E-4
<296,67,17,op6> 0.007064008363698689
<297,45,24,op5> 0.005137553800077467
<298,64,1,op8> 4.408735801075945E-4
<299,112,36,op8> 7.434869751781439E-4
<300,16,0,op4> 0.0014599647660651618
<301,28,1,op8> 2.1013600547184412E-4
<302,65,0,op6> 0.0069512971611152335
<303,19,2,op1> 9.261741222317937E-4
<304,56,1,op5> 8.382470703516922E-4
<305,108,0,op5> 4.420202233143413E-4
<306,30,8,op7> 0.0021766725427795255
<307,43,1,op5> 0.003456677470606915
<308,58,3,op1> 0.001595307635294473
<309,29,8,op7> 0.0020447529947322817
<310,10,0,op3> 9.209607521830499E-4
<311,67,0,op6> 0.006219581670471525

