<0,12,0,op3> 0.0011603025234306937
<1,58,20,op8> 0.0012515968211024632
<2,25,1,op1> 0.0015436734794925465
<3,42,0,op7> 0.00622070982228276
<4,24,7,op7> 0.003740841027773326
<5,70,21,op6> 0.0038723510160234937
<6,35,20,op7> 0.10336304127219005
<7,9,20,op4> 0.008702294566605798
<8,40,4,op4> 0.004168409724111004
<9,6,6,op7> 9.517488732857658E-4
<10,48,19,op7> 8.353188798920812E-4
<11,16,20,op4> 0.010421266332848919
<12,80,22,op1> 8.585747987113204E-4
<13,73,0,op1> 0.0018114451062247222
<14,49,0,op1> 0.004390063734658802
<15,24,7,op5> 0.00474103608854755
<16,64,23,op6> 0.008634667125664248
<17,6,6,op4> 0.0010843926109942242
<18,11,20,op4> 0.010743573539019505
<19,19,20,op4> 0.009884087655897945
<20,9,0,op7> 5.195298433654204E-4
<21,23,5,op5> 0.005117807168432123
<22,12,20,op8> 0.0014203514486668403
<23,41,0,op7> 0.00634033885732666
<24,5,2,op6> 0.003962069564360759
<25,52,3,op4> 8.496209489796934E-4
<26,73,5,op1> 4.978535226063458E-4
<27,39,1,op1> 0.0011761321748514637
<28,72,0,op1> 0.0017683154608384194
<29,80,22,op6> 0.0036060141545875453
<30,28,12,op5> 0.0019152529894132485
<31,42,23,op5> 0.0026687951491823955
<32,36,4,op4> 0.0034736747700925036
<33,36,0,op7> 0.005383306576975466
<34,50,4,op7> 0.0013738374336577366
<35,5,6,op4> 0.001099046565196849
<36,70,5,op7> 0.0023410969217798404
<37,32,26,op5> 0.0015600672771420088
<38,65,5,op4> 0.0020195585549937774
<39,21,6,op4> 0.0014947033286677148
<40,40,0,op7> 0.006459967892370558
<41,51,2,op5> 9.84720735144562E-4
<42,53,4,op1> 2.702258753806127E-4
<43,15,2,op3> 0.0010168126881989576
<44,10,2,op6> 0.00612800092621131
<45,47,0,op1> 0.004549702415919122
<46,32,4,op7> 8.629061566775867E-4
<47,46,2,op5> 9.678879020651679E-4
<48,69,3,op4> 4.1761029695612045E-4
<49,12,6,op4> 0.0014800493744650898
<50,10,6,op4> 0.0016998586875044597
<51,8,2,op3> 8.791193033386821E-4
<52,72,3,op4> 5.904145577655495E-4
<53,53,0,op1> 0.0047492507674945245
<54,71,21,op6> 0.003921368117492144
<55,75,19,op4> 0.002912220152687209
<56,34,8,op5> 0.005682963788258983
<57,10,5,op4> 0.002231131355993126
<58,35,1,op5> 0.004364265008662976
<59,0,1,op3> 0.001034934971239263
<60,53,3,op4> 8.568211265134198E-4
<61,33,0,op1> 3.1949096246154863E-4
<62,16,6,op7> 0.0012475627122799902
<63,66,2,op3> 6.037325336181311E-4
<64,55,19,op7> 6.998617642339061E-4
<65,13,5,op4> 0.0018849213179941923
<66,63,5,op7> 0.0031708527927904163
<67,51,4,op7> 0.00132842132014839
<68,69,5,op1> 3.437560037043816E-4
<69,6,0,op3> 8.501226409294192E-4
<70,26,1,op4> 0.002169141094830964
<71,79,22,op6> 0.0026881196425107157
<72,71,5,op7> 0.0023707310600302183
<73,23,5,op7> 0.004038126407463921
<74,71,0,op1> 0.0017251858154521164
<75,37,21,op5> 0.0021036385293555352
<76,52,2,op5> 9.931371516842594E-4
<77,54,4,op1> 2.7249668105608E-4
<78,54,0,op1> 0.0047891604378096034
<79,39,20,op5> 0.002292024069297822
<80,19,6,op7> 0.0011832553559768982
<81,4,5,op4> 0.001481009606995437
<82,67,21,op6> 0.0027449576822445015
<83,12,28,op5> 0.0012535295493960295
<84,79,1,op3> 5.976385045184475E-4
<85,74,19,op4> 0.002878357127655962
<86,37,2,op1> 7.910293800082628E-4
<87,35,0,op7> 0.005263677541931566
<88,74,22,op1> 0.0013268883252811317
<89,80,19,op4> 0.0018624663767185631
<90,49,20,op8> 0.0015469174193401228
<91,32,0,op1> 5.278546336321239E-4
<92,73,3,op4> 6.04814912833002E-4
<93,72,21,op1> 9.570005524832022E-4
<94,50,3,op4> 8.712214815808718E-4
<95,42,4,op4> 0.00401402417877356
<96,7,6,op7> 9.260259307645287E-4
<97,51,0,op1> 0.004669431426864362
<98,61,4,op7> 0.001237589093129697
<99,59,20,op8> 0.0012375339354720985
<100,71,5,op1> 4.741462120060437E-4
<101,37,2,op5> 4.1240441044515855E-4
<102,76,19,op4> 0.002946083177718455
<103,64,28,op5> 0.0012907631003681885
<104,51,4,op1> 2.6568426402967803E-4
<105,55,20,op8> 0.0013078483636239223
<106,37,1,op1> 0.0012006349284942026
<107,45,0,op1> 0.0044698830752889634
<108,7,5,op4> 0.0013848401519957329
<109,37,0,op7> 0.0058618227171510625
<110,70,3,op4> 5.68814025164371E-4
<111,51,3,op4> 8.424207714459671E-4
<112,72,5,op1> 4.859998673061947E-4
<113,30,20,op8> 0.001026590651016627
<114,44,20,op8> 0.0015891060762312172
<115,27,11,op7> 0.001362557990248562
<116,50,2,op5> 0.0010183864013033506
<117,52,0,op1> 0.004709341097179443
<118,71,3,op4> 5.760142026980971E-4
<119,23,1,op4> 0.002067462606010762
<120,38,2,op1> 8.071728367431254E-4
<121,52,4,op1> 2.6795506970514536E-4
<122,76,1,op3> 0.0012681597534903641
<123,65,2,op3> 0.00111213887771761
<124,49,2,op5> 9.258058193666824E-4
<125,64,5,op7> 0.003081950378039283
<126,39,19,op7> 3.612189750884676E-4
<127,76,3,op4> 6.264154454341807E-4
<128,63,2,op6> 0.005652552578488018
<129,18,1,op3> 0.001384772144615915
<130,10,28,op5> 0.001439697304256826
<131,66,5,op4> 0.001096331786996622
<132,61,2,op5> 9.173894028269854E-4
<133,77,1,op3> 6.267916022998352E-4
<134,44,0,op1> 0.004509792745604043
<135,29,13,op7> 0.001065272610557967
<136,53,4,op7> 0.0013511293769030636
<137,66,23,op6> 0.004732461790027522
<138,50,0,op1> 0.004829070108124683
<139,77,3,op4> 3.0960763395022727E-4
<140,35,2,op5> 3.703223277466729E-4
<141,50,4,op1> 2.7476748673154735E-4
<142,11,27,op5> 0.0014791620992017154
<143,34,8,op7> 0.004484054476999814
<144,80,1,op3> 8.017101889881613E-4
<145,21,0,op3> 0.0011717906672270373
<146,20,15,op7> 7.679872308673714E-4
<147,37,19,op7> 3.6874437040281064E-4
<148,10,19,op8> 2.9050454151493215E-4
<149,74,1,op3> 0.0012390066557089767
<150,74,3,op4> 6.120150903667282E-4
<151,17,28,op5> 0.0011666512637943246
<152,72,5,op7> 0.0024299993365309736
<153,73,5,op7> 0.002489267613031729
<154,31,1,op1> 0.0019112147841336287
<155,17,2,op6> 0.004965793853998818
<156,0,0,op7> 4.553903565301832E-4
<157,38,22,op5> 0.002480409609240109
<158,13,2,op6> 0.005177104230764726
<159,38,19,op7> 3.7626976571715373E-4
<160,41,1,op1> 0.0012986459430651578
<161,75,1,op3> 0.0012535832045996705
<162,75,3,op4> 6.192152679004545E-4
<163,38,0,op7> 0.005981451752194962
<164,4,2,op6> 0.004067724752743713
<165,65,23,op6> 0.00871769277110333
<166,11,19,op8> 2.5043494958183803E-4
<167,30,1,op1> 0.0017887010159199344
<168,45,2,op5> 9.426386524460767E-4
<169,10,20,op8> 0.0016312947331223115
<170,58,4,op7> 0.0010105085255829635
<171,65,2,op6> 0.005546897390105063
<172,24,4,op7> 7.039497593948733E-4
<173,37,4,op4> 0.003782445860767393
<174,25,9,op5> 0.005494578248316697
<175,74,22,op6> 0.005572930966180753
<176,32,1,op1> 0.001862209276848151
<177,28,0,op1> 4.584000765752655E-4
<178,59,2,op5> 7.406446554933458E-4
<179,28,3,op1> 4.468540758455785E-4
<180,6,2,op3> 7.837931138200299E-4
<181,46,20,op8> 0.0016172318474919466
<182,20,20,op4> 0.011065880745190089
<183,28,1,op1> 0.0016171817404207628
<184,25,4,op7> 7.153037877722101E-4
<185,27,1,op4> 0.0022030339244376975
<186,2,2,op6> 0.003645103999211899
<187,59,4,op7> 9.991544972056266E-4
<188,25,9,op7> 0.004335411787154517
<189,18,6,op4> 0.0013921256492493417
<190,29,3,op1> 4.5362459214626894E-4
<191,29,1,op1> 0.0016416844940635013
<192,7,2,op6> 0.003803586781786329
<193,63,23,op6> 0.008883744061981487
<194,29,0,op1> 4.653455322809513E-4
<195,56,4,op7> 0.0010332165823376367
<196,57,3,op4> 6.480159780353593E-4
<197,61,0,op1> 0.004350154064343723
<198,26,3,op7> 0.002166565216220986
<199,78,3,op4> 3.02407456416501E-4
<200,28,12,op7> 0.00151120068009386
<201,35,3,op7> 0.0029976275785468364
<202,34,1,op1> 0.001151629421208725
<203,12,6,op7> 0.001299008597322464
<204,59,4,op1> 1.9983089944112536E-4
<205,57,2,op5> 7.574774885727401E-4
<206,0,20,op8> 9.984648797558976E-4
<207,28,1,op4> 0.0022369267540444313
<208,78,1,op3> 6.122150534091413E-4
<209,75,22,op6> 0.0056384948599005275
<210,58,3,op4> 6.408158005016332E-4
<211,57,4,op7> 0.0010218625539603
<212,39,4,op4> 0.0037052530880986707
<213,27,3,op7> 0.0022004177977244395
<214,79,3,op4> 2.9520727888277475E-4
<215,60,19,op8> 2.704697455483851E-4
<216,58,2,op5> 7.490610720330431E-4
<217,46,4,op1> 2.6114265267874337E-4
<218,30,1,op4> 0.002474176561291568
<219,29,1,op4> 0.002270819583651165
<220,59,3,op4> 6.33615622967907E-4
<221,55,2,op5> 7.827267381918314E-4
<222,12,2,op6> 0.005335587013339157
<223,60,20,op8> 0.0015187916480793933
<224,0,0,op1> 4.931273551036947E-4
<225,17,20,op8> 0.0013219112492542867
<226,63,23,op1> 0.00211517715761464
<227,25,1,op4> 0.00213524826522423
<228,57,4,op1> 2.0437251079206E-4
<229,51,20,op8> 0.001645357618752676
<230,54,4,op7> 0.0013624834052804002
<231,11,20,op8> 0.0014062885630364752
<232,28,3,op7> 0.0022342703792278926
<233,14,20,op8> 0.0013922256774061106
<234,20,20,op8> 0.0014484772199275697
<235,56,3,op4> 6.552161555690855E-4
<236,30,16,op7> 9.166299207126692E-4
<237,26,10,op5> 0.004175879468720689
<238,58,0,op1> 0.0035519606580421224
<239,56,2,op5> 7.658939051124372E-4
<240,40,25,op5> 0.003045566229066969
<241,72,21,op6> 0.004019402320429449
<242,58,4,op1> 2.0210170511659269E-4
<243,55,4,op7> 0.00105592463909231
<244,77,19,op4> 0.0014561100763436044
<245,29,3,op7> 0.0022681229607313448
<246,21,2,op3> 0.0010803634812113928
<247,59,0,op1> 0.0035120509877270426
<248,8,28,op5> 0.0010301282435630737
<249,55,0,op1> 0.0037115993393024424
<250,55,4,op1> 2.11184927818462E-4
<251,2,6,op7> 8.874415169826735E-4
<252,57,0,op1> 0.003591870328357202
<253,32,1,op4> 0.00257585505011177
<254,53,2,op5> 0.0010015535682239565
<255,52,4,op7> 0.0013397753485257268
<256,54,3,op4> 8.640213040471457E-4
<257,56,0,op1> 0.003631779998672282
<258,56,4,op1> 2.0664331646752737E-4
<259,54,2,op5> 0.0010099699847636535
<260,55,3,op4> 6.696165106365379E-4
<261,20,1,op3> 0.0015013845357414657
<262,43,0,op1> 0.002035393186069081
<263,8,0,op8> 5.526367248608537E-5
<264,31,1,op4> 0.002643640709325237
<265,33,20,op8> 6.468927389967785E-4
<266,67,5,op7> 0.0016595117420211527
<267,3,20,op4> 0.007305630006533262
<268,8,6,op7> 0.0010675021146313319
<269,11,0,op3> 0.0011488143796343502
<270,48,0,op1> 0.004429973404973882
<271,16,0,op7> 6.221530223017997E-4
<272,31,19,op7> 3.990922655849821E-4
<273,44,4,op7> 0.0012830052066390434
<274,11,1,op3> 0.0014576548890693842
<275,12,6,op1> 2.598017194644928E-4
<276,57,20,op8> 0.001265659706732828
<277,21,2,op6> 0.005388414607530635
<278,10,0,op7> 7.4401804728875E-4
<279,15,2,op6> 0.005071449042381772
<280,1,1,op3> 0.001020358422348569
<281,29,20,op8> 9.422133372344384E-4
<282,11,6,op4> 0.001465395420262465
<283,8,0,op7> 5.323577407324677E-4
<284,32,4,op1> 1.7258123133551736E-4
<285,33,3,op7> 0.0015572187491588337
<286,13,0,op1> 6.806546591572124E-4
<287,52,19,op7> 8.879966470924827E-4
<288,10,2,op3> 0.0012286486649070738
<289,9,6,op4> 0.0011869702904125968
<290,7,0,op8> 4.7939571313230675E-5
<291,7,2,op8> 7.021079406548331E-5
<292,9,0,op8> 5.393201772738452E-5
<293,10,0,op3> 0.0013326246803758463
<294,11,0,op1> 6.94545570568584E-4
<295,24,20,op8> 8.718989090826146E-4
<296,11,6,op1> 2.572294252123691E-4
<297,52,20,op8> 0.0016594205043830408
<298,9,6,op7> 0.0010417791721100951
<299,31,0,op1> 5.417455450434955E-4
<300,12,0,op1> 7.014910262742698E-4
<301,31,3,op1> 5.281002714538655E-4
<302,8,2,op8> 8.093744315882104E-5
<303,11,6,op7> 0.0012861471260618455
<304,69,21,op6> 0.0028429918851818055
<305,33,1,op4> 0.0015590701619097552
<306,7,0,op1> 5.000728108093805E-4
<307,1,20,op4> 0.007520501477313653
<308,6,0,op7> 4.746322025807543E-4
<309,77,22,op6> 0.0028192474299502633
<310,18,0,op3> 0.0010913736606526325
<311,18,20,op4> 0.010206394862068528
<312,11,0,op7> 6.413948683523706E-4
<313,0,20,op4> 0.007627937212703847
<314,8,20,op8> 0.0011672195073202747
<315,35,1,op1> 0.0010781211602805083
<316,13,0,op3> 0.0011258380920416632
<317,13,2,op3> 0.0010379962858697693
<318,50,20,op8> 0.0017016091612741349
<319,14,6,op1> 2.5465713096024545E-4
<320,15,0,op1> 6.667637477458407E-4
<321,14,0,op3> 0.0011373262358380068
<322,8,0,op3> 9.535159350965107E-4
<323,9,6,op1> 2.0835583442201902E-4
<324,15,0,op7> 6.157390736182759E-4
<325,34,3,op1> 3.182142661324574E-4
<326,1,0,op1> 4.8618189939800884E-4
<327,6,2,op6> 0.0039092419701692825
<328,13,6,op4> 0.0014360875118572159
<329,11,0,op8> 6.65827379350426E-5
<330,51,19,op8> 2.930088910107505E-4
<331,35,4,op4> 0.003396481997423782
<332,7,6,op4> 0.0010550847025889748
<333,5,0,op8> 4.9937053451281954E-5
<334,44,2,op5> 9.510550689857737E-4
<335,5,2,op8> 7.313624381821178E-5
<336,31,3,op7> 0.0026405013572693274
<337,69,5,op7> 0.001718780018521908
<338,9,0,op1> 5.625819121605531E-4
<339,10,6,op7> 0.001491930666231741
<340,17,6,op1> 2.4179565969962698E-4
<341,8,2,op6> 0.004384690317892574
<342,34,0,op1> 3.264364181672345E-4
<343,1,0,op7> 4.4897640784665946E-4
<344,13,6,op1> 2.5208483670812175E-4
<345,12,2,op3> 0.0010697716823759866
<346,9,1,op3> 0.0011807004601462013
<347,14,0,op1> 6.876001148628982E-4
<348,9,0,op3> 9.305396475038238E-4
<349,76,22,op6> 0.0057040587536203
<350,5,20,op8> 0.0010547164222773563
<351,33,3,op1> 3.114437498317668E-4
<352,73,21,op6> 0.004117436523366752
<353,7,0,op7> 4.618043052137068E-4
<354,8,5,op4> 0.0015964129529950812
<355,10,2,op8> 1.1311739043883423E-4
<356,33,1,op1> 0.001127126667565986
<357,10,0,op8> 7.723597600464943E-5
<358,26,10,op7> 0.0032949129582374318
<359,12,5,op4> 0.0019426229909940147
<360,6,2,op8> 7.216109390063563E-5
<361,8,6,op4> 0.0012162781988178462
<362,6,0,op8> 4.927122607193154E-5
<363,30,3,op7> 0.002471238449752062
<364,78,22,op6> 0.00275368353623049
<365,4,0,op7> 4.938740486313254E-4
<366,51,19,op7> 8.804712517781396E-4
<367,4,6,op7> 9.903332870676213E-4
<368,3,0,op8> 4.5276261795828984E-5
<369,78,19,op4> 0.0014222470513123575
<370,33,6,op7> 0.003889483717618623
<371,5,5,op4> 0.0014425418249955553
<372,79,27,op5> 6.064564606727033E-4
<373,2,5,op4> 0.001327138478995911
<374,47,20,op8> 0.0016031689618615818
<375,7,6,op1> 1.8520518615290578E-4
<376,5,6,op7> 9.646103445463843E-4
<377,36,2,op1> 7.264555530688128E-4
<378,36,1,op1> 0.0011026239139232473
<379,5,0,op7> 4.8104615126427807E-4
<380,17,6,op4> 0.0013774716950467173
<381,34,1,op4> 0.001592962991516489
<382,50,19,op7> 9.105728330355119E-4
<383,33,6,op5> 0.004929421628489836
<384,4,2,op8> 7.508654365336409E-5
<385,6,5,op4> 0.0014233079339956145
<386,4,0,op8> 5.12687082099828E-5
<387,8,6,op1> 2.135004229262664E-4
<388,35,2,op1> 7.103120963339503E-4
<389,7,2,op3> 7.62609516149218E-4
<390,7,0,op3> 8.271463533367321E-4
<391,50,19,op8> 3.03026288994024E-4
<392,8,0,op1> 5.764728235719247E-4
<393,5,6,op1> 1.9292206890927688E-4
<394,39,2,op1> 7.748859232734003E-4
<395,4,2,op3> 8.155685103262472E-4
<396,10,6,op1> 2.983861332463482E-4
<397,31,19,op8> 1.953392606738337E-4
<398,10,0,op1> 8.056728618595575E-4
<399,2,0,op7> 4.425624591631357E-4
<400,79,22,op1> 6.400284863120752E-4
<401,49,4,op7> 0.0012489431215070334
<402,3,6,op4> 9.964688857784763E-4
<403,1,0,op8> 4.6607916554529826E-5
<404,5,0,op1> 5.20909177926438E-4
<405,77,27,op5> 6.360397026567377E-4
<406,17,0,op3> 0.0010798855168562892
<407,4,0,op3> 8.845870723184497E-4
<408,36,2,op5> 3.7873874428637005E-4
<409,3,0,op7> 4.361485104796121E-4
<410,6,6,op1> 1.9034977465715315E-4
<411,3,1,op3> 9.912053245671813E-4
<412,13,20,op8> 0.0013781627917757457
<413,38,1,op1> 0.0012251376821369412
<414,3,6,op7> 8.745800457220552E-4
<415,79,19,op4> 0.0013883840262811109
<416,48,4,op7> 0.00126029714988437
<417,2,2,op8> 6.728534431275484E-5
<418,34,3,op7> 0.001591071330662287
<419,4,6,op4> 0.0011283544736020981
<420,2,0,op8> 4.5942089175179395E-5
<421,6,0,op1> 5.139637222207522E-4
<422,5,2,op3> 7.943849126554356E-4
<423,25,26,op5> 0.0012932136639466649
<424,78,27,op5> 6.212480816647205E-4
<425,5,0,op3> 8.616107847257626E-4
<426,60,4,op7> 0.0012262350647523602
<427,22,26,op5> 0.0012316320609015857
<428,75,27,op5> 0.0012720794053134755
<429,64,23,op1> 0.0020558731251581544
<430,16,1,op3> 0.0014139252423973029
<431,77,22,op1> 6.71249388083396E-4
<432,4,19,op8> 1.928349111780153E-4
<433,56,19,op7> 6.848109736052198E-4
<434,13,19,op8> 2.454262505902013E-4
<435,34,20,op8> 6.609556246271434E-4
<436,64,19,op8> 2.6045234756511156E-4
<437,36,19,op7> 3.386427891454383E-4
<438,54,20,op8> 0.0016875462756437702
<439,14,28,op5> 0.0012287071820812569
<440,55,19,op8> 2.329045031111094E-4
<441,54,19,op8> 3.005219394982057E-4
<442,76,27,op5> 0.0012868710263054923
<443,34,19,op8> 1.1770442630346391E-4
<444,12,19,op8> 2.5293929907765645E-4
<445,36,19,op5> 4.081686698749546E-4
<446,31,20,op8> 0.0010969050791684509
<447,78,22,op1> 6.556389371977357E-4
<448,53,20,op8> 0.001673483390013406
<449,13,28,op5> 0.0012162959984238703
<450,33,19,op8> 1.152000768076455E-4
<451,53,19,op8> 2.9801759000238736E-4
<452,54,19,op7> 9.030474377211689E-4
<453,32,20,op8> 0.0010687793079077214
<454,15,19,op8> 2.4041755159856455E-4
<455,75,22,op1> 0.0013424987761667924
<456,62,20,op8> 0.0014906658768186639
<457,21,20,op8> 0.0014344143342972051
<458,16,27,op5> 0.0014347872362256643
<459,34,19,op7> 2.4047867285248922E-4
<460,53,19,op7> 8.955220424068259E-4
<461,34,26,op5> 9.647784477062421E-4
<462,74,27,op5> 0.0012572877843214582
<463,52,19,op8> 2.9551324050656894E-4
<464,14,2,op6> 0.005229931824956203
<465,14,19,op8> 2.4793060008601966E-4
<466,76,22,op1> 0.0013581092270524523
<467,33,19,op7> 2.353621053449894E-4
<468,15,28,op5> 0.001191473631109097
<469,33,26,op5> 9.442512466912155E-4
<470,28,19,op7> 3.376934554949849E-4
<471,32,19,op8> 1.9033056168219696E-4
<472,73,21,op1> 9.803420293730363E-4
<473,17,19,op8> 2.3540885260692781E-4
<474,15,6,op4> 0.0014067796034519665
<475,45,19,op7> 8.428442752064244E-4
<476,16,20,op8> 0.001364099906145381
<477,2,28,op5> 8.563716723596638E-4
<478,59,19,op8> 2.203827556320175E-4
<479,70,5,op1> 4.6821938435596814E-4
<480,18,27,op5> 0.00140520399424163
<481,70,0,op1> 0.001703620992758965
<482,32,19,op7> 3.8885913056998264E-4
<483,32,17,op7> 4.7070185117677605E-4
<484,30,19,op7> 3.735094280474832E-4
<485,22,4,op5> 0.005306192708374409
<486,59,19,op7> 6.622347876621906E-4
<487,16,19,op8> 2.4292190109438292E-4
<488,15,20,op8> 0.0013500370205150162
<489,30,19,op8> 1.8281751319474177E-4
<490,58,19,op8> 2.228871051278359E-4
<491,32,17,op5> 5.965542098172414E-4
<492,31,26,op5> 0.0016011216791720613
<493,31,18,op7> 6.193445410220737E-4
<494,45,20,op8> 0.0015750431906008527
<495,71,21,op1> 9.336590755933678E-4
<496,58,19,op7> 6.697601829765337E-4
<497,30,3,op1> 4.942476899504125E-4
<498,19,19,op8> 2.30400153615291E-4
<499,30,0,op1> 5.070182665150663E-4
<500,40,19,op7> 4.0637134697452603E-4
<501,43,4,op7> 5.7905544724417E-4
<502,57,19,op8> 2.2539145462365426E-4
<503,65,5,op7> 0.003111584516289661
<504,60,0,op1> 0.004310244394028643
<505,19,20,op8> 0.001293785477993557
<506,31,18,op5> 7.84939749759528E-4
<507,48,2,op5> 9.342222359063794E-4
<508,56,20,op8> 0.0012797225923631926
<509,30,26,op5> 0.0014984856740969292
<510,57,19,op7> 6.772855782908766E-4
<511,18,19,op8> 2.3791320210274618E-4
<512,56,19,op8> 2.2789580411947263E-4
<513,66,28,op5> 7.074374684710265E-4
<514,18,20,op8> 0.0013359741348846516
<515,30,16,op5> 0.0011617108296441015
<516,19,27,op5> 0.0013608291312655783
<517,62,3,op4> 7.632188185749788E-4
<518,63,0,op1> 7.431637605083848E-4
<519,63,5,op1> 6.341705585580832E-4
<520,20,27,op5> 0.001523536962177767
<521,63,5,op4> 0.002058026336993659
<522,64,0,op1> 7.223273933913273E-4
<523,64,5,op1> 6.163900756078566E-4
<524,17,0,op1> 6.52872836334469E-4
<525,63,2,op3> 0.0011333224753884215
<526,22,1,op4> 0.0020335697764040286
<527,62,2,op5> 8.921401532078939E-4
<528,2,0,op3> 7.926819219477016E-4
<529,64,5,op4> 0.0020003246639938364
<530,65,5,op1> 6.223169032579321E-4
<531,64,2,op3> 0.0011015470788822037
<532,65,0,op1> 7.292728490970132E-4
<533,0,27,op5> 0.001050205090433218
<534,46,19,op7> 8.654204611494536E-4
<535,62,4,op7> 0.0012035270079976867
<536,67,0,op1> 0.0012076300708164813
<537,64,2,op6> 0.005494069795913587
<538,66,5,op1> 3.3782917605430606E-4
<539,66,0,op1> 3.958909752240928E-4
<540,49,19,op7> 8.277934845777382E-4
<541,23,26,op5> 0.0012521592619166117
<542,1,19,op8> 1.753044647072866E-4
<543,23,19,op7> 3.1211061795748596E-4
<544,48,19,op8> 2.7798279403584025E-4

