<0,22,12,op8> 8.991684957597875E-4
<1,48,70,op8> 0.0016804661530367341
<2,66,3,op1> 0.004538515946123815
<3,93,17,op7> 0.001187724452767892
<4,50,3,op8> 9.213673326994138E-4
<5,36,81,op8> 0.0011752695814199585
<6,50,3,op7> 4.246461696481204E-4
<7,49,81,op8> 0.003216527275465149
<8,50,2,op7> 8.103026609599644E-4
<9,61,3,op1> 0.005210888678882898
<10,18,5,op7> 0.005393823671907342
<11,56,8,op7> 0.004410883953529975
<12,31,9,op8> 0.0012521988099235893
<13,8,7,op1> 0.00206602174474163
<14,51,3,op5> 0.0026668136101605316
<15,41,3,op5> 0.001070017806545892
<16,19,5,op7> 0.005273960923642735
<17,89,97,op2> 0.0010765796262466208
<18,8,4,op7> 0.0014244430707106874
<19,53,8,op1> 0.0027364673083626295
<20,47,13,op7> 7.152084568217812E-4
<21,17,54,op8> 0.0022847625277136506
<22,1,7,op1> 0.0018285479809782245
<23,6,4,op7> 0.0013262056175582264
<24,16,57,op8> 0.0018818982779290397
<25,57,8,op7> 0.0043810806835736914
<26,53,6,op1> 0.001901203070973452
<27,14,47,op2> 2.1300876944463612E-5
<28,37,81,op8> 0.0012577446397652188
<29,44,8,op1> 0.00265303842701011
<30,32,1,op8> 0.004109152487840882
<31,58,8,op7> 0.004351277413617407
<32,80,4,op4> 0.0031330938344218207
<33,28,1,op8> 0.003658147946492492
<34,68,12,op8> 0.001838598267449118
<35,86,88,op2> 0.001273983021212045
<36,71,8,op7> 0.004142654523923422
<37,60,3,op1> 0.005177270042244944
<38,57,3,op1> 0.004941939585779265
<39,12,13,op8> 0.0010415317368304541
<40,63,66,op8> 0.0016133221114059653
<41,51,3,op8> 8.99165710224729E-4
<42,58,3,op1> 0.00490832094914131
<43,51,6,op1> 0.0018780176676688979
<44,27,9,op8> 0.001073313265648791
<45,65,83,op8> 0.004274775167382803
<46,51,3,op7> 4.1441373182527424E-4
<47,52,6,op1> 0.0018896103693211753
<48,54,6,op1> 0.0019127957726257291
<49,16,14,op8> 0.003973555076022667
<50,60,82,op8> 0.003832115325537565
<51,90,94,op2> 0.0011423807579017623
<52,51,2,op7> 7.90777295635628E-4
<53,54,8,op1> 0.0027531530846331333
<54,10,7,op1> 0.0028259377887845287
<55,1,2,op1> 0.001313849609142083
<56,22,3,op5> 0.001102941431362689
<57,12,4,op7> 0.0015717992504393791
<58,40,8,op1> 0.0011012612338532532
<59,18,14,op8> 0.003887173443935218
<60,46,6,op1> 0.0018664249660166202
<61,17,0,op4> 0.0029924978297895385
<62,19,0,op4> 0.0029588742586683075
<63,68,8,op7> 0.004083047984010855
<64,62,82,op8> 0.0037823475940370775
<65,52,81,op8> 0.003360858627569355
<66,13,2,op1> 0.001586857320132646
<67,74,47,op2> 0.0021293977327288844
<68,73,2,op8> 4.26561941646555E-4
<69,11,2,op1> 0.001620983284006466
<70,25,9,op8> 0.0010434990082696578
<71,63,82,op8> 0.0038072314597873214
<72,20,6,op1> 0.0011360847619231603
<73,53,2,op7> 8.005399782977961E-4
<74,34,1,op8> 0.00295658532661722
<75,52,3,op5> 0.0026832754225689305
<76,104,24,op7> 5.639741931086052E-4
<77,25,26,op8> 4.494920564726447E-4
<78,91,4,op4> 0.002863843583026196
<79,46,3,op7> 4.1185562236956266E-4
<80,59,8,op1> 0.0024194375592230567
<81,34,81,op8> 0.0012165071105925884
<82,51,8,op1> 0.002703095755821622
<83,52,8,op1> 0.0027197815320921257
<84,50,3,op5> 0.002732660859794125
<85,39,13,op7> 2.6820317130816796E-4
<86,67,20,op8> 0.0010537884311495613
<87,38,15,op8> 8.971190006777681E-4
<88,38,11,op8> 5.212796565651238E-4
<89,39,10,op8> 7.272227128869785E-4
<90,14,1,op4> 7.827835634138366E-4
<91,21,8,op1> 0.001618520298238872
<92,39,13,op8> 9.418816950982804E-4
<93,50,8,op1> 0.002769838860903637
<94,67,8,op7> 0.003993638174142004
<95,50,6,op1> 0.001924388474278006
<96,22,8,op1> 0.001117947010123757
<97,37,13,op7> 2.726732241633041E-4
<98,16,5,op7> 0.005513686420171949
<99,89,4,op4> 0.002961752765351877
<100,57,8,op1> 0.002452809111764064
<101,86,4,op4> 0.0031820484255846624
<102,36,10,op8> 0.001968463480494752
<103,109,1,op1> 0.0014890974075767891
<104,38,13,op7> 2.7714327701844024E-4
<105,37,10,op8> 7.393430914350948E-4
<106,67,82,op8> 0.0033344380105326866
<107,92,4,op4> 0.0028393662874447744
<108,81,4,op4> 0.003157571130003241
<109,17,14,op8> 0.0038439826278914933
<110,26,1,op8> 0.0035579247150817396
<111,37,14,op8> 9.642630423085365E-4
<112,72,44,op8> 0.0021504744444521134
<113,9,7,op1> 0.00204227436836529
<114,47,3,op7> 4.092975129138511E-4
<115,55,3,op1> 0.005009176859055172
<116,79,4,op4> 0.002986230060933298
<117,61,83,op8> 0.0043880142446644675
<118,96,1,op1> 0.0016846354509959635
<119,58,3,op7> 3.7348398053388903E-4
<120,59,8,op7> 0.004321474143661124
<121,84,4,op4> 0.0032310030167475023
<122,59,3,op7> 3.7092587107817756E-4
<123,7,0,op5> 6.416633521210544E-4
<124,43,11,op8> 5.296873929613355E-4
<125,98,4,op7> 0.0010629744008360349
<126,58,83,op8> 0.004133226320780723
<127,49,69,op8> 0.0016357034586162217
<128,65,8,op7> 0.004500293763398825
<129,42,17,op8> 8.523563062572557E-4
<130,7,13,op8> 8.679431140253786E-4
<131,56,3,op7> 3.7860019944531225E-4
<132,97,5,op7> 0.0010005993748701061
<133,89,2,op8> 3.6605670169668895E-4
<134,19,14,op8> 0.0038007918118477682
<135,60,13,op7> 6.883881396909644E-4
<136,96,8,op7> 0.0011253494268019637
<137,60,8,op1> 0.002569609545657591
<138,90,1,op8> 4.711487633930462E-4
<139,57,3,op7> 3.760420899896007E-4
<140,99,1,op1> 0.0016094285112193583
<141,14,13,op8> 0.0010198331589798197
<142,54,2,op7> 8.054213196288804E-4
<143,88,2,op8> 3.630314396991957E-4
<144,54,3,op7> 4.2208806019240893E-4
<145,2,13,op8> 8.245459583241095E-4
<146,98,1,op1> 0.001654552675085321
<147,54,3,op8> 9.158169270807429E-4
<148,58,8,op1> 0.0024361233354935597
<149,55,8,op7> 0.004440687223486259
<150,55,3,op7> 3.811583089010238E-4
<151,65,3,op7> 3.8627452781244694E-4
<152,97,1,op1> 0.0016695940630406423
<153,59,3,op1> 0.004874702312503357
<154,55,8,op1> 0.0024861806643050716
<155,33,1,op8> 0.0029064737109118434
<156,53,3,op5> 0.0026997372349773278
<157,45,6,op1> 0.0018316468610597896
<158,17,5,op7> 0.005333892297775038
<159,52,2,op7> 7.956586369667121E-4
<160,1,49,op2> 1.6729678797519596E-5
<161,52,3,op7> 4.1697184128098577E-4
<162,85,91,op2> 0.0012081818895569036
<163,92,2,op8> 3.5093039170922257E-4
<164,56,3,op1> 0.004975558222417219
<165,68,8,op1> 0.0022859513490590256
<166,52,77,op8> 0.0013895086393034036
<167,55,53,op8> 0.0022623811805033943
<168,65,8,op1> 0.0025195522168460793
<169,80,86,op2> 0.0014713864161774695
<170,56,8,op1> 0.002469494888034568
<171,77,4,op4> 0.0030351846520961386
<172,53,3,op7> 4.1952995073669735E-4
<173,51,11,op8> 0.0013620532961862914
<174,54,3,op5> 0.0027161990473857267
<175,83,85,op2> 0.0015371875478326115
<176,92,1,op8> 4.631631911321471E-4
<177,91,2,op8> 3.5395565370671586E-4
<178,91,1,op8> 4.671559772625967E-4
<179,95,1,op1> 0.0016996768389512843
<180,9,1,op6> 1.6488993464744052E-5
<181,12,2,op1> 0.0016380462659433765
<182,10,0,op5> 9.544742362800684E-4
<183,12,7,op1> 0.0022797481321286954
<184,93,1,op1> 0.0017297596148619268
<185,12,9,op2> 7.861348211007593E-6
<186,9,1,op4> 7.161636856764888E-4
<187,4,4,op7> 0.0013916972529932005
<188,12,8,op2> 8.085424644575504E-6
<189,79,81,op2> 0.0014494527056257561
<190,106,1,op1> 0.0015342215714427526
<191,9,0,op5> 6.897881035301335E-4
<192,12,1,op2> 5.84466030889638E-6
<193,12,0,op2> 6.068736742464294E-6
<194,2,7,op1> 0.001804800604601884
<195,10,1,op4> 9.909706813430485E-4
<196,12,3,op2> 5.396507441760556E-6
<197,62,8,op1> 0.0025362379931165835
<198,46,2,op7> 7.858959543045437E-4
<199,12,2,op2> 5.6205838753284684E-6
<200,12,5,op2> 7.189118910303855E-6
<201,15,2,op1> 0.0015527313562588255
<202,12,4,op2> 7.63727177743968E-6
<203,74,8,op7> 0.004232064333792273
<204,11,1,op4> 7.91111048131005E-4
<205,12,7,op2> 6.516889609600119E-6
<206,10,1,op6> 2.281616537563421E-5
<207,88,4,op4> 0.002937275469770457
<208,53,81,op8> 0.00338147739215567
<209,12,6,op2> 6.74096604316803E-6
<210,62,8,op7> 0.004530097033355109
<211,90,2,op8> 3.5698091570420914E-4
<212,94,1,op1> 0.0017147182269066058
<213,11,7,op1> 0.002256000755752355
<214,9,4,op7> 0.001408070161851944
<215,11,9,op2> 7.77945916714293E-6
<216,11,8,op2> 8.00120147119451E-6
<217,69,82,op8> 0.003384205742033174
<218,11,7,op2> 6.4490053428334505E-6
<219,11,2,op2> 5.562036126627131E-6
<220,11,1,op2> 5.78377843067871E-6
<221,16,0,op4> 0.0030933685431532303
<222,11,0,op2> 6.005520734730291E-6
<223,78,82,op2> 0.0013836515739706144
<224,11,6,op2> 6.67074764688503E-6
<225,7,2,op1> 0.0013650385549528138
<226,11,5,op2> 7.11423225498819E-6
<227,42,81,op8> 0.001319600933524164
<228,37,8,op1> 0.001017832352500734
<229,8,2,op1> 0.0014844794285111848
<230,11,4,op2> 7.55771686309135E-6
<231,36,3,op5> 9.383233072787056E-4
<232,70,8,op7> 0.004112851253967138
<233,11,3,op2> 5.3402938225755514E-6
<234,11,58,op2> 1.8423089761618768E-5
<235,18,2,op1> 0.0015356683743219155
<236,9,0,op2> 5.436576665124264E-6
<237,56,51,op8> 0.002217618486082882
<238,9,1,op2> 5.235841526719675E-6
<239,40,3,op5> 0.0010864796189542908
<240,6,2,op1> 0.0013821015368897238
<241,14,0,op2> 5.942304726996288E-6
<242,41,10,op8> 7.878246056275599E-4
<243,9,2,op2> 5.035106388315086E-6
<244,60,11,op8> 0.0012947914050165977
<245,87,89,op2> 0.001295916731763759
<246,94,16,op7> 0.001281286991716785
<247,14,1,op2> 5.722896552461039E-6
<248,46,12,op8> 0.0021606884748854595
<249,69,3,op1> 0.004572134582761768
<250,41,18,op8> 8.747376534675119E-4
<251,9,3,op2> 4.8343712499104995E-6
<252,9,4,op2> 6.841722633956382E-6
<253,49,3,op5> 0.0025680427357101412
<254,8,1,op4> 7.244911703936572E-4
<255,9,5,op2> 6.440252357147204E-6
<256,19,52,op8> 0.0022399998332931375
<257,36,13,op7> 2.5479301274275955E-4
<258,64,3,op1> 0.005042795495693128
<259,28,2,op7> 3.5633791716914096E-4
<260,9,6,op2> 6.038782080338028E-6
<261,0,7,op1> 0.0018522953573545653
<262,11,4,op7> 0.001555426341580636
<263,9,7,op2> 5.83804694193344E-6
<264,29,1,op8> 0.003708259562197869
<265,22,81,op8> 0.001381457227283109
<266,44,3,op5> 0.0026174281729353364
<267,56,83,op8> 0.004189845859421555
<268,7,1,op6> 1.533859857185493E-5
<269,14,7,op1> 0.002232253379376014
<270,75,96,op2> 0.0010985133367983346
<271,12,0,op5> 7.699960225452651E-4
<272,9,2,op1> 0.0014674164465742748
<273,73,46,op8> 0.0021952371388726257
<274,77,83,op2> 0.0014055852845223282
<275,14,7,op2> 6.381121076066783E-6
<276,63,10,op8> 0.0018544179178617952
<277,8,8,op2> 7.327416084146551E-6
<278,12,1,op6> 1.8406318286225914E-5
<279,8,7,op2> 5.905931208700107E-6
<280,14,6,op2> 6.60052925060203E-6
<281,6,1,op6> 1.553033105400312E-5
<282,14,9,op2> 7.697570123278268E-6
<283,58,49,op8> 0.002083330402821345
<284,8,9,op2> 7.12434681622563E-6
<285,59,48,op8> 0.002105711750031601
<286,14,8,op2> 7.916978297813515E-6
<287,33,11,op2> 9.669110734880516E-4
<288,13,0,op5> 7.459336468407257E-4
<289,14,3,op2> 5.284080203390545E-6
<290,61,10,op8> 0.0018786586749580277
<291,14,2,op2> 5.503488377925791E-6
<292,14,5,op2> 7.039345599672524E-6
<293,10,75,op8> 0.0017923728890880148
<294,14,4,op2> 7.478161948743021E-6
<295,31,1,op8> 0.004209375719251635
<296,13,1,op4> 7.744560786966681E-4
<297,3,4,op7> 0.0012279681644057651
<298,13,0,op2> 5.879088719262286E-6
<299,8,1,op6> 1.6680725946892236E-5
<300,10,4,op7> 0.0019483761541904808
<301,6,7,op1> 0.0019235374864835868
<302,46,74,op8> 0.0017699915418777584
<303,13,62,op2> 1.9337679510435023E-5
<304,15,7,op1> 0.002161011250246993
<305,7,4,op7> 0.0013098327086994827
<306,50,13,op7> 7.420287739525979E-4
<307,11,0,op5> 7.61975230643752E-4
<308,13,7,op1> 0.0022085060029996737
<309,17,3,op5> 0.0014651013043474525
<310,90,4,op4> 0.002888320878607616
<311,65,64,op8> 0.001949042319559808
<312,60,8,op7> 0.004589703573267676
<313,18,0,op4> 0.003026121400910769
<314,76,98,op2> 0.001054645915694907
<315,42,6,op1> 7.419329057457375E-4
<316,14,2,op1> 0.0016039203020695562
<317,8,0,op5> 6.978088954316465E-4
<318,13,9,op2> 7.615681079413606E-6
<319,13,8,op2> 7.83275512443252E-6
<320,13,7,op2> 6.313236809300115E-6
<321,11,1,op6> 1.821458580407773E-5
<322,13,6,op2> 6.53031085431903E-6
<323,81,87,op2> 0.0014933201267291836
<324,35,9,op2> 7.69507678522627E-4
<325,9,9,op2> 7.0424577723609695E-6
<326,100,1,op1> 0.00163951128713
<327,45,8,op1> 0.0026363526507396065
<328,13,5,op2> 6.96445894435686E-6
<329,9,8,op2> 7.243192910765557E-6
<330,13,4,op2> 7.398607034394691E-6
<331,12,1,op4> 7.994385328481734E-4
<332,38,6,op1> 7.187475024411831E-4
<333,72,8,op7> 0.004172457793879706
<334,13,3,op2> 5.22786658420554E-6
<335,41,81,op8> 0.0013402196981104786
<336,39,3,op5> 9.877087445039005E-4
<337,13,2,op2> 5.444940629224454E-6
<338,13,1,op2> 5.662014674243369E-6
<339,7,7,op1> 0.0018997901101072462
<340,7,3,op2> 4.497089534800465E-6
<341,40,13,op7> 2.950234884389848E-4
<342,73,8,op7> 0.004202261063835989
<343,103,1,op1> 0.0015793457353087156
<344,7,2,op2> 4.6838198961070575E-6
<345,7,5,op2> 5.990932425253213E-6
<346,35,1,op8> 0.0028062504795010896
<347,7,4,op2> 6.364393147866401E-6
<348,55,82,op8> 0.0037076959967863453
<349,6,1,op4> 6.745262620906464E-4
<350,7,1,op2> 4.870550257413651E-6
<351,7,0,op2> 5.057280618720246E-6
<352,78,1,op8> 4.91112694045294E-4
<353,11,59,op8> 0.001837135583508527
<354,6,9,op2> 6.633012553037657E-6
<355,6,5,op2> 6.065819080568878E-6
<356,6,6,op2> 5.687690098923025E-6
<357,6,7,op2> 5.4986256081001006E-6
<358,4,1,op6> 1.6297260982595866E-5
<359,6,8,op2> 6.822077043860582E-6
<360,5,0,op5> 6.657257278255939E-4
<361,85,2,op8> 4.0235984566660865E-4
<362,5,4,op7> 0.0013589514352757134
<363,3,13,op8> 8.136966693987924E-4
<364,67,3,op1> 0.0045048973094858604
<365,8,6,op2> 6.109000476621027E-6
<366,8,5,op2> 6.515139012462868E-6
<367,4,7,op1> 0.002018526991988949
<368,8,4,op2> 6.9212775483047095E-6
<369,7,1,op4> 6.66198777373478E-4
<370,8,3,op2> 4.890584869095504E-6
<371,8,2,op2> 5.093654137016424E-6
<372,19,3,op5> 0.0014486394919390544
<373,8,1,op2> 5.296723404937344E-6
<374,8,0,op2> 5.499792672858266E-6
<375,62,3,op1> 0.005110032768969036
<376,7,8,op2> 6.7378538704795876E-6
<377,7,9,op2> 6.551123509172994E-6
<378,7,6,op2> 5.617471702640027E-6
<379,7,7,op2> 5.430741341333433E-6
<380,64,83,op8> 0.004246465398062388
<381,0,14,op2> 7.8438422396351E-6
<382,5,1,op6> 1.5913796018299492E-5
<383,24,1,op8> 0.003457701483670986
<384,6,0,op5> 6.496841440225675E-4
<385,3,0,op5> 6.015593926134885E-4
<386,5,7,op1> 0.0019710322392362677
<387,10,2,op1> 0.00203049485049231
<388,2,4,op7> 0.0012443410732645088
<389,5,1,op2> 5.053195892066662E-6
<390,5,0,op2> 5.246928641922254E-6
<391,15,56,op8> 0.0019042796251392956
<392,5,3,op2> 4.665730392355481E-6
<393,5,2,op2> 4.859463142211072E-6
<394,49,3,op7> 3.990650750910048E-4
<395,10,2,op2> 6.9671820954592485E-6
<396,4,3,op2> 4.778157630725493E-6
<397,57,83,op8> 0.00416153609010114
<398,29,30,op8> 6.28542834154694E-4
<399,10,3,op2> 6.689420683015692E-6
<400,4,4,op2> 6.762167719608051E-6
<401,3,1,op4> 6.245613537876356E-4
<402,4,5,op2> 6.365365701831539E-6
<403,10,4,op2> 9.467034807451271E-6
<404,4,6,op2> 5.968563684055027E-6
<405,0,12,op2> 8.207966444182958E-6
<406,10,5,op2> 8.911511982564154E-6
<407,4,7,op2> 5.770162675166772E-6
<408,2,1,op6> 1.4571668643262184E-5
<409,4,8,op2> 7.1589697373845625E-6
<410,10,0,op2> 7.5227049203463645E-6
<411,66,3,op7> 3.453447765210619E-4
<412,4,9,op2> 6.960568728496307E-6
<413,78,4,op4> 0.0030107073565147184
<414,10,1,op2> 7.244943507902806E-6
<415,49,2,op7> 7.614892476491232E-4
<416,10,6,op2> 8.355989157677039E-6
<417,10,7,op2> 8.07822774523348E-6
<418,68,83,op8> 0.0038784383968969807
<419,5,2,op1> 0.0014162275007635443
<420,10,8,op2> 1.0022557632338388E-5
<421,66,82,op8> 0.0033593218762829305
<422,10,9,op2> 9.74479621989483E-6
<423,48,3,op8> 8.714136821313734E-4
<424,4,0,op5> 6.817673116286203E-4
<425,6,0,op2> 5.120496626454248E-6
<426,74,47,op8> 0.0021728557916623694
<427,6,4,op2> 6.443948062214732E-6
<428,5,1,op4> 6.911812315249835E-4
<429,55,10,op8> 0.0018059364036693297
<430,72,44,op2> 0.0021074640221771714
<431,6,3,op2> 4.5533031539854695E-6
<432,6,2,op2> 4.742367644808395E-6
<433,49,6,op1> 0.0018084614577552345
<434,6,1,op2> 4.931432135631322E-6
<435,22,6,op1> 7.767110107025687E-4
<436,5,6,op2> 5.828126891489026E-6
<437,5,7,op2> 5.634394141633435E-6
<438,62,10,op8> 0.001842297539313679
<439,3,1,op6> 1.4379936161113997E-5
<440,5,4,op2> 6.603057890911391E-6
<441,4,1,op4> 7.078362009593205E-4
<442,68,3,op1> 0.004605753219399723
<443,27,1,op8> 0.003608036330787116
<444,48,2,op7> 7.663705889802073E-4
<445,53,78,op8> 0.0013671272920931477
<446,76,4,op4> 0.003524730563724548
<447,5,5,op2> 6.2155923912002075E-6
<448,40,2,op7> 3.2216852785155214E-4
<449,48,3,op7> 4.0162318454671633E-4
<450,5,8,op2> 6.990523390622572E-6
<451,5,9,op2> 6.796790640766981E-6
<452,71,43,op8> 2.704412787905954E-4
<453,62,65,op8> 0.001971423666770064
<454,32,39,op8> 2.0329723715982684E-4
<455,3,31,op8> 7.404495702059749E-4
<456,34,12,op8> 0.0010090257367290488
<457,37,3,op5> 0.001004170556912299
<458,31,41,op8> 3.152039732111077E-4
<459,33,11,op8> 9.866443895187927E-4
<460,30,36,op8> 1.3615319552905835E-4
<461,70,42,op8> 2.928226260008515E-4
<462,13,82,op2> 1.369375433994323E-5
<463,73,46,op2> 0.0021513314432805982
<464,81,2,op8> 3.902587976766354E-4
<465,31,41,op2> 3.088997569366365E-4
<466,48,6,op1> 0.0018200541594075121
<467,35,9,op8> 0.0016200114712422134
<468,34,12,op2> 9.888447840397654E-4
<469,52,11,op8> 0.0013704610325825032
<470,108,1,op1> 0.0015041387955321102
<471,32,39,op2> 1.9923120417806735E-4
<472,70,42,op2> 2.869660463849227E-4
<473,71,43,op2> 2.6503233583320885E-4
<474,9,4,op8> 7.628309174162311E-4
<475,30,36,op2> 1.3343007252292584E-4
<476,13,4,op7> 0.0015226805238631488
<477,63,3,op1> 0.005143651405606991
<478,63,8,op1> 0.0025529237693870874
<479,110,1,op1> 0.0018801734944151381
<480,45,81,op8> 0.00325776480463778
<481,60,3,op7> 3.9394885617958164E-4
<482,107,1,op1> 0.0015191801834874312
<483,61,8,op7> 0.00461950684322396
<484,47,73,op8> 0.0017476101946675023
<485,64,8,op1> 0.002502866440575576
<486,69,8,op7> 0.004053244714054571
<487,61,3,op7> 3.965069656352932E-4
<488,65,3,op1> 0.0050764141323310814
<489,62,3,op7> 3.888326372681585E-4
<490,63,8,op7> 0.004559900303311394
<491,63,3,op7> 3.913907467238701E-4
<492,66,8,op1> 0.0022525797965180184
<493,49,13,op7> 6.973282454012366E-4
<494,48,10,op8> 0.0019028994320542602
<495,84,1,op8> 5.270477692193399E-4
<496,102,1,op1> 0.0015943871232640366
<497,49,10,op8> 0.0018907790535061437
<498,105,1,op1> 0.0015492629593980734
<499,61,8,op1> 0.002586295321928095
<500,44,72,op8> 0.0017252288474572466
<501,104,1,op1> 0.0015643043473533944
<502,50,80,op8> 0.001456652680934172
<503,61,68,op8> 0.0016580848058264774
<504,47,6,op1> 0.0018548322643643434
<505,30,1,op8> 0.003958817640724753
<506,59,82,op8> 0.00360816053378537
<507,45,71,op8> 0.0017028475002469903
<508,1,5,op2> 5.766272459306217E-6
<509,1,4,op2> 6.12572840482141E-6
<510,0,1,op4> 6.495438079391412E-4
<511,23,13,op7> 3.03963594149257E-4
<512,1,7,op2> 5.227088541033428E-6
<513,1,6,op2> 5.406816513791024E-6
<514,86,1,op8> 5.190621969584408E-4
<515,1,1,op2> 4.687904622760639E-6
<516,1,0,op2> 4.8676325955182355E-6
<517,75,4,op4> 0.003500253268143128
<518,1,3,op2> 4.328448677245447E-6
<519,59,11,op8> 0.001219121777450693
<520,68,3,op7> 3.50460995432485E-4
<521,1,2,op2> 4.508176650003043E-6
<522,1,9,op2> 6.305456377579008E-6
<523,1,8,op2> 6.485184350336604E-6
<524,0,0,op5> 6.25621768318028E-4
<525,18,3,op7> 2.3022985101404125E-4
<526,2,2,op1> 0.001296786627205173
<527,2,0,op2> 4.804416587784233E-6
<528,0,6,op2> 5.477034910074026E-6
<529,0,5,op2> 5.841159114621883E-6
<530,0,4,op2> 6.205283319169742E-6
<531,0,3,op2> 4.384662296430453E-6
<532,48,3,op5> 0.00258450454811854
<533,0,2,op2> 4.566724398704381E-6
<534,34,9,op8> 8.795205926844257E-4
<535,2,32,op8> 6.956868757854625E-4
<536,0,1,op2> 4.74878650097831E-6
<537,69,3,op7> 3.4790288597677337E-4
<538,0,0,op2> 4.930848603252239E-6
<539,0,9,op2> 6.38734542144367E-6
<540,0,8,op2> 6.569407523717599E-6
<541,0,7,op2> 5.2949728078000974E-6
<542,100,29,op7> 7.199117580234271E-4
<543,36,8,op1> 9.510892474187187E-4
<544,19,3,op7> 2.251136321026181E-4
<545,12,60,op8> 0.002038567708400832
<546,3,3,op2> 4.216021438875436E-6
<547,40,19,op8> 8.299749590469996E-4
<548,3,2,op2> 4.391081152600366E-6
<549,3,5,op2> 5.616499148674887E-6
<550,3,4,op2> 5.966618576124751E-6
<551,2,1,op4> 6.328888385048041E-4
<552,3,7,op2> 5.091320007500093E-6
<553,1,1,op6> 1.4763401125410371E-5
<554,3,6,op2> 5.266379721225024E-6
<555,3,9,op2> 6.141678289849683E-6
<556,3,8,op2> 6.316738003574614E-6
<557,67,8,op1> 0.002235894020247514
<558,4,2,op1> 0.0014503534646373648
<559,50,12,op8> 0.0022277906014346975
<560,16,3,op7> 2.3534606992546436E-4
<561,2,0,op5> 6.095801845150017E-4
<562,1,4,op7> 0.0012607139821232524
<563,4,0,op2> 5.373360657390261E-6
<564,4,1,op2> 5.174959648502004E-6
<565,0,13,op8> 8.46244536174744E-4
<566,4,2,op2> 4.9765586396137486E-6
<567,11,62,op2> 1.975354358592825E-5
<568,2,4,op2> 6.046173490473081E-6
<569,0,67,op2> 1.294158110330511E-5
<570,1,1,op4> 6.412163232219725E-4
<571,92,92,op2> 0.0011862481790051902
<572,29,81,op8> 0.0015257885793873143
<573,2,3,op2> 4.272235058060441E-6
<574,2,2,op2> 4.449628901301704E-6
<575,2,1,op2> 4.627022744542969E-6
<576,46,3,op8> 8.93615304606058E-4
<577,1,13,op8> 8.353952472494267E-4
<578,19,2,op1> 0.0015015424104480952
<579,13,58,op8> 0.0018595169307187832
<580,2,8,op2> 6.400961176955609E-6
<581,2,7,op2> 5.15920427426676E-6
<582,103,25,op7> 5.951617060915696E-4
<583,64,13,op7> 6.7050792827042E-4
<584,0,1,op6> 1.495513360755856E-5
<585,2,6,op2> 5.336598117508025E-6
<586,2,5,op2> 5.691385803990552E-6
<587,29,9,op8> 0.001103127523027924
<588,2,9,op2> 6.223567333714344E-6
<589,3,2,op1> 0.001279723645268263
<590,1,0,op5> 6.176009764165147E-4
<591,17,3,op7> 2.2767174155832967E-4
<592,18,3,op5> 0.0014815631167558508
<593,3,7,op1> 0.0017810532282255432
<594,0,4,op7> 0.001277086890981996
<595,3,0,op2> 4.74120058005023E-6
<596,3,1,op2> 4.566140866325298E-6
<597,64,3,op7> 3.837164183567354E-4
<598,83,4,op4> 0.0031086165388404
<599,18,6,op1> 0.0010433431487049433
<600,15,1,op6> 1.7447655875484983E-5
<601,33,2,op7> 2.831177972028791E-4
<602,14,0,op8> 6.061614869444379E-4
<603,15,0,op5> 7.298920630376993E-4
<604,17,6,op1> 0.001031750447052666
<605,64,8,op7> 0.004470490493442542
<606,44,6,op1> 0.0018432395627120662
<607,14,4,op7> 0.0015390534327218923
<608,19,6,op1> 0.0010201577454003888
<609,26,81,op8> 0.0014639322856283693
<610,16,3,op5> 0.0015144867415726475
<611,15,4,op7> 0.0014899347061456617
<612,16,2,op1> 0.0015697943381957357
<613,66,8,op7> 0.004023441444098288
<614,9,25,op2> 3.830695557887558E-6
<615,15,7,op2> 6.177468275766779E-6
<616,13,1,op6> 1.7831120839781357E-5
<617,15,8,op2> 7.664308777670531E-6
<618,69,8,op1> 0.002269265572788522
<619,40,81,op8> 0.0013608384626967941
<620,15,9,op2> 7.451902991684281E-6
<621,107,21,op7> 0.0014372245566316067
<622,15,3,op2> 5.115439345835528E-6
<623,15,4,op2> 7.239497205698031E-6
<624,15,5,op2> 6.81468563372553E-6
<625,15,6,op2> 6.3898740617530295E-6
<626,17,2,op1> 0.0015186053923850055
<627,15,0,op2> 5.752656703794279E-6
<628,15,2,op2> 5.327845131821777E-6
<629,15,1,op2> 5.540250917808028E-6
<630,0,2,op1> 0.0013309125910789935
<631,67,3,op7> 3.4278666706535026E-4
<632,14,1,op6> 1.8022853321929544E-5
<633,15,1,op4> 7.578011092623312E-4
<634,14,0,op5> 7.539544387422388E-4
<635,16,6,op1> 0.0010665285520094973
<636,23,2,op7> 3.319312105137204E-4
<637,23,3,op7> 1.7395144298838668E-4
<638,11,45,op2> 2.1083997410237726E-5
<639,9,89,op2> 1.1860101094071087E-5
<640,24,0,op6> 2.264048973220134E-5
<641,88,95,op2> 0.0011204470473500483
<642,23,5,op8> 7.180682229957187E-4
<643,23,3,op5> 0.0011194032437710872
<644,22,2,op7> 3.2704986918263623E-4
<645,49,8,op1> 0.002602981098198598
<646,22,3,op7> 1.7139333353267513E-4
<647,21,2,op7> 4.734901091151599E-4
<648,58,13,op7> 6.526277168498753E-4
<649,21,3,op7> 2.481366172040222E-4
<650,23,6,op1> 7.88303712354846E-4
<651,21,3,op8> 5.383893450111032E-4
<652,54,79,op8> 0.0013447459448828914
<653,23,8,op1> 0.001134632786394261
<654,20,2,op7> 4.7837145044624395E-4
<655,20,3,op7> 2.506947266597338E-4
<656,42,3,op5> 0.001053555994137494
<657,41,6,op1> 7.535256073980144E-4
<658,21,3,op5> 0.0015967958036146393
<659,20,3,op5> 0.0016132576160230376
<660,84,90,op2> 0.0012301156001086177
<661,21,6,op1> 0.001124492060270883
<662,20,8,op1> 0.0016352060745093758
<663,45,11,op8> 0.001328422350601445
<664,46,13,op7> 7.196785096769174E-4
<665,44,12,op8> 0.002133847624265765
<666,10,19,op2> 1.0300319044781945E-5
<667,45,13,op7> 7.062683511115091E-4
<668,47,12,op8> 0.0021472680495756126
<669,82,84,op2> 0.0015152538372808974
<670,48,13,op7> 7.017982982563728E-4
<671,101,1,op1> 0.0016244698991746789
<672,65,10,op8> 0.0018301771607655624
<673,57,50,op8> 0.002307143874923907
<674,42,13,op7> 2.860833827287125E-4
<675,40,11,op8> 5.549106021499705E-4
<676,41,13,op7> 2.905534355838486E-4
<677,43,16,op8> 9.19500347888024E-4
<678,44,13,op7> 7.10738403966645E-4
<679,42,12,op8> 8.589072198302449E-4
<680,43,13,op7> 2.816133298735763E-4
<681,70,1,op8> 5.510044860020371E-4
<682,70,2,op8> 4.1748615565407503E-4
<683,71,2,op8> 4.2051141765156837E-4
<684,71,1,op8> 5.549972721324867E-4
<685,10,10,op2> 1.585554729365311E-5
<686,10,12,op2> 1.252241034433041E-5
<687,64,63,op8> 0.0020161863611905763
<688,10,11,op2> 1.2244648931886854E-5
<689,10,14,op2> 1.1966887519443294E-5
<690,10,13,op2> 1.1689126106999735E-5
<691,10,16,op2> 1.1411364694556177E-5
<692,10,15,op2> 1.113360328211262E-5
<693,10,18,op2> 1.085584186966906E-5
<694,10,17,op2> 1.0578080457225501E-5
<695,12,10,op2> 1.2791029749501665E-5
<696,10,30,op2> 7.800466332789922E-6
<697,11,20,op2> 1.044036681576189E-5
<698,10,13,op8> 0.0012910653821127504
<699,74,2,op8> 4.295872036440483E-4
<700,74,1,op8> 5.669756305238353E-4
<701,10,28,op2> 6.133897858128574E-6
<702,11,18,op2> 8.666428383349249E-6
<703,11,13,op8> 0.001030682447905137
<704,44,3,op8> 8.825144933687155E-4
<705,39,8,op1> 0.0010011465762302303
<706,10,29,op2> 6.4116592705721324E-6
<707,11,19,op2> 8.22294377524609E-6
<708,10,26,op2> 5.578375033241458E-6
<709,11,16,op2> 9.109912991452409E-6
<710,10,27,op2> 5.856136445685017E-6
<711,11,17,op2> 8.444686079297668E-6
<712,10,24,op2> 5.022852208354343E-6
<713,11,14,op2> 9.553397599555569E-6
<714,99,26,op7> 6.263492190745339E-4
<715,61,13,op7> 6.928581925461006E-4
<716,10,25,op2> 5.3006136207979E-6
<717,11,15,op2> 8.88817068740083E-6
<718,10,22,op2> 4.467329383467225E-6
<719,11,12,op2> 9.99688220765873E-6
<720,10,23,op2> 4.745090795910784E-6
<721,11,13,op2> 9.331655295503989E-6
<722,11,10,op2> 1.265778985627769E-5
<723,10,20,op2> 1.3077933169217527E-5
<724,11,11,op2> 9.77513990360715E-6
<725,10,21,op2> 1.2800171756773964E-5
<726,10,41,op2> 3.911806558580109E-6
<727,11,31,op2> 7.335974559039769E-6
<728,87,4,op4> 0.0032065257211660817
<729,13,11,op2> 9.569347484583841E-6
<730,12,21,op2> 1.0326188980254626E-5
<731,13,10,op2> 1.2391310069829738E-5
<732,10,40,op2> 4.189567971023668E-6
<733,11,30,op2> 6.22726303878187E-6
<734,12,20,op2> 1.0550265413822543E-5
<735,11,29,op2> 5.1185515185239705E-6
<736,64,11,op8> 0.0012611604594317512
<737,10,39,op2> 2.5229994963623193E-6
<738,12,19,op2> 8.309501078143416E-6
<739,75,1,op8> 5.709684166542848E-4
<740,75,2,op8> 4.3261246564154157E-4
<741,11,25,op2> 4.231582302317651E-6
<742,10,35,op2> 1.411953846588087E-6
<743,12,15,op2> 8.981730378847154E-6
<744,11,26,op2> 4.453324606369231E-6
<745,10,36,op2> 1.6897152590316452E-6
<746,12,16,op2> 9.205806812415065E-6
<747,11,27,op2> 4.675066910420811E-6
<748,10,37,op2> 2.8007609088058773E-6
<749,12,17,op2> 8.533577511711329E-6
<750,11,28,op2> 4.89680921447239E-6
<751,10,38,op2> 3.0785223212494358E-6
<752,12,18,op2> 8.75765394527924E-6
<753,10,31,op2> 9.189273395007713E-6
<754,12,11,op2> 9.878036113118803E-6
<755,8,45,op8> 0.002128093097241857
<756,11,21,op2> 1.0218624511710308E-5
<757,11,22,op2> 3.56635539016291E-6
<758,10,32,op2> 8.633750570120596E-6
<759,12,12,op2> 1.0102112546686717E-5
<760,11,23,op2> 3.7880976942144917E-6
<761,10,33,op2> 1.967476671475203E-6
<762,12,13,op2> 9.429883245982979E-6
<763,11,24,op2> 4.009839998266071E-6
<764,10,34,op2> 2.245238083918761E-6
<765,12,14,op2> 9.65395967955089E-6
<766,13,22,op2> 3.4912742240542173E-6
<767,11,42,op2> 2.901128478008171E-6
<768,23,81,op8> 0.0014020759918694239
<769,12,32,op2> 6.965042476735941E-6
<770,14,12,op2> 9.891651868630742E-6
<771,10,52,op2> 2.77992880287261E-5
<772,10,51,op2> 2.7521526616282543E-5
<773,11,41,op2> 3.122870782059751E-6
<774,12,31,op2> 7.413195343871767E-6
<775,14,11,op2> 9.672243694095495E-6
<776,13,21,op2> 1.0003495574621667E-5
<777,14,10,op2> 1.2524549963053714E-5
<778,11,40,op2> 3.3446130861113314E-6
<779,12,30,op2> 6.2928131760322055E-6
<780,13,20,op2> 1.0220569619640588E-5
<781,10,50,op2> 2.8632572266056777E-5
<782,72,2,op8> 4.235366796490617E-4
<783,72,1,op8> 5.589900582629362E-4
<784,10,44,op2> 2.6688242378951876E-5
<785,4,40,op8> 3.375853204213638E-4
<786,12,24,op2> 4.052048840353083E-6
<787,11,34,op2> 1.7924169577502713E-6
<788,13,14,op2> 9.352273439564927E-6
<789,8,89,op2> 1.1998009246327726E-5
<790,10,45,op2> 2.641048096650831E-5
<791,12,25,op2> 4.276125273920994E-6
<792,11,35,op2> 1.1271900455955315E-6
<793,13,15,op2> 8.70105130450818E-6
<794,12,22,op2> 3.6038959732172568E-6
<795,10,42,op2> 3.6340451461365514E-6
<796,11,32,op2> 6.892489950936608E-6
<797,13,12,op2> 9.786421529602757E-6
<798,12,23,op2> 3.82797240678517E-6
<799,11,33,op2> 1.5706746536986911E-6
<800,10,43,op2> 3.3562837336929934E-6
<801,13,13,op2> 9.13519939454601E-6
<802,10,48,op2> 2.6132719554064756E-5
<803,12,28,op2> 4.948354574624731E-6
<804,11,38,op2> 2.4576438699050113E-6
<805,13,18,op2> 8.483977259489266E-6
<806,10,49,op2> 2.5854958141621196E-5
<807,12,29,op2> 5.1724310081926446E-6
<808,11,39,op2> 2.014159261801851E-6
<809,13,19,op2> 8.049829169451436E-6
<810,10,46,op2> 2.7243765203838983E-5
<811,39,2,op7> 2.9288047986504736E-4
<812,12,26,op2> 4.500201707488907E-6
<813,11,36,op2> 1.3489323496471116E-6
<814,13,16,op2> 8.918125349527096E-6
<815,10,47,op2> 2.6966003791395426E-5
<816,47,2,op7> 7.810146129734597E-4
<817,12,27,op2> 4.72427814105682E-6
<818,11,37,op2> 2.235901565853431E-6
<819,47,8,op1> 0.002669724203280614
<820,11,56,op2> 1.8866574369721932E-5
<821,13,17,op2> 8.26690321447035E-6
<822,11,51,op2> 2.1970966626444047E-5
<823,10,61,op2> 2.557719672917764E-5
<824,12,41,op2> 3.1557431060814325E-6
<825,13,31,op2> 7.181532989375774E-6
<826,15,11,op2> 9.363555065560533E-6
<827,14,21,op2> 1.0111060043165988E-5
<828,10,60,op2> 2.529943531673408E-5
<829,15,10,op2> 1.2124830283381788E-5
<830,12,40,op2> 3.379819539649345E-6
<831,13,30,op2> 6.0961627642812E-6
<832,14,20,op2> 1.033046821770124E-5
<833,11,50,op2> 2.2857935842650364E-5
<834,10,63,op2> 2.5021673904290522E-5
<835,14,23,op2> 3.748222981643812E-6
<836,13,33,op2> 1.5376078188839817E-6
<837,12,43,op2> 2.7075902389456078E-6
<838,15,13,op2> 8.938743493588032E-6
<839,11,53,op2> 2.2414451234547207E-5
<840,10,62,op2> 2.4743912491846965E-5
<841,14,22,op2> 3.528814807108564E-6
<842,12,42,op2> 2.93166667251352E-6
<843,13,32,op2> 6.747384899337944E-6
<844,15,12,op2> 9.575960851546784E-6
<845,11,52,op2> 2.2192708930495624E-5
<846,73,1,op8> 5.629828443933857E-4
<847,13,23,op2> 3.708348269073134E-6
<848,12,33,op2> 1.5872080711060455E-6
<849,11,43,op2> 2.679386173956591E-6
<850,14,13,op2> 9.233427345025E-6
<851,10,53,op2> 2.8077049441169663E-5
<852,11,44,op2> 2.130573971428931E-5
<853,13,24,op2> 3.925422314092049E-6
<854,12,34,op2> 1.8112845046739581E-6
<855,14,14,op2> 9.452835519560248E-6
<856,37,6,op1> 7.07154800788906E-4
<857,10,54,op2> 2.835481085361322E-5
<858,10,55,op2> 2.3910628254516285E-5
<859,13,25,op2> 4.142496359110964E-6
<860,12,35,op2> 1.1390552039702212E-6
<861,14,15,op2> 8.794610995954505E-6
<862,11,46,op2> 2.1749224322392463E-5
<863,10,56,op2> 2.363286684207273E-5
<864,13,26,op2> 4.3595704041298785E-6
<865,12,36,op2> 1.3631316375381336E-6
<866,14,16,op2> 9.014019170489752E-6
<867,11,47,op2> 2.1527482018340887E-5
<868,10,57,op2> 2.3355105429629175E-5
<869,13,27,op2> 4.576644449148794E-6
<870,12,37,op2> 2.259437371809783E-6
<871,14,17,op2> 8.35579464688401E-6
<872,11,48,op2> 2.086225510618615E-5
<873,10,58,op2> 2.3077344017185615E-5
<874,46,3,op5> 0.0026503517977521335
<875,13,28,op2> 4.793718494167708E-6
<876,12,38,op2> 2.483513805377696E-6
<877,14,18,op2> 8.575202821419258E-6
<878,11,49,op2> 2.0640512802134566E-5
<879,10,59,op2> 2.2799582604742058E-5
<880,13,29,op2> 5.010792539186624E-6
<881,12,39,op2> 2.0353609382418707E-6
<882,14,19,op2> 8.136386472348762E-6
<883,24,2,op7> 3.368125518448045E-4
<884,78,2,op8> 3.721072256916757E-4
<885,25,0,op6> 2.296861277179846E-5
<886,24,25,op2> 4.1856830969520575E-4
<887,24,9,op8> 0.0010285918795800914
<888,24,3,op8> 3.8297798768831054E-4
<889,79,2,op8> 3.690819636941823E-4
<890,79,1,op8> 4.8711990791484443E-4
<891,25,2,op7> 3.4169389317588857E-4
<892,25,3,op8> 3.885283933069818E-4
<893,25,1,op8> 0.0035078130993763624
<894,34,2,op7> 2.8799913853396326E-4
<895,26,0,op6> 2.3296735811395584E-5
<896,26,2,op7> 3.4657523450697277E-4
<897,76,1,op8> 5.749612027847345E-4
<898,76,2,op8> 4.3563772763903486E-4
<899,27,0,op6> 2.36248588509927E-5
<900,26,9,op8> 0.0010584061369592244
<901,27,2,op7> 3.514565758380569E-4
<902,77,2,op8> 3.7513248768916897E-4
<903,77,1,op8> 4.951054801757435E-4
<904,28,0,op6> 2.395298189058982E-5
<905,33,3,op8> 3.219235258829277E-4
<906,27,3,op8> 3.99629204544324E-4
<907,29,0,op6> 2.4281104930186942E-5
<908,28,9,op8> 0.0010882203943383573
<909,29,2,op7> 3.612192585002251E-4
<910,30,0,op6> 2.5921720128172545E-5
<911,32,0,op6> 2.690608924696391E-5
<912,80,2,op8> 3.872335356791421E-4
<913,31,3,op8> 4.662340719683781E-4
<914,52,13,op7> 7.286186153871897E-4
<915,30,9,op8> 0.0011776631664757566
<916,31,2,op7> 4.1003267181106626E-4
<917,31,0,op6> 2.756233532615815E-5
<918,30,3,op8> 4.384820438750223E-4
<919,18,55,op8> 0.0019266609723495517
<920,30,2,op7> 3.8562596515564573E-4
<921,34,0,op6> 1.9359259336230125E-5
<922,32,9,op8> 0.0012223845525444561
<923,36,6,op1> 6.607839941797974E-4
<924,32,3,op8> 4.5513326073103575E-4
<925,33,0,op6> 1.9031136296633008E-5
<926,32,2,op7> 4.0026998914889807E-4
<927,51,13,op7> 7.241485625320536E-4
<928,35,3,op8> 3.1082271464558537E-4
<929,35,2,op7> 2.733551145407108E-4
<930,38,8,op1> 0.001034518128771238
<931,42,8,op1> 0.0010678896813122456
<932,35,0,op6> 1.8374890217438767E-5
<933,33,9,op8> 8.646134639948593E-4
<934,20,11,op8> 8.23958166828744E-4
<935,13,48,op2> 2.04230497355296E-5
<936,12,58,op2> 1.8617017022267386E-5
<937,11,68,op2> 1.6427409025154547E-5
<938,10,78,op2> 1.6966592943427342E-5
<939,15,28,op2> 4.690627773863027E-6
<940,14,38,op2> 2.431773934432327E-6
<941,13,47,op2> 2.107427187058634E-5
<942,12,57,op2> 1.88410934558353E-5
<943,11,67,op2> 1.576218211299981E-5
<944,10,77,op2> 1.7244354355870896E-5
<945,15,27,op2> 4.478221987876777E-6
<946,14,37,op2> 2.2123657598970792E-6
<947,13,46,op2> 2.1291345915605255E-5
<948,12,56,op2> 1.9065169889403213E-5
<949,10,76,op2> 2.2521821192298498E-5
<950,11,66,op2> 1.5983924417051386E-5
<951,15,26,op2> 4.265816201890526E-6
<952,14,36,op2> 1.3347330617560894E-6
<953,13,45,op2> 2.064012378054851E-5
<954,11,65,op2> 1.9531801281876665E-5
<955,66,11,op8> 0.0011350444134885763
<956,12,55,op2> 1.928924632297112E-5
<957,10,75,op2> 2.224405977985494E-5
<958,15,25,op2> 4.0534104159042765E-6
<959,14,35,op2> 1.1153248872208417E-6
<960,56,13,op7> 6.615678225601477E-4
<961,108,20,op7> 0.0014684120696145714
<962,13,13,op8> 0.0010089838700545024
<963,13,49,op2> 2.0205975690510682E-5
<964,12,59,op2> 1.8392940588699473E-5
<965,11,69,op2> 1.6205666721102967E-5
<966,47,3,op5> 0.002633889985343735
<967,10,79,op2> 1.668883153098378E-5
<968,15,29,op2> 4.903033559849278E-6
<969,38,3,op5> 0.0010206323693206973
<970,14,39,op2> 1.9929575853618317E-6
<971,12,60,op2> 2.0409628490810682E-5
<972,5,13,op8> 9.004909808013302E-4
<973,11,70,op2> 1.6649151329206127E-5
<974,10,80,op2> 1.807763859320157E-5
<975,14,40,op2> 3.309406632573317E-6
<976,15,30,op2> 5.9650624897805295E-6
<977,13,50,op2> 2.2376716140699832E-5
<978,13,51,op2> 2.1508419960624173E-5
<979,12,61,op2> 2.0633704924378598E-5
<980,11,71,op2> 1.6870893633257707E-5
<981,10,81,op2> 1.8355400005645133E-5
<982,14,41,op2> 3.0899984580380692E-6
<983,15,31,op2> 7.027091419711779E-6
<984,14,44,op2> 2.108146876992837E-5
<985,12,64,op2> 1.9513322756539032E-5
<986,11,74,op2> 1.7536120545412444E-5
<987,10,84,op2> 1.9188684242975803E-5
<988,15,34,op2> 1.7169467700555229E-6
<989,13,54,op2> 2.2159642095680915E-5
<990,95,15,op7> 0.001250099478733821
<991,14,45,op2> 2.0862060595393115E-5
<992,12,65,op2> 1.973739919010695E-5
<993,13,55,op2> 1.8686457375378274E-5
<994,11,75,op2> 1.7757862849464028E-5
<995,10,85,op2> 1.9466445655419363E-5
<996,15,35,op2> 1.0797294120967724E-6
<997,12,62,op2> 1.996147562367486E-5
<998,11,72,op2> 1.709263593730929E-5
<999,10,82,op2> 1.7522115768314456E-5
<1000,14,42,op2> 2.870590283502822E-6
<1001,15,32,op2> 6.602279847739279E-6
<1002,13,52,op2> 2.1725494005643087E-5
<1003,22,13,op7> 2.9949354129412087E-4
<1004,12,63,op2> 2.0185552057242772E-5
<1005,11,73,op2> 1.731437824136087E-5
<1006,10,83,op2> 1.7799877180758016E-5
<1007,15,33,op2> 1.5045409840692727E-6
<1008,14,43,op2> 2.6511821089675747E-6
<1009,13,53,op2> 2.1942568050662004E-5
<1010,12,45,op2> 2.130593422508233E-5
<1011,10,65,op2> 2.446615107940341E-5
<1012,91,93,op2> 0.001164314468453476
<1013,11,55,op2> 1.9088316673773505E-5
<1014,14,25,op2> 4.187039330714307E-6
<1015,13,35,op2> 1.103459728846152E-6
<1016,15,15,op2> 8.513931921615531E-6
<1017,12,44,op2> 2.1530010658650248E-5
<1018,10,64,op2> 2.4188389666959845E-5
<1019,14,24,op2> 3.96763115617906E-6
<1020,13,34,op2> 1.7546818639028972E-6
<1021,15,14,op2> 9.151149279574283E-6
<1022,11,54,op2> 2.2636193538598787E-5
<1023,12,47,op2> 2.1754087092218158E-5
<1024,11,57,op2> 1.8644832065670348E-5
<1025,10,67,op2> 1.974420706786292E-5
<1026,14,27,op2> 4.625855679784803E-6
<1027,13,37,op2> 2.1888299539407273E-6
<1028,15,17,op2> 8.08912034964303E-6
<1029,12,46,op2> 2.1978163525786067E-5
<1030,10,66,op2> 2.0021968480306473E-5
<1031,14,26,op2> 4.406447505249554E-6
<1032,13,36,op2> 1.3205337738650672E-6
<1033,15,16,op2> 8.726337707601782E-6
<1034,12,49,op2> 2.0857781357946508E-5
<1035,11,59,op2> 1.8201347457567188E-5
<1036,10,69,op2> 2.0299729892750034E-5
<1037,14,29,op2> 5.064672028855298E-6
<1038,13,39,op2> 1.9717559089218125E-6
<1039,15,19,op2> 7.876714563656782E-6
<1040,12,48,op2> 2.1081857791514425E-5
<1041,10,68,op2> 2.057749130519359E-5
<1042,24,25,op8> 4.2711070926238853E-4
<1043,14,28,op2> 4.845263854320049E-6
<1044,13,38,op2> 2.405903998959643E-6
<1045,15,18,op2> 8.301526135629282E-6
<1046,67,11,op8> 0.0011266366770923643
<1047,55,13,op7> 6.660378754152837E-4
<1048,54,11,op8> 0.0013872765053749264
<1049,11,60,op2> 2.0197028194031402E-5
<1050,10,70,op2> 2.0855252717637154E-5
<1051,13,40,op2> 3.274200179035303E-6
<1052,14,30,op2> 6.161712901531535E-6
<1053,15,20,op2> 1.0000772423519285E-5
<1054,12,50,op2> 2.3098545693625633E-5
<1055,12,51,op2> 2.220223995935398E-5
<1056,11,61,op2> 2.041877049808299E-5
<1057,10,71,op2> 2.113301413008071E-5
<1058,13,41,op2> 3.0571261340163876E-6
<1059,14,31,op2> 7.258753774207772E-6
<1060,15,21,op2> 9.788366637533032E-6
<1061,10,72,op2> 2.141077554252427E-5
<1062,15,22,op2> 3.416193057945525E-6
<1063,9,13,op8> 9.330388475772819E-4
<1064,13,42,op2> 2.8400520889974727E-6
<1065,14,32,op2> 6.819937425137276E-6
<1066,12,52,op2> 2.2426316392921897E-5
<1067,11,63,op2> 1.997528588997983E-5
<1068,10,73,op2> 2.1688536954967827E-5
<1069,15,23,op2> 3.628598843931776E-6
<1070,14,33,op2> 1.5541412362913365E-6
<1071,13,43,op2> 2.6229780439785575E-6
<1072,12,53,op2> 2.265039282648981E-5
<1073,13,44,op2> 2.0857197825567427E-5
<1074,11,64,op2> 1.9310058977825085E-5
<1075,10,74,op2> 2.1966298367411384E-5
<1076,15,24,op2> 3.841004629918026E-6
<1077,14,34,op2> 1.773549410826584E-6
<1078,12,54,op2> 2.287446926005772E-5
<1079,15,13,op8> 9.87285292203868E-4
<1080,15,49,op2> 1.9771438578886798E-5
<1081,14,59,op2> 1.8009754326434903E-5
<1082,13,69,op2> 1.5864494790132378E-5
<1083,12,79,op2> 1.34632590502054E-5
<1084,11,89,op2> 1.3101274464380851E-5
<1085,15,48,op2> 1.9983844364873053E-5
<1086,14,58,op2> 1.822916250097015E-5
<1087,13,68,op2> 1.6081568835151292E-5
<1088,12,78,op2> 1.3687335483773314E-5
<1089,11,88,op2> 1.2879532160329266E-5
<1090,10,98,op2> 1.3355694581661084E-5
<1091,15,47,op2> 2.0621061722831796E-5
<1092,14,57,op2> 1.8448570675505397E-5
<1093,13,67,op2> 1.5430346700094553E-5
<1094,21,61,op8> 0.002060949055611089
<1095,11,87,op2> 1.509695520084507E-5
<1096,12,77,op2> 1.3911411917341227E-5
<1097,10,97,op2> 1.3633455994104643E-5
<1098,54,13,op7> 7.375587210974618E-4
<1099,16,13,op7> 4.112448626725242E-4
<1100,110,18,op7> 0.0012189119657508565
<1101,15,56,op2> 1.8072192290996798E-5
<1102,13,76,op2> 1.7601087150283697E-5
<1103,14,66,op2> 1.5815672581082425E-5
<1104,12,86,op2> 1.5031794085180785E-5
<1105,11,96,op2> 1.1105593727916632E-5
<1106,15,57,op2> 1.7859786505010547E-5
<1107,14,67,op2> 1.559626440654718E-5
<1108,12,87,op2> 1.5255870518748702E-5
<1109,46,8,op1> 0.0026864099795511176
<1110,13,77,op2> 1.3476680294924314E-5
<1111,11,97,op2> 1.0883851423865048E-5
<1112,14,64,op2> 1.9106795199111138E-5
<1113,13,74,op2> 1.716693906024587E-5
<1114,12,84,op2> 1.547994695231661E-5
<1115,11,94,op2> 1.154907833601979E-5
<1116,15,54,op2> 2.168309065276305E-5
<1117,14,65,op2> 1.9326203373646385E-5
<1118,15,55,op2> 1.8284598076983042E-5
<1119,13,75,op2> 1.7384013105264786E-5
<1120,12,85,op2> 1.5704023385884525E-5
<1121,11,95,op2> 1.1327336031968207E-5
<1122,14,62,op2> 1.9545611548181632E-5
<1123,13,72,op2> 1.673279097020804E-5
<1124,12,82,op2> 1.4135488350909139E-5
<1125,11,92,op2> 1.199256294412295E-5
<1126,15,52,op2> 2.1258279080790547E-5
<1127,14,63,op2> 1.9765019722716883E-5
<1128,13,73,op2> 1.6949865015226958E-5
<1129,12,83,op2> 1.4359564784477052E-5
<1130,11,93,op2> 1.1770820640071365E-5
<1131,15,53,op2> 2.14706848667768E-5
<1132,14,60,op2> 1.998442789725213E-5
<1133,13,70,op2> 1.629864288017021E-5
<1134,12,80,op2> 1.458364121804496E-5
<1135,85,4,op4> 0.0032554803123289225
<1136,43,8,op1> 0.0010512039050417418
<1137,11,90,op2> 1.243604755222611E-5
<1138,15,50,op2> 2.18954964387493E-5
<1139,20,81,op8> 0.0020206389294588757
<1140,15,51,op2> 2.10458732948043E-5
<1141,14,61,op2> 2.0203836071787377E-5
<1142,13,71,op2> 1.6515716925189123E-5
<1143,12,81,op2> 1.4807717651612877E-5
<1144,56,12,op8> 0.0019862229458574416
<1145,11,91,op2> 1.2214305248174529E-5
<1146,53,11,op8> 0.0013788687689787146
<1147,13,57,op2> 1.8252309285340446E-5
<1148,12,67,op2> 1.592809981945244E-5
<1149,10,87,op2> 1.8910922830532246E-5
<1150,11,77,op2> 1.3766501376535587E-5
<1151,15,37,op2> 2.1417583420280235E-6
<1152,14,46,op2> 2.1520285118998856E-5
<1153,13,56,op2> 1.8469383330359363E-5
<1154,11,76,op2> 1.7979605153515604E-5
<1155,12,66,op2> 1.6152176253020348E-5
<1156,10,86,op2> 1.8633161418088683E-5
<1157,15,36,op2> 1.2921351980830226E-6
<1158,14,49,op2> 2.0423244246322624E-5
<1159,13,59,op2> 1.7818161195302618E-5
<1160,9,78,op2> 1.2261571370880263E-5
<1161,12,69,op2> 1.637625268658826E-5
<1162,11,79,op2> 1.3323016768432426E-5
<1163,10,89,op2> 1.6411070118540222E-5
<1164,15,39,op2> 1.9293525560417735E-6
<1165,43,6,op1> 7.303402040934602E-4
<1166,14,48,op2> 2.0642652420857874E-5
<1167,13,58,op2> 1.803523524032153E-5
<1168,12,68,op2> 1.6600329120156174E-5
<1169,11,78,op2> 1.354475907248401E-5
<1170,10,88,op2> 1.6133308706096662E-5
<1171,15,38,op2> 2.3541641280142744E-6
<1172,48,8,op1> 0.0026196668744691023
<1173,53,13,op7> 7.330886682423256E-4
<1174,13,63,op2> 1.9554753555453937E-5
<1175,12,73,op2> 1.7496634854427824E-5
<1176,11,83,op2> 1.420998598463875E-5
<1177,10,93,op2> 1.4744501643878873E-5
<1178,15,43,op2> 2.5665699140005248E-6
<1179,14,53,op2> 2.2178509642604604E-5
<1180,15,44,op2> 2.0408655936845548E-5
<1181,13,64,op2> 1.890353142039719E-5
<1182,12,74,op2> 1.7720711287995733E-5
<1183,11,84,op2> 1.531869750489665E-5
<1184,10,94,op2> 1.4466740231435318E-5
<1185,14,54,op2> 2.239791781713985E-5
<1186,15,45,op2> 2.0196250150859297E-5
<1187,13,65,op2> 1.9120605465416105E-5
<1188,14,55,op2> 1.8887387024575888E-5
<1189,12,75,op2> 1.794478772156365E-5
<1190,11,85,op2> 1.554043980894823E-5
<1191,10,95,op2> 1.4188978818991756E-5
<1192,15,46,op2> 2.0833467508818044E-5
<1193,5,91,op2> 1.0671445637878799E-5
<1194,14,56,op2> 1.8667978850040647E-5
<1195,12,76,op2> 1.8168864155131556E-5
<1196,13,66,op2> 1.5647420745113464E-5
<1197,11,86,op2> 1.4875212896793486E-5
<1198,67,13,op7> 5.989870825882417E-4
<1199,10,96,op2> 1.3911217406548203E-5
<1200,13,60,op2> 1.977182760047285E-5
<1201,12,70,op2> 1.6824405553724087E-5
<1202,11,80,op2> 1.4431728288690327E-5
<1203,10,90,op2> 1.557778588120955E-5
<1204,15,40,op2> 3.2037872719592756E-6
<1205,14,50,op2> 2.2617325991675098E-5
<1206,14,51,op2> 2.1739693293534106E-5
<1207,13,61,op2> 1.9988901645491768E-5
<1208,12,71,op2> 1.7048481987292E-5
<1209,11,81,op2> 1.4653470592741909E-5
<1210,10,91,op2> 1.530002446876599E-5
<1211,15,41,op2> 2.9913814859730248E-6
<1212,12,72,op2> 1.7272558420859914E-5
<1213,11,82,op2> 1.398824368058717E-5
<1214,10,92,op2> 1.5022263056322433E-5
<1215,15,42,op2> 2.7789756999867744E-6
<1216,14,52,op2> 2.1959101468069354E-5
<1217,15,69,op2> 1.552332285916179E-5
<1218,14,79,op2> 1.3182774486659453E-5
<1219,13,89,op2> 1.282545815986757E-5
<1220,15,75,op2> 1.701016336106554E-5
<1221,14,85,op2> 1.537685623201193E-5
<1222,13,95,op2> 1.1088865799716244E-5
<1223,15,74,op2> 1.6797757575079294E-5
<1224,14,84,op2> 1.5157448057476682E-5
<1225,13,94,op2> 1.1305939844735162E-5
<1226,15,73,op2> 1.6585351789093046E-5
<1227,14,83,op2> 1.4060407184800449E-5
<1228,13,93,op2> 1.1523013889754076E-5
<1229,15,72,op2> 1.6372946003106794E-5
<1230,14,82,op2> 1.38409990102652E-5
<1231,13,92,op2> 1.1740087934772993E-5
<1232,15,79,op2> 1.2762047641340535E-5
<1233,14,89,op2> 1.296336631212421E-5
<1234,15,78,op2> 1.297445342732679E-5
<1235,14,88,op2> 1.274395813758896E-5
<1236,13,98,op2> 1.04376436646595E-5
<1237,14,87,op2> 1.4938039882941439E-5
<1238,15,77,op2> 1.3186859213313037E-5
<1239,13,97,op2> 1.0654717709678416E-5
<1240,15,76,op2> 1.722256914705179E-5
<1241,14,86,op2> 1.4718631708406186E-5
<1242,13,96,op2> 1.0871791754697334E-5
<1243,18,13,op7> 4.023047569622519E-4
<1244,15,71,op2> 1.6160540217120543E-5
<1245,14,81,op2> 1.4499223533870943E-5
<1246,13,91,op2> 1.1957161979791907E-5
<1247,15,70,op2> 1.5948134431134292E-5
<1248,14,80,op2> 1.427981535933569E-5
<1249,13,90,op2> 1.2174236024810824E-5
<1250,15,58,op2> 1.7647380719024292E-5
<1251,14,68,op2> 1.625448893015292E-5
<1252,13,78,op2> 1.3259606249905398E-5
<1253,12,88,op2> 1.3015106183069575E-5
<1254,11,98,op2> 1.0662109119813468E-5
<1255,15,59,op2> 1.7434974933038044E-5
<1256,14,69,op2> 1.6035080755617672E-5
<1257,13,79,op2> 1.304253220488648E-5
<1258,12,89,op2> 1.3239182616637491E-5
<1259,59,13,op7> 6.481576639947392E-4
<1260,19,13,op7> 3.933646512519797E-4
<1261,15,62,op2> 1.8921815434941796E-5
<1262,14,72,op2> 1.6912713453758664E-5
<1263,12,92,op2> 1.2118800448797927E-5
<1264,4,60,op2> 1.8071025226238626E-5
<1265,15,61,op2> 1.9559032792900547E-5
<1266,14,71,op2> 1.6693305279223417E-5
<1267,13,81,op2> 1.4344976474999975E-5
<1268,12,91,op2> 1.234287688236584E-5
<1269,15,64,op2> 1.8497003862969294E-5
<1270,14,74,op2> 1.7351529802829158E-5
<1271,13,84,op2> 1.4996198610056719E-5
<1272,12,94,op2> 1.1670647581662104E-5
<1273,15,63,op2> 1.9134221220928044E-5
<1274,14,73,op2> 1.7132121628293914E-5
<1275,13,83,op2> 1.3910828384962145E-5
<1276,12,93,op2> 1.1894724015230012E-5
<1277,14,76,op2> 1.7790346151899652E-5
<1278,15,66,op2> 1.531091707317554E-5
<1279,101,28,op7> 6.887242450404625E-4
<1280,13,86,op2> 1.4562050520018885E-5
<1281,12,96,op2> 1.1222494714526281E-5
<1282,15,65,op2> 1.8709409648955545E-5
<1283,14,75,op2> 1.7570937977364405E-5
<1284,13,85,op2> 1.5213272655075634E-5
<1285,12,95,op2> 1.1446571148094187E-5
<1286,15,68,op2> 1.5735728645148037E-5
<1287,14,78,op2> 1.3402182661194704E-5
<1288,13,88,op2> 1.260838411484865E-5
<1289,12,98,op2> 1.0774341847390453E-5
<1290,15,67,op2> 1.5098511287189292E-5
<1291,13,87,op2> 1.4779124565037806E-5
<1292,14,77,op2> 1.3621590835729951E-5
<1293,12,97,op2> 1.0998418280958366E-5
<1294,58,10,op8> 0.0017695752680249807
<1295,8,73,op2> 1.5856325336825217E-5
<1296,17,13,op7> 3.978347041071159E-4
<1297,15,60,op2> 1.9346627006914295E-5
<1298,14,70,op2> 1.647389710468817E-5
<1299,13,80,op2> 1.4127902429981057E-5
<1300,12,90,op2> 1.2566953315933753E-5
<1301,15,98,op2> 1.0213178209505533E-5
<1302,15,97,op2> 1.0425583995491786E-5
<1303,15,96,op2> 1.0637989781478037E-5
<1304,51,76,op8> 0.0018147542362982707
<1305,15,95,op2> 1.0850395567464282E-5
<1306,15,94,op2> 1.1062801353450536E-5
<1307,15,93,op2> 1.1275207139436783E-5
<1308,15,92,op2> 1.1487612925423037E-5
<1309,57,12,op8> 0.0019728025205475942
<1310,15,91,op2> 1.1700018711409285E-5
<1311,15,90,op2> 1.1912424497395538E-5
<1312,57,13,op7> 6.570977697050115E-4
<1313,15,88,op2> 1.2337236069368034E-5
<1314,102,27,op7> 6.575367320574982E-4
<1315,14,98,op2> 1.0549876392236485E-5
<1316,15,87,op2> 1.4461293929230541E-5
<1317,14,97,op2> 1.0769284566771734E-5
<1318,15,89,op2> 1.2549641855354288E-5
<1319,15,84,op2> 1.467369971521679E-5
<1320,14,94,op2> 1.1427509090377477E-5
<1321,15,83,op2> 1.361167078528554E-5
<1322,14,93,op2> 1.164691726491272E-5
<1323,15,86,op2> 1.4248888143244287E-5
<1324,14,96,op2> 1.0988692741306983E-5
<1325,45,3,op5> 0.0026009663605269387
<1326,15,85,op2> 1.4886105501203042E-5
<1327,14,95,op2> 1.1208100915842225E-5
<1328,15,80,op2> 1.3824076571271786E-5
<1329,14,90,op2> 1.2305141788518465E-5
<1330,15,82,op2> 1.339926499929929E-5
<1331,14,92,op2> 1.1866325439447973E-5
<1332,86,2,op8> 3.9328405967412874E-4
<1333,15,81,op2> 1.403648235725804E-5
<1334,14,91,op2> 1.2085733613983218E-5
<1335,0,18,op2> 7.115593830539385E-6
<1336,0,19,op2> 6.751469625991527E-6
<1337,0,16,op2> 7.479718035087243E-6
<1338,0,17,op2> 6.933531728265455E-6
<1339,0,15,op2> 7.297655932813314E-6
<1340,0,13,op2> 7.661780137361172E-6
<1341,0,10,op2> 1.0392711671470107E-5
<1342,0,11,op2> 8.02590434190903E-6
<1343,82,4,op4> 0.0030841392432589794
<1344,20,13,op7> 4.380651798033409E-4
<1345,80,1,op8> 5.110766246975417E-4
<1346,81,1,op8> 5.150694108279913E-4
<1347,82,2,op8> 3.811830116841555E-4
<1348,82,1,op8> 5.030910524366426E-4
<1349,83,1,op8> 5.070838385670921E-4
<1350,83,2,op8> 3.8420827368164883E-4
<1351,0,59,op2> 1.4944264228318326E-5
<1352,3,29,op2> 4.040961725150504E-6
<1353,2,39,op2> 1.6113274094414811E-6
<1354,4,19,op2> 7.357370746272819E-6
<1355,1,48,op2> 1.6909406770277194E-5
<1356,0,58,op2> 1.5126326330592254E-5
<1357,3,28,op2> 3.865902011425572E-6
<1358,2,38,op2> 1.966115095924009E-6
<1359,4,18,op2> 7.754172764049329E-6
<1360,1,47,op2> 1.744859068854998E-5
<1361,0,57,op2> 1.5308388432866184E-5
<1362,3,27,op2> 3.690842297700641E-6
<1363,2,37,op2> 1.788721252682745E-6
<1364,4,17,op2> 7.5557717551610725E-6
<1365,1,46,op2> 1.7628318661307575E-5
<1366,0,56,op2> 1.5490450535140112E-5
<1367,3,26,op2> 3.515782583975709E-6
<1368,2,36,op2> 1.0791458797176894E-6
<1369,4,16,op2> 8.15097478182584E-6
<1370,1,45,op2> 1.708913474303479E-5
<1371,0,55,op2> 1.5672512637414037E-5
<1372,3,25,op2> 3.3407228702507774E-6
<1373,2,35,op2> 9.017520364764253E-7
<1374,4,15,op2> 7.952573772937585E-6
<1375,5,38,op8> 2.480599315803392E-4
<1376,1,44,op2> 1.7268862715792388E-5
<1377,3,24,op2> 3.165663156525846E-6
<1378,2,34,op2> 1.433933566200217E-6
<1379,4,14,op2> 8.547776799602352E-6
<1380,88,1,op8> 4.791343356539453E-4
<1381,0,54,op2> 1.85855062737969E-5
<1382,3,22,op2> 2.815543729075982E-6
<1383,1,42,op2> 2.351440976911886E-6
<1384,2,32,op2> 5.513991960749288E-6
<1385,4,12,op2> 8.944578817378863E-6
<1386,0,52,op2> 1.8221382069249042E-5
<1387,3,23,op2> 2.9906034428009143E-6
<1388,2,33,op2> 1.256539722958953E-6
<1389,109,19,op7> 0.0011565369397849277
<1390,1,43,op2> 2.1717130041542896E-6
<1391,4,13,op2> 8.349375790714096E-6
<1392,0,53,op2> 1.8403444171522973E-5
<1393,4,10,op2> 1.1325390924037933E-5
<1394,1,40,op2> 2.7108969224270793E-6
<1395,2,30,op2> 4.981810431025497E-6
<1396,3,20,op2> 8.242394854548861E-6
<1397,0,50,op2> 1.8767568376070827E-5
<1398,0,51,op2> 1.8039319966975114E-5
<1399,1,41,op2> 2.531168949669482E-6
<1400,2,31,op2> 5.868779647231816E-6
<1401,4,11,op2> 8.746177808490608E-6
<1402,3,21,op2> 8.067335140823927E-6
<1403,84,2,op8> 3.993345836691153E-4
<1404,0,48,op2> 1.7129009455605473E-5
<1405,2,28,op2> 3.917447371577913E-6
<1406,1,38,op2> 1.9919850313966932E-6
<1407,3,18,op2> 6.841917144749408E-6
<1408,47,3,op8> 8.880648989873869E-4
<1409,0,47,op2> 1.7675195762427254E-5
<1410,2,27,op2> 3.740053528336649E-6
<1411,1,37,op2> 1.8122570586390968E-6
<1412,3,17,op2> 6.666857431024477E-6
<1413,0,49,op2> 1.694694735333154E-5
<1414,2,29,op2> 4.094841214819177E-6
<1415,1,39,op2> 1.6325290858815006E-6
<1416,3,19,op2> 6.491797717299545E-6
<1417,0,44,op2> 1.749313366015333E-5
<1418,2,24,op2> 3.2078719986128572E-6
<1419,1,34,op2> 1.4528011131239042E-6
<1420,3,14,op2> 7.542155999649135E-6
<1421,2,23,op2> 3.030478155371593E-6
<1422,1,33,op2> 1.2730731403663076E-6
<1423,0,43,op2> 2.199917069143307E-6
<1424,3,13,op2> 7.367096285924202E-6
<1425,0,46,op2> 1.7857257864701182E-5
<1426,2,26,op2> 3.5626596850953844E-6
<1427,1,36,op2> 1.0933451676087116E-6
<1428,3,16,op2> 7.192036572199271E-6
<1429,0,45,op2> 1.7311071557879397E-5
<1430,2,25,op2> 3.385265841854121E-6
<1431,1,35,op2> 9.13617194851115E-7
<1432,3,15,op2> 7.016976858474339E-6
<1433,25,26,op2> 4.405020202469195E-4
<1434,23,11,op8> 5.717260749423938E-4
<1435,3,10,op2> 9.992991991798177E-6
<1436,63,13,op7> 6.839180868358283E-4
<1437,0,40,op2> 2.746103375965093E-6
<1438,1,30,op2> 5.047360568275832E-6
<1439,2,20,op2> 8.352293452609513E-6
<1440,22,24,op8> 4.0472936205213235E-4
<1441,0,41,op2> 2.564041273691164E-6
<1442,1,31,op2> 5.946000432063813E-6
<1443,3,11,op2> 7.717215713374066E-6
<1444,2,21,op2> 8.174899609368246E-6
<1445,2,22,op2> 2.8530843121303284E-6
<1446,0,42,op2> 2.3819791714172355E-6
<1447,1,32,op2> 5.58654448654862E-6
<1448,3,12,op2> 7.892275427098998E-6
<1449,85,1,op8> 5.310405553497895E-4
<1450,1,25,op2> 3.4298088134574646E-6
<1451,0,35,op2> 9.254823532258049E-7
<1452,2,15,op2> 7.110536549920664E-6
<1453,1,24,op2> 3.250080840699868E-6
<1454,0,34,op2> 1.4716686600475915E-6
<1455,2,14,op2> 7.642718079644456E-6
<1456,1,23,op2> 3.070352867942272E-6
<1457,0,33,op2> 1.2896065577736624E-6
<1458,2,13,op2> 7.465324236403192E-6
<1459,1,22,op2> 2.8906248951846745E-6
<1460,0,32,op2> 5.659097012347953E-6
<1461,2,12,op2> 7.997505766126984E-6
<1462,1,29,op2> 4.148720704487851E-6
<1463,0,39,op2> 1.65373076232152E-6
<1464,2,19,op2> 6.578355020196872E-6
<1465,1,28,op2> 3.968992731730253E-6
<1466,0,38,op2> 2.0178549668693778E-6
<1467,2,18,op2> 6.9331427066794E-6
<1468,1,27,op2> 3.789264758972658E-6
<1469,0,37,op2> 1.835792864595449E-6
<1470,2,17,op2> 6.755748863438136E-6
<1471,1,26,op2> 3.6095367862150606E-6
<1472,0,36,op2> 1.1075444554997338E-6
<1473,2,16,op2> 7.287930393161929E-6
<1474,21,13,op7> 4.335951269482049E-4
<1475,2,10,op2> 1.0126231885022153E-5
<1476,0,30,op2> 5.112910705526168E-6
<1477,1,20,op2> 8.462192050670165E-6
<1478,0,31,op2> 6.023221216895811E-6
<1479,39,6,op1> 6.955620991366286E-4
<1480,2,11,op2> 7.82011192288572E-6
<1481,1,21,op2> 8.282464077912566E-6
<1482,0,22,op2> 2.9281654782390214E-6
<1483,1,12,op2> 8.102736105154971E-6
<1484,1,11,op2> 7.923008132397374E-6
<1485,43,3,op8> 3.4967555397628355E-4
<1486,0,21,op2> 8.390028546456885E-6
<1487,0,24,op2> 3.29228968278688E-6
<1488,1,14,op2> 7.743280159639779E-6
<1489,0,23,op2> 3.1102275805129513E-6
<1490,1,13,op2> 7.5635521868821805E-6
<1491,0,26,op2> 3.6564138873347376E-6
<1492,1,16,op2> 7.3838242141245845E-6
<1493,0,25,op2> 3.4743517850608085E-6
<1494,1,15,op2> 7.2040962413669885E-6
<1495,0,28,op2> 4.020538091882595E-6
<1496,1,18,op2> 7.0243682686093925E-6
<1497,0,27,op2> 3.838475989608667E-6
<1498,1,17,op2> 6.844640295851796E-6
<1499,0,29,op2> 4.202600194156524E-6
<1500,1,19,op2> 6.6649123230942E-6
<1501,21,10,op8> 0.0011756767191672818
<1502,87,1,op8> 5.230549830888903E-4
<1503,87,2,op8> 3.963093216716219E-4
<1504,1,10,op2> 1.0259471778246128E-5
<1505,0,20,op2> 8.572090648730816E-6
<1506,38,2,op7> 3.026431625272156E-4
<1507,38,3,op7> 1.586027862541173E-4
<1508,38,3,op8> 3.441251483576124E-4
<1509,39,3,op7> 1.5348656734269416E-4
<1510,89,1,op8> 4.831271217843948E-4
<1511,39,3,op8> 3.3302433712027003E-4
<1512,36,2,op7> 2.7823645587179497E-4
<1513,36,3,op7> 1.4581223897555944E-4
<1514,37,3,op7> 1.5604467679840572E-4
<1515,37,2,op7> 2.977618211961315E-4
<1516,60,67,op8> 0.0015909407641957092
<1517,8,88,op2> 1.17949399784068E-5
<1518,7,98,op2> 8.978618206158712E-6
<1519,8,87,op2> 1.382563265761601E-5
<1520,9,77,op2> 1.2462306509284849E-5
<1521,7,97,op2> 9.165348567465306E-6
<1522,9,79,op2> 1.2060836232475672E-5
<1523,43,2,op7> 3.0752450385829975E-4
<1524,43,3,op7> 1.6116089570982885E-4
<1525,9,70,op2> 1.5071863308544498E-5
<1526,28,29,op8> 5.166360981034132E-4
<1527,8,80,op2> 1.3216424853853246E-5
<1528,69,10,op8> 0.0016483714825438177
<1529,7,90,op2> 1.0472461096611462E-5
<1530,9,72,op2> 1.5473333585353672E-5
<1531,8,82,op2> 1.2810286318011408E-5
<1532,7,92,op2> 1.0099000373998275E-5
<1533,9,71,op2> 1.5272598446949086E-5
<1534,8,81,op2> 1.3419494121774169E-5
<1535,7,91,op2> 1.0285730735304867E-5
<1536,9,74,op2> 1.5874803862162847E-5
<1537,8,84,op2> 1.402870192553693E-5
<1538,7,94,op2> 9.725539651385088E-6
<1539,9,73,op2> 1.567406872375826E-5
<1540,8,83,op2> 1.3013355585932327E-5
<1541,7,93,op2> 9.912270012691679E-6
<1542,9,76,op2> 1.6276274138972022E-5
<1543,8,86,op2> 1.3622563389695086E-5
<1544,7,96,op2> 9.3520789287719E-6
<1545,9,75,op2> 1.6075539000567436E-5
<1546,8,85,op2> 1.4231771193457852E-5
<1547,7,95,op2> 9.538809290078492E-6
<1548,28,81,op8> 0.0015051698148009992
<1549,9,90,op2> 1.1257895678857321E-5
<1550,9,88,op2> 1.1659365955666496E-5
<1551,8,98,op2> 9.764247299197598E-6
<1552,42,3,op7> 1.637190051655404E-4
<1553,42,2,op7> 3.124058451893839E-4
<1554,43,3,op5> 0.0010370941817290954
<1555,9,83,op2> 1.2863776786094029E-5
<1556,8,93,op2> 1.0779593638802198E-5
<1557,9,82,op2> 1.2663041647689438E-5
<1558,8,92,op2> 1.0982662906723122E-5
<1559,9,81,op2> 1.3265247062903204E-5
<1560,8,91,op2> 1.1185732174644043E-5
<1561,9,80,op2> 1.3064511924498613E-5
<1562,8,90,op2> 1.1388801442564962E-5
<1563,9,87,op2> 1.366671733971238E-5
<1564,8,97,op2> 9.967316567118518E-6
<1565,9,86,op2> 1.3465982201307789E-5
<1566,8,96,op2> 1.017038583503944E-5
<1567,9,85,op2> 1.4068187616521557E-5
<1568,8,95,op2> 1.0373455102960356E-5
<1569,9,84,op2> 1.3867452478116967E-5
<1570,8,94,op2> 1.0576524370881282E-5
<1571,9,59,op2> 1.6477009277376615E-5
<1572,8,69,op2> 1.4840978997220612E-5
<1573,7,79,op2> 1.1219382541837834E-5
<1574,6,89,op2> 1.1170560332787885E-5
<1575,41,2,op7> 3.17287186520468E-4
<1576,9,56,op2> 1.707921469259038E-5
<1577,7,76,op2> 1.51407201292763E-5
<1578,8,66,op2> 1.463790972929969E-5
<1579,6,86,op2> 1.2683076259371289E-5
<1580,5,96,op2> 9.702781888600846E-6
<1581,8,65,op2> 1.788701801603442E-5
<1582,9,55,op2> 1.7279949830994962E-5
<1583,7,75,op2> 1.4953989767969709E-5
<1584,6,85,op2> 1.325026973184007E-5
<1585,5,95,op2> 9.896514638456435E-6
<1586,41,3,op7> 1.66277114621252E-4
<1587,9,58,op2> 1.66777444157812E-5
<1588,8,68,op2> 1.504404826514153E-5
<1589,7,78,op2> 1.1406112903144432E-5
<1590,6,88,op2> 1.0981495841964955E-5
<1591,5,98,op2> 9.315316388889663E-6
<1592,9,57,op2> 1.687847955418579E-5
<1593,8,67,op2> 1.443484046137877E-5
<1594,27,28,op2> 4.8436944135034723E-4
<1595,6,87,op2> 1.2872140750194218E-5
<1596,7,77,op2> 1.1592843264451023E-5
<1597,5,97,op2> 9.509049138745254E-6
<1598,8,62,op2> 1.809008728395534E-5
<1599,7,72,op2> 1.4393798684049928E-5
<1600,6,82,op2> 1.1926818296079587E-5
<1601,5,92,op2> 1.0477712888023209E-5
<1602,9,52,op2> 2.00902417686592E-5

