<0,17,46,op8> 0.001567966590309789
<1,66,5,op3> 0.0063882831791019674
<2,81,30,op3> 0.005832276664873691
<3,81,0,op5> 1.1524581006997471E-4
<4,89,41,op4> 0.0038249701963329304
<5,95,4,op4> 0.0052391494589456794
<6,10,47,op8> 0.004580176516897413
<7,59,43,op8> 6.362758509162944E-4
<8,4,1,op2> 0.0011176307545105347
<9,68,7,op2> 0.0076413402293637874
<10,77,42,op8> 0.0012865062505511696
<11,11,1,op2> 0.001246836622084007
<12,69,41,op4> 0.0043870066333451165
<13,45,3,op2> 0.003429949615433771
<14,70,41,op4> 0.00444945512634647
<15,100,4,op1> 0.001521745577785935
<16,25,0,op5> 0.0014401721745857907
<17,112,4,op4> 0.0057882306249487205
<18,31,15,op2> 0.0015934899605365806
<19,80,0,op2> 0.0072425827365956395
<20,83,41,op4> 0.004105988414839023
<21,90,2,op3> 0.005436521170807031
<22,48,23,op4> 0.0044405856192273625
<23,55,24,op3> 0.0043032587507459315
<24,66,5,op2> 0.008174974076613247
<25,63,3,op2> 0.0033244127041896546
<26,95,4,op1> 0.0015768313905564668
<27,27,2,op2> 8.843933100408602E-4
<28,55,3,op2> 0.0032399831751943626
<29,53,3,op2> 0.0035565939089267098
<30,31,0,op5> 0.0017221639290501414
<31,71,0,op5> 1.2387845501903648E-4
<32,74,41,op4> 0.004574352112349179
<33,72,42,op8> 0.0014812761211525417
<34,82,25,op3> 0.004442260379303
<35,98,4,op4> 0.005101879167444919
<36,59,2,op5> 0.004764077504810791
<37,9,1,op2> 0.0011305513412678818
<38,27,0,op5> 0.001480456710937841
<39,80,28,op3> 0.004859265264974208
<40,56,3,op2> 0.0032188757929455386
<41,78,18,op3> 9.672196653762724E-4
<42,69,45,op8> 0.003835696254846807
<43,52,43,op8> 7.128843145717682E-4
<44,87,44,op8> 0.001793500408761758
<45,73,0,op2> 0.007953175759808796
<46,49,43,op8> 6.830921342613061E-4
<47,46,30,op4> 0.0062192902900722585
<48,82,41,op4> 0.0040747641683383466
<49,50,3,op2> 0.0035988086734243564
<50,19,0,op8> 8.514098735212374E-4
<51,88,41,op4> 0.0037937459498322535
<52,57,2,op5> 0.004827810983136019
<53,51,3,op5> 8.057753641306825E-5
<54,87,2,op3> 0.006164423586982033
<55,66,45,op8> 0.0038083959256308155
<56,56,23,op3> 0.0041642571221888625
<57,51,31,op4> 0.006960417236257631
<58,50,0,op7> 1.5355207166760146E-4
<59,34,1,op6> 0.0014729252541415877
<60,55,2,op5> 0.004891544461461247
<61,62,0,op3> 6.267454830468883E-5
<62,107,4,op1> 0.0014115739522448719
<63,20,1,op2> 0.002842822734228089
<64,97,4,op4> 0.005147635931278506
<65,32,0,op5> 0.0016818793926980913
<66,105,4,op4> 0.004781581820609812
<67,8,46,op8> 0.0015333153949438267
<68,61,2,op5> 0.005082744896436931
<69,25,1,op6> 0.001740729845803695
<70,52,0,op3> 6.707978812163183E-5
<71,63,31,op3> 0.0065272848076590355
<72,21,14,op2> 0.002482879705952346
<73,44,3,op2> 0.003451056997682594
<74,68,7,op3> 0.00597127829343076
<75,6,1,op2> 0.0010659484074811458
<76,57,22,op3> 0.004025255493631794
<77,73,41,op4> 0.0045431278658485015
<78,61,3,op2> 0.0033666274686873013
<79,61,3,op5> 7.718989223954586E-5
<80,81,0,op2> 0.007297243738381267
<81,47,29,op4> 0.00532993795464981
<82,75,41,op4> 0.004605576358849855
<83,60,32,op3> 0.006249281550544899
<84,83,2,op3> 0.005982447982938281
<85,62,29,op3> 0.004998266893531277
<86,82,0,op5> 1.1265601658525617E-4
<87,103,4,op4> 0.004873095348276986
<88,106,4,op1> 0.001425345405437505
<89,64,3,op2> 0.0032610905574431857
<90,33,3,op2> 2.237348474164357E-4
<91,29,1,op2> 0.00215711674808262
<92,77,0,op2> 0.006859955724096248
<93,54,3,op2> 0.0035777012911755333
<94,72,0,op5> 1.2474171951394267E-4
<95,74,0,op2> 0.008007836761594424
<96,72,36,op3> 8.282180368192034E-4
<97,16,46,op8> 0.0016199433833587323
<98,25,1,op2> 0.0020428324170583753
<99,63,0,op3> 6.307502465168365E-5
<100,44,28,op4> 0.0051817125654127355
<101,69,25,op4> 0.004737036397701511
<102,22,8,op2> 0.00888648587294586
<103,52,3,op5> 8.10614855807143E-5
<104,51,0,op7> 1.499496770243733E-4
<105,104,4,op4> 0.004827338584443399
<106,53,0,op3> 6.748026446862663E-5
<107,62,3,op5> 7.57380447366077E-5
<108,27,10,op2> 0.006929828433031175
<109,62,2,op5> 0.004987144678949089
<110,51,3,op2> 0.0035143791444290635
<111,84,41,op4> 0.004262109647342408
<112,110,4,op1> 0.0017696317352533276
<113,113,4,op4> 0.005833987388782307
<114,59,3,op2> 0.003155553646199069
<115,65,3,op2> 0.003282197939692008
<116,67,4,op2> 0.008530729974779555
<117,84,2,op3> 0.00620991748799297
<118,91,2,op3> 0.005391027269796095
<119,57,43,op8> 6.447879024335695E-4
<120,76,0,op2> 0.008117158765165678
<121,108,4,op4> 0.004644311529109052
<122,90,41,op4> 0.0037312974568308992
<123,64,0,op3> 6.18735956106992E-5
<124,28,0,op5> 0.0015005989791138658
<125,69,6,op2> 0.00781921817844694
<126,71,0,op2> 0.007843853756237543
<127,101,4,op4> 0.0050103656397777465
<128,109,4,op1> 0.0013840310458596065
<129,80,41,op4> 0.0041372126613397
<130,67,41,op4> 0.004324558140343763
<131,43,3,op2> 0.0013614261550490968
<132,50,0,op3> 6.828121716261626E-5
<133,100,4,op4> 0.005056122403611332
<134,79,42,op8> 0.0012660041589089197
<135,60,2,op5> 0.005050878157274317
<136,63,3,op5> 7.622199390425375E-5
<137,68,26,op4> 0.004885261786938586
<138,63,2,op5> 0.005019011418111703
<139,58,43,op8> 6.405318766749319E-4
<140,67,4,op3> 0.006666286436216107
<141,58,3,op2> 0.0031766610284478924
<142,66,2,op2> 0.0016785424047714285
<143,91,44,op8> 0.0015684855973303932
<144,70,0,op5> 1.230151905241303E-4
<145,78,0,op2> 0.006805294722310621
<146,77,41,op4> 0.003918642935834962
<147,85,2,op3> 0.006255411389003907
<148,52,3,op2> 0.003535486526677887
<149,107,4,op4> 0.004690068292942638
<150,106,4,op4> 0.004735825056776225
<151,50,3,op5> 8.251333308365247E-5
<152,65,0,op3> 6.227407195769402E-5
<153,87,41,op4> 0.004230885400841732
<154,72,0,op2> 0.00789851475802317
<155,108,4,op1> 0.001397802499052239
<156,64,3,op5> 7.477014640131558E-5
<157,85,41,op4> 0.004293333893843086
<158,64,2,op5> 0.004923411200623862
<159,92,2,op3> 0.005345533368785158
<160,51,0,op3> 6.667931177463701E-5
<161,50,40,op4> 0.0035512332838049136
<162,37,12,op2> 0.003194391502284959
<163,86,2,op3> 0.006118929685971095
<164,75,0,op5> 1.2733151299866121E-4
<165,103,4,op1> 0.0014666597650154038
<166,45,43,op8> 6.916041857785811E-4
<167,60,3,op2> 0.0033455200864384777
<168,76,0,op5> 1.2819477749356737E-4
<169,102,4,op1> 0.0014804312182080364
<170,46,43,op8> 7.043722630544932E-4
<171,69,6,op3> 0.006110279921987829
<172,58,2,op5> 0.004795944243973405
<173,73,0,op5> 1.2560498400884882E-4
<174,88,2,op3> 0.005527508972828907
<175,105,4,op1> 0.001439116858630138
<176,68,41,op4> 0.004418230879845793
<177,60,0,op3> 6.347550099867847E-5
<178,39,1,op6> 0.0014972711261108705
<179,30,1,op2> 0.0022999721618629262
<180,79,0,op2> 0.006750633720524994
<181,47,3,op2> 0.0034721643799314177
<182,75,0,op2> 0.008062497763380052
<183,56,2,op5> 0.004859677722298633
<184,47,43,op8> 7.001162372958559E-4
<185,62,3,op2> 0.003303305321940832
<186,94,44,op8> 0.0015287771011954466
<187,89,2,op3> 0.005573002873839846
<188,74,0,op5> 1.26468248503755E-4
<189,60,3,op5> 7.67059430718998E-5
<190,76,41,op4> 0.008039808499918371
<191,104,4,op1> 0.0014528883118227708
<192,21,0,op5> 0.001984013415338467
<193,61,0,op3> 6.387597734567329E-5
<194,102,4,op4> 0.004918852112110573
<195,30,2,op1> 8.929003760756036E-5
<196,48,43,op8> 6.873481600199435E-4
<197,86,41,op4> 0.004199661154341055
<198,69,0,op5> 1.2128866153431793E-4
<199,54,2,op5> 0.00540141228806307
<200,25,3,op5> 3.460236548669297E-5
<201,18,0,op8> 8.704357924826058E-4
<202,15,1,op2> 0.001195154275054618
<203,1,1,op2> 0.0010142660604517569
<204,32,3,op2> 3.13980836290292E-4
<205,45,27,op4> 0.0050334871761756605
<206,6,47,op8> 0.0031358054991206356
<207,39,3,op5> 2.9762873810232414E-5
<208,59,3,op5> 7.23504005630853E-5
<209,16,0,op8> 8.894617114439743E-4
<210,0,0,op5> 6.862952734504113E-5
<211,2,2,op1> 8.59624585662848E-5
<212,1,0,op3> 1.6461833766625027E-4
<213,79,0,op5> 1.0661316512091295E-4
<214,28,2,op1> 8.263487952500926E-5
<215,27,0,op3> 2.9435011504119033E-5
<216,19,0,op6> 3.587413568314987E-4
<217,26,3,op5> 3.5086314654339025E-5
<218,0,1,op2> 0.001027186647209104
<219,26,0,op5> 0.0014603144427618156
<220,28,2,op2> 8.964258720822324E-4
<221,0,0,op3> 1.667153865537184E-4
<222,26,1,op6> 0.0017650757177729774
<223,1,2,op1> 8.707165158004333E-5
<224,99,4,op1> 0.0014942026714006695
<225,28,0,op3> 2.9835487851113847E-5
<226,29,2,op1> 8.374407253876777E-5
<227,39,1,op2> 0.0017571215894977635
<228,73,37,op3> 0.0020792326938328253
<229,27,3,op5> 3.5570263821985085E-5
<230,1,0,op6> 3.1465024034941504E-4
<231,0,0,op8> 7.562802787143952E-4
<232,18,0,op5> 7.898870128391524E-5
<233,110,4,op4> 0.005879744152615894
<234,41,0,op7> 5.9889810943668616E-5
<235,57,3,op5> 7.331829889837742E-5
<236,37,0,op5> 0.0012588917610015654
<237,37,3,op5> 3.0246822977878474E-5
<238,3,0,op3> 1.6042423989131392E-4
<239,29,1,op6> 0.0018381133336808247
<240,99,4,op4> 0.004964608875944158
<241,82,0,op2> 0.007133260733024385
<242,19,0,op3> 1.8768587542839995E-4
<243,4,2,op1> 9.594519569011142E-5
<244,39,0,op3> 2.462929534018123E-5
<245,26,9,op2> 0.008708607923862707
<246,27,1,op6> 0.00178942158974226
<247,72,41,op4> 0.004511903619347824
<248,38,0,op5> 0.0012790340291775903
<249,77,0,op5> 1.0833969411072531E-4
<250,2,3,op5> 3.7506060492569304E-5
<251,59,0,op3> 5.987121387572512E-5
<252,29,0,op3> 3.023596419810867E-5
<253,81,41,op4> 0.004168436907840378
<254,17,0,op6> 3.6274964014805175E-4
<255,19,1,op2> 0.0011563925147825762
<256,37,1,op6> 0.0015216169980801528
<257,57,3,op2> 0.003197768410696716
<258,28,3,op5> 3.605421298963113E-5
<259,38,1,op6> 0.0015459628700494354
<260,2,1,op2> 0.0010013454736944097
<261,0,0,op6> 3.1865852366596805E-4
<262,22,0,op5> 0.0013797453700577155
<263,17,0,op8> 8.609228330019217E-4
<264,19,0,op5> 7.726217229410289E-5
<265,3,2,op1> 8.485326555252628E-5
<266,38,3,op5> 3.073077214552453E-5
<267,58,3,op5> 7.283434973073136E-5
<268,39,0,op5> 0.0012387494928255403
<269,20,1,op6> 0.0024224142609436034
<270,78,0,op5> 1.0747642961581911E-4
<271,1,0,op5> 6.776626285013494E-5
<272,2,0,op3> 1.935582056708804E-4
<273,28,1,op6> 0.001813767461711542
<274,18,0,op6> 3.6675792346460475E-4
<275,3,1,op2> 9.884248869370623E-4
<276,29,0,op5> 0.001520741247289891
<277,18,46,op8> 0.0015852921879927703
<278,79,41,op4> 0.003856194442833608
<279,28,11,op2> 0.0028386356041186526
<280,65,3,op5> 7.525409556896163E-5
<281,111,4,op1> 0.0017834031884459603
<282,70,45,op8> 0.0038902969132787904
<283,11,47,op8> 0.0036679421898805015
<284,2,0,op6> 3.10641957032862E-4
<285,55,3,op5> 7.428619723366953E-5
<286,96,4,op4> 0.005193392695112093
<287,14,1,op2> 0.0012339160353266596
<288,18,2,op1> 1.01491160758904E-4
<289,17,0,op3> 1.8978292431586811E-4
<290,56,0,op3> 6.107264291670956E-5
<291,16,0,op5> 8.071523027372759E-5
<292,15,0,op6> 3.7076620678115786E-4
<293,23,0,op5> 0.0013998876382337406
<294,80,42,op8> 0.0013582635712990434
<295,29,3,op5> 3.65381621572772E-5
<296,14,0,op8> 9.084876304053427E-4
<297,65,2,op5> 0.004955277939786475
<298,98,4,op1> 0.0015355170309785681
<299,17,1,op2> 0.0011693131015399236
<300,15,0,op5> 7.985196577882144E-5
<301,67,2,op2> 0.001666509842730056
<302,56,3,op5> 7.380224806602347E-5
<303,19,2,op1> 9.927277473138695E-5
<304,18,0,op3> 1.9187997320333628E-4
<305,17,0,op5> 7.812543678900908E-5
<306,57,0,op3> 6.0672166569714745E-5
<307,15,0,op8> 8.7994875196329E-4
<308,16,0,op6> 3.747744900977109E-4
<309,66,0,op5> 1.2042539703941176E-4
<310,18,1,op2> 0.0011822336882972707
<311,97,4,op1> 0.001549288484171201
<312,109,4,op4> 0.004598554765275466
<313,58,0,op3> 6.027169022271993E-5
<314,68,2,op2> 0.0017026075288541732
<315,16,2,op1> 1.0370954678642102E-4
<316,15,0,op3> 1.9397702209080444E-4
<317,76,42,op8> 0.0015222803044370409
<318,54,0,op3> 6.788074081562145E-5
<319,53,3,op5> 8.154543474836035E-5
<320,52,0,op7> 1.5085027568518034E-4
<321,12,0,op8> 9.275135493667111E-4
<322,13,0,op6> 3.78782773414264E-4
<323,93,44,op8> 0.0015420132665737625
<324,67,0,op5> 1.1956213254450557E-4
<325,96,4,op1> 0.001563059937363834
<326,0,2,op1> 8.818084459380181E-5
<327,69,2,op2> 0.001690574966812801
<328,13,0,op5> 8.157849476863379E-5
<329,55,0,op3> 6.147311926370438E-5
<330,111,4,op4> 0.00592550091644948
<331,67,45,op8> 0.0037810955964148237
<332,17,2,op1> 1.003819677451455E-4
<333,16,0,op3> 1.960740709782726E-4
<334,70,16,op3> 0.0015232261796045488
<335,54,3,op5> 8.202938391600642E-5
<336,53,0,op7> 1.5175087434598735E-4
<337,13,0,op8> 8.989746709246585E-4
<338,92,41,op4> 0.003668848963829546
<339,14,0,op6> 3.827910567308171E-4
<340,68,0,op5> 1.2215192602922414E-4
<341,16,1,op2> 0.001208074861811965
<342,70,16,op2> 0.0019492458587028864
<343,94,2,op3> 0.005254545566763282
<344,14,0,op5> 8.244175926353996E-5
<345,34,1,op2> 0.0017285505067417023
<346,10,3,op5> 5.831587470134969E-5
<347,9,0,op6> 3.5072479019839257E-4
<348,24,3,op5> 3.411841631904692E-5
<349,89,44,op8> 0.0016214302588436554
<350,8,0,op8> 8.418969140405532E-4
<351,50,43,op8> 7.256523918476803E-4
<352,24,0,op5> 0.0014200299064097656
<353,9,46,op8> 0.0015159897972608458
<354,30,1,op6> 0.0019598426935272368
<355,12,2,op1> 1.0814631884145506E-4
<356,11,0,op3> 2.4101118512567687E-4
<357,26,2,op2> 8.72360747999488E-4
<358,46,3,op2> 0.00349327176218024
<359,83,44,op8> 0.0017405557472484953
<360,24,1,op6> 0.0017163839738344123
<361,32,2,op1> 9.261761664883587E-5
<362,31,0,op3> 3.4240727668056837E-5
<363,30,0,op5> 0.0016214525881700162
<364,9,0,op5> 7.553564330429054E-5
<365,12,1,op2> 0.001259757208841354
<366,27,2,op1> 8.152568651125075E-5
<367,44,3,op5> 7.912568891013007E-5
<368,43,0,op7> 5.808861362205452E-5
<369,30,3,op5> 3.895790799550747E-5
<370,22,2,op2> 8.24230499833999E-4
<371,71,42,op8> 0.0014710250753314168
<372,26,0,op3> 2.903453515712422E-5
<373,45,0,op3> 6.507740638665774E-5
<374,33,1,op6> 0.0014485793821723057
<375,7,0,op8> 7.753061976757638E-4
<376,10,0,op6> 4.829981396446434E-4
<377,23,3,op5> 3.363446715140085E-5
<378,9,0,op8> 8.32383954559869E-4
<379,93,2,op3> 0.005300039467774221
<380,24,0,op3> 2.8233582463134584E-5
<381,31,2,op2> 0.0010287840545373274
<382,11,2,op1> 1.0703712582769655E-4
<383,10,0,op3> 3.0095179075278816E-4
<384,71,34,op3> 0.0013842245510474799
<385,23,1,op6> 0.00169203810186513
<386,30,0,op3> 3.2238345933082756E-5
<387,43,3,op5> 3.1214721313170587E-5
<388,42,0,op7> 5.898921228286156E-5
<389,31,2,op1> 9.483600267635291E-5
<390,84,44,op8> 0.0018067365741400734
<391,25,0,op3> 2.86340588101294E-5
<392,48,0,op7> 1.4544668372033803E-4
<393,26,2,op1> 8.041649349749223E-5
<394,44,0,op3> 6.547788273365254E-5
<395,24,2,op1> 7.81981074699752E-5
<396,23,0,op3> 2.7833106116139766E-5
<397,32,1,op6> 0.0020328803094350843
<398,7,0,op6> 3.266750902990742E-4
<399,94,41,op4> 0.003606400470828192
<400,22,3,op5> 3.3150517983754806E-5
<401,7,3,op5> 3.944185716315353E-5
<402,13,0,op3> 1.9817111986574073E-4
<403,12,0,op5> 8.416828825335231E-5
<404,64,26,op3> 0.004581262007860069
<405,7,47,op8> 0.0030977957354949314
<406,42,3,op5> 3.169867048081664E-5
<407,9,2,op1> 9.705438870386994E-5
<408,24,1,op2> 0.002014261334302314
<409,14,0,op3> 2.0026816875320892E-4
<410,8,0,op3> 1.855888265409318E-4
<411,52,32,op4> 0.006663966457783482
<412,15,2,op1> 1.026003537726625E-4
<413,35,0,op5> 0.0011581804201214402
<414,40,20,op4> 0.0029583317268566146
<415,79,17,op3> 6.892164082621344E-4
<416,34,2,op1> 6.710617733239007E-5
<417,33,0,op3> 2.38283426461916E-5
<418,74,38,op4> 0.002513655559145391
<419,22,1,op6> 0.0016676922298958475
<420,12,0,op6> 3.908076233639231E-4
<421,43,0,op3> 2.583072438116569E-5
<422,11,0,op8> 9.180005898860269E-4
<423,5,0,op8> 8.038450761178163E-4
<424,32,3,op5> 4.040975549844563E-5
<425,25,2,op1> 7.930730048373373E-5
<426,41,19,op4> 4.3850010982634586E-4
<427,67,22,op4> 0.0042923602299902875
<428,22,0,op3> 2.7432629769144952E-5
<429,23,2,op1> 7.708891445621667E-5
<430,66,24,op4> 0.004588811008464436
<431,8,0,op6> 3.547330735149456E-4
<432,11,3,op5> 4.670109467784436E-5
<433,21,3,op5> 4.7668993013136466E-5
<434,86,44,op8> 0.001780264243383442
<435,78,42,op8> 0.0012762552047300446
<436,31,1,op6> 0.002081572053373649
<437,13,2,op1> 1.0481873980017953E-4
<438,12,0,op3> 2.0446226652814518E-4
<439,14,2,op1> 1.0592793281393805E-4
<440,23,3,op2> 2.613373427805425E-4
<441,41,3,op5> 3.218261964846269E-5
<442,40,0,op7> 6.079040960447565E-5
<443,9,0,op3> 1.8349177765346366E-4
<444,32,0,op3> 3.34397749740672E-5
<445,21,1,op6> 0.002398068388974321
<446,33,2,op1> 6.599698431863156E-5
<447,19,46,op8> 0.0015506409926268078
<448,63,43,op8> 6.70324056985394E-4
<449,10,0,op8> 0.0011463116174224481
<450,8,0,op5> 7.639890779919672E-5
<451,6,0,op8> 7.848191571564479E-4
<452,11,0,op6> 3.867993400473701E-4
<453,31,3,op5> 4.137765383373774E-5
<454,42,0,op3> 2.62312007281605E-5
<455,13,1,op2> 0.0012209954485693122
<456,20,3,op5> 4.8152942180782526E-5
<457,75,39,op3> 0.0016622278081616182
<458,10,2,op1> 1.3365775815790088E-4
<459,36,0,op3> 2.342786629919678E-5
<460,75,42,op8> 0.001512029258615916
<461,37,2,op1> 6.932456335990711E-5
<462,85,44,op8> 0.0018199727395183888
<463,36,3,op2> 2.1997459788002498E-4
<464,20,0,op5> 0.002004155683514492
<465,21,0,op3> 3.944692017898946E-5
<466,7,1,op2> 0.0010530278207237984
<467,22,2,op1> 7.597972144245818E-5
<468,3,0,op8> 7.277414002723426E-4
<469,4,0,op6> 3.4671650688183957E-4
<470,70,2,op2> 0.0017146400908955453
<471,48,3,op5> 7.815779057483797E-5
<472,47,0,op7> 1.481484797027592E-4
<473,35,0,op3> 2.3027389952201966E-5
<474,6,0,op3> 2.0604583184319523E-4
<475,34,0,op5> 0.0012186072246495152
<476,5,0,op5> 7.2945849819572E-5
<477,34,3,op5> 2.9278924642586357E-5
<478,7,2,op1> 9.039923062131886E-5
<479,78,41,op4> 0.003887418689334285
<480,36,2,op1> 6.488779130487304E-5
<481,6,3,op5> 3.9925806330799576E-5
<482,6,0,op6> 3.3068337361562733E-4
<483,49,0,op3> 6.427645369266809E-5
<484,20,0,op3> 3.9847396525984275E-5
<485,35,1,op2> 0.0016428372584735187
<486,21,2,op1> 1.0925551185521358E-4
<487,8,1,op2> 0.0011434719280252288
<488,76,40,op3> 0.003330247350846447
<489,61,33,op3> 0.0011062212939333413
<490,47,3,op5> 7.960963807777614E-5
<491,46,0,op7> 1.4904907836356624E-4
<492,4,0,op8> 8.228709950791849E-4
<493,5,0,op6> 3.386999402487334E-4
<494,58,21,op3> 0.0026352392080611015
<495,49,3,op2> 0.0033877348509361244
<496,35,2,op1> 6.377859829111452E-5
<497,21,2,op2> 0.0011852073610751663
<498,34,0,op3> 2.4228818993186416E-5
<499,8,2,op1> 9.816358171762844E-5
<500,33,3,op5> 2.8794975474940308E-5
<501,7,0,op3> 2.035483066087323E-4
<502,33,0,op5> 0.0011984649564734903
<503,38,0,op3> 2.5430248034170868E-5
<504,3,0,op5> 6.603973386032259E-5
<505,39,2,op1> 6.821537034614857E-5
<506,93,41,op4> 0.00363762471732887
<507,48,3,op2> 0.003408842233184948
<508,5,1,op2> 0.00109178958099584
<509,73,42,op8> 0.001491527166973666
<510,20,2,op1> 1.103647048689721E-4
<511,60,43,op8> 6.745800827440312E-4
<512,36,1,op6> 0.001424233510203023
<513,54,35,op3> 5.502147797050651E-4
<514,48,0,op3> 6.467693003966292E-5
<515,38,2,op2> 7.640676896271377E-4
<516,46,3,op5> 8.009358724542219E-5
<517,45,0,op7> 1.4634728238114512E-4
<518,49,0,op7> 1.44546085059531E-4
<519,1,0,op8> 7.467673192337111E-4
<520,10,1,op2> 0.00155693070426034
<521,36,3,op5> 2.8311026307294248E-5
<522,65,27,op3> 0.004720263636417138
<523,36,0,op5> 0.0011783226882974651
<524,5,2,op1> 9.372680966259439E-5
<525,4,0,op3> 2.1603593278104717E-4
<526,4,3,op5> 4.186160300138381E-5
<527,5,46,op8> 0.0014640130042119024
<528,37,0,op3> 2.5029771687176054E-5
<529,38,2,op1> 7.04337563736656E-5
<530,35,1,op6> 0.0013998876382337406
<531,47,0,op3> 6.587835908064736E-5
<532,88,44,op8> 0.0016081940934653397
<533,74,42,op8> 0.0015017782127947912
<534,3,0,op6> 3.06633673716309E-4
<535,37,2,op2> 7.520351275857656E-4
<536,46,0,op3> 6.627883542764219E-5
<537,45,3,op5> 7.864173974248403E-5
<538,49,3,op5> 7.767384140719191E-5

