19.0	0.0		40.0	0.0		7.0	0.0		317.0	0.0		0.6416965709728867	1.1102230246251565E-16		0.8888888888888891	2.220446049250313E-16		0.21164021164021163	0.0		0.41736694677871145	5.551115123125783E-17
19.0	0.0		40.0	0.0		7.0	0.0		179.0	0.0		0.7064393939393938	1.1102230246251565E-16		0.3386243386243386	0.0		0.39153439153439157	5.551115123125783E-17		0.4545454545454545	5.551115123125783E-17
19.0	0.0		40.0	0.0		7.0	0.0		428.0	0.0		0.6401515151515149	1.1102230246251565E-16		1.6560846560846563	2.220446049250313E-16		0.39153439153439157	5.551115123125783E-17		0.22908366533864538	2.7755575615628914E-17
19.0	0.0		40.0	0.0		7.0	0.0		215.0	0.0		0.6912878787878788	0.0		0.5291005291005292	1.1102230246251565E-16		0.39153439153439157	5.551115123125783E-17		0.397923875432526	5.551115123125783E-17
19.0	0.0		40.0	0.0		7.0	0.0		301.0	0.0		0.6947268740031899	1.1102230246251565E-16		0.8465608465608465	0.0		0.25396825396825395	0.0		0.40401146131805155	5.551115123125783E-17
19.0	0.0		40.0	0.0		7.0	0.0		343.0	0.0		0.6628787878787878	1.1102230246251565E-16		1.216931216931217	0.0		0.402116402116402	1.1102230246251565E-16		0.2696897374701671	5.551115123125783E-17
19.0	0.0		40.0	0.0		7.0	0.0		236.0	0.0		0.7291666666666669	1.1102230246251565E-16		0.6084656084656085	0.0		0.3597883597883598	5.551115123125783E-17		0.3980263157894736	5.551115123125783E-17
19.0	0.0		40.0	0.0		7.0	0.0		420.0	0.0		0.6988636363636364	1.1102230246251565E-16		1.5925925925925923	2.220446049250313E-16		0.3703703703703703	5.551115123125783E-17		0.24285714285714283	2.7755575615628914E-17
19.0	0.0		40.0	0.0		7.0	0.0		397.0	0.0		0.6877840909090908	1.1102230246251565E-16		1.6560846560846563	2.220446049250313E-16		0.5555555555555555	1.1102230246251565E-16		0.16733067729083667	2.7755575615628914E-17
19.0	0.0		40.0	0.0		7.0	0.0		198.0	0.0		0.7140151515151515	0.0		0.43386243386243384	0.0		0.38624338624338617	5.551115123125783E-17		0.4280442804428044	0.0
19.0	0.0		40.0	0.0		7.0	0.0		205.0	0.0		0.7272727272727274	1.1102230246251565E-16		0.47619047619047616	0.0		0.39153439153439157	5.551115123125783E-17		0.4121863799283155	1.1102230246251565E-16
19.0	0.0		40.0	0.0		7.0	0.0		149.0	0.0		0.6950757575757577	1.1102230246251565E-16		0.2751322751322752	5.551115123125783E-17		0.48677248677248663	1.1102230246251565E-16		0.4024896265560166	0.0
19.0	0.0		40.0	0.0		7.0	0.0		177.0	0.0		0.6893939393939394	0.0		0.4973544973544973	0.0		0.5608465608465608	0.0		0.293286219081272	5.551115123125783E-17
19.0	0.0		40.0	0.0		7.0	0.0		227.0	0.0		0.6988636363636365	1.1102230246251565E-16		0.7936507936507936	0.0		0.5925925925925926	0.0		0.22713864306784665	2.7755575615628914E-17
19.0	0.0		40.0	0.0		7.0	0.0		251.0	0.0		0.7060905103668261	1.1102230246251565E-16		0.5502645502645503	1.1102230246251565E-16		0.22222222222222227	5.551115123125783E-17		0.5017064846416383	0.0
19.0	0.0		40.0	0.0		7.0	0.0		155.0	0.0		0.7102272727272726	1.1102230246251565E-16		0.2645502645502646	5.551115123125783E-17		0.44444444444444453	1.1102230246251565E-16		0.43933054393305426	1.1102230246251565E-16
19.0	0.0		40.0	0.0		7.0	0.0		159.0	0.0		0.6732954545454547	1.1102230246251565E-16		0.32804232804232797	5.551115123125783E-17		0.48677248677248663	1.1102230246251565E-16		0.3864541832669323	5.551115123125783E-17
19.0	0.0		40.0	0.0		7.0	0.0		183.0	0.0		0.7215909090909091	0.0		0.48677248677248663	1.1102230246251565E-16		0.5185185185185184	1.1102230246251565E-16		0.32384341637010683	5.551115123125783E-17
19.0	0.0		40.0	0.0		7.0	0.0		315.0	0.0		0.7159090909090909	0.0		0.962962962962963	1.1102230246251565E-16		0.2962962962962963	0.0		0.3584905660377359	5.551115123125783E-17
19.0	0.0		40.0	0.0		7.0	0.0		195.0	0.0		0.7234848484848485	0.0		0.46560846560846547	1.1102230246251565E-16		0.43386243386243384	0.0		0.3862815884476535	5.551115123125783E-17
19.0	0.0		40.0	0.0		7.0	0.0		139.0	0.0		0.7045454545454547	1.1102230246251565E-16		0.22222222222222227	5.551115123125783E-17		0.48677248677248663	1.1102230246251565E-16		0.4199134199134199	0.0
19.0	0.0		40.0	0.0		7.0	0.0		107.0	0.0		0.7045454545454547	1.1102230246251565E-16		0.22222222222222227	5.551115123125783E-17		0.6560846560846559	1.1102230246251565E-16		0.28138528138528146	5.551115123125783E-17
19.0	0.0		40.0	0.0		7.0	0.0		159.0	0.0		0.6515151515151515	0.0		0.32804232804232797	5.551115123125783E-17		0.48677248677248663	1.1102230246251565E-16		0.3864541832669323	5.551115123125783E-17
19.0	0.0		40.0	0.0		7.0	0.0		191.0	0.0		0.7196969696969697	0.0		0.32804232804232797	5.551115123125783E-17		0.3174603174603174	5.551115123125783E-17		0.5139442231075698	1.1102230246251565E-16
19.0	0.0		40.0	0.0		7.0	0.0		96.0	0.0		0.7064393939393938	1.1102230246251565E-16		0.14285714285714282	2.7755575615628914E-17		0.6349206349206348	1.1102230246251565E-16		0.3194444444444445	5.551115123125783E-17
19.0	0.0		40.0	0.0		7.0	0.0		123.0	0.0		0.7272727272727274	1.1102230246251565E-16		0.22222222222222227	5.551115123125783E-17		0.5714285714285713	1.1102230246251565E-16		0.35064935064935066	0.0
19.0	0.0		40.0	0.0		7.0	0.0		143.0	0.0		0.6685606060606059	1.1102230246251565E-16		0.28571428571428564	5.551115123125783E-17		0.5291005291005292	1.1102230246251565E-16		0.3662551440329218	0.0
19.0	0.0		40.0	0.0		7.0	0.0		137.0	0.0		0.7083333333333333	1.1102230246251565E-16		0.2962962962962963	0.0		0.5714285714285713	1.1102230246251565E-16		0.3306122448979592	0.0
19.0	0.0		40.0	0.0		7.0	0.0		107.0	0.0		0.680871212121212	1.1102230246251565E-16		0.22222222222222227	5.551115123125783E-17		0.6560846560846559	1.1102230246251565E-16		0.28138528138528146	5.551115123125783E-17
19.0	0.0		40.0	0.0		7.0	0.0		107.0	0.0		0.7045454545454547	1.1102230246251565E-16		0.22222222222222227	5.551115123125783E-17		0.6560846560846559	1.1102230246251565E-16		0.28138528138528146	5.551115123125783E-17
19.0	0.0		40.0	0.0		7.0	0.0		71.0	0.0		0.635699096225412	1.1102230246251565E-16		0.07407407407407407	0.0		0.6984126984126985	1.1102230246251565E-16		0.2807881773399014	5.551115123125783E-17
19.0	0.0		40.0	0.0		7.0	0.0		127.0	0.0		0.7159090909090909	0.0		0.28571428571428564	5.551115123125783E-17		0.6137566137566138	1.1102230246251565E-16		0.3004115226337448	5.551115123125783E-17
19.0	0.0		40.0	0.0		7.0	0.0		159.0	0.0		0.7004086921850081	1.1102230246251565E-16		0.28571428571428564	5.551115123125783E-17		0.44444444444444453	1.1102230246251565E-16		0.4320987654320988	5.551115123125783E-17
19.0	0.0		40.0	0.0		7.0	0.0		159.0	0.0		0.7159090909090909	0.0		0.32804232804232797	5.551115123125783E-17		0.48677248677248663	1.1102230246251565E-16		0.3864541832669323	5.551115123125783E-17
19.0	0.0		40.0	0.0		7.0	0.0		139.0	0.0		0.7045454545454547	1.1102230246251565E-16		0.2645502645502646	5.551115123125783E-17		0.5291005291005292	1.1102230246251565E-16		0.3723849372384937	0.0
19.0	0.0		40.0	0.0		7.0	0.0		155.0	0.0		0.7272727272727274	1.1102230246251565E-16		0.2645502645502646	5.551115123125783E-17		0.44444444444444453	1.1102230246251565E-16		0.43933054393305426	1.1102230246251565E-16
19.0	0.0		40.0	0.0		7.0	0.0		107.0	0.0		0.7045454545454547	1.1102230246251565E-16		0.22222222222222227	5.551115123125783E-17		0.6560846560846559	1.1102230246251565E-16		0.28138528138528146	5.551115123125783E-17
19.0	0.0		40.0	0.0		7.0	0.0		95.0	0.0		0.6553030303030304	0.0		0.24338624338624332	5.551115123125783E-17		0.7407407407407406	1.1102230246251565E-16		0.20851063829787236	2.7755575615628914E-17
19.0	0.0		40.0	0.0		7.0	0.0		91.0	0.0		0.6783127325890482	1.1102230246251565E-16		0.05291005291005291	0.0		0.5714285714285713	1.1102230246251565E-16		0.40703517587939697	0.0
19.0	0.0		40.0	0.0		7.0	0.0		95.0	0.0		0.7215909090909091	0.0		0.11640211640211637	2.7755575615628914E-17		0.6137566137566138	1.1102230246251565E-16		0.34597156398104273	5.551115123125783E-17
19.0	0.0		40.0	0.0		7.0	0.0		107.0	0.0		0.6303329346092504	0.0		0.07407407407407407	0.0		0.5079365079365079	0.0		0.458128078817734	0.0
19.0	0.0		40.0	0.0		7.0	0.0		83.0	0.0		0.6584263689526847	0.0		0.010582010582010581	0.0		0.5714285714285713	1.1102230246251565E-16		0.4240837696335079	5.551115123125783E-17
19.0	0.0		40.0	0.0		7.0	0.0		107.0	0.0		0.7007575757575758	1.1102230246251565E-16		0.09523809523809523	0.0		0.5291005291005292	1.1102230246251565E-16		0.42995169082125606	0.0
19.0	0.0		40.0	0.0		7.0	0.0		75.0	0.0		0.6265450558213715	0.0		0.010582010582010581	0.0		0.6137566137566138	1.1102230246251565E-16		0.3821989528795812	5.551115123125783E-17
19.0	0.0		40.0	0.0		7.0	0.0		71.0	0.0		0.6833964646464646	0.0		0.09523809523809523	0.0		0.7195767195767196	1.1102230246251565E-16		0.25603864734299525	5.551115123125783E-17
19.0	0.0		40.0	0.0		7.0	0.0		111.0	0.0		0.6685606060606062	1.1102230246251565E-16		0.1375661375661376	2.7755575615628914E-17		0.5502645502645503	1.1102230246251565E-16		0.39534883720930225	5.551115123125783E-17
19.0	0.0		40.0	0.0		7.0	0.0		87.0	0.0		0.6931818181818182	0.0		0.07407407407407407	0.0		0.6137566137566138	1.1102230246251565E-16		0.3596059113300493	5.551115123125783E-17
19.0	0.0		40.0	0.0		7.0	0.0		95.0	0.0		0.6625299043062202	0.0		0.07407407407407407	0.0		0.5714285714285713	1.1102230246251565E-16		0.39901477832512317	0.0
19.0	0.0		40.0	0.0		7.0	0.0		79.0	0.0		0.709911616161616	1.1102230246251565E-16		0.07407407407407407	0.0		0.6560846560846559	1.1102230246251565E-16		0.3201970443349754	5.551115123125783E-17
19.0	0.0		40.0	0.0		7.0	0.0		51.0	0.0		0.6818181818181818	0.0		0.010582010582010581	0.0		0.7407407407407406	1.1102230246251565E-16		0.25654450261780104	0.0
