11.60
11.85
12.85
12.79
10.02
9.39
13.14
13.16
15.23
15.30
6.18
6.22
10.11
10.39
13.36
13.15
6.31
6.46
14.38
14.47
46.71
46.81
50.15
47.92
38.42
38.63
39.45
40.03
50.94
50.73
47.57
47.28
49.47
48.59
52.72
52.80
47.65
48.49
35.99
34.91
88.33
88.19
72.36
74.57
108.88
108.58
107.17
110.47
98.99
99.17
58.17
57.75
73.89
73.88
93.67
95.25
97.52
99.05
83.37
84.86
157.63
156.32
126.69
127.30
150.43
117.54
148.94
60.07
147.31
145.95
134.63
113.13
170.69
190.13
190.09
161.21
225.47
158.63
169.43
171.49
219.91
166.11
