21.0	0.0		16.0	0.0		3.0	0.0		184.0	0.0		0.7083333333333333	1.1102230246251565E-16		2.823529411764706	0.0		0.215686274509804	5.551115123125783E-17		0.20512820512820512	0.0
21.0	0.0		16.0	0.0		3.0	0.0		195.0	0.0		0.736111111111111	1.1102230246251565E-16		3.0588235294117645	0.0		0.23529411764705882	0.0		0.18840579710144925	2.7755575615628914E-17
21.0	0.0		16.0	0.0		3.0	0.0		122.0	0.0		0.6961805555555555	1.1102230246251565E-16		1.7843137254901964	2.220446049250313E-16		0.39215686274509803	0.0		0.21830985915492956	0.0
21.0	0.0		16.0	0.0		3.0	0.0		201.0	0.0		0.7328124999999999	1.1102230246251565E-16		3.1176470588235294	0.0		0.17647058823529413	0.0		0.19999999999999998	2.7755575615628914E-17
21.0	0.0		16.0	0.0		3.0	0.0		132.0	0.0		0.6137566137566138	1.1102230246251565E-16		2.0392156862745097	0.0		0.4509803921568628	5.551115123125783E-17		0.18064516129032257	0.0
21.0	0.0		16.0	0.0		3.0	0.0		156.0	0.0		0.7838541666666667	1.1102230246251565E-16		2.2156862745098036	4.440892098500626E-16		0.15686274509803919	2.7755575615628914E-17		0.2621951219512195	0.0
21.0	0.0		16.0	0.0		3.0	0.0		148.0	0.0		0.7256944444444445	1.1102230246251565E-16		2.274509803921568	4.440892098500626E-16		0.37254901960784315	0.0		0.19161676646706585	2.7755575615628914E-17
21.0	0.0		16.0	0.0		3.0	0.0		94.0	0.0		0.6927083333333333	1.1102230246251565E-16		1.156862745098039	2.220446049250313E-16		0.31372549019607837	5.551115123125783E-17		0.31818181818181823	5.551115123125783E-17
21.0	0.0		16.0	0.0		3.0	0.0		203.0	0.0		0.7565104166666667	1.1102230246251565E-16		3.1176470588235294	0.0		0.1372549019607843	2.7755575615628914E-17		0.2095238095238095	2.7755575615628914E-17
21.0	0.0		16.0	0.0		3.0	0.0		201.0	0.0		0.74609375	0.0		3.1176470588235294	0.0		0.17647058823529413	0.0		0.19999999999999998	2.7755575615628914E-17
21.0	0.0		16.0	0.0		3.0	0.0		101.0	0.0		0.7786458333333333	1.1102230246251565E-16		1.3137254901960786	2.220446049250313E-16		0.33333333333333337	5.551115123125783E-17		0.28813559322033905	5.551115123125783E-17
21.0	0.0		16.0	0.0		3.0	0.0		118.0	0.0		0.8125	0.0		1.6274509803921569	0.0		0.31372549019607837	5.551115123125783E-17		0.2611940298507463	5.551115123125783E-17
21.0	0.0		16.0	0.0		3.0	0.0		184.0	0.0		0.7256944444444445	1.1102230246251565E-16		2.725490196078432	4.440892098500626E-16		0.11764705882352941	0.0		0.2368421052631579	2.7755575615628914E-17
21.0	0.0		16.0	0.0		3.0	0.0		150.0	0.0		0.734375	0.0		2.274509803921568	4.440892098500626E-16		0.33333333333333337	5.551115123125783E-17		0.20359281437125748	0.0
21.0	0.0		16.0	0.0		3.0	0.0		124.0	0.0		0.8159722222222221	1.1102230246251565E-16		1.588235294117647	0.0		0.15686274509803919	2.7755575615628914E-17		0.32575757575757575	0.0
21.0	0.0		16.0	0.0		3.0	0.0		148.0	0.0		0.7890625	0.0		2.2156862745098036	4.440892098500626E-16		0.31372549019607837	5.551115123125783E-17		0.2134146341463415	2.7755575615628914E-17
21.0	0.0		16.0	0.0		3.0	0.0		132.0	0.0		0.82421875	0.0		1.823529411764706	2.220446049250313E-16		0.23529411764705882	0.0		0.27083333333333337	5.551115123125783E-17
21.0	0.0		16.0	0.0		3.0	0.0		116.0	0.0		0.8359375	0.0		1.588235294117647	0.0		0.31372549019607837	5.551115123125783E-17		0.26515151515151514	0.0
21.0	0.0		16.0	0.0		3.0	0.0		110.0	0.0		0.7311921296296297	0.0		1.3921568627450982	2.220446049250313E-16		0.23529411764705882	0.0		0.319672131147541	0.0
21.0	0.0		16.0	0.0		3.0	0.0		120.0	0.0		0.7309027777777778	0.0		1.7450980392156867	4.440892098500626E-16		0.39215686274509803	0.0		0.22142857142857147	5.551115123125783E-17
21.0	0.0		16.0	0.0		3.0	0.0		119.0	0.0		0.7847222222222222	0.0		1.7058823529411762	2.220446049250313E-16		0.37254901960784315	0.0		0.2318840579710145	0.0
21.0	0.0		16.0	0.0		3.0	0.0		119.0	0.0		0.8125	0.0		1.6470588235294117	0.0		0.31372549019607837	5.551115123125783E-17		0.2592592592592592	5.551115123125783E-17
21.0	0.0		16.0	0.0		3.0	0.0		104.0	0.0		0.7847222222222222	0.0		1.411764705882353	0.0		0.37254901960784315	0.0		0.2601626016260163	0.0
21.0	0.0		16.0	0.0		3.0	0.0		116.0	0.0		0.8203125	0.0		1.588235294117647	0.0		0.31372549019607837	5.551115123125783E-17		0.26515151515151514	0.0
21.0	0.0		16.0	0.0		3.0	0.0		116.0	0.0		0.8203125	0.0		1.588235294117647	0.0		0.31372549019607837	5.551115123125783E-17		0.26515151515151514	0.0
21.0	0.0		16.0	0.0		3.0	0.0		119.0	0.0		0.7708333333333333	1.1102230246251565E-16		1.7058823529411762	2.220446049250313E-16		0.37254901960784315	0.0		0.2318840579710145	0.0
21.0	0.0		16.0	0.0		3.0	0.0		101.0	0.0		0.7847222222222222	0.0		1.3529411764705885	2.220446049250313E-16		0.37254901960784315	0.0		0.26666666666666666	0.0
21.0	0.0		16.0	0.0		3.0	0.0		116.0	0.0		0.8359375	0.0		1.588235294117647	0.0		0.31372549019607837	5.551115123125783E-17		0.26515151515151514	0.0
21.0	0.0		16.0	0.0		3.0	0.0		116.0	0.0		0.8125	0.0		1.588235294117647	0.0		0.31372549019607837	5.551115123125783E-17		0.26515151515151514	0.0
21.0	0.0		16.0	0.0		3.0	0.0		80.0	0.0		0.7647569444444445	1.1102230246251565E-16		0.9411764705882353	0.0		0.37254901960784315	0.0		0.3232323232323232	5.551115123125783E-17
21.0	0.0		16.0	0.0		3.0	0.0		66.0	0.0		0.7430555555555555	1.1102230246251565E-16		0.8235294117647058	0.0		0.5294117647058824	0.0		0.2580645161290322	5.551115123125783E-17
21.0	0.0		16.0	0.0		3.0	0.0		68.0	0.0		0.7786458333333333	1.1102230246251565E-16		0.8235294117647058	0.0		0.4901960784313725	5.551115123125783E-17		0.2795698924731182	5.551115123125783E-17
21.0	0.0		16.0	0.0		3.0	0.0		50.0	0.0		0.7725694444444445	1.1102230246251565E-16		0.4509803921568628	5.551115123125783E-17		0.47058823529411764	0.0		0.36486486486486486	0.0
21.0	0.0		16.0	0.0		3.0	0.0		84.0	0.0		0.8064236111111109	2.220446049250313E-16		1.0588235294117647	0.0		0.4117647058823529	0.0		0.28571428571428564	5.551115123125783E-17
21.0	0.0		16.0	0.0		3.0	0.0		47.0	0.0		0.7725694444444445	1.1102230246251565E-16		0.39215686274509803	0.0		0.47058823529411764	0.0		0.38028169014084506	0.0
21.0	0.0		16.0	0.0		3.0	0.0		60.0	0.0		0.7222222222222222	0.0		0.7058823529411765	0.0		0.5294117647058824	0.0		0.2758620689655173	5.551115123125783E-17
21.0	0.0		16.0	0.0		3.0	0.0		49.0	0.0		0.7725694444444445	1.1102230246251565E-16		0.431372549019608	1.1102230246251565E-16		0.47058823529411764	0.0		0.36986301369863017	5.551115123125783E-17
21.0	0.0		16.0	0.0		3.0	0.0		84.0	0.0		0.8064236111111109	2.220446049250313E-16		1.0588235294117647	0.0		0.4117647058823529	0.0		0.28571428571428564	5.551115123125783E-17
21.0	0.0		16.0	0.0		3.0	0.0		63.0	0.0		0.7586805555555555	1.1102230246251565E-16		0.7058823529411765	0.0		0.47058823529411764	0.0		0.3103448275862069	0.0
21.0	0.0		16.0	0.0		3.0	0.0		51.0	0.0		0.7725694444444445	1.1102230246251565E-16		0.47058823529411764	0.0		0.47058823529411764	0.0		0.35999999999999993	5.551115123125783E-17
21.0	0.0		16.0	0.0		3.0	0.0		44.0	0.0		0.7725694444444445	1.1102230246251565E-16		0.35294117647058826	0.0		0.4901960784313725	5.551115123125783E-17		0.3768115942028985	5.551115123125783E-17
21.0	0.0		16.0	0.0		3.0	0.0		44.0	0.0		0.7725694444444445	1.1102230246251565E-16		0.35294117647058826	0.0		0.4901960784313725	5.551115123125783E-17		0.3768115942028985	5.551115123125783E-17
21.0	0.0		16.0	0.0		3.0	0.0		60.0	0.0		0.8003472222222221	1.1102230246251565E-16		0.588235294117647	1.1102230246251565E-16		0.4117647058823529	0.0		0.3703703703703703	5.551115123125783E-17
21.0	0.0		16.0	0.0		3.0	0.0		44.0	0.0		0.7725694444444445	1.1102230246251565E-16		0.35294117647058826	0.0		0.4901960784313725	5.551115123125783E-17		0.3768115942028985	5.551115123125783E-17
21.0	0.0		16.0	0.0		3.0	0.0		44.0	0.0		0.7725694444444445	1.1102230246251565E-16		0.35294117647058826	0.0		0.4901960784313725	5.551115123125783E-17		0.3768115942028985	5.551115123125783E-17
21.0	0.0		16.0	0.0		3.0	0.0		44.0	0.0		0.7725694444444445	1.1102230246251565E-16		0.35294117647058826	0.0		0.4901960784313725	5.551115123125783E-17		0.3768115942028985	5.551115123125783E-17
21.0	0.0		16.0	0.0		3.0	0.0		44.0	0.0		0.7725694444444445	1.1102230246251565E-16		0.35294117647058826	0.0		0.4901960784313725	5.551115123125783E-17		0.3768115942028985	5.551115123125783E-17
21.0	0.0		16.0	0.0		3.0	0.0		44.0	0.0		0.7725694444444445	1.1102230246251565E-16		0.35294117647058826	0.0		0.4901960784313725	5.551115123125783E-17		0.3768115942028985	5.551115123125783E-17
21.0	0.0		16.0	0.0		3.0	0.0		57.0	0.0		0.7586805555555555	1.1102230246251565E-16		0.588235294117647	1.1102230246251565E-16		0.47058823529411764	0.0		0.33333333333333337	5.551115123125783E-17
21.0	0.0		16.0	0.0		3.0	0.0		44.0	0.0		0.7725694444444445	1.1102230246251565E-16		0.35294117647058826	0.0		0.4901960784313725	5.551115123125783E-17		0.3768115942028985	5.551115123125783E-17
