<0,ldr2,proj21sched,read> null
<1,aud2,proj21budget,read> null
<2,plan1,proj12task1prop,setSchedule> null
<3,code21,proj21task2propa,request> null
<4,code21,proj21task2prop,read> null
<5,des21,proj21task1a,setStatus> null
<6,code12,proj12task2propa,setStatus> null
<7,des21,proj21task1,read> null
<8,mgr2,proj22budget,read> null
<9,code12,proj12task2,read> null
<10,acc1,proj11task1,setCost> null
<11,ldr12,proj12budget,read> null
<12,acc1,proj11task1a,setCost> null
<13,des12,proj12sched,read> null
<14,acc1,proj12budget,write> null
<15,ldr2,proj21budget,read> null
<16,plan2,proj22sched,write> null
<17,plan2,proj21sched,write> null
<18,plan2,proj22task2propa,setSchedule> null
<19,plan1,proj11sched,write> null
<20,des21,proj21task1prop,read> null
<21,code11,proj11task2a,read> null
<22,code21,proj21task2,request> null
<23,code21,proj21task2a,setStatus> null
<24,ldr12,proj12budget,write> null
<25,acc1,proj11task2,setCost> null
<26,code11,proj11task2prop,request> null
<27,plan1,proj12task2a,setSchedule> null
<28,ldr11,proj11budget,read> null
<29,code11,proj11task2propa,read> null
<30,code21,proj21task2propa,setStatus> null
<31,code22,proj22task2,request> null
<32,acc2,proj21task1propa,setCost> null
<33,plan1,proj12sched,write> null
<34,acc2,proj21task2prop,setCost> null
<35,code12,proj12sched,read> null
<36,mgr2,proj21budget,approve> null
<37,plan1,proj12task1,setSchedule> null
<38,ldr2,proj21sched,write> null
<39,plan2,proj22task1propa,setSchedule> null
<40,acc2,proj22task1a,setCost> null
<41,acc1,proj12task1a,setCost> null
<42,code21,proj21task2a,request> null
<43,acc1,proj11task1propa,setCost> null
<44,ldr11,proj12sched,read> null
<45,des12,proj12task1a,setStatus> null
<46,plan2,proj21task1prop,setSchedule> null
<47,plan1,proj12sched,read> null
<48,acc1,proj11sched,read> null
<49,aud1,proj11budget,read> null
<50,ldr12,proj12sched,write> null
<51,ldr2,proj22sched,read> null
<52,code11,proj11task2a,setStatus> null
<53,aud1,proj12budget,read> null
<54,acc2,proj22task2a,setCost> null
<55,plan1,proj11task1prop,setSchedule> null
<56,plan1,proj11task1a,setSchedule> null
<57,acc2,proj21task2propa,setCost> null
<58,acc2,proj22task2,setCost> null
<59,des11,proj11task1a,request> null
<60,code11,proj11task2propa,setStatus> null
<61,des22,proj22task1a,read> null
<62,code12,proj12task2,request> null
<63,code21,proj21task2,read> null
<64,ldr11,proj11sched,write> null
<65,ldr2,proj22sched,write> null
<66,des11,proj11task1a,read> null
<67,des12,proj12task1propa,setStatus> null
<68,plan1,proj11task2prop,setSchedule> null
<69,des12,proj12task1,read> null
<70,des11,proj11task1a,setStatus> null
<71,code21,proj21task2prop,request> null
<72,aud2,proj22sched,read> null
<73,des12,proj12task1a,read> null
<74,acc1,proj12budget,read> null
<75,aud1,proj11sched,read> null
<76,acc1,proj12task2propa,setCost> null
<77,acc2,proj21task2,setCost> null
<78,code11,proj11task2prop,read> null
<79,plan1,proj11task1propa,setSchedule> null
<80,des22,proj22task1a,setStatus> null
<81,ldr12,proj12sched,read> null
<82,plan2,proj22task2,setSchedule> null
<83,code21,proj21task2a,read> null
<84,acc1,proj12task2a,setCost> null
<85,mgr1,proj11budget,read> null
<86,des21,proj21task1prop,request> null
<87,plan2,proj22task2prop,setSchedule> null
<88,plan1,proj11task2a,setSchedule> null
<89,acc1,proj12task2,setCost> null
<90,acc1,proj12task2prop,setCost> null
<91,des21,proj21sched,read> null
<92,acc2,proj22budget,read> null
<93,acc2,proj21task1,setCost> null
<94,acc1,proj11budget,read> null
<95,acc2,proj22task2propa,setCost> null
<96,acc2,proj22budget,write> null
<97,aud1,proj12sched,read> null
<98,des11,proj11task1,request> null
<99,plan2,proj21task1,setSchedule> null
<100,acc2,proj21task1a,setCost> null
<101,des22,proj22task1,read> null
<102,des21,proj21task1propa,setStatus> null
<103,plan2,proj22task1prop,setSchedule> null
<104,acc1,proj12task1prop,setCost> null
<105,acc1,proj11task2a,setCost> null
<106,code22,proj22task2propa,setStatus> null
<107,acc1,proj12task1propa,setCost> null
<108,plan1,proj11task1,setSchedule> null
<109,plan1,proj11task2,setSchedule> null
<110,des21,proj21task1propa,read> null
<111,code11,proj11sched,read> null
<112,acc2,proj21task2a,setCost> null
<113,plan1,proj12task1propa,setSchedule> null
<0,acc2,proj21task1prop,setCost> 0.004374999999999999
<1,acc2,proj22task1propa,setCost> 0.004374999999999999
<2,acc1,proj11task1prop,setCost> 0.004374999999999999
<3,ldr11,proj11sched,read> 0.006736111111111113
<4,code12,proj12task2a,request> 0.0017499999999999998
<5,plan2,proj21sched,read> 0.0022321428571428575
<6,plan1,proj12task2propa,setSchedule> 0.004374999999999999
<7,plan2,proj21task1propa,setSchedule> 0.004374999999999999
<8,code12,proj12task2a,setStatus> 0.004374999999999999
<9,code11,proj11task2a,request> 0.0026249999999999997
<10,des11,proj11task1prop,read> 0.003499999999999999
<11,acc1,proj11task2prop,setCost> 0.004374999999999999
<12,ldr2,proj22budget,write> 0.0012500000000000005
<13,acc2,proj21budget,read> 0.010000000000000002
<14,code21,proj21task2propa,read> 0.003499999999999999
<15,des21,proj21task1a,request> 0.0026249999999999997
<16,des21,proj21task1a,read> 0.010499999999999999
<17,plan2,proj22task1,setSchedule> 0.004374999999999999
<18,des11,proj11sched,read> 0.0027777777777777783

