<0,code21,proj21task2propa,request> null
<1,code12,proj12task2propa,setStatus> null
<2,mgr2,proj21budget,approve> null
<3,plan1,proj12task2propa,setSchedule> null
<4,plan2,proj22task2prop,setSchedule> null
<5,ldr12,proj12budget,read> null
<6,plan1,proj12task1propa,setSchedule> null
<7,des11,proj11task1,read> null
<8,ldr12,proj12sched,read> null
<9,mgr1,proj11budget,approve> null
<10,plan2,proj21sched,write> null
<11,plan2,proj21task2a,setSchedule> null
<12,acc2,proj22budget,read> null
<13,des12,proj12sched,read> null
<14,plan2,proj22task2,setSchedule> null
<15,aud1,proj12budget,read> null
<16,acc1,proj12budget,write> null
<17,acc1,proj12task1a,setCost> null
<18,code21,proj21task2a,read> null
<19,ldr2,proj21budget,read> null
<20,des21,proj21sched,read> null
<21,des11,proj11task1a,setStatus> null
<22,plan1,proj12task1prop,setSchedule> null
<23,des22,proj22task1propa,setStatus> null
<24,plan2,proj22task2propa,setSchedule> null
<25,plan1,proj12sched,read> null
<26,ldr2,proj21sched,read> null
<27,ldr2,proj22sched,read> null
<28,acc1,proj12task2prop,setCost> null
<29,acc2,proj21task1a,setCost> null
<30,des12,proj12task1a,read> null
<31,ldr12,proj12budget,write> null
<32,mgr2,proj22budget,approve> null
<33,acc1,proj11task2,setCost> null
<34,code22,proj22task2,request> null
<35,code11,proj11task2,read> null
<36,code21,proj21sched,read> null
<37,acc1,proj11task1,setCost> null
<38,mgr1,proj11budget,read> null
<39,plan2,proj22task1propa,setSchedule> null
<40,code11,proj11task2prop,read> null
<41,acc2,proj22task1a,setCost> null
<42,ldr11,proj12sched,read> null
<43,plan1,proj12sched,write> null
<44,acc1,proj11budget,write> null
<45,plan2,proj22task2a,setSchedule> null
<46,des21,proj21task1propa,setStatus> null
<47,acc1,proj11sched,read> null
<48,plan2,proj22sched,write> null
<49,plan2,proj21task1prop,setSchedule> null
<50,ldr12,proj12sched,write> null
<51,des11,proj11task1a,read> null
<52,plan1,proj11task1prop,setSchedule> null
<53,des12,proj12task1a,setStatus> null
<54,acc1,proj11budget,read> null
<55,code21,proj21task2a,request> null
<56,acc2,proj21task1propa,setCost> null
<57,acc2,proj22task2a,setCost> null
<58,code11,proj11task2a,read> null
<59,plan1,proj11task1a,setSchedule> null
<60,des21,proj21task1,read> null
<61,des11,proj11task1propa,request> null
<62,plan2,proj21task2prop,setSchedule> null
<63,des11,proj11task1a,request> null
<64,des22,proj22task1a,read> null
<65,aud1,proj11budget,read> null
<66,mgr1,proj12budget,read> null
<67,plan1,proj11task2,setSchedule> null
<68,code11,proj11sched,read> null
<69,code12,proj12task2,request> null
<70,plan1,proj11task2prop,setSchedule> null
<71,des12,proj12task1,read> null
<72,code11,proj11task2a,request> null
<73,plan1,proj11task1,setSchedule> null
<74,code21,proj21task2,request> null
<75,acc1,proj11task1propa,setCost> null
<76,plan2,proj21task1,setSchedule> null
<77,des21,proj21task1prop,read> null
<78,acc2,proj21task2a,setCost> null
<79,code21,proj21task2prop,request> null
<80,aud2,proj22sched,read> null
<81,acc2,proj21budget,read> null
<82,plan1,proj12task1a,setSchedule> null
<83,aud1,proj11sched,read> null
<84,mgr2,proj21budget,read> null
<85,acc1,proj12task2propa,setCost> null
<86,plan1,proj12task2prop,setSchedule> null
<87,plan2,proj22task1,setSchedule> null
<88,acc2,proj21task1,setCost> null
<89,acc2,proj22task1propa,setCost> null
<90,plan1,proj11task1propa,setSchedule> null
<91,des22,proj22task1a,setStatus> null
<92,ldr2,proj22budget,write> null
<93,acc1,proj12task2a,setCost> null
<94,acc1,proj11task2a,setCost> null
<95,des21,proj21task1prop,request> null
<96,plan1,proj11task2a,setSchedule> null
<97,acc2,proj22task2propa,setCost> null
<98,mgr2,proj22budget,read> null
<99,code22,proj22task2a,setStatus> null
<100,code21,proj21task2prop,read> null
<101,ldr11,proj11sched,write> null
<102,aud1,proj12sched,read> null
<103,des11,proj11task1,request> null
<104,plan2,proj22task1prop,setSchedule> null
<105,acc1,proj12task1prop,setCost> null
<106,code11,proj11task2a,setStatus> null
<107,code22,proj22task2propa,setStatus> null
<108,des21,proj21task1propa,read> null
<109,acc2,proj21task1prop,setCost> null
<110,des12,proj12task1propa,setStatus> null
<111,acc1,proj11task1prop,setCost> null
<112,code12,proj12task2a,request> null
<113,acc1,proj12task1propa,setCost> null
<0,plan2,proj21sched,read> null
<1,code12,proj12task2a,setStatus> null
<2,acc2,proj22budget,write> null
<3,plan2,proj21task1propa,setSchedule> null
<4,acc1,proj11task1a,setCost> null
<5,acc1,proj11task2prop,setCost> null
<6,code21,proj21task2propa,read> null
<7,des21,proj21task1a,request> null
<8,ldr2,proj22sched,write> null
<9,acc2,proj22task2,setCost> null
<10,des21,proj21task1a,read> null
<11,acc1,proj12task2,setCost> null
<12,plan1,proj11sched,write> null
<13,des11,proj11sched,read> null
<14,des11,proj11task1propa,setStatus> null
<15,code11,proj11task2propa,request> null
<16,code21,proj21task2,read> null
<17,acc1,proj12budget,read> null
<18,des21,proj21task1a,setStatus> null
<0,ldr2,proj21budget,write> 0.0012500000000000005
<1,acc1,proj12task1,setCost> 0.004374999999999999
<2,plan2,proj21task1a,setSchedule> 0.004374999999999999
<3,mgr1,proj12budget,approve> 0.0025000000000000005
<4,des21,proj21task1propa,request> 8.749999999999998E-4
<5,code11,proj11task2propa,setStatus> 0.004374999999999999
<6,des22,proj22task1,request> 0.0017499999999999998
<7,ldr11,proj11budget,write> 0.0012500000000000005
<8,code12,proj12sched,read> 0.001785714285714286
<9,aud2,proj21budget,read> 0.0125
<10,des22,proj22task1,read> 0.006999999999999999
<11,des11,proj11task1propa,read> 0.003499999999999999
<12,acc2,proj22sched,read> 0.002403846153846154
<13,plan2,proj22sched,read> 0.002403846153846154
<14,acc2,proj21budget,write> 0.0025000000000000005
<15,plan1,proj12task2a,setSchedule> 0.004374999999999999
<16,aud2,proj22budget,read> 0.0125
<17,code22,proj22task2a,request> 0.0017499999999999998
<18,plan2,proj22task1a,setSchedule> 0.004374999999999999

