<0,ldr2,proj21sched,read> 0.007232142857142859
<1,aud2,proj21budget,read> 0.0125
<2,plan1,proj12task1prop,setSchedule> 0.004374999999999999
<3,code21,proj21task2propa,request> 8.749999999999998E-4
<4,code21,proj21task2prop,read> 0.003499999999999999
<5,des21,proj21task1a,setStatus> 0.004374999999999999
<6,code12,proj12task2propa,setStatus> 0.004374999999999999
<7,des21,proj21task1,read> 0.010499999999999999
<8,mgr2,proj22budget,read> 0.010000000000000002
<9,code12,proj12task2,read> 0.006999999999999999
<10,acc1,proj11task1,setCost> 0.004374999999999999
<11,ldr12,proj12budget,read> 0.005000000000000002
<12,acc1,proj11task1a,setCost> 0.004374999999999999
<13,des12,proj12sched,read> 0.001785714285714286
<14,acc1,proj12budget,write> 0.0025000000000000005
<15,ldr2,proj21budget,read> 0.005000000000000002
<16,plan2,proj22sched,write> 0.0125
<17,plan2,proj21sched,write> 0.0125
<18,plan2,proj22task2propa,setSchedule> 0.004374999999999999
<19,plan1,proj11sched,write> 0.0125
<20,des21,proj21task1prop,read> 0.003499999999999999
<21,code11,proj11task2a,read> 0.010499999999999999
<22,code21,proj21task2,request> 0.0026249999999999997
<23,code21,proj21task2a,setStatus> 0.004374999999999999
<24,ldr12,proj12budget,write> 0.0012500000000000005
<25,acc1,proj11task2,setCost> 0.004374999999999999
<26,code11,proj11task2prop,request> 8.749999999999998E-4
<27,plan1,proj12task2a,setSchedule> 0.004374999999999999
<28,ldr11,proj11budget,read> 0.005000000000000002
<29,code11,proj11task2propa,read> 0.003499999999999999
<30,code21,proj21task2propa,setStatus> 0.004374999999999999
<31,code22,proj22task2,request> 0.0017499999999999998
<32,acc2,proj21task1propa,setCost> 0.004374999999999999
<33,plan1,proj12sched,write> 0.0125
<34,acc2,proj21task2prop,setCost> 0.004374999999999999
<35,code12,proj12sched,read> 0.001785714285714286
<36,mgr2,proj21budget,approve> 0.0025000000000000005
<37,plan1,proj12task1,setSchedule> 0.004374999999999999
<38,ldr2,proj21sched,write> 0.0012500000000000005
<39,plan2,proj22task1propa,setSchedule> 0.004374999999999999
<40,acc2,proj22task1a,setCost> 0.004374999999999999
<41,acc1,proj12task1a,setCost> 0.004374999999999999
<42,code21,proj21task2a,request> 0.0026249999999999997
<43,acc1,proj11task1propa,setCost> 0.004374999999999999
<44,ldr11,proj12sched,read> 0.001785714285714286
<45,des12,proj12task1a,setStatus> 0.004374999999999999
<46,plan2,proj21task1prop,setSchedule> 0.004374999999999999
<47,plan1,proj12sched,read> 0.001785714285714286
<48,acc1,proj11sched,read> 0.0017361111111111112
<49,aud1,proj11budget,read> 0.0125
<50,ldr12,proj12sched,write> 0.0012500000000000005
<51,ldr2,proj22sched,read> 0.007403846153846156
<52,code11,proj11task2a,setStatus> 0.004374999999999999
<53,aud1,proj12budget,read> 0.0125
<54,acc2,proj22task2a,setCost> 0.004374999999999999
<55,plan1,proj11task1prop,setSchedule> 0.004374999999999999
<56,plan1,proj11task1a,setSchedule> 0.004374999999999999
<57,acc2,proj21task2propa,setCost> 0.004374999999999999
<58,acc2,proj22task2,setCost> 0.004374999999999999
<59,des11,proj11task1a,request> 0.0026249999999999997
<60,code11,proj11task2propa,setStatus> 0.004374999999999999
<61,des22,proj22task1a,read> 0.006999999999999999
<62,code12,proj12task2,request> 0.0017499999999999998
<63,code21,proj21task2,read> 0.010499999999999999
<64,ldr11,proj11sched,write> 0.0012500000000000005
<65,ldr2,proj22sched,write> 0.0012500000000000005
<66,des11,proj11task1a,read> 0.010499999999999999
<67,des12,proj12task1propa,setStatus> 0.004374999999999999
<68,plan1,proj11task2prop,setSchedule> 0.004374999999999999
<69,des12,proj12task1,read> 0.006999999999999999
<70,des11,proj11task1a,setStatus> 0.004374999999999999
<71,code21,proj21task2prop,request> 8.749999999999998E-4
<72,aud2,proj22sched,read> 0.002403846153846154
<73,des12,proj12task1a,read> 0.006999999999999999
<74,acc1,proj12budget,read> 0.010000000000000002
<75,aud1,proj11sched,read> 0.0017361111111111112
<76,acc1,proj12task2propa,setCost> 0.004374999999999999
<77,acc2,proj21task2,setCost> 0.004374999999999999
<78,code11,proj11task2prop,read> 0.003499999999999999
<79,plan1,proj11task1propa,setSchedule> 0.004374999999999999
<80,des22,proj22task1a,setStatus> 0.004374999999999999
<81,ldr12,proj12sched,read> 0.006785714285714288
<82,plan2,proj22task2,setSchedule> 0.004374999999999999
<83,code21,proj21task2a,read> 0.010499999999999999
<84,acc1,proj12task2a,setCost> 0.004374999999999999
<85,mgr1,proj11budget,read> 0.010000000000000002
<86,des21,proj21task1prop,request> 8.749999999999998E-4
<87,plan2,proj22task2prop,setSchedule> 0.004374999999999999
<88,plan1,proj11task2a,setSchedule> 0.004374999999999999
<89,acc1,proj12task2,setCost> 0.004374999999999999
<90,acc1,proj12task2prop,setCost> 0.004374999999999999
<91,des21,proj21sched,read> 0.001785714285714286
<92,acc2,proj22budget,read> 0.010000000000000002
<93,acc2,proj21task1,setCost> 0.004374999999999999
<94,acc1,proj11budget,read> 0.010000000000000002
<95,acc2,proj22task2propa,setCost> 0.004374999999999999
<96,acc2,proj22budget,write> 0.0025000000000000005
<97,aud1,proj12sched,read> 0.001785714285714286
<98,des11,proj11task1,request> 0.0026249999999999997
<99,plan2,proj21task1,setSchedule> 0.004374999999999999
<100,acc2,proj21task1a,setCost> 0.004374999999999999
<101,des22,proj22task1,read> 0.006999999999999999
<102,des21,proj21task1propa,setStatus> 0.004374999999999999
<103,plan2,proj22task1prop,setSchedule> 0.004374999999999999
<104,acc1,proj12task1prop,setCost> 0.004374999999999999
<105,acc1,proj11task2a,setCost> 0.004374999999999999
<106,code22,proj22task2propa,setStatus> 0.004374999999999999
<107,acc1,proj12task1propa,setCost> 0.004374999999999999
<108,plan1,proj11task1,setSchedule> 0.004374999999999999
<109,plan1,proj11task2,setSchedule> 0.004374999999999999
<110,des21,proj21task1propa,read> 0.003499999999999999
<111,code11,proj11sched,read> 0.0027777777777777783
<112,acc2,proj21task2a,setCost> 0.004374999999999999
<113,plan1,proj12task1propa,setSchedule> 0.004374999999999999

