<0,csStu4,csStu4application,checkStatus> null
<1,admissions1,eeStu3application,read> null
<2,registrar1,ee101roster,read> null
<3,csChair,csStu5trans,read> null
<4,eeFac1,ee101gradebook,addScore> null
<5,eeStu3,eeStu3trans,read> null
<6,eeStu4,ee601gradebook,readMyScores> null
<7,csFac1,cs101roster,read> null
<8,eeFac1,ee101gradebook,readScore> null
<9,registrar2,ee101roster,write> null
<10,csFac2,cs601roster,read> null
<11,admissions2,csStu5application,setStatus> null
<12,admissions1,eeStu1application,setStatus> null
<13,csStu3,cs601gradebook,readScore> null
<14,csStu2,cs602gradebook,readScore> null
<15,admissions1,csStu1application,read> null
<16,admissions1,eeStu2application,read> null
<17,registrar2,cs602roster,read> null
<18,eeFac2,ee601roster,read> null
<19,admissions1,csStu1application,setStatus> null
<20,eeStu2,ee602gradebook,readScore> null
<21,eeChair,eeStu4trans,read> null
<22,csStu2,cs602gradebook,addScore> null
<23,eeStu2,ee602gradebook,addScore> null
<24,csFac1,cs101gradebook,changeScore> null
<25,admissions2,csStu3application,read> null
<26,csFac1,cs101gradebook,addScore> null
<27,csStu3,cs601gradebook,addScore> null
<28,csFac2,cs601gradebook,addScore> null
<29,admissions1,eeStu5application,read> null
<30,admissions1,csStu2application,read> null
<31,admissions2,csStu1application,setStatus> null
<32,admissions1,csStu3application,read> null
<33,eeFac2,ee601gradebook,assignGrade> null
<34,admissions1,eeStu4application,read> null
<35,csStu1,cs101gradebook,readMyScores> null
<36,registrar2,ee602roster,write> null
<37,eeStu3,eeStu3application,checkStatus> null
<38,csStu1,csStu1trans,read> null
<39,registrar1,csStu2trans,read> null
<40,registrar1,ee601roster,read> null
<41,eeFac1,ee101roster,read> null
<42,registrar1,csStu3trans,read> null
<43,csFac1,cs101gradebook,assignGrade> null
<44,eeFac1,ee101gradebook,changeScore> null
<45,csChair,csStu1trans,read> null
<46,csFac2,cs601gradebook,readScore> null
<47,eeFac2,ee601gradebook,readScore> null
<48,admissions2,csStu2application,setStatus> null
<49,csStu4,cs601gradebook,readMyScores> null
<50,registrar1,cs601roster,write> null
<51,eeStu1,eeStu1application,checkStatus> null
<52,registrar2,eeStu1trans,read> null
<53,eeStu3,ee601gradebook,addScore> null
<54,csFac2,cs601gradebook,changeScore> null
<55,admissions1,eeStu2application,setStatus> null
<56,registrar1,eeStu5trans,read> null
<57,eeStu5,eeStu5application,checkStatus> null
<58,eeFac2,ee601gradebook,addScore> null
<59,csStu2,cs101gradebook,readScore> null
<60,admissions1,eeStu1application,read> null
<61,admissions2,eeStu1application,setStatus> null
<62,eeStu1,ee101gradebook,readMyScores> null
<63,admissions2,csStu4application,read> null
<64,admissions2,csStu3application,setStatus> null
<65,admissions1,eeStu3application,setStatus> null
<66,admissions1,csStu5application,setStatus> null
<67,eeStu2,ee601gradebook,readMyScores> null
<68,applicant2,application2,checkStatus> null
<69,csChair,csStu2trans,read> null
<70,csStu3,csStu3application,checkStatus> null
<71,registrar1,ee602roster,write> null
<72,registrar2,ee101roster,read> null
<73,registrar1,cs101roster,write> null
<74,admissions1,csStu4application,read> null
<75,registrar1,eeStu1trans,read> null
<76,csFac1,cs101gradebook,readScore> null
<77,admissions2,eeStu4application,read> null
<78,admissions2,eeStu4application,setStatus> null
<79,registrar1,cs601roster,read> null
<80,admissions2,eeStu2application,read> null
<81,registrar2,eeStu5trans,read> null
<82,admissions2,eeStu3application,setStatus> null
<83,admissions2,eeStu5application,read> null
<84,admissions1,csStu3application,setStatus> null
<85,eeStu2,eeStu2trans,read> null
<86,eeStu5,eeStu5trans,read> null
<87,eeStu2,ee101gradebook,addScore> null
<88,admissions2,eeStu5application,setStatus> null
<89,eeFac1,ee101gradebook,assignGrade> null
<90,registrar2,cs101roster,read> null
<91,registrar2,csStu1trans,read> null
<92,eeChair,eeStu3trans,read> null
<93,admissions2,csStu2application,read> null
<94,registrar2,cs601roster,read> null
<95,admissions2,eeStu3application,read> null
<96,csStu1,csStu1application,checkStatus> null
<97,csFac2,cs601gradebook,assignGrade> null
<98,admissions1,csStu4application,setStatus> null
<99,registrar2,csStu5trans,read> null
<100,admissions1,eeStu4application,setStatus> null
<0,eeStu3,ee602gradebook,readMyScores> null
<1,admissions1,eeStu5application,setStatus> null
<2,eeChair,eeStu1trans,read> null
<3,registrar2,ee601roster,read> null
<4,registrar1,csStu1trans,read> null
<5,registrar1,cs101roster,read> null
<6,csStu4,csStu4trans,read> null
<7,admissions1,csStu2application,setStatus> null
<8,csStu2,cs601gradebook,readMyScores> null
<9,registrar2,csStu3trans,read> null
<10,registrar1,csStu5trans,read> null
<11,registrar2,eeStu2trans,read> null
<12,registrar2,csStu4trans,read> null
<13,registrar2,eeStu3trans,read> null
<14,csStu3,csStu3trans,read> null
<15,csStu2,csStu2application,checkStatus> null
<16,registrar1,ee101roster,write> null
<0,registrar1,cs602roster,write> 0.00101010101010101
<1,eeStu3,ee601gradebook,readScore> 0.007692307692307692
<2,eeStu2,ee101gradebook,readScore> 0.008333333333333333
<3,registrar2,ee601roster,write> 5.05050505050505E-4
<4,admissions2,application1,read> 0.0045454545454545435
<5,admissions2,csStu1application,read> 0.0045454545454545435
<6,admissions2,application2,read> 0.0045454545454545435
<7,csStu5,csStu5trans,read> 0.004838709677419356
<8,registrar2,eeStu4trans,read> 0.0016129032258064518
<9,registrar1,eeStu4trans,read> 0.0032258064516129037
<10,registrar1,cs602roster,read> 0.004545454545454544
<11,admissions1,application1,setStatus> 0.0020202020202020193
<12,csStu5,cs601gradebook,readMyScores> 0.0046296296296296285
<13,admissions1,application2,setStatus> 0.0020202020202020193
<14,csStu3,cs602gradebook,readMyScores> 0.0034313725490196082
<15,admissions2,csStu5application,read> 0.0045454545454545435
<16,eeChair,eeStu5trans,read> 0.006451612903225808

