<0,patient6-7,noteItem6-7,read> 0.004351120194489672
<1,patient4-5,noteItem4-5agent4-1,read> 0.0049466690606591495
<2,patient1-5,noteItem1-5,read> 0.0015135571449470524
<3,nurse3-1,nursingItem3-4,read> 4.947237293034616E-4
<4,agent8-1,HR8-5,addNote> 6.696314133034701E-4
<5,doctor4-0,HR4-3,addItem> 3.7152453197489217E-4
<6,patient8-8,noteItem8-8,read> 0.002038468272074239
<7,nurse5-3,nursingItem5-3,read> 7.230744579217267E-4
<8,agent2-01,noteItem2-5agent2-0,read> 0.0018242671800749208
<9,patient3-9,noteItem3-9,read> 0.004206579449338707
<10,patient8-5,noteItem8-5agent8-1,read> 0.0035763215399594373
<11,patient5-1,noteItem5-1,read> 0.004373942417408246
<12,agent2-11,noteItem2-0,read> 9.067645756064529E-4
<13,patient9-1,noteItem9-1agent9-0,read> 0.003603728490373432
<14,patient5-9,noteItem5-9,read> 0.004267438710454903
<15,nurse2-3,HR2-0,addItem> 1.497236113742339E-4
<16,patient2-8,HR2-8,addNote> 0.0014979973686303507
<17,agent5-01,HR5-4,addNote> 8.862719570106375E-4
<18,patient5-2,HR5-2,addNote> 0.0013627985005193893
<19,agent5-11,noteItem5-0,read> 0.002158363824097727
<20,nurse2-3,HR2-1,addItem> 1.5008355995411784E-4
<21,patient0-3,noteItem0-3,read> 0.0017341719664932614
<22,doctor4-0,HR3-1,addItem> 2.613803574418625E-4
<23,patient4-2,noteItem4-2,read> 0.004259831302815379
<24,patient7-7,noteItem7-7,read> 0.0014755201067494302
<25,patient1-7,noteItem1-7agent1-0,read> 0.001041178626664969
<26,patient9-6,HR9-6,addNote> 0.0012604858435705535
<27,nurse2-2,nursingItem2-5,read> 8.761602118466166E-4
<28,nurse2-3,HR2-2,addItem> 1.5080345711388578E-4
<29,patient4-3,HR4-3,addNote> 0.0010595145531353402
<30,nurse2-2,nursingItem2-2,read> 5.018726170615792E-4
<31,nurse2-3,HR2-3,addItem> 1.5116340569376973E-4
<32,nurse8-3,HR8-9,addItem> 8.531101713626735E-5
<33,nurse0-1,nursingItem0-1,read> 7.70130206201358E-4
<34,agent7-0,noteItem7-2agent7-0,read> 0.00416930618364593
<35,nurse8-1,nursingItem8-4,read> 7.373609918116491E-4
<36,doctor0-1,HR0-3,addItem> 3.673709424038832E-4
<37,doctor4-1,HR4-5,addItem> 1.4988528072257685E-4
<38,nurse1-1,nursingItem1-5,read> 7.548678206007456E-4
<39,patient4-6,noteItem4-6,read> 0.004138112780582987
<40,nurse2-3,HR2-8,addItem> 1.475639198949301E-4
<41,patient8-1,noteItem8-1,read> 0.001977609010958044
<42,agent7-1,noteItem7-4,read> 9.204009170612507E-4
<43,agent4-1,noteItem4-5agent4-1,read> 0.0033762463455090596
<44,patient5-0,noteItem5-0,read> 0.004404372047966343
<45,patient0-0,noteItem0-0agent0-1,read> 0.003158365546146025
<46,nurse2-3,HR2-9,addItem> 1.4900371421446598E-4
<47,nurse6-2,nursingItem6-7,read> 1.410837968389275E-4
<48,patient0-6,HR0-6,addNote> 0.0010485524827479648
<49,patient3-4,noteItem3-4,read> 0.004115290557664414
<50,patient6-6,noteItem6-6,read> 0.004335905379210622
<51,patient3-9,HR3-9,addNote> 0.0014249168993811824
<52,agent0-1,noteItem0-0agent0-1,read> 0.0021014476985763606
<53,nurse3-1,nursingItem3-5,read> 4.977968126016973E-4
<54,nurse2-3,HR2-4,addItem> 1.5188330285353764E-4
<55,agent6-01,noteItem6-6,read> 0.002067755951608978
<56,patient6-8,noteItem6-8,read> 0.004411979455605868
<57,nurse2-3,HR2-5,addItem> 1.4720397131504613E-4
<58,nurse2-3,HR2-6,addItem> 1.4684402273516215E-4
<59,nurse4-3,nursingItem4-0,read> 6.958412934946418E-4
<60,nurse2-3,HR2-7,addItem> 1.4792386847481406E-4
<61,patient1-6,noteItem1-6,read> 0.0014907349220284788
<62,patient0-2,noteItem0-2,read> 0.001718957151214212
<63,nurse4-2,nursingItem4-1,read> 7.022583007307843E-4
<64,nurse2-2,HR2-1,addItem> 1.521048873609073E-4
<65,nurse2-2,HR2-2,addItem> 1.5283448010531856E-4
<66,nurse2-2,HR2-0,addItem> 1.5174009098870166E-4
<67,nurse2-2,nursingItem2-6,read> 5.059449500205779E-4
<68,nurse2-3,nursingItem2-1,read> 4.921895518294755E-4
<69,doctor5-1,HR5-0,addItem> 2.9195644138364476E-4
<70,nurse2-2,HR2-9,addItem> 1.5101049824429042E-4
<71,patient6-3,noteItem6-3,read> 0.004290260933373476
<72,nurse2-2,HR2-7,addItem> 1.4991610912767352E-4
<73,agent9-11,noteItem9-3agent9-1,read> 5.477212240566521E-4
<74,nurse9-2,nursingItem9-0,read> 6.781074906677828E-4
<75,nurse6-3,HR6-9,addItem> 3.646604452956609E-5
<76,agent4-0,noteItem4-8,read> 0.0021449734323852167
<77,nurse2-2,HR2-8,addItem> 1.495513127554679E-4
<78,nurse2-2,HR2-5,addItem> 1.491865163832622E-4
<79,patient6-9,noteItem6-9,read> 0.004427194270884917
<80,nurse2-2,HR2-6,addItem> 1.488217200110566E-4
<81,agent9-0,noteItem9-1agent9-0,read> 0.0032527127566093737
<82,doctor0-0,HRitem7-4-0,read> 1.8282885512245085E-4
<83,nurse2-2,HR2-3,addItem> 1.5319927647752422E-4
<84,nurse2-2,HR2-4,addItem> 1.5392886922193546E-4
<85,patient1-3,noteItem1-3,read> 0.001391838622714661
<86,nurse5-1,nursingItem5-8,read> 7.249553424149508E-4
<87,patient7-2,noteItem7-2agent7-0,read> 0.0047274134573471955
<88,doctor1-0,HRitem1-9-3,read> 7.054691437888555E-4
<89,nurse2-1,nursingItem2-5,read> 5.06232166748514E-4
<90,agent0-01,HR0-8,addNote> 7.165005662370977E-4
<91,nurse1-1,nursingItem1-2,read> 0.0013239396888691907
<92,nurse6-2,nursingItem6-3,read> 3.0046285560004246E-4
<93,nurse6-2,nursingItem6-2,read> 2.986845304374282E-4
<94,nurse3-0,nursingItem3-5,read> 4.8590912752464186E-4
<95,nurse6-2,nursingItem6-1,read> 1.7074079550999166E-4
<96,nurse6-2,nursingItem6-0,read> 1.6971814038340324E-4
<97,nurse6-2,nursingItem6-6,read> 2.488914258842275E-4
<98,patient8-7,HR8-7,addNote> 9.572018961865041E-4
<99,patient0-5,HR0-5,addNote> 0.001041244435823048
<100,nurse1-1,nursingItem1-0,read> 7.466955836931989E-4
<101,nurse8-3,nursingItem8-2,read> 0.00108628486465261
<102,nurse6-2,nursingItem6-5,read> 1.359705212059854E-4
<103,patient3-8,noteItem3-8agent3-0,read> 0.0017400558622218223
<104,patient8-0,noteItem8-0,read> 0.001970001603318519
<105,patient4-0,noteItem4-0,read> 0.00417614981878061
<106,agent2-0,noteItem2-5agent2-0,read> 0.001808546147406732
<107,doctor6-0,HR5-4,addItem> 3.7801696626462003E-4
<108,doctor7-0,HR4-5,addItem> 1.650706562554458E-4
<109,nurse4-3,nursingItem4-4,read> 7.018836951266281E-4
<110,agent8-1,noteItem8-5,read> 0.0011057369055159564
<111,nurse6-2,nursingItem6-4,read> 1.3903848658575063E-4
<112,patient7-4,noteItem7-4agent7-1,read> 6.711847960760468E-4
<113,nurse6-2,nursingItem6-9,read> 1.451744173452812E-4
<114,nurse6-2,nursingItem6-8,read> 1.4721972759845802E-4
<115,nurse3-0,nursingItem3-8,read> 5.129063936342163E-4
<116,nurse8-1,HR8-5,addItem> 1.0980700668290494E-4
<117,doctor3-0,HRitem9-3-1,read> 7.252110234800318E-4
<118,nurse8-1,nursingItem8-9,read> 7.29444033504986E-4
<119,doctor7-0,HR7-9,addItem> 1.9227872885110685E-4
<120,nurse8-1,HR8-4,addItem> 1.0737548139267913E-4
<121,patient1-3,HR1-3,addNote> 0.001552807720567227
<122,nurse8-1,HR8-3,addItem> 1.0818598982275438E-4
<123,nurse8-1,HR8-2,addItem> 1.1183327775809305E-4
<124,patient5-3,HR5-3,addNote> 0.0013591444770569307
<125,patient3-2,noteItem3-2,read> 0.0041457201882225125
<126,agent1-1,noteItem1-9agent1-1,read> 0.0010520032371037936
<127,patient6-0,HR6-0,addNote> 2.958236494815298E-4
<128,agent3-01,HR3-8,addNote> 9.38572499995429E-4
<129,patient9-3,noteItem9-3agent9-1,read> 0.001746907599825321
<130,patient9-8,noteItem9-8,read> 0.002753564590189538
<131,nurse8-1,HR8-9,addItem> 1.0656497296260385E-4
<132,agent4-11,noteItem4-5,read> 0.002067804362346449
<133,nurse3-3,nursingItem3-8,read> 9.193558888413981E-4
<134,patient6-2,noteItem6-2,read> 0.004275046118094428
<135,nurse8-1,HR8-8,addItem> 1.057544645325286E-4
<136,agent7-01,HR7-2,addNote> 4.919239276360709E-4
<137,agent1-01,noteItem1-7,read> 8.793991005591451E-4
<138,nurse7-0,nursingItem7-0,read> 2.80859491078238E-4
<139,patient0-1,noteItem0-1,read> 0.0015363793678656256
<140,doctor6-1,HR7-9,addItem> 1.785211366675524E-4
<141,patient3-7,noteItem3-7,read> 0.004252223895175855
<142,nurse2-1,HR2-0,addItem> 1.527483307959356E-4
<143,nurse8-1,HR8-7,addItem> 1.0615971874756622E-4
<144,patient8-9,HR8-9,addNote> 9.608559196489626E-4
<145,nurse2-1,HR2-1,addItem> 1.5311555106430205E-4
<146,nurse9-2,nursingItem9-7,read> 6.526131304697335E-4
<147,nurse5-1,nursingItem5-9,read> 0.0012619440947308378
<148,nurse0-0,nursingItem0-3,read> 7.447479663615988E-4
<149,nurse8-1,HR8-6,addItem> 1.0899649825282964E-4
<150,patient2-1,HR2-1,addNote> 0.0015235755328675599
<151,patient5-9,HR5-9,addNote> 0.0013664525239818477
<152,agent6-1,noteItem6-7agent6-1,read> 0.0017508478923706325
<153,patient9-1,HR9-1,addNote> 0.0013043341251200544
<154,patient9-3,noteItem9-3,read> 0.002707920144352391
<155,nurse2-1,HR2-2,addItem> 1.53849991601035E-4
<156,nurse2-1,HR2-3,addItem> 1.5421721186940145E-4
<157,patient3-4,HR3-4,addNote> 0.0014066467820688902
<158,patient9-2,noteItem9-2,read> 0.0026774905137942934
<159,patient3-5,noteItem3-5,read> 0.004100075742385366
<160,doctor2-1,HR2-1,addItem> 3.537572374598067E-4
<161,nurse2-1,HR2-4,addItem> 1.5495165240613437E-4
<162,nurse4-2,HR4-7,addItem> 1.0238631606666032E-4
<163,doctor4-0,HRitem4-7-0,read> 4.571370781998481E-4
<164,nurse2-1,HR2-5,addItem> 1.501777889173703E-4
<165,patient3-3,noteItem3-3,read> 0.004130505372943463
<166,nurse2-1,HR2-6,addItem> 1.498105686490038E-4
<167,nurse8-1,HR8-1,addItem> 1.1264378618816833E-4
<168,patient7-1,HR7-1,addNote> 0.0012056754916336767
<169,doctor5-0,HR5-8,addItem> 2.8490305436046684E-4
<170,nurse2-1,HR2-7,addItem> 1.5091222945410324E-4
<171,patient0-8,noteItem0-8agent0-0,read> 0.0035283593767349475
<172,nurse8-1,HR8-0,addItem> 1.106175151129802E-4
<173,agent1-11,HR1-9,addNote> 9.905503269060447E-4
<174,nurse2-1,HR2-8,addItem> 1.5054500918573678E-4
<175,nurse2-1,HR2-9,addItem> 1.5201389025920267E-4
<176,nurse5-0,nursingItem5-1,read> 0.0012453811324292323
<177,nurse8-2,nursingItem8-8,read> 5.91123879673476E-4
<178,patient1-4,noteItem1-4,read> 0.001361408992156563
<179,doctor9-1,HRitem8-5-0,read> 1.2922971836643916E-4
<180,agent9-0,HR9-1,addNote> 0.0011995215614943357
<181,nurse6-3,nursingItem6-0,read> 1.7067429892077453E-4
<182,nurse1-0,nursingItem1-5,read> 7.756202005485322E-4
<183,patient4-7,noteItem4-7,read> 0.004122897965303939
<184,patient3-1,noteItem3-1,read> 0.004153327595862037
<185,nurse2-0,HR2-9,addItem> 1.530172822741149E-4
<186,nurse9-0,nursingItem9-7,read> 6.711708498195837E-4
<187,nurse0-0,nursingItem0-6,read> 7.508863503783165E-4
<188,nurse6-3,nursingItem6-2,read> 1.727311320486172E-4
<189,patient0-4,HR0-4,addNote> 0.0010631685765977986
<190,nurse6-3,nursingItem6-1,read> 2.97868125249518E-4
<191,patient3-8,noteItem3-8,read> 0.004229401672257281
<192,doctor6-0,HRitem5-9-2,read> 1.0697847525635237E-4
<193,nurse6-3,nursingItem6-4,read> 1.3982180200313517E-4
<194,nurse9-1,nursingItem9-9,read> 6.534979821183135E-4
<195,patient4-5,noteItem4-5,read> 0.0041913646340596585
<196,patient5-2,noteItem5-2,read> 0.004389157232687295
<197,patient0-4,noteItem0-4,read> 0.0016961349282956391
<198,nurse6-3,nursingItem6-3,read> 1.7375954861253848E-4
<199,nurse6-3,nursingItem6-6,read> 1.439354682588204E-4
<200,nurse8-0,HR8-9,addItem> 1.0597458530076116E-4
<201,nurse0-2,nursingItem0-5,read> 7.371890256293299E-4
<202,doctor4-1,HR4-2,addItem> 3.7396519497783236E-4
<203,patient2-2,HR2-2,addNote> 0.0015308835797924769
<204,patient9-2,HR9-2,addNote> 0.0013116421720449712
<205,nurse6-3,nursingItem6-5,read> 2.372091808513132E-4
<206,agent3-0,noteItem3-8,read> 0.002099134118062901
<207,patient3-6,noteItem3-6,read> 0.004084860927106316
<208,nurse0-1,HR0-3,addItem> 1.0660785347987483E-4
<209,agent0-0,HR0-8,addNote> 6.8936973584602E-4
<210,nurse6-3,nursingItem6-8,read> 1.4804913451450569E-4
<211,nurse6-3,nursingItem6-7,read> 2.4612961385104924E-4
<212,patient4-1,noteItem4-1,read> 0.004168542411141085
<213,agent5-1,noteItem5-0,read> 0.002284531229264191
<214,nurse6-3,nursingItem6-9,read> 1.4599230138666306E-4
<215,nurse8-0,HR8-2,addItem> 1.1121370281206482E-4
<216,nurse8-0,HR8-1,addItem> 1.1201972089072695E-4
<217,agent5-0,noteItem5-4,read> 0.0021854428594650943
<218,nurse8-0,HR8-4,addItem> 1.0678060337942328E-4
<219,nurse8-0,HR8-3,addItem> 1.0758662145808539E-4
<220,doctor3-1,HRitem3-8-2,read> 6.254625787246146E-4
<221,nurse9-1,nursingItem9-5,read> 0.0011335561174964821
<222,nurse5-0,nursingItem5-5,read> 7.237855000486376E-4
<223,patient4-3,noteItem4-3,read> 0.004237009079896805
<224,nurse1-2,nursingItem1-7,read> 7.485215825039414E-4
<225,doctor3-0,HRitem9-1-2,read> 7.532652735674929E-4
<226,patient0-8,HR0-8,addNote> 0.0010814386939100905
<227,patient5-0,HR5-0,addNote> 0.0014139548289938072
<228,patient0-0,noteItem0-0,read> 0.0015668089984237233
<229,nurse3-3,HR3-1,addItem> 1.4075591466228287E-4
<230,nurse5-3,nursingItem5-0,read> 7.282175398345122E-4
<231,nurse8-0,HR8-6,addItem> 1.0839263953674748E-4
<232,doctor4-1,HRitem4-3-1,read> 6.639072918074317E-4
<233,agent8-1,noteItem8-5agent8-1,read> 0.0024783106579005427
<234,nurse3-3,HR3-0,addItem> 1.4149877160607506E-4
<235,agent4-1,HR4-5,addNote> 6.940295504161382E-4
<236,nurse2-0,HR2-0,addItem> 1.537565706031695E-4
<237,nurse8-0,HR8-5,addItem> 1.0919865761540959E-4
<238,nurse3-3,HR3-3,addItem> 1.3927020077469858E-4
<239,nurse8-0,HR8-8,addItem> 1.0516856722209906E-4
<240,doctor2-1,HRitem2-5-3,read> 7.085862826874623E-4
<241,nurse3-3,HR3-2,addItem> 1.4001305771849072E-4
<242,nurse8-1,nursingItem8-7,read> 0.0012262530408893569
<243,agent3-1,HR3-5,addNote> 9.222625004593161E-4
<244,nurse4-1,nursingItem4-1,read> 7.110640474484117E-4
<245,nurse8-0,HR8-7,addItem> 1.0557157626143012E-4
<246,nurse3-3,HR3-5,addItem> 1.4335591396555538E-4
<247,nurse4-1,nursingItem4-9,read> 0.0012774750524486905
<248,nurse2-0,HR2-3,addItem> 1.5523514726127868E-4
<249,nurse3-3,HR3-4,addItem> 1.4298448549365932E-4
<250,patient2-1,noteItem2-1,read> 0.0016428830748189676
<251,patient5-3,noteItem5-3,read> 0.004343512786850147
<252,agent5-01,noteItem5-4,read> 0.002211408517201313
<253,nurse3-2,nursingItem3-9,read> 5.233357656336762E-4
<254,patient1-1,noteItem1-1,read> 0.0014450904761913322
<255,nurse3-1,nursingItem3-3,read> 8.614609015879021E-4
<256,nurse2-0,HR2-4,addItem> 1.5597443559033327E-4
<257,patient5-5,noteItem5-5,read> 0.004313083156292049
<258,nurse3-3,HR3-7,addItem> 1.4261305702176325E-4
<259,nurse2-0,HR2-1,addItem> 1.5412621476769677E-4
<260,nurse9-2,nursingItem9-9,read> 0.0011486385783824355
<261,nurse3-3,HR3-6,addItem> 1.418702000779711E-4
<262,doctor9-0,HR3-0,addItem> 2.574180460817456E-4
<263,nurse2-0,HR2-2,addItem> 1.548655030967514E-4
<264,nurse0-1,HR0-6,addItem> 1.0586997648390743E-4
<265,nurse2-0,HR2-7,addItem> 1.5190834978053296E-4
<266,doctor1-1,HRitem2-2-3,read> 3.9791143912631916E-4
<267,nurse3-3,HR3-9,addItem> 1.448416278531397E-4
<268,patient7-8,HR7-8,addNote> 0.001238561702795803
<269,nurse2-0,HR2-8,addItem> 1.5153870561600567E-4
<270,agent0-01,noteItem0-8,read> 8.563504003489332E-4
<271,patient4-4,noteItem4-4,read> 0.004214186856978231
<272,patient7-3,HR7-3,addNote> 0.0012129835385585937
<273,nurse3-3,HR3-8,addItem> 1.4447019938124362E-4
<274,patient4-9,HR4-9,addNote> 0.0010229743185107558
<275,nurse2-0,HR2-5,addItem> 1.5116906145147833E-4
<276,nurse8-0,HR8-0,addItem> 1.100046756940717E-4
<277,nurse4-2,nursingItem4-9,read> 7.265803968898206E-4
<278,nurse1-1,nursingItem1-8,read> 7.569108798276323E-4
<279,nurse8-3,HR8-5,addItem> 8.790644025307347E-5
<280,nurse2-0,HR2-6,addItem> 1.5079941728695105E-4
<281,patient6-7,noteItem6-7agent6-1,read> 0.002343008771329696
<282,agent6-1,noteItem6-7,read> 0.00249625039435088
<283,agent4-1,noteItem4-5,read> 0.002160220199769754
<284,patient2-0,noteItem2-0agent2-1,read> 4.519291927640927E-4
<285,doctor8-1,HRitem6-2-2,read> 4.540199393012413E-4
<286,patient1-9,noteItem1-9,read> 0.0016048460366213453
<287,nurse7-1,nursingItem7-9,read> 1.5207485042544307E-4
<288,nurse8-3,HR8-2,addItem> 8.952857970107726E-5
<289,agent4-11,noteItem4-5agent4-1,read> 0.0027095852821883773
<290,nurse8-3,HR8-3,addItem> 8.660872869467041E-5
<291,nurse8-3,HR8-0,addItem> 8.8555296032275E-5
<292,nurse4-0,nursingItem4-7,read> 0.0012856067192650064
<293,doctor1-0,HR9-2,addItem> 9.181495204314798E-4
<294,patient0-9,HR0-9,addNote> 0.0010741306469851737
<295,nurse1-2,nursingItem1-6,read> 0.0012993739849878855
<296,nurse8-3,HR8-1,addItem> 9.01774354802788E-5
<297,nurse4-3,nursingItem4-9,read> 7.220250338999158E-4
<298,nurse8-3,HR8-8,addItem> 8.466216135706583E-5
<299,nurse3-1,nursingItem3-0,read> 4.988211737011091E-4
<300,nurse8-3,HR8-6,addItem> 8.725758447387192E-5
<301,patient6-6,HR6-6,addNote> 3.360179075685724E-4
<302,nurse8-3,HR8-7,addItem> 8.498658924666659E-5
<303,nurse8-3,HR8-4,addItem> 8.595987291546889E-5
<304,nurse8-2,HR8-0,addItem> 8.978097487009196E-5
<305,nurse8-1,nursingItem8-1,read> 7.430159620306942E-4
<306,patient5-7,HR5-7,addNote> 0.001381068617831681
<307,nurse8-2,HR8-1,addItem> 9.142556607516156E-5
<308,nurse8-2,HR8-2,addItem> 9.07677295931337E-5
<309,nurse8-2,HR8-7,addItem> 8.61628742189388E-5
<310,nurse8-2,HR8-8,addItem> 8.583395597792486E-5
<311,nurse0-3,HR0-5,addItem> 1.0378855828042641E-4
<312,patient6-0,noteItem6-0,read> 0.004305475748652526
<313,nurse8-2,HR8-9,addItem> 8.649179245995272E-5
<314,nurse1-3,nursingItem1-7,read> 7.433054042286526E-4
<315,nurse8-2,HR8-3,addItem> 8.780746542400841E-5
<316,agent3-1,noteItem3-5agent3-1,read> 2.9061217561465844E-4
<317,patient2-5,noteItem2-5,read> 0.0015820238137027722
<318,agent1-1,HR1-9,addNote> 9.235946388050397E-4
<319,nurse8-2,HR8-4,addItem> 8.714962894198057E-5
<320,agent3-01,noteItem3-8agent3-0,read> 9.89991063807801E-4
<321,nurse9-3,nursingItem9-3,read> 6.282360112699367E-4
<322,nurse8-2,HR8-5,addItem> 8.91231383880641E-5
<323,patient5-4,noteItem5-4,read> 0.004358727602129195
<324,nurse5-0,nursingItem5-8,read> 7.207527027487772E-4
<325,doctor4-0,HRitem4-0-0,read> 4.696056337942753E-4
<326,nurse4-1,nursingItem4-7,read> 7.377433791547318E-4
<327,nurse8-2,HR8-6,addItem> 8.846530190603626E-5
<328,patient7-2,noteItem7-2,read> 0.0016352756671794437
<329,patient1-7,noteItem1-7,read> 0.001483127514388954
<330,doctor1-0,HR9-0,addItem> 9.07918254736596E-4
<331,patient9-1,noteItem9-1,read> 0.0026850979214338177
<332,agent8-01,noteItem8-0,read> 9.721325557419296E-4
<333,patient1-8,noteItem1-8,read> 0.0014603052914703804
<334,nurse9-2,HR9-9,addItem> 1.2787559608828456E-4
<335,nurse9-2,HR9-7,addItem> 1.2677938904954704E-4
<336,nurse9-2,HR9-8,addItem> 1.2751019374203872E-4
<337,nurse9-2,HR9-5,addItem> 1.33722033628218E-4
<338,nurse8-2,nursingItem8-0,read> 6.048931838910401E-4
<339,nurse9-3,nursingItem9-0,read> 6.652523723612847E-4
<340,patient8-5,noteItem8-5,read> 0.0021069349408299595
<341,nurse9-2,HR9-6,addItem> 1.2604858435705536E-4
<342,patient7-8,noteItem7-8,read> 0.0014526978838308566
<343,nurse9-2,HR9-3,addItem> 1.3189502189698882E-4
<344,patient8-0,noteItem8-0agent8-0,read> 0.0036242837031839276
<345,patient4-7,HR4-7,addNote> 0.0010302823654356728
<346,nurse9-0,nursingItem9-6,read> 6.743171680165372E-4
<347,nurse9-3,nursingItem9-7,read> 6.402413175698333E-4
<348,patient5-8,HR5-8,addNote> 0.001373760570906764
<349,nurse9-2,HR9-4,addItem> 1.326258265894805E-4
<350,nurse9-2,HR9-1,addItem> 1.3043341251200546E-4
<351,agent6-11,noteItem6-7,read> 0.0018929270361996095
<352,nurse9-2,HR9-2,addItem> 1.3116421720449714E-4
<353,nurse5-0,nursingItem5-7,read> 0.0012612805546530464
<354,agent0-11,noteItem0-0agent0-1,read> 0.0017842541134636205
<355,doctor6-0,HRitem5-3-3,read> 7.061185477260652E-5
<356,nurse9-2,HR9-0,addItem> 1.2970260781951375E-4
<357,doctor7-0,HRitem4-0-1,read> 2.454595278305801E-4
<358,agent6-01,HR6-6,addNote> 2.0651100569318506E-4
<359,doctor9-0,HRitem9-9-3,read> 5.225969950705907E-4
<360,nurse9-1,HR9-6,addItem> 1.2485381104561407E-4
<361,nurse0-2,nursingItem0-8,read> 0.0012993901196328573
<362,nurse9-1,HR9-7,addItem> 1.2557768867940913E-4
<363,nurse9-3,nursingItem9-9,read> 6.472444129114397E-4
<364,agent7-11,noteItem7-4,read> 4.4524174381739274E-4
<365,doctor6-1,HR7-4,addItem> 1.7693643418449686E-4
<366,nurse0-3,nursingItem0-0,read> 7.613047714463472E-4
<367,nurse9-1,HR9-8,addItem> 1.2630156631320423E-4
<368,patient8-7,noteItem8-7,read> 0.0020232534567951907
<369,doctor6-1,HR7-5,addItem> 1.764082000234783E-4
<370,doctor9-0,HRitem9-4-3,read> 6.368920880195061E-4
<371,patient5-7,noteItem5-7,read> 0.004282653525733952
<372,nurse9-1,HR9-9,addItem> 1.2666350513010176E-4
<373,nurse5-1,nursingItem5-0,read> 0.0012548541062545602
<374,doctor6-1,HR7-6,addItem> 1.7799290250653392E-4
<375,nurse9-1,HR9-2,addItem> 1.2992095448217963E-4
<376,patient2-6,noteItem2-6,read> 0.0015592015907841985
<377,nurse9-1,HR9-3,addItem> 1.306448321159747E-4
<378,doctor6-1,HR7-0,addItem> 1.7482349754042274E-4
<379,nurse4-2,nursingItem4-2,read> 7.103656661171298E-4
<380,nurse9-1,HR9-4,addItem> 1.3136870974976976E-4
<381,doctor6-1,HR7-1,addItem> 1.742952633794042E-4
<382,nurse9-1,HR9-5,addItem> 1.324545262004624E-4
<383,agent7-11,HR7-4,addNote> 5.18757359255579E-4
<384,doctor6-1,HR7-2,addItem> 1.758799658624598E-4
<385,nurse9-1,HR9-0,addItem> 1.2847319921458945E-4
<386,nurse9-1,HR9-1,addItem> 1.2919707684838454E-4
<387,doctor8-0,HRitem8-1-2,read> 2.2460120615786725E-5
<388,doctor6-0,HRitem5-7-1,read> 1.215251234498507E-4
<389,doctor6-1,HR7-7,addItem> 1.7746466834551539E-4
<390,nurse9-3,HR9-4,addItem> 1.3011159291005908E-4
<391,nurse9-3,HR9-5,addItem> 1.3118701877270678E-4
<392,patient9-0,noteItem9-0,read> 0.002669883106154768
<393,nurse9-3,HR9-6,addItem> 1.2365903773417278E-4
<394,doctor9-1,HRitem9-1-0,read> 7.522262272679573E-4
<395,nurse1-2,nursingItem1-8,read> 0.0013064266170090784
<396,nurse9-3,HR9-7,addItem> 1.2437598830927126E-4
<397,nurse9-3,HR9-8,addItem> 1.2509293888436973E-4
<398,patient0-7,noteItem0-7,read> 0.0016885275206561148
<399,patient8-0,HR8-0,addNote> 9.97396154273547E-4
<400,nurse9-3,HR9-9,addItem> 1.2545141417191896E-4
<401,nurse9-3,HR9-0,addItem> 1.2724379060966517E-4
<402,nurse9-3,HR9-1,addItem> 1.2796074118476364E-4
<403,nurse4-2,nursingItem4-5,read> 7.083388247705434E-4
<404,nurse8-0,nursingItem8-3,read> 0.0012315824611558827
<405,nurse9-3,HR9-2,addItem> 1.2867769175986212E-4
<406,patient9-9,noteItem9-9,read> 0.0027992090360266842
<407,nurse9-3,HR9-3,addItem> 1.2939464233496057E-4
<408,agent2-0,HR2-5,addNote> 8.710575563607681E-4
<409,agent3-0,noteItem3-8agent3-0,read> 0.0011507802047797146
<410,patient3-5,noteItem3-5agent3-1,read> 4.313739799535971E-4
<411,doctor7-1,HRitem5-8-0,read> 1.3992886456883554E-4
<412,nurse3-2,HR3-7,addItem> 1.4008893211872318E-4
<413,nurse3-2,HR3-8,addItem> 1.4191320470192958E-4
<414,nurse3-2,HR3-9,addItem> 1.4227805921857085E-4
<415,nurse9-0,nursingItem9-5,read> 6.732683952842194E-4
<416,patient8-4,noteItem8-4,read> 0.0020917201255509104
<417,patient5-8,noteItem5-8,read> 0.004297868341013001
<418,doctor3-0,HRitem3-9-2,read> 3.587780676774791E-4
<419,doctor6-0,HRitem1-4-0,read> 2.480087636620582E-4
<420,nurse3-2,HR3-3,addItem> 1.368052414689517E-4
<421,nurse3-2,HR3-4,addItem> 1.4045378663536448E-4
<422,nurse3-2,HR3-5,addItem> 1.4081864115200572E-4
<423,nurse3-2,HR3-6,addItem> 1.3935922308544064E-4
<424,nurse3-2,HR3-0,addItem> 1.3899436856879937E-4
<425,nurse3-2,HR3-1,addItem> 1.382646595355168E-4
<426,patient0-6,noteItem0-6,read> 0.0016809201130165898
<427,nurse3-2,HR3-2,addItem> 1.3753495050223424E-4
<428,doctor3-1,HR7-9,addItem> 1.8703774135260992E-4
<429,nurse0-2,nursingItem0-2,read> 7.361791200060007E-4
<430,patient7-5,noteItem7-5,read> 0.001429875660912283
<431,nurse6-0,nursingItem6-6,read> 1.4151638475867217E-4
<432,nurse6-0,nursingItem6-7,read> 1.3949412025482692E-4
<433,nurse1-1,nursingItem1-1,read> 0.0013257168885186603
<434,doctor7-1,HR7-4,addItem> 1.9316913456839569E-4
<435,nurse6-0,nursingItem6-8,read> 2.543459127025895E-4
<436,nurse6-0,nursingItem6-9,read> 1.4353864926251747E-4
<437,nurse6-0,nursingItem6-2,read> 1.6982808781250603E-4
<438,nurse6-0,nursingItem6-3,read> 1.7083922006442862E-4
<439,nurse6-0,nursingItem6-4,read> 2.4021149439900128E-4
<440,nurse6-0,nursingItem6-5,read> 1.3443845899521373E-4
<441,nurse4-1,nursingItem4-0,read> 7.090117911633101E-4
<442,nurse6-0,nursingItem6-0,read> 2.93215563037457E-4
<443,nurse6-0,nursingItem6-1,read> 1.6881695556058331E-4
<444,doctor5-0,HRitem5-1-2,read> 4.151855838560984E-5
<445,doctor3-1,HRitem7-6-1,read> 3.7816955943514283E-4
<446,nurse0-0,nursingItem0-2,read> 7.457710303643852E-4
<447,nurse3-1,HR3-8,addItem> 1.4276553626170092E-4
<448,nurse3-1,HR3-9,addItem> 1.4313258209676047E-4
<449,nurse5-3,nursingItem5-1,read> 7.251316906868409E-4
<450,patient9-5,noteItem9-5,read> 0.0027383497749104884
<451,nurse9-1,nursingItem9-2,read> 0.0011247272258174026
<452,nurse3-1,HR3-6,addItem> 1.4019621541628413E-4
<453,nurse3-1,HR3-7,addItem> 1.409303070864032E-4
<454,nurse3-1,HR3-4,addItem> 1.4129735292146275E-4
<455,doctor0-0,HR0-4,addItem> 3.743043351532367E-4
<456,agent7-1,HR7-4,addNote> 0.001072371932374181
<457,nurse3-1,HR3-5,addItem> 1.416643987565223E-4
<458,patient6-1,noteItem6-1,read> 0.0043206905639315745
<459,nurse2-1,nursingItem2-9,read> 5.123812542231479E-4
<460,nurse3-1,HR3-2,addItem> 1.3836098624098642E-4
<461,nurse3-3,nursingItem3-5,read> 8.709648063973054E-4
<462,nurse3-1,HR3-3,addItem> 1.3762689457086732E-4
<463,patient6-5,noteItem6-5,read> 0.004381549825047771
<464,nurse3-1,HR3-0,addItem> 1.3982916958122458E-4
<465,agent2-11,HR2-0,addNote> 0.0010711908021383844
<466,patient4-8,HR4-8,addNote> 0.0010375904123605894
<467,nurse1-3,nursingItem1-0,read> 0.001283663108545834
<468,patient9-9,HR9-9,addNote> 0.0012787559608828454
<469,nurse1-0,nursingItem1-7,read> 0.0013412500026714074
<470,nurse3-1,HR3-1,addItem> 1.3909507791110546E-4
<471,agent0-1,noteItem0-0,read> 7.833000921179698E-4
<472,patient8-6,HR8-6,addNote> 9.82780060423713E-4
<473,patient5-6,noteItem5-6,read> 0.004328297971571099
<474,nurse6-1,nursingItem6-9,read> 2.516301921680743E-4
<475,nurse6-1,nursingItem6-7,read> 1.402889585468772E-4
<476,nurse6-1,nursingItem6-8,read> 1.4639032068241038E-4
<477,nurse6-1,nursingItem6-5,read> 1.3520449010059955E-4
<478,nurse6-1,nursingItem6-6,read> 1.4232274592538825E-4
<479,agent9-1,noteItem9-3,read> 0.0019669078286041293
<480,nurse6-1,nursingItem6-3,read> 1.7181266291379856E-4
<481,nurse0-0,nursingItem0-5,read> 7.467940943671714E-4
<482,patient2-4,HR2-4,addNote> 0.0015418456501798516
<483,nurse6-1,nursingItem6-4,read> 1.3825517116836615E-4
<484,nurse6-1,nursingItem6-1,read> 1.6977887553528749E-4
<485,nurse6-1,nursingItem6-2,read> 1.707957692245431E-4
<486,nurse6-1,nursingItem6-0,read> 1.6876198184603196E-4
<487,nurse3-0,HR3-1,addItem> 1.3577340440875074E-4
<488,nurse3-0,HR3-2,addItem> 1.3505684328597777E-4
<489,patient8-2,HR8-2,addNote> 0.0010083582246609218
<490,nurse3-0,HR3-3,addItem> 1.3434028216320482E-4
<491,nurse3-0,HR3-4,addItem> 1.379230877770696E-4
<492,nurse0-1,nursingItem0-3,read> 7.495373423510626E-4
<493,doctor3-1,HRitem7-4-2,read> 1.8075076252337965E-4
<494,nurse3-0,HR3-5,addItem> 1.382813683384561E-4
<495,patient2-5,noteItem2-5agent2-0,read> 0.0029528134180410687
<496,nurse9-0,HR9-0,addItem> 1.3339083363428668E-4
<497,patient1-4,HR1-4,addNote> 0.0015564617440296856
<498,nurse3-0,HR3-6,addItem> 1.3684824609291017E-4
<499,patient0-9,noteItem0-9,read> 0.0016733127053770655
<500,nurse8-0,nursingItem8-9,read> 7.254027923221328E-4
<501,doctor6-0,HR5-0,addItem> 3.9432141589346593E-4
<502,nurse3-0,HR3-7,addItem> 1.3756480721568312E-4
<503,nurse3-0,HR3-8,addItem> 1.3935621002261552E-4
<504,nurse9-0,HR9-4,addItem> 1.3639717710861265E-4
<505,nurse9-0,HR9-3,addItem> 1.3564559124003116E-4
<506,nurse9-0,HR9-2,addItem> 1.3489400537144966E-4
<507,nurse2-3,nursingItem2-7,read> 4.98216875195701E-4
<508,nurse4-3,nursingItem4-3,read> 0.001237367908858622
<509,nurse9-0,HR9-1,addItem> 1.3414241950286817E-4
<510,doctor2-0,HR3-4,addItem> 2.6750394701340334E-4
<511,nurse9-2,nursingItem9-3,read> 6.403758375746698E-4
<512,nurse9-0,HR9-8,addItem> 1.311360760285422E-4
<513,patient2-5,HR2-5,addNote> 0.0014943433451678923
<514,doctor9-1,HRitem9-9-1,read> 5.26753180268733E-4
<515,nurse9-0,HR9-7,addItem> 1.303844901599607E-4
<516,nurse0-3,HR0-3,addItem> 1.0524545279642595E-4
<517,nurse9-0,HR9-6,addItem> 1.296329042913792E-4
<518,nurse3-0,HR3-0,addItem> 1.364899655315237E-4
<519,patient2-9,HR2-9,addNote> 0.0015126134624801847
<520,doctor2-0,HR1-4,addItem> 2.852127324052454E-4
<521,nurse9-0,HR9-5,addItem> 1.375245559114849E-4
<522,patient6-4,HR6-4,addNote> 3.469799779559477E-4
<523,patient2-9,noteItem2-9,read> 0.0014983423296680033
<524,nurse9-0,HR9-9,addItem> 1.3151186896283293E-4
<525,doctor0-0,HRitem3-7-1,read> 2.7659033674674177E-4
<526,nurse3-0,HR3-9,addItem> 1.39714490584002E-4
<527,doctor2-1,HRitem2-0-3,read> 1.611001879156828E-4
<528,nurse7-3,HR7-8,addItem> 1.2836633894522327E-4
<529,nurse0-1,nursingItem0-8,read> 7.577744878911809E-4
<530,patient7-9,noteItem7-9,read> 0.0015059497373075279
<531,nurse7-3,HR7-9,addItem> 1.2798763063118693E-4
<532,nurse7-3,HR7-4,addItem> 1.2685150568907802E-4
<533,nurse1-0,nursingItem1-9,read> 7.588263941199653E-4
<534,nurse7-3,HR7-5,addItem> 1.264727973750417E-4
<535,nurse7-3,HR7-6,addItem> 1.2760892231715063E-4
<536,nurse0-0,nursingItem0-0,read> 0.001332197681151999
<537,nurse7-3,HR7-7,addItem> 1.2723021400311434E-4
<538,nurse7-3,HR7-0,addItem> 1.253366724329328E-4
<539,doctor0-1,HR9-7,addItem> 2.2760470225866166E-4
<540,nurse0-0,nursingItem0-8,read> 7.529324783838889E-4
<541,nurse5-3,nursingItem5-9,read> 7.323320053647407E-4
<542,patient7-3,noteItem7-3,read> 0.001376623807435612
<543,nurse7-3,HR7-1,addItem> 1.2495796411889646E-4
<544,patient1-2,HR1-2,addNote> 0.0015491536971047686
<545,nurse7-3,HR7-2,addItem> 1.260940890610054E-4
<546,nurse7-3,HR7-3,addItem> 1.257153807469691E-4
<547,patient0-3,HR0-3,addNote> 0.0010558605296728816
<548,patient0-2,HR0-2,addNote> 0.0010266283419732144
<549,patient2-3,noteItem2-3,read> 0.0016200608519003944
<550,doctor8-0,HRitem2-3-0,read> 2.4114727134523677E-4
<551,agent7-1,noteItem7-4agent7-1,read> 5.806649068531406E-4
<552,doctor3-1,HRitem3-5-1,read> 6.836491714986079E-4
<553,doctor3-0,HRitem3-1-2,read> 1.764994412170446E-5
<554,doctor3-1,HRitem6-6-0,read> 6.229948437632176E-5
<555,patient0-1,HR0-1,addNote> 0.0010193202950482974
<556,agent1-01,HR1-7,addNote> 0.0011167472768093313
<557,agent7-01,noteItem7-2agent7-0,read> 0.0016467777271892904
<558,agent4-01,noteItem4-8,read> 0.0019986377224558843
<559,doctor0-0,HR7-9,addItem> 1.1169854606171627E-4
<560,doctor0-0,HR7-2,addItem> 1.100459969891721E-4
<561,doctor0-0,HR7-0,addItem> 1.0938497736015442E-4
<562,nurse8-0,nursingItem8-5,read> 7.344006175127685E-4
<563,patient6-8,HR6-8,addNote> 3.2140181371873873E-4
<564,nurse5-1,HR5-4,addItem> 1.3515728511274362E-4
<565,doctor3-0,HR3-7,addItem> 2.8165928213353915E-4
<566,doctor0-0,HR7-1,addItem> 1.0905446754564557E-4
<567,doctor0-0,HR7-6,addItem> 1.1136803624720746E-4
<568,doctor0-0,HR7-7,addItem> 1.1103752643269861E-4
<569,doctor0-0,HR7-4,addItem> 1.107070166181898E-4
<570,patient6-4,noteItem6-4,read> 0.004366335009768722
<571,doctor0-0,HR7-5,addItem> 1.1037650680368092E-4
<572,nurse0-3,nursingItem0-5,read> 7.419915599982507E-4
<573,doctor0-0,HRitem0-5-1,read> 4.29082828112387E-4
<574,patient6-6,noteItem6-6agent6-0,read> 2.943392278836258E-4
<575,nurse7-0,HR7-9,addItem> 1.2245303038767614E-4
<576,patient0-7,HR0-7,addNote> 0.0010887467408350075
<577,nurse5-0,HR5-9,addItem> 1.35460466972767E-4
<578,nurse5-0,HR5-5,addItem> 1.3401153050152624E-4
<579,nurse7-0,HR7-0,addItem> 1.199167082196168E-4
<580,nurse1-2,nursingItem1-5,read> 0.0013029003009984818
<581,nurse5-0,HR5-6,addItem> 1.3763387167962807E-4
<582,nurse5-0,HR5-7,addItem> 1.3690940344400772E-4
<583,patient2-0,noteItem2-0,read> 0.0016580978900980173
<584,nurse5-0,HR5-8,addItem> 1.3618493520838734E-4
<585,patient7-5,HR7-5,addNote> 0.0012202915854835107
<586,agent5-1,HR5-0,addNote> 9.451700079004242E-4
<587,patient8-4,HR8-4,addNote> 9.681639665738796E-4
<588,nurse2-0,nursingItem2-8,read> 5.147316961213406E-4
<589,nurse5-0,HR5-1,addItem> 1.4053174462210955E-4
<590,doctor5-0,HRitem5-8-0,read> 9.900849072853742E-5
<591,nurse5-0,HR5-2,addItem> 1.350982328549568E-4
<592,nurse5-0,HR5-3,addItem> 1.3473599873714662E-4
<593,nurse5-0,HR5-4,addItem> 1.3437376461933643E-4
<594,nurse7-0,HR7-8,addItem> 1.228153621259704E-4
<595,nurse5-1,nursingItem5-1,read> 7.16820725750602E-4
<596,nurse0-0,nursingItem0-7,read> 0.0013037379365310046
<597,nurse1-0,nursingItem1-6,read> 7.735209747449613E-4
<598,nurse7-0,HR7-7,addItem> 1.2172836691108779E-4
<599,nurse7-0,HR7-6,addItem> 1.2209069864938196E-4
<600,nurse5-0,HR5-0,addItem> 1.401695105042994E-4
<601,nurse7-0,HR7-5,addItem> 1.2100370343449939E-4
<602,nurse1-1,HR1-0,addItem> 1.5664613052247483E-4
<603,nurse7-0,HR7-4,addItem> 1.2136603517279358E-4
<604,doctor4-0,HRitem3-6-0,read> 2.0491302030671904E-4
<605,nurse7-0,HR7-3,addItem> 1.2027903995791098E-4
<606,nurse7-0,HR7-2,addItem> 1.2064137169620519E-4
<607,nurse7-0,HR7-1,addItem> 1.1955437648132259E-4
<608,doctor0-1,HRitem0-9-1,read> 1.3918891054195582E-4
<609,patient2-7,noteItem2-7,read> 0.00154398677550515
<610,doctor6-1,HR6-8,addItem> 1.0986988524524983E-4
<611,doctor6-1,HR6-9,addItem> 1.2361012669704803E-4
<612,nurse4-2,HR4-4,addItem> 1.06017573027795E-4
<613,nurse4-2,HR4-3,addItem> 1.0529132163556809E-4
<614,nurse4-2,HR4-6,addItem> 1.0456507024334113E-4
<615,nurse4-2,HR4-5,addItem> 1.038388188511142E-4
<616,nurse4-2,HR4-8,addItem> 1.0311256745888724E-4
<617,nurse7-1,HR7-1,addItem> 1.1910407751152476E-4
<618,patient9-7,noteItem9-7,read> 0.0027763868131081113
<619,nurse7-1,HR7-0,addItem> 1.194650445351738E-4
<620,nurse4-2,HR4-9,addItem> 1.0166006467443337E-4
<621,nurse7-1,HR7-3,addItem> 1.1982601155882282E-4
<622,agent9-01,noteItem9-1,read> 7.924838299972652E-4
<623,doctor6-0,HRitem1-8-0,read> 2.3952580357480485E-4
<624,nurse7-1,HR7-2,addItem> 1.2018697858247184E-4
<625,doctor6-1,HR6-6,addItem> 1.1486633668226736E-4
<626,nurse7-1,HR7-5,addItem> 1.2054794560612085E-4
<627,agent8-11,noteItem8-5,read> 0.001019626420838608
<628,doctor3-0,HRitem9-9-0,read> 5.174017635729127E-4
<629,nurse8-0,nursingItem8-2,read> 7.355253456615979E-4
<630,nurse7-1,HR7-4,addItem> 1.2090891262976988E-4
<631,doctor6-1,HR6-4,addItem> 1.1861367526003049E-4
<632,nurse3-2,nursingItem3-1,read> 4.978796278647095E-4
<633,nurse7-1,HR7-7,addItem> 1.212698796534189E-4
<634,nurse9-0,nursingItem9-4,read> 6.61731895228723E-4
<635,nurse0-0,nursingItem0-4,read> 0.0013019592024921928
<636,nurse4-2,HR4-0,addItem> 1.0783320150836235E-4
<637,doctor6-1,HR6-3,addItem> 1.173645624007761E-4
<638,nurse7-1,HR7-6,addItem> 1.2163084667706792E-4
<639,nurse1-2,nursingItem1-3,read> 7.555739982888475E-4
<640,nurse8-2,nursingItem8-4,read> 0.0010911328858268878
<641,nurse5-0,nursingItem5-3,read> 7.10643378415909E-4
<642,nurse7-1,HR7-9,addItem> 1.2199181370071692E-4
<643,doctor9-1,HRitem7-8-1,read> 2.0880501261084068E-4
<644,doctor9-1,HRitem9-6-3,read> 6.645566957446415E-5
<645,nurse4-2,HR4-2,addItem> 1.0638069872390845E-4
<646,doctor6-1,HR6-1,addItem> 1.198627881192849E-4
<647,nurse8-1,nursingItem8-0,read> 7.452779501183121E-4
<648,nurse7-1,HR7-8,addItem> 1.2235278072436599E-4
<649,patient7-9,HR7-9,addNote> 0.0012349076793333443
<650,doctor2-0,HRitem2-3-1,read> 4.768789578910244E-4
<651,doctor1-0,HR9-5,addItem> 9.360542353975261E-4
<652,nurse4-2,HR4-1,addItem> 1.0710695011613541E-4
<653,doctor6-1,HR6-0,addItem> 1.011260952304692E-4
<654,nurse1-3,nursingItem1-2,read> 7.453063385230261E-4
<655,doctor9-1,HR8-3,addItem> 7.484588181327158E-5
<656,doctor9-1,HR8-2,addItem> 7.736917047749297E-5
<657,doctor6-0,HR6-7,addItem> 1.0933318482304943E-4
<658,nurse0-3,nursingItem0-2,read> 7.409750751851929E-4
<659,doctor9-1,HR8-7,addItem> 7.3444054777593E-5
<660,doctor9-1,HR8-5,addItem> 7.596734344181442E-5
<661,nurse0-0,nursingItem0-9,read> 0.001307295404608629
<662,nurse4-3,HR4-7,addItem> 1.0174439558975334E-4
<663,nurse9-1,nursingItem9-7,read> 0.0011300245608248506
<664,nurse2-0,nursingItem2-4,read> 5.106052457808271E-4
<665,nurse4-3,HR4-6,addItem> 1.0390948986563993E-4
<666,nurse4-3,HR4-5,addItem> 1.0318779177367774E-4
<667,nurse4-3,HR4-4,addItem> 1.053528860495643E-4
<668,nurse7-2,HR7-2,addItem> 1.197325854687385E-4
<669,nurse4-0,nursingItem4-1,read> 0.0012391147695216644
<670,nurse7-2,HR7-1,addItem> 1.1865377854172693E-4
<671,nurse7-2,HR7-0,addItem> 1.1901338085073082E-4
<672,nurse4-3,HR4-9,addItem> 1.0102269749779114E-4
<673,nurse4-3,HR4-8,addItem> 1.0246609368171552E-4
<674,nurse7-2,HR7-6,addItem> 1.2117099470475387E-4
<675,nurse7-2,HR7-5,addItem> 1.2009218777774233E-4
<676,nurse7-2,HR7-4,addItem> 1.2045179008674619E-4
<677,nurse7-2,HR7-3,addItem> 1.1937298315973465E-4
<678,doctor6-0,HR6-5,addItem> 1.1442091421859608E-4
<679,nurse4-3,HR4-3,addItem> 1.0463118795760213E-4
<680,doctor1-0,HRitem2-5-0,read> 7.117034215860691E-4
<681,nurse7-2,HR7-9,addItem> 1.215305970137577E-4
<682,nurse4-3,HR4-2,addItem> 1.057137350955454E-4
<683,agent6-11,noteItem6-7agent6-1,read> 0.0011317295975879797
<684,patient4-8,noteItem4-8agent4-0,read> 5.204465687990783E-4
<685,nurse7-2,HR7-8,addItem> 1.2189019932276157E-4
<686,nurse4-3,HR4-1,addItem> 1.064354331875076E-4
<687,doctor6-0,HR6-2,addItem> 1.2332444066080273E-4
<688,nurse7-2,HR7-7,addItem> 1.2081139239575003E-4
<689,nurse4-3,HR4-0,addItem> 1.0715713127946979E-4
<690,nurse1-3,nursingItem1-3,read> 7.503086742589601E-4
<691,nurse1-1,HR1-2,addItem> 1.551820054586877E-4
<692,nurse6-0,HR6-6,addItem> 3.3317029818239816E-5
<693,nurse5-3,HR5-1,addItem> 1.4299002586914354E-4
<694,nurse4-0,HR4-0,addItem> 1.0986141219504E-4
<695,nurse6-0,HR6-5,addItem> 3.2592418385853986E-5
<696,nurse5-3,HR5-0,addItem> 1.4262145529446205E-4
<697,nurse5-3,HR5-3,addItem> 1.3709289667423953E-4
<698,nurse6-0,HR6-8,addItem> 3.186780695346817E-5
<699,nurse5-3,HR5-2,addItem> 1.3746146724892105E-4
<700,nurse6-0,HR6-7,addItem> 3.114319552108234E-5
<701,nurse6-0,HR6-2,addItem> 3.5128558399204364E-5
<702,nurse6-0,HR6-1,addItem> 3.4766252683011456E-5
<703,nurse6-0,HR6-4,addItem> 3.440394696681855E-5
<704,nurse5-3,nursingItem5-8,read> 0.0012721218711822546
<705,doctor8-1,HRitem8-5-2,read> 4.851913282873091E-4
<706,patient1-9,HR1-9,addNote> 0.001472419204393142
<707,nurse6-0,HR6-3,addItem> 3.404164125062563E-5
<708,doctor0-1,HRitem1-9-2,read> 7.075472363879267E-4
<709,nurse5-3,HR5-9,addItem> 1.3783003782360254E-4
<710,nurse4-0,HR4-7,addItem> 1.043120774973812E-4
<711,nurse5-3,HR5-8,addItem> 1.3856717897296552E-4
<712,nurse4-0,HR4-8,addItem> 1.0505198879040236E-4
<713,doctor6-0,HRitem6-7-1,read> 1.713993458275593E-4
<714,nurse6-0,HR6-0,addItem> 2.933166694011779E-5
<715,doctor8-0,HR2-9,addItem> 3.5770387031183764E-4
<716,nurse4-0,HR4-5,addItem> 1.0579190008342357E-4
<717,nurse8-0,nursingItem8-4,read> 7.332758893639391E-4
<718,nurse4-0,HR4-6,addItem> 1.0653181137644474E-4
<719,patient9-4,HR9-4,addNote> 0.0013262582658948047
<720,nurse4-0,nursingItem4-4,read> 0.0012462673771744862
<721,nurse5-3,HR5-5,addItem> 1.3635575552487655E-4
<722,nurse2-2,nursingItem2-0,read> 8.708389520192899E-4
<723,nurse4-0,HR4-3,addItem> 1.0727172266946592E-4
<724,nurse5-2,nursingItem5-7,read> 7.301807038139244E-4
<725,nurse5-3,HR5-4,addItem> 1.3672432609955804E-4
<726,nurse4-0,HR4-4,addItem> 1.0801163396248707E-4
<727,nurse5-3,HR5-7,addItem> 1.3930432012232853E-4
<728,agent3-1,noteItem3-5,read> 0.002080527118154267
<729,nurse5-2,nursingItem5-2,read> 7.230216516843221E-4
<730,nurse4-0,HR4-1,addItem> 1.0912150090201884E-4
<731,nurse5-3,HR5-6,addItem> 1.4004146127169153E-4
<732,agent2-01,HR2-5,addNote> 0.0010715887923574917
<733,nurse4-0,HR4-2,addItem> 1.0838158960899766E-4
<734,doctor1-0,HRitem9-2-3,read> 4.8311323568823804E-4
<735,patient9-0,HR9-0,addNote> 0.0012970260781951374
<736,doctor3-0,HR9-9,addItem> 3.876168182797849E-4
<737,nurse4-0,HR4-9,addItem> 1.0357216620436003E-4
<738,nurse9-1,nursingItem9-3,read> 6.343059244223032E-4
<739,doctor3-0,HR9-7,addItem> 3.8429399283435755E-4
<740,doctor3-0,HR9-6,addItem> 3.8207877587073923E-4
<741,nurse8-2,nursingItem8-7,read> 5.966316013605017E-4
<742,nurse6-0,HR6-9,addItem> 3.5853169831590194E-5
<743,doctor3-0,HR9-3,addItem> 3.998005115796852E-4
<744,doctor2-0,HR1-2,addItem> 2.8387357451074754E-4
<745,doctor3-0,HR9-4,addItem> 4.0201572854330346E-4
<746,doctor3-0,HR9-1,addItem> 3.953700776524487E-4
<747,nurse6-1,HR6-9,addItem> 3.605746139758215E-5
<748,nurse6-1,HR6-8,addItem> 3.204938989907197E-5
<749,patient5-4,HR5-4,addNote> 0.0013554904535944723
<750,nurse5-2,nursingItem5-6,read> 7.312034255467251E-4
<751,nurse8-1,nursingItem8-8,read> 7.283130394611769E-4
<752,nurse4-1,HR4-0,addItem> 1.0918534196614745E-4
<753,nurse6-1,HR6-7,addItem> 3.1320649626615574E-5
<754,nurse4-1,HR4-1,addItem> 1.0844998397339103E-4
<755,nurse6-1,HR6-6,addItem> 3.350687044398477E-5
<756,doctor6-1,HRitem6-3-2,read> 4.966208375822008E-4
<757,doctor2-0,HR3-6,addItem> 2.654192750591913E-4
<758,nurse6-1,HR6-5,addItem> 3.2778130171528366E-5
<759,nurse3-1,nursingItem3-6,read> 4.967724515022854E-4
<760,nurse0-1,nursingItem0-2,read> 0.0013014189555549483
<761,nurse6-1,HR6-4,addItem> 3.459998085266936E-5
<762,nurse7-2,nursingItem7-7,read> 1.4949272322480528E-4
<763,nurse6-1,HR6-3,addItem> 3.4235610716441164E-5
<764,nurse6-1,HR6-2,addItem> 3.532872112512576E-5
<765,patient2-7,HR2-7,addNote> 0.0015016513920928093
<766,patient1-2,noteItem1-2,read> 0.0014222682532727586
<767,agent3-11,noteItem3-5,read> 0.002055410090570916
<768,nurse3-3,nursingItem3-3,read> 5.016674705867885E-4
<769,nurse4-1,HR4-6,addItem> 1.0587623099874352E-4
<770,doctor5-1,HRitem5-9-3,read> 1.0593942895681678E-4
<771,nurse6-1,HR6-1,addItem> 3.496435098889756E-5
<772,nurse6-1,HR6-0,addItem> 2.9498798945474585E-5
<773,nurse4-1,HR4-7,addItem> 1.0367015702047423E-4
<774,nurse4-1,HR4-8,addItem> 1.0440551501323063E-4
<775,nurse4-1,HR4-9,addItem> 1.0293479902771778E-4
<776,nurse4-1,HR4-2,addItem> 1.0771462598063459E-4
<777,agent5-1,noteItem5-0agent5-1,read> 2.066746665732006E-4
<778,agent4-01,HR4-8,addNote> 6.506154751112357E-4
<779,nurse4-1,HR4-3,addItem> 1.0661158899149997E-4
<780,nurse4-1,HR4-4,addItem> 1.0734694698425636E-4
<781,nurse4-1,HR4-5,addItem> 1.051408730059871E-4
<782,agent9-1,noteItem9-3agent9-1,read> 0.0016014796606828078
<783,doctor6-1,HRitem7-2-1,read> 6.192283009274009E-4
<784,nurse6-2,HR6-4,addItem> 3.4796014738520175E-5
<785,nurse6-2,HR6-3,addItem> 3.442958018225669E-5
<786,doctor1-1,HRitem2-8-3,read> 4.5194184670217016E-4
<787,patient0-8,noteItem0-8,read> 0.0016657052977375412
<788,nurse6-2,HR6-6,addItem> 3.369671106972972E-5
<789,nurse6-2,HR6-5,addItem> 3.2963841957202745E-5
<790,nurse2-1,nursingItem2-0,read> 5.031576230111968E-4
<791,nurse6-2,HR6-8,addItem> 3.223097284467578E-5
<792,nurse6-2,HR6-7,addItem> 3.14981037321488E-5
<793,nurse5-1,HR5-1,addItem> 1.413511717044542E-4
<794,nurse6-2,HR6-9,addItem> 3.6261752963574124E-5
<795,nurse5-1,HR5-0,addItem> 1.409868254343536E-4
<796,nurse5-1,HR5-3,addItem> 1.3552163138284425E-4
<797,nurse5-1,HR5-2,addItem> 1.358859776529449E-4
<798,nurse5-1,HR5-5,addItem> 1.34792938842643E-4
<799,nurse5-1,HR5-7,addItem> 1.3770770900344798E-4
<800,patient3-0,noteItem3-0,read> 0.004160935003501561
<801,nurse6-2,HR6-0,addItem> 2.9665930950831382E-5
<802,nurse5-1,HR5-6,addItem> 1.3843640154364922E-4
<803,nurse5-1,HR5-9,addItem> 1.362503239230455E-4
<804,nurse6-2,HR6-2,addItem> 3.552888385104714E-5
<805,agent1-01,noteItem1-7agent1-0,read> 6.854388800468481E-4
<806,nurse5-1,HR5-8,addItem> 1.3697901646324675E-4
<807,doctor8-0,HR8-9,addItem> 1.634048184341291E-4
<808,nurse6-2,HR6-1,addItem> 3.516244929478367E-5
<809,doctor8-0,HRitem8-5-0,read> 3.5076637842319206E-4
<810,nurse6-3,HR6-7,addItem> 3.167555783768204E-5
<811,nurse6-3,HR6-6,addItem> 3.388655169547468E-5
<812,nurse1-3,HR1-9,addItem> 1.444542076599124E-4
<813,nurse6-3,HR6-5,addItem> 3.314955374287713E-5
<814,nurse6-3,HR6-4,addItem> 3.4992048624370995E-5
<815,nurse5-2,HR5-2,addItem> 1.3667372245093298E-4
<816,nurse5-2,HR5-1,addItem> 1.4217059878679887E-4
<817,nurse5-2,HR5-0,addItem> 1.4180414036440783E-4
<818,doctor8-0,HR8-8,addItem> 1.6216199934288554E-4
<819,nurse6-3,HR6-8,addItem> 3.2412555790279584E-5
<820,nurse5-2,HR5-6,addItem> 1.3923893140767036E-4
<821,patient8-6,noteItem8-6,read> 0.0020080386415161416
<822,patient4-2,HR4-2,addNote> 0.0010704766235227151
<823,doctor6-0,HR1-2,addItem> 2.8808691142370854E-4
<824,nurse5-2,HR5-5,addItem> 1.3557434718375978E-4
<825,nurse5-2,HR5-4,addItem> 1.3594080560615083E-4
<826,nurse5-2,HR5-3,addItem> 1.3630726402854188E-4
<827,nurse6-3,HR6-3,addItem> 3.4623549648072225E-5
<828,nurse1-1,nursingItem1-3,read> 7.661046463486225E-4
<829,nurse9-0,nursingItem9-1,read> 0.001143941530014588
<830,nurse5-2,HR5-9,addItem> 1.3704018087332402E-4
<831,nurse6-3,HR6-2,addItem> 3.572904657696854E-5
<832,nurse5-2,HR5-8,addItem> 1.3777309771810612E-4
<833,nurse6-3,HR6-1,addItem> 3.536054760066977E-5
<834,nurse5-0,nursingItem5-4,read> 0.0012436145299599194
<835,nurse5-2,HR5-7,addItem> 1.3850601456288824E-4
<836,nurse6-3,HR6-0,addItem> 2.983306295618818E-5
<837,doctor9-0,HRitem3-2-2,read> 1.1529084565263712E-4
<838,doctor2-1,HR4-5,addItem> 1.5213496598670561E-4
<839,doctor2-1,HR4-0,addItem> 1.5798716342521504E-4
<840,doctor2-1,HR4-6,addItem> 1.531990018846164E-4
<841,doctor2-1,HR4-7,addItem> 1.5000689419088402E-4
<842,doctor2-1,HR4-9,addItem> 1.4894285829297318E-4
<843,patient0-0,HR0-0,addNote> 0.0010339363888981312
<844,agent5-11,HR5-0,addNote> 8.92971269791525E-4
<845,patient7-7,HR7-7,addNote> 0.0012275996324084277
<846,nurse1-3,HR1-1,addItem> 1.537747976278356E-4
<847,agent5-0,noteItem5-4agent5-0,read> 2.4658870943888254E-4
<848,patient1-0,noteItem1-0,read> 0.001779816412330408
<849,nurse4-2,nursingItem4-4,read> 7.06311983423957E-4
<850,agent9-1,HR9-3,addNote> 0.001234632927812899
<851,patient0-5,noteItem0-5,read> 0.0017037423359351634
<852,agent8-0,HR8-0,addNote> 6.623249597432716E-4
<853,nurse1-3,nursingItem1-9,read> 7.232960612849168E-4
<854,agent8-11,noteItem8-5agent8-1,read> 0.0019215977394080395
<855,nurse4-1,nursingItem4-8,read> 7.36717251012181E-4
<856,nurse4-1,nursingItem4-3,read> 7.202992007313686E-4
<857,agent0-0,noteItem0-8agent0-0,read> 0.0023268887915879853
<858,patient7-1,noteItem7-1,read> 0.0016504904824584923
<859,nurse4-1,nursingItem4-4,read> 7.151685600186148E-4
<860,nurse4-1,nursingItem4-5,read> 0.0012454026852343108
<861,nurse0-3,nursingItem0-3,read> 0.0012900548903474803
<862,nurse4-1,nursingItem4-6,read> 7.387695072972825E-4
<863,nurse1-0,HR1-5,addItem> 1.6057645937354599E-4
<864,nurse4-1,nursingItem4-2,read> 7.192730725888181E-4
<865,nurse7-0,nursingItem7-7,read> 2.6319074196715623E-4
<866,patient1-8,HR1-8,addNote> 0.0014833812747805173
<867,doctor4-0,HRitem3-1-2,read> 1.6595290167156216E-5
<868,patient6-3,HR6-3,addNote> 3.433259544934893E-4
<869,agent8-11,HR8-5,addNote> 6.174831262497487E-4
<870,nurse4-0,nursingItem4-8,read> 7.412789677367146E-4
<871,nurse4-0,nursingItem4-9,read> 7.40246485859535E-4
<872,nurse1-3,nursingItem1-5,read> 7.393035356399053E-4
<873,nurse4-0,nursingItem4-6,read> 7.433439314910738E-4
<874,nurse8-2,nursingItem8-6,read> 0.0010844383912247673
<875,patient5-6,HR5-6,addNote> 0.001388376664756598
<876,patient7-6,HR7-6,addNote> 0.001231253655870886
<877,nurse4-0,nursingItem4-5,read> 7.216618120703029E-4
<878,nurse4-0,nursingItem4-2,read> 7.237267758246621E-4
<879,nurse4-0,nursingItem4-3,read> 7.247592577018415E-4
<880,nurse4-0,nursingItem4-0,read> 7.134019570528663E-4
<881,doctor2-0,HRitem1-4-0,read> 2.4438157881873736E-4
<882,nurse4-3,nursingItem4-5,read> 7.03897829003957E-4
<883,doctor5-0,HRitem5-4-3,read> 1.641260217308101E-4
<884,patient8-3,noteItem8-3,read> 0.0020841127179113857
<885,nurse4-3,nursingItem4-6,read> 0.001269097174403047
<886,nurse4-3,nursingItem4-7,read> 7.240391677772446E-4
<887,nurse4-3,nursingItem4-8,read> 7.230321008385802E-4
<888,doctor2-0,HR1-1,addItem> 2.872214692469922E-4
<889,doctor4-0,HRitem3-9-2,read> 3.37339659415556E-4
<890,nurse4-3,nursingItem4-1,read> 6.978554273719706E-4
<891,nurse4-3,nursingItem4-2,read> 0.0012356051718839319
<892,doctor2-1,HR2-2,addItem> 4.925621169646652E-4
<893,doctor2-0,HR1-8,addItem> 2.718211534602667E-4
<894,patient6-5,HR6-5,addNote> 3.2870986064365557E-4
<895,doctor2-0,HR1-9,addItem> 2.6981241661851987E-4
<896,doctor2-0,HRitem1-8-0,read> 2.3602268396127936E-4
<897,nurse9-3,nursingItem9-2,read> 6.37239990994859E-4
<898,nurse9-3,nursingItem9-1,read> 6.34238664419885E-4
<899,nurse9-3,nursingItem9-4,read> 0.0011080336443257447
<900,nurse9-3,nursingItem9-6,read> 6.432426441448074E-4
<901,nurse9-3,nursingItem9-5,read> 6.422422019531494E-4
<902,patient7-4,noteItem7-4,read> 0.0013538015845170385
<903,nurse5-1,nursingItem5-6,read> 7.269889965810379E-4
<904,patient3-7,HR3-7,addNote> 0.0014029927586064314
<905,nurse9-3,nursingItem9-8,read> 6.412417597614913E-4
<906,agent9-01,HR9-1,addNote> 4.96112801161735E-4
<907,patient5-1,HR5-1,addNote> 0.0014176088524562654
<908,nurse4-2,nursingItem4-6,read> 7.296206589097001E-4
<909,patient4-0,HR4-0,addNote> 0.001085092717372549
<910,nurse4-2,nursingItem4-7,read> 7.28607238236407E-4
<911,doctor1-1,HRitem1-4-0,read> 1.4554079183824622E-4
<912,nurse4-2,nursingItem4-8,read> 0.0012701334171781999
<913,doctor0-0,HR0-5,addItem> 3.6658561479492856E-4
<914,doctor1-1,HRitem1-8-0,read> 1.4056267449270998E-4
<915,nurse4-2,nursingItem4-3,read> 7.113790867904229E-4
<916,nurse4-2,nursingItem4-0,read> 0.0012223679680265854
<917,nurse3-0,nursingItem3-2,read> 4.8790892501423985E-4
<918,nurse3-0,nursingItem3-3,read> 4.8390933003504376E-4
<919,agent9-01,noteItem9-1agent9-0,read> 0.0011809141053069864
<920,agent1-0,noteItem1-7agent1-0,read> 5.955115410423511E-4
<921,nurse3-0,nursingItem3-4,read> 4.8290943129024463E-4
<922,nurse3-0,nursingItem3-6,read> 4.8490922877984273E-4
<923,nurse1-0,nursingItem1-0,read> 7.672232973342487E-4
<924,nurse3-0,nursingItem3-7,read> 8.970224983023458E-4
<925,nurse3-0,nursingItem3-9,read> 9.022892046448206E-4
<926,nurse3-0,nursingItem3-0,read> 4.869090262694409E-4
<927,nurse3-0,nursingItem3-1,read> 4.88908823759039E-4
<928,patient2-4,noteItem2-4,read> 0.001597238628981821
<929,patient4-1,HR4-1,addNote> 0.0010777846704476321
<930,nurse3-1,nursingItem3-2,read> 8.68581026129653E-4
<931,nurse3-1,nursingItem3-1,read> 5.008698958999329E-4
<932,nurse9-1,nursingItem9-8,read> 6.474373323195733E-4
<933,nurse9-1,nursingItem9-4,read> 6.373362493216732E-4
<934,nurse9-1,nursingItem9-6,read> 6.494575489191533E-4
<935,nurse8-3,nursingItem8-0,read> 0.0010945903239554652
<936,nurse3-1,nursingItem3-9,read> 5.264789233852299E-4
<937,nurse9-1,nursingItem9-0,read> 6.716799315145337E-4
<938,nurse3-1,nursingItem3-8,read> 5.254545622858179E-4
<939,nurse9-1,nursingItem9-1,read> 6.403665742210432E-4
<940,nurse8-0,nursingItem8-1,read> 7.388995301080863E-4
<941,nurse3-1,nursingItem3-7,read> 5.234058400869942E-4
<942,patient6-7,HR6-7,addNote> 3.140937667938219E-4
<943,patient7-2,HR7-2,addNote> 0.001216637562021052
<944,doctor2-0,HRitem3-7-1,read> 4.371911774383983E-4
<945,nurse3-2,nursingItem3-0,read> 4.958431368431921E-4
<946,nurse3-2,nursingItem3-3,read> 4.927884003109161E-4
<947,nurse9-2,nursingItem9-8,read> 0.0011379859117187482
<948,nurse3-2,nursingItem3-2,read> 4.968613823539507E-4
<949,nurse9-2,nursingItem9-6,read> 0.001141536800606644
<950,nurse9-2,nursingItem9-4,read> 6.434351607984357E-4
<951,nurse9-2,nursingItem9-5,read> 6.546526792855774E-4
<952,nurse9-2,nursingItem9-2,read> 6.495538072459674E-4
<953,nurse3-2,nursingItem3-8,read> 5.223175201229176E-4
<954,nurse9-2,nursingItem9-1,read> 6.464944840222016E-4
<955,nurse3-2,nursingItem3-5,read> 4.948248913324335E-4
<956,nurse3-2,nursingItem3-4,read> 8.567272959491599E-4
<957,nurse5-1,nursingItem5-2,read> 0.0012530816091354908
<958,nurse3-2,nursingItem3-7,read> 5.202810291014002E-4
<959,nurse3-2,nursingItem3-6,read> 4.938066458216747E-4
<960,doctor5-1,HR5-1,addItem> 2.927109320257474E-4
<961,nurse0-3,nursingItem0-6,read> 7.460574992504816E-4
<962,doctor2-0,HR2-9,addItem> 3.4991358638490107E-4
<963,patient9-8,HR9-8,addNote> 0.001275101937420387
<964,nurse3-3,nursingItem3-0,read> 8.727570687100495E-4
<965,nurse2-0,nursingItem2-7,read> 5.116368583659556E-4
<966,doctor5-1,HR4-9,addItem> 1.1150066101414812E-4
<967,nurse3-3,nursingItem3-4,read> 5.006308783100701E-4
<968,nurse3-3,nursingItem3-2,read> 5.058138396936615E-4
<969,nurse3-3,nursingItem3-1,read> 8.763415933355378E-4
<970,doctor5-0,HR5-9,addItem> 2.932946531809544E-4
<971,nurse3-3,nursingItem3-7,read> 5.296554620581822E-4
<972,agent0-1,HR0-0,addNote> 6.661426435163224E-4
<973,patient6-9,HR6-9,addNote> 3.615960718057813E-4
<974,nurse3-3,nursingItem3-6,read> 8.69172544084561E-4
<975,nurse3-3,nursingItem3-9,read> 5.327652388883371E-4
<976,patient4-4,HR4-4,addNote> 0.0010668226000602567
<977,patient7-4,HR7-4,addNote> 0.001223945608945969
<978,nurse9-0,nursingItem9-2,read> 6.680245316226301E-4
<979,doctor2-0,HR2-1,addItem> 3.524494473028388E-4
<980,nurse9-0,nursingItem9-3,read> 0.0011331148734045257
<981,nurse9-0,nursingItem9-8,read> 6.722196225519016E-4
<982,nurse9-0,nursingItem9-9,read> 6.785122589458088E-4
<983,agent2-1,HR2-0,addNote> 9.047071600882472E-4
<984,nurse9-0,nursingItem9-0,read> 0.0011998792558332444
<985,nurse2-0,nursingItem2-9,read> 8.935668404679117E-4
<986,doctor3-1,HR6-9,addItem> 1.2950712356699895E-4
<987,doctor3-1,HR6-6,addItem> 1.2034619861573332E-4
<988,doctor3-1,HR6-8,addItem> 1.1511138435786725E-4
<989,doctor7-1,HR7-9,addItem> 1.9489922260035536E-4
<990,doctor7-1,HR7-2,addItem> 1.920157425470891E-4
<991,doctor7-1,HR7-0,addItem> 1.908623505257826E-4
<992,doctor7-1,HR7-1,addItem> 1.9028565451512935E-4
<993,doctor7-1,HR7-6,addItem> 1.9432252658970216E-4
<994,doctor7-1,HR7-7,addItem> 1.9374583057904887E-4
<995,patient3-2,HR3-2,addNote> 0.0013774145943692227
<996,agent8-01,noteItem8-0agent8-0,read> 0.0019857156548903944
<997,doctor7-1,HR7-5,addItem> 1.9259243855774237E-4
<998,patient1-5,HR1-5,addNote> 0.0015601157674921442
<999,doctor7-1,HR8-0,addItem> 1.8316379993603714E-4
<1000,doctor3-1,HR6-1,addItem> 1.255810128735994E-4
<1001,doctor6-0,HRitem1-2-1,read> 2.455850607799858E-4
<1002,nurse1-1,HR1-1,addItem> 1.570121617884216E-4
<1003,doctor3-1,HR6-3,addItem> 1.2296360574466636E-4
<1004,doctor3-1,HR6-4,addItem> 1.2427230930913286E-4
<1005,doctor3-1,HR6-0,addItem> 1.0595045940660167E-4
<1006,agent5-01,noteItem5-4agent5-0,read> 2.082593287597775E-4
<1007,patient2-8,noteItem2-8,read> 0.0015211645525865763
<1008,patient9-7,HR9-7,addNote> 0.0012677938904954702
<1009,patient3-3,HR3-3,addNote> 0.001370106547444306
<1010,doctor6-1,HR8-2,addItem> 2.0771526064154524E-4
<1011,agent1-0,HR1-7,addNote> 7.831469973981649E-4
<1012,doctor6-1,HR8-3,addItem> 2.009409142277488E-4
<1013,patient2-3,HR2-3,addNote> 0.0015345376032549353
<1014,nurse0-2,nursingItem0-9,read> 7.422385537459757E-4
<1015,doctor6-1,HR8-5,addItem> 2.039517348561028E-4
<1016,nurse5-2,nursingItem5-1,read> 7.209762082187214E-4
<1017,doctor6-0,HRitem5-0-0,read> 1.869850403205932E-4
<1018,doctor7-0,HR7-7,addItem> 1.911408446216835E-4
<1019,patient3-5,HR3-5,addNote> 0.0014103008055313484
<1020,doctor7-0,HR7-4,addItem> 1.9057190250697183E-4
<1021,doctor0-1,HR0-8,addItem> 3.7627048361856983E-4
<1022,doctor7-0,HR7-5,addItem> 1.900029603922601E-4
<1023,doctor7-0,HR7-6,addItem> 1.9170978673639522E-4
<1024,patient9-5,HR9-5,addNote> 0.0013372203362821803
<1025,nurse0-2,nursingItem0-1,read> 0.0013205770275451182
<1026,doctor7-0,HR7-0,addItem> 1.8829613404812505E-4
<1027,doctor7-0,HR7-1,addItem> 1.8772719193341334E-4
<1028,doctor7-0,HR7-2,addItem> 1.894340182775484E-4
<1029,doctor6-1,HR8-7,addItem> 1.9717738844230633E-4
<1030,doctor5-1,HRitem4-5-0,read> 2.0051835067177174E-4
<1031,doctor8-1,HR8-1,addItem> 1.7335291610708919E-4
<1032,nurse1-0,HR1-6,addItem> 1.507980158633388E-4
<1033,agent7-0,HR7-2,addNote> 0.0010897049029912967
<1034,doctor8-1,HR8-0,addItem> 1.702345905287875E-4
<1035,doctor8-1,HR8-3,addItem> 2.0389050562925703E-4
<1036,doctor8-1,HR8-2,addItem> 2.1076429199041191E-4
<1037,doctor8-1,HR8-5,addItem> 2.069455217897703E-4
<1038,doctor8-1,HR8-4,addItem> 1.6524526960350473E-4
<1039,doctor2-1,HRitem4-5-2,read> 2.21739166264505E-4
<1040,doctor8-1,HR8-7,addItem> 2.000717354286154E-4
<1041,doctor8-1,HR8-6,addItem> 1.677399300661461E-4
<1042,doctor3-1,HRitem6-4-3,read> 2.5244495719133574E-4
<1043,doctor8-1,HR8-8,addItem> 1.6275060914086332E-4
<1044,doctor8-1,HR8-9,addItem> 1.6399793937218402E-4
<1045,doctor8-0,HR8-2,addItem> 2.1000203415319523E-4
<1046,doctor8-0,HR8-1,addItem> 1.7272596161845594E-4
<1047,doctor6-0,HRitem6-2-0,read> 4.5298089300170575E-4
<1048,doctor8-0,HR8-0,addItem> 1.6961891389034704E-4
<1049,doctor8-0,HR8-6,addItem> 1.6713327570785984E-4
<1050,doctor8-0,HR8-5,addItem> 2.0619707505635344E-4
<1051,doctor8-0,HR8-4,addItem> 1.6464763752537271E-4
<1052,doctor8-0,HR8-3,addItem> 2.0315310777887995E-4
<1053,doctor8-0,HR8-7,addItem> 1.9934814868203813E-4
<1054,doctor6-1,HRitem7-5-2,read> 8.515850296610485E-5
<1055,patient9-3,HR9-3,addNote> 0.0013189502189698882
<1056,doctor9-1,HRitem8-7-2,read> 1.2755125895949707E-4
<1057,doctor0-0,HRitem3-6-2,read> 1.6023013927749934E-4
<1058,patient3-0,HR3-0,addNote> 0.0013920306882190567
<1059,agent1-11,noteItem1-9,read> 8.377552366256038E-4
<1060,nurse0-1,nursingItem0-6,read> 7.557152015061513E-4
<1061,doctor9-1,HRitem8-3-1,read> 1.4534992225394573E-5
<1062,patient8-9,noteItem8-9,read> 0.0020536830873532884
<1063,patient3-1,HR3-1,addNote> 0.0013847226412941397
<1064,doctor9-0,HR9-1,addItem> 1.4244440407513528E-4
<1065,doctor9-0,HR9-3,addItem> 1.44040606105159E-4
<1066,doctor9-0,HR9-4,addItem> 1.4483870712017082E-4
<1067,doctor9-0,HR9-6,addItem> 1.376557979850642E-4
<1068,nurse7-0,nursingItem7-1,read> 1.6175064647670526E-4
<1069,nurse7-0,nursingItem7-6,read> 1.5669462210129377E-4
<1070,doctor9-0,HR9-7,addItem> 1.3845389900007607E-4
<1071,nurse7-0,nursingItem7-9,read> 1.5264980260096457E-4
<1072,nurse7-0,nursingItem7-8,read> 1.4860498310063545E-4
<1073,doctor9-0,HR9-9,addItem> 1.3965105052259383E-4
<1074,nurse7-0,nursingItem7-3,read> 2.7202511652269705E-4
<1075,nurse7-0,nursingItem7-2,read> 1.6276185135178753E-4
<1076,nurse7-0,nursingItem7-5,read> 2.7732574125602166E-4
<1077,nurse7-0,nursingItem7-4,read> 1.5467221235112918E-4
<1078,doctor7-1,HRitem8-1-2,read> 2.4253669267501085E-5
<1079,nurse5-3,nursingItem5-5,read> 7.364464708949693E-4
<1080,nurse5-3,nursingItem5-6,read> 0.001275690444019421
<1081,nurse5-3,nursingItem5-7,read> 7.343892381298549E-4
<1082,nurse5-3,nursingItem5-2,read> 7.271889234519552E-4
<1083,nurse5-3,nursingItem5-4,read> 7.241030743042837E-4
<1084,patient2-2,noteItem2-2,read> 0.001627668259539919
<1085,patient1-7,HR1-7,addNote> 0.0014614571340057663
<1086,agent2-01,noteItem2-5,read> 8.802975438222884E-4
<1087,doctor0-0,HR3-1,addItem> 1.6659944278070115E-4
<1088,doctor5-1,HRitem5-0-2,read> 1.3191558644520666E-4
<1089,doctor3-1,HRitem6-9-2,read> 4.6544944859613284E-4
<1090,doctor0-0,HR3-7,addItem> 1.687975662698363E-4
<1091,doctor0-0,HR3-6,addItem> 1.6791831687418228E-4
<1092,doctor0-0,HR3-4,addItem> 1.6923719096766335E-4
<1093,doctor0-0,HR3-9,addItem> 1.714353144567985E-4
<1094,patient1-6,HR1-6,addNote> 0.001465111157468225
<1095,patient5-5,HR5-5,addNote> 0.0013518364301320137
<1096,patient1-1,HR1-1,addNote> 0.001567423814417061
<1097,patient3-6,HR3-6,addNote> 0.001395684711681515
<1098,patient1-0,HR1-0,addNote> 0.0015637697909546026
<1099,doctor3-1,HRitem3-0-3,read> 7.730071532586691E-4
<1100,doctor6-0,HR1-4,addItem> 2.894459455021693E-4
<1101,doctor6-0,HR1-8,addItem> 2.758556047175619E-4
<1102,doctor6-0,HR1-9,addItem> 2.7381705359987084E-4
<1103,doctor6-0,HR1-1,addItem> 2.914844966198604E-4
<1104,doctor9-1,HR9-7,addItem> 1.3710312925373385E-4
<1105,doctor9-1,HR9-6,addItem> 1.36312814590088E-4
<1106,doctor6-0,HR5-9,addItem> 3.810740505700287E-4
<1107,agent6-01,noteItem6-6agent6-0,read> 1.5584884758453515E-4
<1108,doctor9-1,HR9-4,addItem> 1.4342564656290088E-4
<1109,patient3-8,HR3-8,addNote> 0.0014212628759187242
<1110,patient4-8,noteItem4-8,read> 0.00410768315002489
<1111,doctor9-1,HR9-3,addItem> 1.42635331899255E-4
<1112,doctor9-1,HR9-1,addItem> 1.4105470257196325E-4
<1113,doctor6-0,HR5-1,addItem> 3.953404439952687E-4
<1114,doctor6-0,HR5-3,addItem> 3.7903599436642287E-4
<1115,doctor5-0,HR5-0,addItem> 3.0349052301855415E-4
<1116,doctor6-0,HR5-7,addItem> 3.851501629772401E-4
<1117,doctor9-1,HR9-9,addItem> 1.3828860124920266E-4
<1118,nurse8-2,nursingItem8-1,read> 6.030572766620316E-4
<1119,nurse8-2,nursingItem8-3,read> 6.01221369433023E-4
<1120,patient4-6,HR4-6,addNote> 0.0010522065062104232
<1121,nurse8-2,nursingItem8-2,read> 6.003034158185187E-4
<1122,agent3-0,HR3-8,addNote> 9.090692386989124E-4
<1123,patient2-0,HR2-0,addNote> 0.0015199215094051012
<1124,nurse8-2,nursingItem8-9,read> 5.920418332879804E-4
<1125,nurse8-2,nursingItem8-5,read> 0.001092806509477418
<1126,patient8-1,HR8-1,addNote> 0.0010156662715858388
<1127,nurse8-3,nursingItem8-4,read> 5.902973036940902E-4
<1128,patient4-5,HR4-5,addNote> 0.0010448984592855064
<1129,nurse8-3,nursingItem8-3,read> 5.930135691677257E-4
<1130,nurse8-3,nursingItem8-1,read> 0.0010912681402343233
<1131,doctor6-1,HRitem7-1-2,read> 1.3399367904427784E-4
<1132,nurse2-1,nursingItem2-1,read> 5.021327750987579E-4
<1133,nurse8-3,nursingItem8-9,read> 0.0010713350379074706
<1134,nurse8-3,nursingItem8-8,read> 0.0010696739460468996
<1135,agent6-11,HR6-7,addNote> 1.7609758780897606E-4
<1136,nurse8-3,nursingItem8-7,read> 5.88486460045E-4
<1137,nurse8-3,nursingItem8-6,read> 5.866756163959096E-4
<1138,nurse8-3,nursingItem8-5,read> 5.912027255186354E-4
<1139,doctor7-0,HRitem7-6-2,read> 1.795489073969463E-4
<1140,patient7-0,HR7-0,addNote> 0.0012093295150961353
<1141,nurse8-0,nursingItem8-0,read> 7.411489864057451E-4
<1142,nurse8-0,nursingItem8-7,read> 7.310264330662802E-4
<1143,nurse8-0,nursingItem8-6,read> 7.287769767686212E-4
<1144,nurse8-0,nursingItem8-8,read> 7.242780641733032E-4
<1145,patient8-3,HR8-3,addNote> 9.754720134987963E-4
<1146,doctor7-1,HRitem7-6-2,read> 1.81995911245627E-4
<1147,nurse8-1,nursingItem8-2,read> 7.396229798992671E-4
<1148,nurse8-1,nursingItem8-6,read> 7.328370156364131E-4
<1149,nurse8-1,nursingItem8-5,read> 7.384919858554582E-4
<1150,nurse8-1,nursingItem8-3,read> 7.407539739430761E-4
<1151,nurse5-0,nursingItem5-0,read> 7.156980405823431E-4
<1152,doctor3-1,HR7-7,addItem> 1.859308727069528E-4
<1153,nurse5-0,nursingItem5-6,read> 7.227745676153507E-4
<1154,nurse5-0,nursingItem5-9,read> 7.197417703154901E-4
<1155,nurse5-0,nursingItem5-2,read> 7.146871081490562E-4
<1156,nurse7-3,nursingItem7-9,read> 1.5954922870722285E-4
<1157,nurse7-3,nursingItem7-5,read> 1.658906830085864E-4
<1158,nurse7-3,nursingItem7-6,read> 1.637768649081319E-4
<1159,nurse7-3,nursingItem7-7,read> 1.5743541060676835E-4
<1160,doctor0-1,HR1-2,addItem> 1.774868174584822E-4
<1161,nurse7-3,nursingItem7-8,read> 2.6637360155061827E-4
<1162,nurse7-3,nursingItem7-1,read> 1.6906141015926818E-4
<1163,nurse7-3,nursingItem7-2,read> 1.7011831920949542E-4
<1164,nurse7-3,nursingItem7-3,read> 1.627199558579046E-4
<1165,nurse7-3,nursingItem7-4,read> 1.6166304680767735E-4
<1166,patient8-5,HR8-5,addNote> 9.9008810734863E-4
<1167,nurse7-3,nursingItem7-0,read> 1.6800450110904093E-4
<1168,agent7-01,noteItem7-2,read> 5.130579319143397E-4
<1169,doctor9-1,HRitem9-4-1,read> 6.306578102222926E-4
<1170,doctor4-1,HR4-1,addItem> 3.7651822148315685E-4
<1171,nurse7-2,nursingItem7-6,read> 2.7261161763266563E-4
<1172,nurse7-2,nursingItem7-4,read> 2.690931025354975E-4
<1173,doctor0-1,HRitem1-2-2,read> 6.348139954204349E-4
<1174,nurse7-2,nursingItem7-5,read> 1.5752142332527036E-4
<1175,nurse5-2,nursingItem5-0,read> 7.240443734171225E-4
<1176,nurse5-2,nursingItem5-3,read> 7.189307647531206E-4
<1177,nurse7-2,nursingItem7-8,read> 1.4748554819968905E-4
<1178,nurse7-2,nursingItem7-9,read> 2.655745874383295E-4
<1179,nurse5-2,nursingItem5-5,read> 0.0012732544068225597
<1180,nurse5-2,nursingItem5-4,read> 7.19953486485921E-4
<1181,nurse0-1,nursingItem0-5,read> 0.001303204268783489
<1182,patient8-8,HR8-8,addNote> 9.535478727240457E-4
<1183,nurse5-2,nursingItem5-9,read> 7.281352603483237E-4
<1184,nurse1-3,nursingItem1-8,read> 7.41304469934279E-4
<1185,patient9-6,noteItem9-6,read> 0.0027231349596314397
<1186,nurse7-2,nursingItem7-2,read> 1.6153577337550288E-4
<1187,nurse5-2,nursingItem5-8,read> 7.291579820811243E-4
<1188,nurse7-2,nursingItem7-3,read> 1.5451066078759593E-4
<1189,nurse0-1,HR0-7,addItem> 1.0992829996172821E-4
<1190,patient6-2,HR6-2,addNote> 3.542880248808646E-4
<1191,nurse7-2,nursingItem7-0,read> 1.5952859835038663E-4
<1192,nurse7-2,nursingItem7-1,read> 1.6053218586294476E-4
<1193,patient2-6,HR2-6,addNote> 0.0014906893217054337
<1194,patient1-9,noteItem1-9agent1-1,read> 0.0016167245853588486
<1195,nurse7-1,nursingItem7-3,read> 1.550970390069037E-4
<1196,nurse7-1,nursingItem7-4,read> 1.5408964281308346E-4
<1197,nurse7-1,nursingItem7-5,read> 1.5811922758836435E-4
<1198,nurse7-1,nursingItem7-6,read> 1.5610443520072394E-4
<1199,nurse7-1,nursingItem7-0,read> 1.6013401997600477E-4
<1200,patient4-9,noteItem4-9,read> 0.0040924683347458414
<1201,nurse7-1,nursingItem7-7,read> 1.5006005803780266E-4
<1202,nurse7-1,nursingItem7-8,read> 1.4804526565016224E-4
<1203,nurse5-1,nursingItem5-5,read> 7.280058236640815E-4
<1204,doctor4-0,HR4-1,addItem> 3.779310478301856E-4
<1205,nurse5-1,nursingItem5-4,read> 7.158038986675583E-4
<1206,nurse5-1,nursingItem5-3,read> 0.0012459916206592127
<1207,nurse7-1,nursingItem7-1,read> 2.82017135682466E-4
<1208,nurse5-1,nursingItem5-7,read> 7.259721694979942E-4
<1209,nurse7-1,nursingItem7-2,read> 2.8378020191231204E-4
<1210,patient6-1,HR6-1,addNote> 3.5063400141840614E-4
<1211,doctor2-1,HRitem2-3-0,read> 2.3677073284532322E-4
<1212,doctor7-1,HRitem5-2-2,read> 1.8921708937800685E-4
<1213,agent8-01,HR8-0,addNote> 6.342900408123394E-4
<1214,doctor0-1,HRitem9-7-1,read> 6.126043807678616E-5
<1215,doctor4-0,HR3-9,addItem> 2.6896742883984515E-4
<1216,doctor7-0,HR4-6,addItem> 1.6622516470659855E-4
<1217,doctor7-0,HR4-7,addItem> 1.6276163935314032E-4
<1218,doctor7-1,HRitem5-6-2,read> 3.8819547842243907E-4
<1219,doctor7-0,HR4-9,addItem> 1.6160713090198752E-4
<1220,doctor5-1,HRitem5-3-0,read> 7.37289936712133E-5
<1221,doctor7-0,HR4-0,addItem> 1.7142045273678598E-4
<1222,agent1-11,noteItem1-9agent1-1,read> 9.370349407487251E-4
<1223,doctor4-0,HR3-6,addItem> 2.634495587322214E-4
<1224,doctor4-0,HR3-7,addItem> 2.648290262591273E-4
<1225,doctor4-0,HR3-4,addItem> 2.655187600225803E-4
<1226,agent3-11,noteItem3-5agent3-1,read> 2.4010240795150012E-4
<1227,doctor7-0,HRitem4-9-2,read> 4.4856348775648E-5
<1228,agent0-11,HR0-0,addNote> 6.779746620512483E-4
<1229,doctor2-0,HR2-7,addItem> 3.4737772546696315E-4
<1230,doctor2-0,HR2-4,addItem> 3.566758821660687E-4
<1231,doctor2-0,HR2-3,addItem> 3.5498530822077685E-4
<1232,doctor2-0,HR2-0,addItem> 3.5160416033019296E-4
<1233,patient5-0,noteItem5-0agent5-1,read> 3.0119096548712434E-4
<1234,doctor7-1,HR5-5,addItem> 3.9622791917662465E-4
<1235,doctor2-1,HR2-8,addItem> 4.8198097153807456E-4
<1236,doctor2-1,HR2-9,addItem> 3.5121196703939044E-4
<1237,doctor2-1,HR2-7,addItem> 3.486666966189741E-4
<1238,doctor2-1,HR2-6,addItem> 4.7962960588772115E-4
<1239,doctor2-1,HR2-5,addItem> 4.8080528871289783E-4
<1240,doctor2-1,HR2-4,addItem> 3.579993548271673E-4
<1241,doctor2-1,HR2-3,addItem> 3.563025078802231E-4
<1242,nurse0-1,nursingItem0-7,read> 7.546855583136364E-4
<1243,doctor2-1,HR2-0,addItem> 3.5290881398633464E-4
<1244,nurse0-0,HR0-2,addItem> 1.0299400463021602E-4
<1245,nurse1-3,nursingItem1-6,read> 7.373026013455318E-4
<1246,doctor3-1,HR3-0,addItem> 7.170034356715939E-4
<1247,doctor3-1,HR3-3,addItem> 7.057108080070735E-4
<1248,nurse2-2,nursingItem2-7,read> 5.049268667808283E-4
<1249,doctor3-1,HR3-2,addItem> 7.094750172285803E-4
<1250,doctor3-1,HR3-5,addItem> 7.264139587253608E-4
<1251,nurse1-3,nursingItem1-4,read> 7.473072728173996E-4
<1252,nurse1-3,nursingItem1-1,read> 7.46306805670213E-4
<1253,agent9-0,noteItem9-1,read> 0.0019160994011670968
<1254,doctor3-1,HR3-8,addItem> 7.320602725576211E-4
<1255,doctor3-1,HRitem3-3-0,read> 6.514387362130045E-4
<1256,doctor8-0,HRitem8-3-1,read> 3.945212175464242E-5
<1257,doctor4-1,HRitem4-5-0,read> 2.6389205162482556E-4
<1258,doctor3-0,HR3-6,addItem> 2.8019214751146546E-4
<1259,doctor3-0,HR3-4,addItem> 2.823928494445761E-4
<1260,doctor3-0,HR3-1,addItem> 2.779914455783547E-4
<1261,doctor3-0,HR3-9,addItem> 2.8606068599976056E-4
<1262,doctor5-1,HR4-7,addItem> 1.1229721284160447E-4
<1263,agent7-0,noteItem7-2,read> 0.001136520735253284
<1264,doctor5-1,HR4-5,addItem> 1.1389031649651711E-4
<1265,doctor5-1,HR4-6,addItem> 1.1468686832397344E-4
<1266,agent4-11,HR4-5,addNote> 6.643384466550199E-4
<1267,doctor5-1,HR4-0,addItem> 1.1827135154752695E-4
<1268,doctor7-1,HR8-6,addItem> 1.8047967159015718E-4
<1269,doctor7-1,HR8-4,addItem> 1.7779554324427721E-4
<1270,doctor7-1,HR8-1,addItem> 1.865189603683871E-4
<1271,doctor7-1,HR8-9,addItem> 1.7645347907133726E-4
<1272,doctor7-1,HR8-8,addItem> 1.7511141489839725E-4
<1273,agent5-11,noteItem5-0agent5-1,read> 1.6387721010601672E-4
<1274,nurse1-0,nursingItem1-1,read> 7.829674908610303E-4
<1275,nurse1-0,nursingItem1-3,read> 0.0013538869832360868
<1276,nurse1-0,nursingItem1-2,read> 7.819178779592448E-4
<1277,doctor9-1,HR7-3,addItem> 8.490884769910156E-4
<1278,nurse1-0,nursingItem1-4,read> 0.0013484711344226527
<1279,nurse1-0,nursingItem1-8,read> 7.777194263521031E-4
<1280,doctor3-0,HRitem8-0-3,read> 1.7175777204103177E-4
<1281,agent4-0,HR4-8,addNote> 6.982520609575304E-4
<1282,nurse1-1,nursingItem1-9,read> 7.385233467856518E-4
<1283,agent2-0,noteItem2-5,read> 7.155635005339068E-4
<1284,nurse1-1,nursingItem1-7,read> 7.589539390545191E-4
<1285,nurse1-1,nursingItem1-6,read> 7.528247613738587E-4
<1286,nurse1-1,nursingItem1-4,read> 7.630400575082923E-4
<1287,nurse1-2,nursingItem1-1,read> 7.515440464117583E-4
<1288,nurse1-2,nursingItem1-0,read> 7.364317268726737E-4
<1289,nurse1-2,nursingItem1-2,read> 7.505365584424858E-4
<1290,nurse1-2,nursingItem1-9,read> 0.0012746897729137108
<1291,nurse1-2,nursingItem1-4,read> 7.525515343810305E-4
<1292,agent2-1,noteItem2-0agent2-1,read> 2.815992410097538E-4
<1293,doctor6-1,HRitem7-0-2,read> 3.632332688793187E-5
<1294,doctor5-0,HR5-7,addItem> 2.9643184390021587E-4
<1295,nurse0-0,nursingItem0-1,read> 7.652092464173237E-4
<1296,agent5-0,HR5-4,addNote> 8.758656326621761E-4
<1297,doctor5-0,HR5-2,addItem> 2.826296397628881E-4
<1298,doctor5-0,HR5-1,addItem> 3.0427482069836955E-4
<1299,doctor5-0,HR5-6,addItem> 2.8793427382390533E-4
<1300,doctor5-0,HR5-5,addItem> 2.803562251653093E-4
<1301,doctor5-0,HR5-4,addItem> 2.909417601415083E-4
<1302,doctor5-0,HR5-3,addItem> 2.9172605782132365E-4
<1303,agent0-11,noteItem0-0,read> 7.972130600063886E-4
<1304,nurse0-1,nursingItem0-4,read> 7.536559151211218E-4
<1305,nurse0-1,nursingItem0-9,read> 7.56744844698666E-4
<1306,nurse0-1,nursingItem0-0,read> 7.711598493938728E-4
<1307,doctor3-0,HRitem8-9-3,read> 1.6438072852757312E-4
<1308,doctor6-0,HRitem6-5-1,read> 1.4438414203963383E-4
<1309,doctor0-1,HR0-4,addItem> 3.699136684652222E-4
<1310,doctor0-1,HR0-5,addItem> 3.62285490281205E-4
<1311,nurse0-2,nursingItem0-6,read> 0.0012958589683141474
<1312,nurse0-2,nursingItem0-7,read> 7.402187424993174E-4
<1313,nurse0-2,nursingItem0-4,read> 7.392088368759884E-4
<1314,doctor8-0,HRitem2-1-1,read> 1.258055200359832E-4
<1315,nurse0-2,nursingItem0-3,read> 7.351692143826716E-4
<1316,nurse0-2,nursingItem0-0,read> 7.563772324725844E-4
<1317,doctor1-0,HRitem2-6-3,read> 6.233844861255434E-4
<1318,doctor0-1,HR0-9,addItem> 3.7372775755723084E-4
<1319,nurse0-3,nursingItem0-9,read> 7.470739840635392E-4
<1320,doctor0-0,HR0-3,addItem> 3.71731428367134E-4
<1321,nurse0-3,nursingItem0-7,read> 7.450410144374238E-4
<1322,nurse0-3,nursingItem0-8,read> 7.48090468876597E-4
<1323,nurse0-3,nursingItem0-1,read> 7.602882866332895E-4
<1324,nurse0-3,nursingItem0-4,read> 7.440245296243662E-4
<1325,doctor0-0,HR0-8,addItem> 3.807366021184935E-4
<1326,doctor0-0,HR0-9,addItem> 3.781636953323909E-4
<1327,doctor9-0,HRitem9-7-2,read> 6.022139177725057E-5
<1328,doctor5-0,HRitem5-6-2,read> 2.746727670854569E-4
<1329,doctor0-1,HR9-1,addItem> 2.3416470328449073E-4
<1330,doctor0-1,HR9-4,addItem> 2.3810070389998814E-4
<1331,doctor0-1,HR9-3,addItem> 2.3678870369482237E-4
<1332,doctor0-1,HR9-6,addItem> 2.2629270205349583E-4
<1333,doctor0-1,HR9-9,addItem> 2.2957270256641037E-4
<1334,agent6-0,HR6-6,addNote> 2.30312274145959E-4
<1335,agent6-1,HR6-7,addNote> 2.322243090229924E-4
<1336,doctor7-0,HRitem4-5-2,read> 2.4059314343302107E-4
<1337,nurse2-1,nursingItem2-7,read> 8.830627141907311E-4
<1338,nurse2-1,nursingItem2-8,read> 5.11356406310709E-4
<1339,nurse2-1,nursingItem2-6,read> 5.093067104858308E-4
<1340,nurse2-1,nursingItem2-3,read> 5.041824709236359E-4
<1341,nurse2-1,nursingItem2-4,read> 5.072570146609529E-4
<1342,nurse2-1,nursingItem2-2,read> 5.052073188360748E-4
<1343,doctor1-1,HR1-8,addItem> 1.6188235669897146E-4
<1344,doctor1-1,HR1-9,addItem> 1.6068605887670662E-4
<1345,nurse2-0,nursingItem2-6,read> 5.126684709510838E-4
<1346,doctor1-1,HR1-1,addItem> 1.710539733363349E-4
<1347,doctor1-1,HR1-2,addItem> 1.690601436325602E-4
<1348,nurse2-0,nursingItem2-2,read> 8.810558621198318E-4
<1349,nurse2-0,nursingItem2-3,read> 5.075104080254421E-4
<1350,nurse2-2,nursingItem2-8,read> 8.850289782254939E-4
<1351,doctor1-1,HR1-4,addItem> 1.6985767551407007E-4
<1352,nurse2-0,nursingItem2-5,read> 5.095736331956989E-4
<1353,nurse2-0,nursingItem2-0,read> 5.064787954403138E-4
<1354,nurse2-0,nursingItem2-1,read> 8.756940142563692E-4
<1355,doctor2-1,HRitem4-9-2,read> 4.1341200489992456E-5
<1356,doctor4-1,HRitem4-1-2,read> 6.898834492958215E-4
<1357,doctor3-1,HRitem6-8-0,read> 2.617963738871561E-4
<1358,doctor3-1,HR7-5,addItem> 1.8482400406129562E-4
<1359,doctor3-1,HR7-4,addItem> 1.8537743838412422E-4
<1360,doctor3-1,HR7-6,addItem> 1.864843070297814E-4
<1361,doctor4-0,HRitem4-1-1,read> 6.431263658167197E-4
<1362,doctor3-1,HR7-0,addItem> 1.831637010928099E-4
<1363,doctor8-0,HRitem8-7-2,read> 3.4621056003292054E-4
<1364,doctor3-1,HR7-1,addItem> 1.8261026676998128E-4
<1365,doctor3-1,HR7-2,addItem> 1.8427056973846704E-4
<1366,doctor4-1,HR4-3,addItem> 3.701356552198459E-4
<1367,doctor4-1,HR4-0,addItem> 1.5565093919711574E-4
<1368,doctor4-1,HR4-7,addItem> 1.4778867764092638E-4
<1369,doctor4-1,HR4-6,addItem> 1.509335822634021E-4
<1370,doctor4-1,HR4-4,addItem> 3.7268868172517016E-4
<1371,doctor7-0,HRitem7-1-1,read> 6.70593991343642E-5
<1372,doctor4-1,HR4-8,addItem> 3.624765757038725E-4
<1373,doctor4-1,HR4-9,addItem> 1.4674037610010112E-4
<1374,doctor4-0,HR4-0,addItem> 1.5623499525414057E-4
<1375,doctor4-0,HR4-2,addItem> 3.753684414880681E-4
<1376,doctor4-0,HR4-4,addItem> 3.7408713831700943E-4
<1377,doctor9-0,HR3-3,addItem> 2.5336377520394064E-4
<1378,doctor2-0,HRitem3-6-2,read> 2.532669943418538E-4
<1379,doctor4-0,HR4-6,addItem> 1.5149993716870568E-4
<1380,doctor4-0,HR4-5,addItem> 1.5044770203860905E-4
<1381,doctor4-0,HR4-7,addItem> 1.483432317784158E-4
<1382,doctor4-0,HR4-8,addItem> 3.638367129485399E-4
<1383,doctor4-0,HR4-9,addItem> 1.4729099664831914E-4
<1384,doctor1-0,HR1-9,addItem> 1.5768258114069345E-4
<1385,doctor1-0,HR1-8,addItem> 1.5885651825600004E-4
<1386,nurse2-3,nursingItem2-0,read> 4.931941057238465E-4
<1387,nurse2-3,nursingItem2-4,read> 8.712375028826434E-4
<1388,nurse2-3,nursingItem2-3,read> 8.659568310914529E-4
<1389,nurse2-3,nursingItem2-2,read> 4.952032135125882E-4
<1390,nurse2-3,nursingItem2-8,read> 5.012305368788137E-4
<1391,nurse2-3,nursingItem2-6,read> 8.747579507434369E-4
<1392,nurse2-3,nursingItem2-5,read> 4.962077674069592E-4
<1393,doctor1-0,HR1-4,addItem> 1.666827656913772E-4
<1394,doctor1-0,HR1-1,addItem> 1.6785670280668378E-4
<1395,doctor1-0,HR1-2,addItem> 1.659001409478395E-4
<1396,nurse2-3,nursingItem2-9,read> 5.022350907731845E-4
<1397,nurse2-2,nursingItem2-1,read> 4.988183673423304E-4
<1398,nurse2-2,nursingItem2-3,read> 5.008545338218297E-4
<1399,nurse2-2,nursingItem2-4,read> 5.039087835410786E-4
<1400,doctor6-1,HRitem8-7-3,read> 4.72722772692882E-4
<1401,nurse2-2,nursingItem2-9,read> 5.089991997398267E-4
<1402,doctor7-1,HRitem7-1-1,read> 6.797332620944923E-5
<1403,nurse0-1,HR0-1,addItem> 1.0291846850003778E-4
<1404,nurse0-1,HR0-0,addItem> 1.043942224919726E-4
<1405,nurse0-1,HR0-5,addItem> 1.0513209948794002E-4
<1406,nurse0-1,HR0-4,addItem> 1.0734573047584227E-4
<1407,nurse0-1,HR0-2,addItem> 1.036563454960052E-4
<1408,nurse0-1,HR0-9,addItem> 1.0845254596979337E-4
<1409,nurse0-1,HR0-8,addItem> 1.0919042296576077E-4
<1410,nurse0-0,HR0-9,addItem> 1.0775955845560936E-4
<1411,doctor5-0,HRitem5-2-2,read> 1.3388301618174941E-4
<1412,doctor2-0,HRitem1-2-1,read> 2.4199332314517796E-4
<1413,doctor7-1,HR5-2,addItem> 3.9944093980740706E-4
<1414,doctor7-1,HR5-8,addItem> 4.026539604381894E-4
<1415,doctor7-1,HR5-6,addItem> 4.069379879458993E-4
<1416,nurse0-0,HR0-0,addItem> 1.037271667571996E-4
<1417,nurse0-0,HR0-1,addItem> 1.0226084250323242E-4
<1418,nurse0-0,HR0-4,addItem> 1.0665981526513399E-4
<1419,patient7-6,noteItem7-6,read> 0.00140705343799371
<1420,nurse0-0,HR0-3,addItem> 1.0592665313815039E-4
<1421,nurse0-0,HR0-6,addItem> 1.051934910111668E-4
<1422,nurse0-0,HR0-5,addItem> 1.0446032888418322E-4
<1423,nurse0-0,HR0-8,addItem> 1.0849272058259295E-4
<1424,nurse0-0,HR0-7,addItem> 1.0922588270957657E-4
<1425,doctor5-1,HRitem5-2-0,read> 3.2829533705743425E-4
<1426,doctor2-0,HR3-7,addItem> 2.6680905636199934E-4
<1427,doctor2-0,HR3-9,addItem> 2.709784002704234E-4
<1428,doctor2-0,HR3-1,addItem> 2.633346031049792E-4
<1429,patient7-0,noteItem7-0,read> 0.00161245344426087
<1430,agent9-11,HR9-3,addNote> 4.800023568479549E-4
<1431,patient8-2,noteItem8-2,read> 0.0020688979026323366
<1432,doctor9-1,HR7-8,addItem> 8.669931919570619E-4
<1433,agent2-1,noteItem2-0,read> 7.658359299089265E-4
<1434,agent4-0,noteItem4-8agent4-0,read> 3.591423616533967E-4
<1435,doctor8-1,HRitem8-0-3,read> 1.6692802801175847E-4
<1436,doctor4-0,HRitem4-6-3,read> 5.257141339691973E-4
<1437,agent3-11,HR3-5,addNote> 9.11128546731437E-4
<1438,nurse0-3,HR0-8,addItem> 1.0779501819942516E-4
<1439,nurse0-3,HR0-9,addItem> 1.0706657094142538E-4
<1440,nurse0-3,HR0-6,addItem> 1.0451700553842618E-4
<1441,nurse0-3,HR0-7,addItem> 1.0852346545742495E-4
<1442,nurse0-3,HR0-4,addItem> 1.0597390005442573E-4
<1443,nurse0-3,HR0-2,addItem> 1.0233166376442685E-4
<1444,nurse0-3,HR0-0,addItem> 1.0306011102242662E-4
<1445,nurse0-3,HR0-1,addItem> 1.0160321650642707E-4
<1446,doctor8-1,HRitem8-9-3,read> 1.5975842333171872E-4
<1447,nurse0-2,HR0-7,addItem> 1.0782104820527335E-4
<1448,nurse0-2,HR0-8,addItem> 1.0709731581625735E-4
<1449,nurse0-2,HR0-9,addItem> 1.063735834272414E-4
<1450,nurse0-2,HR0-3,addItem> 1.0456425245470151E-4
<1451,nurse0-2,HR0-4,addItem> 1.0528798484371747E-4
<1452,patient9-4,noteItem9-4,read> 0.002692705329073342
<1453,nurse0-2,HR0-5,addItem> 1.031167876766696E-4
<1454,nurse0-2,HR0-6,addItem> 1.0384052006568555E-4
<1455,nurse0-2,HR0-0,addItem> 1.0239305528765363E-4
<1456,nurse0-2,HR0-1,addItem> 1.009455905096217E-4
<1457,nurse0-2,HR0-2,addItem> 1.0166932289863767E-4
<1458,nurse1-3,HR1-0,addItem> 1.534163133983001E-4
<1459,nurse1-3,HR1-2,addItem> 1.5198237648015805E-4
<1460,nurse1-3,HR1-3,addItem> 1.5234086070969356E-4
<1461,nurse1-3,HR1-4,addItem> 1.5269934493922907E-4
<1462,nurse1-3,HR1-5,addItem> 1.5305782916876458E-4
<1463,nurse1-3,HR1-6,addItem> 1.4373723920084135E-4
<1464,nurse1-3,HR1-7,addItem> 1.4337875497130584E-4
<1465,nurse1-3,HR1-8,addItem> 1.455296603485189E-4
<1466,nurse1-2,HR1-1,addItem> 1.5485391901469758E-4
<1467,nurse1-2,HR1-2,addItem> 1.5304891947300127E-4
<1468,nurse1-2,HR1-0,addItem> 1.5449291910635832E-4
<1469,doctor9-0,HR3-2,addItem> 2.547151988298756E-4
<1470,nurse1-2,HR1-9,addItem> 1.4546792139787668E-4
<1471,doctor9-0,HR3-5,addItem> 2.607966051465831E-4
<1472,nurse1-2,HR1-7,addItem> 1.4438492167285886E-4
<1473,doctor9-0,HR3-8,addItem> 2.6282374058548565E-4
<1474,agent0-01,noteItem0-8agent0-0,read> 0.0020140122926569867
<1475,agent8-0,noteItem8-0agent8-0,read> 0.002473200055481798
<1476,nurse1-2,HR1-8,addItem> 1.4655092112289447E-4
<1477,nurse1-2,HR1-5,addItem> 1.5413191919801906E-4
<1478,nurse1-2,HR1-6,addItem> 1.4474592158119812E-4
<1479,nurse1-2,HR1-3,addItem> 1.5340991938134053E-4
<1480,nurse1-2,HR1-4,addItem> 1.537709192896798E-4
<1481,nurse1-1,HR1-6,addItem> 1.467632863419117E-4
<1482,nurse1-1,HR1-7,addItem> 1.4639725507596492E-4
<1483,nurse1-1,HR1-8,addItem> 1.4859344267164563E-4
<1484,nurse1-1,HR1-9,addItem> 1.474953488738053E-4
<1485,nurse1-1,HR1-3,addItem> 1.555480367246345E-4
<1486,nurse1-1,HR1-4,addItem> 1.5591406799058126E-4
<1487,nurse1-1,HR1-5,addItem> 1.5628009925652806E-4
<1488,nurse1-0,HR1-4,addItem> 1.6020036539238415E-4
<1489,nurse1-0,HR1-3,addItem> 1.5982427141122233E-4
<1490,nurse1-0,HR1-2,addItem> 1.5944817743006052E-4
<1491,nurse1-0,HR1-1,addItem> 1.6132864733586958E-4
<1492,nurse1-0,HR1-8,addItem> 1.526784857691479E-4
<1493,nurse1-0,HR1-7,addItem> 1.50421921882177E-4
<1494,doctor5-1,HR5-2,addItem> 2.7188837079327713E-4
<1495,doctor5-1,HR5-3,addItem> 2.806390817521047E-4
<1496,doctor2-0,HRitem2-9-2,read> 3.5323244824628854E-4
<1497,nurse1-0,HR1-0,addItem> 1.609525533547078E-4
<1498,doctor5-1,HR5-6,addItem> 2.7699140355981385E-4
<1499,doctor5-1,HR5-7,addItem> 2.851660256047207E-4
<1500,doctor5-1,HR5-4,addItem> 2.7988459111000203E-4
<1501,doctor5-1,HR5-5,addItem> 2.6970135675047564E-4
<1502,doctor8-1,HR6-2,addItem> 1.246771767558024E-4
<1503,doctor5-1,HR5-9,addItem> 2.821480630363101E-4
<1504,doctor8-1,HR6-5,addItem> 1.1567598823196277E-4
<1505,doctor5-1,HR5-8,addItem> 2.740753848360785E-4
<1506,doctor8-1,HR6-7,addItem> 1.1053245193262585E-4
<1507,patient5-4,noteItem5-4agent5-0,read> 3.6970834152210997E-4
<1508,nurse1-0,HR1-9,addItem> 1.5155020382566245E-4
<1509,agent4-01,noteItem4-8agent4-0,read> 2.8115723188803745E-4
<1510,doctor6-1,HRitem8-2-1,read> 1.2775940124706427E-4
<1511,agent0-0,noteItem0-8,read> 8.239240512823644E-4
<1512,doctor2-0,HRitem2-1-3,read> 2.4724972569365773E-4
<1513,doctor2-1,HRitem2-1-1,read> 1.2352229825674576E-4
<1514,doctor9-1,HRitem7-3-0,read> 9.658801226099641E-5
<1515,agent8-0,noteItem8-0,read> 0.0010150997405261033
<1516,agent6-0,noteItem6-6,read> 0.002306073586709674
<1517,doctor8-0,HRitem2-0-3,read> 1.640780102431446E-4
<1518,doctor7-0,HRitem7-4-1,read> 9.1311724310242E-5
<1519,doctor0-1,HR1-1,addItem> 1.7958002808207116E-4
<1520,agent3-01,noteItem3-8,read> 0.002167260174632894
<1521,doctor0-1,HR1-4,addItem> 1.783241017079178E-4
<1522,doctor0-1,HR1-9,addItem> 1.686953328394085E-4
<1523,doctor0-1,HR1-8,addItem> 1.699512592135619E-4
<1524,doctor6-1,HRitem6-6-3,read> 6.749471587399973E-5
<1525,doctor7-1,HRitem7-4-1,read> 9.255617711174445E-5
<1526,agent6-0,noteItem6-6agent6-0,read> 2.0627341294273777E-4
<1527,agent2-11,noteItem2-0agent2-1,read> 2.744041910122376E-4
<1528,doctor9-0,HRitem9-6-0,read> 6.437757697539294E-5
<1529,doctor5-0,HRitem5-7-2,read> 1.2256416974938631E-4
<1530,doctor0-1,HRitem1-1-0,read> 5.568855229552654E-4
<1531,doctor3-1,HRitem7-5-1,read> 8.308041036703366E-5
<1532,doctor0-1,HRitem0-8-3,read> 2.514059108918001E-4
<1533,doctor3-0,HRitem3-6-0,read> 2.1793553000845446E-4
<1534,agent1-1,noteItem1-9,read> 7.811276460783464E-4
<1535,doctor1-0,HR9-8,addItem> 8.925713561942709E-4
<1536,doctor1-1,HRitem1-2-1,read> 1.4411847259666443E-4
<1537,agent9-11,noteItem9-3,read> 7.646972409079881E-4
<1538,agent1-0,noteItem1-7,read> 6.167006442901109E-4
<1539,doctor3-0,HR8-4,addItem> 1.700263262285609E-4
<1540,doctor3-0,HR8-8,addItem> 1.6745948752468578E-4
<1541,doctor3-0,HR8-9,addItem> 1.6874290687662335E-4
<1542,doctor3-0,HR8-6,addItem> 1.72593164932436E-4
<1543,doctor3-0,HR8-1,addItem> 1.7836855201615502E-4
<1544,doctor3-0,HR8-0,addItem> 1.7516000363631114E-4
<1545,doctor2-1,HRitem4-0-1,read> 2.2622419856276635E-4
<1546,agent7-11,noteItem7-4agent7-1,read> 2.450862420310678E-4
<1547,doctor1-1,HR2-8,addItem> 2.859813158294305E-4
<1548,doctor1-1,HR2-5,addItem> 2.852837295320521E-4
<1549,doctor1-1,HR2-6,addItem> 2.8458614323467366E-4
<1550,doctor1-1,HR2-2,addItem> 2.922595925058364E-4
<1551,doctor8-0,HR2-7,addItem> 3.5511155237902915E-4
<1552,doctor8-0,HR2-0,addItem> 3.5943208226704325E-4
<1553,doctor1-0,HR2-8,addItem> 2.806358706737403E-4
<1554,doctor1-0,HR2-6,addItem> 2.792667760714088E-4
<1555,doctor8-0,HR2-4,addItem> 3.6461671813266017E-4
<1556,doctor8-0,HR2-3,addItem> 3.6288850617745456E-4
<1557,doctor8-0,HR2-1,addItem> 3.602961882446461E-4
<1558,doctor1-0,HR2-5,addItem> 2.7995132337257456E-4
<1559,doctor1-0,HR2-2,addItem> 2.86796796384232E-4

