<0,agent9-1,noteItem9-1agent9-1,read> 0.003210555972183917
<1,nurse2-3,HR2-3,addItem> 1.49530799191191E-4
<2,patient1-5,noteItem1-5,read> 0.0014698763749558838
<3,patient3-3,HR3-3,addNote> 0.0013520894386117286
<4,patient8-7,noteItem8-7,read> 0.0019848150838467113
<5,nurse0-2,HR0-1,addItem> 9.961814068918755E-5
<6,nurse7-1,HR7-7,addItem> 1.2003138260176153E-4
<7,agent8-1,HR8-8,addNote> 6.364371982738772E-4
<8,patient5-6,noteItem5-6,read> 0.004246067675062955
<9,nurse0-3,nursingItem0-0,read> 7.510626206607013E-4
<10,nurse5-3,nursingItem5-6,read> 7.255239712229874E-4
<11,nurse2-3,HR2-0,addItem> 1.481099383852567E-4
<12,agent1-01,noteItem1-6,read> 8.57749498241274E-4
<13,doctor4-0,HR7-6,addItem> 1.996462540748481E-4
<14,nurse0-1,nursingItem0-0,read> 0.0013190335576320712
<15,nurse9-1,nursingItem9-8,read> 6.387270877098155E-4
<16,patient0-1,noteItem0-1agent0-0,read> 0.0031569513779987598
<17,patient3-8,HR3-8,addNote> 0.0014025730536104555
<18,nurse2-3,HR2-1,addItem> 1.4846515358674027E-4
<19,nurse4-1,nursingItem4-7,read> 7.278182096118437E-4
<20,patient0-3,noteItem0-3,read> 0.001693762770125809
<21,nurse2-3,HR2-2,addItem> 1.491755839897074E-4
<22,patient0-3,HR0-3,addNote> 0.001041975803619551
<23,nurse2-3,HR2-8,addItem> 1.4597864717635523E-4
<24,nurse9-1,nursingItem9-3,read> 6.257723421227738E-4
<25,nurse2-1,nursingItem2-4,read> 5.024547947740366E-4
<26,patient4-6,noteItem4-6,read> 0.004059495679088017
<27,patient6-0,noteItem6-0,read> 0.004223679035545963
<28,nurse9-1,nursingItem9-6,read> 6.407201254924374E-4
<29,nurse9-2,nursingItem9-7,read> 6.438332536875813E-4
<30,patient6-3,noteItem6-3agent6-1,read> 0.002720313010264203
<31,nurse3-2,nursingItem3-2,read> 8.573845148811114E-4
<32,nurse2-3,HR2-9,addItem> 1.4739950798228955E-4
<33,nurse2-3,HR2-4,addItem> 1.5024122959415818E-4
<34,nurse3-2,HR3-2,addItem> 1.357263450502684E-4
<35,patient8-8,HR8-8,addNote> 9.410085736220979E-4
<36,patient3-3,noteItem3-3,read> 0.004052032799249021
<37,nurse4-1,nursingItem4-8,read> 7.268058863994019E-4
<38,agent3-01,noteItem3-4agent3-0,read> 0.0018037663488926128
<39,doctor4-1,HR1-8,addItem> 3.3734873469929143E-4
<40,nurse1-0,nursingItem1-6,read> 7.631144742784711E-4
<41,doctor4-0,HR4-7,addItem> 2.584975434806587E-4
<42,patient5-7,noteItem5-7,read> 0.00420129039602897
<43,nurse1-1,nursingItem1-4,read> 7.527745611951136E-4
<44,nurse2-3,HR2-5,addItem> 1.4562343197487167E-4
<45,nurse2-3,HR2-6,addItem> 1.4526821677338808E-4
<46,nurse2-3,HR2-7,addItem> 1.4633386237783883E-4
<47,nurse1-3,nursingItem1-7,read> 0.001287081651006014
<48,patient0-5,noteItem0-5agent0-1,read> 0.0014238329337600574
<49,patient1-6,noteItem1-6,read> 0.0014474877354388911
<50,agent2-1,HR2-8,addNote> 8.820781579355647E-4
<51,patient0-2,noteItem0-2,read> 0.0016788370104478137
<52,patient0-4,HR0-4,addNote> 0.001049187748619369
<53,nurse0-0,HR0-2,addItem> 1.0163961785351829E-4
<54,patient9-4,noteItem9-4,read> 0.002641548509678492
<55,patient1-5,HR1-5,addNote> 0.0015432059811069081
<56,patient5-3,noteItem5-3,read> 0.00426099343474095
<57,patient8-0,noteItem8-0agent8-0,read> 0.003553284665634742
<58,nurse2-2,HR2-1,addItem> 1.5046468427477717E-4
<59,patient0-9,noteItem0-9,read> 0.0016340597314138288
<60,doctor5-0,HRitem4-0-2,read> 4.642274486938634E-4
<61,patient0-7,noteItem0-7,read> 0.0016489854910918234
<62,patient9-0,HR9-0,addNote> 0.001279969988613548
<63,patient4-5,noteItem4-5,read> 0.004111735837961
<64,patient0-0,HR0-0,addNote> 0.0010203399686200966
<65,nurse1-1,nursingItem1-2,read> 0.0013060259656396762
<66,nurse2-2,HR2-2,addItem> 1.5118468276397956E-4
<67,nurse2-2,HR2-0,addItem> 1.5010468503017595E-4
<68,nurse2-2,HR2-9,addItem> 1.4938468654097356E-4
<69,nurse4-3,HR4-7,addItem> 1.0040644136140172E-4
<70,nurse2-2,HR2-7,addItem> 1.4830468880716997E-4
<71,nurse2-2,HR2-8,addItem> 1.4794468956256875E-4
<72,nurse1-3,nursingItem1-8,read> 7.313313915510768E-4
<73,nurse3-1,HR3-5,addItem> 1.3980149043391125E-4
<74,nurse2-2,HR2-5,addItem> 1.4758469031796759E-4
<75,nurse2-2,HR2-6,addItem> 1.4722469107336636E-4
<76,nurse2-2,HR2-3,addItem> 1.5154468200858075E-4
<77,agent3-11,noteItem3-7,read> 0.0020899242424745924
<78,nurse2-2,HR2-4,addItem> 1.522646804977832E-4
<79,nurse1-2,nursingItem1-3,read> 0.001304402755975232
<80,doctor1-0,HRitem1-9-2,read> 6.989247219917636E-4
<81,patient1-3,noteItem1-3,read> 0.0013504702975319237
<82,nurse8-0,nursingItem8-1,read> 7.289588063839566E-4
<83,patient3-6,noteItem3-6,read> 0.0040072555202150355
<84,nurse6-0,nursingItem6-3,read> 1.6654579060946883E-4
<85,agent2-0,noteItem2-3agent2-0,read> 0.0027512257618347888
<86,nurse6-2,nursingItem6-3,read> 2.928888951024212E-4
<87,patient5-8,HR5-8,addNote> 0.0013556954111116379
<88,nurse5-3,HR5-2,addItem> 1.3565382811287773E-4
<89,nurse6-2,nursingItem6-2,read> 1.674348514167995E-4
<90,nurse6-2,nursingItem6-1,read> 2.8938036828312594E-4
<91,agent5-1,noteItem5-4,read> 0.0022165658893279023
<92,nurse6-2,nursingItem6-0,read> 1.654170575759744E-4
<93,patient4-8,noteItem4-8,read> 0.004029644159732028
<94,nurse0-0,nursingItem0-3,read> 0.0012755696416250095
<95,agent4-1,noteItem4-1,read> 0.002106369793153144
<96,nurse6-2,nursingItem6-7,read> 1.3615904688401044E-4
<97,nurse9-2,HR9-8,addItem> 1.2583341536140936E-4
<98,doctor9-0,HR0-0,addItem> 8.971739307413224E-5
<99,patient6-1,noteItem6-1,read> 0.004238604795223958
<100,nurse6-2,nursingItem6-6,read> 1.3817684072483553E-4
<101,doctor3-0,HR3-6,addItem> 4.898134243982571E-4
<102,patient6-3,noteItem6-3,read> 0.004208753275867967
<103,nurse7-2,nursingItem7-2,read> 2.758646083962162E-4
<104,patient4-4,noteItem4-4,read> 0.004134124477477993
<105,agent6-0,noteItem6-9,read> 0.0023084993710039644
<106,patient9-1,noteItem9-1agent9-1,read> 0.003499544558836643
<107,agent6-1,noteItem6-3agent6-1,read> 0.002034616321658738
<108,nurse6-2,nursingItem6-5,read> 1.3111456228194767E-4
<109,nurse6-2,nursingItem6-4,read> 1.341412530431853E-4
<110,nurse6-2,nursingItem6-9,read> 2.455237830419349E-4
<111,patient7-7,noteItem7-7,read> 0.0014325619757608959
<112,patient7-8,HR7-8,addNote> 0.0012258804011149125
<113,nurse6-2,nursingItem6-8,read> 1.432213253268983E-4
<114,nurse9-2,nursingItem9-8,read> 0.0011225881713074815
<115,patient9-3,HR9-3,addNote> 0.0013016058236130022
<116,nurse8-0,nursingItem8-5,read> 0.0012112136800706615
<117,nurse6-3,nursingItem6-3,read> 1.6939272720108365E-4
<118,agent3-01,HR3-4,addNote> 9.167048917777238E-4
<119,patient8-3,noteItem8-3,read> 0.0020445181225586914
<120,doctor1-0,HRitem1-2-2,read> 6.261583184801875E-4
<121,doctor2-1,HRitem2-3-2,read> 4.058093501000629E-4
<122,nurse5-1,nursingItem5-7,read> 7.162053629507886E-4
<123,nurse8-1,HR8-5,addItem> 1.0836302789623626E-4
<124,nurse1-1,nursingItem1-8,read> 7.467278418995207E-4
<125,patient3-7,noteItem3-7,read> 0.00417143887667298
<126,nurse8-1,HR8-4,addItem> 1.0596347753224148E-4
<127,doctor1-1,HRitem9-9-2,read> 5.195709105195692E-4
<128,nurse8-3,nursingItem8-2,read> 0.0010715808963706896
<129,patient7-1,noteItem7-1,read> 0.0016116710918968361
<130,agent1-01,noteItem1-6agent1-0,read> 1.9882099003272493E-4
<131,patient5-9,noteItem5-9,read> 0.004186364636350975
<132,nurse8-1,HR8-3,addItem> 1.0676332765357306E-4
<133,nurse4-2,nursingItem4-8,read> 7.178051943077683E-4
<134,nurse9-3,nursingItem9-2,read> 6.28666935473332E-4
<135,nurse7-2,HR7-5,addItem> 1.1886783078436948E-4
<136,nurse8-1,HR8-2,addItem> 1.1036265319956522E-4
<137,agent5-0,noteItem5-5agent5-0,read> 0.0014619096194453307
<138,patient5-2,HR5-2,addNote> 0.0013448774936119106
<139,patient3-5,HR3-5,addNote> 0.0013917551361107285
<140,patient5-5,HR5-5,addNote> 0.0013340595761121836
<141,nurse9-2,nursingItem9-6,read> 6.468514185593506E-4
<142,doctor1-0,HRitem0-5-2,read> 1.9931735054565475E-4
<143,nurse9-2,nursingItem9-0,read> 6.689846276189928E-4
<144,nurse8-1,HR8-9,addItem> 1.0516362741090987E-4
<145,nurse8-1,HR8-8,addItem> 1.043637772895783E-4
<146,doctor7-0,HR6-9,addItem> 2.371678162961011E-4
<147,patient0-1,noteItem0-1,read> 0.001492265014472876
<148,patient1-7,noteItem1-7agent1-1,read> 9.871945660255013E-4
<149,patient1-1,HR1-1,addNote> 0.0015504179261067261
<150,doctor6-0,HR2-9,addItem> 6.481268335441605E-4
<151,nurse2-1,HR2-0,addItem> 1.5110205835263562E-4
<152,nurse0-2,nursingItem0-9,read> 0.0012800662213942008
<153,nurse0-2,nursingItem0-1,read> 7.452050549834922E-4
<154,nurse8-0,nursingItem8-7,read> 0.0012056487904678866
<155,nurse8-1,HR8-7,addItem> 1.047637023502441E-4
<156,nurse5-3,nursingItem5-1,read> 7.153761914518167E-4
<157,patient3-1,noteItem3-1,read> 0.004074421438766013
<158,doctor6-0,HRitem0-7-1,read> 5.298196997465517E-4
<159,nurse2-1,HR2-1,addItem> 1.5146444961879564E-4
<160,patient6-6,noteItem6-6,read> 0.004253530554901953
<161,nurse8-1,HR8-6,addItem> 1.0756317777490469E-4
<162,nurse2-1,HR2-2,addItem> 1.5218923215111564E-4
<163,nurse2-1,HR2-3,addItem> 1.5255162341727566E-4
<164,nurse2-1,HR2-4,addItem> 1.5327640594959573E-4
<165,nurse2-1,HR2-5,addItem> 1.4856531948951554E-4
<166,patient3-7,HR3-7,addNote> 0.00138454319111091
<167,nurse2-1,HR2-6,addItem> 1.4820292822335552E-4
<168,patient9-8,noteItem9-8,read> 0.002701251548390472
<169,patient8-7,HR8-7,addNote> 9.446145461220068E-4
<170,patient2-9,noteItem2-9,read> 0.0014549506152778885
<171,patient1-3,HR1-3,addNote> 0.0015359940361070901
<172,nurse1-3,nursingItem1-9,read> 0.0012507017983837813
<173,nurse8-1,HR8-1,addItem> 1.1116250332089682E-4
<174,agent5-1,noteItem5-4agent5-1,read> 2.443497574611572E-4
<175,nurse2-2,nursingItem2-9,read> 8.7830311483954E-4
<176,nurse2-1,HR2-7,addItem> 1.4929010202183556E-4
<177,nurse4-3,nursingItem4-7,read> 0.0012501858155318183
<178,nurse8-1,HR8-0,addItem> 1.0916287801756785E-4
<179,nurse2-1,HR2-8,addItem> 1.4892771075567554E-4
<180,nurse2-1,HR2-9,addItem> 1.503772758203156E-4
<181,patient2-5,HR2-5,addNote> 0.0014782984761085457
<182,agent0-11,noteItem0-5agent0-1,read> 8.043653376495198E-4
<183,patient1-4,noteItem1-4,read> 0.0013206187781759334
<184,doctor9-1,HR9-6,addItem> 1.0354988193299027E-4
<185,nurse6-3,nursingItem6-0,read> 1.663489846609095E-4
<186,patient4-0,HR4-0,addNote> 0.0010708235836188232
<187,agent1-0,noteItem1-6,read> 6.015183184387804E-4
<188,doctor3-0,HR3-4,addItem> 4.936605463090975E-4
<189,doctor4-1,HR1-6,addItem> 3.3237502549516554E-4
<190,patient5-2,noteItem5-2,read> 0.004305770713774935
<191,doctor5-0,HR1-4,addItem> 4.292527176314878E-4
<192,patient4-7,HR4-7,addNote> 0.0010167339961201876
<193,nurse2-0,HR2-9,addItem> 1.5136986509965762E-4
<194,doctor4-1,HR1-5,addItem> 3.547567169137322E-4
<195,nurse6-3,nursingItem6-2,read> 2.9207792663033303E-4
<196,nurse6-3,nursingItem6-1,read> 1.6736356550763417E-4
<197,doctor4-1,HR1-7,addItem> 3.3154607396114455E-4
<198,patient7-2,HR7-2,addNote> 0.0012042445661154578
<199,nurse6-3,nursingItem6-4,read> 2.3399966454365874E-4
<200,nurse6-3,nursingItem6-6,read> 1.3895530179934164E-4
<201,nurse8-0,HR8-9,addItem> 1.0458100343633419E-4
<202,patient3-8,noteItem3-8,read> 0.004149050237155987
<203,nurse6-3,nursingItem6-5,read> 2.2871982253577924E-4
<204,nurse6-3,nursingItem6-8,read> 1.4402820603296533E-4
<205,nurse8-3,nursingItem8-8,read> 5.752098612789538E-4
<206,nurse1-3,nursingItem1-4,read> 7.372534362220185E-4
<207,nurse4-2,nursingItem4-4,read> 0.0012162990596240849
<208,nurse6-3,nursingItem6-7,read> 1.369261401058922E-4
<209,nurse9-0,nursingItem9-1,read> 0.0011284646266022504
<210,agent0-1,HR0-5,addNote> 6.620292654739574E-4
<211,patient4-7,noteItem4-7agent4-0,read> 0.0030897762445011353
<212,nurse6-3,nursingItem6-9,read> 1.4199904433951588E-4
<213,doctor4-1,HR1-1,addItem> 3.564146199817742E-4
<214,nurse1-2,HR1-0,addItem> 1.5281756650091448E-4
<215,nurse8-0,HR8-2,addItem> 1.0975122575801638E-4
<216,nurse8-0,HR8-1,addItem> 1.1054664457673671E-4
<217,patient7-2,noteItem7-2,read> 0.0015967453322188415
<218,nurse8-0,HR8-4,addItem> 1.0537642225505453E-4
<219,patient0-6,noteItem0-6,read> 0.0016415226112528262
<220,nurse8-1,nursingItem8-7,read> 7.2520941006732E-4
<221,patient4-2,noteItem4-2,read> 0.004178901756511978
<222,patient2-3,noteItem2-3,read> 0.0015743566927018486
<223,nurse4-0,HR4-3,addItem> 1.0586108325197028E-4
<224,agent5-1,HR5-4,addNote> 8.94173796237556E-4
<225,patient6-7,noteItem6-7,read> 0.0042684563145799475
<226,patient6-5,noteItem6-5,read> 0.004298307833935938
<227,nurse8-0,HR8-3,addItem> 1.0617184107377486E-4
<228,patient0-0,noteItem0-0,read> 0.0015221165338288659
<229,agent7-0,noteItem7-9agent7-1agent7-0,read> 4.6044824139023665E-4
<230,nurse3-3,HR3-1,addItem> 1.389049530432542E-4
<231,nurse8-0,HR8-6,addItem> 1.0696725989249521E-4
<232,nurse3-3,HR3-0,addItem> 1.3963804130560453E-4
<233,nurse2-0,HR2-0,addItem> 1.5209943167509524E-4
<234,nurse8-0,HR8-5,addItem> 1.0776267871121555E-4
<235,nurse1-0,nursingItem1-2,read> 7.713984104497532E-4
<236,nurse3-3,HR3-3,addItem> 1.3743877651855354E-4
<237,nurse0-2,nursingItem0-2,read> 7.252786761526707E-4
<238,nurse8-0,HR8-8,addItem> 1.0378558461761386E-4
<239,nurse3-3,HR3-2,addItem> 1.3817186478090387E-4
<240,nurse1-0,nursingItem1-9,read> 7.47582093957317E-4
<241,patient7-8,noteItem7-8,read> 0.0014101733362439038
<242,patient5-8,noteItem5-8,read> 0.004216216155706965
<243,nurse8-0,HR8-7,addItem> 1.0418329402697402E-4
<244,patient6-8,noteItem6-8,read> 0.0043281593532919285
<245,nurse3-3,HR3-5,addItem> 1.4147076196148036E-4
<246,patient1-7,HR1-7,addNote> 0.001442238751109455
<247,nurse0-3,nursingItem0-8,read> 0.0012865847747577782
<248,nurse2-0,HR2-3,addItem> 1.5355856482597056E-4
<249,nurse3-2,nursingItem3-6,read> 4.891723522060127E-4
<250,nurse3-3,HR3-4,addItem> 1.411042178303052E-4
<251,agent8-11,HR8-8,addNote> 5.868739474348498E-4
<252,nurse2-0,HR2-4,addItem> 1.5428813140140824E-4
<253,nurse2-3,nursingItem2-2,read> 8.594484716885894E-4
<254,nurse3-3,HR3-7,addItem> 1.4073767369913003E-4
<255,nurse2-0,HR2-1,addItem> 1.524642149628141E-4
<256,doctor8-0,HR3-9,addItem> 4.8425290211675674E-4
<257,nurse3-3,HR3-6,addItem> 1.400045854367797E-4
<258,patient7-4,HR7-4,addNote> 0.001211456511115276
<259,nurse2-0,HR2-2,addItem> 1.531937815382517E-4
<260,agent0-11,HR0-5,addNote> 6.737882222319318E-4
<261,nurse2-0,HR2-7,addItem> 1.5027551523650115E-4
<262,doctor9-1,HR9-9,addItem> 1.1124174436774176E-4
<263,nurse3-3,HR3-9,addItem> 1.42936938486181E-4
<264,nurse2-0,HR2-8,addItem> 1.499107319487823E-4
<265,nurse3-3,HR3-8,addItem> 1.4257039435500583E-4
<266,patient5-4,HR5-4,addNote> 0.0013376655486120926
<267,nurse2-0,HR2-5,addItem> 1.495459486610635E-4
<268,nurse8-0,HR8-0,addItem> 1.085580975299359E-4
<269,nurse2-0,HR2-6,addItem> 1.4918116537334465E-4
<270,agent6-11,noteItem6-3agent6-1,read> 0.0013139766210403313
<271,patient1-9,noteItem1-9,read> 0.0015594309330238534
<272,agent3-11,noteItem3-7agent3-1,read> 4.5973659631327044E-4
<273,nurse8-3,HR8-2,addItem> 8.835126530380706E-5
<274,nurse0-0,nursingItem0-6,read> 0.001287852309120453
<275,nurse8-3,HR8-3,addItem> 8.546981078083826E-5
<276,nurse8-3,HR8-0,addItem> 8.739078046281749E-5
<277,doctor9-1,HR4-5,addItem> 8.363443813791491E-5
<278,agent8-01,noteItem8-0,read> 9.530886614222679E-4
<279,patient2-9,HR2-9,addNote> 0.0014963283386080907
<280,nurse8-3,HR8-1,addItem> 8.899158853113346E-5
<281,agent7-1,noteItem7-9agent7-1agent7-0,read> 3.5551383877571057E-4
<282,patient4-2,HR4-2,addNote> 0.001056399693619187
<283,doctor9-1,HR4-0,addItem> 8.685161600013397E-5
<284,doctor6-0,HR2-8,addItem> 6.418792006472593E-4
<285,nurse8-3,HR8-8,addItem> 8.354884109885908E-5
<286,nurse0-3,nursingItem0-9,read> 7.37023285999116E-4
<287,nurse8-3,HR8-9,addItem> 8.418916432618547E-5
<288,nurse8-3,HR8-6,addItem> 8.611013400816467E-5
<289,nurse8-3,HR8-7,addItem> 8.386900271252227E-5
<290,patient6-9,noteItem6-9,read> 0.004343085112969923
<291,nurse8-3,HR8-4,addItem> 8.482948755351187E-5
<292,patient6-2,noteItem6-2,read> 0.0041938275161899725
<293,doctor9-1,HR4-1,addItem> 8.626667457063961E-5
<294,doctor8-1,HR9-6,addItem> 2.820841611278011E-4
<295,doctor0-0,HRitem0-7-3,read> 2.675036652490477E-4
<296,nurse0-3,nursingItem0-3,read> 7.290008090496386E-4
<297,nurse8-3,HR8-5,addItem> 8.675045723549107E-5
<298,agent4-0,noteItem4-7,read> 0.002110743124233348
<299,nurse8-2,HR8-0,addItem> 8.860034143808139E-5
<300,nurse8-2,HR8-1,addItem> 9.022330601945364E-5
<301,nurse8-2,HR8-2,addItem> 8.957412018690473E-5
<302,nurse8-2,HR8-7,addItem> 8.502981935906237E-5
<303,patient8-0,HR8-0,addNote> 9.842802436210065E-4
<304,nurse8-2,HR8-8,addItem> 8.470522644278792E-5
<305,nurse8-2,HR8-9,addItem> 8.535441227533683E-5
<306,nurse8-2,HR8-3,addItem> 8.665278394043465E-5
<307,agent2-0,noteItem2-3,read> 7.116662214499185E-4
<308,nurse9-3,HR9-6,addItem> 1.220329026389539E-4
<309,doctor8-1,HRitem9-2-3,read> 4.7652599576624246E-4
<310,doctor8-1,HR9-4,addItem> 3.142948872394681E-4
<311,doctor1-1,HR1-3,addItem> 3.2652588449693764E-4
<312,nurse8-2,HR8-4,addItem> 8.600359810788574E-5
<313,doctor4-1,HRitem4-6-1,read> 5.164962737514744E-4
<314,doctor3-1,HR3-8,addItem> 6.147022472895822E-4
<315,nurse8-2,HR8-5,addItem> 8.795115560553249E-5
<316,patient2-6,HR2-6,addNote> 0.0014746925036086362
<317,doctor1-1,HRitem9-4-0,read> 6.210339238666963E-4
<318,nurse8-2,HR8-6,addItem> 8.730196977298358E-5
<319,agent0-01,noteItem0-1agent0-0,read> 0.0018020100006064502
<320,patient1-7,noteItem1-7,read> 0.001440024855599894
<321,patient1-8,noteItem1-8,read> 0.0014176362160829013
<322,agent1-1,noteItem1-7,read> 7.004815129738502E-4
<323,nurse3-1,nursingItem3-9,read> 5.214171426114135E-4
<324,doctor2-1,HRitem8-2-1,read> 1.2191788851264649E-4
<325,nurse5-2,nursingItem5-6,read> 0.0012542722235949135
<326,nurse9-0,nursingItem9-2,read> 6.590373188295317E-4
<327,nurse1-0,nursingItem1-4,read> 0.0013302271050141374
<328,nurse9-2,HR9-9,addItem> 1.2619401261140028E-4
<329,nurse4-0,nursingItem4-4,read> 7.099158116250462E-4
<330,nurse9-2,HR9-7,addItem> 1.2511222086142757E-4
<331,patient3-2,noteItem3-2,read> 0.004066958558927016
<332,patient0-5,HR0-5,addNote> 0.001027551913619915
<333,doctor6-1,HRitem0-7-2,read> 3.3770629465172366E-4
<334,nurse9-2,HR9-5,addItem> 1.3196356861125476E-4
<335,nurse9-2,HR9-6,addItem> 1.2439102636144575E-4
<336,nurse9-2,HR9-3,addItem> 1.3016058236130023E-4
<337,nurse7-1,HR7-5,addItem> 1.1931894209664412E-4
<338,nurse4-2,HR4-0,addItem> 1.0641517855900457E-4
<339,agent6-0,noteItem6-9agent6-0,read> 0.0011919761544481528
<340,nurse5-1,nursingItem5-3,read> 0.0012291323278223428
<341,nurse8-0,nursingItem8-4,read> 0.0012093587168697368
<342,nurse9-2,HR9-4,addItem> 1.3088177686128202E-4
<343,doctor6-0,HR6-8,addItem> 1.0615707583499591E-4
<344,nurse4-0,HR4-8,addItem> 1.0367053920996944E-4
<345,doctor1-0,HR1-3,addItem> 3.204225969362473E-4
<346,nurse9-2,HR9-1,addItem> 1.2871819336133662E-4
<347,patient8-0,noteItem8-0,read> 0.0019325749249737285
<348,doctor7-0,HR7-9,addItem> 2.1969928377861108E-4
<349,nurse9-2,HR9-2,addItem> 1.294393878613184E-4
<350,nurse9-2,HR9-0,addItem> 1.279969988613548E-4
<351,doctor8-1,HRitem8-1-3,read> 4.300221146488091E-5
<352,agent6-01,HR6-9,addNote> 2.0822769585520775E-4
<353,patient4-9,noteItem4-9,read> 0.004014718400054032
<354,nurse2-1,nursingItem2-5,read> 5.014437345682366E-4
<355,nurse9-1,HR9-6,addItem> 1.232119645001998E-4
<356,agent5-11,noteItem5-4,read> 0.0020941519940593
<357,patient9-7,HR9-7,addNote> 0.0012511222086142757
<358,nurse9-1,HR9-7,addItem> 1.2392632303335715E-4
<359,patient5-3,HR5-3,addNote> 0.0013412715211120016
<360,patient5-5,noteItem5-5agent5-0,read> 0.002189629455632973
<361,nurse9-1,HR9-8,addItem> 1.246406815665145E-4
<362,nurse9-1,HR9-9,addItem> 1.2499786083309319E-4
<363,doctor8-0,HR8-0,addItem> 4.3536340592273176E-4
<364,nurse8-1,nursingItem8-6,read> 0.0012059442815366705
<365,nurse9-1,HR9-2,addItem> 1.2821247423230119E-4
<366,patient9-3,noteItem9-3,read> 0.0026564742693564874
<367,nurse9-1,HR9-3,addItem> 1.2892683276545853E-4
<368,nurse9-1,HR9-4,addItem> 1.2964119129861584E-4
<369,nurse9-1,HR9-5,addItem> 1.3071272909835187E-4
<370,agent5-11,noteItem5-4agent5-1,read> 1.935617180168257E-4
<371,doctor9-1,HR9-0,addItem> 1.0655169032336565E-4
<372,nurse9-1,HR9-0,addItem> 1.267837571659865E-4
<373,patient8-4,noteItem8-4,read> 0.002051981002397689
<374,nurse9-1,HR9-1,addItem> 1.2749811569914387E-4
<375,doctor7-0,HRitem6-5-3,read> 1.32166677739629E-4
<376,agent1-11,noteItem1-7agent1-1,read> 5.721665953869612E-4
<377,patient4-8,HR4-8,addNote> 0.0010239459411200058
<378,patient3-9,noteItem3-9,read> 0.004126661597638995
<379,patient0-9,HR0-9,addNote> 0.0010600056661190962
<380,nurse9-0,nursingItem9-8,read> 6.631759714499041E-4
<381,nurse4-1,nursingItem4-3,read> 7.10608715000332E-4
<382,nurse9-3,HR9-4,addItem> 1.2840060573594968E-4
<383,nurse9-3,HR9-5,addItem> 1.29461889585449E-4
<384,nurse9-3,HR9-7,addItem> 1.2274042520528676E-4
<385,nurse0-2,nursingItem0-4,read> 7.292639519188351E-4
<386,nurse9-3,HR9-8,addItem> 1.2344794777161962E-4
<387,doctor5-1,HRitem9-5-0,read> 4.921915707083606E-4
<388,nurse9-3,HR9-9,addItem> 1.2380170905478604E-4
<389,nurse1-2,nursingItem1-7,read> 7.38451409293611E-4
<390,agent9-1,noteItem9-1,read> 0.001912124207661518
<391,nurse9-3,HR9-0,addItem> 1.2557051547061824E-4
<392,patient3-9,HR3-9,addNote> 0.0014061790261103645
<393,nurse9-3,HR9-1,addItem> 1.262780380369511E-4
<394,nurse3-0,nursingItem3-1,read> 8.50248111986323E-4
<395,patient7-3,noteItem7-3,read> 0.0013355445378539282
<396,nurse9-3,HR9-2,addItem> 1.2698556060328396E-4
<397,nurse9-3,HR9-3,addItem> 1.2769308316961682E-4
<398,agent3-1,noteItem3-7agent3-1,read> 5.570035800325422E-4
<399,doctor7-0,HR6-0,addItem> 1.9425674354718345E-4
<400,doctor5-0,HR5-7,addItem> 9.54035149278019E-4
<401,doctor7-0,HR6-1,addItem> 2.3211945479622843E-4
<402,doctor6-1,HRitem0-4-0,read> 3.0847936955966007E-4
<403,doctor7-0,HR6-2,addItem> 2.3464363554616478E-4
<404,patient1-9,HR1-9,addNote> 0.001453056668609182
<405,doctor7-0,HR6-4,addItem> 2.295952740462921E-4
<406,patient9-9,noteItem9-9,read> 0.0027460288274244573
<407,agent4-11,HR4-1,addNote> 6.762361429143238E-4
<408,patient5-1,noteItem5-1,read> 0.004290844954096941
<409,doctor7-0,HR6-5,addItem> 2.1697437029661042E-4
<410,doctor7-0,HR6-6,addItem> 2.220227317964831E-4
<411,doctor7-0,HR6-7,addItem> 2.068776472968651E-4
<412,nurse3-2,HR3-7,addItem> 1.382467414212693E-4
<413,nurse5-2,nursingItem5-0,read> 0.0012419919197564646
<414,nurse5-2,HR5-6,addItem> 1.374079183484428E-4
<415,nurse3-2,HR3-8,addItem> 1.4004702454341282E-4
<416,nurse3-2,HR3-9,addItem> 1.404070811678415E-4
<417,patient3-4,noteItem3-4agent3-0,read> 0.0031703864046982843
<418,nurse3-2,HR3-3,addItem> 1.35006231801411E-4
<419,nurse3-2,HR3-4,addItem> 1.3860679804569801E-4
<420,doctor8-1,HR8-8,addItem> 2.2224796757114946E-4
<421,doctor5-1,HRitem4-8-2,read> 4.0170983440926985E-4
<422,agent2-11,HR2-8,addNote> 0.0010443976252554263
<423,doctor3-1,HRitem0-3-1,read> 3.074209735210305E-4
<424,nurse4-1,nursingItem4-4,read> 7.055470989381228E-4
<425,doctor3-1,HR3-0,addItem> 6.020592016034977E-4
<426,nurse4-0,nursingItem4-9,read> 0.0012646843568221023
<427,nurse3-2,HR3-5,addItem> 1.3896685467012671E-4
<428,nurse3-2,HR3-6,addItem> 1.3752662817241194E-4
<429,nurse3-2,HR3-0,addItem> 1.371665715479832E-4
<430,patient9-8,HR9-8,addNote> 0.0012583341536140935
<431,nurse3-2,HR3-1,addItem> 1.3644645829912578E-4
<432,nurse1-3,nursingItem1-5,read> 7.293573766607629E-4
<433,nurse6-0,nursingItem6-6,read> 2.3870407066397972E-4
<434,nurse6-0,nursingItem6-7,read> 2.3521827954993315E-4
<435,nurse6-0,nursingItem6-8,read> 1.4160756391476422E-4
<436,patient0-5,noteItem0-5,read> 0.0016639112507698189
<437,nurse6-0,nursingItem6-9,read> 1.3961250577918788E-4
<438,doctor4-0,HRitem4-4-1,read> 4.3450595993561403E-4
<439,nurse6-0,nursingItem6-2,read> 1.6554826154168063E-4
<440,patient2-4,HR2-4,addNote> 0.0015251761186073631
<441,nurse6-0,nursingItem6-4,read> 1.3262980230467058E-4
<442,patient6-4,noteItem6-4,read> 0.004283382074257943
<443,nurse6-0,nursingItem6-5,read> 1.2963721510130604E-4
<444,doctor4-0,HR9-1,addItem> 2.990382345770506E-4
<445,doctor6-1,HRitem0-3-2,read> 1.9546859253701413E-4
<446,nurse6-0,nursingItem6-0,read> 2.857622507036082E-4
<447,nurse6-0,nursingItem6-1,read> 1.6455073247389245E-4
<448,nurse3-1,HR3-8,addItem> 1.408881478139438E-4
<449,nurse3-1,HR3-9,addItem> 1.412503669406213E-4
<450,doctor2-0,HR2-0,addItem> 4.0034280099171765E-4
<451,nurse3-1,HR3-6,addItem> 1.3835261392720118E-4
<452,nurse3-1,HR3-7,addItem> 1.390770521805562E-4
<453,nurse3-1,HR3-4,addItem> 1.3943927130723375E-4
<454,agent7-01,noteItem7-9agent7-1agent7-0,read> 1.611028294260868E-4
<455,nurse3-1,HR3-2,addItem> 1.3654151829381355E-4
<456,nurse3-1,HR3-3,addItem> 1.358170800404585E-4
<457,patient8-2,HR8-2,addNote> 9.950981611207333E-4
<458,nurse3-1,HR3-0,addItem> 1.3799039480052365E-4
<459,nurse3-1,HR3-1,addItem> 1.372659565471686E-4
<460,doctor4-0,HRitem7-6-0,read> 3.760878613418135E-4
<461,patient2-0,noteItem2-0,read> 0.0016191339717358335
<462,agent7-1,noteItem7-9agent7-1,read> 7.795560549082924E-4
<463,nurse6-1,nursingItem6-9,read> 1.4040801863263056E-4
<464,nurse6-1,nursingItem6-7,read> 1.3539195366212868E-4
<465,nurse0-2,nursingItem0-0,read> 7.462013739250332E-4
<466,agent8-1,noteItem8-8,read> 0.0010488477509725828
<467,nurse6-1,nursingItem6-8,read> 2.482254291551631E-4
<468,nurse6-1,nursingItem6-5,read> 1.3037588869162686E-4
<469,nurse6-1,nursingItem6-6,read> 1.3739837965032943E-4
<470,nurse6-1,nursingItem6-3,read> 1.6749476947334042E-4
<471,nurse6-1,nursingItem6-4,read> 1.3338552767392796E-4
<472,nurse6-1,nursingItem6-1,read> 1.654883434851397E-4
<473,nurse9-0,HR9-6,addItem> 1.2792821194518354E-4
<474,nurse6-1,nursingItem6-2,read> 1.6649155647924008E-4
<475,patient3-0,noteItem3-0,read> 0.0040818843186050105
<476,nurse6-1,nursingItem6-0,read> 1.6448513049103936E-4
<477,nurse3-0,HR3-1,addItem> 1.339879635549974E-4
<478,nurse7-3,HR7-4,addItem> 1.25557117398502E-4
<479,nurse3-0,HR3-2,addItem> 1.3328082531963295E-4
<480,nurse9-1,nursingItem9-2,read> 6.34741012144572E-4
<481,patient5-7,HR5-7,addNote> 0.0013629073561114559
<482,nurse3-0,HR3-3,addItem> 1.3257368708426845E-4
<483,nurse3-0,HR3-4,addItem> 1.3610937826109086E-4
<484,nurse3-0,HR3-5,addItem> 1.364629473787731E-4
<485,doctor9-1,HRitem4-0-0,read> 4.6320256977116516E-4
<486,nurse9-0,HR9-0,addItem> 1.3163672394745968E-4
<487,nurse3-0,HR3-6,addItem> 1.3504867090804413E-4
<488,nurse3-0,HR3-7,addItem> 1.3575580914340862E-4
<489,nurse3-0,HR3-8,addItem> 1.375236547318198E-4
<490,nurse9-0,HR9-4,addItem> 1.346035335492806E-4
<491,nurse9-0,HR9-3,addItem> 1.3386183114882537E-4
<492,nurse9-0,HR9-2,addItem> 1.3312012874837012E-4
<493,nurse5-3,nursingItem5-0,read> 7.184205253831682E-4
<494,nurse9-0,HR9-1,addItem> 1.3237842634791492E-4
<495,nurse9-0,HR9-8,addItem> 1.2941161674609399E-4
<496,nurse9-0,HR9-7,addItem> 1.286699143456388E-4
<497,patient7-9,noteItem7-9agent7-1,read> 0.0015850532541543554
<498,doctor5-0,HR5-2,addItem> 9.414142455283375E-4
<499,nurse3-0,HR3-0,addItem> 1.346951017903619E-4
<500,nurse9-0,HR9-5,addItem> 1.3571608714996343E-4
<501,nurse9-0,HR9-9,addItem> 1.297824679463216E-4
<502,nurse3-0,HR3-9,addItem> 1.37877223849502E-4
<503,patient7-9,noteItem7-9agent7-1agent7-0,read> 9.334544592274018E-4
<504,patient7-6,noteItem7-6,read> 0.0013653960572099183
<505,patient4-1,noteItem4-1,read> 0.004089347198444008
<506,nurse7-3,HR7-8,addItem> 1.2705203036765197E-4
<507,agent4-11,noteItem4-1agent4-1,read> 0.002689621254620895
<508,patient9-2,noteItem9-2,read> 0.002626622750000497
<509,nurse7-3,HR7-9,addItem> 1.266783021253645E-4
<510,nurse7-3,HR7-5,addItem> 1.251833891562145E-4
<511,nurse1-2,HR1-4,addItem> 1.5210506109129392E-4
<512,nurse7-3,HR7-6,addItem> 1.2630457388307695E-4
<513,patient2-7,noteItem2-7,read> 0.0014997278943118732
<514,nurse0-3,nursingItem0-2,read> 0.0012725993658944201
<515,nurse7-3,HR7-7,addItem> 1.259308456407895E-4
<516,nurse7-3,HR7-0,addItem> 1.24062204429352E-4
<517,patient2-3,noteItem2-3agent2-0,read> 0.0044870190212517175
<518,nurse7-3,HR7-1,addItem> 1.2368847618706455E-4
<519,nurse7-3,HR7-2,addItem> 1.24809660913927E-4
<520,nurse7-3,HR7-3,addItem> 1.2443593267163952E-4
<521,doctor3-0,HRitem3-9-2,read> 6.876510538420827E-4
<522,patient0-2,HR0-2,addNote> 0.0010131280236202788
<523,nurse4-3,nursingItem4-1,read> 0.0012049748071926785
<524,doctor4-0,HRitem7-9-2,read> 1.1064422036296569E-4
<525,doctor1-1,HRitem8-5-2,read> 4.78575753611639E-4
<526,doctor2-1,HRitem0-6-3,read> 5.369938522054395E-4
<527,patient8-6,noteItem8-6,read> 0.0019698893241687165
<528,patient0-1,HR0-1,addNote> 0.0010059160786204605
<529,doctor0-1,HR2-2,addItem> 4.041143661100579E-4
<530,nurse3-3,nursingItem3-7,read> 5.24575079236365E-4
<531,patient8-3,HR8-3,addNote> 9.626444086215519E-4
<532,doctor7-1,HR7-1,addItem> 8.353986540310115E-4
<533,nurse1-1,HR1-8,addItem> 1.4700063427028093E-4
<534,doctor0-1,HR2-3,addItem> 2.527083617177274E-4
<535,nurse0-1,nursingItem0-5,read> 7.404692946726003E-4
<536,nurse9-3,nursingItem9-5,read> 6.336018496001587E-4
<537,nurse5-2,nursingItem5-9,read> 7.183393528372427E-4
<538,doctor0-1,HR2-4,addItem> 2.539089953277889E-4
<539,doctor0-1,HR2-5,addItem> 3.9449164085294776E-4
<540,doctor0-1,HR2-0,addItem> 2.503070944976045E-4
<541,nurse2-1,nursingItem2-1,read> 4.973994937450364E-4
<542,doctor0-1,HR2-1,addItem> 4.0218982105863586E-4
<543,nurse0-1,nursingItem0-4,read> 0.0012890938807745532
<544,doctor0-1,HR2-7,addItem> 2.473055104724509E-4
<545,agent1-01,HR1-6,addNote> 0.0011048173225267697
<546,doctor0-1,HR2-6,addItem> 3.9352936832723676E-4
<547,agent4-0,HR4-7,addNote> 6.842166232254905E-4
<548,doctor0-1,HR2-9,addItem> 3.9930300348150284E-4
<549,nurse1-2,nursingItem1-6,read> 0.001281791852043665
<550,doctor7-1,HRitem4-1-2,read> 6.804769013831949E-4
<551,doctor0-1,HR2-8,addItem> 3.9545391337865877E-4
<552,agent4-01,noteItem4-7,read> 0.0019667426956501035
<553,doctor8-0,HR1-6,addItem> 3.4359969802595907E-4
<554,patient0-8,HR0-8,addNote> 0.0010672176111189142
<555,doctor5-1,HRitem5-8-2,read> 2.3157993324135964E-4
<556,doctor5-0,HR5-5,addItem> 9.338417032785284E-4
<557,nurse7-0,HR7-9,addItem> 1.2120032149291633E-4
<558,patient0-7,HR0-7,addNote> 0.0010744295561187325
<559,nurse5-0,HR5-9,addItem> 1.33679141293744E-4
<560,nurse5-0,HR5-5,addItem> 1.3224925855678585E-4
<561,nurse7-0,HR7-0,addItem> 1.1869735234592061E-4
<562,nurse5-0,HR5-6,addItem> 1.3582396539918123E-4
<563,nurse5-0,HR5-7,addItem> 1.3510902403070216E-4
<564,nurse5-0,HR5-8,addItem> 1.3439408266222307E-4
<565,agent3-0,noteItem3-4,read> 0.0020024863942428514
<566,nurse5-0,HR5-1,addItem> 1.3868373087309754E-4
<567,nurse5-0,HR5-2,addItem> 1.3332167060950447E-4
<568,nurse4-3,nursingItem4-9,read> 7.12311329815066E-4
<569,patient7-7,HR7-7,addNote> 0.001215062483615185
<570,nurse5-0,HR5-3,addItem> 1.329641999252649E-4
<571,nurse5-0,HR5-4,addItem> 1.326067292410254E-4
<572,nurse7-0,HR7-8,addItem> 1.215578885139157E-4
<573,nurse7-0,HR7-7,addItem> 1.2048518745091752E-4
<574,agent5-0,noteItem5-5,read> 0.0021201928915421104
<575,nurse7-0,HR7-6,addItem> 1.208427544719169E-4
<576,agent4-1,noteItem4-1agent4-1,read> 0.003354659637834067
<577,nurse5-0,HR5-0,addItem> 1.3832626018885798E-4
<578,nurse7-0,HR7-5,addItem> 1.1977005340891877E-4
<579,nurse4-1,nursingItem4-0,read> 6.994731596634717E-4
<580,nurse7-0,HR7-4,addItem> 1.2012762042991814E-4
<581,nurse7-0,HR7-3,addItem> 1.1905491936691998E-4
<582,nurse7-0,HR7-2,addItem> 1.1941248638791935E-4
<583,nurse3-3,nursingItem3-2,read> 5.01054208166714E-4
<584,patient2-1,HR2-1,addNote> 0.0015071462561078177
<585,nurse7-0,HR7-1,addItem> 1.1833978532492124E-4
<586,doctor6-0,HR2-1,addItem> 6.528125582168364E-4
<587,patient9-9,HR9-9,addNote> 0.0012619401261140025
<588,agent6-01,noteItem6-9agent6-0,read> 8.997316092236291E-4
<589,doctor6-0,HR2-2,addItem> 6.55936374665287E-4
<590,patient2-1,noteItem2-1,read> 0.001604208212057839
<591,doctor6-1,HR6-8,addItem> 1.0576893296174183E-4
<592,doctor6-0,HR2-5,addItem> 6.40317292423034E-4
<593,doctor6-0,HR2-6,addItem> 6.387553841988087E-4
<594,patient0-6,HR0-6,addNote> 0.001034763858619733
<595,doctor8-0,HRitem8-7-2,read> 4.673020854619582E-4
<596,patient7-5,noteItem7-5,read> 0.001387784696726911
<597,agent6-11,noteItem6-3,read> 0.00182988718651928
<598,nurse4-2,HR4-4,addItem> 1.0462342586823979E-4
<599,nurse4-2,HR4-3,addItem> 1.0390672479193389E-4
<600,nurse4-2,HR4-6,addItem> 1.0319002371562798E-4
<601,doctor4-0,HR9-8,addItem> 2.923363154643164E-4
<602,patient9-0,noteItem9-0,read> 0.0026191598701614995
<603,patient9-5,noteItem9-5,read> 0.0026863257887124767
<604,nurse8-2,nursingItem8-6,read> 5.867936594478356E-4
<605,nurse4-2,HR4-5,addItem> 1.0247332263932207E-4
<606,nurse4-2,HR4-8,addItem> 1.0175662156301615E-4
<607,doctor4-1,HR4-4,addItem> 2.666648590289224E-4
<608,nurse4-2,HR4-7,addItem> 1.0103992048671023E-4
<609,nurse7-1,HR7-1,addItem> 1.178940610864093E-4
<610,nurse2-2,nursingItem2-3,read> 4.961251018519722E-4
<611,nurse4-2,nursingItem4-5,read> 0.0012197893660066974
<612,nurse7-1,HR7-0,addItem> 1.1825028133896798E-4
<613,nurse4-2,HR4-9,addItem> 1.0032321941040431E-4
<614,nurse5-2,nursingItem5-7,read> 7.203572780983294E-4
<615,doctor6-0,HR0-2,addItem> 1.4605674707989633E-4
<616,nurse8-2,nursingItem8-3,read> 5.931328874580751E-4
<617,nurse7-1,HR7-3,addItem> 1.186065015915267E-4
<618,patient7-6,HR7-6,addNote> 0.001218668456115094
<619,nurse8-0,nursingItem8-8,read> 0.0011945190112623366
<620,patient1-0,noteItem1-0,read> 0.0017385400491597934
<621,nurse7-1,nursingItem7-0,read> 1.559919836358627E-4
<622,nurse7-1,HR7-2,addItem> 1.1896272184408539E-4
<623,agent9-01,noteItem9-3,read> 7.835630528535462E-4
<624,nurse7-1,HR7-4,addItem> 1.1967516234920283E-4
<625,doctor6-1,HR6-3,addItem> 1.1332760608655118E-4
<626,nurse8-1,nursingItem8-3,read> 7.307883016121678E-4
<627,nurse7-1,HR7-6,addItem> 1.2038760285432024E-4
<628,doctor9-1,HRitem9-5-0,read> 2.46703429268635E-4
<629,nurse7-1,HR7-9,addItem> 1.2074382310687898E-4
<630,agent8-0,noteItem8-0agent8-0,read> 0.002427130783494157
<631,nurse4-2,HR4-2,addItem> 1.0498177640639274E-4
<632,nurse7-1,HR7-8,addItem> 1.2110004335943767E-4
<633,nurse4-2,HR4-1,addItem> 1.0569847748269866E-4
<634,doctor9-0,HR0-9,addItem> 9.320515507848667E-5
<635,nurse5-1,nursingItem5-8,read> 0.0012466174655543895
<636,doctor8-0,HR3-6,addItem> 4.743184478795073E-4
<637,doctor9-0,HR0-8,addItem> 9.383929362473292E-5
<638,doctor4-0,HR9-9,addItem> 2.9317405535340816E-4
<639,doctor5-1,HRitem9-7-1,read> 3.956761687888398E-5
<640,agent8-11,noteItem8-8agent8-1,read> 9.166360367233057E-4
<641,nurse9-0,nursingItem9-4,read> 0.0011231245376692657
<642,doctor9-0,HR0-1,addItem> 8.844911598163972E-5
<643,doctor9-0,HR0-6,addItem> 9.098567016662477E-5
<644,patient9-6,noteItem9-6,read> 0.002671400029034482
<645,nurse5-2,HR5-4,addItem> 1.3415316340127057E-4
<646,nurse5-0,nursingItem5-9,read> 0.0012407286673267917
<647,nurse4-3,HR4-6,addItem> 1.0254306431929174E-4
<648,nurse4-3,HR4-5,addItem> 1.0183085666666175E-4
<649,nurse4-3,HR4-4,addItem> 1.0396747962455176E-4
<650,nurse4-0,nursingItem4-3,read> 7.150087689631824E-4
<651,doctor5-1,HR9-0,addItem> 2.1257849547272456E-4
<652,nurse9-0,nursingItem9-0,read> 6.880078871721395E-4
<653,nurse7-2,HR7-2,addItem> 1.1851295730025143E-4
<654,nurse7-2,HR7-1,addItem> 1.1744833684789734E-4
<655,nurse7-2,HR7-0,addItem> 1.1780321033201538E-4
<656,nurse3-2,nursingItem3-3,read> 8.503848624082321E-4
<657,nurse4-3,HR4-9,addItem> 9.96942337087717E-5
<658,nurse4-3,HR4-8,addItem> 1.0111864901403174E-4
<659,nurse7-2,HR7-6,addItem> 1.1993245123672357E-4
<660,agent9-11,noteItem9-1agent9-1,read> 0.0010972388176675556
<661,nurse4-3,nursingItem4-3,read> 0.0012206247716177654
<662,doctor6-0,HR6-3,addItem> 1.1374348720980459E-4
<663,nurse7-2,HR7-4,addItem> 1.1922270426848749E-4
<664,nurse7-2,HR7-3,addItem> 1.181580838161334E-4
<665,patient9-3,noteItem9-3agent9-0,read> 0.001712686007799841
<666,nurse4-3,HR4-3,addItem> 1.0325527197192176E-4
<667,nurse7-2,HR7-9,addItem> 1.2028732472084163E-4
<668,nurse2-2,nursingItem2-5,read> 8.678045966576778E-4
<669,patient8-2,noteItem8-2,read> 0.002029592362880696
<670,nurse9-3,nursingItem9-8,read> 6.326148667747933E-4
<671,nurse4-3,HR4-2,addItem> 1.0432358345086676E-4
<672,nurse2-3,nursingItem2-4,read> 4.92505194877521E-4
<673,agent8-1,noteItem8-8agent8-1,read> 0.0011833407083894447
<674,nurse7-2,HR7-8,addItem> 1.2064219820495963E-4
<675,nurse4-3,HR4-1,addItem> 1.0503579110349677E-4
<676,nurse7-2,HR7-7,addItem> 1.1957757775260553E-4
<677,nurse4-3,HR4-0,addItem> 1.0574799875612678E-4
<678,nurse6-0,HR6-6,addItem> 3.144874046027667E-5
<679,nurse5-3,HR5-1,addItem> 1.4110968534901177E-4
<680,nurse4-0,HR4-0,addItem> 1.0841671796763787E-4
<681,nurse6-0,HR6-5,addItem> 3.073365777809131E-5
<682,nurse5-3,HR5-0,addItem> 1.407459615332695E-4
<683,nurse4-3,nursingItem4-8,read> 0.0012484469305956976
<684,nurse5-3,HR5-3,addItem> 1.3529010429713542E-4
<685,nurse6-0,HR6-8,addItem> 3.0018575095905955E-5
<686,nurse6-0,HR6-7,addItem> 2.9303492413720605E-5
<687,nurse6-0,HR6-2,addItem> 3.323644716574005E-5
<688,nurse1-3,nursingItem1-2,read> 7.352794213317046E-4
<689,nurse6-0,HR6-1,addItem> 3.287890582464737E-5
<690,patient7-3,HR7-3,addNote> 0.0012006385936155488
<691,agent7-11,HR7-9,addNote> 2.613823534274867E-4
<692,nurse6-0,HR6-4,addItem> 3.2521364483554696E-5
<693,nurse5-1,nursingItem5-1,read> 0.001232629355368752
<694,patient4-4,HR4-4,addNote> 0.001052793721119278
<695,nurse6-0,HR6-3,addItem> 3.216382314246202E-5
<696,nurse5-3,HR5-9,addItem> 1.3601755192862E-4
<697,nurse3-2,nursingItem3-4,read> 4.8716325894804333E-4
<698,nurse9-3,nursingItem9-0,read> 6.563024545835616E-4
<699,nurse4-0,HR4-7,addItem> 1.0294035786263582E-4
<700,nurse5-3,HR5-8,addItem> 1.367449995601045E-4
<701,patient5-0,noteItem5-0,read> 0.00432069647345293
<702,nurse6-0,HR6-0,addItem> 2.7515785708257225E-5
<703,doctor4-0,HR7-8,addItem> 2.0082773850285855E-4
<704,nurse4-0,HR4-5,addItem> 1.0440072055730305E-4
<705,nurse4-0,HR4-6,addItem> 1.0513090190463666E-4
<706,nurse5-3,HR5-5,addItem> 1.345626566656509E-4
<707,nurse5-3,HR5-4,addItem> 1.3492638048139317E-4
<708,nurse2-3,nursingItem2-3,read> 8.577120659877285E-4
<709,nurse4-0,HR4-4,addItem> 1.0659126459930388E-4
<710,nurse5-3,HR5-7,addItem> 1.3747244719158904E-4
<711,patient9-7,noteItem9-7,read> 0.0027236401879074646
<712,nurse4-0,HR4-1,addItem> 1.0768653662030428E-4
<713,nurse5-3,HR5-6,addItem> 1.3819989482307359E-4
<714,nurse4-0,HR4-2,addItem> 1.0695635527297065E-4
<715,nurse4-0,HR4-9,addItem> 1.0221017651530221E-4
<716,nurse6-0,HR6-9,addItem> 3.3593988506832726E-5
<717,nurse6-1,HR6-9,addItem> 3.378540724476339E-5
<718,agent7-0,noteItem7-9agent7-1,read> 6.059891504829396E-4
<719,nurse6-1,HR6-8,addItem> 3.0189621107848443E-5
<720,nurse3-2,nursingItem3-5,read> 4.901768988349974E-4
<721,nurse4-1,HR4-0,addItem> 1.0774953816476008E-4
<722,nurse6-1,HR6-7,addItem> 2.9470463880465453E-5
<723,nurse4-1,HR4-1,addItem> 1.0702385024110239E-4
<724,nurse6-1,HR6-6,addItem> 3.162793556261443E-5
<725,nurse5-1,nursingItem5-5,read> 7.182116575187281E-4
<726,nurse6-1,HR6-5,addItem> 3.0908778335231433E-5
<727,nurse6-1,HR6-4,addItem> 3.270667140368891E-5
<728,agent3-01,noteItem3-4,read> 0.002067475810688867
<729,nurse2-3,nursingItem2-5,read> 4.915141556658952E-4
<730,patient3-4,HR3-4,addNote> 0.0013881491636108195
<731,nurse6-1,HR6-3,addItem> 3.234709278999741E-5
<732,agent0-0,noteItem0-1agent0-0,read> 0.002084066735755604
<733,nurse6-1,HR6-2,addItem> 3.34258286310719E-5
<734,nurse4-1,HR4-6,addItem> 1.0448394250830043E-4
<735,nurse6-1,HR6-1,addItem> 3.306625001738041E-5
<736,nurse6-1,HR6-0,addItem> 2.767257081200798E-5
<737,nurse4-1,HR4-7,addItem> 1.0230687873732731E-4
<738,patient1-8,HR1-8,addNote> 0.0014674805586088182
<739,nurse4-1,HR4-8,addItem> 1.0303256666098502E-4
<740,nurse4-1,HR4-9,addItem> 1.015811908136696E-4
<741,patient4-1,noteItem4-1agent4-1,read> 0.004910222362286749
<742,nurse4-1,HR4-2,addItem> 1.0629816231744467E-4
<743,nurse4-1,HR4-3,addItem> 1.0520963043195814E-4
<744,doctor9-1,HR9-1,addItem> 1.1346684414792757E-4
<745,nurse4-1,HR4-4,addItem> 1.0593531835561584E-4
<746,nurse4-1,HR4-5,addItem> 1.0375825458464273E-4
<747,agent7-11,noteItem7-9agent7-1,read> 2.9202905728034986E-4
<748,doctor1-1,HRitem9-2-2,read> 4.755011168435442E-4
<749,nurse4-3,nursingItem4-6,read> 0.0012519247004679388
<750,nurse6-2,HR6-4,addItem> 3.2891978323823124E-5
<751,nurse6-2,HR6-3,addItem> 3.253036243753281E-5
<752,patient8-1,noteItem8-1,read> 0.0019400378048127264
<753,patient0-8,noteItem0-8,read> 0.0016265968515748314
<754,nurse6-2,HR6-6,addItem> 3.180713066495219E-5
<755,doctor5-1,HR9-5,addItem> 2.1916620797475525E-4
<756,agent2-11,noteItem2-8agent2-1,read> 4.444156395651075E-4
<757,nurse6-2,HR6-5,addItem> 3.1083898892371555E-5
<758,doctor5-1,HRitem4-6-3,read> 5.205957894422674E-4
<759,nurse6-2,HR6-8,addItem> 3.0360667119790925E-5
<760,doctor3-1,HRitem0-6-2,read> 3.936251003602893E-4
<761,nurse6-2,HR6-7,addItem> 2.96374353472103E-5
<762,nurse5-1,HR5-1,addItem> 1.3949238236506895E-4
<763,agent2-1,noteItem2-8,read> 6.819363860189878E-4
<764,nurse6-2,HR6-9,addItem> 3.397682598269406E-5
<765,nurse5-1,HR5-0,addItem> 1.3913282730366184E-4
<766,nurse5-1,HR5-3,addItem> 1.337395013825551E-4
<767,patient7-1,HR7-1,addNote> 0.0011934266486157308
<768,patient3-2,HR3-2,addNote> 0.001359301383611547
<769,nurse5-1,HR5-2,addItem> 1.340990564439622E-4
<770,nurse5-1,HR5-5,addItem> 1.3302039125974086E-4
<771,nurse2-2,nursingItem2-2,read> 4.971294883930475E-4
<772,nurse5-1,HR5-4,addItem> 1.3337994632114797E-4
<773,nurse1-2,nursingItem1-9,read> 7.175787992165552E-4
<774,nurse5-1,HR5-7,addItem> 1.358968317509978E-4
<775,nurse6-2,HR6-0,addItem> 2.7829355915758732E-5
<776,nurse5-1,HR5-6,addItem> 1.36615941873812E-4
<777,nurse5-1,HR5-9,addItem> 1.3445861150536932E-4
<778,nurse6-2,HR6-2,addItem> 3.361521009640375E-5
<779,nurse5-1,HR5-8,addItem> 1.3517772162818353E-4
<780,nurse6-2,HR6-1,addItem> 3.325359421011344E-5
<781,doctor8-0,HR3-3,addItem> 4.6562580042191413E-4
<782,agent2-0,HR2-3,addNote> 8.848262134544623E-4
<783,doctor8-0,HR3-2,addItem> 4.6810941398122644E-4
<784,doctor1-0,HRitem1-3-0,read> 7.091735112187462E-4
<785,doctor8-0,HR3-1,addItem> 4.705930275405388E-4
<786,nurse0-0,nursingItem0-9,read> 7.417936632547737E-4
<787,doctor8-0,HR3-7,addItem> 4.768020614388197E-4
<788,doctor8-0,HR3-4,addItem> 4.7804386821847594E-4
<789,nurse0-3,nursingItem0-7,read> 7.350176667617465E-4
<790,nurse0-3,nursingItem0-6,read> 7.360204763804314E-4
<791,agent8-11,noteItem8-8,read> 9.6716757213578E-4
<792,doctor8-0,HRitem8-5-0,read> 4.734513589981477E-4
<793,nurse6-3,HR6-7,addItem> 2.9804406813955144E-5
<794,agent9-1,HR9-1,addNote> 0.0012048955119520102
<795,nurse6-3,HR6-6,addItem> 3.198632576728994E-5
<796,nurse6-3,HR6-5,addItem> 3.1259019449511676E-5
<797,agent8-01,HR8-0,addNote> 6.259490306054669E-4
<798,agent1-0,HR1-6,addNote> 7.747808181654031E-4
<799,nurse6-3,HR6-4,addItem> 3.3077285243957335E-5
<800,nurse5-2,HR5-2,addItem> 1.3487644227841997E-4
<801,doctor7-1,HR7-4,addItem> 8.480195577806931E-4
<802,patient3-4,noteItem3-4,read> 0.004037107039571025
<803,nurse5-2,HR5-1,addItem> 1.4030103385704034E-4
<804,nurse6-3,HR6-9,addItem> 3.4168244720624735E-5
<805,nurse5-2,HR5-0,addItem> 1.3993939441846564E-4
<806,nurse6-3,HR6-8,addItem> 3.053171313173341E-5
<807,nurse2-2,nursingItem2-6,read> 5.011470345573486E-4
<808,nurse5-2,HR5-5,addItem> 1.3379152396269587E-4
<809,nurse5-2,HR5-3,addItem> 1.3451480283984524E-4
<810,nurse6-3,HR6-3,addItem> 3.271363208506821E-5
<811,nurse5-2,HR5-9,addItem> 1.3523808171699464E-4
<812,nurse6-3,HR6-2,addItem> 3.380459156173561E-5
<813,nurse5-2,HR5-8,addItem> 1.3596136059414402E-4
<814,nurse6-3,HR6-1,addItem> 3.3440938402846475E-5
<815,nurse5-2,HR5-7,addItem> 1.3668463947129342E-4
<816,nurse6-3,HR6-0,addItem> 2.7986141019509488E-5
<817,agent9-0,HR9-3,addNote> 0.001197012498501243
<818,doctor5-0,HR1-2,addItem> 4.272419700520684E-4
<819,nurse8-2,nursingItem8-1,read> 5.949440954610008E-4
<820,doctor5-0,HR1-0,addItem> 4.3126346521090727E-4
<821,doctor5-0,HR1-3,addItem> 4.2824734384177806E-4
<822,doctor5-0,HR1-9,addItem> 4.05123746678454E-4
<823,patient1-2,noteItem1-2,read> 0.0013803218168879135
<824,doctor2-1,HR8-9,addItem> 2.1909158657847436E-4
<825,doctor1-1,HR8-0,addItem> 2.536327646119726E-4
<826,doctor2-1,HR8-8,addItem> 2.1742522686436143E-4
<827,doctor8-1,HR9-7,addItem> 2.8371962914738495E-4
<828,doctor2-1,HR8-6,addItem> 2.2409066572081322E-4
<829,doctor2-1,HR8-4,addItem> 2.207579462925873E-4
<830,doctor2-1,HR8-2,addItem> 2.299229247202085E-4
<831,doctor3-0,HR7-3,addItem> 2.0919262984998822E-4
<832,agent5-11,HR5-4,addNote> 8.447914169581643E-4
<833,nurse4-3,nursingItem4-5,read> 6.944279977711241E-4
<834,agent0-01,noteItem0-1,read> 7.66720985274435E-4
<835,patient1-1,noteItem1-1,read> 0.0014027104564049058
<836,doctor2-1,HR8-1,addItem> 2.315892844343214E-4
<837,doctor3-1,HR0-1,addItem> 2.4636314744154285E-4
<838,agent3-0,noteItem3-4agent3-0,read> 0.0020988483503513785
<839,doctor3-1,HR0-2,addItem> 1.5246508698833785E-4
<840,doctor3-1,HR0-0,addItem> 2.498957631479488E-4
<841,doctor3-1,HR0-5,addItem> 1.546357303742018E-4
<842,doctor3-1,HRitem0-4-3,read> 5.39043610050836E-4
<843,doctor3-1,HR0-6,addItem> 2.5342837885435483E-4
<844,nurse8-3,nursingItem8-1,read> 0.0010764967182591055
<845,nurse2-1,nursingItem2-3,read> 4.994216141566365E-4
<846,doctor3-1,HR0-3,addItem> 1.5680637376006568E-4
<847,patient0-4,noteItem0-4,read> 0.0016564483709308215
<848,agent9-01,noteItem9-3agent9-0,read> 5.612340302482557E-4
<849,doctor3-1,HR0-4,addItem> 1.5789169545299764E-4
<850,doctor5-0,HRitem1-9-1,read> 6.978998430690654E-4
<851,doctor3-1,HR0-9,addItem> 2.596104563405653E-4
<852,doctor3-1,HR0-7,addItem> 1.616903213782595E-4
<853,doctor3-1,HR0-8,addItem> 2.613767641937683E-4
<854,doctor8-0,HR1-1,addItem> 3.6845113622881344E-4
<855,nurse3-2,nursingItem3-8,read> 5.172996578175846E-4
<856,patient5-4,noteItem5-4,read> 0.004275919194418945
<857,doctor7-0,HRitem6-9-1,read> 4.621776908484669E-4
<858,doctor8-0,HRitem3-2-3,read> 1.0961934144026744E-4
<859,nurse1-3,nursingItem1-0,read> 0.0012645607898589175
<860,doctor7-1,HRitem7-3-0,read> 9.117152083169885E-5
<861,doctor7-1,HRitem7-7-0,read> 9.73207943678884E-5
<862,patient2-5,noteItem2-5,read> 0.0015370422935068611
<863,agent8-0,HR8-0,addNote> 6.536152861018412E-4
<864,doctor2-0,HRitem1-5-3,read> 6.025861032581275E-4
<865,agent7-01,noteItem7-9agent7-1,read> 2.7356081650372694E-4
<866,doctor2-1,HRitem2-4-0,read> 4.82675269302432E-4
<867,patient1-6,HR1-6,addNote> 0.001445844723609364
<868,doctor7-0,HRitem7-3-3,read> 8.502224729550935E-5
<869,patient2-7,HR2-7,addNote> 0.0014855104211083635
<870,doctor4-1,HRitem4-4-3,read> 4.26306928554028E-4
<871,nurse4-1,nursingItem4-9,read> 7.257935631869599E-4
<872,nurse4-1,nursingItem4-5,read> 7.075717453630066E-4
<873,nurse3-3,nursingItem3-5,read> 4.990089150302226E-4
<874,nurse4-1,nursingItem4-6,read> 7.288305328242854E-4
<875,nurse4-1,nursingItem4-1,read> 7.014978060883553E-4
<876,nurse5-3,nursingItem5-8,read> 7.234944152687532E-4
<877,nurse4-1,nursingItem4-2,read> 7.095963917878902E-4
<878,patient6-3,HR6-3,addNote> 3.2438727613765114E-4
<879,nurse4-0,nursingItem4-8,read> 7.313062324452185E-4
<880,nurse4-0,nursingItem4-6,read> 7.333434153804731E-4
<881,patient2-8,HR2-8,addNote> 0.0014819044486084547
<882,nurse4-0,nursingItem4-7,read> 7.323248239128457E-4
<883,doctor3-0,HR3-7,addItem> 4.923781723388174E-4
<884,nurse4-0,nursingItem4-5,read> 7.119529945603007E-4
<885,nurse4-0,nursingItem4-2,read> 0.0012364610295123046
<886,nurse4-0,nursingItem4-0,read> 7.038042628192827E-4
<887,patient7-0,HR7-0,addNote> 0.0011970326211156398
<888,nurse4-0,nursingItem4-1,read> 7.058414457545371E-4
<889,doctor4-1,HRitem4-8-1,read> 4.027347133319681E-4
<890,patient6-4,HR6-4,addNote> 3.2799324863756014E-4
<891,patient7-9,HR7-9,addNote> 0.0012222744286150035
<892,doctor2-0,HR1-1,addItem> 3.6042679206412057E-4
<893,nurse4-3,nursingItem4-0,read> 6.864798501960388E-4
<894,doctor2-0,HR1-5,addItem> 3.5875022592214196E-4
<895,nurse4-3,nursingItem4-2,read> 6.964150346648953E-4
<896,doctor2-0,HR1-7,addItem> 3.352782999344407E-4
<897,nurse4-3,nursingItem4-4,read> 6.924409608773526E-4
<898,patient2-3,HR2-3,addNote> 0.0015179641736075447
<899,doctor2-0,HR1-6,addItem> 3.361165830054301E-4
<900,doctor2-0,HR1-8,addItem> 3.4114628143136597E-4
<901,patient6-5,HR6-5,addNote> 3.099633861380149E-4
<902,nurse9-3,nursingItem9-1,read> 6.257059869972361E-4
<903,agent4-11,noteItem4-1,read> 0.00201625771644071
<904,doctor5-1,HR5-8,addItem> 9.489867877781464E-4
<905,nurse1-3,nursingItem1-1,read> 7.362664287768615E-4
<906,nurse9-3,nursingItem9-4,read> 6.2274503852114E-4
<907,doctor7-1,HR7-9,addItem> 2.2269348185395836E-4
<908,nurse9-3,nursingItem9-3,read> 6.19784090045044E-4
<909,nurse9-3,nursingItem9-6,read> 6.345888324255242E-4
<910,nurse9-3,nursingItem9-7,read> 6.316278839494281E-4
<911,nurse2-2,nursingItem2-8,read> 5.03155807639499E-4
<912,doctor5-1,HRitem5-4-1,read> 1.5266425619359412E-4
<913,nurse9-3,nursingItem9-9,read> 6.385367637269855E-4
<914,nurse4-2,nursingItem4-6,read> 7.198047677119103E-4
<915,nurse4-2,nursingItem4-7,read> 7.188049810098393E-4
<916,nurse4-2,nursingItem4-9,read> 7.168054076056974E-4
<917,doctor2-1,HRitem2-7-1,read> 6.835515381512898E-4
<918,nurse4-2,nursingItem4-2,read> 7.008088203725604E-4
<919,nurse4-2,nursingItem4-3,read> 7.018086070746314E-4
<920,nurse4-2,nursingItem4-0,read> 0.0012058281404762482
<921,nurse3-1,nursingItem3-1,read> 4.961526440596209E-4
<922,nurse4-2,nursingItem4-1,read> 6.928105267559919E-4
<923,nurse3-0,nursingItem3-2,read> 4.833177760192197E-4
<924,nurse3-0,nursingItem3-3,read> 4.793719892603248E-4
<925,nurse3-0,nursingItem3-4,read> 8.398572329125702E-4
<926,patient6-6,HR6-6,addNote> 3.17175331137833E-4
<927,nurse3-0,nursingItem3-5,read> 4.813448826397722E-4
<928,nurse3-0,nursingItem3-6,read> 8.433208592704877E-4
<929,nurse3-0,nursingItem3-7,read> 5.060060498828652E-4
<930,nurse3-0,nursingItem3-8,read> 5.079789432623128E-4
<931,nurse3-0,nursingItem3-9,read> 5.089653899520365E-4
<932,nurse3-0,nursingItem3-0,read> 8.467844856284055E-4
<933,patient8-5,noteItem8-5,read> 0.002066906762075684
<934,doctor6-0,HRitem2-6-1,read> 6.179592870986015E-4
<935,nurse3-1,nursingItem3-7,read> 5.183854027851984E-4
<936,patient4-1,HR4-1,addNote> 0.0010636116386190052
<937,nurse3-1,nursingItem3-2,read> 4.951420641175492E-4
<938,nurse9-1,nursingItem9-7,read> 0.0011147340649919134
<939,nurse1-1,HR1-7,addItem> 1.44472108975164E-4
<940,nurse3-1,nursingItem3-0,read> 4.941314841754775E-4
<941,nurse9-1,nursingItem9-9,read> 6.44706201057681E-4
<942,nurse9-1,nursingItem9-4,read> 6.287618987967066E-4
<943,nurse9-1,nursingItem9-5,read> 6.397236066011265E-4
<944,nurse3-3,nursingItem3-1,read> 5.020768547349596E-4
<945,nurse9-1,nursingItem9-0,read> 0.001158281199505563
<946,nurse9-1,nursingItem9-1,read> 6.317514554706393E-4
<947,patient3-5,noteItem3-5,read> 0.00402218127989303
<948,nurse3-1,nursingItem3-8,read> 9.042392476883638E-4
<949,nurse3-1,nursingItem3-6,read> 4.921103242913342E-4
<950,nurse3-1,nursingItem3-5,read> 8.5682869404308E-4
<951,patient6-7,HR6-7,addNote> 2.9553949613837874E-4
<952,doctor1-0,HRitem0-8-1,read> 2.4900287492723007E-4
<953,nurse3-1,nursingItem3-4,read> 4.900891644071907E-4
<954,patient3-7,noteItem3-7agent3-1,read> 8.259742456312031E-4
<955,nurse3-1,nursingItem3-3,read> 4.910997443492623E-4
<956,doctor4-1,HRitem4-0-1,read> 4.6525232761656163E-4
<957,doctor1-0,HR0-0,addItem> 1.3785843326025198E-4
<958,doctor1-0,HR0-1,addItem> 1.3590961724008056E-4
<959,doctor1-0,HR0-2,addItem> 8.410946129829496E-5
<960,nurse1-0,nursingItem1-7,read> 7.693274264069328E-4
<961,doctor1-0,HR0-3,addItem> 8.650439182910803E-5
<962,doctor1-0,HR0-4,addItem> 8.710312446181131E-5
<963,agent4-01,noteItem4-7agent4-0,read> 0.0016691683414531784
<964,doctor1-0,HR0-5,addItem> 8.530692656370152E-5
<965,agent5-01,noteItem5-5,read> 0.0021453833021346895
<966,doctor1-0,HR0-6,addItem> 1.3980724928042344E-4
<967,doctor1-0,HR0-7,addItem> 8.919868867627278E-5
<968,nurse3-2,nursingItem3-1,read> 4.931905387219515E-4
<969,patient5-5,noteItem5-5,read> 0.0042311419153849604
<970,doctor1-0,HR0-9,addItem> 1.4321767731572345E-4
<971,nurse3-2,nursingItem3-0,read> 4.911814454639821E-4
<972,nurse3-3,nursingItem3-8,read> 5.266203723728564E-4
<973,agent1-1,HR1-7,addNote> 9.046635458348093E-4
<974,doctor1-0,HR0-8,addItem> 1.4419208532580915E-4
<975,nurse8-3,nursingItem8-7,read> 5.805693061203753E-4
<976,nurse9-2,nursingItem9-9,read> 6.508756383883765E-4
<977,doctor1-1,HR8-3,addItem> 2.480575672216315E-4
<978,doctor1-1,HR8-5,addItem> 2.517743654818589E-4
<979,nurse9-2,nursingItem9-4,read> 6.347787590722731E-4
<980,nurse9-2,nursingItem9-5,read> 0.0011243395927539729
<981,doctor1-1,HR8-7,addItem> 2.4341156939634736E-4
<982,nurse3-2,nursingItem3-9,read> 5.183042044465693E-4
<983,doctor7-1,HR7-0,addItem> 2.1809452611315134E-4
<984,patient9-4,HR9-4,addNote> 0.0013088177686128202
<985,nurse1-0,HR1-7,addItem> 1.4844385080265988E-4
<986,nurse0-1,nursingItem0-1,read> 0.0013172724001698642
<987,nurse9-2,nursingItem9-2,read> 0.001115582485521515
<988,nurse9-2,nursingItem9-3,read> 0.0010998196925030913
<989,nurse9-2,nursingItem9-1,read> 6.377969239440425E-4
<990,nurse3-2,nursingItem3-7,read> 8.976325166001668E-4
<991,patient6-8,HR6-8,addNote> 3.027514411381968E-4
<992,patient4-3,HR4-3,addNote> 0.00104558177611946
<993,patient7-5,HR7-5,addNote> 0.001207850538615367
<994,nurse3-3,nursingItem3-0,read> 5.000315615984683E-4
<995,nurse3-3,nursingItem3-4,read> 4.959409753254855E-4
<996,nurse3-3,nursingItem3-3,read> 4.969636218937312E-4
<997,patient6-9,HR6-9,addNote> 3.388111661372873E-4
<998,nurse3-3,nursingItem3-6,read> 4.979862684619769E-4
<999,nurse3-3,nursingItem3-9,read> 9.12221070449359E-4
<1000,nurse9-0,nursingItem9-5,read> 6.642106346049974E-4
<1001,nurse9-0,nursingItem9-3,read> 6.497253504336934E-4
<1002,nurse9-0,nursingItem9-9,read> 0.0011516050119785176
<1003,nurse9-0,nursingItem9-6,read> 0.0011444848934012044
<1004,nurse9-0,nursingItem9-7,read> 6.621413082948111E-4
<1005,doctor7-1,HR7-8,addItem> 2.2335047553121652E-4
<1006,doctor7-1,HR7-2,addItem> 8.429711962808205E-4
<1007,doctor7-1,HR7-3,addItem> 2.1875151979040944E-4
<1008,patient9-6,HR9-6,addNote> 0.0012439102636144575
<1009,nurse8-0,nursingItem8-0,read> 7.311779998073364E-4
<1010,patient9-1,noteItem9-1,read> 0.0026340856298394943
<1011,doctor7-1,HR7-6,addItem> 2.2203648817670018E-4
<1012,doctor7-1,HR7-7,addItem> 8.505437385306294E-4
<1013,doctor5-1,HR4-8,addItem> 1.970730986473331E-4
<1014,doctor7-1,HR7-5,addItem> 2.200655071449258E-4
<1015,agent1-1,noteItem1-7agent1-1,read> 6.430291355421074E-4
<1016,agent2-01,HR2-3,addNote> 0.0010885272122353458
<1017,doctor6-0,HRitem0-2-2,read> 1.88535018488033E-4
<1018,doctor5-0,HRitem4-1-1,read> 6.343573498617736E-4
<1019,doctor6-1,HR8-2,addItem> 2.3162290937618046E-4
<1020,nurse1-3,HR1-6,addItem> 1.4184707271210631E-4
<1021,nurse7-2,nursingItem7-8,read> 1.435211919115765E-4
<1022,doctor4-1,HR4-1,addItem> 2.2650314062143311E-4
<1023,nurse8-3,nursingItem8-3,read> 5.850355101548932E-4
<1024,doctor6-1,HR8-4,addItem> 2.2239016770695026E-4
<1025,nurse5-0,nursingItem5-1,read> 7.030774603666852E-4
<1026,doctor6-1,HR8-1,addItem> 2.3330158967967685E-4
<1027,doctor7-0,HR7-8,addItem> 2.2034744392743544E-4
<1028,doctor7-0,HR7-3,addItem> 2.1581032288566448E-4
<1029,patient5-0,HR5-0,addNote> 0.0013953611086106375
<1030,doctor7-0,HR7-5,addItem> 2.1710664318331334E-4
<1031,doctor5-1,HR4-6,addItem> 1.9984918338249727E-4
<1032,doctor7-0,HR7-6,addItem> 2.1905112362978658E-4
<1033,patient9-5,HR9-5,addNote> 0.0013196356861125474
<1034,doctor7-0,HR7-0,addItem> 2.1516216273684006E-4
<1035,doctor6-1,HR8-6,addItem> 2.2574752831394312E-4
<1036,doctor6-1,HR8-9,addItem> 2.2071148740345387E-4
<1037,doctor6-1,HR8-8,addItem> 2.1903280709995745E-4
<1038,doctor8-1,HR8-1,addItem> 2.3672620017038768E-4
<1039,doctor8-1,HRitem8-2-3,read> 1.2089300958994823E-4
<1040,patient8-8,noteItem8-8agent8-1,read> 0.0017059684944500787
<1041,doctor5-1,HRitem4-9-1,read> 7.579833699122505E-5
<1042,doctor8-1,HR8-2,addItem> 2.3502287868812436E-4
<1043,doctor8-1,HR8-4,addItem> 2.256546105356761E-4
<1044,agent7-0,HR7-9,addNote> 5.423942116578283E-4
<1045,doctor8-1,HR8-6,addItem> 2.2906125350020278E-4
<1046,doctor3-1,HRitem0-0-1,read> 1.7417290103752565E-4
<1047,doctor8-1,HR8-9,addItem> 2.2395128905341278E-4
<1048,patient4-7,noteItem4-7,read> 0.0040445699194100225
<1049,patient9-2,HR9-2,addNote> 0.0012943938786131842
<1050,doctor7-0,HRitem6-4-2,read> 2.520775116953247E-4
<1051,agent7-11,noteItem7-9agent7-1agent7-0,read> 1.7197896980928256E-4
<1052,doctor8-0,HR8-5,addItem> 4.321734435529727E-4
<1053,doctor8-0,HR8-3,addItem> 4.2579351881345476E-4
<1054,doctor8-0,HR8-7,addItem> 4.1781861288905735E-4
<1055,doctor9-1,HRitem9-9-3,read> 5.175211526741726E-4
<1056,patient3-0,HR3-0,addNote> 0.001373725273611183
<1057,agent1-11,noteItem1-7,read> 7.512626887544704E-4
<1058,patient3-1,HR3-1,addNote> 0.0013665133286113649
<1059,patient9-1,HR9-1,addNote> 0.0012871819336133662
<1060,doctor9-0,HR9-0,addItem> 1.0760146067137908E-4
<1061,doctor9-0,HR9-5,addItem> 1.1093598181438226E-4
<1062,doctor9-0,HR9-6,addItem> 1.0457007781410346E-4
<1063,nurse7-0,nursingItem7-1,read> 1.5757934610265747E-4
<1064,nurse7-0,nursingItem7-0,read> 1.5658174538873932E-4
<1065,nurse7-0,nursingItem7-7,read> 2.5788652243321825E-4
<1066,nurse7-0,nursingItem7-6,read> 1.5259134253306662E-4
<1067,doctor9-0,HR9-7,addItem> 1.051763543855586E-4
<1068,nurse7-0,nursingItem7-9,read> 1.495985403913121E-4
<1069,nurse7-0,nursingItem7-8,read> 1.4461053682172128E-4
<1070,patient2-2,HR2-2,addNote> 0.0015143582011076357
<1071,nurse7-0,nursingItem7-3,read> 2.648583912458313E-4
<1072,nurse7-0,nursingItem7-2,read> 1.5857694681657562E-4
<1073,nurse7-0,nursingItem7-5,read> 1.5458654396090297E-4
<1074,agent7-1,noteItem7-9,read> 5.013438032270364E-4
<1075,nurse7-0,nursingItem7-4,read> 2.63115424042678E-4
<1076,nurse5-1,nursingItem5-9,read> 7.141990683828495E-4
<1077,patient1-4,HR1-4,addNote> 0.0015396000086069991
<1078,nurse5-3,nursingItem5-9,read> 7.224796372916362E-4
<1079,nurse5-3,nursingItem5-5,read> 7.265387492001046E-4
<1080,patient2-8,noteItem2-8agent2-1,read> 7.319290587345293E-4
<1081,nurse5-3,nursingItem5-7,read> 7.245091932458702E-4
<1082,patient8-9,HR8-9,addNote> 9.482205186219158E-4
<1083,agent0-1,noteItem0-5,read> 8.313431708695687E-4
<1084,nurse5-3,nursingItem5-2,read> 7.174057474060511E-4
<1085,nurse5-3,nursingItem5-3,read> 7.133466354975826E-4
<1086,nurse5-3,nursingItem5-4,read> 7.143614134746996E-4
<1087,patient2-2,noteItem2-2,read> 0.0015892824523798437
<1088,agent3-11,HR3-7,addNote> 8.94487772151917E-4
<1089,agent2-01,noteItem2-3,read> 8.755030494096123E-4
<1090,agent3-1,noteItem3-7,read> 0.0021154630315883354
<1091,doctor4-0,HRitem7-8-3,read> 2.1005747586469632E-4
<1092,doctor0-0,HR3-0,addItem> 3.595484899243305E-4
<1093,agent7-1,HR7-9,addNote> 5.403279479943698E-4
<1094,doctor0-0,HR3-5,addItem> 3.6426749012020927E-4
<1095,doctor0-0,HR3-8,addItem> 3.670988902377365E-4
<1096,patient2-4,noteItem2-4,read> 0.001551968053184856
<1097,patient1-0,HR1-0,addNote> 0.0015468119536068171
<1098,patient3-6,HR3-6,addNote> 0.001377331246111092
<1099,doctor4-0,HR7-9,addItem> 2.0023699628885335E-4
<1100,nurse0-1,HR0-2,addItem> 1.0229324883649913E-4
<1101,doctor4-0,HR7-5,addItem> 1.9787402743283244E-4
<1102,doctor4-0,HR7-0,addItem> 1.9610180079081678E-4
<1103,doctor4-0,HR7-3,addItem> 1.9669254300482198E-4
<1104,nurse5-1,nursingItem5-0,read> 7.101864792469712E-4
<1105,doctor9-0,HRitem0-6-2,read> 1.4131899399975363E-4
<1106,patient2-6,noteItem2-6,read> 0.0015146536539898683
<1107,doctor3-1,HRitem3-0-0,read> 7.563179416628659E-4
<1108,patient8-1,HR8-1,addNote> 0.0010023101061205515
<1109,doctor0-1,HRitem2-4-3,read> 4.088839868681577E-4
<1110,doctor1-0,HRitem0-4-0,read> 1.7829541543356496E-4
<1111,doctor9-1,HR9-7,addItem> 1.0415024361106536E-4
<1112,doctor9-1,HR9-5,addItem> 1.0985367955277854E-4
<1113,patient1-2,HR1-2,addNote> 0.0015323880636071811
<1114,doctor9-1,HR9-4,addItem> 1.1537407253094398E-4
<1115,doctor9-1,HR9-3,addItem> 1.1473832973660518E-4
<1116,doctor9-1,HR9-2,addItem> 1.1410258694226637E-4
<1117,patient2-8,noteItem2-8,read> 0.0014773392547948812
<1118,doctor0-1,HRitem2-8-3,read> 4.4577962808529486E-4
<1119,doctor9-1,HR9-8,addItem> 1.1092387297057234E-4
<1120,doctor6-0,HRitem6-8-0,read> 2.57201906308816E-4
<1121,doctor8-1,HRitem8-6-1,read> 5.482675203551202E-4
<1122,agent7-01,HR7-9,addNote> 2.4485224411981957E-4
<1123,nurse8-2,nursingItem8-0,read> 5.967553034639263E-4
<1124,patient4-6,HR4-6,addNote> 0.001038369831119642
<1125,nurse8-2,nursingItem8-2,read> 5.922272834566124E-4
<1126,patient2-0,HR2-0,addNote> 0.0015035402836079087
<1127,nurse8-2,nursingItem8-9,read> 5.840768474434471E-4
<1128,nurse8-2,nursingItem8-8,read> 5.831712434419844E-4
<1129,doctor3-0,HR7-8,addItem> 2.1359062281892804E-4
<1130,nurse8-2,nursingItem8-5,read> 5.913216794551496E-4
<1131,nurse8-2,nursingItem8-4,read> 5.904160754536869E-4
<1132,nurse8-2,nursingItem8-7,read> 5.886048674507611E-4
<1133,nurse8-3,nursingItem8-4,read> 5.823557877341826E-4
<1134,patient4-5,HR4-5,addNote> 0.0010311578861198238
<1135,nurse2-2,nursingItem2-7,read> 5.001426480162733E-4
<1136,nurse8-3,nursingItem8-0,read> 5.886084733825076E-4
<1137,nurse8-3,nursingItem8-9,read> 5.761031020858575E-4
<1138,nurse8-3,nursingItem8-6,read> 5.787828245065682E-4
<1139,nurse8-3,nursingItem8-5,read> 5.832490285410861E-4
<1140,patient8-4,HR8-4,addNote> 9.554324636217339E-4
<1141,doctor7-0,HRitem7-6-2,read> 3.566151618105468E-4
<1142,nurse8-0,nursingItem8-3,read> 0.0012149236064725117
<1143,nurse8-0,nursingItem8-2,read> 7.256300162488867E-4
<1144,nurse8-0,nursingItem8-6,read> 7.189724359787473E-4
<1145,agent6-01,noteItem6-9,read> 0.0020699310469488434
<1146,nurse8-0,nursingItem8-9,read> 7.156436458436774E-4
<1147,nurse8-1,nursingItem8-2,read> 7.296725233031982E-4
<1148,nurse8-1,nursingItem8-1,read> 7.330198582301068E-4
<1149,nurse8-1,nursingItem8-0,read> 0.0012264168743169213
<1150,nurse1-0,nursingItem1-0,read> 7.558660301285991E-4
<1151,nurse8-1,nursingItem8-5,read> 7.285567449942286E-4
<1152,nurse8-1,nursingItem8-4,read> 7.274409666852592E-4
<1153,nurse8-1,nursingItem8-9,read> 0.0012003608471420565
<1154,nurse8-1,nursingItem8-8,read> 7.185147402135029E-4
<1155,nurse5-0,nursingItem5-0,read> 7.060694561788729E-4
<1156,nurse5-0,nursingItem5-7,read> 0.0012442140641800536
<1157,nurse5-0,nursingItem5-6,read> 7.130507797406439E-4
<1158,patient6-0,HR6-0,addNote> 2.775096336388335E-4
<1159,nurse5-0,nursingItem5-8,read> 7.110561158658521E-4
<1160,nurse5-0,nursingItem5-3,read> 7.010827964918936E-4
<1161,nurse5-0,nursingItem5-2,read> 0.001232015175193637
<1162,nurse5-0,nursingItem5-5,read> 0.0012476994610333156
<1163,nurse5-0,nursingItem5-4,read> 0.001226787079913744
<1164,patient8-6,HR8-6,addNote> 9.698563536213702E-4
<1165,doctor6-0,HRitem0-5-0,read> 4.232322917859332E-4
<1166,doctor2-1,HR0-6,addItem> 2.4011340273240978E-4
<1167,doctor2-1,HR0-8,addItem> 2.476441846389294E-4
<1168,doctor2-1,HR0-9,addItem> 2.459706775485917E-4
<1169,doctor2-1,HR0-0,addItem> 2.3676638855173437E-4
<1170,doctor2-1,HR0-1,addItem> 2.3341937437105898E-4
<1171,nurse7-3,nursingItem7-9,read> 1.563600563412019E-4
<1172,nurse0-0,HR0-3,addItem> 1.0453370158892913E-4
<1173,nurse7-3,nursingItem7-5,read> 2.770742552942019E-4
<1174,patient7-0,noteItem7-0,read> 0.0015668938128628512
<1175,nurse7-3,nursingItem7-6,read> 1.5948812637636903E-4
<1176,agent7-01,noteItem7-9,read> 2.2718638884284441E-4
<1177,nurse7-3,nursingItem7-7,read> 1.5427467631775718E-4
<1178,nurse7-3,nursingItem7-8,read> 1.5114660628259E-4
<1179,patient7-9,noteItem7-9,read> 0.001462413495116886
<1180,agent5-01,HR5-5,addNote> 8.722596224520901E-4
<1181,nurse7-3,nursingItem7-1,read> 1.6470157643498095E-4
<1182,nurse7-3,nursingItem7-2,read> 1.6574426644670333E-4
<1183,nurse7-3,nursingItem7-3,read> 1.5844543636464665E-4
<1184,nurse7-3,nursingItem7-4,read> 1.574027463529243E-4
<1185,nurse1-1,nursingItem1-7,read> 7.487434149980517E-4
<1186,patient8-5,HR8-5,addNote> 9.770682986211883E-4
<1187,nurse7-3,nursingItem7-0,read> 2.806503682961169E-4
<1188,patient4-9,HR4-9,addNote> 0.0010095220511203693
<1189,nurse7-2,nursingItem7-6,read> 2.654518944751008E-4
<1190,nurse7-2,nursingItem7-7,read> 1.464914494044289E-4
<1191,nurse7-2,nursingItem7-4,read> 1.4946170689728128E-4
<1192,nurse7-2,nursingItem7-5,read> 1.5342205022108452E-4
<1193,nurse5-2,nursingItem5-1,read> 7.112766144234395E-4
<1194,nurse5-2,nursingItem5-3,read> 7.09258689162353E-4
<1195,nurse5-2,nursingItem5-2,read> 7.132945396845264E-4
<1196,nurse7-2,nursingItem7-9,read> 1.4847162106633048E-4
<1197,nurse5-2,nursingItem5-5,read> 7.223752033594164E-4
<1198,doctor3-0,HR3-3,addItem> 4.8083680660629597E-4
<1199,nurse5-2,nursingItem5-4,read> 7.102676517928962E-4
<1200,nurse5-2,nursingItem5-8,read> 7.193483154677862E-4
<1201,nurse7-2,nursingItem7-3,read> 1.5045179272823208E-4
<1202,patient6-2,HR6-2,addNote> 3.3520519363737825E-4
<1203,nurse7-2,nursingItem7-0,read> 1.5540222188298612E-4
<1204,nurse7-2,nursingItem7-1,read> 1.563923077139369E-4
<1205,doctor2-0,HRitem2-3-0,read> 4.7242648007544947E-4
<1206,nurse7-1,nursingItem7-3,read> 1.5102276727369028E-4
<1207,nurse7-1,nursingItem7-4,read> 1.500289240012558E-4
<1208,nurse7-1,nursingItem7-5,read> 1.5400429709099372E-4
<1209,nurse7-1,nursingItem7-6,read> 1.5201661054612477E-4
<1210,nurse5-1,nursingItem5-2,read> 7.091833319630018E-4
<1211,nurse7-1,nursingItem7-7,read> 1.4704739418395236E-4
<1212,nurse7-1,nursingItem7-8,read> 2.52112948368686E-4
<1213,nurse7-1,nursingItem7-9,read> 2.608089971770339E-4
<1214,nurse5-1,nursingItem5-6,read> 7.172085102347583E-4
<1215,nurse5-1,nursingItem5-4,read> 7.061738901110928E-4
<1216,nurse7-1,nursingItem7-1,read> 2.747226752703906E-4
<1217,nurse7-1,nursingItem7-2,read> 1.5797967018073164E-4
<1218,patient6-1,HR6-1,addNote> 3.315992211374692E-4
<1219,patient5-6,HR5-6,addNote> 0.0013701193011112739
<1220,nurse1-2,HR1-7,addItem> 1.4248623806141603E-4
<1221,doctor2-0,HRitem1-1-3,read> 5.43143125741629E-4
<1222,doctor8-1,HR9-8,addItem> 3.0217192981638676E-4
<1223,doctor8-1,HR9-9,addItem> 3.030378553466069E-4
<1224,doctor8-1,HR9-3,addItem> 3.125630361790279E-4
<1225,nurse1-1,nursingItem1-3,read> 7.557979208429102E-4
<1226,doctor8-1,HR9-5,addItem> 2.992565753334312E-4
<1227,doctor8-1,HR9-0,addItem> 2.9026150122572015E-4
<1228,doctor8-1,HR9-1,addItem> 3.0909933405814753E-4
<1229,doctor8-1,HR9-2,addItem> 3.1083118511858774E-4
<1230,agent2-11,noteItem2-8,read> 8.074258904680024E-4
<1231,doctor8-0,HRitem1-5-2,read> 6.046358611035242E-4
<1232,doctor2-1,HRitem0-0-3,read> 2.3567944893215266E-4
<1233,doctor8-0,HR1-7,addItem> 3.427427518810331E-4
<1234,doctor8-0,HR1-8,addItem> 3.4874137489551514E-4
<1235,nurse1-3,HR1-1,addItem> 1.5210640583146885E-4
<1236,agent9-01,HR9-3,addNote> 4.950750721956598E-4
<1237,doctor8-0,HR1-5,addItem> 3.6673724393896143E-4
<1238,doctor2-1,HRitem8-8-0,read> 3.2996830982039214E-4
<1239,doctor2-0,HR2-7,addItem> 3.955420479069764E-4
<1240,doctor2-0,HR2-4,addItem> 4.0610370469340725E-4
<1241,doctor2-0,HR2-3,addItem> 4.041834034595107E-4
<1242,agent8-01,noteItem8-0agent8-0,read> 0.0019468158578850674
<1243,agent0-0,noteItem0-1,read> 7.376885211160226E-4
<1244,patient5-9,HR5-9,addNote> 0.0013484834661118196
<1245,doctor2-1,HR2-7,addItem> 3.9700973639642716E-4
<1246,doctor2-1,HR2-4,addItem> 4.0761058300395786E-4
<1247,doctor2-1,HR2-3,addItem> 4.056831563480432E-4
<1248,doctor2-1,HR2-0,addItem> 4.018283030362138E-4
<1249,nurse1-3,nursingItem1-6,read> 7.273833617704492E-4
<1250,nurse1-3,nursingItem1-3,read> 7.402144585574894E-4
<1251,doctor3-1,HR3-5,addItem> 6.099611051573005E-4
<1252,agent9-0,noteItem9-3,read> 0.0018945303860074007
<1253,doctor8-0,HRitem8-3-0,read> 5.120124284646695E-5
<1254,doctor3-0,HR3-2,addItem> 4.834015545468563E-4
<1255,doctor3-0,HR3-1,addItem> 4.8596630248741663E-4
<1256,doctor4-0,HR4-3,addItem> 2.658318908056604E-4
<1257,doctor3-0,HR3-9,addItem> 5.000724161604983E-4
<1258,doctor3-0,HRitem3-3-1,read> 6.671534753881177E-4
<1259,doctor1-1,HRitem8-7-1,read> 4.683269643846564E-4
<1260,doctor5-1,HR4-7,addItem> 1.9568505627975095E-4
<1261,doctor5-1,HR4-3,addItem> 2.0123722575007935E-4
<1262,doctor5-1,HR4-4,addItem> 2.0262526811766146E-4
<1263,doctor5-1,HR4-2,addItem> 2.033192893014525E-4
<1264,doctor1-0,HRitem0-7-2,read> 1.9518804186292283E-4
<1265,doctor5-1,HR4-9,addItem> 1.9429701391216885E-4
<1266,nurse1-0,nursingItem1-1,read> 7.724339024711633E-4
<1267,agent4-1,HR4-1,addNote> 7.06458987290383E-4
<1268,nurse1-0,nursingItem1-3,read> 7.765758705568044E-4
<1269,nurse1-0,nursingItem1-5,read> 0.0013159802369289743
<1270,nurse1-0,nursingItem1-8,read> 0.0013195419539502652
<1271,doctor7-1,HR4-0,addItem> 2.5456508137970305E-4
<1272,doctor7-1,HR4-1,addItem> 2.5285059787946094E-4
<1273,doctor6-1,HRitem8-1-2,read> 4.402709038757917E-5
<1274,doctor7-1,HR4-5,addItem> 2.451354221283714E-4
<1275,nurse1-1,nursingItem1-1,read> 7.517667746458482E-4
<1276,doctor0-1,HRitem0-2-0,read> 9.727727228482641E-5
<1277,nurse1-1,nursingItem1-0,read> 7.356421898575999E-4
<1278,doctor5-1,HRitem4-2-1,read> 5.954119507992399E-4
<1279,nurse1-1,nursingItem1-9,read> 7.275798974634759E-4
<1280,nurse1-1,nursingItem1-6,read> 7.426966957024586E-4
<1281,nurse1-1,nursingItem1-5,read> 7.447122688009895E-4
<1282,nurse1-2,nursingItem1-1,read> 0.0012974455547655188
<1283,doctor5-0,HR4-0,addItem> 1.8012083909387398E-4
<1284,doctor0-0,HRitem0-2-0,read> 9.843189866209439E-5
<1285,nurse1-2,nursingItem1-0,read> 7.255302697221002E-4
<1286,doctor5-0,HR4-1,addItem> 1.7890773396176985E-4
<1287,nurse1-2,nursingItem1-2,read> 7.404392769199972E-4
<1288,doctor5-0,HR4-5,addItem> 1.734487608673014E-4
<1289,nurse1-2,nursingItem1-8,read> 7.364635416672247E-4
<1290,nurse1-2,nursingItem1-5,read> 7.344756740408384E-4
<1291,nurse1-2,nursingItem1-4,read> 7.424271445463835E-4
<1292,nurse0-0,nursingItem0-4,read> 7.387657623672889E-4
<1293,nurse0-0,nursingItem0-5,read> 0.0012790789751951361
<1294,nurse0-0,nursingItem0-2,read> 7.347285611839758E-4
<1295,nurse0-0,nursingItem0-8,read> 7.428029635506019E-4
<1296,nurse0-0,nursingItem0-7,read> 0.0012860976423353895
<1297,nurse0-0,nursingItem0-0,read> 7.559238673963692E-4
<1298,nurse0-0,nursingItem0-1,read> 7.549145671005411E-4
<1299,agent5-0,HR5-5,addNote> 8.620178264937486E-4
<1300,agent5-01,noteItem5-5agent5-0,read> 0.001233433789417188
<1301,doctor5-0,HR5-1,addItem> 9.792769567773824E-4
<1302,doctor5-0,HR5-6,addItem> 9.590835107778917E-4
<1303,doctor5-0,HR5-3,addItem> 9.38890064778401E-4
<1304,nurse0-1,nursingItem0-3,read> 7.384377127266568E-4
<1305,nurse0-1,nursingItem0-6,read> 7.455482495374598E-4
<1306,nurse0-1,nursingItem0-7,read> 7.445324585644877E-4
<1307,nurse0-1,nursingItem0-8,read> 7.475798314834032E-4
<1308,nurse0-1,nursingItem0-9,read> 7.465640405104316E-4
<1309,nurse0-1,nursingItem0-2,read> 7.394535036996285E-4
<1310,doctor0-1,HR0-7,addItem> 9.542843836159977E-5
<1311,nurse0-2,nursingItem0-8,read> 7.332492276849994E-4
<1312,doctor0-1,HR0-4,addItem> 9.318651728136638E-5
<1313,doctor0-1,HR0-5,addItem> 9.126487064116639E-5
<1314,nurse0-2,nursingItem0-6,read> 7.312565898019172E-4
<1315,doctor0-1,HR0-2,addItem> 8.998377288103301E-5
<1316,nurse0-2,nursingItem0-7,read> 7.302602708603761E-4
<1317,doctor0-1,HR0-3,addItem> 9.254596840129972E-5
<1318,nurse0-2,nursingItem0-5,read> 7.262749950942117E-4
<1319,nurse0-2,nursingItem0-3,read> 7.242823572111296E-4
<1320,agent0-1,noteItem0-5agent0-1,read> 9.483141869425331E-4
<1321,doctor0-0,HR0-3,addItem> 9.364443686897093E-5
<1322,doctor0-0,HR0-4,addItem> 9.429258870310367E-5
<1323,doctor0-0,HR0-5,addItem> 9.234813320070543E-5
<1324,nurse0-3,nursingItem0-5,read> 7.310064282870079E-4
<1325,doctor0-0,HR0-2,addItem> 9.105182953243992E-5
<1326,nurse0-3,nursingItem0-1,read> 7.500598110420166E-4
<1327,nurse0-3,nursingItem0-4,read> 7.340148571430619E-4
<1328,doctor5-1,HR5-4,addItem> 9.363658840284648E-4
<1329,agent4-01,HR4-7,addNote> 6.375375717307533E-4
<1330,doctor0-0,HR0-7,addItem> 9.65611201225683E-5
<1331,doctor4-0,HR4-4,addItem> 2.676654776369108E-4
<1332,doctor9-1,HRitem9-3-3,read> 7.235218161365218E-4
<1333,doctor4-1,HRitem1-8-2,read> 6.03610982180826E-4
<1334,doctor0-0,HR9-0,addItem> 1.7898584433629402E-4
<1335,nurse2-0,nursingItem2-7,read> 8.779505166454251E-4
<1336,doctor0-0,HR9-5,addItem> 1.8453253560343587E-4
<1337,doctor0-0,HR9-7,addItem> 1.7495188705109993E-4
<1338,doctor0-0,HR9-6,addItem> 1.7394339772980138E-4
<1339,doctor7-1,HRitem4-5-2,read> 4.560284173122774E-4
<1340,patient4-3,noteItem4-3,read> 0.0041565131169949854
<1341,doctor9-1,HRitem9-7-1,read> 1.9832657349169007E-5
<1342,agent6-0,HR6-9,addNote> 2.322268201232656E-4
<1343,doctor6-0,HR0-7,addItem> 1.548942308124483E-4
<1344,patient4-0,noteItem4-0,read> 0.004096810078283005
<1345,doctor6-0,HR0-5,addItem> 1.481361550169674E-4
<1346,patient8-9,noteItem8-9,read> 0.0020146666032027014
<1347,doctor6-0,HR0-4,addItem> 1.5125526692257393E-4
<1348,doctor6-0,HR0-3,addItem> 1.502155629540384E-4
<1349,doctor0-1,HRitem2-5-2,read> 7.009744798371602E-4
<1350,doctor0-1,HRitem0-7-3,read> 2.6436579234290046E-4
<1351,agent6-1,HR6-3,addNote> 2.3983478508940082E-4
<1352,patient6-9,noteItem6-9agent6-0,read> 0.0016992509811003167
<1353,doctor3-0,HRitem7-6-1,read> 3.730132245737188E-4
<1354,doctor6-1,HR0-7,addItem> 1.5432788993196403E-4
<1355,doctor6-1,HR0-3,addItem> 1.496663287202028E-4
<1356,agent0-01,HR0-1,addNote> 6.664635212123104E-4
<1357,doctor6-1,HR0-2,addItem> 1.4552271875419286E-4
<1358,doctor6-1,HR0-5,addItem> 1.4759452373719787E-4
<1359,doctor6-1,HR0-4,addItem> 1.5070223121170528E-4
<1360,doctor3-0,HR7-9,addItem> 2.1296233810907955E-4
<1361,doctor3-0,HR7-6,addItem> 2.1233405339923095E-4
<1362,doctor3-0,HR7-5,addItem> 2.1044919926968534E-4
<1363,doctor8-1,HRitem9-6-3,read> 3.927895282452107E-5
<1364,nurse2-1,nursingItem2-9,read> 5.075100958030366E-4
<1365,nurse2-1,nursingItem2-7,read> 5.034658549798366E-4
<1366,nurse2-1,nursingItem2-8,read> 5.064990355972366E-4
<1367,nurse2-1,nursingItem2-6,read> 5.044769151856366E-4
<1368,nurse1-2,HR1-6,addItem> 1.4284249076622634E-4
<1369,nurse2-1,nursingItem2-2,read> 5.004326743624365E-4
<1370,nurse2-1,nursingItem2-0,read> 8.658451762066862E-4
<1371,doctor3-0,HR7-0,addItem> 2.085643451401397E-4
<1372,doctor1-1,HR1-9,addItem> 3.0889482822751477E-4
<1373,nurse2-0,nursingItem2-6,read> 5.078067958139246E-4
<1374,doctor1-1,HR1-0,addItem> 3.288255874886015E-4
<1375,nurse2-0,nursingItem2-8,read> 8.832398177247048E-4
<1376,nurse2-0,nursingItem2-9,read> 5.108599974254989E-4
<1377,doctor1-1,HR1-2,addItem> 3.257593168330497E-4
<1378,nurse2-0,nursingItem2-2,read> 5.037358603318255E-4
<1379,nurse2-0,nursingItem2-3,read> 5.027181264613007E-4
<1380,doctor1-1,HR1-4,addItem> 3.272924521608256E-4
<1381,nurse2-0,nursingItem2-4,read> 5.05771328072875E-4
<1382,nurse2-0,nursingItem2-5,read> 5.047535942023503E-4
<1383,nurse2-0,nursingItem2-0,read> 5.01700392590776E-4
<1384,nurse0-0,HR0-8,addItem> 1.0706602485741366E-4
<1385,agent7-11,noteItem7-9,read> 2.425238665706314E-4
<1386,nurse2-0,nursingItem2-1,read> 5.006826587202512E-4
<1387,agent3-1,HR3-7,addNote> 9.054183762922663E-4
<1388,doctor1-0,HRitem0-3-2,read> 1.1297725990671458E-4
<1389,doctor3-0,HRitem3-7-2,read> 7.060988744506515E-4
<1390,doctor4-1,HR4-3,addItem> 2.6483812672788224E-4
<1391,doctor4-1,HR4-2,addItem> 2.6757822517944245E-4
<1392,doctor4-1,HR4-0,addItem> 2.2803897205946513E-4
<1393,doctor4-1,HR4-7,addItem> 2.5753119752372163E-4
<1394,doctor4-1,HR4-6,addItem> 2.630113944268421E-4
<1395,doctor4-1,HR4-5,addItem> 2.19591899150289E-4
<1396,doctor4-1,HR4-8,addItem> 2.593579298247618E-4
<1397,doctor4-1,HR4-9,addItem> 2.557044652226815E-4
<1398,doctor4-0,HR4-2,addItem> 2.68582271052536E-4
<1399,doctor4-0,HR4-6,addItem> 2.6399830397441E-4
<1400,agent3-0,HR3-4,addNote> 8.878890209163414E-4
<1401,doctor8-0,HRitem1-6-0,read> 1.7213695572486094E-4
<1402,doctor4-0,HR4-8,addItem> 2.6033113031190914E-4
<1403,doctor4-0,HR4-9,addItem> 2.5666395664940826E-4
<1404,doctor1-0,HR1-9,addItem> 3.031210931204585E-4
<1405,doctor5-1,HR9-6,addItem> 2.0658966592542393E-4
<1406,doctor5-1,HR9-7,addItem> 2.077874318348841E-4
<1407,nurse2-3,nursingItem2-0,read> 4.885410380310179E-4
<1408,doctor3-1,HRitem0-2-3,read> 1.8443550279723998E-4
<1409,doctor7-0,HRitem7-5-0,read> 8.194761052741456E-5
<1410,nurse2-3,nursingItem2-1,read> 4.8754999881939215E-4
<1411,nurse2-3,nursingItem2-8,read> 4.964693517240241E-4
<1412,nurse2-3,nursingItem2-7,read> 4.934962340891468E-4
<1413,nurse2-3,nursingItem2-6,read> 8.663940944920328E-4
<1414,patient5-1,HR5-1,addNote> 0.001398967081110546
<1415,doctor1-0,HR1-4,addItem> 3.211748362325859E-4
<1416,doctor1-0,HR1-2,addItem> 3.1967035763990866E-4
<1417,nurse2-3,nursingItem2-9,read> 4.974603909356498E-4
<1418,doctor1-0,HR1-0,addItem> 3.2267931482526317E-4
<1419,doctor2-0,HRitem1-7-3,read> 6.948252063009706E-4
<1420,nurse2-2,nursingItem2-1,read> 8.608055845364365E-4
<1421,nurse2-2,nursingItem2-0,read> 4.951207153108969E-4
<1422,nurse2-2,nursingItem2-4,read> 8.695543496879881E-4
<1423,doctor7-1,HRitem7-8-1,read> 2.0390820232850685E-4
<1424,nurse0-1,HR0-1,addItem> 1.0156507503490458E-4
<1425,nurse0-1,HR0-0,addItem> 1.0302142263809362E-4
<1426,nurse0-1,HR0-5,addItem> 1.037495964396882E-4
<1427,nurse0-1,HR0-4,addItem> 1.0593411784447179E-4
<1428,agent9-0,noteItem9-3agent9-0,read> 0.001547011696305464
<1429,nurse0-1,HR0-3,addItem> 1.0520594404287724E-4
<1430,nurse0-1,HR0-9,addItem> 1.070263785468636E-4
<1431,nurse0-1,HR0-8,addItem> 1.0775455234845814E-4
<1432,nurse0-1,HR0-7,addItem> 1.084827261500527E-4
<1433,nurse0-1,HR0-6,addItem> 1.0447777024128272E-4
<1434,nurse0-0,HR0-9,addItem> 1.0634250392356095E-4
<1435,agent2-1,noteItem2-8agent2-1,read> 4.56558796607139E-4
<1436,doctor0-0,HRitem9-6-3,read> 2.4220837094324926E-5
<1437,nurse0-0,HR0-0,addItem> 1.0236313878737097E-4
<1438,nurse0-0,HR0-1,addItem> 1.0091609691966557E-4
<1439,nurse0-0,HR0-4,addItem> 1.0525722252278186E-4
<1440,nurse0-0,HR0-6,addItem> 1.0381018065507643E-4
<1441,nurse0-0,HR0-5,addItem> 1.0308665972122374E-4
<1442,nurse0-0,HR0-7,addItem> 1.077895457912664E-4
<1443,doctor7-1,HRitem7-0-3,read> 3.2753422237898376E-5
<1444,agent9-11,HR9-1,addNote> 4.6844100174536557E-4
<1445,agent7-0,noteItem7-9,read> 5.032609879430099E-4
<1446,nurse0-3,HR0-8,addItem> 1.063774973663692E-4
<1447,nurse0-3,HR0-9,addItem> 1.0565862930025832E-4
<1448,nurse0-3,HR0-6,addItem> 1.0314259106887015E-4
<1449,nurse0-3,HR0-7,addItem> 1.0709636543248011E-4
<1450,nurse0-3,HR0-4,addItem> 1.0458032720109194E-4
<1451,nurse0-3,HR0-5,addItem> 1.0242372300275928E-4
<1452,nurse0-3,HR0-2,addItem> 1.0098598687053746E-4
<1453,nurse0-3,HR0-3,addItem> 1.0386145913498103E-4
<1454,nurse0-3,HR0-0,addItem> 1.0170485493664833E-4
<1455,nurse0-3,HR0-1,addItem> 1.0026711880442655E-4
<1456,patient7-4,noteItem7-4,read> 0.0013131558983369362
<1457,doctor8-1,HRitem8-9-2,read> 3.176697627480131E-4
<1458,agent1-11,HR1-7,addNote> 9.702468306074821E-4
<1459,nurse0-2,HR0-7,addItem> 1.0640318507369386E-4
<1460,nurse0-2,HR0-8,addItem> 1.0568896987532473E-4
<1461,nurse0-2,HR0-9,addItem> 1.0497475467695567E-4
<1462,nurse0-2,HR0-3,addItem> 1.0318921668103294E-4
<1463,nurse0-2,HR0-4,addItem> 1.0390343187940203E-4
<1464,doctor4-0,HRitem4-2-3,read> 5.923373140311451E-4
<1465,nurse0-2,HR0-5,addItem> 1.0176078628429481E-4
<1466,nurse0-2,HR0-6,addItem> 1.0247500148266386E-4
<1467,nurse0-2,HR0-0,addItem> 1.010465710859257E-4
<1468,nurse0-2,HR0-2,addItem> 1.0033235588755664E-4
<1469,agent6-11,HR6-3,addNote> 1.818686738895456E-4
<1470,nurse1-3,HR1-0,addItem> 1.5175263572390465E-4
<1471,nurse1-3,HR1-2,addItem> 1.5033755529364774E-4
<1472,nurse1-3,HR1-3,addItem> 1.5069132540121194E-4
<1473,nurse1-3,HR1-4,addItem> 1.510450955087762E-4
<1474,nurse1-3,HR1-5,addItem> 1.5139886561634042E-4
<1475,nurse1-3,HR1-7,addItem> 1.4149330260454206E-4
<1476,patient8-8,noteItem8-8,read> 0.0019997408435247065
<1477,nurse1-3,HR1-8,addItem> 1.4396969335749165E-4
<1478,nurse1-3,HR1-9,addItem> 1.4255461292723477E-4
<1479,nurse1-2,HR1-1,addItem> 1.5317381920572476E-4
<1480,nurse1-2,HR1-2,addItem> 1.5139255568167334E-4
<1481,nurse1-2,HR1-9,addItem> 1.4355499617584692E-4
<1482,nurse1-2,HR1-8,addItem> 1.4498000699508806E-4
<1483,nurse1-2,HR1-5,addItem> 1.524613137961042E-4
<1484,nurse1-2,HR1-3,addItem> 1.5174880838648362E-4
<1485,doctor8-1,HRitem8-4-2,read> 3.1459512597991826E-4
<1486,nurse1-1,HR1-0,addItem> 1.5494742805493422E-4
<1487,nurse1-1,HR1-1,addItem> 1.5530864595423663E-4
<1488,nurse1-1,HR1-6,addItem> 1.4483332687446643E-4
<1489,nurse1-1,HR1-9,addItem> 1.4555576267307127E-4
<1490,nurse1-1,HR1-2,addItem> 1.5350255645772454E-4
<1491,nurse1-1,HR1-3,addItem> 1.5386377435702695E-4
<1492,nurse1-1,HR1-4,addItem> 1.5422499225632938E-4
<1493,nurse1-1,HR1-5,addItem> 1.545862101556318E-4
<1494,doctor8-1,HRitem9-9-1,read> 5.216206683649656E-4
<1495,nurse1-0,HR1-4,addItem> 1.5846485458640027E-4
<1496,nurse1-0,HR1-3,addItem> 1.5809370629811355E-4
<1497,nurse1-0,HR1-2,addItem> 1.5772255800982688E-4
<1498,nurse1-0,HR1-1,addItem> 1.5957829945126027E-4
<1499,nurse1-0,HR1-8,addItem> 1.5104188882066665E-4
<1500,nurse1-0,HR1-6,addItem> 1.488149990909466E-4
<1501,nurse1-0,HR1-5,addItem> 1.5883600287468693E-4
<1502,doctor5-1,HR5-0,addItem> 9.76752776027446E-4
<1503,nurse1-0,HR1-0,addItem> 1.5920715116297363E-4
<1504,doctor5-1,HR5-9,addItem> 9.439384262782737E-4
<1505,patient5-4,noteItem5-4agent5-1,read> 3.557483111478343E-4
<1506,nurse1-0,HR1-9,addItem> 1.4955729566751996E-4
<1507,doctor5-1,HRitem4-7-1,read> 4.5192890162148433E-4
<1508,doctor6-0,HRitem2-8-0,read> 4.4885426485338954E-4
<1509,doctor4-0,HRitem7-5-3,read> 7.68232159139233E-5
<1510,doctor9-0,HRitem0-0-1,read> 6.253142681732533E-5
<1511,doctor5-1,HRitem4-3-0,read> 6.517802915476438E-4
<1512,doctor6-1,HRitem8-2-2,read> 1.2294276743534473E-4
<1513,agent8-0,noteItem8-0,read> 9.952141271204898E-4
<1514,agent4-0,noteItem4-7agent4-0,read> 0.0021342185804991845
<1515,doctor5-0,HRitem1-4-3,read> 5.984865875673347E-4
<1516,agent6-1,noteItem6-3,read> 0.0024131181623023175
<1517,agent2-01,noteItem2-3agent2-0,read> 0.0027721092998391253
<1518,agent0-0,HR0-1,addNote> 6.412273809942883E-4
<1519,doctor6-1,HRitem0-5-2,read> 3.4485065411867254E-4
<1520,doctor8-1,HRitem9-1-1,read> 7.429945156677885E-4
<1521,agent9-11,noteItem9-1,read> 7.433983863442263E-4
<1522,doctor1-0,HRitem0-9-1,read> 1.3421643558502553E-4
<1523,doctor4-0,HR9-4,addItem> 3.040646739116012E-4
<1524,agent1-0,noteItem1-6agent1-0,read> 1.7293863391750608E-4
<1525,doctor4-0,HR9-3,addItem> 3.0238919413341764E-4
<1526,doctor4-0,HR9-2,addItem> 3.007137143552341E-4
<1527,doctor4-0,HRitem4-9-2,read> 8.092273160471632E-5
<1528,patient1-6,noteItem1-6agent1-0,read> 3.0200820434973504E-4
<1529,agent0-11,noteItem0-5,read> 8.461094794107688E-4
<1530,doctor1-1,HR9-8,addItem> 1.7540178927858983E-4
<1531,doctor1-1,HR9-9,addItem> 1.759044332120449E-4
<1532,doctor7-0,HRitem6-7-3,read> 1.6496280326597316E-4
<1533,doctor1-1,HR9-2,addItem> 1.804282286131405E-4
<1534,doctor1-1,HR9-3,addItem> 1.814335164800506E-4
<1535,doctor1-1,HRitem9-8-0,read> 5.267450629784569E-4
<1536,doctor1-1,HR9-1,addItem> 1.7942294074623034E-4
<1537,doctor1-1,HR9-4,addItem> 1.8243880434696072E-4
<1538,doctor7-1,HRitem7-9-1,read> 1.126939782083622E-4

