<0,patient8-5,HR8-5,addNote> 0.0012487453786247276
<1,nurse4-0,nursingItem4-3,read> 9.161220769776926E-4
<2,agent9-11,noteItem9-7,read> 9.88711819422407E-4
<3,nurse9-2,nursingItem9-9,read> 0.0014500200436686128
<4,agent9-0,noteItem9-0,read> 0.0024028882507713106
<5,patient5-6,HR5-6,addNote> 0.0017556941406682892
<6,patient0-1,noteItem0-1,read> 0.0019042179212885664
<7,agent9-1,HR9-7,addNote> 0.0015010946421341422
<8,doctor1-0,HRitem7-6-0,read> 4.827148320090353E-4
<9,patient1-5,noteItem1-5,read> 0.0018755051065591887
<10,doctor6-1,HR5-5,addItem> 0.001196725522701394
<11,patient5-9,noteItem5-9,read> 0.0053593266270569725
<12,nurse2-3,HR2-0,addItem> 1.892923978272359E-4
<13,nurse2-3,HR2-1,addItem> 1.8974638179324502E-4
<14,nurse2-3,HR2-2,addItem> 1.9065434972526338E-4
<15,patient9-9,HR9-9,addNote> 0.0016174353873836813
<16,patient0-3,noteItem0-3,read> 0.0021530623156098363
<17,nurse1-1,nursingItem1-9,read> 9.321923982576896E-4
<18,patient9-3,noteItem9-3,read> 0.0034164261637024394
<19,nurse9-3,HR9-2,addItem> 1.6274644254378972E-4
<20,nurse2-3,HR2-3,addItem> 1.9110833369127253E-4
<21,nurse9-3,nursingItem9-2,read> 0.0014120641926393853
<22,nurse8-1,nursingItem8-7,read> 9.278700615503087E-4
<23,nurse2-3,HR2-8,addItem> 1.8656849403118092E-4
<24,nurse0-1,nursingItem0-2,read> 9.473943394642393E-4
<25,nurse7-0,nursingItem7-9,read> 1.901276529659176E-4
<26,nurse5-2,nursingItem5-7,read> 0.0016050874442871735
<27,patient5-0,HR5-0,addNote> 0.0017879545164346978
<28,nurse7-2,nursingItem7-7,read> 1.861618965507419E-4
<29,nurse1-1,nursingItem1-2,read> 9.605595002276084E-4
<30,nurse2-3,HR2-9,addItem> 1.8838442989521759E-4
<31,nurse2-3,HR2-4,addItem> 1.9201630162329084E-4
<32,nurse7-1,nursingItem7-3,read> 1.9195468924548207E-4
<33,patient6-6,noteItem6-6,read> 0.005445465071245104
<34,nurse2-3,nursingItem2-2,read> 6.276003978134015E-4
<35,nurse2-3,HR2-5,addItem> 1.8611451006517177E-4
<36,agent4-0,noteItem4-3,read> 0.002777484473391233
<37,patient6-5,noteItem6-5,read> 0.005502890700703859
<38,agent4-1,noteItem4-8,read> 0.0026575545278599714
<39,nurse2-3,HR2-6,addItem> 1.856605260991626E-4
<40,patient5-8,noteItem5-8,read> 0.005397610380029475
<41,agent3-01,noteItem3-8,read> 0.002720676526982121
<42,nurse1-2,nursingItem1-7,read> 0.0016536616014044374
<43,doctor3-0,HRitem2-3-3,read> 2.638977767688378E-4
<44,patient0-7,noteItem0-7,read> 0.0020956366861510822
<45,patient3-3,noteItem3-3,read> 0.005187049738680709
<46,agent3-1,HR3-1,addNote> 0.0011451177647799008
<47,nurse0-1,HR0-4,addItem> 1.3538945054675095E-4
<48,patient7-9,noteItem7-9agent7-0,read> 0.0020159834750897
<49,patient2-2,noteItem2-2agent2-0,read> 0.0010595133098824055
<50,nurse9-0,nursingItem9-4,read> 8.352632927607455E-4
<51,nurse2-3,HR2-7,addItem> 1.8702247799719007E-4
<52,patient5-7,HR5-7,addNote> 0.0017464768904493157
<53,patient1-6,noteItem1-6,read> 0.001846792291829812
<54,agent8-0,HR8-5,addNote> 8.29234431157015E-4
<55,agent3-0,noteItem3-8agent3-0,read> 0.0014481903155422345
<56,doctor3-0,HR2-3,addItem> 4.6577311119501224E-4
<57,nurse2-2,HR2-1,addItem> 1.9230188861874326E-4
<58,agent8-01,HR8-5,addNote> 7.941345610551307E-4
<59,doctor3-1,HR7-3,addItem> 0.0010741360947890417
<60,patient2-0,noteItem2-0,read> 0.002057352933178579
<61,nurse8-1,nursingItem8-1,read> 9.3786314894953E-4
<62,agent8-1,HR8-1,addNote> 8.663892510131578E-4
<63,doctor1-1,HR1-1,addItem> 0.001387061739723204
<64,patient0-2,noteItem0-2,read> 0.002133920439123585
<65,nurse4-0,HR4-2,addItem> 1.366959244815788E-4
<66,nurse6-1,nursingItem6-2,read> 2.117342623024724E-4
<67,patient3-5,noteItem3-5,read> 0.005148765985708205
<68,nurse2-1,nursingItem2-6,read> 6.454536025677805E-4
<69,nurse2-2,HR2-2,addItem> 1.9322208507509855E-4
<70,patient7-4,noteItem7-4agent7-1,read> 8.182415564967813E-4
<71,nurse2-3,nursingItem2-3,read> 6.263324114890038E-4
<72,nurse2-2,HR2-0,addItem> 1.9184179039056565E-4
<73,nurse2-2,HR2-9,addItem> 1.909215939342104E-4
<74,nurse1-2,HR1-4,addItem> 1.9439837764793303E-4
<75,doctor9-1,HR9-1,addItem> 2.3372060612525205E-4
<76,nurse2-2,HR2-7,addItem> 1.895412992496775E-4
<77,agent2-0,noteItem2-2agent2-0,read> 6.493940535818045E-4
<78,nurse0-1,nursingItem0-5,read> 9.486939944597891E-4
<79,nurse2-2,HR2-8,addItem> 1.8908120102149986E-4
<80,patient5-1,noteItem5-1,read> 0.005493319762460733
<81,nurse2-2,HR2-5,addItem> 1.886211027933222E-4
<82,patient8-4,noteItem8-4,read> 0.0026316092277661254
<83,doctor8-0,HRitem8-5-3,read> 6.165259415955056E-4
<84,agent8-0,noteItem8-5,read> 0.001365340550263747
<85,nurse3-1,nursingItem3-3,read> 0.001091986106580166
<86,patient9-6,HR9-6,addNote> 0.001594392261836247
<87,nurse2-2,nursingItem2-3,read> 0.0011060485256111387
<88,doctor6-1,HR5-6,addItem> 0.0012289858984678025
<89,patient1-2,noteItem1-2,read> 0.0017606538476416793
<90,nurse2-2,HR2-6,addItem> 1.8816100456514457E-4
<91,patient6-9,noteItem6-9,read> 0.005560316330162614
<92,nurse2-2,HR2-3,addItem> 1.9368218330327618E-4
<93,doctor0-0,HRitem8-8-2,read> 4.249923925795776E-4
<94,agent3-1,noteItem3-1,read> 0.002645630653639839
<95,nurse2-2,HR2-4,addItem> 1.9460237975963145E-4
<96,doctor4-0,HR3-9,addItem> 2.0052503914273485E-4
<97,patient1-3,noteItem1-3,read> 0.0017223700946691763
<98,doctor1-0,HRitem7-8-1,read> 2.59696316031585E-4
<99,nurse3-3,nursingItem3-2,read> 0.0011085387170475269
<100,patient5-4,noteItem5-4,read> 0.0054741778859744815
<101,doctor1-0,HRitem1-9-2,read> 8.946431497556201E-4
<102,patient3-9,noteItem3-9,read> 0.005282759121111966
<103,patient3-2,HR3-2,addNote> 0.0017418682653398286
<104,nurse4-3,nursingItem4-1,read> 0.0015420043482943905
<105,patient5-5,HR5-5,addNote> 0.0017096078895734198
<106,nurse9-1,nursingItem9-3,read> 8.006451840552365E-4
<107,patient8-6,noteItem8-6,read> 0.002526328907091742
<108,agent2-1,noteItem2-7agent2-1,read> 0.003739347446667794
<109,doctor4-0,HR3-8,addItem> 2.0001213272267457E-4
<110,nurse6-2,nursingItem6-3,read> 3.725638952119214E-4
<111,nurse5-0,nursingItem5-9,read> 0.0015899879626784324
<112,nurse6-2,nursingItem6-2,read> 2.1293388985092832E-4
<113,nurse5-2,nursingItem5-3,read> 9.087528107572275E-4
<114,nurse5-1,HR5-8,addItem> 1.7322386586111788E-4
<115,patient4-4,noteItem4-4,read> 0.005292330059355092
<116,nurse6-2,nursingItem6-1,read> 3.680740466128322E-4
<117,patient7-7,noteItem7-7,read> 0.0018276504153435598
<118,patient5-4,HR5-4,addNote> 0.0017142165146829067
<119,nurse6-2,nursingItem6-0,read> 2.10352221067689E-4
<120,agent2-11,noteItem2-7,read> 0.001046184548520567
<121,nurse6-2,nursingItem6-7,read> 1.7549969249395787E-4
<122,patient5-6,noteItem5-6,read> 0.0054358941330019785
<123,patient2-8,HR2-8,addNote> 0.0018939528939528971
<124,nurse6-2,nursingItem6-6,read> 1.780813612771972E-4
<125,doctor1-0,HR8-3,addItem> 1.5413837990919601E-4
<126,nurse3-2,nursingItem3-7,read> 6.592891394084919E-4
<127,nurse2-0,nursingItem2-8,read> 0.0011302775941873042
<128,nurse6-2,nursingItem6-5,read> 1.690455205358595E-4
<129,agent0-1,HR0-3,addNote> 8.579856439549653E-4
<130,patient4-3,noteItem4-3agent4-0,read> 0.005712611410890868
<131,nurse6-2,nursingItem6-4,read> 1.729180237107185E-4
<132,patient5-7,noteItem5-7,read> 0.005378468503543224
<133,nurse1-1,nursingItem1-0,read> 9.42507708064933E-4
<134,agent4-11,noteItem4-8,read> 0.0025438623555451064
<135,patient9-5,HR9-5,addNote> 0.0016911733891354724
<136,doctor2-1,HR6-6,addItem> 1.2101150663598858E-4
<137,nurse6-2,nursingItem6-9,read> 3.14195863423762E-4
<138,nurse6-2,nursingItem6-8,read> 1.8324469884367588E-4
<139,nurse8-1,HR8-5,addItem> 1.3849372709171328E-4
<140,nurse8-1,HR8-4,addItem> 1.3542697379305012E-4
<141,nurse8-1,HR8-3,addItem> 1.364492248926045E-4
<142,nurse8-1,HR8-2,addItem> 1.4104935484059926E-4
<143,doctor0-0,HR0-2,addItem> 4.5586476403254843E-4
<144,agent0-11,noteItem0-3,read> 0.0010950774803566723
<145,nurse8-1,HR8-9,addItem> 1.344047226934957E-4
<146,nurse4-1,nursingItem4-5,read> 0.0015744219299637426
<147,patient4-8,noteItem4-8,read> 0.005158336923951332
<148,nurse5-1,nursingItem5-3,read> 0.0015751545838284956
<149,agent3-01,HR3-8,addNote> 0.0011868149281384576
<150,agent5-0,noteItem5-7,read> 0.0026956795105733513
<151,doctor2-1,HR2-8,addItem> 6.678211926815289E-4
<152,nurse8-1,HR8-8,addItem> 1.333824715939413E-4
<153,patient3-4,noteItem3-4,read> 0.0051679078621944576
<154,agent3-1,noteItem3-1agent3-1,read> 0.0035721879463155126
<155,nurse0-0,nursingItem0-4,read> 9.452147529847485E-4
<156,nurse8-1,HR8-7,addItem> 1.338935971437185E-4
<157,patient1-3,noteItem1-3agent1-1,read> 0.002937986246956192
<158,doctor3-0,HR2-5,addItem> 4.5360206285734194E-4
<159,nurse2-1,HR2-0,addItem> 1.9311648667223055E-4
<160,nurse8-1,HR8-6,addItem> 1.3747147599215892E-4
<161,patient6-2,noteItem6-2,read> 0.005368897565300098
<162,patient3-7,HR3-7,addNote> 0.0017741286411062371
<163,nurse2-1,HR2-1,addItem> 1.935796420314924E-4
<164,nurse8-1,nursingItem8-3,read> 9.350079811211811E-4
<165,nurse2-1,HR2-2,addItem> 1.9450595275001618E-4
<166,nurse2-1,HR2-3,addItem> 1.9496910810927804E-4
<167,doctor4-0,HR3-0,addItem> 1.959088813621923E-4
<168,patient4-1,noteItem4-1,read> 0.005234904429896338
<169,patient6-2,noteItem6-2agent6-1,read> 0.0037135025971242693
<170,nurse2-1,HR2-4,addItem> 1.9589541882780178E-4
<171,nurse2-1,HR2-5,addItem> 1.8987439915739746E-4
<172,patient8-5,noteItem8-5agent8-0,read> 0.004489018947292347
<173,nurse8-1,HR8-1,addItem> 1.420716059401537E-4
<174,patient4-3,noteItem4-3,read> 0.005321042874084469
<175,agent8-11,noteItem8-1,read> 0.001203588733184907
<176,doctor6-0,HR8-4,addItem> 2.349531407783281E-4
<177,doctor9-1,HR9-3,addItem> 2.363323135153142E-4
<178,nurse2-1,HR2-6,addItem> 1.8941124379813558E-4
<179,nurse8-1,HR8-0,addItem> 1.3951597819126773E-4
<180,nurse2-1,HR2-7,addItem> 1.908007098759212E-4
<181,nurse2-1,HR2-8,addItem> 1.9033755451665935E-4
<182,nurse2-1,HR2-9,addItem> 1.921901759537068E-4
<183,patient1-4,noteItem1-4,read> 0.0016840863416966736
<184,nurse6-3,nursingItem6-0,read> 3.6701420524888026E-4
<185,nurse2-0,HR2-9,addItem> 1.9345875797320322E-4
<186,nurse6-3,nursingItem6-2,read> 2.1413351739938427E-4
<187,patient3-1,noteItem3-1agent3-1,read> 0.0052990026908012276
<188,patient2-5,noteItem2-5,read> 0.0019616435507473205
<189,nurse6-3,nursingItem6-1,read> 2.12835410701333E-4
<190,agent4-0,noteItem4-3agent4-0,read> 0.003944562285105976
<191,nurse0-2,nursingItem0-2,read> 0.001624725214739799
<192,nurse6-3,nursingItem6-4,read> 1.7389220975979299E-4
<193,nurse6-3,nursingItem6-3,read> 2.1543162409743557E-4
<194,nurse8-0,nursingItem8-6,read> 9.198901574686526E-4
<195,nurse8-0,HR8-9,addItem> 1.3366009819103865E-4
<196,nurse6-3,nursingItem6-6,read> 3.107092900994739E-4
<197,patient1-6,HR1-6,addNote> 0.001852475267967515
<198,nurse6-3,nursingItem6-5,read> 1.6999788966563903E-4
<199,nurse6-3,nursingItem6-8,read> 3.197180765233789E-4
<200,nurse6-3,nursingItem6-7,read> 3.0620489688752147E-4
<201,nurse6-3,nursingItem6-9,read> 1.81680849948101E-4
<202,agent7-11,HR7-4,addNote> 6.562343388309784E-4
<203,nurse8-2,nursingItem8-6,read> 7.507738611095132E-4
<204,nurse9-2,nursingItem9-8,read> 8.25040437556929E-4
<205,doctor0-1,HRitem5-8-0,read> 1.323728224592358E-4
<206,doctor2-1,HRitem2-1-0,read> 3.1085938734405887E-4
<207,patient1-8,noteItem1-8,read> 0.0018085085388573087
<208,nurse5-1,nursingItem5-1,read> 9.060819984200772E-4
<209,doctor4-1,HRitem2-8-2,read> 5.679866175298253E-4
<210,nurse4-1,nursingItem4-8,read> 9.31207893299796E-4
<211,nurse3-1,nursingItem3-5,read> 0.0010964802618674719
<212,nurse8-0,HR8-2,addItem> 1.4026791797167626E-4
<213,doctor6-1,HR5-9,addItem> 0.0012096296730079573
<214,patient7-3,HR7-3,addNote> 0.001534480135412917
<215,nurse2-0,nursingItem2-7,read> 0.0011235089019489709
<216,nurse8-0,HR8-1,addItem> 1.4128450563023593E-4
<217,agent9-1,noteItem9-7,read> 0.002543104530554152
<218,nurse8-0,HR8-4,addItem> 1.3467668584959827E-4
<219,patient1-2,HR1-2,addNote> 0.001958473645485714
<220,nurse8-0,HR8-3,addItem> 1.3569327350815792E-4
<221,patient6-0,noteItem6-0,read> 0.0054071813182726
<222,nurse8-0,HR8-6,addItem> 1.3670986116671758E-4
<223,nurse3-3,HR3-1,addItem> 1.7799639873296373E-4
<224,patient0-0,noteItem0-0,read> 0.0019425016742610692
<225,nurse4-0,nursingItem4-7,read> 9.382771245390049E-4
<226,agent4-11,HR4-8,addNote> 8.320344301220846E-4
<227,nurse8-0,HR8-5,addItem> 1.377264488252772E-4
<228,nurse2-0,HR2-0,addItem> 1.9439118295389542E-4
<229,doctor9-0,HRitem9-5-1,read> 9.326874848341263E-4
<230,nurse3-3,HR3-0,addItem> 1.7893332461729123E-4
<231,patient9-6,noteItem9-6,read> 0.003435568040188691
<232,nurse8-2,nursingItem8-9,read> 0.0013626460695523217
<233,patient8-5,noteItem8-5,read> 0.0026507511042523774
<234,nurse8-0,HR8-8,addItem> 1.3264351053247903E-4
<235,nurse1-2,nursingItem1-3,read> 0.0016692420595411626
<236,nurse3-3,HR3-3,addItem> 1.7612254696430877E-4
<237,patient0-4,noteItem0-4,read> 0.0021052076243942078
<238,nurse3-0,nursingItem3-5,read> 6.158572953989001E-4
<239,agent8-01,noteItem8-5agent8-0,read> 0.0024594970837705527
<240,nurse1-0,nursingItem1-0,read> 0.001665818541838414
<241,nurse9-2,nursingItem9-6,read> 8.276148340337367E-4
<242,nurse1-3,nursingItem1-0,read> 9.230745594450375E-4
<243,patient0-9,HR0-9,addNote> 0.001354743756142927
<244,nurse8-0,HR8-7,addItem> 1.331518043617588E-4
<245,nurse3-3,HR3-2,addItem> 1.7705947284863628E-4
<246,nurse2-0,HR2-3,addItem> 1.9625603291527986E-4
<247,nurse3-3,HR3-5,addItem> 1.812756393281099E-4
<248,nurse2-0,HR2-4,addItem> 1.9718845789597209E-4
<249,patient1-7,HR1-7,addNote> 0.001847866642858028
<250,nurse3-3,HR3-4,addItem> 1.8080717638594616E-4
<251,patient5-2,HR5-2,addNote> 0.0017234337649018811
<252,nurse5-0,nursingItem5-0,read> 9.046574618339822E-4
<253,patient8-9,HR8-9,addNote> 0.0012118763777488324
<254,nurse2-0,HR2-1,addItem> 1.9485739544424153E-4
<255,doctor9-0,HR9-2,addItem> 4.3921405427760276E-4
<256,nurse1-0,HR1-8,addItem> 1.9303958680239925E-4
<257,nurse5-3,nursingItem5-5,read> 0.0016149119552729752
<258,nurse3-3,HR3-7,addItem> 1.8033871344378243E-4
<259,nurse2-0,HR2-2,addItem> 1.9578982042493375E-4
<260,nurse3-3,HR3-6,addItem> 1.7940178755945497E-4
<261,nurse3-3,HR3-9,addItem> 1.8314949109676486E-4
<262,patient9-2,noteItem9-2,read> 0.0033781424107299364
<263,nurse2-0,HR2-7,addItem> 1.920601205021649E-4
<264,nurse2-2,nursingItem2-6,read> 6.411931827488512E-4
<265,nurse3-3,HR3-8,addItem> 1.8268102815460115E-4
<266,nurse2-0,HR2-8,addItem> 1.915939080118188E-4
<267,patient4-5,HR4-5,addNote> 0.0013178747552670316
<268,patient2-9,noteItem2-9,read> 0.0018563632300729372
<269,nurse8-0,HR8-0,addItem> 1.3874303648383685E-4
<270,nurse8-0,nursingItem8-4,read> 9.255688569167259E-4
<271,nurse4-1,nursingItem4-7,read> 9.325031114649186E-4
<272,patient6-4,noteItem6-4,read> 0.005483748824217607
<273,patient2-1,HR2-1,addNote> 0.0019262132697193055
<274,nurse2-0,HR2-5,addItem> 1.911276955214727E-4
<275,agent9-01,HR9-0,addNote> 6.239677200970138E-4
<276,patient4-8,noteItem4-8agent4-1,read> 6.286708931223625E-4
<277,nurse2-0,HR2-6,addItem> 1.9066148303112655E-4
<278,nurse4-0,HR4-1,addItem> 1.37629135173531E-4
<279,nurse1-2,nursingItem1-0,read> 9.295522756516692E-4
<280,nurse8-2,nursingItem8-5,read> 0.00137954819794266
<281,patient9-7,noteItem9-7agent9-1,read> 0.004101260772208308
<282,agent6-01,noteItem6-9,read> 0.0026506286243307897
<283,patient4-5,noteItem4-5,read> 0.005263617244625715
<284,agent8-0,noteItem8-5agent8-0,read> 0.003065245225479596
<285,doctor9-1,HR6-1,addItem> 4.7449007410938E-5
<286,doctor9-1,HR6-6,addItem> 4.540727513328222E-5
<287,nurse3-2,nursingItem3-0,read> 6.284426976653929E-4
<288,doctor9-1,HR6-5,addItem> 4.438640899445433E-5
<289,agent9-1,noteItem9-7agent9-1,read> 0.003761619629528465
<290,nurse3-3,nursingItem3-4,read> 0.0010972261355316067
<291,doctor9-1,HR6-9,addItem> 4.898030661917984E-5
<292,nurse9-3,nursingItem9-4,read> 7.967718967809876E-4
<293,doctor9-1,HR6-7,addItem> 4.234467671679855E-5
<294,doctor6-0,HR6-8,addItem> 9.02595366362524E-5
<295,patient1-9,noteItem1-9,read> 0.0019903563654766984
<296,agent5-0,noteItem5-7agent5-0,read> 0.001437517451783264
<297,nurse8-3,HR8-2,addItem> 1.1291762755937171E-4
<298,doctor5-1,HRitem7-9-3,read> 1.3769206905568562E-4
<299,patient7-0,noteItem7-0,read> 0.001999927303719824
<300,doctor9-0,HR9-5,addItem> 2.4195750881449678E-4
<301,nurse8-3,HR8-3,addItem> 1.0923497505252825E-4
<302,nurse9-3,nursingItem9-7,read> 0.0014187148514913535
<303,doctor6-0,HRitem8-9-0,read> 4.197448980859905E-4
<304,agent3-0,noteItem3-8,read> 0.0026351542785897552
<305,nurse5-3,nursingItem5-6,read> 9.295708861201988E-4
<306,nurse8-3,HR8-0,addItem> 1.1169007672375725E-4
<307,nurse8-3,HR8-1,addItem> 1.1373599478311474E-4
<308,agent5-11,noteItem5-0,read> 0.002709702426116537
<309,doctor8-0,HRitem2-6-2,read> 3.8914627550224E-4
<310,nurse8-3,HR8-8,addItem> 1.0677987338129926E-4
<311,nurse8-3,HR8-9,addItem> 1.0759824060504226E-4
<312,patient9-0,noteItem9-0agent9-0,read> 0.00280873352192818
<313,nurse8-3,HR8-6,addItem> 1.1005334227627128E-4
<314,nurse2-1,nursingItem2-0,read> 0.001108018560170168
<315,agent6-1,noteItem6-2agent6-1,read> 0.0027765848226964695
<316,patient0-2,HR0-2,addNote> 0.001294831629719597
<317,nurse8-3,HR8-7,addItem> 1.0718905699317077E-4
<318,doctor7-0,HR8-9,addItem> 2.5023115759647993E-4
<319,nurse8-3,HR8-4,addItem> 1.0841660782878527E-4
<320,nurse8-3,HR8-5,addItem> 1.1087170950001423E-4
<321,agent0-11,HR0-3,addNote> 8.732251758191744E-4
<322,nurse8-2,HR8-0,addItem> 1.1323596013861894E-4
<323,nurse8-2,HR8-1,addItem> 1.1531019540295023E-4
<324,nurse8-2,HR8-2,addItem> 1.1448050129721769E-4
<325,patient6-1,noteItem6-1,read> 0.0054263231947588525
<326,nurse8-2,HR8-7,addItem> 1.0867264255709009E-4
<327,nurse8-2,HR8-8,addItem> 1.0825779550422383E-4
<328,nurse6-0,nursingItem6-0,read> 2.0798205519650378E-4
<329,nurse8-2,HR8-9,addItem> 1.0908748960995633E-4
<330,nurse1-3,nursingItem1-7,read> 9.382284939556782E-4
<331,nurse8-2,HR8-3,addItem> 1.1074687782142139E-4
<332,patient3-7,noteItem3-7,read> 0.005340184750570721
<333,nurse8-2,HR8-4,addItem> 1.0991718371568887E-4
<334,nurse4-3,nursingItem4-8,read> 9.139099138576945E-4
<335,nurse8-2,HR8-5,addItem> 1.124062660328864E-4
<336,nurse8-2,HR8-6,addItem> 1.1157657192715391E-4
<337,doctor7-0,HRitem8-4-2,read> 4.0269054098183255E-4
<338,agent0-0,noteItem0-4agent0-0,read> 0.001449795715409703
<339,patient2-6,noteItem2-6,read> 0.0019329307360179439
<340,agent4-01,noteItem4-3agent4-0,read> 0.003086084350299855
<341,patient1-7,noteItem1-7,read> 0.0018372213535866855
<342,patient7-9,HR7-9,addNote> 0.0015621318860698386
<343,patient5-8,HR5-8,addNote> 0.0017372596402303417
<344,doctor2-0,HR2-9,addItem> 4.3492692218424696E-4
<345,doctor3-0,HRitem3-1-3,read> 8.605344355473042E-4
<346,doctor2-0,HR2-3,addItem> 4.4121565366276206E-4
<347,agent9-01,noteItem9-0,read> 9.938159173092992E-4
<348,patient8-1,noteItem8-1,read> 0.002488045154119239
<349,doctor0-0,HRitem3-1-1,read> 4.7172789041308746E-5
<350,doctor2-0,HR2-6,addItem> 4.2863819070573187E-4
<351,doctor6-1,HR5-0,addItem> 0.0012515681615042885
<352,doctor1-0,HR7-9,addItem> 1.3007933567915387E-4
<353,doctor2-0,HR2-5,addItem> 4.296863126188178E-4
<354,patient6-8,noteItem6-8,read> 0.0055411744536763615
<355,doctor2-0,HR2-0,addItem> 4.370231660104187E-4
<356,doctor2-0,HR2-2,addItem> 4.4016753174967624E-4
<357,doctor6-1,HRitem6-2-3,read> 5.692984911532219E-4
<358,doctor1-0,HR7-2,addItem> 1.281605255646488E-4
<359,patient8-6,HR8-6,addNote> 0.001239528128405754
<360,nurse5-2,nursingItem5-5,read> 9.255347507960707E-4
<361,doctor1-0,HR7-1,addItem> 1.270092394959458E-4
<362,nurse4-1,HR4-5,addItem> 1.3260858129322467E-4
<363,doctor1-0,HR7-8,addItem> 1.3046309770205485E-4
<364,doctor6-1,HRitem5-5-3,read> 9.046461861340205E-5
<365,doctor7-1,HR3-8,addItem> 2.2244339994390908E-4
<366,doctor1-0,HR7-7,addItem> 1.2931181163335182E-4
<367,doctor1-0,HR7-6,addItem> 1.2969557365625283E-4
<368,nurse0-3,nursingItem0-0,read> 9.609479832809809E-4
<369,doctor1-0,HR7-5,addItem> 1.2854428758754985E-4
<370,patient5-0,noteItem5-0agent5-1,read> 3.7016544306633687E-4
<371,patient5-9,HR5-9,addNote> 0.0017280423900113678
<372,doctor2-1,HR2-7,addItem> 6.694462265073787E-4
<373,doctor2-1,HR2-4,addItem> 6.873215985917266E-4
<374,doctor2-1,HR2-1,addItem> 6.791964294624775E-4
<375,nurse9-2,HR9-9,addItem> 1.6174353873836815E-4
<376,nurse1-3,nursingItem1-8,read> 9.357028382039048E-4
<377,patient9-7,noteItem9-7,read> 0.0035025646078905713
<378,nurse9-2,HR9-7,addItem> 1.603609512055221E-4
<379,patient7-8,noteItem7-8,read> 0.0017989376006141825
<380,nurse1-3,nursingItem1-5,read> 9.33177182452131E-4
<381,nurse9-2,HR9-8,addItem> 1.612826762274195E-4
<382,nurse1-3,nursingItem1-6,read> 9.306515267003577E-4
<383,nurse9-2,HR9-5,addItem> 1.6911733891354725E-4
<384,nurse0-3,nursingItem0-1,read> 9.596649372949591E-4
<385,nurse9-2,HR9-6,addItem> 1.5943922618362472E-4
<386,patient7-1,HR7-1,addNote> 0.0015252628851939432
<387,nurse9-2,HR9-3,addItem> 1.668130263588038E-4
<388,nurse1-3,nursingItem1-9,read> 0.0016027391861214981
<389,nurse9-2,HR9-4,addItem> 1.6773475138070118E-4
<390,doctor3-1,HR3-1,addItem> 2.720205521060447E-4
<391,nurse9-2,HR9-1,addItem> 1.64969576315009E-4
<392,doctor3-1,HR3-0,addItem> 2.0909153506133048E-4
<393,nurse9-2,HR9-2,addItem> 1.6589130133690645E-4
<394,doctor8-0,HRitem8-3-3,read> 6.553901976886348E-5
<395,doctor3-1,HR3-3,addItem> 2.691568638724467E-4
<396,patient1-0,HR1-0,addNote> 0.0019769081459236615
<397,doctor3-1,HR3-2,addItem> 2.705887079892458E-4
<398,nurse9-2,HR9-0,addItem> 1.6404785129311164E-4
<399,patient8-3,noteItem8-3,read> 0.0026220382895229995
<400,patient9-1,HR9-1,addNote> 0.00164969576315009
<401,doctor3-1,HR3-5,addItem> 2.7703200651484127E-4
<402,nurse1-3,nursingItem1-3,read> 9.470682890868853E-4
<403,doctor3-1,HR3-4,addItem> 2.763160844564418E-4
<404,nurse1-3,nursingItem1-4,read> 0.0016559452129329775
<405,doctor9-1,HRitem3-9-0,read> 8.775887926514622E-4
<406,doctor5-0,HR4-5,addItem> 2.60831222550164E-4
<407,doctor3-1,HR3-7,addItem> 2.756001623980423E-4
<408,nurse1-3,nursingItem1-1,read> 0.0016537282951491659
<409,doctor3-1,HR3-6,addItem> 2.7416831828124325E-4
<410,nurse1-3,nursingItem1-2,read> 0.001651511377365354
<411,doctor3-1,HR3-8,addItem> 2.1347089305541526E-4
<412,nurse9-1,HR9-7,addItem> 1.58840942189356E-4
<413,doctor3-1,HR3-9,addItem> 2.140183128046759E-4
<414,agent6-01,HR6-9,addNote> 2.717908654521505E-4
<415,doctor8-1,HRitem8-3-1,read> 6.8162767015657E-5
<416,nurse9-1,HR9-6,addItem> 1.57927953897524E-4
<417,nurse9-1,HR9-8,addItem> 1.5975393048118803E-4
<418,nurse8-2,nursingItem8-2,read> 7.577259179547172E-4
<419,patient2-4,HR2-4,addNote> 0.00194925639526674
<420,nurse9-1,HR9-9,addItem> 1.6021042462710403E-4
<421,patient2-2,noteItem2-2,read> 0.002019069180206076
<422,nurse9-1,HR9-2,addItem> 1.643188719403481E-4
<423,nurse9-1,HR9-3,addItem> 1.6523186023218006E-4
<424,nurse9-1,HR9-4,addItem> 1.6614484852401208E-4
<425,agent6-1,noteItem6-2,read> 0.0030789460906069507
<426,nurse9-1,HR9-5,addItem> 1.6751433096176007E-4
<427,nurse4-2,nursingItem4-4,read> 8.928131624596804E-4
<428,nurse9-1,HR9-0,addItem> 1.6249289535668406E-4
<429,doctor0-0,HR3-5,addItem> 1.6544293208679663E-4
<430,nurse5-3,nursingItem5-3,read> 9.139905791189407E-4
<431,doctor6-0,HRitem3-7-1,read> 9.025143914960006E-4
<432,nurse9-1,HR9-1,addItem> 1.6340588364851605E-4
<433,doctor3-0,HRitem6-3-0,read> 6.270209305826798E-4
<434,nurse1-0,HR1-1,addItem> 2.039495747121898E-4
<435,doctor8-0,HRitem8-1-1,read> 4.061342092432491E-5
<436,doctor4-1,HRitem4-5-1,read> 5.863528482573799E-4
<437,patient5-2,noteItem5-2,read> 0.0055124616389469845
<438,agent4-11,noteItem4-8agent4-1,read> 3.4436049358789955E-4
<439,doctor2-1,HRitem7-9-0,read> 6.682293716517713E-5
<440,nurse2-1,nursingItem2-8,read> 6.480408069872588E-4
<441,doctor9-1,HRitem9-8-3,read> 6.690008865313761E-4
<442,nurse0-0,nursingItem0-8,read> 0.0016525505734344703
<443,nurse2-3,nursingItem2-4,read> 0.0011042793009547194
<444,doctor4-0,HRitem4-5-0,read> 5.876647218807767E-4
<445,doctor2-1,HRitem7-7-1,read> 6.369915358129663E-5
<446,nurse8-2,nursingItem8-1,read> 7.612019463773195E-4
<447,doctor1-0,HR1-3,addItem> 0.0013741575894166405
<448,nurse3-3,nursingItem3-3,read> 6.358407103294425E-4
<449,agent6-0,noteItem6-9,read> 0.0029561248047621355
<450,doctor6-1,HRitem6-3-1,read> 6.25709056959283E-4
<451,nurse9-3,HR9-4,addItem> 1.6455494566732296E-4
<452,nurse9-3,HR9-5,addItem> 1.6591132300997289E-4
<453,nurse9-3,HR9-6,addItem> 1.564166816114233E-4
<454,nurse9-3,HR9-7,addItem> 1.5732093317318994E-4
<455,doctor9-0,HRitem9-8-0,read> 6.742483810249632E-4
<456,patient3-2,noteItem3-2,read> 0.00520619161516696
<457,nurse9-0,nursingItem9-5,read> 8.49825104111788E-4
<458,patient7-8,HR7-8,addNote> 0.0015667405111793257
<459,nurse9-3,HR9-8,addItem> 1.5822518473495656E-4
<460,doctor1-1,HR1-6,addItem> 0.0012967326875772602
<461,nurse9-3,HR9-9,addItem> 1.5867731051583985E-4
<462,doctor3-0,HR3-6,addItem> 2.7320800893524945E-4
<463,doctor3-0,HR3-5,addItem> 2.7606166673720616E-4
<464,nurse3-0,nursingItem3-1,read> 6.196436266488977E-4
<465,doctor3-0,HR3-4,addItem> 2.75348252286717E-4
<466,doctor0-1,HR9-2,addItem> 7.220250550807421E-4
<467,nurse5-1,nursingItem5-9,read> 9.150663445060461E-4
<468,patient4-7,noteItem4-7,read> 0.005177478800437582
<469,doctor3-0,HR3-3,addItem> 2.682141077818252E-4
<470,doctor3-0,HR3-2,addItem> 2.6964093668280356E-4
<471,nurse2-3,nursingItem2-7,read> 6.314043567865951E-4
<472,nurse3-2,nursingItem3-1,read> 6.310132344773179E-4
<473,doctor6-1,HR5-3,addItem> 0.0012031775978546756
<474,nurse5-3,nursingItem5-8,read> 0.0016081546087988862
<475,doctor3-0,HRitem6-2-2,read> 5.74545985646809E-4
<476,nurse0-0,HR0-5,addItem> 1.3175024725128916E-4
<477,patient2-4,noteItem2-4,read> 0.0019807854272335724
<478,nurse9-3,HR9-0,addItem> 1.6093793942025645E-4
<479,doctor3-0,HR3-1,addItem> 2.7106776558378186E-4
<480,nurse9-3,HR9-1,addItem> 1.6184219098202307E-4
<481,nurse9-3,HR9-3,addItem> 1.636506941055563E-4
<482,doctor3-0,HR3-7,addItem> 2.746348378362278E-4
<483,patient5-0,noteItem5-0,read> 0.0055316035154332355
<484,doctor1-0,HR1-0,addItem> 0.001383835702146563
<485,doctor2-1,HRitem7-5-2,read> 4.932974909544632E-5
<486,nurse3-2,HR3-7,addItem> 1.7714687780760928E-4
<487,nurse3-2,HR3-8,addItem> 1.7944773562089138E-4
<488,nurse3-2,HR3-9,addItem> 1.7990790718354778E-4
<489,nurse3-2,HR3-3,addItem> 1.7300533374370154E-4
<490,nurse3-2,HR3-4,addItem> 1.776070493702657E-4
<491,nurse3-2,HR3-5,addItem> 1.7806722093292212E-4
<492,agent2-01,HR2-2,addNote> 0.0013878909825234822
<493,nurse3-2,HR3-6,addItem> 1.7622653468229646E-4
<494,nurse3-2,HR3-0,addItem> 1.7576636311964007E-4
<495,nurse2-0,nursingItem2-5,read> 0.0011189964404567483
<496,nurse3-2,HR3-1,addItem> 1.748460199943272E-4
<497,patient5-3,noteItem5-3,read> 0.0054550360094882296
<498,nurse3-2,HR3-2,addItem> 1.739256768690144E-4
<499,nurse6-0,nursingItem6-6,read> 1.76074810727595E-4
<500,nurse6-0,nursingItem6-7,read> 1.735222311700823E-4
<501,nurse9-2,nursingItem9-1,read> 8.160300498881021E-4
<502,nurse6-0,nursingItem6-8,read> 1.811799698426204E-4
<503,patient5-5,noteItem5-5,read> 0.005416752256515727
<504,nurse6-0,nursingItem6-9,read> 1.7862739028510772E-4
<505,patient9-8,noteItem9-8,read> 0.0034738517931611934
<506,doctor2-1,HR7-8,addItem> 2.2406519319622756E-4
<507,nurse6-0,nursingItem6-2,read> 3.679197158154649E-4
<508,nurse6-0,nursingItem6-3,read> 2.1181092453277281E-4
<509,nurse6-0,nursingItem6-4,read> 2.987779455283454E-4
<510,nurse6-0,nursingItem6-5,read> 2.920868064683017E-4
<511,nurse6-0,nursingItem6-1,read> 2.0925834497526017E-4
<512,doctor9-0,HRitem7-2-2,read> 7.673914082861336E-4
<513,doctor5-0,HRitem5-1-1,read> 2.98433221156216E-5
<514,agent4-1,HR4-8,addNote> 8.692203264403901E-4
<515,agent6-11,noteItem6-2,read> 0.0023347899357774758
<516,doctor1-1,HRitem1-2-1,read> 7.962526280008626E-4
<517,nurse3-1,HR3-8,addItem> 1.8052549979879462E-4
<518,nurse3-1,HR3-9,addItem> 1.8098843515462014E-4
<519,nurse5-0,nursingItem5-8,read> 9.110376496341633E-4
<520,nurse5-3,nursingItem5-0,read> 9.204823737027983E-4
<521,nurse3-1,HR3-6,addItem> 1.7728495230801597E-4
<522,agent7-0,noteItem7-9,read> 0.001296321151351598
<523,nurse3-1,HR3-7,addItem> 1.78210823019667E-4
<524,nurse5-2,nursingItem5-2,read> 0.0015893723856800137
<525,patient1-0,noteItem1-0,read> 0.0022104879450685917
<526,doctor5-0,HR5-2,addItem> 4.3671189210368373E-4
<527,nurse3-1,HR3-4,addItem> 1.7867375837549252E-4
<528,agent5-11,noteItem5-0agent5-1,read> 2.0140604147690506E-4
<529,nurse3-1,HR3-5,addItem> 1.7913669373131804E-4
<530,patient4-2,noteItem4-2,read> 0.0053497556888138465
<531,nurse3-1,HR3-2,addItem> 1.7497027552888832E-4
<532,agent3-11,noteItem3-1agent3-1,read> 0.002949420607009525
<533,nurse1-0,nursingItem1-1,read> 9.882914957804144E-4
<534,patient2-3,noteItem2-3,read> 0.0020094982419629503
<535,nurse3-1,HR3-3,addItem> 1.7404440481723726E-4
<536,patient6-7,noteItem6-7,read> 0.0054646069477313555
<537,nurse1-0,nursingItem1-2,read> 9.86966634254484E-4
<538,nurse3-1,HR3-0,addItem> 1.7682201695219042E-4
<539,doctor7-1,HR7-8,addItem> 2.464302956594369E-4
<540,nurse1-0,nursingItem1-3,read> 9.935909418841355E-4
<541,nurse3-1,HR3-1,addItem> 1.7589614624053936E-4
<542,nurse1-0,nursingItem1-5,read> 0.0016840501533092556
<543,patient0-8,noteItem0-8,read> 0.0020669238714217044
<544,nurse9-2,nursingItem9-0,read> 8.572203935170251E-4
<545,patient6-9,noteItem6-9agent6-0,read> 0.002179703593458517
<546,nurse1-0,nursingItem1-4,read> 9.896163573063447E-4
<547,nurse1-0,nursingItem1-7,read> 9.843169112026236E-4
<548,doctor1-0,HR1-9,addItem> 0.0013031847627305417
<549,nurse1-1,nursingItem1-1,read> 9.618489139535138E-4
<550,nurse1-0,nursingItem1-6,read> 9.763677420470418E-4
<551,nurse4-3,nursingItem4-9,read> 9.126387554727287E-4
<552,patient9-8,HR9-8,addNote> 0.0016128267622741947
<553,nurse1-0,nursingItem1-9,read> 9.578196806840178E-4
<554,nurse0-0,HR0-8,addItem> 1.3683608805759715E-4
<555,nurse1-0,nursingItem1-8,read> 0.0016886080561769662
<556,nurse6-1,nursingItem6-9,read> 1.7964521017277215E-4
<557,nurse6-1,nursingItem6-7,read> 1.745109618320201E-4
<558,agent2-11,HR2-7,addNote> 0.0013380438555077134
<559,nurse0-2,nursingItem0-4,read> 9.330576500524689E-4
<560,nurse8-0,nursingItem8-3,read> 9.29827881502781E-4
<561,patient1-1,HR1-1,addNote> 0.001981516771033149
<562,nurse6-1,nursingItem6-8,read> 1.8221233434314815E-4
<563,nurse6-1,nursingItem6-5,read> 1.6809315140608005E-4
<564,nurse4-2,nursingItem4-6,read> 0.0016100933334961356
<565,doctor3-0,HR6-2,addItem> 1.0383585903070407E-4
<566,nurse6-1,nursingItem6-6,read> 1.770780860023961E-4
<567,agent0-0,noteItem0-4,read> 0.00104091160035467
<568,patient8-8,noteItem8-8,read> 0.002564612660064245
<569,nurse6-1,nursingItem6-3,read> 2.130178243876604E-4
<570,patient8-0,noteItem8-0,read> 0.0024784742158761126
<571,patient3-0,noteItem3-0,read> 0.005225333491653211
<572,nurse6-1,nursingItem6-4,read> 1.7194383766164405E-4
<573,nurse0-1,nursingItem0-9,read> 9.551922694375375E-4
<574,agent4-0,HR4-3,addNote> 8.992765167806461E-4
<575,nurse1-1,nursingItem1-6,read> 0.0016533686988148685
<576,nurse6-1,nursingItem6-1,read> 2.1045070021728443E-4
<577,nurse6-1,nursingItem6-0,read> 2.091671381320964E-4
<578,doctor5-0,HRitem4-0-3,read> 5.666747439064284E-4
<579,nurse8-3,nursingItem8-2,read> 0.0013713165828589647
<580,nurse4-3,nursingItem4-6,read> 9.164522306276258E-4
<581,nurse3-0,HR3-1,addItem> 1.7169564125569067E-4
<582,nurse3-0,HR3-2,addItem> 1.7079188088939252E-4
<583,nurse2-1,nursingItem2-1,read> 6.363983870996062E-4
<584,doctor0-1,HRitem0-2-3,read> 2.3477071718704638E-4
<585,doctor2-0,HRitem2-0-0,read> 4.184330244625938E-4
<586,nurse3-0,HR3-3,addItem> 1.698881205230943E-4
<587,nurse1-2,nursingItem1-2,read> 9.473559332141703E-4
<588,nurse0-3,nursingItem0-4,read> 9.391362015186087E-4
<589,nurse4-0,HR4-0,addItem> 1.385623458654832E-4
<590,nurse8-1,nursingItem8-2,read> 9.335803972070066E-4
<591,patient0-3,noteItem0-3agent0-1,read> 0.004006475440521099
<592,nurse3-0,HR3-4,addItem> 1.7440692235458523E-4
<593,nurse9-0,HR9-0,addItem> 1.6871271910239445E-4
<594,nurse3-0,HR3-5,addItem> 1.7485880253773433E-4
<595,nurse3-0,HR3-6,addItem> 1.7305128180513798E-4
<596,nurse3-3,nursingItem3-7,read> 6.711682230014376E-4
<597,nurse3-0,HR3-7,addItem> 1.7395504217143615E-4
<598,patient1-1,noteItem1-1,read> 0.0017893666623710568
<599,patient2-6,HR2-6,addNote> 0.001884735643733923
<600,nurse0-3,nursingItem0-6,read> 0.001641964532161381
<601,nurse5-0,nursingItem5-4,read> 8.995533115938376E-4
<602,nurse3-0,HR3-8,addItem> 1.7621444308718161E-4
<603,agent1-1,HR1-3,addNote> 0.0012313696094463928
<604,nurse8-3,nursingItem8-9,read> 7.370958144932331E-4
<605,nurse6-2,HR6-3,addItem> 4.2037701953549124E-5
<606,nurse8-3,nursingItem8-5,read> 7.462386787856746E-4
<607,nurse9-0,HR9-4,addItem> 1.7250445995076853E-4
<608,agent8-1,noteItem8-1agent8-1,read> 0.001391933177682707
<609,nurse9-0,HR9-3,addItem> 1.71556524738675E-4
<610,nurse9-0,HR9-2,addItem> 1.7060858952658154E-4
<611,nurse1-1,nursingItem1-8,read> 9.55401845323987E-4
<612,nurse9-0,HR9-1,addItem> 1.6966065431448795E-4
<613,nurse1-1,nursingItem1-7,read> 9.579806727757977E-4
<614,nurse5-2,nursingItem5-8,read> 9.216619954024916E-4
<615,nurse9-0,HR9-8,addItem> 1.658689134661139E-4
<616,doctor3-1,HR7-4,addItem> 0.0010838142075189645
<617,patient0-9,noteItem0-9,read> 0.0020764948096648303
<618,nurse5-1,nursingItem5-8,read> 9.163498225183275E-4
<619,nurse9-0,HR9-7,addItem> 1.649209782540204E-4
<620,nurse1-1,nursingItem1-5,read> 9.528230178721761E-4
<621,agent6-11,noteItem6-2agent6-1,read> 0.0017937110826521901
<622,doctor9-1,HRitem9-1-3,read> 9.536774628084746E-4
<623,patient3-8,noteItem3-8,read> 0.005311471935841343
<624,nurse9-0,HR9-6,addItem> 1.6397304304192683E-4
<625,patient7-4,HR7-4,addNote> 0.001548306010741378
<626,nurse1-1,nursingItem1-4,read> 9.631383276794192E-4
<627,patient9-7,HR9-7,addNote> 0.001603609512055221
<628,nurse9-0,HR9-5,addItem> 1.7392636276890877E-4
<629,nurse3-0,HR3-0,addItem> 1.7259940162198887E-4
<630,doctor3-0,HRitem2-6-2,read> 4.0185885800503546E-4
<631,nurse1-1,nursingItem1-3,read> 9.670065688571355E-4
<632,nurse9-0,HR9-9,addItem> 1.6634288107216064E-4
<633,agent1-01,noteItem1-6,read> 0.0010946000891701015
<634,patient8-7,HR8-7,addNote> 0.0012072677526393453
<635,nurse3-0,HR3-9,addItem> 1.766663232703307E-4
<636,nurse7-2,nursingItem7-0,read> 1.9756279523374735E-4
<637,agent9-0,noteItem9-0agent9-0,read> 0.0025363747313035343
<638,doctor2-0,HRitem2-2-0,read> 4.05314288228626E-4
<639,doctor5-0,HR4-0,addItem> 2.7086465439531094E-4
<640,nurse1-2,nursingItem1-1,read> 9.486276230400633E-4
<641,doctor5-0,HR4-1,addItem> 2.690403940598297E-4
<642,doctor0-0,HRitem0-2-1,read> 2.4395383255082373E-4
<643,doctor5-0,HR4-3,addItem> 2.644797432211265E-4
<644,doctor7-1,HR7-5,addItem> 2.4280587655426078E-4
<645,doctor9-1,HR3-8,addItem> 7.589245409851015E-5
<646,doctor3-1,HRitem7-0-0,read> 5.110840991149904E-5
<647,nurse0-2,nursingItem0-3,read> 0.0016224963833506158
<648,nurse8-3,nursingItem8-1,read> 0.001377607426692405
<649,doctor5-0,HR4-6,addItem> 2.626554828856452E-4
<650,nurse2-0,nursingItem2-6,read> 0.0011257651326950818
<651,doctor5-0,HR4-7,addItem> 2.5718270187920147E-4
<652,doctor1-0,HR1-4,addItem> 0.0013773836269932815
<653,nurse8-1,nursingItem8-0,read> 9.407183167778788E-4
<654,patient2-7,HR2-7,addNote> 0.001898561519062384
<655,nurse1-2,nursingItem1-9,read> 9.193787570445255E-4
<656,patient9-0,HR9-0,addNote> 0.001640478512931116
<657,nurse1-2,nursingItem1-8,read> 9.422691739105986E-4
<658,nurse1-2,nursingItem1-5,read> 9.397257942588127E-4
<659,nurse1-2,nursingItem1-4,read> 9.498993128659562E-4
<660,nurse1-2,nursingItem1-6,read> 9.371824146070268E-4
<661,doctor5-0,HR4-9,addItem> 2.5535844154372017E-4
<662,doctor5-0,HR4-8,addItem> 2.5900696221468265E-4
<663,doctor2-1,HRitem2-8-1,read> 5.706103647766187E-4
<664,patient0-4,HR0-4,addNote> 0.0013409178808144661
<665,nurse0-0,nursingItem0-5,read> 0.0016390779310422059
<666,doctor5-0,HR5-7,addItem> 4.4255093690061324E-4
<667,nurse0-0,nursingItem0-2,read> 9.413407015123911E-4
<668,patient3-8,noteItem3-8agent3-0,read> 0.002188320441793717
<669,doctor5-0,HR5-8,addItem> 4.402153189818415E-4
<670,doctor6-1,HR3-5,addItem> 2.644175894055841E-4
<671,nurse0-0,nursingItem0-3,read> 9.400493510216053E-4
<672,nurse0-0,nursingItem0-9,read> 9.490888044571058E-4
<673,nurse3-1,nursingItem3-7,read> 6.632488339394738E-4
<674,nurse0-0,nursingItem0-6,read> 9.477974539663202E-4
<675,nurse0-0,nursingItem0-7,read> 9.465061034755344E-4
<676,patient3-1,noteItem3-1,read> 0.005215762553410086
<677,nurse0-0,nursingItem0-0,read> 9.67167711328107E-4
<678,nurse0-2,HR0-6,addItem> 1.3096851541148102E-4
<679,nurse0-0,nursingItem0-1,read> 0.001679495858218999
<680,nurse8-1,nursingItem8-9,read> 9.207321419794364E-4
<681,agent5-1,HR5-0,addNote> 0.0011951732472435185
<682,nurse7-3,HR7-8,addItem> 1.6237926866564438E-4
<683,agent3-01,noteItem3-8agent3-0,read> 0.0012450276621334957
<684,nurse5-0,HR5-8,addItem> 1.7221966953728533E-4
<685,patient1-5,HR1-5,addNote> 0.0019722995208141746
<686,nurse7-3,HR7-9,addItem> 1.6190162404645386E-4
<687,nurse3-0,nursingItem3-6,read> 0.0010791972163955075
<688,nurse0-3,nursingItem0-7,read> 0.0016397273962674343
<689,nurse9-0,nursingItem9-2,read> 8.43206098952223E-4
<690,nurse7-3,HR7-4,addItem> 1.604686901888823E-4
<691,agent5-11,HR5-0,addNote> 0.0011291676241215885
<692,nurse7-3,HR7-5,addItem> 1.5999104556969177E-4
<693,nurse7-3,HR7-6,addItem> 1.614239794272633E-4
<694,nurse7-3,HR7-7,addItem> 1.609463348080728E-4
<695,agent5-0,HR5-7,addNote> 0.001128505982854307
<696,nurse7-3,HR7-0,addItem> 1.5855811171212018E-4
<697,doctor5-0,HR5-1,addItem> 4.5422902649447226E-4
<698,nurse7-3,HR7-1,addItem> 1.580804670929297E-4
<699,nurse7-3,HR7-2,addItem> 1.5951340095050122E-4
<700,doctor2-1,HRitem6-7-1,read> 2.1246886558930133E-4
<701,patient4-6,noteItem4-6,read> 0.005196620676923834
<702,nurse4-2,nursingItem4-3,read> 0.0015698945055431603
<703,patient8-2,noteItem8-2,read> 0.002602896413036748
<704,nurse7-3,HR7-3,addItem> 1.590357563313107E-4
<705,patient7-7,HR7-7,addNote> 0.0015529146358508644
<706,patient0-0,HR0-0,addNote> 0.0013040488799385707
<707,doctor6-1,HRitem3-5-3,read> 8.684056772876846E-4
<708,nurse0-1,nursingItem0-3,read> 9.460946844686897E-4
<709,nurse8-3,nursingItem8-6,read> 7.405243886028987E-4
<710,patient7-4,noteItem7-4,read> 0.0016745154034535476
<711,nurse0-1,nursingItem0-4,read> 0.0016496473633057674
<712,patient0-3,HR0-3,addNote> 0.0013317006305954922
<713,nurse0-1,nursingItem0-6,read> 9.538926144419879E-4
<714,nurse0-1,nursingItem0-7,read> 9.525929594464381E-4
<715,nurse0-1,nursingItem0-8,read> 9.564919244330872E-4
<716,nurse0-1,nursingItem0-0,read> 9.733874393752333E-4
<717,nurse0-1,nursingItem0-1,read> 9.720877843796837E-4
<718,patient4-0,noteItem4-0,read> 0.005244475368139462
<719,doctor3-1,HRitem7-3-2,read> 1.1276647021114706E-4
<720,doctor3-1,HRitem3-1-2,read> 4.323716817111844E-5
<721,patient8-7,noteItem8-7,read> 0.0025454707835779935
<722,patient9-1,noteItem9-1,read> 0.0033877133489730615
<723,agent3-11,noteItem3-1,read> 0.0026136914505777886
<724,doctor0-1,HR0-7,addItem> 4.7777691847703294E-4
<725,nurse0-2,nursingItem0-8,read> 9.381566159775009E-4
<726,nurse2-2,nursingItem2-7,read> 6.399081191675592E-4
<727,nurse0-2,nursingItem0-9,read> 0.0016380982030748965
<728,doctor0-1,HR0-2,addItem> 4.505173767711695E-4
<729,nurse5-1,nursingItem5-7,read> 9.176333005306089E-4
<730,nurse0-2,nursingItem0-6,read> 9.356071330149849E-4
<731,patient9-9,noteItem9-9,read> 0.003531277422619949
<732,nurse0-2,nursingItem0-7,read> 9.34332391533727E-4
<733,nurse0-2,nursingItem0-5,read> 9.305081670899528E-4
<734,patient9-3,HR9-3,addNote> 0.0016681302635880378
<735,nurse0-2,nursingItem0-0,read> 0.0016693018425234575
<736,nurse0-2,nursingItem0-1,read> 9.534535137525968E-4
<737,patient6-3,noteItem6-3,read> 0.005388039441786349
<738,doctor8-0,HRitem2-3-3,read> 2.5554951669530697E-4
<739,doctor8-1,HR8-3,addItem> 2.705984891739219E-4
<740,agent5-1,noteItem5-0agent5-1,read> 2.541653670520003E-4
<741,agent7-1,noteItem7-4agent7-1,read> 7.082446304623156E-4
<742,nurse9-0,nursingItem9-1,read> 0.0014440879437347207
<743,agent5-1,noteItem5-0,read> 0.0028680983925701135
<744,nurse9-1,nursingItem9-1,read> 8.082951678986415E-4
<745,doctor3-1,HRitem3-5-1,read> 8.631581827940977E-4
<746,patient8-0,HR8-0,addNote> 0.0012579626288437018
<747,patient9-5,noteItem9-5,read> 0.003454709916674943
<748,doctor0-1,HR0-8,addItem> 4.745699135704608E-4
<749,nurse0-3,nursingItem0-9,read> 9.429853394766743E-4
<750,nurse0-3,nursingItem0-5,read> 9.365701095465648E-4
<751,patient0-1,HR0-1,addNote> 0.001285614379500623
<752,nurse0-3,nursingItem0-8,read> 9.442683854626963E-4
<753,nurse0-3,nursingItem0-2,read> 9.352870635605429E-4
<754,nurse0-3,nursingItem0-3,read> 9.340040175745209E-4
<755,doctor7-1,HR9-6,addItem> 6.62078142626916E-4
<756,doctor7-1,HR9-8,addItem> 6.697331470460638E-4
<757,doctor7-1,HR9-9,addItem> 6.716468981508507E-4
<758,nurse9-3,nursingItem9-3,read> 7.929835076527942E-4
<759,doctor7-1,HR9-3,addItem> 6.926981603035071E-4
<760,agent0-1,noteItem0-3agent0-1,read> 0.0026674880690859175
<761,doctor7-1,HR9-5,addItem> 7.022669158274419E-4
<762,patient4-8,HR4-8,addNote> 0.0013086575050480576
<763,agent1-01,HR1-6,addNote> 0.0014155370436278534
<764,doctor7-1,HR9-1,addItem> 6.850431558843593E-4
<765,agent9-11,noteItem9-7agent9-1,read> 0.0012858994777709388
<766,doctor0-0,HR0-8,addItem> 4.802027908828698E-4
<767,doctor0-0,HR0-7,addItem> 4.834478611295793E-4
<768,agent4-01,HR4-3,addNote> 8.379255156358266E-4
<769,doctor2-1,HR6-1,addItem> 1.264527734449136E-4
<770,patient0-8,HR0-8,addNote> 0.001363961006361901
<771,doctor0-0,HRitem0-7-0,read> 6.794958755185502E-4
<772,nurse5-0,nursingItem5-7,read> 9.123136871941995E-4
<773,nurse4-3,nursingItem4-5,read> 8.897579045433447E-4
<774,agent7-0,noteItem7-9agent7-0,read> 0.0017788580765097687
<775,doctor5-1,HRitem7-2-0,read> 7.791982708967046E-4
<776,patient2-9,HR2-9,addNote> 0.0019123873943908446
<777,doctor2-1,HR6-9,addItem> 1.3053372355160736E-4
<778,doctor2-1,HR6-7,addItem> 1.1284960642260105E-4
<779,patient0-4,noteItem0-4agent0-0,read> 0.0021969372901289182
<780,agent9-01,noteItem9-0agent9-0,read> 9.204003694933882E-4
<781,doctor2-1,HR6-5,addItem> 1.1829087323152609E-4
<782,doctor3-0,HRitem2-0-3,read> 2.0858004854369577E-4
<783,doctor6-1,HRitem3-3-0,read> 8.224901004687978E-4
<784,agent4-01,noteItem4-3,read> 0.0025879972023160683
<785,doctor2-0,HR6-1,addItem> 1.259852955393871E-4
<786,nurse7-0,HR7-9,addItem> 1.5490047273633697E-4
<787,agent2-11,noteItem2-7agent2-1,read> 0.0036412628701685845
<788,patient0-7,HR0-7,addNote> 0.0013731782565808747
<789,nurse5-0,HR5-9,addItem> 1.7130593635083792E-4
<790,doctor0-1,HR9-0,addItem> 7.140016258310891E-4
<791,nurse7-0,HR7-0,addItem> 1.5170154471916367E-4
<792,nurse5-0,HR5-5,addItem> 1.694784699779431E-4
<793,nurse5-0,HR5-6,addItem> 1.7404713591018015E-4
<794,nurse5-0,HR5-7,addItem> 1.7313340272373274E-4
<795,doctor0-1,HR9-4,addItem> 7.300484843303949E-4
<796,nurse5-0,HR5-1,addItem> 1.7770206865596979E-4
<797,nurse5-0,HR5-2,addItem> 1.7084906975761423E-4
<798,doctor5-0,HRitem5-8-0,read> 1.653678286508554E-4
<799,doctor3-0,HRitem3-7-3,read> 9.051381387427943E-4
<800,nurse5-0,HR5-3,addItem> 1.703922031643905E-4
<801,agent6-1,HR6-2,addNote> 3.201511363330873E-4
<802,nurse5-0,HR5-4,addItem> 1.6993533657116682E-4
<803,nurse7-0,HR7-8,addItem> 1.55357462453076E-4
<804,doctor0-1,HR9-7,addItem> 6.979547673317834E-4
<805,doctor2-0,HR6-7,addItem> 1.1243241748943062E-4
<806,nurse7-0,HR7-7,addItem> 1.5398649330285887E-4
<807,nurse7-0,HR7-6,addItem> 1.5444348301959788E-4
<808,doctor2-0,HR6-9,addItem> 1.3005115895437406E-4
<809,doctor5-0,HRitem4-3-1,read> 8.382325839495592E-4
<810,nurse7-0,HR7-5,addItem> 1.530725138693808E-4
<811,nurse5-0,HR5-0,addItem> 1.772452020627461E-4
<812,agent0-11,noteItem0-3agent0-1,read> 0.002263376477736638
<813,nurse7-0,HR7-4,addItem> 1.5352950358611984E-4
<814,patient4-6,HR4-6,addNote> 0.001327092005486005
<815,nurse7-0,HR7-3,addItem> 1.521585344359027E-4
<816,doctor2-0,HR6-6,addItem> 1.2056414431940451E-4
<817,nurse7-0,HR7-2,addItem> 1.5261552415264174E-4
<818,doctor2-0,HR6-5,addItem> 1.1785356870941325E-4
<819,nurse7-0,HR7-1,addItem> 1.5124455500242464E-4
<820,patient3-6,noteItem3-6,read> 0.005129624109221954
<821,doctor6-1,HR6-8,addItem> 8.99295200489169E-5
<822,agent6-0,HR6-9,addNote> 3.031159143517204E-4
<823,patient0-6,HR0-6,addNote> 0.0013224833803765184
<824,nurse4-2,HR4-4,addItem> 1.337143163207916E-4
<825,nurse4-2,HR4-3,addItem> 1.3279833413392162E-4
<826,doctor9-0,HR9-9,addItem> 2.31407754825083E-4
<827,nurse4-2,HR4-6,addItem> 1.3188235194705163E-4
<828,nurse4-2,HR4-5,addItem> 1.3096636976018167E-4
<829,doctor9-1,HRitem3-0-1,read> 9.707318199126325E-4
<830,nurse4-2,HR4-8,addItem> 1.3005038757331165E-4
<831,agent1-01,noteItem1-6agent1-0,read> 2.607091121474026E-4
<832,nurse4-2,HR4-7,addItem> 1.291344053864417E-4
<833,nurse7-1,HR7-1,addItem> 1.5067489566154924E-4
<834,nurse4-2,HR4-9,addItem> 1.2821842319957167E-4
<835,nurse7-1,HR7-0,addItem> 1.511301641364173E-4
<836,nurse7-1,HR7-3,addItem> 1.5158543261128537E-4
<837,nurse7-1,HR7-2,addItem> 1.5204070108615347E-4
<838,nurse7-1,HR7-5,addItem> 1.5249596956102158E-4
<839,doctor6-1,HR6-4,addItem> 9.733911267678253E-5
<840,nurse7-1,HR7-4,addItem> 1.5295123803588966E-4
<841,doctor6-1,HR6-3,addItem> 9.628059944423032E-5
<842,nurse4-1,nursingItem4-4,read> 0.001569923313817647
<843,nurse4-2,HR4-0,addItem> 1.3600427178796657E-4
<844,nurse4-0,HR4-5,addItem> 1.334296870597462E-4
<845,patient0-5,HR0-5,addNote> 0.0013132661301575447
<846,patient2-5,HR2-5,addNote> 0.00188934426884341
<847,nurse7-1,HR7-7,addItem> 1.534065065107577E-4
<848,patient3-9,HR3-9,addNote> 0.0018017803917631586
<849,doctor6-1,HR6-2,addItem> 9.945613914188702E-5
<850,nurse7-1,HR7-6,addItem> 1.5386177498562579E-4
<851,patient2-0,HR2-0,addNote> 0.0019216046446098186
<852,nurse4-2,HR4-2,addItem> 1.341723074142266E-4
<853,nurse7-1,HR7-9,addItem> 1.543170434604939E-4
<854,agent7-0,HR7-9,addNote> 0.0013991535593735759
<855,agent1-11,noteItem1-3agent1-1,read> 0.0017028229753963376
<856,doctor7-1,HRitem3-0-0,read> 4.940174127239916E-4
<857,patient3-4,HR3-4,addNote> 0.001778737266215724
<858,doctor6-1,HR6-0,addItem> 8.251992742105125E-5
<859,patient0-5,noteItem0-5,read> 0.0021147785626373333
<860,nurse4-2,HR4-1,addItem> 1.350882896010966E-4
<861,nurse7-1,HR7-8,addItem> 1.5477231193536197E-4
<862,doctor5-1,HR7-2,addItem> 1.6477781858311987E-4
<863,doctor0-1,HRitem0-7-3,read> 6.808077491419471E-4
<864,doctor5-1,HR7-5,addItem> 1.6527122689827836E-4
<865,agent5-01,noteItem5-7,read> 0.0027277073859465
<866,doctor5-1,HR7-1,addItem> 1.632975936376446E-4
<867,nurse4-3,HR4-7,addItem> 1.2832478528997497E-4
<868,nurse4-3,HR4-6,addItem> 1.3105550334550271E-4
<869,nurse4-3,HR4-5,addItem> 1.3014526399366012E-4
<870,nurse4-3,HR4-4,addItem> 1.328759820491879E-4
<871,doctor5-1,HR7-6,addItem> 1.6675145184375363E-4
<872,nurse7-2,HR7-2,addItem> 1.5146587801966515E-4
<873,doctor0-0,HRitem8-7-0,read> 6.020953317381411E-4
<874,doctor5-1,HR7-7,addItem> 1.662580435285952E-4
<875,nurse7-2,HR7-1,addItem> 1.5010523632067382E-4
<876,agent0-0,HR0-4,addNote> 8.547763368314672E-4
<877,doctor5-1,HR7-8,addItem> 1.6773826847407054E-4
<878,nurse4-3,HR4-9,addItem> 1.2741454593813236E-4
<879,nurse7-2,HR7-0,addItem> 1.505587835536709E-4
<880,doctor5-1,HR7-9,addItem> 1.672448601589121E-4
<881,nurse4-3,HR4-8,addItem> 1.2923502464181754E-4
<882,doctor1-1,HR8-6,addItem> 1.3996078917224771E-4
<883,doctor6-0,HR6-4,addItem> 9.769632042972486E-5
<884,nurse7-2,HR7-6,addItem> 1.5328006695165366E-4
<885,doctor6-0,HR6-3,addItem> 9.66339227449431E-5
<886,nurse7-2,HR7-5,addItem> 1.519194252526623E-4
<887,nurse7-2,HR7-4,addItem> 1.5237297248565942E-4
<888,nurse7-2,HR7-3,addItem> 1.5101233078666806E-4
<889,doctor9-0,HR9-6,addItem> 2.281109567033912E-4
<890,doctor2-1,HRitem6-5-0,read> 1.8229577225117576E-4
<891,doctor6-0,HR6-0,addItem> 8.28227528427799E-5
<892,nurse4-3,HR4-3,addItem> 1.3196574269734533E-4
<893,nurse4-3,HR4-2,addItem> 1.333311017251092E-4
<894,nurse7-2,HR7-9,addItem> 1.537336141846508E-4
<895,nurse0-2,HR0-8,addItem> 1.350761383719689E-4
<896,doctor6-0,HR6-2,addItem> 9.982111579928844E-5
<897,nurse4-3,HR4-1,addItem> 1.342413410769518E-4
<898,doctor3-1,HRitem3-7-0,read> 9.01202517872604E-4
<899,nurse7-2,HR7-8,addItem> 1.5418716141764793E-4
<900,patient2-2,HR2-2,addNote> 0.0019354305199382794
<901,nurse4-3,HR4-0,addItem> 1.3515158042879438E-4
<902,nurse7-2,HR7-7,addItem> 1.5282651971865654E-4
<903,nurse5-3,HR5-1,addItem> 1.8081055965286723E-4
<904,nurse4-2,nursingItem4-7,read> 0.0016078600652765262
<905,agent8-1,noteItem8-1,read> 0.001305235382436607
<906,nurse6-0,HR6-6,addItem> 4.0650123913286945E-5
<907,nurse5-3,HR5-0,addItem> 1.803457012241935E-4
<908,doctor4-0,HR4-8,addItem> 3.291418640970433E-4
<909,nurse6-0,HR6-5,addItem> 3.97362101203887E-5
<910,nurse7-2,nursingItem7-1,read> 1.9882956175408124E-4
<911,doctor3-0,HRitem2-9-0,read> 2.292408867964597E-4
<912,nurse6-0,HR6-8,addItem> 3.882229632749044E-5
<913,nurse2-1,nursingItem2-5,read> 6.41572795938563E-4
<914,nurse5-3,HR5-3,addItem> 1.733728247940883E-4
<915,nurse6-0,HR6-7,addItem> 3.790838253459218E-5
<916,nurse5-3,HR5-2,addItem> 1.7383768322276199E-4
<917,nurse6-0,HR6-2,addItem> 4.293490839553258E-5
<918,nurse6-0,HR6-1,addItem> 4.2477951499083456E-5
<919,nurse6-0,HR6-4,addItem> 4.202099460263432E-5
<920,nurse6-0,HR6-3,addItem> 4.156403770618519E-5
<921,doctor8-1,HRitem8-5-2,read> 6.13902194348712E-4
<922,doctor1-1,HR1-5,addItem> 0.0013806096645699222
<923,nurse4-0,HR4-7,addItem> 1.3156326567584183E-4
<924,nurse5-3,HR5-9,addItem> 1.7430254165143563E-4
<925,patient8-1,noteItem8-1agent8-1,read> 0.0020073666267544994
<926,nurse9-3,nursingItem9-8,read> 8.093998605416318E-4
<927,nurse4-0,HR4-8,addItem> 1.32496476367794E-4
<928,nurse5-3,HR5-8,addItem> 1.7523225850878303E-4
<929,nurse6-0,HR6-0,addItem> 3.5623598052346545E-5
<930,nurse4-0,HR4-6,addItem> 1.3436289775169835E-4
<931,nurse4-0,HR4-3,addItem> 1.3529610844365057E-4
<932,nurse8-1,nursingItem8-4,read> 0.0015527520955995427
<933,patient2-1,noteItem2-1,read> 0.002038211056692327
<934,nurse5-3,HR5-5,addItem> 1.7244310793674091E-4
<935,nurse4-0,HR4-4,addItem> 1.3622931913560276E-4
<936,nurse5-3,HR5-4,addItem> 1.7290796636541459E-4
<937,nurse5-3,HR5-7,addItem> 1.761619753661304E-4
<938,nurse5-3,nursingItem5-9,read> 9.256758093698843E-4
<939,nurse5-3,HR5-6,addItem> 1.7709169222347775E-4
<940,nurse2-1,nursingItem2-9,read> 6.49334409196998E-4
<941,nurse1-3,HR1-3,addItem> 1.9259154806183557E-4
<942,nurse8-0,nursingItem8-7,read> 9.227295071926893E-4
<943,nurse2-1,nursingItem2-7,read> 6.441600003580414E-4
<944,nurse2-1,nursingItem2-3,read> 6.389855915190847E-4
<945,nurse4-0,HR4-9,addItem> 1.3063005498388963E-4
<946,nurse2-1,nursingItem2-4,read> 6.428663981483022E-4
<947,nurse2-1,nursingItem2-2,read> 6.402791937288238E-4
<948,nurse6-0,HR6-9,addItem> 4.3848822188430834E-5
<949,nurse6-1,HR6-9,addItem> 4.409867302711135E-5
<950,nurse6-1,HR6-8,addItem> 3.9043505993174144E-5
<951,patient7-1,noteItem7-1,read> 0.0020477819949354533
<952,nurse6-1,HR6-7,addItem> 3.812438471427647E-5
<953,patient4-7,HR4-7,addNote> 0.001299440254829084
<954,nurse4-1,HR4-0,addItem> 1.3770965450631098E-4
<955,nurse6-1,HR6-6,addItem> 4.0881748550969484E-5
<956,nurse4-1,HR4-1,addItem> 1.3678218664938622E-4
<957,nurse6-1,HR6-5,addItem> 3.9962627272071824E-5
<958,nurse6-1,HR6-4,addItem> 4.2260430469315994E-5
<959,nurse6-1,HR6-3,addItem> 4.180086982986716E-5
<960,nurse6-1,HR6-2,addItem> 4.3179551748213674E-5
<961,doctor1-1,HR1-8,addItem> 0.0013128628754604645
<962,nurse6-1,HR6-1,addItem> 4.271999110876484E-5
<963,nurse2-2,nursingItem2-8,read> 6.437633099114353E-4
<964,doctor4-1,HR2-4,addItem> 6.771578780949913E-4
<965,nurse4-1,HR4-6,addItem> 1.3353604915014944E-4
<966,nurse4-1,HR4-7,addItem> 1.3075364557937514E-4
<967,nurse6-1,HR6-0,addItem> 3.5826581517032274E-5
<968,doctor1-1,HR3-0,addItem> 1.1754532881731539E-4
<969,nurse4-1,HR4-8,addItem> 1.316811134362999E-4
<970,nurse4-1,HR4-9,addItem> 1.2982617772245032E-4
<971,nurse4-1,HR4-2,addItem> 1.358547187924614E-4
<972,nurse4-1,HR4-3,addItem> 1.3446351700707425E-4
<973,nurse4-1,HR4-4,addItem> 1.3539098486399905E-4
<974,doctor1-1,HR3-9,addItem> 1.2031502348564091E-4
<975,doctor1-1,HR3-8,addItem> 1.2000727963360473E-4
<976,doctor1-1,HR1-2,addItem> 0.0013709315518399998
<977,nurse2-0,nursingItem2-9,read> 0.0011325338249334157
<978,nurse2-0,nursingItem2-2,read> 0.001116740209710637
<979,nurse2-0,nursingItem2-3,read> 6.432033181957783E-4
<980,nurse2-0,nursingItem2-4,read> 6.471097407103371E-4
<981,agent7-11,noteItem7-4,read> 5.505032718942386E-4
<982,nurse2-0,nursingItem2-0,read> 6.419011773575919E-4
<983,nurse2-0,nursingItem2-1,read> 0.0011099715174723035
<984,nurse6-2,HR6-4,addItem> 4.249986633599767E-5
<985,patient0-6,noteItem0-6,read> 0.0020860657479079563
<986,nurse4-3,nursingItem4-4,read> 8.872155877734128E-4
<987,nurse3-2,nursingItem3-8,read> 0.0011531762250555876
<988,patient5-3,HR5-3,addNote> 0.0017188251397923942
<989,nurse5-2,nursingItem5-1,read> 0.0015848823689351113
<990,patient8-4,HR8-4,addNote> 0.0012210936279678061
<991,nurse6-2,HR6-6,addItem> 4.111337318865203E-5
<992,nurse6-2,HR6-5,addItem> 4.018904442375494E-5
<993,agent2-01,noteItem2-2agent2-0,read> 6.545741584150913E-4
<994,nurse6-2,HR6-8,addItem> 3.926471565885785E-5
<995,nurse6-2,HR6-7,addItem> 3.834038689396075E-5
<996,nurse5-1,HR5-1,addItem> 1.7873823232160226E-4
<997,doctor4-0,HR4-0,addItem> 3.4421042779451624E-4
<998,doctor5-1,HR5-1,addItem> 4.369661656300743E-4
<999,nurse5-1,HR5-0,addItem> 1.7827870178322854E-4
<1000,patient9-4,HR9-4,addNote> 0.001677347513807012
<1001,nurse9-0,nursingItem9-3,read> 0.0014304205980956936
<1002,nurse6-2,HR6-9,addItem> 4.434852386579187E-5
<1003,nurse5-1,HR5-3,addItem> 1.7138574370762313E-4
<1004,nurse5-1,HR5-2,addItem> 1.7184527424599682E-4
<1005,nurse5-1,HR5-5,addItem> 1.7046668263087569E-4
<1006,nurse5-1,HR5-4,addItem> 1.709262131692494E-4
<1007,nurse6-2,HR6-0,addItem> 3.602956498171801E-5
<1008,nurse5-1,HR5-7,addItem> 1.741429269378653E-4
<1009,nurse5-1,HR5-6,addItem> 1.7506198801461268E-4
<1010,nurse3-3,nursingItem3-6,read> 6.371491367247016E-4
<1011,nurse6-2,HR6-2,addItem> 4.342419510089477E-5
<1012,nurse5-1,HR5-9,addItem> 1.723048047843705E-4
<1013,nurse6-2,HR6-1,addItem> 4.2962030718446226E-5
<1014,nurse6-3,HR6-7,addItem> 3.855638907364504E-5
<1015,nurse6-3,HR6-6,addItem> 4.1344997826334576E-5
<1016,nurse6-3,HR6-5,addItem> 4.041546157543807E-5
<1017,nurse6-3,HR6-4,addItem> 4.273930220267935E-5
<1018,nurse5-1,nursingItem5-0,read> 0.0015863424234295266
<1019,nurse4-2,nursingItem4-1,read> 8.864172709012563E-4
<1020,patient2-8,noteItem2-8,read> 0.001885076044802315
<1021,nurse5-2,HR5-2,addItem> 1.728414787343794E-4
<1022,agent0-1,noteItem0-3,read> 0.0010759661805249676
<1023,nurse5-2,HR5-1,addItem> 1.7977439598723473E-4
<1024,nurse5-2,HR5-0,addItem> 1.7931220150371104E-4
<1025,nurse6-3,HR6-9,addItem> 4.459837470447239E-5
<1026,nurse6-3,HR6-8,addItem> 3.948592532454155E-5
<1027,nurse3-1,nursingItem3-1,read> 6.34803103753458E-4
<1028,nurse5-2,HR5-6,addItem> 1.760768401190452E-4
<1029,nurse5-2,HR5-5,addItem> 1.714548952838083E-4
<1030,nurse5-2,HR5-4,addItem> 1.71917089767332E-4
<1031,nurse5-2,HR5-3,addItem> 1.723792842508557E-4
<1032,nurse6-3,HR6-3,addItem> 4.227453407723109E-5
<1033,nurse6-3,HR6-2,addItem> 4.3668838453575865E-5
<1034,doctor3-0,HR6-8,addItem> 9.38897190969426E-5
<1035,nurse5-2,HR5-9,addItem> 1.7330367321790306E-4
<1036,nurse6-3,HR6-1,addItem> 4.3204070328127614E-5
<1037,patient4-9,noteItem4-9,read> 0.00513919504746508
<1038,nurse5-2,HR5-8,addItem> 1.7422806218495045E-4
<1039,nurse6-3,HR6-0,addItem> 3.6232548446403745E-5
<1040,nurse5-2,HR5-7,addItem> 1.7515245115199782E-4
<1041,doctor8-1,HR3-0,addItem> 2.0250020821176138E-4
<1042,doctor8-1,HR3-9,addItem> 2.0727167597370534E-4
<1043,doctor3-1,HR7-0,addItem> 0.0010709100572124008
<1044,doctor8-1,HR3-8,addItem> 2.067415128890449E-4
<1045,doctor4-1,HR4-3,addItem> 3.348401499687896E-4
<1046,doctor4-1,HR4-1,addItem> 3.406140855911858E-4
<1047,doctor4-1,HR4-0,addItem> 3.429236598401442E-4
<1048,doctor4-1,HR4-7,addItem> 3.256018529729558E-4
<1049,nurse9-1,nursingItem9-7,read> 8.159451517420464E-4
<1050,doctor4-1,HR4-6,addItem> 3.325305757198311E-4
<1051,doctor4-1,HR4-5,addItem> 3.302210014708727E-4
<1052,doctor4-0,HR8-6,addItem> 2.3326798195374615E-4
<1053,doctor4-0,HR8-4,addItem> 2.2979877571554944E-4
<1054,patient7-9,noteItem7-9,read> 0.001865934168316063
<1055,nurse8-0,nursingItem8-9,read> 9.156311328825974E-4
<1056,doctor4-0,HR8-9,addItem> 2.2806417259645106E-4
<1057,agent1-1,noteItem1-3agent1-1,read> 0.0019130265260508318
<1058,doctor4-0,HR8-2,addItem> 2.3933909287059032E-4
<1059,doctor4-1,HR4-8,addItem> 3.2791142722191416E-4
<1060,doctor4-1,HR4-9,addItem> 3.2329227872399726E-4
<1061,doctor4-0,HR4-1,addItem> 3.418921872256743E-4
<1062,doctor4-0,HR4-3,addItem> 3.360965858035693E-4
<1063,agent1-0,HR1-6,addNote> 9.926808047299156E-4
<1064,doctor4-0,HR4-6,addItem> 3.337783452347273E-4
<1065,doctor4-0,HR4-5,addItem> 3.314601046658854E-4
<1066,agent5-01,noteItem5-7agent5-0,read> 0.0012132806857190668
<1067,agent3-0,HR3-8,addNote> 0.0011495083685113153
<1068,agent0-01,noteItem0-4,read> 0.001081877709849845
<1069,doctor4-0,HR4-7,addItem> 3.268236235282014E-4
<1070,agent9-0,HR9-0,addNote> 0.0015086543467134372
<1071,nurse4-0,nursingItem4-8,read> 0.0016229247764990178
<1072,patient8-9,noteItem8-9,read> 0.0025837545365504965

