<0,patient8-5,HR8-5,addNote> 0.0010542381960914316
<1,nurse4-0,nursingItem4-3,read> 7.734249930887978E-4
<2,agent9-11,noteItem9-7,read> 8.347080059748501E-4
<3,nurse9-2,nursingItem9-9,read> 0.0012241618998559765
<4,agent9-0,noteItem9-0,read> 0.002028609369263358
<5,patient5-6,HR5-6,addNote> 0.0014822235624886912
<6,patient0-1,noteItem0-1,read> 0.0016076129695191661
<7,agent9-1,HR9-7,addNote> 0.001267281012426142
<8,doctor1-0,HRitem7-6-0,read> 4.07526163807904E-4
<9,patient1-5,noteItem1-5,read> 0.0015833725226489293
<10,doctor6-1,HR5-5,addItem> 0.0010103210613349853
<11,patient5-9,noteItem5-9,read> 0.004524546742904308
<12,nurse2-3,HR2-0,addItem> 1.5980781946034993E-4
<13,nurse2-3,HR2-1,addItem> 1.6019108993772059E-4
<14,nurse2-3,HR2-2,addItem> 1.6095763089246195E-4
<15,patient9-9,HR9-9,addNote> 0.0013655002807439838
<16,patient0-3,noteItem0-3,read> 0.00181769684239455
<17,nurse1-1,nursingItem1-9,read> 7.869921676360161E-4
<18,patient9-3,noteItem9-3,read> 0.0028842765046849625
<19,nurse9-3,HR9-2,addItem> 1.373967174930574E-4
<20,nurse2-3,HR2-3,addItem> 1.6134090136983264E-4
<21,nurse9-3,nursingItem9-2,read> 0.0011921181312822447
<22,nurse8-1,nursingItem8-7,read> 7.833430871018342E-4
<23,nurse2-3,HR2-8,addItem> 1.5750819659612582E-4
<24,nurse0-1,nursingItem0-2,read> 7.998262227997127E-4
<25,nurse7-0,nursingItem7-9,read> 1.605129735179767E-4
<26,nurse5-2,nursingItem5-7,read> 0.0013550756789970377
<27,patient5-0,HR5-0,addNote> 0.0015094589948957896
<28,nurse7-2,nursingItem7-7,read> 1.5716493158658048E-4
<29,nurse1-1,nursingItem1-2,read> 8.109407506866655E-4
<30,nurse2-3,HR2-9,addItem> 1.5904127850560856E-4
<31,nurse2-3,HR2-4,addItem> 1.62107442324574E-4
<32,nurse7-1,nursingItem7-3,read> 1.620554268191316E-4
<33,patient6-6,noteItem6-6,read> 0.0045972680835150185
<34,nurse2-3,nursingItem2-2,read> 5.298440519441562E-4
<35,nurse2-3,HR2-5,addItem> 1.5712492611875517E-4
<36,agent4-0,noteItem4-3,read> 0.0023448577035974708
<37,patient6-5,noteItem6-5,read> 0.004645748977255492
<38,agent4-1,noteItem4-8,read> 0.0022436082963136045
<39,nurse2-3,HR2-6,addItem> 1.5674165564138445E-4
<40,patient5-8,noteItem5-8,read> 0.00455686733873129
<41,agent3-01,noteItem3-8,read> 0.0022968982813075895
<42,nurse1-2,nursingItem1-7,read> 0.0013960838241742102
<43,doctor3-0,HRitem2-3-3,read> 2.2279250910199104E-4
<44,patient0-7,noteItem0-7,read> 0.0017692159486540771
<45,patient3-3,noteItem3-3,read> 0.004379104061682889
<46,agent3-1,HR3-1,addNote> 9.667518353368098E-4
<47,nurse0-1,HR0-4,addItem> 1.1430090758086464E-4
<48,patient7-9,noteItem7-9agent7-0,read> 0.0017019696877432074
<49,patient2-2,noteItem2-2agent2-0,read> 8.944813087320047E-4
<50,nurse9-0,nursingItem9-4,read> 7.051609416094624E-4
<51,nurse2-3,HR2-7,addItem> 1.578914670734965E-4
<52,patient5-7,HR5-7,addNote> 0.0014744420103723777
<53,patient1-6,noteItem1-6,read> 0.0015591320757786932
<54,agent8-0,HR8-5,addNote> 7.000711480531479E-4
<55,agent3-0,noteItem3-8agent3-0,read> 0.001222617173995677
<56,doctor3-0,HR2-3,addItem> 3.932233207340576E-4
<57,nurse2-2,HR2-1,addItem> 1.6234854569445754E-4
<58,agent8-01,HR8-5,addNote> 6.70438506865713E-4
<59,doctor3-1,HR7-3,addItem> 9.068264181880117E-4
<60,patient2-0,noteItem2-0,read> 0.0017368953528270948
<61,nurse8-1,nursingItem8-1,read> 7.917796303823721E-4
<62,agent8-1,HR8-1,addNote> 7.314386557386465E-4
<63,doctor1-1,HR1-1,addItem> 0.0011710101125368656
<64,patient0-2,noteItem0-2,read> 0.001801536544481059
<65,nurse4-0,HR4-2,addItem> 1.1540388241293991E-4
<66,nurse6-1,nursingItem6-2,read> 1.7875409235655715E-4
<67,patient3-5,noteItem3-5,read> 0.004346783465855906
<68,nurse2-1,nursingItem2-6,read> 5.449164043202957E-4
<69,nurse2-2,HR2-2,addItem> 1.6312541043310118E-4
<70,patient7-4,noteItem7-4agent7-1,read> 6.907905464589083E-4
<71,nurse2-3,nursingItem2-3,read> 5.287735698121032E-4
<72,nurse2-2,HR2-0,addItem> 1.619601133251358E-4
<73,nurse2-2,HR2-9,addItem> 1.6118324858649218E-4
<74,nurse1-2,HR1-4,addItem> 1.6411848122342235E-4
<75,doctor9-1,HR9-1,addItem> 1.9731579744642952E-4
<76,nurse2-2,HR2-7,addItem> 1.6001795147852678E-4
<77,agent2-0,noteItem2-2agent2-0,read> 5.482430824725595E-4
<78,nurse0-1,nursingItem0-5,read> 8.009234408247023E-4
<79,nurse2-2,HR2-8,addItem> 1.5962951910920498E-4
<80,patient5-1,noteItem5-1,read> 0.004637668828298747
<81,nurse2-2,HR2-5,addItem> 1.5924108673988317E-4
<82,patient8-4,noteItem8-4,read> 0.0022217042902318274
<83,doctor8-0,HRitem8-5-3,read> 5.204945761056901E-4
<84,agent8-0,noteItem8-5,read> 0.0011526722608141088
<85,nurse3-1,nursingItem3-3,read> 9.218960749435069E-4
<86,patient9-6,HR9-6,addNote> 0.0013460464004531995
<87,nurse2-2,nursingItem2-3,read> 9.337681022804343E-4
<88,doctor6-1,HR5-6,addItem> 0.001037556493742084
<89,patient1-2,noteItem1-2,read> 0.0014864107351679826
<90,nurse2-2,HR2-6,addItem> 1.5885265437056136E-4
<91,patient6-9,noteItem6-9,read> 0.004694229870995966
<92,nurse2-2,HR2-3,addItem> 1.6351384280242296E-4
<93,doctor0-0,HRitem8-8-2,read> 3.5879469183631E-4
<94,agent3-1,noteItem3-1,read> 0.0022335417095910993
<95,nurse2-2,HR2-4,addItem> 1.6429070754106658E-4
<96,doctor4-0,HR3-9,addItem> 1.6929084115596208E-4
<97,patient1-3,noteItem1-3,read> 0.0014540901393410007
<98,doctor1-0,HRitem7-8-1,read> 2.1924547664492716E-4
<99,nurse3-3,nursingItem3-2,read> 9.358704163091848E-4
<100,patient5-4,noteItem5-4,read> 0.004621508530385255
<101,doctor1-0,HRitem1-9-2,read> 7.552916683324612E-4
<102,patient3-9,noteItem3-9,read> 0.004459905551250344
<103,patient3-2,HR3-2,addNote> 0.0014705512343142207
<104,nurse4-3,nursingItem4-1,read> 0.001301818537499916
<105,patient5-5,HR5-5,addNote> 0.001443315801907122
<106,nurse9-1,nursingItem9-3,read> 6.75935021659323E-4
<107,patient8-6,noteItem8-6,read> 0.0021328226517076266
<108,agent2-1,noteItem2-7agent2-1,read> 0.003156898895654574
<109,doctor4-0,HR3-8,addItem> 1.6885782610877642E-4
<110,nurse6-2,nursingItem6-3,read> 3.145325664785091E-4
<111,nurse5-0,nursingItem5-9,read> 0.0013423281241106714
<112,nurse6-2,nursingItem6-2,read> 1.797668634180674E-4
<113,nurse5-2,nursingItem5-3,read> 7.67203579132226E-4
<114,nurse5-1,HR5-8,addItem> 1.46242155519752E-4
<115,patient4-4,noteItem4-4,read> 0.004467985700207089
<116,nurse6-2,nursingItem6-1,read> 3.107420660539627E-4
<117,patient7-7,noteItem7-7,read> 0.0015429717778652015
<118,patient5-4,HR5-4,addNote> 0.0014472065779652789
<119,nurse6-2,nursingItem6-0,read> 1.7758732074464804E-4
<120,agent2-11,noteItem2-7,read> 8.832286630167404E-4
<121,nurse6-2,nursingItem6-7,read> 1.4816349465348672E-4
<122,patient5-6,noteItem5-6,read> 0.0045891879345582726
<123,patient2-8,HR2-8,addNote> 0.0015989468442333986
<124,nurse6-2,nursingItem6-6,read> 1.5034303732690607E-4
<125,doctor1-0,HR8-3,addItem> 1.3012946463344675E-4
<126,nurse3-2,nursingItem3-7,read> 5.565968891097343E-4
<127,nurse2-0,nursingItem2-8,read> 9.542232006423146E-4
<128,nurse6-2,nursingItem6-5,read> 1.4271463796993833E-4
<129,agent0-1,HR0-3,addNote> 7.243440120287758E-4
<130,patient4-3,noteItem4-3agent4-0,read> 0.004822803152570289
<131,nurse6-2,nursingItem6-4,read> 1.4598395198006734E-4
<132,patient5-7,noteItem5-7,read> 0.004540707040817799
<133,nurse1-1,nursingItem1-0,read> 7.957007432907978E-4
<134,agent4-11,noteItem4-8,read> 0.0021476250536905626
<135,patient9-5,HR9-5,addNote> 0.0014277526976744946
<136,doctor2-1,HR6-6,addItem> 1.0216250217697076E-4
<137,nurse6-2,nursingItem6-9,read> 2.6525606095940545E-4
<138,nurse6-2,nursingItem6-8,read> 1.5470212267374478E-4
<139,nurse8-1,HR8-5,addItem> 1.1692165554193759E-4
<140,nurse8-1,HR8-4,addItem> 1.1433258612812259E-4
<141,nurse8-1,HR8-3,addItem> 1.1519560926606091E-4
<142,nurse8-1,HR8-2,addItem> 1.1907921338678343E-4
<143,doctor0-0,HR0-2,addItem> 3.848583183744031E-4
<144,agent0-11,noteItem0-3,read> 9.245059298982277E-4
<145,nurse8-1,HR8-9,addItem> 1.1346956299018424E-4
<146,nurse4-1,nursingItem4-5,read> 0.0013291866890909017
<147,patient4-8,noteItem4-8,read> 0.004354863614812653
<148,nurse5-1,nursingItem5-3,read> 0.0013298052232628458
<149,agent3-01,HR3-8,addNote> 0.0010019541616346397
<150,agent5-0,noteItem5-7,read> 0.0022757948522678984
<151,doctor2-1,HR2-8,addItem> 5.637999719843463E-4
<152,nurse8-1,HR8-8,addItem> 1.1260653985224591E-4
<153,patient3-4,noteItem3-4,read> 0.004362943763769398
<154,agent3-1,noteItem3-1agent3-1,read> 0.003015776507433994
<155,nurse0-0,nursingItem0-4,read> 7.979861332524791E-4
<156,nurse8-1,HR8-7,addItem> 1.1303805142121508E-4
<157,patient1-3,noteItem1-3agent1-1,read> 0.0024803593864296826
<158,doctor3-0,HR2-5,addItem> 3.829480602496677E-4
<159,nurse2-1,HR2-0,addItem> 1.6303626025752872E-4
<160,nurse8-1,HR8-6,addItem> 1.1605863240399928E-4
<161,patient6-2,noteItem6-2,read> 0.004532626891861053
<162,patient3-7,HR3-7,addNote> 0.001497786666721319
<163,nurse2-1,HR2-1,addItem> 1.6342727357282605E-4
<164,nurse8-1,nursingItem8-3,read> 7.893691894450756E-4
<165,nurse2-1,HR2-2,addItem> 1.6420930020342078E-4
<166,nurse2-1,HR2-3,addItem> 1.6460031351871816E-4
<167,doctor4-0,HR3-0,addItem> 1.6539370573129112E-4
<168,patient4-1,noteItem4-1,read> 0.004419504806466616
<169,patient6-2,noteItem6-2agent6-1,read> 0.0031350796937360636
<170,nurse2-1,HR2-4,addItem> 1.6538234014931287E-4
<171,nurse2-1,HR2-5,addItem> 1.6029916705044718E-4
<172,patient8-5,noteItem8-5agent8-0,read> 0.0037898000010424446
<173,nurse8-1,HR8-1,addItem> 1.1994223652472179E-4
<174,patient4-3,noteItem4-3,read> 0.004492226147077326
<175,agent8-11,noteItem8-1,read> 0.0010161152438508021
<176,doctor6-0,HR8-4,addItem> 1.9835634993336655E-4
<177,doctor9-1,HR9-3,addItem> 1.9952069985067314E-4
<178,nurse2-1,HR2-6,addItem> 1.599081537351498E-4
<179,nurse8-1,HR8-0,addItem> 1.1778467867987595E-4
<180,nurse2-1,HR2-7,addItem> 1.6108119368104192E-4
<181,nurse2-1,HR2-8,addItem> 1.6069018036574454E-4
<182,nurse2-1,HR2-9,addItem> 1.6225423362693398E-4
<183,patient1-4,noteItem1-4,read> 0.0014217695435140185
<184,nurse6-3,nursingItem6-0,read> 3.0984730778954665E-4
<185,nurse2-0,HR2-9,addItem> 1.633252186673758E-4
<186,nurse6-3,nursingItem6-2,read> 1.8077963447957763E-4
<187,patient3-1,noteItem3-1agent3-1,read> 0.004473618988673553
<188,patient2-5,noteItem2-5,read> 0.0016560938632596389
<189,nurse6-3,nursingItem6-1,read> 1.796837235860415E-4
<190,agent4-0,noteItem4-3agent4-0,read> 0.003330149043194283
<191,nurse0-2,nursingItem0-2,read> 0.0013716546293992679
<192,nurse6-3,nursingItem6-4,read> 1.4680639677995506E-4
<193,nurse6-3,nursingItem6-3,read> 1.8187554537311382E-4
<194,nurse8-0,nursingItem8-6,read> 7.766061495098867E-4
<195,nurse8-0,HR8-9,addItem> 1.1284092275201148E-4
<196,nurse6-3,nursingItem6-6,read> 2.623125635620529E-4
<197,patient1-6,HR1-6,addNote> 0.0015639298597099865
<198,nurse6-3,nursingItem6-5,read> 1.4351866409934645E-4
<199,nurse6-3,nursingItem6-8,read> 2.6991812263845187E-4
<200,nurse6-3,nursingItem6-7,read> 2.585097840238534E-4
<201,nurse6-3,nursingItem6-9,read> 1.5338186214117235E-4
<202,agent7-11,HR7-4,addNote> 5.540179106363136E-4
<203,nurse8-2,nursingItem8-6,read> 6.338317599063977E-4
<204,nurse9-2,nursingItem9-8,read> 6.965304196364044E-4
<205,doctor0-1,HRitem5-8-0,read> 1.1175415577084937E-4
<206,doctor2-1,HRitem2-1-0,read> 2.6243928134702185E-4
<207,patient1-8,noteItem1-8,read> 0.0015268114799517108
<208,nurse5-1,nursingItem5-1,read> 7.64948778090626E-4
<209,doctor4-1,HRitem2-8-2,read> 4.7951583831139515E-4
<210,nurse4-1,nursingItem4-8,read> 7.861610112220512E-4
<211,nurse3-1,nursingItem3-5,read> 9.256902112375385E-4
<212,nurse8-0,HR8-2,addItem> 1.1841949475306162E-4
<213,doctor6-1,HR5-9,addItem> 0.0010212152342978249
<214,patient7-3,HR7-3,addNote> 0.0012954663116971597
<215,nurse2-0,nursingItem2-7,read> 9.485088140128343E-4
<216,nurse8-0,HR8-1,addItem> 1.1927773659937705E-4
<217,agent9-1,noteItem9-7,read> 0.0021469852690994906
<218,nurse8-0,HR8-4,addItem> 1.1369916459832687E-4
<219,patient1-2,HR1-2,addNote> 0.001653417709047595
<220,nurse8-0,HR8-3,addItem> 1.1455740644464229E-4
<221,patient6-0,noteItem6-0,read> 0.004564947487688035
<222,nurse8-0,HR8-6,addItem> 1.1541564829095772E-4
<223,nurse3-3,HR3-1,addItem> 1.5027130872562254E-4
<224,patient0-0,noteItem0-0,read> 0.001639933565346148
<225,nurse4-0,nursingItem4-7,read> 7.921291242713141E-4
<226,agent4-11,HR4-8,addNote> 7.024350133442801E-4
<227,nurse8-0,HR8-5,addItem> 1.1627389013727311E-4
<228,nurse2-0,HR2-0,addItem> 1.6411240718992162E-4
<229,doctor9-0,HRitem9-5-1,read> 7.874101384955571E-4
<230,nurse3-3,HR3-0,addItem> 1.5106229708167364E-4
<231,patient9-6,noteItem9-6,read> 0.0029004368025984536
<232,nurse8-2,nursingItem8-9,read> 0.0011503974780335356
<233,patient8-5,noteItem8-5,read> 0.002237864588145319
<234,nurse8-0,HR8-8,addItem> 1.1198268090569606E-4
<235,nurse1-2,nursingItem1-3,read> 0.001409237437682217
<236,nurse3-3,HR3-3,addItem> 1.4868933201352035E-4
<237,patient0-4,noteItem0-4,read> 0.0017772960976108227
<238,nurse3-0,nursingItem3-5,read> 5.199300796341124E-4
<239,agent8-01,noteItem8-5agent8-0,read> 0.0020764006924630387
<240,nurse1-0,nursingItem1-0,read> 0.0014063471742313865
<241,nurse9-2,nursingItem9-6,read> 6.987038227529972E-4
<242,nurse1-3,nursingItem1-0,read> 7.792945423982041E-4
<243,patient0-9,HR0-9,addNote> 0.0011437260454290404
<244,nurse8-0,HR8-7,addItem> 1.1241180182885375E-4
<245,nurse3-3,HR3-2,addItem> 1.494803203695715E-4
<246,nurse2-0,HR2-3,addItem> 1.656867842350133E-4
<247,nurse3-3,HR3-5,addItem> 1.5303976797180136E-4
<248,nurse2-0,HR2-4,addItem> 1.6647397275755914E-4
<249,patient1-7,HR1-7,addNote> 0.0015600390836518294
<250,nurse3-3,HR3-4,addItem> 1.5264427379377583E-4
<251,patient5-2,HR5-2,addNote> 0.001454988130081593
<252,nurse5-0,nursingItem5-0,read> 7.63746130291885E-4
<253,patient8-9,HR8-9,addNote> 0.0010231119876261765
<254,nurse2-0,HR2-1,addItem> 1.6450600145119452E-4
<255,doctor9-0,HR9-2,addItem> 3.708011578706114E-4
<256,nurse1-0,HR1-8,addItem> 1.6297133847168003E-4
<257,nurse5-3,nursingItem5-5,read> 0.00136336990367762
<258,nurse3-3,HR3-7,addItem> 1.5224877961575028E-4
<259,nurse2-0,HR2-2,addItem> 1.6529318997374038E-4
<260,nurse3-3,HR3-6,addItem> 1.514577912596992E-4
<261,nurse3-3,HR3-9,addItem> 1.5462174468390354E-4
<262,patient9-2,noteItem9-2,read> 0.0028519559088579804
<263,nurse2-0,HR2-7,addItem> 1.6214443588355703E-4
<264,nurse2-2,nursingItem2-6,read> 5.413195963709867E-4
<265,nurse3-3,HR3-8,addItem> 1.5422625050587801E-4
<266,nurse2-0,HR2-8,addItem> 1.6175084162228413E-4
<267,patient4-5,HR4-5,addNote> 0.001112599836963785
<268,patient2-9,noteItem2-9,read> 0.0015672122247354383
<269,nurse8-0,HR8-0,addItem> 1.1713213198358853E-4
<270,nurse8-0,nursingItem8-4,read> 7.814003228976397E-4
<271,nurse4-1,nursingItem4-7,read> 7.872544835065674E-4
<272,patient6-4,noteItem6-4,read> 0.004629588679342
<273,patient2-1,HR2-1,addNote> 0.0016261822766404966
<274,nurse2-0,HR2-5,addItem> 1.613572473610112E-4
<275,agent9-01,HR9-0,addNote> 5.267772076792959E-4
<276,patient4-8,noteItem4-8agent4-1,read> 5.307478046729041E-4
<277,nurse2-0,HR2-6,addItem> 1.6096365309973824E-4
<278,nurse4-0,HR4-1,addItem> 1.1619173426272248E-4
<279,nurse1-2,nursingItem1-0,read> 7.847632760290686E-4
<280,nurse8-2,nursingItem8-5,read> 0.00116466689568212
<281,patient9-7,noteItem9-7agent9-1,read> 0.003462439847389254
<282,agent6-01,noteItem6-9,read> 0.0022377611859515636
<283,patient4-5,noteItem4-5,read> 0.004443745253336853
<284,agent8-0,noteItem8-5agent8-0,read> 0.0025877962412532863
<285,doctor9-1,HR6-1,addItem> 4.005825113389188E-5
<286,doctor9-1,HR6-6,addItem> 3.833454333073024E-5
<287,nurse3-2,nursingItem3-0,read> 5.305551534158665E-4
<288,doctor9-1,HR6-5,addItem> 3.747268942914943E-5
<289,agent9-1,noteItem9-7agent9-1,read> 0.0031757019168981134
<290,nurse3-3,nursingItem3-4,read> 9.263199060653628E-4
<291,doctor9-1,HR6-9,addItem> 4.1351031986263116E-5
<292,nurse9-3,nursingItem9-4,read> 6.72665045682759E-4
<293,doctor9-1,HR6-7,addItem> 3.574898162598778E-5
<294,doctor6-0,HR6-8,addItem> 7.62005231108424E-5
<295,patient1-9,noteItem1-9,read> 0.001680334310129876
<296,agent5-0,noteItem5-7agent5-0,read> 0.001213606737737824
<297,nurse8-3,HR8-2,addItem> 9.532934257279891E-5
<298,doctor5-1,HRitem7-9-3,read> 1.1624486543223984E-4
<299,patient7-0,noteItem7-0,read> 0.0016884144590866214
<300,doctor9-0,HR9-5,addItem> 2.0426970300726815E-4
<301,nurse8-3,HR8-3,addItem> 9.222030769499059E-5
<302,nurse9-3,nursingItem9-7,read> 0.0011977328696515992
<303,doctor6-0,HRitem8-9-0,read> 3.543645580207105E-4
<304,agent3-0,noteItem3-8,read> 0.0022246971565513586
<305,nurse5-3,nursingItem5-6,read> 7.847789876922362E-4
<306,nurse8-3,HR8-0,addItem> 9.42929976135295E-5
<307,nurse8-3,HR8-1,addItem> 9.602023921231191E-5
<308,agent5-11,noteItem5-0,read> 0.002287633529262621
<309,doctor8-0,HRitem2-6-2,read> 3.2853204065748116E-4
<310,nurse8-3,HR8-8,addItem> 9.01476177764517E-5
<311,nurse8-3,HR8-9,addItem> 9.083851441596467E-5
<312,patient9-0,noteItem9-0agent9-0,read> 0.002371239335211953
<313,nurse8-3,HR8-6,addItem> 9.291120433450357E-5
<314,nurse2-1,nursingItem2-0,read> 9.354312801510392E-4
<315,agent6-1,noteItem6-2agent6-1,read> 0.0023440981843697766
<316,patient0-2,HR0-2,addNote> 0.0010931459566730008
<317,nurse8-3,HR8-7,addItem> 9.049306609620818E-5
<318,doctor7-0,HR8-9,addItem> 2.1125463101286218E-4
<319,nurse8-3,HR8-4,addItem> 9.152941105547764E-5
<320,nurse8-3,HR8-5,addItem> 9.36021009740165E-5
<321,agent0-11,HR0-3,addNote> 7.372098026509566E-4
<322,nurse8-2,HR8-0,addItem> 9.559809100610429E-5
<323,nurse8-2,HR8-1,addItem> 9.734923906300133E-5
<324,nurse8-2,HR8-2,addItem> 9.66487798402425E-5
<325,patient6-1,noteItem6-1,read> 0.0045811077856015275
<326,nurse8-2,HR8-7,addItem> 9.17455652809308E-5
<327,nurse8-2,HR8-8,addItem> 9.139533566955139E-5
<328,nurse6-0,nursingItem6-0,read> 1.755863368489337E-4
<329,nurse8-2,HR8-9,addItem> 9.20957948923102E-5
<330,nurse1-3,nursingItem1-7,read> 7.920880684889913E-4
<331,nurse8-2,HR8-3,addItem> 9.349671333782784E-5
<332,patient3-7,noteItem3-7,read> 0.004508386444990817
<333,nurse8-2,HR8-4,addItem> 9.279625411506903E-5
<334,nurse4-3,nursingItem4-8,read> 7.715574011064714E-4
<335,nurse8-2,HR8-5,addItem> 9.489763178334546E-5
<336,nurse8-2,HR8-6,addItem> 9.419717256058668E-5
<337,doctor7-0,HRitem8-4-2,read> 3.3996662312001227E-4
<338,agent0-0,noteItem0-4agent0-0,read> 0.0012239725134341698
<339,patient2-6,noteItem2-6,read> 0.001631853416389403
<340,agent4-01,noteItem4-3agent4-0,read> 0.002605389420563251
<341,patient1-7,noteItem1-7,read> 0.001551051926821947
<342,patient7-9,HR7-9,addNote> 0.0013188109680461013
<343,patient5-8,HR5-8,addNote> 0.0014666604582560638
<344,doctor2-0,HR2-9,addItem> 3.671817984064085E-4
<345,doctor3-0,HRitem3-1-3,read> 7.264957985310647E-4
<346,doctor2-0,HR2-3,addItem> 3.7249098396424787E-4
<347,agent9-01,noteItem9-0,read> 8.39017078938049E-4
<348,patient8-1,noteItem8-1,read> 0.002100502055880645
<349,doctor0-0,HRitem3-1-1,read> 3.9825057113149265E-5
<350,doctor2-0,HR2-6,addItem> 3.6187261284856905E-4
<351,doctor6-1,HR5-0,addItem> 0.0010566212964270526
<352,doctor1-0,HR7-9,addItem> 1.0981790727121048E-4
<353,doctor2-0,HR2-5,addItem> 3.62757477108209E-4
<354,patient6-8,noteItem6-8,read> 0.004678069573082473
<355,doctor2-0,HR2-0,addItem> 3.689515269256883E-4
<356,doctor2-0,HR2-2,addItem> 3.71606119704608E-4
<357,doctor6-1,HRitem6-2-3,read> 4.80623371765295E-4
<358,doctor1-0,HR7-2,addItem> 1.0819797501890003E-4
<359,patient8-6,HR8-6,addNote> 0.0010464566439751179
<360,nurse5-2,nursingItem5-5,read> 7.813715292174141E-4
<361,doctor1-0,HR7-1,addItem> 1.072260156675138E-4
<362,nurse4-1,HR4-5,addItem> 1.1195319231753976E-4
<363,doctor1-0,HR7-8,addItem> 1.1014189372167256E-4
<364,doctor6-1,HRitem5-5-3,read> 7.637366109184477E-5
<365,doctor7-1,HR3-8,addItem> 1.8779515240134945E-4
<366,doctor1-0,HR7-7,addItem> 1.0916993437028629E-4
<367,doctor1-0,HR7-6,addItem> 1.0949392082074838E-4
<368,nurse0-3,nursingItem0-0,read> 8.112687228100543E-4
<369,doctor1-0,HR7-5,addItem> 1.0852196146936215E-4
<370,patient5-0,noteItem5-0agent5-1,read> 3.125077022374439E-4
<371,patient5-9,HR5-9,addNote> 0.0014588789061397499
<372,doctor2-1,HR2-7,addItem> 5.651718871549459E-4
<373,doctor2-1,HR2-4,addItem> 5.80262954031542E-4
<374,doctor2-1,HR2-1,addItem> 5.734033781785438E-4
<375,nurse9-2,HR9-9,addItem> 1.3655002807439842E-4
<376,nurse1-3,nursingItem1-8,read> 7.899558141405269E-4
<377,patient9-7,noteItem9-7,read> 0.0029569978452956727
<378,nurse9-2,HR9-7,addItem> 1.3538279525695135E-4
<379,patient7-8,noteItem7-8,read> 0.0015187313309949649
<380,nurse1-3,nursingItem1-5,read> 7.878235597920621E-4
<381,nurse9-2,HR9-8,addItem> 1.3616095046858274E-4
<382,nurse1-3,nursingItem1-6,read> 7.856913054435976E-4
<383,nurse9-2,HR9-5,addItem> 1.4277526976744947E-4
<384,nurse0-3,nursingItem0-1,read> 8.101855267406557E-4
<385,nurse9-2,HR9-6,addItem> 1.3460464004531997E-4
<386,patient7-1,HR7-1,addNote> 0.001287684759580846
<387,nurse9-2,HR9-3,addItem> 1.40829881738371E-4
<388,nurse1-3,nursingItem1-9,read> 0.001353093190416968
<389,nurse9-2,HR9-4,addItem> 1.416080369500024E-4
<390,doctor3-1,HR3-1,addItem> 2.296500640249842E-4
<391,nurse9-2,HR9-1,addItem> 1.3927357131510824E-4
<392,doctor3-1,HR3-0,addItem> 1.7652300181788264E-4
<393,nurse9-2,HR9-2,addItem> 1.4005172652673968E-4
<394,doctor8-0,HRitem8-3-3,read> 5.533052546774736E-5
<395,doctor3-1,HR3-3,addItem> 2.2723242983851657E-4
<396,patient1-0,HR1-0,addNote> 0.0016689808132802227
<397,doctor3-1,HR3-2,addItem> 2.2844124693175043E-4
<398,nurse9-2,HR9-0,addItem> 1.3849541610347688E-4
<399,patient8-3,noteItem8-3,read> 0.002213624141275082
<400,patient9-1,HR9-1,addNote> 0.0013927357131510824
<401,doctor3-1,HR3-5,addItem> 2.3388092385130262E-4
<402,nurse1-3,nursingItem1-3,read> 7.995509587086174E-4
<403,doctor3-1,HR3-4,addItem> 2.3327651530468573E-4
<404,nurse1-3,nursingItem1-4,read> 0.0013980117356120674
<405,doctor9-1,HRitem3-9-0,read> 7.40893733431763E-4
<406,doctor5-0,HR4-5,addItem> 2.2020360775905137E-4
<407,doctor3-1,HR3-7,addItem> 2.326721067580688E-4
<408,nurse1-3,nursingItem1-1,read> 0.0013961401295622716
<409,doctor3-1,HR3-6,addItem> 2.3146328966483495E-4
<410,nurse1-3,nursingItem1-2,read> 0.0013942685235124757
<411,doctor3-1,HR3-8,addItem> 1.8022022188432022E-4
<412,nurse9-1,HR9-7,addItem> 1.3409954601280964E-4
<413,doctor3-1,HR3-9,addItem> 1.8068237439262494E-4
<414,agent6-01,HR6-9,addNote> 2.294561538429626E-4
<415,doctor8-1,HRitem8-3-1,read> 5.754559237554708E-5
<416,nurse9-1,HR9-6,addItem> 1.3332876667996148E-4
<417,nurse9-1,HR9-8,addItem> 1.348703253456578E-4
<418,nurse8-2,nursingItem8-2,read> 6.397009498894548E-4
<419,patient2-4,HR2-4,addNote> 0.0016456361569312814
<420,nurse9-1,HR9-9,addItem> 1.3525571501208186E-4
<421,patient2-2,noteItem2-2,read> 0.0017045747570001127
<422,nurse9-1,HR9-2,addItem> 1.3872422200989854E-4
<423,nurse9-1,HR9-3,addItem> 1.3949500134274664E-4
<424,nurse9-1,HR9-4,addItem> 1.4026578067559482E-4
<425,agent6-1,noteItem6-2,read> 0.0025993630310760943
<426,nurse9-1,HR9-5,addItem> 1.41421949674867E-4
<427,nurse4-2,nursingItem4-4,read> 7.537467236713915E-4
<428,nurse9-1,HR9-0,addItem> 1.3718266334420223E-4
<429,doctor0-0,HR3-5,addItem> 1.396731962054189E-4
<430,nurse5-3,nursingItem5-3,read> 7.716255017785213E-4
<431,doctor6-0,HRitem3-7-1,read> 7.619368690558602E-4
<432,nurse9-1,HR9-1,addItem> 1.3795344267705036E-4
<433,doctor3-0,HRitem6-3-0,read> 5.29354843736889E-4
<434,nurse1-0,HR1-1,addItem> 1.721819639284597E-4
<435,doctor8-0,HRitem8-1-1,read> 3.428738984364995E-5
<436,doctor4-1,HRitem4-5-1,read> 4.950213066659932E-4
<437,patient5-2,noteItem5-2,read> 0.004653829126212238
<438,agent4-11,noteItem4-8agent4-1,read> 2.9072218546673175E-4
<439,doctor2-1,HRitem7-9-0,read> 5.641445721475476E-5
<440,nurse2-1,nursingItem2-8,read> 5.471006203877171E-4
<441,doctor9-1,HRitem9-8-3,read> 5.647959142616846E-4
<442,nurse0-0,nursingItem0-8,read> 0.001395145852236204
<443,nurse2-3,nursingItem2-4,read> 9.322744557435254E-4
<444,doctor4-0,HRitem4-5-0,read> 4.961288401198931E-4
<445,doctor2-1,HRitem7-7-1,read> 5.3777240671797775E-5
<446,nurse8-2,nursingItem8-1,read> 6.426355448809834E-4
<447,doctor1-0,HR1-3,addItem> 0.0011601159395740264
<448,nurse3-3,nursingItem3-3,read> 5.368008362100634E-4
<449,agent6-0,noteItem6-9,read> 0.0024956726446714052
<450,doctor6-1,HRitem6-3-1,read> 5.282473102829891E-4
<451,nurse9-3,HR9-4,addItem> 1.3892352440118719E-4
<452,nurse9-3,HR9-5,addItem> 1.4006862958228455E-4
<453,nurse9-3,HR9-6,addItem> 1.32052893314603E-4
<454,nurse9-3,HR9-7,addItem> 1.3281629676866795E-4
<455,doctor9-0,HRitem9-8-0,read> 5.69226048077284E-4
<456,patient3-2,noteItem3-2,read> 0.004395264359596379
<457,nurse9-0,nursingItem9-5,read> 7.174545748779626E-4
<458,patient7-8,HR7-8,addNote> 0.0013227017441042582
<459,nurse9-3,HR9-8,addItem> 1.335797002227328E-4
<460,doctor1-1,HR1-6,addItem> 0.0010947509017969904
<461,nurse9-3,HR9-9,addItem> 1.3396140194976526E-4
<462,doctor3-0,HR3-6,addItem> 2.306525601038373E-4
<463,doctor3-0,HR3-5,addItem> 2.3306172621959933E-4
<464,nurse3-0,nursingItem3-1,read> 5.231266440379768E-4
<465,doctor3-0,HR3-4,addItem> 2.3245943469065884E-4
<466,doctor0-1,HR9-2,addItem> 6.095609278165661E-4
<467,nurse5-1,nursingItem5-9,read> 7.725337037070589E-4
<468,patient4-7,noteItem4-7,read> 0.004371023912726143
<469,doctor3-0,HR3-3,addItem> 2.2643651940125383E-4
<470,doctor3-0,HR3-2,addItem> 2.2764110245913484E-4
<471,nurse2-3,nursingItem2-7,read> 5.330554983403159E-4
<472,nurse3-2,nursingItem3-1,read> 5.327252980570223E-4
<473,doctor6-1,HR5-3,addItem> 0.0010157681478164052
<474,nurse5-3,nursingItem5-8,read> 0.0013576650955725007
<475,doctor3-0,HRitem6-2-2,read> 4.8505350558089447E-4
<476,nurse0-0,HR0-5,addItem> 1.1122855417472595E-4
<477,patient2-4,noteItem2-4,read> 0.0016722541611731304
<478,nurse9-3,HR9-0,addItem> 1.3586991058492758E-4
<479,doctor3-0,HR3-1,addItem> 2.288456855170158E-4
<480,nurse9-3,HR9-1,addItem> 1.3663331403899245E-4
<481,nurse9-3,HR9-3,addItem> 1.3816012094712226E-4
<482,doctor3-0,HR3-7,addItem> 2.3185714316171835E-4
<483,patient5-0,noteItem5-0,read> 0.004669989424125728
<484,doctor1-0,HR1-0,addItem> 0.0011682865692961557
<485,doctor2-1,HRitem7-5-2,read> 4.164604457419567E-5
<486,nurse3-2,HR3-7,addItem> 1.4955411094998478E-4
<487,nurse3-2,HR3-8,addItem> 1.514965823553315E-4
<488,nurse3-2,HR3-9,addItem> 1.5188507663640083E-4
<489,nurse3-2,HR3-3,addItem> 1.460576624203607E-4
<490,nurse3-2,HR3-4,addItem> 1.4994260523105413E-4
<491,nurse3-2,HR3-5,addItem> 1.5033109951212347E-4
<492,agent2-01,HR2-2,addNote> 0.0011717101907504483
<493,nurse3-2,HR3-6,addItem> 1.4877712238784612E-4
<494,nurse3-2,HR3-0,addItem> 1.4838862810677677E-4
<495,nurse2-0,nursingItem2-5,read> 9.446992229265136E-4
<496,nurse3-2,HR3-1,addItem> 1.4761163954463805E-4
<497,patient5-3,noteItem5-3,read> 0.004605348232471764
<498,nurse3-2,HR3-2,addItem> 1.4683465098249942E-4
<499,nurse6-0,nursingItem6-6,read> 1.4864903127251842E-4
<500,nurse6-0,nursingItem6-7,read> 1.4649404682640522E-4
<501,nurse9-2,nursingItem9-1,read> 6.889235087283296E-4
<502,nurse6-0,nursingItem6-8,read> 1.5295900016474486E-4
<503,patient5-5,noteItem5-5,read> 0.0045730276366447815
<504,nurse6-0,nursingItem6-9,read> 1.5080401571863165E-4
<505,patient9-8,noteItem9-8,read> 0.0029327573984254353
<506,doctor2-1,HR7-8,addItem> 1.891643317569043E-4
<507,nurse6-0,nursingItem6-2,read> 3.106117741432154E-4
<508,nurse6-0,nursingItem6-3,read> 1.7881881351810352E-4
<509,nurse6-0,nursingItem6-4,read> 2.5223967008599073E-4
<510,nurse6-0,nursingItem6-5,read> 2.465907567901304E-4
<511,nurse6-0,nursingItem6-1,read> 1.7666382907199037E-4
<512,doctor9-0,HRitem7-2-2,read> 6.478609233041743E-4
<513,doctor5-0,HRitem5-1-1,read> 2.519486407004624E-5
<514,agent4-1,HR4-8,addNote> 7.338287569574323E-4
<515,agent6-11,noteItem6-2,read> 0.0019711181897283975
<516,doctor1-1,HRitem1-2-1,read> 6.722266592899714E-4
<517,nurse3-1,HR3-8,addItem> 1.5240647173884696E-4
<518,nurse3-1,HR3-9,addItem> 1.5279729931890173E-4
<519,nurse5-0,nursingItem5-8,read> 7.691325267441347E-4
<520,nurse5-3,nursingItem5-0,read> 7.771061209092358E-4
<521,nurse3-1,HR3-6,addItem> 1.496706786784638E-4
<522,agent7-0,noteItem7-9,read> 0.00109440346731147
<523,nurse3-1,HR3-7,addItem> 1.5045233383857327E-4
<524,nurse5-2,nursingItem5-2,read> 0.0013418084306683759
<525,patient1-0,noteItem1-0,read> 0.0018661777361350237
<526,doctor5-0,HR5-2,addItem> 3.6868873769135455E-4
<527,nurse3-1,HR3-4,addItem> 1.50843161418628E-4
<528,agent5-11,noteItem5-0agent5-1,read> 1.7003461673057186E-4
<529,nurse3-1,HR3-5,addItem> 1.5123398899868275E-4
<530,patient4-2,noteItem4-2,read> 0.004516466593947563
<531,nurse3-1,HR3-2,addItem> 1.4771654077819007E-4
<532,agent3-11,noteItem3-1agent3-1,read> 0.002490012706732146
<533,nurse1-0,nursingItem1-1,read> 8.343531528192797E-4
<534,patient2-3,noteItem2-3,read> 0.0016964946080433674
<535,nurse3-1,HR3-3,addItem> 1.4693488561808057E-4
<536,patient6-7,noteItem6-7,read> 0.004613428381428509
<537,nurse1-0,nursingItem1-2,read> 8.332346544856114E-4
<538,nurse3-1,HR3-0,addItem> 1.4927985109840905E-4
<539,doctor7-1,HR7-8,addItem> 2.080457992520481E-4
<540,nurse1-0,nursingItem1-3,read> 8.388271461539528E-4
<541,nurse3-1,HR3-1,addItem> 1.4849819593829955E-4
<542,nurse1-0,nursingItem1-5,read> 0.0014217389919052408
<543,patient0-8,noteItem0-8,read> 0.0017449755017838403
<544,nurse9-2,nursingItem9-0,read> 7.236979585938147E-4
<545,patient6-9,noteItem6-9agent6-0,read> 0.0018401884192856658
<546,nurse1-0,nursingItem1-4,read> 8.354716511529479E-4
<547,nurse1-0,nursingItem1-7,read> 8.30997657818275E-4
<548,doctor1-0,HR1-9,addItem> 0.0011001979882784099
<549,nurse1-1,nursingItem1-1,read> 8.120293226435132E-4
<550,nurse1-0,nursingItem1-6,read> 8.242866678162654E-4
<551,nurse4-3,nursingItem4-9,read> 7.704842410006147E-4
<552,patient9-8,HR9-8,addNote> 0.0013616095046858272
<553,nurse1-0,nursingItem1-9,read> 8.086276911449099E-4
<554,nurse0-0,HR0-8,addItem> 1.1552221381825974E-4
<555,nurse1-0,nursingItem1-8,read> 0.0014255869463237045
<556,nurse6-1,nursingItem6-9,read> 1.5166329785947855E-4
<557,nurse6-1,nursingItem6-7,read> 1.4732877073994597E-4
<558,agent2-11,HR2-7,addNote> 0.001129627356119004
<559,nurse0-2,nursingItem0-4,read> 7.877226460080743E-4
<560,nurse8-0,nursingItem8-3,read> 7.849959529384545E-4
<561,patient1-1,HR1-1,addNote> 0.0016728715893383798
<562,nurse6-1,nursingItem6-8,read> 1.5383056141924482E-4
<563,nurse6-1,nursingItem6-5,read> 1.4191061184053025E-4
<564,nurse4-2,nursingItem4-6,read> 0.0013593018404706458
<565,doctor3-0,HR6-2,addItem> 8.766216923636826E-5
<566,nurse6-1,nursingItem6-6,read> 1.4949603429971223E-4
<567,agent0-0,noteItem0-4,read> 8.78777040245875E-4
<568,patient8-8,noteItem8-8,read> 0.0021651432475346087
<569,nurse6-1,nursingItem6-3,read> 1.7983772413644028E-4
<570,patient8-0,noteItem8-0,read> 0.0020924219069238985
<571,patient3-0,noteItem3-0,read> 0.00441142465750987
<572,nurse6-1,nursingItem6-4,read> 1.4516150718017965E-4
<573,nurse0-1,nursingItem0-9,read> 8.064095309496504E-4
<574,agent4-0,HR4-3,addNote> 7.592033324538312E-4
<575,nurse1-1,nursingItem1-6,read> 0.0013958365447023955
<576,nurse6-1,nursingItem6-1,read> 1.7767046057667405E-4
<577,nurse6-1,nursingItem6-0,read> 1.765868287967909E-4
<578,doctor5-0,HRitem4-0-3,read> 4.7840830485749525E-4
<579,nurse8-3,nursingItem8-2,read> 0.0011577174541183711
<580,nurse4-3,nursingItem4-6,read> 7.737037213181844E-4
<581,nurse3-0,HR3-1,addItem> 1.449519703636536E-4
<582,nurse3-0,HR3-2,addItem> 1.4418898159542735E-4
<583,nurse2-1,nursingItem2-1,read> 5.372716480843198E-4
<584,doctor0-1,HRitem0-2-3,read> 1.9820234102082974E-4
<585,doctor2-0,HRitem2-0-0,read> 3.532570245668107E-4
<586,nurse3-0,HR3-3,addItem> 1.4342599282720104E-4
<587,nurse1-2,nursingItem1-2,read> 7.997937987871922E-4
<588,nurse0-3,nursingItem0-4,read> 7.928543896302767E-4
<589,nurse4-0,HR4-0,addItem> 1.1697958611250505E-4
<590,nurse8-1,nursingItem8-2,read> 7.881639689764273E-4
<591,patient0-3,noteItem0-3agent0-1,read> 0.0033824184764962525
<592,nurse3-0,HR3-4,addItem> 1.4724093666833242E-4
<593,nurse9-0,HR9-0,addItem> 1.4243367438130088E-4
<594,nurse3-0,HR3-5,addItem> 1.4762243105244556E-4
<595,nurse3-0,HR3-6,addItem> 1.4609645351599303E-4
<596,nurse3-3,nursingItem3-7,read> 5.666256618864863E-4
<597,nurse3-0,HR3-7,addItem> 1.4685944228421928E-4
<598,patient1-1,noteItem1-1,read> 0.0015106511820382194
<599,patient2-6,HR2-6,addNote> 0.0015911652921170843
<600,nurse0-3,nursingItem0-6,read> 0.0013862087148128952
<601,nurse5-0,nursingItem5-4,read> 7.594370131300855E-4
<602,nurse3-0,HR3-8,addItem> 1.4876691420478497E-4
<603,agent1-1,HR1-3,addNote> 0.0010395689129310461
<604,nurse8-3,nursingItem8-9,read> 6.222842343358265E-4
<605,nurse6-2,HR6-3,addItem> 3.5489821891590944E-5
<606,nurse8-3,nursingItem8-5,read> 6.300029870325433E-4
<607,nurse9-0,HR9-4,addItem> 1.4563480577322522E-4
<608,agent8-1,noteItem8-1agent8-1,read> 0.0011751227651678239
<609,nurse9-0,HR9-3,addItem> 1.4483452292524414E-4
<610,nurse9-0,HR9-2,addItem> 1.4403424007726308E-4
<611,nurse1-1,nursingItem1-8,read> 8.065864628592748E-4
<612,nurse9-0,HR9-1,addItem> 1.4323395722928194E-4
<613,nurse1-1,nursingItem1-7,read> 8.087636067729702E-4
<614,nurse5-2,nursingItem5-8,read> 7.781020022746784E-4
<615,nurse9-0,HR9-8,addItem> 1.4003282583735762E-4
<616,doctor3-1,HR7-4,addItem> 9.149970479101414E-4
<617,patient0-9,noteItem0-9,read> 0.0017530556507405859
<618,nurse5-1,nursingItem5-8,read> 7.736172645094067E-4
<619,nurse9-0,HR9-7,addItem> 1.3923254298937654E-4
<620,nurse1-1,nursingItem1-5,read> 8.044093189455793E-4
<621,agent6-11,noteItem6-2agent6-1,read> 0.0015143189063626843
<622,doctor9-1,HRitem9-1-3,read> 8.05130673757955E-4
<623,patient3-8,noteItem3-8,read> 0.00448414599812058
<624,nurse9-0,HR9-6,addItem> 1.3843226014139542E-4
<625,patient7-4,HR7-4,addNote> 0.0013071386398716307
<626,nurse1-1,nursingItem1-4,read> 8.131178946003608E-4
<627,patient9-7,HR9-7,addNote> 0.0013538279525695134
<628,nurse9-0,HR9-5,addItem> 1.4683523004519684E-4
<629,nurse3-0,HR3-0,addItem> 1.457149591318799E-4
<630,doctor3-0,HRitem2-6-2,read> 3.3926448481689066E-4
<631,nurse1-1,nursingItem1-3,read> 8.16383610470904E-4
<632,nurse9-0,HR9-9,addItem> 1.4043296726134815E-4
<633,agent1-01,noteItem1-6,read> 9.241028981577503E-4
<634,patient8-7,HR8-7,addNote> 0.0010192212115680195
<635,nurse3-0,HR3-9,addItem> 1.491484085888981E-4
<636,nurse7-2,nursingItem7-0,read> 1.6679000253149153E-4
<637,agent9-0,noteItem9-0agent9-0,read> 0.002141303717404907
<638,doctor2-0,HRitem2-2-0,read> 3.42181690027812E-4
<639,doctor5-0,HR4-0,addItem> 2.2867421135054045E-4
<640,nurse1-2,nursingItem1-1,read> 8.008674075556297E-4
<641,doctor5-0,HR4-1,addItem> 2.2713410160663336E-4
<642,doctor0-0,HRitem0-2-1,read> 2.0595507519812877E-4
<643,doctor5-0,HR4-3,addItem> 2.2328382724686558E-4
<644,doctor7-1,HR7-5,addItem> 2.0498592721990625E-4
<645,doctor9-1,HR3-8,addItem> 6.407128728987215E-5
<646,doctor3-1,HRitem7-0-0,read> 4.314765747484885E-5
<647,nurse0-2,nursingItem0-3,read> 0.001369772965432101
<648,nurse8-3,nursingItem8-1,read> 0.0011630284230063305
<649,doctor5-0,HR4-6,addItem> 2.2174371750295844E-4
<650,nurse2-0,nursingItem2-6,read> 9.504136095559944E-4
<651,doctor5-0,HR4-7,addItem> 2.1712338827123713E-4
<652,doctor1-0,HR1-4,addItem> 0.0011628394828147363
<653,nurse8-1,nursingItem8-0,read> 7.941900713196684E-4
<654,patient2-7,HR2-7,addNote> 0.0016028376202915553
<655,nurse1-2,nursingItem1-9,read> 7.761744058815692E-4
<656,patient9-0,HR9-0,addNote> 0.0013849541610347685
<657,nurse1-2,nursingItem1-8,read> 7.954993637134427E-4
<658,nurse1-2,nursingItem1-5,read> 7.933521461765678E-4
<659,nurse1-2,nursingItem1-4,read> 8.019410163240671E-4
<660,nurse1-2,nursingItem1-6,read> 7.91204928639693E-4
<661,doctor5-0,HR4-9,addItem> 2.1558327852732998E-4
<662,doctor5-0,HR4-8,addItem> 2.186634980151442E-4
<663,doctor2-1,HRitem2-8-1,read> 4.8173090521919483E-4
<664,patient0-4,HR0-4,addNote> 0.0011320537172545698
<665,nurse0-0,nursingItem0-5,read> 0.0013837717366996577
<666,doctor5-0,HR5-7,addItem> 3.7361828070226963E-4
<667,nurse0-0,nursingItem0-2,read> 7.947155121108965E-4
<668,patient3-8,noteItem3-8agent3-0,read> 0.0018474630893668474
<669,doctor5-0,HR5-8,addItem> 3.716464634979037E-4
<670,doctor6-1,HR3-5,addItem> 2.232313546391593E-4
<671,nurse0-0,nursingItem0-3,read> 7.936253050637024E-4
<672,nurse0-0,nursingItem0-9,read> 8.012567543940615E-4
<673,nurse3-1,nursingItem3-7,read> 5.599398133686516E-4
<674,nurse0-0,nursingItem0-6,read> 8.001665473468674E-4
<675,nurse0-0,nursingItem0-7,read> 7.990763402996733E-4
<676,patient3-1,noteItem3-1,read> 0.004403344508553125
<677,nurse0-0,nursingItem0-0,read> 8.165196530547796E-4
<678,nurse0-2,HR0-6,addItem> 1.1056858651539878E-4
<679,nurse0-0,nursingItem0-1,read> 0.0014178940833092961
<680,nurse8-1,nursingItem8-9,read> 7.77316984758593E-4
<681,agent5-1,HR5-0,addNote> 0.0010090105715373377
<682,nurse7-3,HR7-8,addItem> 1.370867353833545E-4
<683,agent3-01,noteItem3-8agent3-0,read> 0.0010510995588685157
<684,nurse5-0,HR5-8,addItem> 1.4539437490804333E-4
<685,patient1-5,HR1-5,addNote> 0.0016650900372220659
<686,nurse7-3,HR7-9,addItem> 1.3668348968545028E-4
<687,nurse3-0,nursingItem3-6,read> 9.11099208945785E-4
<688,nurse0-3,nursingItem0-7,read> 0.001384320039867933
<689,nurse9-0,nursingItem9-2,read> 7.118665597559169E-4
<690,nurse7-3,HR7-4,addItem> 1.3547375259173762E-4
<691,agent5-11,HR5-0,addNote> 9.532861218271888E-4
<692,nurse7-3,HR7-5,addItem> 1.350705068938334E-4
<693,nurse7-3,HR7-6,addItem> 1.3628024398754603E-4
<694,nurse7-3,HR7-7,addItem> 1.358769982896418E-4
<695,agent5-0,HR5-7,addNote> 9.527275391825452E-4
<696,nurse7-3,HR7-0,addItem> 1.3386076980012072E-4
<697,doctor5-0,HR5-1,addItem> 3.834773667240998E-4
<698,nurse7-3,HR7-1,addItem> 1.3345752410221653E-4
<699,nurse7-3,HR7-2,addItem> 1.3466726119592916E-4
<700,doctor2-1,HRitem6-7-1,read> 1.7937427230453205E-4
<701,patient4-6,noteItem4-6,read> 0.004387184210639634
<702,nurse4-2,nursingItem4-3,read> 0.0013253644657331251
<703,patient8-2,noteItem8-2,read> 0.002197463843361591
<704,nurse7-3,HR7-3,addItem> 1.3426401549802494E-4
<705,patient7-7,HR7-7,addNote> 0.0013110294159297874
<706,patient0-0,HR0-0,addNote> 0.0011009275087893145
<707,doctor6-1,HRitem3-5-3,read> 7.331409992544638E-4
<708,nurse0-1,nursingItem0-3,read> 7.987290047747231E-4
<709,nurse8-3,nursingItem8-6,read> 6.251787665970955E-4
<710,patient7-4,noteItem7-4,read> 0.0014136893945572728
<711,nurse0-1,nursingItem0-4,read> 0.0013926948521673758
<712,patient0-3,HR0-3,addNote> 0.0011242721651382557
<713,nurse0-1,nursingItem0-6,read> 8.053123129246608E-4
<714,nurse0-1,nursingItem0-7,read> 8.042150948996712E-4
<715,nurse0-1,nursingItem0-8,read> 8.0750674897464E-4
<716,nurse0-1,nursingItem0-0,read> 8.21770583299505E-4
<717,nurse0-1,nursingItem0-1,read> 8.206733652745154E-4
<718,patient4-0,noteItem4-0,read> 0.004427584955423361
<719,doctor3-1,HRitem7-3-2,read> 9.520172980814243E-5
<720,doctor3-1,HRitem3-1-2,read> 3.6502456751449675E-5
<721,patient8-7,noteItem8-7,read> 0.0021489829496211177
<722,patient9-1,noteItem9-1,read> 0.0028600360578147255
<723,agent3-11,noteItem3-1,read> 0.002206577423358611
<724,doctor0-1,HR0-7,addItem> 4.0335738997815266E-4
<725,nurse0-2,nursingItem0-8,read> 7.920273863744871E-4
<726,nurse2-2,nursingItem2-7,read> 5.402346969711618E-4
<727,nurse0-2,nursingItem0-9,read> 0.0013829446132022686
<728,doctor0-1,HR0-2,addItem> 3.803438512966974E-4
<729,nurse5-1,nursingItem5-7,read> 7.747008253117543E-4
<730,nurse0-2,nursingItem0-6,read> 7.898750161912807E-4
<731,patient9-9,noteItem9-9,read> 0.0029812382921659093
<732,nurse0-2,nursingItem0-7,read> 7.887988310996775E-4
<733,nurse0-2,nursingItem0-5,read> 7.855702758248677E-4
<734,patient9-3,HR9-3,addNote> 0.00140829881738371
<735,nurse0-2,nursingItem0-0,read> 0.0014092879087426033
<736,nurse0-2,nursingItem0-1,read> 8.049416074737258E-4
<737,patient6-3,noteItem6-3,read> 0.0045487871897745445
<738,doctor8-0,HRitem2-3-3,read> 2.157445914151091E-4
<739,doctor8-1,HR8-3,addItem> 2.284495045787176E-4
<740,agent5-1,noteItem5-0agent5-1,read> 2.145760398047822E-4
<741,agent7-1,noteItem7-4agent7-1,read> 5.979269708548164E-4
<742,nurse9-0,nursingItem9-1,read> 0.001219153796170157
<743,agent5-1,noteItem5-0,read> 0.002421357409887576
<744,nurse9-1,nursingItem9-1,read> 6.823934280768762E-4
<745,doctor3-1,HRitem3-5-1,read> 7.287108654388644E-4
<746,patient8-0,HR8-0,addNote> 0.0010620197482077455
<747,patient9-5,noteItem9-5,read> 0.002916597100511945
<748,doctor0-1,HR0-8,addItem> 4.006499148391579E-4
<749,nurse0-3,nursingItem0-9,read> 7.961039778384727E-4
<750,nurse0-3,nursingItem0-5,read> 7.906879974914793E-4
<751,patient0-1,HR0-1,addNote> 0.0010853644045566867
<752,nurse0-3,nursingItem0-8,read> 7.971871739078714E-4
<753,nurse0-3,nursingItem0-2,read> 7.896048014220806E-4
<754,nurse0-3,nursingItem0-3,read> 7.885216053526819E-4
<755,doctor7-1,HR9-6,addItem> 5.589514713746336E-4
<756,doctor7-1,HR9-8,addItem> 5.654141163525892E-4
<757,doctor7-1,HR9-9,addItem> 5.67029777597078E-4
<758,nurse9-3,nursingItem9-3,read> 6.694667439400951E-4
<759,doctor7-1,HR9-3,addItem> 5.848020512864557E-4
<760,agent0-1,noteItem0-3agent0-1,read> 0.00225199456845691
<761,doctor7-1,HR9-5,addItem> 5.928803575089003E-4
<762,patient4-8,HR4-8,addNote> 0.0011048182848474714
<763,agent1-01,HR1-6,addNote> 0.0011950500437634016
<764,doctor7-1,HR9-1,addItem> 5.783394063085003E-4
<765,agent9-11,noteItem9-7agent9-1,read> 0.0010856050953262793
<766,doctor0-0,HR0-8,addItem> 4.054054034425901E-4
<767,doctor0-0,HR0-7,addItem> 4.08145014785015E-4
<768,agent4-01,HR4-3,addNote> 7.074084911015052E-4
<769,doctor2-1,HR6-1,addItem> 1.0675622592825375E-4
<770,patient0-8,HR0-8,addNote> 0.0011515075975453543
<771,doctor0-0,HRitem0-7-0,read> 5.736561818928834E-4
<772,nurse5-0,nursingItem5-7,read> 7.702098060345847E-4
<773,nurse4-3,nursingItem4-5,read> 7.511673590951965E-4
<774,agent7-0,noteItem7-9agent7-0,read> 0.0015017794354103542
<775,doctor5-1,HRitem7-2-0,read> 6.578287243892731E-4
<776,patient2-9,HR2-9,addNote> 0.001614509948466026
<777,doctor2-1,HR6-9,addItem> 1.1020151874171599E-4
<778,doctor2-1,HR6-7,addItem> 9.527191655004626E-5
<779,patient0-4,noteItem0-4agent0-0,read> 0.0018547377594480296
<780,agent9-01,noteItem9-0agent9-0,read> 7.770368898463785E-4
<781,doctor2-1,HR6-5,addItem> 9.986564030132927E-5
<782,doctor3-0,HRitem2-0-3,read> 1.760911855061617E-4
<783,doctor6-1,HRitem3-3-0,read> 6.943773283679686E-4
<784,agent4-01,noteItem4-3,read> 0.002184885364752401
<785,doctor2-0,HR6-1,addItem> 1.0636156335550604E-4
<786,nurse7-0,HR7-9,addItem> 1.3077285229364704E-4
<787,agent2-11,noteItem2-7agent2-1,read> 0.003074092177197045
<788,patient0-7,HR0-7,addNote> 0.001159289149661668
<789,nurse5-0,HR5-9,addItem> 1.446229667069174E-4
<790,doctor0-1,HR9-0,addItem> 6.027872446274943E-4
<791,nurse7-0,HR7-0,addItem> 1.2807219597092635E-4
<792,nurse5-0,HR5-5,addItem> 1.430801503046656E-4
<793,nurse5-0,HR5-6,addItem> 1.4693719131029514E-4
<794,nurse5-0,HR5-7,addItem> 1.4616578310916922E-4
<795,doctor0-1,HR9-4,addItem> 6.163346110056376E-4
<796,nurse5-0,HR5-1,addItem> 1.500228241147988E-4
<797,nurse5-0,HR5-2,addItem> 1.4423726260635446E-4
<798,doctor5-0,HRitem5-8-0,read> 1.3960979103717384E-4
<799,doctor3-0,HRitem3-7-3,read> 7.641519359636601E-4
<800,nurse5-0,HR5-3,addItem> 1.4385155850579152E-4
<801,agent6-1,HR6-2,addNote> 2.7028372814971274E-4
<802,nurse5-0,HR5-4,addItem> 1.4346585440522854E-4
<803,nurse7-0,HR7-8,addItem> 1.3115866033974998E-4
<804,doctor0-1,HR9-7,addItem> 5.892398782493509E-4
<805,doctor2-0,HR6-7,addItem> 9.491970983451928E-5
<806,nurse7-0,HR7-7,addItem> 1.3000123620144111E-4
<807,nurse7-0,HR7-6,addItem> 1.3038704424754406E-4
<808,doctor2-0,HR6-9,addItem> 1.0979411941180207E-4
<809,doctor5-0,HRitem4-3-1,read> 7.076677298147671E-4
<810,nurse7-0,HR7-5,addItem> 1.2922962010923522E-4
<811,nurse5-0,HR5-0,addItem> 1.4963712001423582E-4
<812,agent0-11,noteItem0-3agent0-1,read> 0.0019108282407361225
<813,nurse7-0,HR7-4,addItem> 1.296154281553382E-4
<814,patient4-6,HR4-6,addNote> 0.0011203813890800988
<815,nurse7-0,HR7-3,addItem> 1.284580040170293E-4
<816,doctor2-0,HR6-6,addItem> 1.0178482194711134E-4
<817,nurse7-0,HR7-2,addItem> 1.2884381206313225E-4
<818,doctor2-0,HR6-5,addItem> 9.9496451242914E-5
<819,nurse7-0,HR7-1,addItem> 1.276863879248234E-4
<820,patient3-6,noteItem3-6,read> 0.004330623167942416
<821,doctor6-1,HR6-8,addItem> 7.592191059489782E-5
<822,agent6-0,HR6-9,addNote> 2.559019478452024E-4
<823,patient0-6,HR0-6,addNote> 0.0011164906130219422
<824,nurse4-2,HR4-4,addItem> 1.1288669575288468E-4
<825,nurse4-2,HR4-3,addItem> 1.121133888603289E-4
<826,doctor9-0,HR9-9,addItem> 1.9536320068470753E-4
<827,nurse4-2,HR4-6,addItem> 1.1134008196777308E-4
<828,nurse4-2,HR4-5,addItem> 1.105667750752173E-4
<829,doctor9-1,HRitem3-0-1,read> 8.195286086586531E-4
<830,nurse4-2,HR4-8,addItem> 1.0979346818266147E-4
<831,agent1-01,noteItem1-6agent1-0,read> 2.2010051752709958E-4
<832,nurse4-2,HR4-7,addItem> 1.090201612901057E-4
<833,nurse7-1,HR7-1,addItem> 1.2720545991004066E-4
<834,nurse4-2,HR4-9,addItem> 1.0824685439754988E-4
<835,nurse7-1,HR7-0,addItem> 1.275898148184935E-4
<836,nurse7-1,HR7-3,addItem> 1.2797416972694633E-4
<837,nurse7-1,HR7-2,addItem> 1.283585246353992E-4
<838,nurse7-1,HR7-5,addItem> 1.2874287954385205E-4
<839,doctor6-1,HR6-4,addItem> 8.217736963361425E-5
<840,nurse7-1,HR7-4,addItem> 1.291272344523049E-4
<841,doctor6-1,HR6-3,addItem> 8.128373262808334E-5
<842,nurse4-1,nursingItem4-4,read> 0.001325388786770742
<843,nurse4-2,HR4-0,addItem> 1.1481996298427418E-4
<844,nurse4-0,HR4-5,addItem> 1.1264640093870101E-4
<845,patient0-5,HR0-5,addNote> 0.0011087090609056285
<846,patient2-5,HR2-5,addNote> 0.0015950560681752416
<847,nurse7-1,HR7-7,addItem> 1.2951158936075772E-4
<848,patient3-9,HR3-9,addNote> 0.0015211313230702604
<849,doctor6-1,HR6-2,addItem> 8.39646436446761E-5
<850,nurse7-1,HR7-6,addItem> 1.2989594426921058E-4
<851,patient2-0,HR2-0,addNote> 0.00162229150058234
<852,nurse4-2,HR4-2,addItem> 1.1327334919916257E-4
<853,nurse7-1,HR7-9,addItem> 1.3028029917766344E-4
<854,agent7-0,HR7-9,addNote> 0.0011812184851594017
<855,agent1-11,noteItem1-3agent1-1,read> 0.0014375877201018785
<856,doctor7-1,HRitem3-0-0,read> 4.170682309963618E-4
<857,patient3-4,HR3-4,addNote> 0.0015016774427794757
<858,doctor6-1,HR6-0,addItem> 6.966645155618136E-5
<859,patient0-5,noteItem0-5,read> 0.0017853762465675682
<860,nurse4-2,HR4-1,addItem> 1.1404665609171837E-4
<861,nurse7-1,HR7-8,addItem> 1.306646540861163E-4
<862,doctor5-1,HR7-2,addItem> 1.3911168216715718E-4
<863,doctor0-1,HRitem0-7-3,read> 5.747637153467834E-4
<864,doctor5-1,HR7-5,addItem> 1.3952823617489419E-4
<865,agent5-01,noteItem5-7,read> 0.0023028339990275168
<866,doctor5-1,HR7-1,addItem> 1.3786202014394631E-4
<867,nurse4-3,HR4-7,addItem> 1.0833664930709565E-4
<868,nurse4-3,HR4-6,addItem> 1.1064202502753625E-4
<869,nurse4-3,HR4-5,addItem> 1.0987356645405605E-4
<870,nurse4-3,HR4-4,addItem> 1.1217894217449669E-4
<871,doctor5-1,HR7-6,addItem> 1.4077789819810503E-4
<872,nurse7-2,HR7-2,addItem> 1.278732372076661E-4
<873,doctor0-0,HRitem8-7-0,read> 5.083117081127915E-4
<874,doctor5-1,HR7-7,addItem> 1.4036134419036808E-4
<875,nurse7-2,HR7-1,addItem> 1.267245318952579E-4
<876,agent0-0,HR0-4,addNote> 7.216345932709613E-4
<877,doctor5-1,HR7-8,addItem> 1.41611006213579E-4
<878,nurse4-3,HR4-9,addItem> 1.0756819073361541E-4
<879,nurse7-2,HR7-0,addItem> 1.271074336660606E-4
<880,doctor5-1,HR7-9,addItem> 1.4119445220584203E-4
<881,nurse4-3,HR4-8,addItem> 1.0910510788057583E-4
<882,doctor1-1,HR8-6,addItem> 1.1816020497548192E-4
<883,doctor6-0,HR6-4,addItem> 8.247893796254495E-5
<884,nurse7-2,HR7-6,addItem> 1.2940484429087708E-4
<885,doctor6-0,HR6-3,addItem> 8.158202155515888E-5
<886,nurse7-2,HR7-5,addItem> 1.2825613897846886E-4
<887,nurse7-2,HR7-4,addItem> 1.286390407492716E-4
<888,nurse7-2,HR7-3,addItem> 1.2749033543686336E-4
<889,doctor9-0,HR9-6,addItem> 1.9257991870890736E-4
<890,doctor2-1,HRitem6-5-0,read> 1.5390100286483523E-4
<891,doctor6-0,HR6-0,addItem> 6.992210825913982E-5
<892,nurse4-3,HR4-3,addItem> 1.1141048360101648E-4
<893,nurse4-3,HR4-2,addItem> 1.1256317146123678E-4
<894,nurse7-2,HR7-9,addItem> 1.2978774606167982E-4
<895,nurse0-2,HR0-8,addItem> 1.1403639756336251E-4
<896,doctor6-0,HR6-2,addItem> 8.427277077731713E-5
<897,nurse4-3,HR4-1,addItem> 1.1333163003471701E-4
<898,doctor3-1,HRitem3-7-0,read> 7.608293356019605E-4
<899,nurse7-2,HR7-8,addItem> 1.3017064783248257E-4
<900,patient2-2,HR2-2,addNote> 0.0016339638287568106
<901,nurse4-3,HR4-0,addItem> 1.1410008860819722E-4
<902,nurse7-2,HR7-7,addItem> 1.2902194252007433E-4
<903,nurse5-3,HR5-1,addItem> 1.526471300759906E-4
<904,nurse4-2,nursingItem4-7,read> 0.001357416430763006
<905,agent8-1,noteItem8-1,read> 0.0011019291991856107
<906,nurse6-0,HR6-6,addItem> 3.431837589856301E-5
<907,nurse5-3,HR5-0,addItem> 1.5225467896492215E-4
<908,doctor4-0,HR4-8,addItem> 2.7787404142067023E-4
<909,nurse6-0,HR6-5,addItem> 3.354681522262342E-5
<910,nurse7-2,nursingItem7-1,read> 1.6785945485870384E-4
<911,doctor3-0,HRitem2-9-0,read> 1.935338485359293E-4
<912,nurse6-0,HR6-8,addItem> 3.277525454668383E-5
<913,nurse2-1,nursingItem2-5,read> 5.416400802191632E-4
<914,nurse5-3,HR5-3,addItem> 1.4636791229889575E-4
<915,nurse6-0,HR6-7,addItem> 3.200369387074424E-5
<916,nurse5-3,HR5-2,addItem> 1.4676036340996416E-4
<917,nurse6-0,HR6-2,addItem> 3.624727758841199E-5
<918,nurse6-0,HR6-1,addItem> 3.586149725044219E-5
<919,nurse6-0,HR6-4,addItem> 3.547571691247239E-5
<920,nurse6-0,HR6-3,addItem> 3.508993657450259E-5
<921,doctor8-1,HRitem8-5-2,read> 5.182795091978903E-4
<922,doctor1-1,HR1-5,addItem> 0.001165563026055446
<923,nurse4-0,HR4-7,addItem> 1.110706972391359E-4
<924,nurse5-3,HR5-9,addItem> 1.4715281452103255E-4
<925,patient8-1,noteItem8-1agent8-1,read> 0.0016946950176620255
<926,nurse9-3,nursingItem9-8,read> 6.833260514916385E-4
<927,nurse4-0,HR4-8,addItem> 1.1185854908891844E-4
<928,nurse5-3,HR5-8,addItem> 1.4793771674316943E-4
<929,nurse6-0,HR6-0,addItem> 3.0074792180895263E-5
<930,nurse4-0,HR4-6,addItem> 1.1343425278848353E-4
<931,nurse4-0,HR4-3,addItem> 1.1422210463826612E-4
<932,nurse8-1,nursingItem8-4,read> 0.0013108921932867418
<933,patient2-1,noteItem2-1,read> 0.0017207350549136035
<934,nurse5-3,HR5-5,addItem> 1.4558301007675886E-4
<935,nurse4-0,HR4-4,addItem> 1.1500995648804867E-4
<936,nurse5-3,HR5-4,addItem> 1.4597546118782728E-4
<937,nurse5-3,HR5-7,addItem> 1.487226189653063E-4
<938,nurse5-3,nursingItem5-9,read> 7.814906162138074E-4
<939,nurse5-3,HR5-6,addItem> 1.4950752118744314E-4
<940,nurse2-1,nursingItem2-9,read> 5.481927284214281E-4
<941,nurse1-3,HR1-3,addItem> 1.625930871790497E-4
<942,nurse8-0,nursingItem8-7,read> 7.790032362037632E-4
<943,nurse2-1,nursingItem2-7,read> 5.438242962865848E-4
<944,nurse2-1,nursingItem2-3,read> 5.394558641517416E-4
<945,nurse4-0,HR4-9,addItem> 1.1028284538935334E-4
<946,nurse2-1,nursingItem2-4,read> 5.42732188252874E-4
<947,nurse2-1,nursingItem2-2,read> 5.405479721854523E-4
<948,nurse6-0,HR6-9,addItem> 3.701883826435157E-5
<949,nurse6-1,HR6-9,addItem> 3.7229771815715396E-5
<950,nurse6-1,HR6-8,addItem> 3.296200813384442E-5
<951,patient7-1,noteItem7-1,read> 0.0017288152038703497
<952,nurse6-1,HR6-7,addItem> 3.218605110077697E-5
<953,patient4-7,HR4-7,addNote> 0.0010970367327311577
<954,nurse4-1,HR4-0,addItem> 1.162597117364281E-4
<955,nurse6-1,HR6-6,addItem> 3.451392219997932E-5
<956,nurse4-1,HR4-1,addItem> 1.1547670820572112E-4
<957,nurse6-1,HR6-5,addItem> 3.373796516691188E-5
<958,nurse6-1,HR6-4,addItem> 3.5677857749580494E-5
<959,nurse6-1,HR6-3,addItem> 3.528987923304677E-5
<960,nurse6-1,HR6-2,addItem> 3.6453814782647945E-5
<961,doctor1-1,HR1-8,addItem> 0.0011083686180005396
<962,nurse6-1,HR6-1,addItem> 3.606583626611422E-5
<963,nurse2-2,nursingItem2-8,read> 5.434893951706365E-4
<964,doctor4-1,HR2-4,addItem> 5.716823558203547E-4
<965,nurse4-1,HR4-6,addItem> 1.1273619584824672E-4
<966,nurse4-1,HR4-7,addItem> 1.1038718525612584E-4
<967,nurse6-1,HR6-0,addItem> 3.024615851810834E-5
<968,doctor1-1,HR3-0,addItem> 9.923622343877467E-5
<969,nurse4-1,HR4-8,addItem> 1.111701887868328E-4
<970,nurse4-1,HR4-9,addItem> 1.0960418172541885E-4
<971,nurse4-1,HR4-2,addItem> 1.1469370467501414E-4
<972,nurse4-1,HR4-3,addItem> 1.135191993789537E-4
<973,nurse4-1,HR4-4,addItem> 1.1430220290966068E-4
<974,doctor1-1,HR3-9,addItem> 1.0157450469357725E-4
<975,doctor1-1,HR3-8,addItem> 1.0131469566526584E-4
<976,doctor1-1,HR1-2,addItem> 0.0011573923963333166
<977,nurse2-0,nursingItem2-9,read> 9.561279961854751E-4
<978,nurse2-0,nursingItem2-2,read> 9.427944273833535E-4
<979,nurse2-0,nursingItem2-3,read> 5.430166289316211E-4
<980,nurse2-0,nursingItem2-4,read> 5.46314578934411E-4
<981,agent7-11,noteItem7-4,read> 4.6475573502692655E-4
<982,nurse2-0,nursingItem2-0,read> 5.419173122640243E-4
<983,nurse2-0,nursingItem2-1,read> 9.370800407538728E-4
<984,nurse6-2,HR6-4,addItem> 3.58799985866886E-5
<985,patient0-6,noteItem0-6,read> 0.0017611357996973316
<986,nurse4-3,nursingItem4-4,read> 7.49021038883483E-4
<987,nurse3-2,nursingItem3-8,read> 9.735550930462964E-4
<988,patient5-3,HR5-3,addNote> 0.0014510973540234364
<989,nurse5-2,nursingItem5-1,read> 0.0013380177882887586
<990,patient8-4,HR8-4,addNote> 0.0010308935397424902
<991,nurse6-2,HR6-6,addItem> 3.470946850139563E-5
<992,nurse6-2,HR6-5,addItem> 3.392911511120032E-5
<993,agent2-01,noteItem2-2agent2-0,read> 5.526163233817856E-4
<994,nurse6-2,HR6-8,addItem> 3.314876172100501E-5
<995,nurse6-2,HR6-7,addItem> 3.23684083308097E-5
<996,nurse5-1,HR5-1,addItem> 1.5089759276852937E-4
<997,doctor4-0,HR4-0,addItem> 2.9059549423405976E-4
<998,doctor5-1,HR5-1,addItem> 3.689034050433739E-4
<999,nurse5-1,HR5-0,addItem> 1.5050963966446458E-4
<1000,patient9-4,HR9-4,addNote> 0.0014160803695000242
<1001,nurse9-0,nursingItem9-3,read> 0.0012076153047703212
<1002,nurse6-2,HR6-9,addItem> 3.7440705367079227E-5
<1003,nurse5-1,HR5-3,addItem> 1.446903431034929E-4
<1004,nurse5-1,HR5-2,addItem> 1.450782962075577E-4
<1005,nurse5-1,HR5-5,addItem> 1.4391443689536334E-4
<1006,nurse5-1,HR5-4,addItem> 1.443023899994281E-4
<1007,nurse6-2,HR6-0,addItem> 3.041752485532142E-5
<1008,nurse5-1,HR5-7,addItem> 1.4701806172788158E-4
<1009,nurse5-1,HR5-6,addItem> 1.4779396793601114E-4
<1010,nurse3-3,nursingItem3-6,read> 5.379054593832643E-4
<1011,nurse6-2,HR6-2,addItem> 3.666035197688391E-5
<1012,nurse5-1,HR5-9,addItem> 1.4546624931162245E-4
<1013,nurse6-2,HR6-1,addItem> 3.6270175281786254E-5
<1014,nurse6-3,HR6-7,addItem> 3.255076556084243E-5
<1015,nurse6-3,HR6-6,addItem> 3.490501480281194E-5
<1016,nurse6-3,HR6-5,addItem> 3.412026505548878E-5
<1017,nurse6-3,HR6-4,addItem> 3.6082139423796704E-5
<1018,nurse5-1,nursingItem5-0,read> 0.0013392504216524013
<1019,nurse4-2,nursingItem4-1,read> 7.483470695110089E-4
<1020,patient2-8,noteItem2-8,read> 0.001591452671605675
<1021,nurse5-2,HR5-2,addItem> 1.4591932980876092E-4
<1022,agent0-1,noteItem0-3,read> 9.083714459558501E-4
<1023,nurse5-2,HR5-1,addItem> 1.5177236142225998E-4
<1024,nurse5-2,HR5-0,addItem> 1.5138215931469336E-4
<1025,nurse6-3,HR6-9,addItem> 3.765163891844305E-5
<1026,nurse6-3,HR6-8,addItem> 3.33355153081656E-5
<1027,nurse3-1,nursingItem3-1,read> 5.35924849396704E-4
<1028,nurse5-2,HR5-6,addItem> 1.4865074456172714E-4
<1029,nurse5-2,HR5-5,addItem> 1.447487234860611E-4
<1030,nurse5-2,HR5-4,addItem> 1.4513892559362768E-4
<1031,nurse5-2,HR5-3,addItem> 1.455291277011943E-4
<1032,nurse6-3,HR6-3,addItem> 3.568976455013512E-5
<1033,nurse6-3,HR6-2,addItem> 3.686688917111988E-5
<1034,doctor3-0,HR6-8,addItem> 7.926526078623276E-5
<1035,nurse5-2,HR5-9,addItem> 1.463095319163275E-4
<1036,nurse6-3,HR6-1,addItem> 3.6474514297458296E-5
<1037,patient4-9,noteItem4-9,read> 0.004338703316899162
<1038,nurse5-2,HR5-8,addItem> 1.4708993613146072E-4
<1039,nurse6-3,HR6-0,addItem> 3.0588891192534495E-5
<1040,nurse5-2,HR5-7,addItem> 1.4787034034659393E-4
<1041,doctor8-1,HR3-0,addItem> 1.7095835377458685E-4
<1042,doctor8-1,HR3-9,addItem> 1.749866077742935E-4
<1043,doctor3-1,HR7-0,addItem> 9.041028749473018E-4
<1044,doctor8-1,HR3-8,addItem> 1.7453902399654832E-4
<1045,doctor4-1,HR4-3,addItem> 2.826847504099272E-4
<1046,doctor4-1,HR4-1,addItem> 2.875593257870204E-4
<1047,doctor4-1,HR4-0,addItem> 2.895091559378576E-4
<1048,doctor4-1,HR4-7,addItem> 2.748854298065781E-4
<1049,nurse9-1,nursingItem9-7,read> 6.888518344944294E-4
<1050,doctor4-1,HR4-6,addItem> 2.807349202590899E-4
<1051,doctor4-1,HR4-5,addItem> 2.787850901082527E-4
<1052,doctor4-0,HR8-6,addItem> 1.969336749591365E-4
<1053,doctor4-0,HR8-4,addItem> 1.9400483951435304E-4
<1054,patient7-9,noteItem7-9,read> 0.0015752923736921838
<1055,nurse8-0,nursingItem8-9,read> 7.730105194690717E-4
<1056,doctor4-0,HR8-9,addItem> 1.925404217919613E-4
<1057,agent1-1,noteItem1-3agent1-1,read> 0.0016150495276467168
<1058,doctor4-0,HR8-2,addItem> 2.0205913698750748E-4
<1059,doctor4-1,HR4-8,addItem> 2.7683525995741536E-4
<1060,doctor4-1,HR4-9,addItem> 2.7293559965574084E-4
<1061,doctor4-0,HR4-1,addItem> 2.886383476473845E-4
<1062,doctor4-0,HR4-3,addItem> 2.8374548118069616E-4
<1063,agent1-0,HR1-6,addNote> 8.380587738595805E-4
<1064,doctor4-0,HR4-6,addItem> 2.8178833459402083E-4
<1065,doctor4-0,HR4-5,addItem> 2.798311880073456E-4
<1066,agent5-01,noteItem5-7agent5-0,read> 0.0010242975576604191
<1067,agent3-0,HR3-8,addNote> 9.704585494810947E-4
<1068,agent0-01,noteItem0-4,read> 9.133621831535838E-4
<1069,doctor4-0,HR4-7,addItem> 2.7591689483399495E-4
<1070,agent9-0,HR9-0,addNote> 0.0012736632016659031
<1071,nurse4-0,nursingItem4-8,read> 0.0013701346311709459
<1072,patient8-9,noteItem8-9,read> 0.0021813035454480998
<1073,doctor4-0,HR4-9,addItem> 2.739597482473196E-4
<1074,doctor1-0,HR1-7,addItem> 0.0010920273585562803
<1075,doctor7-0,HRitem7-7-2,read> 1.1402979852444012E-4
<1076,agent2-1,HR2-7,addNote> 9.54061550260018E-4
<1077,doctor7-1,HRitem7-8-0,read> 1.1657394878428071E-4
<1078,nurse2-3,nursingItem2-0,read> 5.277030876800499E-4
<1079,nurse2-3,nursingItem2-1,read> 5.266326055479967E-4
<1080,nurse4-0,nursingItem4-5,read> 7.701242640565893E-4
<1081,patient1-9,HR1-9,addNote> 0.0015717114118263002
<1082,nurse2-3,nursingItem2-8,read> 5.362669447364753E-4
<1083,patient5-1,HR5-1,addNote> 0.0015133497709539467
<1084,nurse2-3,nursingItem2-6,read> 5.341259804723691E-4
<1085,nurse2-3,nursingItem2-5,read> 5.309145340762094E-4
<1086,patient9-0,noteItem9-0,read> 0.002843875759901235
<1087,nurse2-3,nursingItem2-9,read> 5.373374268685285E-4
<1088,doctor7-1,HRitem7-7-1,read> 5.914502439874247E-5
<1089,patient5-7,noteItem5-7agent5-0,read> 0.0018183644090421197
<1090,doctor7-1,HRitem7-5-2,read> 4.580295105664772E-5
<1091,agent7-01,noteItem7-9agent7-0,read> 5.928751101240904E-4
<1092,nurse2-2,nursingItem2-1,read> 5.337253005722121E-4
<1093,nurse2-2,nursingItem2-0,read> 5.34810199972037E-4
<1094,nurse2-2,nursingItem2-2,read> 5.36979998771687E-4
<1095,patient9-2,HR9-2,addNote> 0.0014005172652673966
<1096,nurse2-2,nursingItem2-5,read> 5.380648981715119E-4
<1097,nurse2-2,nursingItem2-4,read> 5.391497975713367E-4
<1098,doctor6-1,HRitem6-0-2,read> 2.8458995042501914E-4
<1099,nurse2-2,nursingItem2-9,read> 5.445742945704616E-4
<1100,doctor4-0,HRitem8-2-1,read> 8.303616702546114E-5
<1101,doctor7-1,HRitem7-1-2,read> 7.364727803145415E-5
<1102,nurse4-1,nursingItem4-9,read> 7.850675389375348E-4
<1103,nurse4-1,nursingItem4-3,read> 7.6866545466979E-4
<1104,nurse4-1,nursingItem4-6,read> 7.883479557910839E-4
<1105,nurse4-1,nursingItem4-0,read> 7.555437872555941E-4
<1106,nurse9-3,nursingItem9-5,read> 6.843921520725264E-4
<1107,nurse4-1,nursingItem4-1,read> 7.577307318246265E-4
<1108,nurse4-1,nursingItem4-2,read> 7.675719823852735E-4
<1109,agent8-11,HR8-1,addNote> 6.744770613094424E-4
<1110,patient6-3,HR6-3,addNote> 3.538985056231885E-4
<1111,nurse0-1,HR0-1,addItem> 1.0958679310523966E-4
<1112,nurse0-1,HR0-0,addItem> 1.1115816459711467E-4
<1113,nurse0-1,HR0-5,addItem> 1.1194385034305217E-4
<1114,nurse0-1,HR0-3,addItem> 1.1351522183492714E-4
<1115,nurse0-1,HR0-2,addItem> 1.103724788511772E-4
<1116,nurse0-1,HR0-9,addItem> 1.154794361997709E-4
<1117,patient8-1,HR8-1,addNote> 0.00108147362849853
<1118,nurse0-1,HR0-8,addItem> 1.1626512194570837E-4
<1119,nurse0-1,HR0-7,addItem> 1.1705080769164586E-4
<1120,nurse0-1,HR0-6,addItem> 1.1272953608898967E-4
<1121,nurse0-0,HR0-9,addItem> 1.1474154842852632E-4
<1122,nurse4-0,nursingItem4-9,read> 0.001368228909284646
<1123,nurse4-0,nursingItem4-6,read> 7.932293672820503E-4
<1124,agent6-01,noteItem6-9agent6-0,read> 9.743561758525384E-4
<1125,patient7-6,HR7-6,addNote> 0.0013149201919879442
<1126,agent2-0,HR2-2,addNote> 9.524427866334053E-4
<1127,nurse4-0,nursingItem4-4,read> 7.679237780351167E-4
<1128,doctor6-1,HR3-2,addItem> 2.180393687877478E-4
<1129,nurse4-0,nursingItem4-2,read> 7.723247500780616E-4
<1130,doctor9-0,HRitem7-1-3,read> 1.39503067964137E-4
<1131,nurse4-0,nursingItem4-0,read> 7.60222076959963E-4
<1132,nurse4-0,nursingItem4-1,read> 7.624225629814355E-4
<1133,patient6-4,HR6-4,addNote> 3.577892816813454E-4
<1134,nurse0-0,HR0-0,addItem> 1.1044788878499254E-4
<1135,doctor2-1,HRitem6-1-1,read> 5.337849775524884E-4
<1136,nurse0-0,HR0-2,addItem> 1.0966722339525912E-4
<1137,nurse0-0,HR0-1,addItem> 1.0888655800552567E-4
<1138,nurse0-0,HR0-4,addItem> 1.135705503439262E-4
<1139,nurse0-0,HR0-3,addItem> 1.1278988495419276E-4
<1140,nurse0-0,HR0-6,addItem> 1.1200921956445936E-4
<1141,nurse0-0,HR0-7,addItem> 1.1630287920799315E-4
<1142,nurse4-3,nursingItem4-7,read> 7.726305612123278E-4
<1143,agent9-11,HR9-7,addNote> 4.926953259142253E-4
<1144,nurse4-3,nursingItem4-0,read> 7.415089181424872E-4
<1145,nurse4-3,nursingItem4-2,read> 0.001318726288332697
<1146,nurse4-3,nursingItem4-3,read> 7.543868394127659E-4
<1147,doctor4-0,HRitem3-9-3,read> 4.679040422556637E-4
<1148,patient6-5,HR6-5,addNote> 3.3833540139056097E-4
<1149,nurse9-3,nursingItem9-0,read> 0.0012463939355193377
<1150,nurse9-3,nursingItem9-1,read> 6.758633474254228E-4
<1151,nurse9-3,nursingItem9-6,read> 6.854582526534144E-4
<1152,nurse9-3,nursingItem9-9,read> 6.897226549769663E-4
<1153,patient4-0,HR4-0,addNote> 0.0011553983736035112
<1154,doctor4-1,HRitem2-7-3,read> 7.442163337934625E-4
<1155,nurse4-2,nursingItem4-5,read> 7.559065853355447E-4
<1156,nurse4-2,nursingItem4-8,read> 7.764252711449981E-4
<1157,nurse4-2,nursingItem4-9,read> 7.753453403129214E-4
<1158,nurse4-2,nursingItem4-2,read> 7.580664469996974E-4
<1159,agent7-1,noteItem7-4,read> 9.607401162809589E-4
<1160,nurse4-2,nursingItem4-0,read> 0.001302739549241445
<1161,nurse3-0,nursingItem3-2,read> 5.220611225700219E-4
<1162,nurse3-0,nursingItem3-3,read> 5.177990366982026E-4
<1163,patient6-6,HR6-6,addNote> 3.4611695350687474E-4
<1164,patient4-2,HR4-2,addNote> 0.0011398352693708833
<1165,nurse3-0,nursingItem3-4,read> 5.167335152302478E-4
<1166,nurse3-0,nursingItem3-7,read> 9.597452178772617E-4
<1167,nurse3-0,nursingItem3-8,read> 5.48699159268892E-4
<1168,nurse3-0,nursingItem3-9,read> 5.497646807368468E-4
<1169,nurse3-0,nursingItem3-0,read> 5.209956011020672E-4
<1170,agent2-0,noteItem2-2,read> 7.706924719625129E-4
<1171,agent4-1,noteItem4-8agent4-1,read> 3.62481752063244E-4
<1172,patient4-1,HR4-1,addNote> 0.0011476168214871975
<1173,nurse3-1,nursingItem3-2,read> 5.348332601252518E-4
<1174,nurse9-1,nursingItem9-8,read> 6.899282355640214E-4
<1175,nurse3-1,nursingItem3-0,read> 9.275872793845541E-4
<1176,nurse9-1,nursingItem9-9,read> 6.963866419815746E-4
<1177,nurse9-1,nursingItem9-4,read> 6.791642248680997E-4
<1178,nurse9-1,nursingItem9-5,read> 0.0012080885131255893
<1179,nurse9-1,nursingItem9-6,read> 0.0012099703930707449
<1180,nurse9-1,nursingItem9-0,read> 7.168382623038259E-4
<1181,nurse3-1,nursingItem3-9,read> 5.632145811830081E-4
<1182,nurse3-1,nursingItem3-8,read> 5.62122991911556E-4
<1183,nurse9-1,nursingItem9-2,read> 6.856226312856526E-4
<1184,doctor1-1,HRitem3-9-3,read> 2.8074242535339823E-4
<1185,nurse3-1,nursingItem3-6,read> 5.315584923108953E-4
<1186,patient6-7,HR6-7,addNote> 3.2277229715793333E-4
<1187,nurse3-1,nursingItem3-4,read> 5.293753137679909E-4
<1188,nurse7-2,nursingItem7-2,read> 1.6892890718591617E-4
<1189,agent2-1,noteItem2-7,read> 7.459579505642409E-4
<1190,patient7-2,noteItem7-2,read> 0.0017126549059568582
<1191,nurse7-3,nursingItem7-4,read> 1.688940705035307E-4
<1192,patient7-2,HR7-2,addNote> 0.0012993570877553166
<1193,doctor1-1,HR8-2,addItem> 1.212354821925045E-4
<1194,doctor1-1,HR8-4,addItem> 1.1640290370861184E-4
<1195,nurse3-2,nursingItem3-3,read> 5.27299936454133E-4
<1196,nurse3-2,nursingItem3-2,read> 5.316402257364443E-4
<1197,nurse9-2,nursingItem9-7,read> 6.954437180781081E-4
<1198,nurse9-2,nursingItem9-4,read> 0.0011938870129142173
<1199,doctor8-1,HRitem8-0-1,read> 3.6322482565190946E-4
<1200,nurse9-2,nursingItem9-5,read> 6.976171211947009E-4
<1201,patient9-4,noteItem9-4,read> 0.0028681162067714715
<1202,nurse3-2,nursingItem3-9,read> 9.754456442424378E-4
<1203,nurse9-2,nursingItem9-2,read> 6.921836134032187E-4
<1204,doctor1-1,HR8-9,addItem> 1.155242530751768E-4
<1205,nurse9-2,nursingItem9-3,read> 6.824032993785511E-4
<1206,nurse3-2,nursingItem3-5,read> 5.294700810952888E-4
<1207,nurse3-2,nursingItem3-4,read> 5.262148641335552E-4
<1208,patient6-8,HR6-8,addNote> 3.3055384927424715E-4
<1209,nurse3-2,nursingItem3-6,read> 5.283850087747108E-4
<1210,patient7-6,noteItem7-6,read> 0.0014702504372544915
<1211,patient7-3,noteItem7-3,read> 0.0014379298414275096
<1212,doctor3-0,HR2-9,addItem> 3.876186331971177E-4
<1213,patient7-5,HR7-5,addNote> 0.0013032478638134737
<1214,patient4-3,HR4-3,addNote> 0.0011281629411964127
<1215,agent3-11,HR3-1,addNote> 9.550807870228847E-4
<1216,doctor1-0,HR8-7,addItem> 1.276922029265615E-4
<1217,doctor3-0,HR2-2,addItem> 3.9228920614456755E-4
<1218,nurse3-3,nursingItem3-0,read> 5.40114705729666E-4
<1219,nurse1-1,HR1-3,addItem> 1.6601609954071392E-4
<1220,doctor1-0,HR8-5,addItem> 1.320792739989549E-4
<1221,doctor3-0,HR2-0,addItem> 3.894868623760976E-4
<1222,nurse0-3,HR0-8,addItem> 1.1477930569081112E-4
<1223,doctor6-0,HR3-1,addItem> 2.1999752192936316E-4
<1224,nurse0-3,HR0-9,addItem> 1.1400366065728177E-4
<1225,doctor3-0,HR2-6,addItem> 3.8201394566017766E-4
<1226,nurse0-3,HR0-6,addItem> 1.1128890303992908E-4
<1227,nurse0-3,HR0-7,addItem> 1.1555495072434047E-4
<1228,doctor1-0,HR8-1,addItem> 1.3549144038859425E-4
<1229,nurse0-3,HR0-4,addItem> 1.1284019310698775E-4
<1230,nurse7-3,nursingItem7-9,read> 1.6776779717980612E-4
<1231,doctor1-0,HR8-0,addItem> 1.33054178681709E-4
<1232,nurse0-3,HR0-5,addItem> 1.1051325800639974E-4
<1233,nurse3-3,nursingItem3-1,read> 9.377805183579493E-4
<1234,nurse8-2,nursingItem8-8,read> 6.299189665843597E-4
<1235,nurse0-3,HR0-2,addItem> 1.0896196793934104E-4
<1236,nurse3-3,nursingItem3-8,read> 5.68834908232888E-4
<1237,patient6-9,HR6-9,addNote> 3.7335238591397306E-4
<1238,nurse0-3,HR0-3,addItem> 1.1206454807345839E-4
<1239,doctor7-0,HRitem3-9-1,read> 7.453238672473623E-4
<1240,nurse0-3,HR0-0,addItem> 1.0973761297287039E-4
<1241,doctor2-0,HRitem6-1-2,read> 5.348925110063883E-4
<1242,nurse0-3,HR0-1,addItem> 1.0818632290581168E-4
<1243,nurse3-3,nursingItem3-5,read> 5.390100825564652E-4
<1244,doctor1-0,HR8-8,addItem> 1.2720475058518448E-4
<1245,nurse3-3,nursingItem3-9,read> 5.699395314060889E-4
<1246,doctor4-1,HR2-7,addItem> 5.568144470491427E-4
<1247,doctor4-1,HR2-8,addItem> 5.554628189790325E-4
<1248,patient3-6,HR3-6,addNote> 0.0014900051146050051
<1249,doctor3-0,HR6-0,addItem> 7.273433199168292E-5
<1250,doctor3-0,HR6-3,addItem> 8.486319975298975E-5
<1251,patient4-4,HR4-4,addNote> 0.0011359444933127267
<1252,doctor4-1,HR2-1,addItem> 5.649242154698037E-4
<1253,patient3-0,HR3-0,addNote> 0.0014861143385468483
<1254,nurse0-2,HR0-7,addItem> 1.1480702224068778E-4
<1255,nurse0-2,HR0-9,addItem> 1.1326577288603723E-4
<1256,nurse0-2,HR0-3,addItem> 1.1133921119272403E-4
<1257,nurse9-0,nursingItem9-8,read> 0.0012326153694699655
<1258,nurse0-2,HR0-4,addItem> 1.1210983587004933E-4
<1259,nurse9-0,nursingItem9-9,read> 7.230425900000081E-4
<1260,nurse0-2,HR0-5,addItem> 1.0979796183807352E-4
<1261,patient1-4,HR1-4,addNote> 0.001661199261163909
<1262,nurse9-0,nursingItem9-6,read> 7.185721779023717E-4
<1263,nurse9-0,nursingItem9-7,read> 7.152193688291444E-4
<1264,doctor3-0,HR6-4,addItem> 8.579618958078258E-5
<1265,nurse0-2,HR0-0,addItem> 1.0902733716074825E-4
<1266,nurse0-2,HR0-1,addItem> 1.074860878060977E-4
<1267,nurse0-2,HR0-2,addItem> 1.0825671248342297E-4
<1268,nurse9-0,nursingItem9-0,read> 7.442770474637811E-4
<1269,agent0-01,noteItem0-4agent0-0,read> 0.0010586973287965104
<1270,doctor2-1,HRitem6-9-0,read> 4.994514404815926E-4
<1271,agent6-11,HR6-2,addNote> 2.0495835578724438E-4
<1272,doctor7-1,HR7-9,addItem> 2.0743382484561976E-4
<1273,patient2-7,noteItem2-7agent2-1,read> 0.005062867265249296
<1274,doctor7-1,HR7-2,addItem> 2.0437395281347782E-4
<1275,doctor7-1,HR7-1,addItem> 2.025380295941927E-4
<1276,doctor7-1,HR7-6,addItem> 2.0682185043919134E-4
<1277,doctor7-1,HR7-7,addItem> 2.0620987603276296E-4
<1278,doctor6-1,HRitem5-4-1,read> 1.6386880394993398E-4
<1279,patient7-5,noteItem7-5,read> 0.0014944908841247285
<1280,doctor7-1,HR3-9,addItem> 1.882767298837335E-4
<1281,nurse1-3,HR1-0,addItem> 1.637382209242215E-4
<1282,nurse1-3,HR1-1,addItem> 1.6411993217261214E-4
<1283,nurse1-3,HR1-2,addItem> 1.622113759306591E-4
<1284,nurse1-3,HR1-4,addItem> 1.6297479842744035E-4
<1285,nurse1-3,HR1-5,addItem> 1.6335650967583092E-4
<1286,nurse1-3,HR1-6,addItem> 1.5343201721767513E-4
<1287,nurse1-3,HR1-7,addItem> 1.5305030596928447E-4
<1288,nurse1-3,HR1-8,addItem> 1.5534057345962816E-4
<1289,doctor7-1,HR3-0,addItem> 1.8394253254227697E-4
<1290,nurse1-3,HR1-9,addItem> 1.541954397144563E-4
<1291,agent0-01,HR0-4,addNote> 7.500352391599795E-4
<1292,patient3-3,HR3-3,addNote> 0.0014627696821979067
<1293,doctor4-1,HRitem4-6-1,read> 5.581507135382855E-4
<1294,agent8-11,noteItem8-1agent8-1,read> 9.105786710001336E-4
<1295,nurse1-2,HR1-1,addItem> 1.6527165099487607E-4
<1296,doctor7-0,HR3-9,addItem> 1.8574527805336396E-4
<1297,nurse1-2,HR1-2,addItem> 1.6334970137578652E-4
<1298,doctor7-0,HR3-8,addItem> 1.852701755623397E-4
<1299,doctor9-0,HR9-7,addItem> 3.5843968854930845E-4
<1300,doctor6-0,HR8-2,addItem> 2.0659130454610578E-4
<1301,nurse1-2,HR1-0,addItem> 1.6488726107105817E-4
<1302,doctor2-1,HRitem7-8-0,read> 1.0599412822234599E-4
<1303,nurse1-2,HR1-9,addItem> 1.5527751297561036E-4
<1304,doctor7-0,HR3-0,addItem> 1.8146935563414555E-4
<1305,nurse1-2,HR1-7,addItem> 1.5412434320415664E-4
<1306,nurse1-2,HR1-8,addItem> 1.5643068274706412E-4
<1307,nurse1-2,HR1-5,addItem> 1.6450287114724025E-4
<1308,nurse1-2,HR1-6,addItem> 1.5450873312797457E-4
<1309,nurse1-2,HR1-3,addItem> 1.6373409129960442E-4
<1310,doctor6-0,HR8-9,addItem> 1.9685908545832303E-4
<1311,agent6-0,noteItem6-9agent6-0,read> 0.0012904074476451672
<1312,doctor6-0,HR8-6,addItem> 2.0135087888345358E-4
<1313,nurse1-1,HR1-0,addItem> 1.6718534136473146E-4
<1314,doctor9-0,HR7-9,addItem> 7.146879679554967E-5
<1315,nurse1-1,HR1-1,addItem> 1.6757508863940397E-4
<1316,nurse1-1,HR1-6,addItem> 1.5666216494857356E-4
<1317,nurse1-1,HR1-7,addItem> 1.56272417673901E-4
<1318,nurse1-1,HR1-8,addItem> 1.5861090132193611E-4
<1319,nurse1-1,HR1-9,addItem> 1.5744165949791854E-4
<1320,doctor7-0,HR7-8,addItem> 2.052485448083231E-4
<1321,nurse5-0,nursingItem5-6,read> 0.0013479763986087119
<1322,nurse1-1,HR1-2,addItem> 1.6562635226604139E-4
<1323,doctor7-0,HR7-7,addItem> 2.034373062709779E-4
<1324,nurse1-1,HR1-4,addItem> 1.6640584681538645E-4
<1325,doctor7-0,HR7-9,addItem> 2.0464479862920807E-4
<1326,nurse1-1,HR1-5,addItem> 1.6679559409005893E-4
<1327,patient3-5,HR3-5,addNote> 0.0015055682188376328
<1328,doctor7-0,HR7-5,addItem> 2.0222981391274783E-4
<1329,doctor7-0,HR7-6,addItem> 2.0404105245009295E-4
<1330,doctor8-0,HR8-5,addItem> 2.31033904677537E-4
<1331,nurse5-3,nursingItem5-1,read> 7.738177494308072E-4
<1332,doctor7-0,HR7-1,addItem> 1.9981482919628757E-4
<1333,doctor7-0,HR7-2,addItem> 2.016260677336327E-4
<1334,doctor9-0,HR7-1,addItem> 6.97820101963185E-5
<1335,doctor9-0,HR7-2,addItem> 7.041455517103018E-5
<1336,doctor9-0,HR7-7,addItem> 7.104710014574186E-5
<1337,doctor9-0,HR7-8,addItem> 7.167964512045356E-5
<1338,doctor9-0,HR7-5,addItem> 7.062540349593409E-5
<1339,doctor9-0,HR7-6,addItem> 7.125794847064576E-5
<1340,nurse1-0,HR1-4,addItem> 1.7098057799931455E-4
<1341,nurse1-0,HR1-3,addItem> 1.705801160229328E-4
<1342,nurse1-0,HR1-2,addItem> 1.701796540465511E-4
<1343,nurse1-0,HR1-7,addItem> 1.6056856661338966E-4
<1344,doctor5-0,HRitem4-7-3,read> 4.916987063042936E-4
<1345,nurse1-0,HR1-6,addItem> 1.6096902858977143E-4
<1346,nurse1-0,HR1-5,addItem> 1.7138103997569627E-4
<1347,doctor5-1,HR5-2,addItem> 3.5467681416864277E-4
<1348,doctor8-1,HR8-1,addItem> 2.37862750904421E-4
<1349,doctor8-1,HR8-0,addItem> 2.3358400257455584E-4
<1350,doctor8-1,HR8-5,addItem> 2.3187250324260974E-4
<1351,nurse1-0,HR1-0,addItem> 1.71781501952078E-4
<1352,doctor5-1,HR5-7,addItem> 3.5941901112688645E-4
<1353,doctor8-1,HR8-7,addItem> 2.2417075624885243E-4
<1354,doctor8-1,HR8-8,addItem> 2.2331500658287942E-4
<1355,doctor5-1,HR5-8,addItem> 3.57522132343589E-4
<1356,patient1-8,HR1-8,addNote> 0.0015833837400007708
<1357,nurse1-0,HR1-9,addItem> 1.6176995254253484E-4
<1358,doctor8-0,HR8-1,addItem> 2.3700248779084262E-4
<1359,doctor8-0,HR8-0,addItem> 2.3273921413848145E-4
<1360,doctor8-0,HR8-3,addItem> 2.2762328575564808E-4
<1361,doctor8-0,HR8-7,addItem> 2.2336001210328694E-4
<1362,doctor8-0,HR8-8,addItem> 2.225073573728147E-4
<1363,agent1-11,noteItem1-3,read> 7.587610122351233E-4
<1364,doctor1-0,HRitem8-8-1,read> 3.5768715838241014E-4
<1365,doctor0-0,HRitem3-6-3,read> 4.4075216742489994E-4
<1366,doctor0-1,HRitem5-1-1,read> 2.0167860312602335E-5
<1367,nurse7-1,nursingItem7-7,read> 1.577613829398502E-4
<1368,patient3-1,HR3-1,addNote> 0.0014783327864305341
<1369,doctor9-0,HRitem9-9-2,read> 5.61473313899985E-4
<1370,doctor9-0,HR9-0,addItem> 3.666806680968437E-4
<1371,doctor9-0,HR9-1,addItem> 1.992597954508278E-4
<1372,doctor9-0,HR9-3,addItem> 2.0148642103146792E-4
<1373,doctor2-1,HR7-2,addItem> 1.8582572852452353E-4
<1374,doctor9-0,HR9-4,addItem> 3.74921647644379E-4
<1375,doctor2-1,HR7-1,addItem> 1.8415642690833325E-4
<1376,nurse7-0,nursingItem7-1,read> 2.9556015226106383E-4
<1377,nurse7-0,nursingItem7-0,read> 1.680559608049753E-4
<1378,doctor9-0,HR9-8,addItem> 1.9480654428954752E-4

