<0,agent3-01,noteItem3-2agent3-0,read> 0.0012145129811181878
<1,nurse9-1,nursingItem9-9,read> 6.458618049744105E-4
<2,nurse8-2,nursingItem8-7,read> 5.896557121108709E-4
<3,nurse4-3,nursingItem4-7,read> 7.154681152136367E-4
<4,patient0-5,HR0-5,addNote> 0.0010231555936298991
<5,nurse9-2,nursingItem9-3,read> 0.001101361566131508
<6,patient1-5,noteItem1-5,read> 0.0014566569729693507
<7,agent8-1,HR8-7,addNote> 6.3554837738772E-4
<8,nurse2-3,HR2-0,addItem> 1.4833046958778685E-4
<9,patient4-4,HR4-4,addNote> 0.0010485568260415767
<10,nurse2-3,HR2-1,addItem> 1.4868792829549917E-4
<11,doctor0-0,HR9-8,addItem> 2.785255531417428E-4
<12,patient3-0,noteItem3-0,read> 0.004037777938823228
<13,agent7-11,noteItem7-3agent7-1,read> 0.0012773608006987713
<14,patient7-9,noteItem7-9,read> 0.0014492612108895396
<15,patient0-3,noteItem0-3,read> 0.0016785298353636667
<16,nurse2-3,HR2-2,addItem> 1.494028457109238E-4
<17,nurse8-0,nursingItem8-5,read> 7.258087933641335E-4
<18,nurse2-3,HR2-3,addItem> 1.497603044186361E-4
<19,patient1-2,noteItem1-2,read> 0.0013679078280116241
<20,patient4-0,HR4-0,addNote> 0.0010667005634784894
<21,patient2-7,noteItem2-7,read> 0.0014862400212885922
<22,nurse7-3,HR7-1,addItem> 1.2371750376712737E-4
<23,patient9-8,noteItem9-8,read> 0.0026621661919784684
<24,nurse8-0,nursingItem8-6,read> 7.20259442921082E-4
<25,doctor8-0,HRitem0-0-3,read> 2.3549573044808256E-4
<26,nurse2-3,HR2-7,addItem> 1.465431760492253E-4
<27,nurse1-0,nursingItem1-3,read> 7.767671994583102E-4
<28,nurse5-1,nursingItem5-7,read> 0.001249875780787137
<29,patient8-2,noteItem8-2,read> 0.001989151842715709
<30,nurse2-3,HR2-8,addItem> 1.46185717341513E-4
<31,nurse3-0,HR3-4,addItem> 1.3625742800082752E-4
<32,nurse9-3,nursingItem9-1,read> 0.001099755103129211
<33,nurse2-3,HR2-9,addItem> 1.4761555217236222E-4
<34,nurse7-0,HR7-3,addItem> 1.1908720842048227E-4
<35,nurse1-2,nursingItem1-8,read> 0.00128849997803353
<36,patient3-9,HR3-9,addNote> 0.0014078028272924473
<37,nurse2-3,HR2-4,addItem> 1.504752218340607E-4
<38,nurse0-3,nursingItem0-2,read> 7.311865300159187E-4
<39,nurse2-3,HR2-5,addItem> 1.4582825863380068E-4
<40,agent5-01,HR5-4,addNote> 8.75396118118973E-4
<41,patient6-3,noteItem6-3,read> 0.004170901656259818
<42,agent8-1,noteItem8-7,read> 0.001019081705255545
<43,patient3-6,noteItem3-6,read> 0.0039638203180251234
<44,patient6-6,noteItem6-6,read> 0.004215276228738681
<45,doctor5-1,HR5-5,addItem> 2.5286379644886425E-4
<46,nurse8-2,nursingItem8-4,read> 0.0010777812363664467
<47,patient5-1,noteItem5-1,read> 0.004252255039137734
<48,nurse4-3,HR4-5,addItem> 1.0139895206672222E-4
<49,nurse2-3,HR2-6,addItem> 1.454707999260884E-4
<50,patient1-6,noteItem1-6,read> 0.0014344696867299189
<51,patient4-2,noteItem4-2,read> 0.004141318607940576
<52,agent8-0,HR8-2,addNote> 6.577434595568032E-4
<53,patient0-2,noteItem0-2,read> 0.0016637383112040455
<54,patient4-4,noteItem4-4,read> 0.0040895482733819015
<55,patient3-1,noteItem3-1,read> 0.0040303821767434175
<56,nurse2-2,HR2-1,addItem> 1.5069045931631397E-4
<57,patient4-1,noteItem4-1,read> 0.004045173700903039
<58,nurse2-2,HR2-2,addItem> 1.5141500524911805E-4
<59,doctor6-0,HR5-8,addItem> 3.470911414758953E-4
<60,nurse2-2,HR2-0,addItem> 1.5032818634991193E-4
<61,nurse4-0,nursingItem4-8,read> 7.325052504615153E-4
<62,agent4-0,noteItem4-6,read> 0.002093692373150741
<63,nurse2-2,HR2-9,addItem> 1.4960364041710785E-4
<64,nurse2-2,HR2-7,addItem> 1.4851682151790176E-4
<65,agent9-0,noteItem9-2agent9-0,read> 0.003993314582982068
<66,nurse1-0,nursingItem1-6,read> 7.633024866280977E-4
<67,nurse8-1,nursingItem8-0,read> 0.0012280759838524853
<68,nurse2-2,HR2-8,addItem> 1.481545485514997E-4
<69,nurse8-2,nursingItem8-3,read> 0.0010827330740933554
<70,agent1-1,noteItem1-8,read> 6.827604757992274E-4
<71,agent0-0,noteItem0-5agent0-0,read> 9.540645390066792E-4
<72,patient5-0,noteItem5-0,read> 0.004281838087456976
<73,nurse2-2,HR2-5,addItem> 1.4779227558509765E-4
<74,patient5-9,HR5-9,addNote> 0.0013497428674943265
<75,nurse2-2,HR2-6,addItem> 1.4743000261869564E-4
<76,nurse2-2,HR2-3,addItem> 1.517772782155201E-4
<77,patient4-0,noteItem4-0,read> 0.004052569462982849
<78,doctor5-1,HR7-9,addItem> 1.7375732129879123E-4
<79,nurse2-2,HR2-4,addItem> 1.5250182414832414E-4
<80,nurse8-0,nursingItem8-2,read> 7.269186634527438E-4
<81,doctor0-0,HR0-2,addItem> 2.699131301552736E-4
<82,patient0-8,noteItem0-8,read> 0.001611967976645372
<83,patient1-3,noteItem1-3,read> 0.0013309290176125711
<84,nurse6-2,nursingItem6-3,read> 2.910794561453861E-4
<85,patient9-5,HR9-5,addNote> 0.0013207128875952665
<86,nurse6-2,nursingItem6-2,read> 1.664669576955116E-4
<87,patient5-7,noteItem5-7,read> 0.004163505894180007
<88,nurse6-2,nursingItem6-1,read> 1.654578122080925E-4
<89,patient0-2,noteItem0-2agent0-1,read> 0.0037043168554573226
<90,agent4-0,HR4-6,addNote> 6.958640274296012E-4
<91,agent6-0,noteItem6-4,read> 0.002254213872799612
<92,nurse6-2,nursingItem6-0,read> 2.85817663315241E-4
<93,doctor1-1,HR1-7,addItem> 5.101998284540273E-4
<94,patient9-4,noteItem9-4agent9-1,read> 0.003424975837255708
<95,nurse6-2,nursingItem6-7,read> 1.3619259307293813E-4
<96,doctor3-0,HRitem3-0-3,read> 3.93380809868276E-4
<97,doctor8-0,HR8-4,addItem> 2.2397003930689263E-4
<98,nurse7-2,HR7-8,addItem> 1.2068993346229507E-4
<99,nurse6-2,nursingItem6-6,read> 1.3821088404777633E-4
<100,nurse6-2,nursingItem6-5,read> 2.2793794218364525E-4
<101,nurse6-2,nursingItem6-4,read> 2.3319973501379033E-4
<102,nurse6-2,nursingItem6-9,read> 1.402291750226146E-4
<103,nurse6-2,nursingItem6-8,read> 1.422474659974528E-4
<104,nurse0-1,nursingItem0-2,read> 0.0012835692924848617
<105,doctor3-1,HRitem2-8-3,read> 2.788240609600397E-4
<106,doctor4-1,HR4-9,addItem> 3.5109543403146365E-4
<107,nurse8-1,HR8-5,addItem> 1.0784008586763818E-4
<108,patient1-8,noteItem1-8,read> 0.0014048866384106767
<109,nurse4-2,nursingItem4-8,read> 0.0012544517867165994
<110,agent0-01,noteItem0-5,read> 8.464443967432394E-4
<111,nurse8-1,HR8-4,addItem> 1.0542538016635692E-4
<112,agent2-0,HR2-4,addNote> 8.904146936572771E-4
<113,patient2-2,HR2-2,addNote> 0.0015166652519139228
<114,doctor5-0,HR4-0,addItem> 2.053276656153565E-4
<115,agent3-01,HR3-2,addNote> 8.985312196189612E-4
<116,nurse1-0,nursingItem1-0,read> 0.0013014951393646936
<117,nurse8-1,HR8-3,addItem> 1.0623028206678402E-4
<118,patient5-4,HR5-4,addNote> 0.0013388566250321793
<119,nurse8-1,HR8-2,addItem> 1.0985234061870592E-4
<120,nurse8-1,HR8-9,addItem> 1.0462047826592981E-4
<121,patient0-6,HR0-6,addNote> 0.001030413088604664
<122,doctor8-0,HRitem8-4-0,read> 3.092294905883773E-4
<123,nurse8-1,HR8-8,addItem> 1.0381557636550272E-4
<124,patient6-8,noteItem6-8,read> 0.004289233849536787
<125,patient5-8,HR5-8,addNote> 0.001357000362469092
<126,nurse2-3,nursingItem2-3,read> 4.87670118963785E-4
<127,nurse9-2,nursingItem9-9,read> 6.520423007157925E-4
<128,patient0-1,noteItem0-1,read> 0.001478844259208782
<129,doctor8-0,HR8-2,addItem> 2.3337485724502204E-4
<130,nurse2-1,HR2-0,addItem> 1.5132704473097447E-4
<131,nurse8-1,HR8-7,addItem> 1.0421802731571628E-4
<132,patient6-4,noteItem6-4,read> 0.004244859277057924
<133,nurse2-1,HR2-1,addItem> 1.5169172482672137E-4
<134,nurse8-1,HR8-6,addItem> 1.0703518396721109E-4
<135,agent3-1,noteItem3-4agent3-1,read> 0.002102045936714546
<136,nurse0-1,nursingItem0-0,read> 0.0013187858263741293
<137,patient7-4,HR7-4,addNote> 0.0012118504629737904
<138,nurse2-1,HR2-2,addItem> 1.5242108501821517E-4
<139,nurse2-1,HR2-3,addItem> 1.527857651139621E-4
<140,nurse9-3,HR9-1,addItem> 1.2636360718636328E-4
<141,doctor2-1,HR7-7,addItem> 4.080691285475587E-4
<142,nurse5-3,nursingItem5-0,read> 7.196125542529733E-4
<143,nurse2-1,HR2-4,addItem> 1.5351512530545588E-4
<144,nurse2-1,HR2-5,addItem> 1.4877428406074615E-4
<145,nurse2-1,HR2-6,addItem> 1.4840960396499928E-4
<146,doctor5-1,HRitem5-8-0,read> 2.3447165044613406E-4
<147,nurse8-1,HR8-1,addItem> 1.1065724251913301E-4
<148,nurse2-1,HR2-7,addItem> 1.4950364425223998E-4
<149,nurse8-1,HR8-0,addItem> 1.0864498776806528E-4
<150,patient3-8,noteItem3-8,read> 0.004104339797541523
<151,patient0-7,HR0-7,addNote> 0.0010703293109658718
<152,patient4-2,HR4-2,addNote> 0.0010521855735289593
<153,doctor3-0,HRitem3-9-1,read> 3.5636710163088016E-4
<154,agent3-0,HR3-2,addNote> 8.702866233244554E-4
<155,patient5-2,noteItem5-2,read> 0.004267046563297355
<156,nurse8-0,nursingItem8-1,read> 7.30248273718575E-4
<157,nurse2-1,HR2-8,addItem> 1.4913896415649308E-4
<158,nurse2-1,HR2-9,addItem> 1.505976845394807E-4
<159,patient1-4,noteItem1-4,read> 0.0013013459692933296
<160,nurse6-3,nursingItem6-0,read> 1.6537513808247996E-4
<161,nurse2-2,nursingItem2-6,read> 8.693885755641889E-4
<162,nurse2-0,HR2-9,addItem> 1.5159172866185348E-4
<163,nurse6-3,nursingItem6-2,read> 1.6740479971069758E-4
<164,nurse6-3,nursingItem6-1,read> 1.663899688965888E-4
<165,patient1-8,noteItem1-8agent1-1,read> 0.0032054936086687255
<166,doctor2-1,HR7-4,addItem> 4.068508602200128E-4
<167,nurse6-3,nursingItem6-4,read> 1.3493021365921595E-4
<168,nurse6-3,nursingItem6-3,read> 1.6841963052480633E-4
<169,nurse6-3,nursingItem6-6,read> 1.3898953691565113E-4
<170,doctor5-1,HRitem5-2-3,read> 3.1947029060786273E-4
<171,patient3-2,noteItem3-2agent3-0,read> 0.002134686372229203
<172,nurse5-2,nursingItem5-7,read> 7.215439673563085E-4
<173,patient5-6,noteItem5-6,read> 0.004207880466658871
<174,doctor2-0,HR1-1,addItem> 3.972400432657745E-4
<175,nurse8-0,HR8-9,addItem> 1.0404086342789141E-4
<176,nurse6-3,nursingItem6-5,read> 1.3188572121688953E-4
<177,nurse6-3,nursingItem6-8,read> 1.4304886017208637E-4
<178,agent7-0,noteItem7-9agent7-0,read> 0.0013808583800748277
<179,patient5-9,noteItem5-9,read> 0.004148714370020386
<180,nurse1-3,HR1-9,addItem> 1.4274296565201368E-4
<181,doctor6-1,HRitem6-8-1,read> 2.5495325048510486E-4
<182,nurse6-3,nursingItem6-7,read> 1.3695987528743357E-4
<183,patient8-0,HR8-0,addNote> 9.796106237813088E-4
<184,nurse6-3,nursingItem6-9,read> 1.4101919854386878E-4
<185,nurse8-0,HR8-2,addItem> 1.0924374039367153E-4
<186,nurse8-0,HR8-1,addItem> 1.1004418300379154E-4
<187,nurse1-0,HR1-7,addItem> 1.486344235276129E-4
<188,agent1-1,noteItem1-8agent1-1,read> 0.002091241238900032
<189,nurse8-0,HR8-4,addItem> 1.0484130603801144E-4
<190,nurse8-0,HR8-3,addItem> 1.0564174864813147E-4
<191,nurse2-3,nursingItem2-9,read> 4.956003859952955E-4
<192,patient0-0,noteItem0-0,read> 0.0015084273075280242
<193,nurse1-1,nursingItem1-9,read> 7.287671898234652E-4
<194,patient9-4,noteItem9-4,read> 0.002603000095339984
<195,nurse7-1,nursingItem7-1,read> 1.560304161651291E-4
<196,nurse3-3,HR3-1,addItem> 1.390445454487827E-4
<197,nurse8-0,HR8-6,addItem> 1.0644219125825146E-4
<198,patient8-2,noteItem8-2agent8-0,read> 0.003471532673622643
<199,patient3-4,noteItem3-4,read> 0.003993403366344366
<200,agent4-01,noteItem4-6,read> 0.001950855191499524
<201,nurse3-3,HR3-0,addItem> 1.397822638285264E-4
<202,nurse0-3,nursingItem0-1,read> 7.502446070486288E-4
<203,nurse2-0,HR2-0,addItem> 1.52325903112037E-4
<204,nurse8-0,HR8-5,addItem> 1.0724263386837147E-4
<205,nurse3-3,HR3-3,addItem> 1.375691086892952E-4
<206,nurse8-0,HR8-8,addItem> 1.032404208177714E-4
<207,doctor3-0,HRitem0-6-0,read> 4.8332309091962883E-4
<208,patient7-8,noteItem7-8,read> 0.0013974908763308663
<209,doctor4-0,HRitem9-5-3,read> 7.270541313833809E-4
<210,patient0-6,noteItem0-6,read> 0.001626759500804993
<211,doctor4-0,HRitem3-4-0,read> 5.67297651079409E-4
<212,nurse3-3,HR3-2,addItem> 1.3830682706903892E-4
<213,nurse2-2,nursingItem2-4,read> 8.658897366585898E-4
<214,nurse8-0,HR8-7,addItem> 1.036406421228314E-4
<215,nurse3-3,HR3-5,addItem> 1.4162655977788575E-4
<216,agent1-0,noteItem1-7,read> 5.924897433824597E-4
<217,doctor2-0,HR1-4,addItem> 3.9445537934647404E-4
<218,nurse2-0,HR2-3,addItem> 1.537942520124041E-4
<219,agent6-1,noteItem6-3,read> 0.002389216314489844
<220,patient2-9,noteItem2-9,read> 0.0014418654488097295
<221,nurse9-2,nursingItem9-2,read> 6.419792724750497E-4
<222,nurse3-3,HR3-4,addItem> 1.4125770058801386E-4
<223,patient7-9,noteItem7-9agent7-0,read> 0.0015627023825782783
<224,agent3-01,noteItem3-2,read> 0.002058349599960787
<225,nurse5-3,nursingItem5-6,read> 0.001259953103946328
<226,nurse1-1,nursingItem1-4,read> 7.529600260483694E-4
<227,patient5-4,noteItem5-4,read> 0.004237463514978112
<228,doctor2-0,HR1-5,addItem> 3.953836006529075E-4
<229,nurse2-0,HR2-4,addItem> 1.545284264625876E-4
<230,doctor0-0,HR1-8,addItem> 2.37808562239835E-4
<231,patient0-0,HR0-0,addNote> 0.0010158980986551339
<232,doctor1-1,HRitem3-7-1,read> 7.055484513424617E-4
<233,doctor7-1,HR1-9,addItem> 4.108459192120249E-4
<234,agent0-1,noteItem0-2agent0-1,read> 0.002470971188406823
<235,nurse7-0,nursingItem7-0,read> 1.556224767227523E-4
<236,agent4-1,noteItem4-4agent4-1,read> 0.0027393578081867927
<237,nurse1-3,nursingItem1-3,read> 7.403968289151118E-4
<238,nurse1-1,nursingItem1-6,read> 0.0012917555259384108
<239,nurse3-3,HR3-7,addItem> 1.4088884139814203E-4
<240,nurse2-0,HR2-1,addItem> 1.5269299033712877E-4
<241,nurse3-3,HR3-6,addItem> 1.4015112301839826E-4
<242,nurse5-2,nursingItem5-0,read> 7.15488700073873E-4
<243,nurse2-0,HR2-2,addItem> 1.534271647873123E-4
<244,nurse9-2,nursingItem9-6,read> 6.480170894194952E-4
<245,doctor6-1,HRitem6-3-1,read> 4.8434717092157745E-4
<246,nurse2-0,HR2-7,addItem> 1.5049046698657818E-4
<247,nurse3-3,HR3-9,addItem> 1.431019965373732E-4
<248,nurse2-0,HR2-8,addItem> 1.5012337976148642E-4
<249,nurse3-3,HR3-8,addItem> 1.4273313734750135E-4
<250,nurse2-0,HR2-5,addItem> 1.4975629253639462E-4
<251,agent5-0,HR5-4,addNote> 8.651174944228598E-4
<252,nurse8-0,HR8-0,addItem> 1.080430764784915E-4
<253,doctor1-0,HR1-3,addItem> 5.333734606490992E-4
<254,nurse4-1,nursingItem4-0,read> 7.006580650060577E-4
<255,nurse2-0,HR2-6,addItem> 1.4938920531130291E-4
<256,nurse5-3,nursingItem5-9,read> 7.236726662252497E-4
<257,patient9-2,HR9-2,addNote> 0.001295311655183589
<258,nurse9-2,nursingItem9-5,read> 6.47010786595421E-4
<259,nurse3-1,HR3-7,addItem> 1.3922643618990434E-4
<260,agent4-1,noteItem4-4,read> 0.002104536065657341
<261,nurse7-2,nursingItem7-0,read> 1.5445017934630968E-4
<262,patient1-0,noteItem1-0,read> 0.0017229044078425299
<263,patient2-0,noteItem2-0agent2-1,read> 4.187344032764281E-4
<264,patient9-9,noteItem9-9,read> 0.0027065407644573315
<265,agent6-11,noteItem6-3agent6-1,read> 0.0012945365669033628
<266,nurse2-3,nursingItem2-6,read> 4.926265358584791E-4
<267,patient1-9,noteItem1-9,read> 0.0015454061179270768
<268,nurse8-3,HR8-2,addItem> 8.794273251746818E-5
<269,nurse8-3,HR8-3,addItem> 8.504307899529248E-5
<270,patient3-0,HR3-0,addNote> 0.0013751440999060043
<271,nurse8-3,HR8-0,addItem> 8.69761813434096E-5
<272,nurse8-3,HR8-1,addItem> 8.858709996684055E-5
<273,agent3-0,noteItem3-2,read> 0.001993647058508188
<274,patient1-9,HR1-9,addNote> 0.0014549765446284198
<275,doctor3-0,HRitem4-7-1,read> 1.6706837918790404E-4
<276,agent7-11,noteItem7-3,read> 4.3219583140176283E-4
<277,patient8-4,noteItem8-4,read> 0.002011339128955141
<278,patient7-7,noteItem7-7,read> 0.0014196781625702975
<279,doctor0-1,HR2-6,addItem> 2.4074989362231203E-4
<280,nurse8-3,HR8-8,addItem> 8.31099766471753E-5
<281,nurse8-3,HR8-9,addItem> 8.37543440965477E-5
<282,nurse0-2,nursingItem0-7,read> 7.304401887547303E-4
<283,agent5-11,HR5-9,addNote> 8.524187460331817E-4
<284,nurse8-3,HR8-6,addItem> 8.568744644466484E-5
<285,nurse8-3,HR8-7,addItem> 8.343216037186151E-5
<286,nurse7-1,nursingItem7-3,read> 2.624974585045572E-4
<287,patient3-2,noteItem3-2,read> 0.0040229864146636065
<288,doctor1-0,HR2-9,addItem> 2.3551246895379957E-4
<289,nurse0-0,nursingItem0-2,read> 7.359191289156981E-4
<290,nurse8-3,HR8-4,addItem> 8.439871154592009E-5
<291,nurse5-1,HR5-2,addItem> 1.34222361676993E-4
<292,nurse8-3,HR8-5,addItem> 8.63318138940372E-5
<293,patient2-0,noteItem2-0,read> 0.0015971764524857508
<294,patient9-9,HR9-9,addNote> 0.0012626529277971461
<295,nurse8-2,HR8-0,addItem> 8.818000392255714E-5
<296,nurse8-2,HR8-1,addItem> 8.981321899752346E-5
<297,agent3-1,noteItem3-4,read> 0.0020233133003517063
<298,nurse7-1,nursingItem7-4,read> 2.6075858491799646E-4
<299,nurse8-2,HR8-2,addItem> 8.915993296753693E-5
<300,patient4-5,HR4-5,addNote> 0.0010267843411172815
<301,doctor4-1,HRitem3-2-3,read> 5.396845078326765E-5
<302,patient9-2,noteItem9-2agent9-0,read> 0.004415971354209055
<303,nurse1-1,nursingItem1-3,read> 0.0013145421898210807
<304,nurse8-2,HR8-7,addItem> 8.458693075763123E-5
<305,nurse4-3,HR4-1,addItem> 1.0462412857186312E-4
<306,patient6-0,noteItem6-0,read> 0.004185693180419439
<307,nurse8-2,HR8-8,addItem> 8.426028774263794E-5
<308,nurse8-2,HR8-9,addItem> 8.491357377262448E-5
<309,patient9-5,noteItem9-5,read> 0.002647374667818847
<310,nurse8-2,HR8-3,addItem> 8.622014583259756E-5
<311,doctor5-1,HRitem0-6-3,read> 5.355511710190043E-4
<312,patient2-7,HR2-7,addNote> 0.0014876352720148628
<313,patient0-4,HR0-4,addNote> 0.0010449280785541943
<314,patient2-8,HR2-8,addNote> 0.0014840065245274802
<315,doctor1-0,HR0-6,addItem> 1.0436659900658173E-4
<316,doctor2-0,HRitem1-5-3,read> 2.861911146803442E-4
<317,nurse8-2,HR8-4,addItem> 8.556685980261101E-5
<318,nurse8-2,HR8-5,addItem> 8.75267178925706E-5
<319,agent3-11,noteItem3-4agent3-1,read> 0.001732348152195642
<320,doctor3-1,HR2-7,addItem> 4.109245461121912E-4
<321,patient2-9,HR2-9,addNote> 0.0014985215144770105
<322,nurse8-2,HR8-6,addItem> 8.687343186258408E-5
<323,patient1-3,HR1-3,addNote> 0.0015384377368382184
<324,doctor6-1,HRitem5-7-0,read> 1.197746902278978E-4
<325,patient1-7,noteItem1-7,read> 0.0014270739246501087
<326,nurse8-1,nursingItem8-6,read> 7.242720303468262E-4
<327,nurse9-2,HR9-9,addItem> 1.2626529277971461E-4
<328,nurse8-2,nursingItem8-5,read> 0.001079431848942083
<329,nurse9-2,HR9-7,addItem> 1.2517666853349986E-4
<330,patient2-2,noteItem2-2,read> 0.0015675934041665084
<331,nurse2-3,nursingItem2-1,read> 4.8568755220590714E-4
<332,nurse0-0,nursingItem0-4,read> 0.0012840996968396196
<333,patient2-4,noteItem2-4agent2-0,read> 6.648205383588028E-4
<334,nurse9-2,HR9-8,addItem> 1.2590241803097637E-4
<335,nurse8-3,nursingItem8-8,read> 0.0010566006258720352
<336,nurse9-2,HR9-5,addItem> 1.3207128875952667E-4
<337,nurse9-2,HR9-6,addItem> 1.2445091903602335E-4
<338,patient3-1,HR3-1,addNote> 0.0013678866049312394
<339,patient4-5,noteItem4-5,read> 0.004067360987142471
<340,doctor1-0,HR1-6,addItem> 5.019214629695454E-4
<341,patient5-5,HR5-5,addNote> 0.0013352278775447966
<342,nurse5-0,nursingItem5-8,read> 7.122288799910699E-4
<343,nurse9-2,HR9-3,addItem> 1.3025691501583538E-4
<344,nurse9-2,HR9-4,addItem> 1.309826645133119E-4
<345,nurse9-2,HR9-1,addItem> 1.2880541602088236E-4
<346,nurse0-3,nursingItem0-0,read> 7.512476637345609E-4
<347,nurse9-2,HR9-2,addItem> 1.295311655183589E-4
<348,nurse9-2,HR9-0,addItem> 1.2807966652340588E-4
<349,doctor2-1,HRitem4-6-3,read> 1.8309256678207745E-4
<350,doctor5-1,HRitem0-0-2,read> 2.3754389045197967E-4
<351,agent8-0,noteItem8-2agent8-0,read> 0.0023748389654268645
<352,agent6-01,HR6-4,addNote> 2.0508250719381127E-4
<353,agent9-11,noteItem9-4agent9-1,read> 0.0010738587193356614
<354,nurse9-1,HR9-6,addItem> 1.2327128947170086E-4
<355,nurse9-1,HR9-7,addItem> 1.2399015982702118E-4
<356,doctor1-0,HRitem1-7-1,read> 6.922354113171307E-4
<357,nurse9-1,HR9-8,addItem> 1.2470903018234152E-4
<358,nurse9-1,HR9-9,addItem> 1.2506846536000166E-4
<359,nurse7-2,nursingItem7-2,read> 2.740759081878138E-4
<360,patient7-2,HR7-2,addNote> 0.0012045929679990255
<361,nurse1-1,HR1-9,addItem> 1.4574808071837186E-4
<362,doctor1-0,HR2-2,addItem> 2.3836399718248042E-4
<363,nurse0-0,nursingItem0-8,read> 0.0012911170345123353
<364,nurse4-2,nursingItem4-0,read> 0.001207341687742832
<365,patient7-1,HR7-1,addNote> 0.0011937067255368779
<366,nurse9-1,HR9-2,addItem> 1.2830338195894317E-4
<367,nurse2-2,nursingItem2-5,read> 4.962473346876109E-4
<368,nurse9-1,HR9-3,addItem> 1.290222523142635E-4
<369,agent1-11,noteItem1-8agent1-1,read> 0.0018578671598555691
<370,nurse9-1,HR9-4,addItem> 1.2974112266958383E-4
<371,nurse9-1,HR9-5,addItem> 1.3081942820256434E-4
<372,nurse9-1,HR9-0,addItem> 1.268656412483025E-4
<373,nurse9-1,HR9-1,addItem> 1.2758451160362283E-4
<374,patient9-2,noteItem9-2,read> 0.002588208571180363
<375,nurse8-1,nursingItem8-8,read> 7.198078175113015E-4
<376,agent5-1,noteItem5-9,read> 0.0021486471049363383
<377,doctor6-0,HRitem5-7-2,read> 1.1772653022400071E-4
<378,doctor4-1,HRitem3-9-1,read> 3.338201496823534E-4
<379,agent4-11,noteItem4-4agent4-1,read> 0.002193016103529483
<380,patient0-1,HR0-1,addNote> 0.0010013831087056038
<381,nurse0-2,nursingItem0-8,read> 7.334298819836734E-4
<382,doctor7-0,HRitem3-1-3,read> 6.727778912801085E-4
<383,nurse4-3,nursingItem4-4,read> 6.936053242631883E-4
<384,patient0-9,HR0-9,addNote> 0.0010558143210163417
<385,nurse9-3,HR9-4,addItem> 1.2849958082585575E-4
<386,nurse9-3,HR9-5,addItem> 1.2956756764560202E-4
<387,nurse9-3,HR9-6,addItem> 1.2209165990737837E-4
<388,nurse9-3,HR9-7,addItem> 1.2280365112054252E-4
<389,doctor3-0,HR4-5,addItem> 2.6712488769889826E-4
<390,patient8-7,noteItem8-7agent8-1,read> 0.0019950158631283957
<391,nurse9-3,HR9-8,addItem> 1.2351564233370666E-4
<392,doctor2-0,HRitem2-5-1,read> 7.024762113366159E-4
<393,nurse9-3,HR9-9,addItem> 1.2387163794028874E-4
<394,patient5-2,HR5-2,addNote> 0.001346114120006944
<395,nurse9-3,HR9-0,addItem> 1.2565161597319913E-4
<396,patient0-5,noteItem0-5agent0-0,read> 0.0014429848033490145
<397,doctor4-1,HRitem3-0-3,read> 3.6849204158135527E-4
<398,patient8-0,noteItem8-0,read> 0.0018930069356781726
<399,patient4-3,noteItem4-3,read> 0.004111735559621333
<400,nurse5-2,HR5-8,addItem> 1.3609223288346095E-4
<401,nurse9-3,HR9-2,addItem> 1.2707559839952745E-4
<402,nurse9-3,HR9-3,addItem> 1.277875896126916E-4
<403,nurse3-2,HR3-7,addItem> 1.383952335857855E-4
<404,nurse3-2,HR3-8,addItem> 1.402068871289615E-4
<405,nurse3-2,HR3-9,addItem> 1.4056921783759668E-4
<406,nurse3-2,HR3-3,addItem> 1.3513425720806872E-4
<407,nurse5-0,nursingItem5-9,read> 0.0012422322997099732
<408,agent4-11,HR4-4,addNote> 6.666644082510243E-4
<409,doctor3-0,HR4-7,addItem> 2.633487149380244E-4
<410,agent4-11,noteItem4-4,read> 0.002014502437180022
<411,doctor5-1,HR5-2,addItem> 2.549254195203531E-4
<412,patient4-9,HR4-9,addNote> 0.0010050118561929864
<413,nurse3-2,HR3-4,addItem> 1.387575642944207E-4
<414,nurse3-2,HR3-5,addItem> 1.3911989500305587E-4
<415,nurse3-2,HR3-6,addItem> 1.376705721685151E-4
<416,nurse3-2,HR3-0,addItem> 1.3730824145987992E-4
<417,nurse3-2,HR3-1,addItem> 1.3658358004260953E-4
<418,nurse3-2,HR3-2,addItem> 1.358589186253391E-4
<419,patient3-4,noteItem3-4agent3-1,read> 0.0031123799359348532
<420,patient3-5,noteItem3-5,read> 0.003978611842184744
<421,patient3-7,noteItem3-7,read> 0.004133922845860765
<422,nurse6-0,nursingItem6-6,read> 2.3865815305156748E-4
<423,patient8-6,HR8-6,addNote> 9.650956338317784E-4
<424,doctor1-1,HR1-6,addItem> 5.114818717880129E-4
<425,nurse6-0,nursingItem6-7,read> 1.3465802864394728E-4
<426,doctor7-1,HR6-7,addItem> 1.5711906312829957E-4
<427,nurse6-0,nursingItem6-8,read> 1.4064467764818574E-4
<428,doctor8-0,HR0-7,addItem> 4.628094341250413E-4
<429,nurse6-0,nursingItem6-9,read> 1.386491279801063E-4
<430,agent0-1,HR0-2,addNote> 6.49845121332449E-4
<431,nurse6-0,nursingItem6-2,read> 2.8744984117163246E-4
<432,nurse6-0,nursingItem6-3,read> 1.6558904849917934E-4
<433,nurse6-0,nursingItem6-4,read> 1.3266247897586778E-4
<434,patient6-9,noteItem6-9,read> 0.004304025373696408
<435,doctor7-1,HR6-2,addItem> 1.7795253006243873E-4
<436,nurse8-1,nursingItem8-4,read> 7.287362431823507E-4
<437,nurse6-0,nursingItem6-5,read> 1.2966915447374855E-4
<438,doctor7-1,HR6-1,addItem> 1.760585785229715E-4
<439,nurse6-0,nursingItem6-0,read> 1.6259572399706014E-4
<440,nurse6-0,nursingItem6-1,read> 2.8570728088163014E-4
<441,patient6-1,noteItem6-1,read> 0.00420048470457906
<442,nurse3-1,HR3-8,addItem> 1.4104897053514144E-4
<443,nurse3-1,HR3-9,addItem> 1.4141347740418886E-4
<444,nurse0-0,HR0-3,addItem> 1.0410179080425887E-4
<445,patient8-9,noteItem8-9,read> 0.0019743603185560883
<446,doctor3-1,HR9-3,addItem> 6.709238264411004E-4
<447,nurse3-1,HR3-6,addItem> 1.3849742245180947E-4
<448,nurse3-1,HR3-4,addItem> 1.3959094305895174E-4
<449,nurse3-1,HR3-5,addItem> 1.3995544992799917E-4
<450,patient6-3,HR6-3,addNote> 3.300648235398359E-4
<451,nurse3-1,HR3-2,addItem> 1.3667488810657237E-4
<452,nurse3-1,HR3-3,addItem> 1.3594587436847755E-4
<453,patient4-7,noteItem4-7,read> 0.004000799128424175
<454,nurse3-1,HR3-0,addItem> 1.3813291558276207E-4
<455,nurse0-2,HR0-7,addItem> 1.0599712853758796E-4
<456,agent2-11,HR2-0,addNote> 0.0010612236322710572
<457,nurse3-1,HR3-1,addItem> 1.3740390184466722E-4
<458,nurse5-1,nursingItem5-0,read> 0.0012393867014449057
<459,nurse6-1,nursingItem6-9,read> 2.4293329715282635E-4
<460,nurse6-1,nursingItem6-7,read> 2.3594031468605832E-4
<461,doctor2-1,HR7-0,addItem> 4.019777869098292E-4
<462,nurse6-1,nursingItem6-8,read> 2.464297883862103E-4
<463,nurse6-1,nursingItem6-5,read> 1.3040801005479553E-4
<464,doctor3-1,HR9-6,addItem> 6.410184579729191E-4
<465,doctor5-0,HR4-4,addItem> 2.0183520354960982E-4
<466,patient0-8,HR0-8,addNote> 0.0010630718159911068
<467,nurse6-1,nursingItem6-6,read> 1.3743223117990155E-4
<468,nurse6-1,nursingItem6-3,read> 1.66532575841055E-4
<469,patient2-4,noteItem2-4,read> 0.0015380103558472664
<470,nurse6-1,nursingItem6-4,read> 1.3341839053698383E-4
<471,doctor4-0,HR9-0,addItem> 4.4453971374435115E-4
<472,nurse6-1,nursingItem6-1,read> 1.645256555195962E-4
<473,nurse6-1,nursingItem6-2,read> 1.655291156803256E-4
<474,nurse6-1,nursingItem6-0,read> 1.6352219535886674E-4
<475,nurse3-0,HR3-1,addItem> 1.3412261463643637E-4
<476,nurse3-0,HR3-2,addItem> 1.334110101816393E-4
<477,agent8-01,HR8-2,addNote> 6.299024665596899E-4
<478,agent0-11,noteItem0-2,read> 8.45243462554779E-4
<479,nurse3-0,HR3-3,addItem> 1.3269940572684227E-4
<480,nurse3-0,HR3-5,addItem> 1.3661323022822605E-4
<481,nurse1-3,nursingItem1-4,read> 7.374350770576814E-4
<482,nurse9-0,HR9-0,addItem> 1.31721742348716E-4
<483,nurse3-0,HR3-6,addItem> 1.3519002131863193E-4
<484,nurse3-0,HR3-7,addItem> 1.3590162577342902E-4
<485,nurse3-0,HR3-8,addItem> 1.3768063691042164E-4
<486,nurse3-2,nursingItem3-6,read> 4.872832838093896E-4
<487,patient6-2,noteItem6-2,read> 0.004156110132100196
<488,nurse9-0,HR9-4,addItem> 1.3470729004449612E-4
<489,agent5-0,noteItem5-4,read> 0.0021214077672262162
<490,nurse9-0,HR9-3,addItem> 1.339609031205511E-4
<491,nurse9-0,HR9-2,addItem> 1.332145161966061E-4
<492,nurse9-0,HR9-1,addItem> 1.3246812927266102E-4
<493,nurse9-0,HR9-8,addItem> 1.294825815768809E-4
<494,nurse9-0,HR9-7,addItem> 1.2873619465293587E-4
<495,doctor3-1,HR2-3,addItem> 4.199457578166564E-4
<496,patient7-5,noteItem7-5,read> 0.0013753035900914343
<497,nurse9-0,HR9-6,addItem> 1.2798980772899085E-4
<498,nurse3-0,HR3-0,addItem> 1.3483421909123343E-4
<499,patient8-7,HR8-7,addNote> 9.396944014201009E-4
<500,nurse0-1,nursingItem0-7,read> 0.0012906125992627152
<501,nurse9-0,HR9-5,addItem> 1.358268704304137E-4
<502,nurse9-3,nursingItem9-2,read> 0.001104951137476957
<503,agent1-01,noteItem1-7,read> 8.448749847194036E-4
<504,patient5-8,noteItem5-8,read> 0.004178297418339628
<505,patient8-1,HR8-1,addNote> 9.977543612182214E-4
<506,patient4-3,HR4-3,addNote> 0.0010412993310668116
<507,nurse9-0,HR9-9,addItem> 1.2985577503885342E-4
<508,nurse3-0,HR3-9,addItem> 1.3803643913782017E-4
<509,doctor9-0,HRitem3-7-0,read> 7.04524371340513E-4
<510,patient4-8,noteItem4-8,read> 0.003986007604264555
<511,agent8-0,noteItem8-2,read> 0.0010234073438464826
<512,nurse7-3,HR7-8,addItem> 1.2710230184359347E-4
<513,doctor7-1,HR1-4,addItem> 4.3543775642143227E-4
<514,nurse7-3,HR7-9,addItem> 1.2672621316843057E-4
<515,nurse7-3,HR7-4,addItem> 1.2559794714294185E-4
<516,patient6-4,noteItem6-4agent6-0,read> 0.0012168515981381839
<517,nurse0-1,nursingItem0-1,read> 7.599565113469931E-4
<518,nurse7-3,HR7-5,addItem> 1.25221858467779E-4
<519,doctor2-0,HRitem2-7-1,read> 6.850668513034908E-4
<520,nurse7-3,HR7-6,addItem> 1.2635012449326767E-4
<521,patient6-3,noteItem6-3agent6-1,read> 0.002680066455384736
<522,nurse2-1,nursingItem2-6,read> 5.025785870879434E-4
<523,agent9-0,noteItem9-2,read> 0.0018441474116541675
<524,doctor9-1,HR9-1,addItem> 1.6963159978283023E-4
<525,nurse7-3,HR7-7,addItem> 1.2597403581810477E-4
<526,nurse2-2,nursingItem2-0,read> 4.932334326971E-4
<527,patient3-6,HR3-6,addNote> 0.001378772847393387
<528,nurse7-3,HR7-0,addItem> 1.2409359244229027E-4
<529,nurse3-3,nursingItem3-8,read> 5.247043214359657E-4
<530,nurse7-3,HR7-2,addItem> 1.248457697926161E-4
<531,nurse4-1,nursingItem4-7,read> 7.290100984668917E-4
<532,doctor4-1,HRitem8-9-2,read> 3.1537397060006856E-4
<533,agent0-1,noteItem0-2,read> 8.304922677457951E-4
<534,nurse7-3,HR7-3,addItem> 1.244696811174532E-4
<535,patient0-3,HR0-3,addNote> 0.0010376705835794292
<536,patient1-7,HR1-7,addNote> 0.0014440903021662726
<537,doctor1-1,HRitem6-0-0,read> 2.580254904909505E-4
<538,doctor7-0,HR7-3,addItem> 4.374788991207749E-4
<539,doctor3-1,HRitem3-1-2,read> 3.375197006422058E-5
<540,patient0-2,HR0-2,addNote> 0.001008640603680369
<541,nurse9-3,nursingItem9-6,read> 6.35732405259884E-4
<542,doctor7-1,HRitem1-4-1,read> 3.309703824198677E-4
<543,agent4-01,noteItem4-6agent4-0,read> 0.0017280885178020875
<544,patient1-4,HR1-4,addNote> 0.0015420664843256008
<545,doctor0-1,HR2-3,addItem> 2.478488973453822E-4
<546,nurse8-3,nursingItem8-1,read> 0.0010778978282282648
<547,agent1-11,noteItem1-8,read> 7.322569708465063E-4
<548,patient4-6,noteItem4-6,read> 0.004015590652583796
<549,patient5-1,HR5-1,addNote> 0.001400545332317682
<550,doctor8-1,HRitem6-6-3,read> 6.345029012072818E-5
<551,doctor4-1,HR3-7,addItem> 3.1764614295918766E-4
<552,doctor0-1,HR2-5,addItem> 2.4134147726590118E-4
<553,doctor0-1,HR2-0,addItem> 2.454825627710254E-4
<554,doctor0-1,HR2-1,addItem> 2.460741464146146E-4
<555,patient4-4,noteItem4-4agent4-1,read> 0.004003610803530481
<556,doctor0-1,HR2-7,addItem> 2.4252464455307957E-4
<557,agent1-01,HR1-7,addNote> 0.0011034767116231998
<558,nurse4-1,nursingItem4-1,read> 7.026832102532601E-4
<559,patient8-9,HR8-9,addNote> 9.433231489074833E-4
<560,nurse8-3,nursingItem8-3,read> 5.860731091739594E-4
<561,patient4-9,noteItem4-9,read> 0.003971216080104934
<562,nurse5-0,nursingItem5-1,read> 7.042482587504348E-4
<563,doctor0-1,HR2-8,addItem> 2.4193306090949034E-4
<564,doctor1-0,HRitem0-5-1,read> 4.2187829080271653E-4
<565,nurse3-2,nursingItem3-9,read> 5.164223134108446E-4
<566,nurse7-0,HR7-9,addItem> 1.2124616070709306E-4
<567,agent8-01,noteItem8-2agent8-0,read> 0.0019020246043156277
<568,nurse5-0,HR5-9,addItem> 1.3380398946547805E-4
<569,nurse5-0,HR5-5,addItem> 1.3236507572192638E-4
<570,nurse5-2,nursingItem5-2,read> 7.144794888601339E-4
<571,agent0-0,HR0-5,addNote> 6.522168156937261E-4
<572,nurse7-0,HR7-0,addItem> 1.1872738303938045E-4
<573,nurse5-0,HR5-6,addItem> 1.359623600808056E-4
<574,nurse5-0,HR5-7,addItem> 1.3524290320902975E-4
<575,nurse5-0,nursingItem5-3,read> 7.022531034402757E-4
<576,nurse5-0,HR5-8,addItem> 1.345234463372539E-4
<577,nurse5-0,HR5-1,addItem> 1.3884018756790898E-4
<578,nurse5-0,HR5-2,addItem> 1.3344426102959015E-4
<579,nurse5-0,HR5-3,addItem> 1.3308453259370222E-4
<580,nurse5-0,HR5-4,addItem> 1.327248041578143E-4
<581,nurse7-3,nursingItem7-1,read> 1.6369920788591045E-4
<582,patient5-3,HR5-3,addNote> 0.0013424853725195619
<583,nurse7-0,HR7-8,addItem> 1.2160598608819483E-4
<584,nurse7-0,HR7-7,addItem> 1.2052650994488943E-4
<585,nurse7-0,HR7-6,addItem> 1.2088633532599125E-4
<586,nurse5-0,HR5-0,addItem> 1.3848045913202105E-4
<587,nurse7-0,HR7-5,addItem> 1.1980685918268586E-4
<588,patient7-3,noteItem7-3,read> 0.0013161374934529504
<589,nurse0-1,nursingItem0-5,read> 7.416677690539786E-4
<590,nurse7-0,HR7-4,addItem> 1.2016668456378764E-4
<591,nurse7-0,HR7-2,addItem> 1.1944703380158406E-4
<592,nurse7-0,HR7-1,addItem> 1.1836755765827866E-4
<593,doctor0-1,HRitem0-9-3,read> 1.4537669027661122E-4
<594,doctor6-0,HR2-2,addItem> 4.139209728851326E-4
<595,doctor6-1,HR6-8,addItem> 5.9823767640808124E-5
<596,nurse1-2,nursingItem1-6,read> 7.3266827311794E-4
<597,doctor6-1,HR6-9,addItem> 6.686530968778898E-5
<598,nurse0-0,nursingItem0-3,read> 7.349095799534818E-4
<599,doctor6-0,HR2-9,addItem> 4.089692714848519E-4
<600,agent6-11,noteItem6-3,read> 0.0018117622203533254
<601,doctor6-0,HR2-4,addItem> 4.1689199372530107E-4
<602,patient2-3,HR2-3,addNote> 0.0015202939994013059
<603,nurse4-2,HR4-4,addItem> 1.0420237617048692E-4
<604,nurse8-1,nursingItem8-9,read> 7.209238707201826E-4
<605,nurse4-2,HR4-3,addItem> 1.0348114847673302E-4
<606,nurse4-2,HR4-6,addItem> 1.0275992078297909E-4
<607,nurse9-0,nursingItem9-6,read> 0.0011460549165714777
<608,doctor7-0,HRitem7-1-2,read> 1.2899141024543461E-4
<609,nurse4-2,HR4-5,addItem> 1.0203869308922519E-4
<610,nurse4-2,HR4-8,addItem> 1.0131746539547129E-4
<611,nurse4-2,HR4-7,addItem> 1.0059623770171737E-4
<612,nurse7-1,HR7-1,addItem> 1.1792172881587459E-4
<613,nurse3-2,nursingItem3-0,read> 4.892928720577658E-4
<614,nurse7-1,HR7-0,addItem> 1.182801989224713E-4
<615,nurse4-2,HR4-9,addItem> 9.987501000796348E-5
<616,agent7-0,HR7-9,addNote> 0.00109516771845148
<617,agent9-01,noteItem9-2,read> 7.627250459851218E-4
<618,nurse7-1,HR7-3,addItem> 1.1863866902906802E-4
<619,patient3-5,HR3-5,addNote> 0.001393287837342917
<620,nurse5-2,HR5-4,addItem> 1.3427261528501912E-4
<621,patient1-2,HR1-2,addNote> 0.0015348089893508358
<622,patient5-0,HR5-0,addNote> 0.0013969165848302994
<623,nurse7-1,HR7-2,addItem> 1.1899713913566474E-4
<624,doctor6-1,HR6-6,addItem> 6.264038445960046E-5
<625,nurse7-1,HR7-5,addItem> 1.1935560924226143E-4
<626,doctor7-0,HR7-2,addItem> 4.388007540343967E-4
<627,doctor6-1,HR6-5,addItem> 6.12320760502043E-5
<628,nurse7-1,HR7-4,addItem> 1.1971407934885813E-4
<629,patient2-5,noteItem2-5,read> 0.0015232188316876456
<630,agent9-11,HR9-4,addNote> 4.7668203673159316E-4
<631,doctor6-1,HR6-4,addItem> 6.475284707369472E-5
<632,agent6-0,noteItem6-4agent6-0,read> 8.548311750759313E-4
<633,nurse7-1,HR7-7,addItem> 1.2007254945545483E-4
<634,patient2-4,HR2-4,addNote> 0.0015275514943760707
<635,nurse4-2,HR4-0,addItem> 1.0600544540487172E-4
<636,nurse5-3,nursingItem5-2,read> 7.185975262599041E-4
<637,doctor6-1,HR6-3,addItem> 6.404869286899664E-5
<638,nurse7-1,HR7-6,addItem> 1.2043101956205155E-4
<639,nurse0-2,nursingItem0-4,read> 7.294436243450827E-4
<640,nurse7-1,HR7-9,addItem> 1.2078948966864825E-4
<641,nurse4-2,HR4-2,addItem> 1.0456299001736388E-4
<642,nurse9-1,nursingItem9-4,read> 0.0011005869498765418
<643,nurse7-1,HR7-8,addItem> 1.2114795977524494E-4
<644,patient9-3,noteItem9-3,read> 0.0026177916194996048
<645,nurse4-2,HR4-1,addItem> 1.0528421771111779E-4
<646,doctor6-1,HR6-0,addItem> 5.419053400322346E-5
<647,doctor3-0,HRitem4-2-3,read> 2.199720443963376E-4
<648,doctor6-0,HR6-8,addItem> 6.004330440279274E-5
<649,doctor6-0,HR6-9,addItem> 6.711068697104692E-5
<650,doctor5-1,HR7-5,addItem> 1.7169466483227906E-4
<651,nurse4-3,HR4-7,addItem> 9.996554028665956E-5
<652,agent7-1,noteItem7-3,read> 8.934324894194545E-4
<653,patient8-5,noteItem8-5,read> 0.002026130653114762
<654,nurse4-3,HR4-6,addItem> 1.0211565795675351E-4
<655,nurse4-3,nursingItem4-0,read> 6.876427449130659E-4
<656,nurse3-0,nursingItem3-5,read> 4.7949009454738707E-4
<657,nurse4-3,HR4-4,addItem> 1.0354906973681616E-4
<658,nurse7-2,HR7-2,addItem> 1.185472444697454E-4
<659,nurse7-2,HR7-1,addItem> 1.1747589997347054E-4
<660,doctor4-1,HR8-5,addItem> 2.216157314341609E-4
<661,doctor9-0,HRitem3-0-0,read> 7.5572837143794E-4
<662,nurse7-2,HR7-0,addItem> 1.1783301480556214E-4
<663,nurse4-1,nursingItem4-9,read> 7.269849532196893E-4
<664,nurse4-3,HR4-9,addItem> 9.924883439662827E-5
<665,nurse4-3,HR4-8,addItem> 1.0068224617669089E-4
<666,doctor5-1,HR5-4,addItem> 2.5355100413936054E-4
<667,nurse1-0,nursingItem1-2,read> 7.715884637543823E-4
<668,nurse7-2,HR7-6,addItem> 1.1997570379811183E-4
<669,doctor6-0,HR6-4,addItem> 6.499047220057065E-5
<670,nurse7-2,HR7-5,addItem> 1.18904359301837E-4
<671,doctor6-0,HR6-3,addItem> 6.428373394374525E-5
<672,nurse7-2,HR7-4,addItem> 1.1926147413392859E-4
<673,doctor6-0,HR6-6,addItem> 6.287025743009441E-5
<674,patient8-7,noteItem8-7,read> 0.0019447772702368457
<675,nurse7-2,HR7-3,addItem> 1.1819012963765377E-4
<676,doctor6-0,HR6-5,addItem> 6.145678091644359E-5
<677,nurse4-3,HR4-3,addItem> 1.0283236384678485E-4
<678,nurse5-3,nursingItem5-8,read> 7.24687694218319E-4
<679,nurse0-2,nursingItem0-3,read> 0.0012676301459199131
<680,nurse1-0,nursingItem1-8,read> 7.674454751912399E-4
<681,nurse6-3,HR6-6,addItem> 3.255429838918935E-5
<682,doctor6-0,HR6-0,addItem> 5.438939834818941E-5
<683,patient3-8,HR3-8,addNote> 0.0014041740798050647
<684,nurse7-2,HR7-9,addItem> 1.2033281863020346E-4
<685,nurse4-3,HR4-2,addItem> 1.0390742268183183E-4
<686,nurse7-2,HR7-7,addItem> 1.1961858896602022E-4
<687,nurse4-3,HR4-0,addItem> 1.0534083446189444E-4
<688,nurse6-0,HR6-6,addItem> 3.200716732382482E-5
<689,nurse5-3,HR5-1,addItem> 1.4126887889562748E-4
<690,nurse4-0,HR4-0,addItem> 1.0799927823380346E-4
<691,nurse6-0,HR6-5,addItem> 3.128756824581846E-5
<692,nurse5-3,HR5-0,addItem> 1.409028578340389E-4
<693,nurse5-3,HR5-3,addItem> 1.3541254191021013E-4
<694,nurse6-0,HR6-8,addItem> 3.056796916781209E-5
<695,nurse5-3,HR5-2,addItem> 1.3577856297179868E-4
<696,nurse6-0,HR6-7,addItem> 2.984837008980573E-5
<697,nurse1-2,HR1-5,addItem> 1.5270723976947546E-4
<698,nurse6-0,HR6-2,addItem> 3.380616501884074E-5
<699,nurse6-0,HR6-1,addItem> 3.3446365479837554E-5
<700,nurse6-0,HR6-4,addItem> 3.308656594083437E-5
<701,agent6-1,noteItem6-3agent6-1,read> 0.0020072553691531277
<702,nurse2-2,nursingItem2-3,read> 4.94238066693937E-4
<703,nurse6-0,HR6-3,addItem> 3.272676640183119E-5
<704,nurse5-3,HR5-9,addItem> 1.3614458403338726E-4
<705,nurse4-0,HR4-7,addItem> 1.0248832994689073E-4
<706,nurse5-3,HR5-8,addItem> 1.3687662615656447E-4
<707,nurse4-0,HR4-8,addItem> 1.0322312305181244E-4
<708,nurse6-0,HR6-0,addItem> 2.7689572855786633E-5
<709,doctor9-0,HRitem3-8-0,read> 6.133812511670933E-4
<710,nurse4-0,HR4-5,addItem> 1.0395791615673412E-4
<711,agent0-01,noteItem0-5agent0-0,read> 8.236658519607639E-4
<712,nurse5-2,nursingItem5-4,read> 7.114518552189162E-4
<713,nurse4-0,HR4-6,addItem> 1.046927092616558E-4
<714,nurse9-3,nursingItem9-5,read> 0.0011136111947232007
<715,nurse5-3,HR5-5,addItem> 1.3468049978703297E-4
<716,nurse4-0,HR4-3,addItem> 1.0542750236657751E-4
<717,nurse8-2,nursingItem8-8,read> 5.842207493928292E-4
<718,nurse5-1,nursingItem5-1,read> 0.00123414216177379
<719,patient2-3,noteItem2-3,read> 0.0015601976420866982
<720,doctor5-1,HR5-0,addItem> 2.645463271873012E-4
<721,nurse5-3,HR5-4,addItem> 1.3504652084862155E-4
<722,nurse0-2,nursingItem0-0,read> 7.463852193090944E-4
<723,nurse0-3,nursingItem0-9,read> 0.0012845911475366709
<724,nurse9-3,nursingItem9-7,read> 6.327707272800256E-4
<725,nurse4-0,HR4-4,addItem> 1.0616229547149921E-4
<726,patient8-8,noteItem8-8,read> 0.001959568794396467
<727,nurse8-2,nursingItem8-6,read> 5.878440578715238E-4
<728,nurse5-3,HR5-7,addItem> 1.3760866827974163E-4
<729,patient8-4,HR8-4,addNote> 9.505806438822483E-4
<730,patient2-6,HR2-6,addNote> 0.0014767490295527154
<731,nurse5-0,nursingItem5-7,read> 7.132264576461493E-4
<732,nurse4-0,HR4-1,addItem> 1.0726448512888175E-4
<733,nurse9-0,nursingItem9-0,read> 6.902472312748115E-4
<734,doctor0-0,HR9-9,addItem> 2.793283168351981E-4
<735,nurse5-3,HR5-6,addItem> 1.383407104029188E-4
<736,nurse4-0,HR4-2,addItem> 1.0652969202396008E-4
<737,nurse4-0,HR4-9,addItem> 1.0175353684196906E-4
<738,nurse9-0,nursingItem9-5,read> 6.654091975886558E-4
<739,patient1-6,HR1-6,addNote> 0.0014477190496536552
<740,nurse6-0,HR6-9,addItem> 3.4165964557843925E-5
<741,agent3-11,HR3-4,addNote> 8.977929119987728E-4
<742,nurse6-1,HR6-9,addItem> 3.4360642418572375E-5
<743,nurse6-1,HR6-8,addItem> 3.074214563030675E-5
<744,doctor3-0,HR0-6,addItem> 1.8852252328490471E-4
<745,nurse4-1,HR4-0,addItem> 1.073346672908262E-4
<746,nurse6-1,HR6-7,addItem> 3.0018446272653624E-5
<747,doctor7-0,HR7-7,addItem> 4.4276631877526235E-4
<748,nurse0-2,HR0-8,addItem> 1.0527840242234508E-4
<749,doctor3-0,HR0-9,addItem> 1.9316988702839172E-4
<750,nurse4-1,HR4-1,addItem> 1.0660439598962709E-4
<751,nurse6-1,HR6-6,addItem> 3.2189544345613E-5
<752,doctor3-0,HR0-8,addItem> 1.9449770524081664E-4
<753,doctor7-1,HRitem6-1-3,read> 4.915157309352172E-4
<754,patient5-5,noteItem5-5,read> 0.00419308894249925
<755,patient4-6,noteItem4-6agent4-0,read> 0.0031988426320448773
<756,nurse6-1,HR6-5,addItem> 3.1465844987959877E-5
<757,nurse6-1,HR6-4,addItem> 3.327509338209268E-5
<758,nurse6-1,HR6-3,addItem> 3.2913243703266126E-5
<759,doctor3-0,HR0-5,addItem> 1.871947050724799E-4
<760,nurse6-1,HR6-2,addItem> 3.399879273974581E-5
<761,nurse0-3,nursingItem0-3,read> 7.301834733299868E-4
<762,nurse8-0,nursingItem8-0,read> 7.324680138957955E-4
<763,nurse4-1,HR4-6,addItem> 1.0404844643543024E-4
<764,nurse6-1,HR6-1,addItem> 3.3636943060919254E-5
<765,nurse6-1,HR6-0,addItem> 2.7847348199694246E-5
<766,nurse4-1,HR4-7,addItem> 1.0185763253183293E-4
<767,nurse4-1,HR4-8,addItem> 1.0258790383303204E-4
<768,doctor1-1,HR3-0,addItem> 1.8980029437891838E-4
<769,nurse4-1,HR4-9,addItem> 1.0112736123063385E-4
<770,agent1-0,noteItem1-7agent1-0,read> 5.683271940336554E-4
<771,doctor3-0,HR0-0,addItem> 1.8586688686005498E-4
<772,nurse4-1,HR4-2,addItem> 1.0587412468842802E-4
<773,doctor1-1,HR3-2,addItem> 1.877969047955895E-4
<774,nurse4-1,HR4-3,addItem> 1.0477871773662934E-4
<775,agent1-11,HR1-8,addNote> 9.885807761939522E-4
<776,nurse4-1,HR4-4,addItem> 1.0550898903782845E-4
<777,nurse4-1,HR4-5,addItem> 1.0331817513423114E-4
<778,patient6-1,HR6-1,addNote> 3.3732231851460096E-4
<779,doctor1-1,HR3-7,addItem> 1.9130283656641506E-4
<780,doctor1-1,HR3-6,addItem> 1.903011417747506E-4
<781,doctor1-1,HR3-9,addItem> 1.9430792094140835E-4
<782,doctor1-1,HR3-8,addItem> 1.9380707354557615E-4
<783,doctor0-0,HRitem9-1-1,read> 7.434394114145576E-4
<784,agent7-11,HR7-3,addNote> 5.090169228431435E-4
<785,nurse6-2,HR6-4,addItem> 3.3463620823351E-5
<786,patient2-6,noteItem2-6,read> 0.0015010315454482136
<787,nurse0-2,nursingItem0-6,read> 7.314367531643781E-4
<788,nurse6-2,HR6-3,addItem> 3.309972100470106E-5
<789,nurse6-2,HR6-6,addItem> 3.237192136740117E-5
<790,nurse6-2,HR6-5,addItem> 3.164412173010129E-5
<791,nurse6-2,HR6-8,addItem> 3.0916322092801405E-5
<792,nurse6-2,HR6-7,addItem> 3.018852245550152E-5
<793,patient7-6,noteItem7-6,read> 0.0013457205417721923
<794,nurse5-1,HR5-1,addItem> 1.3964975134381514E-4
<795,nurse6-2,HR6-9,addItem> 3.455532027930083E-5
<796,nurse5-1,HR5-0,addItem> 1.3928792536602698E-4
<797,agent4-01,HR4-6,addNote> 6.483903594900593E-4
<798,nurse5-1,HR5-3,addItem> 1.3386053569920485E-4
<799,nurse5-1,HR5-5,addItem> 1.3313688374362858E-4
<800,nurse5-1,HR5-4,addItem> 1.3349870972141674E-4
<801,nurse5-1,HR5-7,addItem> 1.360314915659337E-4
<802,nurse6-2,HR6-0,addItem> 2.8005123543601863E-5
<803,nurse5-1,HR5-6,addItem> 1.3675514352150999E-4
<804,patient3-9,noteItem3-9,read> 0.004082152511302091
<805,nurse8-3,nursingItem8-9,read> 0.0010582388722071298
<806,nurse5-1,HR5-9,addItem> 1.3458418765478113E-4
<807,nurse4-3,nursingItem4-9,read> 7.13480588763596E-4
<808,nurse7-2,nursingItem7-1,read> 2.7234079296847656E-4
<809,patient9-6,noteItem9-6,read> 0.002632583143659226
<810,patient6-5,noteItem6-5,read> 0.004259650801217544
<811,nurse6-2,HR6-2,addItem> 3.419142046065089E-5
<812,nurse1-2,HR1-8,addItem> 1.4517868172938782E-4
<813,nurse2-2,nursingItem2-9,read> 8.746368339225876E-4
<814,agent1-01,noteItem1-7agent1-0,read> 6.522194062560715E-4
<815,nurse3-2,nursingItem3-5,read> 4.882880779335777E-4
<816,nurse5-1,HR5-8,addItem> 1.3530783961035743E-4
<817,nurse6-2,HR6-1,addItem> 3.382752064200094E-5
<818,doctor1-0,HRitem2-4-2,read> 4.136856507871283E-4
<819,nurse5-1,nursingItem5-2,read> 0.0012376385215545338
<820,patient0-9,noteItem0-9,read> 0.0016193637387251823
<821,nurse6-3,HR6-7,addItem> 3.0358598638349415E-5
<822,nurse6-3,HR6-5,addItem> 3.182239847224271E-5
<823,nurse1-3,nursingItem1-9,read> 7.13741062198239E-4
<824,nurse6-3,HR6-4,addItem> 3.365214826460932E-5
<825,nurse5-2,HR5-2,addItem> 1.3500046232439584E-4
<826,nurse5-2,HR5-1,addItem> 1.4045931511972128E-4
<827,nurse6-3,HR6-9,addItem> 3.474999814002929E-5
<828,nurse5-2,HR5-0,addItem> 1.4009539160003294E-4
<829,nurse6-3,HR6-8,addItem> 3.109049855529606E-5
<830,nurse5-2,HR5-6,addItem> 1.375479269622144E-4
<831,doctor1-1,HR6-4,addItem> 3.8138832863589E-5
<832,doctor3-1,HR9-7,addItem> 6.447566290314418E-4
<833,patient9-3,HR9-3,addNote> 0.0013025691501583536
<834,nurse5-2,HR5-5,addItem> 1.3390869176533075E-4
<835,nurse5-2,HR5-3,addItem> 1.346365388047075E-4
<836,nurse6-3,HR6-3,addItem> 3.3286198306136E-5
<837,nurse5-2,HR5-9,addItem> 1.3536438584408418E-4
<838,nurse6-3,HR6-2,addItem> 3.438404818155596E-5
<839,nurse6-3,HR6-1,addItem> 3.401809822308264E-5
<840,agent5-1,noteItem5-9agent5-1,read> 3.612423049203445E-4
<841,nurse5-2,HR5-7,addItem> 1.3682007992283767E-4
<842,nurse6-3,HR6-0,addItem> 2.816289888750948E-5
<843,nurse9-2,nursingItem9-1,read> 6.389603640028268E-4
<844,doctor3-1,HR9-2,addItem> 6.671856553825777E-4
<845,agent4-0,noteItem4-6agent4-0,read> 0.0022128260016788404
<846,agent9-0,HR9-2,addNote> 0.001191224111463479
<847,doctor2-1,HR4-3,addItem> 2.5757025256368485E-4
<848,doctor2-1,HR4-2,addItem> 2.6026301547708484E-4
<849,agent3-0,noteItem3-2agent3-0,read> 0.001415380854415174
<850,doctor2-1,HR4-5,addItem> 2.5397990201248493E-4
<851,doctor9-1,HR9-5,addItem> 1.7393262402899665E-4
<852,doctor2-1,HR4-4,addItem> 2.593654278392848E-4
<853,doctor4-0,HR9-4,addItem> 4.546154574627924E-4
<854,doctor2-1,HR4-0,addItem> 2.638533660282847E-4
<855,agent8-11,noteItem8-7agent8-1,read> 0.0010719444350393015
<856,doctor2-0,HR2-5,addItem> 3.860031342620794E-4
<857,doctor4-1,HR8-9,addItem> 2.1499930779314723E-4
<858,doctor2-1,HR4-6,addItem> 2.5577507728808486E-4
<859,doctor2-1,HR4-7,addItem> 2.5038955146128506E-4
<860,patient0-7,noteItem0-7,read> 0.0016341552628848035
<861,patient1-1,noteItem1-1,read> 0.0013900951142510555
<862,doctor9-1,HRitem9-5-0,read> 7.393430914067633E-4
<863,doctor2-0,HRitem1-9-2,read> 3.3243275180536624E-4
<864,agent5-0,noteItem5-4agent5-0,read> 2.3107621878805203E-4
<865,patient0-4,noteItem0-4,read> 0.001641551024964614
<866,agent8-1,noteItem8-7agent8-1,read> 0.0013858779357259416
<867,agent8-11,noteItem8-7,read> 9.397195901559984E-4
<868,agent9-1,HR9-4,addNote> 0.0012260926019414613
<869,patient7-7,HR7-7,addNote> 0.0012154792104611732
<870,agent5-11,noteItem5-9agent5-1,read> 2.8573274614232194E-4
<871,patient0-5,noteItem0-5,read> 0.0016489467870444245
<872,agent7-01,noteItem7-9agent7-0,read> 5.443618378367167E-4
<873,nurse1-2,nursingItem1-5,read> 0.0012850220497342773
<874,agent5-11,noteItem5-9,read> 0.002029984148450702
<875,doctor7-0,HRitem7-3-3,read> 8.598005016359601E-5
<876,nurse4-1,nursingItem4-8,read> 7.279975258432905E-4
<877,nurse4-1,nursingItem4-3,read> 7.117963638656711E-4
<878,nurse4-1,nursingItem4-4,read> 7.06733500747665E-4
<879,nurse4-1,nursingItem4-5,read> 7.087586459948675E-4
<880,nurse5-3,nursingItem5-1,read> 7.16567470273766E-4
<881,nurse4-1,nursingItem4-6,read> 7.30022671090493E-4
<882,patient8-1,noteItem8-1,read> 0.001900402697757983
<883,nurse4-1,nursingItem4-2,read> 7.107837912420699E-4
<884,patient7-3,noteItem7-3agent7-1,read> 0.0034981365801180354
<885,agent0-0,noteItem0-5,read> 8.143931459199154E-4
<886,agent5-01,noteItem5-4,read> 0.0021466126119853396
<887,doctor3-0,HRitem4-6-3,read> 1.9256870702218497E-4
<888,nurse4-0,nursingItem4-9,read> 0.001266211332692183
<889,nurse4-0,nursingItem4-6,read> 7.345429353077716E-4
<890,nurse4-0,nursingItem4-7,read> 7.335240928846434E-4
<891,nurse4-0,nursingItem4-4,read> 0.0012309387751103682
<892,patient7-6,HR7-6,addNote> 0.0012191079579485556
<893,nurse4-0,nursingItem4-5,read> 7.131472444220803E-4
<894,agent2-0,noteItem2-4agent2-0,read> 4.083160980679528E-4
<895,nurse4-0,nursingItem4-2,read> 7.151849292683364E-4
<896,nurse4-0,nursingItem4-3,read> 7.162037716914646E-4
<897,nurse4-0,nursingItem4-0,read> 7.04996505037055E-4
<898,nurse2-2,nursingItem2-7,read> 4.982566026812849E-4
<899,nurse4-0,nursingItem4-1,read> 0.0012238842635940053
<900,nurse5-0,nursingItem5-6,read> 7.142240353012288E-4
<901,agent8-11,HR8-7,addNote> 5.86054344458411E-4
<902,doctor4-1,HRitem4-8-1,read> 4.003726107617972E-4
<903,doctor2-0,HRitem1-4-1,read> 2.9982022878035074E-4
<904,patient5-6,HR5-6,addNote> 0.0013715153524186219
<905,doctor0-1,HRitem0-6-2,read> 5.324789310131587E-4
<906,patient6-4,HR6-4,addNote> 3.3369357102721843E-4
<907,nurse4-3,nursingItem4-5,read> 6.95592850713229E-4
<908,nurse4-3,nursingItem4-6,read> 7.164618784386572E-4
<909,patient7-9,HR7-9,addNote> 0.001222736705435938
<910,nurse4-3,nursingItem4-8,read> 7.144743519886164E-4
<911,doctor2-0,HR1-2,addItem> 3.9259893673360694E-4
<912,nurse4-3,nursingItem4-1,read> 6.896302713631067E-4
<913,nurse4-3,nursingItem4-2,read> 6.975803771632697E-4
<914,nurse4-3,nursingItem4-3,read> 6.985741403882902E-4
<915,doctor2-0,HR1-8,addItem> 3.7589095321780377E-4
<916,patient6-5,HR6-5,addNote> 3.155498335903058E-4
<917,doctor2-0,HR1-9,addItem> 3.7217806799206963E-4
<918,nurse2-3,nursingItem2-0,read> 4.8667883558484615E-4
<919,agent7-1,noteItem7-3agent7-1,read> 0.0030322782861424103
<920,nurse9-3,nursingItem9-0,read> 6.584386031054653E-4
<921,nurse9-3,nursingItem9-4,read> 6.238856933404504E-4
<922,nurse9-3,nursingItem9-3,read> 6.20924015360592E-4
<923,nurse9-3,nursingItem9-8,read> 6.337579532733118E-4
<924,nurse5-3,nursingItem5-7,read> 7.257027222113881E-4
<925,nurse9-3,nursingItem9-9,read> 6.396813092330287E-4
<926,nurse4-2,nursingItem4-6,read> 0.0012579414236776193
<927,patient7-8,HR7-8,addNote> 0.0012263654529233207
<928,nurse4-2,nursingItem4-7,read> 0.0012561966051971092
<929,agent0-01,HR0-5,addNote> 6.778854560251428E-4
<930,nurse4-2,nursingItem4-4,read> 6.979813830913472E-4
<931,nurse4-2,nursingItem4-5,read> 0.0012213002355869113
<932,doctor2-0,HR2-8,addItem> 3.8694931700360624E-4
<933,nurse4-2,nursingItem4-9,read> 7.179820435822937E-4
<934,nurse1-1,nursingItem1-5,read> 7.448957473067347E-4
<935,nurse4-2,nursingItem4-2,read> 0.0012247898725479308
<936,nurse4-2,nursingItem4-3,read> 0.001226534691028441
<937,nurse4-2,nursingItem4-1,read> 6.939812509931579E-4
<938,patient7-2,noteItem7-2,read> 0.001574989166246319
<939,nurse3-0,nursingItem3-2,read> 8.448877437808992E-4
<940,nurse3-0,nursingItem3-3,read> 4.775167150962789E-4
<941,nurse3-0,nursingItem3-4,read> 4.765300253707249E-4
<942,patient6-6,HR6-6,addNote> 3.2280732856507086E-4
<943,nurse3-0,nursingItem3-6,read> 8.396933182363492E-4
<944,nurse3-0,nursingItem3-7,read> 5.041573376862393E-4
<945,nurse3-0,nursingItem3-8,read> 5.061307171373474E-4
<946,agent4-1,HR4-4,addNote> 6.964594656030254E-4
<947,nurse3-0,nursingItem3-9,read> 5.071174068629015E-4
<948,nurse3-0,nursingItem3-0,read> 4.804767842729412E-4
<949,nurse3-0,nursingItem3-1,read> 8.466192189624159E-4
<950,patient4-1,HR4-1,addNote> 0.0010594430685037244
<951,patient7-3,HR7-3,addNote> 0.0012009642205116431
<952,nurse3-1,nursingItem3-2,read> 4.932423969097734E-4
<953,doctor4-0,HRitem9-8-3,read> 5.201899709897762E-4
<954,nurse7-1,nursingItem7-2,read> 1.5702450429572719E-4
<955,nurse9-1,nursingItem9-7,read> 6.388844541136491E-4
<956,nurse3-1,nursingItem3-1,read> 4.942532258335061E-4
<957,nurse9-1,nursingItem9-8,read> 0.0011180024485229695
<958,nurse3-1,nursingItem3-0,read> 4.922315679860407E-4
<959,nurse9-1,nursingItem9-3,read> 6.269232812094866E-4
<960,nurse9-1,nursingItem9-5,read> 6.408779829310095E-4
<961,nurse9-1,nursingItem9-6,read> 6.418747473396897E-4
<962,nurse9-1,nursingItem9-0,read> 0.0011615411951390391
<963,nurse3-1,nursingItem3-9,read> 9.023126405642564E-4
<964,nurse3-1,nursingItem3-8,read> 5.185131200030928E-4
<965,nurse9-1,nursingItem9-1,read> 6.329038676615678E-4
<966,nurse3-1,nursingItem3-7,read> 5.164914621556274E-4
<967,patient9-7,noteItem9-7,read> 0.0026843534782178993
<968,nurse9-1,nursingItem9-2,read> 6.358941608876085E-4
<969,nurse3-1,nursingItem3-6,read> 4.902099101385751E-4
<970,nurse3-1,nursingItem3-5,read> 4.912207390623079E-4
<971,doctor4-0,HR9-8,addItem> 4.369829059555203E-4
<972,patient6-7,HR6-7,addNote> 3.010348436407757E-4
<973,doctor2-1,HRitem7-0-0,read> 3.98964500759118E-5
<974,nurse3-1,nursingItem3-4,read> 8.478885947937006E-4
<975,nurse3-1,nursingItem3-3,read> 8.496442091733959E-4
<976,doctor1-0,HR0-0,addItem> 1.0289643121426598E-4
<977,doctor1-0,HR0-5,addItem> 1.0363151511042385E-4
<978,nurse3-2,nursingItem3-1,read> 4.913024603061419E-4
<979,doctor1-0,HR0-9,addItem> 1.069393926431343E-4
<980,doctor1-0,HR0-8,addItem> 1.0767447653929217E-4
<981,nurse3-2,nursingItem3-3,read> 4.862784896852015E-4
<982,nurse9-2,nursingItem9-8,read> 6.460044837713468E-4
<983,nurse8-0,nursingItem8-8,read> 7.158199625666405E-4
<984,patient7-4,noteItem7-4,read> 0.0012939502072135188
<985,nurse3-2,nursingItem3-8,read> 8.974614254681248E-4
<986,nurse3-2,nursingItem3-2,read> 4.902976661819539E-4
<987,nurse9-2,nursingItem9-7,read> 6.449981809472725E-4
<988,nurse9-2,nursingItem9-4,read> 6.35941455530604E-4
<989,nurse9-2,nursingItem9-0,read> 6.711620543732036E-4
<990,nurse3-2,nursingItem3-4,read> 4.852736955610134E-4
<991,nurse3-2,nursingItem3-7,read> 5.134079310382803E-4
<992,patient6-8,HR6-8,addNote> 3.082923386155407E-4
<993,patient7-5,HR7-5,addNote> 0.0012082217154864082
<994,patient8-6,noteItem8-6,read> 0.001929985746077225
<995,patient9-8,HR9-8,addNote> 0.0012590241803097635
<996,doctor3-1,HRitem9-3-1,read> 7.157892513619471E-4
<997,nurse3-3,nursingItem3-0,read> 8.60788444169032E-4
<998,nurse9-0,nursingItem9-9,read> 0.001153173730676354
<999,nurse3-3,nursingItem3-4,read> 4.940173657513019E-4
<1000,nurse3-3,nursingItem3-3,read> 4.95040264274124E-4
<1001,nurse3-3,nursingItem3-2,read> 4.991318583654125E-4
<1002,nurse3-3,nursingItem3-1,read> 5.001547568882346E-4
<1003,doctor8-0,HR0-2,addItem> 4.361352924209847E-4
<1004,agent2-11,noteItem2-0,read> 8.721189692027043E-4
<1005,nurse3-3,nursingItem3-7,read> 9.032128596598646E-4
<1006,patient6-9,HR6-9,addNote> 3.4457981348936606E-4
<1007,nurse3-3,nursingItem3-6,read> 4.960631627969461E-4
<1008,nurse3-3,nursingItem3-5,read> 8.590207601902471E-4
<1009,nurse3-3,nursingItem3-9,read> 5.257272199587878E-4
<1010,nurse9-0,nursingItem9-4,read> 6.540250988158346E-4
<1011,nurse9-0,nursingItem9-2,read> 6.602346072373734E-4
<1012,nurse9-0,nursingItem9-3,read> 6.509203446050651E-4
<1013,nurse9-0,nursingItem9-8,read> 6.643742795183993E-4
<1014,nurse9-0,nursingItem9-7,read> 0.0011407158059928205
<1015,doctor6-0,HRitem6-9-2,read> 4.5669701086896685E-4
<1016,nurse9-0,nursingItem9-1,read> 6.57129853026604E-4
<1017,doctor7-1,HR7-9,addItem> 2.5527310166118704E-4
<1018,patient9-6,HR9-6,addNote> 0.0012445091903602334
<1019,patient3-2,HR3-2,addNote> 0.0013606291099564742
<1020,doctor7-1,HR7-5,addItem> 2.5224277919803955E-4
<1021,agent5-01,noteItem5-4agent5-0,read> 1.946640918584626E-4
<1022,doctor6-0,HRitem5-8-3,read> 2.2935125043639139E-4
<1023,patient9-7,HR9-7,addNote> 0.0012517666853349985
<1024,agent2-01,HR2-4,addNote> 0.0010954022490316144
<1025,patient3-3,HR3-3,addNote> 0.0013533716149817094
<1026,doctor6-0,HRitem5-4-1,read> 1.5049709028635395E-4
<1027,patient5-9,noteItem5-9agent5-1,read> 5.251500292579955E-4
<1028,nurse1-3,nursingItem1-0,read> 7.216390671513866E-4
<1029,doctor7-0,HR3-5,addItem> 2.1579418483385013E-4
<1030,doctor7-0,HR3-4,addItem> 2.1523215982722916E-4
<1031,doctor7-0,HR3-3,addItem> 2.0961190976101932E-4
<1032,nurse2-0,nursingItem2-4,read> 5.038599682682944E-4
<1033,doctor7-0,HR3-1,addItem> 2.1186000978750327E-4
<1034,doctor6-1,HRitem5-0-0,read> 1.812194903448101E-4
<1035,patient5-4,noteItem5-4agent5-0,read> 3.455736604141005E-4
<1036,agent1-1,HR1-8,addNote> 9.217582187573829E-4
<1037,doctor0-1,HRitem2-0-1,read> 1.1971016830046225E-4
<1038,doctor4-1,HRitem3-8-1,read> 2.961763813348658E-4
<1039,patient3-4,HR3-4,addNote> 0.0013896590898555344
<1040,doctor4-0,HRitem9-4-3,read> 6.287424511963212E-4
<1041,agent6-01,noteItem6-4,read> 0.0020212556002306547
<1042,nurse7-2,nursingItem7-6,read> 2.6366521687179033E-4
<1043,patient9-4,HR9-4,addNote> 0.001309826645133119
<1044,doctor7-0,HR7-8,addItem> 4.46731883516128E-4
<1045,doctor7-0,HR7-9,addItem> 2.5184085827750725E-4
<1046,doctor7-0,HR7-4,addItem> 4.4144446386164043E-4
<1047,doctor0-0,HR9-0,addItem> 2.833421353024743E-4
<1048,agent3-11,noteItem3-4,read> 0.0019988869828424303
<1049,patient2-1,HR2-1,addNote> 0.001509407756939158
<1050,doctor7-0,HR7-5,addItem> 2.48851279645797E-4
<1051,doctor7-0,HR7-6,addItem> 4.440881736888842E-4
<1052,doctor7-0,HR7-0,addItem> 4.3615704420715286E-4
<1053,doctor7-0,HR7-1,addItem> 4.34835189293531E-4
<1054,doctor8-1,HR8-2,addItem> 2.3422195291560285E-4
<1055,doctor8-1,HR8-5,addItem> 2.2993151873000183E-4
<1056,doctor8-1,HR8-4,addItem> 2.247829977072806E-4
<1057,doctor8-1,HR8-7,addItem> 2.2220873719591997E-4
<1058,doctor8-1,HR8-9,addItem> 2.2306682403304016E-4
<1059,doctor8-0,HRitem8-2-3,read> 1.2182285023179485E-4
<1060,agent8-01,noteItem8-2,read> 9.800885144773193E-4
<1061,patient1-8,HR1-8,addNote> 0.0014694915345779501
<1062,doctor8-0,HR8-5,addItem> 2.2909994000041775E-4
<1063,doctor8-0,HR8-9,addItem> 2.222600724090509E-4
<1064,doctor8-0,HR8-7,addItem> 2.2140508896013005E-4
<1065,doctor8-0,HR0-4,addItem> 4.5182596401160616E-4
<1066,doctor8-0,HR0-3,addItem> 4.486878296934819E-4
<1067,nurse8-1,nursingItem8-3,read> 7.320844028089942E-4
<1068,doctor8-0,HR0-6,addItem> 1.8255871762738577E-4
<1069,nurse2-3,nursingItem2-8,read> 4.946091026163567E-4
<1070,doctor8-0,HR0-5,addItem> 1.8127290420902708E-4
<1071,doctor8-0,HR0-0,addItem> 1.7998709079066836E-4
<1072,doctor0-0,HR1-1,addItem> 2.51315129413041E-4
<1073,doctor8-0,HR0-1,addItem> 4.3299715810286035E-4
<1074,doctor8-0,HR0-8,addItem> 1.8834487800999995E-4
<1075,doctor8-0,HR0-9,addItem> 1.8705906459164123E-4
<1076,agent9-01,noteItem9-2agent9-0,read> 0.0014470798437638906
<1077,nurse1-0,HR1-3,addItem> 1.5834522661432954E-4
<1078,doctor9-1,HRitem9-9-3,read> 5.150695709800335E-4
<1079,agent3-1,HR3-4,addNote> 9.087639048134217E-4
<1080,patient9-0,HR9-0,addNote> 0.0012807966652340587
<1081,patient6-7,noteItem6-7,read> 0.0042300677528983015
<1082,patient2-1,noteItem2-1,read> 0.0015823849283261298
<1083,patient9-1,HR9-1,addNote> 0.0012880541602088235
<1084,doctor9-0,HR9-2,addItem> 2.3953250324593425E-4
<1085,doctor9-0,HR9-3,addItem> 2.4087457866974713E-4
<1086,patient1-5,HR1-5,addNote> 0.001545695231812983
<1087,doctor9-0,HR9-6,addItem> 2.301379752792442E-4
<1088,nurse7-0,nursingItem7-1,read> 1.566203232205738E-4
<1089,patient8-3,noteItem8-3,read> 0.0020039433668753302
<1090,doctor3-0,HRitem0-9-2,read> 1.464007702785598E-4
<1091,patient1-7,noteItem1-7agent1-0,read> 9.907183929273532E-4
<1092,nurse7-0,nursingItem7-7,read> 2.543516555877407E-4
<1093,nurse7-0,nursingItem7-6,read> 1.5163109073146607E-4
<1094,doctor9-0,HR9-7,addItem> 2.3148005070305704E-4
<1095,nurse7-0,nursingItem7-9,read> 1.4763970474017987E-4
<1096,nurse7-0,nursingItem7-8,read> 1.4364831874889367E-4
<1097,nurse7-0,nursingItem7-3,read> 1.5063324423364452E-4
<1098,nurse7-0,nursingItem7-2,read> 1.5761816971839534E-4
<1099,nurse7-0,nursingItem7-5,read> 2.682927112180136E-4
<1100,nurse7-0,nursingItem7-4,read> 1.4963539773582294E-4
<1101,nurse5-3,nursingItem5-5,read> 7.277327781975265E-4
<1102,nurse5-3,nursingItem5-3,read> 7.145374142876275E-4
<1103,nurse5-3,nursingItem5-4,read> 7.155524422806966E-4
<1104,agent2-01,noteItem2-4,read> 8.545041746787388E-4
<1105,agent7-1,HR7-3,addNote> 0.0010522365638219924
<1106,patient9-0,noteItem9-0,read> 0.0025808128091005527
<1107,doctor8-0,HRitem0-5-2,read> 5.427197310326441E-4
<1108,doctor5-1,HR0-0,addItem> 1.322954115611991E-4
<1109,doctor5-1,HR0-8,addItem> 1.3843861269337564E-4
<1110,doctor5-1,HR0-6,addItem> 1.341856272941765E-4
<1111,doctor5-1,HR0-5,addItem> 1.332405194276878E-4
<1112,doctor5-1,HR0-9,addItem> 1.3749350482688692E-4
<1113,nurse1-2,nursingItem1-0,read> 7.267032009559576E-4
<1114,patient3-7,HR3-7,addNote> 0.001386030342368152
<1115,patient1-1,HR1-1,addNote> 0.0015529527267877485
<1116,doctor5-1,HRitem5-9-0,read> 9.929309018892703E-5
<1117,patient1-0,HR1-0,addNote> 0.0015493239793003659
<1118,doctor3-0,HRitem3-8-1,read> 3.1618078983027887E-4
<1119,doctor6-1,HR5-9,addItem> 3.4397254772818015E-4
<1120,doctor6-1,HR5-4,addItem> 3.4119826482950996E-4
<1121,doctor6-1,HR5-2,addItem> 3.4304778676195666E-4
<1122,doctor6-1,HR5-1,addItem> 3.5691920125530775E-4
<1123,doctor6-1,HR5-8,addItem> 3.4582206966062695E-4
<1124,doctor6-1,HR5-7,addItem> 3.4767159159307376E-4
<1125,doctor3-1,HRitem9-7-3,read> 5.218541009929426E-5
<1126,doctor6-1,HR5-5,addItem> 3.4027350386328653E-4
<1127,doctor6-1,HR5-0,addItem> 3.559944402890844E-4
<1128,doctor6-0,HR5-9,addItem> 3.452348323069991E-4
<1129,doctor9-1,HR9-4,addItem> 1.7249894928027446E-4
<1130,doctor3-1,HRitem3-4-1,read> 5.713939710872032E-4
<1131,doctor9-1,HR9-0,addItem> 1.6867581661701548E-4
<1132,patient2-8,noteItem2-8,read> 0.0014640527350491613
<1133,doctor6-0,HR5-1,addItem> 3.582289964892722E-4
<1134,doctor6-0,HR5-0,addItem> 3.573008419048241E-4
<1135,patient7-1,noteItem7-1,read> 0.0015897806904059404
<1136,doctor6-0,HR5-2,addItem> 3.44306677722551E-4
<1137,doctor6-0,HR5-5,addItem> 3.415222139692068E-4
<1138,doctor0-1,HRitem2-8-3,read> 1.6455990988359611E-4
<1139,doctor6-0,HR5-4,addItem> 3.424503685536549E-4
<1140,doctor9-1,HR9-8,addItem> 1.6580846711957122E-4
<1141,doctor6-0,HR5-7,addItem> 3.489474506447914E-4
<1142,doctor9-1,HR9-9,addItem> 1.6628635870247864E-4
<1143,patient8-2,HR8-2,addNote> 9.904968662434563E-4
<1144,nurse1-1,nursingItem1-2,read> 7.509439563629607E-4
<1145,agent7-01,HR7-9,addNote> 4.943899986152395E-4
<1146,nurse8-2,nursingItem8-1,read> 5.959965019485863E-4
<1147,nurse8-2,nursingItem8-0,read> 5.978081561879335E-4
<1148,patient4-6,HR4-6,addNote> 0.0010340418360920466
<1149,nurse8-2,nursingItem8-2,read> 5.932790205895654E-4
<1150,patient2-0,HR2-0,addNote> 0.0015057790094517754
<1151,nurse8-2,nursingItem8-9,read> 5.851265765125028E-4
<1152,nurse8-3,nursingItem8-4,read> 5.833927265365633E-4
<1153,nurse8-3,nursingItem8-2,read> 0.0010729830892229808
<1154,nurse8-3,nursingItem8-0,read> 5.896469526904872E-4
<1155,doctor6-0,HRitem6-4-2,read> 2.518810104792592E-4
<1156,nurse8-3,nursingItem8-7,read> 0.0010664301038826025
<1157,nurse8-3,nursingItem8-6,read> 0.0010631536112124136
<1158,nurse8-3,nursingItem8-5,read> 5.842861874156952E-4
<1159,doctor7-0,HRitem7-6-0,read> 3.7374653071113524E-4
<1160,patient4-8,HR4-8,addNote> 0.0010195268461425165
<1161,nurse2-1,nursingItem2-8,read> 8.762181154975077E-4
<1162,patient7-0,HR7-0,addNote> 0.0011973354730242603
<1163,nurse8-0,nursingItem8-3,read> 7.280285335413544E-4
<1164,nurse8-0,nursingItem8-4,read> 7.246989232755232E-4
<1165,nurse8-0,nursingItem8-7,read> 7.224791830983026E-4
<1166,nurse8-0,nursingItem8-9,read> 7.169298326552508E-4
<1167,patient8-3,HR8-3,addNote> 9.578381388570137E-4
<1168,nurse8-1,nursingItem8-2,read> 7.309683496001129E-4
<1169,patient4-7,HR4-7,addNote> 0.0010122693511677514
<1170,nurse2-3,nursingItem2-2,read> 4.886614023427237E-4
<1171,nurse8-1,nursingItem8-1,read> 7.343165092267566E-4
<1172,nurse8-1,nursingItem8-5,read> 7.298522963912318E-4
<1173,nurse8-1,nursingItem8-7,read> 7.265041367645885E-4
<1174,nurse5-0,nursingItem5-0,read> 7.072409917156729E-4
<1175,doctor4-1,HRitem8-5-1,read> 4.710341308962464E-4
<1176,patient6-0,HR6-0,addNote> 2.792623587164805E-4
<1177,doctor7-0,HRitem7-2-2,read> 6.000682111417622E-4
<1178,nurse5-0,nursingItem5-2,read> 7.062434140605937E-4
<1179,nurse5-0,nursingItem5-5,read> 7.152216129563083E-4
<1180,nurse5-0,nursingItem5-4,read> 7.032506810953552E-4
<1181,nurse5-2,nursingItem5-5,read> 7.235623897837869E-4
<1182,nurse0-0,nursingItem0-5,read> 7.369286778779148E-4
<1183,nurse7-3,nursingItem7-9,read> 1.543126857453857E-4
<1184,nurse5-1,nursingItem5-5,read> 0.0012533721405678807
<1185,nurse7-3,nursingItem7-5,read> 1.605703671724022E-4
<1186,nurse7-3,nursingItem7-6,read> 1.584844733633967E-4
<1187,nurse7-3,nursingItem7-7,read> 1.5222679193638023E-4
<1188,agent7-01,noteItem7-9,read> 4.54004916358588E-4
<1189,nurse7-3,nursingItem7-8,read> 1.501408981273747E-4
<1190,doctor3-0,HR4-4,addItem> 2.72789146840209E-4
<1191,doctor7-1,HR1-2,addItem> 4.333884366539817E-4
<1192,nurse7-3,nursingItem7-2,read> 1.6474215479041318E-4
<1193,nurse7-3,nursingItem7-3,read> 1.5744152645889395E-4
<1194,nurse7-3,nursingItem7-4,read> 1.563985795543912E-4
<1195,nurse2-0,nursingItem2-6,read> 5.058959374977648E-4
<1196,patient8-5,HR8-5,addNote> 9.723531288065435E-4
<1197,nurse7-3,nursingItem7-0,read> 2.7881175938423736E-4
<1198,nurse7-2,nursingItem7-7,read> 1.445468817125629E-4
<1199,nurse7-2,nursingItem7-4,read> 1.4850820076606157E-4
<1200,nurse7-2,nursingItem7-5,read> 1.5246951981956033E-4
<1201,nurse5-2,nursingItem5-1,read> 7.124610664326556E-4
<1202,nurse5-2,nursingItem5-3,read> 7.104426440051768E-4
<1203,nurse7-2,nursingItem7-8,read> 2.4978429511709224E-4
<1204,nurse7-2,nursingItem7-9,read> 1.4652754123931224E-4
<1205,nurse5-2,nursingItem5-6,read> 7.225531785700478E-4
<1206,patient8-8,HR8-8,addNote> 9.360656539327183E-4
<1207,nurse5-2,nursingItem5-9,read> 7.195255449288299E-4
<1208,nurse7-2,nursingItem7-3,read> 1.4949853052943627E-4
<1209,nurse5-2,nursingItem5-8,read> 0.0012522805389725148
<1210,patient6-2,HR6-2,addNote> 3.4095106600198354E-4
<1211,doctor2-0,HRitem2-3-0,read> 4.6898597089234937E-4
<1212,nurse7-1,nursingItem7-5,read> 1.5304815177333473E-4
<1213,nurse7-1,nursingItem7-6,read> 1.510599755121385E-4
<1214,doctor8-1,HR5-6,addItem> 5.450858243544645E-4
<1215,nurse7-1,nursingItem7-7,read> 1.4509544672854983E-4
<1216,nurse7-1,nursingItem7-8,read> 1.431072704673536E-4
<1217,nurse7-1,nursingItem7-9,read> 2.5728083774487513E-4
<1218,nurse5-1,nursingItem5-6,read> 7.183886069356383E-4
<1219,nurse5-1,nursingItem5-4,read> 0.0012323939818834181
<1220,nurse5-1,nursingItem5-3,read> 0.0012306458019930462
<1221,nurse5-1,nursingItem5-9,read> 7.153784236324102E-4
<1222,doctor3-1,HR2-1,addItem> 4.169386872485013E-4
<1223,nurse7-1,nursingItem7-0,read> 1.55036328034531E-4
<1224,nurse5-1,nursingItem5-8,read> 7.163818180668196E-4
<1225,patient2-5,HR2-5,addNote> 0.0014803777770400976
<1226,doctor2-1,HRitem4-2-3,read> 2.0914740952270413E-4
<1227,doctor8-1,HR5-3,addItem> 5.335483446635751E-4
<1228,doctor8-0,HRitem0-2-1,read> 1.1826751120036636E-4
<1229,patient5-7,HR5-7,addNote> 0.0013642578574438568
<1230,doctor6-1,HRitem5-5-0,read> 7.369109014021357E-5
<1231,doctor6-0,HRitem5-5-2,read> 7.266701013826502E-5
<1232,doctor4-0,HR3-3,addItem> 1.9104322269530724E-4
<1233,doctor3-0,HR3-7,addItem> 3.391006666862622E-4
<1234,doctor4-0,HR3-1,addItem> 1.9309217246390846E-4
<1235,doctor4-0,HR3-4,addItem> 1.9616559711681025E-4
<1236,doctor4-0,HR3-5,addItem> 1.9667783455896054E-4
<1237,doctor4-1,HR3-9,addItem> 3.226358936503759E-4
<1238,agent9-1,noteItem9-4agent9-1,read> 0.0031456476954841253
<1239,doctor4-1,HR3-0,addItem> 3.1515126761359345E-4
<1240,agent9-01,HR9-2,addNote> 4.926810402751865E-4
<1241,doctor4-1,HR3-2,addItem> 3.1182476715280134E-4
<1242,doctor4-1,HR3-6,addItem> 3.159828927287915E-4
<1243,doctor4-1,HR3-8,addItem> 3.2180426853517784E-4
<1244,doctor9-1,HR6-2,addItem> 6.071321613894969E-5
<1245,doctor9-1,HR6-1,addItem> 6.006704443724912E-5
<1246,doctor9-1,HR6-7,addItem> 5.360532742024339E-5
<1247,agent0-11,HR0-2,addNote> 6.613876634520308E-4
<1248,doctor2-0,HR2-7,addItem> 3.8789549974513316E-4
<1249,doctor2-0,HR2-3,addItem> 3.9641114441887535E-4
<1250,doctor2-0,HR2-6,addItem> 3.850569515205525E-4
<1251,doctor2-0,HR2-0,addItem> 3.9262641345276766E-4
<1252,doctor2-0,HR2-1,addItem> 3.9357259619429464E-4
<1253,doctor2-1,HR2-9,addItem> 4.0448331969525575E-4
<1254,doctor2-1,HR2-4,addItem> 4.123191382182593E-4
<1255,doctor2-1,HR2-2,addItem> 4.0938070627213294E-4
<1256,nurse1-3,nursingItem1-7,read> 0.0012868306356339679
<1257,nurse1-3,nursingItem1-8,read> 7.315115733428208E-4
<1258,nurse1-3,nursingItem1-5,read> 7.295370721045339E-4
<1259,nurse1-3,nursingItem1-6,read> 7.27562570866247E-4
<1260,doctor3-1,HR3-1,addItem> 2.0608529061101253E-4
<1261,doctor3-1,HR3-3,addItem> 2.03898467586954E-4
<1262,doctor3-1,HR3-5,addItem> 2.0991223090311486E-4
<1263,doctor3-1,HR3-4,addItem> 2.0936552514710024E-4
<1264,nurse1-3,nursingItem1-1,read> 7.364478264385379E-4
<1265,nurse1-3,nursingItem1-2,read> 0.0012902947077841798
<1266,doctor3-1,HRitem3-3-0,read> 6.430795712236008E-4
<1267,doctor3-0,HR3-6,addItem> 3.3732507685306257E-4
<1268,doctor3-0,HR3-2,addItem> 3.3288610227006363E-4
<1269,doctor1-1,HRitem1-7-2,read> 6.912113313151821E-4
<1270,doctor3-0,HR3-0,addItem> 3.364372819364628E-4
<1271,agent2-01,noteItem2-4agent2-0,read> 4.1073041776283197E-4
<1272,doctor3-0,HR3-9,addItem> 3.4442743618586094E-4
<1273,doctor3-0,HR3-8,addItem> 3.435396412692611E-4
<1274,agent9-1,noteItem9-4,read> 0.0018878209242452067
<1275,doctor1-1,HRitem6-3-2,read> 4.87419410927423E-4
<1276,doctor5-0,HRitem4-6-3,read> 1.4248053718161666E-4
<1277,doctor5-0,HRitem4-2-3,read> 1.6275611720713206E-4
<1278,nurse1-0,nursingItem1-1,read> 0.0013282031283159156
<1279,nurse1-0,nursingItem1-5,read> 7.653739809096689E-4
<1280,nurse1-0,nursingItem1-4,read> 0.0013299836609126636
<1281,nurse1-0,nursingItem1-7,read> 7.695169694728111E-4
<1282,nurse0-3,nursingItem0-6,read> 7.362018134455793E-4
<1283,nurse1-0,nursingItem1-9,read> 0.0012872508785907084
<1284,nurse0-3,nursingItem0-5,read> 0.0012758519368271976
<1285,nurse1-1,nursingItem1-1,read> 7.519519912056651E-4
<1286,nurse1-1,nursingItem1-0,read> 7.368314685651E-4
<1287,doctor5-0,HRitem3-5-2,read> 2.9683754474188224E-4
<1288,nurse1-1,nursingItem1-8,read> 7.469118169921434E-4
<1289,nurse1-1,nursingItem1-7,read> 7.48927886677552E-4
<1290,patient5-3,noteItem5-3,read> 0.004222671990818491
<1291,doctor1-0,HRitem1-0-2,read> 6.379591712138582E-4
<1292,nurse1-2,nursingItem1-1,read> 7.416158813609136E-4
<1293,doctor0-0,HRitem0-2-1,read> 7.319277916392908E-5
<1294,nurse1-2,nursingItem1-3,read> 7.455925961355686E-4
<1295,doctor5-0,HR4-2,addItem> 2.0253369596275918E-4
<1296,doctor6-1,HRitem6-9-3,read> 4.577210908709154E-4
<1297,nurse1-2,nursingItem1-2,read> 7.406217026672499E-4
<1298,nurse2-0,nursingItem2-5,read> 8.707349661717386E-4
<1299,doctor5-0,HR4-3,addItem> 2.0043821872331116E-4
<1300,doctor5-0,HR4-5,addItem> 1.976442490707138E-4
<1301,doctor5-0,HR4-6,addItem> 1.9904123389701247E-4
<1302,doctor5-0,HR4-7,addItem> 1.9485027941811646E-4
<1303,nurse1-2,nursingItem1-9,read> 7.187497714066476E-4
<1304,nurse1-2,nursingItem1-4,read> 7.426100600545773E-4
<1305,nurse1-2,nursingItem1-7,read> 7.386333452799224E-4
<1306,doctor2-1,HRitem2-2-0,read> 3.1434989059812005E-4
<1307,agent2-1,noteItem2-0agent2-1,read> 2.616241378935926E-4
<1308,nurse0-2,nursingItem0-1,read> 0.0013024571432321197
<1309,nurse0-0,nursingItem0-9,read> 7.41976422688997E-4
<1310,nurse0-0,nursingItem0-6,read> 7.409668737267803E-4
<1311,nurse0-0,nursingItem0-7,read> 7.39957324764564E-4
<1312,nurse0-0,nursingItem0-0,read> 7.561101081600273E-4
<1313,nurse0-0,nursingItem0-1,read> 7.551005591978108E-4
<1314,doctor5-0,HR5-6,addItem> 4.1497492233857073E-4
<1315,doctor5-0,HR5-3,addItem> 4.061914161001178E-4
<1316,nurse0-1,nursingItem0-3,read> 7.39635686576977E-4
<1317,nurse0-1,nursingItem0-4,read> 7.436998515309801E-4
<1318,nurse0-1,nursingItem0-6,read> 0.0012923734259571787
<1319,nurse0-1,nursingItem0-8,read> 7.477640164849832E-4
<1320,nurse0-1,nursingItem0-9,read> 7.467479752464825E-4
<1321,patient3-3,noteItem3-3,read> 0.004008194890503986
<1322,doctor6-1,HRitem5-1-3,read> 4.50168500856545E-5
<1323,doctor0-1,HR0-6,addItem> 1.1165569481021598E-4
<1324,nurse0-2,nursingItem0-9,read> 7.324333175740259E-4
<1325,doctor0-1,HR0-5,addItem> 1.1086927172131058E-4
<1326,doctor0-1,HR0-0,addItem> 1.1008284863240516E-4
<1327,nurse0-2,nursingItem0-5,read> 7.274504955257871E-4
<1328,nurse0-2,nursingItem0-2,read> 7.264539311161394E-4
<1329,doctor0-1,HR0-9,addItem> 1.1440817562138491E-4
<1330,doctor0-1,HR0-8,addItem> 1.1519459871029034E-4
<1331,doctor0-0,HR0-3,addItem> 2.776815788121185E-4
<1332,doctor0-0,HR0-4,addItem> 2.796236909763297E-4
<1333,nurse0-3,nursingItem0-7,read> 7.351987567596472E-4
<1334,doctor0-0,HR0-1,addItem> 2.6797101799106235E-4
<1335,nurse0-3,nursingItem0-8,read> 7.382079268174435E-4
<1336,nurse0-3,nursingItem0-4,read> 7.34195700073715E-4
<1337,doctor8-1,HRitem6-8-2,read> 2.539291704831563E-4
<1338,agent5-1,HR5-9,addNote> 9.022469817094428E-4
<1339,doctor0-0,HR0-7,addItem> 2.864210835510691E-4
<1340,doctor0-0,HR9-1,addItem> 2.849476626893848E-4
<1341,doctor0-0,HR9-5,addItem> 2.9217253593048206E-4
<1342,doctor0-0,HR9-4,addItem> 2.897642448501163E-4
<1343,agent6-0,HR6-4,addNote> 2.2871913514157263E-4
<1344,agent6-1,HR6-3,addNote> 2.4403246317730484E-4
<1345,doctor3-1,HR2-8,addItem> 4.099221892561394E-4
<1346,doctor3-1,HR2-5,addItem> 4.089198324000877E-4
<1347,doctor3-1,HR2-6,addItem> 4.079174755440361E-4
<1348,doctor3-1,HR2-0,addItem> 4.159363303924496E-4
<1349,nurse2-1,nursingItem2-9,read> 5.056125150053015E-4
<1350,nurse2-1,nursingItem2-7,read> 8.709498312122617E-4
<1351,nurse2-1,nursingItem2-5,read> 4.995446591705851E-4
<1352,nurse2-1,nursingItem2-3,read> 8.639254521652673E-4
<1353,nurse2-1,nursingItem2-4,read> 5.005559684763711E-4
<1354,nurse2-1,nursingItem2-1,read> 4.954994219474407E-4
<1355,nurse2-1,nursingItem2-2,read> 4.98533349864799E-4
<1356,nurse2-1,nursingItem2-0,read> 8.621693574035184E-4
<1357,nurse2-0,nursingItem2-7,read> 5.048779528830295E-4
<1358,doctor1-1,HR1-0,addItem> 5.473790851396103E-4
<1359,nurse2-0,nursingItem2-8,read> 5.07931906727235E-4
<1360,agent7-0,noteItem7-9,read> 0.001005707093199404
<1361,doctor1-1,HR1-3,addItem> 5.435329551376534E-4
<1362,nurse2-0,nursingItem2-9,read> 5.089498913419701E-4
<1363,nurse2-0,nursingItem2-2,read> 5.018239990388241E-4
<1364,nurse2-0,nursingItem2-3,read> 5.00806014424089E-4
<1365,nurse2-0,nursingItem2-0,read> 4.997880298093538E-4
<1366,nurse2-0,nursingItem2-1,read> 4.987700451946185E-4
<1367,doctor1-1,HRitem1-3-1,read> 7.11692931354153E-4
<1368,doctor3-1,HRitem2-0-1,read> 2.028323623132461E-4
<1369,doctor1-0,HRitem0-8-2,read> 2.4983285047536214E-4
<1370,doctor4-1,HR4-1,addItem> 3.7011068245200327E-4
<1371,doctor5-0,HR3-4,addItem> 1.543658250208918E-4
<1372,doctor5-0,HR3-3,addItem> 1.503349472050922E-4
<1373,doctor5-0,HR3-1,addItem> 1.5194729833141205E-4
<1374,doctor9-1,HRitem6-1-1,read> 4.894675709313201E-4
<1375,doctor5-0,HR3-5,addItem> 1.5476891280247174E-4
<1376,doctor4-1,HR4-8,addItem> 3.5616616694360764E-4
<1377,doctor4-0,HR4-1,addItem> 3.7149946550060363E-4
<1378,doctor4-1,HR8-4,addItem> 2.1665341370340064E-4
<1379,doctor4-1,HR8-7,addItem> 2.1417225483802053E-4
<1380,doctor4-1,HR8-2,addItem> 2.2575099620979444E-4
<1381,doctor4-0,HR4-8,addItem> 3.5750262535615395E-4
<1382,doctor4-0,HR4-9,addItem> 3.524128653036267E-4
<1383,doctor1-0,HR1-7,addItem> 5.006633830623632E-4
<1384,doctor6-1,HRitem6-5-3,read> 1.3206365025128023E-4
<1385,doctor7-0,HRitem7-5-2,read> 7.98355701519048E-5
<1386,nurse2-3,nursingItem2-4,read> 4.906439691006013E-4
<1387,nurse2-3,nursingItem2-7,read> 4.916352524795402E-4
<1388,nurse2-3,nursingItem2-5,read> 4.896526857216625E-4
<1389,doctor1-0,HR1-0,addItem> 5.371477003706457E-4
<1390,doctor8-1,HRitem6-0-1,read> 2.6109773049679604E-4
<1391,doctor7-1,HRitem7-5-1,read> 7.778741014800773E-5
<1392,nurse2-2,nursingItem2-1,read> 8.57142639394592E-4
<1393,nurse2-2,nursingItem2-2,read> 8.623908977529908E-4
<1394,nurse2-2,nursingItem2-8,read> 5.012705046717958E-4
<1395,agent2-0,noteItem2-4,read> 6.9459696070377E-4
<1396,nurse0-1,HR0-1,addItem> 1.0110739129834001E-4
<1397,nurse0-1,HR0-0,addItem> 1.025729370577603E-4
<1398,nurse0-1,HR0-5,addItem> 1.0330570993747048E-4
<1399,nurse0-1,HR0-4,addItem> 1.0550402857660091E-4
<1400,nurse0-1,HR0-3,addItem> 1.0477125569689076E-4
<1401,nurse0-1,HR0-2,addItem> 1.0184016417805018E-4
<1402,nurse0-1,HR0-9,addItem> 1.0660318789616614E-4
<1403,nurse0-1,HR0-8,addItem> 1.0733596077587627E-4
<1404,nurse0-1,HR0-7,addItem> 1.0806873365558643E-4
<1405,nurse0-1,HR0-6,addItem> 1.040384828171806E-4
<1406,nurse0-0,HR0-9,addItem> 1.0592201736647816E-4
<1407,nurse0-0,HR0-0,addItem> 1.0191751892959569E-4
<1408,agent2-1,HR2-0,addNote> 8.962890800162508E-4
<1409,nurse0-0,HR0-2,addItem> 1.01189428304708E-4
<1410,nurse0-0,HR0-1,addItem> 1.0046133767982025E-4
<1411,nurse0-0,HR0-4,addItem> 1.0482988142914657E-4
<1412,nurse0-0,HR0-6,addItem> 1.0337370017937114E-4
<1413,nurse0-0,HR0-5,addItem> 1.0264560955448343E-4
<1414,nurse0-0,HR0-8,addItem> 1.0665010799136587E-4
<1415,nurse0-0,HR0-7,addItem> 1.073781986162536E-4
<1416,doctor2-0,HR3-1,addItem> 1.945358522580311E-4
<1417,doctor2-0,HR3-3,addItem> 1.9247158323882352E-4
<1418,doctor2-0,HR3-4,addItem> 1.976322557868425E-4
<1419,doctor2-0,HR3-5,addItem> 1.9814832304164437E-4
<1420,patient7-0,noteItem7-0,read> 0.001552801880006888
<1421,doctor1-1,HRitem6-8-0,read> 2.570014104890019E-4
<1422,doctor9-1,HR7-9,addItem> 8.70931758608756E-5
<1423,doctor9-1,HR7-5,addItem> 8.605930113815468E-5
<1424,agent2-1,noteItem2-0,read> 7.365749167294824E-4
<1425,doctor2-1,HRitem4-7-1,read> 1.5884708812066096E-4
<1426,nurse0-3,HR0-8,addItem> 1.0596425520685548E-4
<1427,nurse0-3,HR0-9,addItem> 1.052408468367902E-4
<1428,nurse0-3,HR0-6,addItem> 1.0270891754156166E-4
<1429,doctor5-0,HRitem4-7-1,read> 1.2361298354676204E-4
<1430,nurse0-3,HR0-7,addItem> 1.0668766357692078E-4
<1431,nurse0-3,HR0-4,addItem> 1.0415573428169226E-4
<1432,nurse0-3,HR0-5,addItem> 1.019855091714964E-4
<1433,nurse0-3,HR0-2,addItem> 1.0053869243136582E-4
<1434,nurse0-3,HR0-3,addItem> 1.0343232591162697E-4
<1435,nurse0-3,HR0-0,addItem> 1.0126210080143108E-4
<1436,nurse0-3,HR0-1,addItem> 9.98152840613005E-5
<1437,nurse1-0,HR1-8,addItem> 1.5124887051249812E-4
<1438,nurse0-2,HR0-9,addItem> 1.0455967630710223E-4
<1439,nurse0-2,HR0-3,addItem> 1.0276286101899509E-4
<1440,nurse0-2,HR0-4,addItem> 1.0348158713423792E-4
<1441,nurse0-2,HR0-5,addItem> 1.0132540878850937E-4
<1442,nurse0-2,HR0-6,addItem> 1.020441349037522E-4
<1443,nurse0-2,HR0-0,addItem> 1.0060668267326647E-4
<1444,nurse0-2,HR0-1,addItem> 9.916923044278077E-5
<1445,nurse0-2,HR0-2,addItem> 9.988795655802363E-5
<1446,agent1-0,HR1-7,addNote> 7.738406811929543E-4
<1447,agent6-11,HR6-3,addNote> 1.850518074244819E-4
<1448,nurse1-3,HR1-0,addItem> 1.5199908230657637E-4
<1449,nurse1-3,HR1-1,addItem> 1.5235508679329032E-4
<1450,nurse1-3,HR1-2,addItem> 1.5057506435972056E-4
<1451,nurse1-3,HR1-3,addItem> 1.5093106884643453E-4
<1452,nurse1-3,HR1-4,addItem> 1.5128707333314845E-4
<1453,nurse1-3,HR1-5,addItem> 1.516430778198624E-4
<1454,doctor4-0,HRitem3-3-1,read> 6.676574912703657E-4
<1455,nurse1-3,HR1-6,addItem> 1.4203095667858582E-4
<1456,nurse1-3,HR1-7,addItem> 1.4167495219187184E-4
<1457,nurse1-3,HR1-8,addItem> 1.4416698359886947E-4
<1458,agent0-11,noteItem0-2agent0-1,read> 0.0020926781559492003
<1459,nurse1-2,HR1-1,addItem> 1.5342424529710285E-4
<1460,nurse1-2,HR1-2,addItem> 1.5163173147803437E-4
<1461,doctor9-0,HR3-0,addItem> 1.2121202600522824E-4
<1462,nurse1-2,HR1-0,addItem> 1.5306574253328917E-4
<1463,doctor9-0,HR3-2,addItem> 1.199326027510774E-4
<1464,nurse1-2,HR1-9,addItem> 1.4374467067413305E-4
<1465,doctor9-0,HR3-6,addItem> 1.2153188181876594E-4
<1466,nurse1-2,HR1-7,addItem> 1.4266916238269198E-4
<1467,doctor9-0,HR3-8,addItem> 1.2377087251352992E-4
<1468,doctor9-0,HR3-7,addItem> 1.221715934458414E-4
<1469,doctor2-1,HRitem7-8-2,read> 2.1194189040326622E-4
<1470,nurse1-2,HR1-6,addItem> 1.430276651465057E-4
<1471,doctor9-0,HR3-9,addItem> 1.2409072832706764E-4
<1472,nurse1-2,HR1-3,addItem> 1.519902342418481E-4
<1473,nurse1-2,HR1-4,addItem> 1.5234873700566175E-4
<1474,doctor2-1,HRitem2-9-2,read> 3.471204506604733E-4
<1475,doctor1-1,HRitem1-6-3,read> 1.7405093033117028E-4
<1476,nurse1-1,HR1-0,addItem> 1.5519906298671482E-4
<1477,nurse1-1,HR1-1,addItem> 1.55562562304728E-4
<1478,doctor9-0,HR7-9,addItem> 8.795123670679555E-5
<1479,nurse1-1,HR1-6,addItem> 1.450210820823455E-4
<1480,nurse1-1,HR1-7,addItem> 1.446575827643323E-4
<1481,nurse1-1,HR1-8,addItem> 1.4720207799042462E-4
<1482,nurse1-1,HR1-2,addItem> 1.5374506571466206E-4
<1483,nurse1-1,HR1-3,addItem> 1.5410856503267524E-4
<1484,nurse1-1,HR1-4,addItem> 1.5447206435068844E-4
<1485,nurse1-1,HR1-5,addItem> 1.5483556366870162E-4
<1486,doctor9-0,HR7-5,addItem> 8.690717602621532E-5
<1487,nurse1-0,HR1-4,addItem> 1.5871871904074168E-4
<1488,nurse1-0,HR1-2,addItem> 1.5797173418791733E-4
<1489,nurse1-0,HR1-1,addItem> 1.5983919631997823E-4
<1490,nurse1-0,HR1-6,addItem> 1.4900791595402507E-4
<1491,nurse1-0,HR1-5,addItem> 1.5909221146715385E-4
<1492,doctor5-1,HR5-1,addItem> 2.652335348777975E-4
<1493,nurse1-0,HR1-0,addItem> 1.5946570389356604E-4
<1494,doctor5-1,HR5-7,addItem> 2.583614579728346E-4
<1495,doctor8-1,HR6-3,addItem> 6.498885716799108E-5
<1496,doctor8-1,HR6-4,addItem> 6.570334758119849E-5
<1497,doctor5-1,HR5-9,addItem> 2.556126272108494E-4
<1498,doctor8-1,HR6-5,addItem> 6.213089551516143E-5
<1499,doctor5-1,HR5-8,addItem> 2.56987042591842E-4
<1500,doctor8-1,HR6-6,addItem> 6.355987634157624E-5
<1501,doctor8-1,HR6-8,addItem> 6.0701914688746586E-5
<1502,doctor8-1,HR6-9,addItem> 6.784681882082073E-5
<1503,nurse1-0,HR1-9,addItem> 1.4975490080684943E-4
<1504,doctor8-1,HR6-0,addItem> 5.498599138308728E-5
<1505,doctor7-1,HRitem1-5-3,read> 3.15925256465315E-4
<1506,doctor3-0,HR4-0,addItem> 2.775093627913013E-4
<1507,doctor3-0,HR4-2,addItem> 2.737331900304275E-4
<1508,doctor3-0,HR4-3,addItem> 2.709010604597721E-4
<1509,doctor3-0,HR4-6,addItem> 2.690129740793351E-4
<1510,doctor7-1,HRitem1-9-2,read> 3.669712195254042E-4
<1511,doctor1-1,HRitem6-4-3,read> 2.477846904714651E-4
<1512,doctor2-1,HR7-2,addItem> 4.044143235649211E-4
<1513,doctor2-1,HR7-1,addItem> 4.0075951858228333E-4
<1514,doctor2-1,HR7-6,addItem> 4.092873968751046E-4
<1515,doctor2-1,HR7-3,addItem> 4.031960552373752E-4
<1516,doctor2-1,HR7-8,addItem> 4.117239335301964E-4
<1517,doctor6-1,HRitem5-9-3,read> 1.0031717019087556E-4
<1518,doctor7-1,HR1-1,addItem> 4.385117360726082E-4
<1519,doctor7-1,HR1-5,addItem> 4.3646241630515754E-4
<1520,doctor6-1,HRitem6-6-2,read> 5.628173010708841E-5
<1521,doctor7-1,HR1-8,addItem> 4.1494455874692616E-4
<1522,doctor0-0,HR1-2,addItem> 2.4837891915799624E-4
<1523,doctor0-0,HR1-4,addItem> 2.4955340326001415E-4
<1524,doctor0-0,HR1-5,addItem> 2.501406453110231E-4
<1525,doctor0-0,HR1-9,addItem> 2.3545959403579916E-4
<1526,agent2-11,noteItem2-0agent2-1,read> 2.5424884477431717E-4
<1527,doctor7-1,HRitem6-2-2,read> 4.4543213084753295E-4
<1528,doctor0-0,HRitem1-1-3,read> 5.416956510306955E-4
<1529,doctor3-1,HRitem2-6-2,read> 3.8959162169943385E-4
<1530,doctor5-1,HRitem7-5-0,read> 8.29078101577504E-5
<1531,doctor3-0,HRitem3-2-3,read> 5.7613599429041816E-5
<1532,doctor0-0,HRitem1-9-1,read> 6.983798913288219E-4
<1533,agent6-01,noteItem6-4agent6-0,read> 6.443073205526536E-4
<1534,doctor0-1,HRitem0-8-0,read> 2.5290509048120775E-4
<1535,doctor0-1,HRitem2-6-2,read> 2.2993410947935066E-4
<1536,agent9-11,noteItem9-4,read> 7.339497210315019E-4
<1537,doctor4-0,HR9-9,addItem> 4.382423739203254E-4
<1538,doctor1-1,HR6-0,addItem> 3.1917727367036196E-5
<1539,doctor4-0,HR9-5,addItem> 4.583938613572079E-4
<1540,doctor7-0,HRitem7-0-1,read> 3.784829007201472E-5
<1541,doctor1-1,HR6-9,addItem> 3.9383053962899564E-5
<1542,doctor4-0,HR9-1,addItem> 4.4705864967396145E-4
<1543,doctor1-1,HR6-8,addItem> 3.5235650298531025E-5
<1544,doctor1-1,HR6-5,addItem> 3.606513103140474E-5
<1545,doctor1-1,HR6-6,addItem> 3.689461176427844E-5
<1546,doctor1-1,HR6-3,addItem> 3.772409249715215E-5
<1547,doctor7-0,HRitem7-4-0,read> 1.7712317033701593E-4
<1548,doctor2-0,HRitem3-5-2,read> 3.8003666654602025E-4
<1549,doctor4-1,HRitem4-9-2,read> 8.188373015580186E-5
<1550,doctor1-0,HR2-4,addItem> 2.400749141196889E-4
<1551,doctor7-1,HRitem7-9-0,read> 1.0953389020841241E-4
<1552,patient9-1,noteItem9-1,read> 0.0025956043332601734

