<0,patient7-6,noteItem7-6,read> 0.0014368263997204596
<1,doctor1-0,HRitem7-6-0,read> 1.3984657514807918E-4
<2,agent3-11,HR3-2,addNote> 9.183163034740109E-4
<3,agent0-01,noteItem0-6agent0-0,read> 0.002850180711908393
<4,doctor2-1,HRitem2-0-1,read> 2.4560121096653864E-4
<5,patient3-8,noteItem3-8,read> 0.004326751298818463
<6,patient0-2,HR0-2,addNote> 0.001049107059096919
<7,patient1-5,noteItem1-5,read> 0.0015539855172514601
<8,agent8-1,HR8-3,addNote> 6.739381288187664E-4
<9,doctor3-1,HRitem3-5-3,read> 7.076312664400099E-4
<10,nurse2-2,nursingItem2-3,read> 5.161827747978722E-4
<11,patient4-3,noteItem4-3,read> 0.004334561906653862
<12,agent5-0,HR5-0,addNote> 9.427717859418172E-4
<13,nurse2-3,HR2-0,addItem> 1.5446932918646562E-4
<14,nurse2-3,HR2-1,addItem> 1.5483979624956898E-4
<15,doctor8-0,HR8-6,addItem> 3.572270264735232E-4
<16,patient0-3,noteItem0-3,read> 0.0017804931444780606
<17,patient0-8,noteItem0-8,read> 0.0017101976739594604
<18,agent6-11,noteItem6-2agent6-1,read> 0.001464044489466264
<19,nurse4-0,HR4-1,addItem> 1.1154873623855124E-4
<20,agent9-11,noteItem9-2agent9-1,read> 0.0014641335545168975
<21,patient6-6,noteItem6-6,read> 0.004436099808514064
<22,patient4-5,noteItem4-5,read> 0.004287698259641464
<23,doctor3-0,HR3-4,addItem> 0.0010160590114847397
<24,agent1-1,noteItem1-4agent1-1,read> 0.001510631910180395
<25,nurse2-3,HR2-2,addItem> 1.5558073037577564E-4
<26,nurse4-0,nursingItem4-3,read> 7.454246993815964E-4
<27,agent9-1,noteItem9-2agent9-1,read> 0.004282151286442439
<28,agent4-11,noteItem4-4agent4-1,read> 0.0023151789327175354
<29,doctor5-0,HRitem9-3-3,read> 7.546671207460874E-4
<30,agent2-1,HR2-0,addNote> 9.333832309168676E-4
<31,nurse5-1,nursingItem5-2,read> 7.393514527122961E-4
<32,nurse3-1,nursingItem3-6,read> 5.119907547830061E-4
<33,nurse2-3,HR2-3,addItem> 1.5595119743887898E-4
<34,doctor5-1,HR5-9,addItem> 2.692093189233168E-4
<35,nurse2-3,HR2-8,addItem> 1.5224652680784556E-4
<36,patient6-8,noteItem6-8,read> 0.0045220164947034625
<37,nurse2-3,HR2-9,addItem> 1.5372839506025895E-4
<38,agent5-1,noteItem5-7agent5-1,read> 0.0012164208314752326
<39,nurse2-3,HR2-4,addItem> 1.566921315650857E-4
<40,nurse2-3,HR2-5,addItem> 1.5187605974474223E-4
<41,nurse2-3,HR2-6,addItem> 1.5150559268163884E-4
<42,nurse2-3,HR2-7,addItem> 1.5261699387094887E-4
<43,agent4-0,noteItem4-0,read> 0.0022303109769304516
<44,patient9-5,noteItem9-5,read> 0.002819303986586262
<45,patient1-6,noteItem1-6,read> 0.0015305536937452598
<46,agent8-0,HR8-9,addNote> 6.517110310167603E-4
<47,patient6-9,noteItem6-9,read> 0.0045376377103742635
<48,patient8-6,noteItem8-6,read> 0.0020460538108816604
<49,doctor8-0,HR4-6,addItem> 4.6711079056858647E-4
<50,patient5-1,noteItem5-1,read> 0.004475152847691063
<51,patient0-2,noteItem0-2,read> 0.0017648719288072602
<52,nurse8-3,nursingItem8-2,read> 6.089912381861015E-4
<53,nurse2-2,HR2-1,addItem> 1.5692518071084262E-4
<54,nurse2-2,HR2-2,addItem> 1.5767609374783993E-4
<55,nurse2-2,HR2-0,addItem> 1.5654972419234392E-4
<56,patient2-3,noteItem2-3,read> 0.00166333402694706
<57,doctor0-0,HRitem6-0-3,read> 2.714806174200202E-4
<58,nurse2-2,HR2-9,addItem> 1.557988111553466E-4
<59,nurse2-2,HR2-7,addItem> 1.5467244159985053E-4
<60,nurse2-2,HR2-8,addItem> 1.5429698508135189E-4
<61,nurse8-1,nursingItem8-1,read> 0.0012749556270783206
<62,patient9-6,noteItem9-6,read> 0.0028036827709154613
<63,nurse2-2,HR2-5,addItem> 1.5392152856285321E-4
<64,nurse1-1,nursingItem1-3,read> 7.879489908277927E-4
<65,nurse3-1,nursingItem3-8,read> 5.41490693667871E-4
<66,nurse5-1,nursingItem5-0,read> 7.403972731204469E-4
<67,agent4-11,noteItem4-4,read> 0.002126407496478485
<68,nurse9-2,nursingItem9-7,read> 0.0011687584057274737
<69,nurse2-2,HR2-6,addItem> 1.5354607204435451E-4
<70,nurse2-2,HR2-3,addItem> 1.5805155026633863E-4
<71,nurse2-2,HR2-4,addItem> 1.58802463303336E-4
<72,patient1-3,noteItem1-3,read> 0.0014212051840496599
<73,doctor4-0,HR1-2,addItem> 1.7813094190986028E-4
<74,nurse6-2,nursingItem6-3,read> 3.0724059741665685E-4
<75,patient6-2,noteItem6-2,read> 0.004373614945830863
<76,nurse6-2,nursingItem6-2,read> 1.7560921756113606E-4
<77,nurse8-0,nursingItem8-9,read> 7.460865834427857E-4
<78,doctor4-0,HR1-8,addItem> 1.70585832888872E-4
<79,nurse6-2,nursingItem6-1,read> 1.7455740293137134E-4
<80,nurse0-0,nursingItem0-5,read> 0.001335595493310267
<81,nurse0-2,nursingItem0-3,read> 0.0013220842427376469
<82,doctor4-0,HR1-7,addItem> 1.6807079654854252E-4
<83,doctor4-0,HR5-5,addItem> 3.5182846187580376E-4
<84,patient4-9,HR4-9,addNote> 0.0010453462570926882
<85,nurse2-0,nursingItem2-1,read> 9.026168971325254E-4
<86,doctor2-1,HR2-9,addItem> 3.2049359059886634E-4
<87,doctor3-0,HR3-3,addItem> 4.1870505810555017E-4
<88,doctor3-0,HRitem3-4-1,read> 5.943176174299145E-4
<89,nurse6-2,nursingItem6-0,read> 3.0175279711549104E-4
<90,patient9-7,HR9-7,addNote> 0.001308602397388853
<91,patient3-0,noteItem3-0,read> 0.004256455828299863
<92,agent8-0,noteItem8-9,read> 0.0010781907521023263
<93,doctor6-0,HR2-9,addItem> 3.240480481655821E-4
<94,patient6-1,noteItem6-1,read> 0.0044204785928432635
<95,doctor3-1,HR3-0,addItem> 4.268824723519866E-4
<96,nurse1-3,HR1-2,addItem> 1.5679259319747709E-4
<97,nurse8-1,nursingItem8-4,read> 7.583857533600949E-4
<98,nurse5-2,nursingItem5-7,read> 7.520526131715753E-4
<99,doctor9-1,HR2-9,addItem> 1.2025914767388147E-4
<100,nurse9-0,nursingItem9-2,read> 0.001182276883850472
<101,nurse8-0,nursingItem8-3,read> 7.57654564580215E-4
<102,doctor4-0,HR1-6,addItem> 1.684899692719308E-4
<103,nurse6-2,nursingItem6-7,read> 1.4510659329795896E-4
<104,nurse5-3,nursingItem5-4,read> 7.447498058819055E-4
<105,patient5-9,HR5-9,addNote> 0.0014101440515030881
<106,doctor9-1,HRitem2-0-1,read> 9.21572011574997E-5
<107,nurse6-2,nursingItem6-6,read> 1.472102225574884E-4
<108,patient2-5,noteItem2-5,read> 0.00162428098777006
<109,nurse0-0,nursingItem0-8,read> 0.0013465736171207974
<110,doctor0-0,HR0-5,addItem> 3.7464995392341336E-4
<111,nurse6-2,nursingItem6-5,read> 2.432162605697226E-4
<112,agent7-1,noteItem7-8agent7-1,read> 4.014486079271285E-4
<113,patient9-9,HR9-9,addNote> 0.0013198848034015457
<114,nurse6-2,nursingItem6-4,read> 1.430029640384295E-4
<115,patient9-1,noteItem9-1,read> 0.0027646297317384613
<116,nurse4-3,nursingItem4-4,read> 0.0012637486197187367
<117,nurse6-2,nursingItem6-9,read> 2.5967966147321997E-4
<118,nurse6-2,nursingItem6-8,read> 1.5141748107654732E-4
<119,doctor0-0,HR6-1,addItem> 1.13065306837264E-4
<120,nurse8-1,HR8-5,addItem> 1.1218161385521174E-4
<121,nurse7-3,HR7-8,addItem> 1.3289703356944468E-4
<122,patient3-2,noteItem3-2,read> 0.0042408346126290635
<123,nurse8-1,HR8-4,addItem> 1.09679034088341E-4
<124,doctor9-0,HR9-5,addItem> 2.64051027586448E-4
<125,patient9-3,noteItem9-3,read> 0.0027880615552446615
<126,patient6-0,noteItem6-0,read> 0.004404857377172462
<127,doctor1-1,HRitem1-1-3,read> 5.643857101442292E-4
<128,nurse8-1,HR8-3,addItem> 1.1051322734396461E-4
<129,patient3-4,noteItem3-4,read> 0.004209592181287463
<130,nurse8-1,HR8-2,addItem> 1.142670969942707E-4
<131,nurse3-2,nursingItem3-0,read> 5.110286521209028E-4
<132,nurse8-1,HR8-9,addItem> 1.0884484083271745E-4
<133,patient8-9,noteItem8-9,read> 0.0020929174578940605
<134,nurse9-2,nursingItem9-3,read> 6.586352104407528E-4
<135,doctor1-1,HRitem1-5-1,read> 6.317325015370216E-4
<136,agent3-01,HR3-7,addNote> 9.560654149117662E-4
<137,patient4-7,noteItem4-7,read> 0.004217402789122864
<138,patient2-4,noteItem2-4,read> 0.0016399022034408605
<139,agent1-11,noteItem1-4agent1-1,read> 0.0013450210333751105
<140,patient1-4,HR1-4,addNote> 0.0016057057557230963
<141,nurse2-3,nursingItem2-5,read> 8.961960116947183E-4
<142,nurse8-1,HR8-8,addItem> 1.0801064757709387E-4
<143,nurse2-2,nursingItem2-7,read> 9.067325427214674E-4
<144,agent2-11,HR2-0,addNote> 0.0011051438254681555
<145,patient2-0,HR2-0,addNote> 0.0015680977356807872
<146,agent4-1,noteItem4-4agent4-1,read> 0.0028858669575338933
<147,patient0-6,noteItem0-6agent0-0,read> 0.004993247497503639
<148,nurse5-2,HR5-4,addItem> 1.4029045982230266E-4
<149,patient0-1,noteItem0-1,read> 0.0015774173407576604
<150,nurse2-1,HR2-0,addItem> 1.575899216952831E-4
<151,nurse8-1,HR8-7,addItem> 1.0842774420490568E-4
<152,nurse2-1,HR2-1,addItem> 1.5796787294147945E-4
<153,nurse2-0,HR2-9,addItem> 1.5786922725043425E-4
<154,patient2-6,HR2-6,addNote> 0.0015380113196469395
<155,nurse8-1,HR8-6,addItem> 1.1134742059958815E-4
<156,nurse2-1,HR2-2,addItem> 1.5872377543387213E-4
<157,patient1-8,noteItem1-8,read> 0.00149150065456826
<158,nurse2-1,HR2-3,addItem> 1.5910172668006848E-4
<159,patient3-2,HR3-2,addNote> 0.0014214264575157808
<160,nurse2-1,HR2-4,addItem> 1.5985762917246116E-4
<161,nurse2-1,HR2-5,addItem> 1.5494426297190872E-4
<162,agent8-11,noteItem8-3agent8-1,read> 0.001779748511644275
<163,nurse2-1,HR2-6,addItem> 1.5456631172571235E-4
<164,patient8-3,noteItem8-3,read> 0.002124159889235661
<165,nurse8-1,HR8-1,addItem> 1.1510129024989422E-4
<166,nurse2-1,HR2-7,addItem> 1.5570016546430138E-4
<167,nurse8-1,HR8-0,addItem> 1.1301580711083531E-4
<168,doctor5-1,HR5-6,addItem> 2.7351714667361767E-4
<169,nurse5-0,nursingItem5-8,read> 7.423436611022831E-4
<170,nurse2-1,HR2-8,addItem> 1.553222142181051E-4
<171,nurse2-1,HR2-9,addItem> 1.5683401920289043E-4
<172,nurse9-3,nursingItem9-6,read> 6.615837597735427E-4
<173,patient1-4,noteItem1-4,read> 0.00138996275270806
<174,nurse5-2,nursingItem5-5,read> 0.0013115571680401437
<175,nurse6-3,nursingItem6-1,read> 1.755408249197171E-4
<176,nurse3-3,nursingItem3-1,read> 5.223686739369054E-4
<177,nurse6-3,nursingItem6-0,read> 1.7448308457372833E-4
<178,patient4-4,noteItem4-4agent4-1,read> 0.004226633526409706
<179,patient2-8,HR2-8,addNote> 0.0015455329236554016
<180,nurse6-3,nursingItem6-2,read> 3.064006783541713E-4
<181,nurse6-3,nursingItem6-4,read> 1.4380861454005444E-4
<182,nurse6-3,nursingItem6-3,read> 1.7765630561169464E-4
<183,agent9-1,noteItem9-2,read> 0.0020019710518451466
<184,patient8-9,HR8-9,addNote> 9.814126230207625E-4
<185,nurse6-3,nursingItem6-6,read> 2.568504813056305E-4
<186,doctor3-0,HRitem3-0-3,read> 5.846504368335991E-4
<187,patient0-0,noteItem0-0,read> 0.0016086597720992603
<188,nurse5-3,nursingItem5-9,read> 7.542713186413309E-4
<189,nurse5-3,nursingItem5-0,read> 0.0012993853086931836
<190,patient5-3,noteItem5-3,read> 0.004443910416349463
<191,nurse0-1,nursingItem0-8,read> 7.793813101835613E-4
<192,doctor2-1,HR1-6,addItem> 1.7037957640395244E-4
<193,nurse8-0,nursingItem8-7,read> 0.0012571820694112941
<194,patient1-0,noteItem1-0agent1-0,read> 0.0021166868169768638
<195,nurse0-2,nursingItem0-4,read> 7.602862870020612E-4
<196,patient5-0,noteItem5-0,read> 0.004514205886868064
<197,nurse8-0,HR8-9,addItem> 1.0824182232394892E-4
<198,nurse6-3,nursingItem6-5,read> 1.4063539350208818E-4
<199,patient5-5,HR5-5,addNote> 0.0013951008434861644
<200,patient5-2,noteItem5-2,read> 0.004490774063361864
<201,patient5-4,noteItem5-4,read> 0.004459531632020263
<202,nurse6-3,nursingItem6-8,read> 1.522705373079645E-4
<203,nurse6-3,nursingItem6-7,read> 2.5318009633907196E-4
<204,nurse6-3,nursingItem6-9,read> 1.50155056615987E-4
<205,patient4-9,noteItem4-9,read> 0.004186160357781263
<206,nurse8-0,HR8-2,addItem> 1.1363403828516115E-4
<207,patient3-6,noteItem3-6,read> 0.004178349749945864
<208,patient0-7,noteItem0-7,read> 0.0017336294974656604
<209,nurse8-0,HR8-1,addItem> 1.1446360997150147E-4
<210,nurse8-0,HR8-4,addItem> 1.0907139401028924E-4
<211,nurse8-0,HR8-3,addItem> 1.0990096569662961E-4
<212,nurse3-3,HR3-1,addItem> 1.4525139216093504E-4
<213,nurse0-0,nursingItem0-3,read> 7.659833565983017E-4
<214,nurse7-2,HR7-5,addItem> 1.2434176499517634E-4
<215,nurse8-0,HR8-6,addItem> 1.1073053738296993E-4
<216,nurse3-3,HR3-0,addItem> 1.46015957006173E-4
<217,patient1-1,HR1-1,addNote> 0.001616988161735789
<218,nurse2-0,HR2-0,addItem> 1.5863011919822227E-4
<219,nurse5-3,nursingItem5-3,read> 7.436918600197471E-4
<220,nurse8-0,HR8-5,addItem> 1.1156010906931027E-4
<221,nurse3-3,HR3-3,addItem> 1.4372226247045912E-4
<222,doctor2-1,HRitem5-7-0,read> 1.260970677466903E-4
<223,doctor7-0,HRitem7-2-0,read> 6.349394916033451E-4
<224,nurse8-0,HR8-8,addItem> 1.0741225063760858E-4
<225,nurse3-3,HR3-2,addItem> 1.4448682731569708E-4
<226,agent8-11,noteItem8-3,read> 0.0010277287919580804
<227,doctor1-1,HR5-3,addItem> 2.456502447015141E-4
<228,nurse8-0,HR8-7,addItem> 1.0782703648077876E-4
<229,nurse3-3,HR3-5,addItem> 1.4792736911926787E-4
<230,patient7-1,noteItem7-1,read> 0.0016945764582886602
<231,nurse1-3,HR1-9,addItem> 1.4904443485141093E-4
<232,nurse2-0,HR2-3,addItem> 1.601519030937983E-4
<233,nurse1-2,HR1-3,addItem> 1.5826444121077947E-4
<234,nurse3-3,HR3-4,addItem> 1.475450866966489E-4
<235,doctor1-0,HRitem7-4-3,read> 1.859608823180614E-4
<236,nurse2-0,HR2-4,addItem> 1.609127950415863E-4
<237,nurse3-2,HR3-7,addItem> 1.4455815287094974E-4
<238,doctor8-0,HRitem4-1-1,read> 3.3632572810084096E-4
<239,patient6-3,noteItem6-3,read> 0.004389236161501663
<240,nurse3-3,HR3-7,addItem> 1.4716280427402991E-4
<241,nurse2-0,HR2-1,addItem> 1.5901056517211628E-4
<242,nurse3-3,HR3-6,addItem> 1.4639823942879198E-4
<243,patient7-4,HR7-4,addNote> 0.0012672335753423128
<244,nurse2-0,HR2-2,addItem> 1.5977145711990428E-4
<245,patient9-6,HR9-6,addNote> 0.0013010807933803911
<246,doctor5-1,HRitem5-4-2,read> 1.656499452313462E-4
<247,nurse2-0,HR2-7,addItem> 1.5672788932875222E-4
<248,nurse3-3,HR3-9,addItem> 1.494564988097438E-4
<249,nurse2-0,HR2-8,addItem> 1.5634744335485824E-4
<250,nurse1-0,nursingItem1-6,read> 0.0013685266162381101
<251,agent5-11,noteItem5-7agent5-1,read> 9.641743635847679E-4
<252,nurse3-3,HR3-8,addItem> 1.4907421638712481E-4
<253,patient8-2,HR8-2,addNote> 0.0010303030490757645
<254,agent9-0,noteItem9-5agent9-0,read> 0.0012252613929876134
<255,nurse2-0,HR2-5,addItem> 1.5596699738096423E-4
<256,patient4-1,noteItem4-1,read> 0.004264266436135263
<257,nurse8-0,HR8-0,addItem> 1.123896807556506E-4
<258,nurse2-0,HR2-6,addItem> 1.555865514070702E-4
<259,agent4-11,HR4-4,addNote> 6.933162227925763E-4
<260,nurse1-0,nursingItem1-4,read> 0.0013870965482727766
<261,doctor8-1,HR2-5,addItem> 3.236550912641909E-4
<262,patient9-0,noteItem9-0,read> 0.0027490085160676615
<263,doctor2-1,HR5-3,addItem> 4.140086678614303E-4
<264,agent4-1,noteItem4-4,read> 0.002221442468388138
<265,patient2-0,noteItem2-0agent2-1,read> 4.498289165249185E-4
<266,doctor6-0,HRitem2-5-3,read> 7.300801969042742E-4
<267,agent4-01,noteItem4-0agent4-0,read> 0.002192137500344521
<268,patient1-9,noteItem1-9,read> 0.0016477128112762603
<269,agent0-01,noteItem0-6,read> 8.870537188362114E-4
<270,patient3-5,noteItem3-5,read> 0.004193970965616663
<271,nurse8-3,HR8-2,addItem> 9.14769834663275E-5
<272,nurse8-3,HR8-3,addItem> 8.84718080399052E-5
<273,patient5-6,noteItem5-6,read> 0.004428289200678663
<274,nurse8-0,nursingItem8-0,read> 0.0012745903216705955
<275,nurse8-3,HR8-0,addItem> 9.047525832418671E-5
<276,patient7-4,noteItem7-4,read> 0.00138215214487266
<277,agent8-01,noteItem8-9agent8-0,read> 0.0012560507692312669
<278,patient1-0,HR1-0,addNote> 0.0016132273597315582
<279,nurse0-3,nursingItem0-1,read> 7.819667861905654E-4
<280,nurse8-3,HR8-1,addItem> 9.214480022775467E-5
<281,doctor2-1,HR2-4,addItem> 3.2667240065961363E-4
<282,nurse8-3,HR8-8,addItem> 8.646835775562361E-5
<283,nurse8-3,HR8-9,addItem> 8.713617451705081E-5
<284,nurse8-3,HR8-6,addItem> 8.913962480133234E-5
<285,nurse8-3,HR8-7,addItem> 8.680226613633722E-5
<286,doctor0-1,HR4-9,addItem> 2.776995293335193E-4
<287,nurse8-3,HR8-4,addItem> 8.780399127847798E-5
<288,patient5-5,noteItem5-5,read> 0.004412667985007863
<289,agent0-0,noteItem0-6agent0-0,read> 0.0032942151089329088
<290,patient9-3,HR9-3,addNote> 0.0013612536254480859
<291,patient9-2,noteItem9-2agent9-1,read> 0.004669722335390603
<292,patient3-1,HR3-1,addNote> 0.0014289480615242427
<293,nurse8-1,nursingItem8-8,read> 0.001249726594564308
<294,patient6-2,noteItem6-2agent6-1,read> 0.0030309970577310956
<295,nurse8-3,HR8-5,addItem> 8.980744156275953E-5
<296,nurse1-2,nursingItem1-0,read> 7.574299918014525E-4
<297,doctor6-1,HRitem9-0-3,read> 6.659403955778053E-4
<298,patient6-0,HR6-0,addNote> 2.969466582507336E-4
<299,nurse7-1,nursingItem7-8,read> 2.665196284713132E-4
<300,doctor6-1,HR9-8,addItem> 6.694684087107676E-4
<301,doctor5-1,HRitem6-7-0,read> 1.7420191874154212E-4
<302,patient9-4,noteItem9-4,read> 0.0027724403395738614
<303,nurse8-2,HR8-0,addItem> 9.172751103455609E-5
<304,agent1-0,HR1-0,addNote> 8.64475689021033E-4
<305,nurse8-2,HR8-1,addItem> 9.342016078454019E-5
<306,nurse2-0,nursingItem2-5,read> 5.251644015500406E-4
<307,nurse8-2,HR8-2,addItem> 9.274310088454658E-5
<308,agent0-1,HR0-8,addNote> 7.122618145743699E-4
<309,nurse8-2,HR8-7,addItem> 8.800368158459103E-5
<310,nurse8-2,HR8-8,addItem> 8.766515163459419E-5
<311,nurse2-1,nursingItem2-6,read> 5.248829103752825E-4
<312,patient3-8,HR3-8,addNote> 0.0014665560815665518
<313,patient9-8,HR9-8,addNote> 0.0013161240013973149
<314,nurse8-2,HR8-9,addItem> 8.834221153458785E-5
<315,doctor6-1,HR5-1,addItem> 3.7579555498520233E-4
<316,nurse8-2,HR8-3,addItem> 8.969633133457515E-5
<317,nurse8-2,HR8-4,addItem> 8.901927143458149E-5
<318,nurse7-0,nursingItem7-3,read> 1.5908246244432064E-4
<319,nurse8-2,HR8-5,addItem> 9.105045113456244E-5
<320,nurse5-0,nursingItem5-7,read> 0.0012992293031071087
<321,nurse8-2,HR8-6,addItem> 9.037339123456877E-5
<322,doctor2-1,HRitem2-9-2,read> 2.6581157040780456E-4
<323,doctor9-1,HRitem1-0-3,read> 6.638024022002562E-4
<324,doctor1-0,HR7-0,addItem> 1.8444086572828877E-4
<325,patient4-8,noteItem4-8,read> 0.0042017815734520635
<326,doctor4-0,HR4-5,addItem> 2.0615087390964874E-4
<327,doctor5-1,HR8-5,addItem> 2.9933191813359276E-4
<328,patient6-7,noteItem6-7,read> 0.004451721024184863
<329,doctor7-1,HR7-0,addItem> 3.4838830193121206E-4
<330,patient1-7,noteItem1-7,read> 0.00152274308590986
<331,doctor1-0,HR7-9,addItem> 1.4884518156746502E-4
<332,doctor1-0,HR7-4,addItem> 1.866566488730661E-4
<333,patient4-1,HR4-1,addNote> 0.0011017582871561521
<334,doctor1-0,HR7-3,addItem> 1.8499481151448315E-4
<335,patient4-8,HR4-8,addNote> 0.0010603894651096118
<336,patient4-0,noteItem4-0agent4-0,read> 0.004057837789655079
<337,doctor1-0,HR7-2,addItem> 1.4665601355813842E-4
<338,nurse4-3,nursingItem4-0,read> 7.156821820604206E-4
<339,doctor1-0,HR7-1,addItem> 1.4534251275254243E-4
<340,doctor7-1,HR7-4,addItem> 3.525736700935693E-4
<341,doctor1-0,HR7-8,addItem> 1.8887243201784346E-4
<342,doctor7-1,HR1-1,addItem> 3.985062540609208E-4
<343,nurse3-2,nursingItem3-3,read> 8.849187070270355E-4
<344,doctor6-1,HRitem6-8-3,read> 2.672046306649223E-4
<345,doctor1-0,HR7-7,addItem> 1.8721059465926046E-4
<346,doctor1-0,HR7-6,addItem> 1.4840734796559972E-4
<347,doctor1-0,HR7-5,addItem> 1.861027030868718E-4
<348,doctor9-1,HRitem1-9-0,read> 7.258042101491762E-4
<349,agent8-0,noteItem8-9agent8-0,read> 0.0015649838282475468
<350,nurse9-2,HR9-9,addItem> 1.3198848034015457E-4
<351,patient4-5,HR4-5,addNote> 0.0010679110691180736
<352,nurse0-3,nursingItem0-2,read> 7.621028869925876E-4
<353,nurse9-2,HR9-7,addItem> 1.3086023973888532E-4
<354,patient5-1,HR5-1,addNote> 0.001462795279562321
<355,nurse9-2,HR9-8,addItem> 1.3161240013973152E-4
<356,patient2-7,HR2-7,addNote> 0.0015492937256596322
<357,patient7-8,noteItem7-8,read> 0.0014836900467328602
<358,nurse0-1,nursingItem0-0,read> 0.001375427592526263
<359,nurse9-2,HR9-5,addItem> 1.3800576354692408E-4
<360,nurse9-2,nursingItem9-0,read> 6.984915777635559E-4
<361,agent2-1,noteItem2-0,read> 7.861134862353263E-4
<362,nurse9-2,HR9-6,addItem> 1.3010807933803913E-4
<363,nurse9-2,HR9-3,addItem> 1.3612536254480862E-4
<364,doctor3-0,HR3-8,addItem> 0.0010265892570965865
<365,patient0-6,noteItem0-6,read> 0.0017258188896302601
<366,nurse9-2,HR9-4,addItem> 1.368775229456548E-4
<367,nurse9-2,HR9-1,addItem> 1.3462104174311623E-4
<368,doctor4-0,HRitem5-4-3,read> 1.677879386088952E-4
<369,nurse9-2,HR9-2,addItem> 1.3537320214396245E-4
<370,doctor6-0,HRitem2-0-2,read> 3.356204187464894E-4
<371,agent4-01,noteItem4-0,read> 0.0020781533160267583
<372,patient6-4,noteItem6-4,read> 0.004467342239855663
<373,nurse5-0,nursingItem5-3,read> 0.0012774227852858575
<374,patient4-2,noteItem4-2,read> 0.004357993730160063
<375,nurse9-2,HR9-0,addItem> 1.3386888134227007E-4
<376,doctor7-1,HRitem6-5-3,read> 1.4106302138953305E-4
<377,doctor8-1,HRitem8-1-2,read> 4.6991312777378404E-5
<378,agent6-01,HR6-6,addNote> 2.0792305559936614E-4
<379,doctor4-0,HRitem1-2-1,read> 2.7016271422432834E-4
<380,patient7-0,noteItem7-0agent7-0,read> 8.014867014303922E-4
<381,agent2-01,HR2-2,addNote> 0.0011325684048337438
<382,agent9-01,noteItem9-5,read> 8.319046489814017E-4
<383,doctor4-1,HR4-2,addItem> 2.1044314767134183E-4
<384,nurse9-1,HR9-6,addItem> 1.288748274011857E-4
<385,nurse9-1,HR9-7,addItem> 1.296198583195594E-4
<386,patient7-0,HR7-0,addNote> 0.001252190367325389
<387,nurse9-1,HR9-8,addItem> 1.303648892379331E-4
<388,nurse9-1,HR9-9,addItem> 1.3073740469711994E-4
<389,nurse9-1,HR9-2,addItem> 1.3409004382980167E-4
<390,patient0-8,HR0-8,addNote> 0.001105519089160383
<391,patient7-9,noteItem7-9,read> 0.0015461749094160602
<392,agent5-0,noteItem5-0,read> 0.0022628848491060664
<393,nurse5-3,HR5-8,addItem> 1.4299575542587602E-4
<394,nurse0-1,HR0-7,addItem> 1.1238120547156402E-4
<395,nurse9-1,HR9-3,addItem> 1.3483507474817537E-4
<396,nurse6-1,nursingItem6-0,read> 1.7252809202948486E-4
<397,nurse9-1,HR9-4,addItem> 1.3558010566654908E-4
<398,nurse9-1,HR9-5,addItem> 1.3669765204410962E-4
<399,nurse9-1,HR9-0,addItem> 1.3259998199305424E-4
<400,doctor8-1,HR2-6,addItem> 3.228656083705695E-4
<401,nurse9-1,HR9-1,addItem> 1.3334501291142794E-4
<402,nurse7-0,nursingItem7-0,read> 2.8708769575326457E-4
<403,doctor9-0,HR1-2,addItem> 6.825578147947917E-5
<404,patient3-1,noteItem3-1,read> 0.004248645220464463
<405,patient3-3,noteItem3-3,read> 0.004225213396958263
<406,doctor7-0,HRitem6-5-1,read> 1.4854599821095447E-4
<407,agent6-11,noteItem6-2,read> 0.0019022811460830632
<408,patient0-9,HR0-9,addNote> 0.001097997485151921
<409,nurse9-3,HR9-4,addItem> 1.3428268838744335E-4
<410,doctor0-1,HR0-5,addItem> 3.7025523305627653E-4
<411,doctor7-1,HRitem1-9-3,read> 7.268732068379507E-4
<412,patient5-8,noteItem5-8,read> 0.004397046769337063
<413,nurse1-0,nursingItem1-5,read> 0.0013722406026450435
<414,doctor7-0,HR6-9,addItem> 6.52091961809062E-5
<415,nurse9-3,HR9-5,addItem> 1.3538954054129518E-4
<416,doctor7-0,HR6-8,addItem> 5.841362211081611E-5
<417,nurse9-3,HR9-6,addItem> 1.2764157546433225E-4
<418,doctor7-0,HRitem7-6-3,read> 3.7089730947604735E-4
<419,nurse9-3,HR9-7,addItem> 1.2837947690023347E-4
<420,nurse9-3,HR9-8,addItem> 1.291173783361347E-4
<421,agent9-11,HR9-2,addNote> 4.926604139306041E-4
<422,nurse9-3,HR9-9,addItem> 1.294863290540853E-4
<423,nurse9-3,HR9-0,addItem> 1.313310826438384E-4
<424,nurse9-3,HR9-1,addItem> 1.3206898407973962E-4
<425,nurse9-3,HR9-2,addItem> 1.328068855156409E-4
<426,nurse2-2,nursingItem2-1,read> 5.140885500332456E-4
<427,nurse9-3,HR9-3,addItem> 1.335447869515421E-4
<428,patient3-7,noteItem3-7,read> 0.004350183122324664
<429,patient2-2,HR2-2,addNote> 0.0015793801416934799
<430,doctor2-1,HRitem5-8-2,read> 2.4261770682310917E-4
<431,doctor7-0,HR6-2,addItem> 6.45296387738972E-5
<432,doctor7-0,HR6-3,addItem> 6.249096655287016E-5
<433,nurse7-1,nursingItem7-2,read> 2.900960741994248E-4
<434,nurse9-0,nursingItem9-4,read> 6.806002045923663E-4
<435,patient0-6,HR0-6,addNote> 0.0010716718711223049
<436,doctor7-0,HR6-5,addItem> 5.977273692483412E-5
<437,nurse3-2,HR3-8,addItem> 1.46435734681158E-4
<438,nurse5-2,nursingItem5-1,read> 7.415337818200291E-4
<439,nurse3-3,nursingItem3-9,read> 9.493778602320323E-4
<440,nurse3-2,HR3-9,addItem> 1.4681125104319963E-4
<441,nurse3-2,HR3-3,addItem> 1.411785056125749E-4
<442,nurse9-3,nursingItem9-9,read> 6.656996330765212E-4
<443,nurse3-2,HR3-4,addItem> 1.4493366923299137E-4
<444,nurse3-2,HR3-5,addItem> 1.4530918559503304E-4
<445,nurse3-2,HR3-6,addItem> 1.4380712014686644E-4
<446,nurse3-2,HR3-0,addItem> 1.434316037848248E-4
<447,nurse3-2,HR3-1,addItem> 1.4268057106074148E-4
<448,nurse3-2,HR3-2,addItem> 1.4192953833665819E-4
<449,doctor7-1,HR6-9,addItem> 6.609790754282656E-5
<450,nurse6-0,nursingItem6-6,read> 1.4555151582444628E-4
<451,doctor7-1,HR6-8,addItem> 5.920971917535875E-5
<452,nurse6-0,nursingItem6-7,read> 1.4347158942981295E-4
<453,nurse9-2,nursingItem9-5,read> 6.733191352438908E-4
<454,nurse6-0,nursingItem6-8,read> 1.4971136861371298E-4
<455,patient2-1,HR2-1,addNote> 0.001571858537685018
<456,doctor9-1,HRitem2-4-0,read> 1.3707517761511788E-4
<457,doctor5-0,HR9-7,addItem> 6.180210360745111E-4
<458,nurse6-0,nursingItem6-9,read> 1.4763144221907967E-4
<459,nurse9-0,HR9-2,addItem> 1.392226770864448E-4
<460,nurse9-1,nursingItem9-6,read> 6.679758733945431E-4
<461,agent4-0,HR4-0,addNote> 7.464958821489747E-4
<462,doctor7-1,HR6-5,addItem> 6.058735684885231E-5
<463,agent8-1,noteItem8-3,read> 0.0011145235459814112
<464,nurse6-0,nursingItem6-2,read> 1.736305221519965E-4
<465,nurse6-0,nursingItem6-3,read> 1.7467048534931324E-4
<466,doctor7-1,HR6-3,addItem> 6.334263219583944E-5
<467,nurse6-0,nursingItem6-4,read> 2.4709275986763845E-4
<468,nurse2-2,nursingItem2-9,read> 9.140308007998829E-4
<469,doctor7-1,HR6-2,addItem> 6.540908870607978E-5
<470,nurse6-0,nursingItem6-5,read> 1.3827177344322958E-4
<471,doctor2-0,HRitem2-8-2,read> 4.6283102471065304E-4
<472,nurse6-0,nursingItem6-0,read> 1.7155059575736317E-4
<473,nurse6-0,nursingItem6-1,read> 1.7259055895467985E-4
<474,agent6-0,noteItem6-6,read> 0.002358826720877162
<475,nurse0-0,nursingItem0-4,read> 0.001339254867913777
<476,doctor3-1,HR1-5,addItem> 3.806531261086466E-4
<477,doctor7-1,HRitem6-2-1,read> 4.703140015320744E-4
<478,patient2-9,HR2-9,addNote> 0.0015605761316723253
<479,doctor5-1,HR5-5,addItem> 2.6633743375644955E-4
<480,nurse3-1,HR3-8,addItem> 1.4731522858314693E-4
<481,nurse3-1,HR3-9,addItem> 1.4769300029871435E-4
<482,doctor7-1,HR1-3,addItem> 3.947988598958032E-4
<483,nurse8-0,nursingItem8-1,read> 7.59968160807701E-4
<484,patient4-4,noteItem4-4,read> 0.004311130083147663
<485,nurse3-1,HR3-6,addItem> 1.4467082657417495E-4
<486,nurse3-1,HR3-7,addItem> 1.454263700053098E-4
<487,nurse3-1,HR3-4,addItem> 1.4580414172087722E-4
<488,nurse8-2,nursingItem8-4,read> 0.0011223983269167785
<489,nurse3-1,HR3-5,addItem> 1.4618191343644462E-4
<490,nurse3-1,HR3-2,addItem> 1.4278196799633782E-4
<491,nurse3-1,HR3-3,addItem> 1.4202642456520297E-4
<492,nurse3-1,HR3-0,addItem> 1.4429305485860752E-4
<493,nurse3-1,HR3-1,addItem> 1.4353751142747267E-4
<494,nurse6-1,nursingItem6-9,read> 1.4847264701804875E-4
<495,nurse6-1,nursingItem6-7,read> 1.4428909136388597E-4
<496,nurse1-2,nursingItem1-7,read> 7.69864571841287E-4
<497,nurse5-1,nursingItem5-6,read> 0.0013053871728466223
<498,nurse6-1,nursingItem6-8,read> 2.6248513877591336E-4
<499,doctor3-0,HR0-4,addItem> 7.607005553974598E-4
<500,nurse6-1,nursingItem6-5,read> 1.3905964679618245E-4
<501,nurse3-0,nursingItem3-2,read> 5.028493380425645E-4
<502,nurse6-1,nursingItem6-6,read> 1.4638086919096735E-4
<503,nurse6-1,nursingItem6-3,read> 1.75665758770107E-4
<504,nurse8-2,nursingItem8-1,read> 6.202525657845583E-4
<505,nurse2-0,nursingItem2-9,read> 5.315305665322112E-4
<506,nurse0-2,nursingItem0-5,read> 7.582088838156263E-4
<507,nurse6-1,nursingItem6-4,read> 1.4219731353680453E-4
<508,nurse1-3,nursingItem1-7,read> 0.001342114206100799
<509,nurse0-0,nursingItem0-9,read> 7.733490027495532E-4
<510,patient7-5,noteItem7-5,read> 0.00146025822322666
<511,patient3-2,noteItem3-2agent3-1,read> 0.0022573499309390534
<512,nurse4-2,nursingItem4-3,read> 0.0012774020191626836
<513,nurse6-1,nursingItem6-1,read> 3.0259864189420045E-4
<514,nurse2-3,nursingItem2-4,read> 5.124227948425557E-4
<515,nurse5-1,nursingItem5-4,read> 7.362139914878434E-4
<516,nurse6-1,nursingItem6-2,read> 1.746198698565663E-4
<517,patient4-6,noteItem4-6,read> 0.004233024004793663
<518,nurse3-0,HR3-1,addItem> 1.4010974996054795E-4
<519,nurse3-1,nursingItem3-3,read> 5.10937185537118E-4
<520,agent8-01,noteItem8-9,read> 0.001032553048309635
<521,nurse3-0,HR3-2,addItem> 1.393722493576193E-4
<522,doctor3-1,HR3-3,addItem> 4.2017678062964705E-4
<523,nurse3-0,HR3-3,addItem> 1.3863474875469066E-4
<524,nurse3-0,HR3-4,addItem> 1.4232225176933388E-4
<525,patient7-1,HR7-1,addNote> 0.0012484295653211583
<526,nurse3-0,HR3-5,addItem> 1.426910020707982E-4
<527,nurse9-0,HR9-0,addItem> 1.3767557938991758E-4
<528,nurse8-3,nursingItem8-0,read> 6.136474311508887E-4
<529,nurse3-0,HR3-6,addItem> 1.4121600086494093E-4
<530,agent3-1,noteItem3-2,read> 0.002151464585474241
<531,nurse3-0,HR3-7,addItem> 1.4195350146786954E-4
<532,patient8-5,HR8-5,addNote> 0.00101149903905461
<533,nurse3-0,HR3-8,addItem> 1.4379725297519118E-4
<534,doctor9-1,HRitem9-1-0,read> 7.739090611440282E-4
<535,nurse9-0,HR9-4,addItem> 1.40769774782972E-4
<536,nurse0-2,nursingItem0-7,read> 7.613249885952785E-4
<537,nurse9-0,HR9-3,addItem> 1.399962259347084E-4
<538,nurse9-0,HR9-1,addItem> 1.3844912823818116E-4
<539,nurse9-0,HR9-8,addItem> 1.3535493284512674E-4
<540,nurse5-3,HR5-4,addItem> 1.4109905036882887E-4
<541,nurse1-2,HR1-4,addItem> 1.586359903244505E-4
<542,nurse9-0,HR9-7,addItem> 1.3458138399686313E-4
<543,patient0-8,noteItem0-8agent0-1,read> 0.0036288152920704014
<544,nurse9-0,HR9-6,addItem> 1.338078351485995E-4
<545,nurse3-3,nursingItem3-2,read> 5.213025247597228E-4
<546,doctor9-1,HR1-0,addItem> 1.3564473835376E-4
<547,doctor4-1,HR8-2,addItem> 3.546181435518152E-4
<548,patient1-0,noteItem1-0,read> 0.0018273567914904602
<549,nurse3-0,HR3-0,addItem> 1.4084725056347659E-4
<550,nurse5-2,HR5-2,addItem> 1.4104479409713972E-4
<551,doctor5-1,HRitem8-8-2,read> 3.463103856342342E-4
<552,nurse9-0,HR9-5,addItem> 1.4193009805536742E-4
<553,nurse9-0,HR9-9,addItem> 1.357417072692585E-4
<554,nurse3-0,HR3-9,addItem> 1.4416600327665552E-4
<555,nurse4-3,nursingItem4-1,read> 7.177537459957097E-4
<556,agent1-01,noteItem1-0,read> 0.0010832588394581863
<557,doctor6-1,HR9-0,addItem> 6.809463764276803E-4
<558,doctor6-1,HR9-5,addItem> 7.019893172420204E-4
<559,patient0-4,HR0-4,addNote> 0.0010867150791392284
<560,doctor5-0,HR7-1,addItem> 1.9425142180577897E-4
<561,patient9-7,noteItem9-7,read> 0.0028583570257632615
<562,doctor5-0,HR7-2,addItem> 1.9600692605706757E-4
<563,patient7-0,noteItem7-0,read> 0.0016555234191116602
<564,nurse1-0,nursingItem1-0,read> 0.0013573846570173102
<565,nurse7-3,HR7-9,addItem> 1.325072585718073E-4
<566,nurse4-1,nursingItem4-8,read> 0.001317734736787331
<567,patient5-3,HR5-3,addNote> 0.0014026224474946265
<568,nurse1-3,nursingItem1-0,read> 7.52151734018864E-4
<569,nurse4-1,nursingItem4-4,read> 7.35560537094041E-4
<570,nurse8-2,nursingItem8-7,read> 6.136436718255422E-4
<571,nurse7-3,HR7-4,addItem> 1.3133793357889516E-4
<572,nurse7-3,HR7-5,addItem> 1.3094815858125778E-4
<573,nurse7-3,HR7-6,addItem> 1.3211748357416995E-4
<574,nurse7-3,HR7-7,addItem> 1.3172770857653254E-4
<575,nurse7-3,HR7-0,addItem> 1.2977883358834564E-4
<576,nurse3-1,nursingItem3-0,read> 5.140978932747822E-4
<577,nurse7-3,HR7-1,addItem> 1.2938905859070826E-4
<578,nurse7-3,HR7-2,addItem> 1.3055838358362043E-4
<579,doctor5-0,HR7-6,addItem> 1.98347598392119E-4
<580,nurse7-3,HR7-3,addItem> 1.3016860858598305E-4
<581,doctor4-1,HR4-1,addItem> 2.1188969945255687E-4
<582,doctor5-0,HR7-9,addItem> 1.989327664758818E-4
<583,patient0-3,HR0-3,addNote> 0.0010791934751307663
<584,doctor3-0,HRitem0-4-0,read> 5.066598889504069E-4
<585,nurse8-3,nursingItem8-4,read> 6.071287610001868E-4
<586,agent1-1,HR1-4,addNote> 0.0010072004107658146
<587,doctor6-0,HR2-5,addItem> 3.201434627875451E-4
<588,patient0-1,HR0-1,addNote> 0.0010415854550884574
<589,nurse1-2,nursingItem1-8,read> 0.00134385178172788
<590,agent1-01,HR1-0,addNote> 0.0012327198786299925
<591,patient6-6,noteItem6-6agent6-0,read> 3.021326468646195E-4
<592,patient8-3,HR8-3,addNote> 9.964558310376862E-4
<593,nurse4-0,nursingItem4-0,read> 0.0012709305950780324
<594,patient4-0,noteItem4-0,read> 0.004272077043970663
<595,nurse7-0,HR7-9,addItem> 1.2677721495789134E-4
<596,agent3-0,noteItem3-7agent3-0,read> 5.90753380206915E-4
<597,patient0-7,HR0-7,addNote> 0.0011130406931688448
<598,patient2-7,noteItem2-7,read> 0.0015852279485930605
<599,nurse5-3,nursingItem5-1,read> 7.458077517440638E-4
<600,doctor6-0,HRitem2-9-0,read> 3.6769031940972393E-4
<601,nurse5-0,HR5-9,addItem> 1.3979173689756047E-4
<602,nurse8-0,nursingItem8-8,read> 7.449297853290428E-4
<603,nurse5-0,HR5-5,addItem> 1.3830045933981342E-4
<604,nurse7-0,HR7-0,addItem> 1.2416677591966044E-4
<605,nurse5-0,HR5-6,addItem> 1.420286532341811E-4
<606,nurse5-0,HR5-7,addItem> 1.4128301445530752E-4
<607,nurse5-0,HR5-8,addItem> 1.4053737567643404E-4
<608,nurse5-0,HR5-1,addItem> 1.450112083496752E-4
<609,nurse5-0,HR5-2,addItem> 1.3941891750812372E-4
<610,nurse4-1,nursingItem4-0,read> 7.292282170521005E-4
<611,nurse5-0,HR5-3,addItem> 1.3904609811868696E-4
<612,nurse5-0,HR5-4,addItem> 1.3867327872925018E-4
<613,nurse7-0,HR7-8,addItem> 1.2715013482049575E-4
<614,nurse7-0,HR7-7,addItem> 1.260313752326825E-4
<615,nurse7-0,HR7-6,addItem> 1.2640429509528696E-4
<616,patient8-0,HR8-0,addNote> 0.0010190206430630716
<617,nurse5-0,HR5-0,addItem> 1.4463838896023844E-4
<618,nurse1-2,nursingItem1-1,read> 7.729732168512458E-4
<619,nurse7-0,HR7-5,addItem> 1.252855355074737E-4
<620,nurse7-0,HR7-4,addItem> 1.2565845537007808E-4
<621,agent9-0,noteItem9-5,read> 0.0020114126489456426
<622,agent5-11,HR5-7,addNote> 9.000650167374354E-4
<623,agent3-01,noteItem3-7,read> 0.002228645647823356
<624,nurse7-0,HR7-3,addItem> 1.2453969578226487E-4
<625,nurse7-0,HR7-2,addItem> 1.2491261564486928E-4
<626,nurse5-1,HR5-0,addItem> 1.4548176149061884E-4
<627,nurse7-0,HR7-1,addItem> 1.2379385605705602E-4
<628,doctor5-0,HR5-8,addItem> 3.2563216576715024E-4
<629,doctor6-0,HR2-1,addItem> 3.263907993924042E-4
<630,doctor6-0,HR2-0,addItem> 3.2560988231679675E-4
<631,doctor6-1,HR6-8,addItem> 5.4234112521967265E-5
<632,nurse9-3,nursingItem9-4,read> 6.492361398646075E-4
<633,agent7-01,noteItem7-0agent7-0,read> 2.79195052529768E-4
<634,nurse4-0,nursingItem4-7,read> 7.645392877434915E-4
<635,doctor6-1,HR6-9,addItem> 6.054346153082434E-5
<636,nurse5-3,nursingItem5-6,read> 7.574451562278061E-4
<637,doctor6-0,HR2-6,addItem> 3.1936254571193767E-4
<638,doctor6-0,HR2-3,addItem> 3.287335506192264E-4
<639,doctor6-0,HR2-4,addItem> 3.3029538477044113E-4
<640,patient8-3,noteItem8-3agent8-1,read> 0.003312323285655475
<641,nurse4-2,HR4-4,addItem> 1.0836816388933443E-4
<642,nurse4-2,HR4-3,addItem> 1.076206898461259E-4
<643,nurse4-2,HR4-6,addItem> 1.068732158029174E-4
<644,nurse4-2,HR4-5,addItem> 1.0612574175970889E-4
<645,nurse4-2,HR4-8,addItem> 1.0537826771650037E-4
<646,nurse4-2,HR4-7,addItem> 1.0463079367329186E-4
<647,nurse7-1,HR7-1,addItem> 1.2332758917925167E-4
<648,agent1-0,noteItem1-0agent1-0,read> 0.0012111920008563
<649,nurse7-1,HR7-0,addItem> 1.2369910444727002E-4
<650,nurse5-2,HR5-9,addItem> 1.4142196123455826E-4
<651,nurse4-2,HR4-9,addItem> 1.0388331963008335E-4
<652,nurse7-1,HR7-3,addItem> 1.2407061971528833E-4
<653,nurse7-1,HR7-2,addItem> 1.244421349833067E-4
<654,nurse7-1,HR7-5,addItem> 1.2481365025132502E-4
<655,doctor6-1,HR6-5,addItem> 5.549598232373868E-5
<656,nurse7-1,HR7-4,addItem> 1.2518516551934334E-4
<657,nurse7-1,HR7-7,addItem> 1.2555668078736168E-4
<658,nurse4-2,HR4-0,addItem> 1.1023684899735573E-4
<659,doctor9-1,HR9-6,addItem> 2.962877896463999E-4
<660,agent9-1,HR9-2,addNote> 0.001267191213940907
<661,doctor6-1,HR6-3,addItem> 5.8019721927281506E-5
<662,nurse7-1,HR7-6,addItem> 1.2592819605538002E-4
<663,nurse5-1,HR5-1,addItem> 1.458567547540465E-4
<664,doctor6-1,HR6-2,addItem> 5.991252662993864E-5
<665,nurse9-3,nursingItem9-5,read> 6.605547914477981E-4
<666,patient9-8,noteItem9-8,read> 0.0028349252022570617
<667,nurse7-1,HR7-9,addItem> 1.2629971132339834E-4
<668,nurse3-0,nursingItem3-3,read> 4.987357005093659E-4
<669,nurse8-1,nursingItem8-5,read> 0.0012671928478432397
<670,nurse4-2,HR4-2,addItem> 1.0874190091093869E-4
<671,nurse9-0,nursingItem9-1,read> 0.001176708496617056
<672,nurse7-1,HR7-8,addItem> 1.2667122659141666E-4
<673,doctor7-0,HR7-8,addItem> 3.519622780776955E-4
<674,nurse4-2,HR4-1,addItem> 1.0948937495414722E-4
<675,doctor6-0,HR6-8,addItem> 5.443313678810293E-5
<676,patient7-8,HR7-8,addNote> 0.0012822767833592366
<677,agent0-11,noteItem0-8agent0-1,read> 0.0020500250896470958
<678,doctor0-1,HR0-8,addItem> 3.8464889842615684E-4
<679,doctor6-0,HR6-9,addItem> 6.076563937130443E-5
<680,nurse8-3,nursingItem8-3,read> 0.0011191212328653052
<681,patient0-5,HR0-5,addNote> 0.0010641502671138428
<682,agent0-0,noteItem0-6,read> 8.534647656272672E-4
<683,nurse9-1,nursingItem9-3,read> 0.001140599771043465
<684,nurse4-3,HR4-7,addItem> 1.0397480123646872E-4
<685,nurse4-3,HR4-6,addItem> 1.0620316429318126E-4
<686,nurse4-3,HR4-5,addItem> 1.054603766076104E-4
<687,doctor3-1,HR7-6,addItem> 2.690177640900236E-4
<688,nurse4-3,HR4-4,addItem> 1.0768873966432293E-4
<689,nurse7-2,HR7-2,addItem> 1.2397165432174412E-4
<690,nurse7-2,HR7-1,addItem> 1.2286132230144735E-4
<691,nurse7-2,HR7-0,addItem> 1.2323143297487957E-4
<692,patient8-1,noteItem8-1,read> 0.002014811379540061
<693,nurse3-0,nursingItem3-6,read> 8.775734547768116E-4
<694,nurse4-3,HR4-9,addItem> 1.0323201355089789E-4
<695,nurse4-3,HR4-8,addItem> 1.0471758892203955E-4
<696,nurse0-1,nursingItem0-9,read> 7.783223082334733E-4
<697,nurse7-2,HR7-6,addItem> 1.2545209701547312E-4
<698,doctor6-0,HR6-3,addItem> 5.8232638338023825E-5
<699,doctor1-1,HR1-3,addItem> 2.129923260950468E-4
<700,nurse7-2,HR7-4,addItem> 1.2471187566860857E-4
<701,doctor3-0,HR0-9,addItem> 7.685982396063446E-4
<702,patient8-8,noteItem8-8,read> 0.0020772962422232607
<703,patient6-8,HR6-8,addNote> 3.232722722803501E-4
<704,nurse7-2,HR7-3,addItem> 1.2360154364831185E-4
<705,nurse9-1,nursingItem9-1,read> 6.586256829562552E-4
<706,doctor6-0,HR6-5,addItem> 5.569963730474322E-5
<707,patient8-7,noteItem8-7,read> 0.002061675026552461
<708,nurse4-3,HR4-3,addItem> 1.0694595197875207E-4
<709,nurse7-2,HR7-9,addItem> 1.2582220768890534E-4
<710,doctor6-1,HRitem5-6-1,read> 6.72354375710452E-4
<711,agent1-11,HR1-4,addNote> 0.0010802170716742105
<712,nurse4-3,HR4-2,addItem> 1.0806013350710836E-4
<713,nurse1-2,nursingItem1-5,read> 7.657197118280089E-4
<714,nurse7-2,HR7-8,addItem> 1.261923183623376E-4
<715,patient1-8,HR1-8,addNote> 0.0015304897156384778
<716,nurse4-3,HR4-1,addItem> 1.0880292119267919E-4
<717,doctor6-0,HR6-2,addItem> 6.013238911298427E-5
<718,agent9-11,noteItem9-2,read> 7.783291710268364E-4
<719,nurse1-1,nursingItem1-6,read> 7.7429044951226E-4
<720,patient5-6,HR5-6,addNote> 0.001432708863528474
<721,agent6-1,noteItem6-2agent6-1,read> 0.00226572169252573
<722,doctor6-0,HR1-2,addItem> 1.8212640228914688E-4
<723,nurse7-2,HR7-7,addItem> 1.2508198634204084E-4
<724,nurse4-3,HR4-0,addItem> 1.0954570887825003E-4
<725,nurse6-0,HR6-6,addItem> 3.3544839995577154E-5
<726,nurse5-3,HR5-1,addItem> 1.4754784756278907E-4
<727,patient3-3,HR3-3,addNote> 0.001413904853507319
<728,nurse4-0,HR4-0,addItem> 1.1231026935467275E-4
<729,nurse1-2,nursingItem1-3,read> 7.771180768645239E-4
<730,nurse6-0,HR6-5,addItem> 3.27990538354161E-5
<731,nurse5-3,HR5-0,addItem> 1.4716850655137963E-4
<732,nurse5-3,HR5-3,addItem> 1.4147839138023833E-4
<733,nurse6-0,HR6-8,addItem> 3.205326767525506E-5
<734,nurse5-3,HR5-2,addItem> 1.4185773239164774E-4
<735,nurse6-0,HR6-7,addItem> 3.130748151509401E-5
<736,nurse9-1,nursingItem9-0,read> 0.0012096215341110546
<737,nurse4-2,nursingItem4-9,read> 7.483400825381606E-4
<738,nurse0-3,nursingItem0-3,read> 7.610574186137466E-4
<739,nurse4-0,nursingItem4-2,read> 0.0012893243322075463
<740,nurse6-0,HR6-2,addItem> 3.540930539597977E-5
<741,nurse0-2,nursingItem0-9,read> 7.634023917817132E-4
<742,nurse6-0,HR6-1,addItem> 3.503641231589925E-5
<743,agent5-1,noteItem5-7,read> 0.0022721128766449374
<744,doctor7-1,HRitem1-3-0,read> 7.397011671032446E-4
<745,patient2-5,HR2-5,addNote> 0.0015417721216511708
<746,nurse1-3,HR1-8,addItem> 1.5015131461513468E-4
<747,nurse6-0,HR6-4,addItem> 3.466351923581873E-5
<748,agent3-01,noteItem3-7agent3-0,read> 5.080184999564424E-4
<749,nurse1-3,nursingItem1-3,read> 0.0013547593290117366
<750,nurse5-2,nursingItem5-2,read> 7.436375480903383E-4
<751,agent7-11,HR7-8,addNote> 5.434804562459444E-4
<752,nurse6-0,HR6-3,addItem> 3.42906261557382E-5
<753,nurse5-1,nursingItem5-1,read> 0.0012853311748467673
<754,nurse5-3,HR5-9,addItem> 1.4223707340305715E-4
<755,nurse4-0,HR4-7,addItem> 1.065987709837613E-4
<756,agent3-11,noteItem3-2agent3-1,read> 0.0012564391437469677
<757,agent7-0,noteItem7-0,read> 0.001150331685549778
<758,nurse4-0,HR4-8,addItem> 1.0736030409988282E-4
<759,patient8-8,HR8-8,addNote> 9.738910190123005E-4
<760,nurse6-0,HR6-0,addItem> 2.944301611469139E-5
<761,nurse4-0,HR4-5,addItem> 1.0812183721600436E-4
<762,doctor4-1,HRitem8-4-1,read> 1.6134433260706754E-4
<763,nurse4-0,HR4-6,addItem> 1.0888337033212588E-4
<764,patient2-2,noteItem2-2,read> 0.0016711446347824606
<765,nurse5-3,HR5-5,addItem> 1.4071970935741946E-4
<766,nurse4-0,HR4-3,addItem> 1.096449034482474E-4
<767,nurse4-0,HR4-4,addItem> 1.1040643656436894E-4
<768,nurse5-3,HR5-7,addItem> 1.4375443744869484E-4
<769,doctor4-0,HR5-6,addItem> 3.6131277400095184E-4
<770,nurse5-3,HR5-6,addItem> 1.445131194715137E-4
<771,nurse0-2,nursingItem0-1,read> 7.76905512493539E-4
<772,nurse4-0,HR4-2,addItem> 1.1078720312242969E-4
<773,nurse4-0,HR4-9,addItem> 1.058372378676398E-4
<774,nurse6-0,HR6-9,addItem> 3.57821984760603E-5
<775,nurse6-1,HR6-9,addItem> 3.598608564686406E-5
<776,nurse4-3,nursingItem4-6,read> 7.46755641089758E-4
<777,nurse6-1,HR6-8,addItem> 3.2235907377108365E-5
<778,agent1-01,noteItem1-0agent1-0,read> 0.0013934779336431838
<779,doctor3-0,HR0-6,addItem> 7.501703097856134E-4
<780,nurse4-1,HR4-0,addItem> 1.1161912923556706E-4
<781,nurse6-1,HR6-7,addItem> 3.148587172315722E-5
<782,nurse4-1,HR4-1,addItem> 1.1086228247708322E-4
<783,nurse6-1,HR6-6,addItem> 3.373597868501064E-5
<784,doctor4-1,HR2-2,addItem> 5.496891146136542E-4
<785,nurse6-1,HR6-5,addItem> 3.2985943031059495E-5
<786,nurse6-1,HR6-4,addItem> 3.486103216593735E-5
<787,nurse6-1,HR6-3,addItem> 3.4486014338961775E-5
<788,doctor6-1,HR5-9,addItem> 3.6226933040298185E-4
<789,agent0-1,noteItem0-8,read> 8.547907160554037E-4
<790,nurse6-1,HR6-2,addItem> 3.561106781988849E-5
<791,patient2-9,noteItem2-9,read> 0.0015383643015806604
<792,nurse2-3,nursingItem2-8,read> 5.165555839129485E-4
<793,nurse4-1,HR4-6,addItem> 1.0821331882238973E-4
<794,nurse1-1,nursingItem1-8,read> 7.78493077609347E-4
<795,agent7-1,HR7-8,addNote> 0.001123479362121063
<796,nurse6-1,HR6-1,addItem> 3.523604999291292E-5
<797,nurse4-0,nursingItem4-8,read> 7.634773661678308E-4
<798,nurse6-1,HR6-0,addItem> 2.9610782588279376E-5
<799,nurse8-3,nursingItem8-9,read> 6.00610090849485E-4
<800,nurse4-1,HR4-7,addItem> 1.0594277854693815E-4
<801,agent4-0,noteItem4-0agent4-0,read> 0.002801198313446752
<802,nurse4-1,HR4-8,addItem> 1.06699625305422E-4
<803,doctor3-0,HR0-1,addItem> 7.291098185619201E-4
<804,nurse4-1,HR4-9,addItem> 1.0518593178845431E-4
<805,patient0-5,noteItem0-5,read> 0.0017492507131364604
<806,doctor3-0,HR0-0,addItem> 7.396400641737667E-4
<807,agent6-1,noteItem6-2,read> 0.0025085858938386214
<808,nurse4-1,HR4-2,addItem> 1.1010543571859936E-4
<809,agent3-0,noteItem3-7,read> 0.0021585899889526804
<810,doctor7-0,HR7-3,addItem> 3.4473636304444943E-4
<811,nurse4-3,nursingItem4-8,read> 7.446840771544688E-4
<812,nurse4-1,HR4-3,addItem> 1.0897016558087358E-4
<813,nurse7-0,nursingItem7-4,read> 1.5804242455310199E-4
<814,nurse4-1,HR4-4,addItem> 1.0972701233935743E-4
<815,nurse5-0,nursingItem5-9,read> 0.0012955948834702333
<816,nurse4-1,HR4-5,addItem> 1.0745647206390585E-4
<817,doctor5-1,HRitem8-3-1,read> 5.5543286287574274E-5
<818,patient5-7,noteItem5-7,read> 0.0043814255536662634
<819,nurse6-2,HR6-4,addItem> 3.5058545096055975E-5
<820,patient5-0,HR5-0,addNote> 0.0014590344775580902
<821,nurse6-2,HR6-3,addItem> 3.468140252218536E-5
<822,nurse6-2,HR6-6,addItem> 3.3927117374444124E-5
<823,nurse6-2,HR6-5,addItem> 3.317283222670289E-5
<824,patient3-9,noteItem3-9,read> 0.004303319475312263
<825,nurse6-2,HR6-8,addItem> 3.241854707896167E-5
<826,nurse6-2,HR6-7,addItem> 3.1664261931220434E-5
<827,nurse6-2,HR6-9,addItem> 3.618997281766782E-5
<828,nurse5-1,HR5-3,addItem> 1.398568625392041E-4
<829,nurse5-1,HR5-2,addItem> 1.4023185580263172E-4
<830,agent3-11,noteItem3-2,read> 0.002125491169955438
<831,nurse5-1,HR5-5,addItem> 1.3910687601234877E-4
<832,nurse5-1,HR5-4,addItem> 1.3948186927577642E-4
<833,nurse5-1,HR5-7,addItem> 1.4210682211976996E-4
<834,nurse2-0,nursingItem2-4,read> 9.118092953041203E-4
<835,nurse6-2,HR6-0,addItem> 2.9778549061867358E-5
<836,nurse5-1,HR5-6,addItem> 1.428568086466253E-4
<837,nurse5-1,HR5-9,addItem> 1.4060684906605937E-4
<838,nurse6-2,HR6-2,addItem> 3.58128302437972E-5
<839,nurse5-1,HR5-8,addItem> 1.413568355929147E-4
<840,nurse6-2,HR6-1,addItem> 3.543568766992659E-5
<841,nurse5-0,nursingItem5-6,read> 7.444231764645774E-4
<842,nurse1-3,nursingItem1-2,read> 7.665576499186723E-4
<843,doctor7-0,HRitem6-8-0,read> 2.6827362735369674E-4
<844,patient0-9,noteItem0-9,read> 0.0017180082817948603
<845,nurse6-3,HR6-7,addItem> 3.1842652139283646E-5
<846,nurse6-3,HR6-6,addItem> 3.4118256063877615E-5
<847,nurse6-3,HR6-5,addItem> 3.335972142234629E-5
<848,patient0-0,HR0-0,addNote> 0.001056628663105381
<849,nurse6-3,HR6-4,addItem> 3.52560580261746E-5
<850,nurse5-2,HR5-1,addItem> 1.4670230115841778E-4
<851,nurse6-3,HR6-9,addItem> 3.6393859988471585E-5
<852,doctor7-1,HR1-9,addItem> 3.7440819198765647E-4
<853,nurse5-2,HR5-0,addItem> 1.4632513402099923E-4
<854,nurse6-3,HR6-8,addItem> 3.260118678081497E-5
<855,nurse5-2,HR5-6,addItem> 1.436849640590695E-4
<856,nurse0-1,nursingItem0-5,read> 7.730272984830329E-4
<857,nurse5-2,HR5-5,addItem> 1.3991329268488411E-4
<858,nurse5-2,HR5-3,addItem> 1.406676269597212E-4
<859,nurse6-3,HR6-3,addItem> 3.487679070540894E-5
<860,nurse6-3,HR6-2,addItem> 3.601459266770592E-5
<861,patient2-3,HR2-3,addNote> 0.001583140943697711
<862,nurse5-2,HR5-8,addItem> 1.4217629550939534E-4
<863,nurse6-3,HR6-1,addItem> 3.5635325346940266E-5
<864,nurse5-2,HR5-7,addItem> 1.429306297842324E-4
<865,nurse6-3,HR6-0,addItem> 2.9946315535455346E-5
<866,doctor0-1,HRitem4-6-0,read> 5.365917962360925E-4
<867,doctor7-0,HRitem7-3-1,read> 9.50961637722302E-5
<868,agent9-0,HR9-5,addNote> 0.0012691601469047482
<869,patient1-2,noteItem1-2,read> 0.00145244761539126
<870,doctor9-0,HRitem9-5-3,read> 7.578741108124109E-4
<871,patient1-1,noteItem1-1,read> 0.0014758794388974603
<872,doctor9-1,HRitem2-9-2,read> 9.974075562437029E-5
<873,doctor7-0,HRitem7-7-1,read> 1.0899312072629852E-4
<874,patient0-4,noteItem0-4,read> 0.0017414401053010605
<875,doctor7-1,HRitem7-3-3,read> 9.082017701713228E-5
<876,agent9-01,noteItem9-5agent9-0,read> 4.447131974411719E-4
<877,agent0-01,HR0-6,addNote> 7.100296177707692E-4
<878,patient5-7,noteItem5-7agent5-1,read> 0.0017720621877694998
<879,doctor2-1,HRitem2-4-0,read> 3.653087245801911E-4
<880,nurse4-1,nursingItem4-7,read> 7.59834430588147E-4
<881,nurse4-1,nursingItem4-9,read> 7.577236572408334E-4
<882,nurse2-0,nursingItem2-0,read> 9.044553767668443E-4
<883,nurse4-1,nursingItem4-3,read> 7.408374704623252E-4
<884,patient9-0,HR9-0,addNote> 0.0013386888134227007
<885,doctor9-1,HRitem9-3-2,read> 7.439771538583426E-4
<886,nurse4-1,nursingItem4-5,read> 7.376713104413548E-4
<887,nurse2-2,nursingItem2-0,read> 5.15135662415559E-4
<888,patient7-7,HR7-7,addNote> 0.0012709943773465439
<889,nurse4-1,nursingItem4-6,read> 7.608898172618039E-4
<890,nurse4-1,nursingItem4-1,read> 7.313389903994141E-4
<891,nurse5-1,nursingItem5-9,read> 7.45626375161201E-4
<892,nurse4-1,nursingItem4-2,read> 7.397820837886683E-4
<893,patient6-3,HR6-3,addNote> 3.4583708430573567E-4
<894,agent8-11,HR8-3,addNote> 6.214544515302256E-4
<895,patient7-2,noteItem7-2,read> 0.0016789552426178605
<896,nurse1-0,nursingItem1-9,read> 7.804632099675746E-4
<897,nurse4-0,nursingItem4-9,read> 0.0013205936853277198
<898,patient5-9,noteItem5-9,read> 0.004365804337995463
<899,nurse4-0,nursingItem4-6,read> 7.656012093191524E-4
<900,agent5-01,noteItem5-0agent5-0,read> 1.7811711396834945E-4
<901,nurse4-0,nursingItem4-4,read> 7.401150915032922E-4
<902,patient7-6,HR7-6,addNote> 0.001274755179350775
<903,nurse4-0,nursingItem4-5,read> 0.0012856455847816437
<904,nurse4-0,nursingItem4-1,read> 0.0012746093425039355
<905,patient6-4,HR6-4,addNote> 3.495978863099666E-4
<906,nurse4-3,nursingItem4-5,read> 7.239684378015773E-4
<907,nurse4-3,nursingItem4-7,read> 0.0013054530041322445
<908,patient7-9,HR7-9,addNote> 0.0012785159813550058
<909,nurse4-3,nursingItem4-9,read> 7.436482951868241E-4
<910,agent5-11,noteItem5-7,read> 0.002146631297658629
<911,doctor2-0,HR1-2,addItem> 1.7946276203628913E-4
<912,doctor8-1,HR2-9,addItem> 3.276025057322978E-4
<913,doctor1-0,HRitem1-8-2,read> 6.28525511470698E-4
<914,nurse5-1,nursingItem5-3,read> 7.351681710796927E-4
<915,nurse4-3,nursingItem4-2,read> 7.260400017368664E-4
<916,nurse4-3,nursingItem4-3,read> 7.27075783704511E-4
<917,doctor2-0,HR1-7,addItem> 1.6932740063488677E-4
<918,nurse4-2,nursingItem4-8,read> 7.493823994078094E-4
<919,doctor2-0,HR1-6,addItem> 1.6974970735994524E-4
<920,doctor5-0,HR9-1,addItem> 6.357823878476979E-4
<921,doctor2-0,HR1-8,addItem> 1.718612409852374E-4
<922,doctor0-0,HRitem1-2-0,read> 6.509744419349624E-4
<923,patient6-5,HR6-5,addNote> 3.3079387628881193E-4
<924,nurse9-3,nursingItem9-0,read> 6.852500312656685E-4
<925,nurse9-3,nursingItem9-2,read> 6.55409949819075E-4
<926,nurse9-3,nursingItem9-1,read> 6.523230448418412E-4
<927,nurse9-3,nursingItem9-3,read> 6.461492348873736E-4
<928,doctor9-1,HRitem1-3-2,read> 7.429081571695681E-4
<929,nurse9-3,nursingItem9-8,read> 6.595258231220536E-4
<930,nurse9-3,nursingItem9-7,read> 6.58496854796309E-4
<931,doctor0-1,HR0-7,addItem> 3.8726592849340773E-4
<932,nurse4-2,nursingItem4-6,read> 0.001311977630294528
<933,patient5-8,HR5-8,addNote> 0.0014176656555115502
<934,patient4-0,HR4-0,addNote> 0.001109279891164614
<935,nurse4-2,nursingItem4-7,read> 7.504247162774579E-4
<936,nurse4-2,nursingItem4-4,read> 7.264514282755391E-4
<937,nurse4-2,nursingItem4-5,read> 7.285360620148363E-4
<938,doctor2-1,HR1-2,addItem> 1.8012867209950357E-4
<939,nurse4-2,nursingItem4-2,read> 7.306206957541336E-4
<940,doctor2-1,HR1-8,addItem> 1.7249894503342008E-4
<941,doctor2-1,HR1-7,addItem> 1.6995570267805887E-4
<942,nurse4-2,nursingItem4-0,read> 7.201975270576471E-4
<943,nurse4-2,nursingItem4-1,read> 7.222821607969444E-4
<944,nurse3-0,nursingItem3-4,read> 4.977072911260663E-4
<945,nurse3-3,nursingItem3-6,read> 5.181040772281764E-4
<946,patient6-6,HR6-6,addNote> 3.383154802972738E-4
<947,nurse3-1,nursingItem3-7,read> 5.393835551760949E-4
<948,patient8-7,HR8-7,addNote> 9.776518210165314E-4
<949,nurse3-0,nursingItem3-5,read> 5.007925192759652E-4
<950,nurse3-0,nursingItem3-7,read> 5.265027538584569E-4
<951,nurse3-0,nursingItem3-8,read> 5.285595726250563E-4
<952,nurse3-0,nursingItem3-9,read> 5.295879820083559E-4
<953,nurse3-0,nursingItem3-0,read> 5.01820928659265E-4
<954,nurse3-0,nursingItem3-1,read> 5.038777474258644E-4
<955,nurse3-2,nursingItem3-2,read> 5.120759314011437E-4
<956,doctor0-1,HR1-7,addItem> 1.0586889427450248E-4
<957,doctor4-0,HRitem4-0-0,read> 3.026318490538392E-4
<958,doctor6-0,HRitem2-6-0,read> 6.466984551798644E-4
<959,doctor9-0,HRitem3-0-3,read> 2.106385580859188E-4
<960,patient7-3,HR7-3,addNote> 0.00125595116932962
<961,patient3-7,noteItem3-7agent3-0,read> 8.929177255058153E-4
<962,nurse9-1,nursingItem9-7,read> 6.648591432484471E-4
<963,nurse1-3,nursingItem1-5,read> 7.603836859616116E-4
<964,nurse3-1,nursingItem3-2,read> 8.952931638166876E-4
<965,nurse9-1,nursingItem9-8,read> 6.658980532971458E-4
<966,nurse3-1,nursingItem3-1,read> 8.971241851998664E-4
<967,doctor5-1,HR8-8,addItem> 2.8820261366386965E-4
<968,nurse9-1,nursingItem9-9,read> 0.0011751106525772596
<969,nurse5-3,nursingItem5-8,read> 0.001310397696689877
<970,nurse9-1,nursingItem9-4,read> 6.555089528101593E-4
<971,doctor8-1,HR2-4,addItem> 3.339183688812686E-4
<972,agent3-1,noteItem3-2agent3-1,read> 0.0015213225211359795
<973,nurse9-1,nursingItem9-5,read> 0.0011660288416473139
<974,nurse3-1,nursingItem3-9,read> 5.425442629137591E-4
<975,nurse9-1,nursingItem9-2,read> 6.61742413102351E-4
<976,nurse3-1,nursingItem3-5,read> 5.13044324028894E-4
<977,patient6-7,HR6-7,addNote> 3.1575066827188824E-4
<978,nurse5-1,nursingItem5-7,read> 7.477180159775028E-4
<979,nurse3-1,nursingItem3-4,read> 5.0988361629123E-4
<980,patient8-9,noteItem8-9agent8-0,read> 0.002292515709429601
<981,patient4-2,HR4-2,addNote> 0.0010942366831476903
<982,patient7-2,HR7-2,addNote> 0.0012597119713338512
<983,nurse3-2,nursingItem3-1,read> 5.131232106813849E-4
<984,doctor1-0,HRitem7-1-1,read> 4.93920810652088E-5
<985,nurse9-2,nursingItem9-8,read> 0.001170584709636417
<986,nurse9-2,nursingItem9-9,read> 6.785633941021544E-4
<987,agent5-01,noteItem5-0,read> 0.0022897706096895046
<988,nurse9-2,nursingItem9-6,read> 6.743679870155435E-4
<989,nurse9-2,nursingItem9-4,read> 0.0011523216705469845
<990,nurse3-2,nursingItem3-9,read> 5.393051926874084E-4
<991,nurse9-2,nursingItem9-2,read> 6.680748763856271E-4
<992,nurse3-2,nursingItem3-8,read> 5.382579134071674E-4
<993,nurse9-2,nursingItem9-1,read> 6.64928321070669E-4
<994,nurse3-2,nursingItem3-5,read> 5.099813728406618E-4
<995,nurse5-2,nursingItem5-0,read> 7.446894312254929E-4
<996,nurse3-2,nursingItem3-4,read> 8.830939756095039E-4
<997,nurse3-2,nursingItem3-7,read> 5.361633548466854E-4
<998,nurse3-2,nursingItem3-6,read> 5.08934093560421E-4
<999,patient4-3,HR4-3,addNote> 0.0010829542771349974
<1000,patient7-5,HR7-5,addNote> 0.0012634727733380818
<1001,nurse3-3,nursingItem3-0,read> 8.996006247412677E-4
<1002,nurse3-3,nursingItem3-4,read> 5.15971778873812E-4
<1003,nurse5-2,nursingItem5-8,read> 7.510007300364205E-4
<1004,nurse3-3,nursingItem3-3,read> 5.170379280509942E-4
<1005,nurse3-3,nursingItem3-8,read> 9.475342589175593E-4
<1006,doctor4-0,HRitem4-8-2,read> 2.62544473224796E-4
<1007,nurse3-3,nursingItem3-7,read> 9.438470562886138E-4
<1008,doctor8-1,HR2-0,addItem> 3.2918147151954043E-4
<1009,nurse8-3,nursingItem8-6,read> 0.00110716039775357
<1010,patient6-9,HR6-9,addNote> 3.608802923226594E-4
<1011,nurse3-3,nursingItem3-5,read> 8.977570234267949E-4
<1012,doctor1-0,HRitem7-9-0,read> 4.065068037652805E-5
<1013,nurse0-1,nursingItem0-3,read> 7.709092945828567E-4
<1014,doctor4-1,HR2-7,addItem> 5.392178069436649E-4
<1015,doctor4-1,HR2-8,addItem> 5.379088934849163E-4
<1016,patient4-4,HR4-4,addNote> 0.0010904758811434592
<1017,nurse0-0,nursingItem0-7,read> 0.001341084555215532
<1018,nurse9-0,nursingItem9-5,read> 6.9246565093803E-4
<1019,nurse9-0,nursingItem9-3,read> 6.773641737708216E-4
<1020,patient4-7,HR4-7,addNote> 0.0010528678611011499
<1021,nurse9-0,nursingItem9-8,read> 6.913869739975151E-4
<1022,patient1-4,noteItem1-4agent1-1,read> 0.0023206483322220383
<1023,agent7-01,noteItem7-0,read> 5.192925894767569E-4
<1024,nurse9-0,nursingItem9-9,read> 6.978590356406043E-4
<1025,nurse9-0,nursingItem9-6,read> 0.0011934136583173047
<1026,nurse9-0,nursingItem9-7,read> 6.903082970570002E-4
<1027,doctor6-0,HRitem6-9-0,read> 4.8207296510859374E-4
<1028,nurse9-0,nursingItem9-0,read> 7.183538975103869E-4
<1029,doctor8-0,HRitem4-2-0,read> 3.3469560676639064E-4
<1030,doctor7-1,HR7-8,addItem> 3.567590382559265E-4
<1031,doctor7-1,HR7-3,addItem> 3.494346439718014E-4
<1032,doctor7-1,HR7-7,addItem> 3.536200121341586E-4
<1033,doctor7-1,HR7-5,addItem> 3.5152732805298E-4
<1034,doctor6-1,HRitem5-4-1,read> 1.6030496178747378E-4
<1035,doctor6-0,HRitem1-2-1,read> 2.762224386555282E-4
<1036,doctor6-1,HRitem5-0-2,read> 1.3464904125688615E-4
<1037,doctor3-1,HRitem7-6-0,read> 2.5349966479223235E-4
<1038,agent8-1,noteItem8-3agent8-1,read> 0.002296201131114644
<1039,patient3-4,HR3-4,addNote> 0.0014515128735496283
<1040,patient9-4,HR9-4,addNote> 0.001368775229456548
<1041,doctor3-1,HRitem7-1-1,read> 8.953294694677529E-5
<1042,doctor7-0,HR7-7,addItem> 3.488654573491615E-4
<1043,doctor7-0,HR7-9,addItem> 2.773718145400062E-4
<1044,patient3-5,HR3-5,addNote> 0.0014552736755538591
<1045,doctor7-0,HR7-4,addItem> 3.478331837729834E-4
<1046,doctor7-0,HR7-5,addItem> 3.468009101968055E-4
<1047,doctor7-0,HR7-6,addItem> 2.7655591509780005E-4
<1048,patient9-5,HR9-5,addNote> 0.0013800576354692407
<1049,doctor7-0,HR7-0,addItem> 3.437040894682714E-4
<1050,doctor7-0,HR7-1,addItem> 2.708446190023568E-4
<1051,doctor7-0,HR7-2,addItem> 2.732923173289754E-4
<1052,doctor0-0,HRitem0-3-0,read> 3.17447475037323E-4
<1053,doctor8-1,HR8-1,addItem> 4.1935482589655946E-4
<1054,doctor8-1,HR8-0,addItem> 4.1175667111661274E-4
<1055,doctor8-1,HR8-3,addItem> 4.0263888538067674E-4
<1056,doctor8-1,HR8-5,addItem> 4.087174092046341E-4
<1057,doctor8-1,HR8-8,addItem> 3.9352109964474057E-4
<1058,patient9-2,HR9-2,addNote> 0.0013537320214396242
<1059,doctor4-1,HRitem4-1-1,read> 3.253386807218662E-4
<1060,nurse1-3,nursingItem1-1,read> 0.0013475335444912008
<1061,nurse2-1,nursingItem2-4,read> 5.227747704959406E-4
<1062,doctor8-0,HR8-2,addItem> 3.6659399080121984E-4
<1063,doctor8-0,HR8-4,addItem> 3.518744754291251E-4
<1064,doctor8-0,HR8-9,addItem> 3.491981999069262E-4
<1065,doctor8-0,HR8-7,addItem> 3.478600621458267E-4
<1066,agent7-0,HR7-0,addNote> 0.0011215484589233308
<1067,patient1-9,HR1-9,addNote> 0.001519207309625785
<1068,patient2-0,noteItem2-0,read> 0.0017023870661240605
<1069,doctor7-1,HRitem1-1-1,read> 5.622477167666801E-4
<1070,patient3-0,HR3-0,addNote> 0.0014364696655327046
<1071,agent1-11,noteItem1-4,read> 7.25417961048756E-4
<1072,doctor1-1,HRitem4-8-2,read> 1.575266839348776E-4
<1073,patient2-1,noteItem2-1,read> 0.0016867658504532603
<1074,nurse0-2,nursingItem0-0,read> 7.779442140867565E-4
<1075,patient9-1,HR9-1,addNote> 0.0013462104174311624
<1076,doctor2-1,HR5-8,addItem> 4.184489351069556E-4
<1077,doctor9-0,HR9-0,addItem> 2.5613579296821003E-4
<1078,doctor2-1,HR5-7,addItem> 4.206690687297182E-4
<1079,patient1-5,HR1-5,addNote> 0.0016094665577273274
<1080,nurse7-0,nursingItem7-1,read> 1.6532268979163259E-4
<1081,doctor3-0,HRitem0-9-1,read> 1.4320101476708203E-4
<1082,nurse7-0,nursingItem7-7,read> 1.5492231087944598E-4
<1083,nurse8-3,nursingItem8-7,read> 6.05266283814272E-4
<1084,doctor9-0,HR9-8,addItem> 2.5181839226735294E-4
<1085,nurse7-0,nursingItem7-6,read> 1.6012250033553929E-4
<1086,nurse7-0,nursingItem7-9,read> 1.570023866618833E-4
<1087,nurse7-0,nursingItem7-8,read> 1.528422350970087E-4
<1088,nurse7-0,nursingItem7-2,read> 1.6636272768285126E-4
<1089,nurse7-0,nursingItem7-5,read> 1.622025761179766E-4
<1090,doctor5-1,HR6-6,addItem> 1.2856895263307924E-4
<1091,nurse0-1,nursingItem0-7,read> 7.76204304333297E-4
<1092,doctor2-1,HR5-2,addItem> 4.1511873467281154E-4
<1093,nurse5-3,nursingItem5-5,read> 7.585031020899644E-4
<1094,nurse5-3,nursingItem5-7,read> 7.563872103656477E-4
<1095,nurse5-3,nursingItem5-2,read> 7.479236434683807E-4
<1096,patient3-9,HR3-9,addNote> 0.0014703168835707829
<1097,patient1-7,HR1-7,addNote> 0.001507924903613092
<1098,agent2-01,noteItem2-2,read> 9.296765515746497E-4
<1099,patient1-6,HR1-6,addNote> 0.0015116857056173233
<1100,doctor9-0,HR1-7,addItem> 6.440095942514246E-5
<1101,doctor9-0,HR1-8,addItem> 6.536466493872664E-5
<1102,doctor9-0,HR1-6,addItem> 6.456157701073984E-5
<1103,doctor5-1,HR8-0,addItem> 3.0155777902753734E-4
<1104,nurse0-3,nursingItem0-9,read> 0.0013397706243351223
<1105,doctor5-1,HR8-1,addItem> 3.0712243126239884E-4
<1106,doctor5-1,HR8-3,addItem> 2.9488019634570355E-4
<1107,doctor9-1,HR1-1,addItem> 1.3596095726784354E-4
<1108,doctor0-0,HR6-7,addItem> 1.0103174868163503E-4
<1109,doctor9-1,HR1-3,addItem> 1.3469608161150934E-4
<1110,doctor0-0,HR6-6,addItem> 1.0825188357501241E-4
<1111,doctor9-1,HR1-5,addItem> 1.3532851943967646E-4
<1112,doctor9-1,HR1-4,addItem> 1.350123005255929E-4
<1113,nurse0-1,nursingItem0-6,read> 7.772633062833853E-4
<1114,doctor0-0,HR6-4,addItem> 1.118619510217011E-4
<1115,doctor9-1,HR1-9,addItem> 1.2773926550167103E-4
<1116,patient3-7,HR3-7,addNote> 0.0014477520715453973
<1117,doctor0-0,HR6-0,addItem> 9.501496960382053E-5
<1118,doctor5-1,HRitem5-9-3,read> 1.0578613065997506E-4
<1119,doctor1-1,HR4-8,addItem> 1.2281933650006688E-4
<1120,doctor1-1,HR4-5,addItem> 1.2369052434578923E-4
<1121,patient3-6,HR3-6,addNote> 0.0014402304675369354
<1122,patient2-6,noteItem2-6,read> 0.00160084916426386
<1123,doctor1-1,HR4-2,addItem> 1.2673968180581749E-4
<1124,doctor1-1,HR4-1,addItem> 1.2761086965153986E-4
<1125,doctor1-1,HR4-0,addItem> 1.284820574972622E-4
<1126,doctor3-1,HRitem3-0-0,read> 7.888750147868708E-4
<1127,doctor6-0,HR1-6,addItem> 1.722691835359741E-4
<1128,doctor6-0,HR1-7,addItem> 1.7184060880757527E-4
<1129,doctor6-0,HR1-8,addItem> 1.744120571779682E-4
<1130,patient1-3,HR1-3,addNote> 0.0016019449537188655
<1131,doctor6-1,HR5-4,addItem> 3.5937085370679175E-4
<1132,doctor0-0,HRitem1-7-3,read> 7.247352134604018E-4
<1133,doctor6-1,HR5-6,addItem> 3.680662837953621E-4
<1134,doctor6-1,HR5-5,addItem> 3.584046948080617E-4
<1135,doctor6-1,HR5-0,addItem> 3.748293960864723E-4
<1136,doctor9-1,HR9-7,addItem> 2.9800064209768587E-4
<1137,patient1-2,HR1-2,addNote> 0.0015981841517146345
<1138,patient6-5,noteItem6-5,read> 0.004482963455526464
<1139,nurse2-3,nursingItem2-7,read> 5.134559921101538E-4
<1140,doctor9-1,HR9-4,addItem> 3.117034617079735E-4
<1141,doctor9-1,HR9-3,addItem> 3.099906092566875E-4
<1142,doctor9-1,HR9-2,addItem> 3.082777568054015E-4
<1143,doctor9-1,HR9-1,addItem> 3.065649043541156E-4
<1144,patient2-8,noteItem2-8,read> 0.00156179612508686
<1145,doctor9-1,HR9-9,addItem> 3.0056992077461475E-4
<1146,nurse0-3,HR0-5,addItem> 1.0607175243167012E-4
<1147,patient7-8,noteItem7-8agent7-1,read> 4.638952279211374E-4
<1148,nurse8-2,nursingItem8-0,read> 6.2214082120142E-4
<1149,nurse8-2,nursingItem8-3,read> 6.183643103676964E-4
<1150,patient4-6,HR4-6,addNote> 0.0010754326731265355
<1151,nurse8-2,nursingItem8-2,read> 6.174201826592656E-4
<1152,nurse8-2,nursingItem8-9,read> 6.089230332833879E-4
<1153,nurse8-2,nursingItem8-8,read> 6.07978905574957E-4
<1154,nurse8-2,nursingItem8-5,read> 6.164760549508348E-4
<1155,nurse8-2,nursingItem8-6,read> 6.117554164086806E-4
<1156,agent2-0,noteItem2-2,read> 7.557019922156509E-4
<1157,doctor3-0,HR3-6,addItem> 4.2650096298881885E-4
<1158,nurse0-1,nursingItem0-4,read> 7.751453023832091E-4
<1159,patient8-1,HR8-1,addNote> 0.0010378246530842264
<1160,nurse8-3,nursingItem8-1,read> 6.117849539649738E-4
<1161,nurse8-3,nursingItem8-8,read> 5.996788522565276E-4
<1162,nurse8-3,nursingItem8-5,read> 6.080599995931441E-4
<1163,agent7-01,HR7-0,addNote> 5.062990185996748E-4
<1164,doctor3-1,HR1-1,addItem> 3.824320522164467E-4
<1165,doctor3-1,HR1-0,addItem> 3.815425891625466E-4
<1166,patient8-4,HR8-4,addNote> 9.88934227029224E-4
<1167,doctor3-1,HR1-9,addItem> 3.5930601281504513E-4
<1168,doctor3-1,HR1-4,addItem> 3.7976366305474655E-4
<1169,doctor3-1,HR1-3,addItem> 3.788742000008464E-4
<1170,doctor3-1,HRitem1-4-1,read> 6.573884220676093E-4
<1171,nurse8-0,nursingItem8-2,read> 0.0012649190704154278
<1172,nurse8-0,nursingItem8-5,read> 7.553409683527292E-4
<1173,agent6-01,noteItem6-6,read> 0.0021150573940995824
<1174,nurse8-0,nursingItem8-4,read> 7.541841702389863E-4
<1175,nurse0-0,nursingItem0-6,read> 0.0013429142425172872
<1176,nurse8-0,nursingItem8-6,read> 7.495569777840147E-4
<1177,nurse8-1,nursingItem8-2,read> 7.607122387030542E-4
<1178,nurse8-1,nursingItem8-0,read> 7.665284520604527E-4
<1179,nurse8-1,nursingItem8-6,read> 7.537327826741764E-4
<1180,nurse1-3,HR1-3,addItem> 1.5716155311871832E-4
<1181,nurse8-1,nursingItem8-3,read> 7.61875481374534E-4
<1182,nurse8-1,nursingItem8-9,read> 0.0012516672893730782
<1183,nurse7-2,nursingItem7-4,read> 2.7499222884357966E-4
<1184,nurse8-1,nursingItem8-7,read> 7.560592680171356E-4
<1185,patient9-5,noteItem9-5agent9-0,read> 0.001357106001581041
<1186,nurse5-0,nursingItem5-1,read> 7.329858419719597E-4
<1187,nurse5-0,nursingItem5-0,read> 7.361051150154009E-4
<1188,nurse5-0,nursingItem5-2,read> 0.001284691624559608
<1189,nurse5-0,nursingItem5-5,read> 7.454629341457243E-4
<1190,nurse0-3,nursingItem0-8,read> 7.694211656444742E-4
<1191,nurse5-0,nursingItem5-4,read> 0.001279239995104295
<1192,patient8-6,HR8-6,addNote> 0.0010039774350461478
<1193,doctor2-1,HRitem1-6-3,read> 9.208165084890484E-5
<1194,patient2-4,HR2-4,addNote> 0.0015906625477061726
<1195,nurse1-3,nursingItem1-4,read> 7.686156379043593E-4
<1196,nurse7-3,nursingItem7-9,read> 2.814614186231639E-4
<1197,nurse7-3,nursingItem7-5,read> 2.907839055772847E-4
<1198,nurse7-3,nursingItem7-6,read> 1.673596754919478E-4
<1199,nurse7-3,nursingItem7-7,read> 1.6192444922427969E-4
<1200,nurse7-3,nursingItem7-8,read> 1.5975035871721246E-4
<1201,nurse7-3,nursingItem7-1,read> 1.7279490175961597E-4
<1202,nurse7-3,nursingItem7-2,read> 1.7388194701314962E-4
<1203,nurse7-3,nursingItem7-3,read> 1.6627263023841421E-4
<1204,doctor0-0,HRitem0-2-1,read> 2.0092683596090416E-4
<1205,nurse7-3,nursingItem7-4,read> 1.651855849848806E-4
<1206,agent5-01,HR5-0,addNote> 9.539730348837E-4
<1207,nurse0-0,HR0-4,addItem> 1.0902206116525807E-4
<1208,nurse7-3,nursingItem7-0,read> 1.7170785650608234E-4
<1209,doctor9-1,HRitem9-4-0,read> 6.477674518686389E-4
<1210,nurse7-2,nursingItem7-6,read> 1.5891630447613787E-4
<1211,nurse7-2,nursingItem7-7,read> 1.5375528782197371E-4
<1212,nurse7-2,nursingItem7-5,read> 1.6098071113780353E-4
<1213,nurse5-2,nursingItem5-3,read> 7.394300155497198E-4
<1214,nurse7-2,nursingItem7-8,read> 1.516908811603081E-4
<1215,nurse7-2,nursingItem7-9,read> 1.5581969448363937E-4
<1216,nurse5-2,nursingItem5-4,read> 7.404818986848744E-4
<1217,doctor5-1,HRitem6-1-1,read> 5.141428657718282E-4
<1218,nurse5-2,nursingItem5-6,read> 7.531044963067298E-4
<1219,nurse5-2,nursingItem5-9,read> 7.499488469012659E-4
<1220,nurse7-2,nursingItem7-2,read> 1.6510952446113487E-4
<1221,nurse7-2,nursingItem7-3,read> 2.7680188431170304E-4
<1222,patient6-2,HR6-2,addNote> 3.571194903184284E-4
<1223,nurse7-2,nursingItem7-0,read> 1.630451177994692E-4
<1224,nurse7-2,nursingItem7-1,read> 1.6407732113030203E-4
<1225,doctor8-0,HR4-1,addItem> 2.190454491526432E-4
<1226,doctor8-0,HR4-2,addItem> 2.1755004571652787E-4
<1227,doctor8-0,HR4-0,addItem> 2.2054085258875854E-4
<1228,doctor8-0,HR4-5,addItem> 2.1231613369012418E-4
<1229,doctor8-0,HR4-3,addItem> 4.703777755528924E-4
<1230,doctor8-0,HR4-4,addItem> 4.736447605371985E-4
<1231,doctor8-0,HR4-9,addItem> 4.540428506313625E-4
<1232,doctor8-0,HR4-7,addItem> 4.5730983561566833E-4
<1233,doctor8-0,HR4-8,addItem> 2.1082073025400886E-4
<1234,nurse7-1,nursingItem7-3,read> 1.5848328179481283E-4
<1235,nurse7-1,nursingItem7-4,read> 1.5744716118378711E-4
<1236,nurse7-1,nursingItem7-5,read> 1.6159164362789007E-4
<1237,nurse7-1,nursingItem7-6,read> 2.7921463770952707E-4
<1238,nurse7-1,nursingItem7-7,read> 2.701467739679457E-4
<1239,nurse7-1,nursingItem7-9,read> 1.5641104057276134E-4
<1240,nurse5-1,nursingItem5-5,read> 7.498096567938044E-4
<1241,nurse7-1,nursingItem7-0,read> 1.6366388484994156E-4
<1242,nurse5-1,nursingItem5-8,read> 7.466721955693517E-4
<1243,nurse7-1,nursingItem7-1,read> 2.882825014511085E-4
<1244,patient6-1,HR6-1,addNote> 3.533586883141975E-4
<1245,doctor7-1,HRitem6-9-2,read> 4.7993497173104475E-4
<1246,doctor2-0,HRitem1-6-3,read> 9.17412380916076E-5
<1247,agent9-01,HR9-5,addNote> 5.249147792052648E-4
<1248,agent8-01,HR8-9,addNote> 6.241253789102308E-4
<1249,patient5-7,HR5-7,addNote> 0.0014251872595200119
<1250,nurse0-0,nursingItem0-1,read> 7.870280598875918E-4
<1251,agent2-0,noteItem2-2agent2-0,read> 5.34193175925296E-4
<1252,doctor2-1,HRitem5-3-1,read> 7.371622999674051E-5
<1253,doctor1-0,HRitem7-8-3,read> 2.2123777304761946E-4
<1254,patient5-4,HR5-4,addNote> 0.0013988616454903955
<1255,agent2-11,noteItem2-0,read> 9.307735950825047E-4
<1256,doctor8-0,HRitem4-3-1,read> 6.830443425981968E-4
<1257,agent7-0,noteItem7-0agent7-0,read> 7.070672028843384E-4
<1258,agent7-11,noteItem7-8agent7-1,read> 1.6939349456666689E-4
<1259,patient8-2,noteItem8-2,read> 0.0021085386735648607
<1260,patient8-5,noteItem8-5,read> 0.0021475917127418607
<1261,agent0-11,HR0-8,addNote> 7.249130013341279E-4
<1262,doctor5-0,HRitem7-9-1,read> 1.1861409092526889E-4
<1263,doctor2-0,HR2-7,addItem> 5.452878010180777E-4
<1264,patient9-9,noteItem9-9,read> 0.0028817888492694613
<1265,doctor2-0,HR2-8,addItem> 5.439641530738648E-4
<1266,doctor2-0,HR2-2,addItem> 5.558769845717817E-4
<1267,patient5-0,noteItem5-0agent5-0,read> 3.161989582608384E-4
<1268,doctor2-1,HR2-6,addItem> 3.1585948305330584E-4
<1269,doctor2-1,HR2-5,addItem> 3.166318343108993E-4
<1270,doctor6-0,HRitem6-2-2,read> 4.681760081545254E-4
<1271,doctor2-1,HR2-3,addItem> 3.251276981444268E-4
<1272,nurse2-3,nursingItem2-3,read> 8.925747128849408E-4
<1273,doctor2-1,HR2-1,addItem> 3.2281064437164657E-4
<1274,doctor2-1,HR2-0,addItem> 3.220382931140531E-4
<1275,nurse1-3,nursingItem1-8,read> 7.624416739472985E-4
<1276,nurse1-3,nursingItem1-6,read> 7.583256979759247E-4
<1277,nurse1-3,nursingItem1-9,read> 7.439197820761163E-4
<1278,doctor3-1,HR3-1,addItem> 4.2464724177787333E-4
<1279,doctor3-1,HR3-5,addItem> 4.3247054878726944E-4
<1280,doctor3-1,HR3-7,addItem> 4.302353182131563E-4
<1281,doctor3-1,HR3-6,addItem> 4.2800008763904315E-4
<1282,agent6-0,noteItem6-6agent6-0,read> 2.1181124953346963E-4
<1283,doctor8-0,HRitem4-6-3,read> 5.419367796799648E-4
<1284,doctor0-0,HRitem1-6-2,read> 1.8275389225173798E-4
<1285,doctor7-0,HRitem6-3-0,read> 5.098668790167304E-4
<1286,doctor4-0,HRitem4-5-1,read> 2.9862311147093484E-4
<1287,doctor3-0,HR3-5,addItem> 4.30955765779258E-4
<1288,doctor3-0,HR3-2,addItem> 9.949985202610467E-4
<1289,doctor3-0,HR3-1,addItem> 4.231598608959894E-4
<1290,doctor3-0,HR3-0,addItem> 4.2538726229120904E-4
<1291,doctor3-0,HR3-9,addItem> 0.001029221818499548
<1292,doctor3-0,HR3-7,addItem> 4.2872836438403837E-4
<1293,agent4-1,HR4-4,addNote> 7.243024226939206E-4
<1294,nurse1-0,nursingItem1-1,read> 8.052926544896252E-4
<1295,nurse1-0,nursingItem1-3,read> 8.096108187543298E-4
<1296,nurse1-0,nursingItem1-2,read> 0.0013833825618658434
<1297,nurse1-0,nursingItem1-7,read> 8.020540312910968E-4
<1298,nurse1-0,nursingItem1-8,read> 7.998949491587445E-4
<1299,doctor1-1,HRitem1-0-2,read> 6.648713988890307E-4
<1300,nurse1-1,nursingItem1-5,read> 7.763917635608034E-4
<1301,nurse1-1,nursingItem1-2,read> 7.826957057064339E-4
<1302,nurse1-1,nursingItem1-1,read> 7.837463627307056E-4
<1303,nurse1-1,nursingItem1-0,read> 7.679865073666295E-4
<1304,nurse1-1,nursingItem1-9,read> 0.0013216467525944584
<1305,nurse1-1,nursingItem1-7,read> 7.805943916578904E-4
<1306,nurse1-1,nursingItem1-4,read> 7.847970197549774E-4
<1307,doctor2-0,HRitem2-2-2,read> 3.25999448547519E-4
<1308,nurse1-2,nursingItem1-2,read> 7.719370018479261E-4
<1309,nurse1-2,nursingItem1-9,read> 7.49140271774896E-4
<1310,nurse1-2,nursingItem1-4,read> 7.740094318545651E-4
<1311,nurse1-2,nursingItem1-6,read> 7.636472818213696E-4
<1312,agent2-1,noteItem2-0agent2-1,read> 2.8040399264572926E-4
<1313,nurse0-0,nursingItem0-2,read> 7.670355917627661E-4
<1314,doctor5-0,HR5-7,addItem> 3.273598483090783E-4
<1315,nurse0-0,nursingItem0-0,read> 7.880802950520563E-4
<1316,doctor5-0,HR5-2,addItem> 3.230406419542581E-4
<1317,doctor5-0,HR5-3,addItem> 3.221768006832941E-4
<1318,nurse0-1,nursingItem0-1,read> 0.0013735911384388842
<1319,nurse0-1,nursingItem0-2,read> 0.0013386985107786905
<1320,doctor5-0,HR9-2,addItem> 6.393346582023353E-4
<1321,doctor5-0,HR9-4,addItem> 6.4643919891161E-4
<1322,doctor5-0,HR9-3,addItem> 6.428869285569725E-4
<1323,doctor5-0,HR9-6,addItem> 6.144687657198738E-4
<1324,agent5-0,noteItem5-0agent5-0,read> 2.1097867162280987E-4
<1325,doctor5-0,HR9-9,addItem> 6.23349441606467E-4
<1326,doctor1-1,HRitem4-0-0,read> 1.8157910943230354E-4
<1327,nurse0-2,nursingItem0-8,read> 7.644410933749307E-4
<1328,nurse0-2,nursingItem0-6,read> 7.623636901884959E-4
<1329,doctor0-1,HR0-2,addItem> 3.6502117292177454E-4
<1330,doctor0-1,HR0-3,addItem> 3.7548929319077847E-4
<1331,nurse0-2,nursingItem0-2,read> 7.57170182222409E-4
<1332,doctor0-0,HR0-3,addItem> 3.7994613940075806E-4
<1333,nurse0-3,nursingItem0-5,read> 7.631483553714284E-4
<1334,nurse0-3,nursingItem0-6,read> 7.673302288867923E-4
<1335,nurse0-3,nursingItem0-7,read> 7.662847605079513E-4
<1336,doctor0-0,HR0-2,addItem> 3.6935376844606866E-4
<1337,nurse0-3,nursingItem0-4,read> 7.652392921291105E-4
<1338,doctor0-1,HR4-4,addItem> 2.89688356263223E-4
<1339,doctor0-1,HR4-6,addItem> 2.8569208061998843E-4
<1340,nurse0-3,nursingItem0-0,read> 7.830122545694064E-4
<1341,doctor0-1,HR4-7,addItem> 2.7969766715513656E-4
<1342,agent5-1,HR5-7,addNote> 9.526784206385798E-4
<1343,doctor0-1,HR4-3,addItem> 2.876902184416057E-4
<1344,agent4-01,HR4-0,addNote> 6.955679763650232E-4
<1345,doctor0-0,HR0-8,addItem> 3.892144639861113E-4
<1346,doctor0-0,HR0-7,addItem> 3.9186255672478355E-4
<1347,patient2-2,noteItem2-2agent2-0,read> 8.718182584114869E-4
<1348,doctor5-1,HRitem5-6-0,read> 6.755613657767755E-4
<1349,doctor0-0,HRitem0-7-3,read> 5.547647399452587E-4
<1350,doctor9-1,HR2-3,addItem> 1.2199800873071837E-4
<1351,patient7-3,noteItem7-3,read> 0.0014055839683788597
<1352,doctor9-1,HR2-4,addItem> 1.2257762908299735E-4
<1353,doctor9-1,HR2-5,addItem> 1.1881009679318402E-4
<1354,doctor9-1,HR2-6,addItem> 1.1852028661704451E-4
<1355,doctor9-1,HR2-0,addItem> 1.2083876802616042E-4
<1356,doctor9-1,HR2-1,addItem> 1.211285782022999E-4
<1357,doctor0-1,HRitem1-2-3,read> 6.520434386237368E-4
<1358,agent6-0,HR6-6,addNote> 2.3188706878708975E-4
<1359,agent6-1,HR6-2,addNote> 2.6403525203439826E-4
<1360,doctor1-1,HR5-2,addItem> 2.463088980221304E-4
<1361,nurse2-1,nursingItem2-8,read> 9.156847250608378E-4
<1362,nurse2-1,nursingItem2-9,read> 5.280451201942952E-4
<1363,nurse2-1,nursingItem2-7,read> 5.238288404356115E-4
<1364,nurse2-1,nursingItem2-5,read> 5.217207005562698E-4
<1365,nurse2-1,nursingItem2-3,read> 5.19612560676928E-4
<1366,nurse2-1,nursingItem2-1,read> 5.175044207975862E-4
<1367,nurse1-1,HR1-0,addItem> 1.6160039989049347E-4
<1368,doctor1-1,HR5-7,addItem> 2.4960216462521176E-4
<1369,nurse2-1,nursingItem2-2,read> 5.20666630616599E-4
<1370,nurse2-1,nursingItem2-0,read> 5.185584907372572E-4
<1371,doctor1-1,HR5-8,addItem> 2.4828485798397926E-4
<1372,nurse2-0,nursingItem2-6,read> 9.154862545727584E-4
<1373,doctor1-1,HR1-9,addItem> 2.0199164643367685E-4
<1374,doctor1-1,HR1-1,addItem> 2.149924496698413E-4
<1375,nurse2-0,nursingItem2-7,read> 5.272864565440974E-4
<1376,doctor1-1,HR1-0,addItem> 2.144924187761427E-4
<1377,nurse2-0,nursingItem2-8,read> 5.304695390351829E-4
<1378,nurse2-0,nursingItem2-2,read> 5.241033740530121E-4
<1379,doctor1-1,HR1-5,addItem> 2.1399238788244405E-4
<1380,nurse2-0,nursingItem2-3,read> 5.230423465559836E-4
<1381,doctor1-1,HR1-4,addItem> 2.1349235698874542E-4
<1382,agent7-11,noteItem7-8,read> 4.8784898403628197E-4
<1383,agent2-01,noteItem2-2agent2-0,read> 5.386149446805419E-4
<1384,doctor3-1,HR7-9,addItem> 2.6981142436515083E-4
<1385,doctor8-0,HRitem8-7-0,read> 2.4938592359682014E-4
<1386,doctor3-1,HR7-1,addItem> 2.6346214216413247E-4
<1387,doctor3-1,HR7-2,addItem> 2.6584312298951444E-4
<1388,doctor4-1,HR4-0,addItem> 2.1333625123377188E-4
<1389,nurse0-3,HR0-9,addItem> 1.0944555577804634E-4
<1390,doctor4-1,HR4-5,addItem> 2.0538021643708932E-4
<1391,doctor4-1,HR4-8,addItem> 2.039336646558743E-4
<1392,doctor4-0,HR4-0,addItem> 2.1413676249543704E-4
<1393,doctor4-0,HR4-2,addItem> 2.1123280300969585E-4
<1394,doctor4-0,HR4-1,addItem> 2.1268478275256647E-4
<1395,agent3-0,HR3-7,addNote> 9.260122780972508E-4
<1396,doctor4-1,HR8-4,addItem> 3.4037948349133164E-4
<1397,doctor4-1,HR8-7,addItem> 3.3649621256574526E-4
<1398,doctor4-1,HR8-6,addItem> 3.4555717805878015E-4
<1399,doctor4-1,HR8-9,addItem> 3.377906362076074E-4
<1400,agent3-1,HR3-2,addNote> 9.295380912965039E-4
<1401,doctor4-0,HR4-8,addItem> 2.0469889416677815E-4

