<0,patient8-5,HR8-5,addNote> 0.0011196009697042137
<1,nurse4-0,nursingItem4-3,read> 8.213773466623601E-4
<2,agent9-11,noteItem9-7,read> 8.864599066644542E-4
<3,nurse9-2,nursingItem9-9,read> 0.001300059943981424
<4,agent9-0,noteItem9-0,read> 0.0021543831606546443
<5,patient5-6,HR5-6,addNote> 0.0015741214310326969
<6,patient0-1,noteItem0-1,read> 0.0017072849819478838
<7,agent9-1,HR9-7,addNote> 0.001345852441754058
<8,doctor1-0,HRitem7-6-0,read> 4.327927880727219E-4
<9,patient1-5,noteItem1-5,read> 0.001681541627246261
<10,doctor6-1,HR5-5,addItem> 0.0010729609723656205
<11,patient5-9,noteItem5-9,read> 0.004805068664376463
<12,nurse2-3,HR2-0,addItem> 1.6971590509381082E-4
<13,nurse2-3,HR2-1,addItem> 1.7012293834276168E-4
<14,nurse2-3,HR2-2,addItem> 1.7093700484066345E-4
<15,patient9-9,HR9-9,addNote> 0.0014501613052158376
<16,patient0-3,noteItem0-3,read> 0.001930394056028612
<17,nurse1-1,nursingItem1-9,read> 8.357856861017088E-4
<18,patient9-3,noteItem9-3,read> 0.003063101662900004
<19,nurse9-3,HR9-2,addItem> 1.459153146885808E-4
<20,nurse2-3,HR2-3,addItem> 1.7134403808961434E-4
<21,nurse9-3,nursingItem9-2,read> 0.0012660294615903114
<22,nurse8-1,nursingItem8-7,read> 8.319103625555256E-4
<23,nurse2-3,HR2-8,addItem> 1.6727370560010553E-4
<24,nurse0-1,nursingItem0-2,read> 8.494154527519638E-4
<25,nurse7-0,nursingItem7-9,read> 1.7046477870665924E-4
<26,nurse5-2,nursingItem5-7,read> 0.0014390903781066392
<27,patient5-0,HR5-0,addNote> 0.001603045460389964
<28,nurse7-2,nursingItem7-7,read> 1.6690915815819213E-4
<29,nurse1-1,nursingItem1-2,read> 8.612190814254193E-4
<30,nurse2-3,HR2-9,addItem> 1.6890183859590905E-4
<31,nurse2-3,HR2-4,addItem> 1.7215810458751608E-4
<32,nurse7-1,nursingItem7-3,read> 1.7210286412046712E-4
<33,patient6-6,noteItem6-6,read> 0.00488229872848133
<34,nurse2-3,nursingItem2-2,read> 5.626943859063509E-4
<35,nurse2-3,HR2-5,addItem> 1.6686667235115465E-4
<36,agent4-0,noteItem4-3,read> 0.002490238893353887
<37,patient6-5,noteItem6-5,read> 0.004933785437884575
<38,agent4-1,noteItem4-8,read> 0.00238271202229451
<39,nurse2-3,HR2-6,addItem> 1.6645963910220374E-4
<40,patient5-8,noteItem5-8,read> 0.004839393137311959
<41,agent3-01,noteItem3-8,read> 0.002439305986633869
<42,nurse1-2,nursingItem1-7,read> 0.0014826410284969915
<43,doctor3-0,HRitem2-3-3,read> 2.3660564581914545E-4
<44,patient0-7,noteItem0-7,read> 0.0018789073466253673
<45,patient3-3,noteItem3-3,read> 0.004650608536166728
<46,agent3-1,HR3-1,addNote> 0.001026690454130111
<47,nurse0-1,HR0-4,addItem> 1.2138756444232374E-4
<48,patient7-9,noteItem7-9agent7-0,read> 0.0018074918171900607
<49,patient2-2,noteItem2-2agent2-0,read> 9.499391545018469E-4
<50,nurse9-0,nursingItem9-4,read> 7.488809236380762E-4
<51,nurse2-3,HR2-7,addItem> 1.676807388490564E-4
<52,patient5-7,HR5-7,addNote> 0.0015658574226449064
<53,patient1-6,noteItem1-6,read> 0.001655798272544639
<54,agent8-0,HR8-5,addNote> 7.434755628549333E-4
<55,agent3-0,noteItem3-8agent3-0,read> 0.001298419445109793
<56,doctor3-0,HR2-3,addItem> 4.176031686542876E-4
<57,nurse2-2,HR2-1,addItem> 1.7241415636758E-4
<58,agent8-01,HR8-5,addNote> 7.120056977605446E-4
<59,doctor3-1,HR7-3,addItem> 9.630496608080055E-4
<60,patient2-0,noteItem2-0,read> 0.0018445828736898704
<61,nurse8-1,nursingItem8-1,read> 8.408699715631113E-4
<62,agent8-1,HR8-1,addNote> 7.767878561792428E-4
<63,doctor1-1,HR1-1,addItem> 0.0012436127455734964
<64,patient0-2,noteItem0-2,read> 0.0019132318195608639
<65,nurse4-0,HR4-2,addItem> 1.22558923719695E-4
<66,nurse6-1,nursingItem6-2,read> 1.8983684700761964E-4
<67,patient3-5,noteItem3-5,read> 0.00461628406323123
<68,nurse2-1,nursingItem2-6,read> 5.787012242078022E-4
<69,nurse2-2,HR2-2,addItem> 1.732391867240394E-4
<70,patient7-4,noteItem7-4agent7-1,read> 7.336195639138287E-4
<71,nurse2-3,nursingItem2-3,read> 5.615575338765714E-4
<72,nurse2-2,HR2-0,addItem> 1.7200164118935036E-4
<73,nurse2-2,HR2-9,addItem> 1.7117661083289098E-4
<74,nurse1-2,HR1-4,addItem> 1.742938279084991E-4
<75,doctor9-1,HR9-1,addItem> 2.095493779091109E-4
<76,nurse2-2,HR2-7,addItem> 1.6993906529820196E-4
<77,agent2-0,noteItem2-2agent2-0,read> 5.822341564227202E-4
<78,nurse0-1,nursingItem0-5,read> 8.505806983001804E-4
<79,nurse2-2,HR2-8,addItem> 1.6952655011997228E-4
<80,patient5-1,noteItem5-1,read> 0.004925204319650702
<81,nurse2-2,HR2-5,addItem> 1.6911403494174258E-4
<82,patient8-4,noteItem8-4,read> 0.002359449967722321
<83,doctor8-0,HRitem8-5-3,read> 5.527652425175213E-4
<84,agent8-0,noteItem8-5,read> 0.0012241379469490404
<85,nurse3-1,nursingItem3-3,read> 9.79053636360319E-4
<86,patient9-6,HR9-6,addNote> 0.0014295012842463614
<87,nurse2-2,nursingItem2-3,read> 9.916617294535672E-4
<88,doctor6-1,HR5-6,addItem> 0.0011018850017228878
<89,patient1-2,noteItem1-2,read> 0.0015785682084397707
<90,nurse2-2,HR2-6,addItem> 1.6870151976351288E-4
<91,patient6-9,noteItem6-9,read> 0.004985272147287821
<92,nurse2-2,HR2-3,addItem> 1.7365170190226906E-4
<93,doctor0-0,HRitem8-8-2,read> 3.8103996458673005E-4
<94,agent3-1,noteItem3-1,read> 0.0023720213071431197
<95,nurse2-2,HR2-4,addItem> 1.7447673225872844E-4
<96,doctor4-0,HR3-9,addItem> 1.7978687418362043E-4
<97,patient1-3,noteItem1-3,read> 0.001544243735504274
<98,doctor1-0,HRitem7-8-1,read> 2.3283869733138965E-4
<99,nurse3-3,nursingItem3-2,read> 9.938943869629785E-4
<100,patient5-4,noteItem5-4,read> 0.004908042083182952
<101,doctor1-0,HRitem1-9-2,read> 8.021197556773004E-4
<102,patient3-9,noteItem3-9,read> 0.004736419718505469
<103,patient3-2,HR3-2,addNote> 0.001561725418451011
<104,nurse4-3,nursingItem4-1,read> 0.001382531293561119
<105,patient5-5,HR5-5,addNote> 0.0015328013890937439
<106,nurse9-1,nursingItem9-3,read> 7.178429964997999E-4
<107,patient8-6,noteItem8-6,read> 0.0022650576671497053
<108,agent2-1,noteItem2-7agent2-1,read> 0.003352626643520405
<109,doctor4-0,HR3-8,addItem> 1.7932701220126865E-4
<110,nurse6-2,nursingItem6-3,read> 3.3403358722771287E-4
<111,nurse5-0,nursingItem5-9,read> 0.0014255524747513566
<112,nurse6-2,nursingItem6-2,read> 1.9091240988018405E-4
<113,nurse5-2,nursingItem5-3,read> 8.147702050082883E-4
<114,nurse5-1,HR5-8,addItem> 1.5530916991870084E-4
<115,patient4-4,noteItem4-4,read> 0.004745000836739343
<116,nurse6-2,nursingItem6-1,read> 3.300080757572308E-4
<117,patient7-7,noteItem7-7,read> 0.00163863603607689
<118,patient5-4,HR5-4,addNote> 0.0015369333932876389
<119,nurse6-2,nursingItem6-0,read> 1.8859773554973474E-4
<120,agent2-11,noteItem2-7,read> 9.379888446940098E-4
<121,nurse6-2,nursingItem6-7,read> 1.5734963208866902E-4
<122,patient5-6,noteItem5-6,read> 0.0048737176102474555
<123,patient2-8,HR2-8,addNote> 0.001698081556849556
<124,nurse6-2,nursingItem6-6,read> 1.596643064191183E-4
<125,doctor1-0,HR8-3,addItem> 1.3819749211407018E-4
<126,nurse3-2,nursingItem3-7,read> 5.911058991146264E-4
<127,nurse2-0,nursingItem2-8,read> 0.001013385044019728
<128,nurse6-2,nursingItem6-5,read> 1.5156294626254572E-4
<129,agent0-1,HR0-3,addNote> 7.692533445226491E-4
<130,patient4-3,noteItem4-3agent4-0,read> 0.0051218169729850506
<131,nurse6-2,nursingItem6-4,read> 1.5503495775821965E-4
<132,patient5-7,noteItem5-7,read> 0.00482223090084421
<133,nurse1-1,nursingItem1-0,read> 8.450341934921491E-4
<134,agent4-11,noteItem4-8,read> 0.0022807778181321778
<135,patient9-5,HR9-5,addNote> 0.0015162733723181627
<136,doctor2-1,HR6-6,addItem> 1.0849657784057873E-4
<137,nurse6-2,nursingItem6-9,read> 2.8170193811144555E-4
<138,nurse6-2,nursingItem6-8,read> 1.6429365508001693E-4
<139,nurse8-1,HR8-5,addItem> 1.2417079879054418E-4
<140,nurse8-1,HR8-4,addItem> 1.214212070596756E-4
<141,nurse8-1,HR8-3,addItem> 1.223377376366318E-4
<142,nurse8-1,HR8-2,addItem> 1.2646212523293466E-4
<143,doctor0-0,HR0-2,addItem> 4.087195361050501E-4
<144,agent0-11,noteItem0-3,read> 9.81825302335737E-4
<145,nurse8-1,HR8-9,addItem> 1.2050467648271941E-4
<146,nurse4-1,nursingItem4-5,read> 0.0014115962706923613
<147,patient4-8,noteItem4-8,read> 0.004624865181465105
<148,nurse5-1,nursingItem5-3,read> 0.0014122531539861663
<149,agent3-01,HR3-8,addNote> 0.0010640753248405592
<150,agent5-0,noteItem5-7,read> 0.002416894144884518
<151,doctor2-1,HR2-8,addItem> 5.987555731647362E-4
<152,nurse8-1,HR8-8,addItem> 1.1958814590576321E-4
<153,patient3-4,noteItem3-4,read> 0.0046334462996989794
<154,agent3-1,noteItem3-1agent3-1,read> 0.003202754666499917
<155,nurse0-0,nursingItem0-4,read> 8.474612776432803E-4
<156,nurse8-1,HR8-7,addItem> 1.200464111942413E-4
<157,patient1-3,noteItem1-3agent1-1,read> 0.0026341416812228438
<158,doctor3-0,HR2-5,addItem> 4.066908419666966E-4
<159,nurse2-1,HR2-0,addItem> 1.7314450923712013E-4
<160,nurse8-1,HR8-6,addItem> 1.23254268213588E-4
<161,patient6-2,noteItem6-2,read> 0.0048136497826103365
<162,patient3-7,HR3-7,addNote> 0.0015906494478082783
<163,nurse2-1,HR2-1,addItem> 1.7355976537998917E-4
<164,nurse8-1,nursingItem8-3,read> 8.383100832752297E-4
<165,nurse2-1,HR2-2,addItem> 1.7439027766572737E-4
<166,nurse2-1,HR2-3,addItem> 1.7480553380859644E-4
<167,doctor4-0,HR3-0,addItem> 1.756481163424543E-4
<168,patient4-1,noteItem4-1,read> 0.0046935141273360985
<169,patient6-2,noteItem6-2agent6-1,read> 0.0033294546509700443
<170,nurse2-1,HR2-4,addItem> 1.756360460943346E-4
<171,nurse2-1,HR2-5,addItem> 1.7023771623703656E-4
<172,patient8-5,noteItem8-5agent8-0,read> 0.004024767620717245
<173,nurse8-1,HR8-1,addItem> 1.2737865580989086E-4
<174,patient4-3,noteItem4-3,read> 0.004770744191440965
<175,agent8-11,noteItem8-1,read> 0.0010791143942273998
<176,doctor6-0,HR8-4,addItem> 2.106544446556223E-4
<177,doctor9-1,HR9-3,addItem> 2.118909842738268E-4
<178,nurse2-1,HR2-6,addItem> 1.6982246009416746E-4
<179,nurse8-1,HR8-0,addItem> 1.2508732936750039E-4
<180,nurse2-1,HR2-7,addItem> 1.7106822852277473E-4
<181,nurse2-1,HR2-8,addItem> 1.7065297237990566E-4
<182,nurse2-1,HR2-9,addItem> 1.7231399695138196E-4
<183,patient1-4,noteItem1-4,read> 0.0015099192625687777
<184,nurse6-3,nursingItem6-0,read> 3.2905784247579107E-4
<185,nurse2-0,HR2-9,addItem> 1.7345138306987292E-4
<186,nurse6-3,nursingItem6-2,read> 1.9198797275274846E-4
<187,patient3-1,noteItem3-1agent3-1,read> 0.004750983389119877
<188,patient2-5,noteItem2-5,read> 0.0017587716913511282
<189,nurse6-3,nursingItem6-1,read> 1.9082411537814232E-4
<190,agent4-0,noteItem4-3agent4-0,read> 0.003536618301104052
<191,nurse0-2,nursingItem0-2,read> 0.0014566972235195948
<192,nurse6-3,nursingItem6-4,read> 1.5590839413995612E-4
<193,nurse6-3,nursingItem6-3,read> 1.9315183012735465E-4
<194,nurse8-0,nursingItem8-6,read> 8.247557347980172E-4
<195,nurse8-0,HR8-9,addItem> 1.1983706054652705E-4
<196,nurse6-3,nursingItem6-6,read> 2.7857594386022607E-4
<197,patient1-6,HR1-6,addNote> 0.0016608935191044984
<198,nurse6-3,nursingItem6-5,read> 1.5241682201613756E-4
<199,nurse6-3,nursingItem6-8,read> 2.866530476387165E-4
<200,nurse6-3,nursingItem6-7,read> 2.7453739197098095E-4
<201,nurse6-3,nursingItem6-9,read> 1.6289153838759337E-4
<202,agent7-11,HR7-4,addNote> 5.883670239625086E-4
<203,nurse8-2,nursingItem8-6,read> 6.731293323003316E-4
<204,nurse9-2,nursingItem9-8,read> 7.397153092580304E-4
<205,doctor0-1,HRitem5-8-0,read> 1.1868291400690946E-4
<206,doctor2-1,HRitem2-1-0,read> 2.7871051814851877E-4
<207,patient1-8,noteItem1-8,read> 0.001621473799609142
<208,nurse5-1,nursingItem5-1,read> 8.123756062904418E-4
<209,doctor4-1,HRitem2-8-2,read> 5.092458227679373E-4
<210,nurse4-1,nursingItem4-8,read> 8.349029979857772E-4
<211,nurse3-1,nursingItem3-5,read> 9.83083009124213E-4
<212,nurse8-0,HR8-2,addItem> 1.257615040405084E-4
<213,doctor6-1,HR5-9,addItem> 0.0010845305841085274
<214,patient7-3,HR7-3,addNote> 0.0013757852297257226
<215,nurse2-0,nursingItem2-7,read> 0.0010073163653896511
<216,nurse8-0,HR8-1,addItem> 1.2667295688573632E-4
<217,agent9-1,noteItem9-7,read> 0.0022800983668931486
<218,nurse8-0,HR8-4,addItem> 1.2074851339175493E-4
<219,patient1-2,HR1-2,addNote> 0.0017559296155640902
<220,nurse8-0,HR8-3,addItem> 1.2165996623698283E-4
<221,patient6-0,noteItem6-0,read> 0.004847974255545832
<222,nurse8-0,HR8-6,addItem> 1.2257141908221078E-4
<223,nurse3-3,HR3-1,addItem> 1.5958813064418403E-4
<224,patient0-0,noteItem0-0,read> 0.0017416094548833802
<225,nurse4-0,nursingItem4-7,read> 8.412411340749761E-4
<226,agent4-11,HR4-8,addNote> 7.459859878063475E-4
<227,nurse8-0,HR8-5,addItem> 1.2348287192743865E-4
<228,nurse2-0,HR2-0,addItem> 1.7428737728488987E-4
<229,doctor9-0,HRitem9-5-1,read> 8.36229571156704E-4
<230,nurse3-3,HR3-0,addItem> 1.6042816028240327E-4
<231,patient9-6,noteItem9-6,read> 0.0030802638993677523
<232,nurse8-2,nursingItem8-9,read> 0.0012217221276243006
<233,patient8-5,noteItem8-5,read> 0.00237661220419007
<234,nurse8-0,HR8-8,addItem> 1.1892560770129913E-4
<235,nurse1-2,nursingItem1-3,read> 0.0014966101661105576
<236,nurse3-3,HR3-3,addItem> 1.5790807136774565E-4
<237,patient0-4,noteItem0-4,read> 0.0018874884648592415
<238,nurse3-0,nursingItem3-5,read> 5.521657472617848E-4
<239,agent8-01,noteItem8-5agent8-0,read> 0.00220513754614
<240,nurse1-0,nursingItem1-0,read> 0.00149354070631082
<241,nurse9-2,nursingItem9-6,read> 7.420234633790982E-4
<242,nurse1-3,nursingItem1-0,read> 8.276108080593213E-4
<243,patient0-9,HR0-9,addNote> 0.0012146370661638057
<244,nurse8-0,HR8-7,addItem> 1.1938133412391308E-4
<245,nurse3-3,HR3-2,addItem> 1.5874810100596488E-4
<246,nurse2-0,HR2-3,addItem> 1.759593657149238E-4
<247,nurse3-3,HR3-5,addItem> 1.6252823437795124E-4
<248,nurse2-0,HR2-4,addItem> 1.7679535992994077E-4
<249,patient1-7,HR1-7,addNote> 0.001656761514910603
<250,nurse3-3,HR3-4,addItem> 1.6210821955884165E-4
<251,patient5-2,HR5-2,addNote> 0.00154519740167543
<252,nurse5-0,nursingItem5-0,read> 8.110983943219557E-4
<253,patient8-9,HR8-9,addNote> 0.0010865449361530516
<254,nurse2-0,HR2-1,addItem> 1.7470537439239834E-4
<255,doctor9-0,HR9-2,addItem> 3.9379083157728515E-4
<256,nurse1-0,HR1-8,addItem> 1.730755623002129E-4
<257,nurse5-3,nursingItem5-5,read> 0.0014478988447603357
<258,nurse3-3,HR3-7,addItem> 1.6168820473973203E-4
<259,nurse2-0,HR2-2,addItem> 1.7554136860741532E-4
<260,nurse3-3,HR3-6,addItem> 1.6084817510151285E-4
<261,nurse3-3,HR3-9,addItem> 1.6420829365438962E-4
<262,patient9-2,noteItem9-2,read> 0.0030287771899645075
<263,nurse2-0,HR2-7,addItem> 1.721973917473475E-4
<264,nurse2-2,nursingItem2-6,read> 5.748814141470246E-4
<265,nurse3-3,HR3-8,addItem> 1.6378827883528003E-4
<266,nurse2-0,HR2-8,addItem> 1.7177939463983903E-4
<267,patient4-5,HR4-5,addNote> 0.0011815810326126434
<268,patient2-9,noteItem2-9,read> 0.0016643793907785127
<269,nurse8-0,HR8-0,addItem> 1.2439432477266658E-4
<270,nurse8-0,nursingItem8-4,read> 8.298471469606182E-4
<271,nurse4-1,nursingItem4-7,read> 8.360642655575915E-4
<272,patient6-4,noteItem6-4,read> 0.004916623201416826
<273,patient2-1,HR2-1,addNote> 0.0017270055862068229
<274,nurse2-0,HR2-5,addItem> 1.7136139753233054E-4
<275,agent9-01,HR9-0,addNote> 5.594373972811999E-4
<276,patient4-8,noteItem4-8agent4-1,read> 5.636541713089575E-4
<277,nurse2-0,HR2-6,addItem> 1.7094340042482202E-4
<278,nurse4-0,HR4-1,addItem> 1.233956223882408E-4
<279,nurse1-2,nursingItem1-0,read> 8.334186032035971E-4
<280,nurse8-2,nursingItem8-5,read> 0.001236876249240934
<281,patient9-7,noteItem9-7agent9-1,read> 0.003677111135843645
<282,agent6-01,noteItem6-9,read> 0.0023765023910597666
<283,patient4-5,noteItem4-5,read> 0.004719257482037721
<284,agent8-0,noteItem8-5agent8-0,read> 0.0027482396216014387
<285,doctor9-1,HR6-1,addItem> 4.2541862911473E-5
<286,doctor9-1,HR6-6,addItem> 4.0711285215596085E-5
<287,nurse3-2,nursingItem3-0,read> 5.634495756729868E-4
<288,doctor9-1,HR6-5,addItem> 3.979599636765763E-5
<289,agent9-1,noteItem9-7agent9-1,read> 0.0033725954521783394
<290,nurse3-3,nursingItem3-4,read> 9.837517450346207E-4
<291,doctor9-1,HR6-9,addItem> 4.391479618338069E-5
<292,nurse9-3,nursingItem9-4,read> 7.143702819957686E-4
<293,doctor9-1,HR6-7,addItem> 3.796541867178071E-5
<294,doctor6-0,HR6-8,addItem> 8.09249559380112E-5
<295,patient1-9,noteItem1-9,read> 0.0017845150460527512
<296,agent5-0,noteItem5-7agent5-0,read> 0.0012888503617573288
<297,nurse8-3,HR8-2,addItem> 1.0123976230559034E-4
<298,doctor5-1,HRitem7-9-3,read> 1.2345204769054313E-4
<299,patient7-0,noteItem7-0,read> 0.0017930961642866254
<300,doctor9-0,HR9-5,addItem> 2.169344256507042E-4
<301,nurse8-3,HR8-3,addItem> 9.793796724927031E-5
<302,nurse9-3,nursingItem9-7,read> 0.0012719923137676193
<303,doctor6-0,HRitem8-9-0,read> 3.7633516245163986E-4
<304,agent3-0,noteItem3-8,read> 0.0023626283917691495
<305,nurse5-3,nursingItem5-6,read> 8.334352889899625E-4
<306,nurse8-3,HR8-0,addItem> 1.001391639534837E-4
<307,nurse8-3,HR8-1,addItem> 1.0197349454032814E-4
<308,agent5-11,noteItem5-0,read> 0.002429466819914172
<309,doctor8-0,HRitem2-6-2,read> 3.48901028878221E-4
<310,nurse8-3,HR8-8,addItem> 9.573677054505697E-5
<311,nurse8-3,HR8-9,addItem> 9.647050277979476E-5
<312,patient9-0,noteItem9-0agent9-0,read> 0.002518256186264978
<313,nurse8-3,HR8-6,addItem> 9.867169948400813E-5
<314,nurse2-1,nursingItem2-0,read> 9.934280243607556E-4
<315,agent6-1,noteItem6-2agent6-1,read> 0.002489432283930145
<316,patient0-2,HR0-2,addNote> 0.001160921011643167
<317,nurse8-3,HR8-7,addItem> 9.610363666242586E-5
<318,doctor7-0,HR8-9,addItem> 2.243524192287883E-4
<319,nurse8-3,HR8-4,addItem> 9.720423501453255E-5
<320,nurse8-3,HR8-5,addItem> 9.940543171874588E-5
<321,agent0-11,HR0-3,addNote> 7.829168142299787E-4
<322,nurse8-2,HR8-0,addItem> 1.0152517314315128E-4
<323,nurse8-2,HR8-1,addItem> 1.0338489238863717E-4
<324,nurse8-2,HR8-2,addItem> 1.026410046904428E-4
<325,patient6-1,noteItem6-1,read> 0.004865136492013582
<326,nurse8-2,HR8-7,addItem> 9.743379080308228E-5
<327,nurse8-2,HR8-8,addItem> 9.706184695398509E-5
<328,nurse6-0,nursingItem6-0,read> 1.864726906421321E-4
<329,nurse8-2,HR8-9,addItem> 9.780573465217945E-5
<330,nurse1-3,nursingItem1-7,read> 8.411975328339369E-4
<331,nurse8-2,HR8-3,addItem> 9.929351004856819E-5
<332,patient3-7,noteItem3-7,read> 0.004787906427908714
<333,nurse8-2,HR8-4,addItem> 9.854962235037383E-5
<334,nurse4-3,nursingItem4-8,read> 8.193939639674656E-4
<335,nurse8-2,HR8-5,addItem> 1.0078128544495689E-4
<336,nurse8-2,HR8-6,addItem> 1.0003739774676256E-4
<337,doctor7-0,HRitem8-4-2,read> 3.610445555125968E-4
<338,agent0-0,noteItem0-4agent0-0,read> 0.0012998588156004852
<339,patient2-6,noteItem2-6,read> 0.0017330283366495064
<340,agent4-01,noteItem4-3agent4-0,read> 0.0027669235781196564
<341,patient1-7,noteItem1-7,read> 0.0016472171543107641
<342,patient7-9,HR7-9,addNote> 0.0014005772548890945
<343,patient5-8,HR5-8,addNote> 0.001557593414257116
<344,doctor2-0,HR2-9,addItem> 3.8994707180757337E-4
<345,doctor3-0,HRitem3-1-3,read> 7.715385417992143E-4
<346,doctor2-0,HR2-3,addItem> 3.9558542689747104E-4
<347,agent9-01,noteItem9-0,read> 8.910361421736685E-4
<348,patient8-1,noteItem8-1,read> 0.002230733194214209
<349,doctor0-0,HRitem3-1-1,read> 4.229421086023769E-5
<350,doctor2-0,HR2-6,addItem> 3.8430871671767575E-4
<351,doctor6-1,HR5-0,addItem> 0.0011221318222729747
<352,doctor1-0,HR7-9,addItem> 1.1662661809027391E-4
<353,doctor2-0,HR2-5,addItem> 3.852484425659921E-4
<354,patient6-8,noteItem6-8,read> 0.004968109910820071
<355,doctor2-0,HR2-0,addItem> 3.91826523504206E-4
<356,doctor2-0,HR2-2,addItem> 3.9464570104915476E-4
<357,doctor6-1,HRitem6-2-3,read> 5.104220233017098E-4
<358,doctor1-0,HR7-2,addItem> 1.1490625002993794E-4
<359,patient8-6,HR8-6,addNote> 0.0011113369613164235
<360,nurse5-2,nursingItem5-5,read> 8.298165680720697E-4
<361,doctor1-0,HR7-1,addItem> 1.138740291937364E-4
<362,nurse4-1,HR4-5,addItem> 1.1889429082052457E-4
<363,doctor1-0,HR7-8,addItem> 1.169706917023411E-4
<364,doctor6-1,HRitem5-5-3,read> 8.11088284747316E-5
<365,doctor7-1,HR3-8,addItem> 1.9943845282197165E-4
<366,doctor1-0,HR7-7,addItem> 1.1593847086613952E-4
<367,doctor1-0,HR7-6,addItem> 1.162825444782067E-4
<368,nurse0-3,nursingItem0-0,read> 8.615673878221554E-4
<369,doctor1-0,HR7-5,addItem> 1.1525032364200517E-4
<370,patient5-0,noteItem5-0agent5-1,read> 3.3188318139322406E-4
<371,patient5-9,HR5-9,addNote> 0.0015493294058693252
<372,doctor2-1,HR2-7,addItem> 6.002125470830121E-4
<373,doctor2-1,HR2-4,addItem> 6.162392601840452E-4
<374,doctor2-1,HR2-1,addItem> 6.089543905926665E-4
<375,nurse9-2,HR9-9,addItem> 1.4501613052158378E-4
<376,nurse1-3,nursingItem1-8,read> 8.389330787048345E-4
<377,patient9-7,noteItem9-7,read> 0.0031403317270048718
<378,nurse9-2,HR9-7,addItem> 1.4377652926341524E-4
<379,patient7-8,noteItem7-8,read> 0.0016128926813752675
<380,nurse1-3,nursingItem1-5,read> 8.366686245757316E-4
<381,nurse9-2,HR9-8,addItem> 1.446029301021943E-4
<382,nurse1-3,nursingItem1-6,read> 8.34404170446629E-4
<383,nurse9-2,HR9-5,addItem> 1.5162733723181627E-4
<384,nurse0-3,nursingItem0-1,read> 8.604170335908491E-4
<385,nurse9-2,HR9-6,addItem> 1.4295012842463614E-4
<386,patient7-1,HR7-1,addNote> 0.001367521221337932
<387,nurse9-2,HR9-3,addItem> 1.4956133513486863E-4
<388,nurse1-3,nursingItem1-9,read> 0.001436984975224347
<389,nurse9-2,HR9-4,addItem> 1.503877359736477E-4
<390,doctor3-1,HR3-1,addItem> 2.4388836918284832E-4
<391,nurse9-2,HR9-1,addItem> 1.479085334573105E-4
<392,doctor3-1,HR3-0,addItem> 1.8746742884400263E-4
<393,nurse9-2,HR9-2,addItem> 1.487349342960896E-4
<394,doctor8-0,HRitem8-3-3,read> 5.876101833305329E-5
<395,doctor3-1,HR3-3,addItem> 2.4132084166430975E-4
<396,patient1-0,HR1-0,addNote> 0.0017724576323396711
<397,doctor3-1,HR3-2,addItem> 2.4260460542357908E-4
<398,nurse9-2,HR9-0,addItem> 1.4708213261853146E-4
<399,patient8-3,noteItem8-3,read> 0.002350868849488447
<400,patient9-1,HR9-1,addNote> 0.001479085334573105
<401,doctor3-1,HR3-5,addItem> 2.483815423402909E-4
<402,nurse1-3,nursingItem1-3,read> 8.491231222857963E-4
<403,doctor3-1,HR3-4,addItem> 2.477396604606563E-4
<404,nurse1-3,nursingItem1-4,read> 0.0014846884704539716
<405,doctor9-1,HRitem3-9-0,read> 7.868291487382573E-4
<406,doctor5-0,HR4-5,addItem> 2.3385623257954737E-4
<407,doctor3-1,HR3-7,addItem> 2.4709777858102164E-4
<408,nurse1-3,nursingItem1-1,read> 0.001482700824819404
<409,doctor3-1,HR3-6,addItem> 2.458140148217523E-4
<410,nurse1-3,nursingItem1-2,read> 0.001480713179184836
<411,doctor3-1,HR3-8,addItem> 1.9139387657369044E-4
<412,nurse9-1,HR9-7,addItem> 1.424137185594966E-4
<413,doctor3-1,HR3-9,addItem> 1.9188468253990144E-4
<414,agent6-01,HR6-9,addNote> 2.4368243656853802E-4
<415,doctor8-1,HRitem8-3-1,read> 6.111341940059837E-5
<416,nurse9-1,HR9-6,addItem> 1.4159515090402346E-4
<417,nurse9-1,HR9-8,addItem> 1.432322862149697E-4
<418,nurse8-2,nursingItem8-2,read> 6.79362412092708E-4
<419,patient2-4,HR2-4,addNote> 0.0017476656071762995
<420,nurse9-1,HR9-9,addItem> 1.4364157004270622E-4
<421,patient2-2,noteItem2-2,read> 0.001810258400754374
<422,nurse9-1,HR9-2,addItem> 1.473251244923352E-4
<423,nurse9-1,HR9-3,addItem> 1.4814369214780827E-4
<424,nurse9-1,HR9-4,addItem> 1.489622598032814E-4
<425,agent6-1,noteItem6-2,read> 0.0027605235524531127
<426,nurse9-1,HR9-5,addItem> 1.50190111286491E-4
<427,nurse4-2,nursingItem4-4,read> 8.004790244392501E-4
<428,nurse9-1,HR9-0,addItem> 1.4568798918138898E-4
<429,doctor0-0,HR3-5,addItem> 1.4833293509288828E-4
<430,nurse5-3,nursingItem5-3,read> 8.194662868815349E-4
<431,doctor6-0,HRitem3-7-1,read> 8.091769588799355E-4
<432,nurse9-1,HR9-1,addItem> 1.4650655683686207E-4
<433,doctor3-0,HRitem6-3-0,read> 5.621748467877017E-4
<434,nurse1-0,HR1-1,addItem> 1.8285724658297293E-4
<435,doctor8-0,HRitem8-1-1,read> 3.641320819137498E-5
<436,doctor4-1,HRitem4-5-1,read> 5.257126302407527E-4
<437,patient5-2,noteItem5-2,read> 0.004942366556118449
<438,agent4-11,noteItem4-8agent4-1,read> 3.0874696246999947E-4
<439,doctor2-1,HRitem7-9-0,read> 5.991215385398391E-5
<440,nurse2-1,nursingItem2-8,read> 5.81020861682706E-4
<441,doctor9-1,HRitem9-8-3,read> 5.998132638684229E-4
<442,nurse0-0,nursingItem0-8,read> 0.0014816449022939753
<443,nurse2-3,nursingItem2-4,read> 9.900754768236409E-4
<444,doctor4-0,HRitem4-5-0,read> 5.268888307745253E-4
<445,doctor2-1,HRitem7-7-1,read> 5.711142987171743E-5
<446,nurse8-2,nursingItem8-1,read> 6.824789519888965E-4
<447,doctor1-0,HR1-3,addItem> 0.0012320431338305898
<448,nurse3-3,nursingItem3-3,read> 5.700824908327418E-4
<449,agent6-0,noteItem6-9,read> 0.0026504043615547907
<450,doctor6-1,HRitem6-3-1,read> 5.609986462539291E-4
<451,nurse9-3,HR9-4,addItem> 1.4753678363291505E-4
<452,nurse9-3,HR9-5,addItem> 1.4875288534116574E-4
<453,nurse9-3,HR9-6,addItem> 1.4024017338341082E-4
<454,nurse9-3,HR9-7,addItem> 1.4105090785557797E-4
<455,doctor9-0,HRitem9-8-0,read> 6.045180660035132E-4
<456,patient3-2,noteItem3-2,read> 0.004667770772634475
<457,nurse9-0,nursingItem9-5,read> 7.619367622328364E-4
<458,patient7-8,HR7-8,addNote> 0.0014047092590829897
<459,nurse9-3,HR9-8,addItem> 1.418616423277451E-4
<460,doctor1-1,HR1-6,addItem> 0.0011626254633731487
<461,nurse9-3,HR9-9,addItem> 1.4226700956382864E-4
<462,doctor3-0,HR3-6,addItem> 2.4495302002377773E-4
<463,doctor3-0,HR3-5,addItem> 2.475115544511831E-4
<464,nurse3-0,nursingItem3-1,read> 5.555604986752293E-4
<465,doctor3-0,HR3-4,addItem> 2.468719208443318E-4
<466,doctor0-1,HR9-2,addItem> 6.473537084953419E-4
<467,nurse5-1,nursingItem5-9,read> 8.204307973343415E-4
<468,patient4-7,noteItem4-7,read> 0.004642027417932852
<469,doctor3-0,HR3-3,addItem> 2.4047558477581832E-4
<470,doctor3-0,HR3-2,addItem> 2.4175485198952104E-4
<471,nurse2-3,nursingItem2-7,read> 5.661049419956899E-4
<472,nurse3-2,nursingItem3-1,read> 5.657542692931235E-4
<473,doctor6-1,HR5-3,addItem> 0.001078745778237074
<474,nurse5-3,nursingItem5-8,read> 0.0014418403385231798
<475,doctor3-0,HRitem6-2-2,read> 5.151268254367999E-4
<476,nurse0-0,HR0-5,addItem> 1.1812472510910668E-4
<477,patient2-4,noteItem2-4,read> 0.001775933927818877
<478,nurse9-3,HR9-0,addItem> 1.442938457442465E-4
<479,doctor3-0,HR3-1,addItem> 2.4303411920322367E-4
<480,nurse9-3,HR9-1,addItem> 1.4510458021641364E-4
<481,nurse9-3,HR9-3,addItem> 1.467260491607479E-4
<482,doctor3-0,HR3-7,addItem> 2.462322872374804E-4
<483,patient5-0,noteItem5-0,read> 0.004959528792586197
<484,doctor1-0,HR1-0,addItem> 0.0012407203426377698
<485,doctor2-1,HRitem7-5-2,read> 4.42280995532916E-5
<486,nurse3-2,HR3-7,addItem> 1.5882646660274563E-4
<487,nurse3-2,HR3-8,addItem> 1.6088937124527508E-4
<488,nurse3-2,HR3-9,addItem> 1.6130195217378094E-4
<489,nurse3-2,HR3-3,addItem> 1.5511323824619262E-4
<490,nurse3-2,HR3-4,addItem> 1.5923904753125152E-4
<491,nurse3-2,HR3-5,addItem> 1.596516284597574E-4
<492,agent2-01,HR2-2,addNote> 0.0012443562286399438
<493,nurse3-2,HR3-6,addItem> 1.5800130474573386E-4
<494,nurse3-2,HR3-0,addItem> 1.5758872381722798E-4
<495,nurse2-0,nursingItem2-5,read> 0.001003270579636266
<496,nurse3-2,HR3-1,addItem> 1.5676356196021616E-4
<497,patient5-3,noteItem5-3,read> 0.004890879846715204
<498,nurse3-2,HR3-2,addItem> 1.5593840010320444E-4
<499,nurse6-0,nursingItem6-6,read> 1.5786527198059306E-4
<500,nurse6-0,nursingItem6-7,read> 1.5557667848766993E-4
<501,nurse9-2,nursingItem9-1,read> 7.316367698342932E-4
<502,nurse6-0,nursingItem6-8,read> 1.624424589664393E-4
<503,patient5-5,noteItem5-5,read> 0.004856555373779707
<504,nurse6-0,nursingItem6-9,read> 1.601538654735162E-4
<505,patient9-8,noteItem9-8,read> 0.0031145883723032487
<506,doctor2-1,HR7-8,addItem> 2.0089252130465568E-4
<507,nurse6-0,nursingItem6-2,read> 3.29869705747343E-4
<508,nurse6-0,nursingItem6-3,read> 1.8990558088151678E-4
<509,nurse6-0,nursingItem6-4,read> 2.678785309365263E-4
<510,nurse6-0,nursingItem6-5,read> 2.618793849870925E-4
<511,nurse6-0,nursingItem6-1,read> 1.876169873885937E-4
<512,doctor9-0,HRitem7-2-2,read> 6.880283039013636E-4
<513,doctor5-0,HRitem5-1-1,read> 2.6756945772758926E-5
<514,agent4-1,HR4-8,addNote> 7.793261436859609E-4
<515,agent6-11,noteItem6-2,read> 0.002093327527691031
<516,doctor1-1,HRitem1-2-1,read> 7.139047156443597E-4
<517,nurse3-1,HR3-8,addItem> 1.618556737752767E-4
<518,nurse3-1,HR3-9,addItem> 1.6227073266731717E-4
<519,nurse5-0,nursingItem5-8,read> 8.168187473821167E-4
<520,nurse5-3,nursingItem5-0,read> 8.252867044267131E-4
<521,nurse3-1,HR3-6,addItem> 1.5895026153099352E-4
<522,agent7-0,noteItem7-9,read> 0.0011622564879477282
<523,nurse3-1,HR3-7,addItem> 1.5978037931507443E-4
<524,nurse5-2,nursingItem5-2,read> 0.0014250005603129495
<525,patient1-0,noteItem1-0,read> 0.0019818807654318578
<526,doctor5-0,HR5-2,addItem> 3.915474413359837E-4
<527,nurse3-1,HR3-4,addItem> 1.6019543820711488E-4
<528,agent5-11,noteItem5-0agent5-1,read> 1.8057676384770468E-4
<529,nurse3-1,HR3-5,addItem> 1.6061049709915535E-4
<530,patient4-2,noteItem4-2,read> 0.004796487546142588
<531,nurse3-1,HR3-2,addItem> 1.5687496707079122E-4
<532,agent3-11,noteItem3-1agent3-1,read> 0.0026443935074340107
<533,nurse1-0,nursingItem1-1,read> 8.860830526114022E-4
<534,patient2-3,noteItem2-3,read> 0.0018016772825204998
<535,nurse3-1,HR3-3,addItem> 1.5604484928671028E-4
<536,patient6-7,noteItem6-7,read> 0.004899460964949078
<537,nurse1-0,nursingItem1-2,read> 8.848952073752589E-4
<538,nurse3-1,HR3-0,addItem> 1.5853520263895305E-4
<539,doctor7-1,HR7-8,addItem> 2.2094463988219982E-4
<540,nurse1-0,nursingItem1-3,read> 8.908344335559755E-4
<541,nurse3-1,HR3-1,addItem> 1.577050848548721E-4
<542,nurse1-0,nursingItem1-5,read> 0.0015098868167600973
<543,patient0-8,noteItem0-8,read> 0.0018531639919237447
<544,nurse9-2,nursingItem9-0,read> 7.685672357713775E-4
<545,patient6-9,noteItem6-9agent6-0,read> 0.0019542801108033588
<546,nurse1-0,nursingItem1-4,read> 8.872708978475456E-4
<547,nurse1-0,nursingItem1-7,read> 8.825195169029724E-4
<548,doctor1-0,HR1-9,addItem> 0.001168410269244602
<549,nurse1-1,nursingItem1-1,read> 8.623751448492244E-4
<550,nurse1-0,nursingItem1-6,read> 8.753924454861124E-4
<551,nurse4-3,nursingItem4-9,read> 8.182542679294929E-4
<552,patient9-8,HR9-8,addNote> 0.0014460293010219428
<553,nurse1-0,nursingItem1-9,read> 8.587626121801061E-4
<554,nurse0-0,HR0-8,addItem> 1.2268459167275692E-4
<555,nurse1-0,nursingItem1-8,read> 0.001513973344372417
<556,nurse6-1,nursingItem6-9,read> 1.6106642311154192E-4
<557,nurse6-1,nursingItem6-7,read> 1.5646315528816947E-4
<558,agent2-11,HR2-7,addNote> 0.0011996642580435941
<559,nurse0-2,nursingItem0-4,read> 8.365614541366144E-4
<560,nurse8-0,nursingItem8-3,read> 8.33665706082569E-4
<561,patient1-1,HR1-1,addNote> 0.0017765896365335666
<562,nurse6-1,nursingItem6-8,read> 1.6336805702322812E-4
<563,nurse6-1,nursingItem6-5,read> 1.5070907050895394E-4
<564,nurse4-2,nursingItem4-6,read> 0.001443578561613479
<565,doctor3-0,HR6-2,addItem> 9.30972241826275E-5
<566,nurse6-1,nursingItem6-6,read> 1.5876478919985568E-4
<567,agent0-0,noteItem0-4,read> 9.332612212883159E-4
<568,patient8-8,noteItem8-8,read> 0.002299382140085202
<569,nurse6-1,nursingItem6-3,read> 1.9098766396346273E-4
<570,patient8-0,noteItem8-0,read> 0.0022221520759803342
<571,patient3-0,noteItem3-0,read> 0.004684933009102224
<572,nurse6-1,nursingItem6-4,read> 1.5416152137648324E-4
<573,nurse0-1,nursingItem0-9,read> 8.564069260412628E-4
<574,agent4-0,HR4-3,addNote> 8.062739429944362E-4
<575,nurse1-1,nursingItem1-6,read> 0.0014823784176966445
<576,nurse6-1,nursingItem6-1,read> 1.8868603005177655E-4
<577,nurse6-1,nursingItem6-0,read> 1.8753521309593344E-4
<578,doctor5-0,HRitem4-0-3,read> 5.080696222341647E-4
<579,nurse8-3,nursingItem8-2,read> 0.0012294959422642728
<580,nurse4-3,nursingItem4-6,read> 8.216733560434109E-4
<581,nurse3-0,HR3-1,addItem> 1.539389932762483E-4
<582,nurse3-0,HR3-2,addItem> 1.5312869920044398E-4
<583,nurse2-1,nursingItem2-1,read> 5.705824930456384E-4
<584,doctor0-1,HRitem0-2-3,read> 2.1049088718971132E-4
<585,doctor2-0,HRitem2-0-0,read> 3.751589619178674E-4
<586,nurse3-0,HR3-3,addItem> 1.523184051246396E-4
<587,nurse1-2,nursingItem1-2,read> 8.493810184504993E-4
<588,nurse0-3,nursingItem0-4,read> 8.420113658899473E-4
<589,nurse4-0,HR4-0,addItem> 1.2423232105678657E-4
<590,nurse8-1,nursingItem8-2,read> 8.370301391312888E-4
<591,patient0-3,noteItem0-3agent0-1,read> 0.00359212843954121
<592,nurse3-0,HR3-4,addItem> 1.5636987550366138E-4
<593,nurse9-0,HR9-0,addItem> 1.512645629299589E-4
<594,nurse3-0,HR3-5,addItem> 1.567750225415636E-4
<595,nurse3-0,HR3-6,addItem> 1.5515443438995487E-4
<596,nurse3-3,nursingItem3-7,read> 6.017564558554304E-4
<597,nurse3-0,HR3-7,addItem> 1.559647284657592E-4
<598,patient1-1,noteItem1-1,read> 0.0016043115631413933
<599,patient2-6,HR2-6,addNote> 0.001689817548461765
<600,nurse0-3,nursingItem0-6,read> 0.0014721536623041765
<601,nurse5-0,nursingItem5-4,read> 8.065221118738273E-4
<602,nurse3-0,HR3-8,addItem> 1.5799046365527013E-4
<603,agent1-1,HR1-3,addNote> 0.001104022190911979
<604,nurse8-3,nursingItem8-9,read> 6.608658600846328E-4
<605,nurse6-2,HR6-3,addItem> 3.769019103251025E-5
<606,nurse8-3,nursingItem8-5,read> 6.690631754884864E-4
<607,nurse9-0,HR9-4,addItem> 1.546641644847467E-4
<608,agent8-1,noteItem8-1agent8-1,read> 0.0012479803826888549
<609,nurse9-0,HR9-3,addItem> 1.5381426409604975E-4
<610,nurse9-0,HR9-2,addItem> 1.5296436370735284E-4
<611,nurse1-1,nursingItem1-8,read> 8.565948277301994E-4
<612,nurse9-0,HR9-1,addItem> 1.5211446331865584E-4
<613,nurse1-1,nursingItem1-7,read> 8.589069545778094E-4
<614,nurse5-2,nursingItem5-8,read> 8.263443304419663E-4
<615,nurse9-0,HR9-8,addItem> 1.4871486176386807E-4
<616,doctor3-1,HR7-4,addItem> 9.71726869615186E-4
<617,patient0-9,noteItem0-9,read> 0.0018617451101576189
<618,nurse5-1,nursingItem5-8,read> 8.215815389120416E-4
<619,nurse9-0,HR9-7,addItem> 1.4786496137517111E-4
<620,nurse1-1,nursingItem1-5,read> 8.542827008825892E-4
<621,agent6-11,noteItem6-2agent6-1,read> 0.0016082066863929536
<622,doctor9-1,HRitem9-1-3,read> 8.550487796970648E-4
<623,patient3-8,noteItem3-8,read> 0.004762163073207091
<624,nurse9-0,HR9-6,addItem> 1.4701506098647413E-4
<625,patient7-4,HR7-4,addNote> 0.0013881812423074086
<626,nurse1-1,nursingItem1-4,read> 8.635312082730293E-4
<627,patient9-7,HR9-7,addNote> 0.001437765292634152
<628,nurse9-0,HR9-5,addItem> 1.559390150677921E-4
<629,nurse3-0,HR3-0,addItem> 1.547492873520527E-4
<630,doctor3-0,HRitem2-6-2,read> 3.602988846310485E-4
<631,nurse1-1,nursingItem1-3,read> 8.669993985444445E-4
<632,nurse9-0,HR9-9,addItem> 1.4913981195821652E-4
<633,agent1-01,noteItem1-6,read> 9.813972826252645E-4
<634,patient8-7,HR8-7,addNote> 0.0010824129319591562
<635,nurse3-0,HR3-9,addItem> 1.5839561069317228E-4
<636,nurse7-2,nursingItem7-0,read> 1.7713098355149224E-4
<637,agent9-0,noteItem9-0agent9-0,read> 0.002274064558964102
<638,doctor2-0,HRitem2-2-0,read> 3.6339695658014185E-4
<639,doctor5-0,HR4-0,addItem> 2.4285201363753956E-4
<640,nurse1-2,nursingItem1-1,read> 8.505211909681352E-4
<641,doctor5-0,HR4-1,addItem> 2.41216417081541E-4
<642,doctor0-0,HRitem0-2-1,read> 2.187242909261191E-4
<643,doctor5-0,HR4-3,addItem> 2.3712742569154452E-4
<644,doctor7-1,HR7-5,addItem> 2.1769505576823195E-4
<645,doctor9-1,HR3-8,addItem> 6.804370743337856E-5
<646,doctor3-1,HRitem7-0-0,read> 4.582281246155532E-5
<647,nurse0-2,nursingItem0-3,read> 0.0014546988963767271
<648,nurse8-3,nursingItem8-1,read> 0.0012351361912507674
<649,doctor5-0,HR4-6,addItem> 2.354918291355459E-4
<650,nurse2-0,nursingItem2-6,read> 0.0010093392582663434
<651,doctor5-0,HR4-7,addItem> 2.3058503946755016E-4
<652,doctor1-0,HR1-4,addItem> 0.0012349355367663167
<653,nurse8-1,nursingItem8-0,read> 8.434298598509927E-4
<654,patient2-7,HR2-7,addNote> 0.0017022135610434512
<655,nurse1-2,nursingItem1-9,read> 8.2429722306251E-4
<656,patient9-0,HR9-0,addNote> 0.0014708213261853144
<657,nurse1-2,nursingItem1-8,read> 8.448203283799559E-4
<658,nurse1-2,nursingItem1-5,read> 8.425399833446841E-4
<659,nurse1-2,nursingItem1-4,read> 8.516613634857711E-4
<660,nurse1-2,nursingItem1-6,read> 8.402596383094124E-4
<661,doctor5-0,HR4-9,addItem> 2.2894944291155156E-4
<662,doctor5-0,HR4-8,addItem> 2.3222063602354868E-4
<663,doctor2-1,HRitem2-8-1,read> 5.115982238354823E-4
<664,patient0-4,HR0-4,addNote> 0.00120224105358212
<665,nurse0-0,nursingItem0-5,read> 0.001469565591535308
<666,doctor5-0,HR5-7,addItem> 3.967826160390832E-4
<667,nurse0-0,nursingItem0-2,read> 8.43987877973996E-4
<668,patient3-8,noteItem3-8agent3-0,read> 0.001962005810467216
<669,doctor5-0,HR5-8,addItem> 3.9468854615784353E-4
<670,doctor6-1,HR3-5,addItem> 2.3707169978188892E-4
<671,nurse0-0,nursingItem0-3,read> 8.428300780842345E-4
<672,nurse0-0,nursingItem0-9,read> 8.509346773125645E-4
<673,nurse3-1,nursingItem3-7,read> 5.946560846948943E-4
<674,nurse0-0,nursingItem0-6,read> 8.497768774228031E-4
<675,nurse0-0,nursingItem0-7,read> 8.486190775330417E-4
<676,patient3-1,noteItem3-1,read> 0.00467635189086835
<677,nurse0-0,nursingItem0-0,read> 8.671438757692243E-4
<678,nurse0-2,HR0-6,addItem> 1.1742383945148625E-4
<679,nurse0-0,nursingItem0-1,read> 0.001505803523811309
<680,nurse8-1,nursingItem8-9,read> 8.255106418358216E-4
<681,agent5-1,HR5-0,addNote> 0.0010715692321937376
<682,nurse7-3,HR7-8,addItem> 1.4558611368647233E-4
<683,agent3-01,noteItem3-8agent3-0,read> 0.0011162677369572366
<684,nurse5-0,HR5-8,addItem> 1.5440882690467942E-4
<685,patient1-5,HR1-5,addNote> 0.001768325628145776
<686,nurse7-3,HR7-9,addItem> 1.4515786675321147E-4
<687,nurse3-0,nursingItem3-6,read> 9.675873646148702E-4
<688,nurse0-3,nursingItem0-7,read> 0.0014701478895028537
<689,nurse9-0,nursingItem9-2,read> 7.560022901443088E-4
<690,nurse7-3,HR7-4,addItem> 1.438731259534289E-4
<691,agent5-11,HR5-0,addNote> 0.0010123898663132154
<692,nurse7-3,HR7-5,addItem> 1.4344487902016805E-4
<693,nurse7-3,HR7-6,addItem> 1.447296198199506E-4
<694,nurse7-3,HR7-7,addItem> 1.4430137288668973E-4
<695,agent5-0,HR5-7,addNote> 0.0010117966515417137
<696,nurse7-3,HR7-0,addItem> 1.4216013822038545E-4
<697,doctor5-0,HR5-1,addItem> 4.0725296544528235E-4
<698,nurse7-3,HR7-1,addItem> 1.417318912871246E-4
<699,nurse7-3,HR7-2,addItem> 1.4301663208690716E-4
<700,doctor2-1,HRitem6-7-1,read> 1.9049547811557805E-4
<701,patient4-6,noteItem4-6,read> 0.004659189654400601
<702,nurse4-2,nursingItem4-3,read> 0.0014075370694666247
<703,patient8-2,noteItem8-2,read> 0.0023337066130206985
<704,nurse7-3,HR7-3,addItem> 1.425883851536463E-4
<705,patient7-7,HR7-7,addNote> 0.0013923132465013036
<706,patient0-0,HR0-0,addNote> 0.0011691850200309575
<707,doctor6-1,HRitem3-5-3,read> 7.785957450018495E-4
<708,nurse0-1,nursingItem0-3,read> 8.482502072037474E-4
<709,nurse8-3,nursingItem8-6,read> 6.63939853361078E-4
<710,patient7-4,noteItem7-4,read> 0.0015013381443349033
<711,nurse0-1,nursingItem0-4,read> 0.001479041940208197
<712,patient0-3,HR0-3,addNote> 0.0011939770451943291
<713,nurse0-1,nursingItem0-6,read> 8.552416804930463E-4
<714,nurse0-1,nursingItem0-7,read> 8.540764349448298E-4
<715,nurse0-1,nursingItem0-8,read> 8.575721715894792E-4
<716,nurse0-1,nursingItem0-0,read> 8.727203637162935E-4
<717,nurse0-1,nursingItem0-1,read> 8.715551181680771E-4
<718,patient4-0,noteItem4-0,read> 0.004702095245569971
<719,doctor3-1,HRitem7-3-2,read> 1.0110423754886482E-4
<720,doctor3-1,HRitem3-1-2,read> 3.876560925892006E-5
<721,patient8-7,noteItem8-7,read> 0.0022822199036174537
<722,patient9-1,noteItem9-1,read> 0.0030373583081983813
<723,agent3-11,noteItem3-1,read> 0.002343385235024692
<724,doctor0-1,HR0-7,addItem> 4.283655502439549E-4
<725,nurse0-2,nursingItem0-8,read> 8.411330884280196E-4
<726,nurse2-2,nursingItem2-7,read> 5.737292509787968E-4
<727,nurse0-2,nursingItem0-9,read> 0.001468687186376801
<728,doctor0-1,HR0-2,addItem> 4.0392517204516676E-4
<729,nurse5-1,nursingItem5-7,read> 8.227322804897416E-4
<730,nurse0-2,nursingItem0-6,read> 8.388472712823169E-4
<731,patient9-9,noteItem9-9,read> 0.0031660750817064944
<732,nurse0-2,nursingItem0-7,read> 8.377043627094656E-4
<733,nurse0-2,nursingItem0-5,read> 8.342756369909116E-4
<734,patient9-3,HR9-3,addNote> 0.0014956133513486863
<735,nurse0-2,nursingItem0-0,read> 0.0014966637663769487
<736,nurse0-2,nursingItem0-1,read> 8.548479913022351E-4
<737,patient6-3,noteItem6-3,read> 0.004830812019078084
<738,doctor8-0,HRitem2-3-3,read> 2.2912075719920766E-4
<739,doctor8-1,HR8-3,addItem> 2.4261337504470097E-4
<740,agent5-1,noteItem5-0agent5-1,read> 2.2787975538299387E-4
<741,agent7-1,noteItem7-4agent7-1,read> 6.349984461417643E-4
<742,nurse9-0,nursingItem9-1,read> 0.0012947413378411694
<743,agent5-1,noteItem5-0,read> 0.002571481581829823
<744,nurse9-1,nursingItem9-1,read> 7.247018241486601E-4
<745,doctor3-1,HRitem3-5-1,read> 7.738909428667593E-4
<746,patient8-0,HR8-0,addNote> 0.0011278649780920046
<747,patient9-5,noteItem9-5,read> 0.003097426135835501
<748,doctor0-1,HR0-8,addItem> 4.2549021163233275E-4
<749,nurse0-3,nursingItem0-9,read> 8.454624285838664E-4
<750,nurse0-3,nursingItem0-5,read> 8.397106574273345E-4
<751,patient0-1,HR0-1,addNote> 0.0011526570032553763
<752,nurse0-3,nursingItem0-8,read> 8.466127828151728E-4
<753,nurse0-3,nursingItem0-2,read> 8.385603031960281E-4
<754,nurse0-3,nursingItem0-3,read> 8.374099489647217E-4
<755,doctor7-1,HR9-6,addItem> 5.93606465492133E-4
<756,doctor7-1,HR9-8,addItem> 6.004697944921626E-4
<757,doctor7-1,HR9-9,addItem> 6.021856267421699E-4
<758,nurse9-3,nursingItem9-3,read> 7.1097368552851E-4
<759,doctor7-1,HR9-3,addItem> 6.210597814922509E-4
<760,agent0-1,noteItem0-3agent0-1,read> 0.002391618243354094
<761,doctor7-1,HR9-5,addItem> 6.296389427422878E-4
<762,patient4-8,HR4-8,addNote> 0.0011733170242248527
<763,agent1-01,HR1-6,addNote> 0.0012691431526604714
<764,doctor7-1,HR9-1,addItem> 6.141964524922214E-4
<765,agent9-11,noteItem9-7agent9-1,read> 0.0011529126168539291
<766,doctor0-0,HR0-8,addItem> 4.3054054055378477E-4
<767,doctor0-0,HR0-7,addItem> 4.3345000781361607E-4
<768,agent4-01,HR4-3,addNote> 7.512678212102556E-4
<769,doctor2-1,HR6-1,addItem> 1.1337511248821132E-4
<770,patient0-8,HR0-8,addNote> 0.0012229010745515964
<771,doctor0-0,HRitem0-7-0,read> 6.092228681386033E-4
<772,nurse5-0,nursingItem5-7,read> 8.179628179941489E-4
<773,nurse4-3,nursingItem4-5,read> 7.977397392459842E-4
<774,agent7-0,noteItem7-9agent7-0,read> 0.001594889768176694
<775,doctor5-1,HRitem7-2-0,read> 6.986141087053166E-4
<776,patient2-9,HR2-9,addNote> 0.0017146095736251372
<777,doctor2-1,HR6-9,addItem> 1.1703401347393574E-4
<778,doctor2-1,HR6-7,addItem> 1.0117877586912986E-4
<779,patient0-4,noteItem0-4agent0-0,read> 0.0019697315101310743
<780,agent9-01,noteItem9-0agent9-0,read> 8.252131810376004E-4
<781,doctor2-1,HR6-5,addItem> 1.0605731051676247E-4
<782,doctor3-0,HRitem2-0-3,read> 1.8700883991872055E-4
<783,doctor6-1,HRitem3-3-0,read> 7.374287263198104E-4
<784,agent4-01,noteItem4-3,read> 0.002320348268672652
<785,doctor2-0,HR6-1,addItem> 1.1295598083391108E-4
<786,nurse7-0,HR7-9,addItem> 1.3888076981253208E-4
<787,agent2-11,noteItem2-7agent2-1,read> 0.003264685908090029
<788,patient0-7,HR0-7,addNote> 0.001231165082939387
<789,nurse5-0,HR5-9,addItem> 1.5358959139109206E-4
<790,doctor0-1,HR9-0,addItem> 6.401600569134975E-4
<791,nurse7-0,HR7-0,addItem> 1.3601267278382827E-4
<792,nurse5-0,HR5-5,addItem> 1.519511203639174E-4
<793,nurse5-0,HR5-6,addItem> 1.5604729793185408E-4
<794,nurse5-0,HR5-7,addItem> 1.5522806241826675E-4
<795,doctor0-1,HR9-4,addItem> 6.545473600771861E-4
<796,nurse5-0,HR5-1,addItem> 1.5932423998620343E-4
<797,nurse5-0,HR5-2,addItem> 1.531799736342984E-4
<798,doctor5-0,HRitem5-8-0,read> 1.482655988038839E-4
<799,doctor3-0,HRitem3-7-3,read> 8.115293599474807E-4
<800,nurse5-0,HR5-3,addItem> 1.5277035587750475E-4
<801,agent6-1,HR6-2,addNote> 2.870413206935673E-4
<802,nurse5-0,HR5-4,addItem> 1.5236073812071108E-4
<803,nurse7-0,HR7-8,addItem> 1.3929049795948975E-4
<804,doctor0-1,HR9-7,addItem> 6.257727537498089E-4
<805,doctor2-0,HR6-7,addItem> 1.0080473233541774E-4
<806,nurse7-0,HR7-7,addItem> 1.380613135186167E-4
<807,nurse7-0,HR7-6,addItem> 1.3847104166557435E-4
<808,doctor2-0,HR6-9,addItem> 1.166013553834591E-4
<809,doctor5-0,HRitem4-3-1,read> 7.515431327250812E-4
<810,nurse7-0,HR7-5,addItem> 1.3724185722470132E-4
<811,nurse5-0,HR5-0,addItem> 1.5891462222940975E-4
<812,agent0-11,noteItem0-3agent0-1,read> 0.0020292996015492666
<813,nurse7-0,HR7-4,addItem> 1.3765158537165902E-4
<814,patient4-6,HR4-6,addNote> 0.0011898450410004337
<815,nurse7-0,HR7-3,addItem> 1.3642240093078594E-4
<816,doctor2-0,HR6-6,addItem> 1.0809548143451374E-4
<817,nurse7-0,HR7-2,addItem> 1.3683212907774362E-4
<818,doctor2-0,HR6-5,addItem> 1.0566523173481509E-4
<819,nurse7-0,HR7-1,addItem> 1.356029446368706E-4
<820,patient3-6,noteItem3-6,read> 0.004599121826763482
<821,doctor6-1,HR6-8,addItem> 8.062906944463638E-5
<822,agent6-0,HR6-9,addNote> 2.717678699357594E-4
<823,patient0-6,HR0-6,addNote> 0.0011857130368065389
<824,nurse4-2,HR4-4,addItem> 1.1988567147369125E-4
<825,nurse4-2,HR4-3,addItem> 1.1906441954979555E-4
<826,doctor9-0,HR9-9,addItem> 2.074757201380585E-4
<827,nurse4-2,HR4-6,addItem> 1.1824316762589983E-4
<828,nurse4-2,HR4-5,addItem> 1.1742191570200414E-4
<829,doctor9-1,HRitem3-0-1,read> 8.703393866361078E-4
<830,nurse4-2,HR4-8,addItem> 1.1660066377810841E-4
<831,agent1-01,noteItem1-6agent1-0,read> 2.337467507526811E-4
<832,nurse4-2,HR4-7,addItem> 1.1577941185421274E-4
<833,nurse7-1,HR7-1,addItem> 1.3509219908268278E-4
<834,nurse4-2,HR4-9,addItem> 1.1495815993031702E-4
<835,nurse7-1,HR7-0,addItem> 1.355003839974485E-4
<836,nurse7-1,HR7-3,addItem> 1.3590856891221425E-4
<837,nurse7-1,HR7-2,addItem> 1.3631675382698002E-4
<838,nurse7-1,HR7-5,addItem> 1.3672493874174578E-4
<839,doctor6-1,HR6-4,addItem> 8.727236697612185E-5
<840,nurse7-1,HR7-4,addItem> 1.3713312365651155E-4
<841,doctor6-1,HR6-3,addItem> 8.632332447162395E-5
<842,nurse4-1,nursingItem4-4,read> 0.0014075628984086994
<843,nurse4-2,HR4-0,addItem> 1.219388012834305E-4
<844,nurse4-0,HR4-5,addItem> 1.1963047837978479E-4
<845,patient0-5,HR0-5,addNote> 0.0011774490284187482
<846,patient2-5,HR2-5,addNote> 0.0016939495526556605
<847,nurse7-1,HR7-7,addItem> 1.3754130857127726E-4
<848,patient3-9,HR3-9,addNote> 0.00161544147297165
<849,doctor6-1,HR6-2,addItem> 8.917045198511772E-5
<850,nurse7-1,HR7-6,addItem> 1.3794949348604302E-4
<851,patient2-0,HR2-0,addNote> 0.0017228735820129279
<852,nurse4-2,HR4-2,addItem> 1.2029629743563908E-4
<853,nurse7-1,HR7-9,addItem> 1.3835767840080879E-4
<854,agent7-0,HR7-9,addNote> 0.0012544540373514528
<855,agent1-11,noteItem1-3agent1-1,read> 0.0015267181661869353
<856,doctor7-1,HRitem3-0-0,read> 4.429264634762391E-4
<857,patient3-4,HR3-4,addNote> 0.0015947814520021733
<858,doctor6-1,HR6-0,addItem> 7.398577191315088E-5
<859,patient0-5,noteItem0-5,read> 0.0018960695830931157
<860,nurse4-2,HR4-1,addItem> 1.211175493595348E-4
<861,nurse7-1,HR7-8,addItem> 1.3876586331557455E-4
<862,doctor5-1,HR7-2,addItem> 1.4773660718134878E-4
<863,doctor0-1,HRitem0-7-3,read> 6.103990686723759E-4
<864,doctor5-1,HR7-5,addItem> 1.4817898753972093E-4
<865,agent5-01,noteItem5-7,read> 0.002445609718883146
<866,doctor5-1,HR7-1,addItem> 1.464094661062325E-4
<867,nurse4-3,HR4-7,addItem> 1.1505352212471926E-4
<868,nurse4-3,HR4-6,addItem> 1.1750183115175625E-4
<869,nurse4-3,HR4-5,addItem> 1.1668572814274392E-4
<870,nurse4-3,HR4-4,addItem> 1.1913403716978095E-4
<871,doctor5-1,HR7-6,addItem> 1.495061286148372E-4
<872,nurse7-2,HR7-2,addItem> 1.3580137857621637E-4
<873,doctor0-0,HRitem8-7-0,read> 5.398270366460233E-4
<874,doctor5-1,HR7-7,addItem> 1.4906374825646507E-4
<875,nurse7-2,HR7-1,addItem> 1.3458145352849492E-4
<876,agent0-0,HR0-4,addNote> 7.663759417878304E-4
<877,doctor5-1,HR7-8,addItem> 1.5039088933158142E-4
<878,nurse4-3,HR4-9,addItem> 1.1423741911570687E-4
<879,nurse7-2,HR7-0,addItem> 1.3498809521106871E-4
<880,doctor5-1,HR7-9,addItem> 1.499485089732093E-4
<881,nurse4-3,HR4-8,addItem> 1.1586962513373156E-4
<882,doctor1-1,HR8-6,addItem> 1.2548613829537706E-4
<883,doctor6-0,HR6-4,addItem> 8.759263254300671E-5
<884,nurse7-2,HR7-6,addItem> 1.3742794530651167E-4
<885,doctor6-0,HR6-3,addItem> 8.664010731372165E-5
<886,nurse7-2,HR7-5,addItem> 1.3620802025879022E-4
<887,nurse7-2,HR7-4,addItem> 1.3661466194136404E-4
<888,nurse7-2,HR7-3,addItem> 1.3539473689364257E-4
<889,doctor9-0,HR9-6,addItem> 2.0451987466535673E-4
<890,doctor2-1,HRitem6-5-0,read> 1.6344286583880964E-4
<891,doctor6-0,HR6-0,addItem> 7.425727933301567E-5
<892,nurse4-3,HR4-3,addItem> 1.1831793416076861E-4
<893,nurse4-3,HR4-2,addItem> 1.1954208867428711E-4
<894,nurse7-2,HR7-9,addItem> 1.378345869890855E-4
<895,nurse0-2,HR0-8,addItem> 1.2110665480236778E-4
<896,doctor6-0,HR6-2,addItem> 8.949768300157689E-5
<897,nurse4-3,HR4-1,addItem> 1.2035819168329947E-4
<898,doctor3-1,HRitem3-7-0,read> 8.080007583461631E-4
<899,nurse7-2,HR7-8,addItem> 1.3824122867165932E-4
<900,patient2-2,HR2-2,addNote> 0.0017352695945946136
<901,nurse4-3,HR4-0,addItem> 1.211742946923118E-4
<902,nurse7-2,HR7-7,addItem> 1.3702130362393784E-4
<903,nurse5-3,HR5-1,addItem> 1.6211125293056852E-4
<904,nurse4-2,nursingItem4-7,read> 0.0014415762564942095
<905,agent8-1,noteItem8-1,read> 0.0011702488152370073
<906,nurse6-0,HR6-6,addItem> 3.644611538185298E-5
<907,nurse5-3,HR5-0,addItem> 1.616944698485831E-4
<908,doctor4-0,HR4-8,addItem> 2.9510223342659993E-4
<909,nurse6-0,HR6-5,addItem> 3.562671794001274E-5
<910,nurse7-2,nursingItem7-1,read> 1.7826674192852554E-4
<911,doctor3-0,HRitem2-9-0,read> 2.055329481465901E-4
<912,nurse6-0,HR6-8,addItem> 3.480732049817248E-5
<913,nurse2-1,nursingItem2-5,read> 5.752217679954463E-4
<914,nurse5-3,HR5-3,addItem> 1.5544272361880221E-4
<915,nurse6-0,HR6-7,addItem> 3.398792305633223E-5
<916,nurse5-3,HR5-2,addItem> 1.5585950670078758E-4
<917,nurse6-0,HR6-2,addItem> 3.8494608986453626E-5
<918,nurse6-0,HR6-1,addItem> 3.80849102655335E-5
<919,nurse6-0,HR6-4,addItem> 3.7675211544613364E-5
<920,nurse6-0,HR6-3,addItem> 3.7265512823693236E-5
<921,doctor8-1,HRitem8-5-2,read> 5.504128414499762E-4
<922,doctor1-1,HR1-5,addItem> 0.0012378279397020431
<923,nurse4-0,HR4-7,addItem> 1.1795708104269322E-4
<924,nurse5-3,HR5-9,addItem> 1.5627628978277295E-4
<925,patient8-1,noteItem8-1agent8-1,read> 0.001799766117526203
<926,nurse9-3,nursingItem9-8,read> 7.256922702199635E-4
<927,nurse4-0,HR4-8,addItem> 1.1879377971123899E-4
<928,nurse5-3,HR5-8,addItem> 1.5710985594674377E-4
<929,nurse6-0,HR6-0,addItem> 3.193942945173158E-5
<930,nurse4-0,HR4-6,addItem> 1.2046717704833054E-4
<931,nurse4-0,HR4-3,addItem> 1.2130387571687635E-4
<932,nurse8-1,nursingItem8-4,read> 0.001392167516053679
<933,patient2-1,noteItem2-1,read> 0.0018274206372221218
<934,nurse5-3,HR5-5,addItem> 1.546091574548314E-4
<935,nurse4-0,HR4-4,addItem> 1.2214057438542214E-4
<936,nurse5-3,HR5-4,addItem> 1.5502594053681676E-4
<937,nurse5-3,HR5-7,addItem> 1.5794342211071456E-4
<938,nurse5-3,nursingItem5-9,read> 8.299430384628556E-4
<939,nurse5-3,HR5-6,addItem> 1.5877698827468533E-4
<940,nurse2-1,nursingItem2-9,read> 5.821806804201581E-4
<941,nurse1-3,HR1-3,addItem> 1.7267385942548226E-4
<942,nurse8-0,nursingItem8-7,read> 8.273014408793177E-4
<943,nurse2-1,nursingItem2-7,read> 5.775414054703502E-4
<944,nurse2-1,nursingItem2-3,read> 5.729021305205424E-4
<945,nurse4-0,HR4-9,addItem> 1.1712038237414744E-4
<946,nurse2-1,nursingItem2-4,read> 5.763815867328983E-4
<947,nurse2-1,nursingItem2-2,read> 5.740619492579943E-4
<948,nurse6-0,HR6-9,addItem> 3.9314006428293875E-5
<949,nurse6-1,HR6-9,addItem> 3.953801786093373E-5
<950,nurse6-1,HR6-8,addItem> 3.5005652808703376E-5
<951,patient7-1,noteItem7-1,read> 0.0018360017554559967
<952,nurse6-1,HR6-7,addItem> 3.4181586435570586E-5
<953,patient4-7,HR4-7,addNote> 0.0011650530158370624
<954,nurse4-1,HR4-0,addItem> 1.2346781446566788E-4
<955,nurse6-1,HR6-6,addItem> 3.665378555496895E-5
<956,nurse4-1,HR4-1,addItem> 1.2263626471200546E-4
<957,nurse6-1,HR6-5,addItem> 3.582971918183617E-5
<958,nurse6-1,HR6-4,addItem> 3.788988511466813E-5
<959,nurse6-1,HR6-3,addItem> 3.747785192810174E-5
<960,nurse6-1,HR6-2,addItem> 3.871395148780093E-5
<961,doctor1-1,HR1-8,addItem> 0.0011770874780517822
<962,nurse6-1,HR6-1,addItem> 3.830191830123454E-5
<963,nurse2-2,nursingItem2-8,read> 5.771857404834802E-4
<964,doctor4-1,HR2-4,addItem> 6.071266648393643E-4
<965,nurse4-1,HR4-6,addItem> 1.1972584057418697E-4
<966,nurse4-1,HR4-7,addItem> 1.1723119131319974E-4
<967,nurse6-1,HR6-0,addItem> 3.21214205027386E-5
<968,doctor1-1,HR3-0,addItem> 1.0538886980547258E-4
<969,nurse4-1,HR4-8,addItem> 1.1806274106686214E-4
<970,nurse4-1,HR4-9,addItem> 1.163996415595373E-4
<971,nurse4-1,HR4-2,addItem> 1.21804714958343E-4
<972,nurse4-1,HR4-3,addItem> 1.205573903278494E-4
<973,nurse4-1,HR4-4,addItem> 1.2138894008151183E-4
<974,doctor1-1,HR3-9,addItem> 1.0787212451017227E-4
<975,doctor1-1,HR3-8,addItem> 1.0759620732076118E-4
<976,doctor1-1,HR1-2,addItem> 0.0012291507308948631
<977,nurse2-0,nursingItem2-9,read> 0.0010154079368964208
<978,nurse2-0,nursingItem2-2,read> 0.0010012476867595737
<979,nurse2-0,nursingItem2-3,read> 5.766836627351995E-4
<980,nurse2-0,nursingItem2-4,read> 5.801860856552276E-4
<981,agent7-11,noteItem7-4,read> 4.93570593003456E-4
<982,nurse2-0,nursingItem2-0,read> 5.755161884285233E-4
<983,nurse2-0,nursingItem2-1,read> 9.95179008129496E-4
<984,nurse6-2,HR6-4,addItem> 3.8104558684722915E-5
<985,patient0-6,noteItem0-6,read> 0.0018703262283914933
<986,nurse4-3,nursingItem4-4,read> 7.954603471700385E-4
<987,nurse3-2,nursingItem3-8,read> 0.001033915513852789
<988,patient5-3,HR5-3,addNote> 0.0015410653974815348
<989,nurse5-2,nursingItem5-1,read> 0.0014209748980861814
<990,patient8-4,HR8-4,addNote> 0.001094808944540842
<991,nurse6-2,HR6-6,addItem> 3.686145572808492E-5
<992,nurse6-2,HR6-5,addItem> 3.60327204236596E-5
<993,agent2-01,noteItem2-2agent2-0,read> 5.868785382909475E-4
<994,nurse6-2,HR6-8,addItem> 3.520398511923427E-5
<995,nurse6-2,HR6-7,addItem> 3.437524981480894E-5
<996,nurse5-1,HR5-1,addItem> 1.6025324430099177E-4
<997,doctor4-0,HR4-0,addItem> 3.0861241638024625E-4
<998,doctor5-1,HR5-1,addItem> 3.917754180649391E-4
<999,nurse5-1,HR5-0,addItem> 1.5984123810246751E-4
<1000,patient9-4,HR9-4,addNote> 0.0015038773597364772
<1001,nurse9-0,nursingItem9-3,read> 0.0012824874599148383
<1002,nurse6-2,HR6-9,addItem> 3.976202929357357E-5
<1003,nurse5-1,HR5-3,addItem> 1.536611451246039E-4
<1004,nurse5-1,HR5-2,addItem> 1.5407315132312814E-4
<1005,nurse5-1,HR5-5,addItem> 1.528371327275554E-4
<1006,nurse5-1,HR5-4,addItem> 1.5324913892607962E-4
<1007,nurse6-2,HR6-0,addItem> 3.230341155374562E-5
<1008,nurse5-1,HR5-7,addItem> 1.5613318231574933E-4
<1009,nurse5-1,HR5-6,addItem> 1.5695719471279783E-4
<1010,nurse3-3,nursingItem3-6,read> 5.71255600648397E-4
<1011,nurse6-2,HR6-2,addItem> 3.8933293989148247E-5
<1012,nurse5-1,HR5-9,addItem> 1.5448515752165237E-4
<1013,nurse6-2,HR6-1,addItem> 3.8518926336935584E-5
<1014,nurse6-3,HR6-7,addItem> 3.45689131940473E-5
<1015,nurse6-3,HR6-6,addItem> 3.706912590120089E-5
<1016,nurse6-3,HR6-5,addItem> 3.623572166548304E-5
<1017,nurse6-3,HR6-4,addItem> 3.831923225477769E-5
<1018,nurse5-1,nursingItem5-0,read> 0.0014222839547247481
<1019,nurse4-2,nursingItem4-1,read> 7.947445916929837E-4
<1020,patient2-8,noteItem2-8,read> 0.0016901227454801354
<1021,nurse5-2,HR5-2,addItem> 1.5496632901195785E-4
<1022,agent0-1,noteItem0-3,read> 9.646904803054446E-4
<1023,nurse5-2,HR5-1,addItem> 1.6118224861578015E-4
<1024,nurse5-2,HR5-0,addItem> 1.607678539755253E-4
<1025,nurse6-3,HR6-9,addItem> 3.998604072621343E-5
<1026,nurse6-3,HR6-8,addItem> 3.540231742976517E-5
<1027,nurse3-1,nursingItem3-1,read> 5.691521928324214E-4
<1028,nurse5-2,HR5-6,addItem> 1.5786709149374158E-4
<1029,nurse5-2,HR5-5,addItem> 1.5372314509119338E-4
<1030,nurse5-2,HR5-4,addItem> 1.541375397314482E-4
<1031,nurse5-2,HR5-3,addItem> 1.5455193437170303E-4
<1032,nurse6-3,HR6-3,addItem> 3.790253013691876E-5
<1033,nurse6-3,HR6-2,addItem> 3.915263649049556E-5
<1034,doctor3-0,HR6-8,addItem> 8.417970736513413E-5
<1035,nurse5-2,HR5-9,addItem> 1.5538072365221266E-4
<1036,nurse6-3,HR6-1,addItem> 3.873593437263663E-5
<1037,patient4-9,noteItem4-9,read> 0.004607702944997357
<1038,nurse5-2,HR5-8,addItem> 1.5620951293272232E-4
<1039,nurse6-3,HR6-0,addItem> 3.2485402604752635E-5
<1040,nurse5-2,HR5-7,addItem> 1.5703830221323195E-4
<1041,doctor8-1,HR3-0,addItem> 1.8155777259322843E-4
<1042,doctor8-1,HR3-9,addItem> 1.8583577836176092E-4
<1043,doctor3-1,HR7-0,addItem> 9.601572578722789E-4
<1044,doctor8-1,HR3-8,addItem> 1.8536044438747953E-4
<1045,doctor4-1,HR4-3,addItem> 3.0021120639808367E-4
<1046,doctor4-1,HR4-1,addItem> 3.0538800547377993E-4
<1047,doctor4-1,HR4-0,addItem> 3.074587251040584E-4
<1048,doctor4-1,HR4-7,addItem> 2.919283278769697E-4
<1049,nurse9-1,nursingItem9-7,read> 7.315606517975204E-4
<1050,doctor4-1,HR4-6,addItem> 2.9814048676780517E-4
<1051,doctor4-1,HR4-5,addItem> 2.960697671375267E-4
<1052,doctor4-0,HR8-6,addItem> 2.0914356382562842E-4
<1053,doctor4-0,HR8-4,addItem> 2.0603314056811324E-4
<1054,patient7-9,noteItem7-9,read> 0.0016729605090123867
<1055,nurse8-0,nursingItem8-9,read> 8.209371756760663E-4
<1056,doctor4-0,HR8-9,addItem> 2.0447792893935564E-4
<1057,agent1-1,noteItem1-3agent1-1,read> 0.0017151826067178227
<1058,doctor4-0,HR8-2,addItem> 2.145868045262799E-4
<1059,doctor4-1,HR4-8,addItem> 2.9399904750724816E-4
<1060,doctor4-1,HR4-9,addItem> 2.8985760824669116E-4
<1061,doctor4-0,HR4-1,addItem> 3.065339266950699E-4
<1062,doctor4-0,HR4-3,addItem> 3.0133770248212904E-4
<1063,agent1-0,HR1-6,addNote> 8.900184221753763E-4
<1064,doctor4-0,HR4-6,addItem> 2.9925921279695266E-4
<1065,doctor4-0,HR4-5,addItem> 2.971807231117764E-4
<1066,agent5-01,noteItem5-7agent5-0,read> 0.0010878040115355522
<1067,agent3-0,HR3-8,addNote> 0.0010306269845705217
<1068,agent0-01,noteItem0-4,read> 9.699906432352623E-4
<1069,doctor4-0,HR4-7,addItem> 2.9302374374142365E-4
<1070,agent9-0,HR9-0,addNote> 0.0013526303267597088
<1071,nurse4-0,nursingItem4-8,read> 0.0014550829853932517
<1072,patient8-9,noteItem8-9,read> 0.00231654437655295
<1073,doctor4-0,HR4-9,addItem> 2.9094525405624726E-4
<1074,doctor1-0,HR1-7,addItem> 0.0011597330604374218
<1075,doctor7-0,HRitem7-7-2,read> 1.2109964662299805E-4
<1076,agent2-1,HR2-7,addNote> 0.0010132133713128925
<1077,doctor7-1,HRitem7-8-0,read> 1.2380153421211336E-4
<1078,nurse2-3,nursingItem2-0,read> 5.604206818467915E-4
<1079,nurse2-3,nursingItem2-1,read> 5.592838298170119E-4
<1080,nurse4-0,nursingItem4-5,read> 8.17871972413075E-4
<1081,patient1-9,HR1-9,addNote> 0.0016691575274922889
<1082,nurse2-3,nursingItem2-8,read> 5.695154980850287E-4
<1083,patient5-1,HR5-1,addNote> 0.0016071774645838597
<1084,nurse2-3,nursingItem2-6,read> 5.672417940254695E-4
<1085,nurse2-3,nursingItem2-5,read> 5.638312379361305E-4
<1086,patient9-0,noteItem9-0,read> 0.0030201960717306333
<1087,nurse2-3,nursingItem2-9,read> 5.706523501148083E-4
<1088,doctor7-1,HRitem7-7-1,read> 6.281201621750807E-5
<1089,patient5-7,noteItem5-7agent5-0,read> 0.0019311030118117853
<1090,doctor7-1,HRitem7-5-2,read> 4.8642734259165425E-5
<1091,agent7-01,noteItem7-9agent7-0,read> 6.296333700195927E-4
<1092,nurse2-2,nursingItem2-1,read> 5.668162719694296E-4
<1093,nurse2-2,nursingItem2-0,read> 5.679684351376574E-4
<1094,nurse2-2,nursingItem2-2,read> 5.702727614741132E-4
<1095,patient9-2,HR9-2,addNote> 0.0014873493429608958
<1096,nurse2-2,nursingItem2-5,read> 5.71424924642341E-4
<1097,nurse2-2,nursingItem2-4,read> 5.725770878105688E-4
<1098,doctor6-1,HRitem6-0-2,read> 3.0223452882396966E-4
<1099,nurse2-2,nursingItem2-9,read> 5.783379036517082E-4
<1100,doctor4-0,HRitem8-2-1,read> 8.818440981070707E-5
<1101,doctor7-1,HRitem7-1-2,read> 7.821340965048921E-5
<1102,nurse4-1,nursingItem4-9,read> 8.337417304139626E-4
<1103,nurse4-1,nursingItem4-3,read> 8.163227168367456E-4
<1104,nurse4-1,nursingItem4-6,read> 8.372255331294061E-4
<1105,nurse4-1,nursingItem4-0,read> 8.023875059749721E-4
<1106,nurse9-3,nursingItem9-5,read> 7.26824469042383E-4
<1107,nurse4-1,nursingItem4-1,read> 8.047100411186009E-4
<1108,nurse4-1,nursingItem4-2,read> 8.15161449264931E-4
<1109,agent8-11,HR8-1,addNote> 7.162946426006825E-4
<1110,patient6-3,HR6-3,addNote> 3.7584021480305995E-4
<1111,nurse0-1,HR0-1,addItem> 1.1638117484481702E-4
<1112,nurse0-1,HR0-0,addItem> 1.1804997137731929E-4
<1113,nurse0-1,HR0-5,addItem> 1.1888436964357039E-4
<1114,nurse0-1,HR0-3,addItem> 1.2055316617607261E-4
<1115,nurse0-1,HR0-2,addItem> 1.1721557311106817E-4
<1116,nurse0-1,HR0-9,addItem> 1.2263916184170043E-4
<1117,patient8-1,HR8-1,addNote> 0.0011485249990614813
<1118,nurse0-1,HR0-8,addItem> 1.2347356010795153E-4
<1119,nurse0-1,HR0-7,addItem> 1.2430795837420263E-4
<1120,nurse0-1,HR0-6,addItem> 1.1971876790982153E-4
<1121,nurse0-0,HR0-9,addItem> 1.2185552502482053E-4
<1122,nurse4-0,nursingItem4-9,read> 0.0014530591087401402
<1123,nurse4-0,nursingItem4-6,read> 8.424095921580711E-4
<1124,agent6-01,noteItem6-9agent6-0,read> 0.001034766263797163
<1125,patient7-6,HR7-6,addNote> 0.0013964452506951988
<1126,agent2-0,HR2-2,addNote> 0.0010114942443330537
<1127,nurse4-0,nursingItem4-4,read> 8.155350562468849E-4
<1128,doctor6-1,HR3-2,addItem> 2.315578107808242E-4
<1129,nurse4-0,nursingItem4-2,read> 8.202088885792651E-4
<1130,doctor9-0,HRitem7-1-3,read> 1.4815225889976656E-4
<1131,nurse4-0,nursingItem4-0,read> 8.073558496652196E-4
<1132,nurse4-0,nursingItem4-1,read> 8.096927658314096E-4
<1133,patient6-4,HR6-4,addNote> 3.7997221899695524E-4
<1134,nurse0-0,HR0-0,addItem> 1.1729565846117028E-4
<1135,doctor2-1,HRitem6-1-1,read> 5.668796489227919E-4
<1136,nurse0-0,HR0-2,addItem> 1.1646659181323387E-4
<1137,nurse0-0,HR0-1,addItem> 1.1563752516529742E-4
<1138,nurse0-0,HR0-4,addItem> 1.2061192505291591E-4
<1139,nurse0-0,HR0-3,addItem> 1.1978285840497948E-4
<1140,nurse0-0,HR0-6,addItem> 1.1895379175704309E-4
<1141,nurse0-0,HR0-7,addItem> 1.2351365832069335E-4
<1142,nurse4-3,nursingItem4-7,read> 8.205336600054381E-4
<1143,agent9-11,HR9-7,addNote> 5.232424386703396E-4
<1144,nurse4-3,nursingItem4-0,read> 7.874824749042297E-4
<1145,nurse4-3,nursingItem4-2,read> 0.001400487325033021
<1146,nurse4-3,nursingItem4-3,read> 8.01158827359902E-4
<1147,doctor4-0,HRitem3-9-3,read> 4.969140952966657E-4
<1148,patient6-5,HR6-5,addNote> 3.5931219802747883E-4
<1149,nurse9-3,nursingItem9-0,read> 0.0013236703659709524
<1150,nurse9-3,nursingItem9-1,read> 7.17766878463027E-4
<1151,nurse9-3,nursingItem9-6,read> 7.279566678648025E-4
<1152,nurse9-3,nursingItem9-9,read> 7.324854631544805E-4
<1153,patient4-0,HR4-0,addNote> 0.0012270330787454917
<1154,doctor4-1,HRitem2-7-3,read> 7.90357750339575E-4
<1155,nurse4-2,nursingItem4-5,read> 8.027727975377569E-4
<1156,nurse4-2,nursingItem4-8,read> 8.245636419735696E-4
<1157,nurse4-2,nursingItem4-9,read> 8.234167554243161E-4
<1158,nurse4-2,nursingItem4-2,read> 8.050665706362633E-4
<1159,agent7-1,noteItem7-4,read> 0.0010203060084616898
<1160,nurse4-2,nursingItem4-0,read> 0.0013835094080353887
<1161,nurse3-0,nursingItem3-2,read> 5.544289148707478E-4
<1162,nurse3-0,nursingItem3-3,read> 5.499025796528217E-4
<1163,patient6-6,HR6-6,addNote> 3.6757620641526936E-4
<1164,patient4-2,HR4-2,addNote> 0.0012105050619699103
<1165,nurse3-0,nursingItem3-4,read> 5.487709958483402E-4
<1166,nurse3-0,nursingItem3-7,read> 0.0010192494263518155
<1167,nurse3-0,nursingItem3-8,read> 5.827185099827852E-4
<1168,nurse3-0,nursingItem3-9,read> 5.838500937872667E-4
<1169,nurse3-0,nursingItem3-0,read> 5.532973310662663E-4
<1170,agent2-0,noteItem2-2,read> 8.184754092121063E-4
<1171,agent4-1,noteItem4-8agent4-1,read> 3.8495562256681253E-4
<1172,patient4-1,HR4-1,addNote> 0.0012187690703577012
<1173,nurse3-1,nursingItem3-2,read> 5.679929250204909E-4
<1174,nurse9-1,nursingItem9-8,read> 7.32703789738997E-4
<1175,nurse3-1,nursingItem3-0,read> 9.8509769550616E-4
<1176,nurse9-1,nursingItem9-9,read> 7.395626173878571E-4
<1177,nurse9-1,nursingItem9-4,read> 7.212724103242301E-4
<1178,nurse9-1,nursingItem9-5,read> 0.0012829900071905818
<1179,nurse9-1,nursingItem9-6,read> 0.0012849885637020747
<1180,nurse9-1,nursingItem9-0,read> 7.612822382759143E-4
<1181,nurse3-1,nursingItem3-9,read> 5.98133888130686E-4
<1182,nurse3-1,nursingItem3-8,read> 5.969746203187556E-4
<1183,nurse9-1,nursingItem9-2,read> 7.281312379730902E-4
<1184,doctor1-1,HRitem3-9-3,read> 2.9814845717799943E-4
<1185,nurse3-1,nursingItem3-6,read> 5.64515121584699E-4
<1186,patient6-7,HR6-7,addNote> 3.427841812518976E-4
<1187,nurse3-1,nursingItem3-4,read> 5.621965859608377E-4
<1188,nurse7-2,nursingItem7-2,read> 1.7940250030555886E-4
<1189,agent2-1,noteItem2-7,read> 7.922073473591537E-4
<1190,patient7-2,noteItem7-2,read> 0.001818839518988248
<1191,nurse7-3,nursingItem7-4,read> 1.7936550374868522E-4
<1192,patient7-2,HR7-2,addNote> 0.0013799172339196177
<1193,doctor1-1,HR8-2,addItem> 1.2875208271576795E-4
<1194,doctor1-1,HR8-4,addItem> 1.2361988434086795E-4
<1195,nurse3-2,nursingItem3-3,read> 5.599925352427818E-4
<1196,nurse3-2,nursingItem3-2,read> 5.646019224830551E-4
<1197,nurse9-2,nursingItem9-7,read> 7.385612321974966E-4
<1198,nurse9-2,nursingItem9-4,read> 0.0012679080138926196
<1199,doctor8-1,HRitem8-0-1,read> 3.8574476672182024E-4
<1200,nurse9-2,nursingItem9-5,read> 7.408693863185643E-4
<1201,patient9-4,noteItem9-4,read> 0.0030459394264322555
<1202,nurse3-2,nursingItem3-9,read> 0.0010359232792328736
<1203,nurse9-2,nursingItem9-2,read> 7.350990010158947E-4
<1204,doctor1-1,HR8-9,addItem> 1.2268675736361342E-4
<1205,nurse9-2,nursingItem9-3,read> 7.247123074710899E-4
<1206,nurse3-2,nursingItem3-5,read> 5.622972288629184E-4
<1207,nurse3-2,nursingItem3-4,read> 5.588401884327135E-4
<1208,patient6-8,HR6-8,addNote> 3.510481896396882E-4
<1209,nurse3-2,nursingItem3-6,read> 5.611448820528501E-4
<1210,patient7-6,noteItem7-6,read> 0.0015614059719720225
<1211,patient7-3,noteItem7-3,read> 0.0015270814990365259
<1212,doctor3-0,HR2-9,addItem> 4.1165099046105617E-4
<1213,patient7-5,HR7-5,addNote> 0.0013840492381135133
<1214,patient4-3,HR4-3,addNote> 0.0011981090493882246
<1215,agent3-11,HR3-1,addNote> 0.001014295800760331
<1216,doctor1-0,HR8-7,addItem> 1.3560912016874653E-4
<1217,doctor3-0,HR2-2,addItem> 4.166111389554156E-4
<1218,nurse3-3,nursingItem3-0,read> 5.736018202797073E-4
<1219,nurse1-1,HR1-3,addItem> 1.7630909857128187E-4
<1220,doctor1-0,HR8-5,addItem> 1.4026818967032906E-4
<1221,doctor3-0,HR2-0,addItem> 4.136350498587999E-4
<1222,nurse0-3,HR0-8,addItem> 1.2189562323756236E-4
<1223,doctor6-0,HR3-1,addItem> 2.336373694273521E-4
<1224,nurse0-3,HR0-9,addItem> 1.2107188820794065E-4
<1225,doctor3-0,HR2-6,addItem> 4.0569881226782463E-4

