<0,planner5,proj51sched1,write> 0.0031211554850679147
<1,planner6,proj62sched1,write> 0.00949628158222791
<2,aud1,proj11budget1,read> 0.00550399900732224
<3,planner1,proj11task2propa,setSchedule> 0.0014352960605207405
<4,nonemployee2_area1,proj22task1a,read> 5.892429735499536E-4
<5,acc7,proj71task2prop,setCost> 8.969468549270402E-4
<6,planner1,proj12sched1,write> 0.01005879270844791
<7,acc2,proj22task1,setCost> 0.0016311001411236927
<8,acc9,proj92task2a,setCost> 6.35352005822486E-4
<9,planner4,proj42task1prop,setSchedule> 0.0010669872407138147
<10,planner9,proj92sched1,write> 0.010246296417187908
<11,employee1_area1,proj11task1a,read> 0.0019365158277507017
<12,aud9,proj91budget1,read> 0.008419141709599362
<13,aud7,proj72budget1,read> 0.008361982048770398
<14,planner6,proj61task1,setSchedule> 0.0017524508775767045
<15,planner10,proj101sched1,write> 0.017746444766787904
<16,aud6,proj61budget1,read> 0.00458944443405883
<17,planner3,proj31task1a,setSchedule> 0.0020593748940824757
<18,acc6,proj62task1prop,setCost> 0.0014538907272141559
<19,planner4,proj41sched1,write> 0.00959003343659791
<20,planner3,proj31task1propa,setSchedule> 0.001026064038513045
<21,planner9,proj91sched1,write> 0.015308896553167906
<22,planner6,proj61sched1,write> 0.01202758165021791
<23,nonemployee9_area1,proj92task1,read> 5.10509008775827E-4
<24,employee9_area1,proj91task1propa,setStatus> 7.729450716161317E-4
<25,acc8,proj81budget1,write> 0.0027330335447136177
<26,planner8,proj81sched1,write> 0.0011523665432979161
<27,acc6,proj61budget1,write> 0.002377677490141373
<28,aud4,proj41sched1,read> 5.566165909044317E-4
<29,acc1,proj11budget1,write> 0.0028514855629043654
<30,acc2,proj21task2,setCost> 0.0014707678142531595
<31,ldr102,proj102budget1,read> 0.0011085351085696677
<32,planner7,proj71sched1,write> 0.015590152116277903
<33,ldr102,proj101sched1,read> 0.0011159654520133842
<34,ldr102,proj102budget1,write> 9.311694911985208E-4
<35,acc2,proj22budget1,write> 0.004243296776645657
<36,planner9,proj92task1prop,setSchedule> 9.646792352118906E-4
<37,aud2,proj21budget1,read> 0.009219376961204843
<38,employee5_area2,proj51task2a,setStatus> 5.656500097382829E-5
<39,ldr52,proj52budget1,write> 5.418303311155155E-4
<40,planner8,proj81task1a,setSchedule> 9.339868335613135E-4
<41,manager8,proj82budget1,read> 0.0016039805416841566
<42,planner1,proj11task2a,setSchedule> 0.0019059128858295905
<43,acc7,proj71budget1,read> 0.005932883202783136
<44,planner5,proj52task1propa,setSchedule> 0.0018649896836288207
<45,employee4_area1,proj41task1propa,request> 3.0557411921095456E-4
<46,acc4,proj41budget1,read> 0.0048047687438236295
<47,nonemployee3_area1,proj32task1a,request> 2.936070299211563E-4
<48,aud7,proj71budget1,read> 0.009619494587007584
<49,aud9,proj92budget1,read> 0.005618318328980167
<50,acc6,proj61task2prop,setCost> 9.728937466025559E-4
<51,employee10_area1,proj101task1prop,read> 4.836008355164313E-4
<52,acc10,proj101sched1,read> 0.001283622233536522
<53,employee6_area2,proj61task2propa,setStatus> 2.9403905754033774E-4
<54,acc4,proj42task2prop,setCost> 0.0011247875299535874
<55,acc8,proj81task1propa,setCost> 0.0013273125744216296
<56,employee10_area1,proj101task1,read> 1.6391068091302084E-4
<57,employee3_area2,proj31task2a,setStatus> 7.096186565317292E-4
<58,planner5,proj51task2propa,setSchedule> 0.001077218041264007
<59,nonemployee7_area2,proj72task2a,read> 0.0012070017740854083
<60,acc9,proj91task2,setCost> 0.0012682427697851173
<61,acc4,proj42budget1,write> 0.0020223214355691286
<62,planner3,proj32task2a,setSchedule> 5.554472132041951E-4
<63,nonemployee9_area2,proj92task2propa,setStatus> 2.7424955282646197E-4
<64,acc8,proj81task1prop,setCost> 9.644552030830542E-4
<65,aud10,proj101budget1,read> 0.004532284773229867
<66,planner2,proj21sched1,write> 0.013340107611397908
<67,planner2,proj21task2propa,setSchedule> 0.0021002980962832457
<68,acc5,proj51task1propa,setCost> 0.0016732928587212012
<69,acc10,proj101task1prop,setCost> 0.0011922958781096016
<70,ldr21,proj21sched1,read> 0.0011483630088310905
<71,planner2,proj22sched1,write> 0.007714996349197914
<72,planner7,proj72task2prop,setSchedule> 0.0020491440935322836
<73,nonemployee2_area2,proj22task2propa,setStatus> 2.9008115659756253E-4
<74,planner6,proj62task2prop,setSchedule> 0.0016808352737253576
<75,employee3_area1,proj31task1a,request> 0.0012974932521777022
<76,planner10,proj102sched1,write> 0.008371259329787911
<77,planner2,proj22task1,setSchedule> 0.0019775284896809374
<78,acc10,proj102sched1,read> 4.5607755914695356E-4
<79,aud2,proj22budget1,read> 0.008190503066283506
<80,acc9,proj91task1prop,setCost> 0.0010741562688365769
<81,ldr12,proj12sched1,read> 9.807299652833245E-4
<82,acc7,proj71budget1,write> 0.0049836218903378336
<83,employee6_area2,proj61task2,request> 0.0010976723083523639
<84,aud10,proj102budget1,read> 0.011620082716021293
<85,acc10,proj101task1propa,setCost> 0.0015045219883311665
<86,employee9_area2,proj91task2prop,read> 6.342002110119639E-4
<87,nonemployee8_area1,proj82task1a,read> 8.738965385025649E-4
<88,planner7,proj72task1a,setSchedule> 0.0018445280825284357
<89,nonemployee5_area2,proj52task2,read> 3.0458940859734223E-4
<90,acc1,proj12task2propa,setCost> 3.484415261594265E-4
<91,ldr81,proj82sched1,read> 7.419309486492276E-5
<92,employee8_area1,proj81task1propa,request> 3.6608768645552314E-4
<93,employee4_area2,proj41task2propa,request> 4.4754825774628854E-4
<94,planner3,proj32task1a,setSchedule> 7.293708225574657E-4
<95,acc7,proj71task1prop,setCost> 0.0016564157716821978
<96,nonemployee10_area2,proj102task2a,setStatus> 4.6422879807966937E-4
<97,acc10,proj102budget1,read> 0.007166758392270096
<98,planner4,proj42task1propa,setSchedule> 0.0019877592902311295
<99,acc7,proj72task2prop,setCost> 0.001690169945760205
<100,ldr22,proj22sched1,read> 6.745664237449212E-4
<101,acc8,proj81task1a,setCost> 7.703687021345141E-4
<102,employee8_area2,proj81task2propa,setStatus> 1.9113363302818365E-4
<103,nonemployee10_area1,proj102task1a,read> 7.467109030982066E-4
<104,nonemployee3_area1,proj32task1propa,setStatus> 7.531555669022559E-4
<105,acc5,proj51task1a,setCost> 1.9654774280839494E-4
<106,acc8,proj82task2a,setCost> 0.0014960834448116643
<107,nonemployee6_area2,proj62task2a,request> 6.683807022459988E-4
<108,acc10,proj101budget1,read> 0.002795314863802008
<109,nonemployee5_area1,proj52task1,request> 2.1123918984976238E-4
<110,nonemployee1_area1,proj12task1a,read> 5.165654676046059E-4
<111,acc2,proj21task2prop,setCost> 0.001588907423526184
<112,acc8,proj82task1a,setCost> 0.0012176115086681067
<113,planner4,proj42task2prop,setSchedule> 0.0013636804566693939
<114,planner10,proj101task1prop,setSchedule> 0.001445526861070933
<115,ldr92,proj92budget1,write> 4.502211169783379E-4
<116,planner2,proj21task2a,setSchedule> 8.316788280593896E-4
<117,nonemployee2_area1,proj22task1a,request> 4.006852220139684E-4
<118,planner1,proj11task1prop,setSchedule> 5.04293210453233E-4
<119,acc7,proj72sched1,read> 3.366129945273274E-4
<120,planner3,proj31sched1,write> 0.011277566815257907
<121,ldr71,proj71sched1,write> 7.61692445044742E-4
<122,nonemployee1_area2,proj12task2,request> 2.318311498676109E-4
<123,employee10_area2,proj101task2a,setStatus> 5.315131141068471E-4
<124,acc4,proj41task1prop,setCost> 0.0010910333558755805
<125,employee5_area2,proj51sched1,read> 1.4562120144485553E-4
<126,manager2,proj22budget1,read> 0.0013037317614870748
<127,employee10_area1,proj101task1propa,setStatus> 7.056607555889541E-4
<128,planner8,proj81task1,setSchedule> 0.0014046036588701632
<129,employee9_area1,proj91task1,request> 9.558638966053495E-4
<130,planner3,proj32sched1,write> 0.006121214824907913
<131,nonemployee8_area1,proj82task1a,request> 5.942496461817442E-4
<132,acc6,proj61budget1,read> 0.002830568440644492
<133,ldr71,proj71sched1,read> 0.001839486062231574
<134,employee10_area2,proj101task2a,request> 8.656221800390674E-4
<135,ldr21,proj21budget1,read> 8.795120732267235E-4
<136,employee10_area1,proj101task1a,read> 0.001443598888523111
<137,planner1,proj12task2prop,setSchedule> 0.0017319892764763197
<138,planner10,proj101task1propa,setSchedule> 0.0018240664814280513
<139,planner3,proj31task1,setSchedule> 0.0016296812709743957
<140,nonemployee7_area2,proj72task2a,setStatus> 7.887766753872324E-4
<141,employee2_area2,proj21task2propa,read> 7.026544726008423E-4
<142,ldr72,proj71sched1,read> 9.181924650228569E-4
<143,planner1,proj11task2prop,setSchedule> 0.0013329880550188163
<144,employee2_area2,proj21task2,read> 0.001652140670504015
<145,employee5_area1,proj51task1propa,read> 6.786954810447347E-4
<146,nonemployee10_area1,proj102task1a,setStatus> 4.8797620373632034E-4
<147,nonemployee8_area2,proj82task2a,read> 0.0010737596798522707
<148,acc2,proj21budget1,read> 0.0056861081648857436
<149,planner7,proj72task1propa,setSchedule> 0.0015785272682234338
<150,manager1,proj11budget1,read> 8.761047109033526E-4
<151,acc9,proj91budget1,write> 0.004361748794836406
<152,acc9,proj91sched1,read> 7.757122865373095E-4
<153,planner2,proj22task1a,setSchedule> 9.953716368624676E-4
<154,acc7,proj71task2a,setCost> 0.0011163489864340858
<155,acc8,proj82task2prop,setCost> 0.0016648543152016997
<156,acc9,proj91task2a,setCost> 0.001006647920680563
<157,employee3_area1,proj31task1,read> 0.0015099530918806713
<158,planner2,proj21task1,setSchedule> 0.0017933740797774738
<159,employee2_area1,proj21task1a,setStatus> 4.958920056218708E-4
<160,planner1,proj11task1propa,setSchedule> 1.973691939474615E-4
<161,planner3,proj31task2propa,setSchedule> 0.00169106607427555
<162,employee2_area1,proj21task1a,read> 0.001187661247001093
<163,nonemployee6_area1,proj62sched1,read> 5.535244353093537E-4
<164,acc7,proj72budget1,write> 0.004332135790288719
<165,acc6,proj62task1propa,setCost> 5.67843657666472E-4
<166,employee8_area1,proj81task1propa,read> 5.38364244787534E-4
<167,employee8_area1,proj81task1,read> 0.0013014113098997677
<168,ldr82,proj82sched1,read> 1.477353152632158E-4
<169,employee9_area1,proj91task1propa,read> 6.684273418064031E-4
<170,acc2,proj22budget1,read> 0.005051543781721021
<171,planner9,proj91task1prop,setSchedule> 0.0013022956533682393
<172,planner1,proj11task1a,setSchedule> 0.0020900672957330536
<173,planner2,proj22task1propa,setSchedule> 0.0014864500632717024
<174,nonemployee10_area1,proj102sched1,read> 5.156468729947189E-4
<175,nonemployee6_area2,proj62task2propa,setStatus> 7.412818640739303E-4
<176,aud8,proj82budget1,read> 0.010076771873639291
<177,acc9,proj92budget1,write> 0.00291071157199974
<178,planner4,proj41task2prop,setSchedule> 0.0012511416506172774
<179,ldr21,proj21sched1,write> 6.517613880801288E-4
<180,acc1,proj12task2prop,setCost> 0.0014285750966556506
<181,employee1_area1,proj11task1,read> 0.0015857864671464546
<182,employee7_area1,proj71task1a,request> 9.62309733502941E-4
<183,acc8,proj82task2propa,setCost> 0.0015298376188896718
<184,acc5,proj52budget1,write> 0.003502971662953481
<185,manager5,proj52budget1,read> 0.0010762705643680738
<186,planner8,proj82task2propa,setSchedule> 0.0018547588830786284
<187,acc2,proj21task1a,setCost> 0.0010572791817975735
<188,nonemployee3_area2,proj32task2a,read> 3.2881524391245804E-4
<189,planner5,proj51sched1,read> 1.0610590055027163E-4
<190,acc10,proj102task1propa,setCost> 5.00335309510458E-4
<191,nonemployee9_area1,proj92task1a,setStatus> 2.3862844434148551E-4
<192,aud10,proj101sched1,read> 6.234736562891678E-4
<193,ldr32,proj32budget1,read> 5.066680246178231E-5
<194,nonemployee1_area1,proj12sched1,read> 3.897260641087374E-4
<195,acc10,proj101budget1,write> 0.0023480644855936863
<196,planner1,proj11task2,setSchedule> 0.0015989888693238188
<197,acc10,proj101task2prop,setCost> 3.9907278727643696E-4
<198,manager1,proj11budget1,approve> 1.7522094218067052E-4
<199,planner3,proj31sched1,read> 4.698697744205323E-4
<200,acc6,proj61task1propa,setCost> 3.5688006967892817E-4
<201,acc10,proj102budget1,write> 0.006020077049506881
<202,acc10,proj102task2,setCost> 9.528522057437393E-5
<203,acc10,proj102task1,setCost> 8.684667705487217E-5
<204,planner5,proj52task1prop,setSchedule> 7.805248253084276E-4
<205,acc3,proj32sched1,read> 2.607663581620103E-4
<206,acc7,proj72budget1,read> 0.005157304512248475
<207,ldr11,proj12sched1,read> 3.8377604786280243E-4
<208,nonemployee2_area2,proj22task2a,request> 2.2771275786404117E-4
<209,nonemployee5_area1,proj52task1a,read> 1.4712147904908906E-4
<210,nonemployee9_area2,proj92task2a,request> 3.100805979354351E-4
<211,ldr82,proj82budget1,read> 9.613060144206323E-4
<212,employee1_area2,proj11task2propa,setStatus> 5.552605197634981E-4
<213,acc9,proj91task1,setCost> 0.001251365682746114
<214,nonemployee1_area2,proj12sched1,read> 4.1947614533841194E-4
<215,employee4_area2,proj41task2a,read> 0.001434119716614888
<216,employee9_area2,proj91task2propa,setStatus> 7.571134678450311E-4
<217,ldr62,proj62budget1,write> 7.462333901590935E-5
<218,acc3,proj32task1prop,setCost> 5.931592882249773E-4
<219,employee7_area2,proj71task2a,request> 8.527305062438842E-4
<220,acc4,proj42budget1,read> 0.002407525518534677
<221,acc4,proj41task2,setCost> 3.1468735208141954E-4
<222,nonemployee3_area2,proj32task2propa,setStatus> 1.2780721794378112E-4
<223,nonemployee3_area1,proj32task1a,read> 4.3177504400170047E-4
<224,acc6,proj61task1,setCost> 0.0014454521836946542
<225,manager5,proj52budget1,approve> 2.1525411287361476E-4
<226,ldr62,proj62sched1,read> 0.0010094279153093355
<227,manager8,proj81budget1,read> 8.397109193643126E-4
<228,planner10,proj101sched1,read> 6.339522051343638E-4
<229,acc8,proj82budget1,read> 0.006214911817523014
<230,nonemployee6_area1,proj62task1a,setStatus> 8.204398829294335E-4
<231,employee3_area2,proj31task2,read> 0.0015194322637888942
<232,nonemployee7_area2,proj72task2,request> 3.595013019782714E-4
<233,planner10,proj101task2propa,setSchedule> 0.0015682964676732416
<234,nonemployee3_area2,proj32task2,read> 2.379683614807735E-4
<235,employee1_area2,proj11task2a,request> 0.0012008056987138287
<236,ldr92,proj91sched1,read> 4.2758774818885847E-4
<237,employee3_area1,proj31task1a,read> 0.0019080783120260323
<238,nonemployee9_area1,proj92task1a,request> 2.483047178818897E-4
<239,acc1,proj11task2propa,setCost> 0.0011838573345901
<240,acc8,proj81budget1,read> 0.003253611362754307
<241,employee6_area2,proj61task2,read> 0.0016142239828711236
<242,planner7,proj71sched1,read> 5.697874190062787E-4
<243,acc2,proj21budget1,write> 0.0047763308585040245
<244,ldr51,proj51budget1,write> 1.158474853776393E-4
<245,ldr22,proj22budget1,read> 7.813593437940332E-4
<246,acc1,proj11budget1,read> 0.003394625670124245
<247,employee9_area2,proj91task2propa,read> 6.547364894886274E-4
<248,acc6,proj62budget1,read> 5.743395227254781E-4
<249,planner5,proj52task2,setSchedule> 5.145240110034256E-4
<250,planner5,proj52task1,setSchedule> 5.247548115536179E-4
<251,aud4,proj41budget1,read> 0.007790385440480765
<252,acc9,proj91task2propa,setCost> 0.0016142230540846891
<253,acc2,proj21task2a,setCost> 6.859832669394966E-4
<254,employee4_area2,proj41task2prop,request> 2.846271151647577E-4
<255,acc8,proj82budget1,write> 0.005220525926719332
<256,employee3_area1,proj31sched1,read> 3.878790755283589E-4
<257,employee2_area2,proj21task2propa,setStatus> 8.125240810438832E-4
<258,employee2_area2,proj21task2a,read> 7.705776830392859E-4
<259,planner9,proj92task1,setSchedule> 8.623712297099667E-4
<260,employee5_area1,proj51task1,request> 4.1441359720765776E-4
<261,planner10,proj102task1,setSchedule> 1.0529198899572999E-4
<262,acc2,proj22task1prop,setCost> 0.001310435487382626
<263,employee4_area1,proj41task1,read> 3.629732909857015E-4
<264,acc8,proj82task2,setCost> 0.0015467147059286754
<265,acc8,proj82sched1,read> 5.0791688599284034E-5
<266,planner8,proj81task2,setSchedule> 0.001425065259970548
<267,acc1,proj12task1,setCost> 4.918967659909562E-4
<268,planner7,proj72sched1,read> 2.6826517837964673E-4
<269,nonemployee3_area2,proj32task2a,request> 2.2359436586047148E-4
<270,planner4,proj41task2a,setSchedule> 0.0015478348665728568
<271,acc5,proj52task1a,setCost> 2.0498628632789666E-4
<272,planner1,proj11sched1,read> 1.8508143423082713E-4
<273,planner2,proj21task1prop,setSchedule> 9.237560330111211E-4
<274,planner10,proj102task2,setSchedule> 1.1552278954592239E-4
<275,employee5_area1,proj51sched1,read> 1.4708473110761788E-4
<276,acc8,proj82task1propa,setCost> 0.001335751117941131
<277,nonemployee6_area1,proj62task1,read> 6.679769383240801E-4
<278,acc8,proj81task2,setCost> 0.001175418791070598
<279,planner8,proj81task2propa,setSchedule> 4.940624099030408E-4
<280,planner9,proj91task1propa,setSchedule> 0.001997990090781322
<281,employee4_area2,proj41task2,read> 3.534941190774787E-4
<282,planner8,proj82task2a,setSchedule> 0.0018138356808778586
<283,employee9_area1,proj91task1a,read> 0.001197140418909316
<284,acc3,proj31task2a,setCost> 0.0015129605318506681
<285,nonemployee5_area2,proj52task2,request> 2.0712079784619274E-4
<286,acc3,proj32task2prop,setCost> 0.0017070470327992084
<287,planner9,proj91task1a,setSchedule> 0.0012920648528180472
<288,employee3_area2,proj31task2a,read> 0.001699536530045129
<289,acc3,proj32task1propa,setCost> 0.0016057845105651872
<290,manager3,proj31budget1,approve> 4.784267179402992E-5
<291,planner6,proj61task2a,setSchedule> 1.5644599174669194E-4
<292,acc4,proj42task2propa,setCost> 3.737571567179317E-4
<293,manager4,proj42budget1,read> 6.213481701300716E-4
<294,manager10,proj101budget1,read> 7.214310968624321E-4
<295,aud5,proj52budget1,read> 0.006761511545559429
<296,nonemployee1_area2,proj12task2a,read> 6.013558912075115E-4
<297,acc5,proj51task2a,setCost> 1.206008511328792E-4
<298,ldr11,proj11budget1,read> 5.250716613864526E-4
<299,acc8,proj81task2a,setCost> 6.522290928614895E-4
<300,acc1,proj12budget1,write> 0.002614581526522869
<301,employee4_area1,proj41task1a,request> 7.173679313944612E-4
<302,acc7,proj72task2,setCost> 7.36614528056507E-4
<303,ldr102,proj102sched1,read> 8.8340940079515E-4
<304,employee4_area1,proj41task1,request> 2.4682183787027705E-4
<305,acc8,proj82task1,setCost> 0.0015551532494481766
<306,planner9,proj91task2prop,setSchedule> 0.0018956820852793978
<307,acc9,proj91task1propa,setCost> 0.001647977228162696
<308,planner2,proj22task2,setSchedule> 0.002130990497933823
<309,ldr22,proj21sched1,read> 3.7893410044041904E-4
<310,aud4,proj42budget1,read> 0.0039035285041112734
<311,acc7,proj72task1,setCost> 7.281759845370052E-4
<312,acc1,proj12task1a,setCost> 7.197374410175035E-4
<313,planner3,proj32task2prop,setSchedule> 0.0020696056946326686
<314,ldr101,proj101sched1,read> 0.0021272024511116787
<315,acc4,proj42task1a,setCost> 0.0014623292707336576
<316,employee5_area2,proj51task2prop,read> 3.9803300853033307E-4
<317,ldr11,proj11sched1,read> 3.0942852504535674E-4
<318,acc6,proj62task2prop,setCost> 0.0013863823790581417
<319,employee1_area2,proj11task2,request> 0.0010074305917860819
<320,employee7_area2,proj71task2prop,request> 2.473879968604078E-4
<321,employee7_area2,proj71task2a,setStatus> 5.235973122212968E-4
<322,planner5,proj51task2prop,setSchedule> 0.001189756847316123
<323,aud8,proj81budget1,read> 0.005275360364006387
<324,acc4,proj41task1,setCost> 3.231258956009212E-4
<325,acc9,proj91budget1,read> 0.00519255808909096
<326,nonemployee8_area1,proj82task1a,setStatus> 5.710921235345987E-4
<327,employee9_area2,proj91task2a,request> 7.689346265751938E-4
<328,acc2,proj22task2propa,setCost> 6.184749187834824E-4
<329,employee4_area2,proj41task2,request> 2.4037600097268552E-4
<330,ldr72,proj72budget1,write> 6.700832309075644E-4
<331,employee6_area1,proj61task1prop,request> 2.6135266622453904E-4
<332,planner9,proj91task2a,setSchedule> 0.0012204492489667003
<333,employee8_area2,proj81task2a,setStatus> 3.059127603686632E-4
<334,acc1,proj12task2a,setCost> 8.37877050290528E-4
<335,ldr22,proj22sched1,write> 3.7693374566859575E-4
<336,ldr12,proj12sched1,write> 4.914452633400678E-4
<337,ldr31,proj31sched1,read> 0.0012519512784744287
<338,nonemployee5_area1,proj52sched1,read> 7.066536625398732E-5
<339,nonemployee10_area1,proj102task1a,request> 5.077634141067805E-4
<340,employee3_area2,proj31task2a,request> 0.001155684840430688
<341,planner6,proj61task1propa,setSchedule> 4.326776066018864E-4
<342,planner10,proj101task1a,setSchedule> 0.0015580656671230493
<343,ldr91,proj91sched1,read> 0.001310437755494731
<344,planner8,proj82task2prop,setSchedule> 0.002018451691881707
<345,planner5,proj52sched1,write> 0.002558644358847915
<346,planner8,proj81task1prop,setSchedule> 0.0011692952462157384
<347,acc1,proj11task1,setCost> 0.001411698009616647
<348,employee9_area1,proj91sched1,read> 0.001078429276405528
<349,employee2_area2,proj21task2prop,request> 4.382384781702011E-4
<350,planner6,proj61task2propa,setSchedule> 7.600632242080429E-4
<351,acc9,proj92task2prop,setCost> 6.606676363809913E-4
<352,employee10_area2,proj101task2,read> 1.733898528212437E-4
<353,employee1_area1,proj11task1prop,request> 1.1472363790116129E-4
<354,nonemployee4_area1,proj42task1,request> 2.5242310988545934E-4
<355,planner3,proj32task2propa,setSchedule> 3.303696010999626E-4
<356,employee4_area2,proj41task2a,request> 9.75201407298124E-4
<357,manager7,proj72budget1,read> 0.0013310271051413553
<358,employee3_area1,proj31task1prop,read> 6.945255290371631E-5
<359,ldr82,proj82budget1,write> 8.07497052113331E-4
<360,planner8,proj81task2a,setSchedule> 7.9075562585862E-4
<361,nonemployee9_area1,proj92task1,request> 3.471461259675624E-4
<362,acc6,proj61task1prop,setCost> 9.475781160440508E-4
<363,planner5,proj51task1,setSchedule> 6.57755218706119E-4
<364,planner4,proj42task2propa,setSchedule> 4.531392077022712E-4
<365,acc5,proj52budget1,read> 0.004170204360658906
<366,employee5_area2,proj51task2,request> 4.0796776031006617E-4
<367,acc9,proj91task2prop,setCost> 0.0015635917929676783
<368,planner2,proj21task2prop,setSchedule> 0.001926374486929975
<369,nonemployee8_area2,proj82sched1,read> 6.089684130490075E-5
<370,nonemployee4_area2,proj42task2,request> 2.5654150188902903E-4
<371,employee6_area2,proj61task2propa,request> 1.7290976025170803E-4
<372,manager2,proj21budget1,approve> 2.935007646825512E-4
<373,acc1,proj12task1propa,setCost> 9.560166595635526E-4
<374,ldr31,proj31budget1,write> 1.2042794608449818E-4
<375,planner6,proj62task1prop,setSchedule> 0.001762681678126897
<376,nonemployee9_area2,proj92task2,request> 3.4302773396399275E-4
<377,employee9_area1,proj91task1propa,request> 4.545305924283541E-4
<378,planner6,proj61task2,setSchedule> 0.0017422200770265124
<379,planner1,proj11sched1,write> 0.0032149073394379143
<380,planner7,proj72task2a,setSchedule> 0.0020389132929820915
<381,nonemployee8_area2,proj82task2a,setStatus> 7.017028546461788E-4
<382,nonemployee8_area1,proj82sched1,read> 5.9833141020098994E-5
<383,acc4,proj41task1propa,setCost> 0.001107910442914584
<384,planner7,proj72task1prop,setSchedule> 9.74910035762083E-4
<385,acc8,proj81task2prop,setCost> 4.4970404839344755E-4
<386,aud4,proj42sched1,read> 1.0005342588940462E-4
<387,acc1,proj12task2,setCost> 4.750196789519528E-4
<388,acc5,proj51task2prop,setCost> 9.813322901220578E-4
<389,planner1,proj12task2propa,setSchedule> 4.22446806051694E-4
<390,planner2,proj22task1prop,setSchedule> 0.0015887580687736263
<391,nonemployee10_area1,proj102task1propa,setStatus> 2.346705433987103E-4
<392,acc4,proj41sched1,read> 4.6859350211024244E-4
<393,planner7,proj71task1prop,setSchedule> 0.0020082208913315145
<394,aud2,proj21sched1,read> 6.704218700099722E-4
<395,employee2_area1,proj21task1,read> 0.0016616198424122377
<396,acc5,proj52task2a,setCost> 3.6531861319843E-4
<397,acc9,proj92budget1,read> 0.0034651328238092145
<398,employee3_area1,proj31task1propa,setStatus> 3.9694448205249177E-4
<399,nonemployee9_area2,proj92task2a,setStatus> 2.9799695848311284E-4
<400,employee6_area2,proj61task2a,request> 9.856758922567102E-5
<401,manager10,proj102budget1,read> 0.0018496386345726776
<402,planner1,proj12task1propa,setSchedule> 0.001159064445665546
<403,ldr61,proj61sched1,read> 0.0013138104714756178
<404,employee9_area2,proj91task2,read> 0.0014246405447066652
<405,nonemployee7_area1,proj72sched1,read> 1.8624779900242987E-4
<406,nonemployee5_area2,proj52task2a,setStatus> 1.7134412831430786E-4
<407,employee4_area2,proj41task2propa,read> 6.581592025680714E-4
<408,employee6_area2,proj61task2prop,request> 2.683350009066046E-4
<409,aud10,proj102sched1,read> 2.2152338587137747E-4
<410,aud9,proj92sched1,read> 4.910861675477031E-4
<411,acc4,proj42task1prop,setCost> 8.800697678880368E-4
<412,acc7,proj71task2propa,setCost> 4.4126550487394575E-4
<413,nonemployee5_area2,proj52task2a,read> 2.6219419679588947E-4
<414,employee2_area2,proj21task2prop,read> 6.444683502502957E-4
<415,acc3,proj32task2propa,setCost> 2.7249463448391075E-4
<416,aud6,proj62budget1,read> 9.312261410051908E-4
<417,manager5,proj51budget1,read> 2.3011491108538952E-4
<418,planner8,proj82task2,setSchedule> 0.0018752204841790134
<419,planner8,proj82task1propa,setSchedule> 0.0016194504704242034
<420,employee7_area2,proj71sched1,read> 5.91562734382315E-4
<421,employee10_area1,proj101task1propa,read> 6.102412194558565E-4
<422,aud1,proj11sched1,read> 1.9267451871209183E-4
<423,planner8,proj82task1,setSchedule> 0.0018854512847292053
<424,employee1_area2,proj11task2,read> 0.0014815155761560028
<425,manager7,proj71budget1,read> 0.001531192958606076
<426,manager10,proj102budget1,approve> 3.6992772691453555E-4
<427,employee8_area2,proj81task2propa,read> 1.6528851912814624E-4
<428,planner2,proj22task2prop,setSchedule> 6.782168198065038E-4
<429,planner2,proj21task1propa,setSchedule> 2.9967719944938543E-4
<430,nonemployee7_area1,proj72task1propa,setStatus> 6.106711329623502E-4
<431,nonemployee2_area2,proj22task2,request> 8.578267344102048E-4
<432,manager6,proj62budget1,read> 1.4822888012254906E-4
<433,nonemployee5_area1,proj52task1a,setStatus> 9.614401040157983E-5
<434,acc2,proj22task2,setCost> 0.0017576782939162188
<435,planner7,proj71task2prop,setSchedule> 0.0010874488418141993
<436,manager6,proj61budget1,read> 7.305295447471922E-4
<437,ldr32,proj32sched1,read> 6.310467355161342E-4
<438,planner10,proj102task1prop,setSchedule> 0.0012409108500670853
<439,employee1_area2,proj11task2a,read> 0.0017658907334026895
<440,ldr81,proj81budget1,read> 5.032599437347436E-4
<441,manager4,proj42budget1,approve> 1.2426963402601432E-4
<442,ldr51,proj51sched1,read> 3.476477250955649E-4
<443,planner5,proj52task2prop,setSchedule> 4.633700082524636E-4
<444,acc4,proj42task1,setCost> 5.172123965494615E-4
<445,acc4,proj42task2,setCost> 5.256509400689633E-4
<446,employee10_area1,proj101task1a,setStatus> 6.027553310767999E-4
<447,ldr31,proj31sched1,write> 5.509912525292333E-4
<448,employee8_area1,proj81task1propa,setStatus> 6.225448357906758E-4
<449,manager5,proj51budget1,approve> 4.602298221707791E-5
<450,employee10_area1,proj101task1a,request> 9.816472441957155E-4
<451,aud1,proj12sched1,read> 6.039266489623945E-4
<452,employee8_area1,proj81task1a,read> 8.653694021215147E-4
<453,planner4,proj42sched1,write> 0.0020898850869979155
<454,ldr12,proj11sched1,read> 1.262350295010257E-4
<455,employee1_area1,proj11task1propa,setStatus> 7.635450568770407E-5
<456,planner9,proj92task2propa,setSchedule> 7.089092214570809E-4
<457,nonemployee10_area2,proj102task2a,request> 4.8305306208536235E-4
<458,employee1_area1,proj11task1,request> 0.0010783347976595888
<459,employee8_area2,proj81task2a,read> 7.326609954063942E-4
<460,acc3,proj31sched1,read> 5.770883806641438E-4
<461,ldr22,proj22budget1,write> 6.563418487869878E-4
<462,planner1,proj12task1prop,setSchedule> 0.0012716032517176622
<463,employee8_area2,proj81task2,request> 8.978513645270252E-4
<464,manager7,proj72budget1,approve> 2.6620542102827105E-4
<465,manager7,proj71budget1,approve> 3.0623859172121523E-4
<466,manager1,proj12budget1,read> 8.033171278252723E-4
<467,aud6,proj62sched1,read> 4.2237578861584836E-4
<468,employee7_area1,proj71sched1,read> 5.843042959236362E-4
<469,nonemployee4_area2,proj42task2propa,setStatus> 1.7530202925708299E-4
<470,acc9,proj92task1a,setCost> 5.087738530299597E-4
<471,acc5,proj52task1,setCost> 4.32826961354444E-4
<472,employee4_area2,proj41sched1,read> 4.3234870084204693E-4
<473,acc4,proj42task2a,setCost> 2.387404604059037E-4
<474,nonemployee1_area1,proj12task1a,request> 3.512645179711321E-4
<475,planner4,proj41task2,setSchedule> 3.8152360385092454E-4
<476,planner9,proj92sched1,read> 4.1975521583686364E-4
<477,nonemployee2_area1,proj22task1,read> 0.0011706630211127346
<478,nonemployee6_area2,proj62task2a,read> 9.829127974205864E-4
<479,planner4,proj41task1,setSchedule> 3.9175440440111683E-4
<480,employee4_area2,proj41task2a,setStatus> 5.987974301340247E-4
<481,nonemployee7_area1,proj72task1a,setStatus> 7.135765574745043E-4
<482,planner1,proj12sched1,read> 5.801265839786549E-4
<483,aud2,proj22sched1,read> 3.995556004005654E-4
<484,employee8_area1,proj81task1,request> 8.84959690731842E-4
<485,employee9_area1,proj91task1a,request> 8.14055484858335E-4
<486,employee10_area2,proj101task2propa,request> 3.567779068794356E-4
<487,planner8,proj81task1propa,setSchedule> 0.0016092196698740111
<488,acc6,proj61task1a,setCost> 8.716312243685349E-4
<489,aud5,proj51budget1,read> 0.001445663088465859
<490,nonemployee2_area1,proj22sched1,read> 5.308105802422971E-4
<491,nonemployee8_area2,proj82task2,request> 7.548669343209625E-4
<492,employee3_area2,proj31task2prop,read> 4.630645570397676E-4
<493,planner4,proj42task2a,setSchedule> 2.89446398899193E-4
<494,employee9_area2,proj91task2prop,request> 4.3125614348813547E-4
<495,ldr61,proj61budget1,read> 4.378247907796167E-4
<496,planner5,proj51task1propa,setSchedule> 0.0020286824924318986
<497,employee4_area1,proj41sched1,read> 4.427043583472457E-4
<498,acc6,proj62task2a,setCost> 0.0013695052920191383
<499,planner10,proj102task2prop,setSchedule> 3.610620027505397E-4
<500,acc3,proj31task1,setCost> 0.0013441896614606328
<501,planner2,proj22task2propa,setSchedule> 7.498324236578504E-4
<502,acc1,proj12task1prop,setCost> 0.0010488406382780716
<503,acc4,proj41task2propa,setCost> 0.0016226615976041908
<504,employee2_area1,proj21sched1,read> 9.554321335890905E-4
<505,ldr92,proj92sched1,write> 5.006061847537855E-4
<506,employee1_area1,proj11task1a,setStatus> 8.085661801011081E-4
<507,ldr62,proj62sched1,write> 4.6396249909891443E-4
<508,employee7_area1,proj71task1propa,setStatus> 1.4363882171488174E-4
<509,nonemployee5_area1,proj52task1,read> 3.106458674261211E-4
<510,acc7,proj72task1prop,setCost> 8.041228762125209E-4
<511,acc10,proj101task2propa,setCost> 0.0012935584003436226
<512,manager9,proj92budget1,approve> 1.7886032133457457E-4
<513,planner4,proj42sched1,read> 6.840862142205804E-5
<514,nonemployee3_area2,proj32sched1,read> 3.462635247725054E-4
<515,planner4,proj42task1a,setSchedule> 0.0017729124786770893
<516,acc2,proj22task1propa,setCost> 0.0012260500521876086
<517,employee8_area1,proj81task1a,setStatus> 3.613233735675154E-4
<518,employee2_area2,proj21task2a,request> 5.239928244667144E-4
<519,planner5,proj51task2,setSchedule> 6.475244181559266E-4
<520,employee3_area2,proj31sched1,read> 3.9418605236621833E-4
<521,nonemployee8_area1,proj82task1,request> 7.58985326324532E-4
<522,employee4_area1,proj41task1a,setStatus> 4.4048139242301845E-4
<523,manager8,proj82budget1,approve> 3.2079610833683135E-4
<524,employee2_area2,proj21sched1,read> 9.489546275986562E-4
<525,nonemployee2_area2,proj22task2,read> 0.0012615099035444188
<526,acc5,proj51budget1,read> 8.916217143078395E-4
<527,acc4,proj42task1propa,setCost> 0.0016395386846431944
<528,ldr101,proj101budget1,read> 4.323718613666895E-4
<529,aud1,proj12budget1,read> 0.005046721720690535
<530,acc1,proj11task2a,setCost> 0.0015720303364871807
<531,nonemployee3_area1,proj32sched1,read> 3.434136192188223E-4
<532,acc10,proj101task1a,setCost> 0.001285119856824121
<533,acc7,proj72task2propa,setCost> 4.8345822247145443E-4
<534,manager3,proj32budget1,approve> 1.6907948985845753E-5
<535,ldr91,proj91sched1,write> 7.479510629241654E-4
<536,ldr42,proj42sched1,write> 1.0210610325706266E-4
<537,ldr91,proj91budget1,write> 6.746636916144233E-4
<538,employee5_area1,proj51task1propa,setStatus> 7.848187744444571E-4
<539,employee7_area1,proj71task1propa,request> 8.446685427887701E-5
<540,planner7,proj71task1a,setSchedule> 0.001527373265472472
<541,employee1_area1,proj11task1prop,read> 1.6871123220759012E-4
<542,planner6,proj61task2prop,setSchedule> 0.0011795260467659307
<543,planner5,proj52task2propa,setSchedule> 0.0014148344594203557
<544,acc7,proj71task1propa,setCost> 3.0624880856191774E-4
<545,employee7_area2,proj71task2prop,read> 3.638058777358938E-4
<546,employee2_area1,proj21task1,request> 0.0011299014928403215
<547,employee9_area1,proj91task1prop,request> 2.9626433963486707E-4
<548,acc1,proj11sched1,read> 1.6799699414798156E-4
<549,planner10,proj102task2a,setSchedule> 0.0011999876478663153
<550,planner6,proj62task2a,setSchedule> 0.0016603736726249732
<551,employee8_area2,proj81task2,read> 0.0013203696537162134
<552,employee2_area1,proj21task1propa,read> 1.0025697061871165E-4
<553,ldr41,proj41sched1,write> 4.685429598057734E-4
<554,acc10,proj102task2prop,setCost> 2.97810265042416E-4
<555,acc5,proj52task2,setCost> 4.243884178349423E-4
<556,planner8,proj81sched1,read> 4.349392357926209E-5
<557,employee1_area1,proj11task1propa,request> 4.4900291080505226E-5
<558,nonemployee6_area1,proj62task1a,request> 8.53708342406635E-4
<559,acc3,proj31task2,setCost> 0.0013526282049801347
<560,ldr41,proj41budget1,write> 6.242786238389755E-4
<561,ldr101,proj102sched1,read> 3.8906208106821754E-4
<562,planner6,proj62task1a,setSchedule> 0.0021207596973836303
<563,acc10,proj101task2,setCost> 1.5435502521088618E-4
<564,acc6,proj61task2,setCost> 0.0014370136401751525
<565,employee1_area1,proj11task1a,request> 0.001316830762870477
<566,employee2_area2,proj21task2,request> 0.0011234556559427302
<567,acc10,proj101task1,setCost> 1.4591648169138446E-4
<568,acc10,proj102task2propa,setCost> 1.7967065576939145E-4
<569,ldr71,proj72sched1,read> 4.3913471874884857E-4
<570,nonemployee6_area2,proj62task2,read> 6.558640206665221E-4
<571,acc6,proj61sched1,read> 4.7546166419232743E-4
<572,acc2,proj22task2prop,setCost> 5.594051141469702E-4
<573,acc10,proj102task1prop,setCost> 0.0010235250077195665
<574,ldr21,proj21budget1,write> 7.387901415104476E-4
<575,acc2,proj21task1propa,setCost> 2.4717900392540545E-4
<576,planner8,proj82task1prop,setSchedule> 0.0021105288968334378
<577,aud3,proj31budget1,read> 0.0015028227492948222
<578,acc3,proj31task1a,setCost> 0.0016986084892797065
<579,acc6,proj62task2propa,setCost> 0.001580468880006682
<580,nonemployee1_area2,proj12task2a,request> 4.089220060211078E-4
<581,employee9_area2,proj91task2,request> 9.687555704005324E-4
<582,planner5,proj51task1a,setSchedule> 2.3829239614823106E-4
<583,employee7_area2,proj71task2propa,setStatus> 2.0696523679928426E-4
<584,planner3,proj31task2,setSchedule> 0.001639912071524588
<585,aud3,proj32budget1,read> 5.311085152024489E-4
<586,acc2,proj21task2propa,setCost> 0.0017323626633577135
<587,employee6_area1,proj61task1propa,read> 1.4475224065148265E-4
<588,employee9_area1,proj91task1a,setStatus> 4.99849906564646E-4
<589,employee5_area2,proj51task2propa,request> 2.4506055196638597E-4
<590,acc5,proj52sched1,read> 1.2585165228091077E-4
<591,planner9,proj92task2prop,setSchedule> 8.009864264088125E-4
<592,employee9_area2,proj91task2a,read> 0.0011307862155517556
<593,employee10_area2,proj101task2prop,read> 1.6186580604870228E-4
<594,ldr61,proj62sched1,read> 4.6094891999629126E-4
<595,nonemployee8_area2,proj82task2,read> 0.0011100984328249446
<596,acc2,proj21task1,setCost> 0.001479206357772661
<597,employee7_area2,proj71task2,read> 2.9661908762814126E-4
<598,employee8_area2,proj81task2prop,request> 1.2403341747724877E-4
<599,planner7,proj72task2propa,setSchedule> 5.861396148547723E-4
<600,acc4,proj41budget1,write> 0.004036005744811848
<601,ldr62,proj62budget1,read> 8.883730835227304E-5
<602,planner6,proj62task2propa,setSchedule> 0.0019161436863797828
<603,nonemployee4_area1,proj42task1propa,setStatus> 7.689871706733566E-4
<604,employee3_area2,proj31task2propa,setStatus> 6.54208043332877E-4
<605,employee8_area1,proj81task1prop,read> 3.9118758237144526E-4
<606,employee10_area1,proj101task1prop,request> 3.2884856815117326E-4
<607,employee7_area1,proj71task1,read> 2.871399157199184E-4
<608,employee4_area1,proj41task1a,read> 0.0010549528402859726
<609,ldr51,proj51budget1,read> 1.3791367306861823E-4
<610,planner5,proj52task2a,setSchedule> 4.4290840715207887E-4
<611,acc7,proj72task2a,setCost> 0.001681731402240703
<612,acc3,proj31task2propa,setCost> 0.0013948209225776436
<613,aud8,proj81sched1,read> 4.910604275077978E-5
<614,planner6,proj61task1a,setSchedule> 0.001056756440163622
<615,acc4,proj41task2prop,setCost> 0.0010319635512390682
<616,employee6_area2,proj61task2propa,read> 2.542790591936883E-4
<617,planner6,proj62task1,setSchedule> 0.0011283720440149686
<618,planner9,proj91task1,setSchedule> 0.0015171424649222797
<619,planner9,proj91task2,setSchedule> 0.0015376040660226643
<620,employee4_area1,proj41task1prop,read> 4.425282785631041E-4
<621,planner10,proj102sched1,read> 2.2524646798686277E-4
<622,planner10,proj102task1a,setSchedule> 0.0012613724511674697
<623,planner4,proj41sched1,read> 3.805704133160533E-4
<624,planner3,proj31task2prop,setSchedule> 0.0013841420577697784
<625,planner4,proj41task1a,setSchedule> 0.0011386028445651611
<626,employee5_area1,proj51task1a,setStatus> 9.218610945880469E-5
<627,employee4_area1,proj41task1propa,setStatus> 5.196394112785216E-4
<628,planner5,proj52task1a,setSchedule> 2.485231966984234E-4
<629,ldr102,proj102sched1,write> 4.0899697061660793E-4
<630,nonemployee8_area1,proj82task1,read> 0.0011161548916537236
<631,acc3,proj31task2prop,setCost> 0.001141664616992591
<632,ldr71,proj71budget1,write> 7.708533664584597E-4
<633,acc6,proj62task1,setCost> 9.307010290050472E-4
<634,nonemployee6_area2,proj62task2a,setStatus> 6.423343405045516E-4
<635,employee8_area1,proj81task1a,request> 5.8845119344263E-4
<636,aud7,proj72sched1,read> 3.776216842159358E-4
<637,ldr11,proj11sched1,write> 1.5707163173936926E-4
<638,planner8,proj82task1a,setSchedule> 0.0014762192627215099
<639,planner6,proj62sched1,read> 3.0665639447452004E-4
<640,ldr52,proj52budget1,read> 6.450361084708519E-4
<641,employee7_area1,proj71task1prop,request> 4.56858037322376E-4
<642,planner3,proj32task1,setSchedule> 4.122160055015016E-4
<643,acc5,proj52task2propa,setCost> 0.0011669802475510961
<644,planner3,proj32task2,setSchedule> 4.0198520495130923E-4
<645,manager6,proj61budget1,approve> 1.4610590894943845E-4
<646,planner10,proj101task2prop,setSchedule> 4.838316093528484E-4
<647,acc8,proj81task1,setCost> 0.0011585417040315944
<648,employee5_area1,proj51task1,read> 6.094317605994967E-4
<649,ldr41,proj41sched1,read> 9.953157674586622E-4
<650,manager9,proj91budget1,read> 0.001340125553026115
<651,manager4,proj41budget1,approve> 2.480085252587509E-4
<652,employee10_area2,proj101task2propa,setStatus> 6.067132320195751E-4
<653,employee9_area2,proj91sched1,read> 0.0010632934269121173
<654,nonemployee9_area1,proj92task1a,read> 3.651539968851319E-4
<655,planner7,proj72sched1,write> 0.006777477805497912
<656,acc9,proj92task2propa,setCost> 5.847207447054755E-4
<657,employee5_area2,proj51task2,read> 5.999525886912737E-4
<658,ldr42,proj41sched1,read> 4.271708720894475E-4
<659,ldr52,proj52sched1,read> 2.9889930974817913E-4
<660,nonemployee6_area1,proj62task1,request> 4.542243180603745E-4
<661,nonemployee1_area2,proj12task2a,setStatus> 3.929865811097166E-4
<662,nonemployee5_area1,proj52task1propa,setStatus> 7.214923593600546E-4
<663,manager8,proj81budget1,approve> 1.6794218387286252E-4
<664,employee1_area2,proj11task2a,setStatus> 7.373239631311554E-4
<665,acc3,proj32budget1,read> 3.2756448482808596E-4
<666,employee8_area2,proj81task2prop,read> 1.8240208452536584E-4
<667,acc2,proj22sched1,read> 3.3392811047969965E-4
<668,acc4,proj42sched1,read> 8.423102365573132E-5
<669,employee3_area1,proj31task1propa,request> 2.3342332749627664E-4
<670,employee3_area2,proj31task2propa,request> 3.847072456076981E-4
<671,planner10,proj101task2a,setSchedule> 0.0013739112572195861
<672,ldr32,proj32budget1,write> 4.2560114067897135E-5
<673,ldr51,proj52sched1,read> 1.5277179180623926E-4
<674,planner2,proj22sched1,read> 2.914632640603159E-4
<675,manager3,proj32budget1,read> 8.453974492922876E-5
<676,planner4,proj41task2propa,setSchedule> 0.0019672976891307445
<677,employee7_area1,proj71task1propa,read> 1.2421596217481912E-4
<678,planner5,proj51task2a,setSchedule> 1.4621519119649957E-4
<679,nonemployee10_area2,proj102task2a,read> 7.103721501255328E-4
<680,employee6_area1,proj61task1propa,request> 9.84315236430082E-5
<681,nonemployee1_area1,proj12task1a,setStatus> 3.375759679108644E-4
<682,nonemployee9_area2,proj92task2a,read> 4.560008793168164E-4
<683,planner2,proj21task1a,setSchedule> 0.0012818340522678547
<684,employee6_area1,proj61task1,request> 0.0011041181452499551
<685,employee2_area2,proj21task2a,setStatus> 3.217443641397638E-4
<686,acc9,proj91task1a,setCost> 0.0010657177253170754
<687,acc1,proj11task2,setCost> 0.0013188740309021277
<688,planner1,proj12task2a,setSchedule> 0.0010158332379628526
<689,nonemployee4_area1,proj42sched1,read> 1.3821333715885193E-4
<690,employee1_area2,proj11task2propa,request> 3.265211232571514E-4
<691,ldr41,proj42sched1,read> 7.86466463967878E-5
<692,nonemployee3_area1,proj32task1a,setStatus> 2.821653547120122E-4
<693,nonemployee7_area1,proj72task1a,read> 0.0010919290563386078
<694,acc10,proj102task2a,setCost> 9.897708336415595E-4
<695,acc1,proj12budget1,read> 0.0031125970553843685
<696,acc8,proj81task2propa,setCost> 4.0751133079593876E-4
<697,acc9,proj92task1,setCost> 7.112988974980018E-4
<698,planner6,proj61sched1,read> 4.086400249004327E-4
<699,ldr12,proj12budget1,write> 4.0441650990974897E-4
<700,employee5_area1,proj51task1prop,request> 1.0774130321909568E-4
<701,ldr42,proj42budget1,write> 3.128072957725714E-4
<702,employee6_area1,proj61task1prop,read> 3.843421562125574E-4
<703,acc1,proj12sched1,read> 5.265764377652406E-4
<704,nonemployee8_area2,proj82task2propa,setStatus> 7.175344584172796E-4
<705,acc7,proj71task2,setCost> 2.6405609096440895E-4
<706,acc7,proj71task1,setCost> 2.5561754744490725E-4
<707,planner2,proj22task2a,setSchedule> 5.656780137543875E-4
<708,nonemployee4_area2,proj42sched1,read> 1.391440667020092E-4
<709,acc5,proj51task2,setCost> 5.340894835884649E-4
<710,employee7_area1,proj71task1a,setStatus> 5.908816282484744E-4
<711,acc5,proj51task1,setCost> 5.425280271079668E-4
<712,ldr42,proj42sched1,read> 1.9834007214030981E-4
<713,ldr72,proj72sched1,read> 8.265012926102791E-4
<714,acc2,proj21sched1,read> 5.603042681725853E-4
<715,employee2_area1,proj21task1propa,request> 6.817474002072393E-5
<716,employee6_area1,proj61task1a,request> 6.658012362137287E-4
<717,acc2,proj21task1prop,setCost> 7.619301586150123E-4
<718,nonemployee3_area2,proj32task2a,setStatus> 2.148810386848346E-4
<719,nonemployee8_area2,proj82task2a,request> 7.30156582299544E-4
<720,acc3,proj31budget1,read> 9.268752911503241E-4
<721,acc9,proj92task2,setCost> 7.028603539785001E-4
<722,nonemployee3_area1,proj32task1,request> 1.6593687781049572E-4
<723,employee4_area2,proj41task2prop,read> 4.185692870069966E-4
<724,aud5,proj52sched1,read> 1.4604175692490713E-4
<725,acc1,proj11task1a,setCost> 0.001723924119838212
<726,acc1,proj11task2prop,setCost> 0.0010994718993950822
<727,planner1,proj12task1a,setSchedule> 8.726020302601591E-4
<728,employee3_area2,proj31task2propa,read> 5.657459494230854E-4
<729,ldr81,proj81sched1,write> 5.63014961884738E-5
<730,planner5,proj51task1prop,setSchedule> 4.736008088026559E-4
<731,planner3,proj32task1prop,setSchedule> 7.191400220072733E-4
<732,planner3,proj32sched1,read> 2.123179637493964E-4
<733,ldr52,proj52sched1,write> 1.2500840679135705E-4
<734,acc4,proj41task1a,setCost> 9.391395725245489E-4
<735,nonemployee3_area2,proj32task2,request> 1.61818485806926E-4
<736,acc5,proj51task2propa,setCost> 8.885083114075384E-4
<737,ldr31,proj31budget1,read> 1.4336660248154547E-4
<738,acc7,proj72task1propa,setCost> 0.0013019969438631245
<739,acc4,proj41task2a,setCost> 0.0012766813133046192
<740,planner9,proj91task2propa,setSchedule> 0.0019570668885805524
<741,ldr61,proj61budget1,write> 3.67772824254878E-4
<742,acc3,proj31task1prop,setCost> 1.7123211224988972E-4
<743,acc7,proj71task1a,setCost> 0.0012598042262656156
<744,acc3,proj32budget1,write> 2.751541672555922E-4
<745,planner2,proj21task2,setSchedule> 0.0017831432792272818
<746,planner2,proj21sched1,read> 4.890517022778058E-4
<747,employee5_area2,proj51task2propa,read> 3.603831646564499E-4
<748,employee3_area1,proj31task1a,setStatus> 7.966924772727826E-4
<749,ldr31,proj32sched1,read> 2.693160748230598E-4
<750,employee3_area2,proj31task2prop,request> 3.14883898787042E-4
<751,employee8_area1,proj81task1prop,request> 2.660075560125828E-4
<752,acc7,proj72task1a,setCost> 0.0015213990753701696
<753,acc5,proj52task1prop,setCost> 6.437905493419877E-4
<754,nonemployee6_area1,proj62task1propa,setStatus> 2.6633375094091167E-4
<755,planner7,proj71task2propa,setSchedule> 5.349856121038103E-4
<756,aud6,proj61sched1,read> 5.62843807881728E-4
<757,acc10,proj102task1a,setCost> 0.0010404020947585699
<758,ldr12,proj12budget1,read> 4.814482260830346E-4
<759,employee8_area2,proj81task2a,request> 4.982094768763482E-4
<760,acc2,proj22task1a,setCost> 8.209999632515245E-4
<761,employee5_area2,proj51task2propa,setStatus> 4.167339867663676E-4
<762,acc3,proj32task1,setCost> 3.400029826399247E-4
<763,aud9,proj91sched1,read> 6.773292648301386E-4
<764,acc3,proj32task2,setCost> 3.315644391204229E-4
<765,acc2,proj22task2a,setCost> 4.66581135432451E-4
<766,planner7,proj71task2,setSchedule> 3.2013880054977017E-4
<767,planner7,proj71task1,setSchedule> 3.0990799999957777E-4
<768,acc6,proj62task1a,setCost> 0.001749239750396717
<769,nonemployee1_area2,proj12task2,read> 3.40928161570016E-4
<770,acc8,proj82task1prop,setCost> 0.0017408012068772154
<771,employee7_area1,proj71task1prop,read> 6.718500548858472E-4
<772,employee4_area1,proj41task1propa,read> 4.493737047219919E-4
<773,employee6_area1,proj61task1,read> 0.001623703154779346
<774,nonemployee1_area1,proj12task1,read> 3.5304107922757395E-4
<775,planner4,proj42task1,setSchedule> 6.270628170555419E-4
<776,planner4,proj42task2,setSchedule> 6.372936176057342E-4
<777,nonemployee1_area1,proj12task1propa,setStatus> 4.4839719430856887E-4
<778,ldr21,proj22sched1,read> 2.219753335558697E-4
<779,employee5_area1,proj51task1propa,request> 4.6151292711041965E-4
<780,nonemployee2_area2,proj22sched1,read> 5.269501396587167E-4
<781,manager1,proj12budget1,approve> 1.6066342556505446E-4
<782,employee7_area2,proj71task2a,read> 0.0012540154503586532
<783,employee10_area2,proj101task2prop,request> 1.1006874811311756E-4
<784,employee9_area1,proj91task1prop,read> 4.3568285240421623E-4
<785,acc5,proj52task2prop,setCost> 3.8219570023743346E-4
<786,manager2,proj21budget1,read> 0.001467503823412756
<787,nonemployee7_area1,proj72task1,request> 3.5538290997470177E-4
<788,planner10,proj102task2propa,setSchedule> 2.1783079504784626E-4
<789,aud3,proj32sched1,read> 3.006650359135747E-4
<790,nonemployee2_area1,proj22task1propa,setStatus> 5.750500244773738E-4
<791,planner4,proj41task1prop,setSchedule> 0.0013227572544686243
<792,employee1_area1,proj11sched1,read> 1.2813330062134184E-4
<793,nonemployee4_area1,proj42task1a,request> 7.136830142852654E-4
<794,acc5,proj52task1propa,setCost> 0.001538276162409173
<795,employee1_area2,proj11task2prop,read> 4.45950991642548E-4
<796,employee5_area1,proj51task1a,request> 1.5013428440640355E-4
<797,nonemployee7_area1,proj72task1,read> 5.22621926433385E-4
<798,manager3,proj31budget1,read> 2.3921335897014956E-4
<799,planner6,proj61task1prop,setSchedule> 0.0011488336451153536
<800,employee5_area2,proj51task2a,request> 9.212175232807947E-5
<801,employee1_area2,proj11sched1,read> 1.3192984286197417E-4
<802,nonemployee4_area2,proj42task2,read> 3.7726691454268975E-4
<803,employee3_area2,proj31task2,request> 0.001033213939376448
<804,planner10,proj102task1propa,setSchedule> 6.06601215955157E-4
<805,nonemployee7_area2,proj72task2,read> 5.286783852621638E-4
<806,ldr91,proj91budget1,read> 8.031710614457421E-4
<807,ldr11,proj11budget1,write> 4.410601955646201E-4
<808,employee3_area1,proj31task1,request> 0.0010267681024788565
<809,ldr41,proj41budget1,read> 7.431888379035423E-4
<810,nonemployee4_area1,proj42task1,read> 3.712104557139108E-4
<811,ldr42,proj42budget1,read> 3.723896378244897E-4
<812,nonemployee7_area2,proj72sched1,read> 1.8283040819504586E-4
<813,nonemployee2_area2,proj22task2a,setStatus> 2.1883893962760972E-4
<814,nonemployee4_area2,proj42task2a,request> 1.1651617376765931E-4
<815,nonemployee9_area1,proj92sched1,read> 6.337480709693822E-4
<816,nonemployee5_area2,proj52task2propa,setStatus> 5.473447178779477E-4
<817,ldr101,proj101sched1,write> 8.670430413024964E-4
<818,planner4,proj41task1propa,setSchedule> 0.0013432188555690088
<819,planner3,proj31task1prop,setSchedule> 2.075999944976539E-4
<820,manager10,proj101budget1,approve> 1.4428621937248644E-4
<821,ldr62,proj61sched1,read> 6.091049427761168E-4
<822,employee9_area2,proj91task2propa,request> 4.452208128522667E-4
<823,ldr71,proj71budget1,read> 9.176825791172141E-4
<824,employee2_area1,proj21task1prop,request> 2.1014887855605794E-4
<825,nonemployee9_area2,proj92sched1,read> 6.392350672548314E-4
<826,acc6,proj61task2propa,setCost> 6.269134623029843E-4
<827,employee1_area2,proj11task2prop,request> 3.0324667431693266E-4
<828,planner1,proj12task1,setSchedule> 5.963704154049647E-4
<829,nonemployee1_area2,proj12task2propa,setStatus> 1.6342832642875753E-4
<830,planner6,proj62task2,setSchedule> 0.001107910442914584
<831,planner5,proj52sched1,read> 9.758550577931584E-5
<832,employee3_area1,proj31task1prop,request> 4.72277359745271E-5
<833,nonemployee4_area2,proj42task2a,read> 1.7134731436420486E-4
<834,employee6_area1,proj61task1a,setStatus> 4.0881818488081723E-4
<835,acc7,proj71sched1,read> 7.149561881798529E-4
<836,nonemployee10_area2,proj102sched1,read> 5.417084478031163E-4
<837,employee8_area1,proj81sched1,read> 3.5636956739137325E-5
<838,planner9,proj92task1a,setSchedule> 6.168320165053495E-4
<839,acc6,proj61task2a,setCost> 1.2903939465238093E-4
<840,nonemployee8_area1,proj82task1propa,setStatus> 6.265027367334509E-4
<841,employee10_area1,proj101task1propa,request> 4.1496402922998235E-4
<842,nonemployee1_area1,proj12task1,request> 2.400679338747503E-4
<843,nonemployee3_area1,proj32task1,read> 2.440248203095525E-4
<844,nonemployee10_area1,proj102task1,request> 4.23851177034048E-5
<845,nonemployee2_area1,proj22task1,request> 7.960508543566595E-4
<846,acc6,proj62sched1,read> 3.5680146526909567E-4
<847,nonemployee4_area1,proj42task1a,read> 0.001049533844537155
<848,employee10_area1,proj101task1,request> 1.1145926302085417E-4
<849,planner9,proj92task2,setSchedule> 8.521404291597745E-4
<850,acc1,proj11task1propa,setCost> 1.6279356873038795E-4
<851,manager9,proj91budget1,approve> 2.6802511060522303E-4
<852,employee10_area2,proj101sched1,read> 5.29166716682403E-4
<853,employee6_area2,proj61task2a,setStatus> 6.052290191660344E-5
<854,acc1,proj11task1prop,setCost> 4.1594987431544045E-4
<855,planner6,proj62task1propa,setSchedule> 6.884476203566963E-4
<856,nonemployee7_area2,proj72task2propa,setStatus> 2.2675474151316006E-4
<857,ldr72,proj72budget1,read> 7.977181320328148E-4
<858,nonemployee10_area2,proj102task2,request> 4.6503509706974495E-5
<859,employee3_area1,proj31task1propa,read> 3.432695992592303E-4
<860,employee7_area1,proj71task1a,read> 0.0014151613727984424
<861,nonemployee7_area1,proj72task1a,request> 7.425117583102533E-4
<862,planner1,proj11task1,setSchedule> 0.0017115276753759349
<863,employee2_area1,proj21task1a,request> 8.076096479607433E-4

