<0,planner6,proj62task2propa,setSchedule> 0.002174499232218177
<1,nonemployee4_area2,proj42task2a,read> 1.9445024200223844E-4
<2,acc10,proj102task1prop,setCost> 0.00116152789546137
<3,planner4,proj42task2,setSchedule> 7.23220545531963E-4
<4,acc8,proj82budget1,read> 0.0070528745164410945
<5,planner9,proj92sched1,write> 0.011627814683537734
<6,planner3,proj32task2propa,setSchedule> 3.749136607272719E-4
<7,employee2_area1,proj21task1a,read> 0.0013477947860050458
<8,aud2,proj21budget1,read> 0.010462434663000751
<9,acc1,proj12task2a,setCost> 9.508488405649073E-4
<10,planner2,proj22task1propa,setSchedule> 0.0016868695934916086
<11,planner9,proj92task2prop,setSchedule> 9.089842174277985E-4
<12,planner8,proj81task2,setSchedule> 0.0016172082165306705
<13,aud9,proj91budget1,read> 0.009554302902016962
<14,planner7,proj72task2,setSchedule> 0.0010134762828692056
<15,nonemployee1_area1,proj12task1a,read> 5.862144998211813E-4
<16,employee9_area2,proj91sched1,read> 0.0012066583298935155
<17,employee1_area2,proj11task2a,read> 0.0020039875251840907
<18,employee1_area1,proj11task1a,read> 0.0021976181695320058
<19,acc8,proj82task2a,setCost> 0.001697801853379639
<20,manager7,proj72budget1,read> 0.0015104908044029641
<21,acc1,proj11budget1,read> 0.003852326402149696
<22,planner3,proj32task1prop,setSchedule> 8.161023814798808E-4
<23,nonemployee7_area1,proj72task1,request> 4.032995387436118E-4
<24,acc8,proj82budget1,write> 0.005924414593810519
<25,aud6,proj61budget1,read> 0.005208243760165964
<26,nonemployee1_area2,proj12sched1,read> 4.760345283372592E-4
<27,manager2,proj21budget1,read> 0.001665368813398996
<28,aud8,proj82budget1,read> 0.011435432978340527
<29,planner6,proj61sched1,write> 0.013649272363939265
<30,acc5,proj51sched1,read> 1.5529029899144967E-4
<31,employee6_area1,proj61task1a,request> 7.555718745142753E-4
<32,employee6_area1,proj61task1,request> 0.0012529874853280296
<33,acc7,proj72budget1,read> 0.0058526689735818194
<34,ldr102,proj102sched1,read> 0.0010025203628610518
<35,aud4,proj42budget1,read> 0.004429845107894144
<36,acc6,proj62budget1,write> 5.474937618009719E-4
<37,aud5,proj51budget1,read> 0.001640583270586788
<38,planner5,proj52task2propa,setSchedule> 0.0016055979870371808
<39,employee10_area1,proj101task1a,read> 0.001638240752526918
<40,acc2,proj21task2propa,setCost> 0.001965938832338774
<41,planner2,proj22task2,setSchedule> 0.00241831405158146
<42,employee7_area2,proj71task2a,read> 0.001423095592140346
<43,planner8,proj81task1,setSchedule> 0.0015939877575436912
<44,planner10,proj101sched1,write> 0.020139215443123113
<45,ldr52,proj52budget1,write> 6.148858498337509E-4
<46,employee2_area1,proj21task1,read> 0.0018856576869714758
<47,acc7,proj71budget1,write> 0.0056555685522100396
<48,acc6,proj62task1,setCost> 0.0010561883680131386
<49,nonemployee9_area2,proj92task2propa,setStatus> 3.1122689091444324E-4
<50,planner9,proj91sched1,write> 0.017373010196257865
<51,acc8,proj82task1a,setCost> 0.0013817832710349448
<52,nonemployee2_area2,proj22task2propa,setStatus> 3.291930854591134E-4
<53,ldr31,proj31sched1,read> 0.0014207531059221578
<54,aud5,proj52budget1,read> 0.007673172825693394
<55,ldr12,proj12sched1,read> 0.0011129627551841454
<56,acc4,proj41budget1,read> 0.005452600459295395
<57,manager2,proj22budget1,read> 0.0014795152026037576
<58,acc9,proj92budget1,read> 0.003932340105006982
<59,aud4,proj41budget1,read> 0.008840770804101125
<60,planner10,proj102sched1,write> 0.009499964493641391
<61,planner1,proj11task2,setSchedule> 0.0018145821179199957
<62,planner4,proj41sched1,write> 0.010883067117074015
<63,acc6,proj62sched1,read> 4.049093592494772E-4
<64,ldr82,proj82budget1,write> 9.163726772266997E-4
<65,aud2,proj22budget1,read> 0.009294836684593018
<66,manager7,proj71budget1,read> 0.0017376452175971435
<67,acc10,proj101sched1,read> 0.00145669428713715
<68,employee2_area1,proj21task1prop,read> 3.5071096973377197E-4
<69,ldr42,proj42sched1,read> 2.2508245997044662E-4
<70,acc1,proj12budget1,write> 0.002967108136205267
<71,employee2_area2,proj21task2,request> 0.0012749322916874605
<72,employee4_area1,proj41task1propa,read> 5.099632051827944E-4
<73,planner3,proj32task1a,setSchedule> 8.277126109733705E-4
<74,aud2,proj21sched1,read> 7.608155129291354E-4
<75,planner2,proj21sched1,write> 0.015138767496866705
<76,aud7,proj72budget1,read> 0.009489436347660977
<77,planner8,proj82task2propa,setSchedule> 0.0021048378552572383
<78,employee9_area2,proj91task2prop,read> 7.197100518717507E-4
<79,acc8,proj82task1,setCost> 0.0017648360981194226
<80,planner3,proj32sched1,read> 2.4094500451135915E-4
<81,employee4_area1,proj41task1prop,request> 3.414924663484302E-4
<82,acc4,proj42budget1,read> 0.0027321345621477084
<83,planner1,proj11task1a,setSchedule> 0.002371873133607502
<84,planner5,proj51task2propa,setSchedule> 0.0012224604137520206
<85,acc9,proj92budget1,write> 0.003303165688205864
<86,planner9,proj91task2prop,setSchedule> 0.002151278773231197
<87,ldr92,proj92budget1,read> 6.082438986555538E-4
<88,acc4,proj41budget1,write> 0.004580184385808131
<89,acc6,proj61task1,setCost> 0.0016403439293169676
<90,nonemployee8_area1,proj82task1a,read> 9.91724871949561E-4
<91,ldr81,proj82sched1,read> 8.419662312719092E-5
<92,nonemployee10_area2,proj102task2a,setStatus> 5.268212254504856E-4
<93,planner1,proj11task1,setSchedule> 0.0019422946423483824
<94,aud10,proj101budget1,read> 0.005143377205809979
<95,employee8_area2,proj81task2propa,setStatus> 2.1690436955492466E-4
<96,planner7,proj71sched1,write> 0.017692187724742316
<97,planner5,proj51sched1,write> 0.003541983961931625
<98,employee4_area2,proj41task2propa,request> 5.078916313883355E-4
<99,acc9,proj91budget1,read> 0.005892675825010462
<100,planner1,proj11task2a,setSchedule> 0.002162889002724687
<101,aud10,proj102budget1,read> 0.013186829945952121
<102,acc5,proj51task1a,setCost> 2.2304846910439915E-4
<103,planner5,proj51task2prop,setSchedule> 0.0013501729381804072
<104,acc7,proj72task1prop,setCost> 9.125435578564594E-4
<105,planner3,proj31task1,setSchedule> 0.0018494128064004646
<106,acc4,proj42task1prop,setCost> 9.98730443950467E-4
<107,aud4,proj41sched1,read> 6.316657556346168E-4
<108,acc8,proj81budget1,read> 0.003692298996435127
<109,planner2,proj22sched1,write> 0.008755216927177671
<110,planner4,proj42task2prop,setSchedule> 0.0015475468395697324
<111,acc10,proj101budget1,read> 0.0031722099278627754
<112,planner1,proj12task1propa,setSchedule> 0.0013153422496999382
<113,planner1,proj12task2prop,setSchedule> 0.0019655151013353617
<114,acc7,proj71budget1,read> 0.006732819705011953
<115,nonemployee10_area1,proj102task1a,read> 8.473906717004767E-4
<116,planner10,proj101task1prop,setSchedule> 0.0016404286755176503
<117,planner1,proj12task1prop,setSchedule> 0.001443054774128325
<118,acc10,proj102budget1,write> 0.006831769984212129
<119,employee3_area1,proj31task1,request> 0.0011652082598903083
<120,aud1,proj11budget1,read> 0.006246108629861723
<121,planner2,proj21task2a,setSchedule> 9.438149059082676E-4
<122,planner8,proj82task1prop,setSchedule> 0.002395093592594481
<123,acc2,proj22budget1,read> 0.005732648419295891
<124,planner1,proj11sched1,write> 0.0036483764714264413
<125,acc5,proj51task2,setCost> 6.061012961888771E-4
<126,nonemployee2_area1,proj22task1a,request> 4.5471000626090465E-4
<127,aud9,proj92budget1,read> 0.006375841738573694
<128,planner3,proj31sched1,write> 0.012798132287980725
<129,employee6_area2,proj61task2propa,request> 1.9622335401200486E-4
<130,planner10,proj101task1propa,setSchedule> 0.0020700071667767695
<131,acc5,proj51budget1,write> 8.49945558601509E-4
<132,planner10,proj102task1prop,setSchedule> 0.001408224085647856
<133,planner7,proj71task1a,setSchedule> 0.0017333105114655677
<134,acc4,proj41task1prop,setCost> 0.0012381384608782656
<135,acc6,proj61task2,setCost> 0.001630767608639856
<136,planner3,proj32task1propa,setSchedule> 0.0022093299206986457
<137,acc6,proj61budget1,write> 0.0026982620946047905
<138,acc7,proj72sched1,read> 3.8199885705714144E-4
<139,acc2,proj21budget1,write> 0.005420328265809623
<140,ldr82,proj82budget1,read> 0.0010909198538413094
<141,planner7,proj72task1propa,setSchedule> 0.0017913616589330162
<142,employee10_area2,proj101task2a,setStatus> 6.031775522653339E-4
<143,employee7_area1,proj71task1a,read> 0.0016059689784689321
<144,employee2_area2,proj21sched1,read> 0.0010769031173344765
<145,employee8_area2,proj81task2a,setStatus> 3.471592800037836E-4
<146,employee5_area2,proj51sched1,read> 1.6525545186790632E-4
<147,acc6,proj61budget1,read> 0.0032122167792914174
<148,employee3_area2,proj31sched1,read> 4.473345471502213E-4
<149,ldr21,proj21budget1,read> 9.980975547671256E-4
<150,acc8,proj82task2prop,setCost> 0.0018893282669218783
<151,acc1,proj11task2,setCost> 0.0014966991191602884
<152,ldr91,proj91budget1,read> 9.114634089645541E-4
<153,acc10,proj102budget1,read> 0.00813305950501444
<154,employee3_area1,proj31task1a,setStatus> 9.041113108885598E-4
<155,nonemployee2_area1,proj22task1,read> 0.0013285046725307577
<156,aud1,proj12budget1,read> 0.005727176195013843
<157,employee3_area2,proj31task2propa,read> 6.420260345795447E-4
<158,planner4,proj41task1a,setSchedule> 0.0012921217907129587
<159,manager10,proj102budget1,read> 0.002099027238587884
<160,employee2_area2,proj21task2propa,read> 7.973940691639567E-4
<161,ldr72,proj71sched1,read> 0.0010419932619943335
<162,nonemployee10_area1,proj102task1a,setStatus> 5.537705172674909E-4
<163,nonemployee8_area2,proj82task2a,read> 0.0012185357580552646
<164,manager1,proj11budget1,read> 9.942307744161918E-4
<165,acc7,proj72budget1,write> 0.004916241937808728
<166,planner7,proj72sched1,write> 0.007691291832229497
<167,acc9,proj91sched1,read> 8.803023403137745E-4
<168,employee8_area1,proj81task1propa,read> 6.109524276626623E-4
<169,acc5,proj52budget1,write> 0.003975280792207057
<170,acc7,proj72task2a,setCost> 0.0019084809082761023
<171,ldr82,proj82sched1,read> 1.67654613740538E-4
<172,employee1_area1,proj11task1a,request> 0.0014943803552817637
<173,nonemployee2_area2,proj22sched1,read> 5.979993474654439E-4
<174,nonemployee6_area2,proj62task2propa,setStatus> 8.412296299822142E-4
<175,nonemployee6_area1,proj62task1propa,setStatus> 3.0224379364210814E-4
<176,acc5,proj51budget1,read> 0.0010118399507160823
<177,planner8,proj82task2,setSchedule> 0.002128058314244218
<178,ldr21,proj21sched1,write> 7.396390197894539E-4
<179,employee7_area1,proj71task1a,request> 0.001092058905358874
<180,manager7,proj72budget1,approve> 3.020981608805928E-4
<181,planner7,proj71task1prop,setSchedule> 0.0022789912976595842
<182,planner8,proj82task1,setSchedule> 0.002139668543737707
<183,acc5,proj51task1propa,setCost> 0.00189890458759899
<184,ldr21,proj21budget1,write> 8.384019460043853E-4
<185,employee9_area2,proj91task2propa,setStatus> 8.591958245268844E-4
<186,acc1,proj12budget1,read> 0.0035322715907205563
<187,planner1,proj12sched1,write> 0.0114150296645481
<188,planner5,proj51task1propa,setSchedule> 0.002302211756646563
<189,acc8,proj82task2propa,setCost> 0.0017361071360880872
<190,ldr102,proj102sched1,write> 4.641424361372766E-4
<191,acc2,proj21task1a,setCost> 0.0011998331781698179
<192,planner8,proj81task2a,setSchedule> 8.973739879343087E-4
<193,ldr71,proj71sched1,read> 0.002087505784890182
<194,acc10,proj101task1a,setCost> 0.0014583938364518406
<195,employee8_area1,proj81task1prop,read> 4.4393179048441924E-4
<196,acc8,proj81budget1,write> 0.003101531157005506
<197,nonemployee3_area2,proj32task2a,read> 3.7314972802491425E-4
<198,acc7,proj71task1a,setCost> 0.0014296648744205047
<199,planner3,proj31task1a,setSchedule> 0.002337042445127032
<200,employee7_area1,proj71task1prop,read> 7.624362613824641E-4
<201,acc9,proj91budget1,write> 0.004949847693008788
<202,planner2,proj21task2,setSchedule> 0.0020235662488028105
<203,acc10,proj102task1propa,setCost> 5.677960134804293E-4
<204,employee2_area2,proj21task2,read> 0.0018749004289521475
<205,nonemployee9_area1,proj92task1a,setStatus> 2.708029531889353E-4
<206,planner3,proj31task2a,setSchedule> 0.0020816173962702592
<207,planner8,proj81task2prop,setSchedule> 6.187284800905557E-4
<208,planner6,proj61task1,setSchedule> 0.001988735560322341
<209,ldr61,proj61sched1,read> 0.0014909528350149485
<210,employee9_area2,proj91task2,request> 0.0010993738408120173
<211,acc7,proj71task1prop,setCost> 0.0018797519462447664
<212,ldr32,proj32budget1,read> 5.74982574820638E-5
<213,nonemployee1_area1,proj12sched1,read> 4.4227321427078696E-4
<214,manager1,proj11budget1,approve> 1.9884615488323834E-4
<215,acc6,proj62budget1,read> 6.517782878583E-4
<216,acc6,proj62task2prop,setCost> 0.0015733096845771837
<217,planner6,proj62sched1,write> 0.010776674607579199
<218,employee4_area2,proj41task2,request> 2.727861346068078E-4
<219,planner3,proj31sched1,read> 5.332227802030638E-4
<220,acc6,proj61task1propa,setCost> 4.0499856196952614E-4
<221,acc10,proj102task2,setCost> 1.0813262097905575E-4
<222,employee9_area1,proj91task1propa,request> 5.158154011521406E-4
<223,acc3,proj31task1a,setCost> 0.0019276335496303258
<224,nonemployee9_area1,proj92task1propa,setStatus> 4.1902405818246437E-4
<225,acc10,proj102task1,setCost> 9.85563003019438E-5
<226,acc4,proj41task2propa,setCost> 0.0018414466635363184
<227,employee2_area1,proj21task1,request> 0.0012822472271406034
<228,acc3,proj32sched1,read> 2.959257437958303E-4
<229,acc5,proj52budget1,read> 0.00473247713357983
<230,planner6,proj61task2prop,setSchedule> 0.0013385627086869175
<231,ldr11,proj12sched1,read> 4.355209514574925E-4
<232,aud7,proj71budget1,read> 0.010916500543492644
<233,nonemployee2_area2,proj22task2a,request> 2.5841549392215015E-4
<234,planner4,proj42task1prop,setSchedule> 0.0012108501842585308
<235,acc1,proj11task1,setCost> 0.0016020386466085196
<236,nonemployee5_area1,proj52task1a,read> 1.669580133833653E-4
<237,planner4,proj42task1,setSchedule> 7.116103160384734E-4
<238,nonemployee9_area2,proj92task2a,request> 3.51889071226319E-4
<239,acc9,proj91task2,setCost> 0.0014392411950976168
<240,acc9,proj91task1,setCost> 0.0014200885537433928
<241,nonemployee3_area2,proj32task2,request> 1.8363663207881503E-4
<242,ldr62,proj62budget1,write> 8.468487752201362E-5
<243,acc4,proj41task1,setCost> 3.666932792610783E-4
<244,acc2,proj22task1,setCost> 0.0018510229842134307
<245,acc2,proj22task1a,setCost> 9.316961992106834E-4
<246,aud8,proj81sched1,read> 5.572705899764106E-5
<247,employee7_area2,proj71task2a,request> 9.677050026554354E-4
<248,employee9_area1,proj91task1,request> 0.0010847439699057306
<249,ldr91,proj91sched1,read> 0.0014871253724070767
<250,nonemployee3_area2,proj32task2propa,setStatus> 1.4503959137624384E-4
<251,planner3,proj32task2a,setSchedule> 6.303387095840455E-4
<252,nonemployee3_area1,proj32task1a,read> 4.899916996551253E-4
<253,acc2,proj21budget1,read> 0.0064527717450114565
<254,manager5,proj52budget1,approve> 2.4427703752207436E-4
<255,acc7,proj72task2propa,setCost> 5.486433721262054E-4
<256,acc4,proj42task2prop,setCost> 0.0012764437435867136
<257,planner10,proj101sched1,read> 7.194286071167147E-4
<258,acc1,proj12task2prop,setCost> 0.0016211912879627436
<259,nonemployee6_area1,proj62task1a,setStatus> 9.310606027055652E-4
<260,employee3_area2,proj31task2,read> 0.0017242988166815468
<261,ldr32,proj32sched1,read> 7.161313901600834E-4
<262,manager5,proj52budget1,read> 0.0012213851876103716
<263,planner10,proj101task2propa,setSchedule> 0.0017797514294395265
<264,employee3_area1,proj31task1a,read> 0.002165346395474019
<265,acc8,proj82task1prop,setCost> 0.0019755151530158857
<266,nonemployee9_area1,proj92task1a,request> 2.817838882481924E-4
<267,ldr51,proj51budget1,write> 1.314673162554022E-4
<268,employee10_area1,proj101task1propa,setStatus> 8.008056922567063E-4
<269,planner2,proj22task1,setSchedule> 0.0022441606091791154
<270,planner4,proj41task2a,setSchedule> 0.0017565309704525472
<271,acc6,proj62task1a,setCost> 0.0019850914736929976
<272,employee9_area2,proj91task2propa,read> 7.430152570594125E-4
<273,planner5,proj52task2,setSchedule> 5.838977916100867E-4
<274,planner5,proj52task1,setSchedule> 5.955080211035763E-4
<275,planner3,proj32sched1,write> 0.006946544265765776
<276,planner4,proj42task1propa,setSchedule> 0.0022557708386726043
<277,employee2_area2,proj21task2a,request> 5.946432945451196E-4
<278,acc2,proj21task2a,setCost> 7.784750683768923E-4
<279,planner2,proj22task2prop,setSchedule> 7.696614635059218E-4
<280,employee4_area2,proj41task2prop,request> 3.2300367023288507E-4
<281,employee10_area2,proj101task2propa,setStatus> 6.885169763525175E-4
<282,employee5_area1,proj51task1,request> 4.702893918416809E-4
<283,acc2,proj22task1prop,setCost> 0.0014871227984831763
<284,acc1,proj11task2a,setCost> 0.001783988739473647
<285,employee4_area1,proj41task1,read> 4.1191333832345765E-4
<286,acc8,proj82sched1,read> 5.7639982140836786E-5
<287,planner7,proj72sched1,read> 3.044356373501077E-4
<288,employee3_area1,proj31task1,read> 0.0017135415586622183
<289,planner1,proj11sched1,read> 2.100361468158732E-4
<290,planner2,proj21task1prop,setSchedule> 0.0010483069713496749
<291,nonemployee10_area1,proj102task1a,request> 5.762256567563241E-4
<292,planner10,proj102task1,setSchedule> 1.1948861187049823E-4
<293,acc6,proj62task2propa,setCost> 0.0017935650601507585
<294,employee8_area2,proj81task2propa,read> 1.8757453342013925E-4
<295,planner9,proj92task1prop,setSchedule> 0.0010947478893236337
<296,employee10_area1,proj101sched1,read> 6.124061696943935E-4
<297,planner10,proj102task2,setSchedule> 1.3109884136398796E-4
<298,employee5_area1,proj51sched1,read> 1.6691631068064907E-4
<299,nonemployee6_area1,proj62task1,read> 7.580409286891389E-4
<300,acc10,proj101task1prop,setCost> 0.0013530543090036092
<301,acc7,proj71task1,setCost> 2.900827138441828E-4
<302,planner9,proj91task1propa,setSchedule> 0.0022673810681660945
<303,employee4_area2,proj41task2,read> 4.0115608030412913E-4
<304,planner9,proj91task1a,setSchedule> 0.0014662752331153046
<305,employee3_area2,proj31task2a,read> 0.0019286867190487903
<306,manager3,proj31budget1,approve> 5.42933464869422E-5
<307,nonemployee6_area1,proj62sched1,read> 6.28156681646486E-4
<308,planner6,proj61task2a,setSchedule> 1.775397593379468E-4
<309,ldr101,proj101sched1,read> 0.002414015258664776
<310,nonemployee10_area2,proj102sched1,read> 6.147475328739548E-4
<311,acc8,proj81task1propa,setCost> 0.0015062754398374003
<312,employee1_area2,proj11task2prop,request> 3.4413372293636517E-4
<313,acc4,proj42task2propa,setCost> 4.241512033237501E-4
<314,acc5,proj51task2a,setCost> 1.3686158301039162E-4
<315,employee5_area2,proj51task2propa,setStatus> 4.7292264181647504E-4
<316,manager4,proj42budget1,read> 7.051251576235996E-4
<317,planner8,proj82task2prop,setSchedule> 0.002290601527153074
<318,manager10,proj101budget1,read> 8.187023642206895E-4
<319,nonemployee1_area2,proj12task2a,read> 6.824372999872376E-4
<320,ldr11,proj11budget1,read> 5.958675921123293E-4
<321,planner2,proj22task1a,setSchedule> 0.0011295785778041027
<322,aud6,proj62budget1,read> 0.0010567842813829225
<323,acc8,proj81task2a,setCost> 7.401697856684444E-4
<324,acc1,proj11task2propa,setCost> 0.0013434779883264973
<325,planner1,proj11task2propa,setSchedule> 0.0016288184460241603
<326,employee4_area1,proj41task1a,request> 8.140913581394228E-4
<327,acc7,proj72task2,setCost> 8.359329924395639E-4
<328,ldr11,proj11budget1,write> 5.005287773743566E-4
<329,employee4_area1,proj41task1,request> 2.801010700599512E-4
<330,acc8,proj82task2,setCost> 0.0017552597774423112
<331,ldr22,proj21sched1,read> 4.300261594816852E-4
<332,acc7,proj72task1,setCost> 8.263566717624519E-4
<333,planner7,proj71task2a,setSchedule> 0.0015359366100762427
<334,planner7,proj72task1,setSchedule> 0.001001866053375716
<335,employee2_area1,proj21task1propa,setStatus> 1.3156494546774118E-4
<336,acc9,proj91task2prop,setCost> 0.0017744124187965347
<337,planner3,proj32task2,setSchedule> 4.5618526718169974E-4
<338,planner4,proj41task2prop,setSchedule> 0.0014198343151413453
<339,acc1,proj12task1a,setCost> 8.167803510853399E-4
<340,acc6,proj62task1prop,setCost> 0.0016499202499940795
<341,employee5_area2,proj51task2prop,read> 4.5170019221363984E-4
<342,ldr11,proj11sched1,read> 3.511490787044092E-4
<343,planner5,proj52sched1,write> 0.0029036289049627208
<344,employee10_area2,proj101task2a,read> 0.0014446101081790033
<345,employee1_area2,proj11task2,request> 0.001143263453530878
<346,employee7_area2,proj71task2prop,request> 2.8074356482592504E-4
<347,aud8,proj81budget1,read> 0.005986642412437784
<348,nonemployee6_area2,proj62task2a,request> 7.584991324994534E-4
<349,acc4,proj41task2,setCost> 3.571169585839665E-4
<350,acc1,proj12task2propa,setCost> 3.9542224129241425E-4
<351,ldr21,proj21sched1,read> 0.0013031979275671237
<352,nonemployee8_area1,proj82task1a,setStatus> 6.480930386270094E-4
<353,employee6_area1,proj61task1prop,request> 2.9659110435353506E-4
<354,employee8_area1,proj81task1prop,request> 3.018736175294051E-4
<355,planner9,proj91task2a,setSchedule> 0.0013850036266608765
<356,acc2,proj22budget1,write> 0.004815424672208548
<357,ldr22,proj22sched1,write> 4.277560949001966E-4
<358,acc9,proj91task1prop,setCost> 0.0012189858195240416
<359,ldr12,proj12sched1,write> 5.577073136040538E-4
<360,planner6,proj61task1propa,setSchedule> 4.910159556621689E-4
<361,employee2_area2,proj21task2prop,request> 4.973266050365956E-4
<362,planner6,proj61task2propa,setSchedule> 8.625432994538397E-4
<363,acc4,proj42task1propa,setCost> 0.0018605993048905424
<364,employee1_area1,proj11task1prop,request> 1.3019193931362969E-4
<365,planner9,proj91task1prop,setSchedule> 0.001477885462608794
<366,nonemployee4_area1,proj42task1,request> 2.864575671134007E-4
<367,planner4,proj42task1a,setSchedule> 0.0020119560193093207
<368,employee4_area2,proj41task2a,request> 0.0011066887762651609
<369,employee3_area1,proj31task1prop,read> 7.881690921105074E-5
<370,planner1,proj11task1prop,setSchedule> 5.722875621165968E-4
<371,nonemployee9_area1,proj92task1,request> 3.93952181013195E-4
<372,nonemployee9_area2,proj92sched1,read> 7.25423762754847E-4
<373,acc3,proj31budget1,write> 8.835513138015686E-4
<374,acc6,proj61task1prop,setCost> 0.0010753410093673626
<375,nonemployee2_area2,proj22task2,read> 0.0014316005298515321
<376,employee3_area2,proj31task2a,setStatus> 8.052972408928737E-4
<377,acc6,proj61sched1,read> 5.395686299959834E-4
<378,employee5_area2,proj51task2,request> 4.6297445638853737E-4
<379,nonemployee8_area2,proj82sched1,read> 6.910762256676243E-5
<380,nonemployee4_area2,proj42task2,request> 2.911312459786092E-4
<381,acc10,proj101budget1,write> 0.002664656339404731
<382,acc10,proj101task1propa,setCost> 0.0017073781740567513
<383,acc1,proj12task1propa,setCost> 0.0010849173300444747
<384,ldr31,proj31budget1,write> 1.3666536500355647E-4
<385,nonemployee9_area2,proj92task2,request> 3.8927850214798656E-4
<386,nonemployee8_area2,proj82task2a,setStatus> 7.963141436205386E-4
<387,ldr102,proj101sched1,read> 0.0012664321761641341
<388,nonemployee5_area2,proj52task2,request> 2.3504709959610797E-4
<389,nonemployee8_area1,proj82sched1,read> 6.790050252192816E-5
<390,planner7,proj72task1prop,setSchedule> 0.0011063581188171235
<391,acc4,proj41task1propa,setCost> 0.0012572911022324896
<392,acc8,proj81task2prop,setCost> 5.103380894177576E-4
<393,nonemployee1_area2,proj12task2a,request> 4.6405736399132155E-4
<394,acc8,proj81task1a,setCost> 8.742382751480117E-4
<395,nonemployee4_area1,proj42sched1,read> 1.568487779233624E-4
<396,acc1,proj12task2,setCost> 5.390670514490935E-4
<397,acc5,proj51task2prop,setCost> 0.0011136462920758104
<398,planner1,proj12task2propa,setSchedule> 4.794057261686792E-4
<399,acc1,proj12task1,setCost> 5.582196928033173E-4
<400,planner2,proj22task1prop,setSchedule> 0.001802971888426506
<401,nonemployee10_area1,proj102task1propa,setStatus> 2.663114045527677E-4
<402,employee4_area2,proj41task2propa,read> 7.468994579240229E-4
<403,acc4,proj41sched1,read> 5.317744268365842E-4
<404,employee3_area1,proj31task1propa,setStatus> 4.504648986356373E-4
<405,aud10,proj101sched1,read> 7.075372251809013E-4
<406,nonemployee9_area2,proj92task2a,setStatus> 3.381761827314485E-4
<407,planner8,proj81task1prop,setSchedule> 0.0013269524791934277
<408,nonemployee5_area2,proj52task2a,setStatus> 1.944466263740869E-4
<409,acc9,proj91task1propa,setCost> 0.0018701756255676543
<410,planner7,proj72task1a,setSchedule> 0.002093227625763748
<411,employee8_area1,proj81task1propa,request> 4.154476508106103E-4
<412,employee6_area2,proj61task2prop,request> 3.0451487411734007E-4
<413,acc5,proj52task1a,setCost> 2.3262478978151107E-4
<414,aud10,proj102sched1,read> 2.5139160279038017E-4
<415,employee10_area2,proj101task2a,request> 9.823348735617224E-4
<416,employee9_area2,proj91task2,read> 0.0016167262364882608
<417,aud9,proj92sched1,read> 5.572998005713202E-4
<418,acc7,proj71task2propa,setCost> 5.007617687406458E-4
<419,nonemployee5_area2,proj52task2a,read> 2.97546099323013E-4
<420,acc3,proj32task2propa,setCost> 3.092353551984067E-4
<421,acc10,proj102sched1,read> 5.175709469213709E-4
<422,acc2,proj21sched1,read> 6.358506460712096E-4
<423,manager5,proj51budget1,read> 2.611415318349756E-4
<424,planner8,proj82task1propa,setSchedule> 0.0018378025769069748
<425,acc10,proj101task2prop,setCost> 4.528801653550859E-4
<426,employee7_area2,proj71sched1,read> 6.713237221544522E-4
<427,aud1,proj11sched1,read> 2.1865301437755006E-4
<428,employee1_area2,proj11task2,read> 0.0016812697846042325
<429,planner6,proj62task1,setSchedule> 0.001280511561219469
<430,acc3,proj31task2,setCost> 0.001535004401868736
<431,employee9_area1,proj91task1propa,read> 7.585520605178537E-4
<432,planner2,proj21task1propa,setSchedule> 3.400829722468028E-4
<433,acc5,proj52task2a,setCost> 4.145748826466382E-4
<434,acc3,proj31task2prop,setCost> 0.0012955963849409374
<435,acc9,proj92task1a,setCost> 5.773723341575413E-4
<436,nonemployee7_area1,proj72task1propa,setStatus> 6.93008524988685E-4
<437,planner6,proj62task2,setSchedule> 0.0012572911022324896
<438,aud3,proj31budget1,read> 0.0017054498249427729
<439,planner9,proj91task2propa,setSchedule> 0.0022209401501921354
<440,nonemployee1_area2,proj12task2,read> 3.8689584233435087E-4
<441,nonemployee2_area2,proj22task2,request> 9.734883602990418E-4
<442,planner4,proj41task1propa,setSchedule> 0.0015243263805827527
<443,ldr92,proj91sched1,read> 4.85239826611983E-4
<444,manager6,proj62budget1,read> 1.6821472643735656E-4
<445,nonemployee5_area1,proj52task1a,setStatus> 1.091072022869034E-4
<446,manager6,proj61budget1,read> 8.29027564820425E-4
<447,acc5,proj51task1,setCost> 6.156776168659892E-4
<448,ldr81,proj81budget1,read> 5.711149790258803E-4
<449,employee6_area1,proj61task1prop,read> 4.361633887551986E-4
<450,employee2_area2,proj21task2prop,read> 7.313626544655817E-4
<451,acc1,proj11task1prop,setCost> 4.720328067093098E-4
<452,nonemployee5_area1,proj52task1propa,setStatus> 8.187718868013764E-4
<453,manager4,proj42budget1,approve> 1.4102503152471993E-4
<454,ldr51,proj51sched1,read> 3.9452141124706304E-4
<455,nonemployee1_area1,proj12task1a,request> 3.9862585987840334E-4
<456,acc2,proj21task1,setCost> 0.0016786492120254152
<457,acc1,proj11budget1,write> 0.003235954177805744
<458,employee1_area1,proj11task1,read> 0.0017995996228168472
<459,acc4,proj42budget1,write> 0.002294993032204075
<460,employee5_area1,proj51task1a,setStatus> 1.0461565365073586E-4
<461,planner5,proj52task2prop,setSchedule> 5.25846644142638E-4
<462,acc4,proj42task1,setCost> 5.869486548346532E-4
<463,acc4,proj42task2,setCost> 5.965249755117652E-4
<464,planner9,proj92task2a,setSchedule> 8.741535289473292E-4
<465,employee10_area1,proj101task1a,setStatus> 6.8402542771635E-4
<466,ldr31,proj31sched1,write> 6.252819473300594E-4
<467,acc3,proj32task1propa,setCost> 0.0018222940221820946
<468,manager5,proj51budget1,approve> 5.222830636699512E-5
<469,employee10_area1,proj101task1a,request> 0.0011140037117183042
<470,aud1,proj12sched1,read> 6.853546755493875E-4
<471,planner7,proj72task2a,setSchedule> 0.002313821986140053
<472,planner1,proj12task2a,setSchedule> 0.0011527990367910823
<473,employee8_area1,proj81task1a,read> 9.820480133478735E-4
<474,planner6,proj61task2,setSchedule> 0.001977125330828852
<475,ldr12,proj11sched1,read> 1.4325542321287762E-4
<476,employee1_area1,proj11task1propa,setStatus> 8.664945910606567E-5
<477,planner6,proj62task1prop,setSchedule> 0.002000345789815831
<478,nonemployee10_area2,proj102task2a,request> 5.481835835650735E-4
<479,employee1_area1,proj11task1,request> 0.0012237277435154558
<480,employee8_area2,proj81task2a,read> 8.314464010772731E-4
<481,acc3,proj31sched1,read> 6.548977770279241E-4
<482,employee8_area2,proj81task2,request> 0.0010189095508274394
<483,manager1,proj12budget1,read> 9.116291696183083E-4
<484,planner6,proj62task1a,setSchedule> 0.0024067038220879707
<485,employee7_area1,proj71sched1,read> 6.630866212691213E-4
<486,nonemployee4_area2,proj42task2propa,setStatus> 1.9893817501025443E-4
<487,nonemployee10_area1,proj102sched1,read> 5.851720501927336E-4
<488,employee4_area2,proj41sched1,read> 4.906427032138651E-4
<489,acc4,proj42task2a,setCost> 2.7093007248995887E-4
<490,manager10,proj102budget1,approve> 4.1980544771757686E-4
<491,planner4,proj41task2,setSchedule> 4.3296480819472044E-4
<492,planner9,proj92sched1,read> 4.7635122618665927E-4
<493,employee6_area2,proj61task2,request> 0.0012456725498748867
<494,planner4,proj41task1,setSchedule> 4.4457503768821003E-4
<495,employee4_area2,proj41task2a,setStatus> 6.795338790801823E-4
<496,planner1,proj12sched1,read> 6.583456242962096E-4
<497,employee8_area1,proj81task1,request> 0.0010042796799211524
<498,nonemployee7_area2,proj72task2a,request> 9.314252505121659E-4
<499,employee4_area1,proj41task1a,read> 0.0011971931737344453
<500,nonemployee8_area2,proj82task2,request> 8.566463886688308E-4
<501,planner4,proj42task2a,setSchedule> 3.2847274275331296E-4
<502,acc9,proj92task2a,setCost> 7.210171443142204E-4
<503,employee9_area2,proj91task2prop,request> 4.894028352727905E-4
<504,employee4_area2,proj41task2a,read> 0.0016274834945075893
<505,ldr61,proj61budget1,read> 4.968571397665334E-4
<506,employee4_area1,proj41sched1,read> 5.023946242489278E-4
<507,planner10,proj102task2prop,setSchedule> 4.09744349207741E-4
<508,planner2,proj22task2propa,setSchedule> 8.509330699603498E-4
<509,planner4,proj42task2propa,setSchedule> 5.142364146491483E-4
<510,acc1,proj12task1prop,setCost> 0.0011902568574927057
<511,nonemployee6_area2,proj62task2a,read> 0.0011154399007344904
<512,acc4,proj42task1a,setCost> 0.0016594965706711916
<513,ldr72,proj72budget1,write> 7.60431214782071E-4
<514,employee2_area1,proj21sched1,read> 0.0010842539918555307
<515,ldr92,proj92sched1,write> 5.681034111003622E-4
<516,ldr62,proj62sched1,write> 5.265190211151279E-4
<517,employee7_area1,proj71task1propa,setStatus> 1.6300578592091404E-4
<518,nonemployee5_area1,proj52task1,read> 3.5253055656075927E-4
<519,employee5_area1,proj51task1,read> 6.916020468260013E-4
<520,acc10,proj101task2propa,setCost> 0.0014679701571289527
<521,manager9,proj92budget1,approve> 2.0297623512313256E-4
<522,planner4,proj42sched1,read> 7.763222341661373E-5
<523,nonemployee3_area2,proj32sched1,read> 3.9295057782725006E-4
<524,acc2,proj22task1propa,setCost> 0.001391359591712057
<525,employee8_area1,proj81task1a,setStatus> 4.100409609101293E-4
<526,nonemployee8_area1,proj82task1,request> 8.613200675340391E-4
<527,manager8,proj82budget1,approve> 3.6404936447900554E-4
<528,employee1_area1,proj11task1a,setStatus> 9.175859567970625E-4
<529,nonemployee5_area2,proj52task2,read> 3.4565749940604107E-4
<530,ldr101,proj101budget1,read> 4.906689864949212E-4
<531,nonemployee3_area1,proj32sched1,read> 3.8971641669286947E-4
<532,planner2,proj21task2prop,setSchedule> 0.002186109461711666
<533,manager8,proj81budget1,read> 9.529299720172501E-4
<534,manager3,proj32budget1,approve> 1.9187664447841695E-5
<535,acc8,proj81task1,setCost> 0.0013147490262951612
<536,ldr42,proj42sched1,write> 1.1587317001093936E-4
<537,employee4_area1,proj41task1a,setStatus> 4.998719336334802E-4
<538,employee3_area1,proj31sched1,read> 4.401771943958178E-4
<539,ldr91,proj91budget1,write> 7.656292635302254E-4
<540,employee10_area2,proj101task2,read> 1.9676817793688563E-4
<541,planner3,proj31task2propa,setSchedule> 0.0019190741833614029
<542,employee5_area1,proj51task1propa,setStatus> 8.906366649800571E-4
<543,employee7_area1,proj71task1propa,request> 9.585560367047461E-5
<544,employee1_area1,proj11task1prop,read> 1.9145873428474952E-4
<545,acc7,proj71task1propa,setCost> 3.4754063790685453E-4
<546,acc1,proj11task1a,setCost> 0.001956362511661662
<547,employee10_area1,proj101task1,read> 1.8601091991755705E-4
<548,acc6,proj61task2prop,setCost> 0.0011040699713986983
<549,employee7_area2,proj71task2prop,read> 4.1285818356753676E-4
<550,employee9_area1,proj91task1prop,request> 3.3620995317256016E-4
<551,employee7_area2,proj71task2,read> 3.366125321881574E-4
<552,employee10_area2,proj101sched1,read> 6.005147877585802E-4
<553,acc1,proj11sched1,read> 1.906481948021003E-4
<554,acc2,proj22task2,setCost> 0.0019946677943701095
<555,planner6,proj62task2a,setSchedule> 0.001884243494880934
<556,employee8_area2,proj81task2,read> 0.0014983963982756461
<557,employee2_area1,proj21task1propa,read> 1.1377471699254349E-4
<558,ldr41,proj41sched1,write> 5.317170698632823E-4
<559,acc10,proj102task2prop,setCost> 3.3796431722974253E-4
<560,acc5,proj52task1,setCost> 4.911854480635338E-4
<561,planner10,proj102task2a,setSchedule> 0.0013617831676738968
<562,acc5,proj52task2,setCost> 4.8160912738642186E-4
<563,planner8,proj81sched1,read> 4.935825225505351E-5
<564,employee1_area1,proj11task1propa,request> 5.09542416755795E-5
<565,nonemployee6_area1,proj62task1a,request> 9.688146814338332E-4
<566,nonemployee3_area1,proj32task1propa,setStatus> 8.547042758907168E-4
<567,acc3,proj31task1,setCost> 0.001525428081191624
<568,planner3,proj32task2prop,setSchedule> 0.0023486526746205223
<569,ldr41,proj41budget1,write> 7.084507273005282E-4
<570,employee8_area1,proj81task1,read> 0.001476881882236989
<571,ldr101,proj102sched1,read> 4.4151970574108783E-4
<572,manager2,proj21budget1,approve> 3.3307376267979917E-4
<573,nonemployee9_area1,proj92task1a,read> 4.1438807095322405E-4
<574,acc10,proj101task2,setCost> 1.751668657188394E-4
<575,acc10,proj101task1,setCost> 1.6559054504172745E-4
<576,acc2,proj22task2prop,setCost> 6.34830258220213E-4
<577,acc2,proj21task1propa,setCost> 2.8050639316707087E-4
<578,employee7_area2,proj71task2propa,setStatus> 2.3487056409959484E-4
<579,aud3,proj32budget1,read> 6.027184008910274E-4
<580,planner4,proj42sched1,write> 0.002371666357488635
<581,employee6_area1,proj61task1propa,read> 1.6426932823247742E-4
<582,employee10_area1,proj101task1prop,read> 5.488052138288975E-4
<583,acc6,proj62task1propa,setCost> 6.44406578897325E-4
<584,employee5_area2,proj51task2propa,request> 2.7810230823799E-4
<585,acc5,proj52sched1,read> 1.428203548635072E-4
<586,ldr41,proj41budget1,read> 8.433937229768193E-4
<587,ldr91,proj91sched1,write> 8.487980435006939E-4
<588,planner9,proj91sched1,read> 6.570061369171097E-4
<589,employee9_area2,proj91task2a,read> 0.0012832512378890743
<590,nonemployee1_area2,proj12task2a,setStatus> 4.4597334999946974E-4
<591,employee10_area2,proj101task2prop,read> 1.836903325555289E-4
<592,planner10,proj102task1propa,setSchedule> 6.88389857051494E-4
<593,nonemployee8_area2,proj82task2,read> 0.0012597741009835745
<594,acc7,proj71task2prop,setCost> 0.0010178830853046909
<595,employee8_area2,proj81task2prop,request> 1.407569656653697E-4
<596,planner7,proj72task2propa,setSchedule> 6.651693980645146E-4
<597,planner7,proj71task2prop,setSchedule> 0.0012340706432455103
<598,ldr62,proj62budget1,read> 1.0081533038334955E-4
<599,nonemployee4_area1,proj42task1propa,setStatus> 8.72670470435387E-4
<600,acc3,proj31budget1,read> 0.0010518468021447247
<601,employee10_area1,proj101task1prop,request> 3.731875454036503E-4
<602,employee7_area1,proj71task1,read> 3.2585527416882886E-4
<603,ldr51,proj51budget1,read> 1.5650870982785977E-4
<604,employee3_area1,proj31task1propa,read> 3.89552978379875E-4
<605,planner5,proj52task2a,setSchedule> 5.026261851556586E-4
<606,acc2,proj22task2propa,setCost> 7.018645029599965E-4
<607,planner6,proj61task1a,setSchedule> 0.001199239954765041
<608,manager7,proj71budget1,approve> 3.4752904351942874E-4
<609,acc4,proj41task2prop,setCost> 0.001171104216138482
<610,employee6_area2,proj61task2propa,read> 2.885637559000072E-4
<611,planner9,proj91task1,setSchedule> 0.001721700281972078
<612,planner5,proj52task1prop,setSchedule> 8.857637584408191E-4
<613,planner9,proj91task2,setSchedule> 0.0017449207409590574
<614,employee4_area1,proj41task1prop,read> 5.021948034535737E-4
<615,planner10,proj102sched1,read> 2.556166717448403E-4
<616,employee9_area1,proj91sched1,read> 0.0012238349609240279
<617,planner10,proj102task1a,setSchedule> 0.001431444544634835
<618,planner4,proj41sched1,read> 4.318830980385519E-4
<619,ldr22,proj22budget1,read> 8.867107958781051E-4
<620,aud6,proj62sched1,read> 4.7932513338181347E-4
<621,employee4_area1,proj41task1propa,setStatus> 5.897029063568313E-4
<622,employee9_area1,proj91task1a,read> 0.0013585520440243747
<623,planner5,proj52task1a,setSchedule> 2.8203182477935416E-4
<624,nonemployee8_area1,proj82task1,read> 0.0012666471581382927
<625,planner10,proj101task1a,setSchedule> 0.001768141199946037
<626,ldr71,proj71budget1,write> 8.747882872414651E-4
<627,nonemployee6_area2,proj62task2a,setStatus> 7.289409140780255E-4
<628,aud7,proj72sched1,read> 4.285367888813617E-4
<629,ldr11,proj11sched1,write> 1.7824975498879079E-4
<630,planner6,proj62sched1,read> 3.480031790306317E-4
<631,ldr22,proj22budget1,write> 7.448370685376082E-4
<632,ldr52,proj52budget1,read> 7.320069640877987E-4
<633,employee7_area1,proj71task1prop,request> 5.184566577400756E-4
<634,planner3,proj32task1,setSchedule> 4.677954966751895E-4
<635,manager6,proj61budget1,approve> 1.65805512964085E-4
<636,planner9,proj92task2propa,setSchedule> 8.044921519863911E-4
<637,acc3,proj32task1a,setCost> 6.827118616057729E-4
<638,planner10,proj101task2prop,setSchedule> 5.490671031296175E-4
<639,acc8,proj81task2,setCost> 0.0013339016676493852
<640,ldr71,proj71sched1,write> 8.643921897451566E-4
<641,ldr41,proj41sched1,read> 0.0011295151754733993
<642,employee4_area1,proj41task1propa,request> 3.4677497952430016E-4
<643,manager9,proj91budget1,read> 0.0015208160050026996
<644,employee8_area1,proj81task1propa,setStatus> 7.064831708971877E-4
<645,aud6,proj61sched1,read> 6.387325944276775E-4
<646,manager4,proj41budget1,approve> 2.8144775968112193E-4
<647,employee5_area2,proj51task2,read> 6.808447888066727E-4
<648,ldr42,proj41sched1,read> 4.8476674269633377E-4
<649,ldr52,proj52sched1,read> 3.392001989088495E-4
<650,acc9,proj92task2propa,setCost> 6.635592202515489E-4
<651,manager8,proj81budget1,approve> 1.9058599440345005E-4
<652,employee1_area2,proj11task2a,setStatus> 8.367380813460467E-4
<653,aud3,proj31sched1,read> 7.551007155895734E-4
<654,acc3,proj32budget1,read> 3.7173032785780283E-4
<655,employee2_area1,proj21task1a,setStatus> 5.627536145398261E-4
<656,acc2,proj22sched1,read> 3.7895196744147186E-4
<657,acc4,proj42sched1,read> 9.558797577147675E-5
<658,employee3_area1,proj31task1propa,request> 2.64896025298315E-4
<659,employee3_area2,proj31task2propa,request> 4.365777035140904E-4
<660,manager8,proj82budget1,read> 0.0018202468223950275
<661,planner9,proj92task1,setSchedule> 9.786455943887366E-4
<662,planner10,proj101task2a,setSchedule> 0.0015591570690632222
<663,ldr32,proj32budget1,write> 4.8298536284933586E-5
<664,ldr51,proj52sched1,read> 1.733701633904606E-4
<665,planner2,proj22sched1,read> 3.30761543836198E-4
<666,manager3,proj32budget1,read> 9.593832223920848E-5
<667,planner4,proj41task2propa,setSchedule> 0.002232550379685625
<668,employee1_area2,proj11task2a,request> 0.0013627115171251814
<669,employee7_area1,proj71task1propa,read> 1.4096412304481562E-4
<670,nonemployee10_area2,proj102task2a,read> 8.061523287721668E-4
<671,employee6_area1,proj61task1propa,request> 1.1170314319808464E-4

