<0,aud7,proj71sched1,read> 9.125758838822298E-4
<1,acc10,proj101task2a,setCost> 0.0012893774455253046
<2,nonemployee10_area2,proj102task2a,request> 5.496147130959843E-4
<3,acc8,proj81budget1,read> 0.003701938391501257
<4,planner3,proj31task1,setSchedule> 0.0018542410233727267
<5,planner8,proj82task2propa,setSchedule> 0.0021103329041838176
<6,aud4,proj42budget1,read> 0.00444140999663094
<7,aud10,proj102budget1,read> 0.0132212564817342
<8,employee1_area2,proj11task2a,setStatus> 8.38922533076732E-4
<9,nonemployee5_area2,proj52task2,read> 3.4655989902144667E-4
<10,acc4,proj42budget1,write> 0.0023009845146199867
<11,planner8,proj81task1propa,setSchedule> 0.0018309599432989915
<12,planner3,proj32sched1,write> 0.006964679439701237
<13,acc7,proj71budget1,write> 0.005670333407291108
<14,aud4,proj41budget1,read> 0.008863851189127397
<15,acc8,proj82task1a,setCost> 0.0013853906589680824
<16,acc8,proj82task2propa,setCost> 0.0017406395487063607
<17,acc8,proj82budget1,read> 0.00707128728417238
<18,acc8,proj82budget1,write> 0.005939881318704799
<19,planner9,proj92task1,setSchedule> 9.812005206076449E-4
<20,nonemployee7_area2,proj72task2a,request> 9.338568997293405E-4
<21,planner9,proj92task1a,setSchedule> 7.018275597228188E-4
<22,planner2,proj21sched1,write> 0.015178289908474616
<23,planner9,proj91task2propa,setSchedule> 0.002226738304552495
<24,acc9,proj91budget1,write> 0.004962770139830173
<25,planner7,proj71sched1,write> 0.017738376288352033
<26,employee10_area1,proj101task1a,read> 0.0016425176677611088
<27,acc1,proj11budget1,read> 0.0038623835768665476
<28,planner2,proj22task2a,setSchedule> 6.4362485953848E-4
<29,acc6,proj61budget1,read> 0.003220602835405383
<30,planner9,proj91sched1,read> 6.587213668377447E-4
<31,employee6_area1,proj61task1,read> 0.0018474391606473103
<32,ldr41,proj41sched1,read> 0.0011324639732333015
<33,acc5,proj52budget1,write> 0.0039856589609555465
<34,aud9,proj92budget1,read> 0.006392486993320553
<35,planner9,proj91task1,setSchedule> 0.0017261950829671815
<36,aud8,proj82budget1,read> 0.01146528718471355
<37,employee9_area2,proj91task2a,request> 8.748889456372195E-4
<38,planner6,proj61task1a,setSchedule> 0.0012023707813081323
<39,acc10,proj102sched1,read> 5.189221567873496E-4
<40,acc7,proj72task1a,setCost> 0.0017310382273620824
<41,ldr72,proj72budget1,read> 9.076386357555102E-4
<42,employee9_area1,proj91task1,read> 0.0015993763008376983
<43,aud7,proj71budget1,read> 0.010944999985596317
<44,ldr52,proj52budget1,write> 6.164911173467132E-4
<45,ldr101,proj102sched1,read> 4.4267237048390226E-4
<46,nonemployee9_area2,proj92task2propa,setStatus> 3.120394033787979E-4
<47,planner10,proj102sched1,write> 0.009524765819578654
<48,aud10,proj101budget1,read> 0.005156804895417131
<49,planner10,proj101sched1,write> 0.020191792402401224
<50,aud1,proj11budget1,read> 0.006262415193541245
<51,employee2_area1,proj21task1a,request> 9.188931398990985E-4
<52,planner8,proj82task2,setSchedule> 0.0021336139842575534
<53,planner3,proj32task1a,setSchedule> 8.298735001283641E-4
<54,planner7,proj72sched1,write> 0.0077113713004988175
<55,ldr101,proj101sched1,read> 0.0024203174695085895
<56,aud2,proj22budget1,read> 0.009319102488354972
<57,acc4,proj41budget1,write> 0.004592141761636349
<58,planner6,proj61task2,setSchedule> 0.0019822869637782727
<59,planner9,proj91sched1,write> 0.017418365490867355
<60,acc1,proj12task1a,setCost> 8.189126996556928E-4
<61,nonemployee2_area2,proj22task2propa,setStatus> 3.3005250183000925E-4
<62,nonemployee7_area2,proj72task2a,setStatus> 8.974651030431691E-4
<63,acc6,proj61budget1,write> 0.0027053063817405213
<64,aud8,proj81budget1,read> 0.00600227159398263
<65,acc5,proj52task2propa,setCost> 0.0013277827309024154
<66,acc6,proj61task1a,setCost> 9.91736483852693E-4
<67,planner1,proj11sched1,write> 0.00365790119902624
<68,acc4,proj42task2prop,setCost> 0.0012797761241810266
<69,aud3,proj31budget1,read> 0.0017099022012654808
<70,ldr12,proj12sched1,read> 0.0011158683399435233
<71,acc8,proj81task1prop,setCost> 0.0010973510186397487
<72,acc4,proj41budget1,read> 0.005466835430519464
<73,employee9_area2,proj91task2prop,read> 7.215889813760392E-4
<74,acc8,proj82task2prop,setCost> 0.001894260690214805
<75,planner5,proj52task1a,setSchedule> 2.8276811839557934E-4
<76,nonemployee8_area1,proj82task1a,read> 9.943139439198589E-4
<77,planner10,proj102task1propa,setSchedule> 6.90187019685951E-4
<78,planner7,proj72task1propa,setSchedule> 0.0017960383231883882
<79,acc8,proj82task2a,setCost> 0.001702234263329249
<80,ldr71,proj72sched1,read> 4.996447003434652E-4
<81,aud3,proj31sched1,read> 7.570720386377103E-4
<82,planner6,proj61sched1,read> 4.649480309173533E-4
<83,acc2,proj22task1a,setCost> 9.341285557870264E-4
<84,planner1,proj11task2propa,setSchedule> 0.0016330707626722395
<85,acc8,proj82task1prop,setCost> 0.0019806725823133054
<86,planner1,proj11task2,setSchedule> 0.0018193194032621238
<87,acc3,proj32task1prop,setCost> 6.748928794915262E-4
<88,aud5,proj52budget1,read> 0.007693204991113628
<89,employee3_area2,proj31task2,read> 0.0017288004016079305
<90,manager10,proj101budget1,read> 8.208397305439253E-4
<91,planner3,proj31task1propa,setSchedule> 0.0011674491611975292
<92,employee4_area1,proj41task1a,read> 0.0012003186567961482
<93,acc9,proj91task1prop,setCost> 0.0012221681961153599
<94,employee1_area2,proj11task2a,read> 0.002009219286610101
<95,ldr81,proj82sched1,read> 8.441643320062773E-5
<96,planner4,proj41sched1,write> 0.010911479275345588
<97,nonemployee7_area1,proj72task1a,read> 0.0012423899611149955
<98,aud2,proj21budget1,read> 0.010489748686368741
<99,planner8,proj82task1prop,setSchedule> 0.0024013464051055116
<100,planner2,proj22task1prop,setSchedule> 0.0018076788632252559
<101,acc7,proj72budget1,write> 0.0049290766509034615
<102,acc3,proj31task2propa,setCost> 0.0015870184071979157
<103,planner6,proj62sched1,write> 0.010804809009517363
<104,nonemployee10_area2,proj102task2a,setStatus> 5.281965847933348E-4
<105,employee8_area2,proj81task2propa,setStatus> 2.1747063650993793E-4
<106,ldr42,proj42sched1,read> 2.2567007726693487E-4
<107,planner1,proj12sched1,write> 0.011444830604486717
<108,planner6,proj61task1,setSchedule> 0.00199392750381514
<109,acc5,proj51task1a,setCost> 2.2363077631047012E-4
<110,acc10,proj101budget1,read> 0.00318049153906406
<111,ldr72,proj72budget1,write> 7.624164540346285E-4
<112,planner2,proj22task2,setSchedule> 0.002424627485179247
<113,nonemployee10_area1,proj102task1a,read> 8.496029338893624E-4
<114,planner10,proj101task1prop,setSchedule> 0.0016447113027091074
<115,employee3_area2,proj31task2propa,read> 6.437021563118389E-4
<116,acc9,proj91budget1,read> 0.005908059690274015
<117,nonemployee5_area2,proj52task2propa,setStatus> 6.227653516621949E-4
<118,ldr91,proj91sched1,read> 0.0014910077743987187
<119,planner8,proj82sched1,write> 0.0014178256166334998
<120,planner2,proj21task2a,setSchedule> 9.462789004970417E-4
<121,planner2,proj21task2prop,setSchedule> 0.002191816684441892
<122,nonemployee2_area1,proj22task1a,request> 4.5589710660004387E-4
<123,acc7,proj72sched1,read> 3.8299613216989344E-4
<124,planner2,proj21task1,setSchedule> 0.0020404896639626105
<125,planner3,proj31sched1,write> 0.01283154406025365
<126,employee10_area2,proj101task2a,setStatus> 6.047522532109834E-4
<127,planner10,proj102task1prop,setSchedule> 0.0014119005019717521
<128,aud1,proj12sched1,read> 6.87143914309417E-4
<129,acc4,proj41task1prop,setCost> 0.0012413708388039155
<130,acc8,proj81task1propa,setCost> 0.0015102078364436936
<131,acc10,proj101task1prop,setCost> 0.0013565866949352492
<132,planner6,proj62task1a,setSchedule> 0.002412986945142379
<133,acc2,proj22task1propa,setCost> 0.00139499198031236
<134,employee5_area2,proj51sched1,read> 1.6568688025139438E-4
<135,acc2,proj21task2,setCost> 0.001673430299296416
<136,planner5,proj51task2propa,setSchedule> 0.0012256518613818679
<137,employee6_area2,proj61task2,read> 0.001836653818916458
<138,planner4,proj41task1prop,setSchedule> 0.0015050248222666942
<139,acc1,proj11budget1,write> 0.0032444022045678995
<140,ldr21,proj21budget1,read> 0.0010007032637452521
<141,planner2,proj22sched1,write> 0.008778073958781076
<142,aud9,proj91budget1,read> 0.009579246087913591
<143,employee2_area2,proj21task2propa,read> 7.994758064402395E-4
<144,planner9,proj92sched1,write> 0.011658171136143166
<145,manager1,proj11budget1,read> 9.968263884850294E-4
<146,acc6,proj62task2prop,setCost> 0.001577417085853638
<147,ldr22,proj22budget1,read> 8.890257101575619E-4
<148,aud6,proj61budget1,read> 0.005221840795306785
<149,acc1,proj11task2a,setCost> 0.0017886461554277497
<150,acc2,proj21sched1,read> 6.375106458671233E-4
<151,ldr72,proj71sched1,read> 0.0010447135684262632
<152,employee1_area2,proj11task2a,request> 0.0013662691148948686
<153,employee5_area2,proj51task2propa,read> 4.1004168111923793E-4
<154,planner2,proj22task1,setSchedule> 0.0022500193846262313
<155,ldr41,proj41budget1,read> 8.455955504290156E-4
<156,nonemployee10_area1,proj102task1a,setStatus> 5.552162324701519E-4
<157,nonemployee8_area2,proj82task2a,read> 0.0012217169596820672
<158,acc9,proj91sched1,read> 8.826005241943638E-4
<159,planner5,proj51task1propa,setSchedule> 0.002308222084810569
<160,planner8,proj81task2,setSchedule> 0.0016214302226353716
<161,planner8,proj82task1a,setSchedule> 0.0016796329228197105
<162,employee8_area1,proj81task1propa,read> 6.125474262861589E-4
<163,planner6,proj62task2prop,setSchedule> 0.0019124437235570656
<164,acc10,proj102task2prop,setCost> 3.388466324418036E-4
<165,acc10,proj102budget1,write> 0.006849605519726
<166,ldr82,proj82sched1,read> 1.680923055574967E-4
<167,ldr42,proj42budget1,write> 3.559101589754361E-4
<168,nonemployee10_area2,proj102task2a,read> 8.082569310235063E-4
<169,acc7,proj72task1propa,setCost> 0.0014814038724108604
<170,planner1,proj11task1a,setSchedule> 0.0023780653250317766
<171,nonemployee6_area2,proj62task2propa,setStatus> 8.434258076895347E-4
<172,ldr21,proj21sched1,write> 7.415699773649264E-4
<173,nonemployee1_area2,proj12task2a,request> 4.652688672496379E-4
<174,employee7_area1,proj71task1a,request> 0.0010949099169466148
<175,acc6,proj62task1prop,setCost> 0.0016542276566078604
<176,acc2,proj21task1a,setCost> 0.0012029655534268042
<177,ldr61,proj61sched1,read> 0.0014948452292700052
<178,acc2,proj22budget1,read> 0.005747614504908722
<179,planner1,proj12sched1,read> 6.600643511839228E-4
<180,planner8,proj82task1,setSchedule> 0.0021452545242944205
<181,employee7_area2,proj71task2prop,read> 4.139360223724479E-4
<182,nonemployee6_area2,proj62task2,read> 7.462379267247222E-4
<183,employee3_area1,proj31task1,read> 0.001718015059877078
<184,planner2,proj21sched1,read> 5.564399278955817E-4
<185,nonemployee4_area1,proj42task1a,request> 8.120240112846176E-4
<186,ldr62,proj62sched1,write> 5.278935915004789E-4
<187,planner2,proj22task1propa,setSchedule> 0.0016912734628565782
<188,ldr11,proj11budget1,read> 5.974232091230373E-4
<189,acc5,proj51task1propa,setCost> 0.0019038620115590828
<190,acc4,proj42task1a,setCost> 0.0016638289779521383
<191,ldr71,proj71sched1,read> 0.0020929555854027667
<192,nonemployee1_area2,proj12task2,read> 3.8790590188730276E-4
<193,planner8,proj81task1,setSchedule> 0.0015981491425616362
<194,nonemployee3_area2,proj32task2a,read> 3.741239009320174E-4
<195,ldr31,proj31sched1,read> 0.0014244622314541471
<196,planner7,proj72task2prop,setSchedule> 0.002331503164884305
<197,employee2_area2,proj21task2a,request> 5.96195715311986E-4
<198,acc9,proj92budget1,write> 0.0033117891824213227
<199,acc10,proj102task1propa,setCost> 5.692783447044705E-4
<200,employee2_area2,proj21task2,read> 0.0018797951858398687
<201,nonemployee9_area1,proj92task1a,setStatus> 2.7150993186357217E-4
<202,employee6_area1,proj61sched1,read> 7.281261616252892E-4
<203,ldr32,proj32budget1,read> 5.764836678253454E-5
<204,nonemployee1_area1,proj12sched1,read> 4.4342784617996863E-4
<205,ldr102,proj102budget1,read> 0.0012612842221165293
<206,employee9_area1,proj91task1propa,setStatus> 8.794520045919576E-4
<207,ldr81,proj81sched1,read> 1.6533809153630494E-4
<208,acc7,proj71budget1,read> 0.006750396913441795
<209,acc10,proj102budget1,read> 0.008154292285388096
<210,ldr31,proj32sched1,read> 3.064261233683173E-4
<211,manager1,proj11budget1,approve> 1.993652776970059E-4
<212,planner1,proj11task2prop,setSchedule> 0.0015166653623035617
<213,planner3,proj31sched1,read> 5.346148519289993E-4
<214,acc6,proj61task1propa,setCost> 4.0605588185174804E-4
<215,employee5_area1,proj51sched1,read> 1.6735207502779027E-4
<216,planner1,proj12task1propa,setSchedule> 0.00131877618167681
<217,acc1,proj11task2propa,setCost> 0.0013469853735909713
<218,planner6,proj62task1,setSchedule> 0.0012838545615662066
<219,nonemployee9_area2,proj92task2a,read> 5.188349109625138E-4
<220,acc10,proj102task2,setCost> 1.0841492017913667E-4
<221,employee1_area1,proj11task1,request> 0.0012269224997322515
<222,acc10,proj102task1,setCost> 9.881359883485889E-5
<223,planner3,proj31task2,setSchedule> 0.0018658815634095944
<224,acc1,proj11task1a,setCost> 0.00196146993962475
<225,acc3,proj32sched1,read> 2.9669830992805324E-4
<226,nonemployee8_area1,proj82task1a,request> 6.761334818655041E-4
<227,ldr11,proj12sched1,read> 4.3665795539859505E-4
<228,nonemployee2_area2,proj22task2a,request> 2.5909013295856887E-4
<229,acc4,proj41task2propa,setCost> 0.001846254083493416
<230,planner9,proj91task1prop,setSchedule> 0.0014817437421929586
<231,nonemployee2_area1,proj22task1,read> 0.0013319729673243507
<232,nonemployee5_area1,proj52task1a,read> 1.6739388660273687E-4
<233,nonemployee9_area2,proj92task2a,request> 3.5280773945450936E-4
<234,ldr82,proj82budget1,read> 0.001093767891734994
<235,acc9,proj91task2,setCost> 0.0014429985870337491
<236,planner5,proj52task1propa,setSchedule> 0.002121973444220685
<237,planner4,proj42task1a,setSchedule> 0.0020172085838888756
<238,acc2,proj22sched1,read> 3.7994128811370955E-4
<239,acc9,proj91task1,setCost> 0.0014237959443451937
<240,planner3,proj31task2prop,setSchedule> 0.0015748680624879006
<241,acc7,proj71task2,setCost> 3.0044134706469245E-4
<242,nonemployee1_area2,proj12sched1,read> 4.772773000868364E-4
<243,ldr31,proj31budget1,write> 1.3702215394356326E-4
<244,ldr62,proj62budget1,write> 8.490596226930783E-5
<245,employee7_area2,proj71task2a,request> 9.702313665379574E-4
<246,nonemployee3_area2,proj32task2propa,setStatus> 1.4541824270509224E-4
<247,nonemployee3_area1,proj32task1a,read> 4.91270909051943E-4
<248,nonemployee8_area1,proj82task1,request> 8.635686948573848E-4
<249,manager5,proj52budget1,approve> 2.449147656347035E-4
<250,planner3,proj31task2propa,setSchedule> 0.0019240842635939333
<251,acc2,proj22task2prop,setCost> 6.36487594114415E-4
<252,planner10,proj101sched1,read> 7.213068018600356E-4
<253,nonemployee6_area1,proj62task1a,setStatus> 9.334912999455919E-4
<254,acc5,proj51task2propa,setCost> 0.0010109391265412486
<255,ldr22,proj22sched1,write> 4.288728273193937E-4
<256,aud7,proj72budget1,read> 0.009514210188023935
<257,manager5,proj52budget1,read> 0.0012245738281735175
<258,ldr42,proj41sched1,read> 4.8603231142527E-4
<259,nonemployee5_area1,proj52task1propa,setStatus> 8.209094346255205E-4
<260,acc4,proj42budget1,read> 0.0027392672793095083
<261,planner10,proj101task2propa,setSchedule> 0.0017843977831515205
<262,employee6_area2,proj61task2propa,read> 2.893171022697275E-4
<263,acc10,proj101task2propa,setCost> 0.0014718025510665827
<264,employee3_area1,proj31task1a,read> 0.002170999412572891
<265,manager8,proj81budget1,read> 9.554177630871228E-4
<266,acc5,proj52task2prop,setCost> 4.348598458845814E-4
<267,nonemployee9_area1,proj92task1a,request> 2.82519534582554E-4
<268,ldr102,proj102sched1,read> 0.0010051376183565542
<269,ldr51,proj51budget1,write> 1.318105347761377E-4
<270,planner9,proj91task1propa,setSchedule> 0.0022733004646999667
<271,planner7,proj71task2a,setSchedule> 0.0015399464423772973
<272,employee9_area2,proj91task2propa,read> 7.449550288952993E-4
<273,nonemployee9_area1,proj92task1propa,setStatus> 4.2011799408606636E-4
<274,acc5,proj52budget1,read> 0.004744832096375651
<275,planner5,proj52task2,setSchedule> 5.854221593541413E-4
<276,acc1,proj12task1propa,setCost> 0.001087749697295471
<277,employee7_area1,proj71sched1,read> 6.648177253621674E-4
<278,planner5,proj52task1,setSchedule> 5.970626993910088E-4
<279,acc2,proj21task2a,setCost> 7.805074142785819E-4
<280,employee4_area2,proj41task2prop,request> 3.2384692804818954E-4
<281,employee5_area1,proj51task1,request> 4.7151716490332864E-4
<282,ldr41,proj41budget1,write> 7.103002623603731E-4
<283,acc2,proj22task1prop,setCost> 0.001491005193755138
<284,employee4_area1,proj41task1,read> 4.129887104439013E-4
<285,acc8,proj82sched1,read> 5.779046143842256E-5
<286,planner7,proj72sched1,read> 3.052304200541791E-4
<287,planner1,proj11sched1,read> 2.1058448306905333E-4
<288,planner2,proj21task1prop,setSchedule> 0.0010510437608288515
<289,acc3,proj31task1propa,setCost> 9.629325198198598E-4
<290,employee4_area1,proj41task1,request> 2.8083232310185285E-4
<291,planner10,proj102task1,setSchedule> 1.1980055787943068E-4
<292,planner10,proj102task2,setSchedule> 1.3144109791629846E-4
<293,nonemployee8_area2,proj82task2,request> 8.588828145325881E-4
<294,nonemployee6_area1,proj62task1,read> 7.600199276800076E-4
<295,employee4_area2,proj41task2,read> 4.0220336871304866E-4
<296,manager2,proj22budget1,read> 0.0014833777369104356
<297,manager7,proj72budget1,read> 0.001514434205958866
<298,planner9,proj91task1a,setSchedule> 0.001470103202156091
<299,planner7,proj72task1a,setSchedule> 0.0020986923641469497
<300,nonemployee4_area1,proj42task1propa,setStatus> 8.749487299791548E-4
<301,employee3_area2,proj31task2a,read> 0.001933721894494132
<302,planner3,proj32task2prop,setSchedule> 0.002354784244958041
<303,acc5,proj52task1a,setCost> 2.332320976547479E-4
<304,manager3,proj31budget1,approve> 5.4435088804331784E-5
<305,planner6,proj61task2a,setSchedule> 1.780032580637695E-4
<306,acc6,proj62task1propa,setCost> 6.460889154586929E-4
<307,acc4,proj42task2propa,setCost> 4.252585245403037E-4
<308,acc1,proj12budget1,write> 0.0029748542931542104
<309,manager4,proj42budget1,read> 7.069660106996814E-4
<310,planner8,proj82task1propa,setSchedule> 0.001842600483335859
<311,acc7,proj71task2propa,setCost> 5.02069095294526E-4
<312,nonemployee1_area2,proj12task2a,read> 6.84218922425938E-4
<313,employee3_area2,proj31task2a,setStatus> 8.07399610787112E-4
<314,ldr11,proj11budget1,write> 5.018354956633512E-4
<315,acc5,proj51task2a,setCost> 1.3721888421197004E-4
<316,acc3,proj31budget1,read> 0.0010545928329739472
<317,acc9,proj92task1,setCost> 8.093113783114151E-4
<318,ldr101,proj101sched1,write> 9.86516078233927E-4
<319,acc2,proj22budget1,write> 0.004827996184123327
<320,employee4_area2,proj41task2propa,setStatus> 8.659421807535491E-4
<321,employee9_area1,proj91task1a,read> 0.001362098782758939
<322,acc1,proj12sched1,read> 5.991353341515607E-4
<323,acc8,proj81task2a,setCost> 7.421021289014707E-4
<324,manager9,proj91budget1,read> 0.0015247863623083426
<325,employee4_area1,proj41task1a,request> 8.162166866213808E-4
<326,acc7,proj72task2,setCost> 8.381153423442485E-4
<327,acc10,proj101budget1,write> 0.00267161289281381
<328,employee1_area2,proj11task2prop,read> 5.074002124494883E-4
<329,nonemployee4_area1,proj42task1a,read> 0.0011941529577714966
<330,acc8,proj82task2,setCost> 0.0017598421913949164
<331,acc2,proj21task2propa,setCost> 0.0019710712609690272
<332,acc8,proj82task1,setCost> 0.0017694435127391937
<333,acc1,proj11task1,setCost> 0.0016062210498864714
<334,ldr22,proj21sched1,read> 4.3114881830319903E-4
<335,acc7,proj72task1,setCost> 8.285140209999707E-4
<336,acc10,proj102task2a,setCost> 0.001126154982672582
<337,employee8_area2,proj81task2,read> 0.001502308225260024
<338,employee5_area2,proj51task2prop,read> 4.5287943490454814E-4
<339,ldr11,proj11sched1,read> 3.520658150521447E-4
<340,employee6_area2,proj61task2,request> 0.0012489245968631915
<341,planner7,proj72task1prop,setSchedule> 0.0011092464610131902
<342,acc8,proj81task1,setCost> 0.0013181814095581377
<343,employee1_area2,proj11task2,request> 0.0011462481435854735
<344,acc4,proj42task1prop,setCost> 0.0010013378051969709
<345,acc7,proj72budget1,read> 0.0058679483939326925
<346,employee7_area2,proj71task2prop,request> 2.814764952132646E-4
<347,acc2,proj21task1prop,setCost> 8.669193063770819E-4
<348,acc4,proj41task2,setCost> 3.580492751303592E-4
<349,acc1,proj12task2propa,setCost> 3.964545605074703E-4
<350,planner7,proj72task2propa,setSchedule> 6.669059396122155E-4
<351,acc4,proj41task1,setCost> 3.676505964746369E-4
<352,ldr21,proj21sched1,read> 0.0013066001546579713
<353,employee1_area2,proj11task2prop,request> 3.450321444656521E-4
<354,nonemployee8_area1,proj82task1a,setStatus> 6.49784999339012E-4
<355,aud9,proj92sched1,read> 5.587547295879488E-4
<356,employee4_area2,proj41task2,request> 2.7349829072487305E-4
<357,employee6_area1,proj61task1prop,request> 2.973654075263615E-4
<358,acc3,proj31task1,setCost> 0.001529410479132249
<359,planner9,proj91task2a,setSchedule> 0.0013886194218980165
<360,acc1,proj12task2a,setCost> 9.53331198475582E-4
<361,ldr12,proj12sched1,write> 5.591633065050323E-4
<362,nonemployee10_area1,proj102task1a,request> 5.777299950447664E-4
<363,employee5_area2,proj51task2propa,setStatus> 4.741572894397006E-4
<364,planner1,proj12task1,setSchedule> 6.785464796490832E-4
<365,planner6,proj61task1propa,setSchedule> 4.92297839059199E-4
<366,employee2_area1,proj21task1,read> 0.001890580527570721
<367,planner9,proj91task2prop,setSchedule> 0.0021568950643312884
<368,planner8,proj82task2prop,setSchedule> 0.002296581544773702
<369,employee2_area2,proj21task2prop,request> 4.986249634922552E-4
<370,planner10,proj101task1propa,setSchedule> 0.0020754112840732147
<371,planner6,proj61task2propa,setSchedule> 8.647951202389675E-4
<372,employee1_area1,proj11task1prop,request> 1.305318282388444E-4
<373,nonemployee4_area1,proj42task1,request> 2.8720541490735095E-4
<374,nonemployee5_area2,proj52task2,request> 2.3566073133458377E-4
<375,planner10,proj102task2a,setSchedule> 0.001365338341824281
<376,employee4_area2,proj41task2a,request> 0.0011095779817005744
<377,planner4,proj42task1propa,setSchedule> 0.0022616599246630983
<378,employee3_area1,proj31task1prop,read> 7.902267459638658E-5
<379,planner1,proj11task1prop,setSchedule> 5.737816193172732E-4
<380,ldr102,proj102budget1,write> 0.0010594787465778846
<381,planner8,proj81task2a,setSchedule> 8.997167403495706E-4
<382,acc5,proj52task1propa,setCost> 0.001750240870050638
<383,nonemployee9_area1,proj92task1,request> 3.9498066237768256E-4
<384,acc6,proj61task1prop,setCost> 0.0010781483759511933
<385,employee5_area2,proj51task2,request> 4.6418313252634874E-4
<386,acc9,proj91task2prop,setCost> 0.0017790448340834714
<387,nonemployee8_area2,proj82sched1,read> 6.928804015392025E-5
<388,planner7,proj71task1a,setSchedule> 0.0017378356230040492
<389,nonemployee1_area1,proj12task1a,setStatus> 3.840917971836435E-4
<390,planner5,proj51sched1,write> 0.003551230933198015
<391,acc2,proj22task2propa,setCost> 7.036968435243594E-4
<392,nonemployee4_area2,proj42task2,request> 2.91891295232148E-4
<393,employee10_area1,proj101task1a,request> 0.001116912014077554
<394,planner6,proj61sched1,write> 0.013684906186879458
<395,acc10,proj101task1propa,setCost> 0.0017118355846735274
<396,employee6_area2,proj61task2propa,request> 1.967356295434147E-4
<397,nonemployee9_area2,proj92task2,request> 3.9029478205288557E-4
<398,acc7,proj71task1a,setCost> 0.0014333972656894714
<399,employee9_area1,proj91task1propa,request> 5.171620278575348E-4
<400,nonemployee8_area2,proj82task2a,setStatus> 7.983930615615062E-4
<401,nonemployee8_area1,proj82sched1,read> 6.807776871018365E-5
<402,acc4,proj41task1propa,setCost> 0.0012605734814924712
<403,acc8,proj81task2prop,setCost> 5.116704166388038E-4
<404,employee1_area2,proj11task2propa,setStatus> 6.317719008878006E-4
<405,acc1,proj12task2,setCost> 5.404743806716372E-4
<406,nonemployee7_area1,proj72task1,read> 5.946359162165832E-4
<407,acc5,proj51task2prop,setCost> 0.0011165536613283043
<408,planner1,proj12task2propa,setSchedule> 4.8065729902233126E-4
<409,planner5,proj52task2propa,setSchedule> 0.001609789682598504
<410,employee2_area2,proj21task2,request> 0.0012782607263711109
<411,acc1,proj12task1,setCost> 5.596770233601926E-4
<412,nonemployee10_area1,proj102task1propa,setStatus> 2.6700665725076924E-4
<413,acc4,proj41sched1,read> 5.331627173816598E-4
<414,aud2,proj21sched1,read> 7.628017554595061E-4
<415,employee3_area1,proj31task1propa,setStatus> 4.516409163756864E-4
<416,aud10,proj101sched1,read> 7.093843753830105E-4
<417,acc10,proj101sched1,read> 0.0014604972434356096
<418,acc3,proj31budget1,write> 8.858579796981157E-4
<419,employee3_area2,proj31task2propa,setStatus> 7.443537662078719E-4
<420,nonemployee9_area2,proj92task2a,setStatus> 3.39059051055615E-4
<421,manager7,proj71budget1,read> 0.0017421816456473537
<422,employee6_area1,proj61task1,request> 0.001256258629240171
<423,planner8,proj81task1prop,setSchedule> 0.0013304167217136776
<424,acc10,proj101task1a,setCost> 0.0014622012297223048
<425,ldr101,proj101budget1,write> 4.1323796981711713E-4
<426,nonemployee5_area2,proj52task2a,setStatus> 1.9495426344592364E-4
<427,employee4_area2,proj41task2propa,read> 7.488493701485094E-4
<428,employee8_area1,proj81task1propa,request> 4.16532249874588E-4
<429,nonemployee1_area1,proj12task1,read> 4.016879028425881E-4
<430,employee8_area1,proj81task1prop,read> 4.450907523981281E-4
<431,employee6_area2,proj61task2prop,request> 3.0530986368290994E-4
<432,acc3,proj31sched1,read> 6.566075027047443E-4
<433,aud10,proj102sched1,read> 2.520479047252841E-4
<434,employee4_area2,proj41sched1,read> 4.919236121698188E-4
<435,acc2,proj21budget1,read> 0.006469617839052535
<436,employee10_area1,proj101task1propa,setStatus> 8.028963361743092E-4
<437,employee10_area2,proj101task2a,request> 9.848994312919171E-4
<438,employee3_area2,proj31task2a,request> 0.00131493088825601
<439,acc7,proj71task1prop,setCost> 0.0018846593688705273
<440,planner8,proj81sched1,write> 0.0013111553508052746
<441,nonemployee5_area2,proj52task2a,read> 2.983228956779479E-4
<442,acc3,proj32task2propa,setCost> 3.100426684089702E-4
<443,aud6,proj62budget1,read> 0.0010595432023689428
<444,manager5,proj51budget1,read> 2.618232876721822E-4
<445,planner10,proj101task2a,setSchedule> 0.001563227522451033
<446,planner1,proj11task2a,setSchedule> 0.0021685356043681567
<447,employee4_area2,proj41task2a,setStatus> 6.81307921628632E-4
<448,planner4,proj41task2propa,setSchedule> 0.002238378844589363
<449,aud5,proj51budget1,read> 0.0016448663013758271
<450,acc1,proj11task2,setCost> 0.0015006065150994158
<451,employee7_area2,proj71sched1,read> 6.730763306461696E-4
<452,ldr71,proj71budget1,read> 0.0010441334234737982
<453,ldr92,proj91sched1,read> 4.865066304095762E-4
<454,aud1,proj11sched1,read> 2.1922384647701448E-4
<455,employee1_area2,proj11task2,read> 0.00168565903468452
<456,manager4,proj41budget1,read> 0.0014109126424640987
<457,employee8_area2,proj81task2propa,read> 1.8806422968626707E-4
<458,planner2,proj21task1propa,setSchedule> 3.409708185799182E-4
<459,acc5,proj52task2a,setCost> 4.156572031960259E-4
<460,nonemployee7_area1,proj72task1propa,setStatus> 6.948177454670406E-4
<461,nonemployee2_area2,proj22task2,request> 9.760298226525136E-4
<462,ldr71,proj71budget1,write> 8.770720757179903E-4
<463,manager6,proj62budget1,read> 1.686538805268916E-4
<464,nonemployee5_area1,proj52task1a,setStatus> 1.0939204580266934E-4
<465,manager6,proj61budget1,read> 8.311918868934021E-4
<466,ldr81,proj81budget1,read> 5.726059749924394E-4
<467,ldr61,proj61budget1,write> 4.184495889845426E-4
<468,manager4,proj42budget1,approve> 1.413932021399363E-4
<469,ldr51,proj51sched1,read> 3.9555137868705893E-4
<470,ldr52,proj52budget1,read> 7.339179968413254E-4
<471,nonemployee9_area2,proj92task2,read> 5.739629147836553E-4
<472,planner4,proj42task2prop,setSchedule> 0.0015515869824141652
<473,acc9,proj91task2propa,setCost> 0.0018366527621491383
<474,employee3_area1,proj31task1a,request> 0.0014762796005495659
<475,employee1_area1,proj11task1,read> 0.0018042977937238996
<476,employee2_area1,proj21task1prop,read> 3.516265623210877E-4
<477,employee10_area1,proj101task1,read> 1.8649653409599462E-4
<478,planner5,proj52task2prop,setSchedule> 5.272194591698023E-4
<479,employee2_area2,proj21task2a,read> 8.767584048705674E-4
<480,acc8,proj81task2,setCost> 0.0013373840522466934
<481,acc8,proj81task1a,setCost> 8.765206277213597E-4
<482,acc4,proj42task1,setCost> 5.884809873930261E-4
<483,acc7,proj72task2a,setCost> 0.0019134633329033607
<484,acc4,proj42task2,setCost> 5.98082308737304E-4
<485,employee10_area1,proj101task1a,setStatus> 6.858111962414349E-4
<486,ldr31,proj31sched1,write> 6.269143556815643E-4
<487,manager5,proj51budget1,approve> 5.236465753443644E-5
<488,planner3,proj32task2a,setSchedule> 6.319843195016122E-4
<489,acc6,proj62budget1,read> 6.534798695607185E-4
<490,planner7,proj72task2a,setSchedule> 0.0023198626248474375
<491,employee8_area1,proj81task1a,read> 9.846118221790944E-4
<492,ldr12,proj11sched1,read> 1.436294166573543E-4
<493,planner6,proj61task2prop,setSchedule> 0.0013420572617505453
<494,employee1_area1,proj11task1propa,setStatus> 8.687567273865509E-5
<495,employee8_area2,proj81task2a,setStatus> 3.480656002812207E-4
<496,employee8_area2,proj81task2a,read> 8.336170379471565E-4
<497,employee9_area1,proj91task1,request> 0.001087575884569635
<498,planner1,proj12task1prop,setSchedule> 0.0014468221220823552
<499,employee3_area2,proj31task2,request> 0.0011755842730933927
<500,employee8_area2,proj81task2,request> 0.0010215695931768162
<501,manager7,proj72budget1,approve> 3.028868411917732E-4
<502,manager1,proj12budget1,read> 9.140091376892157E-4
<503,employee10_area1,proj101task1prop,request> 3.7416181703966306E-4
<504,ldr72,proj72sched1,read> 9.40387933471344E-4
<505,nonemployee4_area2,proj42task2propa,setStatus> 1.9945753805872645E-4
<506,acc9,proj92task1a,setCost> 5.788796660487483E-4
<507,acc4,proj42task2a,setCost> 2.716373830318591E-4
<508,planner2,proj22task2prop,setSchedule> 7.716707999440252E-4
<509,manager6,proj61budget1,approve> 1.6623837737868042E-4
<510,planner1,proj12task2prop,setSchedule> 0.0019706464237414043
<511,employee1_area1,proj11task1a,read> 0.00220335543776545
<512,nonemployee1_area1,proj12task1a,request> 3.9966654270247955E-4
<513,manager10,proj102budget1,approve> 4.2090142357580784E-4
<514,planner4,proj41task2,setSchedule> 4.3409513887486024E-4
<515,planner9,proj92sched1,read> 4.775948247315989E-4
<516,planner10,proj102task1a,setSchedule> 0.0014351815820454873
<517,planner4,proj41task1,setSchedule> 4.4573567891172794E-4
<518,employee8_area1,proj81task1,request> 0.0010069015284228566
<519,planner4,proj42task2a,setSchedule> 3.2933027854305035E-4
<520,acc3,proj31task1a,setCost> 0.0019326659755919161
<521,acc9,proj92task2a,setCost> 7.22899486212915E-4
<522,employee9_area2,proj91task2prop,request> 4.906805073357067E-4
<523,ldr61,proj61budget1,read> 4.98154272600646E-4
<524,employee4_area1,proj41sched1,read> 5.037062136589162E-4
<525,planner10,proj102task2prop,setSchedule> 4.108140588011247E-4
<526,planner2,proj22task2propa,setSchedule> 8.531545802020995E-4
<527,planner8,proj82task2a,setSchedule> 0.0020637707440363464
<528,acc3,proj32task2,setCost> 3.772519178189147E-4
<529,acc1,proj12task1prop,setCost> 0.0011933642320825265
<530,acc1,proj12budget1,read> 0.003541493206135965
<531,employee2_area1,proj21sched1,read> 0.0010870846273456725
<532,ldr92,proj92sched1,write> 5.695865448398834E-4
<533,employee7_area1,proj71task1propa,setStatus> 1.6343134115630363E-4
<534,nonemployee5_area1,proj52task1,read> 3.5345089949908925E-4
<535,manager9,proj92budget1,approve> 2.0350614023679662E-4
<536,planner4,proj42sched1,read> 7.783489597159839E-5
<537,nonemployee3_area2,proj32sched1,read> 3.939764443306936E-4
<538,employee8_area1,proj81task1a,setStatus> 4.111114448604607E-4
<539,employee3_area2,proj31sched1,read> 4.485023925578854E-4
<540,manager8,proj82budget1,approve> 3.649997792886336E-4
<541,employee2_area2,proj21sched1,read> 0.0010797145620755327
<542,employee5_area2,proj51task2,read> 6.826222537152188E-4
<543,employee1_area1,proj11task1a,setStatus> 9.199814761071834E-4
<544,acc2,proj21task1,setCost> 0.0016830316206406935
<545,acc5,proj51budget1,read> 0.0010144815366326244
<546,planner7,proj71task1prop,setSchedule> 0.002284941004736834
<547,ldr101,proj101budget1,read> 4.919499640679966E-4
<548,nonemployee3_area1,proj32sched1,read> 3.9073383985060566E-4
<549,acc7,proj72task2propa,setCost> 5.500757020159148E-4
<550,manager3,proj32budget1,approve> 1.9237757216110912E-5
<551,ldr42,proj42sched1,write> 1.161756772738611E-4
<552,employee4_area1,proj41task1a,setStatus> 5.011769371165177E-4
<553,acc6,proj61task2prop,setCost> 0.0011069523399840264
<554,employee3_area1,proj31sched1,read> 4.413263542769592E-4
<555,ldr91,proj91budget1,write> 7.676280732020541E-4
<556,employee10_area2,proj101task2,read> 1.972818758268473E-4
<557,employee5_area1,proj51task1propa,setStatus> 8.92961828430366E-4
<558,employee7_area1,proj71task1propa,request> 9.610585156046787E-5
<559,employee1_area1,proj11task1prop,read> 1.9195857093947703E-4
<560,nonemployee6_area2,proj62task2a,read> 0.0011183519525174272
<561,employee7_area2,proj71task2propa,request> 1.3847628439539285E-4
<562,employee2_area1,proj21task1,request> 0.0012855947587480903
<563,acc7,proj71task1propa,setCost> 3.484479537860814E-4
<564,employee9_area1,proj91task1prop,request> 3.370876883091037E-4
<565,acc1,proj11sched1,read> 1.911459154011407E-4
<566,planner6,proj62task2a,setSchedule> 0.0018891626434833304
<567,employee2_area1,proj21task1propa,read> 1.1407174587527674E-4
<568,planner4,proj41task2prop,setSchedule> 0.0014235410420086196
<569,ldr41,proj41sched1,write> 5.331052106679045E-4
<570,acc5,proj52task1,setCost> 4.924677739502482E-4
<571,acc6,proj61task1,setCost> 0.0016446263352635827
<572,acc5,proj52task2,setCost> 4.828664526059705E-4
<573,employee10_area2,proj101task2propa,setStatus> 6.903144708542378E-4
<574,planner8,proj81sched1,read> 4.948711064212334E-5
<575,employee1_area1,proj11task1propa,request> 5.1087266673360065E-5
<576,acc2,proj22task1,setCost> 0.0018558554048376942
<577,acc1,proj12task2prop,setCost> 0.001625423692575027
<578,nonemployee6_area1,proj62task1a,request> 9.713439423277165E-4
<579,nonemployee3_area2,proj32task2a,request> 2.544042526337718E-4
<580,acc3,proj31task2,setCost> 0.0015390118004765267
<581,nonemployee3_area1,proj32task1propa,setStatus> 8.569356315279433E-4
<582,aud6,proj62sched1,read> 4.8057649583383967E-4
<583,employee8_area1,proj81task1,read> 0.0014807375417983184
<584,planner4,proj42task2propa,setSchedule> 5.155789191329345E-4
<585,employee6_area1,proj61task1propa,read> 1.6469818216700694E-4
<586,manager2,proj21budget1,approve> 3.339433102402034E-4
<587,acc10,proj101task2,setCost> 1.7562416958908118E-4
<588,acc10,proj101task1,setCost> 1.660228482448034E-4
<589,ldr21,proj21budget1,write> 8.405907415460117E-4
<590,acc2,proj21task1propa,setCost> 2.8123870437613685E-4
<591,employee9_area2,proj91task2,request> 0.0011022439493235945
<592,employee4_area2,proj41task2a,read> 0.001631732326030256
<593,employee3_area1,proj31task1,request> 0.001168250240716413
<594,employee7_area2,proj71task2propa,setStatus> 2.3548373496114932E-4
<595,aud3,proj32budget1,read> 6.042919031413663E-4
<596,employee10_area1,proj101task1prop,read> 5.502379662347986E-4
<597,employee5_area2,proj51task2propa,request> 2.788283431610818E-4
<598,acc5,proj52sched1,read> 1.4319321248564004E-4
<599,nonemployee6_area2,proj62task2a,request> 7.604793277118505E-4
<600,acc6,proj61task2,setCost> 0.0016350250139193052
<601,employee9_area2,proj91task2propa,setStatus> 8.614389061407463E-4
<602,planner9,proj92task2prop,setSchedule> 9.113572803864385E-4
<603,ldr91,proj91sched1,write> 8.510139798808627E-4
<604,employee9_area2,proj91task2a,read> 0.00128660139064297
<605,acc10,proj101task2prop,setCost> 4.5406248857313706E-4
<606,employee10_area2,proj101task2prop,read> 1.8416988843305703E-4
<607,nonemployee8_area2,proj82task2,read> 0.0012630629625479234
<608,nonemployee1_area1,proj12task1a,read> 5.877449157389405E-4
<609,acc7,proj71task2prop,setCost> 0.0010205404478855265
<610,nonemployee6_area1,proj62task1a,read> 0.0014284469740113476
<611,employee7_area2,proj71task2,read> 3.3749131832793236E-4
<612,employee8_area2,proj81task2prop,request> 1.4112443644757563E-4
<613,employee1_area1,proj11task1a,request> 0.0014982816976805056
<614,planner7,proj71task2prop,setSchedule> 0.0012372924014187356
<615,ldr62,proj62budget1,read> 1.0107852651108076E-4
<616,employee7_area1,proj71task1,read> 3.267059765970797E-4
<617,ldr51,proj51budget1,read> 1.5691730330492587E-4
<618,employee3_area2,proj31task2prop,request> 3.582729047265661E-4
<619,planner5,proj52task2a,setSchedule> 5.039383790960668E-4
<620,aud8,proj81sched1,read> 5.587254427336506E-5
<621,acc9,proj92task2propa,setCost> 6.652915581472484E-4
<622,acc7,proj72task1prop,setCost> 9.149259130984708E-4
<623,manager7,proj71budget1,approve> 3.4843632912947073E-4
<624,acc4,proj41task2prop,setCost> 0.0011741615893939709
<625,acc3,proj32task2prop,setCost> 0.001942267296936194
<626,planner9,proj91task2,setSchedule> 0.001749476163040917
<627,employee4_area1,proj41task1prop,read> 5.035058711962783E-4
<628,planner10,proj102sched1,read> 2.562840039643645E-4
<629,employee9_area1,proj91sched1,read> 0.001227029997050701
<630,planner3,proj31task1a,setSchedule> 0.0023431437049211724
<631,acc2,proj21budget1,write> 0.005434478984804129
<632,nonemployee2_area2,proj22task2,read> 0.0014353379744889907
<633,employee9_area2,proj91task2propa,request> 5.065694196488036E-4
<634,planner4,proj41sched1,read> 4.3301060472433154E-4
<635,planner4,proj41task1a,setSchedule> 0.0012954951016030743
<636,employee5_area1,proj51task1a,setStatus> 1.048887711898665E-4
<637,nonemployee6_area1,proj62sched1,read> 6.297965949968583E-4
<638,employee4_area1,proj41task1propa,setStatus> 5.912424293725749E-4
<639,ldr102,proj102sched1,write> 4.6535416149137254E-4
<640,nonemployee6_area2,proj62task2a,setStatus> 7.308439423694634E-4
<641,manager2,proj21budget1,read> 0.001669716551201017
<642,employee6_area2,proj61task2propa,setStatus> 3.3455577644281217E-4
<643,planner3,proj31task2a,setSchedule> 0.002087051824110082
<644,nonemployee8_area1,proj82task1,read> 0.001269953963025566
<645,acc3,proj31task2prop,setCost> 0.0012989787668695823
<646,aud7,proj72sched1,read> 4.296555594393221E-4
<647,ldr11,proj11sched1,write> 1.787151072829676E-4
<648,planner6,proj62sched1,read> 3.489117024547055E-4
<649,ldr22,proj22budget1,write> 7.46781596532352E-4
<650,employee7_area1,proj71task1prop,request> 5.198101799097177E-4
<651,planner3,proj32task1,setSchedule> 4.690167589854635E-4
<652,planner3,proj32task2,setSchedule> 4.573762189485957E-4
<653,nonemployee8_area2,proj82task2a,request> 8.307675325838057E-4
<654,planner9,proj92task2propa,setSchedule> 8.065924200546286E-4
<655,planner5,proj52task1prop,setSchedule> 8.880762003127029E-4
<656,planner10,proj101task2prop,setSchedule> 5.505005392435378E-4
<657,employee5_area1,proj51task1,read> 6.934075954460715E-4
<658,employee4_area1,proj41task1propa,request> 3.476802965178349E-4
<659,employee8_area1,proj81task1propa,setStatus> 7.083275693054492E-4
<660,manager4,proj41budget1,approve> 2.8218252849281973E-4
<661,employee9_area2,proj91sched1,read> 0.0012098085234078842
<662,nonemployee9_area1,proj92task1a,read> 4.154699037978735E-4
<663,acc6,proj61task2propa,setCost> 7.132981648686373E-4
<664,planner5,proj51task1,setSchedule> 7.483897198702898E-4
<665,ldr52,proj52sched1,read> 3.40085740607111E-4
<666,nonemployee1_area2,proj12task2a,setStatus> 4.471376417628835E-4
<667,planner10,proj101task1a,setSchedule> 0.0017727572431146528
<668,manager8,proj81budget1,approve> 1.9108355261742454E-4
<669,acc3,proj32budget1,read> 3.7270079517145836E-4
<670,employee2_area1,proj21task1a,setStatus> 5.642227816957578E-4
<671,acc4,proj42sched1,read> 9.583752497183202E-5

