<0,aud6,proj61budget1,read> 0.004600515282948284
<1,aud9,proj92budget1,read> 0.005631871070303581
<2,employee1_area1,proj11task1,request> 0.0010809360017418378
<3,aud2,proj22budget1,read> 0.008210260538691824
<4,acc9,proj91task2a,setCost> 0.001009076198694353
<5,employee9_area1,proj91task1a,read> 0.0012000282108561686
<6,acc6,proj62budget1,read> 5.757249684278268E-4
<7,employee8_area1,proj81task1a,request> 5.898706799044501E-4
<8,ldr81,proj81budget1,read> 5.044739283181182E-4
<9,acc8,proj82budget1,read> 0.006229903686491394
<10,manager9,proj91budget1,read> 0.0013433582596649285
<11,aud2,proj21budget1,read> 0.009241616326047123
<12,planner6,proj61sched1,write> 0.012056595083296423
<13,acc1,proj12task2prop,setCost> 0.0014320211649651265
<14,acc7,proj71task2a,setCost> 0.0011190418899247542
<15,nonemployee1_area2,proj12sched1,read> 4.2048802315597703E-4
<16,acc9,proj91task1,setCost> 0.0012543842791314017
<17,planner4,proj41sched1,write> 0.0096131669144179
<18,planner2,proj21task1,setSchedule> 0.0017977001313779983
<19,aud2,proj21sched1,read> 6.720390895496586E-4
<20,manager2,proj21budget1,approve> 2.9420875944344776E-4
<21,planner3,proj31task2prop,setSchedule> 0.0013874809428534255
<22,aud9,proj91budget1,read> 0.00843945071365967
<23,planner2,proj22task1prop,setSchedule> 0.001592590537115712
<24,planner9,proj91task2prop,setSchedule> 0.0019002549285091416
<25,employee2_area1,proj21task1a,setStatus> 4.970882169582552E-4
<26,acc8,proj82budget1,write> 0.005233119096652771
<27,employee2_area1,proj21task1a,read> 0.0011905261728949186
<28,acc9,proj91task2,setCost> 0.0012713020777822327
<29,acc4,proj42task1a,setCost> 0.0014658567622667883
<30,acc5,proj52task2a,setCost> 3.661998499627779E-4
<31,employee9_area1,proj91sched1,read> 0.0010810307083933403
<32,acc1,proj12budget1,write> 0.002620888528907402
<33,nonemployee3_area1,proj32task1,request> 1.6633715765391088E-4
<34,planner9,proj91sched1,read> 5.803428013480037E-4
<35,planner10,proj101sched1,write> 0.017789253479511415
<36,acc10,proj101task1prop,setCost> 0.0011951719838534935
<37,acc6,proj62task1,setCost> 9.32946104765614E-4
<38,employee9_area2,proj91task2a,read> 0.00113351394512742
<39,planner7,proj72sched1,write> 0.006793826719558069
<40,acc9,proj91task1propa,setCost> 0.0016519525474259285
<41,planner7,proj71task2,setSchedule> 3.2091105268953574E-4
<42,acc1,proj11budget1,read> 0.0034028143274596094
<43,acc7,proj72budget1,read> 0.0051697451768544745
<44,planner1,proj12task1propa,setSchedule> 0.0011618603891649104
<45,employee4_area1,proj41task1,read> 3.63848870266189E-4
<46,acc4,proj41task1prop,setCost> 0.0010936651919485078
<47,planner5,proj51task1propa,setSchedule> 0.002033576164779628
<48,employee6_area1,proj61task1,read> 0.0016276199191124078
<49,employee6_area2,proj61task2,read> 0.0016181178811511584
<50,aud7,proj72budget1,read> 0.00838215316991771
<51,aud4,proj41budget1,read> 0.007809177732498099
<52,planner7,proj71sched1,write> 0.015627759330118875
<53,aud3,proj31budget1,read> 0.001506447920882391
<54,nonemployee7_area1,proj72task1a,setStatus> 7.152978765475125E-4
<55,employee10_area2,proj101task2a,setStatus> 5.3279525216377E-4
<56,acc5,proj52task2,setCost> 4.254121452406862E-4
<57,acc2,proj22task1propa,setCost> 0.0012290075811551553
<58,planner4,proj41task2,setSchedule> 3.824439309682218E-4
<59,planner9,proj92task2prop,setSchedule> 8.029185992059091E-4
<60,ldr12,proj12sched1,read> 9.830957229263271E-4
<61,acc2,proj21budget1,write> 0.004787852522605264
<62,acc2,proj21budget1,read> 0.005699824431672934
<63,aud10,proj101budget1,read> 0.0045432177392063225
<64,acc7,proj71budget1,read> 0.005947194750588214
<65,planner2,proj21task2prop,setSchedule> 0.0019310213676484848
<66,manager6,proj62budget1,read> 1.4858644399688456E-4
<67,employee3_area1,proj31task1,read> 0.0015135954635774106
<68,planner10,proj102task1prop,setSchedule> 0.0012439042268698251
<69,planner5,proj51task2propa,setSchedule> 0.0010798165514599959
<70,employee3_area2,proj31task2a,read> 0.001703636222802406
<71,employee1_area2,proj11task2a,setStatus> 7.391025666845225E-4
<72,nonemployee6_area1,proj62task1a,request> 8.557676932039363E-4
<73,planner1,proj11task2a,setSchedule> 0.0019105104082222564
<74,acc6,proj62task2propa,setCost> 0.0015842813528226048
<75,ldr52,proj52budget1,write> 5.431373567927383E-4
<76,employee3_area1,proj31task1a,request> 0.0013006231194059323
<77,planner6,proj62sched1,write> 0.009519188907922574
<78,acc10,proj102budget1,write> 0.00603459892993828
<79,planner4,proj41task2propa,setSchedule> 0.001972043286500942
<80,planner10,proj101task1a,setSchedule> 0.0015618240979763693
<81,planner6,proj61task1,setSchedule> 0.0017566782125255412
<82,acc2,proj22task2,setCost> 0.0017619182386563296
<83,planner7,proj71task2a,setSchedule> 0.0013567145037140826
<84,acc4,proj41budget1,read> 0.004816359006975502
<85,nonemployee9_area2,proj92task2propa,setStatus> 2.7491110901282955E-4
<86,employee10_area1,proj101sched1,read> 5.40947020298662E-4
<87,ldr92,proj92budget1,read> 5.372704274954587E-4
<88,aud1,proj12budget1,read> 0.005058895632883971
<89,acc4,proj41task2propa,setCost> 0.0016265758494496821
<90,acc3,proj31task1,setCost> 0.0013474321717109716
<91,planner8,proj82task2a,setSchedule> 0.0018182110908042271
<92,acc1,proj12budget1,read> 0.003120105391556431
<93,planner9,proj91sched1,write> 0.015345825310632893
<94,planner8,proj82task2prop,setSchedule> 0.002023320685066514
<95,acc2,proj21task1prop,setCost> 7.637681182573047E-4
<96,nonemployee7_area2,proj72task2a,setStatus> 7.906793953147105E-4
<97,planner4,proj42task1a,setSchedule> 0.0017771891719517699
<98,aud8,proj82budget1,read> 0.010101079482176539
<99,acc2,proj21task1,setCost> 0.001482774560917619
<100,acc2,proj22task2propa,setCost> 6.199668297252418E-4
<101,acc3,proj31task1propa,setCost> 8.483571115114595E-4
<102,manager9,proj91budget1,approve> 2.6867165193298573E-4
<103,nonemployee2_area2,proj22task2propa,setStatus> 2.9078090243750274E-4
<104,employee9_area2,proj91task2prop,read> 6.357300551581677E-4
<105,employee9_area2,proj91task2a,setStatus> 4.732835268212452E-4
<106,planner3,proj31sched1,write> 0.011304771031333798
<107,nonemployee8_area1,proj82task1a,read> 8.760045881067786E-4
<108,ldr102,proj102sched1,read> 8.85540397721738E-4
<109,planner1,proj11sched1,write> 0.003222662472735614
<110,aud5,proj52budget1,read> 0.006777821945142801
<111,planner2,proj21task2propa,setSchedule> 0.0021053645227714283
<112,nonemployee2_area1,proj22task1,read> 0.001173486943178558
<113,acc9,proj92budget1,write> 0.0029177329116057394
<114,aud1,proj11budget1,read> 0.005517275982819658
<115,ldr81,proj82sched1,read> 7.437206653648171E-5
<116,planner2,proj22sched1,write> 0.007733606784511348
<117,nonemployee10_area2,proj102task2a,setStatus> 4.6534863010890855E-4
<118,planner1,proj12sched1,write> 0.010083056946894538
<119,planner4,proj42sched1,write> 0.0020949263947916815
<120,acc6,proj61task2,setCost> 0.0014404800642905421
<121,employee6_area1,proj61task1a,read> 9.814813377474238E-4
<122,acc5,proj52task1propa,setCost> 0.0015419868561955272
<123,planner4,proj42task1propa,setSchedule> 0.0019925542459271707
<124,acc9,proj92task1,setCost> 7.13014722304812E-4
<125,acc5,proj51task2,setCost> 5.353778364710871E-4
<126,acc5,proj51budget1,read> 8.937725213189025E-4
<127,planner6,proj61task2,setSchedule> 0.0017464227328124271
<128,employee8_area2,proj81task2propa,setStatus> 1.915946935332949E-4
<129,planner10,proj101task2prop,setSchedule> 4.8499872809936497E-4
<130,employee8_area1,proj81task1,request> 8.870944273323426E-4
<131,acc2,proj21task2prop,setCost> 0.0015927402521480206
<132,employee8_area2,proj81task2propa,read> 1.6568723497376132E-4
<133,planner1,proj12task2a,setSchedule> 0.00101828367318131
<134,employee6_area1,proj61task1,request> 0.0011067815449964371
<135,acc5,proj51task1a,setCost> 1.9702186345446854E-4
<136,aud7,proj72sched1,read> 3.785325989602806E-4
<137,acc10,proj101budget1,read> 0.0028020578386653565
<138,employee9_area2,proj91task2,read> 0.0014280771219261626
<139,acc4,proj41task2a,setCost> 0.0012797609771076483
<140,planner9,proj92sched1,write> 0.010271012959885193
<141,nonemployee9_area1,proj92task1,read> 5.117404798556203E-4
<142,planner8,proj81task1prop,setSchedule> 0.0011721158688780247
<143,planner8,proj81task2a,setSchedule> 7.926631194927948E-4
<144,nonemployee7_area1,proj72task1a,read> 0.0010945630530574736
<145,nonemployee10_area1,proj102task1a,read> 7.485121502188732E-4
<146,planner5,proj51task2prop,setSchedule> 0.0011926268283042533
<147,planner10,proj101task1prop,setSchedule> 0.0014490138211321118
<148,manager10,proj101budget1,read> 7.231713629822799E-4
<149,planner2,proj21task2a,setSchedule> 8.336850383452521E-4
<150,nonemployee2_area1,proj22task1a,request> 4.0165177158415913E-4
<151,acc7,proj72sched1,read> 3.3742498640350804E-4
<152,planner3,proj31task1propa,setSchedule> 0.0010285391528944243
<153,employee5_area2,proj51sched1,read> 1.4597247496814575E-4
<154,acc5,proj52task1a,setCost> 2.0548076277988398E-4
<155,employee8_area2,proj81task2a,request> 4.994112785133523E-4
<156,acc6,proj61budget1,read> 0.0028373964556532537
<157,ldr21,proj21budget1,read> 8.816336688575331E-4
<158,nonemployee6_area2,proj62task2,read> 6.574461231560835E-4
<159,planner6,proj62task2a,setSchedule> 0.0016643788951075124
<160,manager4,proj41budget1,read> 0.0012430339087309706
<161,employee2_area2,proj21task2propa,read> 7.043494449661102E-4
<162,ldr72,proj71sched1,read> 9.204073671047441E-4
<163,nonemployee10_area1,proj102task1a,setStatus> 4.891533202459184E-4
<164,nonemployee8_area2,proj82task2a,read> 0.0010763498476449155
<165,planner6,proj61task1prop,setSchedule> 0.001151604909451796
<166,employee3_area1,proj31task1a,read> 0.0019126810579499004
<167,manager1,proj11budget1,read> 8.782180871529417E-4
<168,acc8,proj81budget1,write> 0.002739626281986737
<169,acc3,proj32task2,setCost> 3.3236425266111597E-4
<170,acc9,proj91sched1,read> 7.775834920022272E-4
<171,employee8_area1,proj81task1propa,read> 5.396629094270482E-4
<172,ldr82,proj82sched1,read> 1.4809168853985408E-4
<173,manager9,proj92budget1,read> 8.964588782318433E-4
<174,planner1,proj11task1a,setSchedule> 0.0020951090430583142
<175,acc10,proj101task2propa,setCost> 0.001296678775758479
<176,acc10,proj102task2a,setCost> 9.921584000435221E-4
<177,planner3,proj31task2propa,setSchedule> 0.0016951453342468551
<178,acc8,proj81task2a,setCost> 6.538024270269036E-4
<179,nonemployee9_area1,proj92task1propa,setStatus> 3.70129869560869E-4
<180,acc5,proj52task2propa,setCost> 0.001169795285877247
<181,nonemployee6_area2,proj62task2propa,setStatus> 7.430700150406906E-4
<182,acc6,proj62task2prop,setCost> 0.001389726668338049
<183,acc9,proj92task2a,setCost> 6.368846283760727E-4
<184,planner5,proj52sched1,write> 0.00256481642726832
<185,acc7,proj72task1a,setCost> 0.0015250690575446962
<186,ldr21,proj21sched1,write> 6.533335940286022E-4
<187,planner4,proj41task2a,setSchedule> 0.001551568618263255
<188,employee8_area2,proj81task2,read> 0.0013235547043524152
<189,employee7_area1,proj71task1a,request> 9.646310570961408E-4
<190,acc8,proj82task2propa,setCost> 0.0015335279568701122
<191,acc2,proj21task1a,setCost> 0.0010598295946468458
<192,ldr71,proj71sched1,read> 0.001843923347075485
<193,nonemployee3_area2,proj32task2a,read> 3.296084257300412E-4
<194,acc10,proj102task1propa,setCost> 5.015422391694253E-4
<195,employee2_area2,proj21task2,read> 0.0016561260329961574
<196,acc6,proj61budget1,write> 0.002383413022748733
<197,planner3,proj31task2a,setSchedule> 0.001838722050230456
<198,acc3,proj32task2a,setCost> 4.59247742542348E-4
<199,planner2,proj21task1propa,setSchedule> 3.0040009326330716E-4
<200,aud4,proj42budget1,read> 0.003912944758044753
<201,nonemployee9_area1,proj92task1a,setStatus> 2.3920407380731467E-4
<202,ldr32,proj32budget1,read> 5.078902303157578E-5
<203,employee1_area1,proj11task1a,setStatus> 8.10516637095552E-4
<204,ldr82,proj82budget1,read> 9.636249168008843E-4
<205,nonemployee1_area1,proj12sched1,read> 3.90666177542078E-4
<206,acc2,proj21task2propa,setCost> 0.0017365415406800833
<207,employee4_area2,proj41task2prop,read> 4.195789772631487E-4
<208,employee1_area2,proj11task2,read> 0.0014850893496936614
<209,acc3,proj31task2propa,setCost> 0.0013981855676634646
<210,planner4,proj42task2prop,setSchedule> 0.001366969983427197
<211,acc8,proj81task1propa,setCost> 0.0013305143730601408
<212,acc1,proj11task1propa,setCost> 1.631862661528067E-4
<213,manager1,proj11budget1,approve> 1.7564361743058836E-4
<214,acc6,proj61task1,setCost> 0.0014489389636159573
<215,nonemployee2_area1,proj22sched1,read> 5.320910236177904E-4
<216,planner7,proj72task2prop,setSchedule> 0.0020540871242058566
<217,employee8_area1,proj81task1prop,read> 3.9213122133997173E-4
<218,nonemployee2_area2,proj22task2,read> 0.0012645529702413475
<219,acc8,proj82task2prop,setCost> 0.0016688703460767595
<220,acc9,proj91task1a,setCost> 0.0010682884939722615
<221,planner3,proj31sched1,read> 4.710032138476942E-4
<222,planner9,proj91task1,setSchedule> 0.0015208021791239118
<223,ldr71,proj71budget1,read> 9.198962512310968E-4
<224,acc6,proj61task1propa,setCost> 3.5774095063736234E-4
<225,planner3,proj32task2prop,setSchedule> 0.002074598083632085
<226,acc9,proj92budget1,read> 0.0034734915614354047
<227,acc8,proj82task1,setCost> 0.0015589046548463582
<228,acc10,proj102task2,setCost> 9.551507154948296E-5
<229,acc3,proj32task2prop,setCost> 0.0017111648427038369
<230,acc5,proj51task1propa,setCost> 0.0016773292454021747
<231,acc10,proj102task1,setCost> 8.705617222406749E-5
<232,employee7_area2,proj71task2propa,request> 1.2199955679603787E-4
<233,acc3,proj32sched1,read> 2.613953896249997E-4
<234,employee3_area1,proj31task1propa,request> 2.3398640096260014E-4
<235,ldr22,proj22sched1,read> 6.761936409496351E-4
<236,ldr91,proj91sched1,write> 7.49755301609983E-4
<237,planner2,proj21sched1,write> 0.01337228717423101
<238,ldr11,proj12sched1,read> 3.847018084192982E-4
<239,nonemployee2_area2,proj22task2a,request> 2.2826205605660778E-4
<240,planner1,proj11task1prop,setSchedule> 5.055096875255935E-4
<241,planner8,proj82task1a,setSchedule> 0.0014797802602714545
<242,employee1_area2,proj11task2a,request> 0.0012037023322011848
<243,employee6_area1,proj61task1a,request> 6.67407309668248E-4
<244,nonemployee5_area1,proj52task1a,read> 1.4747637160446203E-4
<245,nonemployee9_area2,proj92task2a,request> 3.1082858726020365E-4
<246,aud8,proj81budget1,read> 0.0052880858078518155
<247,planner9,proj91task2a,setSchedule> 0.0012233932674435963
<248,employee9_area1,proj91task1propa,read> 6.70039750062139E-4
<249,aud7,proj71budget1,read> 0.009642699132240848
<250,ldr62,proj62budget1,write> 7.480334854031728E-5
<251,acc9,proj91task2propa,setCost> 0.0016181169501242665
<252,employee7_area2,proj71task2a,request> 8.547874982640935E-4
<253,acc4,proj42budget1,read> 0.0024133330517984862
<254,nonemployee3_area2,proj32task2propa,setStatus> 1.2811551983460187E-4
<255,nonemployee3_area1,proj32task1a,read> 4.3281658973453604E-4
<256,manager5,proj52budget1,approve> 2.1577335780417154E-4
<257,nonemployee8_area2,proj82task2,read> 0.0011127762584700314
<258,nonemployee1_area2,proj12task2propa,setStatus> 1.638225550401167E-4
<259,planner10,proj101sched1,read> 6.35481451030467E-4
<260,acc1,proj11task1a,setCost> 0.0017280826413546679
<261,planner6,proj62task1propa,setSchedule> 6.901083223616516E-4
<262,nonemployee6_area1,proj62task1a,setStatus> 8.224189821640569E-4
<263,planner9,proj91task1propa,setSchedule> 0.002002809725640285
<264,employee3_area2,proj31task2,read> 0.0015230975015386604
<265,manager5,proj52budget1,read> 0.0010788667890208577
<266,acc2,proj22task1,setCost> 0.0016350347487750978
<267,planner10,proj101task2propa,setSchedule> 0.0015720795776894834
<268,nonemployee9_area1,proj92task1a,request> 2.489036888575068E-4
<269,planner3,proj31task1,setSchedule> 0.0016336124559681693
<270,ldr51,proj51budget1,write> 1.161269375037662E-4
<271,planner5,proj51sched1,write> 0.0031286844662402865
<272,acc4,proj41budget1,write> 0.004045741565859421
<273,acc9,proj92task2prop,setCost> 6.622613263523191E-4
<274,employee9_area2,proj91task2propa,read> 6.563158721005505E-4
<275,employee1_area2,proj11task2,request> 0.0010098607577916897
<276,planner5,proj52task2,setSchedule> 5.157651672387081E-4
<277,planner5,proj52task1,setSchedule> 5.260206469518223E-4
<278,planner10,proj102task2prop,setSchedule> 3.6193297154199305E-4
<279,acc2,proj21task2a,setCost> 6.876380243285656E-4
<280,ldr71,proj71budget1,write> 7.727128510341212E-4
<281,employee4_area2,proj41task2prop,request> 2.8531370453894106E-4
<282,planner10,proj102sched1,write> 0.00839145282997864
<283,employee4_area2,proj41task2a,read> 0.0014375791598874124
<284,nonemployee1_area1,proj12task1,read> 3.538926996134517E-4
<285,employee5_area1,proj51task1,request> 4.154132629359044E-4
<286,acc2,proj22task1prop,setCost> 0.0013135965744093098
<287,acc8,proj82sched1,read> 5.09142104246165E-5
<288,planner7,proj72sched1,read> 2.6891229880888714E-4
<289,planner3,proj32sched1,write> 0.006135980674090774
<290,planner1,proj11sched1,read> 1.8552789537008984E-4
<291,planner5,proj52task1a,setSchedule> 2.491226946977355E-4
<292,employee4_area2,proj41task2a,request> 9.775538287234405E-4
<293,planner2,proj21task1prop,setSchedule> 9.25984355763281E-4
<294,planner10,proj102task1,setSchedule> 1.0554597871413492E-4
<295,ldr82,proj82budget1,write> 8.094449301127427E-4
<296,employee10_area1,proj101task1propa,setStatus> 7.073629798351759E-4
<297,planner10,proj102task2,setSchedule> 1.1580145842724924E-4
<298,employee5_area1,proj51sched1,read> 1.4743953501807685E-4
<299,manager8,proj82budget1,read> 0.0016078497303089994
<300,planner6,proj61task2propa,setSchedule> 7.618966803534518E-4
<301,aud10,proj102budget1,read> 0.011648113163209484
<302,nonemployee6_area1,proj62task1,read> 6.695882600977889E-4
<303,ldr91,proj91sched1,read> 0.0013135988479926492
<304,employee4_area2,proj41task2,read> 3.5434683230493923E-4
<305,nonemployee7_area1,proj72task1,request> 3.562401794221814E-4
<306,planner1,proj12task1a,setSchedule> 8.747069571977093E-4
<307,planner9,proj92task1,setSchedule> 8.64451477484595E-4
<308,planner9,proj91task1a,setSchedule> 0.001295181625435397
<309,manager3,proj31budget1,approve> 4.795807987827836E-5
<310,planner6,proj61task2a,setSchedule> 1.5682337727970655E-4
<311,acc4,proj42task2propa,setCost> 3.7465874928819333E-4
<312,manager4,proj42budget1,read> 6.228470120483219E-4
<313,ldr22,proj22budget1,read> 7.832441713255119E-4
<314,nonemployee1_area2,proj12task2a,read> 6.028065069184098E-4
<315,acc5,proj51task2a,setCost> 1.2089176952572936E-4
<316,manager3,proj31budget1,read> 2.397903993913918E-4
<317,ldr11,proj11budget1,read> 5.263382611030118E-4
<318,employee4_area1,proj41task1a,request> 7.190983961774468E-4
<319,acc8,proj81task2,setCost> 0.0011782541852026623
<320,acc7,proj72task2,setCost> 7.383914202810582E-4
<321,ldr102,proj101sched1,read> 0.0011186574303263593
<322,acc5,proj52budget1,read> 0.00418026390119335
<323,acc3,proj31task2prop,setCost> 0.0011444185879010006
<324,planner6,proj62task1a,setSchedule> 0.002125875482197657
<325,employee4_area1,proj41task1,request> 2.474172317810085E-4
<326,acc7,proj71budget1,write> 0.0049956435904941
<327,planner2,proj22task2,setSchedule> 0.002136130961910771
<328,acc2,proj22budget1,read> 0.005063729325890782
<329,acc8,proj82task2,setCost> 0.0015504457555209432
<330,acc1,proj11budget1,write> 0.0028583640350660715
<331,ldr22,proj21sched1,read> 3.79848181049807E-4
<332,planner8,proj82task1prop,setSchedule> 0.0021156200024845424
<333,acc7,proj72task1,setCost> 7.299325209556428E-4
<334,employee6_area2,proj61task2,request> 0.0011003201591827877
<335,employee1_area1,proj11task1a,read> 0.0019411871718336504
<336,manager7,proj72budget1,read> 0.0013342378641254778
<337,acc1,proj12task1a,setCost> 7.214736216302273E-4
<338,acc6,proj62task1prop,setCost> 0.001457397862941373
<339,employee5_area2,proj51task2prop,read> 3.9899316032076593E-4
<340,ldr11,proj11sched1,read> 3.101749414127587E-4
<341,acc1,proj12task1propa,setCost> 9.583228027418605E-4
<342,employee7_area2,proj71task2prop,request> 2.4798475648342037E-4
<343,acc4,proj41task2,setCost> 3.154464540102851E-4
<344,acc1,proj12task2propa,setCost> 3.4928205131194695E-4
<345,planner7,proj71task1a,setSchedule> 0.0015310576588370261
<346,employee5_area1,proj51task1propa,setStatus> 7.86711946958542E-4
<347,acc4,proj41task1,setCost> 3.2390535333570047E-4
<348,acc9,proj92task1prop,setCost> 7.976037155589665E-4
<349,ldr21,proj21sched1,read> 0.0011511331378790987
<350,nonemployee8_area1,proj82task1a,setStatus> 5.724697357254531E-4
<351,nonemployee3_area2,proj32sched1,read> 3.470987960594258E-4
<352,employee4_area2,proj41task2,request> 2.4095584596735866E-4
<353,employee1_area2,proj11task2a,read> 0.0017701504885311544
<354,employee6_area1,proj61task1prop,request> 2.6198311200424066E-4
<355,acc1,proj12task2a,setCost> 8.39898212186044E-4
<356,planner3,proj31task1a,setSchedule> 0.0020643426039189706
<357,employee2_area1,proj21task1a,request> 8.095577975685447E-4
<358,ldr22,proj22sched1,write> 3.778430009389427E-4
<359,acc3,proj31task1a,setCost> 0.0017027059433784213
<360,acc9,proj91task1prop,setCost> 0.0010767473932976768
<361,ldr12,proj12sched1,write> 4.926307480596342E-4
<362,employee5_area2,proj51task2propa,read> 3.6125249592639755E-4
<363,nonemployee10_area1,proj102task1a,request> 5.089882621488337E-4
<364,planner6,proj61task1propa,setSchedule> 4.337213295337933E-4
<365,employee2_area2,proj21task2prop,request> 4.3929561526796426E-4
<366,nonemployee6_area2,proj62task2,request> 4.470633637461369E-4
<367,employee1_area1,proj11task1prop,request> 1.1500037903562772E-4
<368,nonemployee4_area1,proj42task1,request> 2.5303201541768654E-4
<369,employee6_area2,proj61sched1,read> 6.363368776992461E-4
<370,employee3_area1,proj31task1prop,read> 6.962008924264172E-5
<371,nonemployee9_area1,proj92task1,request> 3.4798352630182184E-4
<372,acc5,proj51task2propa,setCost> 8.906516081385366E-4
<373,manager7,proj72budget1,approve> 2.668475728250956E-4
<374,aud9,proj91sched1,read> 6.789631466751154E-4
<375,acc6,proj61task1prop,setCost> 9.49863903416445E-4
<376,employee5_area2,proj51task2,request> 4.0895187712225445E-4
<377,nonemployee4_area1,proj42task1a,request> 7.154045901578233E-4
<378,employee9_area2,proj91task2propa,setStatus> 7.589398084653639E-4
<379,acc8,proj81budget1,read> 0.0032614598595080207
<380,planner5,proj52task2prop,setSchedule> 4.6448776867313635E-4
<381,aud10,proj101sched1,read> 6.249776253936E-4
<382,acc9,proj91task2prop,setCost> 0.0015673635541717738
<383,nonemployee8_area2,proj82sched1,read> 6.104373920019466E-5
<384,nonemployee4_area2,proj42task2,request> 2.5716034197786636E-4
<385,acc10,proj101task1propa,setCost> 0.0015081512588938659
<386,planner8,proj81task2,setSchedule> 0.0014285028617058828
<387,acc8,proj82task1propa,setCost> 0.0013389732723855562
<388,employee6_area2,proj61task2propa,request> 1.7332686037237893E-4
<389,ldr31,proj31budget1,write> 1.2071844738859384E-4
<390,nonemployee6_area2,proj62sched1,read> 5.587262879008028E-4
<391,ldr72,proj72sched1,read> 8.284950134296276E-4
<392,nonemployee9_area2,proj92task2,request> 3.4385519974164207E-4
<393,employee9_area1,proj91task1propa,request> 4.5562703004225455E-4
<394,employee9_area1,proj91task1a,request> 8.160191833821946E-4
<395,nonemployee8_area2,proj82task2a,setStatus> 7.033955314790075E-4
<396,nonemployee8_area1,proj82sched1,read> 5.99774730132917E-5
<397,planner7,proj72task1prop,setSchedule> 9.772617543288525E-4
<398,acc5,proj51budget1,write> 7.50768917907878E-4
<399,aud1,proj12sched1,read> 6.053834659621515E-4
<400,acc4,proj41task1propa,setCost> 0.0011105829905993388
<401,employee1_area1,proj11task1,read> 0.0015896117672674088
<402,acc1,proj12task2,setCost> 4.7616554119317894E-4
<403,acc8,proj81task2prop,setCost> 4.5078884321693257E-4
<404,employee9_area2,proj91task2prop,request> 4.322964375075541E-4
<405,planner8,proj81sched1,write> 0.0011551463298384037
<406,acc5,proj51task2prop,setCost> 9.836995007181067E-4
<407,planner1,proj12task2propa,setSchedule> 4.2346584982067904E-4
<408,acc1,proj12task1,setCost> 4.930833398440098E-4
<409,nonemployee10_area1,proj102task1propa,setStatus> 2.3523662545114633E-4
<410,acc1,proj11task2,setCost> 0.0013220554737347254
<411,acc4,proj41sched1,read> 4.697238628602154E-4
<412,ldr91,proj91budget1,read> 8.051085041104055E-4
<413,employee9_area2,proj91task2propa,request> 4.462947930283744E-4
<414,employee3_area1,proj31task1propa,setStatus> 3.9790200805404723E-4
<415,acc10,proj101sched1,read> 0.001286718640516235
<416,manager7,proj71budget1,read> 0.0015348865659933935
<417,nonemployee9_area2,proj92task2a,setStatus> 2.9871579914983936E-4
<418,nonemployee5_area2,proj52task2a,setStatus> 1.7175745175245332E-4
<419,employee4_area2,proj41task2propa,read> 6.597468415909477E-4
<420,planner3,proj32task1a,setSchedule> 7.311302412141089E-4
<421,manager2,proj21budget1,read> 0.0014710437972172388
<422,planner2,proj22task1propa,setSchedule> 0.0014900357399845686
<423,acc1,proj12task1prop,setCost> 0.0010513706953214305
<424,planner7,proj72task1a,setSchedule> 0.0018489775299435698
<425,employee8_area1,proj81task1propa,request> 3.669707784103928E-4
<426,acc5,proj52budget1,write> 0.0035114216770024136
<427,planner1,proj11task2propa,setSchedule> 0.0014387583414189973
<428,employee6_area2,proj61task2prop,request> 2.689822897646508E-4
<429,aud10,proj102sched1,read> 2.2205775380320427E-4
<430,acc9,proj92task2propa,setCost> 5.8613123242358E-4
<431,employee10_area2,proj101task2a,request> 8.677102698913932E-4
<432,planner4,proj41task1propa,setSchedule> 0.001346459024000968
<433,ldr61,proj62sched1,read> 4.6206084016709993E-4
<434,aud9,proj92sched1,read> 4.922707860414525E-4
<435,acc4,proj42task1prop,setCost> 8.821927088131212E-4
<436,acc1,proj11task2propa,setCost> 0.0011867130845280782
<437,acc7,proj71task2propa,setCost> 4.4232994389151707E-4
<438,acc7,proj71task1prop,setCost> 0.0016604114467513441
<439,nonemployee5_area2,proj52task2a,read> 2.6282667255066216E-4
<440,acc3,proj32task2propa,setCost> 2.731519573832078E-4
<441,aud6,proj62budget1,read> 9.33472483462781E-4
<442,acc10,proj102sched1,read> 4.5717772841836167E-4
<443,manager5,proj51budget1,read> 2.3067000385194108E-4
<444,planner8,proj82task1propa,setSchedule> 0.001623356976255055
<445,acc3,proj31budget1,write> 7.804533561777116E-4
<446,manager6,proj61budget1,read> 7.322917585217306E-4
<447,employee7_area2,proj71sched1,read> 5.929897266327008E-4
<448,aud1,proj11sched1,read> 1.9313929620578583E-4
<449,manager2,proj22budget1,read> 0.0013068766775071255
<450,acc7,proj72budget1,write> 0.004342585948557759
<451,employee7_area1,proj71task1,request> 1.9572614527180976E-4
<452,nonemployee7_area1,proj72task1propa,setStatus> 6.121442192871363E-4
<453,nonemployee2_area2,proj22task2,request> 8.598960197641163E-4
<454,ldr92,proj91sched1,read> 4.286191931524472E-4
<455,nonemployee5_area1,proj52task1a,setStatus> 9.63759329852553E-5
<456,acc7,proj72task2a,setCost> 0.0016857881447275905
<457,manager4,proj42budget1,approve> 1.245694024096644E-4
<458,acc8,proj81task1,setCost> 0.0011613363865518314
<459,ldr51,proj51sched1,read> 3.484863354081189E-4
<460,acc8,proj81task1a,setCost> 7.722270175827202E-4
<461,acc4,proj42task1,setCost> 5.184600378202563E-4
<462,planner6,proj62task1,setSchedule> 0.0011310939500255672
<463,acc4,proj42task2,setCost> 5.269189371456717E-4
<464,ldr72,proj72budget1,write> 6.716996335679129E-4
<465,planner7,proj71task1prop,setSchedule> 0.0020130652053533997
<466,employee10_area1,proj101task1a,setStatus> 6.042093225747996E-4
<467,ldr31,proj31sched1,write> 5.523203765623937E-4
<468,acc6,proj62budget1,write> 4.836089734793744E-4
<469,manager5,proj51budget1,approve> 4.613400077038822E-5
<470,employee10_area1,proj101task1a,request> 9.840152145370903E-4
<471,planner8,proj82task2propa,setSchedule> 0.0018592330096566846
<472,planner3,proj32task2a,setSchedule> 5.567870860911653E-4
<473,planner7,proj72task2a,setSchedule> 0.0020438316444927425
<474,employee8_area1,proj81task1a,read> 8.674568822124264E-4
<475,ldr12,proj11sched1,read> 1.2653953889344587E-4
<476,employee1_area1,proj11task1propa,setStatus> 7.653869120441375E-5
<477,nonemployee10_area2,proj102task2a,request> 4.8421830278775496E-4
<478,employee8_area2,proj81task2a,setStatus> 3.0665069586217604E-4
<479,aud3,proj31sched1,read> 6.669911283346541E-4
<480,aud5,proj51budget1,read> 0.00144915037714043
<481,employee8_area2,proj81task2a,read> 7.344283507549297E-4
<482,planner4,proj42task1,setSchedule> 6.285754440829655E-4
<483,acc3,proj31sched1,read> 5.784804572760272E-4
<484,employee9_area1,proj91task1,request> 9.581696712824911E-4
<485,acc6,proj62task2,setCost> 9.160283061147831E-4
<486,planner1,proj12task1prop,setSchedule> 0.001274670666009168
<487,employee8_area2,proj81task2,request> 9.000171989596423E-4
<488,manager1,proj12budget1,read> 8.052549228373361E-4
<489,employee7_area1,proj71sched1,read> 5.857137790666553E-4
<490,nonemployee4_area2,proj42task2propa,setStatus> 1.757249001086216E-4
<491,acc9,proj92task1a,setCost> 5.100011384948408E-4
<492,manager2,proj22budget1,approve> 2.6137533550142514E-4
<493,employee9_area2,proj91sched1,read> 0.001065858347573785
<494,employee4_area2,proj41sched1,read> 4.3339163037379E-4
<495,acc4,proj42task2a,setCost> 2.3931636008154588E-4
<496,planner2,proj22task2prop,setSchedule> 6.798528426485371E-4
<497,employee4_area2,proj41task2propa,request> 4.486278522818444E-4
<498,acc10,proj102budget1,read> 0.00718404634516462
<499,planner1,proj12task2prop,setSchedule> 0.0017361672530993126
<500,nonemployee1_area1,proj12task1a,request> 3.5211185286200157E-4
<501,acc6,proj61task2a,setCost> 1.2935066885114483E-4
<502,manager10,proj102budget1,approve> 3.7082008197483377E-4
<503,acc8,proj82task1a,setCost> 0.0012205486818297397
<504,planner9,proj92sched1,read> 4.2076776683990083E-4
<505,planner4,proj41task1,setSchedule> 3.92699410681336E-4
<506,employee4_area2,proj41task2a,setStatus> 6.002418742186314E-4
<507,planner1,proj12sched1,read> 5.815259894710322E-4
<508,nonemployee8_area2,proj82task2,request> 7.566878557596215E-4
<509,planner4,proj42task2a,setSchedule> 2.901446135501928E-4
<510,ldr61,proj61budget1,read> 4.388809299634375E-4
<511,employee4_area1,proj41sched1,read> 4.4377226822705444E-4
<512,employee5_area1,proj51task1propa,request> 4.626262078026646E-4
<513,planner2,proj22task2propa,setSchedule> 7.516412006403373E-4
<514,employee2_area1,proj21sched1,read> 9.577368667495131E-4
<515,ldr92,proj92sched1,write> 5.018137678292894E-4
<516,ldr62,proj62sched1,write> 4.650816887506681E-4
<517,employee7_area1,proj71task1propa,setStatus> 1.439853132592751E-4
<518,planner6,proj61task2prop,setSchedule> 0.001182371348591139
<519,nonemployee5_area1,proj52task1,read> 3.113952203174832E-4
<520,nonemployee6_area2,proj62task2a,setStatus> 6.438838061364828E-4
<521,employee1_area1,proj11task1a,request> 0.001320007276846882
<522,manager9,proj92budget1,approve> 1.7929177564636868E-4
<523,planner6,proj62task2prop,setSchedule> 0.0016848898545337408
<524,planner4,proj42sched1,read> 6.857363954601202E-5
<525,employee8_area1,proj81task1a,setStatus> 3.6219497284853245E-4
<526,acc2,proj22budget1,write> 0.004253532633748257
<527,employee3_area2,proj31sched1,read> 3.95136924368871E-4
<528,ldr102,proj102budget1,write> 9.334156970030893E-4
<529,planner8,proj82sched1,write> 0.001249124336333731
<530,nonemployee8_area1,proj82task1,request> 7.608161823198011E-4
<531,manager8,proj82budget1,approve> 3.2156994606179993E-4
<532,planner8,proj81task1a,setSchedule> 9.362398354763954E-4
<533,nonemployee5_area1,proj52task1propa,setStatus> 7.23232773259849E-4
<534,employee9_area2,proj91task2,request> 9.710924429097907E-4
<535,employee2_area2,proj21sched1,read> 9.512437354495168E-4
<536,nonemployee5_area2,proj52task2,read> 3.0532415184663064E-4
<537,ldr101,proj101budget1,read> 4.334148467672141E-4
<538,aud3,proj32budget1,read> 5.323896772690541E-4
<539,nonemployee3_area1,proj32sched1,read> 3.4424201584494496E-4
<540,acc7,proj72task2propa,setCost> 4.846244405185943E-4
<541,ldr72,proj72sched1,write> 3.3192790209066615E-4
<542,manager8,proj81budget1,read> 8.417365049951391E-4
<543,manager3,proj32budget1,approve> 1.6948735044145916E-5
<544,ldr42,proj42sched1,write> 1.0235240784928323E-4
<545,employee4_area1,proj41task1a,setStatus> 4.415439399718987E-4
<546,employee3_area1,proj31sched1,read> 3.888147335789691E-4
<547,ldr91,proj91budget1,write> 6.762911434527406E-4
<548,employee10_area2,proj101task2,read> 1.7380811104119361E-4
<549,employee2_area1,proj21task1,request> 0.0011326270882510367
<550,acc9,proj91budget1,write> 0.004372270386827593
<551,nonemployee6_area2,proj62task2a,request> 6.699929979958458E-4
<552,employee7_area1,proj71task1propa,request> 8.467060874051713E-5
<553,nonemployee6_area1,proj62sched1,read> 5.548596699914545E-4
<554,employee1_area1,proj11task1prop,read> 1.6911820446415842E-4
<555,planner5,proj52task2propa,setSchedule> 0.0014182473819927684
<556,acc7,proj71task1propa,setCost> 3.0698755468486964E-4
<557,employee10_area1,proj101task1,read> 1.6430607307994387E-4
<558,acc6,proj61task2prop,setCost> 9.752406013926912E-4
<559,planner3,proj32task1propa,setSchedule> 0.0019515323270747134
<560,acc7,proj72task1prop,setCost> 8.06062614884382E-4
<561,ldr61,proj61sched1,read> 0.001316979699779407
<562,employee7_area2,proj71task2prop,read> 3.6468346541679465E-4
<563,employee9_area1,proj91task1prop,request> 2.969790008062914E-4
<564,acc1,proj11sched1,read> 1.6840224348977384E-4
<565,employee2_area1,proj21task1propa,read> 1.0049881465621588E-4
<566,planner4,proj41task2prop,setSchedule> 0.0012541597065829392
<567,acc6,proj61task1a,setCost> 8.737338094877056E-4
<568,ldr41,proj41sched1,write> 4.6967319863549584E-4
<569,acc10,proj102task2prop,setCost> 2.9852865535945415E-4
<570,acc5,proj52task1,setCost> 4.338710445661016E-4
<571,planner10,proj102task2a,setSchedule> 0.0012028823080173676
<572,planner8,proj81sched1,read> 4.359884143205971E-5
<573,acc9,proj91budget1,read> 0.005205083793842372
<574,employee1_area1,proj11task1propa,request> 4.500860143152632E-5
<575,acc3,proj31task2,setCost> 0.0013558910710363872
<576,nonemployee3_area1,proj32task1propa,setStatus> 7.549723601091955E-4
<577,ldr41,proj41budget1,write> 6.257845347196363E-4
<578,employee8_area1,proj81task1,read> 0.0013045506284299158
<579,ldr101,proj102sched1,read> 3.90000592814031E-4
<580,planner4,proj42task2propa,setSchedule> 4.54232288960022E-4
<581,employee10_area1,proj101task1propa,read> 6.117132687253878E-4
<582,acc10,proj101task2,setCost> 1.547273668273912E-4
<583,employee2_area2,proj21task2,request> 0.001126165702437387
<584,acc10,proj101task1,setCost> 1.4626846750197576E-4
<585,acc2,proj22task2prop,setCost> 5.607545344473336E-4
<586,ldr21,proj21budget1,write> 7.405722818403277E-4
<587,acc2,proj21task1propa,setCost> 2.4777525940696134E-4
<588,nonemployee1_area2,proj12task2a,request> 4.099084247045187E-4
<589,employee7_area2,proj71task2propa,setStatus> 2.0746448695796815E-4
<590,employee6_area1,proj61task1propa,read> 1.4510141803137852E-4
<591,employee10_area1,proj101task1prop,read> 4.847673975806942E-4
<592,planner10,proj102task1propa,setSchedule> 6.080644846567369E-4
<593,acc6,proj62task1propa,setCost> 5.69213433772749E-4
<594,employee5_area2,proj51task2propa,request> 2.4565169722995037E-4
<595,employee6_area1,proj61task1prop,read> 3.852692823591775E-4
<596,acc5,proj52sched1,read> 1.2615523687484336E-4
<597,acc10,proj101task2prop,setCost> 4.000354472644397E-4
<598,employee10_area2,proj101task2prop,read> 1.6225626548336416E-4
<599,nonemployee1_area1,proj12task1a,read> 5.178115483264728E-4
<600,acc7,proj71task2prop,setCost> 8.991105074639521E-4
<601,employee7_area2,proj71task2,read> 2.9733460453744057E-4
<602,nonemployee7_area2,proj72task2propa,setStatus> 2.2730172873880973E-4
<603,employee8_area2,proj81task2prop,request> 1.243326160495079E-4
<604,planner7,proj72task2propa,setSchedule> 5.875535252305083E-4
<605,planner7,proj71task2prop,setSchedule> 0.0010900720311731102
<606,ldr62,proj62budget1,read> 8.905160540513962E-5
<607,nonemployee4_area1,proj42task1propa,setStatus> 7.708421535338689E-4
<608,acc4,proj42budget1,write> 0.002027199763510728
<609,employee10_area1,proj101task1prop,request> 3.296418303548721E-4
<610,employee7_area1,proj71task1,read> 2.878325665761908E-4
<611,employee4_area1,proj41task1a,read> 0.0010574976414374217
<612,ldr51,proj51budget1,read> 1.3824635417115024E-4
<613,planner5,proj52task2a,setSchedule> 4.439768092469077E-4
<614,aud8,proj81sched1,read> 4.9224498391035156E-5
<615,nonemployee4_area1,proj42task1a,setStatus> 6.875257380543343E-4
<616,planner6,proj61task1a,setSchedule> 0.001059305592033767
<617,manager7,proj71budget1,approve> 3.069773131986787E-4
<618,acc4,proj41task2prop,setCost> 0.0010344528966705995
<619,employee6_area2,proj61task2propa,read> 2.5489244172408667E-4
<620,planner9,proj91task2,setSchedule> 0.0015413131385501404
<621,employee4_area1,proj41task1prop,read> 4.4359576369592857E-4
<622,planner10,proj102sched1,read> 2.2578981689233373E-4
<623,planner10,proj102task1a,setSchedule> 0.0012644151862960535
<624,planner4,proj41sched1,read> 3.8148844110746786E-4
<625,employee5_area1,proj51task1prop,read> 1.58825295992967E-4
<626,planner1,proj11task2,setSchedule> 0.0016028460168288265
<627,planner4,proj41task1a,setSchedule> 0.0011413494297386815
<628,ldr102,proj102budget1,read> 0.0011112091630989158
<629,planner6,proj62task2propa,setSchedule> 0.0019207658879353705
<630,aud6,proj62sched1,read> 4.2339466107361865E-4
<631,planner6,proj62task1prop,setSchedule> 0.0017669336922386555
<632,planner7,proj72task1,setSchedule> 8.849624369108236E-4
<633,employee5_area1,proj51task1a,setStatus> 9.2408484629087E-5
<634,employee7_area2,proj71task2a,read> 0.001257040438623667
<635,employee4_area1,proj41task1propa,setStatus> 5.20892907095265E-4
<636,ldr102,proj102sched1,write> 4.099835701327363E-4
<637,planner5,proj51task1,setSchedule> 6.593418832223086E-4
<638,nonemployee8_area1,proj82task1,read> 0.001118847326940884
<639,ldr11,proj11sched1,write> 1.5745052646721512E-4
<640,planner6,proj62sched1,read> 3.073961237931752E-4
<641,ldr22,proj22budget1,write> 6.5792510391343E-4
<642,ldr52,proj52budget1,read> 6.465920914199267E-4
<643,employee7_area1,proj71task1prop,request> 4.579600892957246E-4
<644,acc4,proj42task2prop,setCost> 0.0011275007892501698
<645,planner2,proj21task2,setSchedule> 0.0017874446516648844
<646,planner3,proj32task1,setSchedule> 4.1321037010756467E-4
<647,planner3,proj32task2,setSchedule> 4.0295489039445035E-4
<648,manager6,proj61budget1,approve> 1.4645835170434612E-4
<649,planner2,proj22task1,setSchedule> 0.0019822987662140566
<650,planner9,proj92task2propa,setSchedule> 7.106192817878801E-4
<651,planner5,proj52task1prop,setSchedule> 7.824076397796805E-4
<652,employee10_area2,proj101task2,request> 1.1818951550801166E-4
<653,employee5_area1,proj51task1,read> 6.109018572586829E-4
<654,ldr41,proj41sched1,read> 9.977167095807744E-4
<655,employee2_area1,proj21task1,read> 0.0016656280709574068
<656,employee4_area1,proj41task1propa,request> 3.0631123782017157E-4
<657,employee8_area1,proj81task1propa,setStatus> 6.240465643556413E-4
<658,manager4,proj41budget1,approve> 2.486067817461941E-4
<659,employee10_area2,proj101task2propa,setStatus> 6.08176770930968E-4
<660,nonemployee9_area1,proj92task1a,read> 3.66034836555157E-4
<661,employee2_area2,proj21task2propa,request> 4.7895762257695496E-4
<662,employee5_area2,proj51task2,read> 6.01399819297433E-4
<663,ldr42,proj41sched1,read> 4.2820131144715774E-4
<664,ldr52,proj52sched1,read> 2.9962032710418565E-4
<665,nonemployee1_area2,proj12task2a,setStatus> 3.9393455969787894E-4
<666,manager8,proj81budget1,approve> 1.6834730099902782E-4
<667,planner7,proj71task2propa,setSchedule> 5.362761266649366E-4
<668,acc3,proj32task1propa,setCost> 0.0016096580507988512
<669,acc3,proj32budget1,read> 3.283546495125457E-4
<670,acc2,proj22sched1,read> 3.347336257668282E-4
<671,employee3_area2,proj31task2propa,read> 5.671106653502252E-4
<672,planner3,proj31task2,setSchedule> 0.0016438679356812836
<673,acc4,proj42sched1,read> 8.443420923692635E-5
<674,employee3_area2,proj31task2propa,request> 3.856352524381532E-4
<675,planner10,proj101task2a,setSchedule> 0.0013772254631403114
<676,aud7,proj71sched1,read> 8.039922060480175E-4
<677,ldr32,proj32budget1,write> 4.2662779346523656E-5
<678,ldr51,proj52sched1,read> 1.5314031428122695E-4
<679,employee9_area1,proj91task1prop,read> 4.367338247151343E-4
<680,planner2,proj22sched1,read> 2.9216634387740497E-4
<681,planner9,proj92task1prop,setSchedule> 9.670062746157383E-4
<682,manager3,proj32budget1,read> 8.474367522072957E-5
<683,acc6,proj62task2a,setCost> 0.0013728088696872182
<684,planner3,proj32task2propa,setSchedule> 3.3116653240265016E-4
<685,acc4,proj42task1propa,setCost> 0.0016434936481005131
<686,employee7_area1,proj71task1propa,read> 1.2451560108899578E-4
<687,nonemployee10_area2,proj102task2a,read> 7.120857393937573E-4
<688,employee6_area1,proj61task1propa,request> 9.86689642613374E-5
<689,nonemployee1_area1,proj12task1a,setStatus> 3.3839028271152253E-4
<690,nonemployee9_area2,proj92task2a,read> 4.571008636179466E-4
<691,planner2,proj21task1a,setSchedule> 0.0012849261457222824
<692,employee2_area2,proj21task2a,setStatus> 3.225204892868493E-4
<693,acc1,proj11task1,setCost> 0.0014151033663142955
<694,nonemployee4_area1,proj42sched1,read> 1.3854674112357527E-4
<695,employee1_area2,proj11task2propa,request> 3.2730877110140203E-4
<696,planner8,proj81task1,setSchedule> 0.0014079919022796541
<697,ldr41,proj42sched1,read> 7.883636111072128E-5
<698,nonemployee8_area1,proj82task1a,request> 5.956831199126094E-4
<699,nonemployee3_area1,proj32task1a,setStatus> 2.828460057251661E-4
<700,acc8,proj81task2propa,setCost> 4.084943465898552E-4
<701,planner6,proj61sched1,read> 4.096257633772475E-4
<702,ldr12,proj12budget1,write> 4.053920602479086E-4
<703,employee3_area2,proj31task2a,setStatus> 7.113304281913442E-4
<704,employee5_area1,proj51task1prop,request> 1.0800120127521757E-4
<705,ldr42,proj42budget1,write> 3.135618625513555E-4
<706,acc1,proj12sched1,read> 5.278466673660138E-4
<707,acc6,proj62sched1,read> 3.576621566147007E-4
<708,acc7,proj71task2,setCost> 2.646930580577923E-4
<709,acc7,proj71task1,setCost> 2.5623415873237684E-4
<710,planner2,proj22task2a,setSchedule> 5.670425658042796E-4
<711,acc8,proj82task1prop,setCost> 0.0017450004400054986
<712,nonemployee4_area2,proj42sched1,read> 1.3947971581127614E-4
<713,nonemployee8_area2,proj82task2propa,setStatus> 7.192653249036809E-4
<714,nonemployee5_area2,proj52task2,request> 2.0762042325570885E-4
<715,planner9,proj91task2propa,setSchedule> 0.001961787806787828
<716,acc5,proj51task1,setCost> 5.438367357965027E-4
<717,ldr42,proj42sched1,read> 1.9881851631779965E-4
<718,acc2,proj21sched1,read> 5.616558574497146E-4
<719,employee2_area1,proj21task1propa,request> 6.83391939662268E-5
<720,acc3,proj31budget1,read> 9.291111383067996E-4
<721,acc1,proj11task2a,setCost> 0.0015758224534971896
<722,planner2,proj22task1a,setSchedule> 9.977727137550811E-4
<723,nonemployee3_area2,proj32task2a,setStatus> 2.153993836703048E-4
<724,nonemployee8_area2,proj82task2a,request> 7.319178963985425E-4
<725,ldr92,proj92budget1,write> 4.5130715909618525E-4
<726,aud4,proj42sched1,read> 1.0029477892784071E-4
<727,acc9,proj92task2,setCost> 7.045558229793966E-4
<728,aud5,proj52sched1,read> 1.4639404492963106E-4
<729,acc1,proj11task2prop,setCost> 0.0011021240912739232
<730,ldr81,proj81sched1,write> 5.643730900100664E-5
<731,planner7,proj72task2,setSchedule> 8.952179166239379E-4
<732,planner5,proj51task1prop,setSchedule> 4.7474324838625055E-4
<733,planner3,proj32task1prop,setSchedule> 7.208747615009945E-4
<734,planner3,proj32sched1,read> 2.1283012597882493E-4
<735,ldr52,proj52sched1,write> 1.253099572734215E-4
<736,acc4,proj41task1a,setCost> 9.414050040910294E-4
<737,nonemployee3_area2,proj32task2,request> 1.6220883109373106E-4
<738,ldr31,proj31budget1,read> 1.4371243736737365E-4
<739,acc7,proj72task1propa,setCost> 0.0013051376750838947
<740,employee2_area2,proj21task2prop,read> 6.460229636293593E-4
<741,acc3,proj31task1prop,setCost> 1.7164516547822216E-4
<742,planner8,proj81task2propa,setSchedule> 4.952542078124793E-4
<743,acc8,proj81task1prop,setCost> 9.667817020672757E-4
<744,employee6_area2,proj61task2prop,read> 3.9556219083036883E-4
<745,planner4,proj42task1prop,setSchedule> 0.0010695610717468816
<746,acc7,proj71task1a,setCost> 0.0012628431784568173
<747,acc3,proj32budget1,write> 2.758179055905383E-4
<748,planner2,proj21sched1,read> 4.902314131497509E-4
<749,employee5_area2,proj51task2a,setStatus> 5.6701449423572174E-5
<750,employee3_area2,proj31task2propa,setStatus> 6.557861512049877E-4
<751,employee3_area1,proj31task1a,setStatus> 7.98614292027047E-4
<752,ldr31,proj32sched1,read> 2.6996573026844234E-4
<753,employee3_area2,proj31task2prop,request> 3.1564347483405174E-4
<754,employee8_area1,proj81task1prop,request> 2.6664923051118077E-4
<755,acc7,proj71sched1,read> 7.166808352554726E-4
<756,employee3_area2,proj31task2a,request> 0.0011584726315056362
<757,acc5,proj52task1prop,setCost> 6.453435277014881E-4
<758,nonemployee6_area1,proj62task1propa,setStatus> 2.669762123004929E-4
<759,planner5,proj51task2,setSchedule> 6.490864035091942E-4
<760,planner8,proj81task1propa,setSchedule> 0.0016131014965419408
<761,aud6,proj61sched1,read> 5.642015231422465E-4
<762,manager10,proj102budget1,read> 0.0018541004098741685
<763,ldr12,proj12budget1,read> 4.826095955332246E-4
<764,acc2,proj22task1a,setCost> 8.22980413535213E-4
<765,employee5_area2,proj51task2propa,setStatus> 4.177392498348888E-4
<766,acc3,proj32task1,setCost> 3.4082315198653146E-4
<767,acc10,proj102task1a,setCost> 0.0010429117959960149
<768,employee9_area2,proj91task2a,request> 7.707894826866456E-4
<769,acc2,proj21task2,setCost> 0.001474315661592204
<770,acc2,proj22task2a,setCost> 4.6770664186776345E-4
<771,planner6,proj62task2,setSchedule> 0.0011105829905993388
<772,planner7,proj71task1,setSchedule> 3.106555729764215E-4
<773,planner9,proj92task1propa,setSchedule> 9.567507949026238E-4
<774,acc10,proj102task1prop,setCost> 0.001025993997345184
<775,acc6,proj62task1a,setCost> 0.001753459339330914
<776,nonemployee1_area2,proj12task2,read> 3.417505626717465E-4
<777,employee7_area1,proj71task1prop,read> 6.734707195525362E-4
<778,planner7,proj71sched1,read> 5.711618839345645E-4
<779,employee4_area1,proj41task1propa,read> 4.504577026767228E-4
<780,acc3,proj32task1prop,setCost> 5.945901317489955E-4
<781,nonemployee3_area1,proj32task1a,request> 2.943152810194845E-4
<782,ldr61,proj61budget1,write> 3.686599811692874E-4
<783,planner1,proj11task1propa,setSchedule> 1.9784529613216386E-4
<784,planner4,proj42task2,setSchedule> 6.388309237960798E-4
<785,nonemployee1_area1,proj12task1propa,setStatus> 4.4947883668423536E-4
<786,ldr21,proj22sched1,read> 2.2251079169471237E-4
<787,nonemployee2_area2,proj22sched1,read> 5.282212707187518E-4
<788,manager1,proj12budget1,approve> 1.610509845674672E-4
<789,nonemployee7_area2,proj72task2,request> 3.603685059823611E-4
<790,employee10_area2,proj101task2prop,request> 1.1033426052868764E-4
<791,acc5,proj52task2prop,setCost> 3.8311764861360877E-4
<792,planner10,proj102task2propa,setSchedule> 2.1835625555839252E-4
<793,planner8,proj82task2,setSchedule> 0.0018797439690829134
<794,planner8,proj82task1,setSchedule> 0.0018899994487960273
<795,aud3,proj32sched1,read> 3.0139031262773193E-4
<796,nonemployee2_area1,proj22task1propa,setStatus> 5.764371840816213E-4
<797,planner4,proj41task1prop,setSchedule> 0.0013259480645747396
<798,employee1_area1,proj11sched1,read> 1.284423891023699E-4
<799,employee6_area2,proj61task2a,request> 9.880535806706214E-5
<800,employee1_area2,proj11task2prop,read> 4.470267331863257E-4
<801,employee5_area1,proj51task1a,request> 1.504964445762609E-4
<802,nonemployee7_area1,proj72task1,read> 5.238826167973256E-4
<803,employee5_area2,proj51task2a,request> 9.234397225341231E-5
<804,employee1_area2,proj11sched1,read> 1.3224808952021786E-4
<805,nonemployee4_area2,proj42task2,read> 3.7817697349686226E-4
<806,employee3_area2,proj31task2,request> 0.001035706301046289
<807,nonemployee7_area2,proj72task2,read> 5.299536852681781E-4
<808,acc7,proj72task2prop,setCost> 0.0016942470440530059
<809,ldr11,proj11budget1,write> 4.421241393265299E-4
<810,employee3_area1,proj31task1,request> 0.0010292449152326391
<811,ldr41,proj41budget1,read> 7.44981588951948E-4
<812,nonemployee4_area1,proj42task1,read> 3.7210590502600966E-4
<813,ldr42,proj42budget1,read> 3.732879316087566E-4
<814,employee9_area1,proj91task1propa,setStatus> 7.748096018900372E-4
<815,nonemployee7_area2,proj72sched1,read> 1.83271439315611E-4
<816,nonemployee4_area2,proj42task2a,request> 1.1679723893175332E-4
<817,nonemployee9_area1,proj92sched1,read> 6.352768244445561E-4
<818,nonemployee5_area2,proj52task2propa,setStatus> 5.486650455884432E-4
<819,ldr101,proj101sched1,write> 8.691345586155022E-4
<820,planner3,proj31task1prop,setSchedule> 2.081007758452782E-4
<821,manager10,proj101budget1,approve> 1.4463427259645597E-4
<822,ldr62,proj61sched1,read> 6.105742510717463E-4
<823,employee2_area1,proj21task1prop,request> 2.1065580842789965E-4
<824,nonemployee7_area1,proj72sched1,read> 1.8669707369534203E-4
<825,nonemployee9_area2,proj92sched1,read> 6.407770566908293E-4
<826,acc6,proj61task2propa,setCost> 6.284257290506574E-4
<827,employee1_area2,proj11task2prop,request> 3.039781785667015E-4
<828,nonemployee2_area1,proj22task1a,read> 5.906643699767045E-4
<829,planner5,proj52sched1,read> 9.782090559814058E-5
<830,employee3_area1,proj31task1prop,request> 4.734166068499637E-5
<831,nonemployee4_area2,proj42task2a,read> 1.717606454878725E-4
<832,employee5_area1,proj51task1propa,read> 6.803326585333303E-4
<833,employee6_area1,proj61task1a,setStatus> 4.098043531225522E-4
<834,nonemployee1_area2,proj12task2,request> 2.3239038261678763E-4
<835,nonemployee10_area2,proj102sched1,read> 5.430151794683398E-4
<836,planner9,proj91task1prop,setSchedule> 0.0013054371051485108
<837,employee8_area1,proj81sched1,read> 3.572292168949409E-5
<838,acc10,proj102task2propa,setCost> 1.801040648036376E-4
<839,planner7,proj72task1propa,setSchedule> 0.0015823350574025977
<840,planner9,proj92task1a,setSchedule> 6.183199643698512E-4
<841,employee9_area1,proj91task1a,setStatus> 5.010556653144235E-4
<842,employee2_area2,proj21task2a,request> 5.252568217679517E-4
<843,nonemployee8_area1,proj82task1propa,setStatus> 6.280140127118095E-4
<844,acc10,proj101budget1,write> 0.0023537285844788996
<845,nonemployee10_area1,proj102sched1,read> 5.168907378444333E-4
<846,employee10_area1,proj101task1propa,request> 4.1596502273326375E-4
<847,nonemployee1_area1,proj12task1,request> 2.4064703573714718E-4
<848,nonemployee3_area1,proj32task1,read> 2.446134671381042E-4
<849,nonemployee10_area1,proj102task1,request> 4.2487360848517044E-5
<850,nonemployee2_area1,proj22task1,request> 7.979711213614195E-4
<851,nonemployee4_area1,proj42task1a,read> 0.0010520655737615051
<852,employee10_area1,proj101task1,request> 1.1172812969436184E-4
<853,planner9,proj92task2,setSchedule> 8.541959977714808E-4
<854,employee10_area2,proj101sched1,read> 5.304431946617948E-4
<855,employee6_area2,proj61task2a,setStatus> 6.0668897779740486E-5
<856,acc1,proj11task1prop,setCost> 4.1695324591527064E-4
<857,employee2_area2,proj21task2propa,setStatus> 8.144840854517203E-4
<858,ldr72,proj72budget1,read> 7.99642420914182E-4
<859,nonemployee3_area2,proj32task2,read> 2.3854239866725156E-4
<860,nonemployee10_area2,proj102task2,request> 4.661568740869684E-5
<861,employee3_area1,proj31task1propa,read> 3.440976484744119E-4
<862,planner1,proj11task1,setSchedule> 0.001715656293673084
<863,ldr71,proj71sched1,write> 7.635298312644659E-4

