<0,aud7,proj71sched1,read> 9.89518418802316E-4
<1,acc10,proj101task2a,setCost> 0.0013980894670455942
<2,nonemployee10_area2,proj102task2a,request> 5.959546942437202E-4
<3,acc8,proj81budget1,read> 0.004014062050465767
<4,planner3,proj31task1,setSchedule> 0.0020105787123374775
<5,planner8,proj82task2propa,setSchedule> 0.0022882626150615656
<6,aud4,proj42budget1,read> 0.00481588114998469
<7,aud10,proj102budget1,read> 0.014335987877227148
<8,employee1_area2,proj11task2a,setStatus> 9.096550907046014E-4
<9,nonemployee5_area2,proj52task2,read> 3.757796029423103E-4
<10,acc4,proj42budget1,write> 0.0024949887442886
<11,planner8,proj81task1propa,setSchedule> 0.0019853347211807424
<12,planner3,proj32sched1,write> 0.007551896459634644
<13,acc7,proj71budget1,write> 0.006148419486382949
<14,aud4,proj41budget1,read> 0.009611194168151262
<15,acc8,proj82task1a,setCost> 0.0015021978977284803
<16,acc8,proj82task2propa,setCost> 0.00188739909125516
<17,acc8,proj82budget1,read> 0.007667492792560118
<18,acc8,proj82budget1,write> 0.006440693945750499
<19,planner9,proj92task1,setSchedule> 0.001063929043959905
<20,nonemployee7_area2,proj72task2a,request> 0.0010125937131679268
<21,planner9,proj92task1a,setSchedule> 7.61001150079082E-4
<22,planner2,proj21sched1,write> 0.016458025787908302
<23,planner9,proj91task2propa,setSchedule> 0.0024144825708452416
<24,acc9,proj91budget1,write> 0.005381199030543136
<25,planner7,proj71sched1,write> 0.019233962201915675
<26,employee10_area1,proj101task1a,read> 0.0017810042037748933
<27,acc1,proj11budget1,read> 0.004188034942946449
<28,planner2,proj22task2a,setSchedule> 6.978911721872437E-4
<29,acc6,proj61budget1,read> 0.003492143373023717
<30,planner9,proj91sched1,read> 7.142605199818145E-4
<31,employee6_area1,proj61task1,read> 0.0020032033602513234
<32,ldr41,proj41sched1,read> 0.0012279460589920874
<33,acc5,proj52budget1,write> 0.004321704115335774
<34,aud9,proj92budget1,read> 0.006931460422705236
<35,planner9,proj91task1,setSchedule> 0.0018717367609754336
<36,aud8,proj82budget1,read> 0.012431966531778658
<37,employee9_area2,proj91task2a,request> 9.486539600758176E-4
<38,planner6,proj61task1a,setSchedule> 0.0013037469599488899
<39,acc10,proj102sched1,read> 5.626743387972018E-4
<40,acc7,proj72task1a,setCost> 0.0018769882481868708
<41,ldr72,proj72budget1,read> 9.841648936370414E-4
<42,employee9_area1,proj91task1,read> 0.0017342254339903819
<43,aud7,proj71budget1,read> 0.011867812059053176
<44,ldr52,proj52budget1,write> 6.684696871973426E-4
<45,ldr101,proj102sched1,read> 4.7999566044332724E-4
<46,nonemployee9_area2,proj92task2propa,setStatus> 3.383485609129394E-4
<47,planner10,proj102sched1,write> 0.01032783287364202
<48,aud10,proj101budget1,read> 0.005591593549982223
<49,planner10,proj101sched1,write> 0.021894234598672742
<50,aud1,proj11budget1,read> 0.006790421804523865
<51,employee2_area1,proj21task1a,request> 9.963683052560195E-4
<52,planner8,proj82task2,setSchedule> 0.002313506606218301
<53,planner3,proj32task1a,setSchedule> 8.998431014411259E-4
<54,planner7,proj72sched1,write> 0.008361544580386796
<55,ldr101,proj101sched1,read> 0.0026243830871787934
<56,aud2,proj22budget1,read> 0.010104829331786054
<57,acc4,proj41budget1,write> 0.004979321648912758
<58,planner6,proj61task2,setSchedule> 0.002149420663699522
<59,planner9,proj91sched1,write> 0.018886970150164755
<60,acc1,proj12task1a,setCost> 8.87958156699451E-4
<61,nonemployee2_area2,proj22task2propa,setStatus> 3.5788040808530387E-4
<62,nonemployee7_area2,proj72task2a,setStatus> 9.73133594014786E-4
<63,acc6,proj61budget1,write> 0.002933400433339922
<64,aud8,proj81budget1,read> 0.006508344568161126
<65,acc5,proj52task2propa,setCost> 0.0014397328393187484
<66,acc6,proj61task1a,setCost> 0.0010753533319286465
<67,planner1,proj11sched1,write> 0.003966311924875119
<68,acc4,proj42task2prop,setCost> 0.0013876786239773054
<69,aud3,proj31budget1,read> 0.0018540701681759237
<70,ldr12,proj12sched1,read> 0.001209951188535875
<71,acc8,proj81task1prop,setCost> 0.0011898726056798214
<72,acc4,proj41budget1,read> 0.005927763867753284
<73,employee9_area2,proj91task2prop,read> 7.824287278322807E-4
<74,acc8,proj82task2prop,setCost> 0.002053972580347778
<75,planner5,proj52task1a,setSchedule> 3.0660930925784704E-4
<76,nonemployee8_area1,proj82task1a,read> 0.0010781481068676225
<77,planner10,proj102task1propa,setSchedule> 7.483791545007142E-4
<78,planner7,proj72task1propa,setSchedule> 0.0019474687344456392
<79,acc8,proj82task2a,setCost> 0.001845755718982005
<80,ldr71,proj72sched1,read> 5.417715310901501E-4
<81,aud3,proj31sched1,read> 8.209034884916058E-4
<82,planner6,proj61sched1,read> 5.041494614358706E-4
<83,acc2,proj22task1a,setCost> 0.0010128882735189147
<84,planner1,proj11task2propa,setSchedule> 0.0017707607963484925
<85,acc8,proj82task1prop,setCost> 0.0021476701679623753
<86,planner1,proj11task2,setSchedule> 0.001972712725602375
<87,acc3,proj32task1prop,setCost> 7.317955106751218E-4
<88,aud5,proj52budget1,read> 0.008341846604518933
<89,employee3_area2,proj31task2,read> 0.0018745617433439167
<90,manager10,proj101budget1,read> 8.900476624503538E-4
<91,planner3,proj31task1propa,setSchedule> 0.0012658809732137872
<92,employee4_area1,proj41task1a,read> 0.00130152181348365
<93,acc9,proj91task1prop,setCost> 0.0013252135655675735
<94,employee1_area2,proj11task2a,read> 0.0021786237469432423
<95,ldr81,proj82sched1,read> 9.15338844439554E-5
<96,planner4,proj41sched1,write> 0.011831465097896014
<97,nonemployee7_area1,proj72task1a,read> 0.0013471402998602954
<98,aud2,proj21budget1,read> 0.011374176895418383
<99,planner8,proj82task1prop,setSchedule> 0.002603812504520756
<100,planner2,proj22task1prop,setSchedule> 0.001960090730024007
<101,acc7,proj72budget1,write> 0.005344664723122193
<102,acc3,proj31task2propa,setCost> 0.0017208256021625414
<103,planner6,proj62sched1,write> 0.011715801080645707
<104,nonemployee10_area2,proj102task2a,setStatus> 5.727307269813134E-4
<105,employee8_area2,proj81task2propa,setStatus> 2.358063632580257E-4
<106,ldr42,proj42sched1,read> 2.4469712817547115E-4
<107,planner1,proj12sched1,write> 0.01240978518414755
<108,planner6,proj61task1,setSchedule> 0.002162042659277889
<109,acc5,proj51task1a,setCost> 2.4248588646555604E-4
<110,acc10,proj101budget1,read> 0.0034486501499035463
<111,ldr72,proj72budget1,write> 8.266985106551146E-4
<112,planner2,proj22task2,setSchedule> 0.002629056495677491
<113,nonemployee10_area1,proj102task1a,read> 9.212359942885633E-4
<114,planner10,proj101task1prop,setSchedule> 0.0017833827919268605
<115,employee3_area2,proj31task2propa,read> 6.979749861278744E-4
<116,acc9,proj91budget1,read> 0.006406189322075163
<117,nonemployee5_area2,proj52task2propa,setStatus> 6.75272924636227E-4
<118,ldr91,proj91sched1,read> 0.0016167199697065212
<119,planner8,proj82sched1,write> 0.0015373675626186671
<120,planner2,proj21task2a,setSchedule> 0.0010260630572248022
<121,planner2,proj21task2prop,setSchedule> 0.002376616584110139
<122,nonemployee2_area1,proj22task1a,request> 4.943354213353771E-4
<123,acc7,proj72sched1,read> 4.1528790515470637E-4
<124,planner2,proj21task1,setSchedule> 0.0022125306415913593
<125,planner3,proj31sched1,write> 0.013913417408401543
<126,employee10_area2,proj101task2a,setStatus> 6.557410774638626E-4
<127,planner10,proj102task1prop,setSchedule> 0.0015309428803595075
<128,aud1,proj12sched1,read> 7.450794740318128E-4
<129,acc4,proj41task1prop,setCost> 0.0013460352517041508
<130,acc8,proj81task1propa,setCost> 0.0016375388576162326
<131,acc10,proj101task1prop,setCost> 0.0014709653685236147
<132,planner6,proj62task1a,setSchedule> 0.0026164345000991235
<133,acc2,proj22task1propa,setCost> 0.0015126087407967691
<134,employee5_area2,proj51sched1,read> 1.7965653339991903E-4
<135,acc2,proj21task2,setCost> 0.0018145231897771395
<136,planner5,proj51task2propa,setSchedule> 0.0013289909511056254
<137,employee6_area2,proj61task2,read> 0.001991508667805196
<138,planner4,proj41task1prop,setSchedule> 0.0016319188449864486
<139,acc1,proj11budget1,write> 0.003517949352075017
<140,ldr21,proj21budget1,read> 0.001085076133087151
<141,planner2,proj22sched1,write> 0.009518184752889871
<142,aud9,proj91budget1,read> 0.010386906568148797
<143,employee2_area2,proj21task2propa,read> 8.668824695366869E-4
<144,planner9,proj92sched1,write> 0.012641113218648163
<145,manager1,proj11budget1,read> 0.0010808723846152217
<146,acc6,proj62task2prop,setCost> 0.001710414759094253
<147,ldr22,proj22budget1,read> 9.639826457470195E-4
<148,aud6,proj61budget1,read> 0.005662112859072908
<149,acc1,proj11task2a,setCost> 0.0019394533065966032
<150,acc2,proj21sched1,read> 6.912614473050102E-4
<151,ldr72,proj71sched1,read> 0.0011327971038777645
<152,employee1_area2,proj11task2a,request> 0.0014814641479214043
<153,employee5_area2,proj51task2propa,read> 4.4461376101465554E-4
<154,planner2,proj22task1,setSchedule> 0.002439726562001977
<155,ldr41,proj41budget1,read> 9.16890734003635E-4
<156,nonemployee10_area1,proj102task1a,setStatus> 6.020284977398602E-4
<157,nonemployee8_area2,proj82task2a,read> 0.0013247242837775724
<158,acc9,proj91sched1,read> 9.570157293873985E-4
<159,planner5,proj51task1propa,setSchedule> 0.0025028365398938146
<160,planner8,proj81task2,setSchedule> 0.0017581388007701247
<161,planner8,proj82task1a,setSchedule> 0.001821248778661963
<162,employee8_area1,proj81task1propa,read> 6.64193489446112E-4
<163,planner6,proj62task2prop,setSchedule> 0.0020736886902293153
<164,acc10,proj102task2prop,setCost> 3.6741600328501963E-4
<165,acc10,proj102budget1,write> 0.007427120246115972
<166,ldr82,proj82sched1,read> 1.8226476871216032E-4
<167,ldr42,proj42budget1,write> 3.859182167370359E-4
<168,nonemployee10_area2,proj102task2a,read> 8.764039621231178E-4
<169,acc7,proj72task1propa,setCost> 0.001606306328411367
<170,planner1,proj11task1a,setSchedule> 0.0025785685133640213
<171,nonemployee6_area2,proj62task2propa,setStatus> 9.145380524976923E-4
<172,ldr21,proj21sched1,write> 8.040943930182901E-4
<173,nonemployee1_area2,proj12task2a,request> 5.044973486262115E-4
<174,employee7_area1,proj71task1a,request> 0.0011872256859768269
<175,acc6,proj62task1prop,setCost> 0.0017937015036405622
<176,acc2,proj21task1a,setCost> 0.0013043918794309961
<177,ldr61,proj61sched1,read> 0.0016208809741156084
<178,acc2,proj22budget1,read> 0.006232216429594478
<179,planner1,proj12sched1,read> 7.157167361389335E-4
<180,planner8,proj82task1,setSchedule> 0.002326128601796668
<181,employee7_area2,proj71task2prop,read> 4.488364480998759E-4
<182,nonemployee6_area2,proj62task2,read> 8.091559138749498E-4
<183,employee3_area1,proj31task1,read> 0.0018628670508977886
<184,planner2,proj21sched1,read> 6.033553673009049E-4
<185,nonemployee4_area1,proj42task1a,request> 8.804886583870807E-4
<186,ldr62,proj62sched1,write> 5.724021872408382E-4
<187,planner2,proj22task1propa,setSchedule> 0.0018338707742403305
<188,ldr11,proj11budget1,read> 6.477940954700092E-4
<189,acc5,proj51task1propa,setCost> 0.0020643834234160665
<190,acc4,proj42task1a,setCost> 0.0018041123467088507
<191,ldr71,proj71sched1,read> 0.0022694201524160497
<192,nonemployee1_area2,proj12task2,read> 4.2061163510775576E-4
<193,planner8,proj81task1,setSchedule> 0.0017328948096133896
<194,nonemployee3_area2,proj32task2a,read> 4.056676243859406E-4
<195,ldr31,proj31sched1,read> 0.0015445637341584952
<196,planner7,proj72task2prop,setSchedule> 0.0025280805310505506
<197,employee2_area2,proj21task2a,request> 6.464631072678731E-4
<198,acc9,proj92budget1,write> 0.0035910179669169043
<199,acc10,proj102task1propa,setCost> 6.172762369239468E-4
<200,employee2_area2,proj21task2,read> 0.0020382874375897073
<201,nonemployee9_area1,proj92task1a,setStatus> 2.944019047751192E-4
<202,employee6_area1,proj61sched1,read> 7.895170811165522E-4
<203,ldr32,proj32budget1,read> 6.250890665937345E-5
<204,nonemployee1_area1,proj12sched1,read> 4.8081483299589886E-4
<205,ldr102,proj102budget1,read> 0.0013676276035474578
<206,employee9_area1,proj91task1propa,setStatus> 9.536017468424213E-4
<207,ldr81,proj81sched1,read> 1.7927833706145874E-4
<208,acc7,proj71budget1,read> 0.00731954700759875
<209,acc10,proj102budget1,read> 0.008841809816804729
<210,ldr31,proj32sched1,read> 3.3226200519919865E-4
<211,manager1,proj11budget1,approve> 2.1617447692304435E-4
<212,planner1,proj11task2prop,setSchedule> 0.001644540840564816
<213,planner3,proj31sched1,read> 5.796901411623189E-4
<214,acc6,proj61task1propa,setCost> 4.4029190476304E-4
<215,employee5_area1,proj51sched1,read> 1.814621267004207E-4
<216,planner1,proj12task1propa,setSchedule> 0.0014299669157325663
<217,acc1,proj11task2propa,setCost> 0.001460554525455326
<218,planner6,proj62task1,setSchedule> 0.0013921009289974634
<219,nonemployee9_area2,proj92task2a,read> 5.625797369649998E-4
<220,acc10,proj102task2,setCost> 1.1755576964609246E-4
<221,employee1_area1,proj11task1,request> 0.001330368721517432
<222,acc10,proj102task1,setCost> 1.0714492657780381E-4
<223,planner3,proj31task2,setSchedule> 0.002023200707915845
<224,acc1,proj11task1a,setCost> 0.0021268484818257986
<225,acc3,proj32sched1,read> 3.217140050341447E-4
<226,nonemployee8_area1,proj82task1a,request> 7.331407126699834E-4
<227,ldr11,proj12sched1,read> 4.7347414852267906E-4
<228,nonemployee2_area2,proj22task2a,request> 2.8093494822785674E-4
<229,acc4,proj41task2propa,setCost> 0.0020019183650063347
<230,planner9,proj91task1prop,setSchedule> 0.001606674853829713
<231,nonemployee2_area1,proj22task1,read> 0.0014442763695520942
<232,nonemployee5_area1,proj52task1a,read> 1.8150746355871325E-4
<233,nonemployee9_area2,proj92task2a,request> 3.825542211361998E-4
<234,ldr82,proj82budget1,read> 0.0011859873725372607
<235,acc9,proj91task2,setCost> 0.0015646629561382123
<236,planner5,proj52task1propa,setSchedule> 0.0023008846106399327
<237,planner4,proj42task1a,setSchedule> 0.0021872866504346242
<238,acc2,proj22sched1,read> 4.1197549627611187E-4
<239,acc9,proj91task1,setCost> 0.001543841270001635
<240,planner3,proj31task2prop,setSchedule> 0.001707650818456654
<241,acc7,proj71task2,setCost> 3.257726310118651E-4
<242,nonemployee1_area2,proj12sched1,read> 5.17518255361998E-4
<243,ldr31,proj31budget1,write> 1.4857498155037806E-4
<244,ldr62,proj62budget1,write> 9.206468745831668E-5
<245,employee7_area2,proj71task2a,request> 0.0010520350412995883
<246,nonemployee3_area2,proj32task2propa,setStatus> 1.5767897456856768E-4
<247,nonemployee3_area1,proj32task1a,read> 5.326917155213694E-4
<248,nonemployee8_area1,proj82task1,request> 9.363792584866693E-4
<249,manager5,proj52budget1,approve> 2.6556440501277503E-4
<250,planner3,proj31task2propa,setSchedule> 0.002086310685807683
<251,acc2,proj22task2prop,setCost> 6.901521384019672E-4
<252,planner10,proj101sched1,read> 7.821227567525866E-4
<253,nonemployee6_area1,proj62task1a,setStatus> 0.001012197288359515
<254,acc5,proj51task2propa,setCost> 0.0010961750180652238
<255,ldr22,proj22sched1,write> 4.6503262846592176E-4
<256,aud7,proj72budget1,read> 0.010316387259058112
<257,manager5,proj52budget1,read> 0.001327822025063875
<258,ldr42,proj41sched1,read> 5.270114330025779E-4
<259,nonemployee5_area1,proj52task1propa,setStatus> 8.901232435322366E-4
<260,acc4,proj42budget1,read> 0.0029702246955816674
<261,planner10,proj101task2propa,setSchedule> 0.0019348467388672717
<262,employee6_area2,proj61task2propa,read> 3.1371046137282593E-4
<263,acc10,proj101task2propa,setCost> 0.0015958954853430782
<264,employee3_area1,proj31task1a,read> 0.00235404413363516
<265,manager8,proj81budget1,read> 0.001035972449988194
<266,acc5,proj52task2prop,setCost> 4.715244339679059E-4
<267,nonemployee9_area1,proj92task1a,request> 3.0633976645494257E-4
<268,ldr102,proj102sched1,read> 0.0010898843639870492
<269,ldr51,proj51budget1,write> 1.4292395214117194E-4
<270,planner9,proj91task1propa,setSchedule> 0.0024649705531587123
<271,planner7,proj71task2a,setSchedule> 0.0016697848317215513
<272,employee9_area2,proj91task2propa,read> 8.077648503436026E-4
<273,nonemployee9_area1,proj92task1propa,setStatus> 4.5553964394712634E-4
<274,acc5,proj52budget1,read> 0.005144885851590207
<275,planner5,proj52task2,setSchedule> 6.347811942954057E-4
<276,acc1,proj12task1propa,setCost> 0.0011794617626115329
<277,employee7_area1,proj71sched1,read> 7.2087088428585E-4
<278,planner5,proj52task1,setSchedule> 6.474031898737731E-4
<279,acc2,proj21task2a,setCost> 8.463147844262967E-4
<280,employee4_area2,proj41task2prop,request> 3.5115162019511256E-4
<281,employee5_area1,proj51task1,request> 5.112724625906346E-4
<282,ldr41,proj41budget1,write> 7.701882165630533E-4
<283,acc2,proj22task1prop,setCost> 0.0016167171714796553
<284,employee4_area1,proj41task1,read> 4.478092649163139E-4
<285,acc8,proj82sched1,read> 6.266298182363971E-5
<286,planner7,proj72sched1,read> 3.3096548786441067E-4
<287,planner1,proj11sched1,read> 2.283396136048718E-4
<288,planner2,proj21task1prop,setSchedule> 0.0011396610174301109
<289,acc3,proj31task1propa,setCost> 0.0010441208027237806
<290,employee4_area1,proj41task1,request> 3.045103001430934E-4
<291,planner10,proj102task1,setSchedule> 1.299013711607002E-4
<292,planner10,proj102task2,setSchedule> 1.4252336673906786E-4
<293,nonemployee8_area2,proj82task2,request> 9.312982948412524E-4
<294,nonemployee6_area1,proj62task1,read> 8.240999245967649E-4
<295,employee4_area2,proj41task2,read> 4.3611457247018603E-4
<296,manager2,proj22budget1,read> 0.001608446616482799
<297,manager7,proj72budget1,read> 0.00164212156745307
<298,planner9,proj91task1a,setSchedule> 0.0015940528582513457
<299,planner7,proj72task1a,setSchedule> 0.0022756406194831976
<300,nonemployee4_area1,proj42task1propa,setStatus> 9.487187850493303E-4
<301,employee3_area2,proj31task2a,read> 0.0020967608998203467
<302,planner3,proj32task2prop,setSchedule> 0.0025533245222072857
<303,acc5,proj52task1a,setCost> 2.5289672953384464E-4
<304,manager3,proj31budget1,approve> 5.9024705728447004E-5
<305,planner6,proj61task2a,setSchedule> 1.930113490525384E-4
<306,acc6,proj62task1propa,setCost> 7.005629814702558E-4
<307,acc4,proj42task2propa,setCost> 4.611135908996173E-4
<308,acc1,proj12budget1,write> 0.003225674892707469
<309,manager4,proj42budget1,read> 7.665728422260273E-4
<310,planner8,proj82task1propa,setSchedule> 0.0019979567167591095
<311,acc7,proj71task2propa,setCost> 5.444003354459264E-4
<312,nonemployee1_area2,proj12task2a,read> 7.419078656267815E-4
<313,employee3_area2,proj31task2a,setStatus> 8.754743581529633E-4
<314,ldr11,proj11budget1,write> 5.441470401948077E-4
<315,acc5,proj51task2a,setCost> 1.4878829885095837E-4
<316,acc3,proj31budget1,read> 0.0011435093245344915
<317,acc9,proj92task1,setCost> 8.775473136311625E-4
<318,ldr101,proj101sched1,write> 0.0010696927752509786
<319,acc2,proj22budget1,write> 0.0052350618008593615
<320,employee4_area2,proj41task2propa,setStatus> 9.389528614631481E-4
<321,employee9_area1,proj91task1a,read> 0.0014769422001755686
<322,acc1,proj12sched1,read> 6.49650575879955E-4
<323,acc8,proj81task2a,setCost> 8.046714121531421E-4
<324,manager9,proj91budget1,read> 0.0016533465511098268
<325,employee4_area1,proj41task1a,request> 8.850348331688819E-4
<326,acc7,proj72task2,setCost> 9.087798428360284E-4
<327,acc10,proj101budget1,write> 0.002896866125918979
<328,employee1_area2,proj11task2prop,read> 5.501809381451634E-4
<329,nonemployee4_area1,proj42task1a,read> 0.0012948362623339423
<330,acc8,proj82task2,setCost> 0.0019082207773917373
<331,acc2,proj21task2propa,setCost> 0.0021372593248940868
<332,acc8,proj82task1,setCost> 0.0019186316204600254
<333,acc1,proj11task1,setCost> 0.0017416472882991188
<334,ldr22,proj21sched1,read> 4.6750051638546936E-4
<335,acc7,proj72task1,setCost> 8.983689997677397E-4
<336,acc10,proj102task2a,setCost> 0.0012211051348846873
<337,employee8_area2,proj81task2,read> 0.0016289732019752307
<338,employee5_area2,proj51task2prop,read> 4.910633189520791E-4
<339,ldr11,proj11sched1,read> 3.817497424353431E-4
<340,employee6_area2,proj61task2,request> 0.0013542258941075332
<341,planner7,proj72task1prop,setSchedule> 0.001202770995321949
<342,acc8,proj81task1,setCost> 0.0014293219962504598
<343,employee1_area2,proj11task2,request> 0.0012428924220203956
<344,acc4,proj42task1prop,setCost> 0.0010857641749969353
<345,acc7,proj72budget1,read> 0.006362696098954992
<346,employee7_area2,proj71task2prop,request> 3.052087847079156E-4
<347,acc2,proj21task1prop,setCost> 9.400123720408943E-4
<348,acc4,proj41task2,setCost> 3.8823768942159695E-4
<349,acc1,proj12task2propa,setCost> 4.298810616947514E-4
<350,planner7,proj72task2propa,setSchedule> 7.23135163343979E-4
<351,acc4,proj41task1,setCost> 3.9864853248988545E-4
<352,ldr21,proj21sched1,read> 0.0014167642843505932
<353,employee1_area2,proj11task2prop,request> 3.7412303793871117E-4
<354,nonemployee8_area1,proj82task1a,setStatus> 7.045706953947738E-4
<355,aud9,proj92sched1,read> 6.058653381985883E-4
<356,employee4_area2,proj41task2,request> 2.965579092797265E-4
<357,employee6_area1,proj61task1prop,request> 3.224373480156145E-4
<358,acc3,proj31task1,setCost> 0.0016583605437528097
<359,planner9,proj91task2a,setSchedule> 0.0015056988892027722
<360,acc1,proj12task2a,setCost> 0.001033709959655492
<361,ldr12,proj12sched1,write> 6.063083636960753E-4
<362,nonemployee10_area1,proj102task1a,request> 6.264404761162231E-4
<363,employee5_area2,proj51task2propa,setStatus> 5.141351854642199E-4
<364,planner1,proj12task1,setSchedule> 7.357571589223466E-4
<365,planner6,proj61task1propa,setSchedule> 5.338052296684644E-4
<366,employee2_area1,proj21task1,read> 0.002049982130035835
<367,planner9,proj91task2prop,setSchedule> 0.002338750597375036
<368,planner8,proj82task2prop,setSchedule> 0.002490214544315448
<369,employee2_area2,proj21task2prop,request> 5.406658165798004E-4
<370,planner10,proj101task1propa,setSchedule> 0.002250396628326463
<371,planner6,proj61task2propa,setSchedule> 9.377090881762288E-4
<372,employee1_area1,proj11task1prop,request> 1.4153743328477623E-4
<373,nonemployee4_area1,proj42task1,request> 3.1142073010035964E-4
<374,nonemployee5_area2,proj52task2,request> 2.5553013000077107E-4
<375,planner10,proj102task2a,setSchedule> 0.0014804548980460368
<376,employee4_area2,proj41task2a,request> 0.0012031304677035607
<377,planner4,proj42task1propa,setSchedule> 0.0024523485575803443
<378,employee3_area1,proj31task1prop,read> 8.568535877092889E-5
<379,planner1,proj11task1prop,setSchedule> 6.221591987170378E-4
<380,ldr102,proj102budget1,write> 0.0011488071869798645
<381,planner8,proj81task2a,setSchedule> 9.755750749113316E-4
<382,acc5,proj52task1propa,setCost> 0.0018978099343234481
<383,nonemployee9_area1,proj92task1,request> 4.282828939449542E-4
<384,acc6,proj61task1prop,setCost> 0.0011690509195432443
<385,employee5_area2,proj51task2,request> 5.033200717272676E-4
<386,acc9,proj91task2prop,setCost> 0.001929042463528314
<387,nonemployee8_area2,proj82sched1,read> 7.51299625005942E-5
<388,planner7,proj71task1a,setSchedule> 0.0018843587565538012
<389,nonemployee1_area1,proj12task1a,setStatus> 4.164759496023974E-4
<390,planner5,proj51sched1,write> 0.003850647907624813
<391,acc2,proj22task2propa,setCost> 7.630280398799875E-4
<392,nonemployee4_area2,proj42task2,request> 3.165016937457768E-4
<393,employee10_area1,proj101task1a,request> 0.0012110828585669277
<394,planner6,proj61sched1,write> 0.014838729546404004
<395,acc10,proj101task1propa,setCost> 0.001856166562050294
<396,employee6_area2,proj61task2propa,request> 2.1332311373352161E-4
<397,nonemployee9_area2,proj92task2,request> 4.232019302995371E-4
<398,acc7,proj71task1a,setCost> 0.0015542521130699235
<399,employee9_area1,proj91task1propa,request> 5.607658071054491E-4
<400,nonemployee8_area2,proj82task2a,setStatus> 8.65708434566781E-4
<401,nonemployee8_area1,proj82sched1,read> 7.381764874512532E-5
<402,acc4,proj41task1propa,setCost> 0.001366856937840728
<403,acc8,proj81task2prop,setCost> 5.54811178514215E-4
<404,employee1_area2,proj11task2propa,setStatus> 6.850388482224094E-4
<405,acc1,proj12task2,setCost> 5.860437077190809E-4
<406,nonemployee7_area1,proj72task1,read> 6.447717959349831E-4
<407,acc5,proj51task2prop,setCost> 0.0012106942918163987
<408,planner1,proj12task2propa,setSchedule> 5.211832340900968E-4
<409,planner5,proj52task2propa,setSchedule> 0.0017455168051917571
<410,employee2_area2,proj21task2,request> 0.0013860354575610011
<411,acc1,proj12task1,setCost> 6.068653938556581E-4
<412,nonemployee10_area1,proj102task1propa,setStatus> 2.895189429820281E-4
<413,acc4,proj41sched1,read> 5.781155719604035E-4
<414,aud2,proj21sched1,read> 8.271162982204459E-4
<415,employee3_area1,proj31task1propa,setStatus> 4.897203764987643E-4
<416,aud10,proj101sched1,read> 7.691951078806432E-4
<417,acc10,proj101sched1,read> 0.0015836369868130887
<418,acc3,proj31budget1,write> 9.605478326089728E-4
<419,employee3_area2,proj31task2propa,setStatus> 8.071128930496875E-4
<420,nonemployee9_area2,proj92task2a,setStatus> 3.676463316714861E-4
<421,manager7,proj71budget1,read> 0.0018890712079017227
<422,employee6_area1,proj61task1,request> 0.0013621782849708999
<423,planner8,proj81task1prop,setSchedule> 0.001442588911310934
<424,acc10,proj101task1a,setCost> 0.0015854846422747896
<425,ldr101,proj101budget1,write> 4.480795402383034E-4
<426,nonemployee5_area2,proj52task2a,setStatus> 2.1139155429257008E-4
<427,employee4_area2,proj41task2propa,read> 8.11987537428823E-4
<428,employee8_area1,proj81task1propa,request> 4.516515728233561E-4
<429,nonemployee1_area1,proj12task1,read> 4.3555564582957093E-4
<430,employee8_area1,proj81task1prop,read> 4.826179447816384E-4
<431,employee6_area2,proj61task2prop,request> 3.3105162966946393E-4
<432,acc3,proj31sched1,read> 7.119684284074119E-4
<433,aud10,proj102sched1,read> 2.732989645586409E-4
<434,employee4_area2,proj41sched1,read> 5.333994503723061E-4
<435,acc2,proj21budget1,read> 0.0070150944457575545
<436,employee10_area1,proj101task1propa,setStatus> 8.705913963598723E-4
<437,employee10_area2,proj101task2a,request> 0.0010679398230263224
<438,employee3_area2,proj31task2a,request> 0.001425797411877836
<439,acc7,proj71task1prop,setCost> 0.0020435617372794894
<440,planner8,proj81sched1,write> 0.0014217035453683604
<441,nonemployee5_area2,proj52task2a,read> 3.2347556541595726E-4
<442,acc3,proj32task2propa,setCost> 3.3618347408015376E-4
<443,aud6,proj62budget1,read> 0.0011488770772690746
<444,manager5,proj51budget1,read> 2.8389854498547806E-4
<445,planner10,proj101task2a,setSchedule> 0.0016950288228782867
<446,planner1,proj11task2a,setSchedule> 0.002351372592953404
<447,employee4_area2,proj41task2a,setStatus> 7.387514279464118E-4
<448,planner4,proj41task2propa,setSchedule> 0.002427104566423609
<449,aud5,proj51budget1,read> 0.001783550859085239
<450,acc1,proj11task2,setCost> 0.0016271280145479438
<451,employee7_area2,proj71sched1,read> 7.298258021030657E-4
<452,ldr71,proj71budget1,read> 0.0011321680448305354
<453,ldr92,proj91sched1,read> 5.275257435159807E-4
<454,aud1,proj11sched1,read> 2.3770739262455885E-4
<455,employee1_area2,proj11task2,read> 0.0018277829735594052
<456,manager4,proj41budget1,read> 0.0015298717308855003
<457,employee8_area2,proj81task2propa,read> 2.039205971570977E-4
<458,planner2,proj21task1propa,setSchedule> 3.6971928714968534E-4
<459,acc5,proj52task2a,setCost> 4.5070274783132875E-4
<460,nonemployee7_area1,proj72task1propa,setStatus> 7.534003133256852E-4
<461,nonemployee2_area2,proj22task2,request> 0.0010583223859766812
<462,ldr71,proj71budget1,write> 9.510211576576494E-4
<463,manager6,proj62budget1,read> 1.828736920746654E-4
<464,nonemployee5_area1,proj52task1a,setStatus> 1.1861528022383862E-4
<465,manager6,proj61budget1,read> 9.012726461071108E-4
<466,ldr81,proj81budget1,read> 6.208844316166467E-4
<467,ldr61,proj61budget1,write> 4.537305696475095E-4
<468,manager4,proj42budget1,approve> 1.5331456844520545E-4
<469,ldr51,proj51sched1,read> 4.289017293864918E-4
<470,ldr52,proj52budget1,read> 7.957972466635033E-4
<471,nonemployee9_area2,proj92task2,read> 6.223557798522605E-4
<472,planner4,proj42task2prop,setSchedule> 0.0016824068272999191
<473,acc9,proj91task2propa,setCost> 0.001991507521938046
<474,employee3_area1,proj31task1a,request> 0.0016007500108719088
<475,employee1_area1,proj11task1,read> 0.001956424590466812
<476,employee2_area1,proj21task1prop,read> 3.812734547363509E-4
<477,employee10_area1,proj101task1,read> 2.0222072354762814E-4
<478,planner5,proj52task2prop,setSchedule> 5.716712164035674E-4
<479,employee2_area2,proj21task2a,read> 9.506810400998132E-4
<480,acc8,proj81task2,setCost> 0.0014501436823870372
<481,acc8,proj81task1a,setCost> 9.50423215109183E-4
<482,acc4,proj42task1,setCost> 6.380979230605241E-4
<483,acc7,proj72task2a,setCost> 0.002074794266484355
<484,acc4,proj42task2,setCost> 6.485087661288127E-4
<485,employee10_area1,proj101task1a,setStatus> 7.436343897395029E-4
<486,ldr31,proj31sched1,write> 6.79771746015755E-4
<487,manager5,proj51budget1,approve> 5.677970899709562E-5
<488,planner3,proj32task2a,setSchedule> 6.852691766088761E-4
<489,acc6,proj62budget1,read> 7.085770933327832E-4
<490,planner7,proj72task2a,setSchedule> 0.002515458535472183
<491,employee8_area1,proj81task1a,read> 0.001067627964561092
<492,ldr12,proj11sched1,read> 1.557393262022972E-4
<493,planner6,proj61task2prop,setSchedule> 0.0014552109068893015
<494,employee1_area1,proj11task1propa,setStatus> 9.4200471258383E-5
<495,employee8_area2,proj81task2a,setStatus> 3.774122552576684E-4
<496,employee8_area2,proj81task2a,read> 9.039022703153017E-4
<497,employee9_area1,proj91task1,request> 0.00117927329511346
<498,planner1,proj12task1prop,setSchedule> 0.0015688088670946104
<499,employee3_area2,proj31task2,request> 0.0012747019854738631
<500,employee8_area2,proj81task2,request> 0.001107701777343157
<501,manager7,proj72budget1,approve> 3.2842431349061396E-4
<502,manager1,proj12budget1,read> 9.910725153611662E-4
<503,employee10_area1,proj101task1prop,request> 4.0570873733615916E-4
<504,ldr72,proj72sched1,read> 0.0010196754017109543
<505,nonemployee4_area2,proj42task2propa,setStatus> 2.1627451608566115E-4
<506,acc9,proj92task1a,setCost> 6.276870799922354E-4
<507,acc4,proj42task2a,setCost> 2.945401018069992E-4
<508,planner2,proj22task2prop,setSchedule> 8.367331235492876E-4
<509,manager6,proj61budget1,approve> 1.8025452922142216E-4
<510,planner1,proj12task2prop,setSchedule> 0.0021367986681211535
<511,employee1_area1,proj11task1a,read> 0.002389128210973544
<512,nonemployee1_area1,proj12task1a,request> 4.333638575903713E-4
<513,manager10,proj102budget1,approve> 4.5638912717764333E-4
<514,planner4,proj41task2,setSchedule> 4.706952517766264E-4
<515,planner9,proj92sched1,read> 5.178625516446036E-4
<516,planner10,proj102task1a,setSchedule> 0.0015561868715162424
<517,planner4,proj41task1,setSchedule> 4.833172473549939E-4
<518,employee8_area1,proj81task1,request> 0.001091796995616423
<519,planner4,proj42task2a,setSchedule> 3.570972915713176E-4
<520,acc3,proj31task1a,setCost> 0.002095615952620932
<521,acc9,proj92task2a,setCost> 7.838497260165648E-4
<522,employee9_area2,proj91task2prop,request> 5.320515349259508E-4
<523,ldr61,proj61budget1,read> 5.401554400565591E-4
<524,employee4_area1,proj41sched1,read> 5.461754851117626E-4
<525,planner10,proj102task2prop,setSchedule> 4.4545126061989104E-4
<526,planner2,proj22task2propa,setSchedule> 9.25087092597861E-4
<527,planner8,proj82task2a,setSchedule> 0.0022377746327480945
<528,acc3,proj32task2,setCost> 4.090593755581741E-4
<529,acc1,proj12task1prop,setCost> 0.0012939810363627076
<530,acc1,proj12budget1,read> 0.003840089157985083
<531,employee2_area1,proj21sched1,read> 0.0011787406182368668
<532,ldr92,proj92sched1,write> 6.176104225144875E-4
<533,employee7_area1,proj71task1propa,setStatus> 1.7721082174093218E-4
<534,nonemployee5_area1,proj52task1,read> 3.832516083032178E-4
<535,manager9,proj92budget1,approve> 2.2066447038574717E-4
<536,planner4,proj42sched1,read> 8.439743428437815E-5
<537,nonemployee3_area2,proj32sched1,read> 4.271940066846839E-4
<538,employee8_area1,proj81task1a,setStatus> 4.457737203609442E-4
<539,employee3_area2,proj31sched1,read> 4.863172325187239E-4
<540,manager8,proj82budget1,approve> 3.9577421543115577E-4
<541,employee2_area2,proj21sched1,read> 0.0011707491564183121
<542,employee5_area2,proj51task2,read> 7.401765760695112E-4
<543,employee1_area1,proj11task1a,setStatus> 9.975484029802416E-4
<544,acc2,proj21task1,setCost> 0.0018249340328454278
<545,acc5,proj51budget1,read> 0.0011000161014143208
<546,planner7,proj71task1prop,setSchedule> 0.0024775925487370803
<547,ldr101,proj101budget1,read> 5.334280240932185E-4
<548,nonemployee3_area1,proj32sched1,read> 4.23678006629666E-4
<549,acc7,proj72task2propa,setCost> 5.964545507873694E-4
<550,manager3,proj32budget1,approve> 2.0859761295473345E-5
<551,ldr42,proj42sched1,write> 1.2597086391355353E-4
<552,employee4_area1,proj41task1a,setStatus> 5.434329562227666E-4
<553,acc6,proj61task2prop,setCost> 0.00120028344874811
<554,employee3_area1,proj31sched1,read> 4.7853615679842434E-4
<555,ldr91,proj91budget1,write> 8.323495400643209E-4
<556,employee10_area2,proj101task2,read> 2.13915415993756E-4
<557,employee5_area1,proj51task1propa,setStatus> 9.682506322216946E-4
<558,employee7_area1,proj71task1propa,request> 1.0420887945142868E-4
<559,employee1_area1,proj11task1prop,read> 2.0814328424231799E-4
<560,nonemployee6_area2,proj62task2a,read> 0.001212644203363959
<561,employee7_area2,proj71task2propa,request> 1.501517149386257E-4
<562,employee2_area1,proj21task1,request> 0.0013939878484243678
<563,acc7,proj71task1propa,setCost> 3.778268463533083E-4
<564,employee9_area1,proj91task1prop,request> 3.6550875628486173E-4
<565,acc1,proj11sched1,read> 2.0726211081057596E-4
<566,planner6,proj62task2a,setSchedule> 0.0020484446990725806
<567,employee2_area1,proj21task1propa,read> 1.2368954253791172E-4
<568,planner4,proj41task2prop,setSchedule> 0.0015435648759378748
<569,ldr41,proj41sched1,write> 5.780532166500445E-4
<570,acc5,proj52task1,setCost> 5.339894923776377E-4
<571,acc6,proj61task1,setCost> 0.0017832906605722734
<572,acc5,proj52task2,setCost> 5.235786493093491E-4
<573,employee10_area2,proj101task2propa,setStatus> 7.485173515325941E-4
<574,planner8,proj81sched1,read> 5.36595458400352E-5
<575,employee1_area1,proj11task1propa,request> 5.5394616746281824E-5

