<0,employee8_area1,proj81task1,request> 0.0010901147889008115
<1,aud2,proj21budget1,read> 0.011356651918856946
<2,planner4,proj41sched1,write> 0.011813235545952644
<3,planner5,proj51task2,setSchedule> 7.976362672772417E-4
<4,planner6,proj62sched1,write> 0.011697749740208097
<5,nonemployee8_area1,proj82task1,read> 0.0013749066390690546
<6,acc2,proj21task2,setCost> 0.0018117274291112543
<7,nonemployee6_area2,proj62task2a,setStatus> 7.912430038748955E-4
<8,acc9,proj91budget1,write> 0.0053729078471239046
<9,acc1,proj11budget1,write> 0.003512529005573788
<10,planner3,proj32sched1,write> 0.007540260733404396
<11,nonemployee6_area2,proj62task2a,read> 0.0012107757990445327
<12,employee7_area2,proj71task2,request> 2.484601537069831E-4
<13,employee9_area2,proj91task2,request> 0.0011933365837830735
<14,employee6_area1,proj61task1,read> 0.0020001168870709793
<15,acc8,proj81budget1,read> 0.0040078773090117354
<16,acc7,proj71budget1,write> 0.00613894619364454
<17,planner9,proj91task2,setSchedule> 0.0018940579434292368
<18,acc8,proj81task2a,setCost> 8.034315995700159E-4
<19,planner5,proj52task1propa,setSchedule> 0.002297339479485143
<20,planner6,proj62task2propa,setSchedule> 0.0023603522194938784
<21,employee6_area1,proj61task1propa,read> 1.7830931726417533E-4
<22,planner7,proj71sched1,read> 7.018779482201093E-4
<23,nonemployee8_area2,proj82task2a,read> 0.001322683189970343
<24,acc7,proj71budget1,read> 0.007308269278148262
<25,acc2,proj22task1a,setCost> 0.0010113276468981063
<26,aud4,proj41budget1,read> 0.009596385540320607
<27,aud10,proj102budget1,read> 0.014313899434797994
<28,employee5_area1,proj51task1prop,read> 1.9517404086748645E-4
<29,aud6,proj62budget1,read> 0.0011471069233461807
<30,planner7,proj72task2propa,setSchedule> 7.220209792667593E-4
<31,aud2,proj21sched1,read> 8.258419032577883E-4
<32,acc2,proj22sched1,read> 4.113407372968459E-4
<33,acc9,proj92task1prop,setCost> 9.801432397988927E-4
<34,aud1,proj11budget1,read> 0.006779959334662464
<35,acc9,proj91task1prop,setCost> 0.0013231717178902418
<36,ldr52,proj52budget1,write> 6.674397299786464E-4
<37,acc5,proj51task1prop,setCost> 4.8119272621147574E-4
<38,acc5,proj52budget1,read> 0.005136958772137389
<39,aud2,proj22budget1,read> 0.01008926012631078
<40,employee4_area1,proj41task1a,read> 0.00129951646931807
<41,planner2,proj21task1,setSchedule> 0.002209121643472913
<42,acc3,proj31task1,setCost> 0.0016558053936151862
<43,manager2,proj22budget1,approve> 3.2119367443311477E-4
<44,employee7_area1,proj71task1propa,setStatus> 1.7693778084083028E-4
<45,acc8,proj82budget1,read> 0.007655678959110003
<46,employee6_area2,proj61task2,request> 0.0013521393451403998
<47,acc4,proj42task2prop,setCost> 0.001385540532088669
<48,ldr71,proj71budget1,write> 9.495558539569399E-4
<49,acc1,proj11task2prop,setCost> 0.0013543561249894553
<50,employee3_area2,proj31task2a,request> 0.0014236005877511966
<51,planner3,proj32task2prop,setSchedule> 0.0025493904395200847
<52,nonemployee9_area2,proj92task2propa,setStatus> 3.378272440164188E-4
<53,planner9,proj91sched1,write> 0.018857869696370023
<54,acc4,proj42task1propa,setCost> 0.0020196234764393445
<55,planner9,proj92sched1,write> 0.012621636186164473
<56,acc10,proj102budget1,write> 0.007415676771178934
<57,acc6,proj62task2propa,setCost> 0.0019468598598745127
<58,employee2_area2,proj21task2propa,read> 8.65546804099105E-4
<59,acc1,proj11task1a,setCost> 0.00212357150010339
<60,acc1,proj11task2,setCost> 0.0016246209865159729
<61,acc9,proj91task2,setCost> 0.0015622521723175457
<62,planner2,proj21sched1,write> 0.016432667775734534
<63,aud7,proj71budget1,read> 0.011849526504847118
<64,acc9,proj92task2propa,setCost> 7.202731806387799E-4
<65,employee7_area2,proj71task2a,setStatus> 6.449798555334513E-4
<66,nonemployee2_area2,proj22task2propa,setStatus> 3.573289971286113E-4
<67,aud9,proj91budget1,read> 0.010370902746876598
<68,planner1,proj12task2a,setSchedule> 0.0012513279953401363
<69,acc10,proj102task1a,setCost> 0.0012815925084246236
<70,acc5,proj52task2a,setCost> 4.5000831911226234E-4
<71,nonemployee4_area1,proj42task1a,setStatus> 8.448728249334249E-4
<72,planner7,proj72sched1,write> 0.008348661373616227
<73,employee2_area1,proj21task1a,read> 0.001462989900127082
<74,planner2,proj22sched1,write> 0.009503519431061702
<75,acc7,proj71task1a,setCost> 0.0015518573699511414
<76,acc9,proj92task1,setCost> 8.761952161348475E-4
<77,manager2,proj22budget1,read> 0.0016059683721655737
<78,ldr12,proj12sched1,read> 0.0012080869335295969
<79,acc4,proj41budget1,read> 0.005918630554301305
<80,employee1_area2,proj11task2,request> 0.0012409774121902714
<81,employee9_area1,proj91task1,read> 0.0017315533935990306
<82,ldr32,proj32sched1,write> 3.6839663856165516E-4
<83,planner7,proj72task1,setSchedule> 0.0010874948713174243
<84,employee1_area1,proj11task1a,read> 0.00238544711683508
<85,planner3,proj32task1propa,setSchedule> 0.00239815986349912
<86,acc1,proj12budget1,read> 0.0038341724685308654
<87,employee1_area2,proj11task2a,setStatus> 9.082535225480509E-4
<88,employee9_area2,proj91task2prop,read> 7.812231860825493E-4
<89,nonemployee8_area1,proj82task1a,read> 0.00107648692993356
<90,planner6,proj61sched1,write> 0.014815866495310873
<91,planner6,proj61task1propa,setSchedule> 5.329827592405532E-4
<92,acc3,proj31task2a,setCost> 0.0018637014409432768
<93,employee10_area1,proj101task1propa,setStatus> 8.692500163236657E-4
<94,nonemployee6_area2,proj62task2,read> 8.07909191711615E-4
<95,planner1,proj12task1a,setSchedule> 0.0010748923233156772
<96,acc1,proj11budget1,read> 0.004181582149492605
<97,ldr81,proj82sched1,read> 9.13928518932744E-5
<98,ldr71,proj71sched1,read> 0.002265923500715902
<99,planner10,proj102sched1,write> 0.010311920071273531
<100,nonemployee10_area2,proj102task2a,setStatus> 5.718482813627292E-4
<101,planner5,proj51sched1,write> 0.003844714949578885
<102,planner9,proj91task2propa,setSchedule> 0.0024107624115008667
<103,employee8_area2,proj81task2propa,setStatus> 2.3544304017740795E-4
<104,employee5_area2,proj51task2,request> 5.025445718787049E-4
<105,planner1,proj11task2a,setSchedule> 0.0023477496714921315
<106,employee10_area2,proj101task2a,read> 0.0015680799627900187
<107,manager1,proj11budget1,approve> 2.1584140203981622E-4
<108,employee6_area1,proj61task1prop,read> 4.7344198032212064E-4
<109,planner1,proj11sched1,read> 2.2798779505894386E-4
<110,acc2,proj21budget1,read> 0.00700428580730674
<111,acc1,proj11task1,setCost> 0.0017389638125464223
<112,planner6,proj62task1propa,setSchedule> 8.480464592842301E-4
<113,employee10_area2,proj101task2,request> 1.4523835882472116E-4
<114,acc5,proj52budget1,write> 0.004315045368595407
<115,acc3,proj31task2,setCost> 0.0016662001959815906
<116,aud5,proj52budget1,read> 0.008328993747774443
<117,employee8_area1,proj81task1propa,setStatus> 7.668658124846548E-4
<118,acc6,proj62task1,setCost> 0.001146460077661365
<119,aud7,proj72budget1,read> 0.010300492091735143
<120,acc5,proj51task1a,setCost> 2.421122717841719E-4
<121,acc2,proj22budget1,read> 0.006222614025142825
<122,acc5,proj52task2propa,setCost> 0.0014375145439206912
<123,planner10,proj101task2prop,setSchedule> 5.959954992492886E-4
<124,employee8_area2,proj81task2,read> 0.0016264633309360942
<125,ldr81,proj81budget1,read> 6.199277922737306E-4
<126,acc10,proj101budget1,read> 0.0034433365774489094
<127,nonemployee10_area1,proj102task1a,read> 9.198165826374255E-4
<128,planner7,proj71sched1,write> 0.019204327113603665
<129,planner6,proj61sched1,read> 5.033726836895456E-4
<130,aud3,proj32budget1,read> 6.542323373560058E-4
<131,planner10,proj101task1prop,setSchedule> 0.0017806350114135136
<132,acc10,proj102budget1,read> 0.008828186632355873
<133,planner1,proj11task2prop,setSchedule> 0.0016420069833942951
<134,ldr31,proj31sched1,read> 0.0015421839185913856
<135,acc4,proj41budget1,write> 0.004971649665613095
<136,acc9,proj91budget1,read> 0.006396318865623697
<137,planner10,proj101sched1,write> 0.02186050064572825
<138,planner2,proj21task2a,setSchedule> 0.0010244821313086891
<139,employee10_area1,proj101task1propa,read> 7.517099197767548E-4
<140,nonemployee2_area1,proj22task1a,request> 4.935737647555607E-4
<141,planner8,proj81task1propa,setSchedule> 0.0019822757794414666
<142,acc7,proj72sched1,read> 4.1464804251928203E-4
<143,manager4,proj41budget1,read> 0.0015275145522982239
<144,employee10_area2,proj101task2a,request> 0.0010662943746972127
<145,employee10_area2,proj101task2a,setStatus> 6.547307320895476E-4
<146,planner9,proj91task1propa,setSchedule> 0.0024611726035078554
<147,acc7,proj71task2prop,setCost> 0.0011048808681957468
<148,acc4,proj41task1prop,setCost> 0.0013439613226230507
<149,employee6_area1,proj61task1,request> 0.0013600794832082659
<150,ldr22,proj22budget1,read> 9.624973713902302E-4
<151,employee5_area2,proj51sched1,read> 1.7937972422366898E-4
<152,acc6,proj61budget1,read> 0.0034867627875691267
<153,acc7,proj71task1,setCost> 3.1487588834900357E-4
<154,acc4,proj42task2,setCost> 6.475095640739481E-4
<155,planner5,proj51task2propa,setSchedule> 0.0013269432833506187
<156,employee10_area2,proj101task2propa,read> 6.4630539725606E-4
<157,ldr21,proj21budget1,read> 0.0010834042816666417
<158,planner6,proj61task2propa,setSchedule> 9.362642952964596E-4
<159,ldr72,proj71sched1,read> 0.0011310517254757176
<160,nonemployee10_area1,proj102task1a,setStatus> 6.01100911031018E-4
<161,employee3_area2,proj31task2,read> 0.0018716734771496125
<162,manager1,proj11budget1,read> 0.0010792070101990812
<163,planner1,proj11task1,setSchedule> 0.002108301259458937
<164,acc3,proj32task1propa,setCost> 0.0019780442669737265
<165,planner3,proj31task1,setSchedule> 0.0020074808754449603
<166,ldr91,proj91budget1,read> 9.893655736738771E-4
<167,acc2,proj21task1,setCost> 0.0018221222314776585
<168,employee8_area1,proj81task1a,setStatus> 4.450868861334778E-4
<169,planner4,proj41task1propa,setSchedule> 0.0016546095313960422
<170,acc9,proj91sched1,read> 9.555411894377696E-4
<171,acc3,proj31task2prop,setCost> 0.0014063301368214779
<172,planner8,proj82task2prop,setSchedule> 0.0024863776995113496
<173,employee8_area1,proj81task1propa,read> 6.631701208593713E-4
<174,acc9,proj92budget1,write> 0.0035854850385757535
<175,ldr12,proj12budget1,read> 5.930595899900836E-4
<176,acc2,proj22task2,setCost> 0.002165150709569008
<177,planner8,proj82task1a,setSchedule> 0.0018184426554187544
<178,planner5,proj51task1propa,setSchedule> 0.002498980247513096
<179,ldr82,proj82sched1,read> 1.819839408483926E-4
<180,acc9,proj92budget1,read> 0.004268434569733041
<181,employee1_area1,proj11task1,read> 0.001953410192554119
<182,employee3_area1,proj31task1a,request> 0.0015982836252442548
<183,aud6,proj61budget1,read> 0.005653388852399208
<184,planner7,proj71task2a,setSchedule> 0.0016672120793977895
<185,planner1,proj11task1a,setSchedule> 0.002574595535523579
<186,nonemployee8_area2,proj82task2,read> 0.0013674461463406675
<187,acc7,proj72task2prop,setCost> 0.0020819922906377716
<188,nonemployee6_area2,proj62task2propa,setStatus> 9.131289608260987E-4
<189,planner4,proj42task1prop,setSchedule> 0.0013143407353488716
<190,ldr21,proj21sched1,write> 8.028554694882274E-4
<191,aud8,proj82budget1,read> 0.01241281174597875
<192,planner7,proj72task2prop,setSchedule> 0.0025241853435165906
<193,planner1,proj12sched1,write> 0.01239066457467538
<194,employee8_area1,proj81task1a,read> 0.0010659829967337667
<195,planner4,proj42task1a,setSchedule> 0.0021839165474694193
<196,nonemployee4_area1,proj42sched1,read> 1.7025453750961147E-4
<197,acc1,proj12task1propa,setCost> 0.0011776444847605787
<198,employee7_area1,proj71task1a,request> 0.0011853964457152074
<199,acc8,proj82task2propa,setCost> 0.001884491045676086
<200,acc10,proj101task2a,setCost> 0.0013959353344550735
<201,acc2,proj21task1a,setCost> 0.0013023821131574326
<202,acc8,proj81task2prop,setCost> 5.539563427763075E-4
<203,nonemployee3_area2,proj32task2a,read> 4.050425843786974E-4
<204,acc10,proj102task1propa,setCost> 6.163251569747346E-4
<205,employee4_area1,proj41task1a,request> 8.836711991362875E-4
<206,planner2,proj21task2propa,setSchedule> 0.0025871980835253257
<207,employee5_area2,proj51task2propa,setStatus> 5.133430220261517E-4
<208,employee2_area2,proj21task2,read> 0.002035146907958625
<209,acc7,proj72budget1,write> 0.005336429830622921
<210,planner6,proj61task2,setSchedule> 0.0021461089034641788
<211,nonemployee9_area1,proj92task1a,setStatus> 2.9394829951398554E-4
<212,employee2_area1,proj21task1,read> 0.00204682358158784
<213,ldr32,proj32budget1,read> 6.241259488805505E-5
<214,planner9,proj91sched1,read> 7.131600096779451E-4
<215,nonemployee1_area1,proj12sched1,read> 4.800740085163676E-4
<216,acc8,proj82budget1,write> 0.006430770325652402
<217,employee9_area2,proj91task2,read> 0.001754906740857461
<218,acc9,proj91task2propa,setCost> 0.0019884390693401307
<219,aud1,proj12budget1,read> 0.006216674093530835
<220,planner3,proj31sched1,read> 5.78796972695697E-4
<221,nonemployee1_area2,proj12task2propa,setStatus> 2.0131497223107098E-4
<222,employee10_area1,proj101task1a,request> 0.001209216859918806
<223,acc6,proj61task1propa,setCost> 4.3961351674585774E-4
<224,nonemployee1_area2,proj12task2a,setStatus> 4.8409039235786284E-4
<225,acc10,proj102task2,setCost> 1.1737464338731767E-4
<226,acc10,proj102task1,setCost> 1.0697984102091316E-4
<227,acc3,proj32sched1,read> 3.2121831814184914E-4
<228,nonemployee7_area2,proj72task2,read> 6.512388444154802E-4
<229,ldr11,proj12sched1,read> 4.727446343405452E-4
<230,aud3,proj32sched1,read> 3.70366476108908E-4
<231,employee2_area2,proj21task2a,read> 9.492162604416153E-4
<232,acc10,proj101task1propa,setCost> 0.0018533066385768725
<233,nonemployee4_area2,proj42task2a,request> 1.4352744593962554E-4
<234,nonemployee2_area2,proj22task2a,request> 2.805020924328176E-4
<235,employee4_area2,proj41task2propa,setStatus> 9.375061522163396E-4
<236,nonemployee5_area1,proj52task1a,read> 1.8122780252707643E-4
<237,aud9,proj92budget1,read> 0.006920780644945372
<238,ldr32,proj31sched1,read> 7.497168840957688E-4
<239,ldr91,proj91sched1,read> 0.0016142289780650136
<240,employee1_area2,proj11task2prop,read> 5.493332365370208E-4
<241,nonemployee9_area2,proj92task2a,request> 3.819647935388858E-4
<242,manager9,proj91budget1,read> 0.0016507991263754879
<243,ldr82,proj82budget1,read> 0.0011841600402303183
<244,acc5,proj51budget1,write> 9.225898340040198E-4
<245,acc9,proj91task1,setCost> 0.0015414625675847368
<246,employee9_area1,proj91sched1,read> 0.0013284353121451918
<247,acc8,proj81budget1,write> 0.003366616939569858
<248,nonemployee2_area2,proj22task2,read> 0.0015539584645503516
<249,nonemployee1_area2,proj12sched1,read> 5.167208793954795E-4
<250,ldr62,proj62budget1,write> 9.192283706292736E-5
<251,employee7_area2,proj71task2a,request> 0.0010504140985614799
<252,acc1,proj12budget1,write> 0.0032207048735659266
<253,acc6,proj61task1prop,setCost> 0.0011672496823941741
<254,acc5,proj51task1,setCost> 6.682991688067572E-4
<255,nonemployee3_area2,proj32task2propa,setStatus> 1.5743602772863775E-4
<256,planner7,proj72task2a,setSchedule> 0.0025115827955148433
<257,planner1,proj11sched1,write> 0.003960200755323432
<258,nonemployee3_area1,proj32task1a,read> 5.318709607612826E-4
<259,manager5,proj52budget1,approve> 2.6515523167072193E-4
<260,planner10,proj101sched1,read> 7.809176864335398E-4
<261,employee6_area2,proj61sched1,read> 7.819688859831306E-4
<262,nonemployee6_area1,proj62task1a,setStatus> 0.0010106377263870616
<263,acc1,proj12task2a,setCost> 0.0010321172516309153
<264,aud4,proj42budget1,read> 0.004808460990701766
<265,manager5,proj52budget1,read> 0.0013257761583536096
<266,acc8,proj82task2,setCost> 0.001905280650408895
<267,acc8,proj81task2,setCost> 0.0014479093462870958
<268,nonemployee2_area2,proj22task2,request> 0.0010566917558942391
<269,aud9,proj92sched1,read> 6.049318398057863E-4
<270,planner10,proj101task2propa,setSchedule> 0.001931865587434478
<271,aud8,proj81budget1,read> 0.00649831671409665
<272,planner3,proj31sched1,write> 0.013891980049354493
<273,employee3_area1,proj31task1a,read> 0.0023504170959474336
<274,ldr61,proj61budget1,write> 4.5303147575514324E-4
<275,nonemployee9_area1,proj92task1a,request> 3.058677677093347E-4
<276,ldr51,proj51budget1,write> 1.4270373937902021E-4
<277,employee9_area2,proj91task2propa,read> 8.06520271487516E-4
<278,planner5,proj52task2,setSchedule> 6.338031432545299E-4
<279,acc4,proj41task1a,setCost> 0.0011568548800277693
<280,planner5,proj52task1,setSchedule> 6.464056912562768E-4
<281,acc6,proj61budget1,write> 0.0029288807415580663
<282,acc2,proj21task2a,setCost> 8.45010809035634E-4
<283,ldr91,proj91sched1,write> 9.213442415591108E-4
<284,employee4_area2,proj41task2prop,request> 3.5061057674467096E-4
<285,planner6,proj61task1,setSchedule> 0.002158711451465925
<286,employee5_area1,proj51task1,request> 5.104847099465712E-4
<287,planner1,proj12task2prop,setSchedule> 0.002133506355462431
<288,acc2,proj21budget1,write> 0.005883600078137661
<289,acc2,proj22task1prop,setCost> 0.0016142261841495683
<290,employee7_area2,proj71task2,read> 3.6538257898085754E-4
<291,planner1,proj12task2,setSchedule> 7.094184312650124E-4
<292,employee4_area1,proj41task1,read> 4.471192943853637E-4
<293,manager10,proj101budget1,read> 8.886763048069459E-4
<294,acc8,proj82sched1,read> 6.256643265811974E-5
<295,planner7,proj72sched1,read> 3.304555465762806E-4
<296,employee3_area1,proj31task1,read> 0.0018599968035203974
<297,planner2,proj21task1prop,setSchedule> 0.0011379050633244126
<298,acc4,proj41task2a,setCost> 0.0015726469746839503
<299,nonemployee6_area1,proj62task1,request> 5.59524520474505E-4
<300,manager10,proj102budget1,read> 0.0022784296853142873
<301,planner10,proj102task1,setSchedule> 1.2970122318464692E-4
<302,acc9,proj92task2a,setCost> 7.826419948372068E-4
<303,planner10,proj102task2,setSchedule> 1.42303771186394E-4
<304,employee5_area1,proj51sched1,read> 1.8118253552239932E-4
<305,nonemployee6_area1,proj62task1,read> 8.228301771683897E-4
<306,employee4_area2,proj41task2,read> 4.3544262075614855E-4
<307,employee5_area1,proj51task1propa,read> 8.360335377933105E-4
<308,planner9,proj91task1a,setSchedule> 0.0015915967913873073
<309,employee3_area2,proj31task2a,read> 0.0020935302761047004
<310,nonemployee9_area1,proj92sched1,read> 7.806662290231098E-4
<311,manager3,proj31budget1,approve> 5.893376230511644E-5
<312,planner6,proj61task2a,setSchedule> 1.927139631933823E-4
<313,planner5,proj52task2a,setSchedule> 5.455853072423003E-4
<314,acc4,proj41sched1,read> 5.772248295408365E-4
<315,employee7_area1,proj71sched1,read> 7.197601889390931E-4
<316,nonemployee4_area2,proj42task2,request> 3.1601403781994145E-4
<317,manager8,proj82budget1,approve> 3.951644188794733E-4
<318,acc4,proj42task2propa,setCost> 4.604031214786668E-4
<319,manager4,proj42budget1,read> 7.653917307296818E-4
<320,planner9,proj92task2prop,setSchedule> 9.86674487303448E-4
<321,manager7,proj72budget1,read> 0.0016395914378230095
<322,employee7_area1,proj71task1prop,read> 8.276011759916551E-4
<323,planner3,proj31task2a,setSchedule> 0.0022595318354799022
<324,ldr101,proj101sched1,read> 0.00262033951967374
<325,nonemployee1_area2,proj12task2a,read> 7.407647571561287E-4
<326,acc5,proj51task2a,setCost> 1.4855905048653125E-4
<327,ldr11,proj11budget1,read> 6.467959945573776E-4
<328,acc7,proj72task2,setCost> 9.07379623234061E-4
<329,employee4_area1,proj41task1,request> 3.0404112018204727E-4
<330,acc8,proj82task1,setCost> 0.0019156754527752992
<331,nonemployee5_area2,proj52task2,read> 3.7520061346514794E-4
<332,ldr22,proj21sched1,read> 4.667802061891847E-4
<333,acc7,proj72task1,setCost> 8.969848208676565E-4
<334,acc1,proj12task1a,setCost> 8.865900185012519E-4
<335,acc6,proj62task1prop,setCost> 0.001790937824378445
<336,aud7,proj72sched1,read> 4.651635400850829E-4
<337,employee5_area2,proj51task2prop,read> 4.903067039254318E-4
<338,ldr11,proj11sched1,read> 3.8116155435368864E-4
<339,planner4,proj42task2prop,setSchedule> 0.0016798146273995368
<340,employee10_area2,proj101task2propa,setStatus> 7.473640593724623E-4
<341,acc7,proj72budget1,read> 0.0063528926555034785
<342,planner1,proj12task1propa,setSchedule> 0.0014277636673645953
<343,employee7_area2,proj71task2prop,request> 3.0473852854366465E-4
<344,acc4,proj41task2,setCost> 3.876395049138352E-4
<345,employee4_area2,proj41task2propa,request> 5.513007876240738E-4
<346,acc1,proj12task2propa,setCost> 4.2921871437945325E-4
<347,planner9,proj92task1,setSchedule> 0.0010622897753139301
<348,ldr81,proj81sched1,read> 1.790021105983165E-4
<349,employee5_area1,proj51task1a,read> 2.7196918994713636E-4
<350,acc4,proj41task1,setCost> 3.9803430728023963E-4
<351,ldr21,proj21sched1,read> 0.0014145813781847563
<352,acc9,proj92task1a,setCost> 6.267199593411391E-4
<353,planner4,proj42sched1,write> 0.002574371086388866
<354,nonemployee7_area1,proj72task1a,setStatus> 8.790008928797619E-4
<355,acc5,proj51budget1,read> 0.0010983212309571666
<356,nonemployee8_area1,proj82task1a,setStatus> 7.03485114870029E-4
<357,acc10,proj101task1a,setCost> 0.001583041777050355
<358,employee4_area2,proj41task2,request> 2.9610098211418104E-4
<359,employee6_area1,proj61task1prop,request> 3.219405466190421E-4
<360,planner9,proj91task2a,setSchedule> 0.0015033789553750775
<361,acc6,proj62task2a,setCost> 0.0016869898007144
<362,planner10,proj101task1propa,setSchedule> 0.002246929287478155
<363,ldr22,proj22sched1,write> 4.64316120714275E-4
<364,ldr12,proj12sched1,write> 6.053741827034218E-4
<365,ldr71,proj72sched1,read> 5.409367864337843E-4
<366,planner8,proj81task2,setSchedule> 0.001755429915410019
<367,nonemployee10_area1,proj102task1a,request> 6.254752761934493E-4
<368,nonemployee4_area1,proj42task1a,request> 8.791320289586196E-4
<369,ldr21,proj21budget1,write> 9.100595965999789E-4
<370,ldr102,proj102sched1,read> 0.0010882051041945235
<371,planner3,proj31task2prop,setSchedule> 0.0017050197234030305
<372,planner9,proj91task2prop,setSchedule> 0.0023351471234903842
<373,employee2_area2,proj21task2prop,request> 5.398327755738223E-4
<374,ldr72,proj72sched1,read> 0.0010181043176949796
<375,employee1_area1,proj11task1prop,request> 1.413193568275795E-4
<376,nonemployee4_area1,proj42task1,request> 3.1094090276463806E-4
<377,employee4_area2,proj41task2a,request> 0.00120127672185094
<378,employee3_area1,proj31task1prop,read> 8.555333744596392E-5
<379,acc8,proj81task2propa,setCost> 5.019823309442849E-4
<380,acc1,proj11sched1,read> 2.0694276782273367E-4
<381,planner1,proj11task1prop,setSchedule> 6.212005952527826E-4
<382,acc3,proj31task1a,setCost> 0.002092387093004176
<383,planner8,proj81task2a,setSchedule> 9.740719393017007E-4
<384,employee2_area1,proj21task1a,setStatus> 6.108517875871144E-4
<385,employee3_area1,proj31task1prop,request> 5.817626946325547E-5
<386,nonemployee9_area1,proj92task1,request> 4.276230090366165E-4
<387,acc8,proj82task2prop,setCost> 0.0020508078835385583
<388,acc9,proj91task2prop,setCost> 0.0019260702551417036
<389,employee10_area1,proj101task1a,read> 0.0017782600881158911
<390,planner1,proj12task1prop,setSchedule> 0.0015663916953838131
<391,nonemployee8_area2,proj82sched1,read> 7.501420460057289E-5
<392,employee10_area1,proj101task1prop,read> 5.957112264461267E-4
<393,employee6_area2,proj61task2propa,request> 2.1299443214165196E-4
<394,ldr31,proj31budget1,write> 1.483460618585861E-4
<395,nonemployee9_area2,proj92task2,request> 4.225498739813131E-4
<396,employee9_area1,proj91task1propa,request> 5.599017966617625E-4
<397,employee1_area1,proj11task1a,request> 0.001622104039447854
<398,aud7,proj71sched1,read> 9.879937997238483E-4
<399,nonemployee8_area2,proj82task2a,setStatus> 8.643745780456175E-4
<400,planner6,proj62task1prop,setSchedule> 0.0021713139994676725
<401,planner6,proj62task1a,setSchedule> 0.0026124031795288194
<402,nonemployee8_area1,proj82sched1,read> 7.370391281715678E-5
<403,planner7,proj72task1prop,setSchedule> 0.001200917803333148
<404,employee4_area1,proj41task1prop,read> 5.45117055636193E-4
<405,acc4,proj41task1propa,setCost> 0.0013647509273558597
<406,acc2,proj21task2propa,setCost> 0.002133966302469794
<407,acc1,proj12task2,setCost> 5.851407498755211E-4
<408,acc5,proj51task2prop,setCost> 0.001208828891859792
<409,planner1,proj12task2propa,setSchedule> 5.203802112388062E-4
<410,acc1,proj12task1,setCost> 6.0593035460833E-4
<411,planner2,proj22task1prop,setSchedule> 0.001957070683437972
<412,nonemployee10_area1,proj102task1propa,setStatus> 2.8907286123593736E-4
<413,employee3_area1,proj31task1propa,setStatus> 4.88965830635911E-4
<414,aud10,proj101sched1,read> 7.680099560792666E-4
<415,ldr52,proj52sched1,read> 3.6819141183625734E-4
<416,acc10,proj101sched1,read> 0.0015811969683984899
<417,nonemployee4_area1,proj42task1a,read> 0.0012928412190567936
<418,nonemployee9_area2,proj92task2a,setStatus> 3.6707987368470756E-4
<419,acc3,proj31budget1,read> 0.001141747441077384
<420,ldr42,proj42budget1,write> 3.853236060003528E-4
<421,planner8,proj81task1prop,setSchedule> 0.0014403662153663422
<422,nonemployee5_area2,proj52task2a,setStatus> 2.1106584878716726E-4
<423,employee4_area2,proj41task2propa,read> 8.10736452388344E-4
<424,acc2,proj22task2a,setCost> 5.747459475091165E-4
<425,planner3,proj32task1a,setSchedule> 8.984566512912184E-4
<426,planner7,proj72task1a,setSchedule> 0.0022721343834816487
<427,employee8_area1,proj81task1propa,request> 4.509556821843724E-4
<428,acc2,proj22budget1,write> 0.005226995781119972
<429,employee6_area2,proj61task2prop,request> 3.305415556567307E-4
<430,acc5,proj52task1a,setCost> 2.5250707415057637E-4
<431,acc2,proj22task1propa,setCost> 0.0015102781604855232
<432,aud10,proj102sched1,read> 2.728778740487786E-4
<433,acc5,proj51task1propa,setCost> 0.0020612026859049624
<434,acc6,proj61task2,setCost> 0.0017701482196456363
<435,acc4,proj42task1prop,setCost> 0.001084091263462938
<436,acc7,proj71task2propa,setCost> 5.435615404099029E-4
<437,employee8_area2,proj81task2a,read> 9.025095659247547E-4
<438,employee8_area2,proj81task2a,request> 6.137065048288332E-4
<439,planner7,proj71task2,setSchedule> 3.943547312213354E-4
<440,acc7,proj71task1prop,setCost> 0.0020404130811721537
<441,nonemployee5_area2,proj52task2a,read> 3.229771643664364E-4
<442,acc3,proj32task2propa,setCost> 3.356654930818126E-4
<443,acc10,proj102sched1,read> 5.618073877474853E-4
<444,manager5,proj51budget1,read> 2.834611229731036E-4
<445,acc8,proj82task2a,setCost> 0.0018429118362104672
<446,planner8,proj82task1propa,setSchedule> 0.0019948783274432134
<447,employee7_area2,proj71sched1,read> 7.28701309298585E-4
<448,aud1,proj11sched1,read> 2.3734114049725951E-4
<449,employee1_area2,proj11task2,read> 0.0018249667826327521
<450,planner2,proj22task2,setSchedule> 0.0026250057275305667
<451,employee8_area2,proj81task2propa,read> 2.0360640266914206E-4
<452,planner2,proj21task1propa,setSchedule> 3.6914963521784137E-4
<453,employee1_area1,proj11task1a,setStatus> 9.960114115529172E-4
<454,manager7,proj71budget1,read> 0.0018861605859775375
<455,nonemployee7_area1,proj72task1propa,setStatus> 7.522394976505104E-4
<456,ldr92,proj91sched1,read> 5.26712948324234E-4
<457,manager6,proj62budget1,read> 1.825919260007965E-4
<458,nonemployee5_area1,proj52task1a,setStatus> 1.1843252150425262E-4
<459,manager6,proj61budget1,read> 8.998839933594245E-4
<460,aud10,proj101budget1,read> 0.005582978197257754
<461,manager4,proj42budget1,approve> 1.5307834614593636E-4
<462,ldr51,proj51sched1,read> 4.28240890995831E-4
<463,acc7,proj72task1a,setCost> 0.001874096243309681
<464,planner5,proj52task2prop,setSchedule> 5.707904032457945E-4
<465,acc8,proj81task1a,setCost> 9.489588326996791E-4
<466,planner4,proj41task2propa,setSchedule> 0.0024233649595026135
<467,planner8,proj81task2propa,setSchedule> 6.085980472510357E-4
<468,acc4,proj42task1,setCost> 6.371147617075437E-4
<469,employee10_area1,proj101task1a,setStatus> 7.424886210944141E-4
<470,ldr31,proj31sched1,write> 6.787243749377781E-4
<471,manager5,proj51budget1,approve> 5.6692224594620725E-5
<472,aud1,proj12sched1,read> 7.439314788459742E-4
<473,planner3,proj32task2a,setSchedule> 6.842133352615181E-4
<474,ldr12,proj11sched1,read> 1.554993679119976E-4
<475,employee1_area1,proj11task1propa,setStatus> 9.405533011401197E-5
<476,nonemployee10_area2,proj102task2a,request> 5.950364658616289E-4
<477,planner6,proj62task2a,setSchedule> 0.0020452885194502017
<478,employee1_area1,proj11task1,request> 0.0013283189309368005
<479,employee8_area2,proj81task2a,setStatus> 3.7683075024080387E-4
<480,acc3,proj31sched1,read> 7.108714496866616E-4
<481,employee9_area1,proj91task1,request> 0.001177456307647341
<482,ldr72,proj72sched1,write> 4.078928959186163E-4
<483,employee8_area2,proj81task2,request> 0.001105995065036544
<484,acc10,proj101budget1,write> 0.002892402725057084
<485,manager7,proj72budget1,approve> 3.2791828756460186E-4
<486,manager1,proj12budget1,read> 9.895455017792528E-4
<487,employee6_area2,proj61task2propa,read> 3.132271060906647E-4
<488,planner2,proj22task1a,setSchedule> 0.001226122899336642
<489,nonemployee4_area2,proj42task2propa,setStatus> 2.1594128706521536E-4
<490,planner7,proj72task1propa,setSchedule> 0.0019444681354362251
<491,employee4_area2,proj41sched1,read> 5.325776051564625E-4
<492,acc4,proj42task2a,setCost> 2.940862836161945E-4
<493,planner2,proj22task2prop,setSchedule> 8.354439112824829E-4
<494,aud3,proj31budget1,read> 0.0018512134747607164
<495,ldr101,proj101budget1,read> 5.32606134851878E-4
<496,acc6,proj62task2prop,setCost> 0.0017077794054472088
<497,nonemployee1_area1,proj12task1a,request> 4.326961440919198E-4
<498,manager10,proj102budget1,approve> 4.556859370628575E-4
<499,planner4,proj41task2,setSchedule> 4.699700192318179E-4
<500,planner9,proj92sched1,read> 5.170646451971248E-4
<501,planner4,proj41task1,setSchedule> 4.825725672335649E-4
<502,ldr102,proj101sched1,read> 0.0013746732827301154
<503,employee4_area2,proj41task2a,setStatus> 7.376131828163659E-4
<504,planner1,proj12sched1,read> 7.146139821426847E-4
<505,acc3,proj31budget1,write> 9.590678505050024E-4
<506,nonemployee2_area1,proj22task1a,read> 7.258437716993539E-4
<507,aud5,proj51budget1,read> 0.0017808028196192628
<508,nonemployee8_area2,proj82task2,request> 9.298633795116539E-4
<509,planner4,proj42task2a,setSchedule> 3.565470872160942E-4
<510,employee5_area2,proj51task2propa,request> 3.0187152553110176E-4
<511,employee9_area2,proj91task2prop,request> 5.312317665361336E-4
<512,ldr61,proj61budget1,read> 5.393231854227896E-4
<513,employee4_area1,proj41sched1,read> 5.453339549805694E-4
<514,planner10,proj102task2prop,setSchedule> 4.447649232283237E-4
<515,planner2,proj22task2propa,setSchedule> 9.236617472947123E-4
<516,acc1,proj12task1prop,setCost> 0.001291987310791028
<517,acc4,proj41task2propa,setCost> 0.0019988338717065353
<518,acc4,proj42task1a,setCost> 0.0018013326267448497
<519,ldr72,proj72budget1,write> 8.254247594064909E-4
<520,employee2_area1,proj21sched1,read> 0.0011769244515026447
<521,ldr92,proj92sched1,write> 6.166588276625535E-4
<522,ldr62,proj62sched1,write> 5.715202478260265E-4
<523,acc5,proj52task1prop,setCost> 7.930367972036113E-4
<524,nonemployee5_area1,proj52task1,read> 3.826611061935352E-4
<525,planner7,proj71task1propa,setSchedule> 4.5736747123007083E-4
<526,acc10,proj101task2propa,setCost> 0.0015934365794167595
<527,acc2,proj22task1,setCost> 0.0020092286740729403
<528,nonemployee6_area1,proj62task1a,request> 0.0010516186208389354
<529,manager9,proj92budget1,approve> 2.203244774608077E-4
<530,planner4,proj42sched1,read> 8.426739735324205E-5
<531,nonemployee1_area2,proj12task2,read> 4.1996356983547213E-4
<532,nonemployee3_area2,proj32sched1,read> 4.265357994998324E-4
<533,employee3_area2,proj31sched1,read> 4.855679301138398E-4
<534,planner4,proj41task1prop,setSchedule> 0.0016294044353925485
<535,nonemployee8_area1,proj82task1,request> 9.349365145669571E-4
<536,acc6,proj62budget1,read> 7.074853398752093E-4
<537,acc5,proj52task1,setCost> 5.331667380434985E-4
<538,acc4,proj42budget1,read> 0.0029656482661265175
<539,employee2_area2,proj21sched1,read> 0.0011689453026788982
<540,nonemployee3_area1,proj32sched1,read> 4.230252167878997E-4
<541,acc5,proj51task2propa,setCost> 0.0010944860658293424
<542,acc6,proj61task2propa,setCost> 7.722471924708024E-4
<543,planner2,proj21task2prop,setSchedule> 0.0023729547674956257
<544,acc7,proj72task2propa,setCost> 5.955355522419255E-4
<545,manager8,proj81budget1,read> 0.0010343762559891672
<546,manager3,proj32budget1,approve> 2.082762122668932E-5
<547,aud9,proj91sched1,read> 8.343505995578573E-4
<548,employee8_area1,proj81task1a,request> 7.248684377789616E-4
<549,ldr42,proj42sched1,write> 1.2577677194032261E-4
<550,employee4_area1,proj41task1a,setStatus> 5.425956516944404E-4
<551,nonemployee7_area2,proj72task2a,setStatus> 9.716342201626765E-4
<552,employee3_area1,proj31sched1,read> 4.7779884323201837E-4
<553,ldr91,proj91budget1,write> 8.310670818860567E-4
<554,planner7,proj71task2prop,setSchedule> 0.0013395458313523658
<555,employee10_area2,proj101task2,read> 2.1358582180106055E-4
<556,planner3,proj31task2propa,setSchedule> 0.0020830961634554428
<557,employee5_area1,proj51task1propa,setStatus> 9.667587818846282E-4
<558,employee7_area1,proj71task1propa,request> 1.0404831766426184E-4
<559,employee1_area1,proj11task1prop,read> 2.0782258356996983E-4
<560,planner6,proj61task2prop,setSchedule> 0.0014529687633680892
<561,planner5,proj52task2propa,setSchedule> 0.001742827367408272
<562,acc5,proj52task2,setCost> 5.22771935677094E-4
<563,acc7,proj71task1propa,setCost> 3.772447025474307E-4
<564,employee10_area1,proj101task1,read> 2.019091481718454E-4
<565,acc6,proj61task2prop,setCost> 0.0011984340894933875
<566,employee7_area2,proj71task2prop,read> 4.481448949171539E-4
<567,employee9_area1,proj91task1prop,request> 3.6494559180748554E-4
<568,employee2_area1,proj21task1propa,read> 1.2349896555341407E-4
<569,planner4,proj41task2prop,setSchedule> 0.0015411865993803188
<570,ldr41,proj41sched1,write> 5.771625703055925E-4
<571,planner3,proj31task1a,setSchedule> 0.002536787891518337
<572,acc10,proj102task2prop,setCost> 3.6684990018102617E-4
<573,planner10,proj102task2a,setSchedule> 0.0014781738593715834
<574,acc1,proj11task1prop,setCost> 5.123771333106894E-4
<575,planner8,proj81sched1,read> 5.357686888751455E-5

