<0,planner4,proj42task2propa,setSchedule> 5.154089386889332E-4
<1,aud2,proj21budget1,read> 0.010486290336787324
<2,employee9_area1,proj91task1,request> 0.0010872173233001882
<3,planner6,proj62task2a,setSchedule> 0.0018885398082722437
<4,planner8,proj81task2,setSchedule> 0.001620895655726344
<5,planner1,proj11sched1,write> 0.003656695231041806
<6,planner7,proj71sched1,write> 0.01773252814955996
<7,employee7_area1,proj71task1prop,read> 7.641747124524542E-4
<8,acc2,proj21budget1,read> 0.006467484880407426
<9,aud1,proj11budget1,read> 0.006260350547226945
<10,nonemployee7_area1,proj72sched1,read> 2.118417007077073E-4
<11,planner10,proj101sched1,write> 0.02018513540051388
<12,acc2,proj21task2prop,setCost> 0.0018072527711454822
<13,acc4,proj41task1,setCost> 3.675293862984505E-4
<14,aud10,proj102budget1,read> 0.013216897585426338
<15,aud5,proj52budget1,read> 0.00769066862984738
<16,acc7,proj71budget1,write> 0.005668463963536837
<17,planner3,proj31sched1,write> 0.012827313647652118
<18,planner3,proj32task2prop,setSchedule> 0.0023540078996564166
<19,acc5,proj51task1,setCost> 6.17081439671936E-4
<20,aud8,proj82budget1,read> 0.011461507211301259
<21,planner8,proj81task1,setSchedule> 0.0015976222511571354
<22,planner5,proj52task1propa,setSchedule> 0.0021212738539643297
<23,nonemployee6_area2,proj62task2a,read> 0.0011179832447320928
<24,acc10,proj101task1prop,setCost> 0.0013561394438934122
<25,acc3,proj31budget1,write> 8.855659225035266E-4
<26,planner7,proj72task2,setSchedule> 0.0010157871369269192
<27,ldr52,proj52budget1,write> 6.16287867310762E-4
<28,nonemployee4_area1,proj42task1a,read> 0.0011937592592659238
<29,nonemployee2_area1,proj22sched1,read> 6.037537982969994E-4
<30,employee7_area1,proj71task1a,read> 0.0016096307907808595
<31,planner10,proj101task1prop,setSchedule> 0.001644169060295553
<32,planner8,proj81task1prop,setSchedule> 0.0013299780986112358
<33,nonemployee5_area2,proj52task2a,request> 2.0279268859258492E-4
<34,planner3,proj31task1,setSchedule> 0.0018536297014184304
<35,planner6,proj62task2propa,setSchedule> 0.002179457365387352
<36,acc4,proj41task2a,setCost> 0.0014521210028832143
<37,acc8,proj82task1propa,setCost> 0.0015193080941760754
<38,planner10,proj102sched1,write> 0.009521625613757705
<39,employee3_area2,proj31task2propa,setStatus> 7.441083613261385E-4
<40,ldr71,proj71sched1,write> 8.663631132219976E-4
<41,manager2,proj22budget1,read> 0.0014828886843192906
<42,planner1,proj12task2,setSchedule> 6.550493661041853E-4
<43,planner3,proj32task1a,setSchedule> 8.295999003732501E-4
<44,aud9,proj91budget1,read> 0.00957608792057432
<45,acc9,proj91budget1,write> 0.004961133971553038
<46,nonemployee9_area2,proj92task2propa,setStatus> 3.119365275738262E-4
<47,planner9,proj92sched1,write> 0.011654327571108939
<48,acc10,proj102budget1,read> 0.008151603908940281
<49,acc9,proj91task2,setCost> 0.0014425228469842342
<50,planner3,proj32task1propa,setSchedule> 0.0022143674722411646
<51,planner9,proj91task1propa,setSchedule> 0.0022725509836641865
<52,planner5,proj52sched1,write> 0.0029102495459688736
<53,planner2,proj21sched1,write> 0.015173285800738479
<54,planner9,proj91sched1,write> 0.017412622855957276
<55,acc1,proj11task2,setCost> 0.0015001117823781151
<56,acc2,proj22task1propa,setCost> 0.001394532067489333
<57,acc10,proj102budget1,write> 0.0068473472835098356
<58,planner5,proj52task2a,setSchedule> 5.037722364043289E-4
<59,acc9,proj91budget1,read> 0.005906111870896474
<60,acc8,proj82task2prop,setCost> 0.001893636174236304
<61,planner7,proj72task2propa,setSchedule> 6.666860683887895E-4
<62,aud2,proj22budget1,read> 0.009316030087370602
<63,employee9_area1,proj91task1a,request> 9.259218058226666E-4
<64,nonemployee2_area2,proj22task2propa,setStatus> 3.2994368731350583E-4
<65,nonemployee8_area1,proj82task1,read> 0.0012695352737997548
<66,acc8,proj82task2propa,setCost> 0.0017400656798526207
<67,acc5,proj51task1propa,setCost> 0.0019032343301352839
<68,nonemployee6_area2,proj62task2a,setStatus> 7.306029915213788E-4
<69,ldr82,proj82budget1,read> 0.0010934072890319507
<70,employee5_area2,proj51task2,read> 6.823972010036633E-4
<71,ldr12,proj12sched1,read> 0.00111550045097671
<72,acc4,proj41budget1,read> 0.0054650330777092975
<73,acc7,proj72budget1,read> 0.005866013798788548
<74,acc7,proj72task2propa,setCost> 5.498943483790745E-4
<75,nonemployee5_area1,proj52task1,read> 3.5333437079979616E-4
<76,nonemployee6_area1,proj62task1a,read> 0.001427976031461402
<77,planner6,proj62task1a,setSchedule> 0.002412191411079438
<78,employee2_area2,proj21task2prop,read> 7.330302537831969E-4
<79,planner4,proj42sched1,write> 0.002377074056631065
<80,acc2,proj21task2a,setCost> 7.802500899545996E-4
<81,employee9_area2,proj91task2prop,read> 7.213510817822253E-4
<82,acc10,proj101sched1,read> 0.001460015734280194
<83,nonemployee8_area1,proj82task1a,read> 9.939861300403688E-4
<84,acc9,proj92task2a,setCost> 7.226611545607183E-4
<85,acc6,proj61budget1,write> 0.002704414473319011
<86,employee10_area1,proj101task1propa,setStatus> 8.026316304800976E-4
<87,nonemployee9_area2,proj92task2,request> 3.901661063489675E-4
<88,acc9,proj92budget1,write> 0.0033106973235908386
<89,ldr81,proj82sched1,read> 8.438860207281401E-5
<90,acc4,proj42budget1,read> 0.002738364174370388
<91,planner9,proj91task1a,setSchedule> 0.001469618526026488
<92,employee10_area2,proj101task2propa,read> 5.96773247105196E-4
<93,nonemployee10_area2,proj102task2a,setStatus> 5.280224444499823E-4
<94,employee8_area2,proj81task2propa,request> 1.2784151440841185E-4
<95,employee6_area1,proj61task1,request> 0.001255844455208506
<96,planner8,proj82task1prop,setSchedule> 0.0024005547087948336
<97,acc8,proj82budget1,write> 0.005937923008102095
<98,employee8_area2,proj81task2propa,setStatus> 2.1739893894050786E-4
<99,ldr71,proj71sched1,read> 0.0020922655620009565
<100,acc1,proj11task2a,setCost> 0.001788056459347522
<101,acc5,proj51task1a,setCost> 2.235570478137474E-4
<102,acc10,proj101budget1,read> 0.0031794429675575647
<103,nonemployee10_area1,proj102task1a,read> 8.493228295666912E-4
<104,acc1,proj11budget1,read> 0.003861110193392291
<105,nonemployee7_area1,proj72task1a,setStatus> 8.116352103499373E-4
<106,acc1,proj12task1a,setCost> 8.186427135505203E-4
<107,acc7,proj71budget1,read> 0.006748171385162901
<108,aud4,proj41budget1,read> 0.008860928879264101
<109,employee8_area2,proj81task2,read> 0.0015018129315044412
<110,acc10,proj101task2propa,setCost> 0.0014713173146811748
<111,planner2,proj21task2a,setSchedule> 9.459669232192933E-4
<112,acc2,proj21task1,setCost> 0.001682476744458739
<113,acc5,proj51budget1,read> 0.0010141470737296068
<114,acc6,proj62task1prop,setCost> 0.0016536822767617987
<115,planner9,proj92task1prop,setSchedule> 0.0010972440529191496
<116,nonemployee2_area1,proj22task1a,request> 4.5574680256370135E-4
<117,planner10,proj101task1a,setSchedule> 0.0017721727854262005
<118,employee2_area2,proj21task2,read> 0.0018791754389719053
<119,acc7,proj72sched1,read> 3.828698627469572E-4
<120,employee10_area2,proj101task2a,setStatus> 6.04552873343621E-4
<121,acc8,proj81task1prop,setCost> 0.0010969892346209464
<122,acc4,proj41task1prop,setCost> 0.0012409615731056496
<123,employee8_area2,proj81task2,request> 0.0010212327934230202
<124,planner6,proj61task2prop,setSchedule> 0.0013416148008958402
<125,ldr51,proj51sched1,read> 3.9542096994364553E-4
<126,employee5_area2,proj51sched1,read> 1.656322551912432E-4
<127,planner5,proj52task2propa,setSchedule> 0.0016092589534417398
<128,employee9_area2,proj91task2,read> 0.0016204125767085014
<129,acc6,proj61budget1,read> 0.0032195410396654895
<130,nonemployee5_area1,proj52task1,request> 2.402673721438614E-4
<131,acc2,proj22budget1,read> 0.0057457195824647716
<132,planner5,proj51task2propa,setSchedule> 0.0012252477780497972
<133,planner2,proj22task1propa,setSchedule> 0.0016907158694339699
<134,planner7,proj72sched1,write> 0.007708828950009154
<135,ldr22,proj22sched1,write> 4.2873143287733533E-4
<136,ldr21,proj21budget1,read> 0.0010003733433804492
<137,employee2_area2,proj21task2propa,read> 7.992122284553685E-4
<138,acc8,proj81budget1,read> 0.003700717904960591
<139,ldr72,proj71sched1,read> 0.001044369138369825
<140,nonemployee10_area1,proj102task1a,setStatus> 5.550331840595018E-4
<141,nonemployee8_area2,proj82task2a,read> 0.0012213141736418622
<142,manager10,proj102budget1,read> 0.002103813286069735
<143,acc3,proj31task2prop,setCost> 0.001298550508499531
<144,acc4,proj41task2prop,setCost> 0.0011737744818127878
<145,aud6,proj61budget1,read> 0.005220119214412083
<146,planner9,proj91task2,setSchedule> 0.0017488993808569915
<147,acc2,proj22budget1,write> 0.0048264044492704085
<148,manager1,proj11budget1,read> 9.964977462814423E-4
<149,ldr22,proj21sched1,read> 4.310066734930717E-4
<150,planner1,proj12sched1,write> 0.011441057375373815
<151,aud2,proj22sched1,read> 4.544619499908323E-4
<152,acc9,proj91sched1,read> 8.823095409454159E-4
<153,planner9,proj92task1propa,setSchedule> 0.001085607350634545
<154,ldr21,proj21sched1,write> 7.413254902663799E-4
<155,employee8_area1,proj81task1propa,read> 6.123454764398248E-4
<156,ldr82,proj82sched1,read> 1.6803688745626807E-4
<157,planner1,proj11task1a,setSchedule> 0.0023772813042256258
<158,employee1_area2,proj11task2a,request> 0.0013658186716704525
<159,aud10,proj101budget1,read> 0.005155104756111154
<160,employee7_area2,proj71task2a,request> 9.699114924074451E-4
<161,nonemployee6_area2,proj62task2propa,setStatus> 8.431477398943767E-4
<162,employee7_area1,proj71task1a,request> 0.0010945489377309845
<163,acc2,proj21task1prop,setCost> 8.666334930454214E-4
<164,planner6,proj62sched1,write> 0.010801246788168446
<165,acc2,proj21task1a,setCost> 0.0012025689495097287
<166,planner6,proj61task1a,setSchedule> 0.0012019743734805882
<167,ldr71,proj72sched1,read> 4.994799732282641E-4
<168,aud9,proj92budget1,read> 0.006390379463828803
<169,employee6_area2,proj61task2,read> 0.0018360482952613382
<170,nonemployee3_area2,proj32task2a,read> 3.7400055658175013E-4
<171,planner4,proj42task1prop,setSchedule> 0.0012136110757651928
<172,planner6,proj61sched1,read> 4.647947428952872E-4
<173,employee4_area1,proj41task1prop,request> 3.4227111234624846E-4
<174,planner2,proj22sched1,write> 0.008775179928684774
<175,planner2,proj21task1,setSchedule> 0.0020398169379720996
<176,acc4,proj41task2propa,setCost> 0.0018456453947414027
<177,planner1,proj11task2a,setSchedule> 0.0021678206631027476
<178,acc9,proj91task1prop,setCost> 0.0012217652613076891
<179,acc10,proj102task1propa,setCost> 5.69090660177035E-4
<180,nonemployee9_area1,proj92task1a,setStatus> 2.714204181595469E-4
<181,ldr32,proj32budget1,read> 5.762936077856889E-5
<182,nonemployee1_area1,proj12sched1,read> 4.4328165311547524E-4
<183,manager1,proj11budget1,approve> 1.9929954925628846E-4
<184,planner3,proj31sched1,read> 5.344385955567384E-4
<185,acc1,proj11task2propa,setCost> 0.001346541287994432
<186,acc8,proj81sched1,read> 6.0960786479400756E-5
<187,acc6,proj61task1propa,setCost> 4.059220098943713E-4
<188,acc10,proj102task2,setCost> 1.0837917702598485E-4
<189,acc10,proj102task1,setCost> 9.878102112700465E-5
<190,aud7,proj71budget1,read> 0.010941391544893824
<191,planner2,proj22task1,setSchedule> 0.002249277579094978
<192,acc3,proj32sched1,read> 2.9660049190527443E-4
<193,planner2,proj21task2,setSchedule> 0.0020281802356874956
<194,nonemployee7_area2,proj72task2a,read> 0.0013728662027095249
<195,planner7,proj72task2a,setSchedule> 0.0023190977928026035
<196,planner5,proj52task1prop,setSchedule> 8.877834117962716E-4
<197,ldr11,proj12sched1,read> 4.365139942892848E-4
<198,nonemployee2_area2,proj22task2a,request> 2.5900471391949965E-4
<199,nonemployee1_area2,proj12task2propa,setStatus> 1.858864093960684E-4
<200,ldr81,proj81budget1,read> 5.72417193383543E-4
<201,nonemployee5_area1,proj52task1a,read> 1.6733869876221056E-4
<202,nonemployee9_area2,proj92task2a,request> 3.52691422797691E-4
<203,acc9,proj92task2propa,setCost> 6.650722191668371E-4
<204,acc9,proj91task1,setCost> 0.0014233265351862737
<205,planner4,proj41task1,setSchedule> 4.455887249813072E-4
<206,acc2,proj21task2propa,setCost> 0.0019704214214281454
<207,employee10_area1,proj101task1a,request> 0.0011165437810233738
<208,nonemployee1_area2,proj12sched1,read> 4.7711994724642753E-4
<209,ldr62,proj62budget1,write> 8.48779697493864E-5
<210,planner7,proj72task2prop,setSchedule> 0.002330734495087208
<211,nonemployee3_area2,proj32task2propa,setStatus> 1.4537029998178914E-4
<212,employee5_area1,proj51task1,request> 4.7136171111328756E-4
<213,ldr101,proj101sched1,write> 9.861908352211315E-4
<214,acc4,proj41budget1,write> 0.004590627785275809
<215,acc9,proj91task2propa,setCost> 0.0018360472388424226
<216,nonemployee2_area1,proj22task1a,read> 6.702158861230902E-4
<217,nonemployee3_area1,proj32task1a,read> 4.911089426794892E-4
<218,acc2,proj21budget1,write> 0.005432687299542237
<219,manager5,proj52budget1,approve> 2.448340200513211E-4
<220,ldr21,proj21sched1,read> 0.00130616938360396
<221,planner10,proj101sched1,read> 7.21068995297565E-4
<222,nonemployee6_area1,proj62task1a,setStatus> 9.331835385927752E-4
<223,acc3,proj32task1propa,setCost> 0.0018264490829434422
<224,planner3,proj32sched1,write> 0.006962383264936221
<225,employee9_area1,proj91task1a,setStatus> 5.685385538642617E-4
<226,employee3_area2,proj31task2,read> 0.0017282304359849195
<227,planner4,proj41task1prop,setSchedule> 0.0015045286328803009
<228,manager5,proj52budget1,read> 0.0012241701002566054
<229,planner6,proj61task2propa,setSchedule> 8.645100072270631E-4
<230,employee4_area2,proj41task2a,request> 0.0011092121665925775
<231,planner9,proj91task1,setSchedule> 0.001725625976287783
<232,planner10,proj101task2propa,setSchedule> 0.0017838094877108046
<233,employee3_area1,proj31task1a,read> 0.0021702836590182335
<234,nonemployee9_area1,proj92task1a,request> 2.8242639113904754E-4
<235,ldr51,proj51budget1,write> 1.317670783577431E-4
<236,employee9_area2,proj91task2propa,read> 7.447094257841682E-4
<237,ldr42,proj41sched1,read> 4.8587207215824573E-4
<238,acc4,proj42task1propa,setCost> 0.0018648417065393632
<239,acc1,proj11task1,setCost> 0.0016056914972668974
<240,planner5,proj52task2,setSchedule> 5.852291523965593E-4
<241,planner5,proj52task1,setSchedule> 5.968658546811634E-4
<242,employee4_area2,proj41task2prop,request> 3.237401594380403E-4
<243,acc2,proj22task1prop,setCost> 0.001490513626479135
<244,employee3_area1,proj31task1propa,setStatus> 4.514920155563437E-4
<245,employee4_area1,proj41task1,read> 4.128525528126179E-4
<246,acc1,proj12budget1,read> 0.00354032561652889
<247,planner1,proj12task2propa,setSchedule> 4.8049883183512026E-4
<248,acc6,proj62task1a,setCost> 0.001989617733226106
<249,acc8,proj82sched1,read> 5.777140858748198E-5
<250,planner7,proj72sched1,read> 3.051297890927527E-4
<251,manager8,proj82budget1,read> 0.0018243972152820352
<252,planner6,proj62task2,setSchedule> 0.00126015788490361
<253,employee3_area1,proj31task1,read> 0.0017174486500572776
<254,nonemployee2_area2,proj22sched1,read> 5.99362861582112E-4
<255,nonemployee1_area1,proj12task1a,request> 3.995347772367866E-4
<256,planner10,proj102task1a,setSchedule> 0.0014347084191726747
<257,planner1,proj11sched1,read> 2.10515055785269E-4
<258,aud1,proj12sched1,read> 6.869173708583319E-4
<259,planner9,proj91task1prop,setSchedule> 0.0014812552283110922
<260,planner6,proj62task1prop,setSchedule> 0.002004906831118287
<261,planner8,proj82task2propa,setSchedule> 0.0021096371516797258
<262,planner6,proj61sched1,write> 0.013680394430592614
<263,planner2,proj21task1prop,setSchedule> 0.0010506972437807323
<264,planner10,proj102task1,setSchedule> 1.1976106101238616E-4
<265,planner7,proj71task1prop,setSchedule> 0.002284187685948791
<266,acc9,proj91task1propa,setCost> 0.0018744398624383435
<267,planner10,proj102task2,setSchedule> 1.313977632969905E-4
<268,employee5_area1,proj51sched1,read> 1.6729690097205967E-4
<269,employee3_area2,proj31task2propa,request> 4.375731558741758E-4
<270,planner8,proj82task2a,setSchedule> 0.0020630903425413083
<271,nonemployee6_area1,proj62task1,read> 7.597693578448907E-4
<272,planner3,proj31task1a,setSchedule> 0.002342371197371812
<273,ldr41,proj41sched1,read> 0.0011320906128769288
<274,planner4,proj42task2,setSchedule> 7.24869579811811E-4
<275,planner2,proj22task2propa,setSchedule> 8.528733049424585E-4
<276,employee4_area2,proj41task2,read> 4.020707668849761E-4
<277,acc7,proj71sched1,read> 8.132044279006146E-4
<278,employee3_area2,proj31task2a,read> 0.001933084368610114
<279,manager3,proj31budget1,approve> 5.441714218118479E-5
<280,planner6,proj61task2a,setSchedule> 1.779445724354078E-4
<281,aud8,proj81budget1,read> 0.006000292714023229
<282,acc4,proj42task2propa,setCost> 4.251183216923318E-4
<283,aud7,proj72budget1,read> 0.009511073462273392
<284,acc8,proj82budget1,read> 0.007068955962026304
<285,acc6,proj62task2,setCost> 0.0010394002992270652
<286,employee10_area2,proj101task2a,request> 9.845747212690382E-4
<287,manager4,proj42budget1,read> 7.067329321312352E-4
<288,employee1_area2,proj11task2a,setStatus> 8.38645949959457E-4
<289,employee4_area2,proj41task2a,read> 0.001631194362636143
<290,acc7,proj71task2prop,setCost> 0.0010202039874291048
<291,acc6,proj62task1,setCost> 0.0010585966110250255
<292,manager7,proj72budget1,read> 0.001513934914406813
<293,nonemployee2_area2,proj22task2,read> 0.0014348647600553868
<294,planner1,proj11task2,setSchedule> 0.0018187195945646177
<295,manager10,proj101budget1,read> 8.205691091188167E-4
<296,planner8,proj81task2a,setSchedule> 8.99420114080876E-4
<297,nonemployee1_area2,proj12task2a,read> 6.839933433110595E-4
<298,acc5,proj51task2a,setCost> 1.371736447229255E-4
<299,ldr11,proj11budget1,read> 5.972262455572766E-4
<300,nonemployee10_area2,proj102sched1,read> 6.161492349708104E-4
<301,manager8,proj81budget1,read> 9.551027728314129E-4
<302,acc8,proj81task2a,setCost> 7.418574663586787E-4
<303,planner4,proj41sched1,write> 0.010907881886036008
<304,employee4_area1,proj41task1a,request> 8.1594758936072E-4
<305,nonemployee6_area1,proj62task1a,request> 9.710237013937533E-4
<306,acc3,proj32task2prop,setCost> 0.001941626953731205
<307,planner3,proj31task2a,setSchedule> 0.0020863637471105175
<308,acc7,proj72task2,setCost> 8.378390253484807E-4
<309,employee4_area1,proj41task1,request> 2.807397359125802E-4
<310,employee1_area1,proj11task1a,read> 0.00220262901680116
<311,nonemployee2_area1,proj22task1,read> 0.0013315338311456172
<312,acc8,proj82task2,setCost> 0.0017592619916505811
<313,acc8,proj82task1,setCost> 0.0017688601475495608
<314,acc7,proj72task1,setCost> 8.282408694495005E-4
<315,employee5_area2,proj51task2prop,read> 4.52730125759881E-4
<316,acc7,proj71task1prop,setCost> 0.0018840380183373236
<317,ldr11,proj11sched1,read> 3.519497429992747E-4
<318,employee1_area2,proj11task2,request> 0.0011458702387465596
<319,employee7_area2,proj71task2prop,request> 2.8138369564785037E-4
<320,acc4,proj41task2,setCost> 3.5793123039947036E-4
<321,acc1,proj12task2propa,setCost> 3.963238539953912E-4
<322,employee2_area2,proj21task2propa,setStatus> 9.241799587229354E-4
<323,acc5,proj52budget1,write> 0.00398434493500398
<324,nonemployee8_area1,proj82task1a,setStatus> 6.495707726928202E-4
<325,aud5,proj51budget1,read> 0.0016443240078609937
<326,employee4_area2,proj41task2,request> 2.734081214817838E-4
<327,employee8_area2,proj81task2a,read> 8.333422039906487E-4
<328,employee6_area1,proj61task1prop,request> 2.9726736956917164E-4
<329,employee8_area1,proj81task1a,request> 6.693153007447913E-4
<330,planner9,proj91task2a,setSchedule> 0.0013881616100342577
<331,acc1,proj12task2a,setCost> 9.530168961362433E-4
<332,ldr12,proj12sched1,write> 5.589789567894372E-4
<333,nonemployee10_area1,proj102task1a,request> 5.7753952410535E-4
<334,planner10,proj101task1propa,setSchedule> 0.002074727044825913
<335,acc5,proj52budget1,read> 0.004743267779766644
<336,planner6,proj61task1propa,setSchedule> 4.921355341197246E-4
<337,planner9,proj91task2prop,setSchedule> 0.002156183960818143
<338,acc6,proj62task2prop,setCost> 0.0015768970295699568
<339,acc10,proj102task1prop,setCost> 0.001164176325913808
<340,ldr91,proj91sched1,read> 0.0014905162062719072
<341,planner8,proj82task2prop,setSchedule> 0.002295824388233395
<342,employee2_area2,proj21task2prop,request> 4.984605725725738E-4
<343,employee1_area1,proj11task1prop,request> 1.304887933952987E-4
<344,nonemployee4_area1,proj42task1,request> 2.8711072658295703E-4
<345,employee3_area1,proj31task1prop,read> 7.899662172879329E-5
<346,planner1,proj11task1prop,setSchedule> 5.735924501119548E-4
<347,planner2,proj22task1a,setSchedule> 0.0011321541597729625
<348,nonemployee9_area1,proj92task1,request> 3.9485044179287705E-4
<349,acc6,proj61task1prop,setCost> 0.0010777929228229862
<350,employee5_area2,proj51task2,request> 4.6403009668249105E-4
<351,employee1_area2,proj11task2propa,setStatus> 6.315636129531405E-4
<352,acc5,proj52task1prop,setCost> 7.322593104596985E-4
<353,acc9,proj91task2prop,setCost> 0.0017784583034485412
<354,employee6_area2,proj61task2prop,read> 4.4883706842622383E-4
<355,planner6,proj61task2,setSchedule> 0.0019816334265490786
<356,planner7,proj72task1prop,setSchedule> 0.0011088807552037537
<357,nonemployee8_area2,proj82sched1,read> 6.92651966834208E-5
<358,employee2_area1,proj21task1propa,request> 7.754321365756129E-5
<359,acc4,proj41task1propa,setCost> 0.00126015788490361
<360,ldr92,proj92sched1,read> 0.0010304728056081004
<361,nonemployee4_area2,proj42task2,request> 2.9179506202686663E-4
<362,acc10,proj101task1propa,setCost> 0.00171127121215568
<363,acc7,proj72task2prop,setCost> 0.0019224306419332446
<364,employee6_area2,proj61task2propa,request> 1.9667076806747052E-4
<365,planner10,proj101task1,setSchedule> 2.0121797700461643E-4
<366,acc1,proj12task1propa,setCost> 0.0010873910787219663
<367,ldr31,proj31budget1,write> 1.3697697931422715E-4
<368,acc4,proj42task1a,setCost> 0.0016632804326607788
<369,acc2,proj21sched1,read> 6.373004659342E-4
<370,employee9_area1,proj91task1propa,request> 5.169915254807819E-4
<371,nonemployee8_area2,proj82task2a,setStatus> 7.981298405451776E-4
<372,planner2,proj21task2propa,setSchedule> 0.0023889180065102293
<373,ldr41,proj41sched1,write> 5.329294520070168E-4
<374,nonemployee8_area1,proj82sched1,read> 6.805532425226936E-5
<375,acc8,proj81task2prop,setCost> 5.115017247831538E-4
<376,acc1,proj12task2,setCost> 5.402961924800944E-4
<377,acc5,proj51task2prop,setCost> 0.0011161855464189069
<378,acc1,proj12task1,setCost> 5.594925042780547E-4
<379,acc2,proj22task1,setCost> 0.0018552435506403832
<380,planner2,proj22task1prop,setSchedule> 0.0018070828922800133
<381,nonemployee10_area1,proj102task1propa,setStatus> 2.6691862822462694E-4
<382,acc6,proj61task1,setCost> 0.0016440841208628183
<383,acc4,proj41sched1,read> 5.329869397614695E-4
<384,aud2,proj21sched1,read> 7.625502684877423E-4
<385,aud10,proj101sched1,read> 7.091504995075228E-4
<386,employee9_area1,proj91task1,read> 0.0015988490048532177
<387,nonemployee9_area2,proj92task2a,setStatus> 3.389472671833457E-4
<388,manager8,proj81budget1,approve> 1.910205545662826E-4
<389,nonemployee5_area2,proj52task2a,setStatus> 1.9488998926590827E-4
<390,employee4_area2,proj41task2propa,read> 7.486024831178255E-4
<391,employee3_area1,proj31task1,request> 0.001167865082038949
<392,planner4,proj41task2propa,setSchedule> 0.0022376408768103734
<393,acc3,proj31task1propa,setCost> 9.626150520352236E-4
<394,planner7,proj72task1a,setSchedule> 0.002098000449395121
<395,employee8_area1,proj81task1propa,request> 4.163949239790808E-4
<396,planner5,proj51task1propa,setSchedule> 0.002307461090517999
<397,acc10,proj102task2a,setCost> 0.001125783702317887
<398,ldr101,proj101sched1,read> 0.002419519518656016
<399,employee6_area2,proj61task2prop,request> 3.052092065298322E-4
<400,acc5,proj52task1a,setCost> 2.3315520371272754E-4
<401,planner2,proj21task1a,setSchedule> 0.0014579818237418834
<402,aud10,proj102sched1,read> 2.519648074279259E-4
<403,acc7,proj71task2a,setCost> 0.0012697560408025902
<404,employee10_area1,proj101task1a,setStatus> 6.855850921721796E-4
<405,aud9,proj92sched1,read> 5.585705145754675E-4
<406,planner1,proj12task1,setSchedule> 6.783227706733938E-4
<407,acc4,proj42task1prop,setCost> 0.0010010076756311443
<408,acc7,proj71task2propa,setCost> 5.019035688841735E-4
<409,acc1,proj11task1a,setCost> 0.0019608232655291655
<410,planner1,proj11task2prop,setSchedule> 0.001516165335164905
<411,nonemployee5_area2,proj52task2a,read> 2.98224542047919E-4
<412,acc3,proj32task2propa,setCost> 3.099404509045693E-4
<413,nonemployee8_area2,proj82task2,request> 8.58599650739924E-4
<414,ldr72,proj72budget1,write> 7.621650940923162E-4
<415,aud6,proj62budget1,read> 0.0010591938831526332
<416,acc10,proj102sched1,read> 5.18751074116318E-4
<417,manager5,proj51budget1,read> 2.617369675434166E-4
<418,planner8,proj82task1propa,setSchedule> 0.0018419929991338262
<419,employee7_area2,proj71task2a,setStatus> 5.955492934737812E-4
<420,employee7_area2,proj71sched1,read> 6.728544251157371E-4
<421,aud1,proj11sched1,read> 2.1915157089440822E-4
<422,employee9_area2,proj91task2propa,setStatus> 8.611548996340565E-4
<423,acc8,proj82task1a,setCost> 0.0013849339115903528
<424,acc6,proj62task2propa,setCost> 0.0017976546152465016
<425,employee1_area2,proj11task2,read> 0.0016851032922743524
<426,aud1,proj12budget1,read> 0.005740234880819513
<427,employee8_area2,proj81task2propa,read> 1.880022270711939E-4
<428,acc10,proj101budget1,write> 0.002670732092748354
<429,planner2,proj21task1propa,setSchedule> 3.4085840441986845E-4
<430,ldr51,proj52sched1,read> 1.7376546928200357E-4
<431,manager7,proj71budget1,read> 0.0017416072683819758
<432,acc5,proj52task2a,setCost> 4.155201657933516E-4
<433,nonemployee7_area1,proj72task1propa,setStatus> 6.945886720420195E-4
<434,nonemployee2_area2,proj22task2,request> 9.75708036837663E-4
<435,manager2,proj21budget1,approve> 3.3383321296888484E-4
<436,ldr92,proj91sched1,read> 4.8634623476503415E-4
<437,manager6,proj62budget1,read> 1.6859827728084984E-4
<438,nonemployee5_area1,proj52task1a,setStatus> 1.0935598050242972E-4
<439,manager6,proj61budget1,read> 8.309178524813241E-4
<440,acc10,proj101task2a,setCost> 0.0012889523526005506
<441,manager4,proj42budget1,approve> 1.4134658642624704E-4
<442,planner4,proj42task2prop,setSchedule> 0.0015510754420187184
<443,employee1_area1,proj11task1,read> 0.0018037029374784125
<444,acc7,proj72task1a,setCost> 0.0017304675239536399
<445,acc2,proj22task2,setCost> 0.001999215889125086
<446,planner5,proj52task2prop,setSchedule> 5.270456409735376E-4
<447,acc8,proj81task1a,setCost> 8.762316489444017E-4
<448,acc4,proj42task1,setCost> 5.882869719749954E-4
<449,acc4,proj42task2,setCost> 5.978851278739757E-4
<450,ldr31,proj31sched1,write> 6.267076692237301E-4
<451,manager5,proj51budget1,approve> 5.234739350868332E-5
<452,employee2_area1,proj21task1,read> 0.0018899572248995467
<453,ldr91,proj91budget1,read> 9.135416607723814E-4
<454,planner3,proj32task2a,setSchedule> 6.317759615349765E-4
<455,employee8_area1,proj81task1a,read> 9.842872069776342E-4
<456,ldr12,proj11sched1,read> 1.4358206368943988E-4
<457,employee1_area1,proj11task1propa,setStatus> 8.684703082783015E-5
<458,acc6,proj61sched1,read> 5.407989146894852E-4
<459,acc3,proj31task2propa,setCost> 0.0015864951854689371
<460,aud5,proj52sched1,read> 1.6611060279380957E-4
<461,nonemployee10_area2,proj102task2a,request> 5.494335114418926E-4
<462,planner3,proj31task2propa,setSchedule> 0.0019234499151260563
<463,employee3_area1,proj31task1a,setStatus> 9.061727989832557E-4
<464,employee1_area1,proj11task1,request> 0.0012265179974853201
<465,acc6,proj61task1a,setCost> 9.91409519732164E-4
<466,aud4,proj42budget1,read> 0.004439945714800937
<467,employee8_area2,proj81task2a,setStatus> 3.4795084705318554E-4
<468,acc3,proj31sched1,read> 6.56391026757605E-4
<469,planner1,proj12task1prop,setSchedule> 0.0014463451214572793
<470,manager7,proj72budget1,approve> 3.027869828813626E-4
<471,manager1,proj12budget1,read> 9.137077993813832E-4
<472,employee7_area1,proj71sched1,read> 6.645985425989795E-4
<473,nonemployee4_area2,proj42task2propa,setStatus> 1.9939177920082814E-4
<474,acc9,proj92task1a,setCost> 5.786888160760152E-4
<475,employee4_area2,proj41sched1,read> 4.917614306086487E-4
<476,acc4,proj42task2a,setCost> 2.715478273086484E-4
<477,planner2,proj22task2prop,setSchedule> 7.714163889502284E-4
<478,planner1,proj12task2prop,setSchedule> 0.001969996724264474
<479,manager10,proj102budget1,approve> 4.207626572139471E-4
<480,planner4,proj41task2,setSchedule> 4.33952022696703E-4
<481,planner9,proj92sched1,read> 4.77437367206964E-4
<482,employee4_area2,proj41task2a,setStatus> 6.810833022372596E-4
<483,planner1,proj12sched1,read> 6.5984673555357E-4
<484,planner2,proj21task2prop,setSchedule> 0.002191094067671956
<485,aud9,proj91sched1,read> 7.704068674596558E-4
<486,employee8_area1,proj81task1,request> 0.0010065695645614272
<487,planner4,proj42task2a,setSchedule> 3.2922170213526403E-4
<488,nonemployee7_area1,proj72task1a,request> 8.445466444081953E-4
<489,ldr102,proj101sched1,read> 0.0012693198016395153
<490,employee9_area2,proj91task2prop,request> 4.905187356119132E-4
<491,ldr61,proj61budget1,read> 4.97990036862342E-4
<492,employee4_area1,proj41sched1,read> 5.035401475094546E-4
<493,planner10,proj102task2prop,setSchedule> 4.106786181274943E-4
<494,acc1,proj12task1prop,setCost> 0.0011929707936107483
<495,employee2_area1,proj21sched1,read> 0.0010867262280380866
<496,ldr92,proj92sched1,write> 5.693987587024053E-4
<497,ldr62,proj62sched1,write> 5.277195510505326E-4
<498,employee7_area1,proj71task1propa,setStatus> 1.633774597214688E-4
<499,manager9,proj92budget1,approve> 2.0343904660129146E-4
<500,planner4,proj42sched1,read> 7.780923470096634E-5
<501,employee1_area2,proj11task2prop,read> 5.072329284310813E-4
<502,nonemployee3_area2,proj32sched1,read> 3.9384655482503655E-4
<503,planner4,proj42task1a,setSchedule> 0.0020165435334028913
<504,employee8_area1,proj81task1a,setStatus> 4.1097590614206443E-4
<505,nonemployee8_area2,proj82task2,read> 0.0012626465452057704
<506,employee5_area2,proj51task2propa,setStatus> 4.740009652309433E-4
<507,employee3_area2,proj31sched1,read> 4.4835452647377385E-4
<508,acc9,proj92task2prop,setCost> 7.51455622257659E-4
<509,nonemployee8_area1,proj82task1,request> 8.632839861838333E-4
<510,manager8,proj82budget1,approve> 3.6487944305640713E-4
<511,acc6,proj62budget1,read> 6.532644247582804E-4
<512,employee2_area2,proj21sched1,read> 0.0010793585925937608
<513,employee1_area1,proj11task1a,setStatus> 9.196781687880155E-4
<514,nonemployee5_area2,proj52task2,read> 3.464456422058116E-4
<515,ldr101,proj101budget1,read> 4.917877738189086E-4
<516,nonemployee3_area1,proj32sched1,read> 3.9060501939437785E-4
<517,manager3,proj32budget1,approve> 1.92314147486596E-5
<518,acc3,proj32budget1,read> 3.725779200028044E-4
<519,employee8_area2,proj81task2a,request> 5.666726987136413E-4
<520,nonemployee7_area2,proj72task2a,setStatus> 8.971692191134158E-4
<521,acc7,proj71task1a,setCost> 0.0014329246910852538
<522,ldr42,proj42sched1,write> 1.1613737548829087E-4
<523,employee4_area1,proj41task1a,setStatus> 5.010117048404628E-4
<524,nonemployee5_area2,proj52task2,request> 2.355830366999519E-4
<525,ldr92,proj92budget1,write> 5.120898481810806E-4
<526,employee3_area1,proj31sched1,read> 4.4118085405019347E-4
<527,nonemployee9_area1,proj92task1propa,setStatus> 4.1997948601190424E-4
<528,planner10,proj102task2a,setSchedule> 0.0013648882054650487
<529,ldr91,proj91budget1,write> 7.673749950488003E-4
<530,acc8,proj81task1,setCost> 0.001317746820297491
<531,employee10_area2,proj101task2,read> 1.9721683425978157E-4
<532,nonemployee7_area1,proj72task1,request> 4.0421911268069614E-4
<533,employee5_area1,proj51task1propa,setStatus> 8.926674291784958E-4
<534,employee7_area1,proj71task1propa,request> 9.607416656576939E-5
<535,acc6,proj61task2prop,setCost> 0.0011065873905199265
<536,employee9_area2,proj91task2a,setStatus> 5.370260243198222E-4
<537,acc9,proj92task1prop,setCost> 9.050261166413422E-4
<538,acc9,proj92sched1,read> 6.397036619439714E-4
<539,employee1_area1,proj11task1prop,read> 1.9189528440485102E-4
<540,nonemployee10_area2,proj102task2a,read> 8.079904580027831E-4
<541,planner3,proj32task1prop,setSchedule> 8.179631980886457E-4
<542,ldr22,proj22sched1,read> 7.672643607701141E-4
<543,acc6,proj62budget1,write> 5.487421167969554E-4
<544,acc7,proj71task1propa,setCost> 3.4833307450049013E-4
<545,ldr102,proj102sched1,read> 0.0010048062360360009
<546,aud7,proj71sched1,read> 9.122750181017047E-4
<547,employee8_area1,proj81task1prop,read> 4.449440110925667E-4
<548,employee10_area1,proj101task1,read> 1.8643504833213976E-4
<549,employee7_area2,proj71task2prop,read> 4.1379955242330937E-4
<550,employee9_area1,proj91task1prop,request> 3.369765543724747E-4
<551,acc1,proj11sched1,read> 1.910828967897057E-4
<552,employee2_area1,proj21task1propa,read> 1.1403413773170778E-4
<553,planner4,proj41task2prop,setSchedule> 0.0014230717168880705
<554,acc10,proj102task2prop,setCost> 3.387349186015099E-4
<555,planner3,proj32task2propa,setSchedule> 3.757685112736814E-4
<556,acc5,proj52task1,setCost> 4.923054129851933E-4
<557,employee10_area2,proj101task2propa,request> 4.058058080315333E-4
<558,acc5,proj52task2,setCost> 4.8270725708621313E-4
<559,planner8,proj81sched1,read> 4.947079531050847E-5
<560,employee1_area1,proj11task1propa,request> 5.1070423788692565E-5
<561,acc5,proj51budget1,write> 8.518835419328696E-4
<562,acc3,proj31task2,setCost> 0.0015385044059740359
<563,acc1,proj11budget1,write> 0.003243332562449524
<564,planner6,proj61task1,setSchedule> 0.0019932701288336825
<565,nonemployee3_area1,proj32task1propa,setStatus> 8.566531096991366E-4
<566,acc3,proj31task1,setCost> 0.0015289062500750557
<567,planner1,proj12task1propa,setSchedule> 0.0013183413963266317
<568,ldr41,proj41budget1,write> 7.100660845274755E-4
<569,employee8_area1,proj81task1,read> 0.0014802493596491578
<570,ldr101,proj102sched1,read> 4.425264264910631E-4
<571,acc10,proj101task2,setCost> 1.7556626831884633E-4
<572,planner7,proj71task2a,setSchedule> 0.0015394387397341138
<573,employee2_area2,proj21task2,request> 0.0012778392985008957
<574,acc10,proj101task1,setCost> 1.6596811241986612E-4
<575,acc2,proj22task2prop,setCost> 6.362777514698964E-4
<576,ldr21,proj21budget1,write> 8.403136084395772E-4
<577,acc2,proj21task1propa,setCost> 2.8114598320762865E-4
<578,planner2,proj22task2,setSchedule> 0.0024238281133640424
<579,aud3,proj31budget1,read> 0.0017093384661619223
<580,planner3,proj31task2,setSchedule> 0.0018652664037030347
<581,nonemployee1_area2,proj12task2a,request> 4.6511547345152044E-4
<582,employee9_area2,proj91task2,request> 0.0011018805521617809
<583,employee7_area2,proj71task2propa,setStatus> 2.3540609868018755E-4
<584,planner1,proj11task2propa,setSchedule> 0.0016325323580109485
<585,aud3,proj32budget1,read> 6.04092675046131E-4
<586,acc9,proj92budget1,read> 0.003941306337608141
<587,employee6_area1,proj61task1propa,read> 1.646438830692509E-4
<588,employee10_area1,proj101task1prop,read> 5.500565591013102E-4
<589,employee2_area1,proj21task1,request> 0.0012851709129316918
<590,acc6,proj62task1propa,setCost> 6.458759073688766E-4
<591,employee10_area2,proj101task2a,read> 0.0014479040018662325
<592,employee5_area2,proj51task2propa,request> 2.787364166609635E-4
<593,acc5,proj52sched1,read> 1.4314600332922763E-4
<594,nonemployee6_area2,proj62task2a,request> 7.60228606417823E-4
<595,employee9_area2,proj91task2a,read> 0.0012861772129516052
<596,acc6,proj61task2,setCost> 0.0016344859649638384
<597,planner9,proj92task2prop,setSchedule> 9.110568163654804E-4
<598,ldr91,proj91sched1,write> 8.507334103525455E-4
<599,acc10,proj101task2prop,setCost> 4.5391278938927243E-4
<600,employee10_area2,proj101task2prop,read> 1.841091697375367E-4
<601,nonemployee1_area1,proj12task1a,read> 5.875511429952743E-4
<602,employee7_area2,proj71task2,read> 3.3738005131912514E-4
<603,employee8_area2,proj81task2prop,request> 1.410779093428462E-4
<604,employee1_area1,proj11task1a,request> 0.0014977877314247886
<605,planner7,proj71task2prop,setSchedule> 0.0012368844803344013
<606,ldr62,proj62budget1,read> 1.0104520208260287E-4
<607,nonemployee4_area1,proj42task1propa,setStatus> 8.746602694388163E-4
<608,employee10_area1,proj101task1prop,request> 3.7403846018889094E-4
<609,employee7_area1,proj71task1,read> 3.2659826539148336E-4
<610,acc8,proj82task1prop,setCost> 0.0019800195773271257
<611,employee4_area1,proj41task1a,read> 0.0011999229255304704
<612,ldr51,proj51budget1,read> 1.5686556947350368E-4
<613,acc3,proj32task1prop,setCost> 6.746703750658173E-4
<614,aud8,proj81sched1,read> 5.585412373767085E-5
<615,ldr82,proj81sched1,read> 9.032409724434773E-5
<616,acc1,proj12task2prop,setCost> 0.0016248878090648579
<617,acc2,proj22task2propa,setCost> 7.034648427627578E-4
<618,manager7,proj71budget1,approve> 3.483214536763952E-4
<619,employee6_area2,proj61task2propa,read> 2.892217177462802E-4
<620,ldr81,proj81budget1,write> 4.808304424421761E-4
<621,employee4_area1,proj41task1prop,read> 5.033398710974241E-4
<622,planner10,proj102sched1,read> 2.5619951007377334E-4
<623,employee9_area1,proj91sched1,read> 0.0012266254593631392
<624,planner4,proj41sched1,read> 4.3286784610461896E-4
<625,acc7,proj72budget1,write> 0.0049274515909823804
<626,ldr22,proj22budget1,read> 8.887326085986478E-4
<627,planner4,proj41task1a,setSchedule> 0.0012950679917574227
<628,aud6,proj62sched1,read> 4.804180552865112E-4
<629,acc5,proj52task2propa,setCost> 0.0013273449761964714
<630,acc8,proj81budget1,write> 0.003108603040166896
<631,employee5_area1,proj51task1a,setStatus> 1.0485419056750981E-4
<632,employee4_area1,proj41task1propa,setStatus> 5.910475035388613E-4
<633,employee9_area1,proj91task1a,read> 0.001361649714445098
<634,planner5,proj52task1a,setSchedule> 2.8267489299684673E-4
<635,ldr102,proj102sched1,write> 4.652007395727239E-4
<636,ldr71,proj71budget1,write> 8.767829151349656E-4
<637,aud7,proj72sched1,read> 4.2951390693947986E-4
<638,ldr11,proj11sched1,write> 1.7865618696609977E-4
<639,planner6,proj62sched1,read> 3.4879667027650814E-4
<640,ldr22,proj22budget1,write> 7.465353912228641E-4
<641,ldr52,proj52budget1,read> 7.336760325128119E-4
<642,nonemployee7_area1,proj72task1,read> 5.944398715892591E-4
<643,employee7_area1,proj71task1prop,request> 5.196388044676688E-4
<644,planner10,proj101task2a,setSchedule> 0.0015627121443033225
<645,nonemployee4_area1,proj42sched1,read> 1.572064129672585E-4
<646,planner3,proj32task1,setSchedule> 4.6886212955051594E-4
<647,planner3,proj32task2,setSchedule> 4.572254272659116E-4
<648,ldr71,proj71budget1,read> 0.001043789184684483
<649,manager6,proj61budget1,approve> 1.6618357049626482E-4
<650,employee9_area2,proj91task2a,request> 8.746005048070914E-4
<651,planner9,proj92task2propa,setSchedule> 8.063264958040414E-4
<652,planner10,proj101task2prop,setSchedule> 5.503190455427462E-4
<653,acc8,proj81task2,setCost> 0.0013369431320954515
<654,employee5_area1,proj51task1,read> 6.931789869313053E-4
<655,employee4_area1,proj41task1propa,request> 3.475656703200222E-4
<656,manager9,proj91budget1,read> 0.0015242836577693203
<657,employee8_area1,proj81task1propa,setStatus> 7.080940418467792E-4
<658,manager4,proj41budget1,approve> 2.820894961563478E-4
<659,employee10_area2,proj101task2propa,setStatus> 6.900868821070996E-4
<660,employee9_area2,proj91sched1,read> 0.0012094096634422534
<661,nonemployee9_area1,proj92task1a,read> 4.153329281456581E-4
<662,ldr52,proj52sched1,read> 3.399736182470965E-4
<663,nonemployee1_area2,proj12task2a,setStatus> 4.469902256214238E-4
<664,nonemployee5_area1,proj52task1propa,setStatus> 8.206387902197771E-4
<665,employee2_area1,proj21task1a,setStatus> 5.640367639293417E-4
<666,acc2,proj22sched1,read> 3.7981602583774877E-4
<667,acc4,proj42sched1,read> 9.58059284413259E-5
<668,employee3_area1,proj31task1propa,request> 2.6550002172652916E-4
<669,planner9,proj91task2propa,setSchedule> 0.002226004174525769
<670,ldr32,proj32budget1,write> 4.8408663053997864E-5
<671,planner2,proj22sched1,read> 3.315157219739888E-4

