<0,employee8_area1,proj81task1,request> 8.813974621140269E-4
<1,aud2,proj21budget1,read> 0.00918226619921921
<2,planner4,proj41sched1,write> 0.009551430670944933
<3,planner5,proj51task2,setSchedule> 6.449179378413467E-4
<4,planner6,proj62sched1,write> 0.009458056195954025
<5,nonemployee8_area1,proj82task1,read> 0.001111662032895744
<6,acc2,proj21task2,setCost> 0.0014648475319476893
<7,nonemployee6_area2,proj62task2a,setStatus> 6.397487518117395E-4
<8,acc9,proj91budget1,write> 0.004344191445565687
<9,acc1,proj11budget1,write> 0.002840007476860622
<10,planner3,proj32sched1,write> 0.006096575096281347
<11,nonemployee6_area2,proj62task2a,read> 9.789562781209414E-4
<12,employee7_area2,proj71task2,request> 2.0088907254859915E-4
<13,employee9_area2,proj91task2,request> 9.648560381928057E-4
<14,employee6_area1,proj61task1,read> 0.0016171672617828995
<15,acc8,proj81budget1,read> 0.0032405145995581582
<16,acc7,proj71budget1,write> 0.004963561315032477
<17,planner9,proj91task2,setSchedule> 0.0015314147477246463
<18,acc8,proj81task2a,setCost> 6.496036748178253E-4
<19,planner5,proj52task1propa,setSchedule> 0.00185748253986563
<20,planner6,proj62task2propa,setSchedule> 0.001908430632387659
<21,employee6_area1,proj61task1propa,read> 1.4416956939589684E-4
<22,planner7,proj71sched1,read> 5.674938534672916E-4
<23,nonemployee8_area2,proj82task2a,read> 0.0010694374745583068
<24,acc7,proj71budget1,read> 0.005909001565514853
<25,acc2,proj22task1a,setCost> 8.176951917518179E-4
<26,aud4,proj41budget1,read> 0.00775902679866857
<27,aud10,proj102budget1,read> 0.011573308392144283
<28,employee5_area1,proj51task1prop,read> 1.5780531192004072E-4
<29,aud6,proj62budget1,read> 9.274776760255E-4
<30,planner7,proj72task2propa,setSchedule> 5.837802268149124E-4
<31,aud2,proj21sched1,read> 6.67723220572749E-4
<32,acc2,proj22sched1,read> 3.325839495151929E-4
<33,acc9,proj92task1prop,setCost> 7.92481464211719E-4
<34,aud1,proj11budget1,read> 0.0054818437577875455
<35,acc9,proj91task1prop,setCost> 0.0010698324671528066
<36,ldr52,proj52budget1,write> 5.396493012542528E-4
<37,acc5,proj51task1prop,setCost> 3.8906182357013685E-4
<38,acc5,proj52budget1,read> 0.004153418035280185
<39,aud2,proj22budget1,read> 0.008157533830822747
<40,employee4_area1,proj41task1a,read> 0.001050706338171278
<41,planner2,proj21task1,setSchedule> 0.0017861552103347897
<42,acc3,proj31task1,setCost> 0.0013387788942471946
<43,manager2,proj22budget1,approve> 2.5969676989510623E-4
<44,employee7_area1,proj71task1propa,setStatus> 1.4306063230501285E-4
<45,acc8,proj82budget1,read> 0.006189894930352402
<46,employee6_area2,proj61task2,request> 0.0010932538475447735
<47,acc4,proj42task2prop,setCost> 0.0011202599222330046
<48,ldr71,proj71budget1,write> 7.677504500760575E-4
<49,acc1,proj11task2prop,setCost> 0.0010950461946929056
<50,employee3_area2,proj31task2a,request> 0.0011510328617531588
<51,planner3,proj32task2prop,setSchedule> 0.0020612749099537453
<52,nonemployee9_area2,proj92task2propa,setStatus> 2.7314561598534604E-4
<53,planner9,proj91sched1,write> 0.0152472736453903
<54,acc4,proj42task1propa,setCost> 0.0016329390488816818
<55,planner9,proj92sched1,write> 0.010205051995881285
<56,acc10,proj102budget1,write> 0.005995844430810462
<57,acc6,proj62task2propa,setCost> 0.0015741070179547843
<58,employee2_area2,proj21task2propa,read> 6.998260772547621E-4
<59,acc1,proj11task1a,setCost> 0.001716984807348678
<60,acc1,proj11task2,setCost> 0.0013135651667070959
<61,acc9,proj91task2,setCost> 0.0012631377116268981
<62,planner2,proj21sched1,write> 0.013286409670581239
<63,aud7,proj71budget1,read> 0.009580773231373386
<64,acc9,proj92task2propa,setCost> 5.823670680442284E-4
<65,employee7_area2,proj71task2a,setStatus> 5.214896757387093E-4
<66,nonemployee2_area2,proj22task2propa,setStatus> 2.8891349279508335E-4
<67,aud9,proj91budget1,read> 0.008385252134910853
<68,planner1,proj12task2a,setSchedule> 0.0010117442039999536
<69,acc10,proj102task1a,setCost> 0.001036214163766008
<70,acc5,proj52task2a,setCost> 3.638480960300381E-4
<71,nonemployee4_area1,proj42task1a,setStatus> 6.831104130385171E-4
<72,planner7,proj72sched1,write> 0.006750196421217701
<73,employee2_area1,proj21task1a,read> 0.0011828805536806565
<74,planner2,proj22sched1,write> 0.00768394117112678
<75,acc7,proj71task1a,setCost> 0.0012547331357801986
<76,acc9,proj92task1,setCost> 7.084357057447227E-4
<77,manager2,proj22budget1,read> 0.001298483849475531
<78,ldr12,proj12sched1,read> 9.76782232538806E-4
<79,acc4,proj41budget1,read> 0.004785428106164667
<80,employee1_area2,proj11task2,request> 0.0010033753809983962
<81,employee9_area1,proj91task1,read> 0.001400023907731778
<82,ldr32,proj32sched1,write> 2.9786208350314E-4
<83,planner7,proj72task1,setSchedule> 8.792791634426789E-4
<84,employee1_area1,proj11task1a,read> 0.0019287207697692916
<85,planner3,proj32task1propa,setSchedule> 0.0019389994879008762
<86,acc1,proj12budget1,read> 0.0031000679171393846
<87,employee1_area2,proj11task2a,setStatus> 7.343560126701637E-4
<88,employee9_area2,proj91task2prop,read> 6.316473646340425E-4
<89,nonemployee8_area1,proj82task1a,read> 8.703788423961026E-4
<90,planner6,proj61sched1,write> 0.011979167020708533
<91,planner6,proj61task1propa,setSchedule> 4.309359492488262E-4
<92,acc3,proj31task2a,setCost> 0.0015068704111811874
<93,employee10_area1,proj101task1propa,setStatus> 7.028202590506889E-4
<94,nonemployee6_area2,proj62task2,read> 6.532239709464253E-4
<95,planner1,proj12task1a,setSchedule> 8.690895449382731E-4
<96,acc1,proj11budget1,read> 0.0033809612819769314
<97,ldr81,proj82sched1,read> 7.389444536874792E-5
<98,ldr71,proj71sched1,read> 0.0018320815782063926
<99,planner10,proj102sched1,write> 0.008337562496063133
<100,nonemployee10_area2,proj102task2a,setStatus> 4.6236013770219414E-4
<101,planner5,proj51sched1,write> 0.003108591896572302
<102,planner9,proj91task2propa,setSchedule> 0.001949189106405282
<103,employee8_area2,proj81task2propa,setStatus> 1.9036426273422494E-4
<104,employee5_area2,proj51task2,request> 4.0632556751174715E-4
<105,planner1,proj11task2a,setSchedule> 0.0018982410138832534
<106,employee10_area2,proj101task2a,read> 0.0012678496922223998
<107,manager1,proj11budget1,approve> 1.745156252479181E-4
<108,employee6_area1,proj61task1prop,read> 3.827950635684157E-4
<109,planner1,proj11sched1,read> 1.8433642585525005E-4
<110,acc2,proj21budget1,read> 0.005663219871282
<111,acc1,proj11task1,setCost> 0.0014060155010207917
<112,planner6,proj62task1propa,setSchedule> 6.8567641185897E-4
<113,employee10_area2,proj101task2,request> 1.1743049646982027E-4
<114,acc5,proj52budget1,write> 0.0034888711496353555
<115,acc3,proj31task2,setCost> 0.0013471834700938942
<116,aud5,proj52budget1,read> 0.006734294430272109
<117,employee8_area1,proj81task1propa,setStatus> 6.200389057995678E-4
<118,acc6,proj62task1,setCost> 9.26954677758913E-4
<119,aud7,proj72budget1,read> 0.008328322558888827
<120,acc5,proj51task1a,setCost> 1.9575657909604548E-4
<121,acc2,proj22budget1,read> 0.005031209800397519
<122,acc5,proj52task2propa,setCost> 0.0011622828014665025
<123,planner10,proj101task2prop,setSchedule> 4.818840417708549E-4
<124,employee8_area2,proj81task2,read> 0.0013150547691900348
<125,ldr81,proj81budget1,read> 5.012341712701362E-4
<126,acc10,proj101budget1,read> 0.002784062881697145
<127,nonemployee10_area1,proj102task1a,read> 7.437051673837909E-4
<128,planner7,proj71sched1,write> 0.015527397070363023
<129,planner6,proj61sched1,read> 4.0699512603517346E-4
<130,aud3,proj32budget1,read> 5.28970643871321E-4
<131,planner10,proj101task1prop,setSchedule> 0.001439708181184995
<132,acc10,proj102budget1,read> 0.0071379100366791215
<133,planner1,proj11task2prop,setSchedule> 0.0013276223776365315
<134,ldr31,proj31sched1,read> 0.0012469117984630807
<135,acc4,proj41budget1,write> 0.004019759609178319
<136,acc9,proj91budget1,read> 0.005171656482816294
<137,planner10,proj101sched1,write> 0.0176750099951539
<138,planner2,proj21task2a,setSchedule> 8.283310709206503E-4
<139,employee10_area1,proj101task1propa,read> 6.077848152167907E-4
<140,nonemployee2_area1,proj22task1a,request> 3.990723436201363E-4
<141,planner8,proj81task1propa,setSchedule> 0.0016027420772554868
<142,acc7,proj72sched1,read> 3.352580260979269E-4
<143,manager4,proj41budget1,read> 0.001235051082185072
<144,employee10_area2,proj101task2a,request> 8.621377907112319E-4
<145,employee10_area2,proj101task2a,setStatus> 5.29373614143578E-4
<146,planner9,proj91task1propa,setSchedule> 0.001989947580422905
<147,acc7,proj71task2prop,setCost> 8.933363743721145E-4
<148,acc4,proj41task1prop,setCost> 0.001086641618846206
<149,employee6_area1,proj61task1,request> 0.0010996737380123715
<150,ldr22,proj22budget1,read> 7.782141376966135E-4
<151,employee5_area2,proj51sched1,read> 1.4503503236102018E-4
<152,acc6,proj61budget1,read> 0.002819174552301838
<153,acc7,proj71task1,setCost> 2.545886100229429E-4
<154,acc4,proj42task2,setCost> 5.23535037117331E-4
<155,planner5,proj51task2propa,setSchedule> 0.0010728819150263881
<156,employee10_area2,proj101task2propa,read> 5.22561424440891E-4
<157,ldr21,proj21budget1,read> 8.759717729059583E-4
<158,planner6,proj61task2propa,setSchedule> 7.570037413898101E-4
<159,ldr72,proj71sched1,read> 9.144964645046166E-4
<160,nonemployee10_area1,proj102task1a,setStatus> 4.8601195291680016E-4
<161,employee3_area2,proj31task2,read> 0.0015133160924541021
<162,manager1,proj11budget1,read> 8.725781262395904E-4
<163,planner1,proj11task1,setSchedule> 0.0017046382622995441
<164,acc3,proj32task1propa,setCost> 0.0015993207454948833
<165,planner3,proj31task1,setSchedule> 0.001623121314264298
<166,ldr91,proj91budget1,read> 7.999380566320234E-4
<167,acc2,proj21task1,setCost> 0.0014732521077943886
<168,employee8_area1,proj81task1a,setStatus> 3.5986893843890146E-4
<169,planner4,proj41task1propa,setSchedule> 0.001337811996140937
<170,acc9,proj91sched1,read> 7.725898115418566E-4
<171,acc3,proj31task2prop,setCost> 0.0011370690739264037
<172,planner8,proj82task2prop,setSchedule> 0.0020103268174317167
<173,employee8_area1,proj81task1propa,read> 5.36197166965035E-4
<174,acc9,proj92budget1,write> 0.002898995083476507
<175,ldr12,proj12budget1,read> 4.7951025233472635E-4
<176,acc2,proj22task2,setCost> 0.0017506031107354764
<177,planner8,proj82task1a,setSchedule> 0.0014702770366982118
<178,planner5,proj51task1propa,setSchedule> 0.002020516435936122
<179,ldr82,proj82sched1,read> 1.4714063623613228E-4
<180,acc9,proj92budget1,read> 0.0034511846231863185
<181,employee1_area1,proj11task1,read> 0.0015794032002087914
<182,employee3_area1,proj31task1a,request> 0.0012922704520403228
<183,aud6,proj61budget1,read> 0.004570970541435138
<184,planner7,proj71task2a,setSchedule> 0.001348001614645343
<185,planner1,proj11task1a,setSchedule> 0.0020816541469625568
<186,nonemployee8_area2,proj82task2,read> 0.0011056299531332532
<187,acc7,proj72task2prop,setCost> 0.0016833665039618795
<188,nonemployee6_area2,proj62task2propa,setStatus> 7.382979818725978E-4
<189,planner4,proj42task1prop,setSchedule> 0.0010626922965219824
<190,ldr21,proj21sched1,write> 6.491378526887192E-4
<191,aud8,proj82budget1,read> 0.010036209839549594
<192,planner7,proj72task2prop,setSchedule> 0.0020408956729449338
<193,planner1,proj12sched1,write> 0.010018303045899471
<194,employee8_area1,proj81task1a,read> 8.618860303007377E-4
<195,planner4,proj42task1a,setSchedule> 0.0017657759733259784
<196,nonemployee4_area1,proj42sched1,read> 1.376569869542637E-4
<197,acc1,proj12task1propa,setCost> 9.52168405299012E-4
<198,employee7_area1,proj71task1a,request> 9.584361477252075E-4
<199,acc8,proj82task2propa,setCost> 0.0015236795628745868
<200,acc10,proj101task2a,setCost> 0.0011286644980797041
<201,acc2,proj21task1a,setCost> 0.0010530233154594072
<202,acc8,proj81task2prop,setCost> 4.4789385449703437E-4
<203,nonemployee3_area2,proj32task2a,read> 3.274916637719093E-4
<204,acc10,proj102task1propa,setCost> 4.98321309577232E-4
<205,employee4_area1,proj41task1a,request> 7.144803099564691E-4
<206,planner2,proj21task2propa,setSchedule> 0.0020918437654669623
<207,employee5_area2,proj51task2propa,setStatus> 4.1505650727298216E-4
<208,employee2_area2,proj21task2,read> 0.0016454903079634808
<209,acc7,proj72budget1,write> 0.004314697642257744
<210,planner6,proj61task2,setSchedule> 0.0017352071178127616
<211,nonemployee9_area1,proj92task1a,setStatus> 2.3766789316343698E-4
<212,employee2_area1,proj21task1,read> 0.0016549313233570075
<213,ldr32,proj32budget1,read> 5.046285336037941E-5
<214,planner9,proj91sched1,read> 5.766158105653856E-4
<215,nonemployee1_area1,proj12sched1,read> 3.881572996178615E-4
<216,acc8,proj82budget1,write> 0.005199511741496018
<217,employee9_area2,proj91task2,read> 0.001418905938518832
<218,acc9,proj91task2propa,setCost> 0.0016077253213415829
<219,aud1,proj12budget1,read> 0.005026407149611342
<220,planner3,proj31sched1,read> 4.6797840741860365E-4
<221,nonemployee1_area2,proj12task2propa,setStatus> 1.6277047831718454E-4
<222,employee10_area1,proj101task1a,request> 9.776958191280026E-4
<223,acc6,proj61task1propa,setCost> 3.554435201833384E-4
<224,nonemployee1_area2,proj12task2a,setStatus> 3.9140469205837614E-4
<225,acc10,proj102task2,setCost> 9.490166893564995E-5
<226,acc10,proj102task1,setCost> 8.649709308895032E-5
<227,acc3,proj32sched1,read> 2.597166952300863E-4
<228,nonemployee7_area2,proj72task2,read> 5.265502959341135E-4
<229,ldr11,proj12sched1,read> 3.822312339748407E-4
<230,aud3,proj32sched1,read> 2.994547688172033E-4
<231,employee2_area2,proj21task2a,read> 7.674758763654675E-4
<232,acc10,proj101task1propa,setCost> 0.0014984658353344878
<233,nonemployee4_area2,proj42task2a,request> 1.1604716116405673E-4
<234,nonemployee2_area2,proj22task2a,request> 2.2679614560339225E-4
<235,employee4_area2,proj41task2propa,setStatus> 7.580078278847696E-4
<236,nonemployee5_area1,proj52task1a,read> 1.4652927089717815E-4
<237,aud9,proj92budget1,read> 0.005595702909831597
<238,ldr32,proj31sched1,read> 6.061733733677216E-4
<239,ldr91,proj91sched1,read> 0.0013051628498426686
<240,employee1_area2,proj11task2prop,read> 4.4415590492706336E-4
<241,nonemployee9_area2,proj92task2a,request> 3.088324303732704E-4
<242,manager9,proj91budget1,read> 0.0013347311450700792
<243,ldr82,proj82budget1,read> 9.574364689137459E-4
<244,acc5,proj51budget1,write> 7.459474419967106E-4
<245,acc9,proj91task1,setCost> 0.001246328559933499
<246,employee9_area1,proj91sched1,read> 0.001074088274582581
<247,acc8,proj81budget1,write> 0.002722032263628853
<248,nonemployee2_area2,proj22task2,read> 0.0012564319471955292
<249,nonemployee1_area2,proj12sched1,read> 4.177876278329654E-4
<250,ldr62,proj62budget1,write> 7.432295765777137E-5
<251,employee7_area2,proj71task2a,request> 8.49298009776035E-4
<252,acc1,proj12budget1,write> 0.0026040570503970827
<253,acc6,proj61task1prop,setCost> 9.437638294523124E-4
<254,acc5,proj51task1,setCost> 5.403441888107303E-4
<255,nonemployee3_area2,proj32task2propa,setStatus> 1.272927554952755E-4
<256,planner7,proj72task2a,setSchedule> 0.002030706054440528
<257,planner1,proj11sched1,write> 0.0032019663715632096
<258,nonemployee3_area1,proj32task1a,read> 4.3003701973425696E-4
<259,manager5,proj52budget1,approve> 2.1438765040192106E-4
<260,planner10,proj101sched1,read> 6.314003570546065E-4
<261,employee6_area2,proj61sched1,read> 6.322502901301122E-4
<262,nonemployee6_area1,proj62task1a,setStatus> 8.171373659212846E-4
<263,acc1,proj12task2a,setCost> 8.345043434452172E-4
<264,aud4,proj42budget1,read> 0.0038878156291708306
<265,manager5,proj52budget1,read> 0.0010719382520096054
<266,acc8,proj82task2,setCost> 0.0015404887145679862
<267,acc8,proj81task2,setCost> 0.001170687377313202
<268,nonemployee2_area2,proj22task2,request> 8.543737240929598E-4
<269,aud9,proj92sched1,read> 4.891093981895362E-4
<270,planner10,proj101task2propa,setSchedule> 0.0015619836032378638
<271,aud8,proj81budget1,read> 0.005254125453699444
<272,planner3,proj31sched1,write> 0.011232171220781269
<273,employee3_area1,proj31task1a,read> 0.0019003977235887099
<274,ldr61,proj61budget1,write> 3.6629242814968134E-4
<275,nonemployee9_area1,proj92task1a,request> 2.473052167958618E-4
<276,ldr51,proj51budget1,write> 1.1538116444569621E-4
<277,employee9_area2,proj91task2propa,read> 6.521009784202584E-4
<278,planner5,proj52task2,setSchedule> 5.124528972840723E-4
<279,acc4,proj41task1a,setCost> 9.353592536056125E-4
<280,planner5,proj52task1,setSchedule> 5.226425157884778E-4
<281,acc6,proj61budget1,write> 0.002368106623933544
<282,acc2,proj21task2a,setCost> 6.832219782046239E-4
<283,ldr91,proj91sched1,write> 7.449403351938771E-4
<284,employee4_area2,proj41task2prop,request> 2.834814055175673E-4
<285,planner6,proj61task1,setSchedule> 0.0017453967363171671
<286,employee5_area1,proj51task1,request> 4.127454579793456E-4
<287,planner1,proj12task2prop,setSchedule> 0.0017250174993083554
<288,acc2,proj21budget1,write> 0.00475710469187688
<289,acc2,proj22task1prop,setCost> 0.0013051605908603963
<290,employee7_area2,proj71task2,read> 2.9542510668911635E-4
<291,planner1,proj12task2,setSchedule> 5.735906083105067E-4
<292,employee4_area1,proj41task1,read> 3.6151221444380557E-4
<293,manager10,proj101budget1,read> 7.185271199627612E-4
<294,acc8,proj82sched1,read> 5.058723679365897E-5
<295,planner7,proj72sched1,read> 2.671853304435255E-4
<296,employee3_area1,proj31task1,read> 0.0015038750770605752
<297,planner2,proj21task1prop,setSchedule> 9.20037637460302E-4
<298,acc4,proj41task2a,setCost> 0.001271542287473598
<299,nonemployee6_area1,proj62task1,request> 4.523959287205571E-4
<300,manager10,proj102budget1,read> 0.0018421932833937527
<301,planner10,proj102task1,setSchedule> 1.0486815710784243E-4
<302,acc9,proj92task2a,setCost> 6.32794523124426E-4
<303,planner10,proj102task2,setSchedule> 1.1505777561224818E-4
<304,employee5_area1,proj51sched1,read> 1.4649267087721133E-4
<305,nonemployee6_area1,proj62task1,read> 6.652881304714074E-4
<306,employee4_area2,proj41task2,read> 3.5207119905027856E-4
<307,employee5_area1,proj51task1propa,read> 6.759635278375102E-4
<308,planner9,proj91task1a,setSchedule> 0.0012868639036189087
<309,employee3_area2,proj31task2a,read> 0.0016926953849311158
<310,nonemployee9_area1,proj92sched1,read> 6.311970445909657E-4
<311,manager3,proj31budget1,approve> 4.765009066699972E-5
<312,planner6,proj61task2a,setSchedule> 1.5581624962987116E-4
<313,planner5,proj52task2a,setSchedule> 4.41125567753232E-4
<314,acc4,proj41sched1,read> 4.6670727248778485E-4
<315,employee7_area1,proj71sched1,read> 5.819522955938469E-4
<316,nonemployee4_area2,proj42task2,request> 2.555088452728496E-4
<317,manager8,proj82budget1,approve> 3.1950480762611065E-4
<318,acc4,proj42task2propa,setCost> 3.722526718767377E-4
<319,manager4,proj42budget1,read> 6.188470570777539E-4
<320,planner9,proj92task2prop,setSchedule> 7.97762215407433E-4
<321,manager7,proj72budget1,read> 0.0013256693211714423
<322,employee7_area1,proj71task1prop,read> 6.691456565754383E-4
<323,planner3,proj31task2a,setSchedule> 0.0018269136843524132
<324,ldr101,proj101sched1,read> 0.0021186398221845126
<325,nonemployee1_area2,proj12task2a,read> 5.98935253084006E-4
<326,acc5,proj51task2a,setCost> 1.2011539647574885E-4
<327,ldr11,proj11budget1,read> 5.229580902055462E-4
<328,acc7,proj72task2,setCost> 7.336494332848216E-4
<329,employee4_area1,proj41task1,request> 2.458283058217878E-4
<330,acc8,proj82task1,setCost> 0.0015488932904146853
<331,nonemployee5_area2,proj52task2,read> 3.033633447219452E-4
<332,ldr22,proj21sched1,read> 3.7740877684546684E-4
<333,acc7,proj72task1,setCost> 7.252448574381219E-4
<334,acc1,proj12task1a,setCost> 7.168402815914223E-4
<335,acc6,proj62task1prop,setCost> 0.0014480383802542899
<336,aud7,proj72sched1,read> 3.761016434905677E-4
<337,employee5_area2,proj51task2prop,read> 3.9643080609255964E-4
<338,ldr11,proj11sched1,read> 3.081829822724725E-4
<339,planner4,proj42task2prop,setSchedule> 0.001358191233149749
<340,employee10_area2,proj101task2propa,setStatus> 6.042710289898305E-4
<341,acc7,proj72budget1,read> 0.0051365448122116
<342,planner1,proj12task1propa,setSchedule> 0.001154398863061634
<343,employee7_area2,proj71task2prop,request> 2.4639218585189584E-4
<344,acc4,proj41task2,setCost> 3.134206409498403E-4
<345,employee4_area2,proj41task2propa,request> 4.457467415548802E-4
<346,acc1,proj12task2propa,setCost> 3.470389443366388E-4
<347,planner9,proj92task1,setSchedule> 8.588999264338673E-4
<348,ldr81,proj81sched1,read> 1.447297180084088E-4
<349,employee5_area1,proj51task1a,read> 2.1989698354090025E-4
<350,acc4,proj41task1,setCost> 3.2182521679653984E-4
<351,ldr21,proj21sched1,read> 0.0011437405027253994
<352,acc9,proj92task1a,setCost> 5.067258854239317E-4
<353,planner4,proj42sched1,write> 0.0020814726716723176
<354,nonemployee7_area1,proj72task1a,setStatus> 7.107041974555575E-4
<355,acc5,proj51budget1,read> 8.880326690437031E-4
<356,nonemployee8_area1,proj82task1a,setStatus> 5.687933061679214E-4
<357,acc10,proj101task1a,setCost> 0.0012799468633202975
<358,employee4_area2,proj41task2,request> 2.3940841535418945E-4
<359,employee6_area1,proj61task1prop,request> 2.603006432265227E-4
<360,planner9,proj91task2a,setSchedule> 0.0012155365740880684
<361,acc6,proj62task2a,setCost> 0.0013639926217872938
<362,planner10,proj101task1propa,setSchedule> 0.0018167240658480074
<363,ldr22,proj22sched1,write> 3.7541647410255355E-4
<364,ldr12,proj12sched1,write> 4.894670485134559E-4
<365,ldr71,proj72sched1,read> 4.3736706957952907E-4
<366,planner8,proj81task2,setSchedule> 0.0014193289441761833
<367,nonemployee10_area1,proj102task1a,request> 5.057195138209778E-4
<368,nonemployee4_area1,proj42task1a,request> 7.10810225745673E-4
<369,ldr21,proj21budget1,write> 7.358162892410049E-4
<370,ldr102,proj102sched1,read> 8.798534125600736E-4
<371,planner3,proj31task2prop,setSchedule> 0.00137857047015856
<372,planner9,proj91task2prop,setSchedule> 0.0018880513953788472
<373,employee2_area2,proj21task2prop,request> 4.364744366384623E-4
<374,ldr72,proj72sched1,read> 8.231743766071753E-4
<375,employee1_area1,proj11task1prop,request> 1.1426184079294113E-4
<376,nonemployee4_area1,proj42task1,request> 2.5140703103435563E-4
<377,employee4_area2,proj41task2a,request> 9.712759286604043E-4
<378,employee3_area1,proj31task1prop,read> 6.917298551310519E-5
<379,acc8,proj81task2propa,setCost> 4.058709752635362E-4
<380,acc1,proj11sched1,read> 1.673207557763039E-4
<381,planner1,proj11task1prop,setSchedule> 5.022632787796663E-4
<382,acc3,proj31task1a,setCost> 0.0016917710798085791
<383,planner8,proj81task2a,setSchedule> 7.875725969030272E-4
<384,employee2_area1,proj21task1a,setStatus> 4.93895891321669E-4
<385,employee3_area1,proj31task1prop,request> 4.703763014891152E-5
<386,nonemployee9_area1,proj92task1,request> 3.457487585197155E-4
<387,acc8,proj82task2prop,setCost> 0.0016581527764217806
<388,acc9,proj91task2prop,setCost> 0.001557297866261385
<389,employee10_area1,proj101task1a,read> 0.0014377879693058858
<390,planner1,proj12task1prop,setSchedule> 0.0012664846666100972
<391,nonemployee8_area2,proj82sched1,read> 6.065171322381101E-5
<392,employee10_area1,proj101task1prop,read> 4.816541968684593E-4
<393,employee6_area2,proj61task2propa,request> 1.7221374652055287E-4
<394,ldr31,proj31budget1,write> 1.199431874221323E-4
<395,nonemployee9_area2,proj92task2,request> 3.4164694428122166E-4
<396,employee9_area1,proj91task1propa,request> 4.527009702421936E-4
<397,employee1_area1,proj11task1a,request> 0.001311530123443118
<398,aud7,proj71sched1,read> 7.98828927492175E-4
<399,nonemployee8_area2,proj82task2a,setStatus> 6.988782898482544E-4
<400,planner6,proj62task1prop,setSchedule> 0.001755586354821573
<401,planner6,proj62task1a,setSchedule> 0.002112223002475774
<402,nonemployee8_area1,proj82sched1,read> 5.9592294652216066E-5
<403,planner7,proj72task1prop,setSchedule> 9.709857299823306E-4
<404,employee4_area1,proj41task1prop,read> 4.407469692960274E-4
<405,acc4,proj41task1propa,setCost> 0.0011034507705396052
<406,acc2,proj21task2propa,setCost> 0.0017253893831953777
<407,acc1,proj12task2,setCost> 4.7310758203713323E-4
<408,acc5,proj51task2prop,setCost> 9.773821328391108E-4
<409,planner1,proj12task2propa,setSchedule> 4.2074633074442046E-4
<410,acc1,proj12task1,setCost> 4.899167337305325E-4
<411,planner2,proj22task1prop,setSchedule> 0.001582362840246675
<412,nonemployee10_area1,proj102task1propa,setStatus> 2.337259239610026E-4
<413,employee3_area1,proj31task1propa,setStatus> 3.9534666126081046E-4
<414,aud10,proj101sched1,read> 6.20963987516514E-4
<415,ldr52,proj52sched1,read> 2.9769615023008897E-4
<416,acc10,proj101sched1,read> 0.0012784552684163523
<417,nonemployee4_area1,proj42task1a,read> 0.0010453091555083429
<418,nonemployee9_area2,proj92task2a,setStatus> 2.96797431199952E-4
<419,acc3,proj31budget1,read> 9.231443396483964E-4
<420,ldr42,proj42budget1,write> 3.1154815243244826E-4
<421,planner8,proj81task1prop,setSchedule> 0.0011645884815660397
<422,nonemployee5_area2,proj52task2a,setStatus> 1.7065441672205322E-4
<423,employee4_area2,proj41task2propa,read> 6.555099140512945E-4
<424,acc2,proj22task2a,setCost> 4.647030061904336E-4
<425,planner3,proj32task1a,setSchedule> 7.264348858765929E-4
<426,planner7,proj72task1a,setSchedule> 0.0018371033028568185
<427,employee8_area1,proj81task1propa,request> 3.646140735362238E-4
<428,acc2,proj22budget1,write> 0.004226216232333916
<429,employee6_area2,proj61task2prop,request> 2.672548719138361E-4
<430,acc5,proj52task1a,setCost> 2.041611549427451E-4
<431,acc2,proj22task1propa,setCost> 0.0012211148323934
<432,aud10,proj102sched1,read> 2.2063168769243132E-4
<433,acc5,proj51task1propa,setCost> 0.0016665573522684802
<434,acc6,proj61task2,setCost> 0.001431229228560891
<435,acc4,proj42task1prop,setCost> 8.765272226787153E-4
<436,acc7,proj71task2propa,setCost> 4.3948927865033473E-4
<437,employee8_area2,proj81task2a,read> 7.297118147913593E-4
<438,employee8_area2,proj81task2a,request> 4.962040340581245E-4
<439,planner7,proj71task2,setSchedule> 3.1885014570036304E-4
<440,acc7,proj71task1prop,setCost> 0.001649748200575081
<441,nonemployee5_area2,proj52task2a,read> 2.611387863845079E-4
<442,acc3,proj32task2propa,setCost> 2.7139776171634217E-4
<443,acc10,proj102sched1,read> 4.542417099550056E-4
<444,manager5,proj51budget1,read> 2.2918862943636155E-4
<445,acc8,proj82task2a,setCost> 0.0014900612594877878
<446,planner8,proj82task1propa,setSchedule> 0.0016129316957598924
<447,employee7_area2,proj71sched1,read> 5.891815166571246E-4
<448,aud1,proj11sched1,read> 1.9189894589033725E-4
<449,employee1_area2,proj11task2,read> 0.0014755520308799943
<450,planner2,proj22task2,setSchedule> 0.0021224126209801793
<451,employee8_area2,proj81task2propa,read> 1.6462318318211273E-4
<452,planner2,proj21task1propa,setSchedule> 2.9847090869155164E-4
<453,employee1_area1,proj11task1a,setStatus> 8.053114583139817E-4
<454,manager7,proj71budget1,read> 0.0015250294469414567
<455,nonemployee7_area1,proj72task1propa,setStatus> 6.082129981922647E-4
<456,ldr92,proj91sched1,read> 4.2586657904502336E-4
<457,manager6,proj62budget1,read> 1.4763221434862826E-4
<458,nonemployee5_area1,proj52task1a,setStatus> 9.575700187580077E-5
<459,manager6,proj61budget1,read> 7.275889438613983E-4
<460,aud10,proj101budget1,read> 0.004514040965413112
<461,manager4,proj42budget1,approve> 1.2376941141555077E-4
<462,ldr51,proj51sched1,read> 3.462483385605357E-4
<463,acc7,proj72task1a,setCost> 0.0015152749870278868
<464,planner5,proj52task2prop,setSchedule> 4.6150480476204347E-4
<465,acc8,proj81task1a,setCost> 7.672677366716202E-4
<466,planner4,proj41task2propa,setSchedule> 0.0019593787249096877
<467,planner8,proj81task2propa,setSchedule> 4.920736602752608E-4
<468,acc4,proj42task1,setCost> 5.151304612706313E-4
<469,employee10_area1,proj101task1a,setStatus> 6.003290597873961E-4
<470,ldr31,proj31sched1,write> 5.48773347207125E-4
<471,manager5,proj51budget1,approve> 4.5837725887272316E-5
<472,aud1,proj12sched1,read> 6.014956627666098E-4
<473,planner3,proj32task2a,setSchedule> 5.532113713016952E-4
<474,ldr12,proj11sched1,read> 1.257268955833244E-4
<475,employee1_area1,proj11task1propa,setStatus> 7.60471558636291E-5
<476,nonemployee10_area2,proj102task2a,request> 4.811086283900144E-4
<477,planner6,proj62task2a,setSchedule> 0.0016536901697775156
<478,employee1_area1,proj11task1,request> 0.001073994176141978
<479,employee8_area2,proj81task2a,setStatus> 3.046813696048207E-4
<480,acc3,proj31sched1,read> 5.747654265611039E-4
<481,employee9_area1,proj91task1,request> 9.520162572576092E-4
<482,ldr72,proj72sched1,write> 3.297962443381926E-4
<483,employee8_area2,proj81task2,request> 8.942372430492236E-4
<484,acc10,proj101budget1,write> 0.0023386128206256017
<485,manager7,proj72budget1,approve> 2.6513386423428843E-4
<486,manager1,proj12budget1,read> 8.000835350504943E-4
<487,employee6_area2,proj61task2propa,read> 2.5325550958904834E-4
<488,planner2,proj22task1a,setSchedule> 9.91364966991142E-4
<489,nonemployee4_area2,proj42task2propa,setStatus> 1.7459638592448755E-4
<490,planner7,proj72task1propa,setSchedule> 0.0015721732217422694
<491,employee4_area2,proj41sched1,read> 4.3060836743348107E-4
<492,acc4,proj42task2a,setCost> 2.3777945832954362E-4
<493,planner2,proj22task2prop,setSchedule> 6.75486793354564E-4
<494,aud3,proj31budget1,read> 0.001496773436245756
<495,ldr101,proj101budget1,read> 4.30631434730054E-4
<496,acc6,proj62task2prop,setCost> 0.0013808017734806928
<497,nonemployee1_area1,proj12task1a,request> 3.4985057275820937E-4
<498,manager10,proj102budget1,approve> 3.684386566787506E-4
<499,planner4,proj41task2,setSchedule> 3.7998785672679756E-4
<500,planner9,proj92sched1,read> 4.180655749888215E-4
<501,planner4,proj41task1,setSchedule> 3.901774752312032E-4
<502,ldr102,proj101sched1,read> 0.0011114733558068694
<503,employee4_area2,proj41task2a,setStatus> 5.963870905849617E-4
<504,planner1,proj12sched1,read> 5.777914001945267E-4
<505,acc3,proj31budget1,write> 7.75441245304653E-4
<506,nonemployee2_area1,proj22task1a,read> 5.868710935590239E-4
<507,aud5,proj51budget1,read> 0.0014398438602237305
<508,nonemployee8_area2,proj82task2,request> 7.518283681306123E-4
<509,planner4,proj42task2a,setSchedule> 2.882812901871458E-4
<510,employee5_area2,proj51task2propa,request> 2.440741096227914E-4
<511,employee9_area2,proj91task2prop,request> 4.295202079511489E-4
<512,ldr61,proj61budget1,read> 4.360624144639064E-4
<513,employee4_area1,proj41sched1,read> 4.4092234030613934E-4
<514,planner10,proj102task2prop,setSchedule> 3.5960861971798605E-4
<515,planner2,proj22task2propa,setSchedule> 7.468141228854042E-4
<516,acc1,proj12task1prop,setCost> 0.0010446187396127076
<517,acc4,proj41task2propa,setCost> 0.0016161298971882824
<518,acc4,proj42task1a,setCost> 0.0014564429561009897
<519,ldr72,proj72budget1,write> 6.673859445944635E-4
<520,employee2_area1,proj21sched1,read> 9.515862322172024E-4
<521,ldr92,proj92sched1,write> 4.98591094466328E-4
<522,ldr62,proj62sched1,write> 4.620949106548392E-4
<523,acc5,proj52task1prop,setCost> 6.411990989711257E-4
<524,nonemployee5_area1,proj52task1,read> 3.093954244844361E-4
<525,planner7,proj71task1propa,setSchedule> 3.697982382223918E-4
<526,acc10,proj101task2propa,setCost> 0.0012883514391669971
<527,acc2,proj22task1,setCost> 0.0016245344730349822
<528,nonemployee6_area1,proj62task1a,request> 8.502719098544658E-4
<529,manager9,proj92budget1,approve> 1.7814035480737293E-4
<530,planner4,proj42sched1,read> 6.813325616928206E-5
<531,nonemployee1_area2,proj12task2,read> 3.395558232968914E-4
<532,nonemployee3_area2,proj32sched1,read> 3.4486971005962273E-4
<533,employee3_area2,proj31sched1,read> 3.9259933508272116E-4
<534,planner4,proj41task1prop,setSchedule> 0.001317432759132126
<535,nonemployee8_area1,proj82task1,request> 7.55930182369106E-4
<536,acc6,proj62budget1,read> 5.720276336014628E-4
<537,acc5,proj52task1,setCost> 4.310847028036351E-4
<538,acc4,proj42budget1,read> 0.002397834505045518
<539,employee2_area2,proj21sched1,read> 9.451348001343742E-4
<540,nonemployee3_area1,proj32sched1,read> 3.4203127623197156E-4
<541,acc5,proj51task2propa,setCost> 8.849317985254149E-4
<542,acc6,proj61task2propa,setCost> 6.243899472777266E-4
<543,planner2,proj21task2prop,setSchedule> 0.0019186202508920647
<544,acc7,proj72task2propa,setCost> 4.8151215788383276E-4
<545,manager8,proj81budget1,read> 8.363308306450426E-4
<546,manager3,proj32budget1,approve> 1.6839889411633812E-5
<547,aud9,proj91sched1,read> 6.74602811053621E-4
<548,employee8_area1,proj81task1a,request> 5.860825006045017E-4
<549,ldr42,proj42sched1,write> 1.0169509551638794E-4
<550,employee4_area1,proj41task1a,setStatus> 4.387083224875881E-4
<551,nonemployee7_area2,proj72task2a,setStatus> 7.8560161230181E-4
<552,employee3_area1,proj31sched1,read> 3.8631774572139767E-4
<553,ldr91,proj91budget1,write> 6.719479675708997E-4
<554,planner7,proj71task2prop,setSchedule> 0.0010830715335307939
<555,employee10_area2,proj101task2,read> 1.726919065732651E-4
<556,planner3,proj31task2propa,setSchedule> 0.0016842590252907324
<557,employee5_area1,proj51task1propa,setStatus> 7.816596430993755E-4
<558,employee7_area1,proj71task1propa,request> 8.412684981458303E-5
<559,employee1_area1,proj11task1prop,read> 1.680321188131487E-4
<560,planner6,proj61task2prop,setSchedule> 0.0011747781000704454
<561,planner5,proj52task2propa,setSchedule> 0.0014091393256717775
<562,acc5,proj52task2,setCost> 4.226801269569355E-4
<563,acc7,proj71task1propa,setCost> 3.050160651031407E-4
<564,employee10_area1,proj101task1,read> 1.632508911797381E-4
<565,acc6,proj61task2prop,setCost> 9.689775569924111E-4
<566,employee7_area2,proj71task2prop,read> 3.623414497821998E-4
<567,employee9_area1,proj91task1prop,request> 2.9507178666308975E-4
<568,employee2_area1,proj21task1propa,read> 9.985340619242905E-5
<569,planner4,proj41task2prop,setSchedule> 0.0012461054296012855
<570,ldr41,proj41sched1,write> 4.666569336312754E-4
<571,planner3,proj31task1a,setSchedule> 0.002051085291449339
<572,acc10,proj102task2prop,setCost> 2.9661148925644103E-4
<573,planner10,proj102task2a,setSchedule> 0.0011951573370792567
<574,acc1,proj11task1prop,setCost> 4.142755511102358E-4
<575,planner8,proj81sched1,read> 4.331884747026216E-5
<576,planner10,proj101task1a,setSchedule> 0.001551793984733458
<577,employee1_area1,proj11task1propa,request> 4.471955391980705E-5
<578,acc10,proj101task1prop,setCost> 0.0011874965290066017
<579,nonemployee3_area1,proj32task1propa,setStatus> 7.501238894799009E-4
<580,ldr41,proj41budget1,write> 6.217657148301026E-4
<581,nonemployee2_area1,proj22task1,read> 0.001165950750758164
<582,employee2_area2,proj21task2,request> 0.001118933409415167
<583,employee8_area1,proj81task1,read> 0.0012961727384029806
<584,ldr101,proj102sched1,read> 3.874959893085558E-4
<585,planner4,proj42task2propa,setSchedule> 4.513151862576377E-4
<586,manager2,proj21budget1,approve> 2.9231933593019954E-4
<587,acc10,proj101task2,setCost> 1.5373369986254734E-4
<588,acc9,proj92task2,setCost> 7.000311298980233E-4
<589,acc10,proj101task1,setCost> 1.4532912401584773E-4
<590,acc2,proj22task2prop,setCost> 5.571533405041295E-4
<591,acc2,proj21task1propa,setCost> 2.4618403417624326E-4
<592,nonemployee1_area2,proj12task2a,request> 4.0727597209712406E-4
<593,nonemployee6_area1,proj62task1a,read> 0.0012503998674330379
<594,employee4_area2,proj41task2a,read> 0.0014283469539123589
<595,employee7_area2,proj71task2propa,setStatus> 2.0613213954396228E-4
<596,acc4,proj42budget1,write> 0.002014180984238235
<597,planner3,proj32task2,setSchedule> 4.0036709373560895E-4
<598,employee2_area1,proj21task1,request> 0.001125353299882765
<599,planner8,proj82task1prop,setSchedule> 0.002102033383971368
<600,acc6,proj62task1propa,setCost> 5.655579163508292E-4
<601,acc5,proj52sched1,read> 1.2534506157169594E-4
<602,nonemployee6_area2,proj62task2a,request> 6.656902691222401E-4
<603,nonemployee5_area2,proj52task2propa,setStatus> 5.451414909533153E-4
<604,nonemployee8_area1,proj82task1propa,setStatus> 6.239808750020021E-4
<605,employee9_area2,proj91task2propa,setStatus> 7.540658586823352E-4
<606,acc6,proj61task1,setCost> 0.0014396338044075903
<607,employee9_area2,proj91task2a,read> 0.0011262344613194944
<608,acc10,proj101task2prop,setCost> 3.9746639941683654E-4
<609,employee10_area2,proj101task2prop,read> 1.6121424755107674E-4
<610,nonemployee7_area1,proj72task1,read> 5.205182161716226E-4
<611,nonemployee1_area1,proj12task1a,read> 5.144861364091315E-4
<612,employee5_area1,proj51task1propa,request> 4.5965519892950693E-4
<613,employee8_area2,proj81task2prop,request> 1.23534145709359E-4
<614,aud4,proj41sched1,read> 5.543760419053799E-4
<615,planner9,proj92task1prop,setSchedule> 9.607961114779249E-4
<616,ldr62,proj62budget1,read> 8.847971149734687E-5
<617,acc7,proj71task2a,setCost> 0.0011118553463863048
<618,nonemployee4_area1,proj42task1propa,setStatus> 7.658917662896383E-4
<619,acc2,proj21task2prop,setCost> 0.0015825115938014843
<620,employee8_area1,proj81task1prop,read> 3.8961293483048766E-4
<621,employee10_area1,proj101task1prop,request> 3.275248538705523E-4
<622,employee7_area1,proj71task1,read> 2.859840912955894E-4
<623,ldr51,proj51budget1,read> 1.373585291020193E-4
<624,employee5_area1,proj51task1,read> 6.069786146755082E-4
<625,aud8,proj81sched1,read> 4.8908376176102434E-5
<626,acc2,proj22task2propa,setCost> 6.159853714310268E-4
<627,planner6,proj61task1a,setSchedule> 0.0010525026780175764
<628,manager7,proj71budget1,approve> 3.050058893882914E-4
<629,acc4,proj41task2prop,setCost> 0.0010278095879193085
<630,planner9,proj91task1,setSchedule> 0.001511035510715835
<631,planner10,proj102sched1,read> 2.2433978328390073E-4
<632,acc1,proj12task2prop,setCost> 0.0014228246527141911
<633,planner10,proj102task1a,setSchedule> 0.0012562950481056912
<634,planner4,proj41sched1,read> 3.7903850307018994E-4
<635,planner4,proj41task1a,setSchedule> 0.0011340196260528224
<636,aud6,proj62sched1,read> 4.206755991750894E-4
<637,employee5_area1,proj51task1a,setStatus> 9.181503267336644E-5
<638,employee4_area1,proj41task1propa,setStatus> 5.175477065362749E-4
<639,employee9_area1,proj91task1a,read> 0.0011923215690741837
<640,planner5,proj52task1a,setSchedule> 2.4752281616952283E-4
<641,ldr102,proj102sched1,write> 4.073506349376062E-4
<642,ldr11,proj11sched1,write> 1.5643937123362104E-4
<643,planner6,proj62sched1,read> 3.054220103599964E-4
<644,ldr22,proj22budget1,write> 6.536998756651553E-4
<645,ldr52,proj52budget1,read> 6.424396443503011E-4
<646,employee7_area1,proj71task1prop,request> 4.550190464712981E-4
<647,planner3,proj32task1,setSchedule> 4.105567122400147E-4
<648,manager6,proj61budget1,approve> 1.4551778877227965E-4
<649,planner9,proj92task2propa,setSchedule> 7.060556488677814E-4
<650,planner5,proj52task1prop,setSchedule> 7.773829783986215E-4
<651,acc8,proj81task1,setCost> 0.001153878225619803
<652,ldr71,proj71sched1,write> 7.586264041231853E-4
<653,ldr41,proj41sched1,read> 9.913093224784713E-4
<654,employee4_area1,proj41task1propa,request> 3.043440915795076E-4
<655,manager4,proj41budget1,approve> 2.470102164370144E-4
<656,employee9_area2,proj91sched1,read> 0.001059013351430545
<657,nonemployee9_area1,proj92task1a,read> 3.6368414234685557E-4
<658,employee5_area2,proj51task2,read> 5.975375992819811E-4
<659,ldr42,proj41sched1,read> 4.2545138099715193E-4
<660,nonemployee5_area1,proj52task1propa,setStatus> 7.185881358604261E-4
<661,manager8,proj81budget1,approve> 1.672661661290085E-4
<662,acc3,proj32budget1,read> 3.262459393686092E-4
<663,acc1,proj11task2propa,setCost> 0.001179091953159902
<664,acc4,proj42sched1,read> 8.389196848054455E-5
<665,employee3_area1,proj31task1propa,request> 2.3248372847726908E-4
<666,employee3_area2,proj31task2propa,request> 3.8315868336905956E-4
<667,planner9,proj92task1a,setSchedule> 6.143490823281297E-4
<668,manager8,proj82budget1,read> 0.001597524038130553
<669,planner10,proj101task2a,setSchedule> 0.0013683808516541547
<670,ldr32,proj32budget1,write> 4.2388796822718696E-5
<671,ldr51,proj52sched1,read> 1.521568394479945E-4
<672,planner2,proj22sched1,read> 2.902900368600816E-4
<673,manager3,proj32budget1,read> 8.419944705816907E-5
<674,planner3,proj32task2propa,setSchedule> 3.2903976420476885E-4
<675,employee1_area2,proj11task2a,request> 0.0011959720950263473
<676,employee7_area1,proj71task1propa,read> 1.2371595560968095E-4
<677,nonemployee10_area2,proj102task2a,read> 7.075126888088446E-4
<678,employee6_area1,proj61task1propa,request> 9.803530718920984E-5
<679,nonemployee1_area1,proj12task1a,setStatus> 3.362171232242954E-4
<680,planner5,proj52sched1,write> 0.0025483450466268556
<681,nonemployee9_area2,proj92task2a,read> 4.5416533878422114E-4
<682,planner2,proj21task1a,setSchedule> 0.001276674285114503
<683,employee2_area2,proj21task2a,setStatus> 3.204492464145581E-4
<684,acc9,proj91task1a,setCost> 0.0010614278913061072
<685,acc3,proj32task2prop,setCost> 0.001700175655655279
<686,planner5,proj51task2prop,setSchedule> 0.001184967718574851
<687,employee1_area2,proj11task2propa,request> 3.2520677764144785E-4
<688,planner8,proj81task1,setSchedule> 0.0013989497071673718
<689,ldr41,proj42sched1,read> 7.833007001774601E-5
<690,nonemployee8_area1,proj82task1a,request> 5.918576128293499E-4
<691,nonemployee3_area1,proj32task1a,setStatus> 2.810295543902147E-4
<692,ldr12,proj12budget1,write> 4.0278861196117006E-4
<693,employee3_area2,proj31task2a,setStatus> 7.067622282531232E-4
<694,employee5_area1,proj51task1prop,request> 1.0730761210562771E-4
<695,acc1,proj12sched1,read> 5.244568094073396E-4
<696,acc7,proj71task2,setCost> 2.6299318586964253E-4
<697,planner2,proj22task2a,setSchedule> 5.634009898061009E-4
<698,planner10,proj102task1prop,setSchedule> 0.00123591581109688
<699,nonemployee4_area2,proj42sched1,read> 1.3858397003139683E-4
<700,acc6,proj62budget1,write> 4.805032122252286E-4
<701,acc5,proj51task2,setCost> 5.319396129640306E-4
<702,ldr42,proj42sched1,read> 1.975416937639417E-4
<703,planner3,proj31task2,setSchedule> 0.0016333109327687037
<704,ldr61,proj61sched1,write> 5.852695310186138E-4
<705,acc2,proj21sched1,read> 5.580488751646646E-4
<706,employee2_area1,proj21task1propa,request> 6.790031621085176E-5
<707,acc1,proj11task2a,setCost> 0.001565702442108085
<708,employee6_area1,proj61task1a,request> 6.631211862156821E-4
<709,planner4,proj41task2a,setSchedule> 0.0015416043662290523
<710,acc2,proj21task1prop,setCost> 7.588631608249206E-4
<711,nonemployee1_area1,proj12task1,request> 2.3910158831887398E-4
<712,nonemployee3_area2,proj32task2a,setStatus> 2.1401607794883096E-4
<713,nonemployee8_area2,proj82task2a,request> 7.272174826996486E-4
<714,aud4,proj42sched1,read> 9.965068079180708E-5
<715,nonemployee3_area1,proj32task1,request> 1.6526893202598364E-4
<716,employee4_area2,proj41task2prop,read> 4.1688441987877554E-4
<717,aud5,proj52sched1,read> 1.4545389497891986E-4
<718,planner4,proj42task1propa,setSchedule> 0.001979757961918499
<719,employee3_area2,proj31task2propa,read> 5.634686520133229E-4
<720,ldr81,proj81sched1,write> 5.607486575202699E-5
<721,acc6,proj62task1a,setCost> 0.0017421985348887769
<722,planner5,proj51task1prop,setSchedule> 4.716944232664491E-4
<723,planner3,proj32task1prop,setSchedule> 7.16245267372187E-4
<724,planner3,proj32sched1,read> 2.1146332016001564E-4
<725,ldr52,proj52sched1,write> 1.2450521039856837E-4
<726,nonemployee3_area2,proj32task2,request> 1.6116711778748973E-4
<727,ldr31,proj31budget1,read> 1.4278950883587178E-4
<728,acc7,proj72task1propa,setCost> 0.0012967560150136967
<729,planner1,proj11task2propa,setSchedule> 0.001429518562680589
<730,planner7,proj71task1prop,setSchedule> 0.0020001371989273107
<731,employee2_area2,proj21task2prop,read> 6.418741715271505E-4
<732,acc3,proj31task1prop,setCost> 1.7054285155594664E-4
<733,acc8,proj81task1prop,setCost> 9.605729811457115E-4
<734,employee1_area2,proj11task2a,read> 0.001758782492685805
<735,acc3,proj32budget1,write> 2.740465890696317E-4
<736,acc9,proj92task2prop,setCost> 6.58008250664525E-4
<737,planner2,proj21task2,setSchedule> 0.0017759655918303844
<738,planner2,proj21sched1,read> 4.8708312225355117E-4
<739,employee5_area2,proj51task2propa,read> 3.5893251415116377E-4
<740,employee5_area2,proj51task2a,setStatus> 5.633730985145742E-5
<741,employee3_area1,proj31task1a,setStatus> 7.934855507066785E-4
<742,ldr31,proj32sched1,read> 2.6823199671303997E-4
<743,employee3_area2,proj31task2prop,request> 3.1361639649592546E-4
<744,acc9,proj91task2a,setCost> 0.0010025958603792097
<745,employee8_area1,proj81task1prop,request> 2.649367956847316E-4
<746,ldr102,proj102budget1,write> 9.274212542513208E-4
<747,acc3,proj31task2propa,setCost> 0.0013892063493273926
<748,ldr61,proj61sched1,read> 0.0013085219896284894
<749,nonemployee6_area1,proj62task1propa,setStatus> 2.652616775804774E-4
<750,planner5,proj51task1,setSchedule> 6.551075563457526E-4
<751,acc7,proj72task1prop,setCost> 8.008860400584186E-4
<752,planner7,proj71task2propa,setSchedule> 5.328321342928837E-4
<753,planner8,proj82task2a,setSchedule> 0.0018065344473436014
<754,aud6,proj61sched1,read> 5.605781924635407E-4
<755,acc3,proj32task1,setCost> 3.386343684899392E-4
<756,acc3,proj32task2,setCost> 3.302297926432395E-4
<757,employee9_area2,proj91task2a,request> 7.658394336972561E-4
<758,planner7,proj71task1,setSchedule> 3.0866052719595734E-4
<759,acc10,proj102task1prop,setCost> 0.001019405012072609
<760,acc8,proj82task1prop,setCost> 0.0017337939590420773
<761,employee4_area1,proj41task1propa,read> 4.475648405580993E-4
<762,planner5,proj51task2a,setSchedule> 1.4562663112546544E-4
<763,ldr101,proj101sched1,write> 8.635529325812156E-4
<764,planner7,proj72task2,setSchedule> 8.894687819470846E-4
<765,acc3,proj32task1prop,setCost> 5.90771643890928E-4
<766,employee9_area1,proj91task1a,request> 8.107786669704449E-4
<767,nonemployee3_area1,proj32task1a,request> 2.9242517341929473E-4
<768,nonemployee1_area1,proj12task1,read> 3.516199828218735E-4
<769,acc9,proj91task1propa,setCost> 0.0016413436247283814
<770,planner1,proj11task1propa,setSchedule> 1.9657472364749412E-4
<771,planner4,proj42task1,setSchedule> 6.245387008325353E-4
<772,planner4,proj42task2,setSchedule> 6.347283193369411E-4
<773,nonemployee1_area1,proj12task1propa,setStatus> 4.465922608924569E-4
<774,ldr21,proj22sched1,read> 2.210818161517178E-4
<775,planner6,proj62task1,setSchedule> 0.0011238300075484167
<776,planner8,proj81sched1,write> 0.0011477279217632405
<777,employee6_area1,proj61sched1,read> 6.373697256777246E-4
<778,nonemployee2_area2,proj22sched1,read> 5.248290070384256E-4
<779,manager1,proj12budget1,approve> 1.6001670701009884E-4
<780,nonemployee7_area2,proj72task2,request> 3.5805420123519714E-4
<781,employee10_area2,proj101task2prop,request> 1.096256883347322E-4
<782,employee9_area1,proj91task1prop,read> 4.339290980339554E-4
<783,acc7,proj72task2a,setCost> 0.00167496192811518
<784,acc5,proj52task2prop,setCost> 3.8065724772343726E-4
<785,planner8,proj82task2propa,setSchedule> 0.0018472929213612247
<786,manager2,proj21budget1,read> 0.001461596679650998
<787,nonemployee2_area1,proj22sched1,read> 5.286739081888904E-4
<788,ldr22,proj22sched1,read> 6.71851091233794E-4
<789,nonemployee7_area1,proj72task1,request> 3.5395238699670333E-4
<790,planner10,proj102task2propa,setSchedule> 2.1695396065630562E-4
<791,planner8,proj82task2,setSchedule> 0.0018676721583700362
<792,planner8,proj82task1,setSchedule> 0.0018778617768744415
<793,nonemployee2_area1,proj22task1propa,setStatus> 5.727352753703556E-4
<794,employee1_area1,proj11sched1,read> 1.276175255920962E-4
<795,acc8,proj82task1propa,setCost> 0.001330374318400495
<796,employee6_area2,proj61task2a,request> 9.817082506702513E-5
<797,acc5,proj52task1propa,setCost> 0.001532084138721286
<798,employee5_area1,proj51task1a,request> 1.4952994880781215E-4
<799,manager3,proj31budget1,read> 2.382504533349986E-4
<800,planner6,proj61task1prop,setSchedule> 0.0011442092445572282
<801,employee7_area1,proj71task1a,read> 0.001409464923125305
<802,employee5_area2,proj51task2a,request> 9.175093459942677E-5
<803,employee1_area2,proj11sched1,read> 1.3139878560963975E-4
<804,nonemployee4_area2,proj42task2,read> 3.757483018718376E-4
<805,employee3_area2,proj31task2,request> 0.0010290549428687895
<806,planner10,proj102task1propa,setSchedule> 6.041594638237238E-4
<807,acc8,proj81task1propa,setCost> 0.0013219697425537955
<808,ldr11,proj11budget1,write> 4.3928479577265883E-4
<809,employee3_area1,proj31task1,request> 0.001022635052401191
<810,ldr41,proj41budget1,read> 7.40197279559646E-4
<811,nonemployee4_area1,proj42task1,read> 3.6971622210934656E-4
<812,ldr42,proj42budget1,read> 3.708906576576765E-4
<813,employee9_area1,proj91task1propa,setStatus> 7.698337354920726E-4
<814,nonemployee7_area2,proj72sched1,read> 1.8209446087552375E-4
<815,employee6_area2,proj61task2,read> 0.001607726246389373
<816,planner3,proj31task1prop,setSchedule> 2.0676434215189987E-4
<817,manager10,proj101budget1,approve> 1.4370542399255227E-4
<818,ldr62,proj61sched1,read> 6.06653112392051E-4
<819,employee9_area2,proj91task2propa,request> 4.4342866532577575E-4
<820,ldr71,proj71budget1,read> 9.139886310429257E-4
<821,nonemployee7_area2,proj72task2a,request> 8.174573959465148E-4
<822,employee2_area1,proj21task1prop,request> 2.0930296618622437E-4
<823,nonemployee7_area1,proj72sched1,read> 1.854980956582438E-4
<824,ldr102,proj102budget1,read> 0.001104072921727763
<825,planner3,proj31task1propa,setSchedule> 0.0010219338225043594
<826,nonemployee9_area2,proj92sched1,read> 6.366619540679437E-4
<827,employee1_area2,proj11task2prop,request> 3.0202601535040313E-4
<828,planner6,proj62task2,setSchedule> 0.0011034507705396052
<829,planner5,proj52sched1,read> 9.719269480158241E-5
<830,acc10,proj102task2a,setCost> 9.857867086858103E-4
<831,nonemployee4_area2,proj42task2a,read> 1.7065758994714225E-4
<832,planner2,proj22task1propa,setSchedule> 0.0014804666552026176
<833,planner7,proj71task1a,setSchedule> 0.0015212251292202406
<834,employee6_area1,proj61task1a,setStatus> 4.0717256886811345E-4
<835,acc6,proj61task1a,setCost> 8.681226468320156E-4
<836,nonemployee1_area2,proj12task2,request> 2.3089795984188618E-4
<837,nonemployee10_area2,proj102sched1,read> 5.395279085588026E-4
<838,employee3_area2,proj31task2propa,setStatus> 6.515746594190424E-4
<839,planner9,proj91task1prop,setSchedule> 0.0012970535221233143
<840,employee8_area1,proj81sched1,read> 3.549350728208577E-5
<841,acc10,proj102task2propa,setCost> 1.7894742740264623E-4
<842,employee9_area1,proj91task1a,setStatus> 4.978378605241034E-4
<843,employee2_area2,proj21task2a,request> 5.21883595928518E-4
<844,acc6,proj61task2a,setCost> 1.2851997232244847E-4
<845,nonemployee10_area1,proj102sched1,read> 5.135712394185165E-4
<846,employee10_area1,proj101task1propa,request> 4.132936743474176E-4
<847,nonemployee3_area1,proj32task1,read> 2.4304254709703476E-4
<848,nonemployee10_area1,proj102task1,request> 4.2214504871166445E-5
<849,nonemployee2_area1,proj22task1,request> 7.928465105155514E-4
<850,acc6,proj62sched1,read> 3.5536523217987007E-4
<851,employee10_area1,proj101task1,request> 1.1101060600222191E-4
<852,ldr61,proj62sched1,read> 4.5909346211345383E-4
<853,planner9,proj92task2,setSchedule> 8.487103079294618E-4
<854,acc1,proj11task1propa,setCost> 1.6213827570924698E-4
<855,manager9,proj91budget1,approve> 2.6694622901401587E-4
<856,employee10_area2,proj101sched1,read> 5.2703666167368E-4
<857,employee6_area2,proj61task2a,setStatus> 6.027927905389175E-5
<858,nonemployee7_area2,proj72task2propa,setStatus> 2.2584198555613397E-4
<859,planner2,proj22task1,setSchedule> 0.0019695683434140937
<860,employee2_area2,proj21task2propa,setStatus> 8.092534275164159E-4
<861,employee2_area2,proj21task2propa,request> 4.758817325332382E-4
<862,ldr72,proj72budget1,read> 7.94507076898171E-4
<863,nonemployee3_area2,proj32task2,read> 2.3701046733454369E-4

