<0,acc7,proj71task1prop,setCost> 0.001663820735639877
<1,acc3,proj31task2,setCost> 0.001358675094461177
<2,aud1,proj11budget1,read> 0.00552860449283445
<3,employee7_area2,proj71sched1,read> 5.942073003190172E-4
<4,acc7,proj71budget1,write> 0.0050059010433787235
<5,acc4,proj42task1propa,setCost> 0.001646868200018838
<6,aud9,proj92budget1,read> 0.005643434876069437
<7,planner7,proj72sched1,write> 0.006807776345110774
<8,acc8,proj82budget1,write> 0.005243864153140724
<9,planner7,proj72task2propa,setSchedule> 5.887599368755894E-4
<10,acc10,proj102budget1,write> 0.006046989648587471
<11,planner6,proj61task1a,setSchedule> 0.0010614806425560622
<12,nonemployee8_area1,proj82task1a,request> 5.969062238883006E-4
<13,employee3_area1,proj31task1,request> 0.0010313582427816314
<14,aud5,proj52budget1,read> 0.006791738708419301
<15,acc1,proj11task2prop,setCost> 0.0011043870601455943
<16,aud7,proj71budget1,read> 0.00966249828929396
<17,planner10,proj102sched1,write> 0.008408682828571983
<18,employee5_area1,proj51task1propa,read> 6.817295716766248E-4
<19,planner2,proj22task1propa,setSchedule> 0.0014930951999164942
<20,acc6,proj62task2a,setCost> 0.0013756276300822164
<21,planner9,proj91task2,setSchedule> 0.0015444778853165458
<22,planner2,proj21sched1,write> 0.013399744218186335
<23,acc6,proj62task1prop,setCost> 0.0014603903081874105
<24,planner6,proj61sched1,write> 0.012081350643571223
<25,planner3,proj32sched1,write> 0.006148579557803217
<26,acc9,proj92budget1,write> 0.0029237238329612304
<27,planner1,proj12task1prop,setSchedule> 0.0012772879212362784
<28,planner3,proj31task1a,setSchedule> 0.00206858127639707
<29,planner5,proj52task2,setSchedule> 5.168241773155173E-4
<30,planner1,proj12task1a,setSchedule> 8.765029751158772E-4
<31,planner4,proj41task1a,setSchedule> 0.0011436929391961444
<32,planner6,proj62sched1,write> 0.009538734463956365
<33,aud2,proj22budget1,read> 0.00822711849885663
<34,planner10,proj101sched1,write> 0.017825779790108496
<35,acc8,proj81task1prop,setCost> 9.687667751772834E-4
<36,employee6_area2,proj61task2,read> 0.00162144032952583
<37,acc8,proj81budget1,write> 0.002745251500639731
<38,planner3,proj32sched1,read> 2.1326712572672737E-4
<39,nonemployee8_area2,proj82task2a,read> 0.0010785598947889107
<40,employee6_area1,proj61task1,request> 0.0011090540769226487
<41,ldr52,proj52budget1,write> 5.442525696269329E-4
<42,nonemployee9_area2,proj92task2propa,setStatus> 2.754755783743998E-4
<43,planner2,proj22sched1,write> 0.0077494860412644275
<44,ldr52,proj51sched1,read> 1.6391306527982691E-4
<45,planner8,proj82task2propa,setSchedule> 0.0018630505347968648
<46,planner7,proj71sched1,write> 0.015659847488955096
<47,acc7,proj72task2prop,setCost> 0.0016977258068819547
<48,planner8,proj81task1prop,setSchedule> 0.0011745225504361755
<49,acc3,proj31task1propa,setCost> 8.500990258300115E-4
<50,acc6,proj61budget1,read> 0.002843222423805634
<51,nonemployee1_area1,proj12task1a,read> 5.188747601957463E-4
<52,ldr31,proj31sched1,read> 0.001257548094353849
<53,acc3,proj31budget1,read> 9.310188632181396E-4
<54,planner3,proj31sched1,write> 0.0113279828866483
<55,planner3,proj31task1,setSchedule> 0.0016369667190366383
<56,employee2_area1,proj21task1a,read> 0.001192970655954042
<57,acc10,proj101task2propa,setCost> 0.0012993412197875415
<58,planner1,proj11task2,setSchedule> 0.0016061371077966077
<59,aud2,proj21budget1,read> 0.009260591947971509
<60,acc4,proj41budget1,read> 0.004826248338488962
<61,aud10,proj102budget1,read> 0.011672029995906224
<62,planner8,proj82sched1,write> 0.0012516891378042284
<63,acc8,proj82budget1,read> 0.006242695420405625
<64,planner9,proj91sched1,write> 0.015377334580109004
<65,nonemployee2_area2,proj22task2propa,setStatus> 2.9137795692156895E-4
<66,planner7,proj71task1prop,setSchedule> 0.002017198590997019
<67,planner1,proj12task1propa,setSchedule> 0.0011642460133561652
<68,acc2,proj21task2propa,setCost> 0.0017401071459345518
<69,planner1,proj12sched1,write> 0.010103760281648555
<70,planner10,proj102task1propa,setSchedule> 6.093130110356098E-4
<71,ldr91,proj91budget1,read> 8.067616169472854E-4
<72,ldr21,proj21sched1,read> 0.0011534967360245295
<73,employee1_area2,proj11task2propa,request> 3.279808275116482E-4
<74,acc3,proj32task1prop,setCost> 5.958109915144285E-4
<75,ldr12,proj12sched1,read> 9.851142932819426E-4
<76,employee7_area2,proj71task2a,request> 8.565426159643421E-4
<77,planner10,proj102task1a,setSchedule> 0.001267011384156268
<78,employee9_area2,proj91task2prop,read> 6.370353866875292E-4
<79,ldr101,proj101sched1,read> 0.0021367120547694436
<80,employee1_area2,proj11task2,request> 0.001011934284246377
<81,planner4,proj41task2a,setSchedule> 0.0015547544223965563
<82,planner6,proj62task1a,setSchedule> 0.0021302404988771317
<83,nonemployee8_area1,proj82task1a,read> 8.778032704239714E-4
<84,employee10_area1,proj101task1propa,read> 6.129692870780161E-4
<85,nonemployee3_area2,proj32task2a,request> 2.2459393870241287E-4
<86,nonemployee9_area1,proj92task1,read> 5.127912261240814E-4
<87,acc7,proj71task1a,setCost> 0.0012654361485454637
<88,planner9,proj91task1,setSchedule> 0.0015239248111565253
<89,ldr81,proj82sched1,read> 7.452477318070302E-5
<90,acc2,proj21task2,setCost> 0.0014773428438084495
<91,nonemployee10_area1,proj102task1a,read> 7.500490549190099E-4
<92,planner1,proj11task1a,setSchedule> 0.0020994108876371017
<93,planner8,proj81task2,setSchedule> 0.0014314359774364326
<94,planner4,proj42task2prop,setSchedule> 0.0013697767549563711
<95,planner6,proj62task1propa,setSchedule> 6.915253076756922E-4
<96,nonemployee9_area1,proj92sched1,read> 6.365812253645562E-4
<97,acc2,proj21budget1,read> 0.0057115277646868755
<98,manager1,proj12budget1,approve> 1.6138166726255908E-4
<99,ldr61,proj61sched1,read> 0.0013196838272808561
<100,nonemployee10_area2,proj102task2a,setStatus> 4.663041209404301E-4
<101,planner6,proj62task2propa,setSchedule> 0.0019247097572769264
<102,planner4,proj41task2prop,setSchedule> 0.0012567348470762577
<103,employee8_area2,proj81task2propa,setStatus> 1.919880910017615E-4
<104,nonemployee4_area1,proj42task1propa,setStatus> 7.724249079734373E-4
<105,planner9,proj92task1prop,setSchedule> 9.689918088359699E-4
<106,acc5,proj51task1a,setCost> 1.974264044200151E-4
<107,acc7,proj72task2propa,setCost> 4.8561950997767577E-4
<108,ldr21,proj21sched1,write> 6.546750705445495E-4
<109,planner3,proj32task1a,setSchedule> 7.326314559957333E-4
<110,ldr11,proj11sched1,read> 3.1081181728068223E-4
<111,ldr41,proj41budget1,write> 6.270694453151454E-4
<112,manager3,proj31budget1,read> 2.402827561176848E-4
<113,ldr72,proj72budget1,read> 8.012843103541496E-4
<114,planner6,proj61task1,setSchedule> 0.0017602851639967618
<115,aud3,proj31sched1,read> 6.683606475866627E-4
<116,nonemployee4_area2,proj42sched1,read> 1.3976610666109924E-4
<117,planner9,proj92sched1,write> 0.010292102220879285
<118,acc10,proj101budget1,read> 0.0028078112467577175
<119,nonemployee8_area1,proj82task1a,setStatus> 5.736451761338223E-4
<120,acc9,proj91task1propa,setCost> 0.0016553444678293575
<121,planner10,proj101task1prop,setSchedule> 0.0014519890515964536
<122,acc4,proj41task1propa,setCost> 0.0011128633279561138
<123,acc10,proj102budget1,read> 0.00719879720069937
<124,planner2,proj21task2a,setSchedule> 8.353968267958362E-4
<125,planner4,proj41task2propa,setSchedule> 0.0019760924426769776
<126,acc4,proj41task1a,setCost> 9.43337971745725E-4
<127,nonemployee2_area1,proj22task1a,request> 4.0247647495789254E-4
<128,acc9,proj92budget1,read> 0.003480623610668132
<129,employee3_area2,proj31task2a,read> 0.0017071342642401871
<130,nonemployee2_area2,proj22task2a,read> 3.363687380458014E-4
<131,employee3_area1,proj31task1,read> 0.0015167032982082815
<132,manager2,proj22budget1,approve> 2.6191201213588523E-4
<133,acc7,proj71task2a,setCost> 0.0011213395957666331
<134,planner4,proj42task2a,setSchedule> 2.9074036155529097E-4
<135,acc6,proj61task2propa,setCost> 6.297160627565063E-4
<136,acc4,proj41budget1,write> 0.004054048604330727
<137,aud4,proj41budget1,read> 0.00782521215753418
<138,acc7,proj72sched1,read> 3.3811781423188133E-4
<139,employee10_area2,proj101task2a,setStatus> 5.338892297658992E-4
<140,planner5,proj51task2propa,setSchedule> 0.001082033716716083
<141,acc4,proj41task1prop,setCost> 0.0010959107923350748
<142,nonemployee6_area2,proj62sched1,read> 5.598735091686387E-4
<143,planner5,proj52sched1,write> 0.002570082712419341
<144,acc9,proj91budget1,read> 0.0052157712860160434
<145,planner1,proj11task1propa,setSchedule> 1.982515278351984E-4
<146,employee7_area2,proj71task2a,read> 0.001259621494065209
<147,planner5,proj52task1prop,setSchedule> 7.840141413957847E-4
<148,employee5_area2,proj51sched1,read> 1.4627219726764823E-4
<149,ldr21,proj21budget1,read> 8.834439092511858E-4
<150,aud7,proj72budget1,read> 0.008399364073709111
<151,acc10,proj101budget1,write> 0.0023585614472764827
<152,ldr92,proj91sched1,read> 4.2949926818173324E-4
<153,employee2_area2,proj21task2propa,read> 7.057956712861381E-4
<154,ldr72,proj71sched1,read> 9.222972207405604E-4
<155,ldr101,proj102sched1,read> 3.908013730605196E-4
<156,nonemployee10_area1,proj102task1a,setStatus> 4.901576887611839E-4
<157,manager1,proj11budget1,read> 8.800213144024872E-4
<158,acc9,proj91sched1,read> 7.791800882942948E-4
<159,acc6,proj61task2,setCost> 0.0014434377725663719
<160,planner2,proj21task2propa,setSchedule> 0.0021096874247171116
<161,acc7,proj71budget1,read> 0.005959406004022291
<162,ldr41,proj41sched1,read> 9.997653009094674E-4
<163,employee8_area1,proj81task1propa,read> 5.407709882494767E-4
<164,planner1,proj11task2propa,setSchedule> 0.001441712514516443
<165,nonemployee6_area2,proj62task2a,request> 6.713686809254782E-4
<166,ldr82,proj82sched1,read> 1.483957621772714E-4
<167,nonemployee6_area2,proj62task2propa,setStatus> 7.44595745515891E-4
<168,employee7_area1,proj71task1a,request> 9.666117143307836E-4
<169,acc7,proj72task1,setCost> 7.314312764827393E-4
<170,acc8,proj82task2propa,setCost> 0.0015366767184820855
<171,employee1_area1,proj11task1a,read> 0.0019451729717800694
<172,acc2,proj21task1a,setCost> 0.0010620057210929971
<173,ldr71,proj71sched1,read> 0.0018477094371983822
<174,nonemployee3_area2,proj32task2a,read> 3.3028520397413656E-4
<175,acc7,proj72budget1,read> 0.005180360108968126
<176,acc1,proj12budget1,write> 0.002626269945758731
<177,acc6,proj62task2propa,setCost> 0.001587534325345202
<178,acc10,proj102task1propa,setCost> 5.025720455987146E-4
<179,acc1,proj11task1propa,setCost> 1.6352133317793738E-4
<180,employee9_area2,proj91task2propa,setStatus> 7.604981240630604E-4
<181,employee2_area2,proj21task2,read> 0.001659526522732211
<182,nonemployee9_area1,proj92task1a,setStatus> 2.3969522664326907E-4
<183,acc10,proj101sched1,read> 0.0012893606336031674
<184,employee1_area1,proj11task1,read> 0.0015928756846210438
<185,planner4,proj41sched1,write> 0.00963290543357173
<186,acc5,proj51task2prop,setCost> 9.857193107983223E-4
<187,acc2,proj21budget1,write> 0.004797683322336975
<188,ldr32,proj32budget1,read> 5.0893307094552935E-5
<189,employee10_area1,proj101sched1,read> 5.420577357596989E-4
<190,planner6,proj62task2,setSchedule> 0.0011128633279561138
<191,acc8,proj82task1propa,setCost> 0.0013417225588401383
<192,nonemployee1_area1,proj12sched1,read> 3.914683244200857E-4
<193,employee2_area2,proj21task2prop,request> 4.40197611976578E-4
<194,employee9_area1,proj91sched1,read> 0.001083250366653044
<195,acc4,proj42budget1,read> 0.0024182882992306357
<196,manager1,proj11budget1,approve> 1.7600426288049743E-4
<197,planner3,proj31sched1,read> 4.719703151204396E-4
<198,planner8,proj82task1prop,setSchedule> 0.0021199639617971214
<199,acc6,proj61task1propa,setCost> 3.584754928198843E-4
<200,acc10,proj102task2,setCost> 9.571119069378192E-5
<201,acc10,proj102task1,setCost> 8.723492288326249E-5
<202,aud9,proj91sched1,read> 6.803572478277013E-4
<203,acc3,proj32sched1,read> 2.619321074361819E-4
<204,acc1,proj11task1prop,setCost> 4.1780936749352037E-4
<205,planner4,proj41task1propa,setSchedule> 0.0013492236807963502
<206,ldr11,proj12sched1,read> 3.854917087800844E-4
<207,planner7,proj72task2a,setSchedule> 0.00204802820223705
<208,acc1,proj12task2a,setCost> 8.41622758019492E-4
<209,nonemployee2_area2,proj22task2a,request> 2.2873074187114493E-4
<210,acc7,proj72task1prop,setCost> 8.077176867774142E-4
<211,nonemployee5_area1,proj52task1a,read> 1.4777918182419156E-4
<212,nonemployee9_area2,proj92task2a,request> 3.1146680524578665E-4
<213,ldr82,proj82budget1,read> 9.65603508148222E-4
<214,acc9,proj91task2,setCost> 0.0012739124163559832
<215,acc9,proj91task1,setCost> 0.0012569598807349442
<216,planner4,proj42task1propa,setSchedule> 0.001996645516836998
<217,employee4_area2,proj41task2a,read> 0.001440530911795519
<218,nonemployee6_area2,proj62task2a,setStatus> 6.452058795960836E-4
<219,employee3_area2,proj31task2a,request> 0.0011608512996833275
<220,employee8_area1,proj81task1propa,setStatus> 6.253279064121222E-4
<221,planner1,proj12task2propa,setSchedule> 4.243353435954247E-4
<222,acc9,proj92task2a,setCost> 6.381923305670256E-4
<223,nonemployee1_area2,proj12sched1,read> 4.213514026200922E-4
<224,acc5,proj52budget1,write> 0.0035186316073662284
<225,planner4,proj42task1a,setSchedule> 0.0017808382381567824
<226,ldr22,proj22sched1,read> 6.775820555327173E-4
<227,ldr62,proj62budget1,write> 7.495694072706263E-5
<228,nonemployee3_area2,proj32task2propa,setStatus> 1.283785768130847E-4
<229,planner3,proj31task2,setSchedule> 0.0016472432561166486
<230,acc8,proj81budget1,read> 0.0032681565483806325
<231,planner8,proj81sched1,write> 0.0011575181681888638
<232,aud9,proj91budget1,read> 0.008456779265326606
<233,nonemployee3_area1,proj32task1a,read> 4.3370528319243873E-4
<234,manager5,proj52budget1,approve> 2.162164008298279E-4
<235,acc9,proj91budget1,write> 0.0043812478802534765
<236,manager10,proj101budget1,read> 7.246562359618924E-4
<237,nonemployee9_area1,proj92task1a,request> 2.4941475771480544E-4
<238,employee1_area2,proj11task2,read> 0.0014881386533034957
<239,aud1,proj12budget1,read> 0.005069282959894504
<240,planner10,proj101sched1,read> 6.367862721060539E-4
<241,acc3,proj32task1propa,setCost> 0.0016129631287767603
<242,nonemployee6_area1,proj62task1a,setStatus> 8.241076382517371E-4
<243,planner7,proj72task1,setSchedule> 8.867795121958876E-4
<244,manager2,proj22budget1,read> 0.001309560060679426
<245,employee3_area2,proj31task2,read> 0.0015262248465098768
<246,employee10_area1,proj101task1prop,read> 4.8576276057058957E-4
<247,manager5,proj52budget1,read> 0.0010810820041491395
<248,planner10,proj101task2propa,setSchedule> 0.0015753074965565766
<249,aud3,proj31budget1,read> 0.0015095410796099257
<250,employee3_area1,proj31task1a,read> 0.001916608326875283
<251,ldr51,proj51budget1,write> 1.1636537857116884E-4
<252,planner6,proj61task2prop,setSchedule> 0.0011847990875161858
<253,employee9_area2,proj91task2propa,read> 6.576634720671118E-4
<254,nonemployee9_area2,proj92sched1,read> 6.420927511252883E-4
<255,planner5,proj52task1,setSchedule> 5.271007143955275E-4
<256,employee6_area2,proj61task2a,read> 1.4560034277856117E-4
<257,acc9,proj92task2,setCost> 7.060024730511812E-4
<258,acc2,proj21task2a,setCost> 6.890499374301423E-4
<259,employee4_area2,proj41task2prop,request> 2.8589953333729945E-4
<260,employee1_area1,proj11task1,request> 0.0010831554655423097
<261,acc2,proj22budget1,read> 0.005074126577824376
<262,employee5_area1,proj51task1,request> 4.1626622249857636E-4
<263,acc2,proj22task1prop,setCost> 0.0013162937554085802
<264,employee4_area1,proj41task1,read> 3.645959537152526E-4
<265,acc8,proj82sched1,read> 5.101875153230923E-5
<266,planner7,proj72sched1,read> 2.6946445093606786E-4
<267,acc6,proj61budget1,write> 0.0023883068359967325
<268,planner1,proj11sched1,read> 1.8590883600587966E-4
<269,nonemployee7_area1,proj72task1a,request> 7.458311379626557E-4
<270,planner2,proj21task1prop,setSchedule> 9.278856605159288E-4
<271,planner10,proj102task1,setSchedule> 1.0576269411510584E-4
<272,acc10,proj102task1a,setCost> 0.001045053185471958
<273,planner10,proj102task2,setSchedule> 1.1603923119511613E-4
<274,acc9,proj91task2prop,setCost> 0.001570581789724163
<275,employee5_area1,proj51sched1,read> 1.4774226960199643E-4
<276,nonemployee6_area1,proj62task1,read> 6.709631119873672E-4
<277,nonemployee7_area2,proj72task2a,request> 8.244303981685654E-4
<278,planner9,proj91task1propa,setSchedule> 0.002006922053917009
<279,acc6,proj62task2prop,setCost> 0.001392580165703255
<280,employee4_area2,proj41task2,read> 3.550744054136574E-4
<281,planner5,proj51task1propa,setSchedule> 0.0020377516651570392
<282,planner7,proj72task1a,setSchedule> 0.001852773997716854
<283,planner9,proj91task1a,setSchedule> 0.0012978409953962992
<284,nonemployee9_area1,proj92task1a,read> 3.667864084041256E-4
<285,manager3,proj31budget1,approve> 4.805655122353696E-5
<286,planner6,proj62sched1,read> 3.080272939716732E-4
<287,manager2,proj21budget1,read> 0.0014740642613812328
<288,ldr22,proj22sched1,write> 3.786188182505081E-4
<289,planner6,proj61task2a,setSchedule> 1.5714537951515728E-4
<290,acc4,proj42task2propa,setCost> 3.754280284409232E-4
<291,manager4,proj42budget1,read> 6.241258910885664E-4
<292,nonemployee1_area2,proj12task2a,read> 6.04044237199054E-4
<293,acc8,proj81task2,setCost> 0.0011806734704402691
<294,acc5,proj51task2a,setCost> 1.2113999412534023E-4
<295,employee10_area1,proj101task1a,read> 0.0014500524600971143
<296,ldr22,proj21sched1,read> 3.806281155567127E-4
<297,ldr11,proj11budget1,read> 5.274189806973624E-4
<298,planner2,proj22task1,setSchedule> 0.0019863689797569883
<299,planner3,proj31task2propa,setSchedule> 0.0016986259415167
<300,acc8,proj81task2a,setCost> 6.551448661880645E-4
<301,employee4_area1,proj41task1a,request> 7.205749062175615E-4
<302,planner10,proj101task2prop,setSchedule> 4.859945660754864E-4
<303,acc2,proj22budget1,write> 0.004262266325372476
<304,acc7,proj72task2,setCost> 7.399075442932587E-4
<305,acc6,proj62budget1,write> 4.846019579007381E-4
<306,employee4_area1,proj41task1,request> 2.4792524852637176E-4
<307,acc8,proj82task2,setCost> 0.0015536292541031246
<308,acc8,proj82task1,setCost> 0.0015621055219136436
<309,acc1,proj12task1a,setCost> 7.229550086722198E-4
<310,ldr52,proj52budget1,read> 6.479197257463487E-4
<311,employee5_area2,proj51task2prop,read> 3.998124048223283E-4
<312,employee8_area2,proj81task2,read> 0.0013262723321763757
<313,acc8,proj81task1,setCost> 0.0011637209348192303
<314,acc5,proj52budget1,read> 0.004188847151626463
<315,ldr102,proj102budget1,write> 9.353322603768249E-4
<316,planner9,proj91task1prop,setSchedule> 0.001308117532476309
<317,employee7_area2,proj71task2prop,request> 2.484939385156562E-4
<318,aud8,proj81budget1,read> 0.005298943726364478
<319,employee10_area2,proj101task2propa,read> 5.270189313297548E-4
<320,acc4,proj41task2,setCost> 3.160941537672872E-4
<321,acc1,proj12task2propa,setCost> 3.499992250093649E-4
<322,acc4,proj41task1,setCost> 3.2457042157780656E-4
<323,employee4_area2,proj41task2,request> 2.41450595681287E-4
<324,employee6_area1,proj61task1prop,request> 2.6252103657377243E-4
<325,planner7,proj71task2a,setSchedule> 0.0013595002178763606
<326,planner9,proj91task2a,setSchedule> 0.0012259052358362269
<327,planner7,proj71task1a,setSchedule> 0.0015342013482365355
<328,employee8_area2,proj81task2prop,read> 1.832175083367101E-4
<329,ldr62,proj61sched1,read> 6.118279307027052E-4
<330,acc9,proj91task1prop,setCost> 0.001078958256714036
<331,ldr12,proj12sched1,write> 4.936422567063587E-4
<332,acc2,proj21task1,setCost> 0.0014858191116189686
<333,nonemployee10_area1,proj102task1a,request> 5.100333573449268E-4
<334,employee7_area2,proj71task2a,setStatus> 5.259380404923147E-4
<335,manager8,proj81budget1,approve> 1.686929650715283E-4
<336,planner6,proj61task1propa,setSchedule> 4.34611880675435E-4
<337,planner9,proj91task2prop,setSchedule> 0.0019041566831169057
<338,ldr91,proj91sched1,read> 0.0013162960336602217
<339,planner8,proj82task2prop,setSchedule> 0.0020274751280770294
<340,employee3_area1,proj31task1a,setStatus> 8.002540704309832E-4
<341,planner6,proj61task2propa,setSchedule> 7.634610672357643E-4
<342,employee1_area1,proj11task1prop,request> 1.1523650696355205E-4
<343,nonemployee4_area1,proj42task1,request> 2.5355156088353745E-4
<344,employee4_area2,proj41task2a,request> 9.79561020020953E-4
<345,employee3_area1,proj31task1prop,read> 6.976303874900534E-5
<346,employee2_area1,proj21task1,read> 0.001669048071033806
<347,planner1,proj11task1prop,setSchedule> 5.06547640235507E-4
<348,planner8,proj81task2a,setSchedule> 7.94290678475795E-4
<349,nonemployee9_area1,proj92task1,request> 3.4869803376437545E-4
<350,ldr101,proj101sched1,write> 8.709191348415486E-4
<351,planner6,proj62task2prop,setSchedule> 0.0016883494044366897
<352,nonemployee8_area1,proj82task1,read> 0.0011211446332905647
<353,acc6,proj61task1prop,setCost> 9.518142395562447E-4
<354,manager8,proj82budget1,read> 0.0016111510952994048
<355,nonemployee7_area1,proj72task1,read> 5.249582942674112E-4
<356,employee5_area2,proj51task2,request> 4.097915696534915E-4
<357,acc10,proj101task1propa,setCost> 0.0015112479150505272
<358,planner3,proj32task1prop,setSchedule> 7.223549189157231E-4
<359,acc8,proj82task2prop,setCost> 0.0016722970034503963
<360,nonemployee8_area2,proj82sched1,read> 6.116907906229745E-5
<361,nonemployee4_area2,proj42task2,request> 2.5768836405226956E-4
<362,aud8,proj82budget1,read> 0.010121819822233908
<363,employee6_area2,proj61task2propa,request> 1.736827488723697E-4
<364,acc1,proj12task1propa,setCost> 9.602905073667641E-4
<365,employee6_area1,proj61task1a,read> 9.834965933189458E-4
<366,acc7,proj72task2a,setCost> 0.0016892495390714354
<367,nonemployee1_area1,proj12task1,read> 3.546193402607959E-4
<368,manager6,proj61budget1,read> 7.33795358223104E-4
<369,ldr31,proj31budget1,write> 1.2096631610940285E-4
<370,nonemployee9_area2,proj92task2,request> 3.445612305956434E-4
<371,employee9_area1,proj91task1propa,request> 4.5656255971104686E-4
<372,employee4_area1,proj41task1a,read> 0.001059668979731708
<373,planner9,proj91sched1,read> 5.815344073611078E-4
<374,nonemployee8_area2,proj82task2a,setStatus> 7.04839799147968E-4
<375,acc2,proj21task2prop,setCost> 0.0015960105931557217
<376,employee8_area1,proj81task1,request> 8.889158801897659E-4
<377,nonemployee8_area1,proj82sched1,read> 6.010062353282502E-5
<378,aud6,proj62budget1,read> 9.353891634349935E-4
<379,planner7,proj72task1prop,setSchedule> 9.7926834591598E-4
<380,acc8,proj81task2prop,setCost> 4.517144387355981E-4
<381,acc1,proj12task2,setCost> 4.7714324216715647E-4
<382,acc1,proj12task1,setCost> 4.940957777881952E-4
<383,employee7_area1,proj71task1prop,read> 6.748535432167641E-4
<384,employee5_area2,proj51task2propa,setStatus> 4.1859698529892256E-4
<385,planner2,proj22task1prop,setSchedule> 0.0015958605707165972
<386,acc3,proj32task1,setCost> 3.4152295719884544E-4
<387,employee6_area2,proj61task2,request> 0.0011025794240775643
<388,acc4,proj41sched1,read> 4.706883372677253E-4
<389,planner8,proj82task2a,setSchedule> 0.0018219443864768232
<390,nonemployee10_area1,proj102task1propa,setStatus> 2.3571963200647673E-4
<391,aud2,proj21sched1,read> 6.73418973677261E-4
<392,employee3_area1,proj31task1propa,setStatus> 3.9871901211496107E-4
<393,aud10,proj101sched1,read> 6.262608791786813E-4
<394,aud10,proj101budget1,read> 0.004552546235337066
<395,acc4,proj41task2propa,setCost> 0.0016299156643977992
<396,acc1,proj11sched1,read> 1.6874802037456768E-4
<397,nonemployee9_area2,proj92task2a,setStatus> 2.993291461951535E-4
<398,employee10_area2,proj101task2a,read> 0.0012786645906683995
<399,nonemployee5_area2,proj52task2a,setStatus> 1.7211011781779998E-4
<400,employee4_area2,proj41task2propa,read> 6.611014862970423E-4
<401,employee8_area1,proj81task1propa,request> 3.6772427200964413E-4
<402,employee6_area2,proj61task2prop,request> 2.6953458560283053E-4
<403,employee6_area2,proj61task2propa,setStatus> 2.953535515583613E-4
<404,acc5,proj52task1a,setCost> 2.059026722305345E-4
<405,planner8,proj82task2,setSchedule> 0.0018836036089568855
<406,planner4,proj42sched1,write> 0.0020992278643425155
<407,nonemployee6_area1,proj62task1propa,setStatus> 2.675243891008152E-4
<408,aud10,proj102sched1,read> 2.2251370045072653E-4
<409,ldr81,proj81budget1,write> 4.2462819363284834E-4
<410,employee10_area1,proj101task1propa,setStatus> 7.088153937847605E-4
<411,employee8_area1,proj81task1,read> 0.0013072292355731853
<412,acc5,proj51task1propa,setCost> 0.0016807732712609156
<413,employee10_area2,proj101task2a,request> 8.694919216545117E-4
<414,aud9,proj92sched1,read> 4.932815555855219E-4
<415,acc4,proj42task1prop,setCost> 8.840040970720892E-4
<416,acc7,proj71task2propa,setCost> 4.432381709250787E-4
<417,nonemployee5_area2,proj52task2a,read> 2.633663291858234E-4
<418,acc3,proj32task2propa,setCost> 2.7371281471469004E-4
<419,acc10,proj102sched1,read> 4.581164421044369E-4
<420,manager5,proj51budget1,read> 2.3114363385647334E-4
<421,planner8,proj82task1propa,setSchedule> 0.001626690181956628
<422,planner1,proj11task2a,setSchedule> 0.0019144332201969161
<423,aud1,proj11sched1,read> 1.9353586517535163E-4
<424,employee8_area2,proj81task2propa,read> 1.660274371870579E-4
<425,planner2,proj21task1propa,setSchedule> 3.0101689863530135E-4
<426,manager7,proj71budget1,read> 0.0015380381172097127
<427,employee10_area1,proj101task1propa,request> 4.168191152130509E-4
<428,acc5,proj52task2a,setCost> 3.669517606304038E-4
<429,nonemployee7_area1,proj72task1propa,setStatus> 6.134011225017453E-4
<430,nonemployee2_area2,proj22task2,request> 8.616616266871541E-4
<431,ldr31,proj31sched1,write> 5.534544447034009E-4
<432,acc3,proj31task1a,setCost> 0.001706202074692474
<433,manager6,proj62budget1,read> 1.488915335055701E-4
<434,nonemployee5_area1,proj52task1a,setStatus> 9.657381971874626E-5
<435,planner1,proj12sched1,read> 5.827200249001276E-4
<436,acc1,proj11budget1,read> 0.003409801256572298
<437,ldr81,proj81budget1,read> 5.055097543248194E-4
<438,employee9_area2,proj91task2propa,request> 4.472111610056361E-4
<439,manager4,proj42budget1,approve> 1.2482517821771328E-4
<440,employee5_area1,proj51task1propa,setStatus> 7.883272865206063E-4
<441,planner9,proj92task2a,setSchedule> 7.737376043157743E-4
<442,ldr51,proj51sched1,read> 3.492018752783342E-4
<443,planner5,proj52task2prop,setSchedule> 4.6544149191546586E-4
<444,acc8,proj81task1a,setCost> 7.738126155353366E-4
<445,manager10,proj102budget1,read> 0.0018579073963521141
<446,acc4,proj42task1,setCost> 5.195245812197536E-4
<447,acc4,proj42task2,setCost> 5.28000849030273E-4
<448,employee10_area1,proj101task1a,setStatus> 6.054499332281606E-4
<449,manager5,proj51budget1,approve> 4.6228726771294674E-5
<450,employee10_area1,proj101task1a,request> 9.86035672866038E-4
<451,aud1,proj12sched1,read> 6.066264874601328E-4
<452,planner3,proj32task2a,setSchedule> 5.579303256355584E-4
<453,employee8_area1,proj81task1a,read> 8.692380136998024E-4
<454,ldr12,proj11sched1,read> 1.2679935994247175E-4
<455,employee1_area1,proj11task1propa,setStatus> 7.669584653478479E-5
<456,employee2_area2,proj21task2propa,setStatus> 8.161564489781525E-4
<457,nonemployee10_area2,proj102task2a,request> 4.8521253833253426E-4
<458,aud4,proj42budget1,read> 0.003920979127544641
<459,employee8_area2,proj81task2a,setStatus> 3.072803354687382E-4
<460,employee8_area2,proj81task2a,read> 7.359363374774685E-4
<461,acc3,proj31sched1,read> 5.796682393761105E-4
<462,employee9_area1,proj91task1,request> 9.601370614856989E-4
<463,employee8_area2,proj81task2,request> 9.018651858799355E-4
<464,employee7_area1,proj71task1propa,setStatus> 1.4428095536025387E-4
<465,manager7,proj72budget1,approve> 2.673954854926121E-4
<466,manager10,proj102budget1,approve> 3.7158147927042283E-4
<467,manager1,proj12budget1,read> 8.069083363127955E-4
<468,employee7_area1,proj71sched1,read> 5.869164131985384E-4
<469,planner1,proj11sched1,write> 0.0032292794997268973
<470,nonemployee4_area2,proj42task2propa,setStatus> 1.7608571245459226E-4
<471,planner5,proj52task2propa,setSchedule> 0.0014211594403564223
<472,nonemployee6_area2,proj62task2,read> 6.587960438440375E-4
<473,ldr12,proj12budget1,read> 4.836005279522765E-4
<474,acc9,proj92task1a,setCost> 5.110483134092342E-4
<475,employee4_area2,proj41sched1,read> 4.342815045508847E-4
<476,planner3,proj32task2propa,setSchedule> 3.318465098753322E-4
<477,acc4,proj42task2a,setCost> 2.3980774347261228E-4
<478,planner2,proj22task2prop,setSchedule> 6.812487705956818E-4
<479,planner2,proj22task2,setSchedule> 0.002140517035957142
<480,planner1,proj12task2prop,setSchedule> 0.001739732089836741
<481,nonemployee1_area1,proj12task1a,request> 3.528348369331075E-4
<482,employee9_area2,proj91task2a,read> 0.0011358413661444703
<483,aud6,proj61budget1,read> 0.0046099614269545595
<484,planner4,proj41task2,setSchedule> 3.832291952753836E-4
<485,planner9,proj92sched1,read> 4.2163172069600483E-4
<486,nonemployee7_area1,proj72task1a,setStatus> 7.16766583058345E-4
<487,planner4,proj41task1,setSchedule> 3.935057323553938E-4
<488,employee4_area2,proj41task2a,setStatus> 6.014743385913683E-4
<489,aud5,proj51budget1,read> 0.0014521258879924327
<490,nonemployee8_area2,proj82task2,request> 7.58241547468852E-4
<491,employee2_area2,proj21sched1,read> 9.531969047702292E-4
<492,planner5,proj51sched1,write> 0.0031351085301115325
<493,employee7_area1,proj71task1a,setStatus> 5.935231493177837E-4
<494,ldr102,proj102sched1,read> 8.873586597219228E-4
<495,employee9_area2,proj91task2prop,request> 4.3318406294751984E-4
<496,acc1,proj11task2,setCost> 0.0013247700232190997
<497,ldr61,proj61budget1,read> 4.397820752071906E-4
<498,employee4_area1,proj41sched1,read> 4.4468345675569633E-4
<499,ldr92,proj92sched1,read> 9.100251718894901E-4
<500,planner10,proj102task2prop,setSchedule> 3.62676121115363E-4
<501,planner2,proj22task2propa,setSchedule> 7.531845301557538E-4
<502,acc1,proj12task1prop,setCost> 0.0010535294532824776
<503,acc4,proj42task1a,setCost> 0.00146886657599793
<504,ldr72,proj72budget1,write> 6.730788206974856E-4
<505,employee2_area1,proj21sched1,read> 9.59703368284019E-4
<506,ldr92,proj92sched1,write> 5.028441317828266E-4
<507,ldr62,proj62sched1,write> 4.6603663147695446E-4
<508,nonemployee5_area1,proj52task1,read> 3.12034601759142E-4
<509,employee1_area2,proj11task2a,read> 0.0017737851023513543
<510,manager9,proj92budget1,approve> 1.7965991178498205E-4
<511,planner4,proj42sched1,read> 6.871444039860062E-5
<512,planner2,proj21task2,setSchedule> 0.0017911147752367928
<513,acc8,proj82task2a,setCost> 0.0015027716472400074
<514,acc1,proj12budget1,read> 0.003126511840188966
<515,nonemployee3_area2,proj32sched1,read> 3.4781148692345464E-4
<516,acc2,proj22task1propa,setCost> 0.0012315310773033858
<517,employee8_area1,proj81task1a,setStatus> 3.629386603838304E-4
<518,employee3_area2,proj31sched1,read> 3.959482509399661E-4
<519,nonemployee8_area1,proj82task1,request> 7.623783506375839E-4
<520,manager8,proj82budget1,approve> 3.22230219059881E-4
<521,acc6,proj62budget1,read> 5.769070927389739E-4
<522,employee1_area1,proj11task1a,setStatus> 8.121808543413603E-4
<523,acc5,proj51budget1,read> 8.95607686170223E-4
<524,nonemployee5_area2,proj52task2,read> 3.0595106768747726E-4
<525,ldr101,proj101budget1,read> 4.3430476861405494E-4
<526,nonemployee3_area1,proj32sched1,read> 3.449488409405456E-4
<527,planner2,proj21task2prop,setSchedule> 0.0019349862943569367
<528,manager8,proj81budget1,read> 8.434648253576415E-4
<529,manager3,proj32budget1,approve> 1.6983535535417973E-5
<530,ldr42,proj42sched1,write> 1.0256256595646678E-4
<531,employee4_area1,proj41task1a,setStatus> 4.424505531196763E-4
<532,employee3_area1,proj31sched1,read> 3.896130789249267E-4
<533,ldr91,proj91budget1,write> 6.776797582357197E-4
<534,employee10_area2,proj101task2,read> 1.7416498768334698E-4
<535,employee7_area1,proj71task1propa,request> 8.484446117096691E-5
<536,employee1_area1,proj11task1prop,read> 1.694654514169883E-4
<537,acc7,proj71task1propa,setCost> 3.076178859567678E-4
<538,employee10_area1,proj101task1,read> 1.6464343938175173E-4
<539,planner4,proj42task1prop,setSchedule> 0.0010717571796360727
<540,acc6,proj61task2prop,setCost> 9.772430429878028E-4
<541,employee7_area2,proj71task2prop,read> 3.654322625230238E-4
<542,employee9_area1,proj91task1prop,request> 2.97588781719063E-4
<543,planner6,proj62task2a,setSchedule> 0.0016677963302766693
<544,employee2_area1,proj21task1propa,read> 1.0070516681837939E-4
<545,ldr41,proj41sched1,write> 4.706375690151885E-4
<546,acc10,proj102task2prop,setCost> 2.9914161814624833E-4
<547,acc5,proj52task1,setCost> 4.3476190311455924E-4
<548,planner10,proj102task2a,setSchedule> 0.0012053521616762063
<549,acc5,proj52task2,setCost> 4.2628563530403983E-4
<550,planner8,proj81sched1,read> 4.368836204210974E-5
<551,employee1_area1,proj11task1propa,request> 4.510101667297093E-5
<552,nonemployee6_area1,proj62task1a,request> 8.575248235184219E-4
<553,acc10,proj101task1prop,setCost> 0.0011976260060613082
<554,acc1,proj11budget1,write> 0.0028642330555207303
<555,ldr42,proj41sched1,read> 4.2908052844847886E-4
<556,nonemployee3_area1,proj32task1propa,setStatus> 7.565225294262679E-4
<557,acc3,proj31task1,setCost> 0.0013501988266506578
<558,employee6_area1,proj61task1,read> 0.0016309618778274247
<559,planner3,proj32task2prop,setSchedule> 0.0020788578134770808
<560,planner4,proj42task2propa,setSchedule> 4.551649548354556E-4
<561,acc10,proj101task2a,setCost> 0.0011382921313876722
<562,manager2,proj21budget1,approve> 2.948128522762466E-4
<563,acc10,proj101task2,setCost> 1.5504506536741794E-4
<564,employee2_area2,proj21task2,request> 0.0011284780354579036
<565,acc10,proj101task1,setCost> 1.4656879755689853E-4
<566,acc2,proj22task2prop,setCost> 5.619059202723508E-4
<567,ldr72,proj72sched1,write> 3.326094428681679E-4
<568,ldr21,proj21budget1,write> 7.420928837709959E-4
<569,acc2,proj22task2propa,setCost> 6.212397949459866E-4
<570,acc2,proj21task1propa,setCost> 2.4828401128313175E-4
<571,nonemployee1_area2,proj12task2a,request> 4.107500812953567E-4
<572,employee9_area2,proj91task2,request> 9.730863671758682E-4
<573,employee7_area2,proj71task2propa,setStatus> 2.0789046954893068E-4
<574,aud3,proj32budget1,read> 5.33482822112541E-4
<575,employee6_area1,proj61task1propa,read> 1.4539935180747518E-4
<576,employee2_area1,proj21task1,request> 0.001134952688302988
<577,acc6,proj62task1propa,setCost> 5.703821880828702E-4
<578,ldr62,proj62budget1,read> 8.923445324650315E-5
<579,employee9_area1,proj91task1a,read> 0.0012024922042556375
<580,employee5_area2,proj51task2propa,request> 2.461560888393035E-4
<581,acc5,proj52sched1,read> 1.264142688443887E-4
<582,acc6,proj61task1,setCost> 0.0014519140403768912
<583,planner9,proj92task2prop,setSchedule> 8.045672155558054E-4
<584,ldr91,proj91sched1,write> 7.51294758847464E-4
<585,acc10,proj101task2prop,setCost> 4.008568318724815E-4
<586,employee10_area2,proj101task2prop,read> 1.6258942295712742E-4
<587,nonemployee8_area2,proj82task2,read> 0.0011150610992189
<588,acc7,proj71task2prop,setCost> 9.00956632693128E-4
<589,acc3,proj31task2prop,setCost> 0.0011467683991981915
<590,acc7,proj72budget1,write> 0.004351502491533227
<591,employee7_area2,proj71task2,read> 2.979451156040856E-4
<592,nonemployee4_area2,proj42task2a,request> 1.1703705631537857E-4
<593,employee8_area2,proj81task2prop,request> 1.2458790566896287E-4
<594,acc1,proj12sched1,read> 5.289304841401158E-4
<595,employee1_area1,proj11task1a,request> 0.001322717620810447
<596,acc2,proj22task1,setCost> 0.001638391932208319
<597,planner7,proj71task2prop,setSchedule> 0.0010923102537960933
<598,employee8_area1,proj81task1prop,read> 3.9293637636246743E-4
<599,employee10_area1,proj101task1prop,request> 3.303186771880009E-4
<600,nonemployee8_area2,proj82task2propa,setStatus> 7.207421776951374E-4
<601,employee7_area1,proj71task1,read> 2.8842356730249036E-4
<602,ldr51,proj51budget1,read> 1.3853021258472482E-4
<603,planner5,proj52task2a,setSchedule> 4.448884177554453E-4
<604,nonemployee2_area1,proj22task1a,setStatus> 3.867922282045842E-4
<605,aud8,proj81sched1,read> 4.9325570047543247E-5
<606,manager7,proj71budget1,approve> 3.0760762344194255E-4
<607,nonemployee7_area2,proj72task2a,setStatus> 7.923028811573987E-4
<608,acc4,proj41task2prop,setCost> 0.0010365769176614388
<609,employee6_area2,proj61task2propa,read> 2.5541580716524956E-4
<610,ldr62,proj62sched1,read> 0.0010139405367528935
<611,employee4_area1,proj41task1prop,read> 4.445065898114241E-4
<612,planner10,proj102sched1,read> 2.2625342650872189E-4
<613,acc1,proj12task2prop,setCost> 0.0014349615047558521
<614,nonemployee2_area2,proj22task2,read> 0.0012671494510105208
<615,planner4,proj41sched1,read> 3.822717435268267E-4
<616,ldr22,proj22budget1,read> 7.848523905747424E-4
<617,aud6,proj62sched1,read> 4.242640086779649E-4
<618,planner10,proj101task2a,setSchedule> 0.0013800532920363814
<619,nonemployee1_area2,proj12task2,read> 3.4245227211746624E-4
<620,employee5_area1,proj51task1a,setStatus> 9.259822508195397E-5
<621,employee4_area1,proj41task1propa,setStatus> 5.219624458555223E-4
<622,planner5,proj52task1a,setSchedule> 2.496342132352498E-4
<623,ldr102,proj102sched1,write> 4.108253810181463E-4
<624,ldr71,proj71budget1,write> 7.74299446538634E-4
<625,aud7,proj72sched1,read> 3.793098322093694E-4
<626,ldr11,proj11sched1,write> 1.5777381641527503E-4
<627,nonemployee6_area1,proj62sched1,read> 5.559989520117622E-4
<628,ldr22,proj22budget1,write> 6.592760080827836E-4
<629,employee7_area1,proj71task1prop,request> 4.589004093873996E-4
<630,planner3,proj32task1,setSchedule> 4.1405880651541443E-4
<631,nonemployee2_area1,proj22task1,read> 0.0011758964399355486
<632,planner3,proj32task2,setSchedule> 4.037822694354041E-4
<633,manager6,proj61budget1,approve> 1.4675907164462081E-4
<634,planner9,proj92task2propa,setSchedule> 7.120783818357128E-4
<635,employee5_area1,proj51task1,read> 6.121562095567299E-4
<636,employee4_area1,proj41task1propa,request> 3.069401804244738E-4
<637,manager9,proj91budget1,read> 0.001346116549724272
<638,manager4,proj41budget1,approve> 2.491172409701892E-4
<639,employee10_area2,proj101task2propa,setStatus> 6.09425527864953E-4
<640,employee9_area2,proj91sched1,read> 0.0010680468527351067
<641,employee5_area2,proj51task2,read> 6.026346612551346E-4
<642,planner7,proj72task1propa,setSchedule> 0.001585584033636587
<643,acc10,proj102task1prop,setCost> 0.0010281006498509195
<644,manager9,proj92budget1,read> 8.982995589249102E-4
<645,ldr52,proj52sched1,read> 3.0023553139826197E-4
<646,nonemployee1_area2,proj12task2a,setStatus> 3.9474341747816876E-4
<647,planner10,proj101task1a,setSchedule> 0.0015650309594765664
<648,nonemployee5_area1,proj52task1propa,setStatus> 7.247177723319296E-4
<649,acc9,proj92task2propa,setCost> 5.873347237039091E-4
<650,employee1_area2,proj11task2a,setStatus> 7.406201508790989E-4
<651,acc3,proj32budget1,read> 3.2902885340355803E-4
<652,employee2_area1,proj21task1a,setStatus> 4.981088780347685E-4
<653,acc2,proj22sched1,read> 3.3542092747941153E-4
<654,acc4,proj42sched1,read> 8.460757627310688E-5
<655,employee3_area1,proj31task1propa,request> 2.3446684045754E-4
<656,employee3_area2,proj31task2propa,request> 3.8642706942046575E-4
<657,ldr32,proj32budget1,write> 4.2750377959424455E-5
<658,ldr51,proj52sched1,read> 1.5345475415869645E-4
<659,planner2,proj22sched1,read> 2.927662430600644E-4
<660,manager3,proj32budget1,read> 8.491767767708986E-5
<661,planner3,proj31task2a,setSchedule> 0.0018424974606368442
<662,employee1_area2,proj11task2a,request> 0.0012061738695989207
<663,employee7_area1,proj71task1propa,read> 1.2477126642789253E-4
<664,nonemployee10_area2,proj102task2a,read> 7.135478504890208E-4
<665,employee6_area1,proj61task1propa,request> 9.887155922908312E-5
<666,nonemployee1_area1,proj12task1a,setStatus> 3.3908509256307654E-4
<667,employee9_area2,proj91task2a,setStatus> 4.742553102140147E-4
<668,nonemployee9_area2,proj92task2a,read> 4.580394194790981E-4
<669,acc4,proj42budget1,write> 0.002031362171353734
<670,planner2,proj21task1a,setSchedule> 0.0012875644583162887
<671,employee2_area2,proj21task2a,setStatus> 3.2318271401590736E-4
<672,acc9,proj91task1a,setCost> 0.0010704819889035167
<673,planner4,proj41task1prop,setSchedule> 0.0013286706066363298
<674,acc3,proj32task2prop,setCost> 0.0017146783425029937
<675,planner5,proj51task2prop,setSchedule> 0.001195075624596196
<676,acc1,proj11task1,setCost> 0.0014180089691348133
<677,planner1,proj12task2a,setSchedule> 0.0010203744942360214
<678,nonemployee4_area1,proj42sched1,read> 1.3883121631554E-4
<679,planner8,proj81task1,setSchedule> 0.001410882903276412
<680,ldr41,proj42sched1,read> 7.899823419975172E-5
<681,nonemployee3_area1,proj32task1a,setStatus> 2.834267676479844E-4
<682,acc8,proj81task2propa,setCost> 4.0933309968300095E-4
<683,planner6,proj61sched1,read> 4.104668395853592E-4
<684,ldr12,proj12budget1,write> 4.062244434799122E-4
<685,employee3_area2,proj31task2a,setStatus> 7.127909884215528E-4
<686,employee5_area1,proj51task1prop,request> 1.0822295793449393E-4
<687,ldr42,proj42budget1,write> 3.142056927152318E-4
<688,employee6_area1,proj61task1prop,read> 3.8606034790260654E-4
<689,acc7,proj71task2,setCost> 2.6523654690417057E-4
<690,planner3,proj32task1propa,setSchedule> 0.001955539368516957
<691,acc7,proj71task1,setCost> 2.5676027909365116E-4
<692,planner2,proj22task2a,setSchedule> 5.682068627155687E-4
<693,acc9,proj92task1prop,setCost> 7.992414189668948E-4
<694,planner7,proj72task2prop,setSchedule> 0.00205830473931706
<695,acc5,proj51task2,setCost> 5.364771168407924E-4
<696,acc5,proj51task1,setCost> 5.449533846513119E-4
<697,ldr42,proj42sched1,read> 1.9922674631395095E-4
<698,acc2,proj21sched1,read> 5.628090939428315E-4
<699,employee2_area1,proj21task1propa,request> 6.847951343649798E-5
<700,acc1,proj11task2a,setCost> 0.001579058057534683
<701,planner2,proj22task1a,setSchedule> 9.998214200760006E-4
<702,employee6_area1,proj61task1a,request> 6.687776834568831E-4
<703,employee10_area2,proj101task2prop,request> 1.1056080761084666E-4
<704,acc9,proj91task2propa,setCost> 0.0016214393965872796
<705,acc2,proj21task1prop,setCost> 7.653363477248171E-4
<706,nonemployee3_area2,proj32task2a,setStatus> 2.158416588225153E-4
<707,nonemployee8_area2,proj82task2a,request> 7.334207284564594E-4
<708,acc9,proj92task1,setCost> 7.144787408617005E-4
<709,planner6,proj62task1prop,setSchedule> 0.001770561701076772
<710,aud4,proj42sched1,read> 1.0050071214761317E-4
<711,nonemployee3_area1,proj32task1,request> 1.6667869434016364E-4
<712,employee4_area2,proj41task2prop,read> 4.2044049020191097E-4
<713,aud5,proj52sched1,read> 1.466946328301195E-4
<714,nonemployee10_area1,proj102sched1,read> 5.179520590323632E-4
<715,acc1,proj11task1a,setCost> 0.0017316308781240325
<716,planner8,proj81task1propa,setSchedule> 0.001616413644876618
<717,acc4,proj41task2a,setCost> 0.0012823886841665025
<718,employee3_area2,proj31task2propa,read> 5.682751020889202E-4
<719,ldr81,proj81sched1,write> 5.655319057412654E-5
<720,planner5,proj51task1prop,setSchedule> 4.757180289954761E-4
<721,ldr52,proj52sched1,write> 1.2556725364763687E-4
<722,nonemployee3_area2,proj32task2,request> 1.6254189117143156E-4
<723,acc5,proj51task2propa,setCost> 8.924803648826085E-4
<724,ldr31,proj31budget1,read> 1.4400751917786054E-4
<725,employee2_area1,proj21task1a,request> 8.112200460487486E-4
<726,acc7,proj72task1propa,setCost> 0.0013078174875980608
<727,employee2_area2,proj21task2prop,read> 6.473494293773206E-4
<728,acc3,proj31task1prop,setCost> 1.7199760098845685E-4
<729,planner8,proj81task2propa,setSchedule> 4.962711031554968E-4
<730,acc4,proj42task2prop,setCost> 0.0011298158635771527
<731,acc3,proj32budget1,write> 2.763842368589887E-4
<732,acc9,proj92task2prop,setCost> 6.636211339985839E-4
<733,planner2,proj21task1,setSchedule> 0.0018013913123168027
<734,planner2,proj21sched1,read> 4.91237995291142E-4
<735,employee5_area2,proj51task2propa,read> 3.6199424829309336E-4
<736,employee5_area2,proj51task2a,setStatus> 5.681787335082329E-5
<737,acc8,proj82task1prop,setCost> 0.0017485834137450711
<738,employee5_area1,proj51task1a,request> 1.508054558500999E-4
<739,ldr31,proj32sched1,read> 2.7052004538490916E-4
<740,employee3_area2,proj31task2prop,request> 3.1629157912988463E-4
<741,acc6,proj62task1,setCost> 9.348617039352056E-4
<742,acc9,proj91task2a,setCost> 0.0010111481142298807
<743,employee8_area1,proj81task1prop,request> 2.6719673592647783E-4
<744,acc3,proj31task2propa,setCost> 0.0014010564335137745
<745,acc5,proj52task1prop,setCost> 6.46668598377545E-4
<746,planner5,proj51task2,setSchedule> 6.504191593556509E-4
<747,planner5,proj51task1,setSchedule> 6.606956964356613E-4
<748,planner7,proj71task2propa,setSchedule> 5.373772514755379E-4
<749,acc7,proj72task1a,setCost> 0.0015282004506715658
<750,aud6,proj61sched1,read> 5.653599865987022E-4
<751,acc2,proj22task1a,setCost> 8.246702223984532E-4
<752,acc3,proj32task2,setCost> 3.3304668938832603E-4
<753,employee9_area2,proj91task2a,request> 7.723721289782398E-4
<754,acc2,proj22task2a,setCost> 4.68666974356637E-4
<755,planner7,proj71task2,setSchedule> 3.2156997279532185E-4
<756,planner7,proj71task1,setSchedule> 3.1129343571531157E-4
<757,acc3,proj31task2a,setCost> 0.0015197241828610467
<758,employee4_area2,proj41task2propa,setStatus> 7.644737186998527E-4
<759,planner10,proj102task1prop,setSchedule> 0.0012464583099962476
<760,acc6,proj62task1a,setCost> 0.0017570596815555907
<761,manager4,proj41budget1,read> 0.001245586204850946
<762,planner7,proj71sched1,read> 5.723346389575808E-4
<763,employee4_area1,proj41task1propa,read> 4.51382618271285E-4
<764,nonemployee3_area1,proj32task1a,request> 2.949195925708583E-4
<765,ldr61,proj61budget1,write> 3.694169431740401E-4
<766,planner4,proj42task1,setSchedule> 6.298660851956305E-4
<767,planner4,proj42task2,setSchedule> 6.401426222756407E-4
<768,nonemployee1_area1,proj12task1propa,setStatus> 4.50401742393261E-4
<769,ldr21,proj22sched1,read> 2.2296766855567818E-4
<770,employee5_area1,proj51task1propa,request> 4.635761087401049E-4
<771,nonemployee2_area2,proj22sched1,read> 5.293058566582619E-4
<772,ldr32,proj31sched1,read> 6.113440994513078E-4
<773,nonemployee7_area2,proj72task2,request> 3.6110844327057163E-4
<774,employee9_area1,proj91task1a,request> 8.176946988938334E-4
<775,planner8,proj82task1a,setSchedule> 0.001482818662836484
<776,planner6,proj62task1,setSchedule> 0.0011334164021161344
<777,employee9_area1,proj91task1prop,read> 4.376305613515632E-4
<778,acc5,proj52task2prop,setCost> 3.839042962514426E-4
<779,nonemployee2_area1,proj22sched1,read> 5.331835552418391E-4
<780,nonemployee7_area1,proj72task1,request> 3.569716401018396E-4
<781,planner10,proj102task2propa,setSchedule> 2.1880460199521902E-4
<782,planner8,proj82task1,setSchedule> 0.0018938801460368954
<783,planner6,proj61task2,setSchedule> 0.0017500086269167517
<784,aud3,proj32sched1,read> 3.020091511969092E-4
<785,nonemployee2_area1,proj22task1propa,setStatus> 5.776207707706145E-4
<786,employee1_area1,proj11sched1,read> 1.2870611723483975E-4
<787,nonemployee4_area1,proj42task1a,request> 7.16873515781531E-4
<788,employee6_area2,proj61task2a,request> 9.900823308942158E-5
<789,acc5,proj52task1propa,setCost> 0.0015451529862926046
<790,employee1_area2,proj11task2prop,read> 4.479446040413545E-4
<791,ldr102,proj101sched1,read> 0.0011209543467652025
<792,planner6,proj61task1prop,setSchedule> 0.001153969476276155
<793,employee5_area2,proj51task2a,request> 9.25335802443368E-5
<794,employee6_area2,proj61sched1,read> 6.37643455204929E-4
<795,employee1_area2,proj11sched1,read> 1.325196318195757E-4
<796,nonemployee4_area2,proj42task2,read> 3.7895347654745516E-4
<797,employee3_area2,proj31task2,request> 0.001037832895626716
<798,nonemployee7_area2,proj72task2,read> 5.310418283390759E-4
<799,acc8,proj81task1propa,setCost> 0.001333246291029619
<800,planner9,proj92task1propa,setSchedule> 9.587152717559594E-4
<801,ldr11,proj11budget1,write> 4.430319437857844E-4
<802,ldr41,proj41budget1,read> 7.465112444227922E-4
<803,nonemployee4_area1,proj42task1,read> 3.728699424757904E-4
<804,ldr42,proj42budget1,read> 3.740543960895617E-4
<805,planner7,proj72task2,setSchedule> 8.970560492758978E-4
<806,employee9_area1,proj91task1propa,setStatus> 7.764005026102295E-4
<807,nonemployee7_area2,proj72sched1,read> 1.8364774681630105E-4
<808,planner9,proj92task2,setSchedule> 8.559499009558567E-4
<809,nonemployee5_area2,proj52task2propa,setStatus> 5.497916083130684E-4
<810,acc2,proj22task2,setCost> 0.0017655359493661102
<811,planner3,proj31task1prop,setSchedule> 2.085280649152087E-4
<812,manager10,proj101budget1,approve> 1.4493124719237852E-4
<813,employee1_area1,proj11task1propa,read> 6.63250245190749E-5
<814,ldr71,proj71budget1,read> 9.217850554031358E-4
<815,employee2_area1,proj21task1prop,request> 2.1108834369401296E-4
<816,nonemployee7_area1,proj72sched1,read> 1.870804149810917E-4
<817,ldr102,proj102budget1,read> 0.0011134907861628867
<818,planner3,proj31task1propa,setSchedule> 0.0010306510313160316
<819,employee1_area2,proj11task2prop,request> 3.046023307481211E-4
<820,planner1,proj11task1,setSchedule> 0.0017191790156767207
<821,nonemployee1_area2,proj12task2propa,setStatus> 1.641589285442154E-4
<822,planner5,proj52sched1,read> 9.802175926436557E-5
<823,planner1,proj11task2prop,setSchedule> 0.0013389471437163399
<824,acc10,proj102task2a,setCost> 9.941955786088416E-4
<825,employee3_area1,proj31task1prop,request> 4.743886634932363E-5
<826,nonemployee4_area2,proj42task2a,read> 1.7211331811085084E-4
<827,employee6_area1,proj61task1a,setStatus> 4.1064579602533794E-4
<828,nonemployee1_area2,proj12task2,request> 2.3286754503987707E-4
<829,nonemployee10_area2,proj102sched1,read> 5.441301414383312E-4
<830,employee3_area2,proj31task2propa,setStatus> 6.571326635064604E-4
<831,employee8_area1,proj81sched1,read> 3.579627083450282E-5
<832,acc10,proj102task2propa,setCost> 1.8047386879897623E-4
<833,planner9,proj92task1a,setSchedule> 6.195895481156202E-4
<834,employee9_area1,proj91task1a,setStatus> 5.020844726715609E-4
<835,employee2_area2,proj21task2a,request> 5.263353208650179E-4
<836,acc6,proj61task2a,setCost> 1.2961626193585965E-4
<837,nonemployee8_area1,proj82task1propa,setStatus> 6.293035010489144E-4
<838,nonemployee1_area1,proj12task1,request> 2.4114115137734122E-4
<839,nonemployee3_area1,proj32task1,read> 2.4511572697082887E-4
<840,nonemployee10_area1,proj102task1,request> 4.257459927820105E-5
<841,acc5,proj51sched1,read> 1.374517632615589E-4
<842,nonemployee2_area1,proj22task1,request> 7.99609579156173E-4
<843,ldr72,proj72sched1,read> 8.301961453081249E-4
<844,acc6,proj62sched1,read> 3.583965370110663E-4
<845,nonemployee4_area1,proj42task1a,read> 0.0010542257585022515
<846,employee10_area1,proj101task1,request> 1.1195753877959119E-4
<847,planner9,proj92task1,setSchedule> 8.662264380358669E-4
<848,manager9,proj91budget1,approve> 2.692233099448544E-4
<849,employee10_area2,proj101sched1,read> 5.315323428323261E-4
<850,employee6_area2,proj61task2a,setStatus> 6.0793467987615585E-5
<851,ldr32,proj32sched1,read> 6.338678136608819E-4
<852,nonemployee7_area2,proj72task2propa,setStatus> 2.277684427328922E-4
<853,nonemployee3_area2,proj32task2,read> 2.3903219289916403E-4
<854,nonemployee10_area2,proj102task2,request> 4.671140244693314E-5
<855,employee3_area1,proj31task1propa,read> 3.448041771434411E-4
<856,ldr71,proj71sched1,write> 7.65097571462166E-4
<857,employee1_area2,proj11task2propa,read> 4.8232474634065915E-4
<858,employee6_area1,proj61task1propa,setStatus> 1.6813452318100764E-4
<859,employee8_area2,proj81sched1,read> 3.861487483721958E-5
<860,nonemployee5_area1,proj52task1a,request> 1.0048984364045027E-4
<861,planner8,proj81task2prop,setSchedule> 5.476537885555482E-4
<862,employee9_area1,proj91task1propa,read> 6.714155289868336E-4
<863,employee6_area1,proj61sched1,read> 6.428065601053739E-4

