<0,planner6,proj62task2propa,setSchedule> 0.0023312739941935565
<1,nonemployee4_area2,proj42task2a,read> 2.084695113375781E-4
<2,acc10,proj102task1prop,setCost> 0.0012452705138264104
<3,planner4,proj42task2,setSchedule> 7.753625408941861E-4
<4,acc8,proj82budget1,read> 0.007561365256366236
<5,planner9,proj92sched1,write> 0.012466144655007023
<6,planner3,proj32task2propa,setSchedule> 4.0194379210233737E-4
<7,employee2_area1,proj21task1a,read> 0.0014449666790261597
<8,aud2,proj21budget1,read> 0.011216744289636817
<9,acc1,proj12task2a,setCost> 0.0010194021416861342
<10,planner2,proj22task1propa,setSchedule> 0.0018084877458849678
<11,planner9,proj92task2prop,setSchedule> 9.745192069165056E-4
<12,planner8,proj81task2,setSchedule> 0.001733803996126598
<13,aud9,proj91budget1,read> 0.010243138998673768
<14,planner7,proj72task2,setSchedule> 0.00108654483155406
<15,nonemployee1_area1,proj12task1a,read> 6.284787771841273E-4
<16,employee9_area2,proj91sched1,read> 0.001293654714924055
<17,employee1_area2,proj11task2a,read> 0.002148468913177905
<18,employee1_area1,proj11task1a,read> 0.0023560597363702237
<19,acc8,proj82task2a,setCost> 0.0018202081883652956
<20,manager7,proj72budget1,read> 0.001619392584094425
<21,acc1,proj11budget1,read> 0.004130067385360994
<22,planner3,proj32task1prop,setSchedule> 8.749408739053458E-4
<23,nonemployee7_area1,proj72task1,request> 4.323762053409198E-4
<24,acc8,proj82budget1,write> 0.006351546815347638
<25,aud6,proj61budget1,read> 0.005583742249064878
<26,nonemployee1_area2,proj12sched1,read> 5.103551658276697E-4
<27,manager2,proj21budget1,read> 0.001785436825129456
<28,aud8,proj82budget1,read> 0.012259892815668657
<29,planner6,proj61sched1,write> 0.014633343268305997
<30,acc5,proj51sched1,read> 1.6648625588154957E-4
<31,employee6_area1,proj61task1a,request> 8.100463020179507E-4
<32,employee6_area1,proj61task1,request> 0.0013433240611519948
<33,acc7,proj72budget1,read> 0.00627462855473927
<34,ldr102,proj102sched1,read> 0.001074799023131116
<35,aud4,proj42budget1,read> 0.004749223428239407
<36,acc6,proj62budget1,write> 5.869663920588338E-4
<37,aud5,proj51budget1,read> 0.0017588643202814643
<38,planner5,proj52task2propa,setSchedule> 0.001721356704500203
<39,employee10_area1,proj101task1a,read> 0.001756352913814637
<40,acc2,proj21task2propa,setCost> 0.0021076770256347388
<41,planner2,proj22task2,setSchedule> 0.00259266711834785
<42,employee7_area2,proj71task2a,read> 0.00152569644360095
<43,planner8,proj81task1,setSchedule> 0.0017089094128738083
<44,planner10,proj101sched1,write> 0.0215911914478448
<45,ldr52,proj52budget1,write> 6.592172440791195E-4
<46,employee2_area1,proj21task1,read> 0.0020216078545603772
<47,acc7,proj71budget1,write> 0.006063317794183196
<48,acc6,proj62task1,setCost> 0.001132336327756272
<49,nonemployee9_area2,proj92task2propa,setStatus> 3.336654004436817E-4
<50,planner9,proj91sched1,write> 0.01862555124017252
<51,acc8,proj82task1a,setCost> 0.0014814056301548813
<52,nonemployee2_area2,proj22task2propa,setStatus> 3.529269028144534E-4
<53,ldr31,proj31sched1,read> 0.0015231850712714929
<54,aud5,proj52budget1,read> 0.008226385181678873
<55,ldr12,proj12sched1,read> 0.0011932039750688118
<56,acc4,proj41budget1,read> 0.005845716320863615
<57,manager2,proj22budget1,read> 0.0015861837358874186
<58,acc9,proj92budget1,read> 0.0042158498321361254
<59,aud4,proj41budget1,read> 0.009478163412917082
<60,planner10,proj102sched1,write> 0.01018488295679758
<61,planner1,proj11task2,setSchedule> 0.0019454079537753125
<62,planner4,proj41sched1,write> 0.011667703060633718
<63,acc6,proj62sched1,read> 4.3410208899497617E-4
<64,ldr82,proj82budget1,write> 9.824403521305936E-4
<65,aud2,proj22budget1,read> 0.009964966058398606
<66,manager7,proj71budget1,read> 0.0018629241376124698
<67,acc10,proj101sched1,read> 0.0015617175020241295
<68,employee2_area1,proj21task1prop,read> 3.7599616091136536E-4
<69,ldr42,proj42sched1,read> 2.4131021878676204E-4
<70,acc1,proj12budget1,write> 0.0031810275825387944
<71,employee2_area2,proj21task2,request> 0.0013668510211137914
<72,employee4_area1,proj41task1propa,read> 5.467299967843619E-4
<73,planner3,proj32task1a,setSchedule> 8.873881655317409E-4
<74,aud2,proj21sched1,read> 8.156679907683523E-4
<75,planner2,proj21sched1,write> 0.016230226457052604
<76,aud7,proj72budget1,read> 0.010173595763604977
<77,planner8,proj82task2propa,setSchedule> 0.0022565902444351867
<78,employee9_area2,proj91task2prop,read> 7.715989513487964E-4
<79,acc8,proj82task1,setCost> 0.0018920753976826563
<80,planner3,proj32sched1,read> 2.5831640440506816E-4
<81,employee4_area1,proj41task1prop,request> 3.6611303155026186E-4
<82,acc4,proj42budget1,read> 0.0029291131305091613
<83,planner1,proj11task1a,setSchedule> 0.002542877951842271
<84,planner5,proj51task2propa,setSchedule> 0.0013105960808291696
<85,acc9,proj92budget1,write> 0.003541313858994345
<86,planner9,proj91task2prop,setSchedule> 0.002306379410940766
<87,ldr92,proj92budget1,read> 6.520964284802845E-4
<88,acc4,proj41budget1,write> 0.004910401709525436
<89,acc6,proj61task1,setCost> 0.0017586077232361298
<90,nonemployee8_area1,proj82task1a,read> 0.0010632252102533624
<91,ldr81,proj82sched1,read> 9.026694283773461E-5
<92,nonemployee10_area2,proj102task2a,setStatus> 5.648034288929428E-4
<93,planner1,proj11task1,setSchedule> 0.002082328161665657
<94,aud10,proj101budget1,read> 0.005514199013996089
<95,employee8_area2,proj81task2propa,setStatus> 2.3254251299712993E-4
<96,planner7,proj71sched1,write> 0.018967740494903938
<97,planner5,proj51sched1,write> 0.0037973502018111374
<98,employee4_area2,proj41task2propa,request> 5.445090688380465E-4
<99,acc9,proj91budget1,read> 0.006317519778126835
<100,planner1,proj11task2a,setSchedule> 0.0023188267025671615
<101,aud10,proj102budget1,read> 0.014137560162525967
<102,acc5,proj51task1a,setCost> 2.3912958338336086E-4
<103,planner5,proj51task2prop,setSchedule> 0.0014475162887195138
<104,acc7,proj72task1prop,setCost> 9.783351649333566E-4
<105,planner3,proj31task1,setSchedule> 0.0019827498286544972
<106,acc4,proj42task1prop,setCost> 0.001070735862627106
<107,aud4,proj41sched1,read> 6.772069299060821E-4
<108,acc8,proj81budget1,read> 0.003958502491810733
<109,planner2,proj22sched1,write> 0.009386441362424277
<110,planner4,proj42task2prop,setSchedule> 0.0016591202463682286
<111,acc10,proj101budget1,read> 0.0034009165877723815
<112,planner1,proj12task1propa,setSchedule> 0.0014101744138403291
<113,planner1,proj12task2prop,setSchedule> 0.002107222744918447
<114,acc7,proj71budget1,read> 0.00721823546926571
<115,nonemployee10_area1,proj102task1a,read> 9.084849544151601E-4
<116,planner10,proj101task1prop,setSchedule> 0.0017586985793793884
<117,planner1,proj12task1prop,setSchedule> 0.0015470946217306736
<118,acc10,proj102budget1,write> 0.007324319761777622
<119,employee3_area1,proj31task1,request> 0.0012492162213048107
<120,aud1,proj11budget1,read> 0.0066964340101655076
<121,planner2,proj21task2a,setSchedule> 0.0010118610817956904
<122,planner8,proj82task1prop,setSchedule> 0.00256777253509506
<123,acc2,proj22budget1,read> 0.006145954884576572
<124,planner1,proj11sched1,write> 0.003911413286721609
<125,acc5,proj51task2,setCost> 6.497993509111361E-4
<126,nonemployee2_area1,proj22task1a,request> 4.874932107537652E-4
<127,aud9,proj92budget1,read> 0.006835520480303087
<128,planner3,proj31sched1,write> 0.013720838589022217
<129,employee6_area2,proj61task2propa,request> 2.1037045931489429E-4
<130,planner10,proj101task1propa,setSchedule> 0.0022192483695560017
<131,acc5,proj51budget1,write> 9.112240408688291E-4
<132,planner10,proj102task1prop,setSchedule> 0.001509752746851489
<133,planner7,proj71task1a,setSchedule> 0.0018582769123905477
<134,acc4,proj41task1prop,setCost> 0.0013274044673319654
<135,acc6,proj61task2,setCost> 0.0017483409790479355
<136,planner3,proj32task1propa,setSchedule> 0.002368615869072741
<137,acc6,proj61budget1,write> 0.0028927985613743552
<138,acc7,proj72sched1,read> 4.095398094762921E-4
<139,acc2,proj21budget1,write> 0.005811117400664312
<140,ldr82,proj82budget1,read> 0.0011695718477745163
<141,planner7,proj72task1propa,setSchedule> 0.0019205133705225226
<142,employee10_area2,proj101task2a,setStatus> 6.466648139687227E-4
<143,employee7_area1,proj71task1a,read> 0.0017217544432825839
<144,employee2_area2,proj21sched1,read> 0.001154544547319455
<145,employee8_area2,proj81task2a,setStatus> 3.721884051852252E-4
<146,employee5_area2,proj51sched1,read> 1.7716986588464366E-4
<147,acc6,proj61budget1,read> 0.003443807811159947
<148,employee3_area2,proj31sched1,read> 4.795860035378608E-4
<149,ldr21,proj21budget1,read> 0.001070057344064087
<150,acc8,proj82task2prop,setCost> 0.0020255430721291836
<151,acc1,proj11task2,setCost> 0.0016046065604132138
<152,ldr91,proj91budget1,read> 9.771771406010198E-4
<153,acc10,proj102budget1,read> 0.008719428287830504
<154,employee3_area1,proj31task1a,setStatus> 9.692949786791497E-4
<155,nonemployee2_area1,proj22task1,read> 0.0014242858072091682
<156,aud1,proj12budget1,read> 0.006140088129615192
<157,employee3_area2,proj31task2propa,read> 6.883141533619688E-4
<158,planner4,proj41task1a,setSchedule> 0.001385279830587539
<159,manager10,proj102budget1,read> 0.0022503607000275414
<160,employee2_area2,proj21task2propa,read> 8.548837493356238E-4
<161,ldr72,proj71sched1,read> 0.001117117797891489
<162,nonemployee10_area1,proj102task1a,setStatus> 5.936956824491004E-4
<163,nonemployee8_area2,proj82task2a,read> 0.0013063884694276802
<164,manager1,proj11budget1,read> 0.001065911780644322
<165,acc7,proj72budget1,write> 0.0052706879859809866
<166,planner7,proj72sched1,write> 0.008245810513319553
<167,acc9,proj91sched1,read> 9.437694539481538E-4
<168,employee8_area1,proj81task1propa,read> 6.550002341672378E-4
<169,acc5,proj52budget1,write> 0.004261886411905445
<170,acc7,proj72task2a,setCost> 0.0020460765605055725
<171,ldr82,proj82sched1,read> 1.7974200001035753E-4
<172,employee1_area1,proj11task1a,request> 0.0016021206207317517
<173,nonemployee2_area2,proj22sched1,read> 6.411132763973447E-4
<174,nonemployee6_area2,proj62task2propa,setStatus> 9.018797203814486E-4
<175,nonemployee6_area1,proj62task1propa,setStatus> 3.2403464925829584E-4
<176,acc5,proj51budget1,read> 0.0010847905248438444
<177,planner8,proj82task2,setSchedule> 0.0022814848276879766
<178,ldr21,proj21sched1,write> 7.929647370659363E-4
<179,employee7_area1,proj71task1a,request> 0.0011707930214321573
<180,manager7,proj72budget1,approve> 3.23878516818885E-4
<181,planner7,proj71task1prop,setSchedule> 0.0024432996188311113
<182,planner8,proj82task1,setSchedule> 0.002293932119314371
<183,acc5,proj51task1propa,setCost> 0.002035809816317378
<184,ldr21,proj21budget1,write> 8.988481690138329E-4
<185,employee9_area2,proj91task2propa,setStatus> 9.211412227522204E-4
<186,acc1,proj12budget1,read> 0.0037869375982604704
<187,planner1,proj12sched1,write> 0.012238018485186079
<188,planner5,proj51task1propa,setSchedule> 0.0024681942020839003
<189,acc8,proj82task2propa,setCost> 0.0018612751651180736
<190,ldr102,proj102sched1,write> 4.976056900533826E-4
<191,acc2,proj21task1a,setCost> 0.0012863374905791878
<192,planner8,proj81task2a,setSchedule> 9.620719152901105E-4
<193,ldr71,proj71sched1,read> 0.002238008584661026
<194,acc10,proj101task1a,setCost> 0.0015635395836604365
<195,employee8_area1,proj81task1prop,read> 4.759379184955584E-4
<196,acc8,proj81budget1,write> 0.003325142093121015
<197,nonemployee3_area2,proj32task2a,read> 4.0005268523249534E-4
<198,acc7,proj71task1a,setCost> 0.0015327393510958533
<199,planner3,proj31task1a,setSchedule> 0.0025055360769630853
<200,employee7_area1,proj71task1prop,read> 8.174055902415516E-4
<201,acc9,proj91budget1,write> 0.0053067166136265415
<202,planner2,proj21task2,setSchedule> 0.002169459203050422
<203,acc10,proj102task1propa,setCost> 6.087323741583587E-4
<204,employee2_area2,proj21task2,read> 0.002010075031049693
<205,nonemployee9_area1,proj92task1a,setStatus> 2.903270201094452E-4
<206,planner3,proj31task2a,setSchedule> 0.0022316956611823967
<207,planner8,proj81task2prop,setSchedule> 6.633369162566315E-4
<208,planner6,proj61task1,setSchedule> 0.002132117328171237
<209,ldr61,proj61sched1,read> 0.0015984459867083372
<210,employee9_area2,proj91task2,request> 0.0011786353414194224
<211,acc7,proj71task1prop,setCost> 0.0020152763279409893
<212,ldr32,proj32budget1,read> 6.16437064650714E-5
<213,nonemployee1_area1,proj12sched1,read> 4.741597639959201E-4
<214,manager1,proj11budget1,approve> 2.1318235612886443E-4
<215,acc6,proj62budget1,read> 6.987695143557546E-4
<216,acc6,proj62task2prop,setCost> 0.0016867405139187688
<217,planner6,proj62sched1,write> 0.011553639975723246
<218,employee4_area2,proj41task2,request> 2.924531828584373E-4
<219,planner3,proj31sched1,read> 5.716665162171301E-4
<220,acc6,proj61task1propa,setCost> 4.341977229590541E-4
<221,acc10,proj102task2,setCost> 1.1592865312502824E-4
<222,employee9_area1,proj91task1propa,request> 5.530041182327029E-4
<223,acc3,proj31task1a,setCost> 0.002066610048881961
<224,nonemployee9_area1,proj92task1propa,setStatus> 4.492344146683122E-4
<225,acc10,proj102task1,setCost> 1.0566190893683386E-4
<226,acc4,proj41task2propa,setCost> 0.0019742093511882115
<227,employee2_area1,proj21task1,request> 0.0013746933411010564
<228,acc3,proj32sched1,read> 3.1726108728944607E-4
<229,acc5,proj52budget1,read> 0.0050736742998874354
<230,planner6,proj61task2prop,setSchedule> 0.0014350689970931189
<231,ldr11,proj12sched1,read> 4.6692068362957017E-4
<232,aud7,proj71budget1,read> 0.011703546935118339
<233,nonemployee2_area2,proj22task2a,request> 2.7704646281381004E-4
<234,planner4,proj42task1prop,setSchedule> 0.0012981487892027746
<235,acc1,proj11task1,setCost> 0.001717540746483352
<236,nonemployee5_area1,proj52task1a,read> 1.789951768922063E-4
<237,planner4,proj42task1,setSchedule> 7.629152492677912E-4
<238,nonemployee9_area2,proj92task2a,request> 3.7725919992807444E-4
<239,acc9,proj91task2,setCost> 0.0015430060952840478
<240,acc9,proj91task1,setCost> 0.0015224726069076589
<241,nonemployee3_area2,proj32task2,request> 1.9687627312239855E-4
<242,ldr62,proj62budget1,write> 9.079039888514822E-5
<243,acc4,proj41task1,setCost> 3.9313074620627656E-4
<244,acc2,proj22task1,setCost> 0.001984476095376406
<245,acc2,proj22task1a,setCost> 9.988686533097453E-4
<246,aud8,proj81sched1,read> 5.974480997243954E-5
<247,employee7_area2,proj71task2a,request> 0.001037473581648646
<248,employee9_area1,proj91task1,request> 0.001162950701444892
<249,ldr91,proj91sched1,read> 0.001594342575720982
<250,nonemployee3_area2,proj32task2propa,setStatus> 1.554965035140429E-4
<251,planner3,proj32task2a,setSchedule> 6.757842078830266E-4
<252,nonemployee3_area1,proj32task1a,read> 5.253186066253258E-4
<253,acc2,proj21budget1,read> 0.006917996905552753
<254,manager5,proj52budget1,approve> 2.618886668324735E-4
<255,acc7,proj72task2propa,setCost> 5.881988857819699E-4
<256,acc4,proj42task2prop,setCost> 0.0013684714440847432
<257,planner10,proj101sched1,read> 7.712972152853863E-4
<258,acc1,proj12task2prop,setCost> 0.0017380742348597409
<259,nonemployee6_area1,proj62task1a,setStatus> 9.981872322353074E-4
<260,employee3_area2,proj31task2,read> 0.0018486155019001118
<261,ldr32,proj32sched1,read> 7.677622790433682E-4
<262,manager5,proj52budget1,read> 0.0013094433341623675
<263,planner10,proj101task2propa,setSchedule> 0.0019080660788961276
<264,employee3_area1,proj31task1a,read> 0.0023214612658381695
<265,acc8,proj82task1prop,setCost> 0.002117943769822933
<266,nonemployee9_area1,proj92task1a,request> 3.020996470923762E-4
<267,ldr51,proj51budget1,write> 1.4094570875520452E-4
<268,employee10_area1,proj101task1propa,setStatus> 8.585413400472123E-4
<269,planner2,proj22task1,setSchedule> 0.0024059577439519263
<270,planner4,proj41task2a,setSchedule> 0.0018831714956433377
<271,acc6,proj62task1a,setCost> 0.0021282105140111277
<272,employee9_area2,proj91task2propa,read> 7.965843907448446E-4
<273,planner5,proj52task2,setSchedule> 6.259950413774467E-4
<274,planner5,proj52task1,setSchedule> 6.384423330038415E-4
<275,planner3,proj32sched1,write> 0.007447368918946247
<276,planner4,proj42task1propa,setSchedule> 0.002418405035578321
<277,employee2_area2,proj21task2a,request> 6.375152622981131E-4
<278,acc2,proj21task2a,setCost> 8.346007462986352E-4
<279,planner2,proj22task2prop,setSchedule> 8.251517073997659E-4
<280,employee4_area2,proj41task2prop,request> 3.462912496293968E-4
<281,employee10_area2,proj101task2propa,setStatus> 7.381569502298887E-4
<282,employee5_area1,proj51task1,request> 5.041958225146019E-4
<283,acc2,proj22task1prop,setCost> 0.0015943398162250194
<284,acc1,proj11task2a,setCost> 0.0019126088860590457
<285,employee4_area1,proj41task1,read> 4.416110335966215E-4
<286,acc8,proj82sched1,read> 6.179564903945272E-5
<287,planner7,proj72sched1,read> 3.2638451821207035E-4
<288,employee3_area1,proj31task1,read> 0.0018370826783894274
<289,planner1,proj11sched1,read> 2.2517911234807745E-4
<290,planner2,proj21task1prop,setSchedule> 0.0011238867064332452
<291,nonemployee10_area1,proj102task1a,request> 6.177697690023089E-4
<292,planner10,proj102task1,setSchedule> 1.2810337632164812E-4
<293,acc6,proj62task2propa,setCost> 0.0019228756302472397
<294,employee8_area2,proj81task2propa,read> 2.0109808513902745E-4
<295,planner9,proj92task1prop,setSchedule> 0.0011736758729388248
<296,employee10_area1,proj101sched1,read> 6.565587865652462E-4
<297,planner10,proj102task2,setSchedule> 1.405506679480431E-4
<298,employee5_area1,proj51sched1,read> 1.78950467551826E-4
<299,nonemployee6_area1,proj62task1,read> 8.126933674677015E-4
<300,acc10,proj101task1prop,setCost> 0.0014506053975902984
<301,acc7,proj71task1,setCost> 3.109967927007216E-4
<302,planner9,proj91task1propa,setSchedule> 0.0024308523272047163
<303,employee4_area2,proj41task2,read> 4.3007821008593717E-4
<304,planner9,proj91task1a,setSchedule> 0.0015719892049834638
<305,employee3_area2,proj31task2a,read> 0.0020677391486031145
<306,manager3,proj31budget1,approve> 5.820773116283578E-5
<307,nonemployee6_area1,proj62sched1,read> 6.734448623868007E-4
<308,planner6,proj61task2a,setSchedule> 1.9033983445362296E-4
<309,ldr101,proj101sched1,read> 0.0025880583955740707
<310,nonemployee10_area2,proj102sched1,read> 6.590689548884172E-4
<311,acc8,proj81task1propa,setCost> 0.0016148733046014083
<312,employee1_area2,proj11task2prop,request> 3.6894471468181396E-4
<313,acc4,proj42task2propa,setCost> 4.5473121133544295E-4
<314,acc5,proj51task2a,setCost> 1.467288856896114E-4
<315,employee5_area2,proj51task2propa,setStatus> 5.070189217806276E-4
<316,manager4,proj42budget1,read> 7.55962530712265E-4
<317,planner8,proj82task2prop,setSchedule> 0.0024557469104575062
<318,manager10,proj101budget1,read> 8.777283074712876E-4
<319,nonemployee1_area2,proj12task2a,read> 7.316389477429289E-4
<320,ldr11,proj11budget1,read> 6.388278279855604E-4
<321,planner2,proj22task1a,setSchedule> 0.0012110177478180096
<322,aud6,proj62budget1,read> 0.0011329752046623598
<323,acc8,proj81task2a,setCost> 7.935337695458576E-4
<324,acc1,proj11task2propa,setCost> 0.001440338653402104
<325,planner1,proj11task2propa,setSchedule> 0.0017462512877529932
<326,employee4_area1,proj41task1a,request> 8.727848619160735E-4
<327,acc7,proj72task2,setCost> 8.962012114278014E-4
<328,ldr11,proj11budget1,write> 5.366153755078708E-4
<329,employee4_area1,proj41task1,request> 3.002955028457026E-4
<330,acc8,proj82task2,setCost> 0.0018818086534944625
<331,ldr22,proj21sched1,read> 4.610297339125469E-4
<332,acc7,proj72task1,setCost> 8.859344672396069E-4
<333,planner7,proj71task2a,setSchedule> 0.0016466729547418334
<334,planner7,proj72task1,setSchedule> 0.0010740975399276653
<335,employee2_area1,proj21task1propa,setStatus> 1.4105037673596405E-4
<336,acc9,proj91task2prop,setCost> 0.0019023421418708508
<337,planner3,proj32task2,setSchedule> 4.89074833487102E-4
<338,planner4,proj41task2prop,setSchedule> 0.0015222000384778837
<339,acc1,proj12task1a,setCost> 8.756677230514126E-4
<340,acc6,proj62task1prop,setCost> 0.001768874467424324
<341,employee5_area2,proj51task2prop,read> 4.842663982942412E-4
<342,ldr11,proj11sched1,read> 3.764658562024635E-4
<343,planner5,proj52sched1,write> 0.0031129716923483037
<344,employee10_area2,proj101task2a,read> 0.0015487620906223189
<345,employee1_area2,proj11task2,request> 0.0012256892613430148
<346,employee7_area2,proj71task2prop,request> 3.0098431952456264E-4
<347,aud8,proj81budget1,read> 0.00641826106989035
<348,nonemployee6_area2,proj62task2a,request> 8.131846063751245E-4
<349,acc4,proj41task2,setCost> 3.828640020180823E-4
<350,acc1,proj12task2propa,setCost> 4.2393097877085976E-4
<351,ldr21,proj21sched1,read> 0.0013971545231244058
<352,nonemployee8_area1,proj82task1a,setStatus> 6.948185698956522E-4
<353,employee6_area1,proj61task1prop,request> 3.179744183138755E-4
<354,employee8_area1,proj81task1prop,request> 3.2363778457697976E-4
<355,planner9,proj91task2a,setSchedule> 0.001484858163598699
<356,acc2,proj22budget1,write> 0.00516260210304432
<357,ldr22,proj22sched1,write> 4.5859600459889437E-4
<358,acc9,proj91task1prop,setCost> 0.0013068709789555767
<359,ldr12,proj12sched1,write> 5.979163097934952E-4
<360,planner6,proj61task1propa,setSchedule> 5.264167083662869E-4
<361,employee2_area2,proj21task2prop,request> 5.33182336311838E-4
<362,planner6,proj61task2propa,setSchedule> 9.247300404109258E-4
<363,acc4,proj42task1propa,setCost> 0.0019947428395646004
<364,employee1_area1,proj11task1prop,request> 1.395783810260908E-4
<365,planner9,proj91task1prop,setSchedule> 0.0015844364966098585
<366,nonemployee4_area1,proj42task1,request> 3.0711028394808936E-4
<367,planner4,proj42task1a,setSchedule> 0.002157011911424027
<368,employee4_area2,proj41task2a,request> 0.001186477661406688
<369,employee3_area1,proj31task1prop,read> 8.449936795746882E-5
<370,planner1,proj11task1prop,setSchedule> 6.135477497510516E-4
<371,nonemployee9_area1,proj92task1,request> 4.223549316294934E-4
<372,nonemployee9_area2,proj92sched1,read> 7.777246033585767E-4
<373,acc3,proj31budget1,write> 9.47252668514384E-4
<374,acc6,proj61task1prop,setCost> 0.0011528698161326612
<375,nonemployee2_area2,proj22task2,read> 0.0015348145613793126
<376,employee3_area2,proj31task2a,setStatus> 8.633567156399051E-4
<377,acc6,proj61sched1,read> 5.78469882423979E-4
<378,employee5_area2,proj51task2,request> 4.963535025273364E-4
<379,nonemployee8_area2,proj82sched1,read> 7.409007136143807E-5
<380,nonemployee4_area2,proj42task2,request> 3.121209208038026E-4
<381,acc10,proj101budget1,write> 0.0028567699337288003
<382,acc10,proj101task1propa,setCost> 0.0018304749325534905
<383,acc1,proj12task1propa,setCost> 0.0011631365603208554
<384,ldr31,proj31budget1,write> 1.4651852096298854E-4
<385,nonemployee9_area2,proj92task2,request> 4.1734429477378025E-4
<386,nonemployee8_area2,proj82task2a,setStatus> 8.537259644545191E-4
<387,ldr102,proj101sched1,read> 0.0013577380731883248
<388,nonemployee5_area2,proj52task2,request> 2.51993278535244E-4
<389,nonemployee8_area1,proj82sched1,read> 7.279592164333436E-5
<390,planner7,proj72task1prop,setSchedule> 0.0011861231645652198
<391,acc4,proj41task1propa,setCost> 0.0013479379557083543
<392,acc8,proj81task2prop,setCost> 5.471319090291925E-4
<393,nonemployee1_area2,proj12task2a,request> 4.975144844651916E-4
<394,acc8,proj81task1a,setCost> 9.37268188180579E-4
<395,nonemployee4_area1,proj42sched1,read> 1.6815709639077361E-4
<396,acc1,proj12task2,setCost> 5.779321415937756E-4
<397,acc5,proj51task2prop,setCost> 0.0011939367928854386
<398,planner1,proj12task2propa,setSchedule> 5.139694167398919E-4
<399,acc1,proj12task1,setCost> 5.984656299701643E-4
<400,planner2,proj22task1prop,setSchedule> 0.0019329606621489174
<401,nonemployee10_area1,proj102task1propa,setStatus> 2.855116445167522E-4
<402,employee4_area2,proj41task2propa,read> 8.007486306441861E-4
<403,acc4,proj41sched1,read> 5.701137409907015E-4
<404,employee3_area1,proj31task1propa,setStatus> 4.8294204381716283E-4
<405,aud10,proj101sched1,read> 7.585485009831487E-4
<406,nonemployee9_area2,proj92task2a,setStatus> 3.6255765399983926E-4
<407,planner8,proj81task1prop,setSchedule> 0.001422621705466724
<408,nonemployee5_area2,proj52task2a,setStatus> 2.0846563503366524E-4
<409,acc9,proj91task1propa,setCost> 0.0020050095837527947
<410,planner7,proj72task1a,setSchedule> 0.0022441429528087913
<411,employee8_area1,proj81task1propa,request> 4.454001592337217E-4
<412,employee6_area2,proj61task2prop,request> 3.2646946770853186E-4
<413,acc5,proj52task1a,setCost> 2.493963275715552E-4
<414,aud10,proj102sched1,read> 2.695161705557445E-4
<415,employee10_area2,proj101task2a,request> 0.0010531582216231768
<416,employee9_area2,proj91task2,read> 0.0017332872667932683
<417,aud9,proj92sched1,read> 5.974794163140996E-4
<418,acc7,proj71task2propa,setCost> 5.36865164840998E-4
<419,nonemployee5_area2,proj52task2a,read> 3.189982655077227E-4
<420,acc3,proj32task2propa,setCost> 3.3153028107711034E-4
<421,acc10,proj102sched1,read> 5.54886233497121E-4
<422,acc2,proj21sched1,read> 6.816935381783812E-4
<423,manager5,proj51budget1,read> 2.7996903974517685E-4
<424,planner8,proj82task1propa,setSchedule> 0.0019703025370281023
<425,acc10,proj101task2prop,setCost> 4.855314439000261E-4
<426,employee7_area2,proj71sched1,read> 7.197241148470859E-4
<427,aud1,proj11sched1,read> 2.3441722977774216E-4
<428,employee1_area2,proj11task2,read> 0.0018024842078573746
<429,planner6,proj62task1,setSchedule> 0.0013728325389611442
<430,acc3,proj31task2,setCost> 0.0016456735371659912
<431,employee9_area1,proj91task1propa,read> 8.132413503422101E-4
<432,planner2,proj21task1propa,setSchedule> 3.646019172231525E-4
<433,acc5,proj52task2a,setCost> 4.444644671472486E-4
<434,acc3,proj31task2prop,setCost> 0.0013890049324611319
<435,acc9,proj92task1a,setCost> 6.189991183465531E-4
<436,nonemployee7_area1,proj72task1propa,setStatus> 7.429723258225816E-4
<437,planner6,proj62task2,setSchedule> 0.0013479379557083543
<438,aud3,proj31budget1,read> 0.0018284075553502534
<439,planner9,proj91task2propa,setSchedule> 0.002381063160699136
<440,nonemployee1_area2,proj12task2,read> 4.147898524551813E-4
<441,nonemployee2_area2,proj22task2,request> 0.0010436739017379325
<442,planner4,proj41task1propa,setSchedule> 0.0016342256631154382
<443,ldr92,proj91sched1,read> 5.20224138029958E-4
<444,manager6,proj62budget1,read> 1.8034249512415836E-4
<445,nonemployee5_area1,proj52task1a,setStatus> 1.1697349877249933E-4
<446,manager6,proj61budget1,read> 8.887979235402897E-4
<447,acc5,proj51task1,setCost> 6.600660950993307E-4
<448,ldr81,proj81budget1,read> 6.122906269961127E-4
<449,employee6_area1,proj61task1prop,read> 4.676094386968757E-4
<450,employee2_area2,proj21task2prop,read> 7.840916710468205E-4
<451,acc1,proj11task1prop,setCost> 5.060649322764148E-4
<452,nonemployee5_area1,proj52task1propa,setStatus> 8.778028424179839E-4
<453,manager4,proj42budget1,approve> 1.51192506142453E-4
<454,ldr51,proj51sched1,read> 4.229652016269547E-4
<455,nonemployee1_area1,proj12task1a,request> 4.273655684852066E-4
<456,acc2,proj21task1,setCost> 0.0017996746999889071
<457,acc1,proj11budget1,write> 0.0034692566037032345
<458,employee1_area1,proj11task1,read> 0.0019293452664749023
<459,acc4,proj42budget1,write> 0.002460455029627695
<460,employee5_area1,proj51task1a,setStatus> 1.121581231798064E-4
<461,planner5,proj52task2prop,setSchedule> 5.637585832454718E-4
<462,acc4,proj42task1,setCost> 6.292658625347475E-4
<463,acc4,proj42task2,setCost> 6.395326067229419E-4
<464,planner9,proj92task2a,setSchedule> 9.371773320373206E-4
<465,employee10_area1,proj101task1a,setStatus> 7.333415746371958E-4
<466,ldr31,proj31sched1,write> 6.703628684946876E-4
<467,acc3,proj32task1propa,setCost> 0.001953675862811823
<468,manager5,proj51budget1,approve> 5.599380794903538E-5
<469,employee10_area1,proj101task1a,request> 0.0011943199813939532
<470,aud1,proj12sched1,read> 7.347666571845174E-4
<471,planner7,proj72task2a,setSchedule> 0.0024806414937102957
<472,planner1,proj12task2a,setSchedule> 0.0012359123310707997
<473,employee8_area1,proj81task1a,read> 0.0010528506796628919
<474,planner6,proj61task2,setSchedule> 0.0021196700365448424
<475,ldr12,proj11sched1,read> 1.535837022681759E-4
<476,employee1_area1,proj11task1propa,setStatus> 9.289662080903465E-5
<477,planner6,proj62task1prop,setSchedule> 0.002144564619797632
<478,nonemployee10_area2,proj102task2a,request> 5.877059478680296E-4
<479,employee1_area1,proj11task1,request> 0.0013119547812029334
<480,employee8_area2,proj81task2a,read> 8.91391150513311E-4
<481,acc3,proj31sched1,read> 7.021139091794283E-4
<482,employee8_area2,proj81task2,request> 0.0010923698215595035
<483,manager1,proj12budget1,read> 9.773548520923057E-4
<484,planner6,proj62task1a,setSchedule> 0.002580219826721455
<485,employee7_area1,proj71sched1,read> 7.108931441127657E-4
<486,nonemployee4_area2,proj42task2propa,setStatus> 2.1328101062635814E-4
<487,nonemployee10_area1,proj102sched1,read> 6.27361170117153E-4
<488,employee4_area2,proj41sched1,read> 5.260165455549567E-4
<489,acc4,proj42task2a,setCost> 2.904633043243328E-4
<490,manager10,proj102budget1,approve> 4.5007214000550836E-4
<491,planner4,proj41task2,setSchedule> 4.6418025023431213E-4
<492,planner9,proj92sched1,read> 5.106946966260183E-4
<493,employee6_area2,proj61task2,request> 0.00133548174116473
<494,planner4,proj41task1,setSchedule> 4.76627541860707E-4
<495,employee4_area2,proj41task2a,setStatus> 7.285261990445027E-4
<496,planner1,proj12sched1,read> 7.058103357191177E-4
<497,employee8_area1,proj81task1,request> 0.0010766851815849727
<498,nonemployee7_area2,proj72task2a,request> 9.985781700365135E-4
<499,employee4_area1,proj41task1a,read> 0.0012835071498765787
<500,nonemployee8_area2,proj82task2,request> 9.184079803451021E-4
<501,planner4,proj42task2a,setSchedule> 3.521546255967574E-4
<502,acc9,proj92task2a,setCost> 7.730002811694688E-4
<503,employee9_area2,proj91task2prop,request> 5.246872869171816E-4
<504,employee4_area2,proj41task2a,read> 0.0017448200903039525
<505,ldr61,proj61budget1,read> 5.326790240277695E-4
<506,employee4_area1,proj41sched1,read> 5.386157442508839E-4
<507,planner10,proj102task2prop,setSchedule> 4.392856669815222E-4
<508,planner2,proj22task2propa,setSchedule> 9.122827487845306E-4
<509,planner4,proj42task2propa,setSchedule> 5.513112916190768E-4
<510,acc1,proj12task1prop,setCost> 0.0012760707463909935
<511,nonemployee6_area2,proj62task2a,read> 0.001195859715257536
<512,acc4,proj42task1a,setCost> 0.0017791412116125184
<513,ldr72,proj72budget1,write> 8.152559858970725E-4
<514,employee2_area1,proj21sched1,read> 0.001162425397471806
<515,ldr92,proj92sched1,write> 6.090619342090632E-4
<516,ldr62,proj62sched1,write> 5.644794365467909E-4
<517,employee7_area1,proj71task1propa,setStatus> 1.7475800588481465E-4
<518,nonemployee5_area1,proj52task1,read> 3.7794693439846636E-4
<519,employee5_area1,proj51task1,read> 7.414644448744146E-4
<520,acc10,proj101task2propa,setCost> 0.001573806327848631
<521,manager9,proj92budget1,approve> 2.1761020255646528E-4
<522,planner4,proj42sched1,read> 8.322926993078696E-5
<523,nonemployee3_area2,proj32sched1,read> 4.2128111590893655E-4
<524,acc2,proj22task1propa,setCost> 0.0014916723743430757
<525,employee8_area1,proj81task1a,setStatus> 4.3960366348292637E-4
<526,nonemployee8_area1,proj82task1,request> 9.234186172008152E-4
<527,manager8,proj82budget1,approve> 3.902962132328973E-4
<528,employee1_area1,proj11task1a,setStatus> 9.837411054572287E-4
<529,nonemployee5_area2,proj52task2,read> 3.705783507871235E-4
<530,ldr101,proj101budget1,read> 5.260447237804076E-4
<531,nonemployee3_area1,proj32sched1,read> 4.1781378162162024E-4
<532,planner2,proj21task2prop,setSchedule> 0.0023437212858199515
<533,manager8,proj81budget1,read> 0.0010216333163683142
<534,manager3,proj32budget1,approve> 2.0571036528228806E-5
<535,acc8,proj81task1,setCost> 0.0014095384208375205
<536,ldr42,proj42sched1,write> 1.2422727213185243E-4
<537,employee4_area1,proj41task1a,setStatus> 5.35911175336785E-4
<538,employee3_area1,proj31sched1,read> 4.7191262748125506E-4
<539,ldr91,proj91budget1,write> 8.208287981048566E-4
<540,employee10_area2,proj101task2,read> 2.1095456338293453E-4
<541,planner3,proj31task2propa,setSchedule> 0.002057433578412867
<542,employee5_area1,proj51task1propa,setStatus> 9.548488519010708E-4
<543,employee7_area1,proj71task1propa,request> 1.0276650031591302E-4
<544,employee1_area1,proj11task1prop,read> 2.052623250383688E-4
<545,acc7,proj71task1propa,setCost> 3.725972578298879E-4
<546,acc1,proj11task1a,setCost> 0.0020974102814465445
<547,employee10_area1,proj101task1,read> 1.994217398722502E-4
<548,acc6,proj61task2prop,setCost> 0.001183670048697244
<549,employee7_area2,proj71task2prop,read> 4.4262399930082737E-4
<550,employee9_area1,proj91task1prop,request> 3.6044966528715755E-4
<551,employee7_area2,proj71task2,read> 3.60881269021831E-4
<552,employee10_area2,proj101sched1,read> 6.438100722630085E-4
<553,acc1,proj11sched1,read> 2.0439334813133182E-4
<554,acc2,proj22task2,setCost> 0.002138477258199322
<555,planner6,proj62task2a,setSchedule> 0.0020200917035336826
<556,employee8_area2,proj81task2,read> 0.0016064262081757405
<557,employee2_area1,proj21task1propa,read> 1.2197752705154126E-4
<558,ldr41,proj41sched1,write> 5.70052248754575E-4
<559,acc10,proj102task2prop,setCost> 3.623305136416935E-4
<560,acc5,proj52task1,setCost> 5.265984206528037E-4
<561,planner10,proj102task2a,setSchedule> 0.0014599635803459088
<562,acc5,proj52task2,setCost> 5.163316764646093E-4
<563,planner8,proj81sched1,read> 5.291683168987502E-5
<564,employee1_area1,proj11task1propa,request> 5.462788707952666E-5
<565,nonemployee6_area1,proj62task1a,request> 0.001038663264882219
<566,nonemployee3_area1,proj32task1propa,setStatus> 9.163258471595274E-4
<567,acc3,proj31task1,setCost> 0.0016354067929777968
<568,planner3,proj32task2prop,setSchedule> 0.0025179833685894807
<569,ldr41,proj41budget1,write> 7.595278638192321E-4
<570,employee8_area1,proj81task1,read> 0.001583360561154372
<571,ldr101,proj102sched1,read> 4.733519297995848E-4
<572,manager2,proj21budget1,approve> 3.5708736502589115E-4
<573,nonemployee9_area1,proj92task1a,read> 4.4426418690055324E-4
<574,acc10,proj101task2,setCost> 1.8779586244238892E-4
<575,acc10,proj101task1,setCost> 1.7752911825419455E-4

