<0,carNurse1,carPat1nursingItem,read> null
<1,carDoc2,carPat2HR,addItem> null
<2,oncNurse1,oncPat1HR,addItem> null
<3,oncPat1,oncPat1HR,addNote> null
<4,oncNurse2,oncPat1nursingItem,read> null
<5,carAgent1,carPat2HR,addNote> null
<6,oncDoc3,oncPat2HR,addItem> null
<7,carAgent2,carPat2noteItem,read> null
<8,oncDoc4,oncPat2oncItem,read> null
<9,oncNurse1,oncPat1nursingItem,read> null
<10,oncDoc1,oncPat2HR,addItem> null
<11,oncNurse2,oncPat1HR,addItem> null
<12,oncDoc1,oncPat1HR,addItem> null
<13,carPat1,carPat1noteItem,read> null
<14,carNurse1,carPat2HR,addItem> null
<15,oncAgent1,oncPat2HR,addNote> null
<16,doc1,oncPat2oncItem,read> null
<17,oncDoc2,oncPat1HR,addItem> null
<18,anesDoc1,oncPat1HR,addItem> null
<19,carAgent1,carPat2noteItem,read> null
<20,carNurse2,carPat2HR,addItem> null
<21,oncNurse1,oncPat2HR,addItem> null
<22,anesDoc1,carPat1HR,addItem> null
<23,carDoc1,carPat1HR,addItem> null
<24,carNurse2,carPat1nursingItem,read> null
<25,carDoc2,carPat2carItem,read> null
<26,carNurse2,carPat1HR,addItem> null
<27,oncDoc2,oncPat1oncItem,read> null
<28,carNurse2,carPat2nursingItem,read> null
<29,oncNurse1,oncPat2nursingItem,read> null
<30,carDoc1,carPat1carItem,read> null
<0,oncNurse2,oncPat2nursingItem,read> null
<1,oncPat2,oncPat2noteItem,read> null
<2,oncAgent2,oncPat2noteItem,read> null
<3,oncDoc4,oncPat2HR,addItem> null
<4,oncDoc1,oncPat2oncItem,read> null
<0,carPat2,carPat2noteItem,read> null
<1,oncDoc3,oncPat2oncItem,read> null
<2,carAgent2,carPat2HR,addNote> null
<3,carPat2,carPat2HR,addNote> null
<4,oncDoc1,oncPat1oncItem,read> null
<0,oncPat2,oncPat2HR,addNote> null
<1,oncPat1,oncPat1noteItem,read> null
<2,carNurse1,carPat1HR,addItem> null
<3,oncAgent2,oncPat2HR,addNote> null
<4,doc2,carPat2carItem,read> null
<0,carPat1,carPat1HR,addNote> 0.01
<1,carNurse1,carPat2nursingItem,read> 0.045
<2,carDoc2,carPat1carItem,read> 0.003684210526315789
<3,oncAgent1,oncPat2noteItem,read> 0.010157894736842105
<4,oncNurse2,oncPat2HR,addItem> 0.019230769230769232

