<0,acc2,proj21task2a,setCost> null
<1,plan1,proj11sched,read> null
<2,acc1,proj11task2a,setCost> null
<3,acc2,proj22budget,read> null
<4,code12,proj12task2a,read> null
<5,ldr2,proj22sched,read> null
<6,ldr11,proj11sched,read> null
<7,acc1,proj12task1propa,setCost> null
<8,code11,proj11task2,read> null
<9,code21,proj21task2propa,request> null
<10,des21,proj21task1propa,setStatus> null
<11,acc1,proj11task1,setCost> null
<12,des21,proj21task1propa,read> null
<13,code12,proj12task2propa,setStatus> null
<14,des12,proj12sched,read> null
<15,mgr1,proj11budget,read> null
<16,plan2,proj21sched,write> null
<17,acc2,proj22task2prop,setCost> null
<18,ldr12,proj12budget,read> null
<19,plan1,proj11task1,setSchedule> null
<20,code21,proj21task2a,read> null
<21,ldr12,proj12sched,write> null
<22,acc1,proj12budget,write> null
<23,ldr2,proj21budget,read> null
<24,plan1,proj12task1prop,setSchedule> null
<25,acc1,proj12task2a,setCost> null
<26,plan2,proj22task2propa,setSchedule> null
<27,acc1,proj12budget,read> null
<28,ldr12,proj12budget,write> null
<29,des22,proj22task1propa,setStatus> null
<30,acc1,proj11task2,setCost> null
<31,code22,proj22task2,request> null
<32,plan1,proj11sched,write> null
<33,code21,proj21task2prop,read> null
<34,acc2,proj21task2,setCost> null
<35,code21,proj21task2propa,read> null
<36,mgr2,proj21budget,approve> null
<37,ldr12,proj12sched,read> null
<38,code21,proj21task2,read> null
<39,plan1,proj11task2a,setSchedule> null
<40,aud1,proj12sched,read> null
<41,acc2,proj22task1a,setCost> null
<42,acc1,proj12task1a,setCost> null
<43,des12,proj12task1a,read> null
<44,des11,proj11task1,read> null
<45,ldr2,proj22budget,read> null
<46,code22,proj22task2propa,setStatus> null
<47,ldr11,proj12sched,read> null
<48,aud1,proj12budget,read> null
<49,plan1,proj12task2,setSchedule> null
<50,acc1,proj12task2,setCost> null
<51,plan2,proj22task1propa,setSchedule> null
<52,plan2,proj21task2propa,setSchedule> null
<53,acc1,proj11sched,read> null
<54,plan1,proj12sched,write> null
<55,mgr1,proj12budget,read> null
<56,des12,proj12task1a,setStatus> null
<57,code21,proj21task2a,request> null
<58,acc2,proj22task2a,setCost> null
<59,plan2,proj21task2prop,setSchedule> null
<60,plan1,proj11task1a,setSchedule> null
<61,aud2,proj21budget,read> null
<62,code11,proj11task2a,read> null
<63,plan1,proj11task1prop,setSchedule> null
<64,acc2,proj21task1,setCost> null
<65,acc2,proj21budget,read> null
<66,des11,proj11task1a,request> null
<67,plan2,proj22sched,read> null
<68,mgr2,proj22budget,approve> null
<69,ldr2,proj21sched,read> null
<70,des22,proj22task1a,read> null
<71,code21,proj21task2,request> null
<72,code12,proj12task2,request> null
<73,plan1,proj11task2prop,setSchedule> null
<74,des12,proj12task1,read> null
<75,code12,proj12task2a,setStatus> null
<76,des11,proj11task1a,setStatus> null
<77,ldr11,proj11budget,write> null
<78,code21,proj21task2prop,request> null
<79,acc2,proj21sched,read> null
<80,aud2,proj22sched,read> null
<81,aud2,proj22budget,read> null
<82,code21,proj21task2a,setStatus> null
<83,des22,proj22sched,read> null
<84,acc1,proj11task1prop,setCost> null
<85,aud1,proj11sched,read> null
<86,acc1,proj11budget,read> null
<87,plan1,proj12task2propa,setSchedule> null
<88,acc1,proj12task2propa,setCost> null
<89,plan2,proj21sched,read> null
<90,aud1,proj11budget,read> null
<91,plan1,proj11task1propa,setSchedule> null
<92,des22,proj22task1a,setStatus> null
<93,des11,proj11task1a,read> null
<94,des21,proj21task1prop,request> null
<95,des21,proj21sched,read> null
<96,acc2,proj22task2propa,setCost> null
<97,code11,proj11task2,request> null
<98,acc2,proj21task1a,setCost> null
<99,des21,proj21task1a,read> null
<100,des21,proj21task1a,request> null
<101,code11,proj11sched,read> null
<102,plan1,proj11task2propa,setSchedule> null
<103,ldr11,proj11sched,write> null
<104,des11,proj11task1,request> null
<105,plan2,proj22task1prop,setSchedule> null
<106,acc1,proj12task1prop,setCost> null
<107,acc1,proj12task1,setCost> null
<108,acc1,proj12task2prop,setCost> null
<109,code11,proj11task2a,setStatus> null
<110,plan2,proj21task1a,setSchedule> null
<111,des21,proj21task1,request> null
<112,plan1,proj11task2,setSchedule> null
<113,acc1,proj11task1propa,setCost> null
<0,code22,proj22task2a,request> null
<1,plan1,proj12task1propa,setSchedule> null
<2,plan2,proj21task1prop,setSchedule> null
<3,plan2,proj21task2a,setSchedule> null
<4,acc2,proj22task1,setCost> null
<5,acc2,proj21task1prop,setCost> null
<6,des12,proj12task1propa,setStatus> null
<7,des11,proj11task1propa,read> null
<8,acc2,proj22task1propa,setCost> null
<9,code12,proj12task2a,request> null
<10,plan2,proj22task2,setSchedule> null
<11,acc2,proj22budget,write> null
<12,plan2,proj21task1propa,setSchedule> null
<13,acc1,proj11task1a,setCost> null
<14,code11,proj11task2a,request> null
<15,code22,proj22task2a,read> null
<16,acc1,proj11task2prop,setCost> null
<17,ldr2,proj22budget,write> null
<18,plan2,proj22task2prop,setSchedule> null
<0,plan2,proj22task1,setSchedule> null
<1,plan2,proj22sched,write> null
<2,des11,proj11sched,read> null
<3,code11,proj11task2propa,request> null
<4,ldr2,proj21budget,write> null
<5,mgr1,proj12budget,approve> null
<6,des21,proj21task1,read> null
<7,des21,proj21task1propa,request> null
<8,code11,proj11task2propa,setStatus> null
<9,plan1,proj12task1a,setSchedule> null
<10,des22,proj22task1,request> null
<11,code12,proj12sched,read> null
<12,acc2,proj22sched,read> null
<13,des11,proj11task1prop,read> null
<14,plan2,proj21task1,setSchedule> null
<15,des22,proj22task1,read> null
<16,acc2,proj22task1prop,setCost> null
<17,des11,proj11task1prop,request> null
<18,plan1,proj12task2a,setSchedule> null
<0,code12,proj12task2,read> null
<1,mgr2,proj21budget,read> null
<2,acc2,proj21budget,write> null
<3,ldr2,proj22sched,write> null
<4,mgr2,proj22budget,read> null
<5,des21,proj21task1a,setStatus> null
<6,code21,proj21sched,read> null
<7,plan1,proj12sched,read> null
<8,code22,proj22task2a,setStatus> null
<9,acc1,proj11task2propa,setCost> null
<10,code11,proj11task2propa,read> null
<11,mgr1,proj11budget,approve> null
<12,plan1,proj12task1,setSchedule> null
<13,plan1,proj12task2prop,setSchedule> null
<14,des11,proj11task1propa,request> null
<15,acc1,proj11budget,write> null
<16,plan2,proj21task2,setSchedule> null
<17,des22,proj22task1a,request> null
<18,acc2,proj21task1propa,setCost> null
<0,plan2,proj22task1a,setSchedule> 0.004374999999999999
<1,ldr11,proj11budget,read> 0.005000000000000002
<2,acc2,proj21task2prop,setCost> 0.004374999999999999
<3,acc2,proj22task2,setCost> 0.004374999999999999
<4,des12,proj12task1,request> 0.0017499999999999998
<5,code22,proj22sched,read> 0.0014423076923076924
<6,ldr2,proj21sched,write> 0.0012500000000000005
<7,code11,proj11task2prop,request> 8.749999999999998E-4
<8,acc1,proj12sched,read> 0.001785714285714286
<9,acc2,proj21task2propa,setCost> 0.004374999999999999
<10,des11,proj11task1propa,setStatus> 0.004374999999999999
<11,des21,proj21task1prop,read> 0.003499999999999999
<12,code21,proj21task2propa,setStatus> 0.004374999999999999
<13,des12,proj12task1a,request> 0.0017499999999999998
<14,code22,proj22task2,read> 0.006999999999999999
<15,plan2,proj22task2a,setSchedule> 0.004374999999999999
<16,code11,proj11task2prop,read> 0.003499999999999999
<17,aud2,proj21sched,read> 0.0022321428571428575

