<0,eeFac1,ee101gradebook,assignGrade> null
<1,eeStu4,eeStu4application,checkStatus> null
<2,admissions1,eeStu5application,read> null
<3,eeFac1,ee101gradebook,changeScore> null
<4,registrar2,csStu3trans,read> null
<5,eeStu5,ee602gradebook,readMyScores> null
<6,admissions2,csStu5application,read> null
<7,admissions2,csStu3application,read> null
<8,registrar2,ee601roster,write> null
<9,csStu3,csStu3application,checkStatus> null
<10,eeFac2,ee601gradebook,readScore> null
<11,csFac1,cs101roster,read> null
<12,registrar2,csStu2trans,read> null
<13,csFac1,cs101gradebook,addScore> null
<14,csFac1,cs101gradebook,changeScore> null
<15,csStu4,cs601gradebook,readMyScores> null
<16,eeChair,eeStu5trans,read> null
<17,registrar2,ee601roster,read> null
<18,eeStu3,ee602gradebook,readMyScores> null
<19,eeStu2,ee101gradebook,readScore> null
<20,admissions2,csStu5application,setStatus> null
<21,eeFac2,ee601roster,read> null
<22,eeFac2,ee601gradebook,addScore> null
<23,eeFac1,ee101gradebook,addScore> null
<24,csFac2,cs601roster,read> null
<25,csStu2,cs101gradebook,addScore> null
<26,registrar1,eeStu5trans,read> null
<27,admissions1,eeStu3application,read> null
<28,registrar1,ee602roster,read> null
<29,csStu1,csStu1trans,read> null
<30,admissions1,eeStu1application,read> null
<31,admissions1,eeStu1application,setStatus> null
<32,eeFac1,ee101gradebook,readScore> null
<33,admissions1,csStu2application,read> null
<34,csFac2,cs601gradebook,changeScore> null
<35,registrar1,ee601roster,read> null
<36,csStu3,cs601gradebook,addScore> null
<37,registrar2,ee602roster,write> null
<38,eeFac2,ee601gradebook,assignGrade> null
<39,csFac2,cs601gradebook,addScore> null
<40,admissions2,csStu2application,read> null
<41,csStu1,cs101gradebook,readMyScores> null
<42,eeStu2,ee602gradebook,addScore> null
<43,registrar1,csStu2trans,read> null
<44,registrar1,eeStu2trans,read> null
<45,csChair,csStu1trans,read> null
<46,csFac1,cs101gradebook,readScore> null
<47,csStu3,cs601gradebook,readScore> null
<48,csChair,csStu5trans,read> null
<49,registrar2,csStu1trans,read> null
<50,csFac2,cs601gradebook,assignGrade> null
<51,registrar1,eeStu3trans,read> null
<52,eeFac1,ee101roster,read> null
<53,eeStu2,ee602gradebook,readScore> null
<54,eeStu3,eeStu3trans,read> null
<55,csFac1,cs101gradebook,assignGrade> null
<56,csStu4,csStu4application,checkStatus> null
<57,csFac2,cs601gradebook,readScore> null
<58,admissions1,csStu1application,read> null
<59,admissions2,csStu2application,setStatus> null
<60,registrar1,cs601roster,write> null
<61,eeStu1,eeStu1application,checkStatus> null
<62,registrar2,eeStu1trans,read> null
<63,csStu4,csStu4trans,read> null
<64,csStu2,csStu2trans,read> null
<65,admissions1,csStu1application,setStatus> null
<66,admissions1,eeStu2application,setStatus> null
<67,admissions2,eeStu4application,read> null
<68,admissions2,eeStu1application,setStatus> null
<69,admissions2,csStu3application,setStatus> null
<70,admissions1,eeStu3application,setStatus> null
<71,admissions1,eeStu2application,read> null
<72,admissions1,csStu5application,setStatus> null
<73,eeStu2,ee601gradebook,readMyScores> null
<74,eeStu1,ee101gradebook,readMyScores> null
<75,csChair,csStu2trans,read> null
<76,admissions2,csStu1application,setStatus> null
<77,registrar1,ee602roster,write> null
<78,registrar2,ee101roster,read> null
<79,admissions2,eeStu2application,read> null
<80,registrar1,cs101roster,write> null
<81,admissions1,csStu4application,read> null
<82,registrar1,eeStu1trans,read> null
<83,eeStu3,ee601gradebook,addScore> null
<84,admissions2,eeStu4application,setStatus> null
<85,registrar1,cs601roster,read> null
<86,eeStu5,eeStu5application,checkStatus> null
<87,registrar2,eeStu5trans,read> null
<88,admissions2,eeStu5application,read> null
<89,registrar1,csStu4trans,read> null
<90,admissions2,eeStu3application,setStatus> null
<91,admissions1,csStu3application,setStatus> null
<92,eeStu2,eeStu2trans,read> null
<93,csStu2,cs602gradebook,addScore> null
<94,eeStu5,eeStu5trans,read> null
<95,eeStu2,ee101gradebook,addScore> null
<96,admissions2,eeStu5application,setStatus> null
<97,registrar2,cs101roster,read> null
<98,eeChair,eeStu3trans,read> null
<99,eeFac2,ee601gradebook,changeScore> null
<100,admissions2,csStu4application,read> null
<0,registrar1,csStu3trans,read> null
<1,registrar2,cs601roster,read> null
<2,admissions2,eeStu3application,read> null
<3,registrar1,csStu1trans,read> null
<4,csStu1,csStu1application,checkStatus> null
<5,admissions1,csStu4application,setStatus> null
<6,registrar2,csStu5trans,read> null
<7,admissions2,application1,setStatus> null
<8,admissions1,eeStu4application,setStatus> null
<9,admissions1,eeStu5application,setStatus> null
<10,eeChair,eeStu1trans,read> null
<11,registrar1,cs101roster,read> null
<12,registrar2,cs602roster,read> null
<13,eeStu3,eeStu3application,checkStatus> null
<14,admissions1,csStu2application,setStatus> null
<15,csStu2,cs601gradebook,readMyScores> null
<16,registrar1,csStu5trans,read> null
<0,admissions1,eeStu4application,read> 0.009090909090909087
<1,applicant2,application2,checkStatus> 0.004166666666666665
<2,registrar2,eeStu2trans,read> 0.0016129032258064518
<3,registrar2,csStu4trans,read> 0.0016129032258064518
<4,registrar2,eeStu3trans,read> 0.0016129032258064518
<5,csStu3,csStu3trans,read> 0.004838709677419356
<6,registrar1,ee101roster,write> 0.00101010101010101
<7,registrar1,cs602roster,write> 0.00101010101010101
<8,admissions1,csStu3application,read> 0.009090909090909087
<9,admissions2,application1,read> 0.0045454545454545435
<10,admissions2,csStu1application,read> 0.0045454545454545435
<11,admissions2,application2,read> 0.0045454545454545435
<12,csStu5,csStu5trans,read> 0.004838709677419356
<13,registrar2,eeStu4trans,read> 0.0016129032258064518
<14,registrar1,eeStu4trans,read> 0.0032258064516129037
<15,registrar1,cs602roster,read> 0.004545454545454544
<16,applicant1,application1,checkStatus> 0.004166666666666665

