<0,eeStu3,eeStu3application,checkStatus> null
<1,eeStu2,ee101gradebook,readScore> null
<2,csFac2,cs601gradebook,assignGrade> null
<3,eeFac1,ee101gradebook,assignGrade> null
<4,csFac1,cs101roster,read> null
<5,csFac2,cs601gradebook,changeScore> null
<6,csFac2,cs601roster,read> null
<7,csChair,csStu4trans,read> null
<8,admissions1,csStu3application,read> null
<9,eeStu2,ee602gradebook,readScore> null
<10,admissions2,csStu2application,read> null
<11,eeChair,eeStu3trans,read> null
<12,admissions1,csStu1application,setStatus> null
<13,admissions2,csStu5application,setStatus> null
<14,admissions1,application1,read> null
<15,admissions1,eeStu1application,setStatus> null
<16,admissions1,eeStu3application,read> null
<17,csStu5,cs602gradebook,readMyScores> null
<18,registrar1,cs602roster,read> null
<19,csStu3,cs601gradebook,addScore> null
<20,eeFac2,ee601gradebook,assignGrade> null
<21,csFac1,cs101gradebook,changeScore> null
<22,admissions1,csStu5application,read> null
<23,csFac1,cs101gradebook,addScore> null
<24,registrar2,ee602roster,write> null
<25,registrar1,eeStu4trans,read> null
<26,registrar1,csStu2trans,read> null
<27,eeStu3,eeStu3trans,read> null
<28,registrar1,ee101roster,read> null
<29,eeFac2,ee601gradebook,readScore> null
<30,csChair,csStu1trans,read> null
<31,csChair,csStu2trans,read> null
<32,eeFac2,ee601gradebook,addScore> null
<33,csStu3,cs601gradebook,readScore> null
<34,csChair,csStu5trans,read> null
<35,csFac2,cs601gradebook,readScore> null
<36,eeStu4,eeStu4application,checkStatus> null
<37,csStu3,csStu3application,checkStatus> null
<38,admissions2,csStu2application,setStatus> null
<39,eeStu2,ee602gradebook,addScore> null
<40,admissions2,application2,read> null
<41,registrar1,cs601roster,write> null
<42,eeStu1,eeStu1application,checkStatus> null
<43,admissions1,eeStu4application,read> null
<44,registrar2,eeStu1trans,read> null
<45,csStu2,cs602gradebook,readScore> null
<46,admissions1,eeStu2application,setStatus> null
<47,registrar1,cs101roster,read> null
<48,registrar1,eeStu5trans,read> null
<49,csStu2,cs602gradebook,addScore> null
<50,csFac1,cs101gradebook,assignGrade> null
<51,csFac2,cs601gradebook,addScore> null
<52,admissions2,eeStu1application,setStatus> null
<53,admissions2,csStu3application,setStatus> null
<54,eeChair,eeStu5trans,read> null
<55,admissions2,eeStu1application,read> null
<56,registrar1,csStu4trans,read> null
<57,eeFac1,ee101gradebook,addScore> null
<58,admissions1,eeStu3application,setStatus> null
<59,admissions1,eeStu5application,read> null
<60,csStu4,csStu4application,checkStatus> null
<61,eeStu5,eeStu5trans,read> null
<62,csStu5,cs601gradebook,readMyScores> null
<63,admissions1,eeStu2application,read> null
<64,admissions1,csStu5application,setStatus> null
<65,admissions2,csStu3application,read> null
<66,eeStu2,ee601gradebook,readMyScores> null
<67,eeStu3,ee602gradebook,readMyScores> null
<68,admissions2,csStu1application,setStatus> null
<69,registrar1,ee602roster,write> null
<70,registrar2,ee101roster,read> null
<71,registrar1,cs101roster,write> null
<72,admissions1,csStu4application,read> null
<73,admissions2,csStu1application,read> null
<74,registrar1,eeStu1trans,read> null
<75,eeStu1,eeStu1trans,read> null
<76,eeStu1,ee101gradebook,readMyScores> null
<77,admissions2,eeStu4application,setStatus> null
<78,eeStu4,eeStu4trans,read> null
<79,registrar1,cs601roster,read> null
<80,eeFac2,ee601gradebook,changeScore> null
<81,eeStu5,eeStu5application,checkStatus> null
<82,admissions2,eeStu2application,read> null
<83,registrar2,eeStu5trans,read> null
<84,admissions2,eeStu3application,setStatus> null
<85,eeStu4,ee601gradebook,readMyScores> null
<86,admissions2,eeStu5application,read> null
<87,eeStu2,ee101gradebook,addScore> null
<88,admissions1,csStu1application,read> null
<89,registrar2,ee601roster,read> null
<90,admissions1,csStu3application,setStatus> null
<91,eeStu2,eeStu2trans,read> null
<92,eeFac1,ee101gradebook,readScore> null
<93,csStu1,cs101gradebook,readMyScores> null
<94,admissions1,csStu4application,setStatus> null
<95,admissions2,eeStu5application,setStatus> null
<96,registrar2,cs101roster,read> null
<97,csStu2,cs101gradebook,addScore> null
<98,registrar2,csStu1trans,read> null
<99,admissions2,csStu4application,read> null
<100,registrar1,csStu3trans,read> null
<0,registrar2,cs601roster,read> 0.002272727272727272
<1,csFac1,cs101gradebook,readScore> 0.011538461538461537
<2,admissions2,eeStu3application,read> 0.0045454545454545435
<3,csStu1,csStu1application,checkStatus> 0.004166666666666665
<4,registrar2,csStu5trans,read> 0.0016129032258064518
<5,admissions1,eeStu4application,setStatus> 0.0020202020202020193
<6,admissions2,eeStu4application,read> 0.0045454545454545435
<7,admissions1,eeStu5application,setStatus> 0.0020202020202020193
<8,eeChair,eeStu1trans,read> 0.004838709677419356
<9,eeFac1,ee101roster,read> 0.016666666666666666
<10,admissions1,eeStu1application,read> 0.009090909090909087
<11,registrar1,csStu1trans,read> 0.0032258064516129037
<12,eeStu3,ee601gradebook,addScore> 0.007692307692307692
<13,registrar2,cs602roster,read> 0.002272727272727272
<14,csStu4,csStu4trans,read> 0.004838709677419356
<15,admissions1,csStu2application,setStatus> 0.0020202020202020193
<16,csStu2,cs601gradebook,readMyScores> 0.0018518518518518517

