<0,351,133,op6> 0.0015769730672628806
<1,392,92,op8> 0.001359663944538543
<2,294,98,op3> 4.6631460923755337E-4
<3,481,123,op8> 7.718515519332276E-4
<4,407,87,op5> 3.035135013862787E-4
<5,455,102,op8> 0.005214648331473302
<6,487,88,op1> 6.410619906301665E-4
<7,361,89,op8> 0.0011569988965922202
<8,304,98,op3> 3.506072473041695E-4
<9,323,88,op2> 3.943156667087053E-4
<10,262,128,op1> 8.339904208970193E-4
<11,365,88,op1> 8.832656543344582E-4
<12,345,133,op6> 6.235431596069673E-4
<13,473,123,op3> 2.364217429449093E-4
<14,287,146,op3> 4.974804327897278E-4
<15,372,147,op8> 9.52557733654916E-4
<16,387,92,op8> 0.0014991166567989063
<17,473,122,op3> 2.2910029542145408E-4
<18,322,97,op3> 2.922900295163313E-4
<19,349,133,op6> 6.044745614538492E-4
<20,263,92,op1> 0.002177748172196853
<21,357,120,op8> 6.10020641680217E-4
<22,441,92,op8> 0.0016015972896860802
<23,329,89,op8> 0.001362861908679599
<24,377,129,op8> 7.143832219412912E-4
<25,362,109,op1> 5.423145026306485E-4
<26,346,133,op6> 6.27356879237591E-4
<27,351,134,op6> 0.0014725185494680992
<28,408,93,op1> 1.6607412488840953E-4
<29,361,113,op1> 9.994165585224913E-5
<30,361,112,op1> 8.918560320447344E-5
<31,357,112,op1> 9.485177875748954E-5
<32,405,93,op6> 8.137425460814395E-4
<33,360,89,op8> 0.0011628794500691815
<34,429,92,op8> 0.0013584705663940758
<35,364,88,op1> 8.85487706295048E-4
<36,324,88,op2> 3.96180043383451E-4
<37,358,88,op1> 9.365949013886142E-4
<38,332,120,op8> 4.670072329358639E-4
<39,472,123,op3> 2.5017163429550174E-4
<40,414,93,op6> 9.673694574360473E-4
<41,369,89,op8> 0.001177580833761586
<42,351,164,op6> 0.0013680640316733178
<43,472,122,op3> 2.4242438368506043E-4
<44,384,92,op8> 0.0014745073546353128
<45,415,142,op5> 0.0010920152434830425
<46,453,102,op8> 0.005101080672711632
<47,396,87,op5> 6.237422390807873E-4
<48,346,93,op6> 0.0018187883096097194
<49,249,126,op5> 6.177400644735264E-5
<50,402,93,op6> 8.521492739200914E-4
<51,353,151,op6> 6.23881805750055E-4
<52,413,151,op1> 6.288208679689438E-5
<53,374,92,op8> 0.0015852492143714836
<54,534,107,op5> 5.656845840010099E-4
<55,370,147,op8> 9.475244034902931E-4
<56,306,97,op3> 3.4066906888455164E-4
<57,473,114,op3> 4.606410733507265E-5
<58,435,92,op8> 0.0014496430876285774
<59,388,129,op8> 6.719811210260662E-4
<60,437,125,op8> 5.163339053921809E-4
<61,424,90,op1> 0.004730619155155791
<62,408,87,op5> 2.964755071512345E-4
<63,295,127,op6> 4.999779918260611E-4
<64,457,102,op8> 0.005176792445219412
<65,296,98,op3> 4.704968030423745E-4
<66,326,91,op6> 0.001686296339750586
<67,299,158,op6> 2.446088945462896E-4
<68,352,93,op6> 0.0045939607455491695
<69,448,92,op8> 0.0016198317939329805
<70,363,109,op1> 5.491879437286288E-4
<71,417,148,op1> 0.003570772732383958
<72,396,107,op5> 0.0012896153378029456
<73,323,97,op3> 2.8422685628829456E-4
<74,436,92,op8> 0.0014557212557108775
<75,409,93,op1> 1.6508852177334483E-4
<76,363,88,op1> 8.877097582556378E-4
<77,347,96,op3> 3.030358695960638E-4
<78,432,92,op8> 0.001480033928040078
<79,362,113,op1> 1.0019563718859538E-4
<80,371,109,op1> 5.189448028975154E-4
<81,334,91,op6> 0.0011910204917119523
<82,423,148,op1> 0.004316626044631258
<83,353,93,op6> 0.004582904281660964
<84,362,112,op1> 8.941225022659409E-5
<85,452,102,op8> 0.005157864502092467
<86,249,106,op8> 2.652940543753393E-4
<87,406,93,op6> 8.329459100007654E-4
<88,458,102,op8> 0.005195720388346358
<89,390,92,op8> 0.0013514608438173453
<90,462,102,op8> 0.005309288047108026
<91,345,93,op1> 1.6114610931308582E-4
<92,321,88,op2> 4.036375500824336E-4
<93,421,148,op1> 0.004260687046212712
<94,263,104,op5> 2.892217845915503E-4
<95,441,125,op8> 5.519431402468141E-4
<96,298,158,op6> 2.4391496860431426E-4
<97,443,92,op8> 0.0016137536258506806
<98,354,93,op6> 0.004616073673325579
<99,405,87,op5> 2.9823500570999557E-4
<100,510,140,op2> 3.536997764951152E-4
<101,399,151,op6> 5.38088650315186E-4
<102,472,154,op3> 1.4171012574932295E-4
<103,352,133,op6> 0.0015846005065241282
<104,411,87,op5> 3.650959509429149E-4
<105,263,128,op1> 8.361316029789115E-4
<106,249,157,op5> 3.23488308571633E-5
<107,406,93,op1> 1.7100214046373327E-4
<108,473,146,op3> 5.073153013127538E-4
<109,370,89,op8> 0.0011070141920380455
<110,364,109,op1> 5.478132555090328E-4
<111,320,97,op3> 2.8960230510698565E-4
<112,403,93,op6> 8.473484329402598E-4
<113,398,151,op6> 5.365835072373814E-4
<114,427,148,op1> 0.004092870050957069
<115,422,148,op1> 0.004353918710243624
<116,340,92,op1> 9.564246133975935E-4
<117,363,113,op1> 1.0146554387032661E-4
<118,518,157,op6> 2.4008014143894272E-4
<119,360,143,op1> 6.842285674411942E-4
<120,501,133,op6> 0.0014511203194523
<121,463,102,op8> 0.005328215990234972
<122,363,112,op1> 9.054548533719729E-5
<123,362,88,op1> 8.765994984526887E-4
<124,360,145,op1> 7.274714525461019E-4
<125,360,144,op1> 7.058500099936481E-4
<126,320,155,op2> 8.051938021650741E-5
<127,439,92,op8> 0.0014921902642046781
<128,322,88,op2> 4.055019267571792E-4
<129,360,114,op8> 8.784131913979311E-5
<130,352,134,op6> 0.0014796407673615365
<131,330,120,op8> 4.734265763439171E-4
<132,360,115,op8> 1.0180285330770726E-4
<133,406,87,op5> 3.0527299994503973E-4
<134,514,91,op6> 0.001623404168571077
<135,297,158,op6> 2.43221042662339E-4
<136,319,97,op3> 2.4122326573876537E-4
<137,407,119,op6> 2.150483269527159E-4
<138,340,128,op1> 3.672127270445156E-4
<139,472,146,op3> 5.368199068818314E-4
<140,321,97,op3> 2.909461673116585E-4
<141,340,146,op3> 2.8111332528315755E-4
<142,407,93,op1> 1.7001653734866857E-4
<143,365,109,op1> 5.464385672894367E-4
<144,498,92,op8> 0.0014047809985051312
<145,289,146,op3> 4.942021432820525E-4
<146,298,98,op3> 4.90013707464873E-4
<147,422,90,op1> 0.004650945569384746
<148,361,144,op1> 7.022806041276879E-4
<149,510,88,op2> 3.626212632380293E-4
<150,426,101,op5> 0.0032729893377555623
<151,364,113,op1> 1.0121156253398037E-4
<152,419,148,op1> 0.0036640043964148708
<153,398,119,op6> 4.444332090356129E-4
<154,361,143,op1> 6.807684988321364E-4
<155,481,122,op8> 7.479490522604567E-4
<156,294,107,op7> 4.946614269061967E-4
<157,298,90,op6> 0.0014367279812147538
<158,404,93,op6> 8.185433870612709E-4
<159,397,93,op1> 3.503819074055169E-4
<160,415,93,op6> 9.385644115570584E-4
<161,360,147,op8> 9.95341040054212E-4
<162,364,112,op1> 9.031883831507667E-5
<163,518,93,op6> 0.0022057645456968937
<164,361,88,op1> 8.743774464920989E-4
<165,494,101,op5> 0.005164378210138009
<166,497,90,op1> 0.006861887574531242
<167,438,92,op8> 0.0015043466003692785
<168,262,99,op3> 0.0011370001009109853
<169,361,145,op1> 7.237927094232393E-4
<170,404,93,op1> 1.6804533111853905E-4
<171,365,89,op8> 0.0011687600035461432
<172,527,93,op1> 2.3309513671281224E-4
<173,394,160,op8> 7.224071178406168E-4
<174,361,114,op8> 8.739711525033779E-5
<175,422,101,op5> 0.0034503070445414167
<176,299,127,op6> 5.206565498336382E-4
<177,265,92,op1> 0.0022725541105511333
<178,296,158,op6> 2.3420000541666023E-4
<179,431,117,op8> 1.0223505271143515E-4
<180,369,88,op1> 8.899318102162276E-4
<181,361,115,op8> 1.0128804747555704E-4
<182,403,87,op5> 3.1055149562132285E-4
<183,359,109,op1> 5.780563963401462E-4
<184,353,96,op3> 7.589629483236765E-4
<185,360,120,op8> 5.764950150167879E-4
<186,433,92,op8> 0.0014617994237931776
<187,430,125,op8> 5.12144583644577E-4
<188,423,90,op1> 0.0046111087764992235
<189,288,154,op3> 1.3002715355014212E-4
<190,291,146,op3> 5.663245124509092E-4
<191,487,144,op1> 5.148867961647723E-4
<192,366,109,op1> 5.450638790698406E-4
<193,449,125,op8> 5.603217837420219E-4
<194,456,102,op8> 0.005233576274600246
<195,525,100,op5> 0.0011498830458114312
<196,365,112,op1> 9.009219129295601E-5
<197,527,93,op6> 0.00113539889173015
<198,521,88,op1> 4.899624573100578E-4
<199,373,113,op1> 9.638591714340164E-5
<200,421,101,op5> 0.0033764246667139773
<201,365,113,op1> 1.0095758119763412E-4
<202,251,95,op3> 3.274403575963772E-4
<203,382,100,op5> 0.001787882671229387
<204,501,93,op6> 0.0023802645166361093
<205,424,148,op1> 0.0044285040414683546
<206,423,101,op5> 0.0034207540934104406
<207,362,143,op1> 6.824985331366654E-4
<208,359,144,op1> 7.504675833181517E-4
<209,395,110,op5> 2.3806131447223547E-4
<210,362,144,op1> 7.040653070606679E-4
<211,411,142,op5> 0.001159044312136733
<212,362,145,op1> 7.256320809846706E-4
<213,326,95,op3> 1.7109855470017762E-4
<214,292,113,op7> 1.0454265441944975E-4
<215,299,126,op7> 2.720624591733025E-4
<216,347,133,op6> 6.311705988682146E-4
<217,401,93,op6> 8.37746750980597E-4
<218,420,90,op1> 0.004571271983613702
<219,437,92,op8> 0.0014982684322869782
<220,508,90,op6> 0.0015348260510558752
<221,374,100,op5> 0.0019115260094886807
<222,405,93,op1> 1.6705972800347432E-4
<223,364,89,op8> 0.0011717002802846242
<224,465,102,op8> 0.005366071876488861
<225,430,117,op8> 1.0307822840390059E-4
<226,368,88,op1> 8.921538621768175E-4
<227,425,148,op1> 0.00439121137585599
<228,366,112,op1> 8.986554427083537E-5
<229,355,89,op8> 0.0012246252615772798
<230,298,127,op6> 5.191795099759541E-4
<231,404,87,op5> 2.999945042687566E-4
<232,295,158,op6> 2.3489393135863555E-4
<233,269,142,op6> 3.249982046628858E-4
<234,362,115,op8> 1.0154545039163214E-4
<235,362,114,op8> 8.761921719506546E-5
<236,361,120,op8> 5.735797431330117E-4
<237,367,109,op1> 5.533120083874171E-4
<238,363,145,op1> 7.348289387918273E-4
<239,327,95,op3> 1.6631258114213068E-4
<240,366,113,op1> 1.0070359986128785E-4
<241,466,102,op8> 0.0053849998196158055
<242,363,143,op1> 6.9114870465931E-4
<243,355,144,op1> 7.433287715862312E-4
<244,299,111,op7> 1.1256324646712213E-4
<245,363,144,op1> 7.129888217255687E-4
<246,298,126,op7> 2.7129065077848464E-4
<247,402,93,op1> 1.7494455292399225E-4
<248,472,114,op3> 4.8743118424026794E-5
<249,417,90,op1> 0.0038143729187887754
<250,352,164,op6> 0.0013746810281989447
<251,362,120,op8> 5.750373790748998E-4
<252,297,98,op3> 4.88619642863266E-4
<253,294,158,op6> 2.3211822759073433E-4
<254,366,147,op8> 9.978577051365236E-4
<255,508,127,op6> 5.546284665603722E-4
<256,329,122,op8> 5.12010652035207E-4
<257,433,117,op8> 1.0139187701896971E-4
<258,367,88,op1> 8.943759141374074E-4
<259,401,87,op5> 3.070324985038008E-4
<260,363,114,op8> 8.87297269187038E-5
<261,253,95,op3> 3.40202953751169E-4
<262,392,150,op8> 3.972802896385147E-4
<263,432,125,op8> 5.10049922770775E-4
<264,363,89,op8> 0.001174640557023105
<265,363,115,op8> 1.0283246497200771E-4
<266,367,113,op1> 1.0222748787936538E-4
<267,391,128,op8> 5.173094392682101E-4
<268,454,102,op8> 0.005120008615838578
<269,364,143,op1> 6.894186703547811E-4
<270,371,89,op8> 0.0011099544687765263
<271,325,88,op2> 3.980444200581966E-4
<272,367,112,op1> 9.122542640355924E-5
<273,297,127,op6> 5.177024701182701E-4
<274,276,94,op3> 3.331952885942545E-4
<275,349,93,op6> 0.0017524495262804893
<276,364,144,op1> 7.112041187925885E-4
<277,364,145,op1> 7.329895672303961E-4
<278,268,107,op6> 2.1218660295533223E-4
<279,377,100,op5> 0.0019164717430190522
<280,347,93,op1> 1.631173155432153E-4
<281,291,124,op7> 3.7675302634361383E-4
<282,461,102,op8> 0.005271432160854138
<283,264,99,op3> 0.0011924635204676188
<284,298,111,op7> 1.1224391810835016E-4
<285,355,120,op8> 6.071053697964405E-4
<286,368,109,op1> 5.519373201678209E-4
<287,249,110,op5> 2.3294930675566572E-5
<288,409,93,op6> 8.041408641217764E-4
<289,299,107,op7> 5.212799790267095E-4
<290,370,145,op1> 6.925233928789061E-4
<291,331,120,op8> 4.766362480479436E-4
<292,249,111,op5> 2.5558405720965757E-5
<293,392,100,op5> 0.0016395106653182342
<294,297,126,op7> 2.7051884238366676E-4
<295,347,93,op6> 0.0018298447734979243
<296,389,100,op5> 0.0017977741382901305
<297,324,97,op3> 2.855707184929674E-4
<298,371,115,op8> 9.716960081835524E-5
<299,249,108,op5> 1.16097407536933E-4
<300,363,120,op8> 5.823255587843409E-4
<301,460,102,op8> 0.005290360103981082
<302,421,90,op1> 0.0045513535871709405
<303,403,93,op1> 1.739589498089275E-4
<304,365,147,op8> 0.001000374370218835
<305,431,125,op8> 5.079552618969731E-4
<306,364,115,op8> 1.0257506205593259E-4
<307,433,156,op8> 2.929985737477314E-4
<308,381,92,op8> 0.0014786089049959117
<309,364,114,op8> 8.850762497397613E-5
<310,329,120,op8> 6.756358936975902E-4
<311,432,117,op8> 1.0265664055766788E-4
<312,531,160,op8> 3.325022266522779E-4
<313,366,88,op1> 8.810436023738683E-4
<314,296,127,op6> 4.985009519683771E-4
<315,257,95,op3> 3.378099669721455E-4
<316,395,142,op5> 0.0018572637772793432
<317,402,87,op5> 3.1231099418008385E-4
<318,293,158,op6> 2.3350607947468491E-4
<319,392,129,op8> 6.111433240607433E-4
<320,450,125,op8> 5.624164446158238E-4
<321,491,100,op5> 0.0017136966682738104
<322,488,147,op8> 7.512245270699932E-4
<323,365,144,op1> 7.094194158596083E-4
<324,368,113,op1> 1.0197350654301911E-4
<325,365,143,op1> 6.876886360502522E-4
<326,501,134,op6> 0.001355001954226389
<327,368,112,op1> 9.099877938143859E-5
<328,268,94,op3> 4.1921460104627043E-4
<329,362,89,op8> 0.001159939173330701
<330,361,147,op8> 9.903077098895891E-4
<331,297,111,op7> 1.1192458974957816E-4
<332,449,117,op8> 1.1277474886725322E-4
<333,365,145,op1> 7.311501956689646E-4
<334,290,143,op7> 7.058896410271551E-4
<335,390,128,op8> 5.188842016404117E-4
<336,369,109,op1> 5.50562631948225E-4
<337,434,92,op8> 0.0014678775918754777
<338,298,107,op7> 5.198011705755698E-4
<339,296,126,op7> 2.604853332510344E-4
<340,498,128,op8> 5.393561124790319E-4
<341,325,97,op3> 2.8691458069764013E-4
<342,367,147,op8> 0.0010129576956303928
<343,400,93,op6> 8.425475919604282E-4
<344,252,95,op3> 3.2823801985605166E-4
<345,296,111,op7> 1.0777332108554246E-4
<346,297,107,op7> 5.183223621244301E-4
<347,459,102,op8> 0.005252504217727193
<348,261,92,op1> 0.0021889018120032386
<349,295,126,op7> 2.6125714164585226E-4
<350,355,143,op1> 7.20559287836302E-4
<351,427,90,op1> 0.004372088019186089
<352,294,90,op6> 0.0013672418484106264
<353,435,117,op8> 1.0054870132650428E-4
<354,327,91,op6> 0.0016391272113659542
<355,434,125,op8> 5.058606010231711E-4
<356,431,156,op8> 2.954351523235961E-4
<357,295,111,op7> 1.0809264944431443E-4
<358,395,93,op1> 3.277130357590277E-4
<359,345,93,op6> 0.0018077318457215142
<360,350,119,op6> 5.142459992347554E-4
<361,292,143,op7> 7.121089330185838E-4
<362,294,126,op7> 2.5816990806658074E-4
<363,296,107,op7> 4.990978522596154E-4
<364,430,156,op8> 2.9787173089946075E-4
<365,434,117,op8> 1.0181346486520244E-4
<366,294,127,op6> 4.940698323953248E-4
<367,433,125,op8> 5.037659401493691E-4
<368,375,92,op8> 0.0015811476640108847
<369,295,107,op7> 5.00576660710755E-4
<370,368,89,op8> 0.001180521110500067
<371,425,90,op1> 0.0046907823622702694
<372,293,126,op7> 2.5971352485621644E-4
<373,291,143,op7> 7.162551276795362E-4
<374,294,111,op7> 1.0681533600922653E-4
<375,260,86,op8> 1.2847534760741488E-4
<376,413,93,op6> 9.769711393957106E-4
<377,292,154,op3> 1.486333685340227E-4
<378,293,127,op6> 4.970239121106929E-4
<379,292,143,op4> 4.191269720052235E-4
<380,411,119,op1> 5.310676122942105E-5
<381,349,119,op6> 1.9759512940293027E-4
<382,382,150,op8> 4.332332570266157E-4
<383,261,99,op3> 0.0011457574829462434
<384,261,86,op5> 1.2771657288951515E-4
<385,367,89,op8> 0.0011834613872385477
<386,329,91,op6> 0.0016548502541608317
<387,436,125,op8> 5.016712792755673E-4
<388,437,117,op8> 1.0392140409636605E-4
<389,321,124,op2> 1.653031278912683E-4
<390,292,124,op7> 3.7457211157462046E-4
<391,291,154,op3> 1.4949877388211014E-4
<392,262,92,op1> 0.0021721713522936596
<393,497,148,op1> 0.006423661651729887
<394,292,146,op3> 5.63046222943234E-4
<395,286,88,op7> 8.054610926643403E-4
<396,293,111,op7> 1.0745399272677049E-4
<397,291,143,op4> 4.2156730371995557E-4
<398,418,101,op5> 0.0028001421196599506
<399,260,87,op5> 6.082014264203801E-5
<400,366,89,op8> 0.0011658197268076625
<401,320,88,op2> 4.017731734076879E-4
<402,432,156,op8> 2.966534416115284E-4
<403,426,90,op1> 0.004411924812071612
<404,436,117,op8> 1.00970289172737E-4
<405,260,95,op3> 3.1228477466256193E-4
<406,442,125,op8> 5.540378011206161E-4
<407,435,125,op8> 4.995766184017653E-4
<408,293,107,op7> 4.976190438084758E-4
<409,351,93,op6> 0.00457184781777276
<410,290,154,op3> 1.473352605118915E-4
<411,372,88,op1> 8.410466670832514E-4
<412,292,112,op7> 9.32914270379843E-5
<413,394,100,op5> 0.0016494021323789781
<414,439,117,op8> 1.0349981625013333E-4
<415,372,144,op1> 6.755100601329857E-4
<416,290,124,op7> 3.713007394211303E-4
<417,435,156,op8> 2.905619951718667E-4
<418,438,125,op8> 5.184285662659829E-4
<419,290,143,op4> 4.154664744331255E-4
<420,279,94,op3> 3.3630442036962854E-4
<421,378,92,op8> 0.001577046113650286
<422,292,124,op4> 2.204624428124909E-4
<423,292,123,op3> 2.6239375994047283E-4
<424,292,122,op3> 2.5426801769715503E-4
<425,290,146,op3> 5.581287886817209E-4
<426,291,113,op7> 1.0515134527487595E-4
<427,291,112,op7> 9.383460856367853E-5
<428,427,101,op5> 0.0032434363866245862
<429,290,113,op7> 1.0362961813631045E-4
<430,283,107,op6> 1.5605813196343965E-4
<431,387,100,op5> 0.0018076656053508736
<432,370,109,op1> 5.175701146779193E-4
<433,485,151,op1> 9.03833434304256E-5
<434,399,87,op5> 6.290207347570703E-4
<435,438,117,op8> 1.0434299194259879E-4
<436,360,109,op1> 5.436891908502445E-4
<437,434,156,op8> 2.942168630356637E-4
<438,292,112,op4> 5.490866848521362E-5
<439,292,113,op4> 6.153081945830471E-5
<440,291,124,op4> 2.2174606693366986E-4
<441,418,90,op1> 0.003774536125903252
<442,393,129,op8> 6.092997544557336E-4
<443,290,123,op3> 2.6010211138204075E-4
<444,385,100,op5> 0.0018175570724116175
<445,407,93,op6> 8.281450690209339E-4
<446,290,112,op7> 9.247665474944295E-5
<447,277,94,op3> 3.342316658527125E-4
<448,292,114,op3> 5.1124461614208264E-5
<449,291,123,op3> 2.6392152564609417E-4
<450,350,93,op6> 0.004560791353884554
<451,291,122,op3> 2.557484719486668E-4
<452,392,160,op8> 7.180748412718574E-4
<453,398,93,op1> 3.513675105205817E-4
<454,397,142,op5> 0.001985736158865584
<455,312,88,op2> 3.439774964905727E-4
<456,409,87,op5> 2.9471600859247356E-4
<457,437,156,op8> 3.0030830947532546E-4
<458,425,101,op5> 0.0034798599956723923
<459,291,113,op4> 6.188907750464127E-5
<460,290,124,op4> 2.185370066307224E-4
<461,487,143,op1> 4.99114896856598E-4
<462,515,87,op7> 1.46268295818833E-4
<463,387,129,op8> 6.73824690631076E-4
<464,291,112,op4> 5.522836961176508E-5
<465,332,122,op8> 3.5390760033787467E-4
<466,360,112,op1> 8.963889724871472E-5
<467,325,124,op2> 1.6301255337083503E-4
<468,360,113,op1> 1.004496185249416E-4
<469,408,93,op6> 8.089417051016078E-4
<470,449,92,op8> 0.0016259099620152806
<471,376,160,op8> 8.415447234814983E-4
<472,291,114,op3> 5.142212951298094E-5
<473,361,109,op1> 5.409398144110525E-4
<474,289,88,op4> 4.725042078327226E-4
<475,333,89,op8> 9.485000932140674E-4
<476,352,151,op6> 6.253869488278596E-4
<477,290,122,op3> 2.520473363198873E-4
<478,303,90,op6> 0.0010320734431201292
<479,436,156,op8> 2.9178028445979903E-4
<480,345,96,op3> 2.993738047066853E-4
<481,439,125,op8> 5.14239244518379E-4
<482,290,112,op4> 5.442911679538642E-5
<483,289,88,op7> 8.027984113662763E-4
<484,398,93,op6> 0.0017114998093099303
<485,290,113,op4> 6.0993432388799865E-5
<486,438,156,op8> 3.015265987632579E-4
<487,523,120,op8> 3.272392689539037E-4
<488,353,164,op6> 0.0013713725299361313
<489,359,147,op8> 0.0010582576671120006
<490,375,100,op5> 0.0019065802759583087
<491,356,147,op8> 0.001055741002029689
<492,254,87,op5> 6.610209628144871E-5
<493,255,95,op3> 3.4179827827051794E-4
<494,333,122,op8> 3.563399549793721E-4
<495,330,91,op6> 0.001159574406122198
<496,439,156,op8> 2.9909002018739316E-4
<497,394,128,op8> 5.251832511292178E-4
<498,358,147,op8> 0.001060774332194312
<499,253,86,op8> 1.39961010867337E-4
<500,255,87,op5> 6.656815101433789E-5
<501,290,114,op3> 5.067795976604924E-5
<502,256,95,op3> 3.4100061601084346E-4
<503,254,86,op8> 1.3963284905991067E-4
<504,256,87,op5> 6.641279943670816E-5
<505,356,88,op1> 9.321507974674346E-4
<506,379,100,op5> 0.0018966888088975654
<507,526,151,op6> 3.469354794339871E-4
<508,531,150,op8> 1.8395934980244954E-4
<509,257,87,op5> 6.579139312618926E-5
<510,358,115,op8> 1.084953291256602E-4
<511,534,142,op5> 8.685850146374072E-4
<512,255,86,op8> 1.4061733448218972E-4
<513,518,96,op3> 3.652909727154969E-4
<514,479,91,op6> 0.002503894565084203
<515,534,151,op6> 2.340497485986334E-4
<516,413,119,op6> 2.5369469295581263E-4
<517,258,95,op3> 3.37012304712471E-4
<518,258,87,op5> 6.563604154855953E-5
<519,256,86,op8> 1.4028917267476336E-4
<520,310,124,op2> 1.423973826869355E-4
<521,250,87,op5> 6.361647103937308E-5
<522,250,95,op3> 3.2664269533670264E-4
<523,310,140,op2> 3.391517137086837E-4
<524,335,91,op6> 0.0011988820131093912
<525,415,119,op6> 2.43721437213078E-4
<526,534,119,op6> 1.9385515849940476E-4
<527,389,92,op8> 0.0014909135560777086
<528,311,124,op2> 1.4316090752707997E-4
<529,286,143,op4> 3.691001718532173E-4
<530,484,93,op6> 0.0014090468275805455
<531,383,129,op8> 6.609197033960074E-4
<532,376,118,op8> 3.6115931772990885E-4
<533,251,87,op5> 6.37718226170028E-5
<534,311,140,op2> 3.4097022155698766E-4
<535,313,124,op2> 1.4163385784679108E-4
<536,312,124,op2> 1.4087033300664664E-4
<537,534,151,op1> 4.804994838779891E-5
<538,250,86,op8> 1.3438226014108912E-4
<539,252,87,op5> 6.392717419463253E-5
<540,450,92,op8> 0.0016319881300975807
<541,333,120,op8> 4.702169046398905E-4
<542,311,155,op2> 7.005746538559231E-5
<543,314,124,op2> 1.393432833263578E-4
<544,391,100,op5> 0.0016246734647271195
<545,312,140,op2> 3.3551469801207585E-4
<546,531,118,op8> 1.426974395663861E-4
<547,264,125,op1> 7.850904517294809E-4
<548,343,164,op6> 5.343224694443552E-4
<549,251,86,op8> 1.3471042194851548E-4
<550,502,95,op3> 3.0430815206581707E-4
<551,510,97,op3> 2.6138119880885716E-4
<552,413,142,op5> 0.0011367012892521697
<553,310,155,op2> 6.968382557020247E-5
<554,356,145,op1> 7.716163700204545E-4
<555,415,107,op5> 7.111983033581829E-4
<556,478,95,op3> 2.500671184079519E-4
<557,381,160,op8> 7.808928515188675E-4
<558,253,87,op5> 6.625744785907844E-5
<559,315,124,op2> 1.4010680816650223E-4
<560,312,155,op2> 6.893654593942281E-5
<561,313,140,op2> 3.373332058603798E-4
<562,534,111,op5> 1.2215181056914238E-4
<563,534,110,op5> 1.113339380464139E-4
<564,416,93,op6> 9.289627295973952E-4
<565,354,93,op1> 4.114893005395311E-4
<566,531,129,op8> 2.829879343690018E-4
<567,531,128,op8> 2.4172602413293835E-4
<568,252,86,op8> 1.350385837559418E-4
<569,477,97,op3> 4.239885255742645E-4
<570,485,93,op6> 0.001404245986600714
<571,254,95,op3> 3.394052914914945E-4
<572,253,106,op8> 3.0704997066779424E-4
<573,289,124,op7> 3.2877290142575854E-4
<574,355,109,op1> 5.72557643461762E-4
<575,476,97,op3> 4.172692145509005E-4
<576,314,140,op2> 3.3187768231546797E-4
<577,419,101,op5> 0.002903577448618365
<578,419,90,op1> 0.003913964901002581
<579,351,157,op6> 4.976097167168061E-4
<580,408,142,op5> 9.411998390122387E-4
<581,400,87,op5> 3.0879199706256174E-4
<582,350,133,op6> 0.0015731593476322572
<583,354,151,op1> 1.2900870387077843E-4
<584,358,112,op1> 9.553171982385148E-5
<585,369,143,op1> 6.92878738963839E-4
<586,253,126,op5> 7.149691655304179E-5
<587,316,124,op2> 1.3781623364606893E-4
<588,358,113,op1> 1.070531332699441E-4
<589,411,107,op5> 7.548524191653346E-4
<590,384,100,op5> 0.0017779912041686432
<591,313,155,op2> 6.931018575481264E-5
<592,255,108,op5> 1.3500064892693565E-4
<593,335,89,op8> 9.87346513413961E-4
<594,355,145,op1> 7.660982553361604E-4
<595,250,157,op5> 3.594802235009056E-5
<596,401,93,op1> 1.7198774357879805E-4
<597,254,111,op5> 2.9511809048225047E-5
<598,351,151,op6> 6.223766626722503E-4
<599,493,93,op6> 0.0016730930814712781
<600,289,143,op4> 3.678800059958513E-4
<601,353,133,op6> 0.0015807867868935042
<602,254,110,op5> 2.6898217102994784E-5
<603,377,92,op8> 0.0015893507647320826
<604,353,134,op6> 0.0014760796584148178
<605,371,143,op1> 6.530879499596735E-4
<606,350,164,op6> 0.0013647555334105046
<607,468,106,op8> 2.0625982789290284E-4
<608,254,106,op8> 3.06330041076545E-4
<609,475,98,op3> 4.3564518800219863E-4
<610,303,87,op7> 1.806002185538158E-4
<611,513,95,op3> 1.5035933594864092E-4
<612,358,109,op1> 5.794310845597423E-4
<613,350,157,op6> 4.964063074865357E-4
<614,317,124,op2> 1.3857975848621335E-4
<615,383,128,op8> 5.645523104342566E-4
<616,328,89,op8> 0.0013563875053129498
<617,389,128,op8> 5.724261222952644E-4
<618,383,100,op5> 0.0017730454706382716
<619,534,119,op1> 3.97980788972288E-5
<620,357,113,op1> 1.0629118926090537E-4
<621,256,108,op5> 1.3468559490376894E-4
<622,251,157,op5> 3.603580750845463E-5
<623,314,155,op2> 6.818926630864317E-5
<624,288,88,op7> 8.001357300682125E-4
<625,353,151,op1> 1.2808169522020996E-4
<626,354,119,op6> 5.204792840739646E-4
<627,371,144,op1> 6.737253572000055E-4
<628,254,126,op5> 7.132928017190923E-5
<629,451,102,op8> 0.0051389365589655225
<630,354,96,op3> 7.64456045657744E-4
<631,400,93,op1> 1.7297334669386276E-4
<632,328,91,op6> 0.0016469887327633932
<633,474,98,op3> 4.3006892959577045E-4
<634,255,111,op5> 2.9719882907554482E-5
<635,255,110,op5> 2.708786375706995E-5
<636,315,140,op2> 3.336961901637719E-4
<637,410,142,op5> 0.0011031867549253244
<638,354,164,op6> 0.0013812980247245713
<639,350,151,op6> 6.208715195944455E-4
<640,430,92,op8> 0.001486112096122378
<641,255,106,op8> 3.084898298502927E-4
<642,291,88,op4> 5.414600457917269E-4
<643,469,106,op8> 2.0697975748415205E-4
<644,327,89,op8> 0.001349913101946301
<645,329,95,op3> 1.6790790566147964E-4
<646,357,144,op1> 7.468981774521916E-4
<647,257,108,op5> 1.334253788111021E-4
<648,357,145,op1> 7.697769984590232E-4
<649,252,157,op5> 3.612359266681871E-5
<650,356,115,op8> 1.0798052329351E-4
<651,318,124,op2> 1.3628918396578008E-4
<652,357,143,op1> 7.240193564453599E-4
<653,288,146,op3> 4.925629985282147E-4
<654,315,155,op2> 6.8562906124033E-5
<655,394,129,op8> 6.148304632707629E-4
<656,355,88,op1> 9.254846415856651E-4
<657,256,110,op5> 2.7024648205711557E-5
<658,316,140,op2> 3.2824066661886004E-4
<659,384,129,op8> 6.627632730010172E-4
<660,356,114,op8> 9.317176581325719E-5
<661,256,111,op5> 2.9650524954444666E-5
<662,353,157,op6> 4.988131259470764E-4
<663,420,148,op1> 0.004279333379018894
<664,356,120,op8> 6.114782776221053E-4
<665,255,126,op5> 7.183218931530695E-5
<666,431,92,op8> 0.0014739557599577778
<667,256,106,op8> 3.077699002590435E-4
<668,511,97,op3> 2.5869347439951153E-4
<669,326,89,op8> 0.0013887595221461944
<670,328,95,op3> 1.6711024340180516E-4
<671,359,113,op1> 1.0679915193359786E-4
<672,356,143,op1> 7.257493907498888E-4
<673,356,144,op1> 7.486828803851717E-4
<674,258,108,op5> 1.331103247879354E-4
<675,316,155,op2> 6.74419866778635E-5
<676,359,112,op1> 9.530507280173083E-5
<677,357,89,op8> 0.0012305058150542416
<678,355,114,op8> 9.250545997907418E-5
<679,263,99,op3> 0.0011399192282560713
<680,352,157,op6> 5.000165351773469E-4
<681,355,115,op8> 1.0720831454528464E-4
<682,319,124,op2> 1.3705270880592452E-4
<683,286,143,op7> 6.271119424690585E-4
<684,257,111,op5> 2.937309314200542E-5
<685,341,92,op1> 8.895027745592779E-4
<686,382,129,op8> 6.664504122110369E-4
<687,354,133,op6> 0.0015922279457853752
<688,414,87,op5> 3.545389595903487E-4
<689,371,88,op1> 8.388246151226615E-4
<690,257,110,op5> 2.6771786000278E-5
<691,317,140,op2> 3.3005917446716403E-4
<692,354,134,op6> 0.001486762985254973
<693,473,89,op3> 6.098155666411273E-4
<694,253,157,op5> 3.7440370042279907E-5
<695,357,147,op8> 0.0010532243369473775
<696,256,126,op5> 7.166455293417437E-5
<697,298,87,op7> 2.514098091947178E-4
<698,250,108,op5> 1.2901462248676815E-4
<699,257,86,op8> 1.3897652544505798E-4
<700,516,98,op3> 2.822980818254247E-4
<701,375,128,op8> 6.070708944836985E-4
<702,328,122,op8> 5.095782973937096E-4
<703,450,117,op8> 1.1319633671348596E-4
<704,259,87,op5> 6.594674470381898E-5
<705,293,90,op6> 0.0013754166875640532
<706,259,95,op3> 3.3860762923182E-4
<707,469,95,op3> 2.293278996564152E-4
<708,291,89,op3> 6.807472642148933E-4
<709,424,101,op5> 0.0035094129468033683
<710,250,110,op5> 2.5886768281260546E-5
<711,358,114,op8> 9.361596970271253E-5
<712,472,89,op3> 6.452814154280104E-4
<713,318,140,op2> 3.246036509222522E-4
<714,359,143,op1> 7.274794250544177E-4
<715,339,128,op1> 3.094008108334256E-4
<716,262,104,op5> 2.8848113981666795E-4
<717,317,155,op2> 6.781562649325334E-5
<718,355,147,op8> 0.0010481910067827542
<719,359,145,op1> 7.734557415818858E-4
<720,251,108,op5> 1.2932967650993487E-4
<721,250,111,op5> 2.840208179846805E-5
<722,297,87,op7> 2.5069456080440566E-4
<723,527,151,op6> 3.559663379008155E-4
<724,517,99,op3> 5.85285032689737E-4
<725,258,86,op8> 1.3864836363763162E-4
<726,358,144,op1> 7.522522862511319E-4
<727,297,90,op6> 0.0014326405616380405
<728,464,102,op8> 0.005347143933361915
<729,489,114,op8> 6.585322661175389E-5
<730,471,94,op3> 3.383771748865446E-4
<731,251,110,op5> 2.5949983832618938E-5
<732,319,140,op2> 3.2642215877055615E-4
<733,251,111,op5> 2.847143975157786E-5
<734,354,151,op6> 6.283972349834691E-4
<735,440,125,op8> 5.498484793730121E-4
<736,357,115,op8> 1.0772312037743488E-4
<737,357,114,op8> 9.294966386852952E-5
<738,354,157,op6> 5.024233536378876E-4
<739,250,106,op8> 2.9481116761655743E-4
<740,348,93,op6> 0.0018409012373861295
<741,398,142,op5> 0.0019913219145867253
<742,373,109,op1> 5.216941793367075E-4
<743,252,108,op5> 1.2964473053310156E-4
<744,358,143,op1> 7.292094593589466E-4
<745,250,126,op5> 6.864709807378809E-5
<746,318,155,op2> 6.669470704708385E-5
<747,299,98,op3> 4.914077720664801E-4
<748,518,93,op1> 1.9662782145541668E-4
<749,377,150,op8> 4.6439249542963644E-4
<750,358,145,op1> 7.752951131433173E-4
<751,514,95,op3> 1.647172566227817E-4
<752,251,106,op8> 2.9553109720780666E-4
<753,319,155,op2> 6.706834686247368E-5
<754,252,110,op5> 2.6013199383977322E-5
<755,490,100,op5> 0.001748316802986413
<756,252,111,op5> 2.8540797704687676E-5
<757,251,126,op5> 6.881473445492065E-5
<758,339,92,op1> 8.058504760113833E-4
<759,253,108,op5> 1.3437054088060225E-4
<760,259,86,op8> 1.393046872524843E-4
<761,333,91,op6> 0.0011517128847247592
<762,299,87,op7> 2.5212505758502997E-4
<763,440,92,op8> 0.00159551912160378
<764,370,88,op1> 8.366025631620718E-4
<765,315,88,op2> 3.4211311981582703E-4
<766,359,120,op8> 6.129359135639934E-4
<767,299,90,op6> 0.001440815400791467
<768,252,106,op8> 2.9625102679905585E-4
<769,515,98,op3> 2.850862110286388E-4
<770,359,115,op8> 1.082379262095851E-4
<771,359,114,op8> 9.339386775798487E-5
<772,253,110,op5> 2.696143265435317E-5
<773,403,107,op5> 6.420792866635256E-4
<774,358,120,op8> 6.143935495058815E-4
<775,368,145,op1> 7.3850768191469E-4
<776,403,110,op5> 1.263693894867656E-4
<777,384,128,op8> 5.661270728064582E-4
<778,253,111,op5> 2.9581167001334857E-5
<779,344,164,op6> 5.376309677071684E-4
<780,350,134,op6> 0.0014689574405213808
<781,252,126,op5> 6.898237083605321E-5
<782,254,108,op5> 1.3405548685743553E-4
<783,283,94,op3> 3.083222343912619E-4
<784,507,146,op3> 6.138597103122011E-4
<785,350,93,op1> 4.065612849642074E-4
<786,370,120,op8> 5.48799932120912E-4
<787,371,114,op8> 8.384348413469509E-5
<788,421,116,op1> 2.494887809891468E-4
<789,295,87,op7> 2.4211158012066E-4
<790,372,143,op1> 6.548179842642023E-4
<791,372,145,op1> 6.962021360017688E-4
<792,420,101,op5> 0.003391201142279465
<793,295,90,op6> 0.0013835915267174802
<794,483,154,op3> 1.321906669203608E-4
<795,310,88,op2> 3.47706249840064E-4
<796,371,120,op8> 5.502575680628002E-4
<797,372,115,op8> 9.742700373443037E-5
<798,372,114,op8> 8.406558607942276E-5
<799,481,89,op8> 0.0019908790352445443
<800,507,154,op3> 1.6204715142937847E-4
<801,373,145,op1> 6.980415075632003E-4
<802,373,144,op1> 6.772947630659658E-4
<803,373,143,op1> 6.565480185687314E-4
<804,296,87,op7> 2.4139633173034784E-4
<805,420,116,op1> 2.5058063561054356E-4
<806,509,127,op6> 5.516743868450039E-4
<807,296,90,op6> 0.0013795041071407667
<808,484,151,op1> 9.069234631394843E-5
<809,485,119,op6> 3.646471630937357E-4
<810,307,140,op2> 4.66447263089959E-4
<811,259,157,op5> 3.7264799725551746E-5
<812,486,104,op5> 2.1515730710331717E-4
<813,483,146,op3> 5.007587222974031E-4
<814,486,103,op5> 2.190486223787351E-4
<815,486,128,op1> 6.220133947896897E-4
<816,344,93,op6> 0.0017966753818333093
<817,486,125,op1> 5.58307897741528E-4
<818,266,110,op6> 4.1967510847648444E-5
<819,487,113,op1> 7.327361553589294E-5
<820,352,93,op1> 4.095180943094016E-4
<821,382,160,op8> 7.830589898032473E-4
<822,311,88,op2> 3.4957062651480976E-4
<823,370,144,op1> 6.719406542670253E-4
<824,350,96,op3> 7.55300883434298E-4
<825,370,143,op1> 6.513579156551445E-4
<826,373,112,op1> 8.601254489478443E-5
<827,484,119,op6> 3.6589382006157746E-4
<828,487,112,op1> 6.538766588180582E-5
<829,293,87,op7> 2.406810833400357E-4
<830,310,97,op3> 2.506303011714749E-4
<831,258,157,op5> 3.7089229408823586E-5
<832,487,109,op1> 3.965975513534654E-4
<833,303,126,op7> 1.9488161969151462E-4
<834,278,94,op3> 3.352680431111705E-4
<835,370,114,op8> 8.362138218996742E-5
<836,351,93,op1> 4.075468880792721E-4
<837,428,92,op8> 0.0013706269025586758
<838,415,111,op5> 1.5357349817535264E-4
<839,508,158,op6> 2.605691912117212E-4
<840,286,88,op4> 4.7407138596815447E-4
<841,401,151,op6> 2.6264746707692306E-4
<842,371,145,op1> 6.943627644403375E-4
<843,295,98,op3> 4.7189086764398155E-4
<844,370,115,op8> 9.691219790228012E-5
<845,294,87,op7> 2.392505865594114E-4
<846,481,120,op8> 9.86974048988166E-4
<847,311,97,op3> 2.5197416337614765E-4
<848,413,87,op5> 3.580579567078708E-4
<849,313,88,op2> 3.4584187316531837E-4
<850,485,119,op1> 7.48613381185815E-5
<851,425,116,op1> 2.5713176333892377E-4
<852,374,129,op8> 7.125396523362813E-4
<853,375,118,op8> 3.583704426895234E-4
<854,374,128,op8> 6.086456568559002E-4
<855,483,122,op3> 2.2613938691843047E-4
<856,483,123,op3> 2.3336621153366652E-4
<857,257,157,op5> 3.7177014567187666E-5
<858,414,93,op1> 1.9859902768554612E-4
<859,312,97,op3> 2.479425767621293E-4
<860,291,88,op7> 9.199563884810893E-4
<861,411,93,op6> 9.961745033150364E-4
<862,416,119,op6> 2.4122812327739433E-4
<863,378,100,op5> 0.001901634542427937
<864,352,96,op3> 7.607939807683656E-4
<865,484,119,op1> 7.511727431727749E-5
<866,501,157,op6> 4.5789721211788323E-4
<867,314,88,op2> 3.402487431410814E-4
<868,375,129,op8> 7.106960827312716E-4
<869,353,93,op1> 4.085324911943369E-4
<870,373,147,op8> 9.550743987372276E-4
<871,256,157,op5> 3.752815520064399E-5
<872,507,114,op3> 5.5738314045184843E-5
<873,415,93,op1> 1.9268540899515768E-4
<874,376,92,op8> 0.0015934523150926817
<875,259,126,op5> 7.116164379077665E-5
<876,483,114,op3> 4.5468771537527286E-5
<877,313,97,op3> 2.492864389668021E-4
<878,412,93,op6> 9.865728213553735E-4
<879,292,88,op7> 9.146310258849617E-4
<880,259,106,op8> 3.056101114852958E-4
<881,424,116,op1> 2.593154725817172E-4
<882,293,98,op3> 4.6910273844076746E-4
<883,385,92,op8> 0.0015073197575201044
<884,351,96,op3> 7.571319158789871E-4
<885,501,164,op6> 0.0012588835890004777
<886,326,123,op8> 5.384135215924466E-4
<887,327,122,op8> 5.071459427522122E-4
<888,373,115,op8> 9.768440665050547E-5
<889,373,114,op8> 8.428768802415043E-5
<890,507,122,op3> 2.772150585955882E-4
<891,390,118,op8> 3.063114419356627E-4
<892,357,88,op1> 9.299287455068447E-4
<893,287,143,op4> 3.7032033771058334E-4
<894,415,87,op5> 3.439819682377825E-4
<895,372,120,op8> 5.517152040046885E-4
<896,416,93,op1> 1.907142027650282E-4
<897,258,126,op5> 7.082637102851152E-5
<898,255,157,op5> 3.761594035900807E-5
<899,507,123,op3> 2.8607412837760427E-4
<900,258,106,op8> 3.0417025230279734E-4
<901,314,97,op3> 2.452548523527837E-4
<902,449,156,op8> 3.25892384521905E-4
<903,259,111,op5> 2.944245109511523E-5
<904,259,110,op5> 2.6835001551636386E-5
<905,423,116,op1> 2.527643448533369E-4
<906,376,100,op5> 0.0019214174765494242
<907,416,87,op5> 3.404629711202604E-4
<908,374,118,op8> 3.5930006770298515E-4
<909,265,128,op1> 8.725316983710792E-4
<910,378,160,op8> 8.328801703439795E-4
<911,292,88,op4> 5.383256895208631E-4
<912,334,120,op8> 4.862652631600232E-4
<913,371,147,op8> 9.500410685726046E-4
<914,316,88,op2> 3.365199897915901E-4
<915,373,120,op8> 5.531728399465767E-4
<916,381,100,op5> 0.0017829369376990147
<917,258,111,op5> 2.9303735188895606E-5
<918,254,157,op5> 3.7352584883915826E-5
<919,259,108,op5> 1.337404328342688E-4
<920,257,126,op5> 7.099400740964408E-5
<921,292,89,op3> 6.768066143496843E-4
<922,257,106,op8> 3.048901818940466E-4
<923,315,97,op3> 2.465987145574565E-4
<924,290,88,op7> 9.066429819907699E-4
<925,258,110,op5> 2.670857044891961E-5
<926,422,116,op1> 2.5494805409613037E-4
<927,395,111,op5> 2.6119277822662273E-4
<928,426,148,op1> 0.004130162716569435
<929,359,88,op1> 9.343728494280244E-4
<930,289,143,op7> 6.250388451385823E-4
<931,290,89,op3> 6.708956395518703E-4
<932,290,88,op4> 5.336241551145674E-4
<933,445,125,op8> 5.435644967516063E-4
<934,427,116,op1> 2.3966208939657646E-4
<935,356,89,op8> 0.0012334460917927225
<936,426,116,op1> 2.4184579863936991E-4
<937,341,146,op3> 2.6144358823710566E-4
<938,372,109,op1> 5.203194911171115E-4
<939,264,92,op1> 0.0022781309304543257
<940,509,158,op6> 2.591813393277706E-4
<941,371,113,op1> 9.587795447070914E-5
<942,371,112,op1> 8.555925085054315E-5
<943,340,125,op1> 3.2960345770282983E-4
<944,428,125,op8> 4.723460270423399E-4
<945,404,107,op5> 6.202522287599497E-4
<946,429,117,op8> 9.422488363301345E-5
<947,359,89,op8> 0.0012363863685312035
<948,372,112,op1> 8.578589787266377E-5
<949,372,113,op1> 9.613193580705539E-5
<950,428,117,op8> 9.506805932547887E-5
<951,358,89,op8> 0.001239326645269684
<952,399,93,op6> 0.0017163006502897615
<953,386,92,op8> 0.0015032182071595052
<954,370,112,op1> 8.533260382842249E-5
<955,370,113,op1> 9.562397313436289E-5
<956,261,125,op1> 7.543402749175551E-4
<957,468,86,op8> 9.401835782764843E-5
<958,498,118,op8> 3.18396567110666E-4
<959,261,103,op5> 2.9596070321395365E-4
<960,261,128,op1> 8.40413967142696E-4
<961,260,111,op5> 2.7153638642491432E-5
<962,260,110,op5> 2.4748888356809536E-5
<963,498,160,op8> 7.419023624000337E-4
<964,388,118,op8> 3.388483174068256E-4
<965,320,140,op2> 3.918884413094978E-4
<966,261,104,op5> 2.9070307414131495E-4
<967,260,108,op5> 1.2334365006976737E-4
<968,429,156,op8> 2.7228765585288135E-4
<969,260,106,op8> 2.818524349740714E-4
<970,262,125,op1> 7.485746167653192E-4
<971,321,140,op2> 3.9370694915780174E-4
<972,262,103,op5> 2.936985831893884E-4
<973,260,126,op5> 6.562964321340179E-5
<974,322,124,op2> 1.6606665273141274E-4
<975,429,125,op8> 4.681567052947361E-4
<976,305,97,op3> 3.4201293108922443E-4
<977,469,86,op8> 9.434651963507478E-5
<978,522,89,op8> 6.424504673580687E-4
<979,320,124,op2> 1.6453960305112385E-4
<980,428,156,op8> 2.7472423442874606E-4
<981,323,155,op2> 7.902482095494811E-5
<982,381,129,op8> 6.646068426060269E-4
<983,324,140,op2> 3.8643291776458604E-4
<984,324,155,op2> 7.939846077033794E-5
<985,325,140,op2> 3.882514256128899E-4
<986,322,140,op2> 3.955254570061057E-4
<987,324,124,op2> 1.6224902853069058E-4
<988,468,95,op3> 2.2853023739674073E-4
<989,323,124,op2> 1.6148550369054617E-4
<990,323,140,op2> 3.8461440991628204E-4
<991,322,155,op2> 8.126665984728706E-5
<992,321,155,op2> 8.089302003189723E-5
<993,267,110,op6> 4.186426973855214E-5
<994,267,111,op6> 4.593205303298634E-5
<995,326,122,op8> 5.217400706011966E-4
<996,317,97,op3> 2.4391099014811087E-4
<997,399,93,op1> 3.523531136356463E-4
<998,266,126,op6> 1.1129036277412846E-4
<999,267,117,op6> 2.1525353266381058E-5
<1000,397,87,op5> 6.255017376395484E-4
<1001,368,114,op8> 8.917393080815913E-5
<1002,280,94,op3> 3.021039708405138E-4
<1003,368,115,op8> 1.0334727080415795E-4
<1004,367,120,op8> 5.866984666100055E-4
<1005,318,88,op2> 3.327912364420988E-4
<1006,411,93,op1> 2.0451264637593458E-4
<1007,369,145,op1> 7.366683103532587E-4
<1008,327,120,op8> 6.69216550289537E-4
<1009,369,144,op1> 7.147735246585488E-4
<1010,384,150,op8> 4.3083639253407554E-4
<1011,396,93,op6> 0.0017018981273502671
<1012,268,111,op6> 4.5818780399119554E-5
<1013,268,110,op6> 4.176102862945583E-5
<1014,267,126,op6> 1.110165857439338E-4
<1015,417,101,op5> 0.002829695070790926
<1016,506,94,op3> 3.8397777425869766E-4
<1017,327,123,op8> 5.233530035059445E-4
<1018,269,107,op6> 2.1166203780587529E-4
<1019,268,117,op6> 2.147226978113721E-5
<1020,369,120,op8> 5.83783194726229E-4
<1021,392,128,op8> 5.220337263848147E-4
<1022,390,100,op5> 0.001629619198257491
<1023,316,97,op3> 2.4256712794343814E-4
<1024,483,89,op3> 6.01934266910709E-4
<1025,367,114,op8> 8.939603275288681E-5
<1026,398,87,op5> 6.272612361983094E-4
<1027,380,92,op8> 0.0014868120057171096
<1028,304,90,op6> 0.0010279860235434157
<1029,410,93,op1> 1.9465661522528717E-4
<1030,338,89,op3> 2.8274162782876183E-4
<1031,366,120,op8> 5.779526509586761E-4
<1032,368,144,op1> 7.165582275915289E-4
<1033,317,88,op2> 3.3838436646633574E-4
<1034,328,120,op8> 6.724262219935635E-4
<1035,364,147,op8> 0.0010028910353011467
<1036,393,100,op5> 0.001634564931787863
<1037,389,160,op8> 7.873912663720066E-4
<1038,397,93,op6> 0.0017066989683300988
<1039,368,143,op1> 6.946087732683678E-4
<1040,367,115,op8> 1.0360467372023306E-4
<1041,393,92,op8> 0.001355562394177944
<1042,410,93,op6> 9.481660935167215E-4
<1043,266,107,op6> 2.132357332542461E-4
<1044,270,94,op3> 3.2283151600967427E-4
<1045,395,87,op5> 5.850332707880443E-4
<1046,413,93,op1> 2.0057023391567566E-4
<1047,398,110,op5> 2.5524468754692327E-4
<1048,336,128,op1> 3.2010672124288677E-4
<1049,365,120,op8> 5.794102869005644E-4
<1050,366,114,op8> 8.80634210845208E-5
<1051,309,97,op3> 3.460445177032427E-4
<1052,366,115,op8> 1.0206025622378237E-4
<1053,416,142,op5> 0.0010808437320407609
<1054,380,128,op8> 5.708513599230629E-4
<1055,249,86,op8> 1.209276260366089E-4
<1056,412,87,op5> 3.6157695382539286E-4
<1057,363,147,op8> 0.0010054077003834583
<1058,367,143,op1> 6.963388075728969E-4
<1059,388,92,op8> 0.0014950151064383073
<1060,325,155,op2> 7.977210058572776E-5
<1061,367,144,op1> 7.183429305245092E-4
<1062,264,136,op5> 2.642497209006797E-4
<1063,367,145,op1> 7.403470534761215E-4
<1064,386,150,op8> 4.3922541825796587E-4
<1065,397,107,op5> 0.001293253180786875
<1066,523,89,op8> 6.60092127788954E-4
<1067,318,97,op3> 2.3987940353409256E-4
<1068,266,111,op6> 4.604532566685315E-5
<1069,526,93,op1> 2.2718151802242375E-4
<1070,400,107,op5> 6.384414436795963E-4
<1071,394,92,op8> 0.0013678670452597409
<1072,410,87,op5> 3.475009653553046E-4
<1073,357,109,op1> 5.753070199009542E-4
<1074,395,93,op6> 0.0015962796257939736
<1075,267,107,op6> 2.1271116810478915E-4
<1076,266,117,op6> 2.157843675162491E-5
<1077,265,136,op5> 2.6360284275893993E-4
<1078,319,88,op2> 3.3465561311684446E-4
<1079,412,93,op1> 2.0254144014580515E-4
<1080,288,123,op3> 2.2954679726961303E-4
<1081,374,150,op8> 4.631940631833664E-4
<1082,364,120,op8> 5.808679228424526E-4
<1083,365,115,op8> 1.0231765913985749E-4
<1084,365,114,op8> 8.828552302924846E-5
<1085,366,144,op1> 7.076347129266282E-4
<1086,366,145,op1> 7.293108241075332E-4
<1087,326,120,op8> 6.884745805136963E-4
<1088,369,112,op1> 9.077213235931795E-5
<1089,362,147,op8> 9.928243749719008E-4
<1090,369,113,op1> 1.0171952520667288E-4
<1091,366,143,op1> 6.859586017457231E-4
<1092,249,87,op5> 5.724705635655429E-5
<1093,249,95,op3> 2.939385426900487E-4
<1094,265,104,op5> 3.0181274576454993E-4
<1095,262,136,op5> 2.519590362076248E-4
<1096,260,157,op5> 3.436788949953713E-5
<1097,369,147,op8> 0.0010079243654657697
<1098,343,93,op6> 0.0017856189179451046
<1099,265,125,op1> 7.831685656787356E-4
<1100,265,103,op5> 3.0727130333677987E-4
<1101,289,89,op3> 5.940529671802904E-4
<1102,264,103,op5> 3.0802534334496825E-4
<1103,287,88,op7> 8.081237739624044E-4
<1104,263,136,op5> 2.5260591434936454E-4
<1105,368,147,op8> 0.0010104410305480814
<1106,328,123,op8> 5.258630898536949E-4
<1107,288,89,op3> 5.920826422476858E-4
<1108,263,103,op5> 2.944526231975768E-4
<1109,329,123,op8> 5.283731762014453E-4
<1110,473,154,op3> 1.3392147761653574E-4
<1111,263,125,op1> 7.504965028160644E-4
<1112,288,88,op4> 4.7093702969729074E-4
<1113,526,93,op6> 0.001106593845851161
<1114,360,88,op1> 8.788215504132784E-4
<1115,287,89,op3> 5.979936170454997E-4
<1116,261,136,op5> 2.5389967063284405E-4
<1117,264,104,op5> 3.0255339053943223E-4
<1118,264,128,op1> 8.746728804529713E-4
<1119,368,120,op8> 5.852408306681173E-4
<1120,369,115,op8> 1.0308986788808284E-4
<1121,369,114,op8> 8.895182886343147E-5
<1122,287,88,op4> 4.756385641035865E-4
<1123,534,93,op1> 1.532612843925679E-4
<1124,304,107,op7> 3.719203254616097E-4
<1125,302,126,op7> 1.9256619450706098E-4
<1126,303,111,op7> 8.063041058992437E-5
<1127,388,100,op5> 0.001802719871820502
<1128,305,124,op2> 1.9431707181675648E-4
<1129,302,98,op3> 3.4781911810095536E-4
<1130,410,107,op5> 7.184739893260414E-4
<1131,380,160,op8> 7.852251280876271E-4
<1132,381,150,op8> 4.320348247803456E-4
<1133,444,125,op8> 5.414698358778043E-4
<1134,302,127,op6> 3.68521444492178E-4
<1135,300,87,op7> 1.777392249925672E-4
<1136,276,110,op6> 3.3192016574462414E-5
<1137,276,111,op6> 3.641715178817536E-5
<1138,273,142,op6> 2.573405858483073E-4
<1139,509,90,op6> 0.0015266512119024485
<1140,344,93,op1> 1.601605061980211E-4
<1141,300,90,op6> 0.0010157237648132755
<1142,385,118,op8> 3.4163719244721105E-4
<1143,272,156,op6> 4.8243901512385825E-5
<1144,275,126,op6> 8.774553817738786E-5
<1145,277,107,op6> 1.6917226069986316E-4
<1146,308,124,op2> 1.950805966569009E-4
<1147,276,117,op6> 1.706634050589768E-5
<1148,343,96,op3> 2.95711739817307E-4
<1149,386,129,op8> 6.756682602360858E-4
<1150,397,119,op6> 4.4318655206777115E-4
<1151,518,119,op6> 2.4870806508444537E-4
<1152,342,89,op3> 3.162371516830402E-4
<1153,301,126,op7> 1.933380029018788E-4
<1154,410,119,op1> 5.0547399242461006E-5
<1155,302,111,op7> 7.967242551360843E-5
<1156,518,134,op6> 7.104412348703405E-4
<1157,518,133,op6> 7.608370663094189E-4
<1158,416,151,op6> 2.9124518555521256E-4
<1159,303,98,op3> 3.5200131190577655E-4
<1160,303,107,op7> 3.733991339127494E-4
<1161,344,133,op6> 6.197294399763436E-4
<1162,301,127,op6> 3.6999848434986205E-4
<1163,286,112,op7> 8.215620576125256E-5
<1164,334,89,op8> 9.808721100473122E-4
<1165,301,87,op7> 1.791697217731915E-4
<1166,275,111,op6> 3.630387915430857E-5
<1167,272,142,op6> 2.5331334663315384E-4
<1168,275,110,op6> 3.308877546536611E-5
<1169,385,129,op8> 6.775118298410956E-4
<1170,386,118,op8> 3.407075674337492E-4
<1171,385,128,op8> 5.787251717840707E-4
<1172,271,156,op6> 4.855069897828335E-5
<1173,274,126,op6> 8.69242070868039E-5
<1174,301,90,op6> 0.0010238986039667023
<1175,343,93,op1> 1.591749030829564E-4
<1176,518,151,op1> 6.164607526280311E-5
<1177,404,142,op5> 9.523713504545205E-4
<1178,276,107,op6> 1.6864769555040618E-4
<1179,275,117,op6> 1.7013257020653832E-5
<1180,413,119,op1> 5.208301643463703E-5
<1181,411,110,op5> 1.4856457970823718E-4
<1182,411,111,op5> 1.630000044572157E-4
<1183,412,107,op5> 7.475767331974762E-4
<1184,304,126,op7> 1.941098112966967E-4
<1185,341,89,op3> 3.142668267504356E-4
<1186,485,96,op3> 5.35576990071593E-4
<1187,305,140,op2> 4.628102473933512E-4
<1188,443,125,op8> 5.56132461994418E-4
<1189,515,126,op7> 1.5783481674025638E-4
<1190,300,98,op3> 3.464250534993483E-4
<1191,307,124,op2> 1.9584412149704528E-4
<1192,396,93,op1> 3.493963042904522E-4
<1193,274,110,op6> 3.27790521380772E-5
<1194,274,111,op6> 3.5964061252708184E-5
<1195,383,150,op8> 4.296379602878055E-4
<1196,304,127,op6> 3.7147552420754615E-4
<1197,331,89,op8> 9.614488999473653E-4
<1198,399,142,op5> 0.0019969076703078657
<1199,301,158,op6> 1.7382844846481005E-4
<1200,270,156,op6> 4.778370531353953E-5
<1201,273,126,op6> 8.74717611471932E-5
<1202,410,119,op6> 2.4621475114876165E-4
<1203,275,107,op6> 1.6812313040094926E-4
<1204,274,117,op6> 1.6854006564922286E-5
<1205,387,118,op8> 3.397779424202874E-4
<1206,386,128,op8> 5.771504094118691E-4
<1207,271,142,op6> 2.5492424231921527E-4
<1208,342,92,op1> 8.950795944624709E-4
<1209,410,110,op5> 1.4140484092711733E-4
<1210,410,111,op5> 1.5514458255566315E-4
<1211,340,89,op3> 3.3791072594169095E-4
<1212,391,92,op8> 0.0013473592934567463
<1213,304,111,op7> 8.031108223115239E-5
<1214,412,119,op1> 5.2594888832029054E-5
<1215,306,124,op2> 1.9355354697661204E-4
<1216,301,98,op3> 3.4921318270256246E-4
<1217,273,110,op6> 3.298553435626981E-5
<1218,300,158,op6> 1.7244059658085944E-4
<1219,383,160,op8> 7.765605749501083E-4
<1220,303,127,op6> 3.729525640652303E-4
<1221,274,107,op6> 1.6654943495257848E-4
<1222,273,117,op6> 1.6960173535409984E-5
<1223,272,126,op6> 8.610287599621992E-5
<1224,273,111,op6> 3.6190606520441764E-5
<1225,387,128,op8> 5.755756470396674E-4
<1226,270,142,op6> 2.5089700310406175E-4
<1227,309,124,op2> 1.9660764633718978E-4
<1228,306,155,op2> 9.471769320132079E-5
<1229,380,129,op8> 6.682939818160467E-4
<1230,381,118,op8> 3.3512981735297836E-4
<1231,382,92,op8> 0.0014827104553565107
<1232,518,164,op6> 6.600454034312622E-4
<1233,277,142,op6> 2.5975692937739946E-4
<1234,303,158,op6> 1.7521630034876063E-4
<1235,276,156,op6> 4.931769264302715E-5
<1236,279,126,op6> 8.88406462981665E-5
<1237,305,155,op2> 9.50913330167106E-5
<1238,306,140,op2> 4.6099173954504733E-4
<1239,382,118,op8> 3.3605944236644023E-4
<1240,381,128,op8> 5.677018351786597E-4
<1241,279,117,op6> 1.7225590961629233E-5
<1242,276,142,op6> 2.5895148153436874E-4
<1243,279,111,op6> 3.675696968977576E-5
<1244,279,110,op6> 3.350173990175134E-5
<1245,302,158,op6> 1.7313452252283473E-4
<1246,275,156,op6> 4.9164293910078396E-5
<1247,278,126,op6> 8.856686926797183E-5
<1248,390,150,op8> 3.9488342514597475E-4
<1249,383,118,op8> 3.3327056732605477E-4
<1250,382,128,op8> 5.692765975508614E-4
<1251,309,140,op2> 4.6826577093826303E-4
<1252,386,100,op5> 0.001812611338881246
<1253,308,155,op2> 9.546497283210043E-5
<1254,279,107,op6> 1.7022139099877703E-4
<1255,278,117,op6> 1.717250747638538E-5
<1256,274,156,op6> 4.870409771123211E-5
<1257,277,126,op6> 8.829309223777718E-5
<1258,275,142,op6> 2.5814603369133803E-4
<1259,278,111,op6> 3.664369705590896E-5
<1260,278,110,op6> 3.339849879265503E-5
<1261,307,155,op2> 9.583861264749023E-5
<1262,493,119,op1> 8.919376524555777E-5
<1263,518,151,op6> 3.00276044022041E-4
<1264,308,140,op2> 4.6462875524165516E-4
<1265,384,118,op8> 3.342001923395166E-4
<1266,380,150,op8> 4.344316892728857E-4
<1267,278,107,op6> 1.6969682584932008E-4
<1268,284,142,op6> 2.3800983761557064E-4
<1269,277,117,op6> 1.7119423991141533E-5
<1270,273,156,op6> 4.901089517712963E-5
<1271,276,126,op6> 8.801931520758253E-5
<1272,304,158,op6> 1.745223744067853E-4
<1273,337,125,op1> 2.8924385063717713E-4
<1274,389,129,op8> 6.701375514210564E-4
<1275,274,142,op6> 2.55729690162246E-4
<1276,277,111,op6> 3.6530424422042166E-5
<1277,400,151,op6> 2.6415261015472766E-4
<1278,277,110,op6> 3.329525768355873E-5
<1279,341,128,op1> 3.41518542061809E-4
<1280,415,151,op1> 6.041006372871181E-5
<1281,341,114,op3> 2.3739014927121443E-5
<1282,340,123,op3> 1.3100590925703374E-4
<1283,340,122,op3> 1.2694895206713852E-4
<1284,341,125,op1> 3.0654082509388547E-4
<1285,414,142,op5> 0.0011255297778098878
<1286,419,116,op1> 2.145494331044523E-4
<1287,413,151,op6> 3.062966163332598E-4
<1288,380,100,op5> 0.0017928284047597587
<1289,414,151,op1> 6.226408102984875E-5
<1290,340,114,op3> 2.5525022319757547E-5
<1291,444,92,op8> 0.0015712064492745795
<1292,416,111,op5> 1.520024137950421E-4
<1293,418,116,op1> 2.0690645075467537E-4
<1294,416,110,op5> 1.385409454146694E-4
<1295,412,151,op6> 3.0930690248886925E-4
<1296,342,123,op3> 1.2260319787611612E-4
<1297,349,96,op3> 2.902186424832393E-4
<1298,342,122,op3> 1.188064536838235E-4
<1299,344,119,op1> 4.158963228810082E-5
<1300,281,94,op3> 3.0003121632359773E-4
<1301,418,148,op1> 0.003533480066771592
<1302,396,151,op6> 5.33573221081772E-4
<1303,493,119,op6> 4.344599532928782E-4
<1304,415,151,op6> 2.9425547171082204E-4
<1305,281,87,op6> 7.345019739923901E-5
<1306,341,122,op3> 1.180662265580676E-4
<1307,342,125,op1> 3.0846271114463083E-4
<1308,342,114,op3> 2.3887848876507786E-5
<1309,409,142,op5> 9.356140832910981E-4
<1310,341,123,op3> 1.2183931502330543E-4
<1311,401,142,op5> 9.747143733390842E-4
<1312,343,119,op1> 4.1333696089404825E-5
<1313,342,128,op1> 3.436597241437012E-4
<1314,416,151,op1> 5.979205796166616E-5
<1315,349,93,op1> 1.5621809373776211E-4
<1316,347,164,op6> 5.475564624956085E-4
<1317,348,96,op3> 3.0486690204075296E-4
<1318,493,151,op1> 1.0768750490770367E-4
<1319,380,118,op8> 3.36989067379902E-4
<1320,497,116,op1> 3.761439170711644E-4
<1321,414,151,op6> 3.0328633017765035E-4
<1322,280,87,op6> 7.395762536054636E-5
<1323,413,110,op5> 1.4570068419578926E-4
<1324,272,111,op6> 3.562424335110778E-5
<1325,413,111,op5> 1.5985783569659467E-4
<1326,272,110,op6> 3.246932881078828E-5
<1327,273,107,op6> 1.6759856525149232E-4
<1328,272,117,op6> 1.6694756109190734E-5
<1329,271,126,op6> 8.665043005660924E-5
<1330,411,151,op1> 6.411809833098567E-5
<1331,412,119,op6> 2.5618800689149635E-4
<1332,348,93,op1> 1.6410291865828007E-4
<1333,300,107,op7> 3.6748390010819083E-4
<1334,284,94,op3> 3.0624947987434586E-4
<1335,414,107,op5> 7.330253612617587E-4
<1336,415,119,op1> 5.003552684506899E-5
<1337,283,87,op6> 7.547990924446841E-5
<1338,271,110,op6> 3.2675811028980887E-5
<1339,412,110,op5> 1.4713263195201322E-4
<1340,346,96,op3> 3.012048371513746E-4
<1341,271,111,op6> 3.5850788618841376E-5
<1342,410,151,op1> 6.1028069495757455E-5
<1343,411,119,op6> 2.5868132082717995E-4
<1344,270,126,op6> 8.528154490563594E-5
<1345,282,94,op3> 3.1039498890817797E-4
<1346,282,87,op6> 7.598733720577577E-5
<1347,272,107,op6> 1.6497573950420764E-4
<1348,271,117,op6> 1.6800923079678434E-5
<1349,413,107,op5> 7.403010472296174E-4
<1350,414,119,op1> 5.157114403724503E-5
<1351,412,111,op5> 1.6142892007690518E-4
<1352,270,111,op6> 3.528442544950739E-5
<1353,300,127,op6> 3.670444046344939E-4
<1354,285,110,op6> 3.040450662886215E-5
<1355,374,160,op8> 8.372124469127387E-4
<1356,417,116,op1> 2.0909015999746882E-4
<1357,415,110,op5> 1.3997289317089335E-4
<1358,270,110,op6> 3.215960548349935E-5
<1359,412,142,op5> 0.0011478728006944514
<1360,346,93,op1> 1.6213171242815058E-4
<1361,493,151,op6> 5.245423626149437E-4
<1362,286,89,op3> 5.960232921128951E-4
<1363,414,119,op6> 2.51201379020129E-4
<1364,300,126,op7> 1.9179438611224305E-4
<1365,302,107,op7> 3.6896270855933053E-4
<1366,411,151,op6> 3.123171886444786E-4
<1367,301,111,op7> 7.99917538723804E-5
<1368,285,87,op6> 7.471876730250738E-5
<1369,375,160,op8> 8.350463086283591E-4
<1370,416,107,op5> 7.039226173903241E-4
<1371,441,156,op8> 3.210192273701755E-4
<1372,271,107,op6> 1.6602486980312153E-4
<1373,270,117,op6> 1.6535505653459185E-5
<1374,344,96,op3> 2.9754277226199614E-4
<1375,412,151,op1> 6.350009256394005E-5
<1376,414,111,op5> 1.5828675131628414E-4
<1377,338,92,op1> 8.002736561081903E-4
<1378,414,110,op5> 1.4426873643956525E-4
<1379,285,94,op3> 3.0521310261588777E-4
<1380,373,88,op1> 8.432687190438412E-4
<1381,301,107,op7> 3.7044151701047013E-4
<1382,410,151,op6> 2.972657578664315E-4
<1383,284,87,op6> 7.497248128316106E-5
<1384,416,119,op1> 4.9523654447676986E-5
<1385,300,111,op7> 7.935309715483645E-5
<1386,270,107,op6> 1.634020440558368E-4
<1387,274,87,op6> 8.055418885754194E-5
<1388,332,123,op8> 3.6521756359767356E-4
<1389,442,156,op8> 3.222375166581079E-4
<1390,275,94,op3> 3.321589113357964E-4
<1391,446,117,op8> 1.0982363394362417E-4
<1392,336,125,op1> 2.8732196458643183E-4
<1393,484,151,op6> 4.417594933356842E-4
<1394,336,114,op3> 2.2250675433258032E-5
<1395,275,87,op6> 8.131533079950295E-5
<1396,447,117,op8> 1.1024522178985688E-4
<1397,486,136,op5> 1.8791810017539158E-4
<1398,443,156,op8> 3.2345580594604026E-4
<1399,446,125,op8> 5.456591576254083E-4
<1400,486,92,op1> 0.001620066181877556
<1401,333,123,op8> 3.677276499454239E-4
<1402,336,122,op3> 1.1066395530050849E-4
<1403,336,123,op3> 1.142004864951985E-4
<1404,489,89,op8> 8.717920529595762E-4
<1405,337,114,op3> 2.2399509382644375E-5
<1406,337,128,op1> 3.222479033247789E-4
<1407,487,145,op1> 5.306586954729466E-4
<1408,444,156,op8> 3.149277809305137E-4
<1409,279,142,op6> 2.6136782506346084E-4
<1410,447,125,op8> 5.477538184992101E-4
<1411,276,87,op6> 8.156904478015662E-5
<1412,334,122,op8> 3.685017281868592E-4
<1413,448,117,op8> 1.1235316102102049E-4
<1414,334,123,op8> 3.8027808168417554E-4
<1415,338,114,op3> 2.1357671736939987E-5
<1416,338,128,op1> 3.072596287515334E-4
<1417,337,122,op3> 1.1140418242626442E-4
<1418,338,125,op1> 2.757906482819596E-4
<1419,337,123,op3> 1.149643693480092E-4
<1420,489,115,op8> 7.631996461627107E-5
<1421,488,120,op8> 4.3510432865363145E-4
<1422,335,123,op8> 3.827881680319259E-4
<1423,277,87,op6> 8.18227587608103E-5
<1424,445,156,op8> 3.1614607021844613E-4
<1425,448,125,op8> 5.582271228682199E-4
<1426,335,120,op8> 4.894749348640498E-4
<1427,335,122,op8> 3.709340828283566E-4
<1428,338,123,op3> 1.0961718937833435E-4
<1429,339,114,op3> 2.1506505686326327E-5
<1430,336,146,op3> 2.4505214069872914E-4
<1431,338,122,op3> 1.0622259254597305E-4
<1432,339,125,op1> 2.77712534332705E-4
<1433,488,114,op8> 6.629743050120923E-5
<1434,485,151,op6> 4.4025435025787956E-4
<1435,488,115,op8> 7.683477044842129E-5
<1436,446,156,op8> 3.173643595063785E-4
<1437,278,87,op6> 8.207647274146397E-5
<1438,447,156,op8> 3.185826487943108E-4
<1439,279,87,op6> 8.233018672211766E-5
<1440,489,120,op8> 4.32189056769855E-4
<1441,330,123,op8> 3.7023773629317426E-4
<1442,330,122,op8> 3.5877230962086946E-4
<1443,448,156,op8> 3.246740952339726E-4
<1444,331,123,op8> 3.727478226409246E-4
<1445,331,122,op8> 3.612046642623669E-4
<1446,489,147,op8> 7.461911969053703E-4
<1447,267,156,op6> 6.22031862107232E-5
<1448,268,142,op6> 3.2580365250591654E-4
<1449,510,155,op2> 7.267294409332107E-5
<1450,309,155,op2> 9.621225246288009E-5
<1451,379,150,op8> 4.595987664445563E-4
<1452,268,156,op6> 6.204978747777445E-5
<1453,377,160,op8> 8.393785851971185E-4
<1454,378,150,op8> 4.607971986908263E-4
<1455,269,110,op6> 4.165778752035952E-5
<1456,269,111,op6> 4.570550776525275E-5
<1457,266,142,op6> 3.274145481919779E-4
<1458,268,126,op6> 1.1074280871373914E-4
<1459,269,117,op6> 2.1419186295893357E-5
<1460,510,124,op2> 1.4850558140809092E-4
<1461,440,117,op8> 1.106668096360896E-4
<1462,267,142,op6> 3.266091003489472E-4
<1463,309,88,op2> 4.8007699374700533E-4
<1464,266,156,op6> 6.235658494367197E-5
<1465,345,119,op6> 2.0382841424213937E-4
<1466,269,126,op6> 1.1046903168354448E-4
<1467,308,97,op3> 3.433567932938972E-4
<1468,441,117,op8> 1.1108839748232234E-4
<1469,379,160,op8> 8.307140320595997E-4
<1470,534,93,op6> 7.465307723637984E-4
<1471,378,118,op8> 3.574408176760615E-4
<1472,377,128,op8> 6.102204192281016E-4
<1473,308,88,op2> 4.76348240397514E-4
<1474,515,111,op7> 6.530264936886943E-5
<1475,518,119,op1> 5.105927163985302E-5
<1476,339,123,op3> 1.1038107223114503E-4
<1477,339,122,op3> 1.0696281967172895E-4
<1478,336,154,op3> 6.468904976953825E-5
<1479,442,117,op8> 1.1150998532855505E-4
<1480,337,146,op3> 2.466912854525668E-4
<1481,307,97,op3> 3.4470065549856995E-4
<1482,383,92,op8> 0.0014704058042747138
<1483,377,118,op8> 3.6022969271644697E-4
<1484,376,128,op8> 6.117951816003033E-4
<1485,376,129,op8> 7.162267915463011E-4
<1486,307,88,op2> 4.7821261707225955E-4
<1487,337,154,op3> 6.5121752443582E-5
<1488,443,117,op8> 1.1193157317478778E-4
<1489,515,107,op7> 3.0241632825804847E-4
<1490,338,146,op3> 2.3521727217570325E-4
<1491,306,88,op2> 4.726194870480227E-4
<1492,531,92,op8> 6.295879803519346E-4
<1493,379,128,op8> 6.039213697392955E-4
<1494,379,129,op8> 7.070089435212521E-4
<1495,269,156,op6> 6.189638874482568E-5
<1496,376,150,op8> 4.655909276759065E-4
<1497,534,87,op5> 2.7360202588734106E-4
<1498,339,146,op3> 2.3685641692954086E-4
<1499,444,117,op8> 1.089804582511587E-4
<1500,338,154,op3> 6.209283372527586E-5
<1501,304,87,op7> 1.7988497016350365E-4
<1502,440,156,op8> 3.198009380822432E-4
<1503,305,88,op2> 4.744838637227683E-4
<1504,379,118,op8> 3.5651119266259974E-4
<1505,378,128,op8> 6.05496132111497E-4
<1506,395,107,op5> 0.0012095827921565002
<1507,378,129,op8> 7.088525131262619E-4
<1508,302,87,op7> 1.7845447338287937E-4
<1509,375,150,op8> 4.6199563093709633E-4
<1510,302,90,op6> 0.001019811184389989
<1511,445,117,op8> 1.0940204609739144E-4
<1512,339,154,op3> 6.252553639931958E-5
<1513,447,92,op8> 0.0015894409535214798
<1514,286,113,op7> 9.206449188321269E-5
<1515,288,114,op3> 4.4724601790595574E-5
<1516,287,123,op3> 2.3183844582804513E-4
<1517,401,119,op1> 4.466086667245289E-5
<1518,287,122,op3> 2.246589326669186E-4
<1519,527,151,op1> 7.307918195314755E-5
<1520,399,151,op1> 1.1046853085940904E-4
<1521,282,156,op6> 4.5942920518154386E-5
<1522,331,91,op6> 0.0011674359275196367
<1523,285,126,op6> 8.062733539232676E-5
<1524,287,112,op4> 4.8514645954184385E-5
<1525,287,113,op4> 5.436565853157346E-5
<1526,286,124,op4> 1.9414814832832166E-4
<1527,283,142,op6> 2.3962073330163202E-4
<1528,399,107,op5> 0.0013005288667547333
<1529,446,92,op8> 0.0015833627854391801
<1530,287,114,op3> 4.5171103638754606E-5
<1531,286,123,op3> 2.3107456297523441E-4
<1532,286,122,op3> 2.239187055411627E-4
<1533,400,119,op1> 4.4916802871148885E-5
<1534,281,156,op6> 4.4408933188666755E-5
<1535,284,126,op6> 8.090111242252141E-5
<1536,285,117,op6> 1.5633086404313738E-5
<1537,282,142,op6> 2.4123162898769343E-4
<1538,286,113,op4> 5.418652950840517E-5
<1539,285,111,op6> 3.335879067377183E-5
<1540,397,151,op6> 5.350783641595768E-4
<1541,286,112,op4> 4.835479539090864E-5
<1542,287,124,op7> 3.30953816194752E-4
<1543,264,86,op5> 1.3292285356781384E-4
<1544,289,123,op3> 2.3031068012242372E-4
<1545,289,122,op3> 2.2317847841540677E-4
<1546,286,154,op3> 1.3089255889822958E-4
<1547,399,110,op5> 2.5596066142503514E-4
<1548,399,111,op5> 2.8083133298050417E-4
<1549,288,113,op7> 9.145580102778648E-5
<1550,396,142,op5> 0.001980150403144443
<1551,288,112,op7> 8.161302423555832E-5
<1552,284,156,op6> 4.532932558635933E-5
<1553,397,151,op1> 1.0985052509236344E-4
<1554,331,95,op3> 1.1845284556166142E-4
<1555,289,112,op4> 4.8194944827632906E-5
<1556,393,150,op8> 3.9608185739224477E-4
<1557,289,113,op4> 5.400740048523688E-5
<1558,288,124,op4> 1.928645242071427E-4
<1559,330,89,op8> 9.549744965807164E-4
<1560,285,142,op6> 2.372043897725399E-4
<1561,286,124,op7> 3.298633588102553E-4
<1562,287,113,op7> 9.236883731092577E-5
<1563,289,114,op3> 4.487343573998192E-5
<1564,288,122,op3> 2.2243825128965089E-4
<1565,287,112,op7> 8.242779652409968E-5
<1566,286,146,op3> 4.958412880358901E-4
<1567,283,156,op6> 4.5636123052256855E-5
<1568,398,151,op1> 1.1015952797588625E-4
<1569,399,119,op6> 4.4567986600345464E-4
<1570,330,95,op3> 1.1765518330198692E-4
<1571,288,112,op4> 4.803509426435718E-5
<1572,393,160,op8> 7.159087029874778E-4
<1573,394,150,op8> 3.9967715413105485E-4
<1574,395,151,op6> 5.004600733700681E-4
<1575,288,113,op4> 5.382827146206862E-5
<1576,287,124,op4> 1.9478996038891117E-4
<1577,390,160,op8> 7.137425647030983E-4
<1578,287,143,op7> 6.291850397995347E-4
<1579,397,110,op5> 2.5452871366881124E-4
<1580,397,111,op5> 2.792602486001937E-4
<1581,399,119,op1> 9.149719103382181E-5
<1582,398,107,op5> 0.0012968910237708042
<1583,288,143,op4> 3.6665984013848523E-4
<1584,391,150,op8> 3.9368499289970467E-4
<1585,395,151,op1> 1.0274345877133848E-4
<1586,396,119,op6> 4.4193989509992926E-4
<1587,398,111,op5> 2.80045790790349E-4
<1588,289,113,op7> 9.176014645549957E-5
<1589,288,124,op7> 3.2768244404126186E-4
<1590,289,112,op7> 8.188461499840544E-5
<1591,287,154,op3> 1.3132526157227334E-4
<1592,289,124,op4> 1.9350633626773217E-4
<1593,391,160,op8> 7.115764264187186E-4
<1594,285,156,op6> 4.517592685341056E-5
<1595,396,151,op1> 1.0954152220884061E-4
<1596,393,118,op8> 3.0724106694912445E-4
<1597,397,119,op1> 9.098531863642982E-5
<1598,398,119,op1> 9.124125483512581E-5
<1599,396,111,op5> 2.7847470641003845E-4
<1600,396,110,op5> 2.5381273979069926E-4
<1601,394,118,op8> 3.1002994198950986E-4
<1602,393,128,op8> 5.204589640126132E-4
<1603,288,143,op7> 6.229657478081061E-4
<1604,493,93,op1> 3.4348268560006374E-4
<1605,395,119,op6> 4.1451344180740883E-4
<1606,289,154,op3> 1.3045985622418585E-4
<1607,407,110,op5> 1.2350549397431766E-4
<1608,407,111,op5> 1.3550602780178174E-4
<1609,409,119,op1> 4.286931328158085E-5
<1610,405,151,op1> 5.2375988757118416E-5
<1611,348,134,op6> 5.929246396286301E-4
<1612,406,119,op6> 2.1629498392055775E-4
<1613,395,119,op1> 8.509878606642169E-5
<1614,403,151,op6> 2.656577532325324E-4
<1615,356,112,op1> 9.50784257796102E-5
<1616,356,113,op1> 1.0654517059725162E-4
<1617,352,151,op1> 1.283906981037328E-4
<1618,353,119,op6> 5.16739313170439E-4
<1619,408,107,op5> 6.12976542792091E-4
<1620,391,118,op8> 3.0538181692220086E-4
<1621,390,129,op8> 6.074561848507237E-4
<1622,406,111,op5> 1.3629156999193698E-4
<1623,406,110,op5> 1.2422146785242966E-4
<1624,337,89,op3> 2.9653390235699406E-4
<1625,408,119,op1> 4.3125249480276855E-5
<1626,403,142,op5> 9.858858847813657E-4
<1627,355,113,op1> 1.0578322658821286E-4
<1628,404,151,op1> 5.268499164064125E-5
<1629,405,119,op6> 2.113083560491904E-4
<1630,356,109,op1> 5.766817081205503E-4
<1631,337,92,op1> 8.393113954305411E-4
<1632,396,119,op1> 9.07293824377338E-5
<1633,351,151,op1> 1.2777269233668715E-4
<1634,402,151,op6> 2.6716289631033714E-4
<1635,352,119,op6> 5.179859701382809E-4
<1636,355,112,op1> 9.439848471324826E-5
<1637,407,107,op5> 6.275279147278084E-4
<1638,392,118,op8> 3.081706919625862E-4
<1639,391,129,op8> 6.05612615245714E-4
<1640,402,142,op5> 9.914716405025068E-4
<1641,405,111,op5> 1.3314940123131596E-4
<1642,280,110,op6> 3.0094783301573232E-5
<1643,407,119,op1> 4.414899427506088E-5
<1644,405,110,op5> 1.213575723399817E-4
<1645,280,111,op6> 3.301897277217144E-5
<1646,354,119,op1> 1.0685336295558212E-4
<1647,403,151,op1> 5.453900894177817E-5
<1648,404,119,op6> 2.1255501301703224E-4
<1649,350,151,op1> 1.2746368945316431E-4
<1650,351,119,op6> 5.154926562025972E-4
<1651,281,107,op6> 1.5186161076778413E-4
<1652,280,117,op6> 1.547383594858219E-5
<1653,406,107,op5> 6.311657577117378E-4
<1654,406,119,op1> 4.4404930473756886E-5
<1655,404,111,op5> 1.3393494342147123E-4
<1656,404,110,op5> 1.220735462180937E-4
<1657,339,89,op3> 2.847119527613664E-4
<1658,353,119,op1> 1.060855543594941E-4
<1659,402,151,op1> 5.484801182530099E-5
<1660,403,119,op6> 2.2003495482408316E-4
<1661,280,107,op6> 1.52910741066698E-4
<1662,405,107,op5> 6.166143857760204E-4
<1663,281,126,op6> 7.925845024135347E-5
<1664,401,151,op1> 5.3921003174732545E-5
<1665,402,119,op6> 2.2128161179192502E-4
<1666,352,119,op1> 1.0634149055819012E-4
<1667,333,95,op3> 1.1685752104231244E-4
<1668,282,111,op6> 3.392515384310583E-5
<1669,403,111,op5> 1.3864819656240275E-4

