<0,1920,628,op6> 3.8532783357241756E-4
<1,2052,610,op8> 0.002580329872980688
<2,1885,621,op7> 0.004220715890163721
<3,1917,628,op6> 3.5865129124817334E-4
<4,1967,617,op1> 0.0075930462324417
<5,2018,626,op8> 9.166662101199863E-4
<6,2028,620,op7> 0.004253107068452371
<7,1963,617,op1> 0.007793920471395186
<8,2013,624,op8> 9.553065579227583E-4
<9,1917,627,op6> 3.33973450107244E-4
<10,1855,682,op4> 6.557353681062314E-5
<11,1917,612,op8> 0.0010893656344759606
<12,1909,659,op4> 8.36346689080487E-4
<13,1979,635,op2> 3.874924381408652E-4
<14,2021,614,op8> 0.00303713067379874
<15,1866,603,op3> 2.0916958619520884E-4
<16,2033,615,op6> 0.005003241299947913
<17,2031,615,op6> 0.0049317664242343705
<18,2029,616,op6> 0.012403733960933716
<19,1870,605,op4> 4.766262812528091E-4
<20,1918,628,op6> 3.616153515064227E-4
<21,1891,621,op7> 0.0043629872123040715
<22,1962,613,op6> 0.005441769633171886
<23,2082,612,op8> 0.001215407939291361
<24,2034,615,op6> 0.005031831250233329
<25,2025,614,op8> 0.006478041726195001
<26,1999,602,op8> 5.35444819552697E-4
<27,1980,636,op2> 4.366136169527138E-4
<28,2034,620,op7> 0.004002924299719879
<29,1919,609,op6> 7.485215014841149E-4
<30,1997,626,op8> 0.0010675100168485916
<31,1997,625,op8> 0.0010830562792298818
<32,2060,619,op1> 0.004319857809787514
<33,1955,614,op8> 0.006197151028040204
<34,1901,664,op7> 0.0012972655118756986
<35,2006,625,op8> 8.122922094224114E-4
<36,1997,624,op8> 0.001098602541611172
<37,1891,604,op1> 4.2776419246555865E-4
<38,1977,619,op1> 0.001988715028286325
<39,2028,614,op8> 0.006565820069368376
<40,2026,648,op6> 0.0019067281176012524
<41,1860,602,op4> 1.8025315973432208E-4
<42,2010,625,op8> 9.182433671731607E-4
<43,1989,668,op3> 7.855253830534518E-4
<44,1977,613,op6> 0.0021069415759203966
<45,2083,612,op8> 0.0012064049175188323
<46,2069,616,op6> 0.008579526439466217
<47,2027,620,op7> 0.004218991236352485
<48,1935,680,op1> 0.0010128992429637683
<49,1912,664,op7> 0.001443912917565995
<50,1978,613,op6> 0.00213484808685974
<51,1995,668,op3> 7.988393725967306E-4
<52,1979,636,op2> 4.0524018339922546E-4
<53,1919,601,op6> 1.1973171850524733E-4
<54,1972,618,op1> 0.002900770100843915
<55,1917,622,op6> 3.191667454226863E-4
<56,1916,612,op8> 0.0011163746997935465
<57,2000,624,op8> 0.0012359278593125683
<58,1916,627,op6> 3.422537835809773E-4
<59,1918,609,op6> 7.051708353749963E-4
<60,2026,620,op7> 0.004230363180385781
<61,1949,607,op1> 0.0016318452207489396
<62,1963,618,op1> 0.007708895884434514
<63,2027,614,op8> 0.006513153063464352
<64,1843,628,op8> 1.3225922329913937E-4
<65,1916,628,op6> 3.675434720229214E-4
<66,2023,620,op7> 0.0020014621498599394
<67,2026,616,op6> 0.012370479982486174
<68,2000,625,op8> 0.001218438314133617
<69,1979,636,op3> 5.853469315766588E-4
<70,1876,605,op4> 4.646807604194054E-4
<71,1998,625,op8> 0.0010948286300910763
<72,2037,615,op6> 0.005760874982511454
<73,1979,635,op3> 5.597112995368051E-4
<74,2022,614,op8> 0.003124909016972114
<75,1936,635,op1> 0.0017051681788391511
<76,1998,624,op8> 0.0011105438735852064
<77,2025,648,op6> 0.001891351277943178
<78,1998,626,op8> 0.0010791133865969457
<79,1930,675,op8> 6.128080449812873E-4
<80,1840,603,op3> 1.289307613268828E-4
<81,2028,615,op6> 0.005346320703372913
<82,1992,606,op3> 4.4804469158686187E-4
<83,1911,664,op7> 0.0014326323478975108
<84,1928,627,op6> 3.712349507390439E-4
<85,1965,619,op1> 0.0051627568946241015
<86,1893,621,op7> 0.0026557313466198697
<87,1886,621,op7> 0.004197004003140329
<88,1966,613,op6> 0.00530223707847517
<89,2044,634,op4> 7.235898580332908E-4
<90,1920,612,op8> 0.001170392830428718
<91,1960,614,op8> 0.007022267453869919
<92,1962,618,op1> 0.007748632461158402
<93,1913,660,op4> 6.666566292286754E-4
<94,1974,613,op6> 0.0020650818095113823
<95,2069,614,op8> 0.004529362507746098
<96,2020,614,op8> 0.003054686342433415
<97,1918,601,op6> 1.1279744909374654E-4
<98,1946,608,op6> 8.804082821835525E-4
<99,1943,611,op8> 0.0014003100598148999
<100,1993,636,op3> 7.17522045158485E-4
<101,1906,664,op7> 0.0013254669360469097
<102,1934,606,op1> 0.0011392011828955872
<103,1974,618,op1> 0.002940506677567804
<104,1916,622,op6> 3.270799705158108E-4
<105,1866,682,op4> 6.02407491784339E-5
<106,1969,617,op1> 0.007693483351918444
<107,1994,668,op2> 5.868396929460598E-4
<108,1904,633,op7> 0.0010278552586199974
<109,2050,624,op4> 0.001078157908314018
<110,2036,620,op7> 0.004594265389451225
<111,1958,626,op4> 0.0012413863897807885
<112,1985,635,op2> 4.2999160877566975E-4
<113,1966,619,op1> 0.005004713316217242
<114,1868,665,op4> 6.88867316015296E-4
<115,2025,616,op6> 0.012270718047143544
<116,1919,628,op6> 3.838458034432929E-4
<117,2089,614,op8> 0.004775141868631545
<118,1919,627,op6> 3.574343949494884E-4
<119,1866,681,op4> 1.5624944318156291E-4
<120,1979,606,op3> 3.6744405923790264E-4
<121,1912,629,op4> 8.788690029400309E-4
<122,1997,602,op8> 5.078445711221456E-4
<123,2029,620,op7> 0.004241735124419076
<124,1910,629,op4> 8.205066082135445E-4
<125,2032,615,op6> 0.0049603563745197875
<126,1958,614,op8> 0.00607426134759748
<127,2030,614,op8> 0.0060215943416934556
<128,2083,609,op6> 7.745319011495861E-4
<129,1919,612,op8> 0.0011658913195424535
<130,1956,614,op8> 0.006162039690770855
<131,2037,620,op7> 0.004582893445417929
<132,1919,622,op6> 3.4158754985320563E-4
<133,1946,611,op8> 0.0013421369416030048
<134,1993,668,op3> 8.432193377409932E-4
<135,1890,621,op7> 0.004351131268792376
<136,1995,668,op2> 5.530426425669675E-4
<137,1878,605,op4> 4.599025520860439E-4
<138,1869,665,op4> 7.084096512214037E-4
<139,1942,607,op1> 0.0017021400917965866
<140,1967,618,op1> 0.007510213000815066
<141,1918,627,op6> 3.367335612651551E-4
<142,2100,620,op7> 0.0022516449185924314
<143,1900,664,op7> 0.0012916252270414566
<144,1865,673,op4> 2.3117387497224002E-4
<145,1996,626,op8> 0.0010559066471002372
<146,1912,633,op7> 0.0011293173656940745
<147,1934,610,op8> 0.0025105912277649934
<148,2008,602,op8> 3.75363378655499E-4
<149,2029,614,op8> 0.0065482644007336995
<150,1998,602,op8> 5.133646208082558E-4
<151,1996,625,op8> 0.0010712839283686876
<152,1958,624,op4> 0.001277543274920035
<153,1996,624,op8> 0.0010866612096371373
<154,2021,616,op6> 0.005752938271425021
<155,1907,681,op4> 3.41156582903447E-4
<156,1994,668,op3> 8.476573342554196E-4
<157,1913,664,op7> 0.0014100712085605423
<158,1918,622,op6> 3.218044871203945E-4
<159,1918,612,op8> 0.0010983686562484893
<160,1931,612,op8> 0.0013684593094243473
<161,1848,628,op8> 1.4408127677839207E-4
<162,2005,625,op8> 8.29950735714203E-4
<163,1889,621,op7> 0.004125868342070155
<164,1848,627,op8> 1.3416742745877793E-4
<165,2023,648,op6> 9.021079266070441E-4
<166,1988,606,op3> 4.1485619591376103E-4
<167,1975,613,op6> 0.0020790350649810543
<168,2099,615,op6> 0.0030877146308249974
<169,1911,629,op4> 8.720028388545619E-4
<170,1910,630,op4> 5.800790904579477E-4
<171,1900,626,op4> 8.216112232942214E-4
<172,2012,625,op8> 8.946986654507722E-4
<173,1958,681,op4> 5.001702444262402E-4
<174,1915,675,op8> 4.926496047888781E-4
<175,1978,619,op1> 0.0020150556246874684
<176,2029,648,op6> 0.0019118537308206102
<177,1914,675,op8> 5.046654488081191E-4
<178,1849,628,op8> 1.4186464175103218E-4
<179,1976,619,op1> 0.0019755447300857532
<180,1907,624,op4> 8.713878985003705E-4
<181,1969,613,op6> 0.0053440968448841865
<182,1925,675,op8> 5.587367468947032E-4
<183,1849,627,op8> 1.3210331319018134E-4
<184,1888,621,op7> 0.004244427777187113
<185,1979,606,op2> 2.5438434870316337E-4
<186,1960,603,op4> 6.067772912740038E-4
<187,2046,681,op4> 1.5829861620689488E-4
<188,1976,613,op6> 0.0020929883204507255
<189,2046,682,op4> 6.1030791790610084E-5
<190,1846,627,op8> 1.3554350363784233E-4
<191,1999,625,op8> 0.0011419180335358536
<192,1958,602,op4> 5.905624572743558E-4
<193,1924,601,op6> 1.280528417990483E-4
<194,1846,628,op8> 1.4555903346329867E-4
<195,1999,626,op8> 0.0011255268655903628
<196,1887,621,op7> 0.004268139664210505
<197,1910,633,op7> 0.0010543236343784524
<198,1999,624,op8> 0.0011583092014813441
<199,2008,624,op8> 8.120105742343445E-4
<200,1953,607,op1> 0.0017925192117149893
<201,1848,601,op8> 4.494278358225074E-5
<202,1975,619,op1> 0.0019623744318851815
<203,1917,675,op8> 4.8463904210938416E-4
<204,1912,630,op4> 6.213399462645801E-4
<205,1961,603,op4> 6.037434048176339E-4
<206,1963,613,op6> 0.005413863122232543
<207,1989,636,op3> 6.684284315423783E-4
<208,1900,633,op7> 0.0010102096747810275
<209,1973,613,op6> 0.002051128554041711
<210,1962,617,op1> 0.007834095319185882
<211,1847,628,op8> 1.4260352009348547E-4
<212,1847,627,op8> 1.3279135127971354E-4
<213,1849,601,op8> 4.4251356142523804E-5
<214,1916,675,op8> 4.966548861286251E-4
<215,1960,629,op4> 0.0013732328170937985
<216,2020,620,op7> 0.001978718261793349
<217,2069,648,op6> 0.0013224082105944169
<218,2039,619,op1> 0.005347141069432106
<219,1848,603,op3> 1.3373137478054335E-4
<220,1985,636,op2> 4.49685880933334E-4
<221,1868,622,op1> 1.7817505854001193E-4
<222,1861,673,op4> 2.259028094191271E-4
<223,1994,635,op3> 6.897087626550308E-4
<224,1860,682,op4> 5.8858174607125584E-5
<225,1897,621,op7> 0.0027031551206666525
<226,1835,603,op3> 1.3921779015615537E-4
<227,1860,681,op4> 1.5266339038723197E-4
<228,1924,622,op6> 3.65327225132579E-4
<229,2014,625,op8> 9.476742443261466E-4
<230,1919,675,op8> 5.186839334972333E-4
<231,1864,646,op4> 5.387720282567105E-5
<232,1868,605,op4> 3.3686368750198537E-4
<233,2099,620,op7> 0.0024563399111917437
<234,2003,625,op8> 8.417230865753974E-4
<235,2083,675,op8> 5.367076995260948E-4
<236,2006,626,op8> 8.006325126364437E-4
<237,2079,621,op7> 0.003319664183274837
<238,1959,681,op4> 4.972790869440075E-4
<239,1846,601,op8> 4.540373520873536E-5
<240,2054,610,op8> 0.002475721905157146
<241,2006,624,op8> 8.23951906208379E-4
<242,1912,605,op7> 7.179231824769474E-4
<243,2075,665,op4> 6.131407670916287E-4
<244,1908,630,op4> 5.776519812928518E-4
<245,1959,683,op4> 1.557741718137855E-4
<246,1844,627,op8> 1.245348942053272E-4
<247,1849,603,op3> 1.3167396901468887E-4
<248,1913,605,op7> 7.010968578876439E-4
<249,1944,607,op1> 0.0015916767230074274
<250,1844,628,op8> 1.3373697998404597E-4
<251,1946,607,op1> 0.0016218030963135617
<252,1869,622,op1> 1.8322967012979953E-4
<253,1861,682,op4> 5.9253195913213675E-5
<254,1861,681,op4> 1.5368797689989795E-4
<255,1862,673,op4> 2.2514980005439668E-4
<256,1899,604,op1> 2.62703009503305E-4
<257,1959,614,op8> 0.00603915001032813
<258,2082,675,op8> 5.407129808658419E-4
<259,1865,646,op4> 5.495116700159804E-5
<260,1961,629,op4> 0.0013663666530083294
<261,1869,605,op4> 3.464201041687084E-4
<262,1880,665,op4> 9.795595522061479E-4
<263,1918,675,op8> 4.886443234491312E-4
<264,2007,626,op8> 8.064341975106209E-4
<265,1879,601,op1> 8.459960738165079E-5
<266,1847,601,op8> 4.448183195576611E-5
<267,2007,624,op8> 8.299225721953962E-4
<268,2024,620,op7> 0.004207619292319191
<269,2007,625,op8> 8.181783848530088E-4
<270,2009,602,op8> 3.7812340349855413E-4
<271,1965,613,op6> 0.005469676144111229
<272,1845,627,op8> 1.3485546554831013E-4
<273,1909,660,op4> 6.319904845087842E-4
<274,1845,628,op8> 1.4482015512084538E-4
<275,1967,613,op6> 0.005274330567535828
<276,1868,601,op1> 6.245311330268461E-5
<277,1846,603,op3> 1.3510297862444635E-4
<278,2064,620,op7> 0.0036162782025878455
<279,1862,646,op4> 5.351921476702872E-5
<280,1851,603,op3> 2.263146342439964E-4
<281,1970,613,op6> 0.0020092687876326963
<282,2087,611,op8> 0.0011468414733202146
<283,1866,602,op4> 1.8448729435895385E-4
<284,1882,621,op7> 0.004291851551233896
<285,1844,601,op8> 4.171612219685838E-5
<286,2008,625,op8> 8.005198585612172E-4
<287,1924,609,op6> 8.005423008150573E-4
<288,2008,626,op8> 7.890291428880895E-4
<289,2088,611,op8> 0.0011385310278613726
<290,1923,609,op6> 7.947622120005081E-4
<291,1842,628,op8> 1.3669249335385915E-4
<292,1842,627,op8> 1.27287046563456E-4
<293,1869,601,op1> 6.42248328290019E-5
<294,1867,622,op1> 1.800705378861823E-4
<295,1847,603,op3> 1.3235977093664034E-4
<296,1860,673,op4> 2.2439679068966625E-4
<297,1938,635,op1> 0.0017774721298853343
<298,2086,611,op8> 0.0011551519187790568
<299,1863,646,op4> 5.423519088431339E-5
<300,1986,636,op3> 6.382169770093893E-4
<301,1867,605,op4> 3.4044734375200653E-4
<302,2009,626,op8> 7.948308277622667E-4
<303,1845,601,op8> 4.517325939549305E-5
<304,1969,618,op1> 0.00760955444262479
<305,2009,624,op8> 8.179812402213618E-4
<306,2009,625,op8> 8.064060339918142E-4
<307,1843,627,op8> 1.231588180262628E-4
<308,2067,613,op6> 0.004395275472946524
<309,2087,608,op6> 7.522993370980202E-4
<310,1964,619,op1> 0.005189097491025246
<311,1869,634,op4> 5.566075831025313E-4
<312,1902,605,op7> 6.478134966881829E-4
<313,2001,624,op8> 0.001223986527338534
<314,1990,635,op3> 5.922106653163616E-4
<315,2085,610,op8> 0.0023013752921179106
<316,2001,625,op8> 0.0012066659632724228
<317,1960,659,op4> 0.001411555593384788
<318,2001,626,op8> 0.0011893453992063113
<319,1844,603,op3> 1.2413014787322229E-4
<320,1971,613,op6> 0.002023222043102368
<321,1905,664,op7> 0.0013198266512126676
<322,1979,668,op3> 6.878894597360736E-4
<323,1937,680,op1> 0.0010518569061546824
<324,2024,614,op8> 0.0064955973948296756
<325,2090,628,op6> 3.127083572453081E-4
<326,2004,602,op8> 3.864034780277195E-4
<327,1883,621,op7> 0.004339275325280679
<328,1842,601,op8> 4.263802544982763E-5
<329,1840,627,op8> 1.2935116083205258E-4
<330,2002,624,op8> 8.478345701564479E-4
<331,1864,682,op4> 5.945070656625773E-5
<332,2032,620,op7> 0.0039460645795534035
<333,1940,611,op8> 0.0013919996143560577
<334,1864,681,op4> 1.5420027015623097E-4
<335,1867,665,op4> 6.961956917175865E-4
<336,2002,625,op8> 8.358369111448002E-4
<337,1939,645,op1> 7.95113487109012E-4
<338,2002,626,op8> 8.238392521331522E-4
<339,1840,628,op8> 1.38909128381219E-4
<340,1845,603,op3> 1.3441717670249488E-4
<341,1878,634,op4> 7.389445499809467E-4
<342,1921,675,op8> 5.226892148369805E-4
<343,1843,601,op8> 4.125517057037375E-5
<344,1938,680,op1> 0.0010447736946654254
<345,1841,628,op8> 1.3521473666895255E-4
<346,1841,627,op8> 1.2591097038439162E-4
<347,1964,613,op6> 0.005497582655050573
<348,2003,624,op8> 8.538052361434654E-4
<349,2005,602,op8> 3.8916350287077463E-4
<350,2027,615,op6> 0.005303435777944787
<351,1865,682,op4> 6.063577048452198E-5
<352,1865,681,op4> 1.5727402969422887E-4
<353,1866,673,op4> 2.296678562427792E-4
<354,2003,626,op8> 8.296409370073293E-4
<355,1866,646,op4> 5.459317894295572E-5
<356,1867,634,op4> 5.470109006352463E-4
<357,2050,656,op4> 0.0012307274236414733
<358,2081,659,op4> 9.245689136670362E-4
<359,1862,682,op4> 5.905568526016963E-5
<360,1905,629,op4> 8.033411979998722E-4
<361,1863,673,op4> 2.281618375133184E-4
<362,1901,624,op4> 8.492339688774798E-4
<363,1842,603,op3> 1.2687335556102832E-4
<364,2068,604,op1> 2.987374931077407E-4
<365,1939,680,op1> 0.001037690483176168
<366,1840,601,op8> 4.332945288955455E-5
<367,1859,603,op3> 2.146560015708209E-4
<368,1862,681,op4> 1.5317568364356496E-4
<369,2006,602,op8> 3.8088342834160924E-4
<370,1957,614,op8> 0.006126928353501504
<371,2004,624,op8> 8.358932381824135E-4
<372,2081,660,op4> 6.986561474316518E-4
<373,2004,626,op8> 8.122358823847978E-4
<374,2004,625,op8> 8.240645602836058E-4
<375,1864,673,op4> 2.2665581878385753E-4
<376,1868,634,op4> 5.412528911548752E-4
<377,1843,603,op3> 1.2275854402931928E-4
<378,1841,601,op8> 4.2177073823343E-5
<379,1979,668,op2> 4.762311644326664E-4
<380,2007,602,op8> 3.836434531846644E-4
<381,1863,682,op4> 5.984572787234582E-5
<382,1863,681,op4> 1.5522485666889696E-4
<383,2005,626,op8> 8.18037567258975E-4
<384,1884,621,op7> 0.004327419381768984
<385,1951,608,op6> 9.839857271463233E-4
<386,2005,624,op8> 8.418639041694306E-4
<387,1871,634,op4> 7.619765879024309E-4
<388,1992,636,op2> 4.941315784674425E-4
<389,1951,607,op1> 0.0018126034605857454
<390,1853,602,op4> 2.0323846198232293E-4
<391,1938,645,op1> 8.005408829254559E-4
<392,1905,630,op4> 5.679435446324677E-4
<393,1939,635,op1> 0.0017654214713776369
<394,1908,659,op4> 8.39875578063949E-4
<395,2042,603,op3> 2.6129053226352315E-4
<396,1937,635,op1> 0.0017895227883930316
<397,1931,675,op8> 6.088027636415405E-4
<398,1934,680,op1> 0.0010199824544530253
<399,1872,622,op1> 2.5020327369448483E-4
<400,1945,611,op8> 0.001304739937038215
<401,1937,610,op8> 0.0025890472036326495
<402,1877,634,op4> 7.427832229678607E-4
<403,1874,601,op1> 8.703572173033707E-5
<404,1893,604,op1> 2.6037820410947045E-4
<405,2012,624,op8> 9.075412300266204E-4
<406,1853,603,op3> 2.304294457757055E-4
<407,1873,605,op4> 4.718480729194476E-4
<408,1993,606,op3> 4.504152984206548E-4
<409,1901,626,op4> 8.251990452300041E-4
<410,1955,626,op4> 0.0012665011433312667
<411,2025,620,op7> 0.004196247348285896
<412,1870,634,op4> 7.658152608893448E-4
<413,1955,656,op4> 0.0014878314402241098
<414,2000,602,op8> 5.713251425124139E-4
<415,1961,614,op8> 0.006987156116600571
<416,1852,602,op4> 2.044482147322177E-4
<417,1858,673,op4> 2.3795095925481386E-4
<418,1937,645,op1> 8.059682787418997E-4
<419,2043,603,op3> 2.6334793802937774E-4
<420,1959,602,op4> 5.871488014519607E-4
<421,1960,630,op4> 9.708436660384063E-4
<422,1873,601,op1> 8.747865161191638E-5
<423,1933,680,op1> 0.0010306072716869113
<424,1908,603,op4> 3.610324883080323E-4
<425,1871,622,op1> 2.508351001432084E-4
<426,1956,630,op4> 8.519153169487015E-4
<427,1894,604,op1> 2.5689099601871864E-4
<428,1936,610,op8> 0.002467004574505185
<429,2040,601,op8> 8.64284299658668E-5
<430,1941,608,op6> 9.076655045421766E-4
<431,1872,605,op4> 4.73042625002788E-4
<432,2011,626,op8> 8.934594706232777E-4
<433,2024,615,op6> 0.005289140802802079
<434,1852,603,op3> 2.3180104961960848E-4
<435,1957,626,op4> 0.0012521498555881363
<436,1994,636,op3> 7.212984769751086E-4
<437,1990,636,op3> 6.193348179262714E-4
<438,1955,646,op4> 1.7829385027479002E-4
<439,1957,624,op4> 0.0012886202397314804
<440,2003,602,op8> 3.9468355255688496E-4
<441,1903,633,op7> 0.001023443862660255
<442,1936,680,op1> 0.0010022744257298824
<443,1851,602,op4> 1.9960920373263857E-4
<444,1956,660,op4> 9.359859074370604E-4
<445,1870,622,op1> 2.520987530406552E-4
<446,1872,601,op1> 8.770011655270605E-5
<447,1957,656,op4> 0.0014709721604481993
<448,1958,646,op4> 1.7475827817302366E-4
<449,1939,610,op8> 0.0025541778810248025
<450,2031,620,op7> 0.003923320691486812
<451,1871,605,op4> 4.742371770861284E-4
<452,2090,627,op6> 2.911917271596218E-4
<453,2090,622,op6> 2.7828174910821E-4
<454,2000,626,op8> 0.0012009487689546654
<455,1987,668,op2> 5.22318051313247E-4
<456,1838,603,op3> 1.371603843903009E-4
<457,1984,606,op3> 4.053737685785894E-4
<458,2002,602,op8> 3.919235277138298E-4
<459,2040,627,op8> 2.5801428357457294E-4
<460,1923,628,op6> 4.075582855092878E-4
<461,2040,628,op8> 2.770793784199847E-4
<462,1850,602,op4> 2.0021408010758597E-4
<463,1892,604,op1> 2.592158014125532E-4
<464,1921,622,op6> 3.4422529155091376E-4
<465,1992,668,op3> 8.387813412265669E-4
<466,1959,624,op4> 0.0012701586317124044
<467,1950,607,op1> 0.0018226455850211235
<468,1871,665,op4> 9.697883846030941E-4
<469,1871,601,op1> 8.792158149349572E-5
<470,2022,615,op6> 0.0025445055754020813
<471,1972,617,op1> 0.0029327638887208687
<472,1983,606,op3> 3.9352073440962476E-4
<473,1894,621,op7> 0.002620163516084782
<474,2044,605,op4> 4.5034613541932085E-4
<475,1932,675,op8> 6.047974823017934E-4
<476,2045,605,op4> 4.5273523958600165E-4
<477,1942,611,op8> 0.001408620505273742
<478,2102,614,op8> 0.0036866904132817077
<479,1959,626,op4> 0.0012342107459092234
<480,1957,646,op4> 1.7627352335949497E-4
<481,1938,610,op8> 0.0025716125423287262
<482,1956,659,op4> 0.0012386400331951515
<483,1850,603,op3> 2.270004361659479E-4
<484,2001,602,op8> 5.658050928263036E-4
<485,1933,610,op8> 0.002536743219720879
<486,1959,656,op4> 0.0014498980607283109
<487,2092,617,op1> 0.004258533865813864
<488,1876,622,op1> 2.457804885534207E-4
<489,1987,635,op3> 6.138769091693992E-4
<490,2092,618,op1> 0.004212077132732259
<491,1984,606,op2> 2.806433782467158E-4
<492,1934,645,op1> 7.815449975679028E-4
<493,1935,635,op1> 0.0017232441666006969
<494,1938,606,op1> 0.0011668901005354104
<495,1905,605,op7> 6.562266589828348E-4
<496,1874,634,op4> 7.542992419286029E-4
<497,1877,605,op4> 4.622916562527246E-4
<498,1937,606,op1> 0.0011748012198610743
<499,2090,601,op6> 9.754205638844473E-5
<500,1877,622,op1> 2.445168356559738E-4
<501,2072,603,op3> 1.6527826319031252E-4
<502,1929,609,op6> 7.832020343714099E-4
<503,1932,612,op8> 0.0013594562876518186
<504,1958,656,op4> 0.0014583277006162665
<505,1959,646,op4> 1.737481147153761E-4
<506,1996,602,op8> 5.023245214360354E-4
<507,2038,619,op1> 0.00529445987662982
<508,1890,604,op1> 4.2660178976864136E-4
<509,1955,683,op4> 1.5984965886705314E-4
<510,1957,683,op4> 1.5803833128782307E-4
<511,1932,622,op6> 3.9829899635393084E-4
<512,1955,681,op4> 5.102892956140542E-4
<513,1875,622,op1> 2.4704414145086765E-4
<514,1990,668,op3> 7.278314283659101E-4
<515,1986,606,op3> 4.0063255491100354E-4
<516,1877,601,op1> 8.570693208559909E-5
<517,1928,622,op6> 3.547762583417464E-4
<518,1933,645,op1> 7.896860912925684E-4
<519,1934,635,op1> 0.001735294825108394
<520,1992,635,op2> 4.7249077941047426E-4
<521,1932,628,op6> 4.4757309899565433E-4
<522,1932,627,op6> 4.1677678484457713E-4
<523,1874,665,op4> 9.600172170000402E-4
<524,1873,634,op4> 7.581379149155168E-4
<525,1936,606,op1> 0.0011194233845814275
<526,1933,635,op1> 0.0017533708128699402
<527,2073,603,op3> 1.6939307472202156E-4
<528,1907,664,op7> 0.0013311072208811517
<529,1878,601,op1> 8.526400220401977E-5
<530,1870,665,op4> 9.746739684046209E-4
<531,1933,606,op1> 0.001151067861884083
<532,1914,609,op6> 7.282911906331929E-4
<533,1958,683,op4> 1.5667983560340053E-4
<534,1874,622,op1> 2.483077943483145E-4
<535,1935,610,op8> 0.00249315656646107
<536,1876,601,op1> 8.614986196717842E-5
<537,1936,645,op1> 7.679765080267932E-4
<538,2040,603,op3> 2.5717572073181413E-4
<539,2070,603,op3> 1.6459246126836104E-4
<540,1872,634,op4> 7.600572514089738E-4
<541,1875,605,op4> 4.670698645860861E-4
<542,1957,681,op4> 5.04506980649589E-4
<543,1873,622,op1> 2.495714472457614E-4
<544,1973,619,op1> 0.0019360338354840385
<545,1875,601,op1> 8.659279184875775E-5
<546,1910,605,op7> 6.702485961405875E-4
<547,1939,606,op1> 0.0011589789812097464
<548,1910,603,op4> 3.6254943153621734E-4
<549,1935,645,op1> 7.76117601751459E-4
<550,2041,603,op3> 2.578615226537656E-4
<551,1991,668,op2> 5.745498564445717E-4
<552,1874,605,op4> 4.694589687527669E-4
<553,2046,646,op4> 5.530915506024038E-5
<554,2044,665,op4> 9.209325465878247E-4
<555,1981,668,op2> 5.16173133062503E-4
<556,1984,636,op2> 4.4707142813721004E-4
<557,1987,606,op2> 2.7900218890024374E-4
<558,1984,635,op2> 4.274916575618577E-4
<559,1931,609,op6> 8.785734998114709E-4
<560,1911,603,op4> 3.853035799589925E-4
<561,1896,621,op7> 0.002691299177154957
<562,1902,633,op7> 0.0010190324667005124
<563,1980,668,op3> 7.411454179091889E-4
<564,1932,609,op6> 8.727934109969215E-4
<565,2020,616,op6> 0.005786192249872565
<566,1950,608,op6> 9.89437171618048E-4
<567,1983,636,op3> 6.268876815595185E-4
<568,1983,635,op3> 5.994327466007076E-4
<569,2049,622,op1> 1.9586619910426847E-4
<570,1931,601,op6> 1.4053452673974977E-4
<571,2033,620,op7> 0.0039801804116532885
<572,2045,665,op4> 9.258181303893518E-4
<573,1980,668,op2> 5.131006739371309E-4
<574,1983,635,op2> 4.1499190149279765E-4
<575,1983,636,op2> 4.339991641565898E-4
<576,1986,606,op2> 2.773609995537717E-4
<577,1930,609,op6> 8.843535886260198E-4
<578,1982,636,op3> 6.231112497428949E-4
<579,1985,606,op3> 4.0774437541238226E-4
<580,1940,607,op1> 0.00168205584292583
<581,1982,635,op3> 5.958217059585344E-4
<582,1912,603,op4> 3.883374664153625E-4
<583,1930,601,op6> 1.4145909599461653E-4
<584,1952,607,op1> 0.0018025613361503671
<585,1982,636,op2> 4.3138471136046575E-4
<586,1985,606,op2> 2.822845675931878E-4
<587,1935,606,op1> 0.0011312900635699233
<588,1951,611,op8> 0.0015000354053210055
<589,2023,616,op6> 0.005852700206767652
<590,1911,605,op7> 7.123144076138461E-4
<591,1982,635,op2> 4.124919502789855E-4
<592,1953,608,op6> 9.730828382028738E-4
<593,1931,628,op6> 4.505371592539037E-4
<594,1913,603,op4> 3.7923580704625243E-4
<595,1931,627,op6> 4.195368960024883E-4
<596,1981,636,op3> 6.344405451927658E-4
<597,1981,635,op3> 6.066548278850534E-4
<598,1968,613,op6> 0.005385956611293199
<599,2048,621,op7> 0.0036871984321374084
<600,1931,622,op6> 4.00936738051639E-4
<601,1981,635,op2> 4.1999180392042164E-4
<602,1943,607,op1> 0.0016920979673612085
<603,1995,606,op2> 2.9541408236496405E-4
<604,2015,624,op8> 9.672478898967927E-4
<605,1981,636,op2> 4.3922806974883795E-4
<606,2046,673,op4> 2.326798937017009E-4
<607,2021,620,op7> 0.001967346317760054
<608,1950,611,op8> 0.0015083458507798473
<609,1911,630,op4> 6.16485727934388E-4
<610,1952,608,op6> 9.785342826745987E-4
<611,1930,612,op8> 0.0013774623311968758
<612,1930,627,op6> 4.222970071603994E-4
<613,1980,636,op3> 6.306641133761421E-4
<614,1980,635,op3> 6.030437872428803E-4
<615,1930,628,op6> 4.53501219512153E-4
<616,1954,607,op1> 0.0017824770872796112
<617,1925,612,op8> 0.0012559215372677397
<618,1895,621,op7> 0.002632019459596478
<619,1932,601,op6> 1.39609957484883E-4
<620,1930,622,op6> 4.035744797493472E-4
<621,1902,626,op4> 8.287868671657865E-4
<622,1900,656,op4> 9.651937671708815E-4
<623,2022,620,op7> 0.0020242060379265297
<624,1953,611,op8> 0.0014834145144033211
<625,1942,608,op6> 9.240198379573509E-4
<626,1966,618,op1> 0.007549949577538956
<627,2046,602,op4> 1.869067998587434E-4
<628,2020,648,op6> 8.918567001683276E-4
<629,1956,603,op4> 5.324470730929384E-4
<630,1983,606,op2> 2.7243743151435565E-4
<631,1980,635,op2> 4.1749185270660956E-4
<632,1870,601,op1> 8.836451137507504E-5
<633,1892,621,op7> 0.0026438754031081735
<634,1913,629,op4> 8.582705106836239E-4
<635,1910,659,op4> 8.434044670474109E-4
<636,1897,604,op1> 2.650278148971396E-4
<637,1982,606,op3> 3.9115012757583184E-4
<638,1914,601,op6> 1.1649572611321363E-4
<639,2059,607,op1> 0.0017071611540142753
<640,1913,630,op4> 6.067772912740039E-4
<641,1910,660,op4> 6.373237375426136E-4
<642,2035,615,op6> 0.00578946493279687
<643,1954,608,op6> 9.676313937311491E-4
<644,1952,611,op8> 0.0014917249598621633
<645,1911,633,op7> 0.0011204945737745893
<646,2023,614,op8> 0.0030897976797027646
<647,2021,648,op6> 8.867310869489695E-4
<648,1955,602,op4> 6.025102526527387E-4
<649,1923,612,op8> 0.0012379154937226823
<650,1982,606,op2> 2.7079624216788363E-4
<651,1915,609,op6> 7.109509241895454E-4
<652,1911,659,op4> 8.963378017993404E-4
<653,2048,604,op1> 3.615072387412737E-4
<654,1948,607,op1> 0.0016418873451843178
<655,1981,606,op3> 3.9826194807721067E-4
<656,1898,604,op1> 2.615406068063878E-4
<657,1991,636,op3> 7.061927497086142E-4
<658,1915,601,op6> 1.137220183486133E-4
<659,1911,660,op4> 6.773231352963342E-4
<660,1927,612,op8> 0.0012019034066325682
<661,2057,607,op1> 0.0017172032784496536
<662,1916,601,op6> 1.1464658760348009E-4
<663,1948,608,op6> 8.913111711270022E-4
<664,2058,614,op8> 0.005986483004424107
<665,1956,629,op4> 0.0012050117969998081
<666,2045,634,op4> 7.274285310202047E-4
<667,2016,625,op8> 9.59446595187341E-4
<668,1981,606,op2> 2.757198102072997E-4
<669,1903,664,op7> 0.0013085460815441831
<670,2049,601,op1> 6.865413164479515E-5
<671,1914,612,op8> 0.0011343807433386037
<672,1914,622,op6> 3.323554539112271E-4
<673,1914,628,op6> 3.734715925394202E-4
<674,1980,606,op3> 3.9589134124341763E-4
<675,1916,609,op6> 7.167310130040945E-4
<676,1912,659,op4> 9.033955797662645E-4
<677,1895,604,op1> 2.5805339871563587E-4
<678,1914,627,op6> 3.477740058967995E-4
<679,1912,660,op4> 6.826563883301636E-4
<680,2035,620,op7> 0.004605637333484519
<681,1915,622,op6> 3.2444222881810263E-4
<682,1917,601,op6> 1.1187287983887975E-4
<683,1957,602,op4> 5.956829410079485E-4
<684,1955,624,op4> 0.0013033895261467408
<685,1910,664,op7> 0.0013480280753838782
<686,1913,633,op7> 0.0011028489899356196
<687,1980,606,op2> 2.740786208608277E-4
<688,1954,611,op8> 0.0014751040689444791
<689,1986,668,op3> 7.500214109380414E-4
<690,2026,614,op8> 0.006530708732099025
<691,1915,612,op8> 0.0011073716780210178
<692,1913,659,op4> 8.822222458654925E-4
<693,1915,627,op6> 3.3949367242306613E-4
<694,1915,628,op6> 3.64579411764672E-4
<695,1896,604,op1> 2.638654122002223E-4
<696,1917,609,op6> 6.993907465604471E-4
<697,1906,633,op7> 0.0010366780505394824
<698,1967,619,op1> 0.004978372719816098
<699,1880,605,op4> 4.790153854194898E-4
<700,1982,668,op2> 5.069557556863869E-4
<701,1854,681,op4> 1.7110594761521973E-4
<702,1854,682,op4> 6.596855811671122E-5
<703,1855,673,op4> 2.499991090905007E-4
<704,1838,627,op8> 1.376076179064389E-4
<705,1988,606,op2> 2.8720813563260384E-4
<706,1838,628,op8> 1.477756684906585E-4
<707,1908,629,op4> 8.170735261708099E-4
<708,1905,659,op4> 8.257600221301012E-4
<709,1899,621,op7> 0.002679443233643261
<710,1902,683,op4> 1.046041677005362E-4
<711,1858,646,op4> 5.6562113265488546E-5
<712,1902,681,op4> 3.339286891978655E-4
<713,1961,660,op4> 0.0010613173537320512
<714,1981,668,op3> 7.455834144236153E-4
<715,1984,635,op3> 6.174879498115722E-4
<716,1858,681,op4> 1.6188466900122583E-4
<717,1856,602,op4> 1.947701927330595E-4
<718,1944,608,op6> 8.640539487683781E-4
<719,1984,636,op3> 6.457698406426366E-4
<720,1987,606,op3> 4.0300316174479646E-4
<721,1877,665,op4> 9.453604655954592E-4
<722,1902,664,op7> 0.001302905796709941
<723,1908,605,op7> 6.67444208709037E-4
<724,1968,619,op1> 0.005083735105420671
<725,1905,633,op7> 0.00103226665457974
<726,1839,628,op8> 1.485145468331118E-4
<727,1986,636,op2> 4.4184252254496196E-4
<728,1989,606,op2> 2.9049051432554794E-4
<729,1983,668,op2> 5.100282148117589E-4
<730,1839,627,op8> 1.3829565599597112E-4
<731,1856,673,op4> 2.4246901544319646E-4
<732,1855,681,op4> 1.7008136110255377E-4
<733,1990,635,op2> 4.099919990651735E-4
<734,1986,635,op2> 4.2249175513423367E-4
<735,1907,626,op4> 8.467259768446996E-4
<736,1904,656,op4> 9.82053046946792E-4
<737,1898,621,op7> 0.0026675872901315654
<738,1982,668,op3> 7.322694248803363E-4
<739,1906,630,op4> 5.703706537975637E-4
<740,1901,681,op4> 3.324831104567492E-4
<741,1909,603,op4> 3.5951554507984734E-4
<742,1901,683,op4> 1.0415133580572867E-4
<743,1859,646,op4> 5.6025131177525046E-5
<744,1985,635,op3> 6.210989904537451E-4
<745,1985,636,op3> 6.495462724592601E-4
<746,1876,665,op4> 9.502460493969864E-4
<747,1879,634,op4> 7.331865405005758E-4
<748,1907,605,op7> 6.618354338459358E-4
<749,1879,665,op4> 9.33146506091642E-4
<750,1987,636,op2> 4.44456975341086E-4
<751,1906,629,op4> 8.067742800426065E-4
<752,1987,635,op2> 4.249917063480457E-4
<753,1856,681,op4> 1.6495842853922384E-4
<754,1856,682,op4> 6.359843028018268E-5
<755,1857,673,op4> 2.4020998734900514E-4
<756,1906,660,op4> 6.266572314749547E-4
<757,1984,668,op2> 5.253905104386191E-4
<758,2055,608,op6> 7.822822816925064E-4

