<0,1420,495,op1> 4.969529293124758E-4
<1,1483,504,op2> 3.800827882630581E-4
<2,1371,421,op4> 2.8890222525758906E-4
<3,1410,466,op1> 4.939880306896322E-4
<4,1452,496,op7> 9.46605485215126E-4
<5,1398,435,op1> 5.862312181882284E-4
<6,1558,502,op4> 6.058163340248116E-4
<7,1370,421,op4> 2.8429453426464504E-4
<8,1405,435,op1> 4.600932841159818E-4
<9,1479,429,op1> 0.0014196340839602894
<10,1505,433,op2> 6.192255284856082E-4
<11,1497,433,op2> 4.875703710778572E-4
<12,1467,445,op1> 6.61018097016584E-4
<13,1375,424,op5> 0.001111254451415998
<14,1456,455,op2> 0.0011167363096752246
<15,1435,458,op6> 4.09909500939699E-4
<16,1516,437,op3> 9.042435707913726E-4
<17,1453,431,op7> 2.1494515075405474E-4
<18,1406,427,op8> 0.004854958711681791
<19,1381,422,op7> 7.658802277789044E-4
<20,1365,423,op1> 2.934416570483679E-4
<21,1393,461,op5> 5.838415963087745E-4
<22,1355,502,op4> 6.861899770131781E-4
<23,1481,491,op1> 0.0015171000161343028
<24,1356,456,op4> 2.2622549674685107E-4
<25,1453,467,op7> 0.00119495892516832
<26,1399,426,op8> 0.002355950894494797
<27,1366,502,op4> 6.35956450145449E-4
<28,1366,421,op4> 2.916668398533555E-4
<29,1407,446,op2> 6.25520008898965E-4
<30,1397,440,op1> 0.001544364054208018
<31,1439,434,op7> 0.0036932482251344273
<32,1493,470,op2> 0.001408044385531717
<33,1366,423,op1> 2.8798227738235184E-4
<34,1488,470,op2> 0.001228467710275498
<35,1439,422,op5> 0.010554162627875842
<36,1395,426,op8> 0.0019103419687409651
<37,1402,427,op8> 0.004941848353054172
<38,1420,466,op1> 6.180017622435147E-4
<39,1439,451,op5> 0.006728220067082111
<40,1495,500,op2> 0.0011835190273731886
<41,1397,428,op8> 0.0019493706236912455
<42,1450,467,op7> 0.0013979382494434867
<43,1521,437,op3> 8.176493430176132E-4
<44,1509,437,op3> 9.375490430120494E-4
<45,1484,491,op2> 0.0010297961307390042
<46,1390,494,op5> 8.733854459738036E-4
<47,1500,470,op2> 0.002240627152628732
<48,1454,496,op7> 9.671280973607114E-4
<49,1556,423,op2> 0.002750137743219919
<50,1397,425,op5> 9.392615469281344E-4
<51,1528,437,op3> 8.376326263500191E-4
<52,1496,470,op2> 0.0017753603121921646
<53,1407,428,op8> 0.0015382555536684872
<54,1397,446,op2> 7.926968486937885E-4
<55,1455,448,op2> 6.833436336539001E-4
<56,1393,473,op1> 0.003593755304432399
<57,1388,494,op5> 8.95449920398405E-4
<58,1486,463,op1> 0.0017075126305132378
<59,1543,462,op6> 0.0011960192010566292
<60,1367,472,op4> 8.601209330401801E-4
<61,1447,493,op8> 0.0010508147716939698
<62,1453,430,op8> 2.461486156224719E-4
<63,1505,470,op2> 0.002265114881072762
<64,1376,422,op7> 7.837259806591894E-4
<65,1560,445,op1> 9.792253198980165E-4
<66,1360,469,op1> 2.951294805328996E-4
<67,1377,424,op5> 0.0011196254830650827
<68,1457,423,op2> 0.0015812159347343526
<69,1372,464,op7> 8.204573655487975E-4
<70,1398,432,op2> 4.940161577366355E-4
<71,1429,461,op6> 4.249300759495242E-4
<72,1377,445,op1> 8.775302280493112E-4
<73,1355,431,op4> 2.867320852127834E-4
<74,1454,431,op7> 2.2201184064185928E-4
<75,1551,462,op2> 0.0021823085954579533
<76,1394,428,op8> 0.001606774732005614
<77,1504,500,op2> 0.0019331967690523926
<78,1445,467,op7> 0.0012866270070990404
<79,1536,425,op5> 0.0011472526803428004
<80,1579,429,op2> 0.0010200064853705842
<81,1506,433,op2> 6.259198585232904E-4
<82,1565,425,op5> 9.78878905673785E-4
<83,1496,433,op2> 4.853389277319631E-4
<84,1373,445,op1> 0.0010185911619039667
<85,1536,432,op2> 6.055400875255056E-4
<86,1408,443,op1> 5.054854306938872E-4
<87,1396,441,op1> 0.0015632739871268037
<88,1487,429,op1> 0.0017275065359034845
<89,1492,470,op2> 0.0013998818093837067
<90,1570,467,op7> 0.0018759218195108147
<91,1551,429,op2> 0.0023244013960303646
<92,1556,453,op2> 0.001653540385348663
<93,1479,463,op1> 0.0013849206677452642
<94,1489,500,op2> 0.0011141044216621508
<95,1396,440,op1> 0.001262090132173512
<96,1430,425,op6> 6.43423782649986E-4
<97,1396,425,op5> 7.675863256969814E-4
<98,1553,497,op7> 0.0016531253090375257
<99,1535,441,op1> 0.002323058763665852
<100,1463,423,op2> 0.0018983652626180336
<101,1457,454,op2> 9.847986086558363E-4
<102,1535,428,op8> 0.002367337611547716
<103,1476,433,op6> 4.119616999939931E-4
<104,1479,462,op1> 0.0013328505434227272
<105,1451,467,op7> 0.001411033689719304
<106,1392,461,op5> 5.913427731350114E-4
<107,1550,493,op8> 0.0016325626004123272
<108,1549,492,op8> 0.0015921268435318571
<109,1367,498,op1> 2.2109282351001473E-4
<110,1454,430,op8> 2.5424117284841624E-4
<111,1506,470,op2> 0.002289602609516792
<112,1398,425,op5> 9.359601003659968E-4
<113,1456,448,op2> 6.467032243426991E-4
<114,1550,430,op8> 4.2013859598027405E-4
<115,1529,454,op1> 1.4195674143013636E-4
<116,1412,457,op1> 3.843046424794939E-4
<117,1495,470,op2> 0.001391719233235697
<118,1455,455,op2> 0.001180007488693651
<119,1375,422,op7> 7.896745649526179E-4
<120,1371,449,op2> 0.0011807874979527086
<121,1455,453,op2> 0.001016096480617877
<122,1483,462,op1> 0.0015790799610831507
<123,1376,424,op5> 0.001102883419766913
<124,1482,429,op1> 0.0016704931188769672
<125,1449,497,op7> 0.001142800911502132
<126,1526,437,op3> 8.309715319058838E-4
<127,1458,423,op2> 0.0016355843909429838
<128,1400,495,op5> 5.602845053007838E-4
<129,1455,454,op2> 0.0010525211490791603
<130,1382,424,op5> 0.001056842745696947
<131,1371,498,op1> 2.1762197855695325E-4
<132,1487,478,op1> 7.770699292933147E-4
<133,1581,441,op1> 9.51411910444915E-4
<134,1479,504,op2> 3.2081564161864896E-4
<135,1376,445,op1> 8.644082807139945E-4
<136,1376,444,op1> 4.766202832386519E-4
<137,1525,437,op3> 8.009966069072749E-4
<138,1376,443,op1> 5.906670110325465E-4
<139,1379,422,op7> 7.718288120723327E-4
<140,1376,442,op1> 5.678576654737677E-4
<141,1396,446,op2> 6.478102542049415E-4
<142,1470,444,op1> 3.879888074181815E-4
<143,1393,426,op8> 0.001926846003028144
<144,1482,491,op1> 0.0015275268203689028
<145,1499,433,op2> 4.920332577696453E-4
<146,1372,480,op1> 2.5416604520006397E-4
<147,1452,467,op7> 0.0012080543654441373
<148,1440,493,op8> 0.0010036460288249138
<149,1391,465,op5> 8.8670166533067E-4
<150,1395,425,op5> 7.64284879134844E-4
<151,1392,428,op8> 0.0016204785676730386
<152,1456,453,op2> 9.616140955981519E-4
<153,1553,467,op7> 0.001993780781993169
<154,1459,423,op2> 0.0016174615722067732
<155,1406,495,op5> 5.432693576343825E-4
<156,1435,461,op6> 4.6131552587792374E-4
<157,1470,443,op1> 4.808276048063805E-4
<158,1485,491,op1> 0.0016213680584803028
<159,1470,442,op1> 4.6225984532874073E-4
<160,1380,512,op1> 6.304841790110635E-4
<161,1570,438,op1> 2.855317849018985E-4
<162,1456,454,op2> 9.960856987263904E-4
<163,1353,423,op1> 3.070901062134083E-4
<164,1372,479,op1> 5.517262932391633E-4
<165,1434,461,op6> 4.665134472962666E-4
<166,1376,439,op1> 2.4852682765086234E-4
<167,1396,428,op8> 0.001593070896338188
<168,1551,491,op2> 0.0021254714752289884
<169,1460,423,op2> 0.0017443213033602456
<170,1379,445,op1> 8.512863333786777E-4
<171,1370,498,op1> 2.1415113360389183E-4
<172,1374,422,op7> 9.205434194080423E-4
<173,1457,448,op2> 6.393751424804589E-4
<174,1542,462,op6> 0.0011886249556096022
<175,1353,502,op4> 6.781526127143412E-4
<176,1473,443,op1> 4.763443637359247E-4
<177,1529,469,op1> 2.2301639479182917E-4
<178,1422,512,op1> 3.74849268222952E-4
<179,1475,444,op1> 2.143434670352192E-4
<180,1358,431,op4> 2.9093021237548884E-4
<181,1375,445,op1> 8.709692543816529E-4
<182,1376,434,op1> 1.5728944541574654E-4
<183,1376,437,op1> 2.599315004302518E-4
<184,1470,477,op6> 0.002187556883811751
<185,1498,433,op2> 4.898018144237513E-4
<186,1418,466,op1> 5.477273143629812E-4
<187,1470,434,op1> 1.280401747312244E-4
<188,1581,430,op8> 1.9084947457851937E-4
<189,1494,470,op2> 0.0013835566570876868
<190,1470,439,op1> 2.023112126417836E-4
<191,1429,478,op6> 2.896122930846506E-4
<192,1479,462,op2> 8.864516154470316E-4
<193,1472,443,op1> 4.741027432006968E-4
<194,1370,469,op1> 2.746529253224722E-4
<195,1355,471,op1> 2.6663579233315187E-4
<196,1584,441,op1> 0.001119505887555324
<197,1448,497,op7> 0.0010776531160720819
<198,1394,441,op1> 0.0015767215052956364
<199,1421,487,op1> 3.5260265248577495E-5
<200,1470,437,op1> 2.115950923806035E-4
<201,1450,497,op7> 0.0011590878603596447
<202,1355,471,op4> 8.859189229133754E-4
<203,1467,476,op6> 0.001790104078895656
<204,1450,496,op7> 0.0010953944232706201
<205,1395,436,op1> 0.0012812217914354319
<206,1552,426,op8> 0.0025374952716537653
<207,1413,495,op1> 4.2382273235679367E-4
<208,1370,471,op4> 8.003103593522001E-4
<209,1381,445,op1> 8.447253597110193E-4
<210,1390,465,op5> 8.942320404077882E-4
<211,1409,466,op1> 9.156347179728327E-4
<212,1440,496,op7> 9.825200564699006E-4
<213,1408,437,op1> 2.2244612275909602E-4
<214,1535,446,op2> 9.626599691518591E-4
<215,1394,425,op5> 7.741892188212567E-4
<216,1487,463,op1> 0.0016852649089430327
<217,1474,442,op1> 2.596844352546073E-4
<218,1457,453,op2> 9.507176185942068E-4
<219,1367,502,op4> 6.399751322948673E-4
<220,1465,476,op6> 0.001825639643737257
<221,1404,428,op8> 0.0015725151428370504
<222,1481,462,op1> 0.0015576687073735487
<223,1370,472,op4> 8.331155662257317E-4
<224,1387,421,op5> 0.0011513543017920669
<225,1374,424,op5> 0.001295417147695862
<226,1418,425,op1> 5.982139415150179E-4
<227,1501,500,op2> 0.001898489466196874
<228,1458,448,op2> 6.613593880671794E-4
<229,1481,463,op1> 0.0016185217442324178
<230,1457,455,op2> 0.0011040820738715392
<231,1468,443,op1> 4.472032967779623E-4
<232,1450,492,op8> 0.0010773980383329686
<233,1450,493,op8> 0.0011189474002826062
<234,1398,426,op8> 0.002339446860207618
<235,1395,432,op2> 4.0340296478317856E-4
<236,1373,422,op7> 9.235177115547564E-4
<237,1423,512,op1> 3.871394081646882E-4
<238,1469,476,op6> 0.001754568514054055
<239,1394,446,op2> 6.533828155314357E-4
<240,1538,444,op1> 6.086630941548629E-4
<241,1374,445,op1> 0.0010153106750701378
<242,1455,423,op2> 0.0016899528471516145
<243,1465,512,op1> 5.05124751605355E-4
<244,1558,471,op4> 7.821509670816476E-4
<245,1472,442,op1> 4.557946726668002E-4
<246,1473,506,op6> 0.00144089376089769
<247,1369,449,op2> 0.0012410509747222249
<248,1472,444,op1> 3.8256239053121395E-4
<249,1436,425,op6> 6.022446605603869E-4
<250,1473,434,op1> 1.2684632694818268E-4
<251,1446,467,op7> 0.0012800792869611319
<252,1493,433,op2> 3.849239771667294E-4
<253,1482,462,op2> 0.0010430936679758243
<254,1574,455,op2> 8.636515936015193E-4
<255,1461,454,op2> 0.0010920259643260994
<256,1485,491,op2> 0.0010783387092923582
<257,1444,431,op7> 2.4321191030527288E-4
<258,1473,476,op6> 0.0018878268822100593
<259,1465,506,op6> 0.0013934290252445895
<260,1465,477,op6> 0.002095771280295174
<261,1452,438,op1> 1.8387648975357867E-4
<262,1486,504,op2> 3.955437830398604E-4
<263,1471,477,op6> 0.0022079536845932123
<264,1355,469,op1> 3.0403233062438977E-4
<265,1371,456,op4> 2.070706371682856E-4
<266,1365,456,op4> 2.130152487616335E-4
<267,1520,437,op3> 8.243104374617484E-4
<268,1432,461,op6> 4.7690929013295214E-4
<269,1440,467,op7> 0.0012538884064094975
<270,1394,495,op5> 5.700074468244417E-4
<271,1431,429,op6> 7.304706069509967E-4
<272,1473,437,op1> 2.096221777663321E-4
<273,1424,425,op1> 7.06569674317738E-4
<274,1397,461,op5> 7.113616023548023E-4
<275,1446,497,op7> 0.0010613661672145692
<276,1395,495,op5> 5.627152406816983E-4
<277,1482,462,op1> 0.0015683743342283496
<278,1431,425,op6> 6.365605956350529E-4
<279,1522,437,op3> 7.976660596852071E-4
<280,1473,439,op1> 2.0042486100875997E-4
<281,1357,472,op4> 9.303348867577458E-4
<282,1367,502,op1> 1.9261387476835818E-4
<283,1569,492,op5> 0.008753719069855262
<284,1482,429,op2> 0.0011110107814631272
<285,1370,472,op1> 2.507435199320164E-4
<286,1424,512,op1> 3.8468138017634093E-4
<287,1373,424,op5> 0.0012996026635204042
<288,1483,463,op2> 0.0010912421881915384
<289,1417,487,op1> 3.046760783614948E-5
<290,1430,429,op6> 7.38346300826479E-4
<291,1501,470,op2> 0.002232464576480722
<292,1370,471,op1> 2.4087010815454567E-4
<293,1459,453,op2> 9.725105726020969E-4
<294,1372,422,op7> 9.294662958481849E-4
<295,1532,447,op2> 6.644256156911053E-4
<296,1416,425,op1> 6.11758408115358E-4
<297,1497,500,op2> 0.001516709134786168
<298,1399,495,op5> 6.939749512510794E-4
<299,1414,495,op1> 4.1717453263354987E-4
<300,1550,492,op8> 0.0015719414001907246
<301,1471,433,op6> 7.280792493771386E-4
<302,1564,426,op8> 0.0024384710659306917
<303,1371,469,op1> 2.791043503682173E-4
<304,1483,429,op2> 0.0011185944728041724
<305,1472,476,op6> 0.0018789429909996588
<306,1472,434,op1> 1.2624940305666182E-4
<307,1409,457,op1> 6.624395199160149E-4
<308,1484,491,op1> 0.001548380428838103
<309,1450,431,op7> 2.5145638184104484E-4
<310,1485,504,op2> 4.006974479654612E-4
<311,1453,438,op1> 1.8188324867223906E-4
<312,1393,495,op5> 5.675767114435272E-4
<313,1482,504,op2> 3.7750595580025766E-4
<314,1441,497,op7> 0.001110227013787107
<315,1492,433,op2> 3.826925338208353E-4
<316,1391,494,op5> 8.660306211656034E-4
<317,1402,425,op5> 7.510790928862938E-4
<318,1460,454,op2> 0.0010863824192908222
<319,1432,429,op6> 7.225949130755143E-4
<320,1370,456,op4> 2.0376807517198117E-4
<321,1472,439,op1> 1.9948168519224818E-4
<322,1396,461,op5> 5.813412040333621E-4
<323,1407,441,op1> 0.0015094839144514727
<324,1469,507,op6> 0.0015468760635618363
<325,1432,425,op6> 6.296974086201196E-4
<326,1364,472,op4> 8.655220064030698E-4
<327,1399,425,op5> 9.42562993490272E-4
<328,1472,437,op1> 2.086357204591964E-4
<329,1365,502,op4> 6.480124965937039E-4
<330,1471,445,op1> 7.102253995240219E-4
<331,1417,425,op1> 6.027287637151311E-4
<332,1422,495,op1> 5.069252288973415E-4
<333,1372,443,op1> 7.005064172587129E-4
<334,1371,454,op1> 1.7765843687963167E-4
<335,1372,444,op1> 5.652517590591223E-4
<336,1461,448,op2> 7.08991920171741E-4
<337,1468,433,op6> 6.709090542759315E-4
<338,1366,502,op1> 1.9140436849037789E-4
<339,1445,492,op8> 9.916099041331536E-4
<340,1579,462,op2> 9.576525484146644E-4
<341,1381,442,op1> 5.549273201498869E-4
<342,1403,427,op8> 0.004963570763397267
<343,1385,465,op5> 9.620054161018522E-4
<344,1372,442,op1> 6.734554856187948E-4
<345,1450,430,op8> 2.8796016128985075E-4
<346,1502,470,op2> 0.002256952304924752
<347,1453,497,op7> 9.907893888320147E-4
<348,1551,504,op2> 7.897991498483206E-4
<349,1470,433,op6> 7.213533440711144E-4
<350,1372,424,op5> 0.001307973695169489
<351,1437,425,op6> 5.953814735454538E-4
<352,1529,498,op1> 1.7388933214837897E-4
<353,1392,495,op5> 5.748689175862705E-4
<354,1470,480,op1> 1.744595734253239E-4
<355,1451,431,op7> 2.5381194513697964E-4
<356,1379,424,op5> 0.0010861413564687435
<357,1468,477,op6> 0.0020345808779507896
<358,1474,443,op1> 2.701152744949597E-4
<359,1354,431,op4> 2.8505283434770117E-4
<360,1539,425,op6> 0.0011478680282475753
<361,1436,461,op6> 4.5611760445958094E-4
<362,1364,502,op4> 6.439938144442858E-4
<363,1474,444,op1> 2.1796107829319758E-4
<364,1475,434,op1> 7.073548114522188E-5
<365,1354,471,op4> 8.807305251217891E-4
<366,1440,492,op8> 9.663780999567373E-4
<367,1507,437,op3> 9.308879485679139E-4
<368,1469,506,op6> 0.0013391836130696177
<369,1475,437,op1> 1.1689519089557817E-4
<370,1549,493,op8> 0.0016535264861319073
<371,1433,425,op6> 6.228342216051865E-4
<372,1408,461,op1> 7.710651497821263E-4
<373,1475,439,op1> 1.117663342566497E-4
<374,1373,464,op7> 8.152064384092852E-4
<375,1371,432,op4> 4.718498888931951E-4
<376,1510,437,op3> 8.809297402368988E-4
<377,1491,470,op2> 0.001375394080939677
<378,1488,500,op2> 0.0010446898159511137
<379,1430,458,op6> 4.3300299395038623E-4
<380,1384,421,op5> 0.0011984444572845853
<381,1395,473,op1> 0.003562973674415848
<382,1360,432,op4> 4.989417485425652E-4
<383,1485,429,op2> 0.0011792640035325343
<384,1395,461,op5> 5.788408117579499E-4
<385,1369,469,op1> 2.9334891051460157E-4
<386,1433,429,op6> 7.147192192000319E-4
<387,1495,433,op2> 3.8046109047494125E-4
<388,1454,438,op1> 1.8786297191625785E-4
<389,1381,480,op1> 2.094328212448527E-4
<390,1451,430,op8> 2.906576803651655E-4
<391,1365,502,op1> 1.950328873243187E-4
<392,1370,454,op1> 1.7482496898681458E-4
<393,1485,462,op2> 0.001107174507646694
<394,1486,491,op1> 0.0016005144500111027
<395,1372,434,op1> 1.865387161002687E-4
<396,1473,433,op6> 7.1462743876509E-4
<397,1462,448,op2> 7.12655961102861E-4
<398,1392,446,op2> 6.589553768579297E-4
<399,1372,437,op1> 3.0826790847990023E-4
<400,1466,506,op6> 0.0013798676722008465
<401,1503,470,op2> 0.002248789728776742
<402,1483,463,op1> 0.0016407694658026229
<403,1378,424,op5> 0.0011154399672405402
<404,1372,439,op1> 2.9474244265994116E-4
<405,1503,433,op2> 6.1476264179382E-4
<406,1466,507,op6> 0.0015938697667586515
<407,1466,512,op1> 5.002086956286605E-4
<408,1458,455,op2> 0.001142044781282595
<409,1401,425,op5> 7.477776463241563E-4
<410,1473,442,op1> 4.5794973022078036E-4
<411,1497,470,op2> 0.0017835228883401747
<412,1427,425,op6> 5.576339449633213E-4
<413,1452,431,op7> 2.1730071404998957E-4
<414,1481,491,op2> 0.0010089921685018527
<415,1487,504,op2> 3.903901181142596E-4
<416,1538,443,op1> 7.543053101041821E-4
<417,1482,478,op1> 7.514240570394102E-4
<418,1430,461,op6> 4.8730513296963774E-4
<419,1508,437,op3> 9.40879590234117E-4
<420,1448,496,op7> 0.001018434627724675
<421,1459,454,op2> 0.0010073727887969443
<422,1380,464,op7> 6.734314056424528E-4
<423,1467,477,op6> 0.002054977678732251
<424,1430,462,op6> 6.93210510658788E-4
<425,1473,444,op1> 3.843711961602031E-4
<426,1474,434,op1> 7.192932892826361E-5
<427,1514,437,op3> 8.60946456904493E-4
<428,1363,502,op4> 6.681059073407955E-4
<429,1513,437,op3> 8.67607551348628E-4
<430,1470,479,op1> 3.7870492767936166E-4
<431,1474,439,op1> 1.1365268588967333E-4
<432,1361,498,op1> 2.2942285139736224E-4
<433,1403,461,op5> 5.713396349317129E-4
<434,1472,512,op1> 5.198729195354384E-4
<435,1370,431,op4> 2.590244459389273E-4
<436,1356,454,op1> 1.940925506579708E-4
<437,1414,425,op1> 5.666101861142245E-4
<438,1431,458,op6> 4.2838429534824876E-4
<439,1355,447,op2> 6.663769390852054E-4
<440,1446,492,op8> 9.865635432978702E-4
<441,1434,425,op6> 6.159710345902534E-4
<442,1367,471,op4> 8.26252348310132E-4
<443,1474,437,op1> 1.1886810550984952E-4
<444,1423,425,op1> 7.110844965178513E-4
<445,1415,457,op1> 3.693511544452724E-4
<446,1394,461,op5> 5.863419885841869E-4
<447,1494,433,op2> 3.7822964712904707E-4
<448,1434,429,op6> 7.068435253245495E-4
<449,1574,454,op2> 7.703438973153102E-4
<450,1490,470,op2> 0.001367231504791667
<451,1480,429,op1> 0.00164768775206636
<452,1465,444,op1> 3.7170955675727875E-4
<453,1370,447,op2> 6.019832670799001E-4
<454,1399,435,op1> 5.903668881578105E-4
<455,1452,430,op8> 2.488461346977867E-4
<456,1485,463,op2> 0.001150428205178198
<457,1364,502,op1> 1.9382338104633848E-4
<458,1578,430,op8> 1.7466436012663077E-4
<459,1519,437,op3> 8.942519291251697E-4
<460,1371,432,op1> 1.4201307335620438E-4
<461,1476,477,op6> 0.00124930404786452
<462,1472,433,op6> 7.112644861120778E-4
<463,1399,432,op2> 4.975012805425377E-4
<464,1456,423,op2> 0.001599338753470563
<465,1363,498,op1> 2.3081118937858682E-4
<466,1452,497,op7> 0.0010016473547370232
<467,1465,507,op6> 0.0016095343344909232
<468,1504,470,op2> 0.002273277457220772
<469,1452,492,op8> 9.310535741097549E-4
<470,1561,421,op4> 2.7415761408016825E-4
<471,1468,507,op6> 0.001562540631294108
<472,1473,480,op1> 1.7283291073604348E-4
<473,1468,506,op6> 0.0013527449661133607
<474,1471,476,op6> 0.0019233624470516599
<475,1475,433,op6> 3.9850988938194425E-4
<476,1478,429,op2> 9.593369546422223E-4
<477,1584,461,op5> 4.163153138561497E-4
<478,1398,495,op5> 6.891134804892503E-4
<479,1368,454,op1> 1.8559214697951953E-4
<480,1440,430,op8> 2.5828745146138835E-4
<481,1354,423,op1> 3.0890989943541363E-4
<482,1501,433,op2> 6.102997551020318E-4
<483,1476,437,op1> 1.2084102012412088E-4
<484,1561,431,op1> 7.517908302534209E-5
<485,1423,461,op1> 5.385488296704429E-4
<486,1560,424,op5> 0.0012493764736258958
<487,1478,429,op1> 0.0014424394507708963
<488,1402,441,op1> 0.001529655191704722
<489,1473,479,op1> 3.751738794026309E-4
<490,1496,500,op2> 0.0015097676742150646
<491,1476,445,op1> 4.0185963714407715E-4
<492,1476,444,op1> 2.2157868955117592E-4
<493,1476,443,op1> 2.745985155654154E-4
<494,1469,512,op1> 4.8546052769857717E-4
<495,1476,442,op1> 2.639945503625675E-4
<496,1473,477,op6> 0.0021671600830302897
<497,1467,506,op6> 0.0013663063191571034
<498,1470,476,op6> 0.0019055946646308595
<499,1561,431,op4> 2.497885661809753E-4
<500,1467,507,op6> 0.0015782051990263796
<501,1472,480,op1> 1.720195793914033E-4
<502,1465,433,op6> 6.910867701940046E-4
<503,1451,438,op1> 2.1477172651434252E-4
<504,1474,433,op6> 4.0523579468796863E-4
<505,1477,429,op2> 9.214184979369961E-4
<506,1379,464,op7> 6.813077963517215E-4
<507,1353,498,op1> 2.3428203433164822E-4
<508,1487,463,op2> 0.0011208351966848682
<509,1502,433,op2> 6.16994085139714E-4
<510,1358,471,op1> 2.705396838753649E-4
<511,1585,461,op5> 4.1381492158073743E-4
<512,1485,462,op1> 0.0016647249759215589
<513,1538,512,op1> 8.271264180788418E-4
<514,1397,495,op5> 6.915442158701647E-4
<515,1477,429,op1> 0.0013854260337443788
<516,1472,479,op1> 3.7340835526426564E-4
<517,1476,439,op1> 1.1553903752269694E-4
<518,1581,493,op8> 7.415974573301582E-4
<519,1360,423,op1> 3.016307265473921E-4
<520,1581,492,op8> 7.140600581925764E-4
<521,1475,445,op1> 3.8873768980876035E-4
<522,1462,423,op2> 0.0017624441220964562
<523,1477,491,op1> 0.0012668567145039025
<524,1468,512,op1> 4.903765836752717E-4
<525,1475,442,op1> 2.55374320146647E-4
<526,1475,477,op6> 0.0012085104463015967
<527,1476,434,op1> 7.312317671130532E-5
<528,1475,443,op1> 2.6563203342450396E-4
<529,1475,480,op1> 9.637976433986426E-5
<530,1430,478,op6> 3.3212418931725983E-4
<531,1477,463,op1> 0.001351549085389957
<532,1477,462,op1> 0.001300733662858324
<533,1378,464,op7> 6.996860413400145E-4
<534,1447,497,op7> 0.00108851108197709
<535,1399,461,op5> 7.138619946302147E-4
<536,1492,500,op2> 0.0011904604879442921
<537,1396,495,op5> 5.651459760626126E-4
<538,1461,455,op2> 0.0012242973140065493
<539,1562,421,op5> 0.0013820960637054057
<540,1539,461,op6> 8.693523572178339E-4
<541,1450,438,op1> 2.127784854330029E-4
<542,1475,479,op1> 2.0921461039629072E-4
<543,1564,432,op2> 5.149268945720487E-4
<544,1472,477,op6> 0.002156961682639559
<545,1418,442,op1> 2.8554512590236894E-4
<546,1474,480,op1> 9.800642702914467E-5
<547,1561,456,op4> 1.965024387801115E-4
<548,1405,432,op2> 3.877199121566187E-4
<549,1464,423,op2> 0.001880242443881823
<550,1480,504,op2> 3.723522908746569E-4
<551,1379,479,op1> 4.5815351390580104E-4
<552,1561,471,op1> 2.3228154676167696E-4
<553,1584,495,op5> 4.0471744092225814E-4
<554,1473,512,op1> 5.223309475237856E-4
<555,1377,464,op7> 7.023115049097706E-4
<556,1504,433,op2> 6.214569718315021E-4
<557,1487,462,op1> 0.0016219024685023547
<558,1479,429,op2> 9.441695719601318E-4
<559,1379,480,op1> 2.1105948393413307E-4
<560,1536,495,op5> 8.446805448677759E-4
<561,1398,461,op5> 7.088612100793901E-4
<562,1523,437,op3> 7.943355124631396E-4
<563,1474,479,op1> 2.1274565867302134E-4
<564,1475,476,op6> 0.001052741108432433
<565,1363,502,op1> 2.0108041871422005E-4
<566,1474,476,op6> 0.0010705088908532336
<567,1376,464,op7> 6.91809650630746E-4
<568,1565,440,op1> 0.0016095041900621345
<569,1584,440,op1> 9.038193849758698E-4
<570,1584,425,op5> 5.496908525959029E-4
<571,1524,437,op3> 8.043271541293425E-4
<572,1477,478,op1> 6.231946957698862E-4
<573,1478,463,op2> 9.358788936015565E-4
<574,1478,462,op2> 9.006918020405581E-4
<575,1365,472,op1> 2.621224803179101E-4
<576,1553,496,op7> 0.0015622838495826877
<577,1558,502,op1> 1.8233307140552585E-4
<578,1561,472,op1> 2.418029082002427E-4
<579,1478,463,op1> 0.0014071683893154695
<580,1478,462,op1> 0.001354261797132329
<581,1561,471,op4> 7.71774171498475E-4
<582,1375,464,op7> 6.970605777702583E-4
<583,1585,425,op5> 5.463894060337653E-4
<584,1474,477,op6> 0.0012289072470830584
<585,1561,472,op4> 8.034096627298386E-4
<586,1382,479,op1> 4.457948449372439E-4
<587,1408,495,op1> 7.495845187957408E-4
<588,1476,480,op1> 9.963308971842509E-5
<589,1487,429,op2> 0.0011489292381683532
<590,1502,500,op2> 0.0019193138479101854
<591,1476,479,op1> 2.1627670694975197E-4
<592,1579,504,op2> 3.4658396624665286E-4
<593,1566,438,op1> 2.8852164652390795E-4
<594,1427,461,op6> 4.2233111524035276E-4
<595,1477,462,op2> 8.650913355567416E-4
<596,1420,425,op1> 6.749659189169447E-4
<597,1477,463,op2> 8.988876329848942E-4
<598,1412,425,op1> 5.801546527145644E-4
<599,1499,470,op2> 0.0017998480406361944
<600,1470,512,op1> 5.272470035004801E-4
<601,1534,465,op5> 0.0013196982322649675
<602,1462,453,op2> 0.0010596823886336573
<603,1379,444,op1> 4.693850607226951E-4
<604,1378,422,op7> 7.926488570993321E-4
<605,1405,461,op5> 5.563372812792391E-4
<606,1376,479,op1> 4.652156104592624E-4
<607,1382,442,op1> 5.441520323799861E-4
<608,1451,497,op7> 0.0011699458262646532
<609,1586,437,op3> 5.478750180301319E-4
<610,1529,423,op1> 2.2792910105617418E-4
<611,1354,469,op1> 3.0225176060609174E-4
<612,1426,462,op6> 5.859939516768956E-4
<613,1364,447,op2> 6.253991478091021E-4
<614,1374,464,op7> 8.12580974839529E-4
<615,1368,449,op2> 0.0012335180401260352
<616,1484,463,op2> 0.0010986404403148708
<617,1478,491,op1> 0.0013189907356769021
<618,1415,461,op1> 4.222906696146014E-4
<619,1479,478,op1> 6.38582219122229E-4
<620,1376,480,op1> 2.143128093126939E-4
<621,1477,491,op2> 8.425604706046398E-4
<622,1379,434,op1> 1.549017498496631E-4
<623,1353,472,op4> 9.114311299876319E-4
<624,1377,422,op7> 7.956231492460462E-4
<625,1585,428,op8> 0.0011339924014794416
<626,1378,445,op1> 8.742497412154819E-4
<627,1379,437,op1> 2.559856712017091E-4
<628,1498,470,op2> 0.0017916854644881848
<629,1400,440,op1> 0.0012512334428644927
<630,1379,439,op1> 2.4475412438481513E-4
<631,1542,429,op6> 0.001266017790483803
<632,1476,476,op6> 0.0010882766732740342
<633,1567,425,op6> 9.96877913919045E-4
<634,1478,478,op1> 6.488405680237909E-4
<635,1527,437,op3> 8.276409846838161E-4
<636,1401,440,op1> 0.0012295200642464539
<637,1465,442,op1> 4.428643273429193E-4
<638,1500,433,op2> 6.125311984479259E-4
<639,1439,482,op5> 0.0016644725601492332
<640,1479,463,op2> 9.210823893548916E-4
<641,1379,443,op1> 5.817005288916351E-4
<642,1379,442,op1> 5.592374352578471E-4
<643,1548,493,op8> 0.0016482855147020125
<644,1404,440,op1> 0.0012458050982099827
<645,1354,447,op2> 6.624742922970051E-4
<646,1355,421,op4> 3.147052948180755E-4
<647,1426,489,op6> 5.0445932952509446E-5
<648,1429,458,op6> 3.775786107247368E-4
<649,1427,478,op6> 2.8784096407495857E-4
<650,1388,421,op5> 0.0011466452862428152
<651,1426,487,op6> 2.7494228860372444E-5
<652,1389,465,op5> 9.130579781005838E-4
<653,1361,423,op1> 3.007208299363895E-4
<654,1468,479,op1> 3.5222206560388183E-4
<655,1426,486,op6> 3.3232154883406694E-5
<656,1556,454,op2> 0.0017128159182065686
<657,1353,454,op1> 1.9125908276515372E-4
<658,1428,461,op6> 4.1973215453118133E-4
<659,1356,423,op1> 3.1163958926842177E-4
<660,1556,455,op2> 0.0019202802832092383
<661,1355,431,op1> 8.629800622909014E-5
<662,1428,462,op6> 5.970853198474362E-4
<663,1466,477,op6> 0.0020753744795137126
<664,1468,480,op1> 1.6225960325572084E-4
<665,1466,476,op6> 0.0018078718613164565
<666,1356,421,op4> 3.1562683301666433E-4
<667,1487,462,op2> 0.0010786941344596407
<668,1425,486,op6> 3.3441821475731027E-5
<669,1353,456,op4> 2.2292293475054668E-4
<670,1381,444,op1> 4.6576744946471676E-4
<671,1438,429,op6> 7.501598416397029E-4
<672,1534,494,op5> 0.0012889330476371292
<673,1480,463,op1> 0.001607397883447315
<674,1469,479,op1> 3.4869101732715115E-4
<675,1428,458,op6> 3.7295991212259937E-4
<676,1498,500,op2> 0.0015236505953572718
<677,1463,455,op2> 0.0013255312004360313
<678,1426,478,op6> 2.8075564803619035E-4
<679,1425,487,op6> 2.7667694026683943E-5
<680,1425,489,op6> 5.0764203822872273E-5
<681,1353,471,op1> 2.6351267909938136E-4
<682,1357,431,op1> 8.70561146293457E-5
<683,1353,472,op1> 2.743142235885106E-4
<684,1357,423,op1> 3.134593824904271E-4
<685,1443,431,op7> 2.455674736012077E-4
<686,1356,432,op1> 1.551498488819777E-4
<687,1354,454,op1> 1.9239246992228056E-4
<688,1385,494,op5> 9.395788692476078E-4
<689,1427,462,op6> 6.007824425709497E-4
<690,1353,469,op1> 3.004711905877937E-4
<691,1558,431,op1> 7.618989422568281E-5
<692,1467,433,op6> 6.776349595819558E-4
<693,1579,491,op2> 9.327109736322968E-4
<694,1422,442,op1> 3.2864627698197185E-4
<695,1469,480,op1> 1.6063294056644042E-4
<696,1357,471,op4> 8.93701519600755E-4
<697,1354,456,op4> 2.2424395954906843E-4
<698,1483,429,op1> 0.0016818958022822709
<699,1356,449,op2> 0.0012900150495974568
<700,1357,421,op4> 3.174699094138419E-4
<701,1356,432,op4> 5.15497884994958E-4
<702,1354,472,op1> 2.759397893579241E-4
<703,1359,423,op1> 3.1709896893443787E-4
<704,1354,471,op1> 2.650742357162666E-4
<705,1443,497,op7> 0.0011319429455971238
<706,1358,431,op1> 8.756152022951607E-5
<707,1428,489,op6> 5.140074556359795E-5
<708,1428,486,op6> 3.386115466037969E-5
<709,1428,487,op6> 2.8014624359306934E-5
<710,1355,454,op1> 1.9352585707940737E-4
<711,1358,423,op1> 3.152791757124325E-4
<712,1468,476,op6> 0.0017723362964748555
<713,1357,447,op2> 6.72230909267506E-4
<714,1355,456,op4> 2.255649843475902E-4
<715,1353,471,op4> 8.755421273302025E-4
<716,1357,431,op4> 2.892509615104066E-4
<717,1358,421,op4> 3.193129858110195E-4
<718,1500,500,op2> 0.001905430926767978
<719,1559,438,op1> 2.98487851930606E-4
<720,1558,431,op4> 2.531470679111396E-4
<721,1355,472,op1> 2.7756535512733744E-4
<722,1359,432,op1> 1.578678024390342E-4
<723,1357,454,op1> 1.9522593781509768E-4
<724,1428,478,op6> 2.860696350652665E-4
<725,1427,487,op6> 2.8188089525618437E-5
<726,1481,462,op2> 0.001035973574679061
<727,1578,493,op8> 6.787058001714168E-4
<728,1427,489,op6> 5.171901643396079E-5
<729,1553,492,op8> 0.0015366168743437417
<730,1568,421,op5> 0.001372678032606902
<731,1578,492,op8> 6.535037281691775E-4
<732,1485,463,op1> 0.0017297603520834428
<733,1427,486,op6> 3.407082125270403E-5
<734,1558,447,op2> 5.88324003321199E-4
<735,1429,462,op6> 6.044795652944634E-4
<736,1558,454,op1> 1.7085811393687068E-4
<737,1414,512,op1> 3.084825125375769E-4
<738,1471,507,op6> 0.001695689457018418
<739,1469,477,op6> 0.0020141840771693282
<740,1448,493,op8> 0.0010403328288341796
<741,1358,454,op1> 1.963593249722245E-4
<742,1400,425,op5> 7.609834325727065E-4
<743,1448,492,op8> 0.00100170262580372
<744,1358,447,op2> 6.761335560557063E-4
<745,1354,472,op4> 9.168322033505218E-4
<746,1381,439,op1> 2.428677727517915E-4
<747,1359,421,op4> 3.2115606220819716E-4
<748,1449,496,op7> 0.0010800024641614311
<749,1553,493,op8> 0.0015958758004030612
<750,1579,463,op2> 9.950649105882163E-4
<751,1356,469,op1> 3.0492261563353884E-4
<752,1429,489,op6> 5.2037287304323625E-5
<753,1357,472,op1> 2.8000370378145756E-4
<754,1357,471,op1> 2.689781272584797E-4
<755,1359,454,op1> 1.9749271212935132E-4
<756,1447,492,op8> 0.0010117953474742866
<757,1355,472,op4> 9.222332767134114E-4
<758,1359,432,op4> 5.245285048780813E-4
<759,1447,496,op7> 0.0010286959337974676
<760,1558,469,op1> 2.6842093025842905E-4
<761,1357,456,op4> 2.2754652154537283E-4
<762,1458,453,op2> 9.834070496060419E-4
<763,1574,423,op2> 0.0012368823787463558
<764,1463,453,op2> 0.0011414059661632452
<765,1359,449,op2> 0.0013126138533860253
<766,1442,496,op7> 0.0010389572398702602
<767,1410,425,op1> 5.395212529135444E-4
<768,1558,472,op1> 2.4505403973906954E-4
<769,1354,498,op1> 2.3567037231287283E-4
<770,1452,493,op8> 9.669592288156479E-4
<771,1357,469,op1> 3.0670318565183686E-4
<772,1429,486,op6> 3.4280487845028355E-5
<773,1558,471,op1> 2.3540465999544736E-4
<774,1441,438,op1> 2.038089005669747E-4
<775,1479,491,op1> 0.001298137127207702
<776,1570,497,op7> 0.0015554036158924504
<777,1473,507,op6> 0.0016643603215538744
<778,1429,487,op6> 2.8361554691929933E-5
<779,1438,462,op6> 7.043018788293288E-4
<780,1531,442,op1> 7.294869820222784E-4
<781,1358,472,op1> 2.816292695508709E-4
<782,1531,443,op1> 7.587885511746379E-4
<783,1531,444,op1> 6.122807054128413E-4
<784,1531,424,op5> 0.0014167971066075906
<785,1358,456,op4> 2.2886754634389458E-4
<786,1532,421,op4> 3.137837566194867E-4
<787,1358,469,op1> 3.084837556701349E-4
<788,1355,498,op1> 2.3705871029409742E-4
<789,1449,492,op8> 0.0010622589558271188
<790,1484,478,op1> 7.616824059409721E-4
<791,1531,437,op1> 3.339157984654279E-4
<792,1449,493,op8> 0.0011032244859929207
<793,1357,498,op1> 2.3914121726593428E-4
<794,1558,472,op4> 8.142118094556179E-4
<795,1424,457,op1> 4.680441754711346E-4
<796,1540,421,op5> 0.001495112436887449
<797,1383,465,op5> 9.544750410247339E-4
<798,1531,434,op1> 2.0205873727981104E-4
<799,1414,466,op1> 5.187907770004087E-4
<800,1531,439,op1> 3.1926501388924826E-4
<801,1479,491,op2> 8.633644328417914E-4
<802,1544,448,op2> 0.0011889812821484751
<803,1359,456,op4> 2.301885711424164E-4
<804,1558,498,op1> 2.0929195066960577E-4
<805,1505,500,op2> 0.0019262553084812895
<806,1389,421,op5> 0.0011419362706935636
<807,1356,498,op1> 2.3775287928470972E-4
<808,1359,469,op1> 3.1026432568843297E-4
<809,1444,492,op8> 0.0010420735124859859
<810,1444,493,op8> 0.0010822606002733404
<811,1370,423,op1> 2.807031044943302E-4
<812,1421,461,op1> 5.282907567243394E-4
<813,1422,466,op1> 6.304031353989029E-4
<814,1420,486,op1> 4.123967592503529E-5
<815,1423,457,op1> 4.710348730779789E-4
<816,1420,487,op1> 3.4119156340856544E-5
<817,1447,467,op7> 0.001312817887650675
<818,1444,497,op7> 0.0011210849796921152
<819,1444,496,op7> 0.0010594798520158456
<820,1418,512,op1> 3.256887084560075E-4
<821,1381,512,op1> 6.329422069994107E-4
<822,1481,504,op2> 3.7492912333745725E-4
<823,1443,492,op8> 0.001052166234156552
<824,1443,493,op8> 0.0010927425431331305
<825,1449,430,op8> 2.839138826768786E-4
<826,1371,423,op1> 2.852525875493437E-4
<827,1421,466,op1> 6.386707175024951E-4
<828,1549,438,op1> 3.144337805813228E-4
<829,1422,457,op1> 4.5608138504375735E-4
<830,1424,437,op1> 1.5438056856673403E-4
<831,1363,421,op4> 3.0641145103077634E-4
<832,1423,444,op1> 2.8488688656579765E-4
<833,1424,434,op1> 9.341858902301455E-5
<834,1370,431,op1> 7.795881382627909E-5
<835,1424,439,op1> 1.4760701528409854E-4
<836,1449,431,op7> 2.4792303689714256E-4
<837,1424,444,op1> 2.8307808093680845E-4
<838,1424,443,op1> 3.508136137631634E-4
<839,1449,467,op7> 0.0013782950890297609
<840,1443,496,op7> 0.0010697411580886382
<841,1424,442,op1> 3.3726650719789243E-4
<842,1422,461,op1> 5.214520414269368E-4
<843,1382,512,op1> 6.206520670576746E-4
<844,1446,493,op8> 0.001024609914544494
<845,1422,487,op1> 3.480382168548911E-5
<846,1423,479,op1> 2.780700517925383E-4
<847,1423,487,op1> 3.594493059321006E-5
<848,1423,486,op1> 4.3446481325706075E-5
<849,1426,429,op6> 6.241487396319837E-4
<850,1381,434,op1> 1.537079020666214E-4
<851,1423,480,op1> 1.2809968678083224E-4
<852,1409,461,op1> 7.573877191873214E-4
<853,1482,463,op1> 0.0016296456050175201
<854,1380,422,op7> 7.6290593563219E-4
<855,1446,496,op7> 0.0010030426686154859
<856,1426,425,op6> 5.43907570933455E-4
<857,1490,433,op2> 3.7376676043725894E-4
<858,1445,493,op8> 0.0010298508859743892
<859,1422,479,op1> 2.6924243110071166E-4
<860,1463,454,op2> 0.0011823226848905312
<861,1423,466,op1> 6.510720906578833E-4
<862,1421,486,op1> 4.261892930045454E-5
<863,1424,466,op1> 6.469382996060872E-4
<864,1411,425,op1> 5.304916085133177E-4
<865,1422,486,op1> 4.2067227950286836E-5
<866,1421,495,op1> 5.135734286205852E-4
<867,1448,467,op7> 0.0012997224473748575
<868,1445,497,op7> 0.0010667951501670734
<869,1401,461,op5> 5.663388503808883E-4
<870,1445,496,op7> 0.0010081733216518822
<871,1425,429,op6> 6.28086586569725E-4
<872,1424,461,op1> 5.351294720217418E-4
<873,1422,480,op1> 1.240330300576312E-4
<874,1553,430,op8> 4.106972792166723E-4
<875,1425,425,op6> 5.473391644409216E-4
<876,1484,504,op2> 3.826596207258584E-4
<877,1491,433,op2> 3.75998203783153E-4
<878,1362,449,op2> 0.0012561168439146036
<879,1393,432,op2> 4.068880875890808E-4
<880,1392,425,op5> 7.807921119455317E-4
<881,1360,449,op2> 0.0012485839093184143
<882,1446,430,op8> 2.6368248961201787E-4
<883,1443,467,op7> 0.0013651996487539437
<884,1440,497,op7> 0.0010396502354045524
<885,1391,430,op5> 2.1489272996600502E-4
<886,1393,436,op1> 0.0012922906622037725
<887,1428,425,op6> 5.542023514558547E-4
<888,1425,458,op6> 3.683412135204619E-4
<889,1428,429,op6> 6.359622804452074E-4
<890,1449,438,op1> 2.097886238109935E-4
<891,1424,495,op1> 5.202216283438291E-4
<892,1446,431,op7> 2.302563121776312E-4
<893,1392,440,op1> 0.0012838035107915508
<894,1424,479,op1> 2.763045276541729E-4
<895,1445,430,op8> 2.650312491496753E-4
<896,1442,467,op7> 0.0013259133279264921
<897,1393,425,op5> 7.708877722591191E-4
<898,1424,480,op1> 1.2728635543619204E-4
<899,1548,492,op8> 0.001587080482696574
<900,1448,438,op1> 1.9782917732295589E-4
<901,1427,429,op6> 6.399001273829486E-4
<902,1476,512,op1> 3.011084285725352E-4
<903,1424,487,op1> 3.571670881166587E-5
<904,1423,495,op1> 5.23545728205451E-4
<905,1445,431,op7> 2.314340938255986E-4
<906,1424,486,op1> 4.317063065062223E-5
<907,1426,461,op6> 4.1193527240366716E-4
<908,1442,493,op8> 0.00106129671455376
<909,1448,430,op8> 2.6772876822499003E-4
<910,1382,464,op7> 6.629295513634283E-4
<911,1353,431,op1> 8.52871950287494E-5
<912,1442,492,op8> 0.001021888069144853
<913,1460,453,op2> 0.0010487859116297123
<914,1427,458,op6> 3.7526926142366805E-4
<915,1425,478,op6> 2.825269770458824E-4
<916,1390,421,op5> 0.0011183911929473044
<917,1353,421,op4> 3.110191420237203E-4
<918,1442,497,op7> 0.0010993690478820985
<919,1448,431,op7> 2.3378965712153346E-4
<920,1403,440,op1> 0.0012403767535554729
<921,1425,462,op6> 5.896910744004092E-4
<922,1425,461,op6> 4.145342331128386E-4
<923,1441,493,op8> 0.00107177865741355
<924,1441,492,op8> 0.0010319807908154193
<925,1447,430,op8> 2.7042628730030474E-4
<926,1355,423,op1> 3.1072969265741904E-4
<927,1406,441,op1> 0.0015027601553670564
<928,1354,431,op1> 8.579260062891978E-5
<929,1429,429,op6> 6.438379743206899E-4
<930,1391,421,op5> 0.0011089731618488007
<931,1426,458,op6> 3.6603186421939316E-4
<932,1390,430,op5> 2.1671772130329593E-4
<933,1480,463,op2> 0.001069047431821541
<934,1429,425,op6> 5.61065538470788E-4
<935,1376,512,op1> 6.476903749294941E-4
<936,1444,467,op7> 0.0013521042084781265
<937,1416,457,op1> 4.0523952572740416E-4
<938,1353,447,op2> 6.585716455088048E-4
<939,1441,496,op7> 0.001049218545943053
<940,1353,431,op4> 2.8337358348261895E-4
<941,1363,472,op4> 8.979284465804077E-4
<942,1354,421,op4> 3.128622184208979E-4
<943,1447,431,op7> 2.3614522041746832E-4
<944,1486,462,op1> 0.0016433137222119569
<945,1400,428,op8> 0.0015793670606707633
<946,1484,462,op2> 0.001057333854569351
<947,1401,446,op2> 6.310925702254592E-4
<948,1486,429,op1> 0.0017503119027140917
<949,1446,438,op1> 1.948393157009465E-4
<950,1490,500,op2> 0.001162694645659877
<951,1539,458,op6> 7.72477341207489E-4
<952,1366,472,op4> 8.547198596772905E-4
<953,1386,430,op5> 2.2493018232110505E-4
<954,1410,512,op1> 2.937343446074935E-4
<955,1572,423,op1> 2.615952756632737E-4
<956,1484,462,op1> 0.001589785587937952
<957,1484,463,op1> 0.0016518933265877252
<958,1443,430,op8> 2.812163636015638E-4
<959,1483,478,op1> 7.56553231490191E-4
<960,1441,467,op7> 0.0013390087682023093
<961,1401,428,op8> 0.0015519593893359126
<962,1447,438,op1> 1.998224184042955E-4
<963,1483,462,op2> 0.0010502137612725876
<964,1402,446,op2> 6.338788508887061E-4
<965,1480,491,op2> 0.001002057514422802
<966,1441,431,op7> 2.40856347009338E-4
<967,1379,512,op1> 6.378582629761052E-4
<968,1386,421,op5> 0.0011607723328905708
<969,1382,480,op1> 2.0536616452165169E-4
<970,1385,430,op5> 2.3314264333891414E-4
<971,1480,491,op1> 0.001506673211899703
<972,1381,464,op7> 6.760568692122091E-4
<973,1444,430,op8> 2.7851884452624907E-4
<974,1476,507,op6> 9.594547736016453E-4
<975,1476,506,op6> 8.306328739292565E-4
<976,1486,429,op2> 0.0011640966208504439
<977,1482,463,op2> 0.001083843936068206
<978,1444,438,op1> 2.0580214164831433E-4
<979,1478,504,op2> 3.2596930654424974E-4
<980,1561,502,op4> 5.977789697259751E-4
<981,1441,430,op8> 2.758213254509343E-4
<982,1481,478,op1> 7.462948825886292E-4
<983,1388,430,op5> 2.2219269531516863E-4
<984,1538,479,op1> 5.94098872559931E-4
<985,1475,507,op6> 9.281256381371018E-4
<986,1475,506,op6> 8.035101678417705E-4
<987,1442,431,op7> 2.3850078371340317E-4
<988,1477,504,op2> 3.130851442302478E-4
<989,1464,455,op2> 0.0013128769646323462
<990,1370,502,op1> 1.8656634337845684E-4
<991,1481,463,op2> 0.0010764456839448735
<992,1445,438,op1> 1.9583593624161627E-4
<993,1400,446,op2> 6.422376928784475E-4
<994,1491,500,op2> 0.0011696361062309808
<995,1363,469,op1> 2.9601976554204866E-4
<996,1387,430,op5> 2.2310519098381405E-4
<997,1365,471,op4> 8.366291438933046E-4
<998,1480,478,op1> 7.411657081378482E-4
<999,1485,429,op1> 0.0017731172695246986
<1000,1538,480,op1> 2.736859974714289E-4
<1001,1442,430,op8> 2.7312380637561955E-4
<1002,1384,465,op5> 9.582402285632931E-4
<1003,1474,506,op6> 8.170715208855136E-4
<1004,1474,507,op6> 9.437902058693735E-4
<1005,1481,429,op1> 0.0016590904354716637
<1006,1494,500,op2> 0.0011765775668020845
<1007,1420,461,op1> 5.111939684808332E-4
<1008,1480,462,op2> 0.0010288534813822979
<1009,1442,438,op1> 2.018156594856351E-4
<1010,1408,425,op1> 0.0010180924061255587
<1011,1484,429,op2> 0.0011261781641452176
<1012,1547,512,op1> 8.074621941720638E-4
<1013,1402,461,op5> 5.688392426563007E-4
<1014,1383,421,op5> 0.0011937354417353332
<1015,1405,425,op5> 7.34571860075606E-4
<1016,1480,462,op1> 0.0015469630805187479
<1017,1380,479,op1> 4.5285694149070513E-4
<1018,1475,512,op1> 2.9127631661914635E-4
<1019,1382,422,op7> 7.510087670453332E-4
<1020,1422,434,op1> 9.103089345693112E-5
<1021,1461,453,op2> 0.001054234150131685
<1022,1515,437,op3> 9.075741180134404E-4
<1023,1420,457,op1> 4.471092922232245E-4
<1024,1422,437,op1> 1.504347393381913E-4
<1025,1484,429,op1> 0.0016932984856875741
<1026,1422,439,op1> 1.438343120180513E-4
<1027,1493,500,op2> 0.001197401948515396
<1028,1454,497,op7> 0.0010233632865470398
<1029,1464,454,op2> 0.001171035594819977
<1030,1405,426,op8> 0.0018360738144486597
<1031,1416,512,op1> 3.330627924210492E-4
<1032,1423,442,op1> 3.3942156475187256E-4
<1033,1423,443,op1> 3.530552342983913E-4
<1034,1443,438,op1> 2.077953827296539E-4
<1035,1409,425,op1> 0.0010000331173251054
<1036,1408,434,op1> 1.3460633753795386E-4
<1037,1440,431,op7> 2.2554518558576153E-4
<1038,1408,439,op1> 2.1268614662341357E-4
<1039,1561,502,op1> 1.7991405884956534E-4
<1040,1406,425,op5> 7.378733066377435E-4
<1041,1472,507,op6> 0.0016565280376877386
<1042,1472,506,op6> 0.0014341130843758183
<1043,1382,444,op1> 4.5672342131977076E-4
<1044,1460,455,op2> 0.0012179701961047068
<1045,1474,512,op1> 2.961923725958408E-4
<1046,1422,444,op1> 2.758428584208517E-4
<1047,1423,434,op1> 9.401551291453542E-5
<1048,1422,443,op1> 3.418471316222519E-4
<1049,1406,446,op2> 6.227337282357179E-4
<1050,1382,443,op1> 5.6600918514504E-4
<1051,1423,439,op1> 1.4855019110061036E-4
<1052,1421,457,op1> 4.62062780257446E-4
<1053,1419,461,op1> 4.4622617315550993E-4
<1054,1423,437,op1> 1.553670258738697E-4
<1055,1403,446,op2> 6.366651315519532E-4
<1056,1506,500,op2> 0.0019470796901946005
<1057,1440,438,op1> 1.9085283353826725E-4
<1058,1403,425,op5> 7.543805394484313E-4
<1059,1460,448,op2> 7.053278792406208E-4
<1060,1364,423,op1> 2.916218638263626E-4
<1061,1385,421,op5> 0.0012031534728338367
<1062,1420,438,op1> 1.4899477083013554E-4
<1063,1481,429,op2> 0.0011034270901220818
<1064,1471,506,op6> 0.0014680164669851755
<1065,1421,425,op1> 6.975400299175114E-4
<1066,1384,430,op5> 2.3223014767026866E-4
<1067,1463,448,op2> 7.676165750696625E-4
<1068,1539,486,op6> 7.01334751324892E-5
<1069,1539,487,op6> 5.802409813119609E-5
<1070,1404,446,op2> 6.394514122152003E-4
<1071,1518,437,op3> 8.975824763472374E-4
<1072,1404,425,op5> 7.576819860105688E-4
<1073,1470,507,op6> 0.0016800248892861463
<1074,1470,506,op6> 0.0014544551139414328
<1075,1381,479,op1> 4.546224656290705E-4
<1076,1517,437,op3> 9.00913023569305E-4
<1077,1383,430,op5> 2.3131765200162322E-4
<1078,1400,461,op5> 5.763404194825376E-4
<1079,1480,429,op2> 0.0010958433987810366
<1080,1461,423,op2> 0.0017533827127283509
<1081,1421,438,op1> 1.5397787353348455E-4
<1082,1422,425,op1> 6.885103855172847E-4
<1083,1380,480,op1> 2.086194899002125E-4
<1084,1539,489,op6> 1.064616061363685E-4
<1085,1532,456,op4> 2.2490447194832932E-4
<1086,1531,480,op1> 2.7531266016070924E-4
<1087,1570,496,op7> 0.0014699320949275534
<1088,1417,466,op1> 5.518611054147772E-4
<1089,1536,435,op1> 7.185726572148479E-4
<1090,1433,458,op6> 4.1914689814397387E-4
<1091,1406,461,op5> 5.588376735546514E-4
<1092,1466,444,op1> 3.6809194549930046E-4
<1093,1408,466,op1> 9.32169882180017E-4
<1094,1466,443,op1> 4.561697789188738E-4
<1095,1403,495,op5> 5.554230345389548E-4
<1096,1531,479,op1> 5.976299208366616E-4
<1097,1464,453,op2> 0.0011305094891593001
<1098,1387,494,op5> 8.991273328025052E-4
<1099,1466,442,op1> 4.385542122349591E-4
<1100,1465,443,op1> 4.606530199893296E-4
<1101,1407,461,op5> 5.613380658300637E-4
<1102,1534,430,op5> 3.198297318602325E-4
<1103,1408,479,op1> 3.981256932013802E-4
<1104,1466,434,op1> 1.2147401192449496E-4
<1105,1466,437,op1> 2.00744062002111E-4
<1106,1404,495,op5> 5.578537699198694E-4
<1107,1466,439,op1> 1.9193627866015368E-4
<1108,1489,470,op2> 0.0013100934717555973
<1109,1487,491,op2> 0.001050600092976156
<1110,1576,445,op1> 4.5434742648534435E-4
<1111,1512,437,op3> 8.709380985706959E-4
<1112,1407,425,op5> 7.41174753199881E-4
<1113,1464,448,op2> 7.602884932074224E-4
<1114,1409,439,op1> 2.089134433573663E-4
<1115,1465,437,op1> 2.0271697661638236E-4
<1116,1404,461,op5> 5.738400272071253E-4
<1117,1409,437,op1> 2.185002935305533E-4
<1118,1359,498,op1> 2.4191789322838348E-4
<1119,1465,434,op1> 1.2266785970753668E-4
<1120,1358,502,op4> 6.962366823867239E-4
<1121,1408,444,op1> 4.0788566933706264E-4
<1122,1409,434,op1> 1.3221864197187047E-4
<1123,1571,478,op6> 5.110284192961571E-4
<1124,1408,442,op1> 4.8596547842252234E-4
<1125,1465,439,op1> 1.9382263029317729E-4
<1126,1358,472,op4> 9.357359601206354E-4
<1127,1486,491,op2> 0.001064469401134257
<1128,1462,454,op2> 0.0010976695093613763
<1129,1358,471,op4> 8.988899173923413E-4
<1130,1462,455,op2> 0.001230624431908392
<1131,1572,498,op1> 1.9957358480103367E-4
<1132,1578,438,op1> 1.2906236001673948E-4
<1133,1389,494,op5> 8.91772507994305E-4
<1134,1401,495,op5> 5.50561563777126E-4
<1135,1358,498,op1> 2.405295552471589E-4
<1136,1402,495,op5> 5.529922991580403E-4
<1137,1409,444,op1> 4.0065044682110595E-4
<1138,1550,438,op1> 3.1044729841864363E-4
<1139,1408,457,op1> 6.74402310343392E-4
<1140,1487,491,op1> 0.0015796608415419027
<1141,1409,442,op1> 4.7734524820660176E-4
<1142,1409,443,op1> 4.965189485529757E-4
<1143,1572,469,op1> 2.5595694013034277E-4
<1144,1469,433,op6> 6.641831489699072E-4
<1145,1387,465,op5> 9.205883531777018E-4
<1146,1384,494,op5> 9.359014568435076E-4
<1147,1574,448,op2> 5.001415870978947E-4
<1148,1409,495,op1> 7.362881193492533E-4
<1149,1407,495,op5> 5.457000930152969E-4
<1150,1466,480,op1> 1.6551292863428165E-4
<1151,1486,478,op1> 7.873282781948768E-4
<1152,1511,437,op3> 8.742686457927637E-4
<1153,1360,432,op1> 1.50166934027374E-4
<1154,1536,461,op5> 8.688863157057778E-4
<1155,1389,430,op5> 2.2128019964652324E-4
<1156,1558,423,op1> 2.743338282173114E-4
<1157,1383,494,op5> 9.322240444394074E-4
<1158,1386,465,op5> 9.281187282548203E-4
<1159,1553,431,op7> 3.5863451180608025E-4
<1160,1574,453,op2> 7.436845555192506E-4
<1161,1466,479,op1> 3.5928416215734313E-4
<1162,1571,462,op6> 0.0010666199057336554
<1163,1469,444,op1> 3.5723911172536526E-4
<1164,1538,434,op1> 2.0086488949676932E-4
<1165,1485,478,op1> 7.975866270964387E-4
<1166,1483,491,op2> 0.0010228614766599538
<1167,1469,443,op1> 4.427200557075065E-4
<1168,1538,437,op1> 3.3194288385115654E-4
<1169,1469,442,op1> 4.2562386691107827E-4
<1170,1465,480,op1> 1.6713959132356204E-4
<1171,1570,431,op7> 3.3743444214266667E-4
<1172,1571,429,op6> 0.0011360688415383425
<1173,1386,494,op5> 9.064821576107059E-4
<1174,1408,486,op1> 6.220432723140774E-5
<1175,1408,480,op1> 1.8340621821636615E-4
<1176,1486,462,op2> 0.0010929343210531674
<1177,1489,433,op2> 3.5814665701600036E-4
<1178,1486,463,op2> 0.001135631700931533
<1179,1465,479,op1> 3.6281521043407365E-4
<1180,1469,439,op1> 1.8627722376108282E-4
<1181,1405,495,op5> 5.40838622253468E-4
<1182,1469,437,op1> 1.948253181592969E-4
<1183,1409,479,op1> 3.9106359664791893E-4
<1184,1537,438,op1> 3.3436619139471887E-4
<1185,1408,487,op1> 5.146401173821505E-5
<1186,1468,442,op1> 4.2993398201903853E-4
<1187,1468,444,op1> 3.608567229833437E-4
<1188,1469,434,op1> 1.1789246857536979E-4
<1189,1551,463,op2> 0.0022675642758013996
<1190,1538,442,op1> 7.251768669143182E-4
<1191,1503,500,op2> 0.0019123723873390815
<1192,1388,465,op5> 9.168231656391427E-4
<1193,1572,454,op1> 1.629244038369828E-4
<1194,1466,433,op6> 6.843608648879803E-4
<1195,1409,487,op1> 5.055112461203828E-5
<1196,1409,486,op1> 6.110092453107237E-5
<1197,1482,491,op2> 0.0010159268225809032
<1198,1409,480,op1> 1.8015289283780534E-4
<1199,1488,433,op2> 3.358322235570595E-4
<1200,1468,439,op1> 1.8816357539410645E-4
<1201,1483,491,op1> 0.0015379536246035027
<1202,1468,434,op1> 1.1908631635841153E-4
<1203,1538,439,op1> 3.1737866225622463E-4
<1204,1417,457,op1> 3.9925813051371544E-4
<1205,1468,437,op1> 1.9679823277356828E-4
<1206,1419,486,op1> 3.5998513098442176E-5
<1207,1418,495,op1> 4.4044323166490324E-4
<1208,1453,496,op7> 9.363441791423335E-4
<1209,1366,471,op1> 2.471163346220865E-4
<1210,1366,472,op1> 2.5724578300967E-4
<1211,1366,456,op4> 2.0905217436606823E-4
<1212,1368,432,op4> 4.929213352871496E-4
<1213,1364,471,op4> 8.314407461017184E-4
<1214,1369,421,op4> 3.036468364350099E-4
<1215,1419,487,op1> 2.9782942491516913E-5
<1216,1453,493,op8> 9.564772859558577E-4
<1217,1453,492,op8> 9.209608524391883E-4
<1218,1542,478,op6> 5.69482276615995E-4
<1219,1366,469,op1> 2.817752053956644E-4
<1220,1367,454,op1> 1.8049190477244877E-4
<1221,1367,472,op1> 2.5887134877908334E-4
<1222,1437,429,op6> 6.832164436981021E-4
<1223,1369,454,op1> 1.8672553413664637E-4
<1224,1417,495,op1> 4.437673315265251E-4
<1225,1531,512,op1> 8.320424740555361E-4
<1226,1367,471,op1> 2.486778912389718E-4
<1227,1418,480,op1> 1.0776640316482711E-4
<1228,1547,444,op1> 5.941926491229493E-4
<1229,1367,456,op4> 2.1037319916458998E-4
<1230,1418,487,op1> 3.0239386054605296E-5
<1231,1365,472,op4> 8.709230797659594E-4
<1232,1369,432,op4> 4.959315419148574E-4
<1233,1418,486,op1> 3.655021444860988E-5
<1234,1547,439,op1> 3.0983325572413016E-4
<1235,1547,437,op1> 3.240512253940711E-4
<1236,1547,443,op1> 7.36372345822359E-4
<1237,1547,442,op1> 7.079364064824771E-4
<1238,1454,492,op8> 9.512390174508878E-4
<1239,1408,512,op1> 5.542853113722995E-4
<1240,1454,493,op8> 9.879231145352284E-4
<1241,1367,469,op1> 2.835557754139624E-4
<1242,1364,498,op1> 2.2248116149123934E-4
<1243,1567,486,op6> 6.090814507021857E-5
<1244,1364,456,op4> 2.1169422396311174E-4
<1245,1567,487,op6> 5.039163081349019E-5
<1246,1364,471,op1> 2.5023944785585703E-4
<1247,1364,472,op1> 2.604969145484968E-4
<1248,1368,432,op1> 1.4835496498933633E-4
<1249,1567,489,op6> 9.245768784040373E-5
<1250,1366,431,op4> 2.65741449399256E-4
<1251,1367,421,op4> 2.935099162505331E-4
<1252,1419,466,op1> 5.39459732259389E-4
<1253,1417,486,op1> 3.6826065123693726E-5
<1254,1454,467,op7> 0.0012342452459957718
<1255,1416,495,op1> 4.50415531249769E-4
<1256,1451,496,op7> 0.0011056557293434128
<1257,1366,447,op2> 6.175938542327014E-4
<1258,1458,454,op2> 0.0010186598788674982
<1259,1418,479,op1> 2.339319483334052E-4
<1260,1459,448,op2> 6.540313062049392E-4
<1261,1451,493,op8> 0.0011294293431423964
<1262,1451,492,op8> 0.001087490760003535
<1263,1547,434,op1> 1.960894983646024E-4
<1264,1365,454,op1> 1.827586790867024E-4
<1265,1368,423,op1> 2.9799114010338137E-4
<1266,1363,472,op1> 2.7025030916497713E-4
<1267,1364,469,op1> 2.8533634543226045E-4
<1268,1545,448,op2> 0.001192645323079595
<1269,1418,461,op1> 4.530648884529124E-4
<1270,1365,471,op1> 2.518010044727422E-4
<1271,1416,480,op1> 1.1020639719874775E-4
<1272,1369,432,op1> 1.4926094950835518E-4
<1273,1415,495,op1> 4.10526332910306E-4
<1274,1363,471,op4> 8.625711328512366E-4
<1275,1367,431,op4> 2.674207002643382E-4
<1276,1368,421,op4> 3.018037600378323E-4
<1277,1419,457,op1> 3.902860376931825E-4
<1278,1416,487,op1> 3.092405139923787E-5
<1279,1416,486,op1> 3.737776647386143E-5
<1280,1414,461,op1> 4.291293849120038E-4
<1281,1367,447,op2> 6.214965010209017E-4
<1282,1459,455,op2> 0.0011293905454789097
<1283,1565,495,op5> 7.207130404411385E-4
<1284,1366,454,op1> 1.7935851761532196E-4
<1285,1369,423,op1> 2.998109333253867E-4
<1286,1362,498,op1> 2.3150535836919908E-4
<1287,1365,469,op1> 2.871169154505584E-4
<1288,1368,498,op1> 2.2734034442552532E-4
<1289,1549,430,op8> 4.2553363413090346E-4
<1290,1543,429,op6> 0.0012738934843592854
<1291,1567,461,op6> 7.549980860142921E-4
<1292,1567,458,op6> 6.70865971960465E-4
<1293,1369,498,op1> 2.287286824067499E-4
<1294,1536,504,op1> 0.0018505326732135275
<1295,1547,480,op1> 2.6717934671430726E-4
<1296,1548,430,op8> 4.241848745932461E-4
<1297,1368,456,op4> 2.1631781075793791E-4
<1298,1438,486,op6> 3.994148583778533E-5
<1299,1413,466,op1> 5.270583591040007E-4
<1300,1365,498,op1> 2.238694994724639E-4
<1301,1438,489,op6> 6.0630600804120186E-5
<1302,1368,469,op1> 2.9156834049630354E-4
<1303,1438,487,op6> 3.304511418234038E-5
<1304,1565,461,op5> 7.413663096597501E-4
<1305,1439,483,op5> 0.0018895280049018052
<1306,1478,491,op2> 8.772337409998924E-4
<1307,1366,471,op4> 8.210639505185455E-4
<1308,1547,479,op1> 5.799746794530083E-4
<1309,1369,456,op4> 2.1763883555645964E-4
<1310,1357,502,op4> 6.922180002373055E-4
<1311,1419,495,op1> 4.3379503194165934E-4
<1312,1437,487,op6> 3.0096206355044913E-5
<1313,1437,486,op6> 3.637715376827168E-5
<1314,1366,498,op1> 2.1970448552879017E-4
<1315,1437,489,op6> 5.521999600795198E-5
<1316,1438,478,op6> 3.3743817634633604E-4
<1317,1543,478,op6> 5.730249346353791E-4
<1318,1412,466,op1> 5.311921501557969E-4
<1319,1410,486,op1> 3.2964155672519856E-5
<1320,1413,457,op1> 3.813139448726496E-4
<1321,1414,444,op1> 2.2700510643814352E-4
<1322,1410,487,op1> 2.7272502894530813E-5
<1323,1415,438,op1> 1.2308263677272065E-4
<1324,1436,489,op6> 5.585653774867765E-5
<1325,1362,423,op1> 3.034505197693975E-4
<1326,1354,502,op1> 2.05313690687151E-4
<1327,1361,432,op1> 1.497139417678646E-4
<1328,1436,486,op6> 3.679648695292035E-5
<1329,1436,487,op6> 3.0443136687667905E-5
<1330,1437,478,op6> 3.073255831815712E-4
<1331,1438,461,op6> 4.95102015097152E-4
<1332,1361,421,op4> 3.045683746335987E-4
<1333,1416,434,op1> 8.08831873010765E-5
<1334,1411,486,op1> 3.241245432235215E-5
<1335,1410,495,op1> 3.9722993346381837E-4
<1336,1413,461,op1> 4.359681002094062E-4
<1337,1410,479,op1> 2.1098013453465603E-4
<1338,1414,439,op1> 1.1836856497223238E-4
<1339,1414,437,op1> 1.238003920455279E-4
<1340,1415,425,op1> 5.575805417139978E-4
<1341,1411,466,op1> 4.8572044858603993E-4
<1342,1360,454,op1> 1.8785892129377318E-4
<1343,1363,423,op1> 3.0254062315839485E-4
<1344,1380,437,op1> 2.5302629928030204E-4
<1345,1355,502,op1> 2.0652319696513129E-4
<1346,1362,432,op1> 1.5107291854639284E-4

