<0,1420,495,op1> 6.692688798630332E-4
<1,1483,504,op2> 5.118746000913236E-4
<2,1371,421,op4> 3.890776314682049E-4
<3,1410,466,op1> 6.652759174249946E-4
<4,1452,496,op7> 0.001274836217664742
<5,1398,435,op1> 7.895039702862406E-4
<6,1558,502,op4> 8.158801273924519E-4
<7,1370,421,op4> 3.8287224659630374E-4
<8,1405,435,op1> 6.196283364680372E-4
<9,1479,429,op1> 0.0019118851246172418
<10,1505,433,op2> 8.339388931774906E-4
<11,1497,433,op2> 6.566329663397538E-4
<12,1467,445,op1> 8.902228264788232E-4
<13,1375,424,op5> 0.0014965763919953686
<14,1456,455,op2> 0.001503959057274747
<15,1435,458,op6> 5.520435766797283E-4
<16,1516,437,op3> 0.0012177855206209336
<17,1453,431,op7> 2.8947631011286924E-4
<18,1406,427,op8> 0.006538391439293556
<19,1381,422,op7> 0.001031445378265454
<20,1365,423,op1> 3.951910885999142E-4
<21,1393,461,op5> 7.862857589341696E-4
<22,1355,502,op4> 9.241229303632582E-4
<23,1481,491,op1> 0.002043146882830749
<24,1356,456,op4> 3.046680598375584E-4
<25,1453,467,op7> 0.0016093049746908061
<26,1399,426,op8> 0.0031728651209527343
<27,1366,502,op4> 8.564711785065042E-4
<28,1366,421,op4> 3.928008623913456E-4
<29,1407,446,op2> 8.424159532914037E-4
<30,1397,440,op1> 0.0020798645901745467
<31,1439,434,op7> 0.0049738636335467535
<32,1493,470,op2> 0.0018962767560420286
<33,1366,423,op1> 3.8783869625386944E-4
<34,1488,470,op2> 0.001654432763967103
<35,1439,422,op5> 0.014213765898559166
<36,1395,426,op8> 0.002572743521893373
<37,1402,427,op8> 0.006655409630600823
<38,1420,466,op1> 8.322907920923572E-4
<39,1439,451,op5> 0.009061196830045491
<40,1495,500,op2> 0.0015938983493718093
<41,1397,428,op8> 0.0026253051683601167
<42,1450,467,op7> 0.001882666367651984
<43,1521,437,op3> 0.0011011651761047485
<44,1509,437,op3> 0.001262639499281005
<45,1484,491,op2> 0.0013868728047553474
<46,1390,494,op5> 0.0011762274948741084
<47,1500,470,op2> 0.003017553446571228
<48,1454,496,op7> 0.0013024749432509694
<49,1556,423,op2> 0.0037037342941518676
<50,1397,425,op5> 0.0012649458053918571
<51,1528,437,op3> 0.0011280775633007911
<52,1496,470,op2> 0.0023909576489225576
<53,1407,428,op8> 0.0020716379975284577
<54,1397,446,op2> 0.0010675605287813112
<55,1455,448,op2> 9.202896316353382E-4
<56,1393,473,op1> 0.004839872038639222
<57,1388,494,op5> 0.0012059427157972437
<58,1486,463,op1> 0.0022995841218937892
<59,1543,462,op6> 0.0016107328959571042
<60,1367,472,op4> 0.0011583635782144424
<61,1447,493,op8> 0.0014151795546675262
<62,1453,430,op8> 3.3149942085139124E-4
<63,1505,470,op2> 0.0030505321727632637
<64,1376,422,op7> 0.001055479056982319
<65,1560,445,op1> 0.0013187668173892243
<66,1360,469,op1> 3.974641564626228E-4
<67,1377,424,op5> 0.00150785003713281
<68,1457,423,op2> 0.0021294946765387187
<69,1372,464,op7> 0.0011049468664484918
<70,1398,432,op2> 6.653137973853116E-4
<71,1429,461,op6> 5.722724611852129E-4
<72,1377,445,op1> 0.0011818094594694053
<73,1355,431,op4> 3.861550061826625E-4
<74,1454,431,op7> 2.9899333948644303E-4
<75,1551,462,op2> 0.0029390132204638706
<76,1394,428,op8> 0.0021639158593337346
<77,1504,500,op2> 0.0026035231102642157
<78,1445,467,op7> 0.001732758506995854
<79,1536,425,op5> 0.0015450568273239732
<80,1579,429,op2> 0.0013736886486642598
<81,1506,433,op2> 8.429544487794094E-4
<82,1565,425,op5> 0.0013183002857598792
<83,1496,433,op2> 6.536277811391142E-4
<84,1373,445,op1> 0.0013717825688420572
<85,1536,432,op2> 8.155080937968105E-4
<86,1408,443,op1> 6.807599835574363E-4
<87,1396,441,op1> 0.002105331448052515
<88,1487,429,op1> 0.00232651081429327
<89,1492,470,op2> 0.00188528384731135
<90,1570,467,op7> 0.002526388357528306
<91,1551,429,op2> 0.0031303759911940196
<92,1556,453,op2> 0.0022268972698111142
<93,1479,463,op1> 0.0018651350044024543
<94,1489,500,op2> 0.0015004145752151045
<95,1396,440,op1> 0.001699713593024893
<96,1430,425,op6> 8.665277713266541E-4
<97,1396,425,op5> 0.001033743057130428
<98,1553,497,op7> 0.0022263382678585617
<99,1535,441,op1> 0.0031285678077511564
<100,1463,423,op2> 0.0025566139526353093
<101,1457,454,op2> 0.0013262726162367325
<102,1535,428,op8> 0.003188200125372303
<103,1476,433,op6> 5.548073655243247E-4
<104,1479,462,op1> 0.0017950098240802734
<105,1451,467,op7> 0.001900302586552705
<106,1392,461,op5> 7.963879314258291E-4
<107,1550,493,op8> 0.0021986455425383267
<108,1549,492,op8> 0.0021441888885625738
<109,1367,498,op1> 2.977556577461312E-4
<110,1454,430,op8> 3.423980319478754E-4
<111,1506,470,op2> 0.003083510898955299
<112,1398,425,op5> 0.001260499598694522
<113,1456,448,op2> 8.709443430758029E-4
<114,1550,430,op8> 5.658195594257994E-4
<115,1529,454,op1> 1.9117953375864824E-4
<116,1412,457,op1> 5.175603612081523E-4
<117,1495,470,op2> 0.001874290938580672
<118,1455,455,op2> 0.0015891692021628345
<119,1375,422,op7> 0.001063490283221274
<120,1371,449,op2> 0.0015902196757435307
<121,1455,453,op2> 0.001368422869257901
<122,1483,462,op1> 0.0021266180646734166
<123,1376,424,op5> 0.0014853027468579268
<124,1482,429,op1> 0.00224972827916808
<125,1449,497,op7> 0.0015390614298332586
<126,1526,437,op3> 0.001119106767568777
<127,1458,423,op2> 0.0022027151238695627
<128,1400,495,op5> 7.545603640691842E-4
<129,1455,454,op2> 0.0014174776099034417
<130,1382,424,op5> 0.001423297698601998
<131,1371,498,op1> 2.9308131461039914E-4
<132,1487,478,op1> 0.0010465150529908088
<133,1581,441,op1> 0.0012813092468792727
<134,1479,504,op2> 4.3205686583979504E-4
<135,1376,445,op1> 0.0011641375423184612
<136,1376,444,op1> 6.418859901368251E-4
<137,1525,437,op3> 0.001078738186774713
<138,1376,443,op1> 7.954778521835229E-4
<139,1379,422,op7> 0.001039456604504409
<140,1376,442,op1> 7.647594797741834E-4
<141,1396,446,op2> 8.724352300233914E-4
<142,1470,444,op1> 5.225219919709639E-4
<143,1393,426,op8> 0.0025949702477844603
<144,1482,491,op1> 0.0020571891294481424
<145,1499,433,op2> 6.626433367410329E-4
<146,1372,480,op1> 3.422968541620255E-4
<147,1452,467,op7> 0.0016269411935915272
<148,1440,493,op8> 0.0013516552853807045
<149,1391,465,op5> 0.001194161046901481
<150,1395,425,op5> 0.001029296850433093
<151,1392,428,op8> 0.002182371431694789
<152,1456,453,op2> 0.0012950489888687374
<153,1553,467,op7> 0.002685114327634796
<154,1459,423,op2> 0.0021783083080926142
<155,1406,495,op5> 7.316452987829183E-4
<156,1435,461,op6> 6.212743844671272E-4
<157,1470,443,op1> 6.475521794814638E-4
<158,1485,491,op1> 0.0021835693490046834
<159,1470,442,op1> 6.225461419793638E-4
<160,1380,512,op1> 8.491014246397065E-4
<161,1570,438,op1> 3.845385077233888E-4
<162,1456,454,op2> 0.0013414734485145173
<163,1353,423,op1> 4.135720694650265E-4
<164,1372,479,op1> 7.430346346443969E-4
<165,1434,461,op6> 6.282746592216864E-4
<166,1376,439,op1> 3.3470226604342924E-4
<167,1396,428,op8> 0.0021454602869726783
<168,1551,491,op2> 0.002862468112171811
<169,1460,423,op2> 0.002349156018531251
<170,1379,445,op1> 0.0011464656251675167
<171,1370,498,op1> 2.884069714746671E-4
<172,1374,422,op7> 0.0012397372604782838
<173,1457,448,op2> 8.610752853638958E-4
<174,1542,462,op6> 0.0016007747327672613
<175,1353,502,op4> 9.132986500661773E-4
<176,1473,443,op1> 6.41514396922196E-4
<177,1529,469,op1> 3.0034621777944807E-4
<178,1422,512,op1> 5.048263830703909E-4
<179,1475,444,op1> 2.8866599556437873E-4
<180,1358,431,op4> 3.9180881300817733E-4
<181,1375,445,op1> 0.0011729735008939334
<182,1376,434,op1> 2.118287764060709E-4
<183,1376,437,op1> 3.5006145224809903E-4
<184,1470,477,op6> 0.002946081326637636
<185,1498,433,op2> 6.596381515403934E-4
<186,1418,466,op1> 7.376490297808516E-4
<187,1470,434,op1> 1.7243746694156436E-4
<188,1581,430,op8> 2.5702557835875E-4
<189,1494,470,op2> 0.001863298029849993
<190,1470,439,op1> 2.7246161694996425E-4
<191,1429,478,op6> 3.900339117740715E-4
<192,1479,462,op2> 0.0011938242934673798
<193,1472,443,op1> 6.384955056425621E-4
<194,1370,469,op1> 3.6988745782419046E-4
<195,1355,471,op1> 3.590904239423324E-4
<196,1584,441,op1> 0.0015076889724763172
<197,1448,497,op7> 0.0014513239611491774
<198,1394,441,op1> 0.0021234418261002787
<199,1421,487,op1> 4.748658642426573E-5
<200,1470,437,op1> 2.8496463570101425E-4
<201,1450,497,op7> 0.0015609957970042791
<202,1355,471,op4> 0.001193106892453556
<203,1467,476,op6> 0.002410813743221587
<204,1450,496,op7> 0.001475216978164891
<205,1395,436,op1> 0.0017254790597500027
<206,1552,426,op8> 0.003417359105754696
<207,1413,495,op1> 5.707811517226537E-4
<208,1370,471,op4> 0.0010778139863013823
<209,1381,445,op1> 0.0011376296665920446
<210,1390,465,op5> 0.0012043025419919394
<211,1409,466,op1> 0.0012331264912940273
<212,1440,496,op7> 0.0013232039874406401
<213,1408,437,op1> 2.9957820676260476E-4
<214,1535,446,op2> 0.001296457513862717
<215,1394,425,op5> 0.0010426354705250986
<216,1487,463,op1> 0.0022696221137909387
<217,1474,442,op1> 3.497287184546077E-4
<218,1457,453,op2> 0.0012803742127909046
<219,1367,502,op4> 8.618833186550444E-4
<220,1465,476,op6> 0.0024586710880001796
<221,1404,428,op8> 0.002117776928431096
<222,1481,462,op1> 0.002097782565491404
<223,1370,472,op4> 0.0011219942350993892
<224,1387,421,op5> 0.0015505806655610685
<225,1374,424,op5> 0.001744596585019083
<226,1418,425,op1> 8.056416431835993E-4
<227,1501,500,op2> 0.0025567812231858636
<228,1458,448,op2> 8.90682458499617E-4
<229,1481,463,op1> 0.002179736089482387
<230,1457,455,op2> 0.0014869170282971293
<231,1468,443,op1> 6.022688102869559E-4
<232,1450,492,op8> 0.0014509804364757834
<233,1450,493,op8> 0.0015069368325262686
<234,1398,426,op8> 0.0031506383950616465
<235,1395,432,op2> 5.432809315509688E-4
<236,1373,422,op7> 0.001243742873597761
<237,1423,512,op1> 5.213780677612235E-4
<238,1469,476,op6> 0.002362956398442995
<239,1394,446,op2> 8.799400492063885E-4
<240,1538,444,op1> 8.197139874043328E-4
<241,1374,445,op1> 0.0013673645895543214
<242,1455,423,op2> 0.0022759355712004066
<243,1465,512,op1> 6.802742407932153E-4
<244,1558,471,op4> 0.001053357915299406
<245,1472,442,op1> 6.138392029307014E-4
<246,1473,506,op6> 0.0019405164885370177
<247,1369,449,op2> 0.0016713792126235834
<248,1472,444,op1> 5.152139920832581E-4
<249,1436,425,op6> 8.110699939617483E-4
<250,1473,434,op1> 1.7082965839199267E-4
<251,1446,467,op7> 0.0017239403975454935
<252,1493,433,op2> 5.18394447110332E-4
<253,1482,462,op2> 0.0014047811967306918
<254,1574,455,op2> 0.0011631184777223962
<255,1461,454,op2> 0.001470680522875689
<256,1485,491,op2> 0.0014522472804003807
<257,1444,431,op7> 3.2754442760716434E-4
<258,1473,476,op6> 0.0025424214413627163
<259,1465,506,op6> 0.0018765935924440333
<260,1465,477,op6> 0.00282246952272277
<261,1452,438,op1> 2.4763474581139706E-4
<262,1486,504,op2> 5.32696617722157E-4
<263,1471,477,op6> 0.002973550616396495
<264,1355,469,op1> 4.0945402543585423E-4
<265,1371,456,op4> 2.7887134820167754E-4
<266,1365,456,op4> 2.8687722422660603E-4
<267,1520,437,op3> 0.0011101359718367627
<268,1432,461,op6> 6.422752087308047E-4
<269,1440,467,op7> 0.0016886679597440512
<270,1394,495,op5> 7.676546870899076E-4
<271,1431,429,op6> 9.837576479593767E-4
<272,1473,437,op1> 2.82307622780725E-4
<273,1424,425,op1> 9.515691860998739E-4
<274,1397,461,op5> 9.580226912923822E-4
<275,1446,497,op7> 0.0014293895939781571
<276,1395,495,op5> 7.57833944824365E-4
<277,1482,462,op1> 0.00211220031508241
<278,1431,425,op6> 8.572848084325032E-4
<279,1522,437,op3> 0.0010742527889087057
<280,1473,439,op1> 2.6992118229308813E-4
<281,1357,472,op4> 0.0012529238703135807
<282,1367,502,op1> 2.594017755175377E-4
<283,1569,492,op5> 0.011789027513376259
<284,1482,429,op2> 0.00149624823070122
<285,1370,472,op1> 3.376875853211755E-4
<286,1424,512,op1> 5.180677308230569E-4
<287,1373,424,op5> 0.0017502334075878037
<288,1483,463,op2> 0.0014696249762741896
<289,1417,487,op1> 4.1032098949122804E-5
<290,1430,429,op6> 9.94364199419855E-4
<291,1501,470,op2> 0.0030065605378405496
<292,1370,471,op1> 3.2439061723633835E-4
<293,1459,453,op2> 0.00130972376494657
<294,1372,422,op7> 0.0012517540998367163
<295,1532,447,op2> 8.94811885264661E-4
<296,1416,425,op1> 8.238825860481338E-4
<297,1497,500,op2> 0.0020426204653239896
<298,1399,495,op5> 9.346073056041307E-4
<299,1414,495,op1> 5.618277218917101E-4
<300,1550,492,op8> 0.0021170042433827003
<301,1471,433,op6> 9.805370990695207E-4
<302,1564,426,op8> 0.003283998750408171
<303,1371,469,op1> 3.758823923108062E-4
<304,1483,429,op2> 0.0015064615292043001
<305,1472,476,op6> 0.002530457105168068
<306,1472,434,op1> 1.700257541172068E-4
<307,1409,457,op1> 8.921371206817568E-4
<308,1484,491,op1> 0.00208527362268293
<309,1450,431,op7> 3.3864762854300044E-4
<310,1485,504,op2> 5.396372902657682E-4
<311,1453,438,op1> 2.4495035832292663E-4
<312,1393,495,op5> 7.643811063347267E-4
<313,1482,504,op2> 5.084042638195179E-4
<314,1441,497,op7> 0.001495192695491218
<315,1492,433,op2> 5.153892619096924E-4
<316,1391,494,op5> 0.0011663224212330636
<317,1402,425,op5> 0.001011512023643752
<318,1460,454,op2> 0.0014630801067367963
<319,1432,429,op6> 9.731510964988983E-4
<320,1370,456,op4> 2.744236392989394E-4
<321,1472,439,op1> 2.6865096496465007E-4
<322,1396,461,op5> 7.829183681036163E-4
<323,1407,441,op1> 0.0020328899358614603
<324,1469,507,op6> 0.0020832476262475233
<325,1432,425,op6> 8.480418455383522E-4
<326,1364,472,op4> 0.001165637446837453
<327,1399,425,op5> 0.0012693920120891925
<328,1472,437,op1> 2.8097911632058044E-4
<329,1365,502,op4> 8.72707598952125E-4
<330,1471,445,op1> 9.564925157948645E-4
<331,1417,425,op1> 8.117219574717774E-4
<332,1422,495,op1> 6.826990246094485E-4
<333,1372,443,op1> 9.434035248855825E-4
<334,1371,454,op1> 2.3926061410513457E-4
<335,1372,444,op1> 7.612499883026864E-4
<336,1461,448,op2> 9.548313336270133E-4
<337,1468,433,op6> 9.035434238539003E-4
<338,1366,502,op1> 2.5777287896797704E-4
<339,1445,492,op8> 0.0013354456944613179
<340,1579,462,op2> 0.0012897137949507032
<341,1381,442,op1> 7.473456016768587E-4
<342,1403,427,op8> 0.006684664178427639
<343,1385,465,op5> 0.0012955759978060652
<344,1372,442,op1> 9.069728175690033E-4
<345,1450,430,op8> 3.878089115165592E-4
<346,1502,470,op2> 0.003039539264032585
<347,1453,497,op7> 0.0013343406695704024
<348,1551,504,op2> 0.0010636580673084111
<349,1470,433,op6> 9.714790196323891E-4
<350,1372,424,op5> 0.0017615070527252454
<351,1437,425,op6> 8.018270310675974E-4
<352,1529,498,op1> 2.3418459110017542E-4
<353,1392,495,op5> 7.742018486002691E-4
<354,1470,480,op1> 2.3495256069681428E-4
<355,1451,431,op7> 3.41819971667525E-4
<356,1379,424,op5> 0.0014627554565830436
<357,1468,477,op6> 0.0027400616534461932
<358,1474,443,op1> 3.637763991958806E-4
<359,1354,431,op4> 3.838934834524565E-4
<360,1539,425,op6> 0.001545885544046751
<361,1436,461,op6> 6.14274109712568E-4
<362,1364,502,op4> 8.672954588035851E-4
<363,1474,444,op1> 2.935379954895159E-4
<364,1475,434,op1> 9.526265656212298E-5
<365,1354,471,op4> 0.0011861194435958484
<366,1440,492,op8> 0.0013014648879864752
<367,1507,437,op3> 0.0012536687035489907
<368,1469,506,op6> 0.0018035388540520517
<369,1475,437,op1> 1.5742801552713374E-4
<370,1549,493,op8> 0.0022268785511102467
<371,1433,425,op6> 8.387988826442013E-4
<372,1408,461,op1> 0.0010384281461225113
<373,1475,439,op1> 1.5052075341991035E-4
<374,1373,464,op7> 0.0010978752065032213
<375,1371,432,op4> 6.354614853361274E-4
<376,1510,437,op3> 0.0011863877355588837
<377,1491,470,op2> 0.0018523051211193147
<378,1488,500,op2> 0.0014069308010584004
<379,1430,458,op6> 5.83144623253234E-4
<380,1384,421,op5> 0.0016139990976903559
<381,1395,473,op1> 0.0047984170318842835
<382,1360,432,op4> 6.719473122453787E-4
<383,1485,429,op2> 0.0015881679172289399
<384,1395,461,op5> 7.795509772730632E-4
<385,1369,469,op1> 3.9506618266797646E-4
<386,1433,429,op6> 9.6254454503842E-4
<387,1495,433,op2> 5.123840767090528E-4
<388,1454,438,op1> 2.5300352078833787E-4
<389,1381,480,op1> 2.8205260782950903E-4
<390,1451,430,op8> 3.9144178188205386E-4
<391,1365,502,op1> 2.62659568616659E-4
<392,1370,454,op1> 2.3544465534747693E-4
<393,1485,462,op2> 0.0014910817480656832
<394,1486,491,op1> 0.002155484855769897
<395,1372,434,op1> 2.512200858705775E-4
<396,1473,433,op6> 9.624209401952572E-4
<397,1462,448,op2> 9.597658624829668E-4
<398,1392,446,op2> 8.874448683893852E-4
<399,1372,437,op1> 4.151582687951839E-4
<400,1466,506,op6> 0.0018583299078460379
<401,1503,470,op2> 0.003028546355301906
<402,1483,463,op1> 0.0022096980975852376
<403,1378,424,op5> 0.0015022132145640892
<404,1372,439,op1> 3.969429151368944E-4
<405,1503,433,op2> 8.279285227762112E-4
<406,1466,507,op6> 0.0021465361617284606
<407,1466,512,op1> 6.736535669168822E-4
<408,1458,455,op2> 0.0015380431152299818
<409,1401,425,op5> 0.0010070658169464171
<410,1473,442,op1> 6.167415159469221E-4
<411,1497,470,op2> 0.002401950557653236
<412,1427,425,op6> 7.50990735149767E-4
<413,1452,431,op7> 2.926486532373938E-4
<414,1481,491,op2> 0.0013588551723360473
<415,1487,504,op2> 5.257559451785458E-4
<416,1538,443,op1> 0.001015856915596795
<417,1482,478,op1> 0.001011976602397053
<418,1430,461,op6> 6.56275758239923E-4
<419,1508,437,op3> 0.001267124897147012
<420,1448,496,op7> 0.001371571757216538
<421,1459,454,op2> 0.0013566742807923022
<422,1380,464,op7> 9.069403879809218E-4
<423,1467,477,op6> 0.002767530943205052
<424,1430,462,op6> 9.335777990477804E-4
<425,1473,444,op1> 5.176499920458267E-4
<426,1474,434,op1> 9.687046511169468E-5
<427,1514,437,op3> 0.0011594753483628413
<428,1363,502,op4> 8.997682996948266E-4
<429,1513,437,op3> 0.001168446144094855
<430,1470,479,op1> 5.100189732199139E-4
<431,1474,439,op1> 1.5306118807678648E-4
<432,1361,498,op1> 3.089740812718881E-4
<433,1403,461,op5> 7.694488047814036E-4
<434,1472,512,op1> 7.001362624222142E-4
<435,1370,431,op4> 3.488398811342646E-4
<436,1356,454,op1> 2.6139317489954895E-4
<437,1414,425,op1> 7.630794431663525E-4
<438,1431,458,op6> 5.769244139385329E-4
<439,1355,447,op2> 8.974398203168332E-4
<440,1446,492,op8> 0.0013286495331663493
<441,1434,425,op6> 8.295559197500503E-4
<442,1367,471,op4> 0.0011127512305899197
<443,1474,437,op1> 1.6008502844742293E-4
<444,1423,425,op1> 9.576495003880519E-4
<445,1415,457,op1> 4.974218257525823E-4
<446,1394,461,op5> 7.896531497647229E-4
<447,1494,433,op2> 5.093788915084131E-4
<448,1434,429,op6> 9.519379935779414E-4
<449,1574,454,op2> 0.0010374568029588192
<450,1490,470,op2> 0.0018413122123886363
<451,1480,429,op1> 0.002219015265118004
<452,1465,444,op1> 5.005979923078464E-4
<453,1370,447,op2> 8.107179635951481E-4
<454,1399,435,op1> 7.95073663198313E-4
<455,1452,430,op8> 3.3513229121688603E-4
<456,1485,463,op2> 0.0015493334495636371
<457,1364,502,op1> 2.6103067206709846E-4
<458,1578,430,op8> 2.3522835616578177E-4
<459,1519,437,op3> 0.0012043293270229123
<460,1371,432,op1> 1.9125539849922283E-4
<461,1476,477,op6> 0.0016824939977301188
<462,1472,433,op6> 9.578919004766913E-4
<463,1399,432,op2> 6.700073691481709E-4
<464,1456,423,op2> 0.0021539014923156667
<465,1363,498,op1> 3.108438185261809E-4
<466,1452,497,op7> 0.0013489635810177494
<467,1465,507,op6> 0.002167632340222106
<468,1504,470,op2> 0.003061525081493941
<469,1452,492,op8> 0.0012538917589216955
<470,1561,421,op4> 3.692203998781211E-4
<471,1468,507,op6> 0.002104343804741169
<472,1473,480,op1> 2.327618608301773E-4
<473,1468,506,op6> 0.0018218025386500468
<474,1471,476,op6> 0.002590278786141308
<475,1475,433,op6> 5.36691206650061E-4
<476,1478,429,op2> 0.0012919822606396198
<477,1584,461,op5> 5.606705732871059E-4
<478,1398,495,op5> 9.280601440937688E-4
<479,1368,454,op1> 2.49945298626576E-4
<480,1440,430,op8> 3.478473374961174E-4
<481,1354,423,op1> 4.1602286691370813E-4
<482,1501,433,op2> 8.21918152374932E-4
<483,1476,437,op1> 1.627420413677121E-4
<484,1561,431,op1> 1.0124705523943782E-4
<485,1423,461,op1> 7.25287951282907E-4
<486,1560,424,op5> 0.0016825915367631543
<487,1478,429,op1> 0.0019425981386673179
<488,1402,441,op1> 0.002060055502933106
<489,1473,479,op1> 5.052635515581898E-4
<490,1496,500,op2> 0.0020332720879083195
<491,1476,445,op1> 5.412024627476717E-4
<492,1476,444,op1> 2.9840999541465307E-4
<493,1476,443,op1> 3.698141817551483E-4
<494,1469,512,op1> 6.537915452878832E-4
<495,1476,442,op1> 3.5553334448704924E-4
<496,1473,477,op6> 0.002918612036878777
<497,1467,506,op6> 0.0018400662232480422
<498,1470,476,op6> 0.002566350113752012
<499,1561,431,op4> 3.3640150611813206E-4
<500,1467,507,op6> 0.0021254399832348145
<501,1472,480,op1> 2.3166651089685884E-4
<502,1465,433,op6> 9.307176621652958E-4
<503,1451,438,op1> 2.8924275188268864E-4
<504,1474,433,op6> 5.457492860871929E-4
<505,1477,429,op2> 0.0012409157681242198
<506,1379,464,op7> 9.175478778988274E-4
<507,1353,498,op1> 3.155181616619129E-4
<508,1487,463,op2> 0.0015094792129189132
<509,1502,433,op2> 8.309337079768508E-4
<510,1358,471,op1> 3.6434797041293756E-4
<511,1585,461,op5> 5.573031824565528E-4
<512,1485,462,op1> 0.0022419600614014662
<513,1538,512,op1> 0.0011139283796930267
<514,1397,495,op5> 9.313337248489496E-4
<515,1477,429,op1> 0.0018658156035421276
<516,1472,479,op1> 5.028858407273277E-4
<517,1476,439,op1> 1.5560162273366257E-4
<518,1581,493,op8> 9.987426782316956E-4
<519,1360,423,op1> 4.0621967711898163E-4
<520,1581,492,op8> 9.616568232380484E-4
<521,1475,445,op1> 5.235305455967273E-4
<522,1462,423,op2> 0.002373562834308199
<523,1477,491,op1> 0.001706132964013306
<524,1468,512,op1> 6.604122191642164E-4
<525,1475,442,op1> 3.4392409242216607E-4
<526,1475,477,op6> 0.0016275554182124004
<527,1476,434,op1> 9.847827366126638E-5
<528,1475,443,op1> 3.577386166366129E-4
<529,1475,480,op1> 1.2979896709824007E-4
<530,1430,478,op6> 4.4728659607118294E-4
<531,1477,463,op1> 0.0018201919922481787
<532,1477,462,op1> 0.0017517565753072549
<533,1378,464,op7> 9.422986877072737E-4
<534,1447,497,op7> 0.0014659468725965242
<535,1399,461,op5> 9.613900821229355E-4
<536,1492,500,op2> 0.0016032467267874794
<537,1396,495,op5> 7.611075255795457E-4
<538,1461,455,op2> 0.0016488163035844959
<539,1562,421,op5> 0.0018613309829945755
<540,1539,461,op6> 0.001170795952700023
<541,1450,438,op1> 2.865583643942182E-4
<542,1475,479,op1> 2.817587334571553E-4
<543,1564,432,op2> 6.934752279624676E-4
<544,1472,477,op6> 0.0029048773919993476
<545,1418,442,op1> 3.845564746492574E-4
<546,1474,480,op1> 1.3198966696487704E-4
<547,1561,456,op4> 2.6463867971291565E-4
<548,1405,432,op2> 5.221598586181017E-4
<549,1464,423,op2> 0.0025322071368583613
<550,1480,504,op2> 5.014635912759068E-4
<551,1379,479,op1> 6.17015960608707E-4
<552,1561,471,op1> 3.1282401500100707E-4
<553,1584,495,op5> 5.450511957376102E-4
<554,1473,512,op1> 7.034465993603807E-4
<555,1377,464,op7> 9.458345176799088E-4
<556,1504,433,op2> 8.3694407837813E-4
<557,1487,462,op1> 0.002184289063037441
<558,1479,429,op2> 0.00127155566363346
<559,1379,480,op1> 2.842433076961459E-4
<560,1536,495,op5> 0.0011375693124253427
<561,1398,461,op5> 9.54655300461829E-4
<562,1523,437,op3> 0.0010697673910426988
<563,1474,479,op1> 2.865141551188794E-4
<564,1475,476,op6> 0.0014177738390657969
<565,1363,502,op1> 2.7080405136446247E-4
<566,1474,476,op6> 0.0014417025114550931
<567,1376,464,op7> 9.316911977893681E-4
<568,1565,440,op1> 0.002167591743362928
<569,1584,440,op1> 0.0012172142504887943
<570,1584,425,op5> 7.402934151063066E-4
<571,1524,437,op3> 0.0010832235846407199
<572,1477,478,op1> 8.392843494282725E-4
<573,1478,463,op2> 0.0012603902338893895
<574,1478,462,op2> 0.0012130021937640444
<575,1365,472,op1> 3.530121434881008E-4
<576,1553,496,op7> 0.002103997985251566
<577,1558,502,op1> 2.4555615484627195E-4
<578,1561,472,op1> 3.2564686104716273E-4
<579,1478,463,op1> 0.001895097012505305
<580,1478,462,op1> 0.0018238453232622858
<581,1561,471,op4> 0.001039383017583991
<582,1375,464,op7> 9.387628577346384E-4
<583,1585,425,op5> 7.358472084089714E-4
<584,1474,477,op6> 0.0016550247079712597
<585,1561,472,op4> 0.001081987957672831
<586,1382,479,op1> 6.003719847926726E-4
<587,1408,495,op1> 0.0010094992134388892
<588,1476,480,op1> 1.34180366831514E-4
<589,1487,429,op2> 0.0015473147232166198
<590,1502,500,op2> 0.0025848263554328747
<591,1476,479,op1> 2.912695767806035E-4
<592,1579,504,op2> 4.6676022855785085E-4
<593,1566,438,op1> 3.885650889560945E-4
<594,1427,461,op6> 5.687723238079333E-4
<595,1477,462,op2> 0.0011650574430223826
<596,1420,425,op1> 9.090069860826272E-4
<597,1477,463,op2> 0.0012105724380834849
<598,1412,425,op1> 7.813203860308869E-4
<599,1499,470,op2> 0.002423936375114593
<600,1470,512,op1> 7.100672732367137E-4
<601,1534,465,op5> 0.001777297014602841
<602,1462,453,op2> 0.0014271219735692317
<603,1379,444,op1> 6.321419902865507E-4
<604,1378,422,op7> 0.0010674958963407515
<605,1405,461,op5> 7.492444597980845E-4
<606,1376,479,op1> 6.265268039321553E-4
<607,1382,442,op1> 7.328340365957546E-4
<608,1451,497,op7> 0.001575618708451626
<609,1586,437,op3> 7.378479489581717E-4
<610,1529,423,op1> 3.069623804473753E-4
<611,1354,469,op1> 4.070560516412079E-4
<612,1426,462,op6> 7.891844327950572E-4
<613,1364,447,op2> 8.422531842212154E-4
<614,1374,464,op7> 0.0010943393765305862
<615,1368,449,op2> 0.0016612342705135765
<616,1484,463,op2> 0.0014795885354353703
<617,1478,491,op1> 0.001776344197100273
<618,1415,461,op1> 5.68717853863105E-4
<619,1479,478,op1> 8.60007419784526E-4
<620,1376,480,op1> 2.8862470742941986E-4
<621,1477,491,op2> 0.0011347141129816477
<622,1379,434,op1> 2.086131593069275E-4
<623,1353,472,op4> 0.0012274653301330434
<624,1377,422,op7> 0.0010715015094602289
<625,1585,428,op8> 0.0015271986128773264
<626,1378,445,op1> 0.0011773914801816692
<627,1379,437,op1> 3.447474264075207E-4
<628,1498,470,op2> 0.002412943466383915
<629,1400,440,op1> 0.0016850924008268299
<630,1379,439,op1> 3.2962139672967704E-4
<631,1542,429,op6> 0.0017050031472719118
<632,1476,476,op6> 0.0014656311838443894
<633,1567,425,op6> 0.0013425403603754295
<634,1478,478,op1> 8.738228000220285E-4
<635,1527,437,op3> 0.0011146213697027696
<636,1401,440,op1> 0.0016558500164307027
<637,1465,442,op1> 5.964253248333764E-4
<638,1500,433,op2> 8.249233375755716E-4
<639,1439,482,op5> 0.002241620121718571
<640,1479,463,op2> 0.0012404631155670275
<641,1379,443,op1> 7.834022870649877E-4
<642,1379,442,op1> 7.531502277093002E-4
<643,1548,493,op8> 0.002219820298967267
<644,1404,440,op1> 0.0016777818047277976
<645,1354,447,op2> 8.921839502124886E-4
<646,1355,421,op4> 4.2382778675085163E-4
<647,1426,489,op6> 6.7937808692426E-5
<648,1429,458,op6> 5.0850211147682E-4
<649,1427,478,op6> 3.876483832616919E-4
<650,1388,421,op5> 0.00154423882234814
<651,1426,487,op6> 3.7027715638052076E-5
<652,1389,465,op5> 0.0012296562797180855
<653,1361,423,op1> 4.049942783946409E-4
<654,1468,479,op1> 4.743533107569829E-4
<655,1426,486,op6> 4.475523890164555E-5
<656,1556,454,op2> 0.0023067262981538578
<657,1353,454,op1> 2.5757721614189127E-4
<658,1428,461,op6> 5.652721864306537E-4
<659,1356,423,op1> 4.1969906308673066E-4
<660,1556,455,op2> 0.002586127897353459
<661,1355,431,op1> 1.1622140962779163E-4
<662,1428,462,op6> 8.041216775798217E-4
<663,1466,477,op6> 0.0027950002329639114
<664,1468,480,op1> 2.1852231169703707E-4
<665,1466,476,op6> 0.002434742415610883
<666,1356,421,op4> 4.2506886372523187E-4
<667,1487,462,op2> 0.0014527259474723536
<668,1425,486,op6> 4.503760633951082E-5
<669,1353,456,op4> 3.002203509348203E-4
<670,1381,444,op1> 6.272699903614136E-4
<671,1438,429,op6> 0.001010274026610573
<672,1534,494,op5> 0.001735864155593158
<673,1480,463,op1> 0.0021647550854309613
<674,1469,479,op1> 4.6959788909525877E-4
<675,1428,458,op6> 5.022819021621189E-4
<676,1498,500,op2> 0.00205196884273966
<677,1463,455,op2> 0.0017851525354054358
<678,1426,478,op6> 3.7810626921217335E-4
<679,1425,487,op6> 3.726132898592622E-5
<680,1425,489,op6> 6.836643840026463E-5
<681,1353,471,op1> 3.5488438676584827E-4
<682,1357,431,op1> 1.1724238833608849E-4
<683,1353,472,op1> 3.6943131295266355E-4
<684,1357,423,op1> 4.221498605354123E-4
<685,1443,431,op7> 3.307167707316889E-4
<686,1356,432,op1> 2.0894728544173472E-4
<687,1354,454,op1> 2.5910359964495435E-4
<688,1385,494,op5> 0.0012653731576435148
<689,1427,462,op6> 8.091007591747432E-4
<690,1353,469,op1> 4.046580778465617E-4
<691,1558,431,op1> 1.0260836018383361E-4
<692,1467,433,op6> 9.12601503291032E-4
<693,1579,491,op2> 0.0012561238534652807
<694,1422,442,op1> 4.426027349736736E-4
<695,1469,480,op1> 2.163316118304001E-4
<696,1357,471,op4> 0.0012035880657401174
<697,1354,456,op4> 3.0199943449591554E-4
<698,1483,429,op1> 0.002265084786193118
<699,1356,449,op2> 0.001737321336338626
<700,1357,421,op4> 4.2755101767399234E-4
<701,1356,432,op4> 6.942442064676991E-4
<702,1354,472,op1> 3.716205355479387E-4
<703,1359,423,op1> 4.270514554327756E-4
<704,1354,471,op1> 3.5698740535409037E-4
<705,1443,497,op7> 0.0015244385183859118
<706,1358,431,op1> 1.179230408082864E-4
<707,1428,489,op6> 6.922369781594194E-5
<708,1428,486,op6> 4.560234121524136E-5
<709,1428,487,op6> 3.7728555681674505E-5
<710,1355,454,op1> 2.606299831480174E-4
<711,1358,423,op1> 4.2460065798409393E-4
<712,1468,476,op6> 0.002386885070832291
<713,1357,447,op2> 9.053236254733502E-4
<714,1355,456,op4> 3.0377851805701075E-4
<715,1353,471,op4> 0.0011791319947381407
<716,1357,431,op4> 3.895472902779714E-4
<717,1358,421,op4> 4.300331716227528E-4
<718,1500,500,op2> 0.002566129600601534
<719,1559,438,op1> 4.019870263984466E-4
<720,1558,431,op4> 3.4092455157854384E-4
<721,1355,472,op1> 3.7380975814321375E-4
<722,1359,432,op1> 2.1260767584363365E-4
<723,1357,454,op1> 2.6291955840261204E-4
<724,1428,478,op6> 3.8526285474931233E-4
<725,1427,487,op6> 3.796216902954866E-5
<726,1481,462,op2> 0.0013951922465823595
<727,1578,493,op8> 9.140436525159333E-4
<728,1427,489,op6> 6.965232752378059E-5
<729,1553,492,op8> 0.0020694311143179198
<730,1568,421,op5> 0.0018486472965687179
<731,1578,492,op8> 8.801028876984257E-4
<732,1485,463,op1> 0.00232954612999664
<733,1427,486,op6> 4.5884708653106644E-5
<734,1558,447,op2> 7.92322418229942E-4
<735,1429,462,op6> 8.140798407696647E-4
<736,1558,454,op1> 2.3010231308675624E-4
<737,1414,512,op1> 4.154472857398955E-4
<738,1471,507,op6> 0.002283661321937158
<739,1469,477,op6> 0.0027125923636873344
<740,1448,493,op8> 0.001401063050381566
<741,1358,454,op1> 2.6444594190567507E-4
<742,1400,425,op5> 0.0010248506437357577
<743,1448,492,op8> 0.001349038017051255
<744,1358,447,op2> 9.105794955776947E-4
<745,1354,472,op4> 0.0012347391987560543
<746,1381,439,op1> 3.270809620728009E-4
<747,1359,421,op4> 4.3251532557151334E-4
<748,1449,496,op7> 0.0014544879339752205
<749,1553,493,op8> 0.002149237777537465
<750,1579,463,op2> 0.001340098707178837
<751,1356,469,op1> 4.106530123331774E-4
<752,1429,489,op6> 7.008095723161924E-5
<753,1357,472,op1> 3.770935920361263E-4
<754,1357,471,op1> 3.6224495182469557E-4
<755,1359,454,op1> 2.659723254087381E-4
<756,1447,492,op8> 0.0013626303396411922
<757,1355,472,op4> 0.0012420130673790647
<758,1359,432,op4> 7.064061487707827E-4
<759,1447,496,op7> 0.0013853911200096519
<760,1558,469,op1> 3.6149454954292843E-4
<761,1357,456,op4> 3.0644714339865363E-4
<762,1458,453,op2> 0.0013243985410244026
<763,1574,423,op2> 0.001665765176776705
<764,1463,453,op2> 0.0015371827941529769
<765,1359,449,op2> 0.0017677561626686456
<766,1442,496,op7> 0.0013992104828027653
<767,1410,425,op1> 7.265975574372839E-4
<768,1558,472,op1> 3.300253062377129E-4
<769,1354,498,op1> 3.173878989162057E-4
<770,1452,493,op8> 0.0013022475203798435
<771,1357,469,op1> 4.130509861278237E-4
<772,1429,486,op6> 4.616707609097191E-5
<773,1558,471,op1> 3.170300521774911E-4
<774,1441,438,op1> 2.7447862069610127E-4
<775,1479,491,op1> 0.001748259703865486
<776,1570,497,op7> 0.00209473206483244
<777,1473,507,op6> 0.002241468964949867
<778,1429,487,op6> 3.81957823774228E-5
<779,1438,462,op6> 9.48515043832545E-4
<780,1531,442,op1> 9.824329559907441E-4
<781,1358,472,op1> 3.7928281463140134E-4
<782,1531,443,op1> 0.0010218946981560629
<783,1531,444,op1> 8.245859873294699E-4
<784,1531,424,op5> 0.0019080644395119857
<785,1358,456,op4> 3.0822622695974883E-4
<786,1532,421,op4> 4.225867097764714E-4
<787,1358,469,op1> 4.1544895992247E-4
<788,1355,498,op1> 3.192576361704986E-4
<789,1449,492,op8> 0.0014305919525908774
<790,1484,478,op1> 0.0010257919826345554
<791,1531,437,op1> 4.4969943675894316E-4
<792,1449,493,op8> 0.001485762076097328
<793,1357,498,op1> 3.220622420519378E-4
<794,1558,472,op4> 0.001096535694918852
<795,1424,457,op1> 6.303361597593451E-4
<796,1540,421,op5> 0.0020135352201048643
<797,1383,465,op5> 0.0012854345027156068
<798,1531,434,op1> 2.7212159701500954E-4
<799,1414,466,op1> 6.986788923584671E-4
<800,1531,439,op1> 4.2996856567628395E-4
<801,1479,491,op2> 0.0011627317454009477
<802,1544,448,op2> 0.0016012546137569293
<803,1359,456,op4> 3.100053105208441E-4
<804,1558,498,op1> 2.818628910846422E-4
<805,1505,500,op2> 0.002594174732848546
<806,1389,421,op5> 0.0015378969791352115
<807,1356,498,op1> 3.20192504797645E-4
<808,1359,469,op1> 4.178469337171163E-4
<809,1444,492,op8> 0.0014034073074110033
<810,1444,493,op8> 0.0014575290675254073
<811,1370,423,op1> 3.780355064591428E-4
<812,1421,461,op1> 7.114729426870421E-4
<813,1422,466,op1> 8.489922795590935E-4
<814,1420,486,op1> 5.5539327940872596E-5
<815,1423,457,op1> 6.34363866850459E-4
<816,1420,487,op1> 4.594980369208884E-5
<817,1447,467,op7> 0.0017680309447972965
<818,1444,497,op7> 0.001509815606938565
<819,1444,496,op7> 0.001426849208388993
<820,1418,512,op1> 4.3861964430706095E-4
<821,1381,512,op1> 8.524117615778731E-4
<822,1481,504,op2> 5.049339275477123E-4
<823,1443,492,op8> 0.0014169996300009403
<824,1443,493,op8> 0.0014716455718113675
<825,1449,430,op8> 3.8235960596831706E-4
<826,1371,423,op1> 3.841625000808469E-4
<827,1421,466,op1> 8.601266045369176E-4
<828,1549,438,op1> 4.2346212630621006E-4
<829,1422,457,op1> 6.142253313948889E-4
<830,1424,437,op1> 2.0791126101262812E-4
<831,1363,421,op4> 4.1265809398142956E-4
<832,1423,444,op1> 3.83669994104554E-4
<833,1424,434,op1> 1.2581101900398519E-4
<834,1370,431,op1> 1.0499064383652626E-4
<835,1424,439,op1> 1.987890119005567E-4
<836,1449,431,op7> 3.338891138562135E-4
<837,1424,444,op1> 3.8123399414198534E-4
<838,1424,443,op1> 4.7245648526269966E-4
<839,1449,467,op7> 0.0018562120393009023
<840,1443,496,op7> 0.0014406685711821066
<841,1424,442,op1> 4.542119870385568E-4
<842,1422,461,op1> 7.022629369564655E-4
<843,1382,512,op1> 8.358600768870406E-4
<844,1446,493,op8> 0.0013798882939526252
<845,1422,487,op1> 4.687187333139497E-5
<846,1423,479,op1> 3.74489455860776E-4
<847,1423,487,op1> 4.840865606357185E-5
<848,1423,486,op1> 5.8511332111621627E-5
<849,1426,429,op6> 8.405692032429177E-4
<850,1381,434,op1> 2.0700535075735585E-4
<851,1423,480,op1> 1.7251761449766086E-4
<852,1409,461,op1> 0.0010200081346613582
<853,1482,463,op1> 0.002194717093533812
<854,1380,422,op7> 0.0010274397651459765
<855,1446,496,op7> 0.0013508427130268675
<856,1426,425,op6> 7.325048093614651E-4
<857,1490,433,op2> 5.033685211071339E-4
<858,1445,493,op8> 0.0013869465460956054
<859,1422,479,op1> 3.6260090170646566E-4
<860,1463,454,op2> 0.001592287181097968
<861,1423,466,op1> 8.768280920036538E-4
<862,1421,486,op1> 5.739683054759075E-5
<863,1424,466,op1> 8.712609295147418E-4
<864,1411,425,op1> 7.144369288609277E-4
<865,1422,486,op1> 5.665382950490348E-5
<866,1421,495,op1> 6.916524544403921E-4
<867,1448,467,op7> 0.001750394725896575
<868,1445,497,op7> 0.0014367010497018306
<869,1401,461,op5> 7.627140231202973E-4
<870,1445,496,op7> 0.0013577523944234243
<871,1425,429,op6> 8.458724789731569E-4
<872,1424,461,op1> 7.206829484176187E-4
<873,1422,480,op1> 1.6704086483106844E-4
<874,1553,430,op8> 5.531045131465679E-4
<875,1425,425,op6> 7.371262908085406E-4
<876,1484,504,op2> 5.15344936363129E-4
<877,1491,433,op2> 5.063737063077735E-4
<878,1362,449,op2> 0.001691669096843596
<879,1393,432,op2> 5.479745033138281E-4
<880,1392,425,op5> 0.0010515278839197686
<881,1360,449,op2> 0.0016815241547335897
<882,1446,430,op8> 3.551130782271068E-4
<883,1443,467,op7> 0.001838575820400181
<884,1440,497,op7> 0.0014001437710834633
<885,1391,430,op5> 2.894057126779208E-4
<886,1393,436,op1> 0.001740386006270521
<887,1428,425,op6> 7.463692537026914E-4
<888,1425,458,op6> 4.960616928474178E-4
<889,1428,429,op6> 8.564790304336353E-4
<890,1449,438,op1> 2.8253178316151257E-4
<891,1424,495,op1> 7.006058842713357E-4
<892,1446,431,op7> 3.100965404222791E-4
<893,1392,440,op1> 0.00172895597742102
<894,1424,479,op1> 3.721117450299139E-4
<895,1445,430,op8> 3.5692951340985415E-4
<896,1442,467,op7> 0.0017856671636980175
<897,1393,425,op5> 0.0010381892638277631

