<0,278,46,op1> 2.0133356325490208E-4
<1,217,79,op8> 1.0622998902631866E-5
<2,309,80,op2> 8.122608312531894E-5
<3,247,75,op8> 2.3764270485007085E-4
<4,188,56,op8> 3.776491950175939E-5
<5,188,84,op1> 3.1154583121494544E-4
<6,261,52,op2> 0.0027574784094239707
<7,197,75,op4> 8.163438525476255E-4
<8,270,53,op7> 4.6994903792432925E-4
<9,185,46,op4> 3.6774096731759015E-4
<10,191,47,op1> 5.235338317548851E-4
<11,219,59,op8> 2.0924189802091865E-5
<12,184,60,op6> 2.2329488633754575E-4
<13,256,69,op6> 5.472392256566856E-4
<14,219,58,op8> 2.4485754023724525E-5
<15,184,84,op5> 1.586966760520179E-4
<16,279,74,op8> 1.3897603759778108E-4
<17,305,46,op1> 3.495959361957505E-4
<18,309,74,op8> 2.4077741493278124E-4
<19,269,53,op7> 0.0010497866568558402
<20,219,78,op4> 2.9267452943844327E-6
<21,264,75,op8> 2.747556713505857E-4
<22,186,51,op2> 4.549715649244846E-4
<23,293,60,op8> 8.563260942433915E-5
<24,297,51,op2> 4.397636017515213E-4
<25,226,48,op7> null
<26,218,60,op8> 7.502795191048911E-5
<27,233,60,op8> 1.1426518471173429E-4
<28,218,61,op8> 8.928494560485843E-5
<29,278,84,op1> 2.3341521523627572E-4
<30,282,85,op7> 1.1976283730448642E-4
<31,219,56,op8> 3.1608882466989836E-5
<32,188,44,op4> 0.0024580682475419313
<33,217,77,op8> 1.80129111827236E-5
<34,243,86,op4> 3.370254529979008E-4
<35,217,74,op8> 1.5842124450446654E-4
<36,219,55,op8> 3.517044668862251E-5
<37,217,75,op8> 1.6581115678455827E-4
<38,248,54,op7> 7.11250996816628E-4
<39,296,54,op7> 5.924090581080269E-4
<40,193,44,op8> 1.602954009581721E-4
<41,208,64,op4> 5.495711801062584E-4
<42,203,48,op4> 0.0010733874022407018
<43,165,44,op8> null
<44,263,53,op7> 0.0010357583273655614
<45,219,48,op8> 1.0349121256833719E-4
<46,218,58,op8> 2.5953065126269812E-5
<47,160,69,op8> 2.01911637597719E-4
<48,262,74,op8> 2.5221577193671385E-4
<49,186,84,op4> 1.2341899469001292E-4
<50,195,84,op1> 3.564709354026805E-4
<51,259,49,op6> 4.655012422661067E-4
<52,196,47,op1> 5.207266798419903E-4
<53,263,69,op1> 0.0012869563909329342
<54,194,76,op2> 1.5398755401289325E-4
<55,268,53,op7> 0.0010544627666859328
<56,192,46,op1> 3.1926954173057696E-4
<57,200,75,op8> 1.1672626560645798E-4
<58,216,77,op8> 1.6582282857741944E-5
<59,296,86,op4> 2.850420926383274E-4
<60,191,74,op4> 7.884156996708006E-4
<61,167,69,op8> 1.8378079667057687E-4
<62,272,53,op7> 4.746251477544222E-4
<63,303,80,op5> null
<64,216,79,op8> 9.779295018668326E-6
<65,259,46,op1> 3.967703275860204E-4
<66,274,69,op1> 6.245950881502953E-4
<67,181,55,op6> 1.0780233283604109E-4
<68,258,59,op8> 3.6597740215643814E-5
<69,181,47,op1> 4.814265530614627E-4
<70,191,55,op4> 1.815884556093098E-4
<71,289,74,op4> 3.8258241726652793E-4
<72,219,84,op1> 2.6076093082881015E-4
<73,218,59,op8> 2.217807383517602E-5
<74,254,86,op4> 4.098021575013035E-4
<75,255,69,op6> 5.495337297474894E-4
<76,314,71,op1> 0.0010021817775014376
<77,219,79,op2> 2.901806805498614E-6
<78,290,47,op5> 2.1644252455243942E-4
<79,260,71,op1> 0.0016957068098408352
<80,217,60,op8> 7.34372532834116E-5
<81,194,72,op4> null
<82,267,71,op1> 0.0017261914266469625
<83,217,61,op8> 8.739197856023246E-5
<84,251,74,op8> 2.6479796464103973E-4
<85,297,64,op4> 8.707817328624277E-4
<86,207,48,op4> 0.0012096905644299973
<87,255,54,op7> 8.625043733548475E-4
<88,175,55,op6> 9.271629208930649E-5
<89,218,78,op4> 3.1021307801902417E-6
<90,218,48,op4> 0.0016072414541487758
<91,279,48,op6> 1.5758415288813138E-4
<92,236,50,op1> 0.0028970883099306978
<93,219,44,op8> 1.1352485956454098E-4
<94,239,54,op7> 7.616687889960344E-4
<95,216,74,op8> 1.4583905180014069E-4
<96,219,80,op1> 9.876594212197201E-5
<97,218,55,op8> 3.72780389995512E-5
<98,216,75,op8> 1.526420396392143E-4
<99,258,74,op8> 2.670856360418262E-4
<100,170,62,op4> 6.895059686298529E-5
<101,218,56,op8> 3.350304770845739E-5
<102,273,53,op7> 5.167101362252576E-4
<103,219,74,op2> 4.327477105591411E-5
<104,219,75,op2> 4.529341926843489E-5
<105,250,71,op4> 8.014560402987074E-4
<106,219,64,op4> 6.700251373898218E-4
<107,265,53,op7> 0.0010684910961762115
<108,238,48,op6> 2.833920774161046E-4
<109,219,77,op2> 4.920455018019388E-6
<110,248,80,op1> 1.461144087572245E-4
<111,265,69,op1> 0.0013276276989985347
<112,219,78,op1> 2.57289429057238E-5
<113,205,46,op1> 1.6258317032718034E-4
<114,215,79,op8> 9.702594665580729E-6
<115,243,46,op1> 3.2769354019312514E-4
<116,244,86,op6> 2.902249687322438E-4
<117,178,47,op1> 3.8036908419724903E-4
<118,198,51,op2> 4.8285283074158395E-4
<119,241,69,op6> 4.1645249248087405E-4
<120,260,44,op8> 1.8920809927423495E-4
<121,293,75,op8> 1.9334658354300474E-4
<122,216,84,op1> 2.490413384320097E-4
<123,218,84,op1> 2.7638705402454407E-4
<124,300,45,op7> 3.5087850878508795E-4
<125,307,47,op1> 5.880983257514661E-4
<126,217,59,op8> 2.1707867322769462E-5
<127,266,69,op1> 0.0013218175121320203
<128,218,48,op8> 1.0969293317168323E-4
<129,217,58,op8> 2.540282346281533E-5
<130,215,77,op8> 1.645222573728906E-5
<131,193,56,op4> 1.6494988262444077E-4
<132,158,71,op8> 1.8052709204138495E-4
<133,250,49,op6> 4.556179887148093E-4
<134,270,48,op6> 1.303473857222815E-4
<135,190,44,op4> 5.892827932141124E-4
<136,232,50,op1> 0.002843562428915812
<137,195,74,op4> 7.715059795706227E-4
<138,282,63,op5> 6.218008897278013E-5
<139,194,80,op1> 1.35756931680763E-4
<140,276,69,op1> 6.710765830824102E-4
<141,306,80,op1> 1.5277278687780688E-4
<142,217,56,op8> 3.279273574290706E-5
<143,218,44,op8> 1.203278474036146E-4
<144,187,47,op5> 2.099815536702771E-4
<145,172,80,op1> 1.0986323898960933E-4
<146,299,67,op1> null
<147,215,74,op8> 1.4469521609974739E-4
<148,218,80,op1> 1.0468450045137858E-4
<149,250,54,op7> 8.30092935525229E-4
<150,235,50,op1> 0.002910469780184419
<151,217,55,op8> 3.648769188295294E-5
<152,257,54,op7> 8.444980190050595E-4
<153,215,64,op4> 6.348927331821158E-4
<154,193,75,op8> 2.256707801724854E-4
<155,228,50,op1> 0.0021477259757222956
<156,215,75,op8> 1.5144484717145572E-4
<157,217,78,op4> 3.0363612230130633E-6
<158,255,49,op6> 4.734078451071446E-4
<159,264,69,op1> 0.0013334378858650489
<160,187,47,op1> 4.561621858454093E-4
<161,211,48,op4> 0.0014027867108648325
<162,216,64,op4> 6.399116480689309E-4
<163,256,75,op8> 2.8553040356041256E-4
<164,249,49,op4> 4.487265633158008E-4
<165,162,71,op8> 2.5187312841702214E-4
<166,313,74,op8> 1.5956508020485978E-4
<167,221,68,op1> 4.6398346622569614E-5
<168,230,80,op1> 1.833694866188301E-4
<169,218,79,op2> 3.0756978500228755E-6
<170,216,60,op8> 6.760469165079408E-5
<171,216,61,op8> 8.04510993966039E-5
<172,218,64,op4> 7.101764564843429E-4
<173,218,77,op2> 5.215313745690963E-6
<174,238,50,op1> 0.0029238512504381406
<175,298,71,op1> 0.0013375125623688387
<176,218,75,op2> 4.800763165905271E-5
<177,237,75,op8> 2.627837466730002E-4
<178,218,74,op2> 4.586801576338462E-5
<179,219,60,op2> 2.00603166119252E-5
<180,254,60,op8> 1.2540007510127683E-4
<181,199,51,op2> 4.853874912704111E-4
<182,204,48,op4> 0.0010847459990898098
<183,263,71,op1> 0.0016880856556393035
<184,218,78,op1> 2.7270752218426353E-5
<185,214,79,op8> 1.0009396077931109E-5
<186,217,84,op1> 2.7052725782614385E-4
<187,186,80,op1> 1.3279765251605975E-4
<188,185,80,op4> 1.6148035096233665E-4
<189,242,54,op6> 5.914007022644387E-4
<190,267,53,op6> 8.896766562734615E-4
<191,197,81,op4> null
<192,174,71,op8> 3.167331614857832E-4
<193,216,59,op8> 1.998377677727875E-5
<194,216,56,op8> 3.0188258535889172E-5
<195,234,45,op4> 2.404428078230756E-4
<196,246,46,op1> 3.361175386556734E-4
<197,217,80,op1> 1.0246504107785111E-4
<198,183,85,op4> 2.9167422554430693E-4
<199,216,55,op8> 3.358975245542599E-5
<200,214,75,op8> 1.5623361704248992E-4
<201,306,48,op8> 1.6008191307386984E-4
<202,224,61,op6> 1.6310389640014744E-4
<203,217,48,op8> 1.0736728794542845E-4
<204,192,51,op2> 4.8031817021275674E-4
<205,168,80,op1> 8.027044734257649E-5
<206,216,58,op8> 2.338527069681556E-5
<207,196,78,op4> 4.066750952122189E-6
<208,296,71,op4> 5.71971881254392E-4
<209,220,76,op4> 2.5612696821560043E-4
<210,214,77,op8> 1.6972454219100577E-5
<211,215,61,op8> 7.982011038172856E-5
<212,216,78,op4> 2.795206180030076E-6
<213,219,48,op4> 0.0015163726793559122
<214,223,50,op1> 0.0020540556839462455
<215,188,47,op1> 4.477407301067248E-4
<216,217,44,op8> 1.17776726963962E-4
<217,214,74,op8> 1.4927055890132045E-4
<218,217,64,op4> 6.951197118238976E-4
<219,188,60,op4> 0.001532677848467322
<220,241,75,op8> 2.1729043289817561E-4
<221,217,77,op2> 5.104741722814122E-6
<222,177,47,op5> 1.7767669925946523E-4
<223,219,58,op2> 6.939103230540163E-6
<224,191,60,op8> 9.888843131665173E-5
<225,217,79,op2> 3.0104887083262774E-6
<226,219,59,op2> 5.9297791242797754E-6
<227,215,60,op8> 6.707445877510157E-5
<228,217,74,op2> 4.4895548998083176E-5
<229,225,50,op1> 0.0020808186244536883
<230,189,56,op4> 1.456984374375034E-4
<231,217,75,op2> 4.6989802012571034E-5
<232,209,48,op4> 0.001277842145524645
<233,278,71,op1> 9.107279270830554E-4
<234,254,86,op6> 3.5471940622829794E-4
<235,208,46,op1> 1.8448556632980566E-4
<236,219,55,op2> 9.967075549321325E-6
<237,264,48,op6> 2.9765895545535927E-4
<238,313,47,op1> 3.915976918488283E-4
<239,218,60,op2> 2.1262432963201618E-5
<240,183,75,op6> 4.984559945145375E-4
<241,219,51,op2> 3.3837718059843286E-4
<242,215,56,op8> 2.9951487880705723E-5
<243,213,77,op8> 1.6842397098647698E-5
<244,203,47,op1> 2.6527585576856114E-4
<245,216,44,op8> 1.0842261868523579E-4
<246,239,54,op6> 6.398017827566688E-4
<247,213,74,op8> 1.481267232009272E-4
<248,216,80,op1> 9.43270233749171E-5
<249,215,55,op8> 3.33263034165599E-5
<250,273,71,op1> 8.421375392692687E-4
<251,220,50,op1> 0.002013911273185081
<252,264,55,op8> 6.046155441976678E-5
<253,213,75,op8> 1.5503642457473138E-4
<254,206,75,op8> 1.239094204130092E-4
<255,185,75,op6> 5.098819198902289E-4
<256,201,44,op8> 8.376178776859391E-5
<257,216,48,op8> 9.883992211582764E-5
<258,184,44,op6> 3.5811444035266767E-4
<259,215,58,op8> 2.3201856808997392E-5
<260,213,79,op8> 9.932695724843513E-6
<261,278,75,op8> 1.430644998971459E-4
<262,306,64,op4> 0.0010364059241273274
<263,221,50,op1> 0.0020272927434388027
<264,215,59,op8> 1.9827041273143223E-5
<265,170,47,op5> 1.8672205849449254E-4
<266,194,74,op4> 7.757334095956671E-4
<267,217,78,op1> 2.6692573726162896E-5
<268,217,60,op2> 2.081163933147296E-5
<269,192,44,op4> 5.955684763417295E-4
<270,240,86,op6> 2.7072665041948324E-4
<271,251,54,op7> 8.336942063951867E-4
<272,188,47,op5> 2.0610497114097965E-4
<273,216,74,op2> 4.1329837525311226E-5
<274,219,44,op2> 3.2172205887049844E-5
<275,218,51,op2> 3.5865446482905055E-4
<276,260,46,op1> 3.748679315833951E-4
<277,309,60,op8> 1.1161402033327177E-4
<278,182,60,op6> 2.1823437899845123E-4
<279,313,53,op6> 5.479465498902777E-4
<280,175,75,op6> 4.2133099822862057E-4
<281,274,80,op1> 7.953062755140068E-5
<282,271,52,op2> 0.001289290799932013
<283,198,45,op2> 1.0529559851401519E-4
<284,222,50,op1> 0.0020406742136925243
<285,163,49,op8> 1.6826148182739147E-4
<286,218,58,op2> 7.3549296413590496E-6
<287,174,77,op5> null
<288,186,47,op4> 1.7737265357089285E-4
<289,265,53,op6> 8.975325207880176E-4
<290,216,77,op2> 4.699310972265709E-6
<291,216,75,op2> 4.325775997547153E-5
<292,293,86,op6> 2.4222910827006398E-4
<293,218,55,op2> 1.0564353484861181E-5
<294,186,74,op6> 4.898865504827689E-4
<295,297,48,op4> 0.0019707165533202307
<296,234,50,op1> 0.0028703253694232545
<297,210,48,op4> 0.0014255039045630484
<298,215,78,op4> 2.7732829943043492E-6
<299,219,75,op8> 1.5982519444576556E-4
<300,204,55,op4> null
<301,214,61,op8> 8.234406644122986E-5
<302,216,79,op2> 2.771388522105418E-6
<303,180,60,op6> 2.15704125328904E-4
<304,218,59,op2> 6.285121693525006E-6
<305,214,60,op8> 6.919539027787157E-5
<306,215,44,op8> 1.0757224520535157E-4
<307,198,74,op4> 8.053254197709787E-4
<308,212,74,op8> 1.4240754469896087E-4
<309,180,63,op5> 1.1979327875546908E-4
<310,267,48,op6> 2.937679887173807E-4
<311,215,80,op1> 9.358720358374125E-5
<312,240,69,op6> 4.141579883900703E-4
<313,288,73,op1> null
<314,232,56,op8> 5.031376422648195E-5
<315,170,84,op4> 9.935400965296305E-5
<316,267,51,op2> 5.741006097793635E-4
<317,197,74,op4> 7.799608396207117E-4
<318,308,58,op8> 3.824179561008661E-5
<319,214,55,op8> 3.438009957202425E-5
<320,205,51,op2> 2.4459474103182596E-4
<321,303,69,op8> 3.3706881541823293E-4
<322,275,46,op1> 1.9122476509984422E-4
<323,158,80,op1> 6.1774952563181E-5
<324,181,74,op6> 4.680531666172415E-4
<325,212,75,op8> 1.4905046223593864E-4
<326,192,75,op4> 8.384669921830623E-4
<327,222,48,op6> 1.9779080918057643E-4
<328,214,56,op8> 3.089857050143951E-5
<329,255,54,op6> 7.245036736180718E-4
<330,212,77,op8> 1.6192111496383303E-5
<331,237,48,op6> 2.846890663287641E-4
<332,179,51,op2> 3.3584252006960564E-4
<333,215,48,op8> 9.806470704040938E-5
<334,214,58,op8> 2.3935512360270042E-5
<335,189,85,op2> 7.116490752321199E-5
<336,212,79,op8> 9.54919395940554E-6
<337,263,52,op2> 0.002732802987415702
<338,271,71,op1> 7.964106140600777E-4
<339,157,46,op7> null
<340,258,58,op8> 4.282714280554064E-5
<341,257,75,op8> 2.807416336893784E-4
<342,215,84,op1> 2.470880730325429E-4
<343,214,59,op8> 2.0453983289685306E-5
<344,199,44,op8> 1.628465213978247E-4
<345,314,53,op7> 6.149084426572072E-4
<346,199,85,op2> 8.185032907324379E-5
<347,219,46,op1> 2.2492075895003707E-4
<348,219,47,op1> 3.747547803714594E-4
<349,261,69,op1> 0.0012985767646659628
<350,216,78,op1> 2.4572585921196887E-5
<351,169,69,op8> 1.6400169747733095E-4
<352,217,51,op2> 3.510504832425689E-4
<353,216,60,op2> 1.915872934846789E-5
<354,215,75,op2> 4.2918483426644295E-5
<355,306,75,op8> 2.4722024459213917E-4
<356,259,69,op6> 5.403557133842746E-4
<357,217,55,op2> 1.0340374259033735E-5
<358,264,52,op2> 0.002831504675448775
<359,215,74,op2> 4.100568193687741E-5
<360,182,44,op6> 3.499985323560067E-4
<361,218,44,op2> 3.410012833721014E-5
<362,279,75,op8> 1.45458884832663E-4
<363,177,46,op1> 2.3165995772007563E-4
<364,215,77,op2> 4.662453631306761E-6
<365,273,52,op2> 0.0013633170659568177
<366,215,79,op2> 2.7496521415398844E-6
<367,217,59,op2> 6.151868230058045E-6
<368,191,56,op8> 4.4157727191712395E-5
<369,194,44,op4> 5.767114269588779E-4
<370,206,51,op2> 2.6233736473361643E-4
<371,213,60,op8> 6.866515740217908E-5
<372,217,58,op2> 7.198994737301968E-6
<373,241,71,op4> 6.310814373718672E-4
<374,214,78,op4> 2.8609757372072543E-6
<375,217,48,op4> 0.001573165663601452
<376,255,46,op1> 4.03509526356059E-4
<377,213,61,op8> 8.171307742635453E-5
<378,263,49,op1> 0.0011086767177301035
<379,160,47,op4> 1.2104818976286559E-4
<380,278,49,op1> 5.981348431997623E-4
<381,214,48,op8> 1.0116556734208241E-4
<382,213,58,op8> 2.3752098472451878E-5
<383,215,47,op1> 3.551047169811955E-4
<384,289,51,op2> 2.293867778588627E-4
<385,304,47,op1> 5.712554142740972E-4
<386,265,46,op1> 3.8497672973845297E-4
<387,199,48,op8> 1.48453686942596E-4
<388,211,79,op8> 9.472493606317944E-6
<389,214,84,op1> 2.5490113463040993E-4
<390,185,47,op4> 1.763845050830327E-4
<391,237,50,op1> 0.002937232720691862
<392,294,50,op1> 0.0021209630352148528
<393,214,48,op4> 0.0014822968888085885
<394,201,44,op4> 3.0956989403514707E-4
<395,314,53,op6> 5.16523091832054E-4
<396,240,49,op6> 3.5678545320183547E-4
<397,193,44,op4> 5.924256347779209E-4
<398,213,59,op8> 2.0297247785549785E-5
<399,268,53,op6> 8.857487240161835E-4
<400,213,56,op8> 3.066179984625606E-5
<401,299,74,op6> 2.1063275248884019E-4
<402,211,77,op8> 1.6062054375930428E-5
<403,214,44,op8> 1.1097373912488838E-4
<404,182,63,op4> 9.268118944596838E-5
<405,211,74,op8> 1.412637089985676E-4
<406,196,75,op4> 8.207684804747128E-4
<407,227,50,op1> 0.002107581564961131
<408,258,49,op4> 5.332196057722111E-4
<409,181,47,op5> 2.2161130125816935E-4
<410,166,59,op6> 1.6666912250892908E-5
<411,214,80,op1> 9.654648274844455E-5
<412,213,55,op8> 3.411665053315816E-5
<413,211,75,op8> 1.4785326976818008E-4
<414,249,54,op7> 7.076497259466704E-4
<415,163,68,op2> 4.9754048619080724E-5
<416,213,78,op4> 2.839052551481528E-6
<417,190,46,op1> 3.1589994234555767E-4
<418,289,75,op8> 1.0834591833214818E-4
<419,216,48,op4> 0.0014482210982612645
<420,218,47,op1> 3.9721199567461797E-4
<421,243,71,op4> 6.762828626381718E-4
<422,215,78,op1> 2.4379859757109065E-5
<423,218,46,op1> 2.383991564901142E-4
<424,247,54,op7> 7.148522676865856E-4
<425,266,46,op1> 3.8329193004594327E-4
<426,221,80,op1> 1.3518480400366307E-4
<427,216,51,op2> 3.231692174254696E-4
<428,215,60,op2> 1.9008464804558332E-5
<429,212,61,op8> 7.85581323519779E-5
<430,261,46,op1> 3.765527312759047E-4
<431,214,79,op2> 2.836597663802016E-6
<432,170,68,op2> 6.067054873803515E-5
<433,216,59,op2> 5.663272197345854E-6
<434,281,47,op4> 7.954595327274026E-5
<435,271,75,op8> 1.2510661288076777E-4
<436,250,74,op8> 2.636541289406464E-4
<437,308,48,op4> 0.002368267443039009
<438,272,49,op1> 5.080392182826433E-4
<439,279,44,op8> 1.0332037780593055E-4
<440,212,60,op8> 6.601399302371655E-5
<441,245,56,op7> null
<442,295,52,op2> 0.0020418911711841932
<443,311,46,op1> 2.417687558751335E-4
<444,185,51,op2> 4.524369043956574E-4
<445,258,54,op6> 7.063532684334856E-4
<446,216,58,op2> 6.627233422425999E-6
<447,214,64,op4> 6.549683927293764E-4
<448,190,51,op2> 4.752488491551023E-4
<449,233,50,op1> 0.002883706839676976
<450,253,86,op4> 4.1153493617995595E-4
<451,214,77,op2> 4.809882995142549E-6
<452,248,71,op4> 6.867139607765497E-4
<453,270,52,op2> 0.0012399399559154768
<454,214,75,op2> 4.427558962195321E-5
<455,216,55,op2> 9.519117097666436E-6
<456,261,49,op1> 0.0011186873427208944
<457,257,78,op1> 4.519428547859349E-5
<458,226,50,op1> 0.00209420009470741
<459,214,74,op2> 4.230230429061267E-5
<460,300,85,op7> 2.713271059836105E-4
<461,217,44,op2> 3.337715741840003E-5
<462,247,46,op1> 3.3443273896316373E-4
<463,213,80,op1> 9.580666295726874E-5
<464,186,47,op1> 5.038837683646214E-4
<465,231,50,op1> 0.0028569438991695333
<466,276,56,op8> 2.7347010673687832E-5
<467,212,55,op8> 3.2799405338827724E-5
<468,198,74,op8> 2.1790070092491605E-4
<469,315,46,op1> 2.2660555864254672E-4
<470,254,46,op1> 3.984551272785301E-4
<471,210,75,op8> 1.5024765470369718E-4
<472,201,59,op4> 5.7057980469223185E-5
<473,231,61,op6> 2.253895267406568E-4
<474,237,45,op1> 9.463366741467654E-5
<475,212,56,op8> 2.9477946570338834E-5
<476,167,78,op1> 2.1488967295791786E-5
<477,315,75,op5> null
<478,267,53,op7> 0.0010591388765160256
<479,218,74,op8> 1.618527516056463E-4
<480,192,47,op1> 5.319552874935697E-4
<481,242,71,op4> 6.797598953509644E-4
<482,210,77,op8> 1.6322168616836182E-5
<483,213,48,op8> 1.0039035226666415E-4
<484,212,58,op8> 2.283502903336107E-5
<485,165,46,op2> 5.022661677678892E-5
<486,211,61,op8> 7.792714333710258E-5
<487,184,46,op4> 3.63620620344844E-4
<488,212,78,op4> 2.729436622852897E-6
<489,299,47,op4> 1.753963565951726E-4
<490,215,48,op4> 0.0014368625014121565
<491,213,44,op8> 1.1012336564500417E-4
<492,167,60,op6> 6.133458304929007E-5
<493,233,48,op6> 2.7950111067812604E-4
<494,174,46,op1> 2.4682315495266243E-4
<495,210,74,op8> 1.4355138039935414E-4
<496,214,78,op1> 2.5150764413460344E-5
<497,157,47,op5> 1.1048260208497655E-4
<498,304,51,op2> 5.158034176163377E-4
<499,210,79,op8> 9.625894312493133E-6
<500,251,58,op8> 4.246031502990432E-5
<501,213,84,op1> 2.529478692309432E-4
<502,212,59,op8> 1.9513570264872183E-5
<503,187,84,op1> 3.1740562741334566E-4
<504,217,46,op1> 2.3334475741258528E-4
<505,268,69,op1> 0.0013101971383989914
<506,173,63,op5> 1.0503868137209752E-4
<507,189,57,op2> 2.3473241748494003E-5
<508,217,47,op1> 3.887905399359335E-4
<509,223,80,op1> 1.3696942187829887E-4
<510,215,51,op2> 3.2063455689664233E-4
<511,214,60,op2> 1.9609522980196545E-5
<512,171,74,op6> 1.7265952387113378E-4
<513,213,64,op4> 6.499494778425613E-4
<514,212,51,op2> 3.155652358389879E-4
<515,277,53,op6> 4.6153204023016215E-4
<516,220,80,op2> 5.8073755393636576E-5
<517,168,78,op1> 2.091078880352833E-5
<518,251,54,op6> 7.003031333719568E-4
<519,213,77,op2> 4.773025654183602E-6
<520,213,79,op2> 2.814861283236483E-6
<521,215,59,op2> 5.618854376190199E-6
<522,211,60,op8> 6.548376014802404E-5
<523,265,52,op2> 0.002819166964444641
<524,173,74,op6> 1.7740617744834707E-4
<525,215,58,op2> 6.575255121073637E-6
<526,213,75,op2> 4.393631307312598E-5
<527,215,55,op2> 9.444457355723951E-6
<528,267,84,op1> 4.4241461297921716E-4
<529,300,71,op8> 4.334812210095531E-4
<530,224,50,op1> 0.0020674371541999667
<531,253,49,op6> 4.694545436866256E-4
<532,213,74,op2> 4.1978148702178856E-5
<533,216,44,op2> 3.072626404942963E-5
<534,214,51,op2> 3.3077319901195126E-4
<535,310,54,op6> 4.310721231339259E-4
<536,212,74,op2> 4.0357370760009784E-5
<537,215,44,op2> 3.0485273743159586E-5
<538,183,78,op1> 3.363071563332437E-5
<539,212,75,op2> 4.223993032898984E-5
<540,229,75,op8> 1.9574096847852185E-4
<541,257,71,op4> 8.15364171149878E-4
<542,214,55,op2> 9.74309632349388E-6
<543,212,64,op4> 6.248549034084855E-4
<544,248,49,op6> 3.903885152762466E-4
<545,301,84,op4> 1.3923312771435998E-4
<546,212,77,op2> 4.588738949388868E-6
<547,206,50,op7> null
<548,214,58,op2> 6.783168326483082E-6
<549,176,59,op6> 5.2542547505834384E-5
<550,213,60,op2> 1.945925843628699E-5
<551,212,84,op1> 2.4318154223360944E-4
<552,256,54,op7> 8.5890310248489E-4
<553,167,44,op6> 9.83667841356539E-5
<554,309,75,op8> 2.5200901446317337E-4
<555,211,59,op8> 1.9356834760736665E-5
<556,221,68,op4> 1.2063570121868095E-4
<557,212,48,op8> 9.651427688957285E-5
<558,211,58,op8> 2.2651615145542906E-5
<559,198,78,op1> 3.671433425872947E-5
<560,216,46,op1> 2.1481196079497922E-4
<561,200,75,op4> 4.3140122289102154E-4
<562,213,78,op1> 2.4958038249372525E-5
<563,216,47,op1> 3.5791186889409045E-4
<564,210,61,op8> 7.918912136685322E-5
<565,302,80,op1> 1.4907368792192778E-4
<566,212,79,op2> 2.7061793804088194E-6
<567,297,47,op1> 4.870408568872524E-4
<568,240,71,op4> 6.276044046590745E-4
<569,208,48,op4> 0.0012437663549773213
<570,214,59,op2> 5.796525660812815E-6
<571,176,60,op6> 1.7775032028569506E-4
<572,210,60,op8> 6.654422589940906E-5
<573,211,78,op4> 2.7075134371271713E-6
<574,244,69,op6> 4.4398654157051863E-4
<575,243,54,op7> 7.004471842067551E-4
<576,175,85,op4> 2.465441161477666E-4
<577,212,80,op1> 9.210756400138962E-5
<578,211,55,op8> 3.253595629996164E-5
<579,171,49,op8> 2.065995409779364E-4
<580,271,60,op8> 5.540933550986651E-5
<581,212,44,op8> 1.0587149824558315E-4
<582,266,84,op1> 4.4436787837868395E-4
<583,264,49,op1> 0.0011487192176932674
<584,162,49,op8> 1.654216255940178E-4
<585,211,56,op8> 2.9241175915155388E-5
<586,265,49,op1> 0.001143713905197872
<587,200,47,op1> 2.7369731150724555E-4
<588,233,57,op4> 6.161342695865511E-5
<589,212,60,op2> 1.870793571673923E-5
<590,313,53,op7> 6.523173212979497E-4
<591,213,51,op2> 3.28238538483124E-4
<592,186,63,op4> 9.64421652495729E-5
<593,211,64,op4> 6.198359885216703E-4
<594,211,77,op2> 4.551881608429921E-6
<595,295,73,op2> null
<596,211,74,op2> 4.0033215171575965E-5
<597,214,44,op2> 3.144923496823974E-5
<598,254,71,op4> 8.223182365754633E-4
<599,211,75,op2> 4.190065378016261E-5
<600,213,55,op2> 9.668436581551399E-6
<601,211,84,op1> 2.412282768341427E-4
<602,277,69,op1> 6.82696956815439E-4
<603,198,59,op4> 1.1035071349631489E-4
<604,210,59,op8> 1.9670305769007705E-5
<605,211,48,op8> 9.57390618141546E-5
<606,231,74,op8> 2.44208922033961E-4
<607,210,58,op8> 2.301844292117923E-5
<608,212,78,op1> 2.399440742893343E-5
<609,215,46,op1> 2.1312716110246955E-4
<610,206,48,op4> 0.0011756147738826734
<611,210,78,op4> 2.7513598085786234E-6
<612,211,51,op2> 3.130305753101607E-4
<613,198,84,op1> 3.720970585984145E-4
<614,213,48,op4> 0.0014709382919594804
<615,211,79,op2> 2.684442999843287E-6
<616,213,59,op2> 5.752107839657161E-6
<617,234,80,op1> 1.5869134520721346E-4
<618,213,58,op2> 6.731190025130721E-6
<619,210,56,op8> 2.971471722552228E-5
<620,269,51,op2> 5.690312887217092E-4
<621,211,80,op1> 9.136774421021381E-5
<622,191,44,op4> 5.861399516503038E-4
<623,239,71,op4> 7.353924187556469E-4
<624,210,55,op8> 3.306285437769381E-5
<625,180,80,op1> 1.2613927439547736E-4
<626,183,46,op1> 2.9399754634293237E-4
<627,182,57,op4> 9.510402634611247E-5
<628,277,53,op7> 5.494429050359074E-4
<629,211,44,op8> 1.0502112476569895E-4
<630,210,74,op2> 4.068152634844359E-5
<631,189,51,op2> 4.220209780497309E-4
<632,229,47,op4> 7.875130040335815E-4
<633,213,44,op2> 3.1208244661969703E-5
<634,228,80,op1> 1.1874107648371916E-4
<635,210,75,op2> 4.257920687781706E-5
<636,188,74,op4> 0.00330634278002699
<637,212,55,op2> 9.295137871838988E-6
<638,181,84,op1> 3.349850160085463E-4
<639,262,49,op1> 0.0011036714052347078
<640,298,77,op8> 2.282502463948008E-5
<641,190,58,op8> 3.439010396590523E-5
<642,311,77,op8> 1.866319678498799E-5
<643,211,60,op2> 1.8557671172829677E-5
<644,268,51,op2> 5.715659492505364E-4
<645,210,78,op1> 2.4187133593021246E-5
<646,214,46,op1> 2.1986635987250813E-4
<647,191,80,op1> 1.3797639105429048E-4
<648,285,75,op6> 2.413726735614809E-4
<649,211,78,op1> 2.380168126484561E-5
<650,214,47,op1> 3.6633332463277486E-4
<651,210,84,op1> 2.451348076330762E-4
<652,210,48,op8> 9.728949196499111E-5
<653,237,74,op8> 2.510719362363206E-4
<654,212,48,op4> 0.0014141453077139404
<655,160,47,op5> 1.582937866129781E-4
<656,244,71,op4> 6.728058299253791E-4
<657,210,80,op1> 9.284738379256544E-5
<658,190,75,op4> 8.296177363288877E-4
<659,241,54,op7> 6.536306628973063E-4
<660,210,44,op8> 1.0672187172546736E-4
<661,269,84,op1> 4.385080821802837E-4
<662,171,85,op7> 1.968982240429692E-4
<663,257,80,op1> 1.7348774103072986E-4
<664,290,63,op5> 1.1768547912927313E-4
<665,253,69,op6> 5.449447215658819E-4
<666,166,71,op8> 2.2160511298493363E-4
<667,187,44,op6> 3.297087623643541E-4
<668,212,58,op2> 6.471298518368916E-6
<669,210,64,op4> 6.298738182953005E-4
<670,210,77,op2> 4.625596290347814E-6
<671,266,47,op1> 6.386270601835731E-4
<672,312,50,op1> 0.0018265706896329805
<673,269,47,op1> 6.302056044448885E-4
<674,210,79,op2> 2.727915760974352E-6
<675,212,59,op2> 5.530018733878892E-6
<676,212,44,op2> 3.0003293130619516E-5
<677,296,78,op1> 3.170345399244618E-5
<678,211,55,op2> 9.220478129896506E-6
<679,210,60,op2> 1.885820026064878E-5
<680,158,85,op7> 1.1299657530988267E-4
<681,212,47,op1> 3.4949041315540587E-4
<682,306,80,op5> null
<683,182,60,op2> 2.592063382439773E-5
<684,165,44,op2> 8.031984995460568E-5
<685,213,47,op1> 3.6352617271988004E-4
<686,254,49,op6> 4.6747789297636613E-4
<687,213,46,op1> 2.1818156017999852E-4
<688,298,52,op2> 0.002165268281225534
<689,195,44,op4> 5.735685853950694E-4
<690,211,59,op2> 5.485600912723238E-6
<691,211,58,op2> 6.419320217016555E-6
<692,211,47,op1> 3.4668326124251105E-4
<693,211,46,op1> 2.0807276202494066E-4
<694,175,62,op4> 7.03820971438777E-5
<695,250,69,op6> 5.28883192930256E-4
<696,300,69,op8> 3.3047578235381763E-4
<697,196,72,op4> null
<698,210,51,op2> 3.180998963678151E-4
<699,160,60,op2> 5.815184007028463E-5
<700,211,44,op2> 2.976230282434948E-5
<701,243,69,op6> 4.462810456613223E-4
<702,210,55,op2> 9.36979761378147E-6
<703,210,58,op2> 6.523276819721276E-6
<704,266,51,op2> 5.766352703081908E-4
<705,306,48,op4> 0.002345550249340793
<706,195,75,op4> 8.074945966934506E-4
<707,210,59,op2> 5.574436555034545E-6
<708,222,78,op1> 3.544865967370092E-5
<709,164,45,op7> 2.1087710877108775E-4
<710,166,80,op1> 7.583152859552157E-5
<711,212,46,op1> 2.0975756171745028E-4
<712,260,53,op7> 0.0010404344371956545
<713,174,44,op2> 1.1153419922606383E-4
<714,210,47,op1> 3.5229756506830075E-4
<715,210,46,op1> 2.114423614099599E-4
<716,210,44,op2> 3.024428343688955E-5
<717,264,44,op8> 1.9516071363342438E-4
<718,299,71,op8> 3.837551956568363E-4
<719,299,84,op4> 1.2204385268789577E-4
<720,247,49,op6> 3.923651659865061E-4
<721,298,75,op8> 2.1010727809162434E-4
<722,299,79,op6> 1.4124062120242929E-5
<723,299,77,op6> 2.394949663867279E-5
<724,298,74,op8> 2.0074316541901713E-4
<725,299,84,op5> 1.595958073610945E-4
<726,287,74,op8> 1.0580480228637655E-4
<727,170,77,op6> 1.9496914165004046E-5
<728,159,84,op5> 7.417833299881856E-5
<729,298,79,op8> 1.3460911966872868E-5
<730,299,69,op8> 2.925658422334296E-4
<731,275,48,op6> 1.4720824158685525E-4
<732,183,47,op4> 1.7243191113159223E-4
<733,219,60,op8> 7.078608890494909E-5
<734,219,61,op8> 8.423703348585584E-5
<735,218,77,op8> 1.8403082544082233E-5
<736,235,68,op4> 1.731898680862251E-4
<737,218,75,op8> 1.6940273418783388E-4
<738,218,79,op8> 1.085309996189465E-5
<739,291,56,op8> 4.0132626053593835E-5
<740,299,85,op7> 2.4020230080843322E-4
<741,257,69,op6> 5.380612092934708E-4
<742,261,59,op5> null
<743,219,74,op8> 1.5270206600250023E-4
<744,219,77,op8> 1.7362625580459208E-5
<745,219,79,op8> 1.0239497137193894E-5
<746,299,86,op8> 1.912443384296445E-4
<747,299,59,op6> 2.8862213897887726E-5
<748,292,79,op4> null
<749,256,54,op6> 7.214786060873075E-4
<750,298,56,op8> 4.15532499846945E-5
<751,260,69,op1> 0.0012927665777994484
<752,299,80,op1> 1.313180129337081E-4
<753,262,71,op1> 0.0016804645014377715
<754,299,58,op6> 3.3774931157102656E-5
<755,200,77,op4> 4.686531390738118E-5
<756,298,55,op8> 4.623530632099812E-5
<757,269,64,op6> 1.2865828388253887E-4
<758,296,75,op8> 1.9693816094628038E-4
<759,296,74,op8> 1.8816097271469128E-4
<760,203,79,op8> 7.248183366777699E-6
<761,223,68,op4> 1.2222825172981865E-4
<762,206,84,op1> 2.0216296884480785E-4
<763,252,49,op6> 4.5957129013532823E-4
<764,251,46,op1> 3.9003112881598185E-4
<765,266,44,op8> 1.9345996667365596E-4
<766,197,48,op8> 1.430271814146682E-4
<767,205,59,op8> 1.5124976149077637E-5
<768,263,53,op6> 8.700369949870716E-4
<769,316,44,op8> 1.0927299216511999E-4
<770,209,87,op1> null
<771,199,47,op1> 5.375695913193593E-4
<772,206,48,op8> 8.023476030578948E-5
<773,178,62,op4> 6.4656096020308E-5
<774,274,49,op1> 5.380710932550163E-4
<775,298,78,op4> 3.847519094864928E-6
<776,205,58,op8> 1.7699440174452556E-5
<777,203,77,op8> 1.2290397882796969E-5
<778,298,64,op6> 1.0057696579681769E-4
<779,297,61,op8> 1.0947659408086882E-4
<780,205,56,op8> 2.284836822520239E-5
<781,290,46,op1> 2.8220394849536485E-4
<782,206,80,op1> 7.657134838669739E-5
<783,205,55,op8> 2.5422832250577317E-5
<784,203,75,op8> 1.1313468820318235E-4
<785,180,84,op5> 1.5330188819755836E-4
<786,230,50,op1> 0.0027498921371397617
<787,299,63,op5> 1.2471147788325958E-4
<788,192,45,op2> 1.0474286571341669E-4
<789,299,62,op5> 1.107577460921257E-4
<790,296,79,op8> 1.2617208082909327E-5
<791,299,49,op8> 2.5203724071191556E-4
<792,247,54,op6> 6.004759048567318E-4
<793,266,53,op6> 8.936045885307394E-4
<794,175,78,op1> 2.8427109202953264E-5
<795,298,59,op8> 2.750708097578368E-5
<796,298,58,op8> 3.218913731208729E-5
<797,258,71,op4> 8.118871384370853E-4
<798,208,75,op2> 3.715078209658143E-5
<799,175,57,op4> 8.13208341220382E-5
<800,296,77,op8> 2.1394396314498423E-5
<801,207,78,op1> 2.052533647535269E-5
<802,175,51,op2> 3.738624280020138E-4
<803,241,86,op6> 2.7222652105892634E-4
<804,293,74,op8> 1.847294656135115E-4
<805,185,46,op1> 3.007367451129709E-4
<806,206,74,op2> 3.3550103402899696E-5
<807,303,85,op7> 2.7674011557929346E-4
<808,209,44,op2> 2.7111409455379082E-5
<809,182,84,op5> 1.5510015081571154E-4
<810,206,75,op2> 3.5115122803618055E-5
<811,208,55,op2> 8.175241742701761E-6
<812,288,55,op8> 2.3578688978514713E-5
<813,232,80,op4> 8.425025324350344E-5
<814,232,48,op6> 2.756101439401475E-4
<815,197,47,op1> 5.179195279290954E-4
<816,299,45,op7> 3.1062810628106286E-4
<817,177,75,op6> 3.927661847893921E-4
<818,225,60,op8> 8.245121217018415E-5
<819,207,60,op2> 1.6003173926367296E-5
<820,208,51,op2> 2.7754532790657974E-4
<821,299,63,op4> 9.536760073425733E-5
<822,298,61,op6> 1.8527335804676944E-4
<823,232,61,op6> 2.2433383809081767E-4
<824,206,44,op8> 8.80136551680149E-5
<825,175,76,op4> 4.8405258405975125E-4
<826,203,74,op8> 1.0809247368716308E-4
<827,182,84,op1> 3.369382814080131E-4
<828,204,61,op8> 6.0259450920593494E-5
<829,169,71,op4> null
<830,205,78,op4> 2.1155874225325673E-6
<831,163,45,op7> 2.0737707377073775E-4
<832,299,62,op4> 8.4697099952802E-5
<833,183,84,op1> 3.408448122069466E-4
<834,195,55,op8> 4.807944959306073E-5
<835,208,58,op2> 5.691623998083505E-6
<836,271,53,op6> 4.104689208855485E-4
<837,190,56,op4> 1.6407481693412544E-4
<838,206,79,op2> 2.2497153885326327E-6
<839,230,46,op1> 4.17589335073134E-4
<840,208,59,op2> 4.8637514165440855E-6
<841,204,60,op8> 5.063723962863398E-5
<842,206,64,op4> 5.194576907853675E-4
<843,206,77,op2> 3.814734789250986E-6
<844,202,79,op8> 7.171483013690105E-6
<845,308,74,op5> null
<846,205,84,op1> 1.8849011104854068E-4
<847,204,59,op8> 1.4968240644942117E-5
<848,205,48,op8> 7.48082547778617E-5
<849,267,44,op8> 1.9260959319377177E-4
<850,204,58,op8> 1.7516026286634395E-5
<851,225,74,op8> 1.7786645141115194E-4
<852,209,46,op1> 1.895399654073346E-4
<853,239,69,op6> 4.852876152049854E-4
<854,205,80,op1> 7.139260984846666E-5
<855,204,55,op8> 2.515938321171123E-5
<856,202,75,op8> 1.119374957354238E-4
<857,176,51,op2> 3.561198043002234E-4
<858,254,54,op6> 7.154284710257787E-4
<859,205,44,op8> 8.20610408088255E-5
<860,208,75,op8> 1.3109257521956049E-4
<861,298,60,op8> 9.305586968403418E-5
<862,257,86,op6> 3.5171966494941173E-4
<863,202,74,op8> 1.0694863798676982E-4
<864,202,77,op8> 1.216034076234409E-5
<865,245,71,op4> 6.693287972125865E-4
<866,204,56,op8> 2.2611597570018944E-5
<867,254,69,op6> 5.426502174750782E-4
<868,206,78,op1> 1.9947157983089234E-5
<869,266,49,op1> 0.0011387085927024765
<870,209,47,op1> 3.1580459020066795E-4
<871,207,51,op2> 2.699413463200981E-4
<872,205,74,op2> 3.1281014283863E-5
<873,208,44,op2> 2.6388438536568972E-5
<874,186,60,op6> 2.2709026684186666E-4
<875,288,46,op1> 1.5078957247961286E-4
<876,206,60,op2> 1.5552380294638634E-5
<877,157,62,op4> 4.07977580054342E-5
<878,205,79,op2> 2.097560724573904E-6
<879,207,59,op2> 4.730497953077124E-6
<880,203,60,op8> 5.010700675294149E-5
<881,315,48,op8> 1.0426642764375544E-4
<882,196,74,op4> 7.841882696457561E-4
<883,196,77,op8> 2.412559584400886E-5
<884,203,61,op8> 5.962846190571817E-5
<885,230,46,op4> 1.8554379548224728E-4
<886,299,60,op6> 9.764025552689675E-5
<887,204,78,op4> 2.093664236806841E-6
<888,277,47,op1> 3.2984034976514206E-4
<889,205,75,op2> 3.2740186961827464E-5
<890,207,55,op2> 7.951262516874316E-6
<891,189,74,op4> 7.038670991699105E-4
<892,205,64,op4> 4.8432528657766147E-4
<893,205,77,op2> 3.5567334025383593E-6
<894,228,62,op4> 3.7330429454816833E-4
<895,165,45,op7> 1.846268462684627E-4
<896,181,51,op2> 4.3469428069386687E-4
<897,249,71,op4> 6.832369280637571E-4
<898,281,45,op7> 1.4087640876408767E-4
<899,253,74,op8> 2.7166097884339925E-4
<900,207,58,op2> 5.535689094026423E-6
<901,297,79,op2> 3.771262028119921E-6
<902,170,71,op8> 3.124091592811991E-4
<903,295,60,op8> 8.775354092710917E-5
<904,261,53,op6> 8.778928595016277E-4
<905,205,79,op8> 7.401584072952889E-6
<906,269,48,op6> 2.9117401089206167E-4
<907,298,68,op2> 7.368637580294234E-5
<908,208,84,op1> 2.138825612416083E-4
<909,239,74,op8> 2.419212506331745E-4
<910,207,59,op8> 1.6692331190432835E-5
<911,208,48,op8> 8.488605075829903E-5
<912,193,76,op2> 1.581834001712827E-4
<913,297,77,op2> 6.394748656377258E-6
<914,273,53,op6> 4.3403651442921635E-4
<915,254,74,op8> 2.70517143143006E-4
<916,169,60,op6> 5.473355168972523E-5
<917,205,47,op1> 2.708901595943508E-4
<918,272,46,op1> 1.7100716878972852E-4
<919,207,58,op8> 1.953357905263417E-5
<920,205,77,op8> 1.2550512123702724E-5
<921,294,74,op8> 1.8129795851233173E-4
<922,302,84,op1> 3.935829779925486E-4
<923,209,78,op1> 2.1681693459879605E-5
<924,297,48,op8> 1.344998155850674E-4
<925,296,58,op8> 3.017158454608752E-5
<926,294,77,op8> 2.061405359178116E-5
<927,296,56,op8> 3.8948772777676615E-5
<928,252,86,op6> 3.487199236705255E-4
<929,272,84,op1> 1.9825643804587437E-4
<930,298,48,op6> 2.2762155417174534E-4
<931,180,45,op4> null
<932,187,76,op4> 5.332782705743022E-4
<933,194,75,op8> 2.1968481783369271E-4
<934,297,80,op1> 1.2835873376900483E-4
<935,180,45,op4> null
<936,203,58,op8> 1.7332612398816238E-5
<937,296,55,op8> 4.333736689347117E-5
<938,197,57,op2> 2.6010889505087947E-5
<939,162,69,op4> null
<940,294,75,op8> 1.8975500613972913E-4
<941,294,79,op8> 1.2157005964383759E-5
<942,281,86,op8> 8.673334785119088E-5
<943,297,84,op1> 3.3889154680747985E-4
<944,296,59,op8> 2.5782990430292967E-5
<945,298,69,op1> 0.0010196877950732729
<946,209,60,op2> 1.6904761189824604E-5
<947,280,62,op4> 3.8889090964244295E-5
<948,313,60,op8> 7.396748615910411E-5
<949,252,54,op7> 8.372954772651443E-4
<950,297,78,op1> 3.343798946923655E-5
<951,273,49,op1> 5.530870307412028E-4
<952,276,47,op1> 3.2422604593935247E-4
<953,203,80,op1> 6.991297026611502E-5
<954,285,63,op4> 4.5400350772083064E-5
<955,170,63,op5> 1.0152568199510429E-4
<956,281,49,op8> 1.1430421339329126E-4
<957,269,47,op4> null
<958,208,77,op2> 4.035878835004667E-6
<959,160,86,op8> 1.3198552933876874E-4
<960,204,47,op1> 2.6808300768145596E-4
<961,276,51,op2> 2.92753291079543E-4
<962,208,74,op2> 3.549503693350258E-5
<963,229,50,op1> 0.00218787038648346
<964,206,61,op8> 6.530736303959608E-5
<965,207,78,op4> 2.334819279789828E-6
<966,208,79,op2> 2.380133671925829E-6
<967,196,51,op2> 4.7017952809744786E-4
<968,206,60,op8> 5.4879102634174E-5
<969,303,71,op8> 4.4212922541872116E-4
<970,208,80,op1> 8.101026713375232E-5
<971,183,84,op5> 1.5689841343386474E-4
<972,297,74,op2> 5.624099459326664E-5
<973,207,55,op8> 2.805732263923818E-5
<974,258,49,op6> 4.615479408455877E-4
<975,205,75,op8> 1.1552907313869943E-4
<976,297,75,op2> 5.886448122152399E-5
<977,207,56,op8> 2.5216074777036838E-5
<978,208,44,op8> 9.311589604732013E-5
<979,197,77,op4> 8.868359400935207E-5
<980,205,74,op8> 1.103801450879496E-4
<981,188,58,op4> 5.301715828031616E-4
<982,204,77,op8> 1.2420455003249845E-5
<983,298,78,op2> 9.557647070674532E-6
<984,206,56,op8> 2.45057628114865E-5
<985,204,79,op8> 7.324883719865293E-6
<986,299,44,op6> 1.5659286263747596E-4
<987,248,54,op6> 5.974508373259675E-4
<988,239,46,op1> 3.563351349657891E-4
<989,258,86,op6> 3.502197943099686E-4
<990,235,44,op8> 1.8495623187481393E-4
<991,220,75,op8> 1.801774663976608E-4
<992,181,80,op1> 1.2687909418665318E-4
<993,252,49,op7> null
<994,252,49,op7> null
<995,252,49,op7> null
<996,207,84,op1> 2.080227650432081E-4
<997,206,59,op8> 1.6222124678026273E-5
<998,309,44,op8> 1.7900361751562455E-4
<999,207,48,op8> 8.256040553204426E-5
<1000,184,84,op1> 3.4475134300588007E-4
<1001,285,47,op5> 1.0919040790854409E-4
<1002,247,55,op8> 5.22946342149181E-5
<1003,206,58,op8> 1.8983337389179685E-5
<1004,291,44,op8> 1.4413830484037225E-4
<1005,296,60,op8> 8.722330805141665E-5
<1006,297,78,op4> 3.803672723413476E-6
<1007,298,80,op1> 1.2983837335135646E-4
<1008,192,76,op2> 1.5902256940296058E-4
<1009,292,60,op8> 8.934423955418667E-5
<1010,182,51,op2> 4.3722894122269414E-4
<1011,208,78,op1> 2.1103514967616148E-5
<1012,295,75,op8> 1.9813535341403895E-4
<1013,169,47,op4> 9.832077454208266E-5
<1014,180,75,op6> 4.8703006913884613E-4
<1015,298,44,op8> 1.4924054571967746E-4
<1016,295,74,op8> 1.8930480841508455E-4
<1017,164,74,op6> 1.4299293901355063E-4
<1018,191,75,op4> 8.251931084018001E-4
<1019,295,77,op8> 2.1524453434951305E-5
<1020,295,79,op8> 1.2693908435996924E-5
<1021,228,75,op8> 1.921493910752462E-4
<1022,299,78,op1> 3.420889412558782E-5
<1023,293,46,op1> 2.72095150340307E-4
<1024,254,54,op7> 8.517005607449747E-4
<1025,250,44,op8> 1.9601108711330857E-4
<1026,298,78,op1> 3.382344179741218E-5
<1027,235,46,op4> 1.9637846967099164E-4
<1028,208,60,op2> 1.645396755809595E-5
<1029,209,51,op2> 2.8514930949306134E-4
<1030,207,74,op2> 3.4522570168201145E-5
<1031,299,47,op5> 2.293644663167642E-4
<1032,207,75,op2> 3.6132952450099745E-5
<1033,209,55,op2> 8.399220968529206E-6
<1034,207,64,op4> 5.345144354458129E-4
<1035,207,77,op2> 3.925306812127827E-6
<1036,209,58,op2> 5.847558902140587E-6
<1037,207,79,op2> 2.314924530229231E-6
<1038,311,74,op8> 1.6414042300643284E-4
<1039,290,74,op6> 1.9876611854580692E-4
<1040,244,54,op7> 6.968459133367974E-4
<1041,201,56,op4> 8.619397049606057E-5
<1042,209,59,op2> 4.997004880011047E-6
<1043,269,71,op1> 0.0017109491182438989
<1044,302,46,op1> 3.3948713804069267E-4
<1045,293,54,op7> 5.816052454981539E-4
<1046,205,60,op8> 5.116747250432649E-5
<1047,205,61,op8> 6.0890439935468814E-5
<1048,166,63,op4> 5.5071431409923235E-5
<1049,206,78,op4> 2.26904972261265E-6
<1050,260,79,op2> null
<1051,207,44,op8> 9.056477560766752E-5
<1052,204,74,op8> 1.0923630938755633E-4
<1053,207,80,op1> 7.879080776022485E-5
<1054,172,45,op7> 2.598775987759879E-4
<1055,244,49,op4> 4.418757760896054E-4
<1056,242,69,op6> 4.4857554975212603E-4
<1057,199,44,op4> 6.018541594693468E-4
<1058,244,86,op4> 3.352926743192484E-4
<1059,206,55,op8> 2.7266975522639918E-5
<1060,204,75,op8> 1.1433188067094088E-4
<1061,309,78,op1> 4.056885754048584E-5
<1062,263,46,op1> 3.731831318908854E-4
<1063,292,79,op8> 1.2924009495259707E-5
<1064,294,59,op8> 2.484257740547985E-5
<1065,305,55,op2> 1.5491896453064983E-5
<1066,207,47,op1> 2.98961678723299E-4
<1067,292,77,op8> 2.191462479630994E-5
<1068,203,78,op1> 1.821262250629887E-5
<1069,233,45,op1> 9.290913589003551E-5
<1070,302,66,op1> null
<1071,294,58,op8> 2.9071101219178553E-5
<1072,192,56,op4> 1.6582494831475608E-4
<1073,243,49,op4> 4.441593718316705E-4
<1074,295,80,op1> 1.2244017543959826E-4
<1075,206,46,op1> 1.743767681747478E-4
<1076,294,55,op8> 4.175667266027466E-5
<1077,292,75,op8> 2.0172693081731456E-4
<1078,184,51,op2> 4.4736758333800296E-4
<1079,276,84,op1> 2.2560215363840878E-4
<1080,206,47,op1> 2.9054022298461454E-4
<1081,292,74,op8> 1.9273631551626434E-4
<1082,294,56,op8> 3.752814884657595E-5
<1083,290,85,op7> 2.2666977681922573E-4
<1084,292,86,op6> 2.527282027461658E-4
<1085,242,54,op7> 7.040484550767128E-4
<1086,269,69,op1> 0.0013043869515324772
<1087,261,74,op8> 2.556472790378936E-4
<1088,202,84,op1> 1.8263031485014043E-4
<1089,201,59,op8> 1.543844715734868E-5
<1090,268,49,op1> 0.0011286979677116854
<1091,295,44,op8> 1.4073681092083545E-4
<1092,294,64,op6> 9.083446768544504E-5
<1093,180,51,op2> 4.321596201650397E-4
<1094,202,48,op8> 7.248260955160693E-5
<1095,294,78,op4> 3.4748249375275845E-6
<1096,177,63,op4> 7.387631042794582E-5
<1097,308,75,op2> 7.073916043047696E-5
<1098,197,84,op1> 3.60377466201614E-4
<1099,201,58,op8> 1.806626795008888E-5
<1100,202,80,op1> 6.91731504749392E-5
<1101,264,74,op8> 2.625102932402532E-4
<1102,297,58,op2> 9.018235284634594E-6
<1103,184,63,op5> 1.2400887800786094E-4
<1104,201,55,op8> 2.594973032830949E-5
<1105,247,86,op4> 3.439565677125106E-4
<1106,297,59,op2> 7.706491970505926E-6
<1107,201,56,op8> 2.3321909535569282E-5
<1108,298,46,op2> 8.355233406944508E-5
<1109,288,62,op7> null
<1110,294,61,op6> 1.67326650999504E-4
<1111,202,44,op8> 7.95099203691729E-5
<1112,256,86,op4> 4.1326771485860844E-4
<1113,228,74,op8> 1.8358562991311825E-4
<1114,200,61,op8> 6.152142895034414E-5
<1115,184,62,op5> 1.1013375879019822E-4
<1116,201,77,op4> 4.734598379361073E-5
<1117,242,49,op4> 4.4644296757373567E-4
<1118,248,69,op6> 4.531645579337335E-4
<1119,163,86,op8> 1.276757977685232E-4
<1120,201,78,op4> 2.1594337939840195E-6
<1121,297,55,op2> 1.2953465227020598E-5
<1122,204,59,op2> 4.241901920364933E-6
<1123,194,75,op4> 8.11919224620538E-4
<1124,294,83,op2> 4.277236515168069E-5
<1125,200,60,op8> 5.169770538001899E-5
<1126,191,51,op2> 4.7271418862627514E-4
<1127,301,47,op1> 5.684482623612024E-4
<1128,201,75,op4> 4.35825850818109E-4
<1129,204,58,op2> 4.963927779150454E-6
<1130,201,74,op4> 4.16401857466884E-4
<1131,202,76,op2> 7.846232316188294E-5
<1132,241,78,op1> 3.49797987819391E-5
<1133,204,55,op2> 7.130005355507016E-6
<1134,201,85,op2> 4.210056090712541E-5
<1135,199,59,op5> null
<1136,205,44,op2> 2.32555645550585E-5
<1137,226,61,op6> 1.6521527369982574E-4
<1138,204,51,op2> 2.420600805029988E-4
<1139,199,74,op4> 8.095528497960232E-4
<1140,283,47,op1> 2.4562579237829733E-4
<1141,203,60,op2> 1.419999939945267E-5
<1142,298,49,op1> 8.784323429419105E-4
<1143,288,84,op1> 1.7481725325227344E-4
<1144,229,44,op8> 1.3903606396106704E-4
<1145,279,52,op2> 0.0014990318870022926
<1146,265,71,op1> 0.0017414337350500264
<1147,265,56,op8> 5.410209470941706E-5
<1148,291,61,op6> 1.7893922614773457E-4
<1149,295,78,op1> 3.1896180156534E-5
<1150,298,46,op1> 2.9568234603544196E-4
<1151,183,62,op4> 8.326559967190956E-5
<1152,295,58,op8> 3.0354998433905683E-5
<1153,176,47,op1> 3.9440484376172314E-4
<1154,293,79,op8> 1.2387107023646544E-5
<1155,202,78,op1> 1.801989634221105E-5
<1156,262,61,op6> 2.327793472895308E-4
<1157,234,46,op1> 3.6138953404331797E-4
<1158,228,44,op8> 1.3648494352141446E-4
<1159,295,59,op8> 2.593972593442849E-5
<1160,163,74,op6> 1.40619612224944E-4
<1161,294,80,op1> 1.1726143690136752E-4
<1162,280,49,op8> 1.1572414150997813E-4
<1163,183,60,op2> 2.6221162912216834E-5
<1164,295,48,op6> 2.1465166504515016E-4
<1165,245,54,op7> 6.932446424668399E-4
<1166,290,80,op1> 1.239198150219499E-4
<1167,252,60,op8> 1.2327914359850682E-4
<1168,201,48,op8> 7.635868492869822E-5
<1169,170,49,op8> 2.0517961286124956E-4
<1170,200,58,op8> 1.788285406227072E-5
<1171,296,44,op8> 1.3988643744095123E-4
<1172,296,80,op1> 1.2170035564842245E-4
<1173,199,76,op2> 1.6070090786631636E-4
<1174,176,45,op4> 3.036984199035946E-4
<1175,201,84,op1> 1.9239664184747413E-4
<1176,273,46,op1> 1.861703660223153E-4
<1177,287,60,op8> 4.904654100155648E-5
<1178,200,59,op8> 1.5281711653213157E-5
<1179,295,55,op8> 4.360081593233727E-5
<1180,295,56,op8> 3.9185543432860064E-5
<1181,175,50,op8> null
<1182,293,77,op8> 2.100422495313979E-5
<1183,294,60,op8> 8.404191079726164E-5
<1184,295,64,op6> 9.484608455483378E-5
<1185,201,80,op1> 7.28722494308183E-5
<1186,185,55,op6> 1.1220242805383868E-4
<1187,200,55,op8> 2.5686281289443403E-5
<1188,296,54,op6> 4.976236088107425E-4
<1189,226,60,op8> 8.298144504587664E-5
<1190,273,69,op1> 6.420256487498384E-4
<1191,295,78,op4> 3.628287237607667E-6
<1192,200,56,op8> 2.3085138880385836E-5
<1193,181,60,op6> 2.169692521636776E-4
<1194,202,56,op4> 8.181864204448388E-5
<1195,203,59,op2> 4.19748409920928E-6
<1196,286,85,op7> 1.2382259450124868E-4
<1197,295,61,op6> 1.74716471548378E-4
<1198,188,84,op4> 1.0966757466884156E-4
<1199,200,78,op4> 2.1375106082582936E-6
<1200,276,49,op1> 5.781135932181803E-4
<1201,252,54,op6> 7.033282009027211E-4
<1202,266,64,op6> 1.3037754825513404E-4
<1203,202,59,op4> 5.41616362829682E-5
<1204,258,75,op8> 2.7954444122161985E-4
<1205,201,76,op2> 8.26581693202724E-5
<1206,203,55,op2> 7.055345613564534E-6
<1207,224,80,op1> 1.1430215773666423E-4
<1208,200,85,op2> 4.167314404512413E-5
<1209,202,55,op4> 9.10376439649891E-5
<1210,203,58,op2> 4.911949477798093E-6
<1211,200,74,op4> 4.121744274418395E-4
<1212,203,51,op2> 2.3952541997417155E-4
<1213,204,44,op2> 2.3014574248788468E-5
<1214,297,60,op2> 2.607089836830728E-5
<1215,299,46,op1> 2.9905194542046126E-4
<1216,205,78,op1> 1.8598074834474504E-5
<1217,293,44,op8> 1.3733531700129865E-4
<1218,236,75,op8> 2.5919216926972464E-4
<1219,293,54,op6> 4.885484062184493E-4
<1220,311,48,op6> 1.8611790896664077E-4
<1221,208,47,op1> 3.073831344619835E-4
<1222,300,46,op1> 3.3780233834818297E-4
<1223,305,80,op1> 1.5351260666898273E-4
<1224,292,58,op8> 3.090524009736017E-5
<1225,294,48,op6> 2.0557274265653352E-4
<1226,251,75,op8> 2.771500562861028E-4
<1227,183,60,op6> 2.207646326679985E-4
<1228,285,51,op2> 2.1417881468589943E-4
<1229,293,80,op1> 1.1948089627489497E-4
<1230,292,55,op8> 4.439116304893553E-5
<1231,292,69,op6> 3.8662393930042574E-4
<1232,292,56,op8> 3.989585539841039E-5
<1233,184,74,op6> 4.8169903153319607E-4
<1234,204,80,op1> 7.065279005729083E-5
<1235,244,54,op6> 5.853505672029099E-4
<1236,203,55,op8> 2.4895934172845146E-5
<1237,201,75,op8> 1.1792345807421653E-4
<1238,229,63,op1> 1.6468903126177565E-4
<1239,241,46,op1> 3.057911441904998E-4
<1240,177,67,op4> null
<1241,192,61,op8> 1.1957241831887399E-4
<1242,174,84,op5> 1.3172273677972024E-4
<1243,203,56,op8> 2.2374826914835504E-5
<1244,204,44,op8> 8.12106673289413E-5
<1245,201,74,op8> 1.1266781648873613E-4
<1246,293,69,op6> 3.705624106647998E-4
<1247,251,49,op4> 5.286524142880808E-4
<1248,201,79,op8> 7.554984779128078E-6
<1249,271,80,op1> 7.731116817787322E-5
<1250,275,53,op6> 4.458203112010502E-4
<1251,204,84,op1> 1.8653684564907394E-4
<1252,203,59,op8> 1.48115051408066E-5
<1253,291,60,op8> 8.987447242987917E-5
<1254,194,84,op1> 3.584242008021473E-4
<1255,201,77,op8> 1.281062636460848E-5
<1256,204,48,op8> 7.403303970244344E-5
<1257,179,84,op1> 2.588076654293434E-4
<1258,204,64,op4> 4.7930637169084627E-4
<1259,230,74,op8> 2.3505823643081496E-4
<1260,204,77,op2> 3.519876061579413E-6
<1261,204,75,op2> 3.240091041300024E-5
<1262,241,54,op6> 5.490497568337372E-4
<1263,206,55,op2> 7.72728329104687E-6
<1264,204,74,op2> 3.0956858695429195E-5
<1265,207,44,op2> 2.5665467617758865E-5
<1266,198,44,op4> 5.987113179055382E-4
<1267,203,78,op4> 2.0717410510811148E-6
<1268,202,61,op8> 5.899747289084285E-5
<1269,257,86,op4> 4.0633660014399866E-4
<1270,198,47,op1> 5.347624394064645E-4
<1271,281,81,op2> null
<1272,204,79,op2> 2.0758243440083715E-6
<1273,182,45,op4> 3.7286816678555205E-4
<1274,206,59,op2> 4.5972444896101624E-6
<1275,202,60,op8> 4.9576773877248986E-5
<1276,315,61,op8> 8.486802250073117E-5
<1277,252,69,op6> 5.334722011118634E-4
<1278,206,58,op2> 5.37975418996934E-6
<1279,296,46,op1> 2.7714954941783596E-4
<1280,291,59,op8> 2.6566667950970565E-5
<1281,291,58,op8> 3.1088653985178326E-5
<1282,241,49,op4> 4.144726271848236E-4
<1283,221,74,op8> 1.7329110860957888E-4
<1284,278,69,op1> 6.943173305484678E-4
<1285,194,78,op1> 3.5365251110114735E-5
<1286,290,84,op5> 1.506044942703286E-4
<1287,262,52,op2> 0.002720465276411568
<1288,293,78,op1> 3.112527550018272E-5
<1289,237,73,op1> null
<1290,205,60,op2> 1.4500528487271772E-5
<1291,296,49,op4> 3.756514995697162E-4
<1292,207,46,op1> 1.7943116725227675E-4
<1293,294,44,op8> 1.3478419656164604E-4
<1294,195,46,op1> 3.0747594388300944E-4
<1295,291,74,op8> 1.9388015121665758E-4
<1296,187,60,op6> 2.0558311065071492E-4
<1297,198,48,op8> 1.4767847186717776E-4
<1298,204,78,op1> 1.8405348670386685E-5
<1299,293,55,op8> 4.254701977687292E-5
<1300,245,80,op1> 1.424153098013454E-4
<1301,262,53,op7> 0.0010310822175354688
<1302,280,45,op7> 1.4262642626426268E-4
<1303,316,55,op8> 3.385320149429208E-5
<1304,245,49,op4> 4.395921803475402E-4
<1305,275,52,op2> 0.0014003301989692198
<1306,167,77,op2> 1.2982840536292273E-5
<1307,232,80,op1> 1.8961564918005544E-4
<1308,247,49,op4> 4.5329375479993107E-4
<1309,290,89,op1> null
<1310,291,75,op8> 2.029241232850731E-4
<1311,293,56,op8> 3.823846081212628E-5
<1312,187,62,op5> 1.0139793656321365E-4
<1313,291,77,op8> 2.2044681916762814E-5
<1314,293,58,op8> 2.9621342882633036E-5
<1315,275,88,op1> null
<1316,291,79,op8> 1.30007098483473E-5
<1317,293,59,op8> 2.531278391788641E-5
<1318,202,78,op4> 2.049817865355389E-6
<1319,205,48,op4> 0.0010961045959389179
<1320,297,44,op2> 4.181181813785129E-5
<1321,203,44,op8> 8.03602938490571E-5
<1322,200,74,op8> 1.1152398078834286E-4
<1323,202,55,op8> 2.4632485133979058E-5
<1324,235,61,op6> 2.2961228134001338E-4
<1325,277,46,op1> 1.979639638698828E-4
<1326,202,56,op8> 2.213805625965206E-5
<1327,200,77,op8> 1.26805692441556E-5
<1328,183,74,op6> 4.7624068556681426E-4
<1329,203,48,op8> 7.325782462702519E-5
<1330,201,57,op2> 1.3886572445805761E-5
<1331,199,75,op4> 8.473162480372372E-4
<1332,202,58,op8> 1.7149198510998073E-5
<1333,200,79,op8> 7.478284426040483E-6
<1334,203,84,op1> 1.8458358024960717E-4
<1335,290,60,op2> 7.951374050426675E-5
<1336,157,47,op4> 8.448669571204089E-5
<1337,202,59,op8> 1.4654769636671079E-5
<1338,162,44,op6> 1.0277785068882224E-4
<1339,183,51,op2> 4.422982622803485E-4
<1340,203,74,op2> 3.0632703106995376E-5
<1341,199,46,op1> 3.226391411155962E-4
<1342,176,85,op4> 2.3484371741533023E-4
<1343,206,44,op2> 2.494249669894875E-5
<1344,203,75,op2> 3.206163386417301E-5
<1345,205,55,op2> 7.204665097449496E-6
<1346,202,85,op2> 3.996347659711904E-5
<1347,202,75,op4> 4.1370271118267195E-4
<1348,205,58,op2> 5.015906080502815E-6
<1349,202,74,op4> 3.9526470734166147E-4
<1350,203,64,op4> 4.742874568040312E-4
<1351,289,75,op4> 4.004288274014098E-4
<1352,203,77,op2> 3.483018720620466E-6
<1353,201,61,op8> 6.215241796521948E-5
<1354,223,46,op1> 3.1192196074805874E-4
<1355,202,77,op4> 4.4942634362462974E-5
<1356,203,79,op2> 2.054087963442839E-6
<1357,205,59,op2> 4.286319741520587E-6
<1358,188,51,op2> 4.0427835434794036E-4
<1359,201,60,op8> 5.22279382557115E-5
<1360,172,68,op2> 6.235001029479736E-5
<1361,292,59,op8> 2.6409932446835047E-5
<1362,297,46,op1> 2.923127466504227E-4
<1363,204,60,op2> 1.4350263943362222E-5
<1364,294,78,op1> 3.0547097007919266E-5
<1365,294,46,op1> 2.670407512627781E-4
<1366,291,78,op1> 3.2667084812885275E-5
<1367,290,62,op5> 1.04517873072851E-4
<1368,290,59,op6> 2.7236173678288417E-5
<1369,201,47,op1> 2.765044634201404E-4
<1370,201,45,op2> 5.444418085895275E-5
<1371,223,61,op6> 1.620482077503083E-4
<1372,196,59,op4> 1.074543693100599E-4
<1373,200,51,op2> 2.471294015606532E-4
<1374,290,60,op6> 9.213939606059271E-5
<1375,200,44,op4> 3.0642705247133843E-4
<1376,282,84,op4> 6.085003359368325E-5
<1377,200,57,op2> 1.3745592014883874E-5
<1378,292,49,op6> 3.3306564467872177E-4
<1379,202,47,op1> 2.6246870385566626E-4
<1380,291,80,op1> 1.2539945460430155E-4
<1381,202,46,op1> 1.5752877124965142E-4
<1382,245,54,op6> 5.823254996721454E-4
<1383,292,78,op1> 3.2474358648797456E-5
<1384,186,62,op5> 1.1200572069598062E-4
<1385,295,46,op1> 2.7883434911034555E-4
<1386,200,46,op1> 1.6426797001968998E-4
<1387,290,84,op4> 1.1516814267731008E-4
<1388,200,45,op2> 5.3891448058354236E-5
<1389,201,46,op1> 1.6595276971219963E-4
<1390,191,84,op1> 3.6428399700054746E-4
<1391,307,48,op8> 1.6240755830012463E-4
<1392,293,49,op6> 3.1922908970690545E-4
<1393,276,74,op8> 1.3211302339542153E-4
<1394,290,79,op6> 1.3328340310651776E-5
<1395,292,80,op1> 1.2465963481312573E-4
<1396,291,55,op8> 4.465461208780161E-5
<1397,180,46,op1> 2.872583475728938E-4
<1398,290,77,op6> 2.2600229222409534E-5
<1399,292,44,op8> 1.4328793136048805E-4
<1400,222,75,op8> 1.825718513331779E-4
<1401,291,78,op4> 3.7159799805105714E-6
<1402,291,64,op6> 9.713843705162734E-5
<1403,292,46,op1> 2.838887481878745E-4
<1404,202,51,op2> 2.3699075944534433E-4
<1405,203,44,op2> 2.277358394251843E-5
<1406,172,46,op1> 2.501927543376817E-4
<1407,200,76,op2> 8.18190000885945E-5
<1408,179,85,op4> 2.2147183314968867E-4
<1409,202,44,op4> 2.9385568621610405E-4
<1410,244,49,op6> 3.824819124352087E-4
<1411,202,57,op2> 1.3181670291196331E-5
<1412,225,75,op8> 1.861634287364535E-4
<1413,201,55,op4> 9.590596717167302E-5
<1414,200,44,op8> 8.291141428870971E-5
<1415,200,80,op1> 7.213242963964247E-5
<1416,278,51,op2> 3.0289193319485186E-4
<1417,276,64,op6> 6.619167834491422E-5
<1418,200,48,op8> 7.558346985327995E-5
<1419,290,68,op2> 7.032745268941791E-5
<1420,200,84,op1> 1.904433764480074E-4
<1421,270,80,op4> null
<1422,193,80,op1> 1.394560306366421E-4
<1423,204,46,op1> 1.608983706346707E-4
<1424,290,44,op6> 1.4777072953113928E-4
<1425,286,60,op6> 5.033286411668199E-5
<1426,201,78,op1> 1.8983527162650142E-5
<1427,201,51,op2> 2.496640620894804E-4
<1428,290,78,op1> 3.228163248470964E-5
<1429,181,76,op4> 5.628136824830328E-4
<1430,171,47,op5> 1.8801425267092503E-4
<1431,178,51,op2> 3.434465016560873E-4
<1432,202,45,op2> 5.168051685596022E-5
<1433,290,45,op7> 2.931279312793129E-4
<1434,200,56,op4> 8.531890480574523E-5
<1435,200,55,op4> 9.493230253033622E-5
<1436,290,63,op4> 8.999477815767944E-5
<1437,259,75,op8> 2.819388261571369E-4
<1438,290,62,op4> 7.992543234982722E-5
<1439,200,59,op4> 5.6478711631972185E-5
<1440,290,79,op2> 1.1501987620114058E-5
<1441,290,78,op2> 9.121970850928684E-6
<1442,303,80,op1> 1.5129314729545523E-4
<1443,290,77,op2> 1.9503370312367314E-5
<1444,269,49,op1> 0.00112369265521629
<1445,291,48,op6> 2.1983962069578822E-4
<1446,200,78,op1> 1.8790800998562323E-5
<1447,290,58,op6> 3.187211813416729E-5
<1448,203,46,op1> 1.5921357094216104E-4
<1449,290,44,op2> 1.275220366577863E-4
<1450,290,46,op2> 7.97436806645701E-5
<1451,291,46,op1> 2.8557354788038414E-4
<1452,290,59,op2> 2.3504061658493944E-5
<1453,290,47,op4> 1.655148717165713E-4
<1454,163,63,op5> 8.32580852347395E-5
<1455,280,85,op7> 1.1029007051204117E-4
<1456,290,58,op2> 2.750475300462057E-5
<1457,269,56,op8> 5.315501208868328E-5
<1458,290,56,op2> 3.550613569687383E-5
<1459,208,78,op4> 2.4005888369670064E-6
<1460,207,61,op8> 6.720033008422207E-5
<1461,209,79,op2> 2.4453428136224272E-6
<1462,278,74,op8> 1.3668836619699457E-4
<1463,207,60,op8> 5.646980126125152E-5
<1464,206,77,op8> 1.3460911966872868E-5
<1465,208,56,op8> 2.592638674258717E-5
<1466,209,80,op1> 8.322972650727978E-5
<1467,261,75,op8> 2.675725165440344E-4
<1468,208,55,op8> 2.8847669755836437E-5
<1469,209,44,op8> 9.566701648697273E-5
<1470,206,74,op8> 1.1838699499070241E-4
<1471,242,46,op1> 3.293783398856348E-4
<1472,209,74,op2> 3.646750369880402E-5
<1473,303,44,op2> 1.5569108356129727E-4
<1474,187,56,op7> null
<1475,237,60,op8> 1.163861162145043E-4
<1476,256,44,op8> 2.028140749523822E-4
<1477,209,64,op4> 5.646279247667037E-4
<1478,253,46,op1> 4.001399269710397E-4
<1479,209,77,op2> 4.146450857881507E-6
<1480,209,75,op2> 3.8168611743063105E-5
<1481,209,48,op8> 8.721169598455379E-5
<1482,208,58,op8> 2.0083820716088654E-5
<1483,231,46,op1> 3.5970473435080827E-4
<1484,163,69,op8> 1.9531860453330367E-4
<1485,186,68,op4> 3.2613458543227753E-4
<1486,166,45,op7> 1.7937679376793772E-4
<1487,206,79,op8> 7.93848654456605E-6
<1488,209,84,op1> 2.1974235744000854E-4
<1489,222,46,op1> 3.0988989585719196E-4
<1490,170,63,op4> 7.763728623155033E-5
<1491,208,59,op8> 1.7162537702839393E-5
<1492,289,74,op8> 1.0351713088559005E-4
<1493,260,53,op6> 8.739649272443497E-4
<1494,289,79,op8> 6.941381954427321E-6
<1495,251,69,op6> 5.311776970210597E-4
<1496,289,77,op8> 1.1770169400985456E-5
<1497,300,46,op2> 9.545437595967942E-5
<1498,209,78,op4> 2.4663583941441843E-6
<1499,208,61,op8> 6.909329712884804E-5
<1500,207,74,op8> 1.218185020918822E-4
<1501,209,56,op8> 2.66366987081375E-5
<1502,227,46,op1> 3.200502203115261E-4
<1503,279,80,op1> 8.988810462786216E-5
<1504,209,55,op8> 2.9638016872434693E-5
<1505,207,75,op8> 1.2750099781628488E-4
<1506,257,46,op1> 3.950855278935108E-4
<1507,209,58,op8> 2.0634062379543137E-5
<1508,207,77,op8> 1.3851083328231503E-5
<1509,190,74,op4> 7.926431296958452E-4
<1510,289,60,op8> 4.798607525017148E-5
<1511,180,44,op6> 3.459405783576762E-4
<1512,208,60,op8> 5.8060499888329024E-5
<1513,185,60,op2> 2.6822221087855043E-5
<1514,207,79,op8> 8.168587603828835E-6
<1515,190,59,op4> 1.086129069845619E-4
<1516,190,47,op1> 5.2634098366778E-4
<1517,209,59,op8> 1.763274421524595E-5
<1518,273,44,op8> 9.396626952720434E-5
<1519,288,74,op8> 1.0237329518519678E-4
<1520,288,75,op8> 1.0714872586438963E-4
<1521,200,68,op1> null
<1522,185,84,op1> 3.486578738048136E-4
<1523,288,77,op8> 1.1640112280532577E-5
<1524,288,79,op8> 6.864681601339726E-6
<1525,208,79,op8> 8.39868866309162E-6
<1526,288,60,op8> 4.7455842374478974E-5
<1527,208,77,op8> 1.4241254689590137E-5
<1528,289,85,op2> 3.8681226011115216E-5
<1529,208,74,op8> 1.2525000919306198E-4
<1530,270,51,op2> null
<1531,209,61,op8> 7.098626417347402E-5
<1532,209,60,op8> 5.965119851540653E-5
<1533,287,79,op8> 7.094782660602509E-6
<1534,289,59,op8> 1.4184563124264523E-5
<1535,287,77,op8> 1.2030283641891211E-5
<1536,289,58,op8> 1.659895684754359E-5
<1537,289,55,op8> 2.38421380173808E-5
<1538,199,78,op1> 3.690706042281729E-5
<1539,287,75,op8> 1.1074030326766525E-4
<1540,304,79,op8> 1.560852185332552E-5
<1541,264,53,op6> 9.014604530452954E-4
<1542,286,86,op8> 9.858510966936603E-5
<1543,253,60,op8> 1.2593030797696935E-4
<1544,289,56,op8> 2.1427744294101727E-5
<1545,272,51,op2> 2.5726804367596205E-4
<1546,283,51,op2> 2.2178279627238108E-4
<1547,176,47,op4> 1.3883486254434788E-4
<1548,288,61,op8> 5.647351683134155E-5
<1549,289,77,op4> 4.3500624703774326E-5
<1550,195,80,op1> 1.350171118895872E-4
<1551,198,75,op4> 8.428916201101499E-4
<1552,304,74,op8> 2.3277056503002842E-4
<1553,281,47,op5> 1.0402163120281419E-4
<1554,271,49,op1> 5.230551557688298E-4
<1555,175,47,op1> 4.140549071519869E-4
<1556,289,76,op2> 7.594481546684926E-5
<1557,209,77,op8> 1.463142605094877E-5
<1558,209,79,op8> 8.628789722354403E-6
<1559,256,71,op4> 8.292723020010487E-4
<1560,209,74,op8> 1.2868151629424174E-4
<1561,260,84,op1> 4.346015513813502E-4
<1562,209,75,op8> 1.3468415262283612E-4
<1563,288,58,op8> 1.641554295972543E-5
<1564,157,49,op8> 1.214038539767255E-4
<1565,288,59,op8> 1.4027827620129001E-5
<1566,289,44,op8> 7.695879992952029E-5
<1567,289,80,op1> 6.695369110141174E-5
<1568,257,54,op6> 7.093783359642499E-4
<1569,166,69,op8> 1.6894647227564243E-4
<1570,288,56,op8> 2.119097363891828E-5
<1571,197,51,op2> 4.6764486756862065E-4
<1572,287,61,op8> 5.836648387596752E-5
<1573,286,71,op8> 1.9782310085972123E-4
<1574,191,61,op8> 1.1767945127424804E-4
<1575,260,49,op1> 0.001113682030225499
<1576,270,71,op1> 7.659259972539503E-4
<1577,288,78,op4> 1.9621251224524847E-6
<1578,242,60,op8> 1.0366052719788423E-4
<1579,238,80,op4> 8.662908392332001E-5
<1580,276,53,op6> 4.5367617571560626E-4
<1581,238,60,op8> 1.158558833388118E-4
<1582,259,54,op7> 8.480992898750172E-4
<1583,239,55,op8> 5.571947172017723E-5
<1584,239,58,op8> 3.8792037273541096E-5
<1585,237,79,op8> 1.6835727502727037E-5
<1586,239,59,op8> 3.3149559124662385E-5
<1587,239,56,op8> 5.0076993571298504E-5
<1588,237,77,op8> 2.854753793940671E-5
<1589,238,83,op2> 5.896379675484057E-5
<1590,238,61,op6> 2.3066796998985254E-4
<1591,238,78,op4> 2.735745643084359E-5
<1592,238,64,op6> 1.2521975513734852E-4
<1593,178,68,op4> 2.4619073162157997E-4
<1594,239,44,op8> 1.7985399099550874E-4
<1595,236,74,op8> 2.476404291351408E-4
<1596,239,80,op1> 1.56471885833686E-4
<1597,238,55,op8> 5.756361499223983E-5
<1598,238,56,op8> 5.173438815758262E-5
<1599,236,77,op8> 2.8157366578048076E-5
<1600,314,69,op1> 7.640395729466404E-4
<1601,216,78,op7> null
<1602,238,58,op8> 4.0075934488268226E-5
<1603,236,79,op8> 1.6605626443464252E-5
<1604,238,59,op8> 3.424670765361103E-5
<1605,237,80,op2> 8.469893228507128E-5
<1606,238,68,op4> 1.7398614334179394E-4
<1607,174,84,op4> 1.0072915165508017E-4
<1608,237,78,op4> 4.812139266796875E-6
<1609,237,64,op6> 1.257928432615469E-4
<1610,237,76,op4> 3.7355395032109156E-4
<1611,236,60,op8> 1.1479541758742678E-4
<1612,237,61,op6> 2.3172365863969167E-4
<1613,237,58,op8> 4.025934837608638E-5
<1614,255,86,op6> 3.592190181466273E-4
<1615,161,49,op8> 1.625817693606441E-4
<1616,159,74,op6> 9.789973003002431E-5
<1617,165,49,op8> 1.498024163104625E-4
<1618,162,47,op5> 1.5054062155438322E-4
<1619,235,79,op8> 1.6682326796551846E-5
<1620,274,52,op2> 0.0013263039329444153
<1621,237,59,op8> 3.4403443157746545E-5
<1622,239,49,op6> 4.1806162521987924E-4
<1623,237,56,op8> 5.197115881276606E-5
<1624,235,77,op8> 2.8287423698500955E-5
<1625,224,60,op8> 8.192097929449165E-5
<1626,262,44,op8> 1.8750735231446653E-4
<1627,238,44,op8> 1.8580660535469815E-4
<1628,235,74,op8> 2.4878426483553403E-4
<1629,238,80,op1> 1.9496950280396288E-4
<1630,279,49,op1> 6.081454681905533E-4
<1631,237,55,op8> 5.782706403110591E-5
<1632,195,75,op8> 2.1848762536593415E-4
<1633,233,61,op6> 2.275009040403351E-4
<1634,235,75,op8> 2.6038936173748315E-4
<1635,239,78,op1> 4.076158370457366E-5
<1636,314,49,op1> 6.581985931445085E-4
<1637,236,80,op2> 8.354131589848716E-5
<1638,235,80,op4> 8.623261214335057E-5
<1639,236,76,op4> 3.684484293599833E-4
<1640,235,60,op8> 1.1532565046311928E-4
<1641,236,78,op4> 4.746369709619698E-6
<1642,238,75,op8> 2.615865542052417E-4
<1643,236,64,op6> 1.2407357888895174E-4
<1644,236,61,op6> 2.2855659269017424E-4
<1645,266,71,op1> 0.0017338125808484945
<1646,199,75,op8> 2.2926235757576106E-4
<1647,234,77,op8> 2.7897252337142322E-5
<1648,236,58,op8> 3.9709106712631904E-5
<1649,234,79,op8> 1.645222573728906E-5
<1650,159,44,op6> 7.278259812727756E-5
<1651,236,59,op8> 3.3933236645339983E-5
<1652,239,49,op4> 4.82980499446778E-4
<1653,237,44,op8> 1.8665697883458234E-4
<1654,234,74,op8> 2.4535275773435427E-4
<1655,259,44,op8> 2.0026295451272959E-4
<1656,178,84,op1> 2.6466746162774363E-4
<1657,237,80,op1> 1.6239044416309253E-4
<1658,236,55,op8> 5.703671691450766E-5
<1659,220,45,op4> 1.6870229639800877E-4
<1660,234,75,op8> 2.567977843342075E-4
<1661,236,56,op8> 5.1260846847215725E-5
<1662,309,46,op1> 3.546503352732794E-4
<1663,238,78,op1> 5.0790374680023945E-5
<1664,239,77,op8> 2.7507080975783688E-5
<1665,159,45,op7> 1.4437644376443767E-4
<1666,175,75,op2> 5.004329095201608E-5
<1667,162,46,op1> 1.9627916417737316E-4
<1668,239,75,op8> 2.5320620693093193E-4
<1669,264,58,op8> 4.2093487254268E-5
<1670,239,86,op6> 3.1722264024221995E-4
<1671,184,59,op6> 6.600540665323679E-5
<1672,239,79,op8> 1.6222124678026277E-5
<1673,224,74,op8> 1.767226157107587E-4
<1674,238,74,op8> 2.499281005359273E-4
<1675,239,86,op4> 3.664826905349924E-4
<1676,239,60,op8> 1.1214425320896427E-4
<1677,238,77,op8> 2.8417480818953834E-5
<1678,277,71,op1> 8.954856186799917E-4
<1679,238,79,op8> 1.6759027149639443E-5
<1680,230,60,op8> 1.0896285595480926E-4
<1681,231,64,op6> 1.2235431451635656E-4
<1682,232,68,op4> 1.6920849180838087E-4
<1683,231,78,op4> 4.680600152442519E-6
<1684,232,44,op8> 1.8070436447539294E-4
<1685,283,84,op5> 7.867398954420151E-5
<1686,231,55,op8> 5.62463697979094E-5
<1687,262,69,op1> 0.0012811462040664195
<1688,253,56,op8> 5.6233030606068056E-5
<1689,168,46,op1> 1.8280076663729602E-4
<1690,231,56,op8> 5.0550534881665397E-5
<1691,231,58,op8> 3.915886504917742E-5
<1692,231,59,op8> 3.346303013293343E-5
<1693,192,59,op4> 1.0977144465906389E-4
<1694,236,45,op1> 9.334026877119577E-5
<1695,233,76,op1> 1.4105638039985148E-4
<1696,236,46,op1> 3.6475913342833726E-4
<1697,233,78,op1> 4.153248836092493E-5
<1698,270,69,op1> 5.839237800846946E-4
<1699,232,78,op1> 4.939567331581276E-5
<1700,231,80,op2> 8.238369951190305E-5
<1701,230,80,op4> 8.147495078371745E-5
<1702,233,45,op4> 2.4156375331409226E-4
<1703,278,53,op7> 5.587951246960929E-4
<1704,230,61,op6> 2.1694401754194368E-4
<1705,256,55,op8> 6.283259576956154E-5
<1706,231,44,op8> 1.8155473795527716E-4
<1707,230,64,op6> 1.1776960952276943E-4
<1708,230,78,op4> 2.572978167752109E-5
<1709,230,58,op8> 3.769155394663213E-5
<1710,231,80,op1> 1.5795152541603762E-4
<1711,255,74,op8> 2.739486502441858E-4
<1712,230,55,op8> 5.413877748698071E-5
<1713,172,62,op5> 9.26621143362291E-5
<1714,230,56,op8> 4.865636964019784E-5
<1715,235,46,op1> 4.4197411376353595E-4
<1716,234,57,op1> 2.358750684032041E-5
<1717,230,59,op8> 3.220914609984927E-5
<1718,232,68,op1> 6.508018915706959E-5
<1719,231,78,op1> 4.114703603274929E-5
<1720,233,57,op1> 2.3697471907175047E-5
<1721,230,83,op2> 5.54556532408226E-5
<1722,182,85,op4> 2.8833125447789656E-4
<1723,267,47,op1> 6.358199082706782E-4
<1724,170,45,op7> 2.528775287752878E-4
<1725,190,76,op2> 1.5734423093960483E-4
<1726,232,46,op4> 1.918640220923482E-4
<1727,277,48,op6> 1.5239619723749333E-4
<1728,230,68,op4> 1.636345650193989E-4
<1729,234,45,op1> 9.247800300887526E-5
<1730,274,71,op1> 8.192740766646732E-4
<1731,230,44,op8> 1.7475175011620353E-4
<1732,231,48,op6> 2.76907132852807E-4
<1733,199,80,op1> 1.4167549001016958E-4
<1734,233,46,op1> 3.6307433373582756E-4
<1735,230,78,op1> 4.776852172423305E-5
<1736,230,48,op6> 2.6653122155153084E-4
<1737,230,68,op1> 6.293637116130729E-5
<1738,232,46,op1> 4.3181378930920184E-4
<1739,237,76,op1> 1.4367459627734295E-4
<1740,238,68,op1> 6.691774743915154E-5
<1741,237,78,op1> 4.2303393017276206E-5
<1742,235,78,op4> 2.7232250680588012E-5
<1743,236,80,op1> 1.601709847895651E-4
<1744,235,55,op8> 5.730016595337374E-5
<1745,168,84,op5> 9.755574703480988E-5
<1746,275,53,op7> 5.30738465715536E-4
<1747,233,75,op8> 2.579949768019661E-4
<1748,236,44,op8> 1.8410585839492976E-4
<1749,233,74,op8> 2.4649659343474754E-4
<1750,199,61,op8> 1.2083439634862464E-4
<1751,233,77,op8> 2.80273094575952E-5
<1752,232,74,op8> 2.4306508633356775E-4
<1753,235,56,op8> 5.149761750239917E-5
<1754,233,79,op8> 1.652892609037666E-5
<1755,235,59,op8> 3.40899721494755E-5
<1756,235,58,op8> 3.989252060045006E-5
<1757,235,83,op2> 5.869393956145457E-5
<1758,238,46,op4> 1.9728135918672035E-4
<1759,275,49,op1> 5.681029682273893E-4
<1760,234,60,op8> 1.1373495183604178E-4
<1761,267,60,op8> 1.2009774634435181E-4
<1762,235,64,op6> 1.2464666701315013E-4
<1763,179,47,op1> 3.7194762845856456E-4
<1764,237,57,op4> 6.275706365394337E-5
<1765,236,76,op1> 1.4171093436922438E-4
<1766,189,48,op8> 1.290733100571396E-4
<1767,232,79,op8> 1.629882503111387E-5
<1768,312,74,op8> 1.5613357310368002E-4
<1769,184,47,op1> 4.954623126259369E-4
<1770,234,59,op8> 3.361976563706895E-5
<1771,179,47,op4> 1.3092967464146688E-4
<1772,198,56,op4> 1.6670001400507145E-4
<1773,236,78,op1> 4.1725214525012755E-5
<1774,234,78,op4> 4.702523338168245E-6
<1775,234,64,op6> 1.2292740264055495E-4
<1776,236,57,op4> 6.189933613247718E-5
<1777,234,58,op8> 3.9342278936995575E-5
<1778,249,60,op8> 1.0419076007357673E-4
<1779,232,77,op8> 2.7637138096236564E-5
<1780,234,56,op8> 5.078730553684883E-5
<1781,236,48,op6> 2.8079809959078556E-4
<1782,235,80,op1> 1.9407719386664498E-4
<1783,234,55,op8> 5.650981883677548E-5
<1784,232,75,op8> 2.5440339939869044E-4
<1785,237,45,op4> 2.460475352781589E-4
<1786,192,44,op8> 1.6114577443805632E-4
<1787,234,76,op4> 3.650447487192444E-4
<1788,234,61,op6> 2.2644521539049597E-4
<1789,234,80,op2> 8.276957164076442E-5
<1790,235,78,op1> 5.0557924452655415E-5
<1791,237,57,op1> 2.413733217459361E-5
<1792,231,79,op8> 1.6375525384201468E-5
<1793,233,59,op8> 3.3776501141204465E-5
<1794,233,58,op8> 3.952569282481374E-5
<1795,184,60,op2> 2.652169200003594E-5
<1796,238,46,op1> 4.4400617865440284E-4
<1797,235,48,op6> 2.820950885034451E-4
<1798,165,85,op7> 1.4276812808613917E-4
<1799,233,55,op8> 5.677326787564158E-5
<1800,231,75,op8> 2.55600591866449E-4
<1801,228,47,op1> 2.973320092857912E-4
<1802,234,44,op8> 1.8240511143516135E-4
<1803,231,77,op8> 2.7767195216689446E-5
<1804,233,56,op8> 5.102407619203228E-5
<1805,233,64,op6> 1.2350049076475335E-4
<1806,191,46,op1> 3.14215142653048E-4
<1807,233,76,op4> 3.667465890396138E-4
<1808,232,60,op8> 1.1267448608465676E-4
<1809,233,78,op4> 4.724446523893971E-6
<1810,236,45,op4> 2.4268469880510895E-4
<1811,233,80,op2> 8.315544376962578E-5
<1812,235,68,op1> 6.661148772547122E-5
<1813,234,78,op1> 4.133976219683712E-5
<1814,236,57,op1> 2.380743697402969E-5
<1815,234,76,op1> 1.4040182643047864E-4
<1816,237,46,op1> 3.6981353250586615E-4
<1817,230,79,op8> 1.576192255950071E-5
<1818,232,59,op8> 3.3306294628797904E-5
<1819,308,64,op4> 0.0010464437539009577
<1820,199,77,op4> 9.204828321295893E-5
<1821,232,58,op8> 3.8975451161359254E-5
<1822,230,77,op8> 2.672673825306642E-5
<1823,197,44,op4> 5.798542685226866E-4
<1824,234,48,op6> 2.782041217654665E-4
<1825,233,80,op1> 1.5943116499838924E-4
<1826,232,55,op8> 5.598292075904331E-5
<1827,159,84,op4> 5.6724607587331834E-5
<1828,230,75,op8> 2.4602305212438066E-4
<1829,247,69,op6> 4.554590620245372E-4
<1830,188,79,op4> 2.2170811644495853E-4
<1831,233,44,op8> 1.8325548491504557E-4
<1832,232,78,op4> 2.6606221929310126E-5
<1833,185,68,op4> 3.2431767966385256E-4
<1834,232,64,op6> 1.2178122639215817E-4
<1835,234,57,op4> 6.132751778483305E-5
<1836,231,60,op8> 1.1320471896034929E-4
<1837,232,83,op2> 5.7344653594524584E-5
<1838,240,78,op1> 3.478707261785128E-5
<1839,275,44,op8> 9.651738996685694E-5
<1840,241,49,op6> 3.5876210391209496E-4
<1841,240,80,op1> 1.3353747230723556E-4
<1842,240,44,op8> 1.5349241311909847E-4
<1843,240,54,op6> 5.460246893029728E-4
<1844,240,46,op1> 3.0410634449799014E-4
<1845,185,63,op4> 9.590488299191511E-5
<1846,240,49,op4> 4.121890314427585E-4
<1847,226,68,op4> 1.2461707749652522E-4
<1848,260,82,op5> null
<1849,225,78,op4> 1.9469494164742234E-5
<1850,225,64,op6> 8.911520331284986E-5
<1851,228,47,op4> 7.730632241430569E-4
<1852,186,80,op4> 1.6238500278845618E-4
<1853,225,61,op6> 1.6415958504998658E-4
<1854,225,83,op2> 4.19627935715227E-5
<1855,227,78,op1> 3.661091081054358E-5
<1856,223,79,op8> 1.1773504198945787E-5
<1857,225,59,op8> 2.4372370893073293E-5
<1858,223,77,op8> 1.9963767989516767E-5
<1859,290,57,op4> null
<1860,184,75,op6> 5.041689572023832E-4
<1861,228,62,op1> 1.4357857482621863E-4
<1862,228,63,op1> 1.616672141744036E-4
<1863,225,58,op8> 2.852085955572407E-5
<1864,227,48,op6> 2.04275753743874E-4
<1865,171,46,op1> 2.451383552601528E-4
<1866,233,73,op1> null
<1867,226,80,op1> 1.396463486902526E-4
<1868,225,55,op8> 4.09663255436764E-5
<1869,223,75,op8> 1.837690438009364E-4
<1870,199,84,op1> 3.7405032399788116E-4
<1871,191,58,op8> 3.420669007808707E-5
<1872,173,85,op7> 2.0231123363865223E-4
<1873,225,56,op8> 3.6817836881025616E-5
<1874,226,44,op8> 1.3308344960187763E-4
<1875,288,47,op1> 2.51240096204087E-4
<1876,223,74,op8> 1.7557878001036543E-4
<1877,224,64,op6> 8.854211518865147E-5
<1878,268,46,op1> 3.79922330660924E-4
<1879,296,76,op2> null
<1880,253,71,op4> 8.257952692882559E-4
<1881,246,44,op8> 1.6964950923689832E-4
<1882,224,76,op4> 2.6293432949707815E-4
<1883,227,46,op4> 1.4220509872726983E-4
<1884,223,60,op8> 8.139074641879913E-5
<1885,223,80,op4> 6.0858418225307195E-5
<1886,224,80,op2> 5.961724390908207E-5
<1887,247,71,op4> 6.901909934893424E-4
<1888,229,46,op1> 2.754647497253263E-4
<1889,229,47,op1> 3.02889616935993E-4
<1890,273,75,op2> null
<1891,227,68,op1> 4.823590490465157E-5
<1892,226,78,op1> 3.637846058317505E-5
<1893,224,56,op8> 3.6581066225842174E-5
<1894,222,77,op8> 1.983371086906389E-5
<1895,224,58,op8> 2.8337445667905913E-5
<1896,222,79,op8> 1.1696803845858193E-5
<1897,225,46,op1> 3.159860905297924E-4
<1898,224,59,op8> 2.4215635388937775E-5
<1899,225,68,op4> 1.2382080224095638E-4
<1900,224,78,op4> 3.3871321946246803E-6
<1901,225,44,op8> 1.3223307612199344E-4
<1902,222,74,op8> 1.7443494430997218E-4
<1903,252,75,op8> 2.7834724875386134E-4
<1904,184,47,op5> 2.280722721403317E-4
<1905,226,48,op6> 2.029787648312145E-4
<1906,177,84,op4> 9.454101264555308E-5
<1907,225,80,op1> 1.387540397529347E-4
<1908,306,74,op8> 2.362020721312082E-4
<1909,224,55,op8> 4.070287650481032E-5
<1910,227,61,op6> 1.6627096234966487E-4
<1911,228,63,op4> 4.2033475685344923E-4
<1912,189,84,op1> 3.252186890112126E-4
<1913,227,78,op4> 1.971990566525339E-5
<1914,227,64,op6> 9.026137956124665E-5
<1915,226,80,op4> 6.204783356521548E-5
<1916,227,83,op2> 4.25025079582947E-5
<1917,251,71,op4> 8.049330730115E-4
<1918,229,78,op1> 3.151072782835836E-5
<1919,225,77,op8> 2.0223882230422525E-5
<1920,227,58,op8> 2.8887687331360396E-5
<1921,229,48,op6> 2.1205768721983112E-4
<1922,176,75,op2> 4.7668355110225484E-5
<1923,227,55,op8> 4.149322362140858E-5
<1924,307,51,op2> 5.310113807893009E-4
<1925,227,56,op8> 3.729137819139251E-5
<1926,225,79,op8> 1.1926904905120976E-5
<1927,227,59,op8> 2.4685841901344333E-5
<1928,226,64,op6> 8.968829143704825E-5
<1929,227,68,op4> 1.2541335275209406E-4
<1930,226,78,op4> 1.959469991499781E-5
<1931,225,80,op4> 6.165136178524606E-5
<1932,226,83,op2> 4.22326507649087E-5
<1933,228,78,op1> 3.0932549336094904E-5
<1934,256,49,op6> 4.714311943968851E-4
<1935,227,44,op8> 1.3393382308176185E-4
<1936,228,48,op6> 2.0816672048185256E-4
<1937,227,80,op1> 1.405386576275705E-4
<1938,226,55,op8> 4.122977458254249E-5
<1939,224,75,op8> 1.8496623626869496E-4
<1940,226,56,op8> 3.705460753620906E-5
<1941,316,69,op6> 2.9484377566827726E-4
<1942,224,77,op8> 2.009382510996965E-5
<1943,229,62,op1> 1.4626228650521336E-4
<1944,226,58,op8> 2.8704273443542228E-5
<1945,199,74,op8> 2.1904453662530932E-4
<1946,224,79,op8> 1.1850204552033382E-5
<1947,226,59,op8> 2.452910639720881E-5
<1948,229,61,op6> 1.726050942486997E-4
<1949,270,74,op8> 1.1495548788952263E-4
<1950,308,49,op6> null
<1951,229,55,op8> 4.307391785460509E-5
<1952,227,75,op8> 1.885578136719706E-4
<1953,229,56,op8> 3.871200212249317E-5
<1954,190,48,op8> 1.45352826640923E-4
<1955,227,74,op8> 1.8015412281193849E-4
<1956,269,74,op8> 2.567911147382869E-4
<1957,229,64,op6> 9.3699908306437E-5
<1958,229,78,op4> 3.584440866156215E-6
<1959,228,60,op8> 8.510237654864666E-5
<1960,255,49,op4> 5.46921180224602E-4
<1961,227,79,op8> 1.2080305611296165E-5
<1962,182,74,op6> 4.7078233960043246E-4
<1963,229,59,op8> 2.562625492615745E-5
<1964,229,58,op8> 2.998817065826936E-5
<1965,227,77,op8> 2.048399647132828E-5
<1966,227,80,op4> 6.24443053451849E-5
<1967,229,62,op4> 3.8028194491355463E-4
<1968,229,63,op4> 4.2819148128061656E-4
<1969,228,78,op4> 3.5186713089790367E-6
<1970,226,74,op8> 1.790102871115452E-4
<1971,295,85,op2> null
<1972,229,80,op1> 1.2096053585724662E-4
<1973,195,47,op1> 5.123052241033058E-4
<1974,271,74,op8> 1.1953083069109568E-4
<1975,228,55,op8> 4.228357073800684E-5
<1976,191,85,op2> 7.971324476323743E-5
<1977,314,46,op1> 2.2155115956501778E-4
<1978,295,85,op2> null
<1979,226,75,op8> 1.8736062120421203E-4
<1980,270,58,op8> 1.8433095725725203E-5
<1981,228,61,op6> 1.694380282991823E-4
<1982,227,60,op8> 8.351167792156915E-5
<1983,228,64,op6> 9.198064393384182E-5
<1984,226,77,op8> 2.03539393508754E-5
<1985,228,56,op8> 3.800169015694284E-5
<1986,226,79,op8> 1.200360525820857E-5
<1987,306,55,op8> 5.440222652584679E-5
<1988,283,68,op4> 1.589792547371826E-4
<1989,228,59,op8> 2.515604841375089E-5
<1990,228,58,op8> 2.943792899481488E-5
<1991,229,74,op8> 1.8701713701429803E-4
<1992,255,71,op4> 8.327493347138413E-4
<1993,229,77,op8> 2.1264339194045547E-5
<1994,286,44,op6> 8.072251792298055E-5
<1995,229,79,op8> 1.2540507729821733E-5
<1996,229,60,op8> 8.669307517572416E-5
<1997,246,54,op7> 7.184535385565432E-4
<1998,228,77,op8> 2.0874167832686913E-5
<1999,228,79,op8> 1.231040667055895E-5
<2000,221,46,op1> 3.078578309663251E-4
<2001,220,57,op1> 1.6549742561623414E-5
<2002,220,46,op1> 2.5356235372270096E-4
<2003,220,45,op1> 6.488549861461878E-5
<2004,221,48,op6> 1.964938202679169E-4
<2005,220,80,op1> 1.1134287857196096E-4
<2006,224,45,op1> 6.661003013925981E-5
<2007,224,46,op1> 2.603015524927395E-4
<2008,166,49,op8> 1.4554263196040192E-4
<2009,222,46,op4> 1.3769065114862633E-4
<2010,220,44,op8> 1.2798120872257242E-4
<2011,220,78,op1> 2.9005287695216717E-5
<2012,220,48,op6> 1.951968313552574E-4
<2013,220,76,op1> 9.851037239061557E-5
<2014,221,46,op4> 1.3678776163289765E-4
<2015,220,57,op4> 4.302933066022086E-5
<2016,222,44,op8> 1.2968195568234083E-4
<2017,221,56,op8> 3.587075426029183E-5
<2018,223,48,op6> 1.9908779809323595E-4
<2019,222,80,op1> 1.3607711294098097E-4
<2020,221,55,op8> 3.991252938821205E-5
<2021,220,60,op8> 7.980004779172163E-5
<2022,308,46,op1> 3.512807358882601E-4
<2023,236,86,op1> null
<2024,254,44,op8> 2.0111332799261378E-4
<2025,224,45,op4> 1.7318607836207546E-4
<2026,271,58,op7> null
<2027,222,68,op4> 1.214319764742498E-4
<2028,221,78,op4> 1.896867116371993E-5
<2029,221,64,op6> 8.68228508160563E-5
<2030,226,46,op1> 3.1801815542065924E-4
<2031,223,78,op1> 3.568110990106946E-5
<2032,221,58,op8> 2.7787204004451424E-5
<2033,304,80,op1> 1.5055332750427944E-4
<2034,221,59,op8> 2.3745428876531213E-5
<2035,221,61,op6> 1.5993683045063E-4
<2036,221,83,op2> 4.08833647979787E-5
<2037,303,68,op2> 8.586247208946843E-5
<2038,181,85,op4> 2.866597689446913E-4
<2039,220,55,op8> 3.964908034934597E-5
<2040,221,44,op8> 1.2883158220245661E-4
<2041,307,78,op6> null
<2042,220,78,op4> 3.299439451721776E-6
<2043,256,80,op1> 1.7644702019543312E-4
<2044,220,64,op6> 8.62497626918579E-5
<2045,223,46,op4> 1.3859354066435504E-4
<2046,220,61,op6> 1.5888114180079088E-4
<2047,223,68,op1> 4.701086604993026E-5
<2048,224,57,op1> 1.6989602829041977E-5
<2049,220,59,op8> 2.3588693372395695E-5
<2050,220,58,op8> 2.7603790116633263E-5
<2051,220,56,op8> 3.5633983605108396E-5
<2052,228,46,op1> 2.7041035064779737E-4
<2053,285,74,op6> 2.306151170796321E-4
<2054,276,53,op7> 5.400906853757218E-4
<2055,193,75,op4> 8.34042364255975E-4
<2056,180,84,op1> 3.3303175060907963E-4
<2057,222,68,op1> 4.670460633624993E-5
<2058,221,78,op1> 3.521620944633239E-5
<2059,223,78,op4> 1.921908266423108E-5
<2060,223,64,op6> 8.796902706445308E-5
<2061,224,44,op8> 1.3138270264210925E-4
<2062,185,44,op6> 3.6217239435099816E-4
<2063,223,56,op8> 3.6344295570658724E-5
<2064,225,48,op6> 2.01681775918555E-4
<2065,223,55,op8> 4.043942746594423E-5
<2066,221,75,op8> 1.813746588654193E-4
<2067,184,80,op4> 1.5967104731009755E-4
<2068,286,46,op1> 1.5415917186463216E-4
<2069,223,58,op8> 2.8154031780087746E-5
<2070,221,77,op8> 1.970365374861101E-5
<2071,221,79,op8> 1.1620103492770596E-5
<2072,223,59,op8> 2.4058899884802253E-5
<2073,226,68,op1> 4.792964519097125E-5
<2074,225,78,op1> 3.614601035580652E-5
<2075,259,49,op4> 5.377867972563413E-4
<2076,222,80,op4> 6.0461946445337774E-5
<2077,189,60,op8> 8.828377380280167E-5
<2078,223,83,op2> 4.14230791847507E-5
<2079,226,46,op4> 1.4130220921154115E-4
<2080,222,60,op8> 8.086051354310663E-5
<2081,222,78,op4> 1.9093876913975504E-5
<2082,276,75,op8> 1.3827573002611173E-4
<2083,222,64,op6> 8.739593894025469E-5
<2084,224,57,op4> 4.417296735550913E-5
<2085,225,46,op4> 1.4039931969581245E-4
<2086,221,60,op8> 8.033028066741413E-5
<2087,220,77,op8> 1.9573596628158134E-5
<2088,222,56,op8> 3.610752491547528E-5
<2089,224,48,op6> 2.0038478700589547E-4
<2090,222,55,op8> 4.017597842707815E-5
<2091,160,84,op5> 1.101435853618821E-4
<2092,223,44,op8> 1.3053232916222503E-4
<2093,220,74,op8> 1.7214727290918564E-4
<2094,254,81,op2> null
<2095,224,76,op1> 1.0112858826810701E-4
<2096,220,79,op8> 1.1543403139683002E-5
<2097,222,59,op8> 2.3902164380666735E-5
<2098,167,86,op8> 1.2013376752059357E-4
<2099,222,58,op8> 2.7970617892269588E-5
<2100,250,46,op1> 3.883463291234722E-4
<2101,225,68,op1> 4.7623385477290924E-5
<2102,224,78,op1> 2.9776192351567994E-5
<2103,221,80,op4> 6.0065474665368346E-5
<2104,222,83,op2> 4.11532219913647E-5
<2105,255,85,op4> null
<2106,222,61,op6> 1.6099251910046917E-4
<2107,157,46,op2> 4.0704983264601455E-5
<2108,158,46,op1> 1.40680774324555E-4
<2109,259,71,op4> 8.188412038626706E-4
<2110,157,44,op2> 6.509333811487001E-5
<2111,157,59,op2> 1.199759565254467E-5
<2112,157,58,op2> 1.4039739593403336E-5
<2113,159,46,op1> 1.3899597463204536E-4
<2114,158,46,op2> 3.97528199133827E-5
<2115,157,56,op2> 1.8124027475120674E-5
<2116,158,44,op2> 6.357068693089645E-5
<2117,157,46,op1> 1.440503737095743E-4
<2118,177,74,op6> 3.7526128518875054E-4
<2119,158,84,op5> 7.507746430789515E-5
<2120,271,69,op1> 6.071645275507522E-4
<2121,158,79,op6> 6.6442771100861105E-6
<2122,158,77,op6> 1.1266382925798187E-5
<2123,158,69,op8> 1.3762956521966969E-4
<2124,160,49,op8> 1.7394119429413888E-4
<2125,158,84,op4> 5.7412178588390406E-5
<2126,159,60,op6> 4.538209059700836E-5
<2127,157,71,op8> 1.84851094245969E-4
<2128,302,47,op1> 5.656411104483076E-4
<2129,158,74,op6> 9.908639342432764E-5
<2130,159,77,op6> 1.113145618417186E-5
<2131,157,86,op8> 9.212051231399776E-5
<2132,159,79,op6> 6.564704929126995E-6
<2133,159,69,op8> 1.3598130695356586E-4
<2134,157,85,op7> 1.1570308010772418E-4
<2135,159,85,op7> 1.1164332291096191E-4
<2136,158,86,op8> 8.996564652887502E-5
<2137,279,53,op6> 4.7724376925927404E-4
<2138,159,71,op8> 1.7836509093909292E-4
<2139,159,86,op8> 8.888821363631364E-5
<2140,158,47,op4> 8.251039873632062E-5
<2141,192,78,op1> 3.652160809464165E-5
<2142,261,78,op1> 4.307429767362748E-5
<2143,157,44,op6> 7.542923805917854E-5
<2144,158,59,op2> 1.1716950140204444E-5
<2145,157,68,op2> 3.589849077579242E-5
<2146,158,58,op2> 1.3711324632154135E-5
<2147,160,85,op7> 1.6577341886779193E-4
<2148,157,78,op1> 1.6478087029508502E-5
<2149,157,60,op2> 4.058761082456601E-5
<2150,159,46,op2> 3.927673823777333E-5
<2151,158,56,op2> 1.7700073616053523E-5
<2152,159,44,op2> 6.280936133890967E-5
<2153,241,74,op8> 2.076061796213767E-4
<2154,159,47,op4> 8.15222502484605E-5
<2155,158,44,op6> 7.366481143791123E-5
<2156,157,79,op2> 5.871163829968668E-6
<2157,159,59,op2> 1.157662738403433E-5
<2158,157,80,op1> 6.325459214553263E-5
<2159,157,58,op6> 1.6269051346097333E-5
<2160,157,59,op6> 1.3902643877574086E-5
<2161,158,78,op1> 1.6092634701332864E-5
<2162,157,62,op5> 5.335091431479857E-5
<2163,157,63,op5> 6.007228934658419E-5
<2164,158,47,op5> 1.078982137321116E-4
<2165,157,45,op7> 1.496264962649627E-4
<2166,158,60,op2> 3.963819302750014E-5
<2167,159,56,op2> 1.7488096686519948E-5
<2168,253,49,op4> 5.423539887404716E-4
<2169,246,58,op8> 3.6591070619723166E-5
<2170,157,63,op4> 4.5937633029740854E-5
<2171,157,77,op2> 9.955451711686002E-6
<2172,177,84,op5> 1.2363055499803097E-4
<2173,175,46,op1> 2.485079546451721E-4
<2174,158,68,op2> 3.505875999741131E-5
<2175,159,58,op2> 1.3547117151529537E-5
<2176,157,78,op2> 4.656289598533746E-6
<2177,158,59,op6> 1.3577435833654227E-5
<2178,158,58,op6> 1.5888488741510266E-5
<2179,158,63,op5> 5.8667089595786905E-5
<2180,159,78,op1> 1.5899908537245045E-5
<2181,158,62,op5> 5.210293971094363E-5
<2182,272,74,op8> 1.160993235899159E-4
<2183,158,49,op8> 1.1856399774335182E-4
<2184,165,79,op2> 7.244535486101689E-6
<2185,159,60,op2> 3.9163484128967205E-5
<2186,159,47,op5> 1.0660601955567913E-4
<2187,158,45,op7> 1.461264612646127E-4
<2188,159,68,op2> 3.463889460822076E-5
<2189,158,78,op2> 4.547370543597284E-6
<2190,158,79,op2> 5.733826664355366E-6
<2191,157,60,op6> 4.703234843689956E-5
<2192,158,63,op4> 4.4863068514425274E-5
<2193,158,77,op2> 9.72257564825475E-6
<2194,158,62,op4> 3.9843424484839244E-5
<2195,281,69,op8> 1.3268479042135819E-4
<2196,157,79,op6> 6.803421472004339E-6
<2197,159,59,op6> 1.3414831811694296E-5
<2198,157,69,op8> 1.4092608175187733E-4
<2199,304,46,op1> 3.428567374257119E-4
<2200,159,49,op8> 1.1714406962666498E-4
<2201,159,80,op1> 6.103513277200517E-5
<2202,182,75,op6> 4.927430318266918E-4
<2203,159,58,op6> 1.5698207439216728E-5
<2204,277,75,op8> 1.4067011496162883E-4
<2205,157,77,op6> 1.1536236409050836E-5
<2206,157,84,op5> 7.687572692604833E-5
<2207,159,63,op5> 5.796448972038826E-5
<2208,159,62,op5> 5.147895240901616E-5
<2209,159,77,op2> 9.606137616539127E-6
<2210,157,84,op4> 5.878732059050754E-5
<2211,159,78,op2> 4.492911016129053E-6
<2212,159,79,op2> 5.665158081548715E-6
<2213,157,74,op6> 1.0145972021293427E-4
<2214,159,62,op4> 3.936625772454177E-5
<2215,190,61,op8> 1.1831044028912335E-4
<2216,158,60,op6> 4.593217654363876E-5
<2217,159,63,op4> 4.432578625676749E-5
<2218,263,48,op6> 2.872830441540831E-4
<2219,262,80,op1> 1.6313026395426837E-4
<2220,261,55,op8> 5.888086018657027E-5
<2221,261,56,op8> 5.291824143349984E-5
<2222,316,46,op1> 2.1649676048748887E-4
<2223,176,47,op5> 1.815532817887626E-4
<2224,261,58,op8> 4.0993003927359033E-5
<2225,177,46,op4> 2.8327385437629493E-4
<2226,261,59,op8> 3.5030385174288625E-5
<2227,194,71,op2> null
<2228,252,86,op4> 4.0287104278669374E-4
<2229,261,61,op6> 2.3594641323904824E-4
<2230,260,60,op8> 1.1797681484158179E-4
<2231,270,56,op8> 2.3795450845936168E-5
<2232,262,53,op6> 8.661090627297937E-4
<2233,191,75,op8> 2.2327639523696835E-4
<2234,261,64,op6> 1.2808519575834048E-4
<2235,261,78,op4> 4.899832009699779E-6
<2236,262,78,op1> 4.2496119181364025E-5
<2237,261,53,op7> 0.0010451105470257473
<2238,261,44,op8> 1.9005847275411917E-4
<2239,262,48,op6> 2.859860552414236E-4
<2240,261,80,op1> 1.6534972332779582E-4
<2241,260,55,op8> 5.861741114770417E-5
<2242,301,47,op5> 2.61669320727576E-4
<2243,287,47,op1> 2.5966155194277144E-4
<2244,260,78,op4> 4.877908823974054E-6
<2245,260,58,op8> 4.080959003954087E-5
<2246,265,80,op1> 1.6904882228367495E-4
<2247,260,59,op8> 3.48736496701531E-5
<2248,260,56,op8> 5.268147077831639E-5
<2249,254,80,op1> 1.749673806130815E-4
<2250,260,64,op6> 1.2751210763414209E-4
<2251,260,61,op6> 2.348907245892091E-4
<2252,264,46,op1> 3.8666152943096256E-4
<2253,261,79,op8> 1.7142528915077415E-5
<2254,167,47,op4> 1.101785563964042E-4
<2255,263,59,op8> 3.471691416601758E-5
<2256,169,71,op8> 2.1511910967805751E-4
<2257,268,47,op1> 6.330127563577834E-4
<2258,265,48,op6> 2.9636196654269975E-4
<2259,264,80,op1> 1.6978864207485073E-4
<2260,263,55,op8> 5.835396210883809E-5
<2261,263,56,op8> 5.244470012313295E-5
<2262,307,74,op8> 2.3963357923238797E-4
<2263,305,48,op8> 1.6085712814928812E-4
<2264,261,77,op8> 2.9067766421218226E-5
<2265,263,58,op8> 4.062617615172271E-5
<2266,263,64,op6> 1.269390195099437E-4
<2267,263,78,op4> 4.8559856382483276E-6
<2268,263,61,op6> 2.3383503593936994E-4
<2269,262,60,op8> 1.1691634909019679E-4
<2270,264,78,op1> 4.4230654658154396E-5
<2271,174,63,op5> 1.0293088174590157E-4
<2272,267,49,op1> 0.0011337032802070809
<2273,267,46,op1> 3.816071303534337E-4
<2274,262,58,op8> 4.044276226390454E-5
<2275,189,75,op4> 7.367005498600522E-4
<2276,260,79,op8> 1.7065828561989818E-5
<2277,260,74,op8> 2.5450344333750034E-4
<2278,262,59,op8> 3.456017866188206E-5
<2279,264,71,op1> 0.001749054889251558
<2280,263,74,op8> 2.533596076371071E-4
<2281,262,56,op8> 5.22079294679495E-5
<2282,196,76,op2> 1.5566589247624903E-4
<2283,173,47,op4> 1.4772819893508904E-4
<2284,180,47,op4> 1.684793171801517E-4
<2285,260,77,op8> 2.8937709300765344E-5
<2286,173,69,op8> 2.464146107825224E-4
<2287,257,47,op1> null
<2288,263,44,op8> 1.8835772579435075E-4
<2289,186,47,op5> 2.3194885466962915E-4
<2290,263,80,op1> 1.638700837454442E-4
<2291,262,55,op8> 5.8090513069972E-5
<2292,260,75,op8> 2.6637532407627586E-4
<2293,262,78,op4> 4.834062452522602E-6
<2294,261,60,op8> 1.1850704771727431E-4
<2295,262,64,op6> 1.263659313857453E-4
<2296,263,78,op1> 4.2688845345451844E-5
<2297,260,51,op2> 5.639619676640548E-4
<2298,174,60,op6> 8.058759118135423E-5
<2299,185,47,op1> 5.010766164517266E-4
<2300,260,47,op1> 6.245913006190988E-4
<2301,261,71,op1> 0.0017033279640423671
<2302,261,48,op6> 2.8987702197940215E-4
<2303,260,80,op1> 1.6460990353662E-4
<2304,245,86,op4> 3.3355989564059596E-4
<2305,266,63,op6> null
<2306,260,78,op1> 4.288157150953966E-5
<2307,260,48,op6> 2.8858003306674263E-4
<2308,188,47,op4> 1.576096838136903E-4
<2309,262,46,op1> 3.714983321983758E-4
<2310,266,63,op6> null
<2311,255,86,op4> 4.150004935372609E-4
<2312,255,60,op8> 1.2699077372835434E-4
<2313,160,46,op2> 5.832000526214827E-5
<2314,160,44,op2> 9.3262385018381E-5
<2315,258,78,op1> 4.5001559314505665E-5
<2316,254,79,op8> 1.8139633505216144E-5
<2317,256,59,op8> 3.738141773632141E-5
<2318,264,61,op6> 2.422805451380831E-4
<2319,254,75,op8> 2.831360186248955E-4
<2320,162,60,op6> 6.408501278244209E-5
<2321,269,53,op6> 8.818207917589056E-4
<2322,256,56,op8> 5.64698012612515E-5
<2323,160,46,op1> 2.0638796233243102E-4
<2324,254,77,op8> 3.0758508987105636E-5
<2325,256,58,op8> 4.374421224463144E-5
<2326,195,56,op4> 1.5969948848254875E-4
<2327,257,44,op8> 1.994125810328454E-4
<2328,256,60,op8> 1.2646054085266184E-4
<2329,259,78,op1> 4.53870116426813E-5
<2330,257,58,op8> 4.3010556693358806E-5
<2331,177,63,op5> 9.660748286731378E-5
<2332,255,79,op8> 1.836973456447893E-5
<2333,257,59,op8> 3.675447571977934E-5
<2334,257,56,op8> 5.552271864051773E-5
<2335,255,77,op8> 3.114868034846427E-5
<2336,258,44,op8> 1.9856220755296117E-4
<2337,258,80,op1> 1.7274792123955402E-4
<2338,257,55,op8> 6.177879961409722E-5
<2339,255,75,op8> 2.867275960281711E-4
<2340,160,68,op2> 5.1433510175842944E-5
<2341,161,58,op2> 1.880175653151675E-5
<2342,161,59,op2> 1.6066955581477948E-5
<2343,190,75,op8> 2.2447358770472686E-4
<2344,161,47,op4> 1.1314300185998459E-4
<2345,160,44,op6> 1.0807113055262423E-4
<2346,257,60,op8> 1.2433960934989184E-4
<2347,259,54,op6> 7.124034034950143E-4
<2348,258,54,op7> 8.408967481351019E-4
<2349,162,44,op2> 8.869443146646031E-5
<2350,162,46,op2> 5.546351520849203E-5
<2351,161,56,op2> 2.427135843159435E-5
<2352,246,54,op6> 6.035009723874962E-4
<2353,256,86,op6> 3.577191475071842E-4
<2354,256,74,op8> 2.728048145437925E-4
<2355,259,80,op1> 1.7422756082190568E-4
<2356,258,55,op8> 6.151535057523111E-5
<2357,258,69,op6> 5.357667052026671E-4
<2358,258,56,op8> 5.528594798533428E-5
<2359,256,77,op8> 3.1018623228011394E-5
<2360,243,54,op6> 5.883756347336742E-4
<2361,256,79,op8> 1.8293034211391335E-5
<2362,160,59,op2> 1.7189537630838853E-5
<2363,160,58,op2> 2.011541637651355E-5
<2364,258,86,op4> 4.0460382146534623E-4
<2365,258,60,op8> 1.2380937647419932E-4
<2366,161,46,op2> 5.451135185727329E-5
<2367,160,56,op2> 2.5967173867862948E-5
<2368,161,44,op2> 8.717178028248673E-5
<2369,259,56,op8> 5.575948929570117E-5
<2370,277,44,op8> 9.991888388639374E-5
<2371,314,52,op2> 0.0016224089970436337
<2372,277,49,op1> 5.881242182089714E-4
<2373,199,59,op4> 1.1092998233356587E-4
<2374,257,77,op8> 3.049839474619988E-5
<2375,257,74,op8> 2.682294717422195E-4
<2376,259,55,op8> 6.204224865296329E-5
<2377,161,46,op1> 1.9290956479235387E-4
<2378,259,58,op8> 4.3193970581176964E-5
<2379,257,79,op8> 1.7986232799040957E-5
<2380,175,63,op5> 1.0363348162130022E-4
<2381,259,59,op8> 3.691121122391486E-5
<2382,253,78,op1> 4.577246397085694E-5
<2383,252,71,op4> 8.084101057242927E-4
<2384,253,54,op6> 7.18453538556543E-4
<2385,253,44,op8> 2.01963701472498E-4
<2386,250,86,op6> 3.4572018239163927E-4
<2387,251,86,op4> 4.011382641080413E-4
<2388,251,60,op8> 1.2274891072281433E-4
<2389,164,47,op5> 1.5570939826011314E-4
<2390,250,79,op8> 1.7679431386690578E-5
<2391,252,59,op8> 3.6441004711508296E-5
<2392,252,56,op8> 5.5049177330150836E-5
<2393,253,80,op1> 1.757072004042573E-4
<2394,252,55,op8> 6.125190153636504E-5
<2395,250,75,op8> 2.759528638183442E-4
<2396,246,69,op6> 4.5775356611534084E-4
<2397,252,58,op8> 4.264372891772248E-5
<2398,250,77,op8> 2.997816626438837E-5
<2399,253,54,op7> 8.553018316149322E-4
<2400,254,78,op1> 4.557973780676913E-5
<2401,253,55,op8> 6.256914673069547E-5
<2402,251,86,op6> 3.472200530310823E-4
<2403,197,74,op8> 2.110376867225565E-4
<2404,256,49,op4> 5.446375844825369E-4
<2405,255,78,op1> 4.615791629903258E-5
<2406,258,46,op1> 3.934007282010011E-4
<2407,175,84,op5> 1.326218680887968E-4
<2408,180,62,op4> 8.135693263071965E-5
<2409,251,79,op8> 1.7756131739778172E-5
<2410,253,59,op8> 3.7224682232185894E-5
<2411,253,58,op8> 4.3560798356813286E-5
<2412,251,77,op8> 3.0108223384841248E-5
<2413,179,57,op4> 7.305091878759364E-5
<2414,255,44,op8> 2.036644484322664E-4
<2415,252,74,op8> 2.6594180034143295E-4
<2416,257,49,op4> 5.355032015142762E-4
<2417,254,56,op8> 5.599625995088461E-5
<2418,249,87,op8> null
<2419,255,80,op1> 1.7718683998660894E-4
<2420,304,84,op1> 3.9748950879148215E-4
<2421,187,63,op5> 1.141724797522799E-4
<2422,254,55,op8> 6.230569769182938E-5
<2423,254,58,op8> 4.337738446899512E-5
<2424,252,77,op8> 3.0238280505294123E-5
<2425,170,46,op2> 6.87938021255545E-5
<2426,252,79,op8> 1.7832832092865766E-5
<2427,176,76,op4> 4.6108059701962747E-4
<2428,254,59,op8> 3.7067946728050375E-5
<2429,256,78,op1> 4.596519013494476E-5
<2430,199,55,op4> 1.864567788159937E-4
<2431,253,86,op6> 3.5621927686774104E-4
<2432,253,77,op8> 3.0888566107558515E-5
<2433,257,49,op6> 4.635245915558472E-4
<2434,249,54,op6> 5.94425769795203E-4
<2435,255,56,op8> 5.670657191643495E-5
<2436,255,55,op8> 6.309604480842765E-5
<2437,253,75,op8> 2.8433321109265405E-4
<2438,253,79,op8> 1.821633385830374E-5
<2439,255,59,op8> 3.753815324045694E-5
<2440,255,58,op8> 4.3927626132449614E-5
<2441,160,62,op4> 5.8452928136440806E-5
<2442,307,46,op1> 3.529655355807698E-4
<2443,272,71,op1> 7.735471514554821E-4
<2444,165,62,op4> 5.034109321138372E-5
<2445,168,44,op2> 8.260382673056604E-5
<2446,166,60,op2> 4.865766209962592E-5
<2447,161,85,op7> 1.5494739967642594E-4
<2448,166,47,op5> 1.3244990308432862E-4
<2449,177,51,op2> 3.4851582271374173E-4
<2450,162,84,op5> 1.0474879750742256E-4
<2451,164,63,op5> 8.466328498553678E-5
<2452,192,74,op4> 8.010979897459342E-4
<2453,307,84,op1> 4.0920910118828253E-4
<2454,165,78,op1> 2.0332610311264872E-5
<2455,164,62,op5> 7.519046988225996E-5
<2456,259,86,op6> 3.5321953558885484E-4
<2457,169,46,op1> 1.6763756940470925E-4
<2458,165,80,op1> 7.805098796904903E-5
<2459,165,58,op6> 2.0074677391968054E-5
<2460,161,86,op8> 1.233660661982777E-4
<2461,163,79,op6> 9.429303443655137E-6
<2462,165,59,op6> 1.7154724316772703E-5
<2463,163,77,op6> 1.598881888271958E-5
<2464,166,44,op6> 9.042686433995088E-5
<2465,166,68,op2> 4.3036202392031844E-5
<2466,167,58,op2> 1.8309134089642947E-5
<2467,165,78,op2> 5.745480147898364E-6
<2468,167,59,op2> 1.564598731296761E-5
<2469,266,53,op7> 0.0010638149863461184
<2470,168,46,op2> 5.1654861803617046E-5
<2471,282,62,op4> 4.2229258286326624E-5
<2472,167,56,op2> 2.3635427642993625E-5
<2473,164,60,op6> 6.62853565689637E-5
<2474,165,63,op4> 5.6683278182896605E-5
<2475,250,54,op6> 6.972780658411923E-4
<2476,165,77,op2> 1.2284212345998517E-5
<2477,163,84,op4> 8.147716362544028E-5
<2478,167,44,op2> 8.488780350652639E-5
<2479,165,60,op2> 5.0081788795224725E-5
<2480,161,84,op5> 1.029505348892694E-4
<2481,165,47,op5> 1.3632648561362603E-4
<2482,167,46,op1> 1.8785516571482496E-4
<2483,171,71,op8> 3.1457116038349114E-4
<2484,164,78,op1> 2.3223502772582157E-5
<2485,163,62,op5> 7.394249527840504E-5
<2486,162,69,op8> 1.9202208800109602E-4
<2487,164,49,op8> 1.7110133806076517E-4
<2488,283,62,op7> null
<2489,162,77,op6> 1.571896539946693E-5
<2490,164,80,op1> 8.914828483668635E-5
<2491,251,44,op8> 1.968614605931928E-4
<2492,265,74,op8> 2.613664575398599E-4
<2493,243,60,op8> 1.0313029432219174E-4
<2494,178,78,op5> null
<2495,164,58,op6> 2.2928896926371094E-5
<2496,162,79,op6> 9.270159081736907E-6
<2497,178,78,op5> null
<2498,164,59,op6> 1.9593784646171662E-5
<2499,164,79,op2> 8.274564228201456E-6
<2500,166,59,op2> 1.4383082507436592E-5
<2501,178,78,op5> null
<2502,161,71,op8> 2.4754912621243803E-4
<2503,166,47,op4> 1.0128522000566305E-4
<2504,165,44,op6> 9.307350427185189E-5
<2505,171,44,op2> 1.1077287363407704E-4
<2506,162,74,op6> 1.3824628543633734E-4
<2507,164,62,op4> 5.749859461584585E-5
<2508,167,46,op2> 5.3083106830445165E-5

