<0,39,14,op7> 9.861389681441095E-4
<1,48,7,op8> 5.417448405253282E-4
<2,41,4,op2> 0.003065597256948539
<3,22,2,op1> 0.0034894655499619304
<4,49,2,op1> null
<5,28,3,op2> 0.003246136042797633
<6,58,22,op2> 0.0016258318209316387
<7,5,9,op8> 4.484060140994447E-4
<8,29,23,op2> 0.0015552226117731467
<9,36,4,op2> 0.002460047181501914
<10,6,0,op1> 0.0010587463693432027
<11,51,15,op7> 0.001536501737337213
<12,32,14,op7> 0.0016250459052515607
<13,53,3,op2> 0.006057222925220325
<14,50,13,op2> 0.0012554873035816774
<15,20,23,op2> 0.0024663631318018586
<16,14,8,op2> 0.0012299337460627785
<17,38,3,op7> 0.00208339218621995
<18,26,5,op5> 0.0016754621896322302
<19,1,0,op1> 9.837908741684627E-4
<20,3,1,op8> 5.065513574928034E-4
<21,32,23,op7> 0.0028438303341902314
<22,7,1,op8> null
<23,44,3,op7> 0.00469457705961562
<24,7,1,op8> null
<25,16,0,op2> 9.207041465105981E-4
<26,51,5,op5> 0.003188782877041986
<27,42,22,op7> 0.0017830364793732403
<28,29,3,op2> 0.0033130666828553156
<29,17,7,op8> 0.0010385921912425022
<30,30,23,op2> 0.001743734443503225
<31,58,4,op2> 0.004882247483288415
<32,11,1,op4> 0.0027850470243497186
<33,58,3,op2> 0.0020010237796081708
<34,53,2,op1> 0.007430508994624817
<35,14,7,op1> 0.0014658484025110098
<36,23,22,op2> 0.001096491228070175
<37,49,22,op2> 0.002054345634200443
<38,8,7,op8> 5.235730255177252E-4
<39,52,2,op1> 0.007348403922861007
<40,51,3,op7> 0.004916805559479081
<41,54,7,op1> 0.0018003372997282868
<42,42,13,op2> 5.361270107186621E-4
<43,32,22,op7> 0.002640699596033786
<44,16,1,op4> 0.0026743829041768817
<45,19,3,op2> 0.004517818203893612
<46,7,7,op8> 8.144356032045521E-4
<47,61,23,op7> 0.003913304989783139
<48,4,7,op1> 0.0011707111402604708
<49,25,3,op2> 0.0030453441226245834
<50,23,2,op1> 0.003571570621725741
<51,10,1,op4> 0.0032277035050410647
<52,43,7,op2> null
<53,28,2,op1> 0.003982095980544791
<54,54,0,op1> 0.001714606952122178
<55,61,4,op2> 0.006093347634181665
<56,13,8,op2> 0.001213424568263278
<57,12,0,op2> 9.71501616662907E-4
<58,4,8,op2> 9.822960790702726E-4
<59,21,13,op2> 0.0022693670144558194
<60,5,0,op1> 0.0010774852431368878
<61,21,3,op2> 0.005187124604470445
<62,10,18,op1> 3.279302913894876E-4
<63,40,22,op7> 0.0018733168074427716
<64,11,18,op1> 2.829569942846436E-4
<65,11,7,op1> 0.0014855242199943788
<66,52,3,op2> 0.0032136778933032416
<67,50,5,op5> 0.0033329086567952964
<68,33,23,op7> 0.0016285182255619277
<69,19,2,op1> 0.005542092344057184
<70,44,3,op2> 0.0026214962694091548
<71,4,13,op4> null
<72,30,3,op2> 0.0037146505232014144
<73,49,3,op2> 0.005454847164701177
<74,12,0,op1> 0.001433523845216903
<75,14,1,op4> 0.0027481589842921067
<76,39,15,op7> 6.163368550900685E-4
<77,38,23,op7> 0.0018229681629424563
<78,38,22,op7> 0.0016927561513037093
<79,22,3,op2> 0.002844552202451534
<80,41,22,op2> 0.00102087114337568
<81,12,18,op1> 2.867047690433806E-4
<82,52,15,op2> 0.001004274341657263
<83,10,19,op4> 3.3975826368853315E-4
<84,39,23,op7> 0.0017257431942521919
<85,21,2,op1> 0.006363143061695285
<86,39,22,op7> 0.001602475823234178
<87,25,2,op1> 0.0037357807652533613
<88,49,5,op5> 0.0029365627624736938
<89,13,18,op1> 2.754614447671696E-4
<90,50,3,op2> 0.002869685265329548
<91,40,4,op2> 0.003141291016379368
<92,36,14,op7> 9.028032806953115E-4
<93,24,2,op1> 0.003653675693489551
<94,11,19,op4> 2.9316284466839146E-4
<95,41,3,op2> 0.001256456791846991
<96,10,20,op4> 0.0020385495821311985
<97,36,22,op7> 0.001467055331129881
<98,24,14,op2> 6.90275644903594E-4
<99,24,3,op2> 0.0029784134825669006
<100,37,15,op7> 6.336984566419015E-4
<101,60,5,op5> 0.0028644998725970384
<102,53,22,op2> 0.0022812058882839274
<103,37,14,op7> 0.0010139175306270423
<104,13,7,op1> 0.0014461725850276402
<105,61,15,op7> 0.0013976089249225496
<106,7,0,op1> 0.0010212686217558329
<107,19,5,op5> 0.002432122533337108
<108,36,23,op7> 0.0015799057412167951
<109,29,5,op5> 0.0017835565244472128
<110,5,6,op8> 3.945972924075114E-4
<111,54,13,op8> 2.0028142589118196E-4
<112,53,23,op2> 0.0028433867952620162
<113,37,3,op7> 0.0020278350612540847
<114,14,20,op4> 0.0017356793585002776
<115,47,12,op8> 2.006296635597334E-4
<116,39,22,op2> 8.948376688848555E-4
<117,10,19,op8> 5.472170106316447E-5
<118,14,18,op1> 2.7920921952590667E-4
<119,48,0,op2> 0.00104769782189137
<120,28,5,op5> 0.001747525079508885
<121,12,19,op4> 2.970457962534033E-4
<122,10,13,op8> 1.9152595372107567E-4
<123,44,14,op2> 0.0013107481347045774
<124,26,23,op2> 0.0014609666959081074
<125,10,14,op8> 2.1888680425265788E-4
<126,10,11,op8> 1.8479047959449134E-4
<127,44,15,op7> 0.0014670553311298814
<128,31,3,op2> 0.00404930372348983
<129,10,12,op8> 2.0532275510499036E-4
<130,61,14,op7> 0.002236174279876079
<131,2,0,op2> 6.540174282109766E-4
<132,11,20,op8> 2.8261276436458916E-4
<133,4,3,op8> 2.976860537836147E-4
<134,7,20,op4> 0.001269725168298861
<135,37,3,op2> 0.0011323622938867945
<136,10,18,op8> 1.0944340212632894E-4
<137,55,1,op4> 0.0025268307439464334
<138,21,22,op2> 0.0019535188546077834
<139,32,3,op7> 0.0032500918105031213
<140,10,15,op8> 1.368042526579112E-4
<141,38,14,op7> 0.001041696093109975
<142,18,20,op8> 4.4663100410517113E-4
<143,11,20,op4> 0.0017589770680103485
<144,15,7,op1> 0.001406820950060902
<145,46,6,op8> 5.936115790130389E-4
<146,4,0,op2> 7.556123685155942E-4
<147,20,5,op5> 0.0028284684276587107
<148,24,5,op5> 0.001603399299755575
<149,37,23,op7> 0.0017743556785973242
<150,32,4,op2> 0.004428084926703446
<151,37,22,op7> 0.0016476159872689437
<152,44,22,op7> 0.0038143438609376914
<153,10,7,op1> 0.00172163402979481
<154,4,1,op4> 0.002194838383427924
<155,38,15,op7> 6.510600581937344E-4
<156,13,20,op4> 0.0017123816489902069
<157,19,14,op2> 0.0010470473265391594
<158,19,13,op2> 0.0019765454642034553
<159,9,1,op8> 3.6449560172187914E-4
<160,7,7,op1> 0.0010723320528436245
<161,15,18,op1> 2.679658952496956E-4
<162,10,22,op8> 3.55691056910569E-4
<163,13,19,op4> 2.8539694149836786E-4
<164,17,18,op1> 2.6047034573222156E-4
<165,26,3,op2> 0.0031122747626822662
<166,10,23,op8> 3.8305190744215134E-4
<167,45,0,op1> 0.0015646959617726978
<168,11,17,op8> 1.6100693606620615E-4
<169,35,3,op2> 9.772441714365487E-4
<170,11,18,op8> 1.2047165996674516E-4
<171,61,3,op7> 0.004472348559752158
<172,12,20,op4> 0.0017822747775204193
<173,58,14,op7> 0.0017917172801491567
<174,11,10,op8> 4.2391914654688366E-4
<175,8,1,op8> 3.7042235947345434E-4
<176,27,3,op2> 0.0031792054027399495
<177,10,21,op8> 2.2585503061548938E-4
<178,25,5,op5> 0.0016394307446939028
<179,59,22,op2> 0.0016006251260334739
<180,59,5,op5> 0.002287996753583798
<181,50,22,op2> 0.0023316192780802577
<182,36,15,op7> 5.642520504345697E-4
<183,58,3,op7> 0.0035834345602983133
<184,4,13,op8> 1.3023764853033144E-4
<185,34,3,op2> 0.001070315044906696
<186,29,2,op1> 0.004064201052308602
<187,51,22,op7> 0.0039949045170767535
<188,27,5,op5> 0.0017114936345705575
<189,14,0,op1> 0.0013960460976295331
<190,25,23,op2> 0.0014295480572864279
<191,55,9,op8> 3.6989659291610964E-4
<192,55,20,op4> 0.0015958931014398525
<193,57,5,op5> 0.002360059643460453
<194,18,20,op4> 0.0016424885204599942
<195,11,22,op1> null
<196,56,3,op8> 3.3270794246403993E-4
<197,56,7,op8> 4.366791744840524E-4
<198,45,9,op8> 0.001102059362966365
<199,16,0,op1> 0.0013585683500421627
<200,56,8,op8> 5.406504065040648E-4
<201,46,22,op5> null
<202,56,9,op8> 3.590966923930115E-4
<203,11,8,op2> 0.0012464429238622787
<204,59,3,op2> 0.001970000155118122
<205,31,14,op2> 9.384646408239873E-4
<206,56,0,op8> 4.158849280800498E-4
<207,56,1,op8> 2.7291348621868875E-4
<208,43,15,op7> 6.684216597455673E-4
<209,22,13,op2> 0.001244491588572546
<210,58,5,op5> 0.0023240281985221255
<211,35,23,op7> 0.001531293256871663
<212,57,3,op2> 0.0020320474040982205
<213,54,7,op8> 6.008442776735458E-4
<214,9,0,op1> 0.001152440738311628
<215,40,13,op2> 5.632726821474552E-4
<216,54,0,op8> 5.722326454033769E-4
<217,18,8,op2> 0.001163897034864777
<218,54,3,op8> 4.577861163227016E-4
<219,54,2,op8> 3.650051949323571E-4
<220,12,1,op8> 4.5339696799550814E-4
<221,7,8,op2> 8.997501900727707E-4
<222,21,15,op2> 8.696230332786356E-4
<223,54,8,op8> 7.439024390243901E-4
<224,55,2,op8> 0.004358974358974359
<225,19,15,op2> 7.574136096297792E-4
<226,33,5,op5> 0.0012070534054339722
<227,9,20,op4> 0.0014328091348693567
<228,9,8,op2> 0.0010153144346692737
<229,6,1,op4> 0.0020841742632550873
<230,40,14,op2> 6.437402081685202E-4
<231,44,4,op2> 0.0063961226719049784
<232,29,13,op2> 0.0014494666737492007
<233,55,1,op8> 2.811214106162433E-4
<234,43,4,op2> 0.0029142097380868833
<235,51,23,op7> 0.004302204864544196
<236,20,2,op1> 0.006445248133459096
<237,55,0,op2> 8.699066763582892E-4
<238,54,1,op4> 0.0033752556652715134
<239,31,2,op1> 0.004967356841710514
<240,55,8,op2> 0.001130878679265776
<241,12,1,op4> 0.002821935064407331
<242,56,0,op1> 0.0012461351072800527
<243,56,7,op1> 0.0013084418626440554
<244,18,1,op4> 0.002600606824061658
<245,56,0,op2> 8.445079412821347E-4
<246,56,8,op2> 0.0010978603236667752
<247,16,20,op4> 0.0016890839394801357
<248,8,0,op8> 4.986409766835478E-4
<249,35,4,op2> 0.002384353422071086
<250,32,3,op2> 0.001814882032667876
<251,50,14,op2> 0.001434842632664774
<252,12,7,op1> 0.001505200037477748
<253,35,5,op5> 0.001134990515557317
<254,20,3,op2> 0.0052540552445281274
<255,30,15,op2> 6.227623012511519E-4
<256,12,8,op2> 0.0012629521016617792
<257,7,8,op8> 0.0010083488420627787
<258,55,21,op8> 0.0028205128205128203
<259,13,0,op1> 0.0013773072238358478
<260,60,2,op1> 0.006527353205222905
<261,42,3,op7> 0.0021945064361516805
<262,7,0,op8> 7.756529554329067E-4
<263,38,3,op2> 0.0011633859183768438
<264,35,15,op7> 5.468904488827368E-4
<265,30,5,op5> 0.0019997451940771778
<266,24,15,op2> 4.993319352374101E-4
<267,9,0,op2> 7.810111035917489E-4
<268,40,5,op5> 0.0014953049649405925
<269,20,22,op2> 0.001978725549505948
<270,30,14,op2> 8.609055795988643E-4
<271,7,3,op8> 2.726704190118824E-4
<272,53,13,op2> 0.0026500350297838926
<273,11,0,op2> 9.588022491248297E-4
<274,30,13,op2> 0.001625159603900619
<275,11,0,op1> 0.0014147849714232178
<276,21,14,op2> 0.0012021654489894052
<277,8,9,op8> 4.873978414124398E-4
<278,8,8,op8> 6.482332696886123E-4
<279,8,6,op8> 4.2891010044294716E-4
<280,34,4,op2> 0.0026114347003635707
<281,47,20,op4> 0.0019919541631110566
<282,2,0,op1> 9.650520003747777E-4
<283,35,22,op7> 0.0014219151670951155
<284,14,0,op2> 9.461028815867526E-4
<285,8,1,op4> 0.0023055025036007606
<286,10,8,op8> 7.113821138211382E-4
<287,11,6,op8> 5.181234013350801E-4
<288,15,0,op1> 0.001339829476248478
<289,11,8,op8> 7.830657897838436E-4
<290,11,7,op8> 6.324762148254121E-4
<291,11,1,op8> 4.4747021024393283E-4
<292,9,7,op1> 0.0012100627752272095
<293,8,8,op2> 0.001031823612468774
<294,3,1,op4> 0.0018628460229094146
<295,41,3,op7> 0.0022500635611175453
<296,11,0,op8> 6.023582998337258E-4
<297,5,1,op8> 3.40788570715578E-4
<298,10,0,op8> 5.472170106316447E-4
<299,5,2,op8> 2.2937484927443205E-4
<300,13,1,op4> 0.0027112709442344944
<301,32,5,op5> 0.0021078395288921603
<302,0,1,op4> 0.0019735101430822513
<303,9,1,op4> 0.0022686144635431483
<304,13,0,op2> 9.334035140486753E-4
<305,16,8,op8> 5.894308943089429E-4
<306,33,3,op2> 0.0010392914204166472
<307,33,4,op2> 0.0025357409409327426
<308,2,7,op1> 0.0010133046003935166
<309,10,7,op8> 5.745778611632269E-4
<310,6,9,op8> 3.0509718977752106E-4
<311,9,19,op4> 2.3880152247822618E-4
<312,6,8,op8> 4.593495934959348E-4
<313,49,23,op2> 0.0025606190476668983
<314,6,7,op8> 3.7101313320825503E-4
<315,10,3,op8> 4.3777360850531577E-4
<316,10,2,op8> 3.490486836784836E-4
<317,6,1,op8> 2.3187386423091598E-4
<318,54,20,op4> 0.002131740420171482
<319,6,0,op8> 3.5334584115071904E-4
<320,6,15,op8> 8.833646028767977E-5
<321,31,5,op5> 0.0021799024187688157
<322,39,3,op7> 0.001972277936288219
<323,6,3,op8> 2.8267667292057526E-4
<324,23,3,op2> 0.002911482842509217
<325,22,15,op2> 4.7689005050763887E-4
<326,59,14,op2> 9.85000077559061E-4
<327,36,3,op2> 0.0010082677959265978
<328,7,0,op2> 6.921155308252082E-4
<329,34,5,op5> 0.0012430848503722997
<330,46,7,op1> 0.0017019582123114407
<331,33,14,op2> 5.196457102083236E-4
<332,33,3,op7> 0.0018611636863564885
<333,38,14,op2> 5.816929591884219E-4
<334,20,13,op2> 0.0022986491694810553
<335,6,8,op2> 9.327685456717716E-4
<336,22,22,op2> 0.0010712845331720103
<337,47,1,op4> 0.00315392742492584
<338,37,4,op2> 0.0027628222192252272
<339,16,7,op8> 4.760787992495308E-4
<340,3,9,op8> 6.665149440694782E-4
<341,3,6,op8> 3.465593611579013E-4
<342,7,1,op4> 0.002010398183139863
<343,16,18,op1> 2.7171367000843256E-4
<344,43,23,op7> 0.0018715806472875884
<345,53,15,op2> 0.0010154952840221486
<346,39,14,op2> 5.506693346983727E-4
<347,53,14,op2> 0.0014038190081747247
<348,52,23,op2> 0.002811968156640336
<349,8,0,op2> 7.93710471129826E-4
<350,54,18,op1> 3.429213904244356E-4
<351,14,8,op8> 6.05691056910569E-4
<352,22,8,op7> null
<353,54,22,op8> 3.71951219512195E-4
<354,4,0,op8> 8.468137770322558E-4
<355,17,8,op8> 0.0012858760463002406
<356,51,14,op7> 0.0024584027797395405
<357,2,9,op8> 2.7809743846977583E-4
<358,8,7,op1> 0.0012297385927105785
<359,4,7,op8> 8.891544658838687E-4
<360,4,8,op8> 0.0011008579101419327
<361,21,5,op5> 0.002792436982720384
<362,49,9,op1> null
<363,8,0,op1> 0.0011711796121053127
<364,5,7,op1> 0.0011313595052937322
<365,10,0,op1> 0.001639651456947438
<366,36,3,op7> 0.001805606561390623
<367,52,13,op2> 0.001405984078320168
<368,25,14,op2> 7.057874571486186E-4
<369,38,4,op2> 0.0028385159786560553
<370,8,20,op4> 0.0014561068443794275
<371,28,14,op2> 7.523228938836923E-4
<372,41,14,op2> 6.282283959234955E-4
<373,5,0,op2> 7.3021363343944E-4
<374,10,0,op2> 0.0011111946595817564
<375,18,7,op1> 0.0013871451325775325
<376,1,1,op8> 5.266127973935085E-4
<377,61,12,op8> 0.0025641025641025637
<378,36,5,op5> 0.0011710219604956446
<379,35,3,op7> 0.0017500494364247577
<380,38,22,op2> 9.452510586811854E-4
<381,1,6,op8> 3.602844843720756E-4
<382,10,8,op2> 0.0014445530574562836
<383,44,14,op7> 0.00234728852980781
<384,1,9,op8> 6.929115755177743E-4
<385,42,5,op5> 0.0014232420750639374
<386,48,3,op8> 4.127579737335834E-4
<387,6,7,op1> 0.001111683687810363
<388,48,1,op8> 3.385768813991251E-4
<389,48,0,op8> 5.159474671669791E-4
<390,6,0,op2> 7.175142659013627E-4
<391,48,9,op8> 4.4549589657779623E-4
<392,5,1,op4> 0.0021210623033126996
<393,48,8,op8> 6.70731707317073E-4
<394,2,1,op8> 2.1135405323702964E-4
<395,34,3,op7> 0.0019167208113223537
<396,17,7,op1> 0.001367469315094163
<397,5,8,op2> 9.49277723471272E-4
<398,2,0,op8> 3.220762976860537E-4
<399,2,3,op8> 2.57661038148843E-4
<400,2,7,op8> 3.381801125703564E-4
<401,2,8,op8> 4.186991869918698E-4
<402,15,19,op4> 2.7763103832834427E-4
<403,27,22,op2> 0.0011973180076628347
<404,17,0,op2> 8.826060438963663E-4
<405,12,21,op8> 1.97461826766685E-4
<406,12,20,op8> 2.863559797866367E-4
<407,13,10,op8> 4.126895002807411E-4
<408,13,17,op8> 1.5674185166710135E-4
<409,39,5,op5> 0.0012791162953106271
<410,59,13,op2> 8.618750678641785E-4
<411,13,18,op8> 1.1728035771597048E-4
<412,58,13,op2> 8.754479035785749E-4
<413,58,14,op2> 0.0010005118898040854
<414,15,6,op8> 4.906731549067316E-4
<415,54,21,op8> 2.361798320150546E-4
<416,15,0,op2> 9.080047789725209E-4
<417,55,11,op8> 0.0023076923076923075
<418,39,13,op2> 4.8183566786107613E-4
<419,54,23,op8> 4.005628517823639E-4
<420,55,19,op8> 2.9591727433288775E-5
<421,15,20,op4> 0.0016657862299700652
<422,54,19,op8> 5.72232645403377E-5
<423,12,10,op8> 4.29533969679955E-4
<424,12,12,op8> 1.7951075160607728E-4
<425,22,14,op2> 6.592520204135448E-4
<426,12,11,op8> 1.6155967644546957E-4
<427,37,14,op2> 5.661811469433972E-4
<428,14,19,op4> 2.892798930833797E-4
<429,12,17,op8> 7.158899494665918E-5
<430,13,1,op8> 4.3561669474078237E-4
<431,57,22,op2> 0.0016510385158298039
<432,57,13,op2> 8.890207392929715E-4
<433,57,14,op2> 0.0010160237020491103
<434,49,13,op2> 0.0023864956345567645
<435,37,22,op2> 9.200443637830205E-4
<436,38,13,op2> 5.089813392898692E-4
<437,54,11,op8> 1.932380443759538E-4
<438,43,3,op7> 0.002138949311185815
<439,54,12,op8> 2.147089381955042E-4
<440,4,0,op1> 0.0011149629907242578
<441,54,14,op8> 2.288930581613508E-4
<442,54,15,op8> 1.4305816135084425E-4
<443,34,22,op7> 0.0015573356591994125
<444,34,23,op7> 0.0016771307099070598
<445,46,1,op4> 0.0031908154649834524
<446,35,14,op7> 8.750247182123789E-4
<447,54,18,op8> 1.144465290806754E-4
<448,14,23,op8> 3.261413383364603E-4
<449,15,12,op8> 1.6777802274293497E-4
<450,40,3,op2> 0.0012874804163370405
<451,14,22,op8> 3.028455284552845E-4
<452,15,11,op8> 1.5100022046864148E-4
<453,14,20,op8> 1.9310222135299386E-4
<454,15,10,op8> 4.014598540145985E-4
<455,9,15,op4> null
<456,36,14,op2> 5.041338979632989E-4
<457,15,17,op8> 6.690997566909976E-5
<458,36,13,op2> 4.411171607178866E-4
<459,36,22,op2> 8.192175841903605E-4
<460,27,2,op1> 0.0038999909087809813
<461,37,13,op2> 4.954085035754727E-4
<462,34,14,op7> 9.583604056611769E-4
<463,34,15,op7> 5.989752535382356E-4
<464,33,22,op7> 0.001512195495164647
<465,55,19,op4> 2.6598218357330885E-4
<466,14,14,op8> 1.8636647904940587E-4
<467,43,5,op5> 0.00138721063012561
<468,16,19,op4> 2.81513989913356E-4

