<0,158,70,op7> 8.254031571620393E-4
<1,154,60,op4> 6.238483007447885E-4
<2,154,70,op7> 9.523882582638916E-4
<3,145,70,op6> 0.0011390155441712198
<4,173,51,op8> 0.002445367750610562
<5,162,69,op4> 0.0012732241871292488
<6,163,53,op3> null
<7,167,54,op1> 0.0015667971050513016
<8,148,52,op8> 7.078217006275477E-4
<9,139,69,op8> 5.01100672950821E-4
<10,159,67,op6> 3.2734784532503937E-4
<11,164,70,op7> 0.0014920749379467634
<12,179,70,op4> 5.969868118371711E-4
<13,124,51,op2> 3.9418007242212504E-4
<14,158,71,op6> 4.074149157121288E-4
<15,186,57,op3> 0.001839146997592527
<16,163,53,op3> null
<17,127,70,op6> 6.722058949207198E-4
<18,137,53,op6> 0.001048714026129484
<19,144,56,op1> 0.0011973123568431098
<20,145,70,op4> 6.743739911493972E-4
<21,174,69,op8> 0.002119145348337216
<22,148,56,op1> 0.0012368929306230472
<23,159,72,op4> 0.0010361618328462291
<24,136,61,op8> 4.115133184923545E-4
<25,204,69,op4> 9.825969270236595E-4
<26,142,52,op6> 9.343342646106452E-4
<27,179,51,op8> 0.002257262539025134
<28,135,53,op6> 9.801065664761534E-4
<29,140,56,op1> 0.0013556346519628597
<30,173,69,op8> 0.0021749123311881956
<31,122,72,op2> 4.9871953402532E-4
<32,155,69,op4> 8.026848136249613E-4
<33,138,52,op6> 7.041359675326603E-4
<34,139,70,op6> 9.803002634260498E-4
<35,159,62,op6> 2.3437330937473234E-4
<36,164,53,op7> 0.001566369125728345
<37,130,52,op6> 8.056940397729479E-4
<38,141,70,op5> 9.473757811364244E-4
<39,135,52,op8> 5.662573605020382E-4
<40,160,60,op4> 9.87759809512582E-4
<41,158,67,op7> 5.788096828231728E-4
<42,152,71,op6> 4.7792903573922797E-4
<43,156,69,op4> 7.750060269482385E-4
<44,139,61,op8> 4.076311173745021E-4
<45,138,71,op8> 6.814870242548548E-4
<46,182,69,op8> 0.0024537472454430925
<47,187,57,op3> 0.001730961880087084
<48,179,70,op5> 7.360905349836965E-4
<49,155,72,op4> 0.001201947726101626
<50,190,57,op3> 7.43772682849919E-4
<51,157,70,op6> 5.0415442119054E-4
<52,163,53,op7> 0.0015497056243908092
<53,144,71,op8> 7.92883941681129E-4
<54,178,69,op8> 0.0020262003769189172
<55,149,68,op8> 9.544448917799006E-4
<56,159,70,op7> 7.936568818865762E-4
<57,183,57,op3> 0.0017985775785279857
<58,138,69,op8> 4.963282855893847E-4
<59,143,70,op6> 0.0011203431582012
<60,126,58,op5> 1.8569255337640337E-4
<61,211,51,op2> 4.779433378118267E-4
<62,139,70,op5> 7.15643575678594E-4
<63,128,58,op8> 1.339844048623275E-4
<64,156,63,op4> 5.340715107985272E-4
<65,143,67,op6> 7.856348287800945E-4
<66,133,58,op4> 2.215986837761826E-4
<67,131,68,op8> 8.938452161113354E-4
<68,140,52,op6> 9.275637264612928E-4
<69,198,53,op7> 0.001083127586939813
<70,201,70,op7> 0.0012539778733807903
<71,130,51,op8> 9.541862346276567E-4
<72,207,72,op8> 9.077018492672572E-4
<73,143,70,op5> 8.178783722041073E-4
<74,139,61,op7> 4.622672815912663E-4
<75,122,72,op8> 8.11592241697783E-4
<76,159,70,op6> 4.6680964925049993E-4
<77,139,70,op4> 5.804038448416943E-4
<78,139,62,op6> 4.921839496869379E-4
<79,149,72,op8> 0.0013455345059726403
<80,179,69,op8> 0.002007611382635257
<81,138,71,op6> 8.148298314242576E-4
<82,162,63,op4> 8.77403196311866E-4
<83,169,53,op5> 5.795567593906906E-4
<84,177,70,op4> 6.080421231674893E-4
<85,159,67,op7> 5.565477719453584E-4
<86,163,53,op6> 9.114991068228226E-4
<87,155,52,op3> null
<88,139,52,op8> 5.9457022852714E-4
<89,138,61,op8> 4.0374891625664976E-4
<90,174,51,op8> 0.0023826660134154192
<91,137,71,op8> 7.011453038006678E-4
<92,160,69,op4> 0.0013147423671443332
<93,161,69,op4> 0.0012593847937908875
<94,139,67,op6> 6.874304751825827E-4
<95,201,53,op7> 0.001316416605665311
<96,137,67,op6> 7.005243889955843E-4
<97,152,72,op4> 0.0012641174360723997
<98,147,62,op4> 3.441367037346288E-4
<99,139,71,op8> 6.880397841034589E-4
<100,151,70,op7> 0.0010158808088148177
<101,155,52,op3> null
<102,144,70,op4> 6.688463354842381E-4
<103,156,53,op6> 5.488596772266459E-4
<104,168,54,op1> 0.0015319793916057172
<105,155,62,op6> 2.7187303887468955E-4
<106,131,58,op8> 2.136508077534411E-4
<107,198,54,op1> 0.001131575686981496
<108,155,67,op6> 3.797235005770457E-4
<109,157,59,op4> 2.2280710956742642E-4
<110,159,54,op1> 8.704428361396121E-4
<111,155,53,op7> 9.664830775770639E-4
<112,124,58,op4> 1.7211548254460787E-4
<113,153,70,op7> 9.841345335393546E-4
<114,163,51,op4> 0.0014471129376242042
<115,154,67,op7> 6.678573263344302E-4
<116,156,58,op5> 1.485540427011227E-4
<117,156,60,op4> 5.822584140284693E-4
<118,172,51,op8> 0.002424467171545514
<119,177,70,op5> 7.497218411870985E-4
<120,163,62,op6> 4.359343554370021E-4
<121,182,54,op1> 0.0022979690874085764
<122,125,72,op2> 4.4622274097002316E-4
<123,156,54,op1> 9.748959764763656E-4
<124,154,71,op6> 4.7009413351399473E-4
<125,159,53,op7> 8.331750668767792E-4
<126,136,70,op6> 9.896364564110599E-4
<127,171,51,op8> 0.0023617654343503717
<128,212,71,op6> 7.756553202980913E-4
<129,166,51,op8> 0.0017556486414639927
<130,145,52,op8> 6.908339798124865E-4
<131,137,56,op1> 0.0010587803486133286
<132,182,51,op8> 0.002758876436586275
<133,153,51,op4> 9.647419584161364E-4
<134,141,71,op8> 9.108336189560078E-4
<135,156,70,op6> 5.2282680716056E-4
<136,150,71,op6> 4.935988401896946E-4
<137,157,51,op4> 8.402591250721188E-4
<138,154,69,op4> 8.303636003016841E-4
<139,157,53,op6> 5.292575458971229E-4
<140,132,55,op1> 0.0014121807442080449
<141,157,69,op4> 7.473272402715157E-4
<142,178,51,op8> 0.0022781631180901814
<143,138,56,op1> 0.0010290949182783754
<144,158,58,op4> 1.118750636539951E-4
<145,160,72,op4> 0.0019687074824078356
<146,147,56,op1> 0.0012269977871780628
<147,206,71,op6> 6.424619824691261E-4
<148,180,69,op8> 0.0024165692568757723
<149,156,67,op6> 3.6662958676404413E-4
<150,209,52,op6> 6.025778952923728E-4
<151,152,53,op7> 0.0010164735815896707
<152,148,70,op4> 6.909569581448742E-4
<153,142,62,op4> 3.829908477046675E-4
<154,177,62,op5> 3.7641636009808684E-4
<155,160,70,op7> 0.0015079480755844949
<156,146,62,op4> 3.413614077367689E-4
<157,171,53,op4> 6.55726754403446E-4
<158,155,70,op7> 9.206419829884284E-4
<159,166,53,op4> 4.874428970786678E-4
<160,139,56,op1> 0.0010389900617233595
<161,156,53,op7> 9.331560749019927E-4
<162,149,69,op8> 8.985749468952235E-4
<163,121,52,op6> 5.077903612014376E-4
<164,157,59,op5> 2.747233292724578E-4
<165,141,53,op5> 9.945480192013086E-4
<166,155,67,op7> 6.455954154566158E-4
<167,181,54,op1> 0.0022805602306857835
<168,171,62,op5> 3.866822608280347E-4
<169,157,60,op4> 5.614634706703097E-4
<170,142,53,op4> 8.007990452006683E-4
<171,125,58,op5> 1.803870518513633E-4
<172,151,60,op4> 6.654381874611077E-4
<173,157,70,op7> 8.571494324375024E-4
<174,158,51,op4> 8.091384167361143E-4
<175,156,72,op4> 0.0011605012527877768
<176,201,51,op4> 0.0012292679792721736
<177,124,67,op6> 5.23756552520063E-4
<178,155,70,op6> 5.4149919313058E-4
<179,132,70,op3> null
<180,145,52,op7> 7.834287724050229E-4
<181,155,63,op4> 5.531454933270459E-4
<182,146,71,op8> 8.059894613783378E-4
<183,160,71,op6> 7.443157113971584E-4
<184,136,52,op7> 6.806840153682986E-4
<185,157,63,op4> 5.149975282700083E-4
<186,156,62,op6> 2.624981064997003E-4
<187,126,61,op7> 3.081781877275109E-4
<188,157,67,op6> 3.5353567295104253E-4
<189,144,69,op8> 5.774588707338034E-4
<190,173,62,op4> 3.247096317496095E-4
<191,171,69,op8> 0.0021005563540535564
<192,161,60,op4> 9.461699227962625E-4
<193,158,69,op4> 7.196484535947928E-4
<194,150,60,op4> 6.55040715782028E-4
<195,159,58,op4> 1.075721765903799E-4
<196,156,70,op7> 8.888957077129654E-4
<197,158,52,op6> 3.5206798376633013E-4
<198,212,70,op7> 0.0015714406261354208
<199,171,70,op5> 7.701688004922012E-4
<200,165,53,op7> 0.0014330611150280602
<201,175,53,op4> 6.673325376672237E-4
<202,156,67,op7> 6.233335045788015E-4
<203,128,72,op8> 7.902345511267887E-4
<204,212,67,op7> 0.0011019645884518096
<205,143,56,op1> 0.0011874172133981254
<206,158,58,op5> 1.379430396510425E-4
<207,187,54,op3> null
<208,157,53,op7> 8.998290722269217E-4
<209,157,62,op6> 2.531231741247109E-4
<210,158,63,op4> 4.959235457414894E-4
<211,159,51,op4> 7.780177084001098E-4
<212,156,51,op4> 8.713798334081231E-4
<213,166,62,op4> 2.3312486382023244E-4
<214,157,72,op4> 0.0011190547794739276
<215,121,58,op4> 1.6135826488556984E-4
<216,132,52,op7> 6.485762787943223E-4
<217,158,60,op4> 5.4066852731215E-4
<218,129,52,op7> 5.329884271280074E-4
<219,211,55,op1> 0.0013562527939423802
<220,162,54,op1> 0.0016016148184968865
<221,124,63,op2> 2.4159423793614117E-4
<222,187,54,op3> null
<223,159,69,op4> 6.9196966691807E-4
<224,157,67,op7> 6.010715937009871E-4
<225,187,54,op3> null
<226,165,70,op6> 8.029125967108599E-4
<227,127,51,op8> 5.773227638083301E-4
<228,158,53,op7> 8.665020695518504E-4
<229,181,70,op4> 7.24122892135828E-4
<230,212,53,op7> 0.0016496866324160226
<231,159,58,op5> 1.326375381260024E-4
<232,211,71,op6> 7.59985515847625E-4
<233,165,54,op1> 0.001497161678160133
<234,159,53,op6> 4.900532832380767E-4
<235,161,67,op7> 0.0010129169449405522
<236,121,52,op7> 4.8161604860964515E-4
<237,172,70,op5> 7.906157597973037E-4
<238,165,72,op4> 0.0017821983524955146
<239,140,70,op5> 9.337444749330226E-4
<240,181,53,op5> 9.373078454343267E-4
<241,126,70,op6> 6.535335089506999E-4
<242,144,52,op8> 6.851714062074661E-4
<243,192,57,op3> 7.978652416026404E-4
<244,130,55,op1> 0.0016638565204035382
<245,124,63,op8> 3.9315887141069074E-4
<246,159,60,op4> 5.198735839539904E-4
<247,158,72,op4> 0.0010776083061600785
<248,124,60,op8> 4.2863185228985074E-4
<249,150,69,op4> 8.718817803167684E-4
<250,144,52,op7> 7.770072250902275E-4
<251,196,56,op1> 5.046523156942034E-4
<252,167,51,op8> 0.001881052115854278
<253,121,60,op8> 4.0184236152173504E-4
<254,163,70,op6> 8.682659476059298E-4
<255,153,69,op4> 8.580423869784069E-4
<256,159,63,op4> 4.7684956321297057E-4
<257,208,54,op1> 0.0015145705348829249
<258,121,55,op1> 0.0010486490674812216
<259,131,61,op7> 5.195003735978041E-4
<260,161,54,op1> 0.0015842059617740942
<261,181,69,op8> 0.002435158251159432
<262,174,54,op1> 0.001984609666398316
<263,212,52,op6> 6.702832767858977E-4
<264,133,58,op5> 2.7323332853956497E-4
<265,211,52,op7> 6.228900895351412E-4
<266,150,54,op1> 0.0010967579735359115
<267,133,72,op2> 6.758962105869469E-4
<268,150,67,op7> 7.012501926511516E-4
<269,134,63,op2> 2.95952941471773E-4
<270,131,71,op6> 9.24518462577523E-4
<271,133,53,op6> 0.001009509763470438
<272,131,60,op8> 6.322319821275298E-4
<273,132,51,op8> 8.098555436755741E-4
<274,130,72,op8> 0.0012707825889741603
<275,134,58,op4> 2.108414661171446E-4
<276,140,52,op7> 8.797519821269519E-4
<277,127,63,op2> 2.1743481414252704E-4
<278,176,69,op8> 0.002063378365486236
<279,151,51,op4> 9.958626667521406E-4
<280,131,63,op8> 5.799093353307688E-4
<281,211,61,op7> 4.2704691727955086E-4
<282,132,58,op8> 1.8287060663641996E-4
<283,134,52,op7> 6.293116368499364E-4
<284,171,54,op1> 0.0019672008096755234
<285,176,53,op5> 7.942074110168722E-4
<286,137,52,op7> 6.871055626830938E-4
<287,154,51,op4> 9.336212500801319E-4
<288,125,63,op2> 2.0535510224572003E-4
<289,146,70,op5> 8.383253315092101E-4
<290,131,69,op8> 8.415225693145743E-4
<291,135,52,op3> 2.2479563557618602E-4
<292,136,56,op1> 0.0010488852051683442
<293,130,61,op7> 5.239029191367685E-4
<294,211,72,op2> 6.365236157954742E-4
<295,149,52,op7> 8.09114961664204E-4
<296,132,58,op5> 2.6792782701452484E-4
<297,181,51,op8> 0.002737975857521227
<298,200,54,op3> null
<299,165,67,op7> 9.572621677460165E-4
<300,131,52,op7> 7.577425831458418E-4
<301,134,51,op2> 4.828705887171032E-4
<302,127,72,op2> 4.724711374976715E-4
<303,133,63,op2> 3.1105258134278183E-4
<304,200,54,op3> null
<305,132,72,op2> 6.627720123231225E-4
<306,132,52,op6> 6.838243530846029E-4
<307,161,59,op5> 4.6295968451469735E-4
<308,153,53,op7> 0.0010331370829272063
<309,130,60,op8> 6.37589880281153E-4
<310,130,71,op6> 9.323533648027564E-4
<311,130,63,op8> 5.848238212234025E-4
<312,196,67,op6> 3.338948022315402E-4
<313,174,53,op4> 6.615296460353348E-4
<314,131,51,op8> 9.461678629080965E-4
<315,200,54,op3> null
<316,144,62,op5> 4.1405799610789545E-4
<317,130,68,op8> 9.01420175569906E-4
<318,165,60,op4> 8.941825644008636E-4
<319,168,69,op8> 0.0016358314969620613
<320,211,52,op6> 6.567422004871928E-4
<321,135,70,op6> 9.33619298501E-4
<322,140,53,op4> 7.949961535687796E-4
<323,135,56,op1> 9.89514344498438E-4
<324,144,53,op6> 0.0011859289454361455
<325,196,61,op7> 2.2452982248718652E-4
<326,130,69,op8> 8.486541165121555E-4
<327,211,63,op2> 2.929330134975713E-4
<328,180,51,op8> 0.0027170752784561793
<329,172,70,op4> 6.412080571584431E-4
<330,163,58,op5> 2.4670582091436443E-4
<331,200,54,op3> null
<332,133,61,op7> 4.534621905133375E-4
<333,135,69,op3> 1.8945658369521357E-4
<334,200,54,op3> null
<335,133,70,op6> 9.616278774560299E-4
<336,136,53,op4> 6.151065129802236E-4
<337,135,62,op4> 2.77529599785991E-4
<338,133,60,op8> 5.51863509823183E-4
<339,162,51,op4> 0.0014315525834562022
<340,134,51,op8> 7.858004285168938E-4
<341,132,72,op8> 0.0010785633738352115
<342,133,63,op8> 5.061920469412644E-4
<343,135,62,op5> 3.4219669099826074E-4
<344,136,53,op5> 7.584323024125088E-4
<345,162,52,op6> 6.228895097404303E-4
<346,134,61,op7> 4.3144946281851526E-4
<347,121,63,op8> 3.6858644194752253E-4
<348,133,68,op8> 7.80220824232776E-4
<349,134,58,op8> 1.7743880643929856E-4
<350,133,69,op8> 7.345493613508574E-4
<351,136,61,op3> 1.633645837230955E-4
<352,135,71,op3> 2.601346874571585E-4
<353,137,52,op3> 2.4053133006651906E-4
<354,134,58,op5> 2.599695747269647E-4
<355,146,53,op4> 7.137556707223348E-4
<356,133,52,op7> 6.614193734239128E-4
<357,132,61,op7> 4.4465709943540863E-4
<358,129,55,op1> 0.0011605049680125518
<359,128,62,op6> 3.4687249787460387E-4
<360,132,71,op6> 7.913251247485579E-4
<361,147,53,op6> 0.00121533214243043
<362,152,51,op4> 9.491816042481342E-4
<363,135,53,op4> 5.802891631888902E-4
<364,134,72,op2> 6.430857149273863E-4
<365,132,63,op8> 4.963630751559971E-4
<366,212,54,op1> 0.001723476815556432
<367,134,60,op8> 5.250740190550671E-4
<368,123,52,op7> 5.008806905540309E-4
<369,152,70,op7> 9.68261395901623E-4
<370,199,70,op7> 0.0010476270840902807
<371,130,63,op2> 3.5937142893001004E-4
<372,137,62,op5> 3.66150459368139E-4
<373,133,67,op6> 6.743365613695811E-4
<374,204,53,op6> 6.958756621980688E-4
<375,146,52,op8> 6.96496553417507E-4
<376,164,72,op4> 0.0019479842457509112
<377,174,70,op5> 7.76984453593902E-4
<378,133,51,op8> 8.258922871146946E-4
<379,127,69,op8> 5.134713982258419E-4
<380,131,72,op8> 0.001260103743688663
<381,133,62,op6> 4.8280901731194865E-4
<382,131,55,op1> 0.0016498745328371218
<383,142,52,op8> 7.814351574928125E-4
<384,134,52,op6> 6.635127386365453E-4
<385,185,53,op3> null
<386,132,60,op8> 5.411477135159366E-4
<387,135,53,op5> 7.155021720872725E-4
<388,132,69,op8> 7.20286266955695E-4
<389,185,53,op3> null
<390,165,53,op6> 8.42891647169492E-4
<391,122,51,op8> 6.093962506865707E-4
<392,149,54,op1> 0.002193515947071823
<393,135,61,op3> 1.5411753181424108E-4
<394,178,54,op1> 0.0018975653827843547
<395,147,67,op6> 8.118226564060976E-4
<396,137,71,op3> 2.783441155791596E-4
<397,136,52,op3> 2.382833737107572E-4
<398,164,67,op7> 0.0010463098112572739
<399,132,68,op8> 7.650709053156346E-4
<400,133,58,op8> 1.8649180676783423E-4
<401,136,70,op4> 5.859315005068533E-4
<402,137,62,op4> 2.9695667177101037E-4
<403,138,53,op4> 6.035007297164458E-4
<404,136,62,op6> 4.968714158744326E-4
<405,135,61,op8> 3.882201117852402E-4
<406,137,69,op3> 2.027185445538785E-4
<407,136,70,op5> 7.224592287802949E-4
<408,139,52,op3> 2.360354173549953E-4
<409,140,70,op4> 7.572888261267822E-4
<410,136,61,op7> 4.666698271302308E-4
<411,138,53,op5> 7.441222589707632E-4
<412,138,69,op3> 1.9703484704302208E-4
<413,185,53,op3> null
<414,136,52,op8> 6.002328021321605E-4
<415,134,72,op8> 0.0010465268379787201
<416,123,70,op6> 7.282230528307797E-4
<417,163,60,op4> 9.66964866154422E-4
<418,136,67,op6> 6.939774320890835E-4
<419,176,54,op1> 0.001932383096229939
<420,138,61,op3> 1.602822330868107E-4
<421,201,71,op6> 6.189572757934265E-4
<422,125,62,op6> 3.1874770074963603E-4
<423,135,69,op8> 4.772387361436392E-4
<424,146,70,op6> 0.0011483517371562299
<425,136,62,op4> 2.9418137577315046E-4
<426,135,70,op4> 5.527655665158994E-4
<427,197,54,op1> 8.530339794168199E-4
<428,152,59,op4> 2.516895126595002E-4
<429,166,69,op8> 0.001561475519827422
<430,141,71,op6> 0.0010890514093074212
<431,124,72,op8> 8.543076228397715E-4
<432,135,62,op6> 4.687466187494648E-4
<433,142,71,op6> 0.0010812165070821877
<434,136,53,op6> 0.0010389129604647226
<435,137,53,op4> 6.209094046121126E-4
<436,143,52,op7> 7.705856777754324E-4
<437,134,71,op6> 7.678204180728581E-4
<438,182,53,op5> 9.444628671551995E-4
<439,184,57,op3> 0.0018121007182161663
<440,129,51,op2> 4.0896182513795477E-4
<441,135,52,op7> 6.42154731479527E-4
<442,180,53,op5> 9.30152823713454E-4
<443,197,58,op4> 1.054207330585723E-4
<444,136,69,op3> 2.0082397871692636E-4
<445,135,70,op5> 6.815653101700896E-4
<446,124,68,op8> 6.059967566856511E-4
<447,162,70,op7> 0.0014603286626713003
<448,138,52,op3> 2.337874609992335E-4
<449,134,69,op8> 6.988916253629515E-4
<450,137,61,op3> 1.6490575904123795E-4
<451,136,71,op3> 2.7574276870458804E-4
<452,135,61,op7> 4.402545538964442E-4
<453,137,53,op5> 7.655873241333815E-4
<454,136,62,op5> 3.6272849245815643E-4
<455,135,67,op6> 6.546956906500789E-4
<456,134,63,op8> 4.8161961747809613E-4
<457,146,52,op3> 2.7649863175870884E-4
<458,133,72,op8> 0.001099921064406206
<459,177,54,op1> 0.0019149742395071466
<460,134,68,op8> 7.423460269399226E-4
<461,139,53,op6> 0.001029111894799961
<462,165,59,op4> 3.548409522740494E-4
<463,137,61,op8> 4.1539551961020696E-4
<464,207,71,op3> null
<465,120,52,op7> 6.164685422203459E-4
<466,136,71,op8> 6.945925439520635E-4
<467,138,52,op8> 5.889076549221197E-4
<468,122,61,op7> 3.345934609612975E-4
<469,139,62,op4> 2.914060797752905E-4
<470,137,70,op6> 9.989726493960698E-4
<471,138,70,op4> 5.748761891765353E-4
<472,139,52,op7> 6.742624680535032E-4
<473,139,62,op5> 3.5930652554817376E-4
<474,207,71,op3> null
<475,170,70,op5> 7.633531473905002E-4
<476,161,53,op7> 0.001516378621715738
<477,138,61,op7> 4.578647360523019E-4
<478,139,71,op3> 2.7314142183001636E-4
<479,149,52,op6> 8.530878068184154E-4
<480,204,72,op4> 0.0014713498026416457
<481,167,69,op8> 0.001673009485529381
<482,137,69,op8> 5.106454476736939E-4
<483,138,70,op5> 7.08827922576893E-4
<484,135,71,op8> 6.552759848604372E-4
<485,137,52,op8> 6.058953757371809E-4
<486,123,55,op1> 0.0010905950301804703
<487,137,62,op6> 5.015588820619272E-4
<488,139,53,op4> 6.093036213483346E-4
<489,170,54,op1> 0.0019497919529527312
<490,157,54,op1> 9.400782630307812E-4
<491,138,62,op4> 2.8863078377743066E-4
<492,178,53,op5> 7.798973675751268E-4
<493,137,70,op4> 5.914591561720123E-4
<494,205,62,op6> 3.4218503168710916E-4
<495,139,69,op3> 1.989294128799742E-4
<496,146,61,op8> 4.7751073749584537E-4
<497,138,52,op7> 6.67840920738708E-4
<498,137,61,op7> 4.710723726691952E-4
<499,207,71,op3> null
<500,139,53,op5> 7.512772806916359E-4
<501,143,71,op3> 3.1216162494859025E-4
<502,138,62,op5> 3.558845586381912E-4
<503,199,67,op7> 7.346430589678732E-4
<504,128,51,op2> 3.6461656699046565E-4
<505,207,71,op3> null
<506,149,51,op8> 0.0010103148366645777
<507,137,70,op5> 7.292748818819957E-4
<508,139,61,op3> 1.618234084049531E-4
<509,129,60,op8> 4.4470554675072016E-4
<510,142,69,op8> 6.585894558782219E-4
<511,207,68,op8> 6.438715539785043E-4
<512,138,71,op3> 2.7054007495544484E-4
<513,136,69,op8> 5.058730603122576E-4
<514,160,59,op4> 3.9197547053528714E-4
<515,120,51,op2> 4.7301608690655E-4
<516,164,69,op4> 0.0013009029738059717
<517,120,55,op1> 0.0013422708063759634
<518,160,51,op4> 0.001478233645960209
<519,180,53,op4> 7.543759121455571E-4
<520,180,54,op1> 0.0022631513739629914
<521,153,54,op1> 0.0010793491168131191
<522,120,63,op2> 2.899130855233694E-4
<523,122,69,op8> 5.419975870161665E-4
<524,121,51,op2> 3.695438178957422E-4
<525,141,56,op1> 0.0013754249388528285
<526,140,52,op3> 3.079700207393748E-4
<527,122,55,op1> 0.0010626310550476378
<528,120,58,op4> 2.065385790535294E-4
<529,170,73,op3> null
<530,160,54,op1> 0.001653841388665263
<531,141,61,op3> 2.1422336922179508E-4
<532,160,63,op4> 9.060141701046443E-4
<533,140,71,op3> 3.563845218163072E-4
<534,146,69,op3> 2.330315979451127E-4
<535,201,63,op4> 7.534223098764936E-4
<536,180,62,op5> 4.4485569829773894E-4
<537,124,62,op6> 3.749972949995717E-4
<538,141,53,op4> 8.066019368325574E-4
<539,154,54,op1> 0.0010445314033675345
<540,173,54,op1> 0.0020368362365666927
<541,140,62,op4> 3.802155517068077E-4
<542,140,69,op3> 2.5955551966244254E-4
<543,181,62,op4> 3.635637757196482E-4
<544,140,53,op5> 9.802379757595631E-4
<545,182,53,op4> 7.65981695409335E-4
<546,140,61,op3> 2.1114101858551025E-4
<547,123,72,op2> 5.11843732289144E-4
<548,175,69,op8> 0.0021377343426208758
<549,177,53,op4> 6.383180795077792E-4
<550,141,52,op3> 3.1246593345089855E-4
<551,142,56,op1> 0.001365529795407844
<552,174,53,op5> 8.156724761794905E-4
<553,165,51,op4> 0.0013381904584481893
<554,180,70,op4> 7.18595236470669E-4
<555,146,71,op3> 3.1996566557230497E-4
<556,143,52,op3> 2.697547626914233E-4
<557,142,61,op3> 2.126821939036526E-4
<558,148,61,op8> 4.852751397315501E-4
<559,141,71,op3> 3.6158721556545033E-4
<560,140,52,op8> 7.757725838877923E-4
<561,141,52,op6> 9.411048027599979E-4
<562,201,52,op6> 5.348725137988477E-4
<563,141,62,op4> 3.8576614370252753E-4
<564,181,62,op5> 4.4827766520772155E-4
<565,180,62,op4> 3.607884797217883E-4
<566,127,67,op6> 4.7138089726805665E-4
<567,141,69,op3> 2.6334465133634683E-4
<568,172,69,op8> 0.0021563233369045354
<569,181,53,op4> 7.601788037774461E-4
<570,140,62,op5> 4.6880946666761725E-4
<571,142,52,op3> 3.102179770951367E-4
<572,143,61,op3> 1.849410381770893E-4
<573,160,52,op6> 6.432011241884878E-4
<574,142,71,op3> 3.5898586869087865E-4
<575,140,69,op8> 6.538170685167856E-4
<576,145,56,op1> 0.001207207500288094
<577,162,60,op4> 9.565673944753423E-4
<578,144,52,op3> 2.7200271904718505E-4
<579,143,53,op4> 6.963469958266682E-4
<580,181,70,op5> 8.928505563228171E-4
<581,168,51,op8> 0.001839250957724183
<582,200,70,op4> 4.2562948621724253E-4
<583,140,71,op6> 0.0010733816048569547
<584,140,61,op8> 5.31861553145779E-4
<585,182,62,op5> 4.5169963211770417E-4
<586,141,52,op8> 7.87097731097833E-4
<587,141,70,op4> 7.683441374571001E-4
<588,182,70,op4> 7.296505478009871E-4
<589,141,62,op5> 4.756534004875825E-4
<590,142,53,op5> 9.873929974804356E-4
<591,140,61,op7> 6.031487388381284E-4
<592,141,52,op7> 8.925950767565425E-4
<593,142,69,op3> 2.6145008549939466E-4
<594,146,56,op1> 0.0012171026437330786
<595,142,70,op5> 9.405601280347233E-4
<596,182,62,op4> 3.663390717175081E-4
<597,163,67,op7> 0.0010351788558183666
<598,145,52,op3> 2.742506754029469E-4
<599,122,51,op2> 3.744710688010188E-4
<600,206,54,op1> 0.001427526251268964
<601,144,61,op3> 1.864822134952317E-4
<602,141,69,op8> 6.633618432396584E-4
<603,189,57,op3> 0.0017444850197752644
<604,163,54,op1> 0.0016190236752196784
<605,143,53,op6> 0.0011761278797713841
<606,144,53,op4> 7.021498874585571E-4
<607,141,61,op8> 5.396259553814837E-4
<608,140,71,op8> 8.977280992587991E-4
<609,180,70,op5> 8.860349032211162E-4
<610,204,53,op7> 0.0011831085949650265
<611,143,62,op4> 3.3303551974318916E-4
<612,152,73,op3> null
<613,142,70,op4> 7.628164817919409E-4
<614,143,53,op5> 8.586026065047268E-4
<615,125,72,op8> 7.261614794138059E-4
<616,141,61,op7> 6.119538299160574E-4
<617,142,62,op5> 4.7223143357759975E-4
<618,142,52,op7> 8.861735294417471E-4
<619,143,69,op3> 2.2734790043425627E-4
<620,177,69,op8> 0.002044789371202577
<621,165,59,op5> 4.37522339211692E-4
<622,165,69,op4> 0.0011901878270990805
<623,165,63,op4> 8.201812487263095E-4
<624,164,60,op4> 9.773623378335021E-4
<625,164,58,op5> 2.493585716768845E-4
<626,162,67,op7> 0.0010240479003794595
<627,161,70,op7> 0.0014444555250335688
<628,185,57,op3> 0.0018256238579043465
<629,199,71,op6> 5.171035468653943E-4
<630,122,52,op6> 5.145608993507902E-4
<631,168,62,op5> 3.0113308807846946E-4
<632,150,53,op7> 0.0010498005842647419
<633,144,70,op5> 8.246940253058082E-4
<634,178,70,op5> 7.429061880853975E-4
<635,163,67,op6> 6.088669923045732E-4
<636,182,70,op5> 8.99666209424518E-4
<637,163,72,op4> 0.0019272610090939862
<638,166,70,op4> 4.643230758733554E-4
<639,164,63,op4> 8.964771788403848E-4
<640,162,71,op6> 7.208110047214587E-4
<641,120,60,op8> 5.14358222747821E-4
<642,164,54,op1> 0.001636432531942471
<643,129,52,op6> 5.619546663962578E-4
<644,148,71,op6> 9.793627781541558E-4
<645,164,52,op6> 6.364305860391353E-4
<646,168,53,op4> 5.106544636062233E-4
<647,194,57,op3> 6.491107050326565E-4
<648,161,63,op4> 8.678662050476065E-4
<649,167,62,op4> 2.497766398073919E-4
<650,167,53,op5> 6.439519548785452E-4

