<0,668,184,op6> 2.3584102252109852E-4
<1,776,218,op8> 2.4014202171519056E-4
<2,718,187,op6> 2.9733344322969724E-4
<3,741,201,op5> 7.938420511607366E-4
<4,782,200,op5> 0.001251653141428229
<5,739,200,op5> 8.753893136369212E-4
<6,683,184,op2> 5.700267060962164E-4
<7,741,200,op5> 7.678853628394045E-4
<8,699,207,op8> 5.051377165189889E-4
<9,799,220,op4> 2.0020500475219165E-4
<10,754,209,op3> 9.649759336343968E-4
<11,739,210,op3> 6.358065913438981E-5
<12,785,201,op5> 0.0013177778049268227
<13,677,184,op2> 7.090576100221228E-4
<14,755,185,op3> 0.0010259606360321992
<15,692,199,op6> 2.073209363211511E-4
<16,727,189,op4> 0.0014257708746155677
<17,664,197,op4> 1.788825668162598E-4
<18,668,191,op5> 0.0010466105420328755
<19,670,185,op4> 2.949702059427178E-4
<20,797,209,op3> 6.402683919849078E-4
<21,799,197,op4> 1.2041850839338465E-4
<22,734,209,op3> 5.076413679308911E-4
<23,706,198,op2> 1.347192107683645E-4
<24,743,218,op4> null
<25,684,202,op2> 2.984499044144634E-4
<26,681,200,op1> 7.157261534647458E-4
<27,688,216,op2> 9.488934263625579E-5
<28,692,216,op2> 1.8977868527251157E-4
<29,773,219,op4> 1.1204585136807772E-4
<30,740,213,op5> 1.8502792658389483E-4
<31,752,197,op7> 6.903794839405781E-5
<32,736,189,op5> 9.85034691220948E-4
<33,742,209,op3> 4.527612200464705E-4
<34,750,221,op5> 0.0014956593087639908
<35,802,221,op5> 5.557266238985472E-4
<36,740,206,op7> 7.684891901418734E-5
<37,658,209,op4> 5.215030414177096E-4
<38,682,190,op5> 2.2100080765993397E-4
<39,694,198,op2> 9.95425279566249E-5
<40,740,209,op7> 8.351533126602046E-5
<41,741,210,op3> 5.577250801262264E-5
<42,768,186,op7> 0.0022889970143604495
<43,699,193,op1> 0.0011447403352165123
<44,728,209,op7> 1.0839223845164355E-4
<45,740,200,op5> 7.218122410690403E-4
<46,676,184,op7> 2.3241531730880396E-5
<47,668,209,op4> 4.635582590379641E-4
<48,740,210,op3> 5.242615753186528E-5
<49,740,201,op5> 7.462115280910924E-4
<50,779,199,op6> 2.4619361188136694E-4
<51,666,185,op4> 5.31454940017483E-4
<52,741,209,op3> 4.573345657035056E-4
<53,665,191,op5> 0.0011283769906291939
<54,760,186,op7> 0.0021889922904320806
<55,753,185,op3> 0.0010452275024365597
<56,728,209,op3> 5.579481701582767E-4
<57,774,189,op1> 0.0015826830590157485
<58,740,209,op3> 4.2989449176129526E-4
<59,751,209,op3> 0.0010015626988906772
<60,753,217,op5> 7.620629539771371E-4
<61,689,198,op8> 1.0677095192973665E-5
<62,790,197,op4> 1.282718893755619E-4
<63,724,207,op7> 3.499273754477138E-4
<64,732,210,op3> 6.692700961514717E-5
<65,758,186,op7> 0.0024445599182490244
<66,685,184,op2> 5.978328868813976E-4
<67,770,186,op7> 0.002033429386543506
<68,689,195,op8> 5.489842467642329E-6
<69,696,190,op5> 3.44656021469659E-4
<70,688,198,op8> 1.0950866864588373E-5
<71,785,209,op3> 7.591753790678192E-4
<72,743,207,op5> 9.732134883305549E-4
<73,707,200,op5> 3.179767874245425E-4
<74,689,198,op7> 9.389405320454227E-6
<75,772,188,op6> 5.728432688744078E-4
<76,689,195,op7> 4.8277509137558175E-6
<77,697,187,op8> 3.9733398230787993E-4
<78,657,207,op7> 5.943210979826251E-4
<79,793,200,op1> 0.0010810447109623766
<80,759,186,op7> 0.0024556715542410654
<81,666,206,op1> 1.9761012644450813E-4
<82,749,209,op4> 2.2453603172151385E-4
<83,751,210,op3> 1.2214179254764357E-4
<84,706,187,op6> 3.521053932983257E-4
<85,775,200,op5> 3.396570229307612E-4
<86,728,189,op5> 0.0010634887816721736
<87,690,200,op1> 0.0012003324032065007
<88,754,186,op5> 0.002389822167480352
<89,748,219,op4> 5.479165259208197E-5
<90,748,217,op5> 3.125511654560609E-4
<91,681,202,op2> 3.255817139066873E-4
<92,664,196,op6> 1.1224172388859114E-4
<93,750,197,op4> 1.9022633934607136E-4
<94,672,202,op4> null
<95,740,189,op5> 8.194093891572487E-4
<96,732,187,op6> 2.3473692886555043E-4
<97,749,185,op4> 2.3648473407476516E-4
<98,730,200,op5> 9.061047281504973E-4
<99,740,187,op6> 1.8387726094468122E-4
<100,735,201,op5> 8.732262562768103E-4
<101,680,211,op2> 8.923708405596795E-6
<102,705,214,op4> null
<103,763,186,op7> 0.0021223224744798346
<104,721,212,op6> 2.775118807368304E-5
<105,667,196,op6> 1.149793269102641E-4
<106,657,191,op5> 0.0011665346666408093
<107,749,210,op3> 5.1868432451739056E-5
<108,798,184,op2> 1.9500954222716232E-4
<109,776,190,op5> 4.8672796925104515E-4
<110,703,193,op1> 0.0014584839826462233
<111,667,198,op5> 6.983715491319466E-5
<112,757,204,op7> 0.001684154389077051
<113,749,207,op5> 9.235597389259347E-4
<114,699,202,op8> 2.117296905676107E-5
<115,750,188,op6> 6.899438266001155E-4
<116,726,207,op7> 3.443729726628295E-4
<117,676,214,op2> 1.2713841294302293E-4
<118,717,207,op7> 4.110258060814417E-4
<119,747,221,op5> 6.174740265539412E-4
<120,779,185,op3> 9.151761542071261E-4
<121,751,197,op3> 3.619838579139255E-4
<122,725,207,op7> 3.4715017405527167E-4
<123,680,216,op2> 1.1268109438055375E-4
<124,661,197,op4> 1.7539217526862548E-4
<125,749,209,op7> 8.262687029510534E-5
<126,747,207,op5> 8.937674892831626E-4
<127,780,190,op5> 4.683112352793839E-4
<128,679,190,op5> 2.867748575587239E-4
<129,752,185,op3> 0.0010355940692343794
<130,687,201,op1> 5.780622762358313E-4
<131,747,210,op7> 9.751400900287806E-6
<132,691,200,op1> 0.0011854214416759852
<133,751,196,op3> 4.152820946619881E-4
<134,735,185,op3> 5.29838826119915E-4
<135,784,206,op4> 3.6657141292064613E-4
<136,678,188,op4> null
<137,732,196,op3> 2.2755183269150032E-4
<138,704,187,op8> 5.017429119654251E-4
<139,680,214,op2> 1.1726358475327357E-4
<140,745,206,op7> 7.521383563090676E-5
<141,751,221,op5> 0.0015025201312812572
<142,731,185,op3> 5.63555842327546E-4
<143,748,206,op7> 7.276121055598589E-5
<144,680,200,op1> 7.08270672699488E-4
<145,750,185,op7> 2.0399142691410145E-4
<146,755,188,op6> 6.741194269074524E-4
<147,729,197,op3> 2.0000021373326474E-4
<148,689,199,op6> 1.0106895645656116E-4
<149,668,185,op1> 2.0778282736771936E-4
<150,664,207,op7> 5.693262854506455E-4
<151,788,209,op4> 4.08027842590708E-4
<152,718,186,op7> 4.814509505249166E-4
<153,751,186,op5> 0.002480431538759228
<154,784,217,op5> 5.7944878989045E-4
<155,755,221,op5> 0.0014613551961776608
<156,722,190,op5> 3.3676313548180423E-4
<157,732,213,op5> 2.3620586372412105E-4
<158,681,213,op1> 1.8346783088814608E-4
<159,682,200,op1> 6.262603842816525E-4
<160,748,209,op7> 7.907302641144491E-5
<161,779,209,op3> 8.689356748366607E-4
<162,693,204,op8> 3.88669932838637E-4
<163,743,210,op3> 5.465705785237018E-5
<164,682,201,op1> 6.47429749384131E-4
<165,749,210,op4> 2.7382442892867542E-5
<166,682,184,op2> 5.839297964888069E-4
<167,692,198,op5> 2.0112744300604862E-4
<168,751,197,op4> 1.9109893723298E-4
<169,665,186,op7> 6.556601760438009E-4
<170,741,189,op5> 8.717121161247326E-4
<171,767,204,op7> 0.0015406614142229524
<172,752,217,op5> 7.550393322814954E-4
<173,748,220,op4> 1.291177204561236E-4
<174,746,207,op5> 9.036982391640866E-4
<175,750,185,op4> 5.543405594440732E-4
<176,751,196,op4> 2.1923620406482983E-4
<177,718,189,op4> 0.001761928235297287
<178,783,200,op5> 0.0012593319950566235
<179,665,220,op4> 3.003075071282874E-4
<180,751,217,op5> 7.690865756727791E-4
<181,706,186,op8> 7.681563401865653E-4
<182,699,187,op6> 2.6407904497374426E-4
<183,716,199,op6> 1.9436337780107915E-4
<184,671,209,op6> 1.4261301388197463E-4
<185,733,201,op5> 9.446720408812767E-4
<186,752,185,op4> 5.467120196352099E-4
<187,751,220,op4> 3.1771663797630417E-4
<188,744,196,op3> 1.8393773142562944E-4
<189,661,209,op4> 4.852875524303687E-4
<190,697,192,op1> 0.0010362558988513107
<191,680,189,op1> 8.040368481630807E-4
<192,680,200,op5> 1.716351977575655E-4
<193,799,209,op4> 3.331824986835367E-4
<194,771,197,op4> 1.6055801119117954E-4
<195,702,190,op5> 4.6041834929152917E-4
<196,748,206,op4> 1.9772639848446974E-4
<197,729,189,op5> 0.0010547716605109265
<198,659,209,op6> 2.799440642868391E-4
<199,774,201,op1> 0.0014413019420813392
<200,781,206,op6> 1.968439049701313E-4
<201,752,207,op5> 0.002135111224398666
<202,663,186,op7> 6.429904141878821E-4
<203,723,207,op7> 3.52704576840156E-4
<204,688,190,op5> 2.1047695967612765E-4
<205,691,201,op1> 0.0012254920256199622
<206,660,197,op4> 1.745195773817169E-4
<207,668,186,op7> 6.081485690841052E-4
<208,719,189,op4> 0.0017503366021703313
<209,678,200,op1> 7.530035572910345E-4
<210,803,197,op4> 7.24256246134125E-5
<211,750,186,op5> 0.002469105367349368
<212,666,191,op5> 0.00113927918377537
<213,676,199,op6> 1.33462852756741E-4
<214,705,193,op1> 0.0015178408889167092
<215,680,202,op2> 3.2219023772015934E-4
<216,720,186,op7> 4.1176726031736294E-4
<217,778,190,op5> 4.972518172348516E-4
<218,764,217,op7> 6.64941288944664E-4
<219,795,187,op8> 4.1183522253809455E-4
<220,709,184,op2> 2.006213276149943E-4
<221,748,209,op4> 2.148785679915563E-4
<222,747,219,op4> 5.540728913806042E-5
<223,755,209,op3> 9.741226249484668E-4
<224,702,188,op8> 0.002057314990949697
<225,755,210,op3> 1.187954420668862E-4
<226,748,186,op5> 0.0010080292554774945
<227,748,210,op3> 4.963753213123415E-5
<228,724,189,op4> 0.0014605457739964352
<229,751,207,op5> 0.0021748342239223625
<230,720,187,op6> 2.5429833960434635E-4
<231,746,221,op5> 6.243348490712073E-4
<232,749,197,op7> 2.9862926514638956E-5
<233,712,187,op6> 3.0124572537745646E-4
<234,751,185,op3> 0.00105486093563874
<235,778,212,op6> 4.06587174102798E-5
<236,703,190,op5> 4.525254633036744E-4
<237,691,184,op2> 0.0011052956862109562
<238,746,210,op7> 9.859749799179893E-6
<239,750,196,op3> 4.133858293895589E-4
<240,795,192,op1> 0.0010740754572035483
<241,750,197,op3> 3.6033096358555137E-4
<242,768,204,op7> 0.0015557659378918048
<243,730,197,op3> 1.9504153074814248E-4
<244,661,196,op4> 2.0121679003210405E-4
<245,749,209,op3> 4.253211461042602E-4
<246,769,186,op7> 0.002311220286344532
<247,681,201,op1> 7.39919713581864E-4
<248,680,213,op1> 1.8155670764972789E-4
<249,690,184,op2> 0.0011191987766035467
<250,748,207,op5> 8.838367394022387E-4
<251,788,210,op4> 4.975949299886684E-5
<252,747,217,op5> 3.1606297630388174E-4
<253,747,206,op7> 7.357875224762616E-5
<254,744,186,op5> 0.0010986386267563704
<255,747,209,op7> 7.996148738236E-5
<256,748,210,op4> 2.6204703413604425E-5
<257,757,186,op7> 0.0024778948262251473
<258,747,220,op4> 1.3056848136012498E-4
<259,669,191,op5> 0.0010575127351790514
<260,749,206,op4> 2.066129781916369E-4
<261,664,188,op6> 6.488003873991913E-4
<262,787,199,op6> 2.176869831372086E-4
<263,801,190,op5> 2.288936936477888E-4
<264,667,209,op4> 5.070168458227733E-4
<265,684,195,op2> 1.6779798944664467E-4
<266,666,209,op4> 5.046024798902839E-4
<267,796,193,op1> 0.0011956176834483575
<268,750,196,op4> 2.182351255074561E-4
<269,722,195,op2> 4.925765835021443E-5
<270,662,185,op1> 2.1860484962645473E-4
<271,751,185,op4> 5.568834060470277E-4
<272,747,209,op4> 2.172929339240457E-4
<273,746,219,op4> 5.602292568403886E-5
<274,747,206,op4> 1.9994804341126154E-4
<275,750,185,op3> 0.0010500442190376498
<276,745,210,op7> 9.968098698071981E-6
<277,772,207,op7> 5.026734520320335E-4
<278,745,221,op5> 6.311956715884734E-4
<279,803,207,op5> 8.242522401166945E-4
<280,747,210,op3> 5.019525721136037E-5
<281,678,189,op1> 8.548181227839069E-4
<282,716,189,op4> 0.0017387449690433752
<283,746,206,op7> 7.439629393926645E-5
<284,662,206,op4> 4.4877227521194254E-4
<285,660,206,op6> 2.4301716662979175E-4
<286,778,198,op5> 2.3758179205089498E-4
<287,746,217,op5> 3.195747871517027E-4
<288,754,185,op7> 1.9744124348107986E-4
<289,722,186,op7> 4.0543237938940347E-4
<290,748,209,op3> 4.0702776347612E-4
<291,657,185,op4> 5.441691730322554E-4
<292,713,221,op4> null
<293,680,201,op1> 7.322122165653863E-4
<294,747,210,op4> 2.6499138283420205E-5
<295,746,220,op4> 1.3201924226412636E-4
<296,746,209,op7> 8.084994835327511E-5
<297,730,213,op5> 2.3226909932871903E-4
<298,749,185,op3> 4.4795464390138276E-4
<299,746,209,op4> 2.1970729985653506E-4
<300,738,209,op3> 5.259347505590314E-4
<301,745,219,op4> 5.663856223001732E-5
<302,747,186,op5> 0.0010193554268873538
<303,667,206,op1> 1.9855562944185026E-4
<304,746,206,op4> 2.021696883380533E-4
<305,763,217,op7> 6.580507056395381E-4
<306,744,221,op5> 6.654997841748034E-4
<307,694,187,op8> 3.857329901237083E-4
<308,706,190,op5> 4.7357315927128716E-4
<309,746,210,op3> 5.07529822914866E-5
<310,739,189,op5> 9.937518123821953E-4
<311,799,210,op3> 7.696606105741923E-5
<312,745,217,op5> 3.2308659799952364E-4
<313,743,186,op5> 0.00110996479816623
<314,766,186,op7> 0.0021778806544400396
<315,744,210,op7> 1.0509843192532415E-5
<316,776,198,op2> 1.3846141106748576E-4
<317,772,191,op5> 9.866484797289086E-4
<318,747,209,op3> 4.11601109133155E-4
<319,740,185,op3> 4.527713605024729E-4
<320,691,199,op6> 2.0602518046914392E-4
<321,752,186,op5> 0.0024351268531197902
<322,745,209,op7> 8.173840932419023E-5
<323,746,210,op4> 2.679357315323598E-5
<324,673,185,op1> 1.1471343594259506E-4
<325,788,217,op4> null
<326,755,207,op5> 0.002115249724636818
<327,777,199,op6> 2.4101058847333815E-4
<328,745,220,op4> 1.3347000316812777E-4
<329,745,186,op5> 0.001042007769707073
<330,660,186,op7> 6.33488092795943E-4
<331,659,206,op4> 4.709887244798605E-4
<332,774,216,op5> 7.518359604069727E-5
<333,745,210,op3> 5.1310707371612825E-5
<334,686,200,op1> 5.666165381595904E-4
<335,712,189,op4> 0.0017851115015511988
<336,686,201,op1> 5.857697732523091E-4
<337,692,198,op7> 1.9260318606059953E-5
<338,681,214,op8> 5.4798669816320765E-6
<339,743,221,op5> 6.723606066920694E-4
<340,774,198,op5> 2.3506769901331933E-4
<341,681,211,op8> 1.6492803536950911E-6
<342,708,184,op2> 2.4832150341156636E-4
<343,710,207,op7> 4.3879782000586344E-4
<344,708,188,op8> 0.002080827162274836
<345,682,202,op8> 1.3174291857540222E-5
<346,682,212,op6> 1.8070541071235465E-5
<347,663,185,op4> 5.161978603997561E-4
<348,787,195,op2> 3.2034161621632165E-4
<349,745,206,op4> 2.0439133326484514E-4
<350,707,198,op2> 1.3172545052906752E-4
<351,684,216,op2> 1.0437827689988136E-4
<352,791,220,op1> 9.199630248115286E-5
<353,684,214,op2> 1.0862311008724289E-4
<354,694,214,op5> 6.97177338496928E-5
<355,662,188,op6> 6.393057475835933E-4
<356,685,202,op2> 2.916669520414074E-4
<357,783,199,op6> 2.125039597291799E-4
<358,683,190,op5> 2.157388836680308E-4
<359,796,198,op4> null
<360,745,209,op4> 2.2212166578902448E-4
<361,756,204,op7> 0.0016766021272426248
<362,726,199,op6> 1.6067372564889211E-4
<363,789,188,op6> 5.380295895505489E-4
<364,744,219,op4> 5.9716744959909565E-5
<365,755,215,op4> null
<366,798,187,op6> 2.7190360926926263E-4
<367,692,201,op1> 0.0012331995226364401
<368,684,211,op2> 8.266171996763345E-6
<369,744,209,op7> 8.618071417876579E-5
<370,690,202,op2> 5.460276660310069E-4
<371,751,206,op7> 1.7904163046922369E-4
<372,754,188,op6> 6.677896670303871E-4
<373,760,190,op4> null
<374,678,190,op5> 2.657271615911111E-4
<375,682,214,op7> 4.216606188755838E-6
<376,705,186,op8> 7.638888049633066E-4
<377,715,189,op4> 0.0017967031346781547
<378,724,195,op2> 4.848800743849233E-5
<379,677,200,op1> 7.604590380562924E-4
<380,683,216,op5> 3.296820788950361E-5
<381,717,187,op6> 2.8950887893417886E-4
<382,745,210,op4> 2.7088008023051765E-5
<383,740,193,op4> null
<384,744,220,op4> 1.407238076881347E-4
<385,683,202,op7> 1.1309588906179838E-5
<386,683,214,op5> 4.298386598251737E-5
<387,682,211,op7> 1.2690756490430195E-6
<388,683,211,op5> 1.2936891703476103E-5
<389,666,198,op6> 1.3695578097559698E-4
<390,743,210,op7> 1.06181920914245E-5
<391,779,196,op3> 3.602904017615422E-4
<392,690,189,op1> 0.0013626308689921685
<393,700,192,op1> 0.0012934288956465265
<394,773,209,op4> 4.394145997130701E-4
<395,684,200,op5> 1.5898839371227124E-4
<396,744,206,op7> 7.930154408910822E-5
<397,671,221,op7> 2.0721694698643472E-4
<398,792,200,op5> 2.637761986589954E-4
<399,720,189,op4> 0.0015069123065042588
<400,741,185,op3> 4.816716601090137E-4
<401,754,221,op5> 0.0014476335511431288
<402,702,194,op1> 0.002134250960100175
<403,746,209,op3> 4.1617445479019005E-4
<404,685,213,op1> 1.643565985039642E-4
<405,727,198,op2> 9.205812735838242E-5
<406,697,198,op5> 1.7221537307392912E-4
<407,713,189,op4> 0.0017735198684242428
<408,660,185,op4> 5.085693205908929E-4
<409,745,207,op5> 9.136289890450108E-4
<410,744,217,op5> 3.4064565223862817E-4
<411,752,188,op6> 6.804491867845176E-4
<412,681,202,op8> 1.5056333551474538E-5
<413,680,214,op8> 5.422785033906743E-6
<414,664,220,op1> 1.265720940176935E-4
<415,685,200,op1> 6.411713458121681E-4
<416,659,191,op5> 0.0011556324734946334
<417,744,210,op3> 5.409933277224396E-5
<418,681,212,op6> 2.0652046938554814E-5
<419,706,217,op8> 2.381757851502492E-4
<420,715,207,op7> 4.304662158285369E-4
<421,748,221,op5> 6.106132040366753E-4
<422,680,211,op8> 1.6321003500107675E-6
<423,683,214,op2> 1.0121698894493087E-4
<424,701,200,op5> 3.143634148401727E-4
<425,776,205,op8> 4.706783625617736E-4
<426,673,206,op1> 1.0022331771826727E-4
<427,661,191,op5> 0.0010956704111906666
<428,708,190,op5> 4.656802732834323E-4
<429,742,212,op6> 2.129742340538466E-5
<430,768,217,op7> 7.097300804279834E-4
<431,776,199,op6> 2.3971483262133096E-4
<432,683,216,op2> 9.726157620216217E-5
<433,663,196,op6> 1.1114668267992195E-4
<434,685,201,op1> 6.628447434170866E-4
<435,803,221,op5> 5.694482689330792E-4
<436,698,184,op5> 3.2046034491915157E-4
<437,799,185,op3> 6.647068909504389E-4
<438,744,206,op4> 2.154995578988041E-4
<439,744,209,op4> 2.3419349545147146E-4
<440,743,219,op4> 6.033238150588801E-5
<441,683,211,op2> 7.702569360620391E-6
<442,712,207,op7> 4.276890144360947E-4
<443,743,206,op7> 8.01190857807485E-5
<444,658,206,op6> 2.6245853996017507E-4
<445,681,214,op7> 4.818978501435243E-6
<446,665,221,op7> 3.971658150573332E-4
<447,785,196,op3> 3.147800352232421E-4
<448,772,202,op5> 6.896604176052766E-5
<449,743,209,op7> 8.70691751496809E-5
<450,753,209,op3> 9.92416007576607E-4
<451,682,214,op5> 4.403225295770072E-5
<452,778,201,op1> 0.0014567169361142948
<453,788,186,op7> 5.352974384125719E-4
<454,667,206,op4> 4.6654543462627693E-4
<455,723,186,op7> 4.0226493892542373E-4
<456,681,211,op7> 1.4503721703348789E-6
<457,658,191,op5> 0.001177436859786985
<458,703,186,op8> 7.340160584004957E-4
<459,732,211,op4> null
<460,744,210,op4> 2.8560182372130666E-5
<461,793,187,op6> 2.836404557125401E-4
<462,788,188,op6> 5.348647096120162E-4
<463,773,207,op7> 5.054506534244756E-4
<464,801,184,op2> 1.2205633218534619E-4
<465,743,220,op4> 1.4217456859213609E-4
<466,682,216,op5> 3.3772310520954925E-5
<467,710,189,op4> 0.001831478034059022
<468,682,202,op7> 1.1585432538037885E-5
<469,746,197,op4> 7.940640770868118E-5
<470,685,190,op5> 2.262627316518372E-4
<471,687,204,op4> null
<472,780,187,op6> 3.4819311115056646E-4
<473,674,209,op4> 2.5350842291138663E-4
<474,751,197,op7> 7.032237534092401E-5
<475,795,205,op8> 3.612774458582262E-4
<476,691,213,op1> 3.03868594908492E-4
<477,781,202,op6> 1.2162940423081219E-4
<478,779,197,op7> 6.101027997614411E-5
<479,683,200,op5> 1.4814827595916182E-4
<480,738,201,op5> 9.12918358834847E-4
<481,742,210,op7> 1.0726540990316587E-5
<482,682,211,op5> 1.3252425647463325E-5
<483,784,221,op5> 0.0011320357153488923
<484,709,189,op4> 0.0016576035371546846
<485,671,185,op4> 2.746274331190821E-4
<486,658,219,op4> 1.32977493931345E-4
<487,771,185,op4> 4.678837749436214E-4
<488,745,209,op3> 4.207478004472251E-4
<489,744,207,op5> 9.632827384496309E-4
<490,684,184,op2> 6.117359772739883E-4
<491,743,217,op5> 3.4415746308644906E-4
<492,707,192,op1> 0.001331248453998764
<493,675,186,op7> 3.294138082538904E-4
<494,684,213,op1> 1.6817884498080058E-4
<495,704,192,op1> 0.0013085567189874215
<496,756,217,op7> 7.648547468689919E-4
<497,705,198,op5> 2.250113268630169E-4
<498,677,202,op2> 3.4593057102585533E-4
<499,661,188,op6> 6.361408676450607E-4
<500,778,200,op1> 0.0014090858646337184
<501,702,198,op5> 2.199831407878657E-4
<502,680,212,op6> 2.0436921449611538E-5
<503,694,184,op5> 3.133913667224056E-4
<504,666,221,op7> 4.010031659274524E-4
<505,685,189,op1> 7.278649362318416E-4
<506,682,216,op2> 9.963380976806857E-5
<507,791,185,op4> 3.788841438402152E-4
<508,779,187,op6> 3.7166680403712154E-4
<509,743,209,op4> 2.3660786138396083E-4
<510,683,189,op1> 6.940107531512907E-4
<511,667,185,op6> 2.9205978760628586E-4
<512,680,202,op8> 1.4899496743646678E-5
<513,682,211,op2> 7.890436906001375E-6
<514,743,206,op4> 2.1772120282559588E-4
<515,741,212,op6> 2.1512548894327936E-5
<516,682,214,op2> 1.0368569599236821E-4
<517,749,186,op5> 0.0010533339411169323
<518,683,202,op2> 2.7810104729529545E-4
<519,743,210,op4> 2.8854617241946443E-5
<520,794,207,op7> 3.99917000511673E-4
<521,673,220,op6> 8.410736299526984E-5
<522,699,204,op8> 3.915704547254925E-4
<523,753,186,op5> 0.0024577791959395088
<524,665,185,op4> 5.263692468115741E-4
<525,681,202,op7> 1.324049432918615E-5
<526,665,202,op6> 1.5541534985048227E-4
<527,668,220,op4> 2.785460935682666E-4
<528,658,186,op7> 6.841671402196183E-4
<529,738,196,op7> 4.236441946680591E-5
<530,669,221,op7> 3.722230344015587E-4
<531,681,214,op5> 5.0322574808800815E-5
<532,777,187,op6> 3.638422397416032E-4
<533,680,211,op7> 1.4352641268938907E-6
<534,742,209,op7> 8.795763612059602E-5
<535,680,214,op7> 4.76878080871196E-6
<536,693,186,op8> 5.718497199166653E-4
<537,681,216,op5> 3.8596926309662764E-5
<538,765,186,op7> 0.0021667690184479986
<539,742,206,op7> 8.09366274723888E-5
<540,744,209,op3> 4.4361452873240047E-4
<541,715,199,op6> 2.0084215706111513E-4
<542,683,213,op1> 1.5671210555029145E-4
<543,701,190,op5> 4.577873872955776E-4
<544,684,201,op1> 6.782597374500421E-4
<545,684,200,op1> 6.560823073426836E-4
<546,775,194,op1> 0.0022927953171361874
<547,802,188,op6> 2.563552750211439E-4
<548,713,190,op5> 4.025371853805941E-4
<549,713,186,op7> 4.8461839098889634E-4
<550,686,184,op2> 5.283174349184445E-4
<551,789,195,op5> 2.9068520813107237E-5
<552,693,184,op2> 1.879948104923723E-4
<553,681,211,op5> 1.5145629311386654E-5
<554,766,217,op7> 6.752771639023532E-4
<555,773,186,op7> 5.764741644443081E-4
<556,712,186,op7> 4.877858314528761E-4
<557,744,197,op3> 1.6033074985228663E-4
<558,682,220,op4> null
<559,754,185,op4> 5.365406332233919E-4
<560,741,210,op7> 1.0834889889208674E-5
<561,682,200,op5> 1.5176164854353164E-4
<562,674,186,op7> 3.3258124871787006E-4
<563,742,213,op5> 1.9486983757239989E-4
<564,696,221,op4> null
<565,700,198,op5> 2.1495495471271449E-4
<566,739,201,op5> 9.049799383232397E-4
<567,681,216,op2> 1.1386721116350693E-4
<568,727,207,op7> 3.415957712703874E-4
<569,780,189,op4> 0.0020633106965981386
<570,742,210,op3> 5.521478293249641E-5
<571,740,212,op6> 2.022179596066826E-5
<572,661,207,op7> 5.582174798808769E-4
<573,658,220,op6> 1.7138858874507815E-4
<574,681,211,op2> 9.017642178287286E-6
<575,682,202,op2> 2.848839996683514E-4
<576,679,187,op6> 2.1321937705287499E-4
<577,791,219,op4> 9.172984535078892E-5
<578,667,191,op5> 0.0011447302803484576
<579,755,186,op5> 0.002412474510300071
<580,731,201,op5> 9.287951998580619E-4
<581,662,220,op4> 2.930537026082805E-4
<582,673,221,op7> 2.0337959611631558E-4
<583,681,214,op2> 1.1849793827699224E-4
<584,787,184,op2> 0.0011678595929776139
<585,714,221,op7> 2.993133678692946E-4
<586,672,191,op5> 5.832673333204046E-4
<587,680,211,op5> 1.4987862339393044E-5
<588,688,195,op2> 1.52543626769677E-4
<589,741,209,op7> 8.884609709151112E-5
<590,680,214,op5> 4.9798381321209146E-5
<591,680,216,op5> 3.819487499393711E-5
<592,680,202,op7> 1.310257251325713E-5
<593,741,206,op7> 8.175416916402909E-5
<594,740,210,op7> 1.0184796495856154E-5
<595,741,213,op5> 1.9683821977010087E-4
<596,802,186,op5> 9.174198841986187E-4
<597,683,200,op1> 6.11349422751137E-4
<598,789,207,op7> 4.7212423671516953E-4
<599,755,197,op4> 1.8586334991152847E-4
<600,743,209,op3> 4.4818787438943543E-4
<601,683,201,op1> 6.320147553511755E-4
<602,759,204,op7> 0.0016690498654081986
<603,703,184,op2> 2.4130677167677632E-4
<604,736,210,op3> 6.302293405426358E-5
<605,742,200,op5> 7.602065092110105E-4
<606,682,213,op1> 1.6053435202712782E-4
<607,775,187,op6> 3.677545218893623E-4
<608,739,196,op3> 2.161742410569253E-4
<609,698,198,op5> 1.7095832655514132E-4
<610,730,201,op5> 9.367336203696692E-4
<611,681,200,op5> 1.734418840497504E-4
<612,742,201,op5> 7.859036306491293E-4
<613,674,211,op5> 4.382493526941365E-6
<614,794,190,op5> 3.7885852741702974E-4
<615,672,221,op7> 2.0529827155137516E-4
<616,674,214,op5> 1.4561188170160018E-5
<617,774,199,op6> 2.423063443253453E-4
<618,736,200,op5> 8.677104600085271E-4
<619,675,202,op5> 3.9626896923176114E-5
<620,752,196,op3> 4.076970335722714E-4
<621,674,216,op5> 1.1168289955753801E-5
<622,676,211,op2> 9.675178587120735E-6
<623,659,184,op6> 2.6040779570037965E-4
<624,734,200,op5> 8.52352752751739E-4
<625,674,207,op7> 2.9160614620642823E-4
<626,733,185,op7> 1.1135311836136734E-4
<627,674,210,op4> 3.091566133065691E-5
<628,673,220,op4> 1.537806558241472E-4
<629,676,202,op2> 3.493220472123833E-4
<630,675,206,op4> 2.310510723863467E-4
<631,731,213,op5> 2.3030071713101802E-4
<632,674,202,op6> 7.883387311256347E-5
<633,728,201,op5> 9.684873024160985E-4
<634,707,190,op5> 4.6304931128748075E-4
<635,673,211,op6> 8.717755579602342E-6
<636,672,220,op6> 8.490082868390447E-5
<637,744,185,op3> 4.6722151030574333E-4
<638,773,191,op5> 9.920995763019966E-4
<639,675,209,op4> 2.5109405697889723E-4
<640,674,219,op4> 6.464183732773716E-5
<641,674,206,op6> 1.2758401248064066E-4
<642,673,216,op6> 2.2216215831889838E-5
<643,673,214,op6> 2.8965445958033585E-5
<644,677,195,op2> 1.944931241313382E-4
<645,667,198,op6> 1.3761107179366205E-4
<646,676,213,op1> 1.9684569355707342E-4
<647,789,191,op5> 9.266864174249419E-4
<648,674,209,op6> 1.3865154127414201E-4
<649,673,219,op6> 3.569131640020675E-5
<650,677,201,op1> 7.861646956807306E-4
<651,733,187,op6> 2.3278078779167088E-4
<652,706,207,op8> 6.735169553586519E-4
<653,675,220,op1> 6.421218428214696E-5
<654,676,200,op5> 1.8608868809504473E-4
<655,675,211,op5> 4.340755493351448E-6
<656,675,214,op5> 1.4422510187587066E-5
<657,675,216,op5> 1.1061925289508528E-5
<658,697,205,op8> 3.485564090322323E-4
<659,675,207,op7> 2.888289448139861E-4
<660,677,211,op2> 9.581244814430242E-6
<661,658,197,op4> 1.8848114357225424E-4
<662,678,202,op2> 3.425390948393273E-4
<663,675,220,op4> 1.5087913401614443E-4
<664,664,202,op5> 7.81107102812606E-5
<665,772,220,op6> 1.4361728964286643E-4
<666,742,189,op5> 8.629949949634854E-4
<667,675,210,op4> 3.0621226460841125E-5
<668,684,189,op1> 7.447920277721169E-4
<669,671,207,op7> 2.999377503837547E-4
<670,674,220,op4> 1.523298949201458E-4
<671,676,216,op2> 1.2217002864417932E-4
<672,675,202,op6> 7.808307432101526E-5
<673,674,211,op6> 8.635512602436282E-6
<674,771,209,op4> 4.4424333157804896E-4
<675,666,185,op1> 2.2618026520756953E-4
<676,674,214,op6> 2.8692187033901197E-5
<677,798,189,op4> 0.0016112370046468614
<678,691,184,op5> 3.746558444275375E-4
<679,726,189,op4> 0.0014373625077425238
<680,672,216,op6> 2.242580277370012E-5
<681,783,213,op5> 3.2281468042296546E-4
<682,675,219,op4> 6.40262007817587E-5
<683,675,191,op5> 5.66914043601141E-4
<684,675,206,op6> 1.2636892664749172E-4
<685,778,213,op1> 3.6120229206103766E-4
<686,674,216,op6> 2.200662889007956E-5
<687,663,207,op7> 5.637718826657612E-4
<688,790,186,op7> 4.65613748205018E-4
<689,675,209,op6> 1.3733105040486448E-4
<690,797,185,op3> 6.743403241526192E-4
<691,674,219,op6> 3.535460586812933E-5
<692,678,201,op1> 7.784571986642527E-4
<693,677,213,op1> 1.9493457031865524E-4
<694,673,202,op5> 4.038895263323719E-5
<695,674,219,op1> 2.7510719741943104E-5
<696,731,196,op3> 2.2186303687421284E-4
<697,675,206,op1> 9.8332311723583E-5
<698,686,200,op5> 1.3730815820605242E-4
<699,672,211,op5> 4.465969594121201E-6
<700,672,207,op7> 2.9716054899131257E-4
<701,672,216,op5> 1.138101928824435E-5
<702,670,221,op7> 2.2256635046691137E-4
<703,716,221,op7> 2.8780131525893714E-4
<704,714,207,op7> 4.3324341722097905E-4
<705,663,191,op5> 0.0011065726043368422
<706,672,214,op5> 1.4838544135305925E-5
<707,671,211,op6> 8.88224153393446E-6
<708,692,189,op1> 0.0013541673232220308
<709,721,186,op7> 4.0859981985338326E-4
<710,670,220,op6> 9.204201988161606E-5
<711,672,210,op4> 3.150453107028847E-5
<712,793,201,op1> 0.0011175870673892738
<713,671,220,op4> 1.5668217763214998E-4
<714,693,211,op4> null
<715,672,209,op6> 1.4129252301269712E-4
<716,671,219,op6> 3.63647374643616E-5
<717,791,206,op4> 3.3102509409197746E-4
<718,673,220,op1> 6.544703397988054E-5
<719,709,198,op2> 1.0702692855486736E-4
<720,669,206,op6> 2.35726651630898E-4
<721,767,186,op7> 0.002266773742376368
<722,674,210,op1> 1.3157300746146704E-5
<723,673,209,op4> 2.55922788843876E-4
<724,672,219,op4> 6.587311041969406E-5
<725,715,195,op2> 5.964794565846279E-5
<726,672,206,op6> 1.300141841469386E-4
<727,671,216,op6> 2.26353897155104E-5
<728,754,196,op7> 7.772950006518302E-5
<729,671,214,op6> 2.951196380629837E-5
<730,754,197,op7> 6.775352144719162E-5
<731,673,206,op4> 2.3549436223993024E-4
<732,672,202,op6> 8.033547069565992E-5
<733,785,185,op3> 7.995749557809627E-4
<734,793,202,op2> 4.91764047046559E-4
<735,679,189,op1> 9.225264889450086E-4
<736,755,185,op7> 1.9931272446194317E-4
<737,673,211,op5> 4.424231560531283E-6
<738,674,202,op5> 4.0007924778206654E-5
<739,774,200,op1> 0.0013941749031032027
<740,675,219,op1> 2.7248712887257934E-5
<741,732,200,op5> 9.214624354072855E-4
<742,726,186,op7> 3.9276261753348464E-4
<743,673,214,op5> 1.469986615273297E-5
<744,673,207,op7> 2.9438334759887037E-4
<745,673,216,op5> 1.1274654621999075E-5
<746,671,220,op6> 8.569429437253908E-5
<747,764,186,op7> 0.0021445457464639166
<748,773,184,op6> 2.2355763593145798E-4
<749,673,202,op6> 7.95846719041117E-5
<750,672,211,op6> 8.799998556768402E-6
<751,711,221,op7> 3.0123204330435415E-4
<752,673,210,op4> 3.1210096200472685E-5
<753,715,198,op2> 1.1600820927275835E-4
<754,721,190,op5> 3.393940974777558E-4
<755,672,220,op4> 1.552314167281486E-4
<756,674,220,op1> 6.482960913101375E-5
<757,675,210,op1> 1.3031993119992928E-5
<758,676,190,op5> 2.7098908558301427E-4
<759,676,200,op1> 7.679145188215501E-4
<760,673,209,op6> 1.3997203214341955E-4
<761,672,219,op6> 3.6028026932284177E-5
<762,676,201,op1> 7.938721926972083E-4
<763,672,214,op6> 2.923870488216598E-5
<764,764,204,op7> 0.0014575865340442635
<765,674,206,op4> 2.3327271731313847E-4
<766,768,222,op4> null
<767,768,222,op4> null
<768,755,196,op7> 7.84662725776492E-5
<769,794,199,op6> 1.86588842689036E-4
<770,756,186,op7> 0.0024667831902331063
<771,673,219,op4> 6.525747387371559E-5
<772,665,216,op6> 4.338449695472827E-5
<773,706,198,op8> 2.4639450445323842E-5
<774,665,209,op6> 2.7334160994045136E-4
<775,683,198,op5> 1.0307781454059992E-4
<776,730,189,op5> 0.0010286202970271844
<777,673,206,op6> 1.2879909831378962E-4
<778,688,189,op1> 6.770836616110154E-4
<779,690,217,op4> null
<780,755,197,op7> 6.839573492062471E-5
<781,754,197,op4> 1.841181541377113E-4
<782,736,196,op7> 4.1627646954339716E-5
<783,755,185,op4> 5.416263264293009E-4
<784,754,196,op4> 2.1122757560584055E-4
<785,682,195,op2> 1.6017080810816083E-4
<786,760,217,op7> 6.787224555549161E-4
<787,746,196,op3> 1.725601397910544E-4
<788,678,202,op7> 1.3930103408831262E-5
<789,680,195,op5> 6.140188764848117E-5
<790,781,191,op5> 8.830776448402388E-4
<791,677,211,op7> 1.5410204309808092E-6
<792,681,184,op5> 2.2620730229587165E-4
<793,678,214,op5> 5.29435422467592E-5
<794,665,222,op4> null
<795,680,198,op5> 1.1941941928484137E-4
<796,680,184,op7> 2.1436364217802303E-5
<797,677,214,op7> 5.120164657774947E-6
<798,752,196,op7> 7.920304509011539E-5
<799,657,206,op6> 2.600283682938772E-4
<800,678,216,op5> 4.060718288829103E-5
<801,800,188,op6> 2.6901479477527444E-4
<802,707,187,op8> 5.104436561035538E-4
<803,753,185,op7> 2.030556864236698E-4
<804,753,206,op4> 4.820969491138195E-4
<805,754,197,op3> 3.4876070328693275E-4
<806,695,199,op6> 1.7103977246494962E-4
<807,673,186,op7> 3.3574868918184974E-4
<808,685,200,op5> 1.553750211279014E-4
<809,800,209,op6> 1.1224172388859116E-4
<810,784,207,op5> 0.0016385737303524649
<811,679,200,op5> 1.9692880584815415E-4
<812,739,195,op4> null
<813,712,190,op5> 4.051681473765457E-4
<814,680,190,op5> 2.4994138961540157E-4
<815,754,196,op3> 4.0011197248255475E-4
<816,678,211,op5> 1.593446417135471E-5
<817,710,190,op5> 4.1569199536035207E-4
<818,677,212,op6> 2.1942799872214495E-5
<819,681,198,op2> 7.185024574312774E-5
<820,679,216,op2> 1.292867293418985E-4
<821,732,189,op5> 0.001046054539349679
<822,680,187,op6> 1.8583340201856077E-4
<823,782,206,op7> 1.332592957373674E-4
<824,676,214,op8> 5.879440615709416E-6
<825,701,204,op8> 5.04690808312857E-4
<826,679,201,op1> 8.401171747960749E-4
<827,783,209,op7> 1.4570759923007823E-4
<828,722,189,op4> 0.001483729040250347
<829,753,188,op6> 6.867789466615829E-4
<830,717,189,op4> 0.0017155617027894638
<831,694,184,op7> 3.0010909904923227E-5
<832,676,211,op8> 1.7695403794853581E-6
<833,677,202,op8> 1.5997354398441698E-5
<834,701,184,op5> 4.100007354112675E-4
<835,662,185,op4> 5.136550137968017E-4
<836,680,198,op7> 1.1435814172348098E-5
<837,683,195,op2> 1.563572174389189E-4
<838,755,196,op4> 2.1322973272058787E-4
<839,668,185,op4> 4.882265477672571E-4
<840,731,210,op3> 6.525383437476849E-5
<841,662,221,op7> 3.8757243788203535E-4
<842,678,211,op7> 1.5259123875398207E-6
<843,682,184,op5> 1.9793138950888775E-4
<844,679,199,op6> 1.4123738786878419E-4
<845,679,214,op5> 5.7137090147492605E-5
<846,701,186,op8> 7.425511288470132E-4
<847,679,216,op5> 4.3823593414096274E-5
<848,801,192,op1> 6.580603153289345E-4
<849,679,202,op7> 1.5033477936263445E-5
<850,681,195,op5> 6.204822330793887E-5
<851,664,186,op7> 6.493252951158416E-4
<852,672,196,op4> 1.0711540563898077E-4
<853,729,210,op3> 6.748473469527339E-5
<854,680,195,op7> 5.879953035984649E-6
<855,681,198,op5> 1.2067646580362916E-4
<856,753,197,op7> 6.96801618674909E-5
<857,681,184,op7> 2.1662010156937066E-5
<858,669,185,op6> 2.698076133124736E-4
<859,777,206,op4> null
<860,678,214,op7> 5.0699669650516615E-6
<861,752,210,op7> 2.3295013261798648E-5
<862,664,191,op5> 0.0011174747974830182
<863,691,189,op1> 0.001345703777451893
<864,680,199,op6> 1.2309680594068347E-4
<865,778,202,op2> 6.409889992537907E-4
<866,664,209,op4> 4.949450161603263E-4
<867,704,198,op2> 1.2948013034959477E-4
<868,787,198,op2> 1.2573793005047354E-4
<869,661,184,op6> 2.4689607045177503E-4
<870,753,196,op7> 7.993981760258158E-5
<871,755,196,op3> 4.0390450302741303E-4
<872,681,190,op5> 2.5257235161135316E-4
<873,679,211,op5> 1.71965999473036E-5
<874,755,197,op3> 3.520664919436809E-4
<875,678,212,op6> 2.1727674383271212E-5
<876,682,198,op2> 6.286896502523677E-5
<877,677,211,op8> 1.7523603758010345E-6
<878,678,202,op8> 1.5840517590613836E-5
<879,681,187,op6> 1.8778954309244035E-4
<880,735,189,op5> 9.588833277372059E-4
<881,659,188,op6> 6.709545469689198E-4
<882,680,184,op8> 2.4376208453386624E-5
<883,691,214,op2> 1.9626221027126841E-4
<884,677,214,op8> 5.8223586679840825E-6
<885,678,214,op2> 1.2466970589558558E-4
<886,681,184,op2> 6.673483388443509E-4
<887,679,202,op2> 3.6967090433155127E-4
<888,678,211,op2> 9.487311041739749E-6
<889,703,204,op8> 4.988897645391459E-4
<890,752,197,op4> 1.8760854568534567E-4
<891,753,185,op4> 5.517977128411187E-4
<892,752,196,op4> 2.1523188983533522E-4
<893,686,213,op1> 1.4524536611978234E-4
<894,799,206,op4> 3.065869998972677E-4
<895,750,196,op7> 8.030820385881467E-5
<896,749,206,op7> 7.603137732254705E-5
<897,676,216,op5> 4.1411285519742344E-5
<898,748,188,op6> 2.81674314529405E-4
<899,714,190,op5> 4.1043007136844884E-4
<900,750,197,op7> 7.000126860420745E-5
<901,749,217,op5> 3.265984088473445E-4
<902,676,202,op7> 1.4205947040689309E-5
<903,685,195,op2> 1.6398439877740275E-4
<904,718,221,op7> 2.916386661290563E-4
<905,692,184,op2> 0.0011122472314072515
<906,674,221,op7> 2.0146092068125602E-4
<907,676,214,op5> 5.399192922194255E-5
<908,751,185,op7> 2.0492716740453317E-4
<909,662,207,op7> 5.60994681273319E-4
<910,681,189,op1> 8.125003939332185E-4
<911,749,220,op4> 1.3492076407212915E-4
<912,737,189,op5> 9.763175700597006E-4
<913,674,188,op6> 3.3231239354592726E-4
<914,796,187,op6> 2.758158914170218E-4
<915,676,211,op5> 1.6249998115341933E-5
<916,677,200,op5> 1.8428200180285983E-4
<917,717,186,op7> 4.687811886689978E-4
<918,700,184,op2> 2.3990382532981835E-4
<919,679,184,op2> 7.577184263961902E-4
<920,678,213,op1> 1.9302344708023702E-4
<921,784,185,op4> 4.195696894874866E-4
<922,735,200,op5> 8.44673899123345E-4
<923,679,200,op1> 8.126474034130969E-4
<924,692,187,op6> 3.1298257182073394E-4
<925,675,219,op6> 3.501789533605191E-5
<926,765,204,op7> 0.0014726910577131163
<927,752,197,op3> 3.5537228060042913E-4
<928,675,216,op6> 2.179704194826928E-5
<929,748,210,op7> 9.643052001395722E-6
<930,771,185,op6> 2.5590000437884097E-4
<931,665,197,op4> 1.8062776259007696E-4
<932,751,188,op6> 6.931087065386482E-4
<933,660,209,op4> 4.828731864978793E-4
<934,671,191,op5> 5.887184298934925E-4
<935,718,199,op6> 1.9695488950509352E-4
<936,675,214,op6> 2.8418928109768805E-5
<937,749,219,op4> 5.7254198775995756E-5
<938,789,206,op4> 3.7767963755460515E-4
<939,677,216,op2> 1.2098391186122614E-4
<940,689,189,op1> 6.6015657007074E-4
<941,665,209,op4> 4.99773748025305E-4
<942,667,201,op4> null
<943,692,195,op2> 3.05087253539354E-4
<944,803,188,op6> 2.6268503489820913E-4
<945,752,209,op3> 9.83269316262537E-4
<946,674,220,op6> 8.331389730663522E-5
<947,675,211,op6> 8.553269625270223E-6
<948,687,212,op6> 1.6134411670745953E-5
<949,677,214,op2> 1.2590405941930425E-4
<950,680,184,op2> 6.603967936480556E-4
<951,681,195,op2> 1.830523521236124E-4
<952,679,214,op2> 1.3454453408533496E-4
<953,753,196,op4> 2.1723404695008248E-4
<954,753,209,op4> 5.239174073501991E-4
<955,698,192,op1> 0.001028691987180863
<956,699,199,op6> 1.7492704002097125E-4
<957,753,197,op4> 1.8935374145916283E-4
<958,679,211,op2> 1.0238781223263691E-5
<959,677,216,op5> 4.1009234204016694E-5
<960,752,185,op7> 2.011842054428065E-4
<961,743,196,op4> 9.81056986226179E-5
<962,677,202,op7> 1.4068025224760287E-5
<963,751,196,op7> 8.067659011504778E-5
<964,660,220,op1> 1.2348496977335953E-4
<965,676,214,op7> 5.17036235049823E-6
<966,677,211,op5> 1.6092231143348325E-5
<967,675,221,op7> 1.9954224524619643E-4
<968,781,221,op7> 3.108254204796521E-4
<969,676,211,op7> 1.5561284744217974E-6
<970,680,184,op5> 2.238509762302897E-4
<971,677,214,op5> 5.346773573435087E-5
<972,682,189,op1> 7.109378446915662E-4
<973,749,221,op5> 6.380564941057393E-4
<974,679,213,op1> 2.0831243298758258E-4
<975,749,210,op7> 1.0076447596964067E-5
<976,785,213,op5> 3.2675144481836743E-4
<977,791,212,op4> null
<978,791,212,op4> null
<979,791,212,op4> null
<980,753,196,op3> 4.114895641171297E-4
<981,677,184,op5> 2.4034525868936368E-4
<982,754,185,op3> 0.0010163272028300189
<983,721,216,op2> 3.0879970241574515E-5
<984,678,200,op5> 1.824753155106749E-4
<985,723,184,op2> 1.7817418606366626E-4
<986,729,201,op5> 9.605488819044913E-4
<987,728,199,op6> 1.580822139448777E-4
<988,753,197,op3> 3.586780692571773E-4
<989,676,202,op8> 1.615419120626956E-5
<990,680,195,op2> 1.8114555678899142E-4
<991,678,216,op2> 1.1979779507827293E-4
<992,752,206,op7> 1.757714637026625E-4
<993,790,188,op6> 4.6523735096429806E-4
<994,672,185,op6> 1.4881141558986948E-4
<995,675,220,op6> 8.252043161800061E-5
<996,676,212,op6> 2.215792536115777E-5
<997,680,198,op2> 7.11018056833035E-5
<998,684,187,op6> 1.7214041450140367E-4
<999,683,184,op8> 2.1040516770291613E-5
<1000,683,199,op6> 1.0625197986458994E-4
<1001,658,220,op1> 1.3336376735522827E-4
<1002,682,195,op8> 5.912138042076355E-6
<1003,777,221,op7> 3.5687363092108204E-4
<1004,682,198,op8> 1.1498410207817793E-5
<1005,710,221,op7> 3.0315071873941377E-4
<1006,658,185,op4> 5.492548662381642E-4
<1007,684,190,op5> 2.3152465564374038E-4
<1008,687,189,op1> 6.347659327603269E-4
<1009,699,184,op2> 1.8939775683933028E-4
<1010,684,195,op5> 5.6877538032277305E-5
<1011,685,184,op5> 2.0264404164005168E-4
<1012,730,196,op7> 4.346957823550519E-5
<1013,684,184,op7> 1.985684264385898E-5
<1014,777,207,op7> 5.165594589942443E-4
<1015,683,195,op7> 5.075327883692012E-6
<1016,684,198,op5> 1.1062009365332676E-4
<1017,683,198,op7> 9.870913285605726E-6
<1018,699,214,op5> 7.076612082487615E-5
<1019,776,192,op1> 0.0013993236590327917
<1020,687,184,op2> 1.0522097602185017E-4
<1021,686,195,op2> 1.4491644543119316E-4
<1022,686,198,op2> 5.68814445466428E-5
<1023,689,184,op2> 5.422205253110351E-4
<1024,683,195,op8> 5.7713728505983465E-6
<1025,685,187,op6> 1.6822813235364449E-4
<1026,684,184,op8> 2.2580066777873925E-5
<1027,785,189,op5> 0.001447042112767056
<1028,683,198,op8> 1.1224638536203082E-5
<1029,704,200,op5> 3.125567285479877E-4
<1030,796,217,op8> 1.8657103170102853E-4
<1031,684,199,op6> 1.140265149766331E-4
<1032,685,195,op5> 5.55848667133619E-5
<1033,686,184,op5> 1.7908078098423177E-4
<1034,685,184,op7> 1.9405550765589455E-5
<1035,684,195,op7> 5.446693338596307E-6
<1036,799,206,op7> 1.1282075344636013E-4
<1037,663,220,op4> 2.945044635122819E-4
<1038,758,222,op4> null
<1039,750,217,op5> 7.65574764824958E-4
<1040,685,198,op5> 1.0810600061575113E-4
<1041,793,199,op6> 1.8788459854104318E-4
<1042,771,188,op6> 5.823379086900059E-4
<1043,720,190,op5> 3.4202505947370735E-4
<1044,747,197,op7> 2.8899606304489313E-5
<1045,684,198,op7> 1.0593175233332974E-5
<1046,698,205,op8> 3.4601220166703353E-4
<1047,688,184,op2> 5.561236157036257E-4
<1048,687,195,op2> 2.8861909189578767E-5
<1049,778,184,op2> 0.0010486851825247535
<1050,659,186,op7> 6.714973783636995E-4
<1051,687,198,op2> 5.613300448681855E-5
<1052,682,187,op6> 1.643158502058853E-4
<1053,681,184,op8> 2.4632800121317008E-5
<1054,678,214,op8> 5.765276720258747E-6
<1055,687,184,op5> 1.7672445491864974E-4
<1056,681,199,op6> 1.2439256179269065E-4
<1057,792,190,op5> 3.8412045140893286E-4
<1058,670,209,op4> 2.8006644816877E-4
<1059,680,195,op8> 6.686346595205402E-6
<1060,679,212,op6> 2.344867829481745E-5
<1061,683,198,op2> 6.137208490558828E-5
<1062,679,202,op8> 1.7095212053236717E-5
<1063,678,211,op8> 1.7351803721167104E-6
<1064,792,184,op7> 3.294430711367512E-5
<1065,680,198,op8> 1.3004154401698693E-5
<1066,711,207,op7> 4.360206186134212E-4
<1067,681,195,op7> 5.941847278468697E-6
<1068,682,198,op5> 1.0559190757817554E-4
<1069,681,198,op7> 1.155619116363597E-5
<1070,679,211,op7> 1.6467767350677275E-6
<1071,702,199,op6> 2.26757274101259E-4
<1072,683,184,op5> 1.9321873737772373E-4
<1073,774,214,op5> 9.802418217964326E-5
<1074,698,190,op5> 3.5781083144941693E-4
<1075,682,195,op5> 5.429219539444652E-5
<1076,682,184,op7> 1.8954258887319932E-5
<1077,708,199,op6> 2.2934878580527338E-4
<1078,679,214,op7> 5.471548506837934E-6
<1079,684,198,op2> 6.586272526453376E-5
<1080,766,204,op7> 0.0014802433195475425
<1081,690,195,op5> 1.0406004117268915E-4
<1082,771,191,op5> 0.0010030017694481726
<1083,659,185,op4> 5.390834798263464E-4
<1084,778,216,op2> 1.789333248800335E-4
<1085,709,186,op7> 4.5294398634909916E-4
<1086,682,199,op6> 1.0884349156860432E-4
<1087,681,195,op8> 6.7567291909444056E-6
<1088,683,187,op6> 1.6040356805812613E-4
<1089,682,184,op8> 2.1553700106152385E-5
<1090,679,214,op8> 6.221932302061422E-6
<1091,679,211,op8> 1.8726204015913017E-6
<1092,665,206,op4> 4.598804998459015E-4
<1093,684,184,op5> 2.0735669377121573E-4
<1094,719,184,op2> 2.1184489839065832E-4
<1095,790,209,op4> 3.5491179207594126E-4
<1096,686,189,op1> 6.432294785304646E-4
<1097,681,198,op8> 1.3141040237506049E-5
<1098,682,198,op7> 1.0111667268181475E-5
<1099,711,189,op4> 0.0018198864009320661
<1100,683,184,op7> 1.850296700905041E-5
<1101,695,192,op1> 9.98436340499073E-4
<1102,800,221,op7> 1.630874119800644E-4
<1103,682,195,op7> 5.199116368660111E-6
<1104,683,195,op5> 5.299952407553112E-5
<1105,779,196,op7> 6.999338868428802E-5
<1106,685,198,op2> 6.436584514488525E-5
<1107,743,196,op3> 1.858339966980586E-4
<1108,689,184,op5> 1.8379343311539573E-4
<1109,688,195,op5> 5.1706852756615724E-5
<1110,688,184,op7> 1.8051675130780888E-5
<1111,802,197,op4> 7.068042883959534E-5
<1112,687,195,op7> 4.642068186303671E-6
<1113,755,220,op4> 3.090120725522958E-4
<1114,688,198,op5> 1.0056372150302431E-4
<1115,663,206,op6> 2.466624241292386E-4
<1116,686,195,op8> 5.349077276164321E-6
<1117,726,184,op2> 1.7396534702279228E-4
<1118,687,199,op6> 9.718168890053958E-5
<1119,686,198,op8> 1.0403323521358956E-5
<1120,673,188,op6> 3.354772734844599E-4
<1121,674,185,op6> 1.4602989380314293E-4
<1122,687,195,op8> 5.278694680425317E-6
<1123,689,187,op6> 1.5257900376260778E-4
<1124,664,198,op5> 6.817436551049954E-5
<1125,688,184,op8> 2.052733343443084E-5
<1126,687,198,op7> 9.028274346590605E-6
<1127,689,195,op5> 5.0414181437700336E-5
<1128,695,200,op5> 2.384825905684068E-4
<1129,689,184,op7> 1.7600383252511366E-5
<1130,688,195,op7> 4.951539398723915E-6
<1131,671,220,op1> 6.668188367761414E-5
<1132,689,198,op5> 9.80496284654487E-5
<1133,687,198,op8> 1.0266437685551601E-5
<1134,688,199,op6> 1.0366046816057555E-4
<1135,689,190,op5> 2.0521503568422442E-4
<1136,688,195,op8> 5.630607659120338E-6
<1137,767,217,op7> 7.028394971228574E-4
<1138,677,190,op5> 2.6835812358706274E-4
<1139,721,207,op7> 3.5825897962504045E-4
<1140,689,184,op8> 2.001415009857007E-5
<1141,688,198,op7> 9.630159303029976E-6
<1142,686,195,op5> 4.912151011878495E-5
<1143,736,202,op4> null
<1144,723,189,op4> 0.001472137407123391
<1145,686,184,op7> 1.7149091374241843E-5
<1146,670,207,op7> 3.221553615232921E-4
<1147,704,190,op5> 4.5515642529962594E-4
<1148,686,190,op5> 1.9995311169232125E-4
<1149,684,198,op8> 1.204595355104721E-5
<1150,700,216,op5> 6.875077498908681E-5
<1151,686,187,op6> 1.4866672161484862E-4
<1152,732,209,op3> 5.488014788442067E-4
<1153,685,184,op8> 2.206688344201315E-5
<1154,684,195,op8> 6.193668425032372E-6
<1155,692,203,op4> null
<1156,685,199,op6> 1.114350032726187E-4
<1157,688,198,op2> 5.987520478593979E-5
<1158,685,195,op7> 5.322904853628208E-6
<1159,686,198,op5> 9.553553542787311E-5
<1160,685,198,op7> 1.0352421250757225E-5
<1161,724,221,op7> 2.4175310481750717E-4
<1162,687,184,op7> 1.6923445435107087E-5
<1163,781,184,op5> 1.009871918530765E-4
<1164,686,195,op7> 4.703962428787719E-6
<1165,687,198,op5> 9.427848890908529E-5
<1166,687,195,op5> 4.8475174459327246E-5
<1167,789,220,op6> 1.348891670678856E-4
<1168,666,206,op4> 4.643237896994851E-4
<1169,688,184,op5> 1.8850608524655972E-4
<1170,687,190,op5> 1.9732214969636966E-4
<1171,685,198,op8> 1.1772181879432502E-5
<1172,686,199,op6> 9.847744475254677E-5
<1173,722,184,op2> 1.7957713241062426E-4
<1174,687,187,op6> 1.4671058054096904E-4
<1175,686,184,op8> 1.9500966762709298E-5
<1176,685,195,op8> 6.052903233554363E-6
<1177,660,208,op4> null
<1178,688,187,op6> 1.5649128591036697E-4
<1179,729,213,op5> 2.3817424592182204E-4
<1180,737,201,op5> 8.89103097300025E-4
<1181,687,184,op8> 1.9244375094778914E-5
<1182,689,198,op2> 5.837832466629129E-5
<1183,708,198,op5> 2.224972338254413E-4
<1184,689,195,op2> 1.4873003610043508E-4
<1185,686,198,op7> 9.148651337878477E-6
<1186,750,206,op7> 1.7822408877758337E-4
<1187,721,189,op4> 0.001495320673377303
<1188,750,209,op7> 1.9368449165949422E-4
<1189,751,206,op4> 4.8654023896740314E-4
<1190,751,209,op4> 5.287461392151779E-4
<1191,750,219,op4> 1.342087670233019E-4
<1192,750,210,op4> 6.418680161984005E-5
<1193,683,219,op4> null
<1194,781,185,op6> 2.2530326472484905E-4
<1195,750,207,op5> 0.002164903474041438
<1196,715,186,op7> 4.909532719168558E-4
<1197,660,191,op5> 0.0010902193146175789
<1198,750,210,op3> 1.2158406746751734E-4
<1199,750,209,op4> 5.263317732826883E-4
<1200,750,206,op4> 4.843185940406112E-4
<1201,783,189,op5> 0.0014296078704445618
<1202,753,207,op5> 0.002154972724160514
<1203,733,189,op5> 0.001037337418188432
<1204,752,209,op7> 1.910191087467489E-4
<1205,753,210,op4> 6.389236675002428E-5
<1206,752,220,op4> 3.119135943602986E-4
<1207,798,213,op4> null
<1208,751,210,op7> 2.3728408857366996E-5
<1209,688,201,op1> 6.165997613182201E-4
<1210,752,219,op4> 1.3236185738536656E-4
<1211,753,210,op3> 1.210263423873911E-4
<1212,752,210,op4> 6.330349701039272E-5
<1213,751,209,op7> 1.9457295263040938E-4
<1214,657,221,op7> 4.105965431027503E-4
<1215,750,210,op7> 2.3620059958474906E-5
<1216,667,185,op1> 2.2726246743344307E-4
<1217,752,209,op4> 5.190886754852203E-4
<1218,751,219,op4> 1.3482440356928037E-4
<1219,752,210,op3> 1.1991089222713867E-4
<1220,758,204,op7> 0.0016614976035737724
<1221,730,196,op3> 2.2375930214664199E-4
<1222,669,198,op6> 1.2712641870462113E-4
<1223,751,210,op4> 6.448123648965584E-5
<1224,750,220,op4> 3.162658770723027E-4
<1225,752,206,op4> 4.7765365926023595E-4
<1226,667,207,op7> 5.832122924128565E-4
<1227,798,198,op2> 1.0403316831557038E-4
<1228,798,190,op5> 3.6570371743727175E-4
<1229,690,201,op1> 0.0012409070196529178
<1230,750,209,op3> 9.96989353233642E-4
<1231,690,216,op2> 1.9096480205546475E-4
<1232,690,214,op2> 1.9873091731870574E-4
<1233,691,202,op2> 5.392447136579509E-4
<1234,690,187,op6> 3.149387128946135E-4
<1235,690,211,op2> 1.5123337403169305E-5
<1236,695,187,op8> 3.8283274207766537E-4
<1237,690,200,op5> 2.9087649304176895E-4
<1238,779,197,op3> 3.1404992239107693E-4
<1239,692,200,op1> 0.001192876922441243
<1240,757,217,op7> 7.68300038521555E-4
<1241,690,213,op1> 3.0769084138532833E-4
<1242,704,187,op6> 3.384124057811685E-4
<1243,690,202,op8> 2.5250726060285425E-5
<1244,695,216,op5> 5.30707736757863E-5
<1245,667,209,op6> 2.7730308254828403E-4
<1246,792,211,op5> 2.303397791106721E-5
<1247,690,212,op6> 3.463520371986797E-5
<1248,692,214,op2> 1.9749656379498706E-4
<1249,725,190,op5> 3.288702494939494E-4
<1250,692,211,op2> 1.5029403630478814E-5
<1251,690,214,op7> 8.08182852844869E-6
<1252,691,202,op7> 2.1929568732714565E-5
<1253,804,193,op4> null
<1254,691,216,op5> 6.392615920037896E-5
<1255,690,211,op7> 2.43239499399912E-6
<1256,739,209,op3> 5.213614049019964E-4
<1257,691,214,op5> 8.334676452707636E-5
<1258,804,193,op4> null
<1259,789,185,op6> 2.3642935187175523E-4
<1260,742,185,op3> 4.7685494350792356E-4
<1261,777,186,op7> 5.891439263002269E-4
<1262,691,211,op5> 2.5084948546984152E-5
<1263,668,207,op7> 5.332226673488974E-4
<1264,759,217,op7> 7.614094552164289E-4
<1265,692,200,op5> 2.8906980674958405E-4
<1266,762,186,op7> 0.002211215562416163
<1267,691,216,op2> 1.8859256848955837E-4
<1268,691,211,op2> 1.4935469857788319E-5
<1269,692,202,op2> 5.426361898444789E-4
<1270,690,214,op5> 8.43951515022597E-5
<1271,727,192,op4> null
<1272,690,202,op7> 2.220541236457261E-5
<1273,689,202,op2> 2.645351425491835E-4
<1274,690,216,op5> 6.473026183183026E-5
<1275,799,188,op6> 4.3675343151750436E-4
<1276,691,200,op5> 2.8726312045739916E-4
<1277,690,211,op5> 2.5400482490971375E-5
<1278,711,190,op5> 4.1306103336440043E-4
<1279,665,188,op6> 6.551301472762565E-4
<1280,692,213,op1> 3.057797181469102E-4
<1281,790,191,op5> 8.013111962439204E-4
<1282,784,186,op5> 0.0018688182826268158
<1283,761,186,op7> 0.0022001039264241216
<1284,758,217,op7> 7.579641635638659E-4
<1285,755,209,op4> 5.142599436202415E-4
<1286,754,219,op4> 1.2989931120145273E-4
<1287,694,211,op2> 1.2493191767835512E-5
<1288,755,206,op4> 4.732103694066523E-4
<1289,694,216,op2> 3.1837488698677595E-5
<1290,691,211,op8> 2.7316205858074954E-6
<1291,729,200,op5> 9.291412890356795E-4
<1292,692,212,op6> 3.4420078230924694E-5
<1293,691,214,op8> 9.076029688328128E-6
<1294,692,202,op8> 2.5093889252457564E-5
<1295,754,217,op5> 7.409920888902117E-4
<1296,753,210,op7> 2.3511711059582822E-5
<1297,693,211,op5> 2.1140774247143877E-5
<1298,753,221,op5> 0.001488798486246725
<1299,741,197,op3> 1.652894328374089E-4
<1300,694,200,op5> 2.4028927686059175E-4
<1301,693,216,op5> 5.387487630723762E-5
<1302,693,202,op7> 1.8481523334489003E-5
<1303,692,211,op7> 2.417286950558132E-6
<1304,703,199,op6> 2.228700065452374E-4
<1305,673,191,op5> 5.778162367473167E-4
<1306,693,214,op5> 7.024192733728448E-5
<1307,755,210,op4> 6.271462727076115E-5
<1308,754,220,op4> 3.06110550744293E-4
<1309,754,209,op7> 1.8746526486308846E-4
<1310,754,206,op7> 1.7250129693610134E-4
<1311,692,214,op7> 8.031630835725406E-6
<1312,693,211,op8> 2.3021204936993986E-6
<1313,657,185,op6> 2.9762283117973896E-4
<1314,673,184,op6> 1.3020389785018983E-4
<1315,659,196,op4> 2.1222865416321423E-4
<1316,754,206,op4> 4.6876707955306865E-4
<1317,799,185,op7> 1.2913218767956884E-4
<1318,729,196,op3> 2.2944809796392947E-4
<1319,693,211,op2> 1.2587125540526005E-5
<1320,754,210,op3> 1.1767999190663376E-4
<1321,693,216,op2> 3.207686831295337E-5
<1322,691,212,op6> 3.420495274198142E-5
<1323,781,186,op7> 5.131253551647137E-4
<1324,709,207,op7> 3.9713979911923077E-4
<1325,690,211,op8> 2.7659805931761427E-6
<1326,754,209,op4> 5.094312117552626E-4
<1327,753,219,op4> 1.3359313047732344E-4
<1328,691,202,op8> 2.4937052444629706E-5
<1329,690,214,op8> 9.190193583778795E-6
<1330,748,197,op4> 7.766121193486401E-5
<1331,754,207,op5> 0.00209538822487497
<1332,752,221,op5> 0.001475076841212193
<1333,733,209,op3> 5.442281331871717E-4
<1334,691,198,op2> 1.1900196951205532E-4
<1335,714,189,op4> 0.0018082947678051105
<1336,692,211,op5> 2.524271551897776E-5
<1337,693,200,op5> 2.4209596315277667E-4
<1338,753,209,op7> 1.927960306885791E-4
<1339,754,210,op4> 6.212575753112959E-5
<1340,753,220,op4> 3.1481511616830135E-4
<1341,692,202,op7> 2.2067490548643587E-5
<1342,728,200,op5> 9.368201426640734E-4
<1343,691,211,op7> 2.4021789071171437E-6
<1344,692,214,op5> 8.387095801466804E-5
<1345,717,191,op4> null
<1346,691,214,op7> 7.981433143002123E-6
<1347,692,216,op5> 6.432821051610461E-5
<1348,753,206,op7> 1.7740654708594308E-4
<1349,659,206,op1> 2.0044663543653454E-4
<1350,736,201,op5> 8.970415178116323E-4
<1351,694,212,op6> 2.8611690029456152E-5
<1352,696,216,op2> 3.1358729470126055E-5
<1353,696,211,op2> 1.2305324222454526E-5
<1354,693,217,op8> 1.7730864005629664E-4
<1355,782,201,op5> 0.0012939625433920003
<1356,800,186,op7> 2.6923243943827575E-4
<1357,693,214,op8> 7.648980995194776E-6
<1358,694,205,op8> 3.3837957957143726E-4
<1359,776,187,op8> 5.365458885179401E-4
<1360,694,202,op8> 2.085929544110535E-5
<1361,694,211,op7> 2.0093697776514473E-6
<1362,744,196,op7> 3.5733466854610205E-5
<1363,695,214,op5> 6.919354036210112E-5
<1364,745,197,op3> 1.5206627821041618E-4
<1365,755,210,op7> 2.3078315464014474E-5
<1366,779,209,op7> 1.6880758447387111E-4
<1367,695,211,op5> 2.082524030315665E-5
<1368,696,200,op5> 2.366759042762219E-4
<1369,697,211,op2> 1.286892685859748E-5
<1370,773,188,op6> 5.760081488129405E-4
<1371,709,190,op5> 3.762275654210781E-4
<1372,694,214,op7> 6.676293132196743E-6
<1373,695,202,op7> 1.820567970263096E-5
<1374,729,185,op7> 1.1322459934223063E-4
<1375,735,206,op7> 8.992958608043199E-5
<1376,657,216,op6> 4.485160554740024E-5
<1377,773,185,op1> 1.9696080510898394E-4
<1378,783,201,op5> 0.0013019009639036081
<1379,695,216,op2> 3.159810908440182E-5
<1380,696,195,op2> 5.041213471779758E-5
<1381,695,211,op2> 1.2399257995145017E-5
<1382,755,219,op4> 1.3113058429340966E-4
<1383,692,214,op8> 9.133111636053463E-6
<1384,693,212,op6> 2.882681551839944E-5
<1385,692,211,op8> 2.748800589491819E-6
<1386,658,185,op6> 3.004043529664654E-4
<1387,678,218,op4> null
<1388,693,202,op8> 2.1016132248933213E-5
<1389,694,211,op5> 2.0983007275150265E-5
<1390,661,184,op5> 1.2529892322511344E-4
<1391,669,188,op6> 6.139867080753323E-4
<1392,789,221,op7> 3.261748239601288E-4
<1393,754,210,op7> 2.28616176662303E-5
<1394,755,217,op5> 7.480157105858535E-4
<1395,693,207,op8> 5.013959556558852E-4
<1396,755,206,op7> 1.7413638031938192E-4
<1397,717,184,op2> 2.076360593497843E-4
<1398,755,209,op7> 1.8924218680491868E-4
<1399,694,202,op7> 1.834360151855998E-5
<1400,693,211,op7> 2.0244778210924356E-6
<1401,662,219,op4> 1.243585822876467E-4
<1402,707,205,op8> 4.4778049627498465E-4
<1403,693,214,op7> 6.726490824920028E-6
<1404,694,216,op5> 5.347282499151196E-5
<1405,696,184,op5> 3.0867871459124154E-4
<1406,686,211,op2> 7.138966724477437E-6
<1407,657,209,op6> 2.8258504602539424E-4
<1408,668,206,op1> 1.8153657548969167E-4
<1409,683,214,op7> 4.116210803309271E-6
<1410,684,202,op7> 1.2137119801753972E-5
<1411,684,216,op5> 3.5380515783857536E-5
<1412,657,202,op5> 8.153996097653547E-5
<1413,796,199,op6> 1.827015751330144E-4
<1414,684,214,op5> 4.612902690806742E-5
<1415,683,211,op7> 1.2388595621610427E-6
<1416,684,211,op5> 1.388349353543777E-5
<1417,687,200,op1> 5.591610573943326E-4
<1418,682,214,op8> 4.794883608928068E-6
<1419,743,196,op7> 3.610185311084329E-5
<1420,664,197,op1> 7.6130078689609E-5
<1421,683,202,op8> 1.2860618241884503E-5
<1422,682,211,op8> 1.4431203094832049E-6
<1423,683,212,op6> 1.7640290093348906E-5
<1424,685,216,op2> 1.0200604333397497E-4
<1425,685,214,op2> 1.0615440303980555E-4
<1426,734,199,op6> 1.4382889957279858E-4
<1427,694,187,op6> 2.6016676282598504E-4
<1428,686,202,op2> 2.577521901761275E-4
<1429,694,184,op2> 1.865918641454143E-4
<1430,685,211,op2> 8.07830445138236E-6
<1431,687,211,op2> 7.045032951786944E-6
<1432,688,202,op2> 2.7131809492223944E-4
<1433,685,216,op5> 3.4576413152406224E-5
<1434,784,197,op4> 1.4397865133991642E-4
<1435,775,203,op4> null
<1436,684,214,op7> 4.417396959648974E-6
<1437,805,184,op8> 2.0270741766500454E-5
<1438,725,199,op6> 1.619694815008993E-4
<1439,685,214,op5> 4.508063993288406E-5
<1440,684,211,op7> 1.3295078228069727E-6
<1441,685,202,op7> 1.1861276169895926E-5
<1442,791,202,op6> 1.1186901994068532E-4
<1443,685,211,op5> 1.3567959591450544E-5
<1444,688,200,op1> 5.964384612206215E-4
<1445,687,213,op1> 1.4333424288136414E-4
<1446,684,202,op8> 1.3801639088851662E-5
<1447,683,211,op8> 1.4087603021145571E-6
<1448,683,214,op8> 4.680719713477399E-6
<1449,686,216,op2> 9.014487550444299E-5
<1450,684,212,op6> 1.8931043027008584E-5
<1451,686,214,op2> 9.381086780261887E-5
<1452,685,214,op7> 4.317001574202406E-6
<1453,688,211,op2> 7.514701815239407E-6
<1454,707,184,op2> 2.4691855706460836E-4
<1455,686,211,op5> 1.1990289871514438E-5
<1456,687,200,op5> 1.3550147191386752E-4
<1457,686,202,op7> 1.0482058010605704E-5
<1458,686,216,op5> 3.0555899995149696E-5
<1459,686,214,op5> 3.983870505696732E-5
<1460,685,211,op7> 1.2992917359249957E-6
<1461,689,200,op1> 5.81527499690106E-4
<1462,704,205,op8> 4.401478741793883E-4
<1463,658,220,op4> 3.1336435526429997E-4
<1464,688,207,op4> null
<1465,684,214,op8> 5.0232113998294045E-6
<1466,685,202,op8> 1.348796547319594E-5
<1467,792,211,op2> 1.3714330812811915E-5
<1468,688,213,op1> 1.528898590734551E-4
<1469,689,201,op1> 6.011847672852646E-4
<1470,687,216,op2> 1.7953471070682857E-5
<1471,684,211,op8> 1.5118403242205005E-6
<1472,730,185,op3> 5.683725589286362E-4
<1473,738,185,op3> 5.539224091253657E-4
<1474,685,212,op6> 1.850079204912202E-5
<1475,713,199,op6> 1.9825064535710073E-4
<1476,689,211,op2> 7.326834269858421E-6
<1477,709,187,op6> 2.7972817356478096E-4
<1478,689,214,op2> 9.62795748500562E-5
<1479,688,200,op5> 1.4453490337479203E-4
<1480,687,211,op5> 1.1832522899520825E-5
<1481,778,189,op1> 0.0015996101505560238
<1482,690,184,op5> 3.793684965587015E-4
<1483,687,214,op5> 3.931451156937564E-5
<1484,667,184,op5> 1.3090932277250657E-4
<1485,708,194,op1> 0.0021586423996441764
<1486,686,211,op7> 1.1482113015151126E-6
<1487,734,195,op4> null
<1488,687,202,op7> 1.0344136194676682E-5
<1489,687,216,op5> 3.0153848679424037E-5
<1490,686,214,op7> 3.815024646969568E-6
<1491,685,214,op8> 4.909047504378735E-6
<1492,689,213,op1> 1.490676125966187E-4
<1493,690,195,op2> 3.069940488739749E-4
<1494,688,214,op2> 9.874828189749353E-5
<1495,784,206,op7> 1.3489437912064797E-4
<1496,664,206,op4> 4.5543720999231796E-4
<1497,660,184,op5> 1.2467554549762532E-4
<1498,686,212,op6> 1.6349537159689232E-5
<1499,717,190,op5> 3.893823754008361E-4
<1500,667,188,op6> 6.646247870918545E-4
<1501,690,198,op2> 1.2049884963170382E-4
<1502,791,210,op4> 4.387079560255123E-5
<1503,686,202,op8> 1.1919597394917343E-5
<1504,669,185,op4> 4.933122409731661E-4
<1505,657,185,op1> 2.315912763369372E-4
<1506,685,211,op8> 1.4774803168518526E-6
<1507,690,198,op5> 2.0238448952483644E-4
<1508,690,184,op7> 3.6328996200696535E-5
<1509,713,207,op7> 4.249118130436525E-4
<1510,745,185,op3> 4.431379273002926E-4
<1511,703,187,op6> 3.3645626470728897E-4
<1512,687,214,op7> 3.764826954246284E-6
<1513,658,184,op6> 2.6532115033623587E-4
<1514,772,184,op6> 2.2232929727249395E-4
<1515,688,216,op5> 3.216410525805231E-5
<1516,688,202,op7> 1.1033745274321793E-5
<1517,700,190,op5> 4.4989450130772276E-4
<1518,688,214,op5> 4.193547900733402E-5
<1519,687,211,op7> 1.1331032580741242E-6
<1520,688,211,op5> 1.262135775948888E-5
<1521,739,185,op3> 5.491056925242756E-4
<1522,687,202,op8> 1.1762760587089485E-5
<1523,686,211,op8> 1.305680280008614E-6
<1524,699,198,op5> 1.6970128003635356E-4
<1525,691,195,op2> 3.0318045820473306E-4
<1526,707,187,op6> 3.4428082900280735E-4
<1527,689,216,op2> 9.251710907034939E-5
<1528,689,200,op5> 1.409215307904222E-4
<1529,690,190,op5> 4.2358488134820683E-4
<1530,673,185,op4> 2.695417399131732E-4
<1531,744,195,op4> null
<1532,686,214,op8> 4.338228027125395E-6
<1533,691,184,op7> 3.5877704322427016E-5
<1534,688,214,op7> 4.015815417862703E-6
<1535,689,216,op5> 3.1360002626600995E-5
<1536,690,195,op7> 9.964973039931879E-6
<1537,713,187,op6> 2.992895843035768E-4
<1538,672,209,op4> 2.583371547763654E-4
<1539,691,198,op5> 1.9987039648726082E-4
<1540,740,196,op3> 1.7824893560834193E-4
<1541,689,202,op7> 1.0757901642463749E-5
<1542,663,185,op1> 2.1968705185232827E-4
<1543,691,195,op5> 1.0276736985377376E-4
<1544,692,184,op5> 3.7701217049311943E-4
<1545,689,214,op5> 4.088709203215067E-5
<1546,688,211,op7> 1.208643475279066E-6
<1547,788,213,op4> null
<1548,693,195,op2> 5.156661108538073E-5
<1549,690,198,op7> 1.938069559734783E-5
<1550,687,211,op8> 1.2885002763242901E-6
<1551,688,202,op8> 1.2546944626228782E-5
<1552,691,187,op6> 3.1102643074685436E-4
<1553,713,213,op4> null
<1554,736,185,op3> 5.442889759231854E-4
<1555,773,198,op6> 1.1926292888784044E-4
<1556,690,184,op8> 4.1311258536792064E-5
<1557,687,214,op8> 4.28114607940006E-6
<1558,688,212,op6> 1.7210039115462347E-5
<1559,793,212,op6> 3.1193195896775504E-5
<1560,692,198,op2> 1.1975040957187958E-4
<1561,691,190,op5> 4.183229573563037E-4
<1562,689,211,op5> 1.230582381550166E-5
<1563,690,199,op6> 2.0861669217315826E-4
<1564,762,204,op7> 0.0015029001050508213
<1565,693,193,op1> 0.0011362607771778716
<1566,676,184,op2> 7.160091552184181E-4
<1567,770,217,op7> 6.304883724190338E-4
<1568,692,195,op5> 1.0341370551323145E-4
<1569,693,184,op5> 3.157476927879876E-4
<1570,689,211,op7> 1.1784273883970893E-6
<1571,691,195,op7> 9.84118455496378E-6
<1572,692,184,op7> 3.6103350261561776E-5
<1573,689,214,op7> 3.915420032416136E-6
<1574,691,198,op7> 1.913994161477208E-5
<1575,694,195,op2> 5.118178562951968E-5
<1576,695,184,op2> 1.8518891779845627E-4
<1577,688,211,op8> 1.3744002947459094E-6
<1578,689,212,op6> 1.6779788137575788E-5
<1579,693,198,op2> 1.0029096801644915E-4
<1580,746,185,op4> 2.3139904086885623E-4
<1581,691,184,op8> 4.07980752009313E-5
<1582,728,213,op5> 2.4014262811952305E-4
<1583,688,214,op8> 4.566555818026732E-6
<1584,690,195,op8> 1.1331597913979679E-5
<1585,689,202,op8> 1.2233271010573064E-5
<1586,672,216,op4> null
<1587,696,198,op5> 1.6467309396120232E-4
<1588,690,198,op8> 2.2038619564984103E-5
<1589,694,192,op1> 0.0010060002521695207
<1590,694,190,op5> 3.4991794546156217E-4
<1591,692,190,op5> 4.209539193522553E-4
<1592,693,195,op5> 8.660897836733136E-5
<1593,693,184,op7> 3.023655584405799E-5
<1594,716,190,op5> 3.946442993927393E-4
<1595,705,190,op5> 4.7094219727533557E-4
<1596,692,195,op7> 9.90307879744783E-6
<1597,787,190,op5> 4.4200161531986795E-4
<1598,693,198,op5> 1.6844423351756576E-4
<1599,793,184,op2> 8.045468331539114E-4
<1600,696,184,op2> 1.8378597145149827E-4
<1601,695,195,op2> 5.0796960173658626E-5
<1602,794,186,op7> 4.5611142681307895E-4
<1603,695,198,op2> 9.879408789680063E-5
<1604,689,211,op8> 1.3400402873772617E-6
<1605,693,187,op6> 2.6212290389986473E-4
<1606,692,184,op8> 4.105466686886168E-5
<1607,689,214,op8> 4.452391922576063E-6
<1608,691,195,op8> 1.1190832722501673E-5
<1609,691,198,op8> 2.1764847893369394E-5
<1610,693,190,op5> 3.525489074575138E-4
<1611,695,184,op5> 3.1103504065682354E-4
<1612,692,198,op8> 2.1901733729176747E-5
<1613,663,206,op4> 4.509939201387343E-4
<1614,719,187,op6> 2.953773021558176E-4
<1615,704,198,op5> 2.1746904775029005E-4
<1616,696,193,op1> 0.001110822103061949
<1617,692,195,op8> 1.1261215318240676E-5
<1618,693,184,op8> 3.438328350267166E-5
<1619,693,199,op6> 1.7363128416896407E-4
<1620,696,198,op2> 9.80456478369764E-5
<1621,661,185,op6> 2.7954293956601643E-4
<1622,697,184,op2> 1.9220364953324626E-4
<1623,727,187,op6> 2.4060535208718923E-4
<1624,761,204,op7> 0.0014953478432163949
<1625,693,198,op7> 1.613051683257521E-5
<1626,694,195,op5> 8.596264270787366E-5
<1627,693,195,op7> 8.293828492862558E-6
<1628,694,198,op5> 1.6718718699877794E-4
<1629,695,195,op5> 8.531630704841594E-5
<1630,695,190,op5> 3.472869834656105E-4
<1631,693,198,op8> 1.8342701998185525E-5
<1632,774,190,op5> 4.919898932429483E-4
<1633,694,199,op6> 1.7233552831695683E-4
<1634,788,221,op7> 3.2425614852506923E-4
<1635,771,206,op4> 4.087826665296903E-4
<1636,693,195,op8> 9.431267829026567E-6
<1637,695,187,op6> 2.5821062175210546E-4
<1638,780,200,op4> null
<1639,694,184,op8> 3.4126691834741274E-5
<1640,697,198,op2> 1.0253628819592186E-4
<1641,697,195,op2> 5.272108745296387E-5
<1642,698,184,op2> 1.9080070318628828E-4
<1643,694,198,op7> 1.6010139841287334E-5
<1644,694,195,op7> 8.231934250378509E-6
<1645,695,198,op5> 1.6593014047999009E-4
<1646,677,189,op1> 8.632816685540446E-4
<1647,772,219,op6> 6.0944606306013416E-5
<1648,659,220,op6> 1.6821472599053968E-4
<1649,695,184,op7> 2.9785263965788467E-5
<1650,697,184,op5> 3.228166709847335E-4
<1651,697,184,op8> 3.515305850646281E-5
<1652,696,195,op5> 8.466997138895824E-5
<1653,694,195,op8> 9.36088523328756E-6
<1654,771,219,op4> 1.1327712446003464E-4
<1655,696,187,op6> 2.562544806782259E-4
<1656,679,184,op5> 2.5683954114843766E-4
<1657,695,184,op8> 3.387010016681089E-5
<1658,694,198,op8> 1.820581616237817E-5
<1659,671,185,op6> 1.502021764832327E-4
<1660,698,195,op2> 5.233626199710283E-5
<1661,698,198,op2> 1.0178784813609763E-4
<1662,696,184,op7> 2.9559618026653704E-5
<1663,695,195,op7> 8.17004000789446E-6
<1664,695,198,op7> 1.588976284999946E-5
<1665,697,190,op5> 3.604417934453685E-4
<1666,697,184,op7> 3.0913493661462274E-5
<1667,793,216,op2> 1.3727688945822675E-4
<1668,697,195,op5> 8.854798534570442E-5
<1669,696,199,op6> 1.6974401661294246E-4
<1670,787,198,op7> 2.0223334536362946E-5
<1671,696,186,op8> 5.590471142468892E-4
<1672,695,195,op8> 9.290502637548558E-6
<1673,697,187,op6> 2.679913271215034E-4
<1674,696,184,op8> 3.36135084988805E-5
<1675,695,198,op8> 1.8068930326570816E-5
<1676,699,198,op2> 1.0103940807627338E-4
<1677,699,195,op2> 5.195143654124178E-5
<1678,696,198,op7> 1.5769385858711588E-5
<1679,737,187,op6> 2.1908780027451376E-4
<1680,696,195,op7> 8.10814576541041E-6
<1681,696,198,op8> 1.7932044490763464E-5
<1682,698,187,op6> 2.6603518604762384E-4
<1683,696,195,op8> 9.220120041809554E-6
<1684,697,199,op6> 1.775185517249856E-4
<1685,698,195,op5> 8.790164968624673E-5
<1686,698,184,op7> 3.068784772232751E-5
<1687,697,195,op7> 8.479511220314704E-6
<1688,790,220,op4> 2.1326185288820412E-4
<1689,779,185,op7> 1.7779069318201503E-4
<1690,699,184,op5> 3.181040188535696E-4
<1691,697,198,op7> 1.6491647806438834E-5
<1692,698,184,op8> 3.4896466838532423E-5
<1693,699,190,op5> 3.5517986945346534E-4
<1694,698,187,op8> 3.94433734261837E-4
<1695,697,198,op8> 1.8753359505607587E-5
<1696,697,195,op8> 9.642415616243578E-6
<1697,698,199,op6> 1.7622279587297844E-4
<1698,675,208,op4> null
<1699,698,195,op7> 8.417616977830654E-6
<1700,699,184,op7> 3.046220178319275E-5
<1701,699,195,op5> 8.725531402678905E-5
<1702,698,198,op7> 1.637127081515096E-5
<1703,698,195,op8> 9.572033020504575E-6
<1704,699,184,op8> 3.463987517060204E-5
<1705,668,214,op6> 5.246571343341932E-5
<1706,733,200,op5> 9.137835817788915E-4
<1707,699,186,op8> 5.76117255139924E-4
<1708,784,188,op6> 5.222051898578857E-4
<1709,698,198,op8> 1.8616473669800234E-5
<1710,699,195,op7> 8.355722735346607E-6
<1711,699,198,op7> 1.6250893823863087E-5
<1712,699,195,op8> 9.50165042476557E-6
<1713,699,198,op8> 1.847958783399288E-5
<1714,801,184,op5> 2.0500036770563376E-4
<1715,800,195,op5> 1.4534260406553619E-5
<1716,800,198,op5> 2.8267419845816884E-5
<1717,712,221,op7> 2.954760169991755E-4
<1718,800,191,op5> 4.6334320871247093E-4
<1719,800,196,op6> 4.653925136844023E-5
<1720,772,202,op6> 1.3589458127022847E-4
<1721,760,204,op7> 0.0014877955813819687
<1722,800,198,op6> 5.5699719535529876E-5
<1723,802,185,op4> 2.059705748393116E-4
<1724,801,195,op5> 5.623120237281962E-5
<1725,801,184,op7> 1.9631196704724217E-5
<1726,801,198,op5> 1.0936304713453896E-4
<1727,801,184,op8> 2.232347510994354E-5
<1728,801,187,op8> 2.52321580005734E-4
<1729,699,194,op4> null
<1730,661,198,op5> 6.684413398834345E-5
<1731,802,196,op4> 8.108736314726582E-5
<1732,803,185,op4> 2.1105626804522053E-4
<1733,801,198,op7> 1.0472798242045101E-5
<1734,801,195,op7> 5.384799096112258E-6
<1735,803,186,op5> 9.400722270183375E-4
<1736,801,198,op8> 1.1909067715239858E-5
<1737,801,195,op8> 6.123285829293369E-6
<1738,666,196,op4> 2.0922541849109326E-4
<1739,792,184,op5> 3.440236055749715E-4
<1740,803,196,op4> 8.308952026201312E-5
<1741,805,184,op2> 1.1083276140968217E-4
<1742,805,198,op2> 5.9126764726115544E-5
<1743,701,198,op5> 2.1872609426907793E-4
<1744,805,195,op2> 3.040121101302297E-5
<1745,669,186,op7> 6.144834500120647E-4
<1746,669,195,op5> 3.317231198672238E-5
<1747,669,198,op5> 6.45162288245703E-5
<1748,669,196,op6> 1.0621899724091065E-4
<1749,668,198,op5> 6.385111306349225E-5
<1750,668,195,op5> 3.2830329388921116E-5
<1751,669,184,op5> 1.2093527913269656E-4
<1752,793,189,op1> 0.0012272141366699654
<1753,784,209,op7> 1.4659606020099334E-4
<1754,762,217,op7> 6.856130388600423E-4
<1755,668,198,op6> 1.25815837068491E-4
<1756,763,204,op7> 0.0014424820103754114
<1757,719,221,op7> 2.897199906939967E-4
<1758,717,221,op7> 2.8396396438881797E-4
<1759,664,185,op4> 5.212835536056652E-4
<1760,668,196,op6> 1.0512395603224145E-4
<1761,669,196,op4> 1.942092401304885E-4
<1762,669,197,op4> 1.6928399006026538E-4
<1763,792,198,op5> 1.8352879174301937E-4
<1764,669,184,op6> 2.3829769983902665E-4
<1765,669,197,op1> 7.204505007699585E-5
<1766,668,184,op5> 1.196885236777203E-4
<1767,667,195,op5> 3.590817276913247E-5
<1768,667,186,op7> 6.651624974357401E-4
<1769,668,196,op4> 1.9220708301574118E-4
<1770,761,217,op7> 6.821677472074792E-4
<1771,668,197,op4> 1.675387942864482E-4
<1772,668,185,op6> 2.6702609152574707E-4
<1773,668,188,op6> 6.076569481982669E-4
<1774,666,188,op6> 6.614599071533218E-4
<1775,802,207,op5> 8.043907403548464E-4
<1776,665,198,op6> 1.3564519933946688E-4
<1777,668,197,op1> 7.130231760197527E-5
<1778,669,185,op1> 2.0994723181946644E-4
<1779,737,200,op5> 8.600316063801331E-4
<1780,666,195,op5> 3.573718147023184E-5
<1781,666,186,op7> 6.619950569717605E-4
<1782,800,184,op5> 5.298710683649076E-5
<1783,666,198,op5> 6.950459703265564E-5
<1784,658,207,op7> 5.998755007675094E-4
<1785,801,195,op2> 3.347981465991137E-5
<1786,659,196,op6> 1.1607436811893329E-4
<1787,797,196,op3> 2.654771381400837E-4
<1788,667,196,op4> 2.1022649704846694E-4
<1789,791,221,op7> 2.858826398238776E-4
<1790,667,197,op4> 1.8324555625080273E-4
<1791,722,187,op6> 2.5038605745658713E-4
<1792,667,184,op6> 2.5795111838245154E-4
<1793,801,198,op2> 6.511428520470953E-5
<1794,788,220,op4> 2.451785927762347E-4
<1795,788,197,op1> 6.276089413923864E-5
<1796,800,184,op6> 1.0440878601194467E-4
<1797,666,196,op6> 1.1443180630592951E-4
<1798,743,197,op4> 8.551459291704126E-5
<1799,787,212,op6> 3.6141082142470924E-5
<1800,800,185,op6> 1.1821467593587761E-4
<1801,661,219,op1> 5.2663377791719655E-5
<1802,660,202,op5> 7.620557100610791E-5
<1803,662,206,op1> 1.909916054631131E-4
<1804,771,184,op5> 1.1470150185781531E-4
<1805,661,210,op1> 2.5186832856909404E-5
<1806,677,198,op2> 7.634088610207323E-5
<1807,660,206,op4> 4.44328985358359E-4
<1808,708,184,op5> 4.170697136080134E-4
<1809,660,219,op1> 5.240137093703448E-5
<1810,661,206,op1> 1.9004610246577095E-4
<1811,660,210,op1> 2.5061525230755626E-5
<1812,730,210,op7> 1.2785170069266235E-5
<1813,771,197,op1> 6.833138770189298E-5
<1814,660,206,op1> 1.8910059946842882E-4
<1815,765,217,op7> 6.718318722497902E-4
<1816,771,185,op1> 1.9912520956073107E-4
<1817,777,184,op2> 2.609480205341884E-4
<1818,776,195,op2> 7.11927093342943E-5
<1819,774,187,op6> 3.6579838081548274E-4
<1820,774,184,op7> 4.219579061820032E-5
<1821,775,184,op5> 4.4298930032941533E-4
<1822,774,195,op5> 1.2086476831858927E-4
<1823,659,221,op7> 4.0675919223263115E-4
<1824,773,198,op5> 6.052553425810203E-5
<1825,775,195,op2> 7.234718570187744E-5
<1826,776,184,op2> 2.595450741872304E-4
<1827,775,198,op2> 1.4070673124695848E-4
<1828,772,196,op6> 9.910122938456096E-5
<1829,772,198,op6> 1.1860763806977539E-4
<1830,774,184,op5> 4.406329742638334E-4
<1831,773,195,op5> 3.112041639991481E-5
<1832,769,217,op7> 7.166206637331096E-4
<1833,772,186,op7> 5.733067239803284E-4
<1834,772,198,op5> 6.019297637756301E-5
<1835,773,197,op4> 1.5881281541736236E-4
<1836,773,196,op4> 1.8219629744200465E-4
<1837,721,184,op2> 1.809800787575823E-4
<1838,774,198,op2> 1.3995829118713422E-4
<1839,774,195,op2> 7.19623602460164E-5
<1840,775,184,op2> 2.637539132281044E-4
<1841,771,196,op6> 1.0074379119756475E-4
<1842,772,185,op6> 2.5172772169875115E-4
<1843,773,184,op5> 1.1345474640283905E-4
<1844,772,195,op5> 3.0949425101014175E-5
<1845,771,195,op5> 3.146239899771608E-5
<1846,710,186,op7> 5.004555933087949E-4
<1847,771,198,op5> 6.119065001918009E-5
<1848,769,204,op7> 0.0015708704615606574
<1849,773,185,op4> 4.6279808173771246E-4
<1850,790,221,op7> 2.8204528895375836E-4
<1851,774,184,op2> 2.623509668811464E-4
<1852,771,196,op4> 1.84198454556752E-4
<1853,773,197,op1> 6.758865522687238E-5
<1854,772,184,op5> 1.1283136867535091E-4
<1855,776,195,op7> 1.1450434859549054E-5
<1856,803,220,op4> 1.2041315503211527E-4
<1857,778,184,op5> 4.4534562639499744E-4
<1858,701,207,op8> 6.510663901800302E-4
<1859,777,190,op5> 4.893589312469967E-4
<1860,775,198,op8> 2.5734537131782674E-5
<1861,780,184,op2> 2.497244497585243E-4
<1862,776,195,op8> 1.3020780211715783E-5
<1863,778,187,op6> 3.6971066296324196E-4
<1864,657,206,op1> 2.0233764143121882E-4
<1865,776,198,op7> 2.2269743388256822E-5
<1866,657,210,op1> 2.681583199690852E-5
<1867,778,195,op5> 1.2215743963750467E-4
<1868,778,184,op7> 4.2647082496469854E-5
<1869,660,185,op1> 2.1644044517470768E-4
<1870,658,206,op1> 2.042286474259031E-4
<1871,776,198,op8> 2.5323879624360615E-5
<1872,778,184,op8> 4.849582523884286E-5
<1873,778,199,op6> 2.448978560293597E-4
<1874,657,219,op1> 5.6069466902626894E-5
<1875,774,195,op7> 1.157422334451715E-5
<1876,775,198,op5> 2.363247455321071E-4
<1877,775,184,op7> 4.242143655733508E-5
<1878,775,195,op5> 1.2151110397804694E-4
<1879,774,184,op8> 4.7982641902982085E-5
<1880,775,190,op5> 4.946208552388999E-4
<1881,777,198,op2> 1.3920985112731E-4
<1882,696,213,op4> null
<1883,789,185,op4> 4.3228392250225893E-4
<1884,700,200,op5> 3.0894335596361796E-4
<1885,776,187,op6> 3.6188609866772363E-4
<1886,775,184,op8> 4.8239233570912466E-5
<1887,774,198,op7> 2.251049737083257E-5
<1888,777,195,op2> 7.157753479015534E-5
<1889,776,184,op7> 4.174449873993081E-5
<1890,775,195,op7> 1.1636117587001198E-5
<1891,775,199,op6> 2.4360210017735251E-4
<1892,774,195,op8> 1.3161545403193789E-5
<1893,774,198,op8> 2.559765129597532E-5
<1894,794,221,op7> 2.762892626485797E-4
<1895,774,210,op4> null
<1896,704,199,op6> 2.2416576239724459E-4
<1897,781,207,op7> 4.499066255756321E-4
<1898,776,184,op8> 4.7469458567121317E-5
<1899,775,195,op8> 1.3231927998932792E-5
<1900,775,198,op7> 2.2630874362120442E-5
<1901,778,195,op2> 2.876523070856234E-4
<1902,778,195,op7> 1.169801182948525E-5
<1903,682,215,op4> null
<1904,778,198,op7> 2.2751251353408322E-5
<1905,790,185,op4> 3.7379845063430624E-4
<1906,778,198,op8> 2.5871422967590033E-5
<1907,738,209,op7> 1.0217301165523778E-4
<1908,778,195,op8> 1.33023105946718E-5
<1909,665,184,op6> 2.5426610240555936E-4
<1910,665,196,op4> 2.0722326137634595E-4
<1911,665,185,op6> 2.8788750492619603E-4
<1912,666,197,op1> 7.761554363965016E-5
<1913,665,184,op5> 1.2903918959004222E-4
<1914,664,195,op5> 3.505321627462932E-5
<1915,711,184,op2> 2.202625764724063E-4
<1916,663,198,op6> 1.3302403606720665E-4
<1917,667,185,op4> 5.339977866204375E-4
<1918,665,196,op6> 1.1333676509726031E-4
<1919,666,185,op6> 2.906690267129226E-4
<1920,666,197,op4> 1.8237295836389414E-4
<1921,705,207,op8> 6.697751944955483E-4
<1922,666,184,op6> 2.5672277972348746E-4
<1923,666,184,op5> 1.3028594504501848E-4
<1924,667,197,op1> 7.798690987716045E-5
<1925,732,201,op5> 9.52610461392884E-4
<1926,665,198,op5> 6.883948127157759E-5
<1927,665,195,op5> 3.539519887243058E-5
<1928,796,212,op4> null
<1929,664,198,op6> 1.3433461770333675E-4
<1930,663,197,op4> 1.7713737104244263E-4
<1931,663,184,op6> 2.4935274776970314E-4
<1932,663,196,op4> 2.0321894714685134E-4
<1933,662,186,op7> 6.398229737239024E-4
<1934,725,187,op6> 2.445176342349484E-4
<1935,657,188,op6> 6.77284306845985E-4
<1936,658,221,op7> 4.1443389397286944E-4
<1937,708,187,op6> 3.462369700766869E-4
<1938,663,184,op5> 1.2654567868008968E-4
<1939,734,201,op5> 8.811646767884176E-4
<1940,665,185,op1> 2.2401586075582243E-4
<1941,657,220,op4> 3.104628334562972E-4
<1942,661,198,op6> 1.3171345443107653E-4
<1943,669,207,op7> 5.387770701337816E-4
<1944,659,219,op6> 7.13826328004135E-5
<1945,662,197,op4> 1.7626477315553404E-4
<1946,662,184,op6> 2.4812440911073906E-4
<1947,659,214,op6> 5.793089191606717E-5
<1948,668,202,op5> 7.315734816586359E-5
<1949,661,196,op6> 1.1005164147125276E-4
<1950,659,216,op6> 4.4432431663779676E-5
<1951,664,185,op6> 2.8510598313946954E-4
<1952,774,212,op6> 4.022846643239323E-5
<1953,664,184,op6> 2.5180942508763125E-4
<1954,664,196,op4> 2.0522110426159866E-4
<1955,663,198,op5> 6.75092497494215E-5
<1956,663,195,op5> 3.471123367682805E-5
<1957,664,184,op5> 1.2779243413506595E-4
<1958,665,197,op1> 7.687281116462958E-5
<1959,663,188,op6> 6.424706275221259E-4
<1960,662,198,op6> 1.323687452491416E-4
<1961,725,189,op4> 0.0014489541408694796
<1962,666,220,op6> 1.6583432892463583E-4
<1963,663,185,op6> 2.8232446135274293E-4
<1964,658,214,op5> 2.9954444235757753E-5
<1965,794,184,op2> 2.0202427396195233E-4
<1966,660,195,op5> 3.419825978012616E-5
<1967,675,197,op4> 9.075018023849279E-5
<1968,658,216,op5> 2.297476790897925E-5
<1969,660,198,op5> 6.651157610780443E-5
<1970,659,210,op4> 6.242019240094537E-5
<1971,657,220,op6> 1.6980165736780895E-4
<1972,658,211,op6> 1.776448306786892E-5
<1973,659,202,op6> 1.591693438082234E-4
<1974,660,196,op4> 2.0021571147473043E-4
<1975,661,185,op4> 5.111121671938473E-4
<1976,658,202,op6> 1.6217253897441626E-4
<1977,660,185,op6> 2.781521786726532E-4
<1978,675,185,op4> 2.644560467072643E-4
<1979,660,184,op6> 2.45667731792811E-4
<1980,724,190,op5> 3.31501211489901E-4
<1981,657,214,op6> 5.847740976433196E-5
<1982,659,209,op4> 5.11845577687752E-4
<1983,658,209,op6> 2.8522602776394926E-4
<1984,657,219,op6> 7.205605386456835E-5
<1985,660,188,op6> 6.32975987706528E-4
<1986,659,220,op1> 1.3089406795976108E-4
<1987,772,221,op7> 3.4728025374578415E-4
<1988,662,197,op1> 7.501597997707815E-5
<1989,803,219,op4> 5.109783331621128E-5
<1990,703,207,op8> 6.435828684538228E-4
<1991,658,211,op5> 9.015415255422238E-6
<1992,659,202,op5> 8.077790526647437E-5
<1993,705,187,op6> 3.501492522244461E-4
<1994,771,206,op1> 1.7397255151095452E-4
<1995,659,222,op4> null
<1996,661,195,op5> 3.4369251079026794E-5
<1997,659,216,op5> 2.254930924399815E-5
<1998,661,186,op7> 6.366555332599227E-4
<1999,659,207,op7> 5.887666951977407E-4
<2000,659,220,op4> 3.075613116482944E-4
<2001,771,214,op5> 2.5516748793423274E-5
<2002,662,196,op4> 2.022178685894777E-4
<2003,659,222,op4> null
<2004,659,211,op6> 1.7435511159204684E-5
<2005,659,219,op4> 1.3051494774743118E-4
<2006,659,206,op6> 2.5759819662757923E-4
<2007,660,196,op6> 1.095041208669182E-4
<2008,658,216,op6> 4.52707794310208E-5
<2009,658,214,op6> 5.902392761259674E-5
<2010,716,186,op7> 4.7511606959695725E-4
<2011,770,204,op7> 0.0013820639157000013
<2012,735,205,op4> null
<2013,658,219,op6> 7.27294749287232E-5
<2014,660,198,op6> 1.310581636130115E-4
<2015,713,221,op7> 2.9355734156411587E-4
<2016,664,185,op1> 2.2185145630407535E-4
<2017,659,214,op5> 2.939973230546594E-5
<2018,722,221,op7> 2.4559045568762637E-4
<2019,663,197,op1> 7.538734621458843E-5
<2020,659,211,op5> 8.848463121062566E-6
<2021,799,185,op4> 3.5091283120771604E-4
<2022,658,219,op1> 5.6593480611997233E-5
<2023,657,210,op4> 6.300906214057694E-5
<2024,657,209,op4> 5.166743095527308E-4
<2025,657,206,op4> 4.754320143334441E-4
<2026,661,185,op1> 2.1752264740058122E-4
<2027,791,184,op6> 1.830224601856442E-4
<2028,660,197,op1> 7.427324750205757E-5
<2029,724,199,op6> 1.6326523735290648E-4
<2030,657,220,op1> 1.321289176574947E-4
<2031,658,210,op1> 2.7066447249216074E-5
<2032,657,216,op5> 2.27620385764887E-5
<2033,659,219,op1> 5.554545319325655E-5
<2034,657,214,op5> 2.967708827061185E-5
<2035,657,211,op6> 1.7599997113536804E-5
<2036,658,210,op4> 6.359793188020849E-5
<2037,659,210,op1> 2.6565216744600963E-5
<2038,657,219,op4> 1.317462208393881E-4

