<0,675,179,op1> 0.0028603182868718545
<1,783,186,op4> 0.003011885586698971
<2,668,237,op1> 0.001247487349633715
<3,612,168,op1> 4.825039647872041E-4
<4,758,187,op4> 0.008669265195491556
<5,650,174,op8> 0.0016279283659155499
<6,580,198,op4> 5.115738035622147E-5
<7,797,174,op8> 0.0013150750933597125
<8,732,184,op4> 0.0020278621070678386
<9,780,175,op7> 6.314359134712948E-4
<10,580,199,op4> 5.468547555320227E-5
<11,609,176,op5> 1.6153711327043633E-4
<12,774,188,op8> 0.0032387931930594653
<13,583,169,op4> 1.1457807955977978E-4
<14,740,237,op1> 2.893581690678927E-4
<15,743,206,op1> 2.1739597190660698E-4
<16,648,247,op1> 0.0013997756581258349
<17,726,183,op4> 0.002158094557375643
<18,557,171,op4> 3.630913492241381E-4
<19,664,175,op1> 0.001773783115695384
<20,756,187,op4> 0.008746583056766842
<21,733,237,op4> 0.0011611164741547936
<22,661,217,op6> 5.247534366670106E-4
<23,719,180,op2> 0.0031502642980334354
<24,753,187,op4> 0.008533958938259803
<25,662,216,op1> 0.0015560727181922899
<26,738,182,op4> 0.002155922262298987
<27,605,226,op1> 7.22569692746168E-4
<28,583,181,op1> 0.0012299555409892133
<29,739,175,op4> 0.0015145715601706195
<30,682,179,op1> 0.0027929175614080106
<31,582,167,op6> 1.969404939622061E-4
<32,784,242,op1> 0.005850677423138028
<33,615,176,op7> 3.4603303536027665E-4
<34,801,199,op4> 3.002524389237784E-5
<35,566,223,op7> 8.414785387673489E-4
<36,664,237,op1> 0.0012863312671073397
<37,792,172,op3> 0.001640028343635189
<38,706,180,op2> 0.0036319948546743638
<39,701,180,op2> 0.00350522365555833
<40,725,175,op4> 0.0017427407822222974
<41,568,167,op6> 2.1720881238027198E-4
<42,733,183,op4> 0.00200078470353505
<43,635,172,op3> 0.0018190218872788661
<44,640,172,op3> 0.001760848985594671
<45,752,187,op4> 0.008495300007622159
<46,801,198,op4> 2.808813138319217E-5
<47,714,180,op2> 0.0032516812573262625
<48,668,175,op1> 0.001720219397915965
<49,750,187,op4> 0.008572617868897446
<50,823,172,op3> 9.330038462426656E-4
<51,744,187,op4> 0.003430980094090861
<52,670,217,op1> 0.0012714227514130092
<53,741,206,op4> 7.38411819035102E-4
<54,642,174,op8> 0.0014169342983778922
<55,674,179,op1> 0.002868743377554835
<56,762,188,op8> 0.0033905492243002286
<57,721,180,op2> 0.002909399019712972
<58,604,226,op1> 7.306657117125118E-4
<59,587,178,op4> 0.0014157669729421367
<60,660,217,op7> 6.067320291890294E-4
<61,696,179,op1> 0.0029277190123356976
<62,577,230,op4> 1.022874346739121E-4
<63,800,191,op6> 2.9983599046458686E-5
<64,731,175,op4> 0.0015853826980487264
<65,726,237,op4> 0.0012524081871104528
<66,585,198,op4> 5.309449286540714E-5
<67,695,179,op1> 0.0029445691937016586
<68,742,206,op1> 2.1981821114790622E-4
<69,671,244,op1> 4.1677269294273026E-4
<70,804,168,op5> 5.741562845418708E-5
<71,668,180,op1> 0.002388058131427933
<72,582,169,op4> 1.1151756324432657E-4
<73,666,180,op1> 0.0024852964265998493
<74,763,188,op8> 0.0033266519479883284
<75,822,174,op8> 7.548494657597242E-4
<76,581,167,op6> 1.9761610457614165E-4
<77,738,175,op4> 0.0015303073685879768
<78,662,217,op1> 0.0015731786576817987
<79,582,181,op1> 0.001197101970612206
<80,718,180,op2> 0.003162941417945039
<81,625,169,op2> 6.185203849029875E-4
<82,642,172,op3> 0.0017429496312303032
<83,663,244,op1> 5.199042181250652E-4
<84,616,226,op1> 0.0010585544798494282
<85,754,187,op4> 0.008437311611665695
<86,737,183,op4> 0.0018533067155594933
<87,736,237,op4> 0.00108694195737832
<88,824,172,op3> 9.195793304693897E-4
<89,739,175,op1> 4.558419258765943E-4
<90,773,188,op8> 0.0031748959167475638
<91,740,206,op4> 6.780511798769193E-4
<92,686,179,op1> 0.0027592171986760895
<93,803,182,op4> 0.001745798232967046
<94,576,230,op4> 1.015708852191036E-4
<95,727,175,op1> 5.150421759904377E-4
<96,575,181,op1> 0.0011231814372639393
<97,741,183,op4> 0.0018041473862343076
<98,801,191,op6> 3.017277001836063E-5
<99,665,215,op1> 0.0015442862581714514
<100,741,206,op1> 2.222404503892055E-4
<101,724,175,op4> 0.0017584765906396543
<102,826,178,op4> 9.86605320518161E-4
<103,698,179,op1> 0.0030119699191655017
<104,601,210,op4> 6.616512564757728E-4
<105,574,230,op4> 9.727158849025266E-5
<106,723,182,op4> 0.0024995396922798023
<107,670,215,op1> 0.001233643704504593
<108,804,177,op5> 2.3154684620382325E-4
<109,580,167,op6> 1.962648833482706E-4
<110,631,173,op7> 0.0012564593701660464
<111,581,169,op4> 1.1190012778375823E-4
<112,581,181,op1> 0.001201208666909332
<113,662,215,op1> 0.0015264332378457702
<114,588,185,op4> 0.0023529893110410542
<115,804,168,op8> 8.996622096364747E-5
<116,733,240,op4> 1.1000050807782255E-4
<117,647,246,op1> 0.0014544030177195046
<118,575,230,op4> 9.798813794506117E-5
<119,727,206,op4> 8.752292677936494E-4
<120,755,187,op4> 0.008475970542303337
<121,573,230,op4> 9.942123685467815E-5
<122,571,181,op1> 0.0011026479557783098
<123,664,216,op1> 0.0015669925267410075
<124,638,172,op3> 0.0018100722100966827
<125,665,237,op1> 0.0012923072544109744
<126,563,175,op6> 4.470297134496906E-4
<127,730,183,op4> 0.0019909528376700126
<128,760,188,op8> 0.0033745749052222535
<129,632,233,op7> 0.0025658296833119495
<130,740,206,op1> 2.0407365607946117E-4
<131,796,174,op8> 0.0013187129221103617
<132,804,177,op7> 3.19060614847788E-4
<133,827,180,op1> 0.001215478689648948
<134,580,169,op4> 1.1113499870489492E-4
<135,767,188,op8> 0.0034304850219951675
<136,739,184,op4> 0.0019088677535968647
<137,665,180,op1> 0.002473856627167859
<138,580,181,op1> 0.00119299527431508
<139,825,176,op5> 1.9679890200793566E-4
<140,565,193,op7> 1.44628414331337E-4
<141,577,181,op1> 0.0011724617928294506
<142,826,168,op5> 7.859809332078037E-5
<143,726,175,op4> 0.00172700497380494
<144,826,168,op8> 1.2315764229004167E-4
<145,715,180,op2> 0.003226327017503056
<146,651,217,op6> 5.481304948069242E-4
<147,586,167,op6> 2.043722107154969E-4
<148,640,174,op8> 0.0014314856133804893
<149,584,199,op4> 5.656793598532628E-5
<150,690,179,op1> 0.0031636215514591493
<151,592,186,op4> 0.0029720984587372932
<152,584,198,op4> 5.291839172820844E-5
<153,620,226,op1> 9.087781289720714E-4
<154,648,178,op1> 0.003577204459654911
<155,825,176,op7> 2.711795893810138E-4
<156,566,175,op7> 5.100980388219436E-4
<157,629,173,op7> 7.142781146762131E-4
<158,826,177,op5> 3.169718962596027E-4
<159,566,171,op4> 3.748228952410731E-4
<160,710,180,op2> 0.00335309821661909
<161,653,175,op7> 7.240358704405365E-4
<162,584,191,op6> 5.684587705653524E-5
<163,558,193,op7> 1.3917930609907313E-4
<164,709,243,op2> 6.950519107898172E-4
<165,688,179,op1> 0.00277606738004205
<166,663,216,op1> 0.0015597126543751957
<167,794,176,op7> 4.786680887621285E-4
<168,662,175,op1> 0.0017614222577462875
<169,587,168,op5> 1.1278733485984321E-4
<170,585,167,op6> 2.0369660010156136E-4
<171,742,175,op4> 0.0014280246138751555
<172,583,199,op4> 5.637968994211387E-5
<173,586,169,op4> 1.1572577317807474E-4
<174,586,181,op1> 0.001242275629880591
<175,795,175,op6> 5.007559347887905E-4
<176,583,198,op4> 5.274229059100974E-5
<177,583,191,op6> 5.665670608463329E-5
<178,650,178,op1> 0.004152526577679825
<179,826,177,op7> 4.367722979955156E-4
<180,708,243,op2> 8.030763386426314E-4
<181,795,175,op7> 5.80346282039989E-4
<182,632,172,op7> 0.003922475262994131
<183,801,169,op4> 6.101904403934851E-5
<184,800,167,op6> 1.0708428230878103E-4
<185,782,210,op4> 0.0015465842063133387
<186,693,179,op1> 0.0029782695564335806
<187,729,175,op4> 0.0016955333569702259
<188,717,180,op2> 0.0031249100582102294
<189,608,226,op1> 6.942336263639654E-4
<190,775,188,op8> 0.0032547675121374397
<191,743,237,op4> 0.001024178904721304
<192,628,195,op2> 1.30399762998347E-4
<193,585,181,op1> 0.0012381689335834649
<194,765,188,op8> 0.0033586005861442787
<195,780,217,op7> 5.639542127949733E-4
<196,791,174,op8> 0.0013405398946142572
<197,727,175,op4> 0.001711269165387583
<198,581,191,op6> 5.5332509281319656E-5
<199,667,215,op1> 0.0015549980703668607
<200,691,179,op1> 0.003121496098044248
<201,584,167,op6> 2.030209894876259E-4
<202,734,206,op4> 7.54507989477284E-4
<203,582,199,op4> 5.487372159641466E-5
<204,585,169,op4> 1.1534320863864309E-4
<205,582,198,op4> 5.133348149342017E-5
<206,735,237,op4> 0.0010584132970796766
<207,757,187,op4> 0.008785241987404485
<208,579,230,op4> 1.0085433576429515E-4
<209,582,191,op6> 5.51433383094177E-5
<210,627,173,op7> 6.899104178002656E-4
<211,801,167,op6> 1.0775989292271656E-4
<212,826,197,op5> 1.8819261781031918E-5
<213,584,181,op1> 0.0012340622372863394
<214,716,180,op2> 0.0031375871781218322
<215,742,237,op1> 3.116825381947924E-4
<216,629,195,op2> 1.2984604850578503E-4
<217,664,215,op1> 0.0015371450500411788
<218,669,180,op1> 0.0023994979308599234
<219,826,197,op8> 2.9488449562404345E-5
<220,580,191,op6> 5.495416733751576E-5
<221,581,198,op4> 5.150958263061887E-5
<222,583,167,op6> 2.0234537887369033E-4
<223,713,180,op2> 0.0031882956577682455
<224,743,175,op4> 0.0014122888054577984
<225,581,199,op4> 5.5061967639627076E-5
<226,567,217,op7> 4.57009671809833E-4
<227,712,180,op2> 0.003200972777679849
<228,770,188,op8> 0.003182883076286552
<229,587,210,op4> 0.0012434127327578765
<230,584,169,op4> 1.1496064409921145E-4
<231,578,230,op4> 1.0013778630948662E-4
<232,628,173,op7> 7.173240767857065E-4
<233,794,176,op5> 3.473762701302304E-4
<234,729,206,op1> 2.6099627824999335E-4
<235,711,180,op2> 0.003327743976795883
<236,726,237,op1> 3.769383864118839E-4
<237,728,237,op1> 3.7178660892106096E-4
<238,751,187,op4> 0.008591947334216268
<239,663,215,op1> 0.0015300038419109063
<240,834,184,op4> 0.00293023595422272
<241,613,176,op5> 2.482620531383402E-4
<242,616,225,op1> 0.0010445338907123496
<243,732,175,op1> 4.8425804593123917E-4
<244,589,177,op7> 6.308933193268557E-4
<245,702,180,op2> 0.0035305778953815367
<246,557,223,op7> 8.151411823114069E-4
<247,667,237,op1> 0.0013012712353664265
<248,705,243,op2> 8.087618348454112E-4
<249,625,173,op7> 7.020942662382392E-4
<250,645,174,op8> 0.0014278477846298397
<251,662,237,op1> 0.0012773672861518882
<252,672,179,op1> 0.002885593558920796
<253,649,174,op8> 0.0014096586408765936
<254,724,237,op4> 0.0012752311153493678
<255,599,210,op4> 0.001452355234802857
<256,617,226,op1> 0.0010787945272652873
<257,725,240,op1> 3.603532781738836E-5
<258,605,168,op1> 3.3975131248329755E-4
<259,644,172,op3> 0.001751899308412487
<260,589,168,op8> 1.7789437219672692E-4
<261,725,237,op4> 0.0012638196512299103
<262,790,195,op2> 2.0349007601652873E-4
<263,724,240,op4> 1.2081136882257169E-4
<264,559,193,op7> 1.396333984517618E-4
<265,728,206,op4> 8.71205225183104E-4
<266,629,169,op2> 6.29253927374189E-4
<267,667,244,op1> 5.283974025518458E-4
<268,626,195,op2> 1.265237615504131E-4
<269,812,169,op4> 9.085907811501738E-5
<270,559,192,op7> 1.5080407032790275E-4
<271,771,188,op8> 0.003198857395364527
<272,588,197,op5> 2.7094398167017588E-5
<273,731,175,op1> 4.7715401591757794E-4
<274,826,210,op4> 8.6649684671595E-4
<275,728,206,op1> 2.62207397870643E-4
<276,655,176,op7> 5.902916485557662E-4
<277,605,225,op1> 7.129992332395962E-4
<278,598,177,op5> 5.327825490320982E-4
<279,626,173,op7> 6.960023420192523E-4
<280,699,179,op1> 0.003003544828482522
<281,574,181,op1> 0.0011149680446696873
<282,725,237,op1> 3.8037290473909925E-4
<283,560,192,op7> 1.5521784799603648E-4
<284,656,175,op6> 6.219843316565032E-4
<285,643,174,op8> 0.0014205721271285414
<286,588,177,op7> 6.288282020786501E-4
<287,567,223,op7> 8.441122744129432E-4
<288,704,243,op2> 7.803343538315125E-4
<289,685,179,op1> 0.0028013426520909915
<290,646,174,op8> 0.0013878316683726979
<291,566,167,op7> 4.352475200520771E-4
<292,749,187,op4> 0.003237685440902643
<293,613,226,op1> 0.0010545064703662566
<294,705,180,op2> 0.003606640614851157
<295,730,206,op4> 8.148686286354667E-4
<296,726,206,op4> 8.832773530147404E-4
<297,723,237,op4> 0.001286642579468825
<298,539,189,op7> 1.4113614725203035E-4
<299,589,185,op4> 0.0023607166979410245
<300,815,181,op1> 9.876604594587837E-4
<301,724,240,op1> 3.636070323786139E-5
<302,813,186,op4> 0.0018978460037720071
<303,723,240,op4> 1.218924548970466E-4
<304,588,168,op8> 1.7731206655942174E-4
<305,649,178,op1> 0.003595763237655715
<306,596,186,op4> 0.002804992521298249
<307,769,188,op8> 0.003462433660151117
<308,679,179,op1> 0.0029024437402867566
<309,558,192,op7> 1.5031365058699897E-4
<310,730,175,op4> 0.001593250602257405
<311,664,244,op1> 5.223308422470025E-4
<312,589,177,op5> 4.5784829459720385E-4
<313,680,179,op1> 0.002818192833456952
<314,652,217,op6> 5.493608662879724E-4
<315,587,197,op5> 2.7005418205877958E-5
<316,793,172,op3> 0.001635553505044097
<317,627,195,op2> 1.2541633256528916E-4
<318,811,217,op6> 2.909828552678733E-4
<319,589,168,op5> 1.1353057924112721E-4
<320,588,177,op5> 4.5634960950850605E-4
<321,587,177,op7> 6.267630848304444E-4
<322,657,217,op6> 5.419786374016839E-4
<323,707,243,op2> 7.973908424398516E-4
<324,782,178,op4> 0.0017609622151092473
<325,623,173,op7> 6.655427209243179E-4
<326,788,173,op7> 0.0011772643553192169
<327,734,175,op1> 4.4400187585382563E-4
<328,615,225,op1> 0.0010525226776394038
<329,634,172,op7> 0.0038846226669700633
<330,586,191,op6> 5.7224219000339124E-5
<331,656,217,op7> 6.438061367305447E-4
<332,543,166,op7> 6.453367364860391E-5
<333,727,240,op1> 3.5384576976442296E-5
<334,538,189,op7> 1.4279170323152628E-4
<335,627,169,op2> 6.077868424317859E-4
<336,557,192,op7> 1.5178490980971023E-4
<337,586,198,op4> 5.3270594002605834E-5
<338,586,199,op4> 5.694442807175107E-5
<339,565,171,op4> 3.736497406393796E-4
<340,811,217,op7> 3.3723178590647576E-4
<341,602,185,op4> 0.0014257028830445793
<342,727,206,op1> 2.6341851749129257E-4
<343,614,176,op7> 3.394669436077098E-4
<344,728,175,op4> 0.0017034012611789047
<345,727,237,op4> 0.0012409967229909955
<346,557,193,op7> 1.405415831571391E-4
<347,710,243,op2> 7.519068728176141E-4
<348,733,175,op4> 0.0016011185064660838
<349,559,175,op7> 4.909394270352039E-4
<350,645,172,op3> 0.0017563741470035788
<351,587,168,op8> 1.7672976092211656E-4
<352,726,240,op4> 1.1864919667362186E-4
<353,624,195,op2> 1.2929233401322304E-4
<354,559,175,op6> 4.2361059132751873E-4
<355,713,243,op2> 7.149511474995461E-4
<356,588,168,op5> 1.1315895705048522E-4
<357,718,243,op2> 7.092656512967666E-4
<358,706,243,op2> 8.144473310481909E-4
<359,587,177,op5> 4.5485092441980814E-4
<360,772,188,op8> 0.003166908757208577
<361,703,180,op2> 0.0034545151759119166
<362,624,173,op7> 7.112321525667196E-4
<363,814,185,op4> 0.0018507091625429638
<364,733,175,op1> 4.8189003592668546E-4
<365,727,237,op1> 3.7350386808466857E-4
<366,692,179,op1> 0.003138346279410209
<367,648,174,op8> 0.001402382983375295
<368,636,172,op3> 0.0018279715644610496
<369,537,189,op7> 1.4444725921102224E-4
<370,644,174,op8> 0.0014242099558791905
<371,539,166,op7> 5.628128571399982E-5
<372,712,243,op2> 7.177938956009361E-4
<373,585,191,op6> 5.7035048028437176E-5
<374,598,186,op4> 0.0028288647980752556
<375,761,188,op8> 0.003382562064761241
<376,676,179,op1> 0.002851893196188874
<377,726,240,op1> 3.570995239691532E-5
<378,585,199,op4> 5.675618202853866E-5
<379,729,206,op4> 8.671811825725584E-4
<380,628,169,op2> 6.319373129919894E-4
<381,732,175,op4> 0.0016089864106747622
<382,768,188,op8> 0.0034464593410731418
<383,559,167,op7> 4.189001953552855E-4
<384,776,188,op8> 0.0032068445549035146
<385,728,183,op4> 0.002128598959780532
<386,558,175,op7> 4.893428760529756E-4
<387,668,216,op1> 0.0015196733563632302
<388,646,172,op3> 0.001707150922501568
<389,724,206,op4> 8.993735234569225E-4
<390,731,184,op4> 0.0019981135187000947
<391,820,169,op2> 5.72902829400381E-4
<392,647,178,op1> 0.0035586456816541073
<393,725,240,op4> 1.1973028274809678E-4
<394,663,217,op1> 0.0015768586077582476
<395,625,195,op2> 1.276311905355371E-4
<396,573,181,op1> 0.0011396082224524433
<397,743,240,op4> 9.702747518412355E-5
<398,655,175,op7> 7.176496665116233E-4
<399,812,230,op4> 8.509024775850833E-5
<400,673,179,op1> 0.0028771684682378155
<401,538,166,op7> 5.694147674876815E-5
<402,619,225,op1> 0.0010685002514935127
<403,678,179,op1> 0.002835043014822913
<404,663,175,op1> 0.0017655425437293195
<405,554,170,op4> 2.7293923305555585E-4
<406,610,225,op1> 0.0010005955626135512
<407,701,243,op2> 7.860198500342923E-4
<408,700,179,op1> 0.0022789870297462047
<409,654,176,op7> 5.981709586588464E-4
<410,729,240,op1> 3.505920155596926E-5
<411,743,240,op1> 2.920244398745467E-5
<412,670,216,op1> 0.0012575979511940027
<413,736,175,op1> 4.511059058674868E-4
<414,621,173,op7> 6.777265693622917E-4
<415,539,189,op1> 2.5001260370359662E-5
<416,565,192,op7> 1.5619868747784396E-4
<417,660,176,op7> 5.58774408143445E-4
<418,619,226,op1> 0.0010828425367484591
<419,651,175,op6> 6.137187591427956E-4
<420,709,180,op2> 0.0030995558183870217
<421,742,237,op4> 0.0010355903688407616
<422,728,240,op4> 1.170275675619095E-4
<423,739,237,op4> 0.0010983534214977775
<424,742,240,op4> 9.810856125859849E-5
<425,766,188,op8> 0.0033665877456832663
<426,781,230,op4> 1.3489043486769844E-4
<427,664,180,op1> 0.002462416827735869
<428,721,243,op2> 6.524106892689697E-4
<429,736,184,op4> 0.0018890353613517025
<430,729,237,op4> 0.001229585258871538
<431,734,184,op4> 0.0018592867729839593
<432,677,179,op1> 0.0028434681055058936
<433,735,175,op4> 0.0014594962307098698
<434,536,189,op7> 1.461028151905182E-4
<435,827,215,op1> 7.587533638414647E-4
<436,813,177,op7> 4.925304636970709E-4
<437,539,170,op4> 1.4987484456029714E-4
<438,622,195,op2> 1.2209404560991726E-4
<439,728,240,op1> 3.522188926620578E-5
<440,579,181,op1> 0.0011560350076409468
<441,649,247,op1> 0.0014070377886478886
<442,742,240,op1> 2.9527819407927707E-5
<443,537,166,op7> 5.7601667783536475E-5
<444,538,189,op1> 2.5294530286727512E-5
<445,735,175,op1> 4.3926585584471816E-4
<446,622,173,op7> 6.716346451433048E-4
<447,729,237,op1> 3.700693497574532E-4
<448,741,237,op4> 0.0010470018329602191
<449,623,195,op2> 1.209866166247933E-4
<450,784,191,op6> 7.17903838367891E-5
<451,727,240,op4> 1.1756811059914696E-4
<452,741,240,op4> 9.91896473330734E-5
<453,743,237,op1> 3.08248019867577E-4
<454,648,246,op1> 0.0014619879095980942
<455,734,175,op4> 0.0014752320391272272
<456,728,237,op4> 0.0012352909909312667
<457,650,246,op1> 0.0016971195578343633
<458,538,170,op4> 1.5163290725308656E-4
<459,626,169,op2> 6.131536136673866E-4
<460,790,169,op2> 9.861442145416394E-4
<461,535,189,op7> 1.3782503529303846E-4
<462,589,197,op8> 4.2594427145695177E-5
<463,743,206,op4> 7.223156485929199E-4
<464,537,189,op1> 2.558780020309537E-5
<465,694,179,op1> 0.0029614193750676196
<466,738,175,op1> 4.6057794588570184E-4
<467,741,240,op1> 2.9853194828400737E-5
<468,647,174,op8> 0.0013951073258739962
<469,536,166,op7> 5.82618588183048E-5
<470,707,180,op2> 0.0035559321352047436
<471,599,177,op5> 5.312838639434003E-4
<472,666,217,op1> 0.0015989383082169394
<473,703,243,op2> 7.74648857628733E-4
<474,607,226,op1> 7.02329645330309E-4
<475,740,237,op4> 9.614158520642885E-4
<476,671,175,op1> 0.0014153182351715782
<477,620,194,op1> 9.027597307669583E-5
<478,617,225,op1> 0.0010645058580299855
<479,651,217,op7> 6.352505734517334E-4
<480,740,175,op1> 3.990096857673046E-4
<481,663,180,op1> 0.002450977028303879
<482,539,166,op1> 9.969827755051398E-6
<483,780,217,op6> 4.866119207545198E-4
<484,737,237,op4> 0.0010755304932588625
<485,740,240,op4> 9.108150177451155E-5
<486,669,237,op1> 0.0012534633369373498
<487,737,175,op4> 0.0014830999433359051
<488,730,240,op4> 1.0945996504058509E-4
<489,620,176,op5> 2.1395328571807053E-4
<490,782,209,op4> 0.001179079048377496
<491,820,195,op2> 1.1821804416198338E-4
<492,588,197,op8> 4.245500185225591E-5
<493,537,170,op4> 1.5339096994587597E-4
<494,623,169,op2> 5.863197574893829E-4
<495,536,189,op1> 2.5881070119463226E-5
<496,737,175,op1> 4.4636988585837934E-4
<497,702,243,op2> 7.917053462370721E-4
<498,606,226,op1> 7.104256642966527E-4
<499,740,240,op1> 2.7412879174852997E-5
<500,618,225,op1> 0.0010605114645664585
<501,618,226,op1> 0.0010747465177821157
<502,742,206,op4> 7.303637338140109E-4
<503,538,166,op1> 1.0086775881210359E-5
<504,735,182,op4> 0.0020561623632722984
<505,620,176,op7> 2.948175196902547E-4
<506,635,174,op8> 0.00147877738713893
<507,600,177,op5> 2.450350120021042E-4
<508,589,197,op5> 2.7183378128157218E-5
<509,729,240,op4> 1.1648702452467202E-4
<510,621,195,op2> 1.2320147459504122E-4
<511,587,197,op8> 4.2315576558816644E-5
<512,535,166,op7> 5.496090364446318E-5
<513,624,169,op2> 6.265705417563887E-4
<514,736,175,op4> 0.0014988357517532625
<515,725,182,op4> 0.0024552019593790516
<516,741,237,op1> 3.151170565220078E-4
<517,536,170,op4> 1.5514903263866536E-4
<518,556,166,op1> 1.8039248460019687E-5
<519,735,206,op4> 7.46459904256193E-4
<520,553,189,op7> 2.595083997859913E-4
<521,653,217,op6> 5.579734666553089E-4
<522,634,203,op7> 0.0014895921504922797
<523,622,169,op2> 5.916865287249837E-4
<524,816,176,op5> 2.3015464811097566E-4
<525,554,189,op1> 4.553015451610953E-5
<526,684,179,op1> 0.0028097677427739716
<527,653,217,op7> 6.466579911568151E-4
<528,536,166,op1> 1.0320672133528279E-5
<529,764,188,op8> 0.0033426262670663036
<530,621,169,op2> 5.970532999605845E-4
<531,553,166,op7> 1.0348494469993517E-4
<532,551,189,op7> 2.611639557654873E-4
<533,608,225,op1> 6.850384789949062E-4
<534,743,175,op1> 4.2505779581739566E-4
<535,654,217,op6> 5.604342096174052E-4
<536,681,179,op1> 0.0028266179241399326
<537,535,170,op4> 1.4635871917471834E-4
<538,555,189,op1> 4.567678947429346E-5
<539,654,217,op7> 6.495098455830855E-4
<540,555,170,op4> 2.7381826440195053E-4
<541,615,226,op1> 0.0010666504988157716
<542,671,217,op1> 0.001264062851260112
<543,535,189,op1> 2.4414720537623955E-5
<544,741,175,op4> 0.001443760422292513
<545,554,166,op7> 1.0249465814778268E-4
<546,537,166,op1> 1.020372400736932E-5
<547,552,189,op7> 2.5868062179624336E-4
<548,554,166,op1> 1.8156196586178648E-5
<549,671,245,op1> 3.565305477913137E-4
<550,600,168,op5> 6.0760228169964965E-5
<551,600,178,op4> 7.626948931665216E-4
<552,620,168,op1> 4.273062725630269E-4
<553,633,203,op7> 0.0014859634241817016
<554,614,226,op1> 0.001046410451399913
<555,606,225,op1> 7.010160528490148E-4
<556,614,225,op1> 0.0010325507103217683
<557,552,170,op4> 2.7469729574834526E-4
<558,669,175,op1> 0.0017284599698820294
<559,551,166,op7> 1.041451357347035E-4
<560,552,189,op1> 4.5823424432477396E-5
<561,740,184,op4> 0.001670879046654918
<562,778,170,op4> 3.61721399041421E-4
<563,735,237,op1> 3.185515748492231E-4
<564,595,185,op4> 0.0026775395608398204
<565,553,189,op1> 4.5970059390661316E-5
<566,555,166,op1> 1.8214670649258125E-5
<567,723,206,op1> 2.7310747445648953E-4
<568,746,187,op4> 0.0031796970449461783
<569,613,225,op1> 0.0010405394972488225
<570,632,203,op7> 0.0015041070557345914
<571,633,172,op7> 0.0038751595179640453
<572,553,170,op4> 2.7557632709473994E-4
<573,658,175,op6> 6.095859728859418E-4
<574,652,217,op7> 6.366765006648687E-4
<575,550,189,op7> 2.6033617777573923E-4
<576,563,217,op6> 3.992555456001054E-4
<577,552,166,op7> 1.0315484918255101E-4
<578,535,166,op1> 9.735931502733478E-6
<579,743,183,op4> 0.0017648199227741595
<580,779,171,op4> 4.850994278002621E-4
<581,641,174,op8> 0.0014351234421311387
<582,600,177,op7> 3.3764667008163974E-4
<583,720,243,op2> 6.580961854717492E-4
<584,601,178,op4> 7.5336529202687E-4
<585,557,167,op7> 4.2162474947141744E-4
<586,590,186,op4> 0.0029402687563679516
<587,555,189,op7> 2.578528438064953E-4
<588,604,168,op1> 3.4355804987806836E-4
<589,601,177,op5> 2.420376418247084E-4
<590,602,168,op5> 6.856429417344671E-5
<591,558,171,op4> 3.595718854190576E-4
<592,724,206,op1> 2.706852352151903E-4
<593,557,175,op6> 4.2636578216542135E-4
<594,612,225,op1> 0.0010125787430041325
<595,730,206,op1> 2.4525172318154827E-4
<596,612,226,op1> 0.001026170403984054
<597,600,168,op8> 9.520697169939393E-5
<598,643,172,op3> 0.0017474244698213956
<599,611,226,op1> 0.0010342664229503974
<600,816,176,op7> 3.171422316489823E-4
<601,601,168,op5> 6.0016983788680995E-5
<602,557,175,op7> 4.941325289996605E-4
<603,556,189,op7> 2.5536950983725144E-4
<604,603,168,op1> 3.4736478727283917E-4
<605,600,210,op4> 6.698450800853798E-4
<606,558,167,op7> 4.1753791829721946E-4
<607,641,172,op3> 0.001765323824185763
<608,697,179,op1> 0.003020395009848483
<609,650,247,op1> 0.001624901704309497
<610,667,180,op1> 0.002491016326315844
<611,559,171,op4> 3.607450400207511E-4
<612,723,206,op4> 9.074216086780135E-4
<613,725,206,op1> 2.6826299597389105E-4
<614,558,175,op6> 4.2223299590856756E-4
<615,616,194,op1> 1.051544185280889E-4
<616,630,169,op2> 0.0011149467241960574
<617,611,225,op1> 0.0010205675299311868
<618,610,226,op1> 0.0010140263755345385
<619,619,168,op1> 5.091511265506E-4
<620,556,189,op1> 4.523688459974168E-5
<621,722,243,op2> 6.467251930661899E-4
<622,602,177,op7> 3.8101413229396045E-4
<623,601,197,op5> 1.4370263724050378E-5
<624,745,187,op4> 0.0031990265102649993
<625,556,170,op4> 2.711811703627665E-4
<626,603,176,op5> 1.7392639039442257E-4
<627,689,179,op1> 0.0027676422893590695
<628,555,166,op7> 1.0282475366516683E-4
<629,660,175,op7> 6.79332442938144E-4
<630,606,168,op1> 3.340412063911413E-4
<631,602,168,op8> 1.0743539008280234E-4
<632,603,194,op1> 7.3386926888628E-5
<633,593,177,op7> 7.733864094530526E-4
<634,723,237,op1> 3.872419413935299E-4
<635,563,171,op4> 3.806886682495406E-4
<636,726,206,op1> 2.658407567325918E-4
<637,662,180,op1> 0.002445257128587884
<638,634,233,op7> 0.002541068962604477
<639,601,177,op7> 3.335164355852282E-4
<640,683,179,op1> 0.0027844924707250305
<641,725,206,op4> 8.913254382358315E-4
<642,619,176,op5> 2.5493320235894817E-4
<643,578,181,op1> 0.0011478216150466948
<644,827,216,op1> 7.734864388675123E-4
<645,602,177,op5> 2.765073988647598E-4
<646,600,197,op5> 1.4548223646329641E-5
<647,554,189,op7> 2.5702506581674737E-4
<648,556,166,op7> 1.0183446711301435E-4
<649,723,240,op1> 3.668607865833442E-5
<650,730,175,op1> 4.7952202592213165E-4
<651,724,237,op1> 3.838074230663146E-4
<652,633,233,op7> 0.0025348787824276083
<653,601,168,op8> 9.404236042478361E-5
<654,605,194,op1> 7.177844629928822E-5
<655,665,175,op1> 0.0017820236876614486
<656,818,173,op7> 7.41691773661654E-4
<657,636,174,op8> 0.0014860530446402283
<658,608,168,op1> 3.264277316015996E-4
<659,605,176,op5> 1.7011430512550374E-4
<660,782,177,op5> 5.657536209834516E-4
<661,604,176,op7> 2.370359122676658E-4
<662,602,197,op8> 2.5723966639544224E-5
<663,604,194,op1> 7.258268659395811E-5
<664,600,197,op8> 2.2796035477319677E-5
<665,607,168,op1> 3.3023446899637044E-4
<666,602,197,op5> 1.641680283026189E-5
<667,724,183,op4> 0.002197422020835792
<668,604,176,op5> 1.7202034775996316E-4
<669,817,176,op7> 3.1845544999949566E-4
<670,603,176,op7> 2.3966234896869256E-4
<671,580,230,op4> 1.0407880831093334E-4
<672,601,197,op8> 2.2517184890441144E-5
<673,607,176,op5> 1.6534919853935517E-4
<674,659,217,op7> 6.238431557466518E-4
<675,606,176,op7> 2.3046982051509892E-4
<676,594,209,op4> 0.0010885007903564433
<677,666,175,op1> 0.0017902642596275132
<678,787,173,op7> 0.0011711724311002298
<679,736,206,op4> 7.665801173089205E-4
<680,831,230,op4> 1.037205335835291E-4
<681,608,194,op1> 6.896360526794359E-5
<682,659,217,op6> 5.382875229585396E-4
<683,609,168,op1> 3.226209942068287E-4
<684,606,194,op1> 7.057208585728337E-5
<685,687,179,op1> 0.002750792107993109
<686,565,223,op7> 8.388448031217548E-4
<687,605,176,op7> 2.3440947556663903E-4
<688,606,176,op5> 1.672552411738146E-4
<689,667,175,op1> 0.0017943845456105457
<690,607,194,op1> 6.976784556261348E-5
<691,608,176,op7> 2.252169471130454E-4
<692,550,189,op1> 4.611669434884524E-5
<693,590,168,op5> 1.3731439944221442E-4
<694,661,175,op7> 6.809289939203725E-4
<695,661,176,op7> 5.600876264939584E-4
<696,657,217,op7> 6.281209373860575E-4
<697,550,170,op4> 2.764553584411346E-4
<698,661,175,op6> 5.875444461827213E-4
<699,583,230,op4> 1.0730328085757153E-4
<700,552,166,op1> 1.827314471233761E-5
<701,551,189,op1> 4.6263329307029176E-5
<702,731,237,op1> 3.460277214669458E-4
<703,570,230,op4> 9.655503903544419E-5
<704,590,177,op5> 5.537641402738686E-4
<705,591,168,op5> 1.380576438234984E-4
<706,607,176,op7> 2.2784338381407214E-4
<707,550,166,op7> 1.0381504021731932E-4
<708,658,217,op7> 6.309727918123278E-4
<709,608,176,op5> 1.6344315590489578E-4
<710,551,170,op4> 2.7733438978752936E-4
<711,587,209,op4> 9.479483210134307E-4
<712,609,194,op1> 6.815936497327369E-5
<713,572,191,op6> 5.211660275898654E-5
<714,658,217,op6> 5.4443938036378E-4
<715,584,230,op4> 1.076615555849758E-4
<716,553,166,op1> 1.833161877541709E-5
<717,660,176,op5> 4.0551057048124285E-4
<718,595,177,op5> 5.192943832338172E-4
<719,550,166,op1> 1.839009283849657E-5
<720,655,217,op7> 6.409542823042744E-4
<721,655,217,op6> 5.530519807311167E-4
<722,759,188,op8> 0.003598215372313907
<723,581,230,op4> 1.0479535776574184E-4
<724,661,176,op5> 4.064635917984726E-4
<725,551,166,op1> 1.844856690157605E-5
<726,609,176,op7> 2.225905104120186E-4
<727,656,217,op6> 5.555127236932129E-4
<728,660,175,op6> 5.8616685076377E-4
<729,669,217,op1> 0.0015437390570702096
<730,582,230,op4> 1.0443708303833756E-4
<731,596,177,op5> 5.282864937660045E-4
<732,594,197,op5> 3.1009516457161346E-5
<733,595,177,op7> 7.155631265032916E-4
<734,597,168,op5> 1.3025357782001665E-4
<735,666,215,op1> 0.0015514274663017242
<736,562,223,op7> 8.520134813497258E-4
<737,563,217,op7> 4.627133806623738E-4
<738,595,168,op8> 2.0176890332623853E-4
<739,592,197,op8> 5.207534709956513E-5
<740,835,168,op8> 1.738182327355908E-4
<741,817,176,op5> 2.311076694282054E-4
<742,562,217,op6> 3.9802517411905726E-4
<743,593,197,op5> 3.3322995446791745E-5
<744,601,209,op4> 5.044271955310347E-4
<745,596,168,op5> 1.3099682220130062E-4
<746,594,177,op7> 7.19693360999703E-4
<747,561,223,op7> 8.493797457041315E-4
<748,562,217,op7> 4.6128745344923856E-4
<749,835,197,op5> 2.65605184001798E-5
<750,815,191,op6> 4.549561874241838E-5
<751,591,197,op8> 5.179649651268661E-5
<752,594,168,op8> 2.0293351460084886E-4
<753,597,177,op7> 7.238235954961145E-4
<754,599,168,op5> 1.317400665825846E-4
<755,571,169,op4> 1.0271857883739857E-4
<756,565,217,op6> 3.9187331671381684E-4
<757,704,180,op2> 0.003479869415735123
<758,659,176,op7> 5.745330283496056E-4
<759,596,197,op5> 3.1365436301719866E-5
<760,570,167,op6> 1.8207706045562453E-4
<761,597,168,op8> 2.0409812587545917E-4
<762,826,209,op4> 6.605966059121599E-4
<763,566,175,op6> 4.401417363549341E-4
<764,594,197,op8> 4.858971476358354E-5
<765,714,243,op2> 7.291648880064954E-4
<766,565,217,op7> 4.5415781738356254E-4
<767,835,168,op5> 1.109292239066333E-4
<768,815,167,op6> 1.6248435265149425E-4
<769,564,223,op7> 8.572809526409142E-4
<770,570,181,op1> 0.0011067546520754357
<771,596,177,op7> 7.279538299925261E-4
<772,570,169,op4> 1.0310114337683023E-4
<773,597,177,op5> 5.252891235886087E-4
<774,564,217,op6> 4.004859170811534E-4
<775,595,197,op5> 3.0831556534882086E-5
<776,598,168,op5> 1.3211168877322657E-4
<777,597,185,op4> 0.0027084491084397025
<778,593,197,op8> 5.221477239300439E-5
<779,564,217,op7> 4.6413930787550896E-4
<780,576,199,op4> 5.336775325071546E-5
<781,671,216,op1> 0.0012503180788281908
<782,563,223,op7> 8.546472169953201E-4
<783,729,182,op4> 0.002388695360027926
<784,596,168,op8> 2.052627371500695E-4
<785,639,174,op8> 0.0014533125858843846
<786,591,177,op7> 7.671910577084354E-4
<787,549,170,op4> 1.7624578495213829E-4
<788,742,175,op1> 4.297938158265032E-4
<789,811,175,op7> 3.775843072969942E-4
<790,593,168,op5> 1.3917251039542434E-4
<791,567,217,op6> 3.9433405967591296E-4
<792,572,167,op6> 1.8613072413923768E-4
<793,570,199,op4> 5.073230864574187E-5
<794,573,169,op4> 1.0616165969228345E-4
<795,570,198,op4> 4.745925647504884E-5
<796,592,177,op5> 5.597588806286601E-4
<797,558,223,op7> 8.072399753746242E-4
<798,651,176,op7> 5.850387751537127E-4
<799,590,197,op5> 3.287809564109358E-5
<800,591,168,op8> 2.1632654425886758E-4
<801,638,174,op8> 0.0014715017296376316
<802,592,168,op5> 1.3880088820478236E-4
<803,591,177,op5> 5.567615104512644E-4
<804,590,177,op7> 7.630608232120238E-4
<805,813,177,op5> 3.5743639365444567E-4
<806,586,230,op4> 1.0837810503978427E-4
<807,572,169,op4> 1.0539653061342014E-4
<808,729,175,op1> 5.103061559813301E-4
<809,566,217,op6> 3.9310368819486487E-4
<810,571,167,op6> 1.81401449841689E-4
<811,572,181,op1> 0.001131394829858191
<812,591,178,op4> 0.0017329734116902924
<813,569,181,op1> 0.0013038760743374798
<814,727,182,op4> 0.0024108642264783014
<815,590,168,op8> 2.1516193298425727E-4
<816,812,198,op4> 4.1824020084690534E-5
<817,568,181,op1> 0.0013203028595259836
<818,652,176,op5> 4.255240181430668E-4
<819,812,199,op4> 4.470843526294506E-5
<820,585,230,op4> 1.0801983031238003E-4
<821,566,217,op7> 4.555837445966977E-4
<822,574,167,op6> 1.8342828168349556E-4
<823,781,169,op4> 1.4403554909601699E-4
<824,781,181,op1> 0.0015461711558679091
<825,560,175,op7> 5.053083858752587E-4
<826,728,175,op1> 5.12674165985884E-4
<827,561,217,op6> 3.967948026380091E-4
<828,572,199,op4> 5.1861784905016264E-5
<829,575,169,op4> 1.0463140153455685E-4
<830,572,198,op4> 4.851586329824102E-5
<831,593,185,op4> 0.002893906394038998
<832,595,168,op5> 1.287670890574487E-4
<833,613,168,op1> 4.95827545668902E-4
<834,594,177,op5> 5.22291753411213E-4
<835,592,197,op5> 3.3234015485652115E-5
<836,835,197,op8> 4.1618450091620326E-5
<837,561,217,op7> 4.5986152623610324E-4
<838,590,197,op8> 5.151764592580807E-5
<839,730,237,op4> 0.0011554107420950646
<840,560,223,op7> 8.335773318305663E-4
<841,593,168,op8> 2.1807346117078306E-4
<842,594,178,op4> 0.0016256829985842984
<843,569,230,op4> 1.1375222595084798E-4
<844,571,199,op4> 5.054406260252946E-5
<845,564,175,op7> 5.196773447153135E-4
<846,574,169,op4> 1.0386627245569352E-4
<847,571,198,op4> 4.728315533785014E-5
<848,560,217,op6> 3.8941257375172056E-4
<849,573,167,op6> 1.874819453671088E-4
<850,592,177,op7> 7.713212922048467E-4
<851,570,191,op6> 5.098157692757487E-5
<852,594,168,op5> 1.2951033343873268E-4
<853,593,177,op5> 5.612575657173581E-4
<854,611,194,op1> 1.0274169764407921E-4
<855,591,197,op5> 3.3056055563372855E-5
<856,592,168,op8> 2.174911555334779E-4
<857,560,217,op7> 4.513059629572921E-4
<858,811,175,op6> 3.258013165819779E-4
<859,561,175,op7> 5.148876917686284E-4
<860,780,171,op4> 4.639826449697792E-4
<861,571,191,op6> 5.079240595567292E-5
<862,568,230,op4> 1.1518532486046495E-4
<863,574,191,op6> 5.135991887137875E-5
<864,671,215,op1> 0.0012265024963743205
<865,637,172,op3> 0.0018011225329144984
<866,711,243,op2> 7.462213766148345E-4
<867,659,175,op6> 6.026979957911854E-4
<868,739,240,op1> 3.131738422052938E-5
<869,719,243,op2> 7.064229031953765E-4
<870,738,240,op4> 1.0513562074268543E-4
<871,656,176,op5> 4.3028912472921544E-4
<872,783,177,op7> 7.816468784458755E-4
<873,574,198,op4> 4.781145874944622E-5
<874,544,170,op4> 1.7009256552737533E-4
<875,574,199,op4> 5.110880073216666E-5
<876,577,169,op4> 1.0922217600773667E-4
<877,576,167,op6> 1.9153560905072189E-4
<878,726,175,op1> 5.197781959995452E-4
<879,810,170,op4> 2.1580219553990005E-4
<880,600,209,op4> 5.106739719462798E-4
<881,599,197,op8> 4.942626652421912E-5
<882,569,191,op6> 6.006178357886835E-5
<883,549,189,op7> 1.6596948694446974E-4
<884,657,175,op6> 6.068307820480391E-4
<885,573,191,op6> 5.2494944702790444E-5
<886,738,240,op1> 3.164275964100242E-5
<887,739,237,op1> 3.305723889944767E-4
<888,576,181,op1> 0.0011642484002351986
<889,780,175,op6> 5.448389881952316E-4
<890,737,240,op4> 1.0189236251926068E-4
<891,657,176,op5> 4.1980589023968854E-4
<892,656,175,op7> 7.208427684760798E-4
<893,656,176,op7> 5.92918085256793E-4
<894,573,198,op4> 4.886806557263841E-5
<895,725,175,op1> 5.245142160086527E-4
<896,738,237,op4> 0.0011097648856172352
<897,573,199,op4> 5.2238276991441065E-5
<898,576,169,op4> 1.0845704692887337E-4
<899,575,167,op6> 1.8477950291136667E-4
<900,723,175,op4> 0.0017742123990570117
<901,671,237,op1> 0.0010263758193992363
<902,599,178,op4> 0.001653671802003253
<903,737,240,op1> 3.066663337958331E-5
<904,577,199,op4> 5.374424533714027E-5
<905,670,245,op1> 3.586064170652078E-4
<906,577,198,op4> 5.0276874670227995E-5
<907,557,217,op7> 4.413244724653457E-4
<908,670,244,op1> 4.191993170646676E-4
<909,639,172,op3> 0.0017876980171412226
<910,576,191,op6> 5.362997053420212E-5
<911,801,230,op4> 5.714481902097717E-5
<912,738,237,op1> 3.340069073216922E-4
<913,717,243,op2> 7.007374069925971E-4
<914,657,176,op7> 5.784726834011457E-4
<915,657,175,op7> 7.032807076715685E-4
<916,736,240,op4> 1.029734485937356E-4
<917,658,176,op5> 4.2171193287414806E-4
<918,784,167,op6> 2.563942279885325E-4
<919,742,184,op4> 0.0017997895962484727
<920,579,169,op4> 1.0769191785001008E-4
<921,637,174,op8> 0.0014642260721363326
<922,578,167,op6> 1.8883316659497977E-4
<923,618,168,op1> 5.053443891558292E-4
<924,724,175,op1> 5.292502360177601E-4
<925,576,198,op4> 4.992467239583059E-5
<926,670,237,op1> 0.0010323518067028709
<927,653,176,op5> 4.321951673636748E-4
<928,783,177,op5> 5.672523060721496E-4
<929,575,191,op6> 5.1738260815182655E-5
<930,736,240,op1> 3.099200880005635E-5
<931,782,177,op7> 7.795817611976697E-4
<932,722,180,op2> 0.0028840447798897653
<933,737,237,op1> 3.237033523400461E-4
<934,716,243,op2> 7.035801550939868E-4
<935,658,175,op7> 7.064738096360252E-4
<936,658,176,op7> 5.810991201021725E-4
<937,781,198,op4> 6.63020781553094E-5
<938,781,199,op4> 7.087463526946869E-5
<939,659,176,op5> 4.169468262879994E-4
<940,735,240,op4> 1.0027073340754833E-4
<941,599,168,op8> 2.064273484246798E-4
<942,577,167,op6> 1.92886830278593E-4
<943,575,198,op4> 4.8163661023843626E-5
<944,723,175,op1> 5.339862560268676E-4
<945,575,199,op4> 5.148529281859147E-5
<946,578,169,op4> 1.0692678877114675E-4
<947,737,206,op4> 7.585320320878295E-4
<948,739,206,op4> 7.746282025300114E-4
<949,715,243,op2> 7.234793918037158E-4
<950,827,244,op1> 2.5782881295583745E-4
<951,789,169,op2> 0.0010424953125154476
<952,598,197,op5> 3.163237618513876E-5
<953,578,191,op6> 5.287328664659433E-5
<954,546,189,op7> 1.6265837498547782E-4
<955,549,189,op1> 2.9400309115877494E-5
<956,596,197,op8> 4.914741593734059E-5
<957,579,198,op4> 4.957247012143321E-5
<958,579,199,op4> 5.2991261164290675E-5
<959,603,225,op1> 7.289768070937048E-4
<960,603,226,op1> 7.387617306788553E-4
<961,548,166,op7> 6.552396020075639E-5
<962,786,176,op5> 3.645306538403651E-4
<963,708,180,op2> 0.00358128637502795
<964,748,187,op4> 0.0031023791836708903
<965,659,175,op7> 6.984910547248838E-4
<966,630,173,op7> 0.0012655972564945268
<967,831,198,op4> 5.098127921902278E-5
<968,599,177,op7> 7.320840644889377E-4
<969,560,171,op4> 3.7130343143599264E-4
<970,831,199,op4> 5.4497229509989874E-5
<971,830,191,op6> 5.438665442180991E-5
<972,720,180,op2> 0.002934753259536178
<973,548,189,op1> 2.910703919950964E-5
<974,604,225,op1> 7.209880201666506E-4
<975,577,191,op6> 5.4008312478006024E-5
<976,733,206,op4> 8.188926712460123E-4
<977,547,166,op7> 6.585405571814056E-5
<978,668,217,op1> 0.0015363791569173123
<979,598,168,op8> 2.07009654061985E-4
<980,578,199,op4> 5.261476907786585E-5
<981,610,168,op1> 4.7679385869504783E-4
<982,595,197,op8> 4.8310864176705005E-5
<983,578,198,op4> 4.9220267847035804E-5
<984,545,189,op7> 1.6348615297522576E-4
<985,579,167,op6> 1.9018438782285088E-4
<986,747,187,op4> 0.0031410381143085345
<987,548,170,op4> 1.744877222593489E-4
<988,598,177,op7> 7.341491817371434E-4
<989,597,197,op5> 3.1187476379440606E-5
<990,831,169,op4> 1.1075243416546329E-4
<991,830,167,op6> 1.94238051506464E-4
<992,548,189,op7> 1.6431393096497373E-4
<993,598,197,op8> 4.956569181765838E-5
<994,662,245,op1> 4.437170572948664E-4
<995,599,197,op5> 3.154339622399913E-5
<996,579,191,op6> 5.325162859039824E-5
<997,786,176,op7> 5.023060190713694E-4
<998,795,217,op7> 5.183245419746467E-4
<999,549,166,op7> 6.618415123552473E-5
<1000,597,197,op8> 4.886856535046206E-5
<1001,547,189,op7> 1.6514170895472172E-4
<1002,795,217,op6> 4.4724003336098087E-4
<1003,739,240,op4> 1.040545346682105E-4
<1004,558,217,op6> 3.771088589412397E-4
<1005,734,206,op1> 2.27084928871804E-4
<1006,562,175,op6> 4.456521180307393E-4
<1007,541,189,op7> 1.5851948503673788E-4
<1008,610,176,op7> 3.289611968036028E-4
<1009,562,175,op7> 5.164842427508568E-4
<1010,611,176,op5> 2.4349694655219164E-4
<1011,544,189,op1> 2.8373864408589996E-5
<1012,558,217,op7> 4.3704669082594003E-4
<1013,563,167,op7> 4.42058905342407E-4
<1014,789,195,op2> 2.1511808036033043E-4
<1015,614,168,op1> 4.920208082741312E-4
<1016,631,169,op2> 0.0011068965673426566
<1017,560,193,op7> 1.437202296259597E-4
<1018,546,166,op1> 1.1490153395117887E-5
<1019,666,216,op1> 0.0015815522714726314
<1020,670,175,op1> 0.0014235588071376426
<1021,663,245,op1> 4.447549919318134E-4
<1022,732,206,op4> 8.229167138565577E-4
<1023,730,240,op1> 3.2944261322894545E-5
<1024,564,171,op4> 3.8186182285123414E-4
<1025,732,237,op1> 3.5117949895776884E-4
<1026,559,217,op6> 3.783392304222878E-4
<1027,545,170,op4> 1.7360869091295416E-4
<1028,542,189,op7> 1.5686392905724192E-4
<1029,664,245,op1> 4.468308612057075E-4
<1030,544,166,op7> 6.387348261383556E-5
<1031,670,180,op1> 0.0019762253518762897
<1032,610,176,op5> 2.387318399660431E-4
<1033,545,189,op1> 2.896040424132571E-5
<1034,559,217,op7> 4.384726180390753E-4
<1035,564,167,op7> 4.4342118240047287E-4
<1036,667,217,op1> 0.001602618258293388
<1037,563,175,op7> 5.180807937330852E-4
<1038,607,225,op1> 6.930272659219606E-4
<1039,667,216,op1> 0.0015851922076555375
<1040,561,192,op7> 1.5816036644145895E-4
<1041,561,193,op7> 1.4644478374209162E-4
<1042,541,170,op4> 1.6833450283458597E-4
<1043,547,166,op1> 1.1665575584356328E-5
<1044,731,240,op1> 3.278157361265803E-5
<1045,610,194,op1> 1.0073109690740449E-4
<1046,735,206,op1> 2.2466268963050473E-4
<1047,564,175,op6> 4.484073088686419E-4
<1048,732,206,op1> 2.4767396242284754E-4
<1049,611,168,op1> 4.8631070218197484E-4
<1050,631,195,op2> 2.28407228181818E-4
<1051,545,166,op7> 6.519386468337222E-5
<1052,671,180,op1> 0.0019647855524442997
<1053,665,245,op1> 4.4890673047960156E-4
<1054,668,215,op1> 0.001490727197194407
<1055,543,189,op7> 1.6183059699572983E-4
<1056,562,192,op7> 1.586507861823627E-4
<1057,546,170,op4> 1.7272965956655946E-4
<1058,665,244,op1> 5.247574663689398E-4
<1059,562,193,op7> 1.468988760947803E-4
<1060,548,166,op1> 1.1607101521276848E-5
<1061,559,223,op7> 8.098737110202184E-4
<1062,546,189,op1> 2.8813769283141786E-5
<1063,666,237,op1> 0.0012982832417146092
<1064,565,167,op7> 4.338852429940111E-4
<1065,666,244,op1> 5.271840904908771E-4
<1066,665,216,op1> 0.0015742723991068195
<1067,651,176,op5> 4.2457099682583713E-4
<1068,565,175,op6> 4.3876414093598295E-4
<1069,591,209,op4> 0.0011603387191317612
<1070,733,206,op1> 2.464628428021979E-4
<1071,730,237,op1> 3.477449806305535E-4
<1072,544,189,op7> 1.6017504101623384E-4
<1073,630,195,op2> 2.3006837165950392E-4
<1074,546,166,op7> 6.486376916598807E-5
<1075,563,193,op7> 1.4735296844746896E-4
<1076,563,192,op7> 1.5914120592326646E-4
<1077,666,245,op1> 4.5098259975349573E-4
<1078,669,215,op1> 0.00149786840532468
<1079,547,170,op4> 1.753667536057436E-4
<1080,669,216,op1> 0.0015269532287290422
<1081,547,189,op1> 2.9253674157693567E-5
<1082,731,206,op4> 8.108445860249211E-4
<1083,565,175,op7> 5.085014878397153E-4
<1084,567,171,op4> 3.7599604984276666E-4
<1085,549,166,op1> 1.1724049647435809E-5
<1086,564,192,op7> 1.5963162566417022E-4
<1087,564,193,op7> 1.478070608001576E-4
<1088,540,189,op1> 2.7347419701302508E-5
<1089,740,175,op4> 0.0013257418591623344
<1090,652,175,op6> 6.150963545617468E-4
<1091,540,170,op4> 1.639393461026124E-4
<1092,568,169,op4> 1.2299449942727614E-4
<1093,741,175,op1> 4.3452983583561064E-4
<1094,569,169,op4> 1.2146424126954953E-4
<1095,567,175,op6> 4.4151933177388546E-4
<1096,652,175,op7> 7.128600135649384E-4
<1097,615,194,op1> 1.0595865882275879E-4
<1098,652,176,op7> 5.86351993504226E-4
<1099,738,206,op1> 2.3556276621635128E-4
<1100,542,166,op1> 1.1080834953561525E-5
<1101,615,176,op5> 2.511211170900293E-4
<1102,734,240,op1> 3.0503945669346805E-5
<1103,567,167,op7> 4.3660979711014305E-4
<1104,660,217,op6> 5.235230651859626E-4
<1105,540,166,op7> 6.156281399214644E-5
<1106,567,175,op7> 5.116945898041719E-4
<1107,734,240,op4> 1.0135181948202324E-4
<1108,541,189,op1> 2.8080594492222145E-5
<1109,738,206,op4> 7.826762877511026E-4
<1110,647,247,op1> 0.0013925135276037811
<1111,569,167,op6> 2.1450636992452986E-4
<1112,739,206,op1> 2.3314052697505204E-4
<1113,617,168,op1> 5.072477578532145E-4
<1114,736,237,op1> 3.2713787066726145E-4
<1115,651,175,op7> 7.112634625827102E-4
<1116,614,194,op1> 1.0394805808608407E-4
<1117,734,237,op4> 0.001069824761199134
<1118,613,176,op7> 3.4209338030873656E-4
<1119,543,166,op1> 1.143167933203841E-5
<1120,735,240,op1> 3.0178570248873774E-5
<1121,614,176,op5> 2.4635601050388074E-4
<1122,731,240,op4> 1.0891942200334761E-4
<1123,566,192,op7> 1.5668910721874772E-4
<1124,566,193,op7> 1.4508250668402567E-4
<1125,541,166,op7> 6.321329157906727E-5
<1126,542,170,op4> 1.6657644014179656E-4
<1127,655,176,op5> 4.28383082094756E-4
<1128,662,244,op1> 5.186909060640966E-4
<1129,733,237,op1> 3.494622397941612E-4
<1130,736,206,op1> 2.307182877337528E-4
<1131,654,175,op7> 7.272289724049932E-4
<1132,568,199,op4> 6.0521102892786676E-5
<1133,568,198,op4> 5.661651560938108E-5
<1134,613,194,op1> 1.0475229838075395E-4
<1135,661,217,op7> 6.081579564021647E-4
<1136,732,240,op1> 3.326963674336758E-5
<1137,616,168,op1> 4.977309143662874E-4
<1138,731,237,op4> 0.0011497050100353358
<1139,655,175,op6> 6.192291408186007E-4
<1140,612,176,op7> 3.329008518551429E-4
<1141,544,166,op1> 1.1314731205879444E-5
<1142,542,189,op1> 2.7787324575854292E-5
<1143,664,217,op1> 0.0015842185079111447
<1144,567,192,op7> 1.5717952695965147E-4
<1145,611,176,op7> 3.3552728855616964E-4
<1146,653,175,op6> 6.247395224944056E-4
<1147,567,193,op7> 1.4553659903671434E-4
<1148,540,189,op7> 1.5438059508799803E-4
<1149,542,166,op7> 6.255310054429892E-5
<1150,732,240,op4> 1.1054105111506E-4
<1151,649,246,op1> 0.0014695728014766836
<1152,543,170,op4> 1.718506282201648E-4
<1153,654,176,op5> 4.341012099981342E-4
<1154,569,198,op4> 5.5912111060586294E-5
<1155,737,206,op1> 2.2829604849245355E-4
<1156,653,176,op7> 5.955445219578197E-4
<1157,734,237,op1> 3.219860931764384E-4
<1158,612,194,op1> 1.0193745734940933E-4
<1159,609,225,op1> 6.770496920678518E-4
<1160,609,226,op1> 6.861376073976217E-4
<1161,569,199,op4> 5.976811871993708E-5
<1162,545,166,op1> 1.1548627458197366E-5
<1163,615,168,op1> 5.015376517610581E-4
<1164,733,240,op1> 3.3106949033131064E-5
<1165,665,217,op1> 0.001591578408064042
<1166,663,237,op1> 0.0012803552798037053
<1167,568,191,op6> 6.081846746647614E-5
<1168,612,176,op5> 2.4159090391773222E-4
<1169,543,189,op1> 2.8667134324957856E-5
<1170,732,237,op4> 0.001166822206214522
<1171,654,175,op6> 6.274947133323083E-4
<1172,618,176,op7> 3.4865947206130343E-4
<1173,617,176,op7> 3.4997269041181684E-4
<1174,618,176,op5> 2.5302715972448875E-4
<1175,619,194,op1> 1.075671394120986E-4
<1176,617,176,op5> 2.5398018104171846E-4
<1177,616,176,op7> 3.4340659865925E-4
<1178,617,194,op1> 1.0716501926476363E-4
<1179,620,225,op1> 8.967413325618451E-4
<1180,618,194,op1> 1.0676289911742872E-4
<1181,540,166,op1> 1.0905412764323085E-5
<1182,616,176,op5> 2.4921507445556997E-4
<1183,541,166,op1> 1.1197783079720488E-5
<1184,599,209,op4> 0.0011072411196021783
<1185,591,210,op4> 0.0015220027354845174
<1186,667,245,op1> 4.520205343904429E-4
<1187,561,171,op4> 3.7834235904615364E-4
<1188,560,167,op7> 4.311606888778792E-4
<1189,668,245,op1> 4.333377109253958E-4
<1190,668,244,op1> 5.065577854544101E-4
<1191,731,206,op1> 2.440406035608986E-4
<1192,561,167,op7> 4.39334351226275E-4
<1193,804,197,op8> 2.1541207836366297E-5
<1194,562,171,op4> 3.795155136478471E-4
<1195,571,230,op4> 9.619676430803992E-5
<1196,669,244,op1> 5.089844095763474E-4
<1197,669,245,op1> 4.354135801992899E-4
<1198,560,175,op6> 4.360089500980803E-4
<1199,619,176,op7> 3.512859087623302E-4
<1200,594,210,op4> 0.0014277737639740357
<1201,562,167,op7> 4.4069662828434097E-4
<1202,572,230,op4> 9.870468739986965E-5
<1203,804,197,op5> 1.3747403996072961E-5
<1204,561,175,op6> 4.44274522611788E-4
<1205,557,217,op6> 3.807999733843839E-4

