<0,80,34,op2> 4.204525550573201E-5
<1,132,53,op5> 9.431611050419543E-4
<2,155,9,op3> 0.004153520152944443
<3,105,10,op1> 0.0014400404098202618
<4,80,35,op2> 3.007980729856717E-5
<5,135,8,op2> 0.0020204957277583594
<6,171,2,op7> 3.7074684549946973E-4
<7,101,14,op2> 0.0010272941363812897
<8,98,68,op6> 0.0011786683525118239
<9,29,44,op7> 2.521220906029445E-4
<10,31,12,op3> 0.00330098818087295
<11,174,17,op4> 0.0024184948541584664
<12,228,68,op6> 7.975420588852461E-4
<13,198,33,op6> 4.340177906703177E-4
<14,213,57,op7> 5.211354574309033E-4
<15,53,4,op2> 1.297211216470823E-4
<16,145,13,op6> 0.002544703979360139
<17,144,14,op2> 9.437491313141369E-4
<18,134,8,op2> 0.0020133308492911307
<19,39,58,op7> 1.3956244751091366E-4
<20,178,56,op8> 6.247027288140062E-4
<21,191,74,op3> 0.018651582401301776
<22,207,18,op5> 0.00203197508901799
<23,148,18,op5> 0.003949651579278719
<24,43,11,op3> 0.0013981541604140015
<25,170,2,op8> 4.176335156452645E-4
<26,80,21,op5> 2.4540621788362844E-4
<27,150,9,op3> 0.004307354232683124
<28,36,80,op7> 4.7920469813792045E-5
<29,80,20,op5> 2.4888510106685775E-4
<30,109,10,op1> 0.001422425236611451
<31,141,13,op6> 0.002677760396581584
<32,136,15,op2> 0.03383195323916395
<33,36,73,op3> 0.0017172051197378736
<34,133,0,op5> 4.29026844486257E-4
<35,30,37,op3> 3.2069139777670866E-4
<36,154,67,op3> 0.002088029166754171
<37,53,2,op1> 1.4532475216592967E-4
<38,92,69,op6> 0.001156277423007287
<39,178,57,op7> 5.401351876497384E-4
<40,107,49,op1> 0.0013296569106761406
<41,133,8,op2> 0.0020419903631600437
<42,197,69,op6> 0.0011868847665574798
<43,172,2,op7> 3.7596863205580035E-4
<44,169,22,op7> 2.0379070063903466E-4
<45,74,55,op5> 2.3432583798113865E-4
<46,241,16,op2> 0.009727679864228383
<47,236,8,op2> 0.002651005032874443
<48,147,13,op6> 0.00256965205758916
<49,54,4,op2> 1.3013033654186803E-4
<50,27,25,op1> 6.926606990709407E-5
<51,180,18,op5> 0.002933664034769724
<52,136,78,op2> 0.0029048739708255693
<53,33,73,op3> 0.001730833731799285
<54,30,11,op3> 0.001752615778547129
<55,174,46,op4> 0.003230567743229663
<56,91,69,op6> 0.0011596782389573083
<57,167,46,op4> 0.0025361466395447826
<58,245,57,op7> 9.689862411605859E-4
<59,153,67,op3> 0.0021185113443710204
<60,97,10,op6> 0.00362886281549265
<61,29,11,op3> 0.0016443080618953401
<62,171,2,op8> 4.2159212716796847E-4
<63,209,67,op3> 0.0025300207421984854
<64,37,80,op7> 5.096303932577885E-5
<65,98,6,op4> 5.146710139104206E-4
<66,163,58,op7> 4.64211608866776E-4
<67,38,12,op3> 0.002453193402178804
<68,247,10,op6> 0.0039213383259950425
<69,132,0,op5> 4.260161297881078E-4
<70,230,10,op6> 0.003943003178624849
<71,54,2,op1> 1.4578318986992317E-4
<72,6,3,op4> 6.721554605778057E-4
<73,127,8,op2> 0.0018986927938154793
<74,119,72,op5> 4.8295639048608605E-4
<75,138,18,op5> 0.00364485531592602
<76,51,4,op2> 1.2890269185751078E-4
<77,173,2,op7> 3.777092275745772E-4
<78,128,52,op5> 8.796727778139655E-4
<79,167,2,op8> 3.3252336790713004E-4
<80,38,45,op7> 2.0280299540243032E-4
<81,68,20,op5> 2.6064345229836284E-4
<82,140,18,op5> 0.004051250333729618
<83,151,16,op2> 0.0039641701180815085
<84,91,6,op4> 5.254575321660283E-4
<85,213,57,op8> 5.926054630214274E-4
<86,161,9,op3> 0.005230358711115223
<87,64,44,op1> 2.9274783628665293E-4
<88,38,44,op7> 2.0532098396407455E-4
<89,129,8,op2> 0.0019488469430860769
<90,37,58,op7> 1.4275853409513307E-4
<91,90,10,op6> 0.003704689799696974
<92,157,9,op3> 0.004061219705101232
<93,172,2,op8> 4.2753004445202433E-4
<94,34,80,op7> 4.9061433380787105E-5
<95,51,2,op1> 1.444078767579427E-4
<96,135,0,op5> 4.245107724390333E-4
<97,52,26,op2> 9.239945029601426E-5
<98,97,77,op2> 4.6486188909944994E-5
<99,170,46,op4> 0.0031852794103806492
<100,52,4,op2> 1.2931190675229652E-4
<101,158,9,op3> 0.003999686073205759
<102,93,69,op6> 0.0011528766070572655
<103,174,2,op7> 3.7248744101824657E-4
<104,39,44,op7> 1.9777241837716004E-4
<105,153,9,op3> 0.004276587416735388
<106,140,14,op2> 9.87068763571179E-4
<107,151,9,op3> 0.004338121048630861
<108,189,26,op2> 6.725276445595974E-5
<109,98,9,op2> 3.5100055627057357E-4
<110,87,10,op6> 0.002783933562930183
<111,39,45,op7> 1.9534700292439978E-4
<112,231,1,op1> 1.9293303151300708E-4
<113,102,49,op1> 0.0013542044228732385
<114,162,16,op2> 0.004835725250425671
<115,38,58,op7> 1.4488925848461266E-4
<116,38,73,op3> 0.0018534912403519906
<117,185,18,op5> 0.003009863100607898
<118,146,18,op5> 0.0038988522020532677
<119,173,2,op8> 4.295093502133763E-4
<120,148,13,op6> 0.002586284109741841
<121,88,10,op6> 0.0037155222260118774
<122,175,46,op4> 0.0032456638541793347
<123,146,13,op6> 0.002553020005436479
<124,35,80,op7> 4.75401486247937E-5
<125,28,11,op3> 0.0016147695937175795
<126,230,69,op6> 0.0012378970058078012
<127,238,14,op2> 0.0011510645142585533
<128,192,27,op2> 1.066916455325661E-4
<129,230,9,op2> 3.825275523427808E-4
<130,52,2,op1> 1.4486631446193618E-4
<131,134,0,op5> 4.2300541508995867E-4
<132,89,68,op6> 0.0012139578241439145
<133,99,10,op6> 0.0035747006839181327
<134,35,58,op7> 1.3317027434247487E-4
<135,164,57,op8> 5.432216744363083E-4
<136,147,18,op5> 0.003924251890665993
<137,36,45,op7> 1.8789101044636925E-4
<138,36,44,op7> 1.9022385279024554E-4
<139,38,23,op7> 7.438557875857377E-5
<140,39,37,op3> 2.360144556671283E-4
<141,130,8,op2> 0.0021566284186356954
<142,177,22,op8> 3.0396952075279843E-4
<143,156,67,op3> 0.002027064811520473
<144,117,83,op1> 2.453210217617849E-4
<145,160,67,op3> 0.002804360340750128
<146,32,80,op7> 6.883813520870128E-5
<147,78,8,op2> 1.958609351819567E-4
<148,216,77,op2> 2.6504065915819385E-5
<149,144,13,op6> 0.0025363879532837993
<150,202,72,op5> 2.809228406811496E-4
<151,214,56,op8> 6.090066803513426E-4
<152,173,46,op4> 0.003275856076078678
<153,36,58,op7> 1.3423563653721467E-4
<154,214,57,op8> 5.98778436594567E-4
<155,162,9,op3> 0.005291892343010697
<156,47,44,op1> 3.106711732021623E-4
<157,96,9,op2> 3.5310235600872076E-4
<158,108,14,op2> 0.001002540060805837
<159,172,17,op4> 0.0024410976098048075
<160,39,23,op7> 7.165081483362621E-5
<161,24,61,op1> 1.6393695442988278E-4
<162,245,56,op7> 9.855383193014074E-4
<163,102,10,op1> 0.0014576555830290725
<164,214,58,op8> 5.885501928377916E-4
<165,37,45,op7> 1.998205984112181E-4
<166,37,44,op7> 2.0230155772930875E-4
<167,158,67,op3> 0.001981341545095199
<168,178,2,op8> 3.9388184650904093E-4
<169,96,10,op6> 0.0036396952418075537
<170,50,4,op2> 1.3135798122622527E-4
<171,139,18,op5> 0.003670255004538745
<172,7,3,op4> 6.646453436998415E-4
<173,176,57,op7> 5.564206706944541E-4
<174,157,67,op3> 0.0020118237227120484
<175,164,22,op8> 2.6484473095293325E-4
<176,212,46,op4> 0.0028380688585382093
<177,45,23,op7> 1.6846145777676998E-4
<178,98,10,op6> 0.003618030389177746
<179,214,57,op7> 5.265639517791419E-4
<180,93,68,op6> 0.0011963130883278692
<181,214,56,op7> 5.355586384999244E-4
<182,245,2,op7> 6.213926002033366E-4
<183,50,2,op1> 1.4715850298190354E-4
<184,214,58,op7> 5.175692650583594E-4
<185,116,83,op1> 2.4328516266002744E-4
<186,106,83,op1> 3.318450335864809E-4
<187,219,35,op2> 2.3092765445750388E-5
<188,106,49,op1> 0.0013337481627089902
<189,247,69,op6> 0.0012310953739077585
<190,85,20,op5> 2.5378441407998494E-4
<191,219,34,op2> 3.227883788825883E-5
<192,33,80,op7> 4.83007910027904E-5
<193,215,77,op2> 2.6365301172804624E-5
<194,176,58,op8> 6.219215955244706E-4
<195,93,32,op6> 4.2290101186657743E-4
<196,213,58,op8> 5.824826650765774E-4
<197,111,14,op2> 7.704706022859673E-4
<198,37,37,op3> 2.4141936686561212E-4
<199,213,56,op8> 6.027282609662774E-4
<200,83,1,op5> 1.335540743036779E-4
<201,30,80,op7> 6.769717164170623E-5
<202,70,7,op4> 0.001796255865630019
<203,112,49,op1> 0.0010064480000810173
<204,34,45,op7> 1.9236460593318757E-4
<205,34,44,op7> 1.9475299214239425E-4
<206,36,23,op7> 6.891605090867864E-5
<207,159,67,op3> 0.0019508593674783501
<208,111,10,op1> 0.001096544532248456
<209,42,12,op3> 0.0025794607096438897
<210,33,58,op7> 1.353009987319545E-4
<211,39,26,op2> 3.83048354075249E-5
<212,132,8,op2> 0.0020276606062255877
<213,213,58,op7> 5.122334994392012E-4
<214,154,9,op3> 0.004215053784839915
<215,38,26,op2> 3.9766852026132724E-5
<216,109,83,op1> 3.2879124493384457E-4
<217,131,0,op5> 4.5010184737330125E-4
<218,245,58,op7> 9.524341630197647E-4
<219,175,17,op4> 0.002429796231981637
<220,229,54,op5> 2.7649588291905533E-4
<221,109,14,op2> 9.994458013589053E-4
<222,178,46,op4> 0.0030041260789845942
<223,38,27,op2> 4.098888076957342E-5
<224,122,0,op5> 4.0494112690106363E-4
<225,213,56,op7> 5.300374154226057E-4
<226,216,32,op6> 2.3827166155314535E-4
<227,216,31,op6> 2.4897048265188335E-4
<228,218,35,op2> 2.4040160951217066E-5
<229,60,22,op1> 1.0386336128322623E-4
<230,39,11,op3> 0.0012898464437622128
<231,218,34,op2> 3.360309790418739E-5
<232,31,80,op7> 6.959877758669799E-5
<233,90,32,op6> 4.2664349869725503E-4
<234,107,14,op2> 0.0010056343202527688
<235,37,23,op7> 7.329167318859475E-5
<236,35,45,op7> 1.863998119507631E-4
<237,35,44,op7> 1.8871413967286261E-4
<238,94,69,op6> 0.0011494757911072442
<239,34,58,op7> 1.3743172312143408E-4
<240,170,2,op7> 3.67265654461916E-4
<241,131,8,op2> 0.002142298661701239
<242,75,5,op4> 5.60942795182605E-4
<243,39,27,op2> 3.948193662363323E-5
<244,8,3,op4> 6.984408696506809E-4
<245,92,4,op6> 4.3367101840238156E-4
<246,130,0,op5> 4.5311256207145034E-4
<247,176,46,op4> 0.0030947027446826215
<248,188,3,op4> 8.523982656489493E-4
<249,216,41,op2> 6.701983546866429E-5
<250,124,8,op2> 0.001941682064618849
<251,44,11,op3> 0.0030523083783685952
<252,229,55,op5> 1.921809030924446E-4
<253,118,83,op1> 2.5448238771969396E-4
<254,115,49,op1> 0.0010023567480481675
<255,215,31,op6> 2.47666972271507E-4
<256,215,32,op6> 2.3702416594291952E-4
<257,119,52,op5> 8.269583042370988E-4
<258,36,12,op3> 0.0022728115343715392
<259,34,73,op3> 0.0017580909559221085
<260,198,4,op6> 4.528035633318984E-4
<261,119,53,op5> 8.365139129524046E-4
<262,165,56,op7> 4.4721906926282356E-4
<263,215,41,op2> 6.666894627772888E-5
<264,113,83,op1> 2.514285990670576E-4
<265,177,46,op4> 0.0030494144118336074
<266,117,49,op1> 9.859917399167688E-4
<267,214,22,op7> 2.5672335015566704E-4
<268,137,18,op5> 0.0037210543817641946
<269,214,22,op8> 2.919311238913014E-4
<270,179,2,op7> 3.4289731719904003E-4
<271,67,7,op4> 0.001710719872028589
<272,99,31,op6> 4.301584255241964E-4
<273,143,13,op6> 0.002519755901131118
<274,112,83,op1> 2.5041066951617884E-4
<275,119,8,op2> 0.0017983844952742846
<276,15,25,op1> 8.647503137469507E-5
<277,129,53,op5> 9.065011327611716E-4
<278,116,49,op1> 9.778092358510696E-4
<279,209,16,op2> 0.004667037160294541
<280,217,14,op2> 6.188518893863191E-4
<281,152,67,op3> 0.0021032702555625962
<282,198,10,op6> 0.0038455113417907184
<283,129,72,op5> 5.233631004470733E-4
<284,147,14,op2> 9.56126169101863E-4
<285,145,18,op5> 0.0038861523577469062
<286,134,52,op5> 9.257979421937241E-4
<287,99,4,op6> 4.2091598844937037E-4
<288,247,4,op6> 4.617320842990062E-4
<289,76,55,op5> 2.3601163537668635E-4
<290,213,22,op7> 2.540767176798355E-4
<291,168,17,op4> 0.0018647273408231165
<292,179,2,op8> 3.8992323498633695E-4
<293,239,18,op5> 0.00463544317182229
<294,118,14,op2> 7.735648617328989E-4
<295,213,22,op8> 2.889215246759272E-4
<296,99,6,op4> 5.085072891929306E-4
<297,98,4,op6> 4.2601800043057475E-4
<298,0,72,op7> 1.423436522757284E-4
<299,95,32,op6> 4.2040602064612566E-4
<300,115,83,op1> 2.4939273996530005E-4
<301,210,83,op1> 1.9238868511608866E-4
<302,64,2,op1> 1.3478068497407985E-4
<303,59,4,op2> 1.1621703011915259E-4
<304,97,4,op6> 4.272935034258759E-4
<305,99,9,op2> 3.467969567942793E-4
<306,118,49,op1> 0.0010228130082124158
<307,114,83,op1> 2.4735688086354254E-4
<308,41,11,op3> 0.0014178464725325085
<309,127,72,op5> 5.098941971267442E-4
<310,45,4,op2> 1.2603818759401053E-4
<311,164,17,op4> 0.001989042496877991
<312,211,46,op4> 0.0028229727475885375
<313,57,2,op1> 1.3203005875011905E-4
<314,96,4,op6> 4.28569006421177E-4
<315,116,10,op1> 0.00105250659922643
<316,165,17,op4> 0.0018308232073536057
<317,174,2,op8> 4.235714329293204E-4
<318,97,6,op4> 5.162119450897931E-4
<319,57,4,op2> 1.1785388969829556E-4
<320,175,2,op7> 3.7422803653702335E-4
<321,58,2,op1> 1.3111318334213214E-4
<322,115,14,op2> 7.58093564498241E-4
<323,181,18,op5> 0.002959063723382449
<324,176,22,op7> 2.7127982877274095E-4
<325,136,72,op5> 5.599215523165381E-4
<326,114,14,op2> 7.519050456043779E-4
<327,197,6,op4> 5.377849816010084E-4
<328,210,49,op1> 7.732466342085865E-4
<329,175,2,op8> 4.255507386906724E-4
<330,167,17,op4> 0.001898631474292628
<331,157,16,op2> 0.0037111379828848167
<332,115,10,op1> 0.0010789293590396454
<333,97,9,op2> 3.520514561396471E-4
<334,96,6,op4> 5.177528762691657E-4
<335,95,4,op6> 4.2984450941647816E-4
<336,139,14,op2> 8.942409801632311E-4
<337,156,9,op3> 0.004091986521048969
<338,212,17,op4> 0.0021246590307560363
<339,31,45,op7> 2.7288932469591724E-4
<340,58,4,op2> 1.1703545990872405E-4
<341,111,49,op1> 0.0010187217561795662
<342,171,17,op4> 0.002407193476335296
<343,166,56,op8> 4.991343411126983E-4
<344,72,5,op4> 5.549111522236524E-4
<345,59,2,op1> 1.301963079341452E-4
<346,176,2,op7> 3.568220813492548E-4
<347,198,32,op6> 4.428609416301916E-4
<348,88,68,op6> 0.0012104288769807054
<349,55,2,op1> 1.3386380956609294E-4
<350,118,10,op1> 0.0011009483255506587
<351,38,80,op7> 5.1723681703775555E-5
<352,176,2,op8> 4.057576810771527E-4
<353,121,8,op2> 0.001920187429217164
<354,95,6,op4> 5.192938074485383E-4
<355,110,49,op1> 0.0010146305041467164
<356,111,83,op1> 2.534644581688152E-4
<357,94,4,op6> 4.311200124117794E-4
<358,177,2,op7> 3.516002947929244E-4
<359,211,17,op4> 0.0021133576529328655
<360,166,17,op4> 0.0017969190738840943
<361,40,12,op3> 0.0026155370832053426
<362,227,7,op4> 0.0014804306584862792
<363,114,49,op1> 9.941742439824684E-4
<364,55,4,op2> 1.1949074927743855E-4
<365,179,17,op4> 0.0022263714311645698
<366,117,14,op2> 7.457165267105144E-4
<367,56,2,op1> 1.32946934158106E-4
<368,39,80,op7> 4.98220757587838E-5
<369,78,54,op5> 2.934737002912781E-4
<370,95,9,op2> 3.541532558777943E-4
<371,94,6,op4> 5.208347386279108E-4
<372,168,46,op4> 0.0024908583066957685
<373,110,83,op1> 2.524465286179364E-4
<374,93,4,op6> 4.3239551540708043E-4
<375,31,73,op3> 0.0024940360072383404
<376,177,2,op8> 3.9981976379309685E-4
<377,117,10,op1> 0.001061314185830835
<378,164,46,op4> 0.002656915527142153
<379,247,41,op2> 1.270218871186203E-4
<380,87,31,op6> 3.350021677567226E-4
<381,178,2,op7> 3.4637850823659376E-4
<382,113,49,op1> 0.0010105392521138666
<383,56,4,op2> 1.1867231948786708E-4
<384,128,8,op2> 0.0019130225507499356
<385,116,14,op2> 7.395280078166513E-4
<386,12,1,op1> 1.0987194437661711E-4
<387,220,26,op2> 6.374392457130098E-5
<388,92,9,op2> 3.5730595548501504E-4
<389,192,73,op3> 0.004824528669739739
<390,90,4,op6> 4.362220243929838E-4
<391,220,27,op2> 6.570276476299268E-5
<392,198,68,op6> 0.001252776242939214
<393,8,0,op7> 1.1836366711952853E-4
<394,13,1,op1> 1.0829483512719197E-4
<395,12,4,op2> 8.552591301022144E-5
<396,93,9,op2> 3.5625505561594147E-4
<397,92,6,op4> 5.239166009866558E-4
<398,122,52,op5> 8.86262087011074E-4
<399,221,27,op2> 6.600415359218074E-5
<400,17,61,op1> 2.07300923021013E-4
<401,11,1,op1> 1.0934624129347539E-4
<402,144,18,op5> 0.0038734525134405443
<403,91,4,op6> 4.3494652139768264E-4
<404,206,14,op2> 4.857987331682605E-4
<405,221,26,op2> 6.403632789502254E-5
<406,126,8,op2> 0.0018843630368810232
<407,9,0,op7> 1.1772730331781065E-4
<408,94,9,op2> 3.5520415574686785E-4
<409,93,6,op4> 5.223756698072833E-4
<410,149,13,op6> 0.0026029161618945215
<411,10,3,op4> 8.7117355784386E-4
<412,11,4,op2> 8.511669811543568E-5
<413,192,12,op3> 0.006385518120377181
<414,175,57,op7> 5.835631424356469E-4
<415,222,11,op3> 0.0021661543330357778
<416,230,33,op6> 4.450210586028047E-4
<417,6,0,op7> 1.1390912050750326E-4
<418,90,9,op2> 3.5940775522316207E-4
<419,15,1,op1> 1.0566631971148343E-4
<420,8,8,op2> 1.505377435696031E-4
<421,120,0,op5> 4.139732709955112E-4
<422,78,55,op5> 2.0398148486127895E-4
<423,169,46,op4> 0.002324801086249384
<424,174,56,op8> 6.717908742019966E-4
<425,73,5,op4> 5.569216998766366E-4
<426,172,56,op8> 6.780692935870621E-4
<427,142,18,op5> 0.00406395017803598
<428,173,58,op7> 5.789305696786805E-4
<429,14,4,op2> 8.470748322064992E-5
<430,163,17,op4> 0.0019664397412316502
<431,172,57,op8> 6.666811458991058E-4
<432,9,3,op4> 6.946858112116987E-4
<433,10,0,op7> 1.4763640199855172E-4
<434,91,9,op2> 3.5835685535408855E-4
<435,246,9,op2> 3.8147665247370723E-4
<436,90,6,op4> 5.269984633454008E-4
<437,14,1,op1> 1.0882053821033366E-4
<438,7,0,op7> 1.1263639290406747E-4
<439,9,8,op2> 1.4972840086223963E-4
<440,121,0,op5> 4.0343576955198903E-4
<441,13,4,op2> 8.42982683258642E-5
<442,79,55,op5> 2.022956874657312E-4
<443,233,52,op5> 0.0012157275468664918
<444,90,69,op6> 0.0011630790549073298
<445,151,67,op3> 0.00214899352198787
<446,79,54,op5> 2.9104829780953194E-4
<447,79,35,op2> 2.8421865164000477E-5
<448,87,32,op6> 3.2060637182805427E-4
<449,56,44,op1> 2.8876487252765094E-4
<450,79,34,op2> 3.972780047785702E-5
<451,4,0,op7> 1.1581821191265697E-4
<452,92,32,op6> 4.241485074768033E-4
<453,79,20,op5> 2.3516702463010182E-4
<454,120,53,op5> 9.164993070195668E-4
<455,152,9,op3> 0.004245820600787652
<456,79,21,op5> 2.3187989091366472E-4
<457,49,44,op1> 3.007137638046571E-4
<458,76,54,op5> 3.3955634744445393E-4
<459,5,3,op4> 6.75910519016788E-4
<460,6,8,op2> 1.4487234461805888E-4
<461,5,0,op7> 1.1454548430922117E-4
<462,77,54,op5> 2.9589910277302416E-4
<463,87,4,op6> 3.2780426979238847E-4
<464,7,8,op2> 1.4325365920333198E-4
<465,77,55,op5> 2.056672822568267E-4
<466,2,0,op7> 1.0881821009376011E-4
<467,77,35,op2> 2.8895562916733822E-5
<468,141,18,op5> 0.004089349866648705
<469,77,34,op2> 4.038993048582131E-5
<470,74,54,op5> 3.371309449627079E-4
<471,35,23,op7> 6.836909812368913E-5
<472,88,4,op6> 4.3749752738828497E-4
<473,3,3,op4> 6.346048761879842E-4
<474,4,8,op2> 1.4730037274014927E-4
<475,77,20,op5> 2.3908647504060357E-4
<476,161,67,op3> 0.0025909850974321835
<477,124,53,op5> 9.031684080083733E-4
<478,96,68,op6> 0.0011857262468382421
<479,77,21,op5> 2.3574455576222582E-4
<480,186,18,op5> 0.00302256294491426
<481,10,8,op2> 1.8776750810832213E-4
<482,3,0,op7> 1.075454824903243E-4
<483,78,35,op2> 2.8658714040367146E-5
<484,78,34,op2> 4.0058865481839166E-5
<485,4,3,op4> 6.834206358947524E-4
<486,93,31,op6> 4.4189001894758353E-4
<487,75,55,op5> 2.3516873667891252E-4
<488,75,54,op5> 3.383436462035809E-4
<489,78,21,op5> 2.3381222333794527E-4
<490,5,8,op2> 1.4568168732542234E-4
<491,78,20,op5> 2.371267498353527E-4
<492,72,55,op5> 2.3264004058559087E-4
<493,87,68,op6> 9.069394209447269E-4
<494,105,49,op1> 0.0013378394147418398
<495,71,20,op5> 2.684823531193662E-4
<496,72,54,op5> 3.3470554248096176E-4
<497,164,58,op7> 4.695473744859344E-4
<498,164,57,op7> 4.777075026449947E-4
<499,164,56,op7> 4.8586763080405516E-4
<500,37,27,op2> 4.0386103111197345E-5
<501,37,26,op2> 3.9182045378689594E-5
<502,167,22,op7> 2.22317127969856E-4
<503,197,68,op6> 0.0012316025599599597
<504,174,57,op8> 6.605081723259658E-4
<505,142,13,op6> 0.0026611283444289034
<506,120,72,op5> 5.291354875843572E-4
<507,75,21,op5> 2.6956037318713523E-4
<508,88,6,op4> 5.285393945247733E-4
<509,42,73,op3> 0.0019488915247818724
<510,198,41,op2> 1.2456566278207237E-4
<511,104,14,op2> 0.0010149170985935634
<512,160,9,op3> 0.005661094134383535
<513,170,58,op8> 6.401241788081137E-4
<514,75,20,op5> 2.733816661324934E-4
<515,32,58,op7> 1.9283055724790365E-4
<516,54,44,op1> 3.1664561884066545E-4
<517,164,58,op8> 5.339424429868626E-4
<518,166,46,op4> 0.0024002816409977408
<519,164,56,op8> 5.525009058857543E-4
<520,95,69,op6> 0.0011460749751572227
<521,98,69,op6> 0.0011358725273071582
<522,167,22,op8> 2.5280633409143627E-4
<523,33,44,op7> 1.9173356590762846E-4
<524,33,45,op7> 1.8938220894197536E-4
<525,178,17,op4> 0.0022489741868109104
<526,75,34,op2> 4.618356805550879E-5
<527,248,13,op6> 0.0030020854135588563
<528,75,35,op2> 3.3040418253150554E-5
<529,107,83,op1> 3.3082710403560214E-4
<530,73,55,op5> 2.3348293928336474E-4
<531,163,56,op7> 4.8034640772673636E-4
<532,178,58,op7> 5.309086791062554E-4
<533,154,16,op2> 0.003851711391327423
<534,163,57,op7> 4.722790082967561E-4
<535,37,11,op3> 0.0013193849119399732
<536,166,22,op7> 2.104072818286137E-4
<537,76,20,op5> 2.7436152873511877E-4
<538,36,27,op2> 3.797499247769303E-5
<539,36,26,op2> 3.684281878891708E-5
<540,76,21,op5> 2.7052653939927545E-4
<541,73,54,op5> 3.359182437218348E-4
<542,163,58,op8> 5.278749152256481E-4
<543,32,45,op7> 2.6990692770470504E-4
<544,68,55,op5> 2.2421105360785206E-4
<545,31,58,op7> 1.9496128163738323E-4
<546,163,56,op8> 5.462224865006888E-4
<547,163,57,op8> 5.370487008631684E-4
<548,169,17,op4> 0.0017404121847682424
<549,63,22,op1> 1.0351482651381945E-4
<550,166,22,op8> 2.392631376222522E-4
<551,76,34,op2> 4.634910055749985E-5
<552,222,37,op3> 3.963601545554827E-4
<553,35,37,op3> 2.2520463327016057E-4
<554,76,35,op2> 3.3158842691333885E-5
<555,34,23,op7> 7.055690926364718E-5
<556,32,44,op7> 2.7325807424630514E-4
<557,234,52,op5> 0.0012124328922679375
<558,166,58,op7> 4.2419336672308843E-4
<559,172,22,op7> 2.858363073898149E-4
<560,70,55,op5> 2.3011134449226923E-4
<561,120,8,op2> 0.0019703415784877616
<562,70,54,op5> 3.3106743875834264E-4
<563,73,21,op5> 2.6762804076285474E-4
<564,98,31,op6> 4.353724670457017E-4
<565,245,22,op8> 5.372134599443021E-4
<566,73,20,op5> 2.714219409272426E-4
<567,94,68,op6> 0.0011927841411646602
<568,35,27,op2> 3.7673603648504985E-5
<569,166,57,op7> 4.315653006849668E-4
<570,50,44,op1> 3.19632841659917E-4
<571,94,10,op6> 0.003661360094437361
<572,173,17,op4> 0.002452398987627978
<573,138,13,op6> 0.0023866994839096723
<574,35,26,op2> 3.655041546519551E-5
<575,166,56,op7> 4.389372346468452E-4
<576,166,57,op8> 4.907513990646193E-4
<577,30,58,op7> 1.8963447066368426E-4
<578,89,6,op4> 5.300803257041459E-4
<579,166,58,op8> 4.823684570165406E-4
<580,31,44,op7> 2.7627750048107093E-4
<581,73,34,op2> 4.585250305152665E-5
<582,169,22,op8> 2.3173913958381655E-4
<583,33,23,op7> 6.946300369366816E-5
<584,73,35,op2> 3.280356937678389E-5
<585,165,58,op7> 4.32197015151826E-4
<586,165,57,op7> 4.397080422073247E-4
<587,71,54,op5> 3.322801399992156E-4
<588,122,53,op5> 8.965029585027763E-4
<589,71,55,op5> 2.309542431900431E-4
<590,74,20,op5> 2.72401803529868E-4
<591,34,27,op2> 3.887915896525714E-5
<592,34,26,op2> 3.7720028760081764E-5
<593,146,14,op2> 9.499376502079997E-4
<594,168,22,op7> 2.1834717925610863E-4
<595,209,9,op3> 0.0051072914473242765
<596,74,21,op5> 2.68594206974995E-4
<597,165,56,op8> 5.085519701902966E-4
<598,165,57,op8> 5.000108594243293E-4
<599,63,45,op1> 2.9210826226454446E-4
<600,95,31,op6> 4.392829981868308E-4
<601,165,58,op8> 4.914697486583622E-4
<602,32,23,op7> 9.899845408310187E-5
<603,30,44,op7> 2.687289348941564E-4
<604,30,45,op7> 2.654333322178867E-4
<605,74,34,op2> 4.601803555351772E-5
<606,74,35,op2> 3.292199381496722E-5
<607,168,22,op8> 2.4829193526837494E-4
<608,35,11,op3> 0.0012307695074066916
<609,33,27,op2> 3.827638130688106E-5
<610,136,0,op5> 4.3805898858070456E-4
<611,125,72,op5> 5.02197680943699E-4
<612,33,26,op2> 3.7135222112638634E-5
<613,71,21,op5> 2.6472954212643387E-4
<614,163,22,op7> 2.3025702539735088E-4
<615,125,0,op5> 3.9289826810846694E-4
<616,137,13,op6> 0.0024365956403677148
<617,163,46,op4> 0.0026267233052428103
<618,34,12,op3> 0.0023269260947137186
<619,125,8,op2> 0.0018700332799465663
<620,101,10,op1> 0.0014620593763312747
<621,32,37,op3> 3.2609630897519255E-4
<622,162,67,op3> 0.002621467275049033
<623,31,23,op7> 1.000923596530809E-4
<624,71,35,op2> 3.244829606223388E-5
<625,71,34,op2> 4.535590554555343E-5
<626,89,31,op6> 4.484075708494653E-4
<627,245,58,op8> 0.001083053705376761
<628,163,22,op8> 2.61835131737559E-4
<629,32,26,op2> 5.2925001593603104E-5
<630,72,20,op5> 2.7044207832461716E-4
<631,32,27,op2> 5.455137808303522E-5
<632,72,21,op5> 2.6666187455071447E-4
<633,107,10,op1> 0.0014312328232158563
<634,121,72,op5> 5.15666584264028E-4
<635,33,12,op3> 0.0022908497211522653
<636,72,34,op2> 4.568697054953558E-5
<637,72,35,op2> 3.2685144938600546E-5
<638,143,18,op5> 0.003848052824827819
<639,182,18,op5> 0.0029717635676888106
<640,30,23,op7> 9.735759572813332E-5
<641,31,26,op2> 5.350980824104624E-5
<642,165,22,op7> 2.1437723054236119E-4
<643,31,27,op2> 5.51541557414113E-5
<644,233,0,op5> 5.554768618085223E-4
<645,165,22,op8> 2.4377753644531358E-4
<646,32,11,op3> 0.0017821542467248896
<647,165,46,op4> 0.002445569973846755
<648,79,5,op4> 4.8253143671621936E-4
<649,235,8,op2> 0.0026581699113416716
<650,164,22,op7> 2.3290365787318251E-4
<651,30,26,op2> 5.2047791622438416E-5
<652,177,17,op4> 0.002282878320280422
<653,70,20,op5> 2.6750249051674086E-4
<654,178,57,op8> 6.142108705274168E-4
<655,175,58,op8> 6.522592343305423E-4
<656,30,27,op2> 5.36472115954711E-5
<657,70,21,op5> 2.6376337591429365E-4
<658,234,0,op5> 5.539715044594477E-4
<659,70,34,op2> 4.519037304356236E-5
<660,70,35,op2> 3.232987162405054E-5
<661,63,4,op2> 1.2153682375136731E-4
<662,205,58,op7> 1.5873896701623007E-4
<663,230,68,op6> 0.0012845367674080956
<664,63,2,op1> 1.361559980860603E-4
<665,187,8,op2> 1.8533947998623175E-4
<666,64,4,op2> 1.2030917906701006E-4
<667,187,3,op4> 8.599083825269136E-4
<668,205,45,op7> 2.2218857584530968E-4
<669,188,8,op2> 1.8372079457150482E-4
<670,65,4,op2> 1.207183939617958E-4
<671,91,41,op2> 1.1965321410897656E-4
<672,205,80,op7> 5.6667857160754096E-5
<673,159,16,op2> 0.0035986792561307317
<674,45,11,op3> 0.0030326160662500884
<675,96,31,op6> 4.3797948780645453E-4
<676,90,33,op6> 4.1812418143450335E-4
<677,90,31,op6> 4.458005500887126E-4
<678,92,10,op6> 0.0036830249470671673
<679,174,57,op7> 5.808488952615277E-4
<680,65,2,op1> 1.3523912267807334E-4
<681,221,4,op2> 8.961806195807893E-5
<682,98,41,op2> 1.1719698977242867E-4
<683,66,4,op2> 1.0721430243386611E-4
<684,90,41,op2> 1.2000410329991198E-4
<685,91,10,op6> 0.00369385737338207
<686,220,4,op2> 8.920884706329317E-5
<687,66,2,op1> 1.2011067844628885E-4
<688,45,58,op7> 3.281315559798581E-4
<689,169,58,op8> 4.671996376135047E-4
<690,169,57,op8> 4.753189651317697E-4
<691,169,56,op8> 4.8343829265003494E-4
<692,42,80,op7> 5.4385930026764004E-5
<693,233,72,op5> 7.100036178859194E-4
<694,40,73,op3> 0.0019761487489046957
<695,49,45,op1> 2.9702590977741554E-4
<696,135,53,op5> 9.398283802891558E-4
<697,169,57,op7> 4.179940648143703E-4
<698,169,58,op7> 4.108539526751925E-4
<699,108,83,op1> 3.2980917448472335E-4
<700,169,56,op7> 4.251341769535482E-4
<701,202,52,op5> 4.8101957138891E-4
<702,202,53,op5> 4.8657781390856996E-4
<703,122,72,op5> 5.175907133097894E-4
<704,60,4,op2> 1.2194603864615306E-4
<705,60,2,op1> 1.3661443579005375E-4
<706,207,14,op2> 4.950815115090552E-4
<707,43,80,op7> 5.400560883776564E-5
<708,100,49,op1> 0.001362386926938938
<709,167,58,op8> 5.096723319420051E-4
<710,88,9,op2> 3.6045865509223574E-4
<711,108,49,op1> 0.001325565658643291
<712,61,4,op2> 1.2276446843572457E-4
<713,92,68,op6> 0.0011998420354910782
<714,205,44,op7> 2.249472544900523E-4
<715,167,57,op8> 5.185297801437489E-4
<716,167,56,op8> 5.273872283454927E-4
<717,44,80,op7> 1.178995685894884E-4
<718,128,72,op5> 5.137424552182668E-4
<719,61,2,op1> 1.375313111980407E-4
<720,179,56,op8> 6.184243094289408E-4
<721,167,57,op7> 4.5599352525204045E-4
<722,167,58,op7> 4.48204312009301E-4
<723,167,56,op7> 4.637827384947799E-4
<724,62,4,op2> 1.2112760885658157E-4
<725,228,9,op2> 2.3750337041062762E-4
<726,86,5,op4> 5.147001991639673E-4
<727,168,56,op8> 5.179695992678946E-4
<728,168,58,op8> 5.005710403001838E-4
<729,168,57,op8> 5.092703197840391E-4
<730,129,52,op5> 8.961460508067365E-4
<731,94,32,op6> 4.2165351625635155E-4
<732,45,80,op7> 1.1713892621149167E-4
<733,44,45,op7> 4.6227153363789266E-4
<734,131,53,op5> 9.96484701086729E-4
<735,205,23,op7> 8.149596496343745E-5
<736,62,2,op1> 1.356975603820668E-4
<737,168,56,op7> 4.555009038788018E-4
<738,168,57,op7> 4.478507837296826E-4
<739,17,60,op1> 2.0462750972036588E-4
<740,248,14,op2> 0.0011170276603423058
<741,168,58,op7> 4.402006635805635E-4
<742,97,69,op6> 0.0011392733432571797
<743,69,1,op5> 1.3936077318644653E-4
<744,110,10,op1> 0.0010921407389462535
<745,0,3,op4> 6.571352268218772E-4
<746,1,8,op2> 1.4001628837387813E-4
<747,60,44,op1> 2.967308000456551E-4
<748,67,3,op4> 9.763151941353603E-4
<749,128,53,op5> 8.898375089971794E-4
<750,229,21,op5> 2.202858963679815E-4
<751,126,72,op5> 5.060459390352216E-4
<752,61,45,op1> 2.950588507722671E-4
<753,127,53,op5> 8.831720594915824E-4
<754,127,52,op5> 8.730834686168572E-4
<755,0,8,op2> 1.4163497378860506E-4
<756,2,3,op4> 6.421149930659485E-4
<757,3,8,op2> 1.367789175444243E-4
<758,126,53,op5> 8.765066099859858E-4
<759,124,72,op5> 5.214389714013121E-4
<760,126,52,op5> 8.664941594197489E-4
<761,205,26,op2> 4.3568095234513045E-5
<762,205,27,op2> 4.490693554901794E-5
<763,124,0,op5> 4.079518415992129E-4
<764,1,0,op7> 1.1009093769719589E-4
<765,19,4,op2> 7.897847469364945E-5
<766,89,10,op6> 0.003726354652326781
<767,2,8,op2> 1.3839760295915123E-4
<768,123,52,op5> 8.895567416096281E-4
<769,1,3,op4> 6.496251099439129E-4
<770,125,53,op5> 8.69841160480389E-4
<771,123,72,op5> 5.195148423555508E-4
<772,125,52,op5> 8.599048502226404E-4
<773,0,0,op7> 1.113636653006317E-4
<774,124,52,op5> 8.928513962081825E-4
<775,18,1,op1> 1.0408921046205829E-4
<776,67,8,op2> 2.104291039144989E-4
<777,17,4,op2> 8.02061193780067E-5
<778,123,53,op5> 8.998356832555747E-4
<779,89,4,op6> 4.3877303038358605E-4
<780,19,1,op1> 1.0146069504634976E-4
<781,18,4,op2> 8.102454916757821E-5
<782,103,14,op2> 0.001018011358040495
<783,68,8,op2> 2.152851601586797E-4
<784,16,1,op1> 1.0724342896090855E-4
<785,67,1,op5> 1.3724924631998517E-4
<786,189,4,op2> 9.411942580072215E-5
<787,15,4,op2> 8.225219385193545E-5
<788,178,22,op7> 2.633399313452461E-4
<789,68,7,op4> 0.0017501980229215565
<790,121,52,op5> 8.829674324125197E-4
<791,100,14,op2> 0.0010303883958282212
<792,68,3,op4> 9.988455447692533E-4
<793,121,53,op5> 8.931702337499777E-4
<794,99,33,op6> 4.034531575245208E-4
<795,69,8,op2> 2.1366647474395278E-4
<796,187,0,op7> 1.4572731059339804E-4
<797,97,68,op6> 0.001182197299675033
<798,17,1,op1> 1.0303780429577487E-4
<799,68,1,op5> 1.4041653661967717E-4
<800,16,4,op2> 8.347983853629268E-5
<801,69,7,op4> 0.0017370386392905677
<802,120,52,op5> 9.06030014602399E-4
<803,69,3,op4> 9.913354278912891E-4
<804,130,52,op5> 9.916910341648075E-4
<805,130,53,op5> 0.0010031501505923257
<806,89,77,op2> 4.773507159707785E-5
<807,176,17,op4> 0.002316782453749933
<808,173,22,op8> 3.2654151486810525E-4
<809,23,27,op2> 4.611249086577011E-5
<810,88,69,op6> 0.0011664798708573513
<811,159,9,op3> 0.0039381524413102855
<812,247,77,op2> 5.0232836971343546E-5
<813,170,56,op8> 6.623732451243985E-4
<814,132,52,op5> 9.323872513908324E-4
<815,170,57,op8> 6.51248711966256E-4
<816,26,4,op2> 6.465595337614826E-5
<817,173,22,op7> 2.871596236277307E-4
<818,96,32,op6> 4.1915852503589967E-4
<819,82,34,op2> 4.171419050174987E-5
<820,27,1,op1> 8.463819638581508E-5
<821,170,56,op7> 5.824890346571343E-4
<822,170,58,op7> 5.629232728212055E-4
<823,170,57,op7> 5.727061537391698E-4
<824,131,52,op5> 9.851017249676993E-4
<825,89,69,op6> 0.0011698806868073728
<826,172,22,op8> 3.250367152604182E-4
<827,172,46,op4> 0.003260759965129006
<828,137,14,op2> 9.066180179509575E-4
<829,53,45,op1> 3.117788523160289E-4
<830,247,68,op6> 0.0012774788730816773
<831,25,4,op2> 6.383752358657677E-5
<832,26,1,op1> 8.306108713638995E-5
<833,171,22,op8> 3.205223164373567E-4
<834,247,32,op6> 4.5159341090177286E-4
<835,210,10,op1> 8.323169341162981E-4
<836,247,31,op6> 4.718707576962397E-4
<837,98,32,op6> 4.1666353381544785E-4
<838,171,46,op4> 0.003215471632279992
<839,179,22,op7> 2.606932988694145E-4
<840,24,4,op2> 6.342830869179102E-5
<841,247,33,op6> 4.4257588795114096E-4
<842,41,27,op2> 4.3399991403077745E-5
<843,41,26,op2> 4.210607861590523E-5
<844,171,22,op7> 2.8186635867606745E-4
<845,25,1,op1> 8.200968097010652E-5
<846,23,1,op1> 8.043257172068142E-5
<847,67,21,op5> 2.512032151564701E-4
<848,246,77,op2> 5.037160171435831E-5
<849,123,0,op5> 4.064464842501383E-4
<850,170,22,op8> 3.175127172219825E-4
<851,245,57,op8> 0.0011018757828054663
<852,245,56,op8> 0.0011206978602341718
<853,56,27,op2> 8.740276046453157E-5
<854,23,4,op2> 6.260987890221953E-5
<855,102,83,op1> 3.3693468134087483E-4
<856,40,27,op2> 4.3701380232265785E-5
<857,40,26,op2> 4.2398481939626807E-5
<858,170,22,op7> 2.7921972620023583E-4
<859,24,1,op1> 8.148397788696484E-5
<860,246,41,op2> 1.273727763095557E-4
<861,87,33,op6> 3.142044287387935E-4
<862,245,22,op7> 4.7242389693594406E-4
<863,170,17,op4> 0.0023845907206889554
<864,22,1,op1> 7.99068686375397E-5
<865,89,41,op2> 1.2070588168178283E-4
<866,228,69,op6> 7.685844047048437E-4
<867,229,1,op5> 1.2035703138829471E-4
<868,13,61,op1> 2.1787750072616678E-4
<869,22,4,op2> 6.220066400743376E-5
<870,86,54,op5> 3.1045151766350077E-4
<871,86,55,op5> 2.1578206663011327E-4
<872,246,31,op6> 4.73174268076616E-4
<873,88,33,op6> 4.1934676676033515E-4
<874,88,32,op6> 4.27890994307481E-4
<875,88,31,op6> 4.4710406046908897E-4
<876,21,1,op1> 1.103976474597588E-4
<877,134,53,op5> 9.364956555363573E-4
<878,21,4,op2> 8.593512790500718E-5
<879,246,32,op6> 4.5284090651199875E-4
<880,20,1,op1> 1.1144905362604223E-4
<881,77,8,op2> 1.9747962059668363E-4
<882,247,6,op4> 5.578170869328511E-4
<883,136,53,op5> 9.698229030643418E-4
<884,56,45,op1> 2.8522355574652484E-4
<885,89,32,op6> 4.291384899177069E-4
<886,87,77,op2> 3.566253895479363E-5
<887,89,33,op6> 4.205693520861671E-4
<888,223,11,op3> 0.0021760004890950305
<889,20,4,op2> 8.675355769457868E-5
<890,51,27,op2> 9.493748119423257E-5
<891,87,69,op6> 8.740096991555081E-4
<892,88,77,op2> 4.759630685406309E-5
<893,226,8,op2> 1.8129276644941446E-4
<894,17,26,op2> 5.731105144942657E-5
<895,85,21,op5> 2.5023704894432987E-4
<896,47,27,op2> 9.403331470666845E-5
<897,47,26,op2> 9.122983700112801E-5
<898,178,56,op7> 5.493616961932215E-4
<899,192,4,op2> 1.4486207275415496E-4
<900,110,14,op2> 7.673763428390358E-4
<901,46,45,op1> 3.088282638083062E-4
<902,46,44,op1> 3.1266265508166335E-4
<903,48,22,op1> 1.0595456989966702E-4
<904,82,55,op5> 2.1241047183901773E-4
<905,82,54,op5> 3.056007127000085E-4
<906,106,14,op2> 0.0010087285796997
<907,85,35,op2> 3.067192948948385E-5
<908,43,44,op7> 2.1437926266837197E-4
<909,85,34,op2> 4.287291801568737E-5
<910,178,58,op8> 6.037190122408276E-4
<911,42,58,op7> 1.523467938477913E-4
<912,43,45,op7> 2.117501863760669E-4
<913,86,21,op5> 2.4733855030790905E-4
<914,86,20,op5> 2.508448262721087E-4
<915,91,68,op6> 0.0012033709826542872
<916,46,27,op2> 9.46360923650445E-5
<917,227,9,op2> 2.3645247054155405E-4
<918,177,57,op7> 5.482779291720963E-4
<919,46,26,op2> 9.181464364857111E-5
<920,177,56,op7> 5.576435308091997E-4
<921,174,58,op7> 5.709269212499429E-4
<922,47,22,op1> 1.0874284805492141E-4
<923,177,58,op7> 5.389123275349928E-4
<924,83,55,op5> 2.132533705367916E-4
<925,83,54,op5> 3.068134139408816E-4
<926,48,27,op2> 9.162220407316413E-5
<927,226,1,op5> 1.1824550452183339E-4
<928,86,34,op2> 4.2376320509714156E-5
<929,45,37,op3> 5.549042163776757E-4
<930,86,35,op2> 3.0316656174933846E-5
<931,44,23,op7> 1.6955536334674906E-4
<932,177,56,op8> 6.341203578916043E-4
<933,177,57,op8> 6.234703308871267E-4
<934,41,58,op7> 1.5341215604253107E-4
<935,177,58,op8> 6.128203038826491E-4
<936,42,44,op7> 2.158889757857549E-4
<937,42,45,op7> 2.1324138487167305E-4
<938,176,56,op7> 5.659253654251779E-4
<939,49,27,op2> 9.101942641478803E-5
<940,49,26,op2> 8.830580376391235E-5
<941,84,54,op5> 3.1287692014524685E-4
<942,230,41,op2> 1.2772366550049114E-4
<943,190,4,op2> 1.440436429645835E-4
<944,84,55,op5> 2.17467864025661E-4
<945,87,41,op2> 9.017852207040172E-5
<946,176,58,op7> 5.469159759637303E-4
<947,48,45,op1> 2.9899296878256403E-4
<948,48,44,op1> 3.027052456841582E-4
<949,179,22,op8> 2.964455227143628E-4
<950,41,80,op7> 5.4766251215762355E-5
<951,179,46,op4> 0.0029739338570852506
<952,45,45,op7> 4.592891366466804E-4
<953,45,44,op7> 4.6499164015393355E-4
<954,8,35,op2> 2.2026945502100373E-5
<955,44,58,op7> 3.302622803693377E-4
<956,176,56,op8> 6.435379869692023E-4
<957,176,57,op8> 6.327297912468364E-4
<958,48,26,op2> 8.889061041135549E-5
<959,229,8,op2> 1.8453013727886828E-4
<960,85,55,op5> 2.183107627234349E-4
<961,85,54,op5> 3.140896213861199E-4
<962,49,22,op1> 1.0525750036085342E-4
<963,175,56,op7> 5.93531480811772E-4
<964,175,58,op7> 5.735948040595221E-4
<965,88,41,op2> 1.2035499249084741E-4
<966,47,45,op1> 3.068612048031578E-4
<967,108,10,op1> 0.001426829029913654
<968,178,22,op8> 2.9945512192973704E-4
<969,40,80,op7> 5.51465724047607E-5
<970,81,54,op5> 3.092388164226277E-4
<971,44,44,op7> 4.6801106638869944E-4
<972,43,58,op7> 1.5128143165305145E-4
<973,175,56,op8> 6.749300838945293E-4
<974,175,57,op8> 6.635946591125356E-4
<975,174,56,op7> 5.907708692731125E-4
<976,135,52,op5> 9.290925967922782E-4
<977,81,21,op5> 2.463723840957688E-4
<978,81,20,op5> 2.498649636694832E-4
<979,222,4,op2> 9.002727685286467E-5
<980,43,26,op2> 4.15212719684621E-5
<981,133,72,op5> 5.483767780419702E-4
<982,93,10,op6> 0.0036721925207522637
<983,127,0,op5> 3.989196975047653E-4
<984,43,27,op2> 4.2797213744701657E-5
<985,177,22,op7> 2.673098800589936E-4
<986,198,9,op2> 3.7306945352111857E-4
<987,41,23,op7> 7.876120103848988E-5
<988,81,35,op2> 3.0198231736750504E-5
<989,81,34,op2> 4.2210788007723083E-5
<990,174,58,op8> 6.492254704499351E-4
<991,173,56,op7> 5.990527038890908E-4
<992,173,57,op7> 5.889916367838856E-4
<993,82,20,op5> 2.469253758616069E-4
<994,42,27,op2> 4.3098602573889704E-5
<995,82,21,op5> 2.4347388545934795E-4
<996,223,4,op2> 9.043649174765041E-5
<997,42,26,op2> 4.1813675292183664E-5
<998,173,56,op8> 6.812085032795947E-4
<999,173,58,op8> 6.583267620917568E-4
<1000,41,37,op3> 2.5943573752722503E-4
<1001,82,35,op2> 2.98429584222005E-5
<1002,173,57,op8> 6.697676326856756E-4
<1003,40,23,op7> 7.930815382347939E-5
<1004,176,22,op8> 3.0848391957585976E-4
<1005,80,54,op5> 3.080261151817546E-4
<1006,122,8,op2> 0.0019273523076843923
<1007,172,57,op7> 5.862773896097663E-4
<1008,83,21,op5> 2.4444005167148817E-4
<1009,172,58,op7> 5.762626868691013E-4
<1010,46,22,op1> 1.0943991759373502E-4
<1011,172,56,op7> 5.962920923504314E-4
<1012,80,55,op5> 2.140962692345655E-4
<1013,175,22,op7> 2.8451299115189906E-4
<1014,83,20,op5> 2.4790523846423233E-4
<1015,224,4,op2> 9.084570664243618E-5
<1016,45,26,op2> 9.006022370624174E-5
<1017,45,27,op2> 9.282775938991626E-5
<1018,172,58,op8> 6.552929982111495E-4
<1019,41,45,op7> 2.1473258336727916E-4
<1020,41,44,op7> 2.173986889031378E-4
<1021,43,23,op7> 7.766729546851084E-5
<1022,83,35,op2> 2.9961382860383828E-5
<1023,40,58,op7> 1.544775182372709E-4
<1024,190,27,op2> 1.0608886787419005E-4
<1025,175,22,op8> 3.2353191565273094E-4
<1026,83,34,op2> 4.187972300374093E-5
<1027,44,37,op3> 5.585074905099983E-4
<1028,171,56,op7> 5.880102577344532E-4
<1029,113,10,op1> 0.0010877369456440509
<1030,171,57,op7> 5.781346480874084E-4
<1031,70,1,op5> 1.4411170863598446E-4
<1032,133,53,op5> 9.498265545475511E-4
<1033,171,58,op7> 5.682590384403637E-4
<1034,81,55,op5> 2.1493916793233938E-4
<1035,174,22,op7> 2.8318967491398325E-4
<1036,225,4,op2> 9.125492153722192E-5
<1037,44,26,op2> 9.064503035368488E-5
<1038,84,20,op5> 2.5280455147735947E-4
<1039,81,1,op5> 1.3460983773690857E-4
<1040,44,27,op2> 9.343053704829237E-5
<1041,84,21,op5> 2.4927088273218954E-4
<1042,44,2,op7> 2.15471625353203E-4
<1043,171,56,op8> 6.686516645094639E-4
<1044,42,23,op7> 7.821424825350038E-5
<1045,171,58,op8> 6.46191706569328E-4
<1046,40,45,op7> 2.1622378186288526E-4
<1047,171,57,op8> 6.574216855393959E-4
<1048,40,44,op7> 2.189084020205207E-4
<1049,174,22,op8> 3.220271160450438E-4
<1050,43,37,op3> 2.558324633949024E-4
<1051,84,35,op2> 3.055350505130051E-5
<1052,84,34,op2> 4.270738551369629E-5
<1053,179,58,op7> 5.255729134870969E-4
<1054,179,56,op7> 5.438404731159027E-4
<1055,179,57,op7> 5.347066933014998E-4
<1056,193,4,op2> 1.4445285785936923E-4
<1057,71,1,op5> 1.446395903525998E-4
<1058,112,10,op1> 0.0010833331523418482
<1059,95,10,op6> 0.003650527668122457
<1060,179,58,op8> 5.976514844796132E-4
<1061,179,57,op8> 6.08037896954277E-4
<1062,73,8,op2> 2.2418792993967774E-4
<1063,194,4,op2> 1.4240678338544045E-4
<1064,72,1,op5> 1.4569535378583046E-4
<1065,74,8,op2> 2.249972726470412E-4
<1066,70,8,op2> 2.2095055911022386E-4
<1067,71,8,op2> 2.2175990181758732E-4
<1068,70,3,op4> 0.0010251309538421285
<1069,228,10,op6> 0.0024481283471681757
<1070,196,8,op2> 2.832699475772101E-4
<1071,72,8,op2> 2.2337858723231428E-4
<1072,71,5,op4> 5.508900569176836E-4
<1073,119,0,op5> 3.778446946177211E-4
<1074,196,5,op4> 7.036916785444865E-4
<1075,75,1,op5> 1.472789989356764E-4
<1076,11,25,op1> 8.948659963152525E-5
<1077,195,0,op7> 2.2081823919610974E-4
<1078,76,5,op4> 5.629533428355893E-4
<1079,76,1,op5> 1.4780688065229173E-4
<1080,12,25,op1> 8.99168236682153E-5
<1081,77,5,op4> 4.905736273281563E-4
<1082,10,35,op2> 2.7474469658533796E-5
<1083,11,26,op2> 6.081989133408534E-5
<1084,11,27,op2> 6.26888764711123E-5
<1085,10,34,op2> 3.840354046192846E-5
<1086,73,1,op5> 1.462232355024458E-4
<1087,13,25,op1> 8.862615155814521E-5
<1088,75,8,op2> 2.258066153544046E-4
<1089,74,5,op4> 5.589322475296208E-4
<1090,233,53,op5> 0.0012297754337826188
<1091,12,26,op2> 6.111229465780691E-5
<1092,12,27,op2> 6.299026530030034E-5
<1093,74,1,op5> 1.4675111721906112E-4
<1094,10,36,op7> 3.189195195964499E-5
<1095,228,33,op6> 2.763042836380051E-4
<1096,14,25,op1> 8.905637559483522E-5
<1097,76,8,op2> 2.2661595806176805E-4
<1098,13,26,op2> 6.023508468664222E-5
<1099,13,27,op2> 6.208609881273622E-5
<1100,131,72,op5> 5.753145846826284E-4
<1101,133,52,op5> 9.389765605879409E-4
<1102,27,4,op2> 6.58835980605055E-5
<1103,79,1,op5> 1.2669161198767864E-4
<1104,132,72,op5> 5.445285199504477E-4
<1105,130,72,op5> 5.79162842774151E-4
<1106,28,4,op2> 6.711124274486275E-5
<1107,136,52,op5> 9.58744488179266E-4
<1108,138,14,op2> 8.880524612693678E-4
<1109,79,8,op2> 1.9424224976722978E-4
<1110,78,5,op4> 4.865525320221879E-4
<1111,230,77,op2> 5.051036645737307E-5
<1112,29,4,op2> 6.833888742921999E-5
<1113,139,13,op6> 0.0024033315360623532
<1114,77,1,op5> 1.2880313885413997E-4
<1115,134,72,op5> 5.40680261858925E-4
<1116,184,18,op5> 0.0029971632563015357
<1117,231,60,op1> 3.8315457177231783E-4
<1118,165,2,op7> 2.8197647404185023E-4
<1119,231,61,op1> 3.881604017791418E-4
<1120,78,1,op5> 1.277473754209093E-4
<1121,28,2,op7> 1.139914405094364E-4
<1122,234,72,op5> 7.08079488840158E-4
<1123,29,2,op7> 1.1607664978704804E-4
<1124,135,72,op5> 5.426043909046864E-4
<1125,100,10,op1> 0.0014664631696334775
<1126,234,53,op5> 0.0012264427090298202
<1127,142,14,op2> 9.901630230181105E-4
<1128,32,4,op2> 7.406789595622048E-5
<1129,140,13,op6> 0.002652812318352563
<1130,99,77,op2> 4.5792365194871195E-5
<1131,50,22,op1> 1.1187966097958261E-4
<1132,143,14,op2> 9.375606124202735E-4
<1133,31,4,op2> 7.488632574579198E-5
<1134,19,61,op1> 2.0412794970946693E-4
<1135,19,60,op1> 2.014954560001562E-4
<1136,14,61,op1> 2.189351584966821E-4
<1137,99,68,op6> 0.0011645525638589876
<1138,106,10,op1> 0.0014356366165180592
<1139,99,69,op6> 0.0011222692635070727
<1140,34,4,op2> 5.2788721427361545E-5
<1141,183,18,op5> 0.002984463411995173
<1142,99,32,op6> 4.116735513745443E-4
<1143,96,69,op6> 0.0011426741592072014
<1144,31,2,op7> 1.2719776593431013E-4
<1145,145,14,op2> 9.468433907610682E-4
<1146,33,4,op2> 5.197029163779005E-5
<1147,98,77,op2> 4.634742416693023E-5
<1148,30,2,op7> 1.2372241713829075E-4
<1149,53,27,op2> 9.554025885260864E-5
<1150,36,4,op2> 5.1561076743004316E-5
<1151,53,26,op2> 9.269185361973582E-5
<1152,33,2,op7> 8.827385941889282E-5
<1153,214,2,op8> 3.839853177022811E-4
<1154,54,22,op1> 1.1083405667136223E-4
<1155,52,44,op1> 3.146541369611644E-4
<1156,52,45,op1> 3.107953228134547E-4
<1157,215,4,op6> 2.4234556910721324E-4
<1158,216,6,op4> 2.9431785526015067E-4
<1159,52,27,op2> 9.52388700234206E-5
<1160,35,4,op2> 5.115186184821856E-5
<1161,214,2,op7> 3.3767553064270947E-4
<1162,32,2,op7> 1.2580762641590238E-4
<1163,53,22,op1> 1.1048552190195543E-4
<1164,213,2,op8> 3.800267061795772E-4
<1165,69,55,op5> 2.225252562123043E-4
<1166,216,9,op2> 2.0072187499305255E-4
<1167,215,6,op4> 2.927769240807783E-4
<1168,51,44,op1> 3.136583960214139E-4
<1169,51,45,op1> 3.098117933108804E-4
<1170,51,26,op2> 9.210704697229269E-5
<1171,213,2,op7> 3.341943396051559E-4
<1172,38,4,op2> 5.565322569086179E-5
<1173,168,2,op7> 2.871982605981808E-4
<1174,148,14,op2> 9.623146879957264E-4
<1175,50,45,op1> 3.1571297032632575E-4
<1176,35,2,op7> 8.688371990048505E-5
<1177,187,34,op2> 3.790694295595524E-5
<1178,187,35,op2> 2.711919634398379E-5
<1179,215,9,op2> 1.9967097512397898E-4
<1180,52,22,op1> 1.1013698713254861E-4
<1181,50,27,op2> 9.67458141693608E-5
<1182,50,26,op2> 9.386146691462209E-5
<1183,37,4,op2> 5.4834795901290305E-5
<1184,149,14,op2> 9.685032068895893E-4
<1185,34,2,op7> 8.966399893730058E-5
<1186,51,22,op1> 1.097884523631418E-4
<1187,94,41,op2> 1.1860054653617033E-4
<1188,15,27,op2> 6.057915466679601E-5
<1189,15,26,op2> 5.877306806803438E-5
<1190,93,33,op6> 4.144564254570077E-4
<1191,141,14,op2> 9.963515419119738E-4
<1192,12,61,op1> 2.210504740377129E-4
<1193,12,60,op1> 2.181997425079412E-4
<1194,91,77,op2> 4.731877736803356E-5
<1195,16,25,op1> 8.776570348476514E-5
<1196,57,26,op2> 8.421215723181046E-5
<1197,90,68,op6> 0.0012068999298174962
<1198,57,27,op2> 8.679998280615549E-5
<1199,58,22,op1> 9.968094405034463E-5
<1200,55,45,op1> 2.8719061475167333E-4
<1201,55,44,op1> 2.9075635440715193E-4
<1202,189,27,op2> 6.931943071324917E-5
<1203,14,27,op2> 6.238748764192425E-5
<1204,14,26,op2> 6.0527488010363767E-5
<1205,95,41,op2> 1.1824965734523491E-4
<1206,188,34,op2> 3.7575877951973103E-5
<1207,129,0,op5> 4.094571989482874E-4
<1208,188,35,op2> 2.688234746761712E-5
<1209,94,31,op6> 4.405865085672072E-4
<1210,92,77,op2> 4.718001262501881E-5
<1211,11,61,op1> 2.199928162671975E-4
<1212,94,33,op6> 4.132338401311759E-4
<1213,11,60,op1> 2.1715572460120463E-4
<1214,56,26,op2> 8.479696387925361E-5
<1215,57,22,op1> 1.0037801358915821E-4
<1216,14,60,op1> 2.1611170669446803E-4
<1217,92,41,op2> 1.1930232491804117E-4
<1218,54,45,op1> 3.1276238181860317E-4
<1219,17,27,op2> 5.907221052085581E-5
<1220,91,33,op6> 4.169015961086714E-4
<1221,18,25,op1> 8.518435926462501E-5
<1222,91,32,op6> 4.2539600308702914E-4
<1223,100,83,op1> 3.389705404426324E-4
<1224,91,31,op6> 4.4449703970833625E-4
<1225,55,27,op2> 8.800553812290764E-5
<1226,55,26,op2> 8.538177052669672E-5
<1227,10,72,op7> 1.8870701330267993E-4
<1228,18,26,op2> 5.7895858096869704E-5
<1229,56,22,op1> 1.0107508312797184E-4
<1230,18,27,op2> 5.96749881792319E-5
<1231,219,3,op4> 7.322363956015202E-4
<1232,218,8,op2> 1.6429656959478182E-4
<1233,93,41,op2> 1.1895143572710574E-4
<1234,216,4,op6> 2.4362107210251435E-4
<1235,104,49,op1> 0.0013419306667746896
<1236,16,27,op2> 6.148332115436013E-5
<1237,55,22,op1> 1.0177215266678544E-4
<1238,16,26,op2> 5.965027803919908E-5
<1239,53,44,op1> 3.1564987790091493E-4
<1240,17,25,op1> 8.432391119124495E-5
<1241,92,33,op6> 4.156790107828396E-4
<1242,13,60,op1> 2.1506768878773151E-4
<1243,92,31,op6> 4.431935293279599E-4
<1244,90,77,op2> 4.7457542111048316E-5
<1245,54,26,op2> 9.29842569434574E-5
<1246,54,27,op2> 9.58416476817967E-5
<1247,187,36,op7> 3.147955602913235E-5
<1248,218,3,op4> 7.622768631133775E-4
<1249,219,8,op2> 1.578218279358742E-4
<1250,105,83,op1> 3.3286296313735965E-4
<1251,16,61,op1> 2.1576218518513598E-4
<1252,97,32,op6> 4.179110294256738E-4
<1253,97,33,op6> 4.0956608415368016E-4
<1254,16,60,op1> 2.1297965297425837E-4
<1255,101,49,op1> 0.0013582956749060883
<1256,97,31,op6> 4.366759774260781E-4
<1257,95,77,op2> 4.676371839597452E-5
<1258,60,26,op2> 8.713619046902612E-5
<1259,99,41,op2> 1.1579343300868702E-4
<1260,95,68,op6> 0.0011892551940014511
<1261,19,25,op1> 8.303323908117488E-5
<1262,96,77,op2> 4.6624953652959755E-5
<1263,98,33,op6> 4.0834349882784825E-4
<1264,15,60,op1> 2.0984759925404866E-4
<1265,15,61,op1> 2.125892118735899E-4
<1266,59,45,op1> 2.7932237873107957E-4
<1267,19,26,op2> 5.6433841478261874E-5
<1268,82,5,op4> 5.066580085520303E-4
<1269,59,44,op1> 2.8279042688914783E-4
<1270,19,27,op2> 5.81680440332917E-5
<1271,95,33,op6> 4.120112548053439E-4
<1272,67,20,op5> 2.547642766826103E-4
<1273,93,77,op2> 4.7041247882004046E-5
<1274,18,61,op1> 2.0941623856204377E-4
<1275,18,60,op1> 2.06715545533839E-4
<1276,96,41,op2> 1.178987681542995E-4
<1277,58,45,op1> 2.8128943773622796E-4
<1278,58,44,op1> 2.8478190876864883E-4
<1279,30,4,op2> 7.284025127186323E-5
<1280,59,27,op2> 8.559442748940334E-5
<1281,59,26,op2> 8.304254393692422E-5
<1282,96,33,op6> 4.107886694795121E-4
<1283,94,77,op2> 4.6902483138989284E-5
<1284,97,41,op2> 1.1754787896336408E-4
<1285,59,22,op1> 9.898387451153105E-5
<1286,57,45,op1> 2.8325649674137634E-4
<1287,57,44,op1> 2.867733906481498E-4
<1288,187,72,op7> 1.8626683640652456E-4
<1289,58,27,op2> 8.619720514777941E-5
<1290,58,26,op2> 8.362735058436733E-5
<1291,166,2,op7> 2.767546874855196E-4
<1292,21,25,op1> 9.034704770490531E-5
<1293,20,27,op2> 6.389443178786445E-5
<1294,83,8,op2> 2.0476370496295472E-4
<1295,165,2,op8> 3.2064753333901826E-4
<1296,20,26,op2> 6.198950462897159E-5
<1297,82,1,op5> 1.3302619258706257E-4
<1298,229,34,op2> 3.774141045396417E-5
<1299,229,35,op2> 2.7000771905800454E-5
<1300,228,41,op2> 7.930095715140383E-5
<1301,22,25,op1> 6.539405357688385E-5
<1302,226,54,op5> 2.716450779555631E-4
<1303,226,55,op5> 1.8880930830134906E-4
<1304,84,8,op2> 2.0881041849977203E-4
<1305,83,5,op4> 5.086685562050145E-4
<1306,229,20,op5> 2.2340867339859673E-4
<1307,164,2,op8> 3.483578139979458E-4
<1308,21,27,op2> 6.329165412948837E-5
<1309,21,26,op2> 6.140469798152846E-5
<1310,228,77,op2> 3.136083192133603E-5
<1311,164,2,op7> 3.0634481130472615E-4
<1312,163,2,op8> 3.443992024752418E-4
<1313,85,8,op2> 2.096197612071355E-4
<1314,84,5,op4> 5.187212944699358E-4
<1315,163,2,op7> 3.028636202671724E-4
<1316,227,77,op2> 3.122206717832126E-5
<1317,84,1,op5> 1.3619348288675454E-4
<1318,126,0,op5> 3.9590898280661614E-4
<1319,20,25,op1> 9.120749577828536E-5
<1320,86,8,op2> 2.0719173308504513E-4
<1321,85,5,op4> 5.2073184212292E-4
<1322,25,25,op1> 6.711494972364395E-5
<1323,2,35,op2> 2.025057892935034E-5
<1324,2,34,op2> 2.8306057840473127E-5
<1325,85,1,op5> 1.3672136460336987E-4
<1326,24,26,op2> 4.532251517684244E-5
<1327,169,2,op8> 3.048130872482025E-4
<1328,24,27,op2> 4.6715268524146186E-5
<1329,87,9,op2> 2.7008126635190844E-4
<1330,21,60,op1> 2.1924376041467775E-4
<1331,21,61,op1> 2.2210813180822825E-4
<1332,169,2,op7> 2.680517098916354E-4
<1333,1,34,op2> 2.863712284445527E-5
<1334,86,1,op5> 1.351377194535239E-4
<1335,1,35,op2> 2.048742780571701E-5
<1336,128,0,op5> 4.0193041220291443E-4
<1337,168,2,op8> 3.265854506230742E-4
<1338,25,26,op2> 4.5614918500564005E-5
<1339,25,27,op2> 4.7016657353334226E-5
<1340,22,60,op1> 1.586907218239572E-4
<1341,87,6,op4> 3.960193130987369E-4
<1342,22,61,op1> 1.6076398111833663E-4
<1343,26,25,op1> 6.7975397797024E-5
<1344,0,35,op2> 2.072427668208368E-5
<1345,0,34,op2> 2.8968187848437412E-5
<1346,23,25,op1> 6.582427761357386E-5
<1347,167,2,op7> 2.924200471545113E-4
<1348,22,27,op2> 4.581110203658206E-5
<1349,22,26,op2> 4.4445305205677746E-5
<1350,89,9,op2> 3.6150955496130926E-4
<1351,24,25,op1> 6.668472568695392E-5
<1352,23,26,op2> 4.473770852939932E-5
<1353,197,33,op6> 4.266822787153265E-4
<1354,166,2,op8> 3.1470961605496235E-4
<1355,20,60,op1> 2.2133179622815086E-4
<1356,20,61,op1> 2.2422344734925902E-4
<1357,38,2,op7> 9.452948725172774E-5
<1358,223,26,op2> 6.462113454246566E-5
<1359,223,27,op2> 6.66069312505568E-5
<1360,39,2,op7> 9.105413845570834E-5
<1361,222,27,op2> 6.630554242136878E-5
<1362,222,26,op2> 6.432873121874411E-5
<1363,39,4,op2> 5.3607151216933056E-5
<1364,36,2,op7> 8.757878965968892E-5
<1365,225,26,op2> 6.520594118990879E-5
<1366,197,10,op6> 0.0037805167839012983
<1367,225,27,op2> 6.720970890893288E-5
<1368,149,18,op5> 0.003975051267891444
<1369,223,37,op3> 3.981617916216439E-4
<1370,224,27,op2> 6.690832007974486E-5
<1371,37,2,op7> 9.313934773332E-5
<1372,224,26,op2> 6.491353786618724E-5
<1373,226,21,op5> 2.1642123151942037E-4
<1374,226,20,op5> 2.1948922298809501E-4
<1375,226,34,op2> 3.707928044599988E-5
<1376,226,35,op2> 2.6527074153067108E-5
<1377,192,26,op2> 1.0351077659743369E-4
<1378,104,10,op1> 0.0014444442031224642
<1379,113,14,op2> 7.642820833921039E-4
<1380,114,10,op1> 0.0010701217724352406
<1381,227,41,op2> 7.895006796046841E-5
<1382,112,14,op2> 7.611878239451726E-4
<1383,190,26,op2> 1.0292596994999059E-4
<1384,7,72,op7> 1.4397043687316527E-4
<1385,47,2,op1> 1.430325636459623E-4
<1386,46,4,op2> 1.28493476962725E-4
<1387,103,10,op1> 0.001448847996424667

