<0,301,124,op4> 1.2128371099822598E-4
<1,447,92,op1> 0.003922734408415892
<2,397,86,op3> 0.008006836251539706
<3,304,81,op1> 2.832965753481216E-4
<4,302,139,op5> 1.9335711172861175E-4
<5,395,83,op2> 0.009435419183677756
<6,429,132,op8> 0.0013460214078835078
<7,425,132,op8> 0.0014134911526395733
<8,504,144,op3> 0.011826018015752239
<9,443,92,op1> 0.003989646722418722
<10,416,122,op2> 0.0020514700635358043
<11,394,83,op2> 0.009467241845342773
<12,436,110,op3> 0.00292861725289232
<13,369,84,op2> 0.002365639140230691
<14,328,144,op8> 4.928131804924573E-4
<15,339,87,op7> 0.0012106208362455087
<16,488,86,op3> 0.006803931274782567
<17,428,133,op8> 0.0013753083716285413
<18,445,92,op1> 0.0038892782514144777
<19,442,92,op1> 0.003972918643918015
<20,396,86,op3> 0.0079817757311906
<21,418,95,op8> 4.93995444337646E-4
<22,283,73,op2> 2.4310095645330577E-4
<23,420,132,op8> 0.0013797562802615405
<24,410,143,op2> 0.0027407712807167544
<25,322,97,op2> 5.072689732210578E-4
<26,334,144,op8> 3.5200941463746946E-4
<27,414,122,op2> 0.0021482946093074056
<28,341,87,op7> 0.0013070846478985376
<29,392,99,op4> 3.329655962322419E-4
<30,300,162,op4> 3.258471760821072E-5
<31,300,124,op4> 1.2019839814813E-4
<32,410,122,op2> 0.002099882336421605
<33,303,72,op5> 1.7396632463971177E-4
<34,304,124,op4> 1.2182636742327397E-4
<35,321,77,op7> 2.8887988007938916E-4
<36,279,112,op2> 1.718625535312609E-4
<37,325,78,op1> 1.4589782882479363E-4
<38,434,110,op3> 0.0029561807093901305
<39,411,90,op7> 0.0026742284850000903
<40,416,90,op7> 0.0024702001537194296
<41,434,149,op3> 0.005371214874398709
<42,361,84,op2> 0.0023195766256782157
<43,373,85,op5> 0.0025661395706734025
<44,392,85,op5> 0.0022139977901722346
<45,303,124,op4> 1.2236902384832197E-4
<46,409,122,op2> 0.0017367902897781
<47,376,85,op5> 0.0026335709754502215
<48,381,85,op5> 0.002431276761119763
<49,364,84,op2> 0.002352478421787127
<50,502,74,op8> 7.804674996931379E-4
<51,368,84,op2> 0.002372219499452473
<52,415,90,op7> 0.0024993470581880957
<53,284,80,op1> 4.709330372551386E-4
<54,371,84,op2> 0.00224061231501683
<55,303,71,op4> 1.2732434989842274E-4
<56,504,87,op7> 0.0032363608809591092
<57,305,100,op5> 7.56409785626302E-5
<58,365,84,op2> 0.0023458980625653447
<59,323,88,op7> 0.004064032220214026
<60,409,75,op2> 0.0019777322952964495
<61,359,77,op7> 5.559999769839673E-4
<62,501,75,op8> 6.253192079222088E-4
<63,345,74,op3> 6.477092790971644E-4
<64,361,82,op7> 9.761991288479502E-4
<65,346,79,op1> 2.721809233368594E-4
<66,367,84,op2> 0.002378799858674255
<67,398,86,op3> 0.008031896771888813
<68,393,73,op4> 8.283041442843504E-4
<69,378,99,op4> 3.915585268720949E-4
<70,301,139,op5> 1.9422613245548192E-4
<71,323,97,op2> 4.915397027335833E-4
<72,348,141,op3> 8.411581068760104E-4
<73,407,143,op2> 0.002345847465051516
<74,449,92,op1> 0.004023102879420137
<75,450,92,op1> 0.004039830957920844
<76,473,83,op2> 0.008989901920367508
<77,298,81,op1> 3.9812948562286136E-4
<78,384,85,op5> 0.0024237843828112285
<79,454,92,op1> 0.004073287114922259
<80,452,92,op1> 0.004106743271923673
<81,305,81,op1> 2.8708227568684935E-4
<82,327,122,op8> 2.9495195232808006E-4
<83,408,122,op2> 0.00174889335799955
<84,348,74,op3> 6.616385109057057E-4
<85,340,87,op7> 0.001422841221882172
<86,407,89,op7> 0.002226666905651644
<87,500,88,op7> 0.007488656704447712
<88,412,122,op2> 0.0021967068821932066
<89,412,75,op2> 0.002501452345618854
<90,391,99,op4> 3.2958523484917344E-4
<91,428,71,op8> 0.0012173782236903359
<92,375,85,op5> 0.002611093840524615
<93,420,133,op8> 0.0013957844267892643
<94,517,90,op7> 0.00257221431935976
<95,412,143,op2> 0.0028671469017296307
<96,474,128,op7> 9.247140456027648E-4
<97,304,72,op5> 1.7319485535084386E-4
<98,362,84,op2> 0.002326156984899998
<99,326,78,op1> 1.4666773821173185E-4
<100,389,85,op5> 0.0024537538960453698
<101,413,143,op2> 0.0028355529964764117
<102,391,85,op5> 0.0021915206552466284
<103,402,86,op3> 0.003846789873587934
<104,304,71,op4> 1.267597186350151E-4
<105,363,84,op2> 0.002359058781008909
<106,398,91,op3> 0.0012925391750314265
<107,368,128,op7> 0.001184225269768372
<108,360,84,op2> 0.00233273734412178
<109,383,85,op5> 0.0024162920045026925
<110,302,124,op4> 1.2074105457317798E-4
<111,388,99,op4> 3.701495714459948E-4
<112,436,149,op3> 0.0053211336168285574
<113,360,82,op7> 9.81737847309499E-4
<114,427,96,op8> 5.68218695006371E-4
<115,435,149,op3> 0.005296092988043483
<116,304,100,op5> 7.464351510905706E-5
<117,375,73,op4> 9.80183342217644E-4
<118,456,80,op1> 4.3760816683484946E-4
<119,345,79,op1> 2.702436925657785E-4
<120,344,74,op3> 6.430662018276509E-4
<121,302,81,op1> 2.8077277512230314E-4
<122,320,70,op6> 2.268099716717409E-4
<123,343,79,op1> 2.663692310236169E-4
<124,399,86,op3> 0.00805695729223792
<125,342,87,op7> 0.0013167310290638403
<126,304,139,op5> 1.9509515318235209E-4
<127,322,72,op2> 0.001111774262325136
<128,283,80,op1> 4.7444091835201115E-4
<129,417,71,op8> 0.0010119645283778224
<130,302,162,op4> 3.2731826942785036E-5
<131,331,78,op1> 9.970326560850012E-5
<132,373,73,op4> 9.633078757806113E-4
<133,508,157,op5> 0.006264922661683794
<134,416,75,op2> 0.0023360670665696736
<135,486,72,op2> 0.0015139665019259605
<136,406,86,op3> 0.0037465477921915053
<137,306,124,op4> 1.2291168027336993E-4
<138,434,82,op3> 0.0031708504129464494
<139,426,96,op8> 5.740316739834184E-4
<140,299,100,op5> 1.0523239435196685E-4
<141,409,143,op2> 0.0022668627019184684
<142,405,91,op3> 5.867845552794774E-4
<143,301,72,op5> 1.7242338606197595E-4
<144,323,78,op1> 1.4435801005091721E-4
<145,423,132,op8> 0.0013932502292127538
<146,336,78,op1> 1.0047317499543836E-4
<147,432,133,op8> 0.001477688647432155
<148,296,72,op5> 2.3259799059367224E-4
<149,299,162,op4> 4.656010439277063E-5
<150,448,92,op1> 0.00400637480091943
<151,407,75,op2> 0.002046642828233608
<152,436,82,op3> 0.0031412853741310974
<153,401,86,op3> 0.003771608312540612
<154,343,74,op3> 6.38423124558137E-4
<155,487,101,op3> 4.953991657484092E-4
<156,432,71,op8> 0.0013080019127987975
<157,408,143,op2> 0.002282659654545078
<158,433,82,op3> 0.0031560678935387736
<159,431,133,op8> 0.001470863295711914
<160,425,133,op8> 0.0014299111853904685
<161,340,74,op3> 6.848538972532744E-4
<162,437,149,op3> 0.005496418018324087
<163,344,79,op1> 2.683064617946977E-4
<164,397,91,op3> 0.0012885062914899867
<165,307,100,op5> 7.630595419834563E-5
<166,301,71,op4> 1.2619508737160746E-4
<167,420,95,op8> 6.104052469308074E-4
<168,481,89,op7> 0.004205926377341994
<169,352,78,op1> 2.814018809259212E-4
<170,393,99,op4> 3.3183880910455244E-4
<171,321,70,op6> 2.2799435794678912E-4
<172,303,81,op1> 2.8455847546103087E-4
<173,303,139,op5> 1.9596417390922228E-4
<174,323,72,op2> 0.0010773006417879225
<175,390,73,op4> 8.254915665448449E-4
<176,342,79,op1> 2.6443200025253594E-4
<177,415,75,op2> 0.002363631279744537
<178,370,82,op7> 9.401974588478839E-4
<179,320,77,op7> 2.8737920537767807E-4
<180,302,72,op5> 1.7165191677310804E-4
<181,305,124,op4> 1.2345433669841795E-4
<182,411,122,op2> 0.0022209130186361067
<183,372,84,op2> 0.002247192674238612
<184,301,162,op4> 3.287893627735935E-5
<185,297,162,op4> 4.6265885723621994E-5
<186,329,74,op8> 4.2251723858568996E-4
<187,406,91,op3> 6.029160894452363E-4
<188,298,162,op4> 4.6412995058196304E-5
<189,393,85,op5> 0.002206505411863699
<190,349,101,op3> 2.5480377741170565E-4
<191,324,78,op1> 1.4512791943785538E-4
<192,381,73,op4> 9.126814764695133E-4
<193,342,74,op3> 6.337800472886233E-4
<194,411,143,op2> 0.00289874080698285
<195,437,82,op3> 0.003244763009984828
<196,408,75,op2> 0.001991514401883881
<197,306,100,op5> 7.53084907447725E-5
<198,418,132,op8> 0.001116624275712885
<199,302,71,op4> 1.2563045610819982E-4
<200,429,133,op8> 0.0013616576681880596
<201,296,162,op4> 4.4353464374155896E-5
<202,279,151,op2> 4.5596187671559013E-5
<203,403,91,op3> 6.150147400695554E-4
<204,425,96,op8> 6.08909547845702E-4
<205,356,77,op7> 5.544993022822562E-4
<206,377,99,op4> 3.9493888825516344E-4
<207,347,87,op7> 0.0013649629348903547
<208,388,73,op4> 9.239317874275352E-4
<209,423,133,op8> 0.001409435130229746
<210,279,153,op2> 3.912098942234353E-5
<211,410,90,op7> 0.0025284939626567613
<212,280,70,op6> 1.2920476472513443E-4
<213,360,128,op7> 0.0011645155565406045
<214,304,162,op4> 3.302604561193366E-5
<215,521,141,op3> 0.001159912757902709
<216,404,86,op3> 0.003671366231144184
<217,341,79,op1> 2.6249476948145517E-4
<218,466,74,op8> 5.833683052858722E-4
<219,408,89,op7> 0.0021666893459034516
<220,366,82,op7> 9.84507206540273E-4
<221,476,73,op4> 7.973657891497907E-4
<222,306,139,op5> 1.9683319463609244E-4
<223,325,75,op8> 3.4497231412302347E-4
<224,300,81,op1> 2.7951087500939395E-4
<225,325,74,op8> 4.293137625307682E-4
<226,380,99,op4> 3.678959971906158E-4
<227,370,84,op2> 0.0022340319557950477
<228,329,78,op1> 1.4358810066397896E-4
<229,341,74,op3> 6.291369700191097E-4
<230,299,139,op5> 2.7504506005440727E-4
<231,361,128,op7> 0.0011579456521313486
<232,322,78,op1> 1.4897746637254655E-4
<233,355,77,op7> 5.499972781771228E-4
<234,433,149,op3> 0.005346174245613634
<235,295,162,op4> 4.450057370873021E-5
<236,404,91,op3> 5.908174388209172E-4
<237,307,124,op4> 1.2453964954851392E-4
<238,303,162,op4> 3.317315494650798E-5
<239,405,86,op3> 0.0036463057107950767
<240,299,124,op4> 1.7175075852768915E-4
<241,300,72,op5> 1.7088044748424016E-4
<242,327,75,op8> 3.358701422464265E-4
<243,340,79,op1> 2.857415387344254E-4
<244,287,98,op6> 6.228153491771395E-5
<245,325,122,op8> 3.029452301689495E-4
<246,426,133,op8> 0.0013480069647475777
<247,433,110,op3> 0.0029423989811412257
<248,365,82,op7> 9.872765657710475E-4
<249,305,139,op5> 1.977022153629626E-4
<250,326,75,op8> 3.467927484983428E-4
<251,301,81,op1> 2.820346752352124E-4
<252,326,74,op8> 4.3157927051246076E-4
<253,300,71,op4> 1.250658248447922E-4
<254,308,100,op5> 7.597346638048791E-5
<255,457,138,op2> 0.004124462345820067
<256,362,128,op7> 0.0011612306043359765
<257,298,139,op5> 2.741760393275371E-4
<258,280,80,op1> 4.639172750613935E-4
<259,298,124,op4> 1.7120810210264113E-4
<260,415,122,op2> 0.0020756761999787044
<261,438,92,op1> 0.0036885413094059883
<262,401,91,op3> 6.06948972986676E-4
<263,390,99,op4> 3.307120219768629E-4
<264,431,132,op8> 0.0014539729994932126
<265,322,88,op7> 0.0041940812512608755
<266,294,162,op4> 4.391213637043296E-5
<267,308,139,op5> 1.9857123608983275E-4
<268,364,82,op7> 9.900459250018218E-4
<269,280,73,op2> 2.3770869863918437E-4
<270,468,87,op7> 0.002503235912396092
<271,427,71,op8> 0.001181128748046951
<272,422,132,op8> 0.0014067441781639668
<273,366,84,op2> 0.0023393177033435623
<274,392,73,op4> 8.311167220238559E-4
<275,306,162,op4> 3.3320264281082295E-5
<276,440,92,op1> 0.003939462486916599
<277,428,95,op8> 6.014506467313333E-4
<278,363,82,op7> 9.92815284232596E-4
<279,390,85,op5> 0.0021990130335551635
<280,472,85,op5> 0.0021840282769380924
<281,363,128,op7> 0.0011776553653591161
<282,327,78,op1> 1.420482818901025E-4
<283,382,85,op5> 0.0024387691394282987
<284,297,139,op5> 2.7330701860066694E-4
<285,439,92,op1> 0.003655085152404573
<286,297,124,op4> 1.7066544567759313E-4
<287,324,123,op8> 3.0552710511546846E-4
<288,293,162,op4> 4.4206355039581586E-5
<289,305,162,op4> 3.346737361565661E-5
<290,285,73,op2> 2.4040482754624502E-4
<291,431,95,op8> 6.432387809955451E-4
<292,364,128,op7> 0.0011743704131544884
<293,402,91,op3> 6.190476236109952E-4
<294,430,133,op8> 0.0014845139991523958
<295,426,132,op8> 0.0013325274589322945
<296,377,85,op5> 0.002626078597141686
<297,446,92,op1> 0.003906006329915185
<298,430,132,op8> 0.0014674669484444256
<299,378,85,op5> 0.0026036014622160793
<300,324,74,op8> 4.2704825454907536E-4
<301,391,73,op4> 8.226789888053394E-4
<302,307,139,op5> 1.9944025681670291E-4
<303,486,97,op2> 6.907771289082623E-4
<304,435,110,op3> 0.0029148355246434157
<305,403,86,op3> 0.003821729353238827
<306,345,87,op7> 0.0013456701725597488
<307,324,75,op8> 3.431518797477041E-4
<308,362,82,op7> 9.789684880787246E-4
<309,296,139,op5> 2.620097491513548E-4
<310,417,132,op8> 0.0011301182246640977
<311,328,78,op1> 1.4281819127704074E-4
<312,492,113,op2> 1.8905961023328629E-4
<313,492,112,op2> 1.8556390095316385E-4
<314,279,113,op2> 1.7510015265586866E-4
<315,493,112,op2> 1.8615961171063788E-4
<316,493,113,op2> 1.8966654317143487E-4
<317,342,102,op3> 2.4295987424322355E-4
<318,342,101,op3> 2.5859268116503955E-4
<319,295,139,op5> 2.6287876987822495E-4
<320,298,100,op5> 1.0489990653410913E-4
<321,282,73,op2> 2.4489837572467957E-4
<322,434,150,op3> 7.021488220487905E-4
<323,416,143,op2> 0.0026775834702103163
<324,296,124,op4> 1.6361091215196923E-4
<325,282,80,op1> 4.7794879944888373E-4
<326,413,89,op7> 0.0026914929937001354
<327,310,77,op7> 2.4385963902805578E-4
<328,292,162,op4> 4.5236120381601794E-5
<329,341,102,op3> 2.411799484245919E-4
<330,341,101,op3> 2.566982292883726E-4
<331,294,139,op5> 2.594026869707443E-4
<332,349,87,op7> 0.0012974382667332346
<333,496,76,op8> 0.003387983793070306
<334,297,100,op5> 1.0456741871625143E-4
<335,494,100,op5> 1.0423493089839371E-4
<336,295,124,op4> 1.6415356857701725E-4
<337,281,73,op2> 2.359112793678106E-4
<338,369,82,op7> 9.955846434633704E-4
<339,433,150,op3> 6.98875400966978E-4
<340,437,110,op3> 0.0030250893506346558
<341,487,74,op3> 0.0012141647059778391
<342,432,132,op8> 0.0014607199739688193
<343,281,80,op1> 4.60409393964521E-4
<344,415,143,op2> 0.0027091773754635354
<345,345,102,op3> 2.4829965169911855E-4
<346,291,162,op4> 4.5530339050750426E-5
<347,475,73,op4> 8.001783668892962E-4
<348,293,139,op5> 2.6114072842448467E-4
<349,310,130,op6> 2.3546649917819982E-4
<350,344,102,op3> 2.4651972588048696E-4
<351,340,141,op3> 8.706724264155196E-4
<352,521,101,op3> 3.72259793765057E-4
<353,344,101,op3> 2.623815849183735E-4
<354,296,100,op5> 1.0024507708410112E-4
<355,348,87,op7> 0.0013746093160556575
<356,424,133,op8> 0.0014367365371107095
<357,284,73,op2> 2.4130353718193194E-4
<358,368,82,op7> 9.983540026941447E-4
<359,294,124,op4> 1.619829428768253E-4
<360,282,70,op6> 1.331126593103937E-4
<361,292,139,op5> 2.6722387351257583E-4
<362,280,98,op6> 5.957853882725258E-5
<363,436,150,op3> 6.956019798851653E-4
<364,492,153,op2> 4.2239820468145626E-5
<365,422,71,op8> 0.001259669278607618
<366,343,102,op3> 2.447398000618552E-4
<367,424,132,op8> 0.00142023812711518
<368,343,101,op3> 2.604871330417065E-4
<369,374,85,op5> 0.0026185862188331504
<370,299,71,op4> 1.7870579486851796E-4
<371,492,151,op2> 4.923123902839041E-5
<372,314,77,op7> 2.3785694022121137E-4
<373,295,100,op5> 1.0057756490195884E-4
<374,367,82,op7> 0.001001123361924919
<375,374,73,op4> 9.829959199571493E-4
<376,435,150,op3> 6.923285588033528E-4
<377,410,75,op2> 0.0023911954929194006
<378,308,72,op5> 1.7628073250631546E-4
<379,281,70,op6> 1.2822779107881966E-4
<380,346,87,op7> 0.0013553165537250518
<381,293,124,op4> 1.6306825572692127E-4
<382,291,139,op5> 2.6896191496631616E-4
<383,286,73,op2> 2.4759450463174027E-4
<384,294,100,op5> 9.924761363052798E-5
<385,495,124,op4> 1.6578153785216124E-4
<386,366,128,op7> 0.0011678005087452324
<387,349,74,op3> 6.244938927495959E-4
<388,493,151,op2> 4.938928473955699E-5
<389,493,153,op2> 4.237542181796311E-5
<390,286,80,op1> 4.832106210941926E-4
<391,339,141,op3> 7.408094204416793E-4
<392,494,139,op5> 2.7243799787379677E-4
<393,522,141,op3> 0.0011481070300869054
<394,282,98,op6> 6.138053622089349E-5
<395,290,153,op2> 4.129061101942325E-5
<396,290,151,op2> 4.812491905022433E-5
<397,284,70,op6> 1.3115871201776406E-4
<398,292,124,op4> 1.6686685070225723E-4
<399,287,73,op2> 2.4849321426742717E-4
<400,290,135,op6> 1.6633939391249815E-4
<401,301,100,op5> 7.431102729119934E-5
<402,349,79,op1> 2.6055753871037423E-4
<403,293,100,op5> 9.991258926624343E-5
<404,437,150,op3> 7.185159274578532E-4
<405,413,122,op2> 0.002172500745750306
<406,522,101,op3> 3.684708900117231E-4
<407,370,128,op7> 0.0011152412734711853
<408,285,80,op1> 4.691790967067023E-4
<409,308,76,op8> 0.002550755508127067
<410,380,85,op5> 0.0024462615177368342
<411,281,98,op6> 5.912803947884237E-5
<412,283,70,op6> 1.321356856640789E-4
<413,344,87,op7> 0.0013360237913944463
<414,291,124,op4> 1.6795216355235321E-4
<415,300,100,op5> 7.364605165548392E-5
<416,329,144,op8> 4.954698553199099E-4
<417,286,70,op6> 1.3457811977986596E-4
<418,339,101,op3> 2.3775371052170305E-4
<419,303,100,op5> 7.497600292691478E-5
<420,348,79,op1> 2.7605538487902105E-4
<421,288,73,op2> 2.4579708536036647E-4
<422,409,89,op7> 0.0021516949559664037
<423,347,74,op3> 6.56995433636192E-4
<424,340,102,op3> 2.62539058248172E-4
<425,285,112,op2> 1.59352627624306E-4
<426,292,100,op5> 1.0224000399124743E-4
<427,340,101,op3> 2.794316518083761E-4
<428,300,139,op5> 1.9248809100174161E-4
<429,414,143,op2> 0.0028039590912231926
<430,288,80,op1> 4.7970273999732E-4
<431,383,99,op4> 3.633888486798579E-4
<432,284,98,op6> 6.047953752407304E-5
<433,343,87,op7> 0.0013263774102291433
<434,347,79,op1> 2.7411815410794023E-4
<435,285,70,op6> 1.3067022519460666E-4
<436,427,132,op8> 0.0013190335099810813
<437,346,74,op3> 6.523523563666783E-4
<438,291,100,op5> 1.0290497962696286E-4
<439,509,85,op5> 0.002521185300822189
<440,302,100,op5> 7.397853947334162E-5
<441,287,80,op1> 4.849645616426288E-4
<442,283,98,op6> 6.093003687248327E-5
<443,332,122,op8> 2.022299293739953E-4
<444,332,123,op8> 2.05035431284386E-4
<445,330,144,op8> 3.413827153276591E-4
<446,487,141,op3> 0.001543598911916328
<447,379,85,op5> 0.002596109083907544
<448,317,70,op6> 1.865408383201002E-4
<449,333,122,op8> 2.038285849421692E-4
<450,290,113,op2> 1.8481107966624615E-4
<451,333,123,op8> 2.0665626473327444E-4
<452,290,112,op2> 1.8139392565084557E-4
<453,331,144,op8> 3.440393901551117E-4
<454,289,80,op1> 4.814566805457563E-4
<455,332,144,op8> 3.360693656727539E-4
<456,334,122,op8> 2.1182186278303854E-4
<457,471,85,op5> 0.002176535898629557
<458,334,123,op8> 2.1476043197771655E-4
<459,279,80,op1> 5.06011848223864E-4
<460,386,85,op5> 0.002476231030970977
<461,339,102,op3> 2.2338069023827514E-4
<462,279,73,op2> 2.592777298956699E-4
<463,315,131,op6> 2.2863649508386352E-4
<464,451,92,op1> 0.004090015193422966
<465,414,75,op2> 0.002446323919269127
<466,335,123,op8> 2.1638126542660496E-4
<467,333,144,op8> 3.387260405002065E-4
<468,335,122,op8> 2.134205183512124E-4
<469,417,133,op8> 0.0011432464131403506
<470,279,70,op6> 1.4092844848091225E-4
<471,466,78,op1> 1.9825166713659294E-4
<472,418,133,op8> 0.001129595709699869
<473,453,92,op1> 0.004056559036421552
<474,419,133,op8> 0.0011773731717415554
<475,419,132,op8> 0.001163853097042131
<476,349,141,op3> 7.939351956127957E-4
<477,330,123,op8> 2.0827709818216285E-4
<478,330,122,op8> 2.0542724051034303E-4
<479,279,98,op6> 6.498453100817532E-5
<480,283,112,op2> 1.6113975989672815E-4
<481,478,91,op3> 0.0011513882510810368
<482,310,131,op6> 2.3293686803214935E-4
<483,435,82,op3> 0.003126502854723422
<484,331,123,op8> 2.098979316310513E-4
<485,312,130,op6> 2.3256844995754505E-4
<486,331,122,op8> 2.0702589607851692E-4
<487,311,130,op6> 2.369155237885272E-4
<488,308,81,op1> 2.8834417579975854E-4
<489,476,99,op4> 3.1944415069996813E-4
<490,311,131,op6> 2.3437032568157797E-4
<491,457,80,op1> 4.3234634518954064E-4
<492,475,99,op4> 3.2057093782765766E-4
<493,312,131,op6> 2.3006995273329212E-4
<494,396,91,op3> 0.0012844734079485469
<495,465,123,op8> 4.1574377963988146E-4
<496,389,73,op4> 9.211192096880297E-4
<497,465,122,op8> 4.100551532365991E-4
<498,338,144,op8> 3.307560160178487E-4
<499,510,128,op7> 5.600843508890637E-4
<500,387,99,op4> 3.712763585736843E-4
<501,313,130,op6> 2.3401747456787243E-4
<502,309,130,op6> 3.3400017268046193E-4
<503,414,89,op7> 0.002661504213826039
<504,502,78,op1> 2.652337838002185E-4
<505,354,77,op7> 5.514979528788339E-4
<506,313,131,op6> 2.3150341038272074E-4
<507,426,71,op8> 0.001193211906594746
<508,307,162,op4> 3.376159228480524E-5
<509,432,96,op8> 6.292549742653675E-4
<510,432,95,op8> 6.462236477287032E-4
<511,309,131,op6> 3.3041198819329495E-4
<512,412,90,op7> 0.002645081580531425
<513,388,85,op5> 0.0024612462743539053
<514,400,91,op3> 6.109818565281157E-4
<515,337,74,op8> 2.9791429959259106E-4
<516,458,81,op1> 3.1232027794503384E-4
<517,474,82,op7> 7.795746234629729E-4
<518,400,86,op3> 0.0037966688328897194

