<0,1236,357,op8> 0.002635147336954824
<1,1256,416,op1> 0.002318936572091141
<2,1240,355,op4> 0.0026229240461273953
<3,1222,355,op4> 0.0029530199294835646
<4,1169,345,op6> 2.68186342012592E-4
<5,1179,377,op6> 6.823433380566679E-4
<6,1269,355,op2> 0.004583812734243786
<7,1154,402,op4> 2.9839189859498164E-4
<8,1234,357,op8> 0.0026089703766539476
<9,1118,395,op4> 8.513764064217377E-5
<10,1278,359,op8> 0.0013628929489418573
<11,1119,370,op6> 3.924840075138875E-4
<12,1259,382,op1> 3.246775166388279E-4
<13,1160,346,op4> 2.156935228948675E-4
<14,1278,358,op8> 0.0013802915823326045
<15,1119,376,op6> 9.45165569115076E-4
<16,1205,412,op7> 7.275959160548174E-4
<17,1214,370,op5> 0.0010570464371033427
<18,1313,416,op1> 0.0012564755928461957
<19,1256,355,op2> 0.005090871665022967
<20,1274,396,op8> 0.0014044098802220217
<21,1271,355,op2> 0.00434042444746978
<22,1274,395,op8> 0.0011946225122220517
<23,1229,357,op8> 0.0029492708605653316
<24,1280,358,op8> 0.0013139314101050753
<25,1253,417,op8> 0.0021919683614280094
<26,1274,392,op8> 0.0011771402315553874
<27,1241,356,op8> 0.003896832642538684
<28,1196,398,op7> 5.928225041839828E-4
<29,1154,369,op5> 4.251401529210943E-4
<30,1267,355,op2> 0.00462437744870612
<31,1277,362,op8> 7.773620175224833E-4
<32,1279,340,op8> 6.291111621721589E-4
<33,1213,404,op5> 0.0022008811625426447
<34,1348,416,op1> 0.0025129511856923914
<35,1218,412,op7> 0.0014430652335087216
<36,1218,411,op7> 0.0014662160126559202
<37,1228,357,op1> 4.417636097677102E-4
<38,1284,396,op8> 0.001357372228731332
<39,1112,376,op6> 9.69715324157026E-4
<40,1172,366,op4> 4.324408150251081E-4
<41,1149,413,op8> 4.461288773573714E-4
<42,1214,404,op5> 0.0021572376267415157
<43,1190,398,op7> 6.614135377259312E-4
<44,1227,355,op4> 0.002890569356956722
<45,1298,348,op8> 3.8282209086265074E-4
<46,1247,417,op8> 0.0022675534773393207
<47,1270,355,op2> 0.0043201420902386125
<48,1118,380,op7> 1.3302571566877264E-4
<49,1282,359,op8> 0.0013104739893671704
<50,1242,356,op8> 0.003883667667394972
<51,1272,355,op2> 0.004279577375776278
<52,1218,370,op5> 0.0010906519596702122
<53,1259,381,op2> 4.251109313832981E-4
<54,1145,413,op8> 4.5312697739434974E-4
<55,1136,391,op3> 1.9454507102135139E-4
<56,1210,404,op5> 0.0021821767900564466
<57,1119,375,op7> 3.896481325817466E-4
<58,1263,355,op2> 0.004746071592093123
<59,1256,383,op1> 1.957543859557456E-4
<60,1224,355,op4> 0.0029351769087616096
<61,1119,374,op7> 4.1375007892700935E-4
<62,1259,355,op2> 0.004989459878867131
<63,1210,411,op7> 0.0014374666790744311
<64,1270,416,op1> 0.0019678625093841155
<65,1242,417,op8> 0.0024775121326485166
<66,1119,373,op7> 2.6913840085543325E-4
<67,1245,356,op8> 0.0034887184130836186
<68,1167,341,op3> 8.452093169833255E-4
<69,1224,357,op8> 0.002870739979662705
<70,1150,413,op8> 4.933660526069755E-4
<71,1232,355,op4> 0.0026496885772103284
<72,1271,416,op1> 0.0019771013005079846
<73,1223,386,op4> 4.8552219614718997E-4
<74,1223,385,op4> 5.248888606996649E-4
<75,1226,355,op4> 0.0029173338880396542
<76,1277,359,op8> 0.0013432358391013495
<77,1277,358,op8> 0.0013603835306643455
<78,1250,417,op8> 0.002217163400065113
<79,1247,356,op8> 0.0035545432888021786
<80,1283,395,op8> 0.0011488953347207288
<81,1119,395,op4> 8.093331270922691E-5
<82,1174,345,op6> 2.8589676082474424E-4
<83,1120,370,op6> 4.162709170601837E-4
<84,1153,402,op4> 2.96221775696109E-4
<85,1273,395,op8> 0.0012117702037850477
<86,1219,352,op7> 0.0017072348618541139
<87,1286,392,op8> 0.0011489789819966458
<88,1282,358,op8> 0.0013272034445505811
<89,1245,417,op8> 0.0022255617462774804
<90,1273,396,op8> 0.0014245688737180315
<91,1278,340,op8> 6.321503465304785E-4
<92,1217,412,op7> 0.0014107276372396181
<93,1265,415,op2> 0.0033470437045154825
<94,1273,392,op8> 0.0011940369812906322
<95,1116,376,op6> 9.86081827518326E-4
<96,1257,381,op2> 4.3202330425131915E-4
<97,1276,362,op8> 7.811540273640565E-4
<98,1226,357,op1> 4.444821550585883E-4
<99,1217,411,op7> 0.0014333596314199328
<100,1219,404,op5> 0.002238289907515041
<101,1263,415,op2> 0.0034052531602461857
<102,1227,357,op1> 4.4040433712227105E-4
<103,1215,411,op7> 0.001425145536110936
<104,1133,340,op3> 1.0949632883324306E-4
<105,1218,354,op4> 8.171302247562501E-4
<106,1223,357,op8> 0.0028620143262290797
<107,1222,385,op4> 5.296896734499668E-4
<108,1225,355,op4> 0.002908412377678677
<109,1244,356,op8> 0.003528213338514754
<110,1222,386,op4> 4.899629479412192E-4
<111,1152,402,op4> 3.027321443927268E-4
<112,1122,347,op6> 5.718567233783047E-4
<113,1116,395,op4> 8.443691932001596E-5
<114,1225,385,op4> 5.216883188661303E-4
<115,1198,349,op8> 0.004663949915811003
<116,1235,357,op8> 0.0026176960300875727
<117,1228,355,op4> 0.0028994908673176992
<118,1289,392,op8> 0.0010982887327909117
<119,1119,362,op4> 5.369234404124323E-5
<120,1240,357,op8> 0.002565342109485821
<121,1315,355,op2> 0.0026975535117452374
<122,1257,415,op2> 0.0036380909831690024
<123,1255,356,op8> 0.0032649138356405194
<124,1276,359,op8> 0.0013497882090481854
<125,1238,355,op4> 0.0027121391497371716
<126,1315,415,op2> 0.0019354644030459094
<127,1136,351,op8> 0.0012415635470300718
<128,1157,350,op8> 0.0013425451623253017
<129,1279,392,op8> 0.0011658757317318908
<130,1342,348,op8> 6.190780097950295E-4
<131,1250,387,op8> 5.093483486636071E-4
<132,1117,370,op6> 4.1117372215740584E-4
<133,1233,355,op4> 0.0026586100875713057
<134,1225,357,op8> 0.002844563019361829
<135,1285,392,op8> 0.0011433467320848976
<136,1276,358,op8> 0.0013670195478870985
<137,1223,355,op4> 0.002926255398400632
<138,1257,382,op1> 3.2995682585246737E-4
<139,1235,355,op4> 0.0026764531082932607
<140,1275,362,op8> 7.963220667303488E-4
<141,1277,340,op8> 6.230327934555197E-4
<142,1116,380,op7> 1.3193085381141647E-4
<143,1283,392,op8> 0.0011320822322614013
<144,1225,386,op4> 4.8256169495117056E-4
<145,1226,357,op8> 0.002853288672795454
<146,1118,370,op6> 4.128727871249985E-4
<147,1117,376,op6> 9.90173453358651E-4
<148,1339,352,op7> 0.0014314141877941177
<149,1117,395,op4> 8.478727998109487E-5
<150,1254,388,op8> 4.380191514409964E-4
<151,1284,362,op8> 7.659859879977642E-4
<152,1338,411,op7> 0.001281398868203493
<153,1151,402,op4> 3.005620214938542E-4
<154,1274,362,op8> 7.925300568887759E-4
<155,1275,359,op8> 0.0013759976888355289
<156,1250,356,op8> 0.0034755534379399063
<157,1251,356,op8> 0.0034623884627961953
<158,1260,415,op2> 0.003434357888111538
<159,1258,356,op1> 0.0034377901724817798
<160,1144,351,op8> 0.001105501788451434
<161,1275,358,op8> 0.0013935636167781101
<162,1219,411,op7> 0.0014744301079649168
<163,1119,340,op4> 4.3032834562466996E-5
<164,1115,376,op6> 9.819902016780012E-4
<165,1267,415,op2> 0.00331793897665013
<166,1262,356,op1> 0.003242935668778359
<167,1219,412,op7> 0.0014511496325759971
<168,1239,357,op8> 0.0026613242972556993
<169,1276,340,op8> 6.260719778138393E-4
<170,1229,357,op1> 4.5943415415841845E-4
<171,1274,359,op8> 0.001369445318888693
<172,1262,355,op2> 0.004725789234861956
<173,1224,385,op4> 5.264891316164322E-4
<174,1142,358,op3> 2.555155984608274E-4
<175,1224,386,op4> 4.870024467451997E-4
<176,1118,376,op6> 9.94265079198976E-4
<177,1245,388,op8> 4.6616496036893187E-4
<178,1125,376,op6> 8.83791181510201E-4
<179,1213,378,op7> 6.943720621339542E-4
<180,1125,370,op6> 3.6699803299999857E-4
<181,1211,352,op7> 0.0016691906309492866
<182,1269,415,op2> 0.0032888342487847784
<183,1262,416,op1> 0.0021526383318614967
<184,1263,356,op1> 0.003256853847614317
<185,1117,343,op7> 1.299461620449161E-4
<186,1221,385,op4> 5.280894025331995E-4
<187,1278,395,op8> 0.0011889066150343863
<188,1278,396,op8> 0.0013976902157233518
<189,1339,379,op7> 5.530463907386364E-4
<190,1195,352,op6> 0.00101564414338071
<191,1221,355,op4> 0.0029440984191225874
<192,1278,392,op8> 0.0011715079816436392
<193,1339,378,op7> 5.920849594966579E-4
<194,1187,410,op6> 9.564613028349786E-4
<195,1227,386,op4> 4.796011937551511E-4
<196,1231,357,op8> 0.002809660405627327
<197,1195,398,op7> 5.977218637226934E-4
<198,1227,385,op4> 5.184877770325958E-4
<199,1201,341,op3> 4.8335407814983927E-4
<200,1138,420,op3> 2.4596025818495436E-4
<201,1163,341,op3> 9.455779233750954E-4
<202,1163,365,op4> 4.8414384547224384E-4
<203,1239,355,op4> 0.0027210606600981493
<204,1115,347,op1> 1.2984447834512122E-4
<205,1272,415,op2> 0.003070548789794638
<206,1114,395,op4> 8.373619799785815E-5
<207,1183,410,op6> 9.901395177235343E-4
<208,1130,359,op3> 1.825284021267293E-4
<209,1150,402,op4> 3.0598732874103566E-4
<210,1162,350,op8> 0.0013934287982151823
<211,1228,385,op4> 5.20088047949363E-4
<212,1115,370,op6> 4.0777559222222073E-4
<213,1117,362,op4> 5.624912232892148E-5
<214,1184,352,op6> 0.0012071180392639587
<215,1118,358,op4> 9.884272425774319E-5
<216,1265,355,op2> 0.0046649421631684545
<217,1216,370,op5> 0.0010631565321155007
<218,1349,386,op4> 4.055886638546649E-4
<219,1228,357,op8> 0.002835837365928204
<220,1118,347,op6> 6.403741188061201E-4
<221,1118,370,op1> 8.476196291970167E-5
<222,1118,376,op1> 2.041206453984653E-4
<223,1115,373,op7> 2.7962431257707356E-4
<224,1134,413,op8> 5.073622526809321E-4
<225,1267,416,op1> 0.0021064443762421514
<226,1277,395,op8> 0.0011717589234713902
<227,1118,342,op7> 2.76693488591047E-4
<228,1115,375,op7> 4.0482922865636017E-4
<229,1277,396,op8> 0.0013775312222273418
<230,1338,379,op7> 5.732573884068258E-4
<231,1115,374,op7> 4.2987021187221747E-4
<232,1338,378,op7> 6.137226158237782E-4
<233,1287,362,op8> 7.470259387898987E-4
<234,1210,378,op7> 6.884708831356485E-4
<235,1249,417,op8> 0.0022591551311269527
<236,1277,392,op8> 0.0011546112319083942
<237,1226,385,op4> 5.232885897828975E-4
<238,1114,347,op6> 6.298329810479946E-4
<239,1229,355,op4> 0.0030154705020104073
<240,1118,362,op4> 5.6481556718710415E-5
<241,1165,366,op4> 4.6880220487706913E-4
<242,1150,350,op8> 0.001103783486226633
<243,1249,356,op8> 0.003541378313658466
<244,1261,416,op1> 0.002143399540737628
<245,1226,386,op4> 4.8404194554918024E-4
<246,1330,353,op4> 4.400879974265938E-4
<247,1271,356,op1> 0.002978490270895145
<248,1344,370,op5> 8.554133017021271E-4
<249,1116,370,op6> 4.0947465718981326E-4
<250,1288,359,op8> 0.001284264509579827
<251,1194,397,op7> 6.243410560342303E-4
<252,1115,395,op4> 8.408655865893706E-5
<253,1119,358,op4> 9.396160207217563E-5
<254,1190,410,op6> 9.093118019910008E-4
<255,1227,357,op8> 0.0028271117124945783
<256,1119,347,op6> 6.087507055317438E-4
<257,1119,370,op1> 8.057618697304974E-5
<258,1119,376,op1> 1.9404061352693613E-4
<259,1119,341,op7> 1.8478158864701388E-4
<260,1270,356,op1> 0.0029645720920591866
<261,1276,392,op8> 0.0011602434818201426
<262,1279,362,op8> 7.849460372056295E-4
<263,1276,395,op8> 0.0011774748206590554
<264,1115,341,op7> 1.9198087132157288E-4
<265,1186,398,op7> 7.00608414035616E-4
<266,1276,396,op8> 0.0013842508867260117
<267,1264,355,op2> 0.00476635394932429
<268,1262,415,op2> 0.00339070079631351
<269,1113,370,op6> 4.0437746228703556E-4
<270,1266,355,op2> 0.004644659805937287
<271,1229,385,op4> 5.408915698673376E-4
<272,1116,347,op6> 6.351035499270573E-4
<273,1215,378,op7> 6.82569704137343E-4
<274,1115,362,op4> 5.5784253549343616E-5
<275,1117,340,op4> 4.508201716067972E-5
<276,1251,417,op8> 0.0022087650538527453
<277,1121,376,op6> 9.98356705039301E-4
<278,1124,376,op1> 1.806005710315639E-4
<279,1229,386,op4> 5.003247021272872E-4
<280,1116,370,op1> 8.406433359525968E-5
<281,1116,358,op4> 9.802920389348192E-5
<282,1196,364,op7> 3.768143042788878E-4
<283,1258,415,op2> 0.003594433891370975
<284,1280,396,op8> 0.001330493570736652
<285,1113,376,op6> 9.738069499973511E-4
<286,1112,395,op4> 8.303547667570033E-5
<287,1119,347,op1> 1.2497531040717917E-4
<288,1212,352,op7> 0.0016739461598123903
<289,1116,376,op1> 2.0244064008654374E-4
<290,1216,354,op4> 7.965303031237394E-4
<291,1260,355,op2> 0.004786636306555458
<292,1113,375,op7> 4.014556517508905E-4
<293,1113,374,op7> 4.2628796010661576E-4
<294,1275,392,op8> 0.0011827724814671356
<295,1278,362,op8> 7.887380470472027E-4
<296,1284,395,op8> 0.0011546112319083942
<297,1113,373,op7> 2.772941099722646E-4
<298,1210,354,op4> 8.011080634865193E-4
<299,1289,395,op8> 0.0011145999515947372
<300,1195,410,op6> 8.217484432807564E-4
<301,1275,395,op8> 0.0012003384094097169
<302,1160,369,op5> 5.472713241238813E-4
<303,1282,395,op8> 0.0011431794375330636
<304,1116,342,op7> 2.744161759277462E-4
<305,1217,347,op5> 0.0016537159194130627
<306,1264,356,op1> 0.003270772026450276
<307,1116,362,op4> 5.601668793913255E-5
<308,1275,396,op8> 0.0014111295447206916
<309,1279,358,op8> 0.0013736555651098514
<310,1279,359,op8> 0.0013563405789950211
<311,1114,370,op6> 4.060765272546281E-4
<312,1261,355,op2> 0.004705506877630788
<313,1123,358,op4> 8.867371970447745E-5
<314,1228,386,op4> 4.8108144435316083E-4
<315,1233,357,op8> 0.002600244723220322
<316,1243,387,op8> 5.15136398080239E-4
<317,1231,355,op4> 0.002872726336234766
<318,1118,340,op4> 4.5268306487789955E-5
<319,1289,358,op8> 0.0012940233584368165
<320,1114,376,op6> 9.778985758376762E-4
<321,1117,347,op6> 6.377388343665887E-4
<322,1117,370,op1> 8.441314825748067E-5
<323,1113,395,op4> 8.338583733677925E-5
<324,1211,411,op7> 0.0014415737267289295
<325,1243,388,op8> 4.6968318648492384E-4
<326,1207,404,op5> 0.0011534363033155503
<327,1205,354,op4> 4.119984326502101E-4
<328,1117,358,op4> 9.843596407561257E-5
<329,1120,409,op6> 6.966166367129605E-4
<330,1117,376,op1> 2.032806427425045E-4
<331,1338,352,op7> 0.001483725005288255
<332,1270,383,op1> 1.6611826377917852E-4
<333,1270,384,op1> 2.0445324772821972E-4
<334,1270,382,op1> 2.8112321562630217E-4
<335,1270,381,op2> 3.680838552221239E-4
<336,1272,356,op1> 0.0029367357343872695
<337,1266,416,op1> 0.002115683167366021
<338,1338,354,op4> 7.141306165936973E-4
<339,1219,370,op5> 0.0010967620546823702
<340,1266,415,op2> 0.003332491340582806
<341,1338,412,op7> 0.0012611662544950166
<342,1265,416,op1> 0.00212492195848989
<343,1264,416,op1> 0.002171115914109235
<344,1154,350,op8> 0.0010763846053628515
<345,1264,415,op2> 0.003419805524178862
<346,1273,359,op8> 0.0013891024287292007
<347,1336,345,op4> 3.702738983402647E-4
<348,1273,358,op8> 0.001406835651223616
<349,1334,346,op8> 2.2003129477678884E-4
<350,1275,340,op8> 6.382287152471177E-4
<351,1335,344,op5> 1.8238652255874504E-4
<352,1274,358,op8> 0.0013869275995553572
<353,1143,420,op3> 2.7012477477856385E-4
<354,1272,382,op1> 2.7848356101948244E-4
<355,1261,415,op2> 0.0033761484323808345
<356,1175,366,op4> 4.35038057157391E-4
<357,1273,362,op8> 8.039060864134951E-4
<358,1197,397,op7> 6.001417902964695E-4
<359,1335,346,op4> 1.864469435192923E-4
<360,1284,358,op8> 0.001340475478996087
<361,1215,379,op7> 6.375651082601555E-4
<362,1326,413,op8> 2.7117637643291206E-4
<363,1185,377,op6> 6.102946626096905E-4
<364,1329,402,op4> 1.5841897161769934E-4
<365,1331,377,op6> 0.001330781417079464
<366,1317,355,op4> 0.0011597963469270798
<367,1274,340,op8> 6.351895308887982E-4
<368,1151,350,op8> 0.0010842128570382177
<369,1272,384,op1> 2.025334989232599E-4
<370,1184,364,op7> 4.515543315738738E-4
<371,1336,365,op4> 4.1652598995936064E-4
<372,1265,356,op1> 0.0032011811322704828
<373,1289,362,op8> 7.394419191067525E-4
<374,1272,383,op1> 1.6455846787514868E-4
<375,1336,366,op4> 3.9997528837157147E-4
<376,1269,416,op1> 0.0020879667939944133
<377,1313,356,op1> 0.0018928723216903726
<378,1329,413,op8> 2.554306513497107E-4
<379,1272,381,op2> 3.6462766878811334E-4
<380,1142,413,op8> 5.441022778750686E-4
<381,1335,369,op5> 4.7306504288674493E-4
<382,1269,356,op1> 0.0031455084169266486
<383,1273,340,op8> 6.44307083963757E-4
<384,1271,383,op1> 1.6689816173119345E-4
<385,1112,347,op6> 6.245624121689319E-4
<386,1271,382,op1> 2.8244304292971204E-4
<387,1335,367,op4> 4.46961850902413E-4
<388,1250,388,op8> 4.644058473109358E-4
<389,1335,368,op4> 4.316374445857588E-4
<390,1336,345,op6> 2.5975280924490045E-4
<391,1180,364,op7> 4.702393383976203E-4
<392,1178,364,op7> 5.076093520451133E-4
<393,1286,395,op8> 0.0011660430262837248
<394,1268,416,op1> 0.002097205585118283
<395,1187,352,op6> 0.001182143183279187
<396,1271,384,op1> 2.0541312213069964E-4
<397,1271,381,op2> 3.6981194843912915E-4
<398,1345,357,op8> 0.0024519086148486933
<399,1305,412,op7> 6.952583197857143E-4
<400,1268,415,op2> 0.003303386612717454
<401,1337,342,op4> 5.982268897458198E-4
<402,1218,378,op7> 7.022403007983617E-4
<403,1194,348,op8> 2.821945698358968E-4
<404,1115,409,op1> 1.4009535821447292E-4
<405,1349,355,op4> 0.0024444938389078454
<406,1254,387,op8> 4.804081015804477E-4
<407,1188,398,op7> 6.859103354194844E-4
<408,1121,347,op1> 1.3200855298420658E-4
<409,1343,341,op3> 7.501232688227014E-4
<410,1148,346,op8> 1.7769088789545094E-4
<411,1257,416,op1> 0.002309697780967272
<412,1112,409,op6> 6.738699710243739E-4
<413,1334,413,op8> 5.545994279305362E-4
<414,1120,340,op4> 4.5640885142010465E-5
<415,1254,356,op8> 0.003278078810784231
<416,1114,409,op1> 1.3951162755524595E-4
<417,1120,347,op1> 1.3254957164397796E-4
<418,1340,370,op5> 8.798536817507594E-4
<419,1113,409,op1> 1.3892789689601897E-4
<420,1344,347,op5> 0.0013267634883543198
<421,1345,357,op1> 3.8195561336838935E-4
<422,1180,410,op6> 0.0010170820896343786
<423,1184,348,op8> 3.171954467147677E-4
<424,1177,352,op6> 0.0013486422231776642
<425,1258,416,op1> 0.0022819814075956645
<426,1112,409,op1> 1.3834416623679195E-4
<427,1169,366,op4> 4.1296149903298604E-4
<428,1169,365,op4> 4.3004956106193715E-4
<429,1125,409,op6> 6.141599735918344E-4
<430,1191,377,op6> 5.382459871627132E-4
<431,1298,410,op6> 0.0011787375210994455
<432,1331,410,op6> 0.0021149918950012906
<433,1159,350,op8> 0.001346459288162985
<434,1263,416,op1> 0.002161877122985366
<435,1197,398,op7> 6.075205828001148E-4
<436,1281,395,op8> 0.0011374635403453984
<437,1237,385,op4> 4.8488208778048314E-4
<438,1171,345,op4> 3.9912640989924646E-4
<439,1167,366,op4> 4.15558741165269E-4
<440,1167,365,op4> 4.327542752824525E-4
<441,1197,352,op6> 0.001032294047370558
<442,1187,344,op7> 1.80264694282599E-4
<443,1169,345,op4> 3.8229577815650706E-4
<444,1179,410,op6> 0.00108443851941149
<445,1190,348,op8> 2.953198986654734E-4
<446,1288,392,op8> 0.00110392098270266
<447,1168,345,op6> 2.690296952893611E-4
<448,1340,347,op5> 0.0013646710165930145
<449,1335,402,op4> 3.320288035275068E-4
<450,1267,356,op1> 0.0031733447745985657
<451,1348,384,op1> 2.610858374745341E-4
<452,1178,352,op6> 0.001356967175172588
<453,1260,416,op1> 0.002180354705233104
<454,1168,365,op4> 4.3140191817219484E-4
<455,1185,410,op6> 9.699325887904007E-4
<456,1168,366,op4> 4.1426012009912754E-4
<457,1341,353,op4> 7.894078453839527E-4
<458,1129,340,op3> 8.278072970210816E-5
<459,1124,376,op6> 8.79699555669876E-4
<460,1232,357,op8> 0.002591519069786697
<461,1115,409,op6> 6.823999706575939E-4
<462,1123,395,op4> 7.637862411520116E-5
<463,1126,362,op4> 5.136800014335391E-5
<464,1124,370,op6> 3.6529896803240604E-4
<465,1158,413,op8> 5.98337553161651E-4
<466,1121,370,op6> 4.1457185209259096E-4
<467,1166,345,op6> 2.707164018428994E-4
<468,1165,365,op4> 4.882009168030168E-4
<469,1257,356,op1> 0.003479544708989656
<470,1241,417,op8> 0.002485910478860885
<471,1167,345,op4> 3.8470015411975556E-4
<472,1126,343,op7> 1.186698421980432E-4
<473,1127,359,op3> 1.800946900983729E-4
<474,1230,357,op1> 4.390450644768319E-4
<475,1127,358,op3> 1.823937712485649E-4
<476,1262,383,op1> 1.81716222819477E-4
<477,1230,355,op4> 0.0028816478465957442
<478,1126,376,op1> 1.856405869673285E-4
<479,1201,342,op4> 3.531468413660807E-4
<480,1126,370,op1> 7.708804035083978E-5
<481,1128,340,op3> 8.240445365800766E-5
<482,1126,358,op4> 8.989400025086933E-5
<483,1236,357,op1> 4.1050033892261074E-4
<484,1126,347,op6> 5.823978611364301E-4
<485,1213,411,op7> 0.0014497878220379261
<486,1123,376,op6> 8.91974433190851E-4
<487,1123,370,op6> 3.703961629351838E-4
<488,1168,341,op3> 8.425680378677526E-4
<489,1122,395,op4> 7.602826345412224E-5
<490,1193,352,op6> 0.0010905687113350248
<491,1283,359,op8> 0.0013170263593140063
<492,1125,362,op4> 5.020582819440925E-5
<493,1159,369,op5> 5.318116821994779E-4
<494,1169,341,op3> 8.399267587521796E-4
<495,1212,370,op5> 0.0010753767221398165
<496,1167,345,op6> 2.698730485661303E-4
<497,1159,413,op8> 6.018366031801402E-4
<498,1119,408,op7> 3.5349521306385264E-4
<499,1166,365,op4> 4.341066323927101E-4
<500,1168,345,op4> 3.834979661381313E-4
<501,1166,366,op4> 4.168573622314104E-4
<502,1231,357,op1> 4.376857918313927E-4
<503,1125,341,op7> 1.7278278418941557E-4
<504,1119,409,op6> 6.568099717579341E-4
<505,1125,370,op1> 7.53439670397348E-5
<506,1125,347,op6> 5.692214389387732E-4
<507,1125,376,op1> 1.814405736875247E-4
<508,1268,356,op1> 0.0031594265957626076
<509,1156,350,op8> 0.0013308027848122526
<510,1323,376,op6> 6.464768827713507E-4
<511,1162,369,op5> 5.503632525087622E-4
<512,1127,340,op3> 8.353328179030915E-5
<513,1121,395,op4> 8.548800130325268E-5
<514,1264,382,op1> 3.101594163013192E-4
<515,1243,356,op8> 0.0035150483633710422
<516,1165,341,op3> 9.535017607218144E-4
<517,1191,410,op6> 8.554266581693119E-4
<518,1122,370,op6> 3.6869709796759115E-4
<519,1253,387,op8> 5.035602992469752E-4
<520,1238,357,op8> 0.0026525986438220737
<521,1179,397,op7> 7.792163567558999E-4
<522,1162,346,op8> 2.471013909796115E-4
<523,1115,408,op7> 3.6726775383257417E-4
<524,1124,362,op4> 4.997339380462032E-5
<525,1122,376,op6> 8.878828073505259E-4
<526,1125,358,op4> 8.786019934021617E-5
<527,1164,345,op6> 3.036071796368966E-4
<528,1211,404,op5> 0.002188411580885179
<529,1165,345,op4> 4.339898613663493E-4
<530,1163,366,op4> 4.649063416786448E-4
<531,1126,340,op4> 4.1169941291364534E-5
<532,1179,398,op7> 7.887968857324069E-4
<533,1156,413,op8> 5.948385031431619E-4
<534,1183,398,op7> 7.202058521904585E-4
<535,1220,355,op4> 0.00307792107453725
<536,1232,357,op1> 4.037039756954151E-4
<537,1113,347,op6> 6.271976966084633E-4
<538,1159,402,op4> 3.7326113860608603E-4
<539,1124,342,op7> 2.448111113048358E-4
<540,1217,404,op5> 0.002175941999227714
<541,1112,370,op6> 4.026783973194429E-4
<542,1173,341,op3> 8.901110619480646E-4
<543,1124,347,op6> 5.665861544992421E-4
<544,1230,357,op8> 0.002818386059060953
<545,1237,357,op8> 0.0026438729903884486
<546,1118,409,op6> 6.909299702908138E-4
<547,1124,370,op1> 7.499515237751383E-5
<548,1123,362,op4> 5.067069697398712E-5
<549,1288,396,op8> 0.0013170542417393122
<550,1160,350,op8> 0.0013856005465398156
<551,1166,341,op3> 8.478505960988984E-4
<552,1120,395,op4> 8.583836196433158E-5
<553,1124,358,op4> 8.745343915808554E-5
<554,1291,376,op6> 7.774089096617508E-4
<555,1164,366,op4> 4.6750358381092763E-4
<556,1165,345,op6> 3.044505329136658E-4
<557,1157,413,op8> 6.000870781708956E-4
<558,1125,340,op4> 4.0238494655813296E-5
<559,1233,357,op1> 4.050632483408542E-4
<560,1123,376,op1> 1.8312057899944623E-4
<561,1126,347,op1> 1.195651238094658E-4
<562,1164,365,op4> 4.868485596927591E-4
<563,1166,345,op4> 3.859023421013797E-4
<564,1158,369,op5> 5.287197538145973E-4
<565,1123,343,op7> 1.1705893936277566E-4
<566,1160,346,op8> 2.457131809179282E-4
<567,1122,362,op4> 5.0438262584198174E-5
<568,1220,357,op8> 0.0030103504346007085
<569,1230,386,op4> 4.781209431571413E-4
<570,1198,347,op6> 3.24139986062357E-4
<571,1230,385,op4> 5.168875061158286E-4
<572,1124,340,op4> 4.005220532870305E-5
<573,1117,409,op6> 6.880866370797405E-4
<574,1123,347,op6> 5.744920078178361E-4
<575,1259,356,op1> 0.0034238719936458216
<576,1162,344,op5> 2.1218824193108905E-4
<577,1123,370,op1> 7.604159636417682E-5
<578,1120,376,op6> 0.0010024483308796262
<579,1157,402,op4> 3.7217607715664977E-4
<580,1234,357,op1> 4.064225209862933E-4
<581,1119,409,op1> 1.3484178228143016E-4
<582,1125,347,op1> 1.168600305106091E-4
<583,1216,352,op7> 0.0016549240443599767
<584,1279,396,op8> 0.0013909705512246816
<585,1122,376,op1> 1.8228057634348544E-4
<586,1154,413,op8> 4.811193775422633E-4
<587,1210,347,op5> 0.0016584543604428997
<588,1161,368,op4> 5.007558589148509E-4
<589,1161,367,op4> 5.185341734325379E-4
<590,1163,345,op4> 4.303832974214766E-4
<591,1122,343,op7> 1.1652197175101978E-4
<592,1257,355,op2> 0.005070589307791799
<593,1164,341,op3> 9.508604816062414E-4
<594,1255,417,op8> 0.002082789860667228
<595,1288,395,op8> 0.0011203158487824024
<596,1231,386,op4> 4.766406925591316E-4
<597,1231,385,op4> 5.152872351990612E-4
<598,1234,355,op4> 0.0026675315979322834
<599,1161,346,op8> 2.4640728594876984E-4
<600,1123,340,op4> 4.06110733100338E-5
<601,1121,362,op4> 5.6713991108499345E-5
<602,1122,370,op1> 7.56927817019558E-5
<603,1116,409,op6> 6.852433038686671E-4
<604,1258,381,op2> 4.2683902460030333E-4
<605,1161,369,op5> 5.488172883163218E-4
<606,1122,358,op4> 8.82669595223468E-5
<607,1143,351,op8> 0.0013308540760973034
<608,1124,347,op1> 1.1631901185083777E-4
<609,1235,357,op1> 4.077817936317324E-4
<610,1158,402,op4> 3.7109101570721346E-4
<611,1118,409,op1> 1.4184655019215382E-4
<612,1121,376,op1> 2.0496064805442606E-4
<613,1171,365,op4> 4.489825606055445E-4
<614,1155,413,op8> 5.965880281524065E-4
<615,1162,368,op4> 5.021664387991181E-4
<616,1163,345,op6> 3.019204730833583E-4
<617,1164,345,op4> 4.327876733847251E-4
<618,1223,357,op1> 4.4584142770402746E-4
<619,1121,343,op7> 1.310200972684278E-4
<620,1162,367,op4> 5.199948330760099E-4
<621,1287,392,op8> 0.001109553232614408
<622,1161,350,op8> 0.001389514672377499
<623,1261,356,op1> 0.0032290174899424
<624,1122,340,op4> 4.042478398292355E-5
<625,1232,386,op4> 4.396344276088885E-4
<626,1151,413,op8> 4.8461842756075246E-4
<627,1127,413,op8> 3.8839455205229984E-4
<628,1232,385,op4> 4.7528046227987943E-4
<629,1120,362,op4> 5.694642549828829E-5
<630,1121,358,op4> 9.924948443987383E-5
<631,1121,347,op6> 6.430094032456514E-4
<632,1160,344,op5> 2.1099617315619522E-4
<633,1256,381,op2> 4.3375139746832444E-4
<634,1121,370,op1> 8.511077758192264E-5
<635,1117,409,op1> 1.4126281953292684E-4
<636,1251,388,op8> 4.626467342529399E-4
<637,1287,340,op8> 5.987193185889628E-4
<638,1189,410,op6> 9.497256598572675E-4
<639,1246,356,op8> 0.0035018833882273313
<640,1123,347,op1> 1.1794206783015178E-4
<641,1120,376,op1> 2.0580065071038685E-4
<642,1120,343,op7> 1.3155706488018366E-4
<643,1155,402,op4> 3.7000595425777715E-4
<644,1198,376,op6> 5.032699783599755E-4
<645,1161,346,op4> 2.1630282663185875E-4
<646,1218,347,op5> 0.0016916234476517578
<647,1152,413,op8> 4.8811747757924166E-4
<648,1113,408,op7> 3.642071892173027E-4
<649,1121,340,op4> 4.545459581490021E-5
<650,1215,370,op5> 0.0010601014846094215
<651,1233,386,op4> 4.4111467820689824E-4
<652,1281,358,op8> 0.0013205674273278282
<653,1233,385,op4> 4.7688073319664674E-4
<654,1236,355,op4> 0.0026942961290152166
<655,1210,412,op7> 0.001414769836773256
<656,1213,347,op5> 0.0016726696835324098
<657,1211,379,op7> 6.449145619576789E-4
<658,1301,374,op7> 3.009091483105523E-4
<659,1238,357,op1> 4.1321888421348886E-4
<660,1120,358,op4> 9.965624462200448E-5
<661,1161,344,op5> 2.1159220754364213E-4
<662,1120,347,op6> 6.456446876851829E-4
<663,1120,370,op1> 8.545959224414367E-5
<664,1114,409,op6> 6.795566374465205E-4
<665,1113,409,op6> 6.767133042354473E-4
<666,1237,357,op1> 4.1185961156804977E-4
<667,1122,347,op1> 1.1740104917038044E-4
<668,1156,402,op4> 3.689208928083409E-4
<669,1116,409,op1> 1.4067908887369988E-4
<670,1182,410,op6> 0.0010036108036789563
<671,1160,367,op4> 5.170735137890659E-4
<672,1162,346,op4> 2.169121303688499E-4
<673,1153,413,op8> 4.776203275237742E-4
<674,1160,368,op4> 4.993452790305837E-4
<675,1303,365,op4> 2.299007087438029E-4
<676,1300,395,op4> 5.921095172233484E-5
<677,1303,366,op4> 2.2076558124404917E-4
<678,1316,385,op4> 2.1123576101327978E-4
<679,1304,345,op6> 1.4590011688106418E-4
<680,1284,392,op8> 0.0011377144821731495
<681,1285,340,op8> 6.169544247388804E-4
<682,1289,340,op8> 5.926409498723236E-4
<683,1191,397,op7> 6.14661349739126E-4
<684,1170,345,op4> 4.015307858624949E-4
<685,1237,386,op4> 4.485159311969469E-4
<686,1288,358,op8> 0.0013006593756595694
<687,1300,380,op7> 9.251582694659495E-5
<688,1129,391,op3> 1.4657505350923735E-4
<689,1160,413,op8> 6.19331853272586E-4
<690,1217,370,op5> 0.0010662115796215798
<691,1302,369,op5> 2.6435987690729865E-4
<692,1170,341,op3> 8.821872246013462E-4
<693,1304,366,op4> 2.2466144444247354E-4
<694,1288,340,op8> 5.956801342306432E-4
<695,1286,362,op8> 7.735700076809103E-4
<696,1283,396,op8> 0.001350652564232662
<697,1287,358,op8> 0.0013072953928823224
<698,1305,378,op7> 3.3833426256951873E-4
<699,1236,385,op4> 4.832818168637159E-4
<700,1287,359,op8> 0.0012908168795266628
<701,1236,386,op4> 4.4703568059893716E-4
<702,1214,412,op7> 0.0013986010386387044
<703,1193,398,op7> 6.418160995710889E-4
<704,1186,397,op7> 6.920990000999607E-4
<705,1301,373,op7> 1.9573701880395148E-4
<706,1141,351,op8> 0.0013138463562749737
<707,1301,375,op7> 2.8338046005945214E-4
<708,1242,388,op8> 5.18938352108811E-4
<709,1304,365,op4> 2.3395778007457592E-4
<710,1301,395,op4> 5.886059106125594E-5
<711,1305,354,op4> 3.9368739119908955E-4
<712,1303,345,op4> 2.0437195687612013E-4
<713,1171,345,op6> 2.799932878873602E-4
<714,1170,365,op4> 4.5168727482605985E-4
<715,1172,345,op4> 4.003285978808707E-4
<716,1170,366,op4> 4.337394360912495E-4
<717,1286,396,op8> 0.0013708115577286718
<718,1162,413,op8> 6.228309032910754E-4
<719,1170,345,op6> 2.8167999444089856E-4
<720,1172,341,op3> 8.795459454857731E-4
<721,1126,376,op6> 9.04249310711826E-4
<722,1258,355,op2> 0.005009742236098297
<723,1235,385,op4> 4.8008127503018123E-4
<724,1302,344,op5> 1.0192188025341636E-4
<725,1301,341,op7> 1.3438660992510102E-4
<726,1192,352,op6> 0.0010406189993654817
<727,1235,386,op4> 4.4407517940291764E-4
<728,1301,362,op4> 3.9048977484540524E-5
<729,1151,369,op5> 4.28232081305975E-4
<730,1288,362,op8> 7.432339289483255E-4
<731,1302,368,op4> 2.4120916020968874E-4
<732,1303,345,op6> 1.433700570507567E-4
<733,1131,351,op8> 9.524323100504662E-4
<734,1302,367,op4> 2.4977279903370134E-4
<735,1304,345,op4> 2.0797852082099285E-4
<736,1289,359,op8> 0.0012777121396329912
<737,1191,398,op7> 6.222186614162464E-4
<738,1285,396,op8> 0.0013640918932300017
<739,1285,395,op8> 0.0011603271290960594
<740,1161,413,op8> 6.210813782818309E-4
<741,1195,364,op7> 3.7992847208284555E-4
<742,1234,385,op4> 4.78481004113414E-4
<743,1237,355,op4> 0.002703217639376194
<744,1234,386,op4> 4.4259492880490797E-4
<745,1284,359,op8> 0.001323578729260842
<746,1291,370,op6> 3.228223438425914E-4
<747,1171,341,op3> 8.769046663702002E-4
<748,1239,357,op1> 4.14578156858928E-4
<749,1160,402,op4> 3.84111753100449E-4
<750,1128,359,op3> 1.7766097807001647E-4
<751,1128,358,op3> 1.799289905560167E-4
<752,1300,358,op4> 6.874247078007654E-5
<753,1268,381,op2> 3.9227716026019776E-4
<754,1124,380,op7> 1.1769764966578648E-4
<755,1280,395,op8> 0.001131747643157733
<756,1308,398,op7> 8.181930429646706E-4
<757,1301,340,op4> 3.129660695452145E-5
<758,1127,346,op8> 1.5409131684683636E-4
<759,1124,395,op4> 7.532754213196443E-5
<760,1126,370,op6> 3.7549335783796154E-4
<761,1125,395,op4> 7.567790279304335E-5
<762,1156,367,op4> 4.966242787804589E-4
<763,1125,375,op7> 3.643463057907241E-4
<764,1300,362,op4> 3.928141187432946E-5
<765,1129,358,op3> 1.8075058412019945E-4
<766,1207,379,op7> 3.399122335104576E-4
<767,1301,358,op4> 6.833571059794591E-5
<768,1287,395,op8> 0.0011260317459700678
<769,1253,356,op8> 0.0034360585125087716
<770,1125,374,op7> 3.8688319068499576E-4
<771,1302,346,op4> 1.0419093902548686E-4
<772,1125,373,op7> 2.516618813193662E-4
<773,1129,359,op3> 1.7847221541280196E-4
<774,1287,396,op8> 0.001323773906237982
<775,1128,346,op8> 1.5200900175431155E-4
<776,1127,351,op8> 9.439284501393014E-4
<777,1300,342,op7> 1.9243292004891748E-4
<778,1239,385,op4> 4.880826296140177E-4
<779,1152,368,op4> 3.935517877105448E-4
<780,1190,397,op7> 6.533801749195433E-4
<781,1239,386,op4> 4.514764323929663E-4
<782,1138,351,op8> 0.001211800037340995
<783,1126,395,op4> 7.742970609843788E-5
<784,1162,402,op4> 3.862818759993217E-4
<785,1127,391,op3> 1.4790755399568496E-4
<786,1128,351,op8> 9.311726602725539E-4
<787,1129,346,op8> 1.5270310678515317E-4
<788,1238,385,op4> 4.864823586972504E-4
<789,1238,386,op4> 4.499961817949566E-4
<790,1129,351,op8> 9.354245902281365E-4
<791,1161,402,op4> 3.8519681454988536E-4
<792,1289,396,op8> 0.0013103345772406422
<793,1300,340,op4> 3.1482896281631705E-5
<794,1128,391,op3> 1.4590880326601353E-4
<795,1307,397,op7> 7.937359161985563E-4
<796,1281,340,op8> 6.04797687305602E-4
<797,1307,398,op7> 8.034949643485387E-4
<798,1349,385,op4> 4.384742311942323E-4
<799,1308,397,op7> 8.08255475641213E-4
<800,1280,340,op8> 6.017585029472824E-4
<801,1281,359,op8> 0.0013039216194203345
<802,1309,346,op8> 1.1522143511970649E-4
<803,1309,369,op5> 2.5663005594509696E-4
<804,1281,362,op8> 7.546099584730449E-4
<805,1308,364,op7> 5.200660232609444E-4
<806,1283,340,op8> 6.108760560222413E-4
<807,1155,350,op8> 0.0013347169106499356
<808,1280,359,op8> 0.0012973692494734988
<809,1309,350,op8> 6.497448890553939E-4
<810,1180,397,op7> 7.30817825280378E-4
<811,1280,362,op8> 7.508179486314717E-4
<812,1259,416,op1> 0.002272742616471796
<813,1282,340,op8> 6.078368716639217E-4
<814,1308,353,op4> 4.593418473140074E-4
<815,1348,383,op1> 2.1213224294805896E-4
<816,1283,358,op8> 0.0013338394617733338
<817,1307,344,op7> 2.0819302719962134E-4
<818,1348,382,op1> 3.589930265274844E-4
<819,1280,392,op8> 0.0011151854825261565
<820,1283,362,op8> 7.62193978156191E-4
<821,1306,370,op5> 5.04082838503039E-4
<822,1308,344,op7> 2.120014362337608E-4
<823,1155,367,op4> 4.980849384239308E-4
<824,1309,344,op5> 9.894170831618197E-5
<825,1307,348,op8> 3.58758988008427E-4
<826,1305,379,op7> 3.160265089935065E-4
<827,1189,398,op7> 6.908096949581949E-4
<828,1282,362,op8> 7.584019683146179E-4
<829,1284,340,op8> 6.139152403805609E-4
<830,1307,364,op7> 5.107235198490712E-4
<831,1308,348,op8> 3.653216524232153E-4
<832,1306,354,op4> 3.7766522992935915E-4
<833,1306,347,op5> 7.818427699230811E-4
<834,1285,359,op8> 0.0013301310992076777
<835,1305,352,op7> 8.179509644537816E-4
<836,1282,396,op8> 0.0013439328997339921
<837,1286,358,op8> 0.0013537475134415926
<838,1286,359,op8> 0.0013366834691545136
<839,1282,392,op8> 0.0011264499823496529
<840,1285,362,op8> 7.697779978393371E-4
<841,1293,351,op8> 7.993628316494985E-4
<842,1339,412,op7> 0.0012167020596250003
<843,1339,411,op7> 0.0012362213440040108
<844,1222,357,op8> 0.0028881912865299556
<845,1348,356,op1> 0.003785744643380745
<846,1285,358,op8> 0.0013471114962188397
<847,1181,410,op6> 0.0010103464466566675
<848,1281,396,op8> 0.0013372132352353222
<849,1281,392,op8> 0.0011208177324379047
<850,1176,341,op3> 8.874697828324919E-4
<851,1286,340,op8> 6.199936090972001E-4
<852,1122,409,op6> 6.170033068029078E-4
<853,1130,340,op3> 8.466210992261063E-5
<854,1125,409,op1> 1.260858223930256E-4
<855,1178,398,op7> 7.985956048098281E-4
<856,1178,397,op7> 7.888960630510042E-4
<857,1121,409,op6> 6.93773303501887E-4
<858,1124,409,op1> 1.2550209173379864E-4
<859,1124,409,op6> 6.113166403807611E-4
<860,1259,384,op1> 2.361291030100566E-4
<861,1132,340,op3> 8.390955783440965E-5
<862,1270,415,op2> 0.0030996535176599904
<863,1188,348,op8> 3.0625767269012056E-4
<864,1221,357,op8> 0.00287946563309633
<865,1133,413,op8> 5.091117776901767E-4
<866,1314,416,op1> 0.0012379980105984576
<867,1131,358,op3> 1.8403695837693033E-4
<868,1131,359,op3> 1.8171716478394378E-4
<869,1130,346,op8> 1.5617363193936117E-4
<870,1214,352,op7> 0.0016454129866337699
<871,1131,340,op3> 8.428583387851012E-5
<872,1123,409,op6> 6.19846640013981E-4
<873,1271,415,op2> 0.003114205881592666
<874,1133,358,op3> 2.3908372717717285E-4
<875,1258,383,op1> 1.9263479414768594E-4
<876,1130,358,op3> 1.8485855194111305E-4
<877,1126,409,op1> 1.2900447568916045E-4
<878,1177,377,op6> 6.865814954359018E-4
<879,1202,341,op3> 4.807127990342664E-4
<880,1240,357,op1> 3.996261577590977E-4
<881,1179,348,op8> 3.5219632359363863E-4
<882,1121,409,op1> 1.4243028085138076E-4
<883,1179,352,op6> 0.0013403172711827405
<884,1272,416,op1> 0.0019493849271363772
<885,1177,364,op7> 5.044951842411555E-4
<886,1179,344,op7> 2.0438461816548194E-4
<887,1266,356,op1> 0.0031872629534345246
<888,1120,409,op1> 1.4301401151060777E-4
<889,1178,377,op6> 6.908196528151358E-4
<890,1200,342,op4> 3.4928731304513993E-4
<891,1200,341,op3> 4.7807151991869354E-4
<892,1123,409,op1> 1.2725328371147954E-4
<893,1344,404,op5> 0.0017457414320451573
<894,1179,364,op7> 5.013810164371979E-4
<895,1122,409,op1> 1.2666955305225258E-4
<896,1207,352,op7> 8.797728396741256E-4
<897,1181,352,op6> 0.0012487427992385778
<898,1218,404,op5> 0.002225820325857576
<899,1177,398,op7> 7.936962452711175E-4
<900,1177,397,op7> 7.840562099034519E-4
<901,1256,415,op2> 0.0036526433471016787
<902,1240,385,op4> 4.704796495295775E-4
<903,1240,386,op4> 4.351936758148593E-4
<904,1129,413,op8> 3.8489550203381063E-4
<905,1135,351,op8> 0.0012458154769856543
<906,1139,340,op3> 1.0874377674504208E-4
<907,1136,346,op8> 2.0267866900574872E-4
<908,1134,391,op3> 1.9321257053490375E-4
<909,1329,350,op8> 5.71462372301732E-4
<910,1279,395,op8> 0.0011831907178467208
<911,1243,417,op8> 0.0022423584387022168
<912,1292,376,op6> 7.651340321407758E-4
<913,1175,365,op4> 4.530396319363175E-4
<914,1137,358,op3> 2.3497575935625925E-4
<915,1137,359,op3> 2.320138800366425E-4
<916,1192,377,op6> 5.297696724042454E-4
<917,1176,345,op6> 2.8336670099443677E-4
<918,1134,351,op8> 0.0012330596871189072
<919,1128,413,op8> 3.83145977024566E-4
<920,1301,408,op7> 2.570874276828019E-4
<921,1135,346,op8> 2.033727740365903E-4
<922,1133,391,op3> 1.9387882077812757E-4
<923,1138,340,op3> 1.0723867256864011E-4
<924,1177,353,op4> 4.455890973944264E-4
<925,1136,358,op3> 2.3990532074135557E-4
<926,1176,365,op4> 4.5439198904657517E-4
<927,1136,359,op3> 2.368813040933553E-4
<928,1208,352,op7> 8.750173108110222E-4
<929,1260,356,op1> 0.003284690205286234
<930,1176,366,op4> 4.3633667822353246E-4
<931,1138,346,op8> 1.978199337898575E-4
<932,1218,352,op7> 0.0016977238041279076
<933,1137,351,op8> 0.0012160519672965774
<934,1177,344,op7> 2.056540878435284E-4
<935,1139,358,op3> 2.3744054004880738E-4
<936,1302,402,op4> 1.8554550785360673E-4
<937,1178,353,op4> 4.4833964737834263E-4
<938,1132,358,op3> 1.832153648127476E-4
<939,1139,359,op3> 2.344475920649989E-4
<940,1130,413,op8> 3.9364312708003356E-4
<941,1177,348,op8> 3.543838783985682E-4
<942,1340,404,op5> 0.001795619758675019
<943,1137,346,op8> 1.9851403882069907E-4
<944,1291,347,op6> 5.007040435109581E-4
<945,1220,357,op1> 4.689490626764923E-4
<946,1178,344,op7> 2.0692355752157488E-4
<947,1135,391,op3> 1.9521132126457518E-4
<948,1138,359,op3> 2.3120264269385705E-4
<949,1182,364,op7> 4.640110027897049E-4
<950,1179,353,op4> 4.4283854741051013E-4
<951,1138,358,op3> 2.3415416579207653E-4
<952,1178,348,op8> 3.5657143320349757E-4
<953,1242,387,op8> 5.691581926354701E-4
<954,1127,420,op3> 1.915900958493329E-4
<955,1135,340,op3> 1.1024888092144405E-4
<956,1132,346,op8> 1.5478542187767798E-4
<957,1212,347,op5> 0.001667931242502573
<958,1173,345,op4> 4.051373498073676E-4
<959,1133,359,op3> 2.3607006675056987E-4
<960,1291,409,op6> 5.402333101039284E-4
<961,1172,345,op6> 2.8083664116412935E-4
<962,1171,366,op4> 4.311421939589667E-4
<963,1134,340,op3> 1.0912005278914256E-4
<964,1130,351,op8> 9.566842400060487E-4
<965,1131,346,op8> 1.5547952690851956E-4
<966,1126,409,op6> 6.283766396472009E-4
<967,1298,352,op6> 0.0014568665991116744
<968,1174,341,op3> 8.953936201792105E-4
<969,1172,365,op4> 4.503349177158022E-4
<970,1174,345,op4> 4.07541725770616E-4
<971,1133,420,op3> 2.5113836888358495E-4
<972,1132,359,op3> 1.8090592744115835E-4
<973,1173,345,op6> 2.84210054271206E-4
<974,1258,384,op1> 2.3708897741253656E-4
<975,1125,408,op7> 3.3054097844931673E-4
<976,1132,391,op3> 1.4857380423890875E-4
<977,1129,420,op3> 1.8986405894978934E-4
<978,1246,388,op8> 4.679240734269279E-4
<979,1137,340,op3> 1.076149486127406E-4
<980,1134,346,op8> 2.012904589440655E-4
<981,1133,351,op8> 0.0012373116170744894
<982,1175,341,op3> 8.848285037169191E-4
<983,1173,366,op4> 4.3763529928967396E-4
<984,1173,365,op4> 4.5574434615683286E-4
<985,1184,377,op6> 6.145328199889245E-4
<986,1175,345,op4> 4.027329738441191E-4
<987,1135,359,op3> 2.3769254143614073E-4
<988,1135,358,op3> 2.407269143055383E-4
<989,1133,346,op8> 2.019845639749071E-4
<990,1241,387,op8> 5.710875424410142E-4
<991,1128,420,op3> 1.8900104050001754E-4
<992,1209,347,op5> 8.813500315496552E-4
<993,1205,352,op7> 8.559951953586088E-4
<994,1136,340,op3> 1.0987260487734355E-4
<995,1135,420,op3> 2.528644057831285E-4
<996,1131,391,op3> 1.4924005448213257E-4
<997,1241,388,op8> 5.20697465166807E-4
<998,1132,351,op8> 9.481803800948837E-4
<999,1174,366,op4> 4.4023254142195684E-4
<1000,1174,365,op4> 4.5844906037734813E-4
<1001,1176,345,op4> 4.0393516182574336E-4
<1002,1134,359,op3> 2.3525882940778433E-4
<1003,1175,345,op6> 2.8252334771766767E-4
<1004,1134,358,op3> 2.3826213361299013E-4
<1005,1130,391,op3> 1.4990630472535638E-4
<1006,1139,391,op3> 1.9254632029167996E-4
<1007,1206,347,op5> 8.481809443407974E-4
<1008,1206,354,op4> 4.0970955246882E-4
<1009,1255,387,op8> 4.7847875177490373E-4
<1010,1259,383,op1> 1.9185489619567102E-4
<1011,1255,388,op8> 4.362600383830005E-4
<1012,1208,411,op7> 7.556967684277011E-4
<1013,1299,348,op8> 3.8500964566758023E-4
<1014,1297,391,op3> 1.279200466989708E-4
<1015,1210,352,op7> 0.0016644351020861834
<1016,1136,413,op8> 5.108613026994213E-4
<1017,1205,347,op5> 8.529193853706343E-4
<1018,1258,382,op1> 3.259973439422377E-4
<1019,1219,347,op5> 0.0017011003297114314
<1020,1139,346,op8> 2.0059635391322388E-4
<1021,1152,367,op4> 4.075240405286706E-4
<1022,1296,365,op4> 2.583002080592139E-4
<1023,1306,404,op5> 0.001028740486740896
<1024,1206,370,op5> 5.468535035881456E-4
<1025,1296,366,op4> 2.4803662363302E-4
<1026,1137,391,op3> 1.9054756956200854E-4
<1027,1293,391,op3> 1.2525504572607555E-4
<1028,1208,347,op5> 8.718731494899816E-4
<1029,1297,359,op3> 1.5575756981480896E-4
<1030,1262,382,op1> 3.0751976169449954E-4
<1031,1257,383,op1> 1.949744880037307E-4
<1032,1253,388,op8> 4.591285081369479E-4
<1033,1297,358,op3> 1.5774596432308313E-4
<1034,1257,384,op1> 2.3996860061997622E-4
<1035,1314,356,op1> 0.0018650359640184555
<1036,1208,354,op4> 4.211539533757702E-4
<1037,1305,411,op7> 7.064121965737204E-4
<1038,1139,351,op8> 0.0012288077571633246
<1039,1298,353,op4> 4.813462471853371E-4
<1040,1205,370,op5> 5.499085510942246E-4
<1041,1138,391,op3> 1.8988131931878475E-4
<1042,1149,350,op8> 9.981020886091895E-4
<1043,1206,352,op7> 8.512396664955054E-4
<1044,1207,347,op5> 8.766115905198183E-4
<1045,1256,382,op1> 3.312766531558772E-4
<1046,1252,387,op8> 5.054896490525191E-4
<1047,1252,388,op8> 4.6088762119494395E-4
<1048,1256,384,op1> 2.4092847502245614E-4
<1049,1207,354,op4> 4.2344283355716036E-4
<1050,1294,368,op4> 2.722419176635669E-4
<1051,1293,420,op3> 1.6224746855709267E-4
<1052,1204,341,op3> 4.6750640345640193E-4
<1053,1182,344,op7> 1.8915098202892426E-4
<1054,1294,367,op4> 2.8190731119008403E-4
<1055,1296,345,op4> 1.1974181830559583E-4
<1056,1189,352,op6> 0.0011738182312842633
<1057,1291,395,op4> 6.656852560499184E-5
<1058,1292,370,op6> 3.1772514893981365E-4
<1059,1203,342,op4> 3.4349802056372875E-4
<1060,1181,348,op8> 3.281332207394149E-4
<1061,1182,352,op6> 0.001240417847243654
<1062,1251,387,op8> 5.074189988580631E-4
<1063,1248,417,op8> 0.0022759518235516882
<1064,1183,353,op4> 4.0433084763568316E-4
<1065,1313,382,op1> 1.794965132637422E-4
<1066,1313,383,op1> 1.0606612147402948E-4
<1067,1313,384,op1> 1.3054291873726705E-4
<1068,1293,346,op8> 1.3049174579822176E-4
<1069,1203,341,op3> 4.701476825719749E-4
<1070,1295,365,op4> 2.623572793899869E-4
<1071,1292,395,op4> 6.551744362175511E-5
<1072,1295,366,op4> 2.5193248683144437E-4
<1073,1294,350,op8> 7.554262866728375E-4
<1074,1202,342,op4> 3.512170772056103E-4
<1075,1198,356,op8> 0.0016192919426765476
<1076,1256,356,op1> 0.0034934628878256144
<1077,1180,348,op8> 3.303207755443443E-4
<1078,1182,353,op4> 4.098319476035156E-4
<1079,1314,384,op1> 1.2862316993230726E-4
<1080,1314,382,op1> 1.7685685865692248E-4
<1081,1314,383,op1> 1.0450632556999964E-4
<1082,1268,355,op2> 0.004604095091474953
<1083,1181,344,op7> 1.9042045170697072E-4
<1084,1294,346,op8> 1.3396227095242982E-4
<1085,1297,340,op3> 7.22450004672944E-5
<1086,1209,354,op4> 4.2573171373855035E-4
<1087,1292,362,op4> 4.346523089053023E-5
<1088,1316,355,op4> 0.0011776393676490348
<1089,1294,346,op4> 1.1759562123929222E-4
<1090,1180,352,op6> 0.0012570677512335016
<1091,1141,359,op3> 2.506723389207082E-4
<1092,1212,412,op7> 0.0014228542358405319
<1093,1292,376,op1> 1.5708049666466258E-4
<1094,1246,417,op8> 0.0022339600924898492
<1095,1181,353,op4> 4.1258249758743175E-4
<1096,1209,412,op7> 7.518491132566446E-4
<1097,1293,359,op3> 1.5251262044366708E-4
<1098,1252,356,op8> 0.0034492234876524835
<1099,1181,397,op7> 7.259779721328259E-4
<1100,1293,358,op3> 1.5445959006635222E-4
<1101,1189,397,op7> 6.824192938048564E-4

