<0,2471,793,op8> 0.0020605171179925853
<1,2407,795,op8> 0.0014916689470059188
<2,2378,795,op2> 9.100391461011608E-4
<3,2515,823,op5> 0.0025436231200052116
<4,2525,823,op5> 0.0026022898805984126
<5,2407,799,op8> 0.001392086040947109
<6,2449,776,op4> 0.004458768376195154
<7,2429,771,op8> 0.00134773081660116
<8,2379,779,op4> 3.0237935226794737E-4
<9,2446,804,op1> 0.0012067703716253052
<10,2443,837,op1> 0.0041199897842761546
<11,2420,766,op4> 8.140516611255928E-4
<12,2441,839,op5> 0.00222339416468175
<13,2445,801,op4> 5.502841022159928E-4
<14,2418,832,op4> 0.0011932746972525689
<15,2587,857,op5> 0.05789380203798013
<16,2416,769,op2> 0.0033365338886997926
<17,2445,800,op4> 5.041870046481609E-4
<18,2445,802,op4> 4.1199280951249726E-4
<19,2486,787,op8> 0.0024536246087418466
<20,2441,844,op4> 5.886874014617399E-4
<21,2378,792,op2> 1.8141252912078494E-4
<22,2416,799,op4> 0.0027060160313566242
<23,2377,795,op2> 9.157807180008527E-4
<24,2408,795,op8> 0.0014811084588855228
<25,2377,792,op2> 1.8255708766413368E-4
<26,2408,799,op8> 0.0013822305645510233
<27,2446,837,op1> 0.004206121974888199
<28,2378,779,op4> 3.0429922117123596E-4
<29,2383,795,op2> 0.0010708031592925329
<30,2416,777,op7> 0.007112108287123458
<31,2415,768,op5> 0.001820239751431465
<32,2495,787,op8> 0.002547793570271384
<33,2489,787,op8> 0.002464087826689573
<34,2450,776,op4> 0.004578066526728804
<35,2438,767,op1> 3.604797267534612E-4
<36,2445,804,op1> 0.0011985330312046546
<37,2494,787,op8> 0.002537330352323658
<38,2555,766,op2> 8.594270700229313E-4
<39,2440,839,op5> 0.0022421569846368707
<40,2403,799,op8> 0.0013329531825705947
<41,2444,802,op4> 4.0916124381138054E-4
<42,2414,845,op5> 7.964737542592372E-4
<43,2454,817,op4> 0.013429884976873726
<44,2444,801,op4> 5.465020808949207E-4
<45,2526,829,op2> 0.0012036259206382558
<46,2542,764,op1> 3.1941048664285737E-4
<47,2444,800,op4> 5.00721801867074E-4
<48,2532,777,op7> 0.007993471104116382
<49,2440,844,op4> 5.936552276344127E-4
<50,2424,840,op7> 0.0010014159326103347
<51,2408,766,op8> 9.702393381572755E-4
<52,2520,823,op5> 0.002644194709593556
<53,2379,766,op2> 5.923840854643838E-4
<54,2484,787,op8> 0.0017839786600873555
<55,2578,769,op2> 0.00213055778435047
<56,2402,766,op8> 9.42567627978102E-4
<57,2376,795,op2> 9.215222899005447E-4
<58,2491,787,op8> 0.002495477480532752
<59,2405,799,op8> 0.0013132422297784231
<60,2376,792,op2> 1.8370164620748253E-4
<61,2451,777,op4> 0.00794561095399484
<62,2379,764,op2> 1.0651095435194405E-4
<63,2405,795,op8> 0.0014071850420427515
<64,2483,787,op8> 0.0018153683139305345
<65,2421,799,op4> 0.001169036185663533
<66,2511,788,op5> 9.85487538906307E-4
<67,2500,852,op6> 0.0028156991675916646
<68,2377,779,op4> 3.0621909007452444E-4
<69,2444,804,op1> 0.0011902956907840043
<70,2429,773,op5> 0.0016222111951685427
<71,2496,852,op6> 0.002480859266580764
<72,2409,768,op5> 0.0017331171650381639
<73,2418,769,op2> 0.0034399032690725917
<74,2411,770,op2> 0.0020976353414659398
<75,2448,772,op1> 0.0032184408661985464
<76,2443,802,op4> 4.0632967811026367E-4
<77,2372,792,op2> 2.4207413191827136E-4
<78,2427,771,op8> 0.0012852876899632686
<79,2556,824,op1> 2.770536229059777E-4
<80,2443,801,op4> 5.427200595738486E-4
<81,2441,810,op4> 0.001789895702420108
<82,2442,811,op4> 0.0016021239406870137
<83,2387,826,op2> 2.0168800630457616E-4
<84,2442,810,op4> 0.002152406224429244
<85,2429,778,op4> 5.778050818828333E-4
<86,2443,800,op4> 4.972565990859868E-4
<87,2406,799,op8> 0.0014019415173431946
<88,2378,766,op2> 5.961452542609829E-4
<89,2375,795,op2> 0.0012430503162832892
<90,2458,785,op2> 0.00910151965232376
<91,2378,764,op2> 1.0718721437957545E-4
<92,2406,795,op8> 0.0015022294351263146
<93,2375,792,op2> 2.4779692463501536E-4
<94,2380,779,op4> 3.503760748501613E-4
<95,2400,767,op8> 0.002667791736556687
<96,2376,779,op4> 3.0813895897781313E-4
<97,2443,804,op1> 0.0011820583503633535
<98,2441,811,op4> 0.0013322925401502536
<99,2428,771,op8> 0.0013373236288281784
<100,2548,783,op2> 0.003143828407571854
<101,2424,769,op2> 0.0013840011483246988
<102,2409,774,op1> 0.00255070379418076
<103,2578,799,op4> 0.001727937947733748
<104,2403,795,op8> 0.0014283060182835431
<105,2401,780,op8> 0.004478463693090606
<106,2468,794,op8> 0.0019870097779130045
<107,2474,793,op8> 0.002091502337812023
<108,2406,766,op8> 9.840751932468624E-4
<109,2440,810,op4> 0.0018050003075038218
<110,2396,824,op1> 3.1514081718573514E-4
<111,2398,780,op8> 0.0041358489843295754
<112,2470,768,op8> 0.0015299040112433991
<113,2442,780,op4> 7.308436580951493E-4
<114,2440,811,op4> 0.0013435355151726184
<115,2407,768,op5> 0.001758009332579107
<116,2513,788,op5> 9.954252283742697E-4
<117,2404,799,op8> 0.001323097706174509
<118,2571,772,op5> 0.0025694806330272624
<119,2417,799,op4> 0.00280848135440283
<120,2420,777,op7> 0.0030480464087671967
<121,2407,766,op8> 9.77157265702069E-4
<122,2512,788,op5> 0.0010020503546862448
<123,2404,795,op8> 0.0014177455301631477
<124,2562,777,op7> 0.005324900352665585
<125,2523,823,op5> 0.0026190518121964696
<126,2398,795,op8> 0.0013385418692601783
<127,2408,768,op5> 0.0017455632488086355
<128,2409,770,op2> 0.0019702915433331
<129,2547,794,op8> 0.0025284571724085783
<130,2524,788,op5> 0.001031863423090133
<131,2454,777,op4> 0.00687257024638139
<132,2398,799,op8> 0.001249181633203866
<133,2421,777,op7> 0.003072528709239222
<134,2404,766,op8> 9.287317728885153E-4
<135,2405,768,op5> 0.001658440662415335
<136,2402,799,op8> 0.00134280865896668
<137,2528,818,op8> 0.005064413996631253
<138,2511,823,op5> 0.0024933373252110386
<139,2562,830,op2> 0.001209942087328635
<140,2438,844,op4> 5.489447920803566E-4
<141,2470,794,op8> 0.0020789536750914976
<142,2405,766,op8> 9.218138453437216E-4
<143,2402,795,op8> 0.001438866506403939
<144,2391,791,op6> 0.001372786996291129
<145,2472,786,op7> 0.002225761526354625
<146,2475,794,op8> 0.0017316100635282993
<147,2418,777,op7> 0.0073324489913716906
<148,2379,795,op2> 9.04297574201469E-4
<149,2413,770,op2> 0.0020410380978513444
<150,2513,823,op5> 0.002518480222608125
<151,2422,777,op7> 0.003097011009711248
<152,2386,766,op2> 6.939356429725638E-4
<153,2379,792,op2> 1.802679705774361E-4
<154,2397,791,op6> 0.0013412890154966862
<155,2399,767,op8> 0.0024644391903944716
<156,2537,771,op8> 0.0033459108690136906
<157,2406,768,op5> 0.0017704554163495787
<158,2397,781,op8> 3.019475726608149E-4
<159,2391,824,op1> 3.212839130373089E-4
<160,2508,852,op6> 0.0027142325309216946
<161,2512,823,op5> 0.002535242154206183
<162,2390,824,op1> 3.2251253220762373E-4
<163,2510,852,op6> 0.0030287791045986016
<164,2580,783,op2> 0.0019799160796176865
<165,2573,826,op1> 0.0015998002533017188
<166,2514,823,op5> 0.0025603850516032686
<167,2544,781,op8> 0.0010493475973141566
<168,2574,826,op1> 0.0015079057217804713
<169,2574,824,op1> 2.2176576024181364E-4
<170,2371,795,op2> 0.001202859312985446
<171,2500,778,op6> 0.0017909201789643669
<172,2571,839,op5> 0.0035555543814952888
<173,2572,829,op2> 7.486203222063465E-4
<174,2460,776,op4> 0.004220172075127855
<175,2412,774,op1> 0.0027064020509171088
<176,2573,824,op1> 2.3528057111527596E-4
<177,2520,788,op5> 0.0010451136757140835
<178,2451,785,op2> 0.01029299131590069
<179,2516,823,op5> 0.0024262895988188087
<180,2521,788,op5> 0.0010418011125580958
<181,2517,823,op5> 0.0024095276672207516
<182,2447,837,op1> 0.004234832705092214
<183,2527,764,op1> 3.93365808899487E-4
<184,2526,766,op2> 0.0011640817425474716
<185,2522,788,op5> 0.0010384885494021084
<186,2538,771,op4> 0.0019613740781508735
<187,2532,769,op2> 0.0037500114101909894
<188,2518,823,op5> 0.002459813462014924
<189,2523,788,op5> 0.0010351759862461207
<190,2519,823,op5> 0.002443051530416867
<191,2458,777,op4> 0.007025861776040454
<192,2392,764,op1> 3.3216140427331077E-4
<193,2385,829,op2> 7.13619891557738E-4
<194,2479,787,op8> 0.0017316625703487232
<195,2446,772,op1> 0.003175094861266579
<196,2380,792,op2> 2.088819341611561E-4
<197,2430,767,op1> 4.257249261658524E-4
<198,2385,827,op2> 1.4218482615123277E-4
<199,2386,826,op2> 1.4068596280980832E-4
<200,2403,766,op8> 9.356497004333086E-4
<201,2386,827,op2> 1.4295967534006787E-4
<202,2506,852,op6> 0.0027548191855896833
<203,2506,778,op6> 0.0017521975805002727
<204,2422,833,op4> 7.006887254806506E-4
<205,2504,778,op6> 0.001803827711785732
<206,2425,853,op4> 9.557098963599357E-4
<207,2394,765,op6> 8.050225458692671E-4
<208,2445,837,op1> 0.004177411244684185
<209,2427,821,op4> 7.91267079456793E-4
<210,2408,845,op5> 7.797936756360072E-4
<211,2422,832,op4> 5.040041709597663E-4
<212,2411,768,op5> 0.0018451319189724084
<213,2423,830,op2> 7.092763960202343E-4
<214,2390,789,op1> 1.517257539227355E-4
<215,2391,789,op1> 1.5114775105064886E-4
<216,2461,783,op2> 0.0017774965443213095
<217,2393,764,op1> 3.3088631251026546E-4
<218,2394,791,op6> 0.0013570380058939076
<219,2386,829,op2> 7.175088282964724E-4
<220,2390,765,op6> 8.17479374432041E-4
<221,2387,827,op2> 2.0494761044687236E-4
<222,2547,768,op8> 0.0018606940677284582
<223,2421,832,op4> 5.00019948264432E-4
<224,2536,811,op4> 0.003625859444712715
<225,2447,804,op1> 0.0012150077120459556
<226,2505,852,op6> 0.0027751125129236768
<227,2540,772,op5> 0.004291507231414926
<228,2565,827,op2> 1.6000635749443908E-4
<229,2567,773,op5> 0.0026368761126098705
<230,2421,833,op4> 6.951496841725031E-4
<231,2422,830,op2> 7.037134438945855E-4
<232,2546,799,op4> 0.0022961547391717996
<233,2419,766,op4> 0.0019909938217891002
<234,2569,770,op2> 0.0015175135944163378
<235,2548,775,op4> 0.0027074878106511085
<236,2478,787,op8> 0.0017421257882964496
<237,2528,791,op6> 0.00161427151571519
<238,2515,788,op5> 0.0010053629178422324
<239,2390,764,op1> 3.3471158779940145E-4
<240,2383,827,op2> 1.4450937371773796E-4
<241,2383,826,op2> 1.4221101389717751E-4
<242,2393,781,op8> 3.0667473622497643E-4
<243,2383,829,op2> 7.252867017739408E-4
<244,2432,767,op8> 0.0022043090621476353
<245,2420,833,op4> 6.896106428643556E-4
<246,2458,781,op8> 5.714269094285012E-4
<247,2420,832,op4> 4.96035725569098E-4
<248,2438,811,op4> 0.0012423487399713334
<249,2461,775,op4> 0.0015307929070280913
<250,2559,845,op5> 6.24112941819193E-4
<251,2421,830,op2> 6.981504917689366E-4
<252,2543,786,op7> 0.002791915331063283
<253,2455,775,op4> 0.00143273499839284
<254,2560,770,op2> 0.0015528868716754597
<255,2410,770,op2> 0.002083486030562291
<256,2540,767,op8> 0.005988530628066323
<257,2410,768,op5> 0.0018326858352019366
<258,2428,778,op4> 5.73343266578719E-4
<259,2485,787,op8> 0.001794441878035082
<260,2391,764,op1> 3.334364960363561E-4
<261,2431,839,op5> 0.0021671057048163896
<262,2514,788,op5> 0.0010119880441542075
<263,2384,827,op2> 1.4605907209540807E-4
<264,2384,826,op2> 1.4373606498454674E-4
<265,2473,794,op8> 0.0020585216979407215
<266,2384,829,op2> 7.330645752514095E-4
<267,2459,781,op8> 5.631152452913594E-4
<268,2381,766,op2> 6.67607461396369E-4
<269,2412,768,op5> 0.0018389088770871724
<270,2507,852,op6> 0.002734525858255689
<271,2401,824,op1> 3.372559622514008E-4
<272,2469,794,op8> 0.001976793789337616
<273,2385,826,op2> 1.399234372661237E-4
<274,2401,826,op1> 0.002293186263871132
<275,2565,792,op2> 2.3635133920152731E-4
<276,2502,852,op6> 0.002876579149593647
<277,2420,830,op2> 6.925875396432878E-4
<278,2423,840,op7> 0.0010595894722640472
<279,2381,829,op2> 6.902862711253325E-4
<280,2431,772,op5> 0.0015660950560139777
<281,2418,766,op4> 0.001958300983992892
<282,2459,783,op2> 0.0017142404395411918
<283,2381,827,op2> 1.3753573101822245E-4
<284,2578,832,op4> 7.390733099844792E-4
<285,2578,833,op4> 0.001027492162661349
<286,2452,783,op2> 0.0019546136377056396
<287,2381,826,op2> 1.3534828400401614E-4
<288,2430,767,op8> 0.0024692045717619434
<289,2517,788,op5> 9.523619073464308E-4
<290,2546,766,op4> 0.0016117569033530814
<291,2545,775,op4> 0.0026748018411060243
<292,2572,766,op2> 7.240249933453578E-4
<293,2442,844,op4> 7.079152296058897E-4
<294,2431,780,op4> 5.923680176139631E-4
<295,2427,820,op4> 7.672437905169284E-4
<296,2475,768,op8> 0.0012742935130503992
<297,2542,791,op6> 0.001315040698167984
<298,2537,853,op4> 0.0025288949109441923
<299,2434,771,op1> 2.0545224138041922E-4
<300,2431,767,op8> 0.002185387954318042
<301,2456,783,op2> 0.0016762867766731211
<302,2456,781,op8> 5.506477490856466E-4
<303,2459,775,op4> 0.0014763162911196183
<304,2498,852,op6> 0.0022474860022398332
<305,2509,852,op6> 0.002805552503924668
<306,2382,829,op2> 6.98064144602801E-4
<307,2430,772,op5> 0.0017694840243274816
<308,2418,799,op4> 0.0027898512956671564
<309,2382,826,op2> 1.3687333509138533E-4
<310,2382,827,op2> 1.3908542939589257E-4
<311,2532,840,op7> 0.0027133800995624425
<312,2422,840,op7> 0.001051278966599231
<313,2402,765,op1> 0.0010152453260215285
<314,2516,788,op5> 9.589870336584059E-4
<315,2426,821,op4> 7.848600585705031E-4
<316,2445,772,op1> 0.003153421858800596
<317,2412,770,op2> 0.0020905606860141153
<318,2546,769,op2> 0.002831172473543886
<319,2544,775,op4> 0.002751069103377886
<320,2430,780,op4> 6.692989289924E-4
<321,2426,820,op4> 7.61031290188856E-4
<322,2433,771,op1> 2.0365789866093957E-4
<323,2499,852,op6> 0.0022373393385728365
<324,2457,781,op8> 5.672710773599303E-4
<325,2472,768,op8> 0.0015073501437557816
<326,2432,767,op1> 3.8005328657717853E-4
<327,2519,788,op5> 9.656121599703815E-4
<328,2421,840,op7> 0.0010429684609344152
<329,2536,844,op4> 0.0016021239406870137
<330,2424,832,op4> 4.800988347877614E-4
<331,2535,853,op4> 0.0025131630607983495
<332,2398,833,op8> 7.428069622180959E-4
<333,2424,833,op4> 6.674544776317659E-4
<334,2415,845,op5> 8.131538328824674E-4
<335,2425,820,op4> 7.548187898607839E-4
<336,2425,821,op4> 7.784530376842134E-4
<337,2457,784,op2> 0.00476530764039765
<338,2454,781,op8> 5.589594132227885E-4
<339,2457,776,op4> 0.004071049386960793
<340,2578,830,op2> 0.0010319276193078704
<341,2380,826,op2> 1.3916091172243913E-4
<342,2542,789,op1> 1.4478971945769618E-4
<343,2380,827,op2> 1.4140997696239775E-4
<344,2470,786,op7> 0.002259064691337487
<345,2380,829,op2> 7.097309548190038E-4
<346,2431,767,op1> 3.76791026606559E-4
<347,2420,840,op7> 0.0010346579552695991
<348,2518,788,op5> 9.722372862823565E-4
<349,2537,821,op4> 0.0020598572149421778
<350,2522,823,op5> 0.0026274327779954986
<351,2498,778,op6> 0.0014295092599661524
<352,2537,820,op4> 0.0019973188554752424
<353,2541,792,op2> 2.855673565655258E-4
<354,2497,778,op6> 0.001435963026376835
<355,2424,830,op2> 6.70335731140692E-4
<356,2423,832,op4> 5.079883936551003E-4
<357,2541,795,op2> 0.0014325221889731204
<358,2423,833,op4> 7.062277667887978E-4
<359,2497,852,op6> 0.002257632665906831
<360,2542,765,op6> 7.801088887437192E-4
<361,2455,781,op8> 5.464919170170756E-4
<362,2455,783,op2> 0.0016636355557170977
<363,2395,782,op8> 5.961510013056798E-4
<364,2493,787,op8> 0.002516403916428205
<365,2434,771,op8> 0.0011916230000064314
<366,2458,817,op4> 0.01372943631464786
<367,2538,801,op4> 0.0012045737907614687
<368,2436,778,op4> 5.019542217128862E-4
<369,2538,802,op4> 9.018536758057072E-4
<370,2395,791,op6> 0.0013517883424281672
<371,2417,777,op7> 0.00738141359231574
<372,2469,786,op7> 0.002148054141394613
<373,2428,853,op4> 0.001010771371870385
<374,2536,767,op8> 0.006102057275043884
<375,2538,800,op4> 0.001103667085776215
<376,2452,781,op8> 6.420760545942069E-4
<377,2473,768,op8> 0.0015148680995849876
<378,2471,794,op8> 0.002038089720789945
<379,2408,833,op8> 8.219224966555264E-4
<380,2398,789,op1> 1.4652372807395602E-4
<381,2533,845,op5> 9.048942653102329E-4
<382,2382,795,op2> 0.00103061215599469
<383,2447,802,op4> 4.176559409147309E-4
<384,2417,766,op4> 0.001971378119111375
<385,2372,766,op2> 7.95487200480744E-4
<386,2435,773,op5> 0.0013967301024038034
<387,2372,764,op2> 1.4302899584403916E-4
<388,2466,794,op8> 0.002027873732214557
<389,2453,781,op8> 5.548035811542174E-4
<390,2398,766,op8> 8.768473163025646E-4
<391,2473,786,op7> 0.0022368625813489118
<392,2456,775,op4> 0.0014436303215745346
<393,2399,790,op1> 0.0015816946952201768
<394,2407,845,op5> 7.853537018437506E-4
<395,2396,782,op8> 5.938358517860461E-4
<396,2396,765,op6> 7.9879413158788E-4
<397,2370,779,op4> 3.9837279743237504E-4
<398,2437,771,op1> 1.96480527783021E-4
<399,2536,810,op4> 0.004871235139497762
<400,2535,820,op4> 0.001984893854819098
<401,2435,778,op4> 4.974924064087716E-4
<402,2396,791,op6> 0.0013465386789624269
<403,2535,821,op4> 0.002047043173169598
<404,2433,771,op8> 0.0011812158122334493
<405,2466,768,op8> 0.00149231423209737
<406,2427,853,op4> 9.714417465057783E-4
<407,2474,768,op8> 0.0015223860554141936
<408,2370,792,op2> 2.3749589774487608E-4
<409,2407,833,op8> 8.277829066138545E-4
<410,2472,794,op8> 0.0020483057093653332
<411,2472,793,op8> 0.0020708455245990647
<412,2416,766,op4> 0.0018994538759597166
<413,2417,769,op2> 0.003462874242488769
<414,2562,769,op2> 0.0024980933590093117
<415,2434,773,op5> 0.00143431028453126
<416,2373,766,op2> 8.030095380739423E-4
<417,2370,795,op2> 0.0011913761691860621
<418,2373,764,op2> 1.4438151589930191E-4
<419,2442,839,op5> 0.0026737018436046363
<420,2464,783,op2> 0.0024859649178586283
<421,2470,793,op8> 0.002101830744418502
<422,2434,778,op4> 5.108778523211152E-4
<423,2467,768,op8> 0.0014847962762681642
<424,2393,791,op6> 0.0013622876693596482
<425,2541,766,op2> 9.384116147515157E-4
<426,2531,833,op8> 9.479213107595821E-4
<427,2437,773,op5> 0.0013716766476521657
<428,2406,845,op5> 7.909137280514938E-4
<429,2453,784,op2> 0.004660575604344954
<430,2436,771,op1> 2.0186355594145988E-4
<431,2429,821,op4> 8.297092047745318E-4
<432,2480,787,op8> 0.0018258315318782608
<433,2453,776,op4> 0.003981575774060556
<434,2429,820,op4> 8.045187924853621E-4
<435,2414,768,op5> 0.0017829015001200503
<436,2426,853,op4> 9.63575821432857E-4
<437,2451,817,op4> 0.01552674434129267
<438,2387,795,op2> 0.0015186457674684986
<439,2415,770,op2> 0.002069336719658642
<440,2450,781,op8> 6.379202225256359E-4
<441,2541,764,op2> 1.68726876894032E-4
<442,2435,771,op8> 0.0011604014366874856
<443,2471,768,op8> 0.0014998321879265755
<444,2396,789,op1> 1.4825773669021583E-4
<445,2440,767,op8> 0.002261072385636416
<446,2444,772,op1> 0.003131748856334613
<447,2448,837,op1> 0.0042635434352962295
<448,2406,833,op8> 8.336433165721827E-4
<449,2398,764,op1> 3.232357619319934E-4
<450,2433,773,op5> 0.001421783557155441
<451,2370,764,op2> 1.4032395573351355E-4
<452,2555,829,op2> 8.886220448007801E-4
<453,2370,766,op2> 7.804425252943467E-4
<454,2394,781,op8> 3.0549294533393595E-4
<455,2534,826,op2> 2.443894367509136E-4
<456,2433,778,op4> 5.064160370170007E-4
<457,2540,839,op5> 0.005938432515795562
<458,2555,795,op2> 0.0013119491790795914
<459,2534,827,op2> 2.4833916502163544E-4
<460,2471,786,op7> 0.0022146604713603373
<461,2405,845,op5> 7.408734921818037E-4
<462,2435,771,op1> 2.0006921322198026E-4
<463,2397,765,op6> 7.956799244471865E-4
<464,2454,785,op2> 0.008902941041727607
<465,2428,821,op4> 8.233021838882422E-4
<466,2529,790,op1> 0.0019048700356973835
<467,2432,780,op4> 5.974967450391922E-4
<468,2428,820,op4> 7.983062921572899E-4
<469,2413,768,op5> 0.001795347583890522
<470,2451,781,op8> 6.462318866627777E-4
<471,2579,775,op4> 0.0020428730965677375
<472,2414,770,op2> 0.002026888786947696
<473,2540,767,op1> 0.0010325052807010902
<474,2397,789,op1> 1.4767973381812918E-4
<475,2371,764,op2> 1.4167647578877638E-4
<476,2405,833,op8> 7.808996269472291E-4
<477,2415,774,op1> 0.002678925887963635
<478,2399,765,op1> 9.481832494402903E-4
<479,2371,766,op2> 7.879648628875453E-4
<480,2432,772,op5> 0.0015796543205682115
<481,2532,830,op2> 0.0018163038690243649
<482,2419,777,op7> 0.007454860493731818
<483,2421,769,op2> 0.0014414285818651427
<484,2482,787,op8> 0.0018049050959828084
<485,2448,800,op4> 5.14582612991422E-4
<486,2391,782,op8> 6.054115993842145E-4
<487,2450,784,op2> 0.005358789178029592
<488,2448,801,op4> 5.616301661792092E-4
<489,2448,802,op4> 4.2048750661584773E-4
<490,2404,845,op5> 7.464335183895471E-4
<491,2413,774,op1> 0.002642291004025671
<492,2374,779,op4> 4.137317486586836E-4
<493,2439,820,op4> 7.299687885484946E-4
<494,2414,774,op1> 0.002623973562056689
<495,2474,786,op7> 0.0022479636363432
<496,2476,781,op8> 7.002577035541997E-4
<497,2396,764,op1> 3.270610372211294E-4
<498,2565,779,op4> 3.9645292852908656E-4
<499,2393,765,op6> 8.081367530099606E-4
<500,2404,833,op8> 7.867600369055574E-4
<501,2376,766,op2> 6.036675918541816E-4
<502,2394,789,op1> 1.4941374243438902E-4
<503,2373,792,op2> 2.443632490049689E-4
<504,2476,787,op8> 0.0017630522241919027
<505,2376,764,op2> 1.0853973443483822E-4
<506,2373,795,op2> 0.0012258256005842133
<507,2418,830,op2> 0.0016661041616318447
<508,2475,793,op8> 0.001750664919798212
<509,2437,771,op8> 0.0011395870611415218
<510,2439,778,op4> 5.242632982334588E-4
<511,2403,845,op5> 7.519935445972904E-4
<512,2452,775,op4> 0.0016833274315718157
<513,2392,782,op8> 6.030964498645809E-4
<514,2417,833,op4> 0.0016700209544064514
<515,2468,793,op8> 0.00200887508496019
<516,2439,773,op5> 0.0014718904666587162
<517,2395,765,op6> 8.019083387285736E-4
<518,2392,791,op6> 0.0013675373328253884
<519,2438,767,op8> 0.0020907824151700748
<520,2397,764,op1> 3.2578594545808404E-4
<521,2477,781,op8> 6.961018714856287E-4
<522,2375,779,op4> 4.156516175619721E-4
<523,2428,773,op5> 0.0016096844677927242
<524,2403,833,op8> 7.926204468638855E-4
<525,2564,779,op4> 3.9453305962579803E-4
<526,2374,795,op2> 0.0012373087443835974
<527,2377,766,op2> 5.999064230575822E-4
<528,2377,764,op2> 1.0786347440720683E-4
<529,2438,780,op4> 5.667243804878176E-4
<530,2477,787,op8> 0.0017525890062441763
<531,2395,789,op1> 1.4883573956230245E-4
<532,2374,792,op2> 2.4665236609166657E-4
<533,2533,774,op1> 0.00298116368045184
<534,2446,801,op4> 5.540661235370648E-4
<535,2559,768,op5> 0.001397072903235432
<536,2446,802,op4> 4.1482437521361403E-4
<537,2436,771,op8> 0.0011708086244604672
<538,2371,779,op4> 4.0221253523895227E-4
<539,2411,774,op1> 0.0027155607719015996
<540,2388,827,op2> 2.057224596357074E-4
<541,2388,826,op2> 2.0245053184826076E-4
<542,2388,829,op2> 0.0010325127041339482
<543,2446,800,op4> 5.07652207429248E-4
<544,2438,772,op5> 0.0014982987332428101
<545,2374,764,op2> 1.4573403595456472E-4
<546,2387,829,op2> 0.0010286237673952138
<547,2391,765,op6> 8.143651672913474E-4
<548,2402,833,op8> 7.984808568222135E-4
<549,2390,781,op8> 3.102201088980975E-4
<550,2374,766,op2> 8.10531875667141E-4
<551,2401,842,op8> 0.0011064439712341497
<552,2444,837,op1> 0.00414870051448017
<553,2394,764,op1> 3.2961122074722004E-4
<554,2473,793,op8> 0.0020811739312055436
<555,2392,789,op1> 1.505697481785623E-4
<556,2565,764,op2> 1.3964769570588219E-4
<557,2371,792,op2> 2.3978501483157372E-4
<558,2492,787,op8> 0.0025059406984804787
<559,2429,853,op4> 0.0010186372969433059
<560,2437,778,op4> 4.885687758005426E-4
<561,2389,826,op2> 2.0092548076089154E-4
<562,2475,786,op7> 0.0018816288215317153
<563,2410,774,op1> 0.0026972433299326175
<564,2372,779,op4> 4.060522730455294E-4
<565,2439,771,op1> 2.108352695388581E-4
<566,2440,780,op4> 6.128829273148795E-4
<567,2447,800,op4> 5.111174102103349E-4
<568,2388,795,op2> 0.0015243873393681908
<569,2448,771,op4> 9.14486815087613E-4
<570,2447,801,op4> 5.57848144858137E-4
<571,2563,774,op1> 0.0018729584413284216
<572,2389,829,op2> 0.0010247348306564796
<573,2390,791,op6> 0.0013780366597568694
<574,2389,827,op2> 2.0417276125803726E-4
<575,2436,773,op5> 0.001409256829779622
<576,2372,795,op2> 0.0012143424567848298
<577,2392,765,op6> 8.11250960150654E-4
<578,2375,766,op2> 8.142930444637401E-4
<579,2373,779,op4> 4.0989201085210646E-4
<580,2474,794,op8> 0.0020687376865161098
<581,2395,764,op1> 3.283361289841748E-4
<582,2448,804,op1> 0.0012232450524666063
<583,2503,852,op6> 0.0028562858222596524
<584,2375,764,op2> 1.464102959821961E-4
<585,2393,789,op1> 1.4999174530647567E-4
<586,2419,799,op4> 0.002836426442506341
<587,2488,787,op8> 0.0024745510446372992
<588,2536,780,op4> 0.0016540145946363903
<589,2439,771,op8> 0.0012228445633253769
<590,2401,764,op1> 3.5001268895594554E-4
<591,2400,790,op1> 0.001712207813489818
<592,2460,784,op2> 0.00493986103381881
<593,2400,765,op1> 0.0010264223387850685
<594,2541,826,op2> 1.902501231493072E-4
<595,2541,827,op2> 1.9332487261434648E-4
<596,2419,769,op2> 0.0034973307026130353
<597,2403,768,op5> 0.001683332829956278
<598,2409,845,op5> 7.742336494282637E-4
<599,2444,771,op4> 8.898541736037716E-4
<600,2389,779,op4> 5.058854560165343E-4

