<0,580,173,op6> 5.455645069398835E-4
<1,581,173,op6> 5.501490826284539E-4
<2,575,220,op8> 4.09477384871624E-4
<3,582,174,op4> 8.737850467768498E-4
<4,636,172,op6> 0.0012738239913500898
<5,738,189,op3> 7.620979574164311E-5
<6,719,174,op4> 7.238888672042521E-4
<7,677,254,op7> 0.0019870050337318767
<8,716,180,op8> 8.011830155143642E-4
<9,623,192,op6> 2.2230852848223643E-4
<10,619,184,op6> 0.0030201429175203682
<11,670,254,op7> 0.0020439800884625393
<12,736,189,op7> 1.647016271045081E-4
<13,574,220,op8> 4.058213367924131E-4
<14,581,174,op4> 8.774410511566693E-4
<15,762,184,op6> 0.004759856579686479
<16,575,217,op8> 2.8937442407067816E-4
<17,575,218,op8> 2.943816239104015E-4
<18,749,220,op1> 3.872838869837507E-5
<19,718,181,op1> 0.0012382901087518714
<20,669,254,op7> 0.002400074180529184
<21,559,180,op8> 0.0010126627962592726
<22,610,184,op6> 0.0027835418594657772
<23,575,219,op8> 3.2977872979991676E-4
<24,567,219,op8> 3.857233357481169E-4
<25,737,189,op3> 7.342163248280251E-5
<26,759,219,op8> 5.41779341814149E-4
<27,607,187,op7> 0.01960713872980208
<28,657,182,op6> 0.002317628558616825
<29,674,189,op3> 1.3104367316550827E-4
<30,735,189,op7> 1.5955470125749227E-4
<31,551,170,op5> 3.549176521182794E-4
<32,752,174,op4> 0.0013051935635955455
<33,573,220,op8> 4.1678948103004586E-4
<34,580,174,op4> 8.701290423970303E-4
<35,550,181,op1> 0.0015929762203039147
<36,574,218,op8> 2.9175321655405866E-4
<37,761,184,op6> 0.0047459388703891495
<38,557,181,op1> 0.0015618634035011042
<39,574,219,op8> 3.268342768552747E-4
<40,758,175,op5> 0.002521336933128228
<41,744,179,op8> 5.582099756688654E-4
<42,595,224,op2> 0.0011613117370681406
<43,667,189,op7> 3.6337296479932105E-4
<44,612,184,op6> 0.002825294987357764
<45,739,182,op6> 0.0010487592918880606
<46,574,217,op8> 2.8679072385576145E-4
<47,738,189,op7> 1.6881916778212084E-4
<48,679,254,op7> 0.0020368582066212066
<49,572,220,op8> 4.1313343295083495E-4
<50,573,217,op8> 2.9454182450051175E-4
<51,573,218,op8> 2.996384386230873E-4
<52,573,219,op8> 3.35667635689201E-4
<53,679,189,op7> 2.944041584493083E-4
<54,737,189,op7> 1.626428567657018E-4
<55,564,217,op8> 3.449239786913887E-4
<56,717,182,op8> 4.5485069771493175E-4
<57,739,189,op3> 7.528040798869625E-5
<58,568,218,op8> 3.456355673590875E-4
<59,621,189,op7> 1.8837748600078117E-4
<60,718,178,op8> 5.840813870578568E-4
<61,669,186,op7> 0.00229661341657283
<62,669,189,op7> 3.4690280208887026E-4
<63,585,173,op6> 5.570259461613096E-4
<64,656,182,op6> 0.0023888406093005824
<65,586,173,op6> 5.59318234005595E-4
<66,611,169,op6> 5.868856602229407E-4
<67,711,190,op7> 3.225065589040221E-4
<68,598,175,op5> 0.0020460029211450373
<69,587,174,op4> 8.957210730557666E-4
<70,716,181,op1> 0.0012258449820307467
<71,645,172,op6> 0.0012233370648636534
<72,714,179,op8> 7.822534352910632E-4
<73,628,189,op7> 1.997007228642161E-4
<74,710,190,op7> 3.2556349311164317E-4
<75,714,183,op1> 1.1970084032372683E-4
<76,601,175,op5> 8.680012392736521E-4
<77,584,173,op6> 5.547336583170244E-4
<78,618,184,op6> 0.002978389789628382
<79,600,188,op8> 0.0014747767249223762
<80,615,189,op7> 2.1822965591347332E-4
<81,586,174,op4> 8.920650686759472E-4
<82,702,190,op7> 3.500189667726117E-4
<83,668,189,op7> 3.448440317500639E-4
<84,593,174,op4> 0.0011187373402247534
<85,686,189,op7> 2.769046105694543E-4
<86,739,189,op7> 1.6676039744331452E-4
<87,609,169,op6> 3.9793710619994517E-4
<88,629,189,op7> 1.9867133769481293E-4
<89,583,173,op6> 5.524413704727392E-4
<90,608,182,op8> 3.272140223357417E-4
<91,713,190,op7> 3.072218878659168E-4
<92,655,172,op6> 0.0014252847708093994
<93,669,189,op3> 1.5660183637154713E-4
<94,584,174,op4> 8.847530599163082E-4
<95,536,179,op8> 5.544126288956079E-4
<96,715,179,op8> 7.74658741744548E-4
<97,714,183,op8> 7.684021685297303E-4
<98,659,182,op6> 0.0022982070902485274
<99,585,174,op4> 8.884090642961276E-4
<100,668,182,op6> 0.002168730634459878
<101,597,175,op5> 0.0020115584275230665
<102,628,189,op3> 9.015061203584613E-5
<103,571,182,op8> 5.082260346916838E-4
<104,594,175,op5> 0.001997780630074279
<105,574,182,op8> 5.151880351669124E-4
<106,549,181,op1> 0.0010578357712955685
<107,678,186,op7> 0.0018945356967574086
<108,626,189,op7> 1.9455379701720024E-4
<109,583,174,op4> 8.810970555364887E-4
<110,572,182,op8> 5.244707024672172E-4
<111,712,190,op7> 3.087503549697274E-4
<112,670,186,op7> 0.0019558695862207775
<113,582,173,op6> 5.478567947841688E-4
<114,637,189,op7> 3.324914097172258E-4
<115,599,175,op5> 0.0020391140224206433
<116,668,189,op3> 1.5567244861860026E-4
<117,565,172,op8> 3.7656452663693216E-4
<118,671,254,op7> 0.002029736324779874
<119,599,224,op2> 0.0011935703964311448
<120,608,185,op2> 0.022094552402062748
<121,617,229,op6> 0.001544835843463161
<122,666,189,op7> 3.6234357962991795E-4
<123,717,182,op1> 7.085613884001449E-5
<124,629,189,op3> 8.968591815937269E-5
<125,565,178,op8> 7.631214102263453E-4
<126,667,182,op6> 0.0022852594446696626
<127,623,184,op6> 0.0024912699642218707
<128,676,254,op7> 0.001994126915573209
<129,627,189,op7> 1.924950266783939E-4
<130,727,213,op3> 1.3805880295069949E-4
<131,770,189,op7> 3.294032542090163E-4
<132,626,189,op3> 8.782714265347895E-5
<133,644,189,op7> 3.232269431925972E-4
<134,772,189,op3> 1.477726527185519E-4
<135,644,197,op6> 1.6546924696672578E-4
<136,533,213,op3> 1.0529908699629624E-4
<137,646,172,op6> 0.001196151796755572
<138,556,170,op5> 3.4525063435630296E-4
<139,601,188,op8> 0.0014404795917846466
<140,628,175,op2> 0.0011119480155735053
<141,748,178,op8> 3.6688529337805065E-4
<142,621,184,op6> 0.0025469408014111863
<143,646,189,op3> 1.4312571395381753E-4
<144,730,189,op3> 7.992734675343058E-5
<145,624,189,op7> 1.9764195252540976E-4
<146,543,180,op8> 6.710416119790361E-4
<147,625,189,op7> 1.9661256735600658E-4
<148,629,175,op2> 0.0011062163247715802
<149,627,189,op3> 8.689775490053208E-5
<150,645,189,op7> 3.242563283620004E-4
<151,611,184,op6> 0.002853130405952422
<152,748,220,op1> 3.559594549483002E-5
<153,645,197,op6> 1.6599621909082368E-4
<154,620,184,op6> 0.002574776220005844
<155,589,173,op6> 5.661950975384504E-4
<156,771,189,op3> 1.4963142822444563E-4
<157,647,172,op6> 0.001200035406485298
<158,623,189,op3> 8.31802038887446E-5
<159,749,219,op1> 3.119048646887224E-5
<160,539,183,op8> 5.222150659910786E-4
<161,647,189,op3> 1.4359040783029097E-4
<162,653,172,op6> 0.001440819209728303
<163,598,177,op2> 0.00205742415764552
<164,665,189,op3> 1.6264285676570177E-4
<165,755,224,op2> 0.001435510341653674
<166,732,189,op3> 8.085673450637743E-5
<167,630,239,op2> 0.0011008103407624489
<168,579,173,op6> 5.318107798741722E-4
<169,558,180,op8> 0.0010085958773987935
<170,538,179,op8> 5.392232418025774E-4
<171,624,189,op3> 8.922122428289925E-5
<172,642,189,op7> 3.211681728537909E-4
<173,630,175,op2> 0.0019086530370411203
<174,618,192,op6> 2.657766765094894E-4
<175,623,229,op6> 0.001286165655720492
<176,644,172,op6> 0.0012194534551339272
<177,615,169,op6> 6.069256583768948E-4
<178,602,175,op5> 0.001060890403556686
<179,748,219,op1> 2.8667726533889923E-5
<180,612,229,op6> 0.0014586124475489378
<181,618,229,op6> 0.0015376505604703086
<182,589,174,op4> 9.030330818154054E-4
<183,730,184,op6> 0.002393845999140569
<184,770,189,op3> 1.4870204047149875E-4
<185,568,171,op1> 6.241160527780411E-4
<186,588,173,op6> 5.639028096941654E-4
<187,732,169,op6> 4.981370969697155E-4
<188,622,191,op6> 1.7589497724381444E-4
<189,594,177,op2> 0.002008932679182494
<190,571,219,op1> 5.022585688737516E-5
<191,641,197,op6> 1.670501633390194E-4
<192,622,192,op6> 2.2479242265522232E-4
<193,680,176,op8> 8.938056468798693E-4
<194,622,189,op7> 1.8631871566197482E-4
<195,538,183,op8> 5.296752812195227E-4
<196,663,182,op6> 0.002239942685143635
<197,730,189,op7> 1.7705424913734625E-4
<198,626,175,op2> 0.001083289561563879
<199,644,189,op3> 1.4591387721265813E-4
<200,564,171,op1> 6.336083121358819E-4
<201,539,179,op8> 5.316285482560623E-4
<202,546,181,op1> 0.0010329455178533196
<203,625,189,op3> 8.875653040642581E-5
<204,621,192,op6> 2.2727631682820822E-4
<205,529,183,op8> 7.795924913723962E-4
<206,643,189,op7> 3.2219755802319404E-4
<207,731,189,op3> 7.946265287695713E-5
<208,552,181,op1> 0.0015805310935827902
<209,557,180,op8> 0.001020796633980231
<210,537,179,op8> 5.468179353490927E-4
<211,731,169,op6> 4.895485263323066E-4
<212,619,229,op6> 0.0015592064094488646
<213,587,173,op6> 5.616105218498801E-4
<214,750,182,op1> 1.305054393941083E-4
<215,613,184,op6> 0.0028948835338444084
<216,643,197,op6> 1.6494227484262797E-4
<217,575,182,op8> 5.198293688170648E-4
<218,652,172,op6> 0.0014136339416202218
<219,588,174,op4> 8.99377077435586E-4
<220,672,186,op7> 0.0019354249563996548
<221,642,197,op6> 1.644153027185301E-4
<222,611,229,op6> 0.0014729830135346417
<223,563,172,op8> 3.8525447725163065E-4
<224,763,229,op6> 0.0023998845196125376
<225,623,189,op7> 1.8425994532316847E-4
<226,537,183,op8> 5.371354964479667E-4
<227,627,175,op2> 0.0010718261799600283
<228,653,189,op7> 3.819018978485783E-4
<229,645,189,op3> 1.463785710891316E-4
<230,760,171,op1> 8.06842045416479E-4
<231,559,170,op5> 3.438696318188777E-4
<232,623,191,op6> 1.73951386335043E-4
<233,682,206,op8> 4.8486349805026215E-4
<234,648,197,op6> 1.633613584703344E-4
<235,753,237,op6> 0.008271253953651086
<236,672,254,op7> 0.002022614442938541
<237,596,224,op2> 0.0011855057315903936
<238,616,229,op6> 0.0015089094284989012
<239,622,169,op6> 5.181770951236696E-4
<240,631,175,op2> 0.0018971896554372696
<241,622,189,op3> 8.410959164169148E-5
<242,539,183,op1> 8.13500856569017E-5
<243,554,181,op1> 0.0015680859668616661
<244,686,206,op8> 4.7775927097260266E-4
<245,734,189,op3> 7.295693860632906E-5
<246,532,213,op3> 1.0685907347031543E-4
<247,732,189,op7> 1.7911301947615257E-4
<248,648,189,op7> 3.1910940251498454E-4
<249,620,189,op7> 1.9043625633958751E-4
<250,763,169,op6> 9.561941976315227E-4
<251,698,190,op7> 4.570116640393489E-4
<252,536,183,op8> 5.445957116764107E-4
<253,732,191,op6> 1.690924090631144E-4
<254,732,192,op6> 2.1609879304977173E-4
<255,620,192,op6> 2.297602110011941E-4
<256,620,191,op6> 1.7978215906135731E-4
<257,624,175,op2> 0.0011004846339696549
<258,539,169,op3> 6.703047270906327E-5
<259,726,175,op5> 0.0012262239729421435
<260,773,189,op7> 3.283738690396131E-4
<261,640,172,op6> 0.0012272206745933792
<262,649,197,op6> 1.6388833059443226E-4
<263,623,169,op6> 5.12451381365397E-4
<264,733,189,op3> 8.039204062990402E-5
<265,756,176,op2> 0.001208902822472256
<266,535,179,op8> 5.050471208432592E-4
<267,538,183,op1> 8.25122297377146E-5
<268,649,189,op7> 3.2013878768438774E-4
<269,614,169,op6> 5.926113739812132E-4
<270,625,175,op2> 0.0010947529431677295
<271,535,183,op8> 4.961043126915248E-4
<272,731,189,op7> 1.7602486396794305E-4
<273,740,189,op3> 6.412775495333383E-5
<274,622,184,op6> 0.0025191053828165287
<275,731,191,op6> 1.661770226999573E-4
<276,731,192,op6> 2.1237295179029293E-4
<277,673,186,op7> 0.0019286100797926138
<278,621,191,op6> 1.7783856815258586E-4
<279,681,206,op8> 4.919677251279217E-4
<280,772,189,op7> 3.2734448387020993E-4
<281,528,183,op8> 8.057032446719502E-4
<282,538,169,op3> 6.798805089062133E-5
<283,750,182,op8> 8.377607238525018E-4
<284,646,197,op6> 1.623074142221387E-4
<285,614,229,op6> 0.0014873535795203452
<286,765,189,op7> 3.4793218725827346E-4
<287,620,169,op6> 5.296285226402148E-4
<288,634,175,op2> 0.0018914579646353445
<289,537,183,op1> 8.367437381852748E-5
<290,646,189,op7> 3.1705063217617814E-4
<291,569,171,op1> 6.146237934202001E-4
<292,736,189,op3> 7.435102023574936E-5
<293,621,229,op6> 0.0013149067876918996
<294,556,181,op1> 0.0015556408401405418
<295,648,172,op6> 0.001203919016215024
<296,534,179,op8> 5.088444676165167E-4
<297,648,189,op3> 1.4405510170676443E-4
<298,671,186,op7> 0.0019422398330066956
<299,620,189,op3> 8.596836714758522E-5
<300,596,176,op2> 9.605876481266034E-4
<301,534,183,op8> 4.998344203057468E-4
<302,734,189,op7> 1.616134715962986E-4
<303,680,206,op8> 4.901916683585067E-4
<304,771,189,op7> 3.3146202454782263E-4
<305,622,229,op6> 0.0013005362217061956
<306,647,197,op6> 1.6283438634623654E-4
<307,615,229,op6> 0.0015232799944846051
<308,621,169,op6> 5.239028088819421E-4
<309,773,189,op3> 1.4823734659502531E-4
<310,537,169,op3> 6.894562907217937E-5
<311,735,189,op3> 7.202755085338222E-5
<312,649,172,op6> 0.0012078026259447498
<313,533,179,op8> 5.126418143897745E-4
<314,593,173,op6> 7.014400803512788E-4
<315,621,189,op3> 8.503897939463834E-5
<316,536,183,op1> 8.483651789934036E-5
<317,649,189,op3> 1.4451979558323787E-4
<318,533,183,op8> 5.035645279199689E-4
<319,733,189,op7> 1.7808363430674943E-4
<320,647,189,op7> 3.180800173455813E-4
<321,599,176,op2> 9.671222579778049E-4
<322,528,179,op8> 8.202269030236391E-4
<323,596,175,op5> 0.0020253362249718545
<324,634,239,op2> 0.0010908931304853097
<325,690,176,op8> 9.941968608410138E-4
<326,564,219,op8> 3.930844681097222E-4
<327,594,188,op8> 0.0033153895366472026
<328,655,197,op6> 1.9339876954391203E-4
<329,553,170,op5> 3.52155647043429E-4
<330,550,180,op8> 0.0010411312282826257
<331,530,183,op8> 4.8491398984885876E-4
<332,534,183,op1> 7.786365341446308E-5
<333,551,180,op8> 0.0010451981471431048
<334,531,179,op8> 4.8226304020371365E-4
<335,613,229,op6> 0.0014945388625131975
<336,568,182,op1> 9.507736997410108E-5
<337,535,169,op3> 6.367894907361012E-5
<338,554,170,op5> 3.480126394311533E-4
<339,614,184,op6> 0.0028809658245470796
<340,633,239,op2> 0.0010875873937262633
<341,532,183,op8> 5.110247431484128E-4
<342,555,181,op1> 0.001574308530222228
<343,531,183,op8> 4.737236670061929E-4
<344,552,180,op8> 0.0010329973905616676
<345,532,179,op8> 5.202365079362895E-4
<346,551,181,op1> 0.001599198783664477
<347,535,183,op1> 7.728258137405664E-5
<348,536,169,op3> 6.990320725373742E-5
<349,617,184,op6> 0.0029923074989257107
<350,632,239,op2> 0.0010975046040034024
<351,723,188,op8> 0.0021035574991140867
<352,606,224,op2> 5.846882009544459E-4
<353,533,169,op3> 6.463652725516816E-5
<354,674,186,op7> 0.0019217952031855725
<355,601,177,op2> 8.728466123344629E-4
<356,532,183,op1> 7.96068695356824E-5
<357,528,213,op3> 1.68478539194074E-4
<358,631,239,op2> 0.0010941988672443562
<359,552,170,op5> 3.5077464450600373E-4
<360,634,204,op2> 7.943876363556674E-4
<361,615,192,op6> 2.632927823365035E-4
<362,534,169,op3> 6.415773816438914E-5
<363,732,229,op6> 0.0012502392407562322
<364,600,177,op2> 8.936286745329023E-4
<365,553,181,op1> 0.0015867536569433526
<366,561,181,op1> 0.0016427567271884123
<367,573,178,op8> 6.691987751215645E-4
<368,759,182,op1> 1.330360157812517E-4
<369,533,183,op1> 7.844472545486953E-5
<370,610,229,op6> 0.001437056598570382
<371,544,170,op5> 2.2510341360030948E-4
<372,529,213,op3> 1.630185865350068E-4
<373,530,179,op8> 4.936550805234864E-4
<374,680,189,op7> 2.841103067552765E-4
<375,558,181,op1> 0.0015431957134194175
<376,690,206,op8> 5.452494282103679E-4
<377,603,176,op2> 4.966303486913052E-4
<378,643,189,op3> 1.4544918333618472E-4
<379,666,182,op6> 0.0022787856218802307
<380,749,220,op8> 2.486112693863432E-4
<381,557,170,op5> 3.4663163689372815E-4
<382,640,197,op6> 1.6652319121492152E-4
<383,531,169,op3> 6.080621452893597E-5
<384,673,254,op7> 0.002015492561097208
<385,682,189,op3> 1.2686142827724738E-4
<386,529,179,op8> 7.936454756108359E-4
<387,749,219,op8> 2.0022280023566374E-4
<388,658,182,op6> 0.00233057620419569
<389,600,175,op5> 8.886679354468344E-4
<390,530,183,op1> 7.553936525283729E-5
<391,643,172,op6> 0.0012155698454042016
<392,615,184,op6> 0.0029505543710337243
<393,555,180,op8> 0.0010289304717011885
<394,641,189,op7> 3.2631509870080673E-4
<395,681,189,op7> 2.851396919246797E-4
<396,642,172,op6> 0.0012116862356744756
<397,607,224,op2> 5.766235361136948E-4
<398,602,177,op2> 0.0010668125261865656
<399,575,178,op8> 6.574584457334667E-4
<400,631,189,op3> 1.538136731127065E-4
<401,559,181,op1> 0.0015494182767799797
<402,558,170,op5> 3.4248862928145247E-4
<403,566,220,op8> 4.7711427433702613E-4
<404,532,169,op3> 6.55941054367262E-5
<405,683,189,op3> 1.2639673440077395E-4
<406,549,180,op8> 6.913762062814311E-4
<407,674,254,op7> 0.0020083706792558753
<408,681,176,op8> 8.970440731366806E-4
<409,531,183,op1> 7.379614913161798E-5
<410,527,213,op3> 1.700385256680932E-4
<411,642,189,op3> 1.4498448945971128E-4
<412,635,189,op3> 1.5149020373033938E-4
<413,556,180,op8> 0.0010167297151197517
<414,693,190,op7> 4.508977956241067E-4
<415,638,197,op6> 1.7073896820770436E-4
<416,640,189,op7> 3.252857135314036E-4
<417,755,176,op2> 0.0011631605535138464
<418,680,189,op3> 1.2825550990666767E-4
<419,605,176,op2> 4.8356112898890243E-4
<420,555,170,op5> 3.493936419685785E-4
<421,569,220,op8> 4.734582262578152E-4
<422,598,188,op8> 0.0033954161806352386
<423,641,172,op6> 0.0012311042843231052
<424,603,175,op5> 0.0010471126061078976
<425,553,180,op8> 0.0010370643094221466
<426,641,189,op3> 1.4730795884207844E-4
<427,545,180,op8> 6.79175449699994E-4
<428,754,173,op6> 8.114698968769695E-4
<429,748,220,op8> 2.28503004950683E-4
<430,681,189,op3> 1.2872020378314113E-4
<431,723,177,op2> 0.0012746331481709615
<432,726,188,op8> 0.0020349632328386276
<433,530,169,op3> 6.224258180127304E-5
<434,604,176,op2> 4.900957388401038E-4
<435,554,180,op8> 0.0010248635528407096
<436,748,218,op8> 1.642754597714294E-4
<437,748,217,op8> 1.6148126343229808E-4
<438,684,189,op7> 2.830809215858734E-4
<439,640,189,op3> 1.4684326496560503E-4
<440,748,219,op8> 1.840283090401321E-4
<441,602,188,op8> 0.0017605861677367901
<442,665,182,op6> 0.0022658379763013654
<443,569,178,op8> 7.60186327879321E-4
<444,684,176,op8> 8.905672206230582E-4
<445,605,175,op5> 0.0010195570112103217
<446,542,213,op3> 1.240189246845267E-4
<447,664,189,op7> 3.5822603895230515E-4
<448,686,189,op3> 1.2500265277135363E-4
<449,607,176,op2> 4.6722460436089897E-4
<450,666,189,op3> 1.6357224451864864E-4
<451,685,176,op8> 8.87328794366247E-4
<452,631,204,op2> 7.967948716173512E-4
<453,665,189,op7> 3.6028480929111155E-4
<454,597,224,op2> 0.0011774410667496427
<455,604,175,op5> 0.0010333348086591096
<456,687,189,op3> 1.2453795889488022E-4
<457,614,189,op7> 2.130827300664574E-4
<458,678,254,op7> 0.001979883151890544
<459,685,189,op7> 2.820515364164701E-4
<460,606,176,op2> 4.7375921421210034E-4
<461,667,189,op3> 1.6403693839512205E-4
<462,607,189,op3> 6.645122433570101E-5
<463,682,176,op8> 8.84090368109436E-4
<464,540,213,op3> 1.2167894497349787E-4
<465,662,189,op7> 3.551378834440957E-4
<466,608,181,op1> 8.773814338392655E-4
<467,567,182,op8> 6.080147081699597E-4
<468,664,189,op3> 1.6171346901275486E-4
<469,684,189,op3> 1.2779081603019423E-4
<470,675,254,op7> 0.0020012487974145417
<471,682,189,op7> 2.8102215124706703E-4
<472,606,175,op5> 9.988903150371395E-4
<473,683,176,op8> 8.808519418526248E-4
<474,664,182,op6> 0.0022528903307225
<475,541,213,op3> 1.2557891115854588E-4
<476,663,189,op7> 3.5616726861349886E-4
<477,683,189,op7> 2.7999276607766383E-4
<478,685,189,op3> 1.273261221537208E-4
<479,608,182,op1> 5.0973038655316545E-5
<480,692,206,op8> 5.399212579021235E-4
<481,662,189,op3> 1.603193873833346E-4
<482,607,189,op7> 1.4720207922465416E-4
<483,660,189,op7> 3.5307911310528936E-4
<484,691,189,op7> 3.108743211597591E-4
<485,688,176,op8> 8.776135155958138E-4
<486,609,189,op3> 6.459244882980727E-5
<487,661,182,op6> 0.0022269950395647706
<488,660,182,op6> 0.002220521216775338
<489,612,189,op7> 2.0896518938884467E-4
<490,633,204,op2> 7.919804010939834E-4
<491,729,189,op3> 8.132142838285088E-5
<492,688,189,op7> 2.789633809082607E-4
<493,706,190,op7> 3.622467036030959E-4
<494,708,190,op7> 3.561328351878539E-4
<495,663,189,op3> 1.6078408125980804E-4
<496,661,189,op7> 3.541084982746925E-4
<497,655,189,op7> 3.7778435717096553E-4
<498,689,176,op8> 8.743750893390028E-4
<499,662,182,op6> 0.002233468862354203
<500,750,219,op8> 5.314737565079015E-4
<501,632,204,op2> 7.99202106879035E-4
<502,567,218,op8> 3.443213636809161E-4
<503,543,170,op5> 2.2786541867515994E-4
<504,637,172,op6> 0.0012544059427014604
<505,689,189,op7> 2.779339957388575E-4
<506,675,186,op7> 0.0019149803265785313
<507,590,174,op4> 0.001100457318325656
<508,590,173,op6> 6.899786411298526E-4
<509,550,170,op5> 3.5353664958085416E-4
<510,707,190,op7> 3.530759009802327E-4
<511,660,189,op3> 1.5938999963038773E-4
<512,688,189,op3> 1.259320405243005E-4
<513,609,191,op6> 1.350795681596144E-4
<514,609,189,op7> 1.4308453854704144E-4
<515,709,190,op7> 2.9805108524305363E-4
<516,686,176,op8> 8.711366630821916E-4
<517,609,192,op6> 1.726306450225188E-4
<518,759,182,op8> 8.54005391628035E-4
<519,689,189,op3> 1.2546734664782707E-4
<520,661,189,op3> 1.5985469350686117E-4
<521,687,176,op8> 8.678982368253804E-4
<522,630,204,op2> 8.016093421407189E-4
<523,687,189,op7> 2.7587522540005113E-4
<524,609,184,op6> 0.0019345615923287152
<525,562,217,op8> 3.42340278476472E-4
<526,562,218,op8> 3.4826397471543035E-4
<527,565,220,op1> 7.403956662924643E-5
<528,570,171,op1> 5.220742646812511E-4
<529,562,219,op8> 3.901400151650801E-4
<530,572,178,op8> 6.633286104275156E-4
<531,566,219,op1> 5.9858213002762165E-5
<532,545,170,op5> 2.306274237500103E-4
<533,749,182,op8> 3.156106882103608E-4
<534,595,175,op5> 0.0019840028326254906
<535,692,189,op7> 3.129330914985655E-4
<536,729,189,op7> 1.8014240464555578E-4
<537,564,220,op1> 7.603293957695692E-5
<538,597,176,op2> 9.540530382754021E-4
<539,750,220,op1> 1.028010905890691E-4
<540,565,219,op1> 5.962887119049104E-5
<541,566,178,op8> 7.660564925733698E-4
<542,571,182,op1> 7.917088982634271E-5
<543,635,197,op6> 1.7179291245590005E-4
<544,564,218,op8> 3.508923820717732E-4
<545,567,220,op1> 7.460910175716372E-5
<546,572,171,op1> 5.363126537180125E-4
<547,748,182,op8> 2.900833531345227E-4
<548,756,224,op2> 0.001491962995538931
<549,563,220,op8> 4.862543945350535E-4
<550,749,178,op8> 3.991711991953192E-4
<551,527,169,op3> 1.0437602178982712E-4
<552,568,219,op1> 6.031689662730441E-5
<553,571,171,op1> 5.197011998417908E-4
<554,563,217,op8> 3.4363212858393036E-4
<555,570,182,op1> 7.953240073879177E-5
<556,609,229,op6> 9.987543360064155E-4
<557,563,218,op8> 3.4957817839360183E-4
<558,563,219,op8> 3.9161224163740117E-4
<559,566,220,op1> 7.432433419320508E-5
<560,562,220,op8> 4.84426370495448E-4
<561,748,172,op8> 1.810406378062174E-4
<562,527,183,op1> 1.2667370480860408E-4

