<0,1236,357,op8> 0.0028846195415364547
<1,1256,416,op1> 0.0025384727668274374
<2,1240,355,op4> 0.0028712390587497015
<3,1222,355,op4> 0.003232585470905277
<4,1169,345,op6> 2.935758286049736E-4
<5,1179,377,op6> 7.469415085040552E-4
<6,1269,355,op2> 0.005017767167138085
<7,1154,402,op4> 3.2664097739518714E-4
<8,1234,357,op8> 0.002855964380527814
<9,1118,395,op4> 9.31977117456082E-5
<10,1278,359,op8> 0.0014919194757751515
<11,1119,370,op6> 4.296408864649795E-4
<12,1259,382,op1> 3.554150828910356E-4
<13,1160,346,op4> 2.361134584012986E-4
<14,1278,358,op8> 0.0015109652563169622
<15,1119,376,op6> 0.0010346454000585222
<16,1205,412,op7> 7.964781962511671E-4
<17,1214,370,op5> 0.0011571181489621815
<18,1313,416,op1> 0.0013754274752531134
<19,1256,355,op2> 0.00557282990686575
<20,1274,396,op8> 0.001537366859151363
<21,1271,355,op2> 0.0047513370520688054
<22,1274,395,op8> 0.0013077186976183793
<23,1229,357,op8> 0.003228481473640137
<24,1280,358,op8> 0.0014383226959171081
<25,1253,417,op8> 0.002399484340451237
<26,1274,392,op8> 0.0012885813508239639
<27,1241,356,op8> 0.004265749938579978
<28,1196,398,op7> 6.489456419571011E-4
<29,1154,369,op5> 4.6538862393370983E-4
<30,1267,355,op2> 0.005062172186316298
<31,1277,362,op8> 8.509557075411463E-4
<32,1279,340,op8> 6.886697858411363E-4
<33,1213,404,op5> 0.0024092409259387168
<34,1348,416,op1> 0.0027508549505062267
<35,1218,412,op7> 0.0015796817558981484
<36,1218,411,op7> 0.0016050242439606852
<37,1228,357,op1> 4.8358584114246365E-4
<38,1284,396,op8> 0.0014858761031032312
<39,1112,376,op6> 0.0010615193065535487
<40,1172,366,op4> 4.7338044749365137E-4
<41,1149,413,op8> 4.883643732634508E-4
<42,1214,404,op5> 0.002361465610126901
<43,1190,398,op7> 7.240302616876747E-4
<44,1227,355,op4> 0.003164222636173141
<45,1298,348,op8> 4.1906426587530823E-4
<46,1247,417,op8> 0.0024822251797771426
<47,1270,355,op2> 0.0047291345424796995
<48,1118,380,op7> 1.456194018314173E-4
<49,1282,359,op8> 0.0014345379574761071
<50,1242,356,op8> 0.00425133862121991
<51,1272,355,op2> 0.004684729523301486
<52,1218,370,op5> 0.00119390514213728
<53,1259,381,op2> 4.653566359618122E-4
<54,1145,413,op8> 4.960249908832696E-4
<55,1136,391,op3> 2.1296286006773993E-4
<56,1210,404,op5> 0.0023887657905907957
<57,1119,375,op7> 4.265365362330642E-4
<58,1263,355,op2> 0.005195387243850937
<59,1256,383,op1> 2.142866621347836E-4
<60,1224,355,op4> 0.0032130532324103804
<61,1119,374,op7> 4.5292023950521253E-4
<62,1259,355,op2> 0.005461817358920217
<63,1210,411,op7> 0.0015735531803536126
<64,1270,416,op1> 0.0021541621487420086
<65,1242,417,op8> 0.002712060844571322
<66,1119,373,op7> 2.946180198723227E-4
<67,1245,356,op8> 0.003818999100417885
<68,1167,341,op3> 9.252261830931464E-4
<69,1224,357,op8> 0.0031425159906142168
<70,1150,413,op8> 5.40073542197228E-4
<71,1232,355,op4> 0.002900537416492046
<72,1271,416,op1> 0.002164275586060046
<73,1223,386,op4> 5.314870994934012E-4
<74,1223,385,op4> 5.745806481009744E-4
<75,1226,355,op4> 0.0031935209939154842
<76,1277,359,op8> 0.0014704014064130097
<77,1277,358,op8> 0.0014891724881970056
<78,1250,417,op8> 0.0024270646202265386
<79,1247,356,op8> 0.0038910556872182233
<80,1283,395,op8> 0.0012576624795277234
<81,1119,395,op4> 8.85953556100226E-5
<82,1174,345,op6> 3.129629116260567E-4
<83,1120,370,op6> 4.556797280689177E-4
<84,1153,402,op4> 3.2426540665049487E-4
<85,1273,395,op8> 0.0013264897794023752
<86,1219,352,op7> 0.0018688606042756139
<87,1286,392,op8> 0.0012577540457803281
<88,1282,358,op8> 0.0014528512079970788
<89,1245,417,op8> 0.0024362580468183055
<90,1273,396,op8> 0.0015594343260291338
<91,1278,340,op8> 6.91996693019113E-4
<92,1217,412,op7> 0.0015442827249536515
<93,1265,415,op2> 0.0036639118963189307
<94,1273,392,op8> 0.0013070777338501452
<95,1116,376,op6> 0.0010794352442168999
<96,1257,381,op2> 4.7292341053029686E-4
<97,1276,362,op8> 8.551067109925666E-4
<98,1226,357,op1> 4.8656175401103253E-4
<99,1217,411,op7> 0.0015690573141240308
<100,1219,404,op5> 0.0024501911966345593
<101,1263,415,op2> 0.003727632103211433
<102,1227,357,op1> 4.820978847081791E-4
<103,1215,411,op7> 0.0015600655816648675
<104,1133,340,op3> 1.1986246288751232E-4
<105,1218,354,op4> 8.944888133032555E-4
<106,1223,357,op8> 0.0031329642702780033
<107,1222,385,op4> 5.79835958906776E-4
<108,1225,355,op4> 0.003183754874668037
<109,1244,356,op8> 0.0038622330524980875
<110,1222,386,op4> 5.363482619887678E-4
<111,1152,402,op4> 3.313921188845717E-4
<112,1122,347,op6> 6.259950083559008E-4
<113,1116,395,op4> 9.243065238967727E-5
<114,1225,385,op4> 5.710771075637733E-4
<115,1198,349,op8> 0.005105491021023077
<116,1235,357,op8> 0.0028655161008640274
<117,1228,355,op4> 0.0031739887554205885
<118,1289,392,op8> 0.0012022648967017844
<119,1119,362,op4> 5.877545542908818E-5
<120,1240,357,op8> 0.0028082057788467465
<121,1315,355,op2> 0.002952933775351174
<122,1257,415,op2> 0.003982512930781446
<123,1255,356,op8> 0.0035740067052967383
<124,1276,359,op8> 0.0014775740962003903
<125,1238,355,op4> 0.0029689002512241817
<126,1315,415,op2> 0.0021186968791757294
<127,1136,351,op8> 0.0013591036901796053
<128,1157,350,op8> 0.0014696453425310655
<129,1279,392,op8> 0.0012762504288065097
<130,1342,348,op8> 6.776867842440698E-4
<131,1250,387,op8> 5.575688992412319E-4
<132,1117,370,op6> 4.500999762966452E-4
<133,1233,355,op4> 0.0029103035357394935
<134,1225,357,op8> 0.0031138608296055765
<135,1285,392,op8> 0.0012515885847716012
<136,1276,358,op8> 0.0014964367442369911
<137,1223,355,op4> 0.0032032871131629326
<138,1257,382,op1> 3.6119418992991426E-4
<139,1235,355,op4> 0.0029298357742343893
<140,1275,362,op8> 8.717107247982475E-4
<141,1277,340,op8> 6.820159714851834E-4
<142,1116,380,op7> 1.44420888236097E-4
<143,1283,392,op8> 0.001239257662754147
<144,1225,386,op4> 5.282463244964903E-4
<145,1226,357,op8> 0.00312341254994179
<146,1118,370,op6> 4.519598935540693E-4
<147,1117,376,op6> 0.0010839142286327376
<148,1339,352,op7> 0.0015669276932784395
<149,1117,395,op4> 9.281418206764274E-5
<150,1254,388,op8> 4.794868909584525E-4
<151,1284,362,op8> 8.385026971868857E-4
<152,1338,411,op7> 0.0014027102636295064
<153,1151,402,op4> 3.290165481398794E-4
<154,1274,362,op8> 8.675597213468274E-4
<155,1275,359,op8> 0.0015062648553499126
<156,1250,356,op8> 0.0038045877830578164
<157,1251,356,op8> 0.0037901764656977496
<158,1260,415,op2> 0.003759492206657685
<159,1258,356,op1> 0.0037632494290443276
<160,1144,351,op8> 0.0012101608200229363
<161,1275,358,op8> 0.0015254937683969328
<162,1219,411,op7> 0.0016140159764198487
<163,1119,340,op4> 4.710679883654861E-5
<164,1115,376,op6> 0.0010749562598010623
<165,1267,415,op2> 0.003632051792872679
<166,1262,356,op1> 0.003549947841972989
<167,1219,412,op7> 0.001588531513634272
<168,1239,357,op8> 0.002913274702545095
<169,1276,340,op8> 6.853428786631598E-4
<170,1229,357,op1> 5.02929274788162E-4
<171,1274,359,op8> 0.001499092165562532
<172,1262,355,op2> 0.00517318473426183
<173,1224,385,op4> 5.763324183695749E-4
<174,1142,358,op3> 2.797055322679746E-4
<175,1224,386,op4> 5.331074869918568E-4
<176,1118,376,op6> 0.0010883932130485753
<177,1245,388,op8> 5.102972935903208E-4
<178,1125,376,op6> 9.674606338209559E-4
<179,1213,378,op7> 7.601090046992346E-4
<180,1125,370,op6> 4.017421276036171E-4
<181,1211,352,op7> 0.0018272146855173828
<182,1269,415,op2> 0.0036001916894264274
<183,1262,416,op1> 0.00235643089510276
<184,1263,356,op1> 0.0035651836696209416
<185,1117,343,op7> 1.4224830358654591E-4
<186,1221,385,op4> 5.780841886381756E-4
<187,1278,395,op8> 0.0013014616703570473
<188,1278,396,op8> 0.0015300110368587727
<189,1339,379,op7> 6.054038814939425E-4
<190,1195,352,op6> 0.001111796256003152
<191,1221,355,op4> 0.0032228193516578288
<192,1278,392,op8> 0.0012824158898152368
<193,1339,378,op7> 6.481382731288092E-4
<194,1187,410,op6> 0.0010470105129186166
<195,1227,386,op4> 5.250055494995793E-4
<196,1231,357,op8> 0.003075653948260722
<197,1195,398,op7> 6.543088290807135E-4
<198,1227,385,op4> 5.675735670265723E-4
<199,1201,341,op3> 5.29113723456393E-4
<200,1138,420,op3> 2.692455777526168E-4
<201,1163,341,op3> 0.0010350967923354576
<202,1163,365,op4> 5.2997825889224E-4
<203,1239,355,op4> 0.00297866637047163
<204,1115,347,op1> 1.4213699338260757E-4
<205,1272,415,op2> 0.0033612409135795407
<206,1114,395,op4> 9.166359303374634E-5
<207,1183,410,op6> 0.0010838770802749059
<208,1130,359,op3> 1.998085603322051E-4
<209,1150,402,op4> 3.3495547500161005E-4
<210,1162,350,op8> 0.0015253461864170828
<211,1228,385,op4> 5.693253372951728E-4
<212,1115,370,op6> 4.4638014178179693E-4
<213,1117,362,op4> 6.157428663999714E-5
<214,1184,352,op6> 0.001321397189511943
<215,1118,358,op4> 1.0820027022173049E-4
<216,1265,355,op2> 0.0051065772054945105
<217,1216,370,op5> 0.0011638066931758356
<218,1349,386,op4> 4.4398617457680484E-4
<219,1228,357,op8> 0.003104309109269363
<220,1118,347,op6> 7.009990185736586E-4
<221,1118,370,op1> 9.278646821308708E-5
<222,1118,376,op1> 2.2344496426825056E-4
<223,1115,373,op7> 3.060966440231925E-4
<224,1134,413,op8> 5.553947774368656E-4
<225,1267,416,op1> 0.0023058637085125724
<226,1277,395,op8> 0.0012826905885730514
<227,1118,342,op7> 3.0288835580934793E-4
<228,1115,375,op7> 4.431548428395472E-4
<229,1277,396,op8> 0.0015079435699810017
<230,1338,379,op7> 6.275282758342527E-4
<231,1115,374,op7> 4.705664826028182E-4
<232,1338,378,op7> 6.71824389422553E-4
<233,1287,362,op8> 8.177476799297846E-4
<234,1210,378,op7> 7.536491548009407E-4
<235,1249,417,op8> 0.002473031753185375
<236,1277,392,op8> 0.0012639195067890554
<237,1226,385,op4> 5.728288778323739E-4
<238,1114,347,op6> 6.894599400786188E-4
<239,1229,355,op4> 0.0033009483056374122
<240,1118,362,op4> 6.182872584098887E-5
<241,1165,366,op4> 5.131842088444689E-4
<242,1150,350,op8> 0.001208279844296678
<243,1249,356,op8> 0.003876644369858155
<244,1261,416,op1> 0.002346317457784723
<245,1226,386,op4> 5.298667119949458E-4
<246,1330,353,op4> 4.817515967966391E-4
<247,1271,356,op1> 0.003260467116661887
<248,1344,370,op5> 9.36396189911592E-4
<249,1116,370,op6> 4.4824005903922097E-4
<250,1288,359,op8> 0.0014058471983265852
<251,1194,397,op7> 6.83448088675401E-4
<252,1115,395,op4> 9.20471227117118E-5
<253,1119,358,op4> 1.0285704700090429E-4
<254,1190,410,op6> 9.953973186198116E-4
<255,1227,357,op8> 0.0030947573889331496
<256,1119,347,op6> 6.663817830885396E-4
<257,1119,370,op1> 8.820442040009513E-5
<258,1119,376,op1> 2.1241064504512707E-4
<259,1119,341,op7> 2.0227505841980366E-4
<260,1270,356,op1> 0.0032452312890139346
<261,1276,392,op8> 0.0012700849677977826
<262,1279,362,op8> 8.592577144439868E-4
<263,1276,395,op8> 0.0012889476158343832
<264,1115,341,op7> 2.1015590485174405E-4
<265,1186,398,op7> 7.669357586765741E-4
<266,1276,396,op8> 0.001515299392273592
<267,1264,355,op2> 0.005217589753440043
<268,1262,415,op2> 0.0037117020514883074
<269,1113,370,op6> 4.426603072669486E-4
<270,1266,355,op2> 0.005084374695905404
<271,1229,385,op4> 5.920983507869798E-4
<272,1116,347,op6> 6.952294793261387E-4
<273,1215,378,op7> 7.47189304902647E-4
<274,1115,362,op4> 6.106540823801369E-5
<275,1117,340,op4> 4.934997973352712E-5
<276,1251,417,op8> 0.0024178711936347712
<277,1121,376,op6> 0.001092872197464413
<278,1124,376,op1> 1.9769821941429574E-4
<279,1229,386,op4> 5.476909744779562E-4
<280,1116,370,op1> 9.202279357758842E-5
<281,1116,358,op4> 1.0730973301825944E-4
<282,1196,364,op7> 4.124877157379144E-4
<283,1258,415,op2> 0.003934722775612069
<284,1280,396,op8> 0.0014564528139328701
<285,1113,376,op6> 0.0010659982909693867
<286,1112,395,op4> 9.089653367781539E-5
<287,1119,347,op1> 1.368068561307598E-4
<288,1212,352,op7> 0.001832420425362162
<289,1116,376,op1> 2.2160591106439663E-4
<290,1216,354,op4> 8.719386751527531E-4
<291,1260,355,op2> 0.00523979226302915
<292,1113,375,op7> 4.394618858158844E-4
<293,1113,374,op7> 4.6664509524779475E-4
<294,1275,392,op8> 0.001294746811832691
<295,1278,362,op8> 8.63408717895407E-4
<296,1284,395,op8> 0.0012639195067890554
<297,1113,373,op7> 3.0354583865633254E-4
<298,1210,354,op4> 8.769498169639758E-4
<299,1289,395,op8> 0.0012201203159597318
<300,1195,410,op6> 8.995442434934593E-4
<301,1275,395,op8> 0.0013139757248797112
<302,1160,369,op5> 5.990820831728482E-4
<303,1282,395,op8> 0.0012514054522663916
<304,1116,342,op7> 3.003954475310817E-4
<305,1217,347,op5> 0.001810274966560865
<306,1264,356,op1> 0.0035804194972688945
<307,1116,362,op4> 6.131984743900542E-5
<308,1275,396,op8> 0.0015447226814439532
<309,1279,358,op8> 0.0015037010002769764
<310,1279,359,op8> 0.0014847467859877709
<311,1114,370,op6> 4.4452022452437273E-4
<312,1261,355,op2> 0.005150982224672723
<313,1123,358,op4> 9.706855517834259E-5
<314,1228,386,op4> 5.266259369980349E-4
<315,1233,357,op8> 0.0028464126601916006
<316,1243,387,op8> 5.639049094598823E-4
<317,1231,355,op4> 0.0031446903976782444
<318,1118,340,op4> 4.955390526961607E-5
<319,1289,358,op8> 0.0014165299277971517
<320,1114,376,op6> 0.0010704772753852244
<321,1117,347,op6> 6.981142489498987E-4
<322,1117,370,op1> 9.240463089533774E-5
<323,1113,395,op4> 9.128006335578087E-5
<324,1211,411,op7> 0.0015780490465831943
<325,1243,388,op8> 5.141485939193044E-4
<326,1207,404,op5> 0.0012626333464551347
<327,1205,354,op4> 4.510027630100448E-4
<328,1117,358,op4> 1.0775500161999498E-4
<329,1120,409,op6> 7.625660755439032E-4
<330,1117,376,op1> 2.225254376663236E-4
<331,1338,352,op7> 0.0016241908315710071
<332,1270,383,op1> 1.8184485671198766E-4
<333,1270,384,op1> 2.2380905441475406E-4
<334,1270,382,op1> 3.077374498202869E-4
<335,1270,381,op2> 4.029307457718129E-4
<336,1272,356,op1> 0.003214759633718029
<337,1266,416,op1> 0.00231597714583061
<338,1338,354,op4> 7.817381225507442E-4
<339,1219,370,op5> 0.0012005936863509342
<340,1266,415,op2> 0.0036479818445958045
<341,1338,412,op7> 0.001380562206835356
<342,1265,416,op1> 0.0023260905831486477
<343,1264,416,op1> 0.0023766577697388355
<344,1154,350,op8> 0.0011782870822042073
<345,1264,415,op2> 0.0037435621549345593
<346,1273,359,op8> 0.0015206102349246738
<347,1336,345,op4> 4.0532812260414477E-4
<348,1273,358,op8> 0.0015400222804769037
<349,1334,346,op8> 2.4086189176661374E-4
<350,1275,340,op8> 6.986505073750659E-4
<351,1335,344,op5> 1.9965324887443096E-4
<352,1274,358,op8> 0.0015182295123569473
<353,1143,420,op3> 2.9569777486515456E-4
<354,1272,382,op1> 3.048478963008476E-4
<355,1261,415,op2> 0.003695771999765182
<356,1175,366,op4> 4.762235733044241E-4
<357,1273,362,op8> 8.800127317010881E-4
<358,1197,397,op7> 6.569578526802306E-4
<359,1335,346,op4> 2.0409807421129206E-4
<360,1284,358,op8> 0.0014673797200770496
<361,1215,379,op7> 6.979240760079669E-4
<362,1326,413,op8> 2.9684893276797994E-4
<363,1185,377,op6> 6.680719082272293E-4
<364,1329,402,op4> 1.7341666436253574E-4
<365,1331,377,op6> 0.0014567679109954862
<366,1317,355,op4> 0.0012695955021682355
<367,1274,340,op8> 6.953236001970895E-4
<368,1151,350,op8> 0.0011868564428020561
<369,1272,384,op1> 2.2170756094607092E-4
<370,1184,364,op7> 4.943034610082445E-4
<371,1336,365,op4> 4.559589489910891E-4
<372,1265,356,op1> 0.0035042403590291307
<373,1289,362,op8> 8.094456730269441E-4
<374,1272,383,op1> 1.8013739326868262E-4
<375,1336,366,op4> 4.3784137485899287E-4
<376,1269,416,op1> 0.002285636833876497
<377,1313,356,op1> 0.002072072560121573
<378,1329,413,op8> 2.7961254312338756E-4
<379,1272,381,op2> 3.991473584875705E-4
<380,1142,413,op8> 5.956130199409145E-4
<381,1335,369,op5> 5.178506142680553E-4
<382,1269,356,op1> 0.0034432970484373202
<383,1273,340,op8> 7.053043217310189E-4
<384,1271,383,op1> 1.826985884336402E-4
<385,1112,347,op6> 6.83690400831099E-4
<386,1271,382,op1> 3.0918222658000657E-4
<387,1335,367,op4> 4.892762053010425E-4
<388,1250,388,op8> 5.08371643425829E-4
<389,1335,368,op4> 4.7250102111929247E-4
<390,1336,345,op6> 2.8434388430921976E-4
<391,1180,364,op7> 5.147573973258271E-4
<392,1178,364,op7> 5.556652699609921E-4
<393,1286,395,op8> 0.0012764335613117193
<394,1268,416,op1> 0.002295750271194535
<395,1187,352,op6> 0.001294057937315144
<396,1271,384,op1> 2.2485980114909566E-4
<397,1271,381,op2> 4.0482243941393405E-4
<398,1345,357,op8> 0.0026840334144759724
<399,1305,412,op7> 7.610791653066706E-4
<400,1268,415,op2> 0.0036161217411495535
<401,1337,342,op4> 6.54861666455256E-4
<402,1218,378,op7> 7.687221378969598E-4
<403,1194,348,op8> 3.089102302737986E-4
<404,1115,409,op1> 1.53358334965445E-4
<405,1349,355,op4> 0.002675916673800743
<406,1254,387,op8> 5.258888481479802E-4
<407,1188,398,op7> 7.50846197305737E-4
<408,1121,347,op1> 1.445059432723177E-4
<409,1343,341,op3> 8.211382374951673E-4
<410,1148,346,op8> 1.945130734771392E-4
<411,1257,416,op1> 0.0025283593295094002
<412,1112,409,op6> 7.37665958791449E-4
<413,1334,413,op8> 6.071039463706428E-4
<414,1120,340,op4> 4.9961756341793996E-5
<415,1254,356,op8> 0.0035884180226568056
<416,1114,409,op1> 1.52719341903089E-4
<417,1120,347,op1> 1.4509818074474526E-4
<418,1340,370,op5> 9.63150366766209E-4
<419,1113,409,op1> 1.52080348840733E-4
<420,1344,347,op5> 0.001452369600679204
<421,1345,357,op1> 4.1811575803394545E-4
<422,1180,410,op6> 0.0011133703341599372
<423,1184,348,op8> 3.472246774395411E-4
<424,1177,352,op6> 0.0014763196186271363
<425,1258,416,op1> 0.0024980190175552873
<426,1112,409,op1> 1.514413557783769E-4
<427,1169,366,op4> 4.520570039128562E-4
<428,1169,365,op4> 4.707628109713192E-4
<429,1125,409,op6> 6.723031523162573E-4
<430,1191,377,op6> 5.892023079504037E-4
<431,1298,410,op6> 0.001290329857470126
<432,1331,410,op6> 0.002315220429974969
<433,1159,350,op8> 0.00147393002282999
<434,1263,416,op1> 0.0023665443324207974
<435,1197,398,op7> 6.650352033279385E-4
<436,1281,395,op8> 0.0012451484250050595
<437,1237,385,op4> 5.307863913859612E-4
<438,1171,345,op4> 4.3691213215771453E-4
<439,1167,366,op4> 4.549001297236289E-4
<440,1167,365,op4> 4.7372358336736527E-4
<441,1197,352,op6> 0.0011300224241343514
<442,1187,344,op7> 1.9733054485582814E-4
<443,1169,345,op4> 4.184881265847988E-4
<444,1179,410,op6> 0.0011871034688725162
<445,1190,348,op8> 3.2327814796095206E-4
<446,1288,392,op8> 0.0012084303577105115
<447,1168,345,op6> 2.94499023034549E-4
<448,1340,347,op5> 0.0014938658749843242
<449,1335,402,op4> 3.6346232393791734E-4
<450,1267,356,op1> 0.0034737687037332252
<451,1348,384,op1> 2.8580311174090657E-4
<452,1178,352,op6> 0.0014854327026927359
<453,1260,416,op1> 0.0023867712070568727
<454,1168,365,op4> 4.722431971693422E-4
<455,1185,410,op6> 0.0010617571398611322
<456,1168,366,op4> 4.5347856681824257E-4
<457,1341,353,op4> 8.641419267539715E-4
<458,1129,340,op3> 9.061766953695091E-5
<459,1124,376,op6> 9.629816494051181E-4
<460,1232,357,op8> 0.0028368609398553867
<461,1115,409,op6> 7.470035025736193E-4
<462,1123,395,op4> 8.360946979647156E-5
<463,1126,362,op4> 5.623106341917094E-5
<464,1124,370,op6> 3.9988221034619305E-4
<465,1158,413,op8> 6.549828064945105E-4
<466,1121,370,op6> 4.538198108114934E-4
<467,1166,345,op6> 2.963454118936997E-4
<468,1165,365,op4> 5.34419417486309E-4
<469,1257,356,op1> 0.0038089569119881864
<470,1241,417,op8> 0.002721254271163089
<471,1167,345,op4> 4.211201273809296E-4
<472,1126,343,op7> 1.2990444253151504E-4
<473,1127,359,op3> 1.9714444619444238E-4
<474,1230,357,op1> 4.8060992827389455E-4
<475,1127,358,op3> 1.9966118380543527E-4
<476,1262,383,op1> 1.9891949114503817E-4
<477,1230,355,op4> 0.0031544565169256927
<478,1126,376,op1> 2.032153790258575E-4
<479,1201,342,op4> 3.8657962890745754E-4
<480,1126,370,op1> 8.438604722260181E-5
<481,1128,340,op3> 9.020577103905566E-5
<482,1126,358,op4> 9.840436098354913E-5
<483,1236,357,op1> 4.493628431539201E-4
<484,1126,347,op6> 6.375340868509404E-4
<485,1213,411,op7> 0.0015870407790423578
<486,1123,376,op6> 9.764186026526315E-4
<487,1123,370,op6> 4.054619621184655E-4
<488,1168,341,op3> 9.223348512709803E-4
<489,1122,395,op4> 8.322594011850608E-5
<490,1193,352,op6> 0.0011938140125935487
<491,1283,359,op8> 0.0014417106472634877
<492,1125,362,op4> 5.495886741421232E-5
<493,1159,369,op5> 5.821588604843497E-4
<494,1169,341,op3> 9.194435194488141E-4
<495,1212,370,op5> 0.0011771837816031438
<496,1167,345,op6> 2.954222174641244E-4
<497,1159,413,op8> 6.588131153044199E-4
<498,1119,408,op7> 3.8696098132484175E-4
<499,1166,365,op4> 4.752039695653882E-4
<500,1168,345,op4> 4.198041269828642E-4
<501,1166,366,op4> 4.563216926290152E-4
<502,1231,357,op1> 4.7912197183961003E-4
<503,1125,341,op7> 1.8914031436656964E-4
<504,1119,409,op6> 7.189908712271085E-4
<505,1125,370,op1> 8.247686063385516E-5
<506,1125,347,op6> 6.231102387321408E-4
<507,1125,376,op1> 1.986177460162227E-4
<508,1268,356,op1> 0.003458532876085273
<509,1156,350,op8> 0.0014567913016342924
<510,1323,376,op6> 7.076795377023658E-4
<511,1162,369,op5> 6.02466727710548E-4
<512,1127,340,op3> 9.144146653274137E-5
<513,1121,395,op4> 9.358124142357366E-5
<514,1264,382,op1> 3.395225385341193E-4
<515,1243,356,op8> 0.00384782173513802
<516,1165,341,op3> 0.001043770787801956
<517,1191,410,op6> 9.364108108497486E-4
<518,1122,370,op6> 4.036020448610413E-4
<519,1253,387,op8> 5.512328890225815E-4
<520,1238,357,op8> 0.002903722982208881
<521,1179,397,op7> 8.529855990444929E-4
<522,1162,346,op8> 2.704947428041467E-4
<523,1115,408,op7> 4.020373831946408E-4
<524,1124,362,op4> 5.4704428213220596E-5
<525,1122,376,op6> 9.719396182367936E-4
<526,1125,358,op4> 9.617801797487154E-5
<527,1164,345,op6> 3.3234999464713995E-4
<528,1211,404,op5> 0.002395590835706769
<529,1165,345,op4> 4.7507614370161127E-4
<530,1163,366,op4> 5.089195201283099E-4
<531,1126,340,op4> 4.506754347565906E-5
<532,1179,398,op7> 8.634731269015975E-4
<533,1156,413,op8> 6.511524976846011E-4
<534,1183,398,op7> 7.883885071710237E-4
<535,1220,355,op4> 0.003369311140369548
<536,1232,357,op1> 4.4192306098249747E-4
<537,1113,347,op6> 6.86575170454859E-4
<538,1159,402,op4> 4.085981680870704E-4
<539,1124,342,op7> 2.679876399136206E-4
<540,1217,404,op5> 0.002381940745474822
<541,1112,370,op6> 4.408003900095244E-4
<542,1173,341,op3> 9.743788240699696E-4
<543,1124,347,op6> 6.20225469108381E-4
<544,1230,357,op8> 0.003085205668596936
<545,1237,357,op8> 0.002894171261872668
<546,1118,409,op6> 7.563410463557895E-4
<547,1124,370,op1> 8.209502331610586E-5
<548,1123,362,op4> 5.546774581619577E-5
<549,1288,396,op8> 0.0014417411693476896
<550,1160,350,op8> 0.0015167768258192338
<551,1166,341,op3> 9.281175149153123E-4
<552,1120,395,op4> 9.396477110153914E-5
<553,1124,358,op4> 9.573274937313601E-5
<554,1291,376,op6> 8.510070390091741E-4
<555,1164,366,op4> 5.117626459390825E-4
<556,1165,345,op6> 3.3327318907671536E-4
<557,1157,413,op8> 6.568979608994652E-4
<558,1125,340,op4> 4.404791579521429E-5
<559,1233,357,op1> 4.43411017416782E-4
<560,1123,376,op1> 2.0045679922007665E-4
<561,1126,347,op1> 1.3088448140648448E-4
<562,1164,365,op4> 5.329390312882859E-4
<563,1166,345,op4> 4.2243612777899495E-4
<564,1158,369,op5> 5.787742159466501E-4
<565,1123,343,op7> 1.281410338093678E-4
<566,1160,346,op8> 2.689751094176065E-4
<567,1122,362,op4> 5.521330661520404E-5
<568,1220,357,op8> 0.0032953435159936316
<569,1230,386,op4> 5.233851620011238E-4
<570,1198,347,op6> 3.548266637224691E-4
<571,1230,385,op4> 5.658217967579718E-4
<572,1124,340,op4> 4.384399025912533E-5
<573,1117,409,op6> 7.532285317617328E-4
<574,1123,347,op6> 6.288797779796608E-4
<575,1259,356,op1> 0.003748013601396376
<576,1162,344,op5> 2.32276328755874E-4
<577,1123,370,op1> 8.324053526935385E-5
<578,1120,376,op6> 0.001097351181880251
<579,1157,402,op4> 4.074103827147243E-4
<580,1234,357,op1> 4.448989738510665E-4
<581,1119,409,op1> 1.4760739740424082E-4
<582,1125,347,op1> 1.279232940443468E-4
<583,1216,352,op7> 0.0018115974659830465
<584,1279,396,op8> 0.0015226552145661822
<585,1122,376,op1> 1.9953727261814966E-4
<586,1154,413,op8> 5.26667461362545E-4
<587,1210,347,op5> 0.001815462000849005
<588,1161,368,op4> 5.481629493377413E-4
<589,1161,367,op4> 5.676243558231049E-4
<590,1163,345,op4> 4.7112814250741507E-4
<591,1122,343,op7> 1.2755323090198536E-4
<592,1257,355,op2> 0.005550627397276643
<593,1164,341,op3> 0.0010408794559797897
<594,1255,417,op8> 0.002279969794758264
<595,1288,395,op8> 0.0012263773432210636
<596,1231,386,op4> 5.217647745026684E-4
<597,1231,385,op4> 5.640700264893711E-4
<598,1234,355,op4> 0.002920069654986942
<599,1161,346,op8> 2.697349261108766E-4
<600,1123,340,op4> 4.4455766867392207E-5
<601,1121,362,op4> 6.208316504198059E-5
<602,1122,370,op1> 8.28586979516045E-5
<603,1116,409,op6> 7.501160171676759E-4
<604,1258,381,op2> 4.672483296039333E-4
<605,1161,369,op5> 6.007744054416982E-4
<606,1122,358,op4> 9.662328657660705E-5
<607,1143,351,op8> 0.0014568474487199196
<608,1124,347,op1> 1.2733105657191927E-4
<609,1235,357,op1> 4.4638693028535093E-4
<610,1158,402,op4> 4.062225973423781E-4
<611,1118,409,op1> 1.5527531415251308E-4
<612,1121,376,op1> 2.2436449087017752E-4
<613,1171,365,op4> 4.914882177436415E-4
<614,1155,413,op8> 6.530676520895559E-4
<615,1162,368,op4> 5.497070703217913E-4
<616,1163,345,op6> 3.3050360578798917E-4
<617,1164,345,op4> 4.7376014330354594E-4
<618,1223,357,op1> 4.8804971044531705E-4
<619,1121,343,op7> 1.4342390940131074E-4
<620,1162,367,op4> 5.692232976704939E-4
<621,1287,392,op8> 0.0012145958187192386
<622,1161,350,op8> 0.0015210615061181587
<623,1261,356,op1> 0.003534712014325036
<624,1122,340,op4> 4.4251841331303243E-5
<625,1232,386,op4> 4.812550870412811E-4
<626,1151,413,op8> 5.304977701724545E-4
<627,1127,413,op8> 4.2516427789994547E-4
<628,1232,385,op4> 5.202757697743579E-4
<629,1120,362,op4> 6.233760424297233E-5
<630,1121,358,op4> 1.08645538823466E-4
<631,1121,347,op6> 7.038837881974184E-4
<632,1160,344,op5> 2.3097140556061619E-4
<633,1256,381,op2> 4.7481510417241805E-4
<634,1121,370,op1> 9.316830553083639E-5
<635,1117,409,op1> 1.5463632109015705E-4
<636,1251,388,op8> 5.064459932613372E-4
<637,1287,340,op8> 6.554007140613713E-4
<638,1189,410,op6> 0.0010396371994473585
<639,1246,356,op8> 0.003833410417777953
<640,1123,347,op1> 1.2910776898920187E-4
<641,1120,376,op1> 2.252840174721045E-4
<642,1120,343,op7> 1.440117123086932E-4
<643,1155,402,op4> 4.0503481197003203E-4
<644,1198,376,op6> 5.509150831480442E-4
<645,1161,346,op4> 2.3678044557192383E-4
<646,1218,347,op5> 0.0018517712408659855
<647,1152,413,op8> 5.343280789823639E-4
<648,1113,408,op7> 3.9868707166801874E-4
<649,1121,340,op4> 4.9757830805705026E-5
<650,1215,370,op5> 0.0011604624210690083
<651,1233,386,op4> 4.8287547453973657E-4
<652,1281,358,op8> 0.0014455869519570935
<653,1233,385,op4> 5.220275400429584E-4
<654,1236,355,op4> 0.002949368012729286
<655,1210,412,op7> 0.0015487076038217134
<656,1213,347,op5> 0.0018310231037134248
<657,1211,379,op7> 7.059693103135342E-4
<658,1301,374,op7> 3.293965378219728E-4
<659,1238,357,op1> 4.52338756022489E-4
<660,1120,358,op4> 1.0909080742520154E-4
<661,1161,344,op5> 2.316238671582451E-4
<662,1120,347,op6> 7.067685578211786E-4
<663,1120,370,op1> 9.355014284858575E-5
<664,1114,409,op6> 7.438909879795625E-4
<665,1113,409,op6> 7.407784733855058E-4
<666,1237,357,op1> 4.5085079958820455E-4
<667,1122,347,op1> 1.2851553151677433E-4
<668,1156,402,op4> 4.038470265976859E-4
<669,1116,409,op1> 1.5399732802780103E-4
<670,1182,410,op6> 0.0010986237072174215
<671,1160,367,op4> 5.660254139757159E-4
<672,1162,346,op4> 2.3744743274254897E-4
<673,1153,413,op8> 5.228371525526357E-4
<674,1160,368,op4> 5.466188283536912E-4
<675,1303,365,op4> 2.516656536639128E-4
<676,1300,395,op4> 6.481651557616372E-5
<677,1303,366,op4> 2.416656939156779E-4
<678,1316,385,op4> 2.312336754552702E-4
<679,1304,345,op6> 1.5971263631654221E-4
<680,1284,392,op8> 0.0012454231237628741
<681,1285,340,op8> 6.753621571292303E-4
<682,1289,340,op8> 6.487468997054183E-4
<683,1191,397,op7> 6.728519942773329E-4
<684,1170,345,op4> 4.3954413295384535E-4
<685,1237,386,op4> 4.909774120320141E-4
<686,1288,358,op8> 0.0014237941838371373
<687,1300,380,op7> 1.0127439880456594E-4
<688,1129,391,op3> 1.6045146991405066E-4
<689,1160,413,op8> 6.779646593539669E-4
<690,1217,370,op5> 0.0011671509652826627
<691,1302,369,op5> 2.8938710797332505E-4
<692,1170,341,op3> 9.657048286034716E-4
<693,1304,366,op4> 2.4593038263183686E-4
<694,1288,340,op8> 6.520738068833948E-4
<695,1286,362,op8> 8.468047040897261E-4
<696,1283,396,op8> 0.001478520280810641
<697,1287,358,op8> 0.0014310584398771226
<698,1305,378,op7> 3.7036472750217664E-4
<699,1236,385,op4> 5.290346211173606E-4
<700,1287,359,op8> 0.0014130198881139656
<701,1236,386,op4> 4.893570245335586E-4
<702,1214,412,op7> 0.0015310080883494655
<703,1193,398,op7> 7.025775131932252E-4
<704,1186,397,op7> 7.576207494618787E-4
<705,1301,373,op7> 2.1426765081623473E-4
<706,1141,351,op8> 0.001438229589950336
<707,1301,375,op7> 3.1020838998768307E-4
<708,1242,388,op8> 5.680667985250743E-4
<709,1304,365,op4> 2.561068122579819E-4
<710,1301,395,op4> 6.443298589819827E-5
<711,1305,354,op4> 4.309581957651538E-4
<712,1303,345,op4> 2.2372006767111885E-4
<713,1171,345,op6> 3.065005506190291E-4
<714,1170,365,op4> 4.944489901396875E-4
<715,1172,345,op4> 4.3822813255577997E-4
<716,1170,366,op4> 4.7480201039903767E-4
<717,1286,396,op8> 0.0015005877476884117
<718,1162,413,op8> 6.817949681638765E-4
<719,1170,345,op6> 3.083469394781799E-4
<720,1172,341,op3> 9.628134967813054E-4
<721,1126,376,op6> 9.898555559001447E-4
<722,1258,355,op2> 0.005484019868509323
<723,1235,385,op4> 5.255310805801595E-4
<724,1302,344,op5> 1.1157093319453496E-4
<725,1301,341,op7> 1.4710913339622086E-4
<726,1192,352,op6> 0.001139135508199951
<727,1235,386,op4> 4.861162495366475E-4
<728,1301,362,op4> 4.274578576660958E-5
<729,1151,369,op5> 4.6877326847140957E-4
<730,1288,362,op8> 8.135966764783643E-4
<731,1302,368,op4> 2.640446882725458E-4
<732,1303,345,op6> 1.5694305302781607E-4
<733,1131,351,op8> 0.0010426000910966837
<734,1302,367,op4> 2.7341905590352373E-4
<735,1304,345,op4> 2.2766806886531508E-4
<736,1289,359,op8> 0.0013986745085392046
<737,1191,398,op7> 6.811247646987756E-4
<738,1285,396,op8> 0.0014932319253958212
<739,1285,395,op8> 0.0012701765340503873
<740,1161,413,op8> 6.798798137589218E-4
<741,1195,364,op7> 4.158967051241782E-4
<742,1234,385,op4> 5.237793103115589E-4
<743,1237,355,op4> 0.0029591341319767338
<744,1234,386,op4> 4.8449586203819207E-4
<745,1284,359,op8> 0.001448883337050868
<746,1291,370,op6> 3.5338427891058917E-4
<747,1171,341,op3> 9.599221649591393E-4
<748,1239,357,op1> 4.538267124567736E-4
<749,1160,402,op4> 4.2047602181053176E-4
<750,1128,359,op3> 1.944803320566796E-4
<751,1128,358,op3> 1.9696305969995638E-4
<752,1300,358,op4> 7.525039369330228E-5
<753,1268,381,op2> 4.2941445676150956E-4
<754,1124,380,op7> 1.28840211496933E-4
<755,1280,395,op8> 0.0012388913977437277
<756,1308,398,op7> 8.956522496432719E-4
<757,1301,340,op4> 3.425949006294445E-5
<758,1127,346,op8> 1.6867930590595666E-4
<759,1124,395,op4> 8.245888076257515E-5
<760,1126,370,op6> 4.110417138907379E-4
<761,1125,395,op4> 8.284241044054062E-5
<762,1156,367,op4> 5.436402281122695E-4
<763,1125,375,op7> 3.9883935855559245E-4
<764,1300,362,op4> 4.300022496760131E-5
<765,1129,358,op3> 1.9786243440178268E-4
<766,1207,379,op7> 3.720920866324896E-4
<767,1301,358,op4> 7.480512509156676E-5
<768,1287,395,op8> 0.0012326343704823957
<769,1253,356,op8> 0.0037613538309776147
<770,1125,374,op7> 4.235098343425364E-4
<771,1302,346,op4> 1.1405480617689849E-4
<772,1125,373,op7> 2.754869796208732E-4
<773,1129,359,op3> 1.9536837010260055E-4
<774,1287,396,op8> 0.0014490969916402799
<775,1128,346,op8> 1.6639985582614643E-4
<776,1127,351,op8> 0.001033291161711892
<777,1300,342,op7> 2.1065074951349714E-4
<778,1239,385,op4> 5.342899319231622E-4
<779,1152,368,op4> 4.3080975454994313E-4
<780,1190,397,op7> 7.152363718696058E-4
<781,1239,386,op4> 4.94218187028925E-4
<782,1138,351,op8> 0.0013265224373328341
<783,1126,395,op4> 8.476005883036795E-5
<784,1162,402,op4> 4.2285159255522415E-4
<785,1127,391,op3> 1.6191011964054202E-4
<786,1128,351,op8> 0.001019327767634704
<787,1129,346,op8> 1.671596725194165E-4
<788,1238,385,op4> 5.325381616545617E-4
<789,1238,386,op4> 4.925977995304695E-4
<790,1129,351,op8> 0.0010239822323271
<791,1161,402,op4> 4.2166380718287796E-4
<792,1289,396,op8> 0.0014343853470550993
<793,1300,340,op4> 3.44634155990334E-5
<794,1128,391,op3> 1.5972214505080494E-4
<795,1307,397,op7> 8.688797406415952E-4
<796,1281,340,op8> 6.620545284173244E-4
<797,1307,398,op7> 8.795626882724347E-4
<798,1349,385,op4> 4.799850535965457E-4
<799,1308,397,op7> 8.847738822386977E-4
<800,1280,340,op8> 6.587276212393478E-4
<801,1281,359,op8> 0.0014273652676887268
<802,1309,346,op8> 1.2612957108283247E-4
<803,1309,369,op5> 2.809254966290758E-4
<804,1281,362,op8> 8.26049686832625E-4
<805,1308,364,op7> 5.693012275060472E-4
<806,1283,340,op8> 6.687083427732774E-4
<807,1155,350,op8> 0.0014610759819332169
<808,1280,359,op8> 0.0014201925779013462
<809,1309,350,op8> 7.112569296214487E-4
<810,1180,397,op7> 8.000051270541516E-4
<811,1280,362,op8> 8.218986833812048E-4
<812,1259,416,op1> 0.0024879055802372496
<813,1282,340,op8> 6.653814355953009E-4
<814,1308,353,op4> 5.028282291564923E-4
<815,1348,383,op1> 2.3221502828948664E-4
<816,1283,358,op8> 0.001460115464037064
<817,1307,344,op7> 2.2790288279123807E-4
<818,1348,382,op1> 3.9297927864374665E-4
<819,1280,392,op8> 0.0012207612797279657
<820,1283,362,op8> 8.343516937354654E-4
<821,1306,370,op5> 5.518048976264737E-4
<822,1308,344,op7> 2.320718379642486E-4
<823,1155,367,op4> 5.452391699596584E-4
<824,1309,344,op5> 1.0830862520639067E-4
<825,1307,348,op8> 3.927230834488603E-4
<826,1305,379,op7> 3.459450751393957E-4
<827,1189,398,op7> 7.562093844293492E-4
<828,1282,362,op8> 8.302006902840452E-4
<829,1284,340,op8> 6.720352499512539E-4
<830,1307,364,op7> 5.590742593472559E-4
<831,1308,348,op8> 3.99907042292437E-4
<832,1306,354,op4> 4.134191994258743E-4
<833,1306,347,op5> 8.558606575431023E-4
<834,1285,359,op8> 0.0014560560268382485
<835,1305,352,op7> 8.953872533019654E-4
<836,1282,396,op8> 0.0014711644585180506
<837,1286,358,op8> 0.0014819082321570203
<838,1286,359,op8> 0.0014632287166256293
<839,1282,392,op8> 0.00123309220174542
<840,1285,362,op8> 8.426537006383058E-4
<841,1293,351,op8> 8.750393621704309E-4
<842,1339,412,op7> 0.0013318885392866737
<843,1339,411,op7> 0.001353255735104107
<844,1222,357,op8> 0.003161619431286644
<845,1348,356,op1> 0.004144145120243146
<846,1285,358,op8> 0.001474643976117035
<847,1181,410,op6> 0.0011059970206886793
<848,1281,396,op8> 0.0014638086362254604
<849,1281,392,op8> 0.0012269267407366928
<850,1176,341,op3> 9.714874922478037E-4
<851,1286,340,op8> 6.786890643072068E-4
<852,1122,409,op6> 6.75415666910314E-4
<853,1130,340,op3> 9.267716202642707E-5
<854,1125,409,op1> 1.380225014689005E-4
<855,1178,398,op7> 8.741995011488222E-4
<856,1178,397,op7> 8.635816934425612E-4
<857,1121,409,op6> 7.594535609498461E-4
<858,1124,409,op1> 1.3738350840654447E-4
<859,1124,409,op6> 6.691906377222005E-4
<860,1259,384,op1> 2.584836966480259E-4
<861,1132,340,op3> 9.185336503063661E-5
<862,1270,415,op2> 0.0033931010170257926
<863,1188,348,op8> 3.3525141270024654E-4
<864,1221,357,op8> 0.00315206771095043
<865,1133,413,op8> 5.573099318418203E-4
<866,1314,416,op1> 0.0013552006006170383
<867,1131,358,op3> 2.014599332090878E-4
<868,1131,359,op3> 1.9892052228628415E-4
<869,1130,346,op8> 1.7095875598576685E-4
<870,1214,352,op7> 0.0018011859862934886
<871,1131,340,op3> 9.226526352853183E-5
<872,1123,409,op6> 6.785281815043707E-4
<873,1271,415,op2> 0.003409031068748918
<874,1133,358,op3> 2.6171803823144885E-4
<875,1258,383,op1> 2.1087173524817355E-4
<876,1130,358,op3> 2.023593079109141E-4
<877,1126,409,op1> 1.412174667806806E-4
<878,1177,377,op6> 7.51580896755633E-4
<879,1202,341,op3> 5.26222391634227E-4
<880,1240,357,op1> 4.374591916796439E-4
<881,1179,348,op8> 3.855391246052835E-4
<882,1121,409,op1> 1.5591430721486908E-4
<883,1179,352,op6> 0.0014672065345615367
<884,1272,416,op1> 0.0021339352741059333
<885,1177,364,op7> 5.522562805747284E-4
<886,1179,344,op7> 2.2373392761822767E-4
<887,1266,356,op1> 0.0034890045313811786
<888,1120,409,op1> 1.5655330027722513E-4
<889,1178,377,op6> 7.56220285007211E-4
<890,1200,342,op4> 3.823547149303269E-4
<891,1200,341,op3> 5.233310598120609E-4
<892,1123,409,op1> 1.3930048759361254E-4
<893,1344,404,op5> 0.0019110126324726367
<894,1179,364,op7> 5.488472911884647E-4
<895,1122,409,op1> 1.3866149453125654E-4
<896,1207,352,op7> 9.630618712840909E-4
<897,1181,352,op6> 0.001366962609839941
<898,1218,404,op5> 0.002436541106402612
<899,1177,398,op7> 8.688363140252098E-4
<900,1177,397,op7> 8.58283646243527E-4
<901,1256,415,op2> 0.003998442982504572
<902,1240,385,op4> 5.150204589685562E-4
<903,1240,386,op4> 4.763939245459146E-4
<904,1129,413,op8> 4.2133396909003606E-4
<905,1135,351,op8> 0.0013637581548720011
<906,1139,340,op3> 1.1903866589172186E-4
<907,1136,346,op8> 2.2186647443486187E-4
<908,1134,391,op3> 2.1150421034124854E-4
<909,1329,350,op8> 6.255633236429609E-4
<910,1279,395,op8> 0.0012952046430957152
<911,1243,417,op8> 0.0024546449000018406
<912,1292,376,op6> 8.375700857616608E-4
<913,1175,365,op4> 4.959293763377105E-4
<914,1137,358,op3> 2.5722116472231746E-4
<915,1137,359,op3> 2.5397888113338064E-4
<916,1192,377,op6> 5.799235314472478E-4
<917,1176,345,op6> 3.101933283373306E-4
<918,1134,351,op8> 0.0013497947607948137
<919,1128,413,op8> 4.194188146850813E-4
<920,1301,408,op7> 2.8142616823624854E-4
<921,1135,346,op8> 2.2262629112813193E-4
<922,1133,391,op3> 2.1223353520449423E-4
<923,1138,340,op3> 1.1739107190014094E-4
<924,1177,353,op4> 4.877734917565973E-4
<925,1136,358,op3> 2.626174129332751E-4
<926,1176,365,op4> 4.974097625357335E-4
<927,1136,359,op3> 2.593071094089061E-4
<928,1208,352,op7> 9.578561314393119E-4
<929,1260,356,op1> 0.0035956553249168466
<930,1176,366,op4> 4.7764513620981037E-4
<931,1138,346,op8> 2.1654775758197134E-4
<932,1218,352,op7> 0.0018584491245860568
<933,1137,351,op8> 0.00133117690202523
<934,1177,344,op7> 2.2512357934256446E-4
<935,1139,358,op3> 2.5991928882779626E-4
<936,1302,402,op4> 2.0311129867118906E-4
<937,1178,353,op4> 4.907844392365763E-4
<938,1132,358,op3> 2.005605585072615E-4
<939,1139,359,op3> 2.566429952711434E-4
<940,1130,413,op8> 4.3090974111480954E-4
<941,1177,348,op8> 3.879337775531425E-4
<942,1340,404,op5> 0.0019656129934004264
<943,1137,346,op8> 2.1730757427524143E-4

