<0,2113,691,op5> 3.9536342813561174E-4
<1,2317,729,op3> 1.8687092258542709E-4
<2,2308,716,op8> 9.857842249590058E-4
<3,2153,716,op8> 0.001714068085087031
<4,2226,711,op2> 0.0014484004763960613
<5,2112,691,op5> 3.93698740017146E-4
<6,2261,726,op6> 0.0016220953834522624
<7,2233,738,op2> 6.193687553250977E-4
<8,2224,701,op6> 3.606953339708538E-4
<9,2293,760,op2> 0.005159608138262827
<10,2128,696,op1> 0.0022258561098697717
<11,2144,714,op4> 9.13611012947709E-4
<12,2219,713,op4> 5.178746822671859E-4
<13,2205,693,op5> 0.0026890081221524064
<14,2363,757,op7> 0.025636975009162198
<15,2317,728,op3> 1.919158068846962E-4
<16,2125,722,op1> 0.0020480447354601105
<17,2167,737,op8> 2.4638368798075307E-4
<18,2178,691,op8> 7.853450019605582E-4
<19,2155,728,op3> 3.524658724779878E-4
<20,2296,731,op2> 0.004333737403398748
<21,2249,706,op2> 0.006424918832565699
<22,2265,755,op6> 0.0019693738847222676
<23,2246,705,op2> 0.0038202738943618857
<24,2243,699,op8> 0.002695612370163068
<25,2299,702,op2> 0.0022137845235540503
<26,2354,756,op6> 0.0017164685283726927
<27,2234,756,op6> 0.001994082767675574
<28,2358,728,op4> 4.258779002905872E-4
<29,2126,692,op2> 4.717856847587317E-4
<30,2224,756,op6> 0.001743552844402242
<31,2216,693,op5> 0.0030487416501995507
<32,2144,713,op4> 8.755659042535305E-4
<33,2318,721,op2> 1.807022635971625E-4
<34,2109,690,op8> 3.196737053906701E-4
<35,2131,692,op2> 4.253805354382007E-4
<36,2338,697,op6> 3.6107200782933477E-4
<37,2338,715,op5> 2.1826963576612694E-4
<38,2232,756,op6> 0.00172323960738008
<39,2255,726,op6> 0.0016432992446738606
<40,2240,706,op2> 0.008994886365591979
<41,2239,704,op2> 0.00314472885225507
<42,2217,693,op5> 0.0031027016794066224
<43,2235,727,op6> 0.001239127597053493
<44,2217,756,op6> 0.0011680111287743174
<45,2109,698,op6> 0.001025848708541266
<46,2231,711,op2> 0.0014044262683840369
<47,2288,732,op4> 0.006734782605453229
<48,2209,756,op6> 9.851919955748592E-4
<49,2123,722,op1> 0.0020705920169514142
<50,2208,714,op4> 4.754671879106195E-4
<51,2296,760,op2> 0.005079861490067112
<52,2231,703,op4> 7.75807418652281E-4
<53,2230,703,op4> 7.788438469053232E-4
<54,2258,701,op6> 5.42132645312465E-4
<55,2158,716,op8> 0.0017348761953764034
<56,2216,694,op4> 3.973928734288268E-4
<57,2257,755,op6> 0.0020299700042521835
<58,2155,717,op8> 0.001698360259243981
<59,2181,709,op8> 6.718565428467364E-4
<60,2229,756,op6> 0.0017774082394391788
<61,2141,696,op1> 0.0022996413952798196
<62,2144,700,op5> 0.0021962007387811935
<63,2146,690,op8> 0.003975713127933547
<64,2243,704,op2> 0.0030607294171364043
<65,2256,726,op6> 0.0016503671984143932
<66,2233,692,op2> 0.0016795660898488907
<67,2172,691,op8> 7.789340223527169E-4
<68,2215,693,op5> 0.0030667283266019077
<69,2140,725,op8> 4.146738918355868E-4
<70,2110,743,op5> 7.541979976139409E-5
<71,2173,697,op6> 9.528651181344539E-4
<72,2168,737,op8> 2.4567056587371765E-4
<73,2215,741,op4> 1.6162319771761033E-4
<74,2358,714,op4> 8.065091890497538E-4
<75,2358,701,op6> 3.480885067641055E-4
<76,2299,760,op2> 0.005366949423571689
<77,2297,731,op2> 0.004347344114241445
<78,2358,713,op4> 7.729240753357099E-4
<79,2133,692,op2> 4.2022440773591943E-4
<80,2145,714,op4> 0.0010109763074003957
<81,2108,690,op8> 3.3367401365595495E-4
<82,2219,693,op5> 0.0029947816209924785
<83,2133,693,op8> 4.643564183457245E-4
<84,2279,713,op7> 0.0022985352219879224
<85,2145,713,op4> 9.688766578151858E-4
<86,2163,737,op8> 2.442443216596467E-4
<87,2199,719,op1> 0.002131210448287421
<88,2217,714,op4> 5.59850443102948E-4
<89,2319,721,op2> 1.8172030451883665E-4
<90,2302,731,op2> 0.0026873253914325044
<91,2315,756,op6> 0.0012357219188481908
<92,2341,696,op1> 0.0011764653840379826
<93,2215,694,op4> 3.9973737415702047E-4
<94,2136,696,op1> 0.0025291956165555242
<95,2221,713,op4> 4.898814561986893E-4
<96,2234,711,op2> 0.001618800532442657
<97,2157,718,op3> 6.361288163218643E-4
<98,2230,711,op2> 0.0014099230443855397
<99,2315,740,op5> 6.099452543305142E-4
<100,2209,757,op4> 4.197829492381895E-4
<101,2221,756,op6> 0.001066444943663507
<102,2344,695,op8> 0.0011214209400897443
<103,2207,756,op6> 9.987341535896339E-4
<104,2208,756,op6> 9.919630745822462E-4
<105,2294,760,op2> 0.0051755574679019705
<106,2316,746,op3> 3.0310647760671077E-5
<107,2286,702,op4> 0.0035108995879887853
<108,2257,701,op6> 5.398305958631551E-4
<109,2234,738,op2> 6.214790406924746E-4
<110,2145,700,op5> 0.0024302541034825647
<111,2194,695,op1> 0.001578724952238991
<112,2357,715,op5> 3.9477648923765197E-4
<113,2228,756,op6> 0.0017706371604317914
<114,2175,691,op8> 7.682490563396482E-4
<115,2148,695,op8> 0.0012317892575678209
<116,2214,693,op5> 0.003156661708613694
<117,2248,705,op2> 0.0037836285812265194
<118,2190,719,op1> 0.0021473763935335962
<119,2136,692,op2> 5.302217987179189E-4
<120,2143,728,op4> 4.8586070314841646E-4
<121,2140,722,op1> 0.00216078114291663
<122,2173,691,op8> 7.810710155553308E-4
<123,2141,725,op8> 4.0457748403437246E-4
<124,2211,693,op5> 0.003138675032211337
<125,2174,697,op6> 9.346159913849568E-4
<126,2143,707,op8> 7.5584077502158E-4
<127,2270,701,op6> 8.09170381432405E-4
<128,2146,714,op4> 0.001007730797585306
<129,2205,756,op6> 0.0010122763116044084
<130,2218,693,op5> 0.003084715003004265
<131,2230,692,op2> 0.0014678320342290986
<132,2146,713,op4> 9.657662993631304E-4
<133,2143,741,op4> 2.6874003843368056E-4
<134,2228,711,op2> 0.0014374069243930554
<135,2169,737,op8> 2.4709681008778855E-4
<136,2176,691,op8> 7.703860495422619E-4
<137,2112,715,op5> 3.727131325537113E-4
<138,2317,746,op3> 3.047950930808428E-5
<139,2233,703,op4> 8.911916922678843E-4
<140,2148,729,op3> 3.235299906257394E-4
<141,2232,701,op6> 3.5649305823527103E-4
<142,2235,711,op2> 0.00162429730844416
<143,2237,705,op2> 0.0054509903288856645
<144,2295,760,op2> 0.005063912160427968
<145,2152,695,op8> 0.0012948568675552937
<146,2246,699,op8> 0.0019280795169090898
<147,2316,758,op3> 3.012251270560484E-4
<148,2231,738,op2> 5.391779113647785E-4
<149,2298,731,op2> 0.0043609508250841405
<150,2178,709,op8> 6.388286662255513E-4
<151,2338,737,op5> 7.693844639028872E-5
<152,2233,711,op2> 0.0016133037564411538
<153,2297,760,op2> 0.005095810819706255
<154,2195,695,op1> 0.001574702723061312
<155,2128,725,op8> 3.9159638828995414E-4
<156,2105,690,op8> 3.3522960346320875E-4
<157,2170,691,op8> 7.746600359474895E-4
<158,2113,698,op6> 0.0011855915731316337
<159,2262,726,op6> 0.0016008915222306642
<160,2224,727,op6> 0.0010797812393951757
<161,2122,720,op6> 0.020143938602592767
<162,2358,741,op4> 2.355622559110039E-4
<163,2252,706,op2> 0.006270101511299057
<164,2258,726,op6> 0.0016645031058954592
<165,2218,727,op6> 7.191552720631947E-4
<166,2255,755,op6> 0.002012656827243636
<167,2127,722,op1> 0.002025497453968806
<168,2273,755,op6> 0.0030687606247650273
<169,2256,755,op6> 0.002021313415747909
<170,2278,714,op7> 0.0024049198030196713
<171,2218,694,op4> 4.0208187488521407E-4
<172,2288,702,op4> 0.002951393677552326
<173,2254,699,op8> 0.0018541004467159353
<174,2157,694,op3> 4.86543105686472E-4
<175,2146,700,op5> 0.002422452324659185
<176,2225,738,op2> 5.455087674669089E-4
<177,2196,695,op1> 0.0015867694105943493
<178,2230,738,op2> 5.412881967321553E-4
<179,2114,698,op6> 0.0011905835376500827
<180,2242,705,op2> 0.0053593770460472505
<181,2144,707,op8> 7.505085649685178E-4
<182,2220,713,op4> 4.8677109774663424E-4
<183,2142,725,op8> 4.016927960911684E-4
<184,2222,693,op5> 0.004667542526411702
<185,2175,697,op6> 9.372230094920278E-4
<186,2352,692,op2> 5.233469617815438E-4
<187,2247,705,op2> 0.0038385965509295686
<188,2357,743,op5> 9.470004932445726E-5
<189,2139,721,op2> 3.089754197281061E-4
<190,2236,699,op8> 0.0027418492890337906
<191,2144,728,op4> 4.824331144136833E-4
<192,2152,716,op8> 0.001708866057514688
<193,2259,755,op6> 0.0020040002387393626
<194,2274,713,op7> 0.002217447140886584
<195,2174,691,op8> 7.661120631370344E-4
<196,2132,722,op1> 0.0018451192020383746
<197,2223,711,op2> 0.0014319101483915523
<198,2146,728,op4> 5.321331510673132E-4
<199,2297,702,op2> 0.002101943997847011
<200,2283,713,op7> 0.002329722945488436
<201,2239,699,op8> 0.002769591440356223
<202,2281,713,op7> 0.0023421980348886425
<203,2203,719,op1> 8.163802349318443E-4
<204,2118,715,op5> 3.8216885684682874E-4
<205,2358,727,op6> 0.0010420413125813638
<206,2290,702,op4> 0.003053969761132344
<207,2143,757,op4> 8.179276021238951E-4
<208,2150,716,op8> 0.0016932599747976587
<209,2144,741,op4> 2.668441651466704E-4
<210,2271,701,op6> 8.114724308817149E-4
<211,2284,694,op7> 0.0017795880661238383
<212,2232,703,op4> 7.727709903992388E-4
<213,2187,719,op1> 0.0020503807220565457
<214,2299,731,op2> 0.004578658198567281
<215,2303,691,op5> 3.1878777468618804E-4
<216,2268,755,op6> 0.0030341342707479327
<217,2234,692,op2> 0.001685288631892669
<218,2212,693,op5> 0.0031206883558089803
<219,2231,701,op6> 3.578938168137986E-4
<220,2317,758,op3> 3.029032614686169E-4
<221,2322,691,op5> 2.655177548952845E-4
<222,2212,756,op6> 0.001174782207781705
<223,2232,711,op2> 0.0013989294923825338
<224,2278,718,op7> 0.0022713904212441427
<225,2154,716,op8> 0.0017192701126593742
<226,2222,740,op5> 8.67292019171334E-4
<227,2193,719,op1> 0.002098878557795071
<228,2104,737,op5> 1.1804635276488339E-4
<229,2279,694,op7> 0.0017325712083662733
<230,2226,756,op6> 0.001784179318446566
<231,2257,726,op6> 0.0016574351521549263
<232,2357,737,op5> 1.391558182004861E-4
<233,2122,696,op6> 0.021018969419718973
<234,2228,703,op4> 7.940259881705342E-4
<235,2221,741,op4> 1.4930002135204475E-4
<236,2210,756,op6> 9.039390474862109E-4
<237,2147,718,op3> 5.961924780774423E-4
<238,2217,694,op4> 4.0442637561340783E-4
<239,2342,694,op4> 3.340913537675977E-4
<240,2259,701,op6> 5.329244475152257E-4
<241,2318,725,op8> 2.560160549593623E-4
<242,2160,745,op8> 1.883084750643331E-4
<243,2230,701,op6> 3.5929457539232614E-4
<244,2140,696,op1> 0.0023570299505987456
<245,2204,719,op1> 8.109915865164524E-4
<246,2205,727,op6> 6.269021176294322E-4
<247,2271,726,op6> 0.0024914536935377886
<248,2145,707,op8> 8.304917157644521E-4
<249,2145,728,op4> 5.338469454346798E-4
<250,2213,741,op4> 1.6731081757864063E-4
<251,2340,693,op8> 2.744355928464507E-4
<252,2176,697,op6> 9.398300275990987E-4
<253,2212,694,op4> 4.067708763416015E-4
<254,2251,706,op2> 0.006301064975552385
<255,2166,709,op8> 5.936326245334037E-4
<256,2267,755,op6> 0.0030081645052351122
<257,2171,737,op8> 2.592198859073915E-4
<258,2235,701,op6> 4.139241599549021E-4
<259,2235,703,op4> 8.972645487739689E-4
<260,2159,744,op8> 3.9395102496988366E-4
<261,2235,692,op2> 0.0016910111739364471
<262,2298,702,op2> 0.002108522852300366
<263,2207,741,op4> 1.3982065491699428E-4
<264,2286,732,op4> 0.008011518644401708
<265,2191,695,op1> 0.001598836098127386
<266,2236,705,op2> 0.005432667672317982
<267,2209,728,op4> 2.4935708045183277E-4
<268,2206,757,op4> 4.28438267779183E-4
<269,2244,699,op8> 0.0019465742844573786
<270,2290,732,op4> 0.006968850879260451
<271,2145,741,op4> 2.9528226445182183E-4
<272,2234,701,op6> 4.1252340137637455E-4
<273,2279,718,op7> 0.0022652432211866485
<274,2332,727,op6> 5.723888900094815E-4
<275,2358,756,op6> 0.001682613133335756
<276,2208,727,op6> 6.14322142024828E-4
<277,2272,701,op6> 8.137744803310247E-4
<278,2292,731,op2> 0.004388164246769533
<279,2237,699,op8> 0.0027510966728079345
<280,2158,695,op8> 0.0013145654956763788
<281,2166,708,op8> 1.754559224730128E-4
<282,2270,726,op6> 0.002484385739797256
<283,2241,699,op8> 0.00267711760261478
<284,2144,757,op4> 8.121573897632325E-4
<285,2345,697,op6> 7.521247238899861E-4
<286,2295,702,op2> 0.0020887862889403
<287,2322,690,op8> 2.481165742569921E-4
<288,2219,756,op6> 0.0011273846547299932
<289,2206,714,op4> 4.819582075407985E-4
<290,2238,699,op8> 0.002760344056582078
<291,2291,731,op2> 0.004374557535926837
<292,2281,718,op7> 0.0023082736215891088
<293,2206,740,op5> 4.963116179072951E-4
<294,2220,756,op6> 0.00105967386465612
<295,2223,727,op6> 0.0010923612149997797
<296,2344,717,op8> 0.0014575671003164783
<297,2146,707,op8> 8.27825610737921E-4
<298,2319,725,op8> 2.5745839893096434E-4
<299,2150,694,op3> 4.7345225979356244E-4
<300,2231,727,op6> 0.0010713945889921064
<301,2147,729,op3> 3.245652865957418E-4
<302,2125,696,op1> 0.0022340544749153333
<303,2217,757,op4> 4.97680816107132E-4
<304,2147,728,op3> 3.333274540628934E-4
<305,2148,718,op3> 5.942907476848507E-4
<306,2206,741,op4> 1.407685915604993E-4
<307,2209,713,op4> 4.5255715477402733E-4
<308,2365,692,op2> 0.0012503754365655283
<309,2209,714,op4> 4.722216780955299E-4
<310,2151,716,op8> 0.0016984620023700015
<311,2191,719,op1> 0.002141987745118205
<312,2276,718,op7> 0.002197624020554211
<313,2211,694,op4> 4.091153770697951E-4
<314,2232,738,op2> 5.370676259974017E-4
<315,2209,701,op6> 2.0381037317576401E-4
<316,2205,757,op4> 4.313233739595143E-4
<317,2332,756,op6> 9.24252284508373E-4
<318,2146,741,op4> 2.943343278083168E-4
<319,2173,709,op8> 6.353520476338479E-4
<320,2198,719,op1> 0.002136599096702813
<321,2233,701,op6> 4.111226427978469E-4
<322,2234,703,op4> 8.942281205209267E-4
<323,2280,694,op7> 0.0017607813230208125
<324,2266,726,op6> 0.0024631818785756576
<325,2227,727,op6> 0.0011091345158059185
<326,2287,702,op4> 0.0035202246864960603
<327,2306,696,op1> 0.0015945820013615862
<328,2112,698,op6> 0.0011805996086131846
<329,2218,741,op4> 1.6257113436111536E-4
<330,2331,727,op6> 7.023819712570561E-4
<331,2296,702,op2> 0.0020953651433936555
<332,2285,713,op7> 0.002367148213689054
<333,2302,702,op2> 0.001299323754537667
<334,2152,717,op8> 0.0016829904831422255
<335,2220,727,op6> 6.562553940401748E-4
<336,2208,728,op4> 2.5107087481919933E-4
<337,2358,757,op4> 7.16948885812303E-4
<338,2273,701,op6> 8.160765297803345E-4
<339,2207,727,op6> 6.185154672263629E-4
<340,2145,757,op4> 8.987105751731687E-4
<341,2298,760,op2> 0.005111760149345398
<342,2164,737,op8> 2.4495744376668217E-4
<343,2167,708,op8> 1.7751104308763078E-4
<344,2167,709,op8> 6.005858617168109E-4
<345,2293,731,op2> 0.004401770957612229
<346,2199,695,op1> 0.001590791639772028
<347,2180,691,op8> 7.960299679736272E-4
<348,2248,699,op8> 0.0019095847493608013
<349,2323,691,op8> 3.429874090195092E-4
<350,2205,740,op5> 4.996537836844487E-4
<351,2322,715,op5> 2.5136467079203787E-4
<352,2325,694,op4> 3.809813683314712E-4
<353,2159,717,op8> 0.0017034835179445661
<354,2210,693,op5> 0.0024012212997146904
<355,2151,694,op3> 4.749067982261078E-4
<356,2148,728,op3> 3.3226420859538817E-4
<357,2260,701,op6> 5.306223980659157E-4
<358,2149,718,op3> 5.98094208470034E-4
<359,2230,727,op6> 0.0010755879141936412
<360,2231,756,op6> 0.0017300106863874674
<361,2208,757,op4> 4.226680554185207E-4
<362,2224,692,op2> 0.0014735545762728768
<363,2214,694,op4> 4.1145987779798873E-4
<364,2227,738,op2> 5.581704796711701E-4
<365,2235,738,op2> 6.235893260598516E-4
<366,2291,702,op2> 0.0021151017067537214
<367,2160,729,op3> 3.514829818158033E-4
<368,2168,709,op8> 5.988475524209591E-4
<369,2128,693,op8> 5.156350412305284E-4
<370,2365,711,op2> 0.0012010455563284225
<371,2272,726,op6> 0.0024985216472783213
<372,2300,760,op2> 0.003118093944452497
<373,2150,695,op8> 0.0012830316906826424
<374,2147,695,op8> 0.001235730983192038
<375,2209,740,op5> 4.862851205758347E-4
<376,2292,760,op2> 0.005143658808623685
<377,2165,737,op8> 2.4281807744557576E-4
<378,2222,756,op6> 0.0017570950024170169
<379,2238,704,op2> 0.003134228922865237
<380,2168,708,op8> 1.7699726293397632E-4
<381,2146,757,op4> 8.958254689928373E-4
<382,2294,731,op2> 0.004415377668454925
<383,2251,699,op8> 0.0018818425980383685
<384,2170,697,op6> 9.450440638132406E-4
<385,2291,760,op2> 0.0051277094789845415
<386,2308,744,op8> 2.2452246385501638E-4
<387,2152,694,op3> 4.7781587509119886E-4
<388,2213,693,op5> 0.003174648385016051
<389,2147,717,op8> 0.001606141602633448
<390,2343,695,op8> 0.0011253626657139614
<391,2147,716,op8> 0.0016308356439295423
<392,2209,741,op4> 1.379247816299842E-4
<393,2153,728,op3> 3.5033938154297725E-4
<394,2253,699,op8> 0.0018633478304900797
<395,2256,701,op6> 5.375285464138452E-4
<396,2149,729,op3> 3.256005825657442E-4
<397,2179,737,op8> 2.6135925222849787E-4
<398,2149,728,op3> 3.3439069953039867E-4
<399,2230,756,op6> 0.0017367817653948547
<400,2233,727,op6> 0.0012307409466504235
<401,2147,746,op3> 5.293809511404112E-5
<402,2207,757,op4> 4.255531615988519E-4
<403,2206,756,op6> 0.0010055052325970211
<404,2111,698,op6> 9.909049569121232E-4
<405,2213,694,op4> 4.138043785261825E-4
<406,2110,698,op6> 9.95896921430572E-4
<407,2169,708,op8> 1.780248232412853E-4
<408,2124,692,op2> 4.752231032269192E-4
<409,2169,709,op8> 6.023241710126627E-4
<410,2151,695,op8> 0.001286973416306859
<411,2208,740,op5> 4.896272863529882E-4
<412,2141,693,op8> 5.327279155254632E-4
<413,2261,701,op6> 5.283203486166058E-4
<414,2149,716,op8> 0.0016360376715018857
<415,2339,698,op6> 6.963790503236332E-4
<416,2319,692,op2> 3.067895982857326E-4
<417,2320,703,op4> 5.693302974454117E-4
<418,2273,726,op6> 0.002505589601018854
<419,2171,697,op6> 9.476510819203118E-4
<420,2270,755,op6> 0.0030427908592522064
<421,2209,727,op6> 6.101288168232935E-4
<422,2295,731,op2> 0.004320130692556052
<423,2166,737,op8> 2.4353119955261126E-4
<424,2171,691,op8> 7.767970291501033E-4
<425,2331,756,op6> 0.0011341557337373807
<426,2250,699,op8> 0.0018910899818125127
<427,2275,718,op7> 0.002191476820496717
<428,2172,697,op6> 9.502581000273827E-4
<429,2271,755,op6> 0.0030514474477564804
<430,2153,694,op3> 4.7927041352374434E-4
<431,2182,697,op6> 0.001010219516490016
<432,2148,717,op8> 0.0016010183439328627
<433,2207,740,op5> 4.929694521301417E-4
<434,2156,718,op3> 6.380305467144559E-4
<435,2148,716,op8> 0.0016256336163571992
<436,2302,760,op2> 0.003149992603730783
<437,2210,713,op4> 4.152328533493653E-4
<438,2325,690,op8> 0.0020806872247639344
<439,2274,718,op7> 0.0021853296204392227
<440,2208,741,op4> 1.3887271827348922E-4
<441,2255,701,op6> 5.352264969645353E-4
<442,2104,698,op6> 0.001060792460170409
<443,2119,698,op6> 0.0012155433602423274
<444,2221,693,op5> 0.002832901533371264
<445,2232,727,op6> 0.001067201263790572
<446,2148,746,op3> 5.276923356662791E-5
<447,2274,714,op7> 0.002313799702228669
<448,2224,711,op2> 0.0014154198203870428
<449,2147,758,op3> 5.260951383402293E-4
<450,2162,709,op8> 5.884176966458481E-4
<451,2275,714,op7> 0.0023203082808565976
<452,2227,711,op2> 0.0014538972523975649
<453,2129,722,op1> 0.002002950172477502
<454,2275,713,op7> 0.002223684685586687
<455,2160,758,op3> 5.697266330670108E-4
<456,2226,701,op6> 3.690998854420193E-4
<457,2227,703,op4> 8.031352729296609E-4
<458,2129,696,op1> 0.002184864284641968
<459,2121,743,op5> 8.487090248838584E-5
<460,2349,693,op5> 0.0050812360836659165
<461,2186,747,op1> 1.5540841935589138E-4
<462,2222,757,op4> 7.486850537959462E-4
<463,2204,747,op1> 6.0988180216588403E-5
<464,2227,692,op2> 0.0015136123705793243
<465,2242,699,op8> 0.0027048597539372126
<466,2122,737,op5> 1.2415698749624205E-4
<467,2144,690,op8> 0.0036043904847449077
<468,2300,731,op2> 0.002660111969747112
<469,2205,728,op4> 2.5621225792129903E-4
<470,2125,721,op2> 2.774161511562073E-4
<471,2162,708,op8> 1.739145820120493E-4
<472,2206,713,op4> 4.6188823013019277E-4
<473,2206,701,op6> 2.0801264891134674E-4
<474,2276,714,op7> 0.0023268168594845267
<475,2283,718,op7> 0.00229597922147412
<476,2276,713,op7> 0.00222992223028679
<477,2222,741,op4> 2.459895589895594E-4
<478,2124,722,op1> 0.0020781077774485153
<479,2224,738,op2> 5.433984820995321E-4
<480,2181,691,op8> 8.259478728102199E-4
<481,2225,701,op6> 3.6209609254938136E-4
<482,2226,703,op4> 8.000988446766185E-4
<483,2203,747,op1> 6.13934172944395E-5
<484,2192,719,op1> 0.0021042672062104627
<485,2221,757,op4> 4.544042234021639E-4
<486,2120,743,op5> 8.373677016114684E-5
<487,2272,755,op6> 0.0030601040362607536
<488,2205,714,op4> 4.8520371735588815E-4
<489,2121,737,op5> 1.247124997445474E-4
<490,2205,701,op6> 2.0941340748987434E-4
<491,2222,727,op6> 0.0010881678897982452
<492,2124,721,op2> 2.814883148429038E-4
<493,2163,709,op8> 5.953709338292554E-4
<494,2128,692,op2> 4.6662955705645054E-4
<495,2163,708,op8> 1.759697026266673E-4
<496,2250,704,op2> 0.002147235560220908
<497,2245,704,op2> 0.0022207350659497406
<498,2221,740,op5> 5.263911099016766E-4
<499,2258,755,op6> 0.002038626592756457
<500,2225,692,op2> 0.0014792771183166548
<501,2205,713,op4> 4.6499858858224804E-4
<502,2228,701,op6> 3.6629836828496414E-4
<503,2136,722,op1> 0.0023186121133557582
<504,2167,691,op8> 7.383311515030555E-4
<505,2116,698,op6> 0.0012005674666869806
<506,2254,704,op2> 0.0021052358426615746
<507,2130,696,op1> 0.0020454920788674333
<508,2277,718,op7> 0.002277537621301637
<509,2211,728,op4> 2.990571171054627E-4
<510,2229,703,op4> 7.970624164235764E-4
<511,2229,711,op2> 0.0014429037003945583
<512,2123,725,op8> 3.973657641763624E-4
<513,2231,692,op2> 0.0014621094921853206
<514,2277,714,op7> 0.0024114283816475996
<515,2188,719,op1> 0.0020557693704719372
<516,2226,727,op6> 0.0011049411906043837
<517,2234,727,op6> 0.0012349342718519585
<518,2223,756,op6> 0.0017638660814244041
<519,2160,744,op8> 4.022447307587233E-4
<520,2130,692,op2> 4.288179539063882E-4
<521,2207,728,op4> 2.527846691865659E-4
<522,2127,721,op2> 2.743620283911848E-4
<523,2138,696,op1> 0.0024718070612365973
<524,2219,757,op4> 4.803701790251446E-4
<525,2206,727,op6> 6.227087924278974E-4
<526,2143,690,op8> 0.0036299989428958484
<527,2208,713,op4> 4.556675132260825E-4
<528,2157,758,op3> 5.613359610041682E-4
<529,2210,694,op4> 3.129908472138547E-4
<530,2208,701,op6> 2.0521113175429154E-4
<531,2277,713,op7> 0.0023110103113881276
<532,2164,708,op8> 1.7648348278032178E-4
<533,2163,697,op6> 8.929037016718206E-4
<534,2110,715,op5> 3.144028327461539E-4
<535,2145,690,op8> 0.003988517357009018
<536,2161,737,op8> 2.4067871112446937E-4
<537,2205,741,op4> 1.4171652820400436E-4
<538,2164,709,op8> 5.971092431251073E-4
<539,2126,722,op1> 0.002063076256454313
<540,2253,705,op2> 0.0036920152983881058
<541,2332,692,op2> 7.811269889757193E-4
<542,2225,727,op6> 0.0010839745645967104
<543,2349,756,op6> 0.0019128298195869255
<544,2122,743,op5> 8.449285837930618E-5
<545,2226,738,op2> 5.560601943037931E-4
<546,2227,701,op6> 3.705006440205469E-4
<547,2343,716,op8> 0.0014851788719039375
<548,2162,737,op8> 2.4139183323150488E-4
<549,2126,721,op2> 2.794522329995556E-4
<550,2130,722,op1> 0.0018751822440267799
<551,2252,699,op8> 0.0018725952142642245
<552,2206,728,op4> 2.544984635539324E-4
<553,2207,714,op4> 4.787126977257091E-4
<554,2207,701,op6> 2.0661189033281915E-4
<555,2215,727,op6> 7.1496194686166E-4
<556,2278,713,op7> 0.0023047727666880248
<557,2207,713,op4> 4.587778716781377E-4
<558,2165,709,op8> 5.918943152375517E-4
<559,2224,703,op4> 7.818802751583655E-4
<560,2165,708,op8> 1.7494214231935826E-4
<561,2225,756,op6> 0.0017503239234096294
<562,2192,747,op1> 1.58245078900849E-4
<563,2228,727,op6> 0.0010965545402013145
<564,2233,756,op6> 0.0019873116886681866
<565,2195,719,op1> 0.0021096558546258542
<566,2200,747,op1> 6.260912852799274E-5
<567,2160,718,op3> 6.45637468284822E-4
<568,2285,714,op7> 0.002470005589298959
<569,2229,738,op2> 5.539499089364162E-4
<570,2281,694,op7> 0.0017654830087965687
<571,2279,714,op7> 0.0023984112243917426
<572,2120,715,op5> 3.490738218209178E-4
<573,2140,721,op2> 2.9268676498131956E-4
<574,2196,719,op1> 0.00212582179987203
<575,2193,747,op1> 1.5783984182299787E-4
<576,2141,722,op1> 0.002108170819436921
<577,2315,701,op6> 2.556384405812847E-4
<578,2232,692,op2> 0.0014563869501415425
<579,2229,701,op6> 3.676991268634917E-4
<580,2160,728,op3> 3.6097183621802974E-4
<581,2282,694,op7> 0.0017466762656935426
<582,2228,738,op2> 5.518396235690394E-4
<583,2202,719,op1> 8.217688833472358E-4
<584,2141,721,op2> 2.8556047852960046E-4
<585,2338,743,op5> 5.235910910753425E-5
<586,2190,747,op1> 1.6148697552365764E-4
<587,2315,693,op5> 0.0032825684434301945
<588,2227,756,op6> 0.0017909503974539536
<589,2346,697,op6> 7.469106876758442E-4
<590,2202,747,op1> 6.179865437229059E-5
<591,2276,694,op7> 0.0016808526648329518
<592,2142,722,op1> 0.002093139298442718
<593,2283,694,op7> 0.0017560796372450556
<594,2123,721,op2> 2.804702739212297E-4
<595,2122,715,op5> 3.522257299186236E-4
<596,2316,718,op3> 3.4136060547017836E-4
<597,2198,747,op1> 1.606765013679555E-4
<598,2244,706,op2> 0.0065178092253256855
<599,2142,721,op2> 2.835243966862522E-4
<600,2120,737,op5> 1.230459629996314E-4
<601,2194,719,op1> 0.002115044503041246
<602,2222,728,op4> 4.4472963833161927E-4
<603,2191,747,op1> 1.610817384458066E-4
<604,2229,727,op6> 0.001100747865402849
<605,2315,727,op6> 7.652818492800759E-4
<606,2143,700,op5> 0.002211804296427952
<607,2160,746,op3> 5.732849534678456E-5
<608,2201,747,op1> 6.220389145014165E-5
<609,2161,708,op8> 1.7340080185839477E-4
<610,2161,709,op8> 5.866793873499962E-4
<611,2160,716,op8> 0.0017660883608104612
<612,2160,717,op8> 0.0017393463288486624
<613,2143,713,op4> 8.81786621157641E-4
<614,2156,729,op3> 3.473417979357938E-4
<615,2218,714,op4> 5.566049332878583E-4
<616,2143,714,op4> 9.201020325778883E-4
<617,2316,728,op3> 1.9085256141719098E-4
<618,2317,718,op3> 3.4326233586276983E-4
<619,2316,729,op3> 1.8583562661542472E-4
<620,2121,715,op5> 3.538016839674765E-4
<621,2139,722,op1> 0.002281033310870251
<622,2216,727,op6> 7.107686216601255E-4
<623,2190,695,op1> 0.0016028583273050645
<624,2182,737,op8> 2.7633481647624267E-4
<625,2185,709,op8> 6.649033056633291E-4
<626,2185,708,op8> 1.9652090877284742E-4
<627,2245,699,op8> 0.0019558216682315226
<628,2132,693,op8> 4.662556266007173E-4
<629,2307,692,op2> 3.2397669062667E-4
<630,2365,756,op6> 0.0014794807631141353
<631,2129,725,op8> 3.8438466843194395E-4
<632,2135,696,op1> 0.0025209972515099627
<633,2135,692,op2> 5.285030894838251E-4
<634,2104,715,op5> 3.3489023538124164E-4
<635,2184,709,op8> 6.701182335508845E-4
<636,2184,708,op8> 1.9806224923381093E-4
<637,2181,737,op8> 2.7562169436920713E-4
<638,2285,694,op7> 0.0017842897518995948
<639,2105,715,op5> 3.396180975278003E-4
<640,2180,737,op8> 2.656379848707107E-4
<641,2183,709,op8> 6.683799242550326E-4
<642,2320,701,op6> 2.626422334739227E-4
<643,2183,708,op8> 1.975484690801564E-4
<644,2134,693,op8> 5.821073301552742E-4
<645,2247,699,op8> 0.0019373269006832344
<646,2137,696,op1> 0.002537393981601085
<647,2200,719,op1> 8.325461801780192E-4
<648,2186,719,op1> 0.0020665466673027207
<649,2198,695,op1> 0.0015948138689497072
<650,2137,692,op2> 5.319405079520125E-4
<651,2106,715,op5> 3.411940515766532E-4
<652,2135,693,op8> 5.840065384102672E-4
<653,2182,709,op8> 6.735948521425882E-4
<654,2182,708,op8> 1.9908980954111993E-4
<655,2139,696,op1> 0.0024882037913277195
<656,2201,719,op1> 8.271575317626276E-4
<657,2220,714,op4> 5.07922286061515E-4
<658,2220,701,op6> 2.1921871753956748E-4
<659,2138,692,op2> 5.181908340792627E-4
<660,2104,743,op5> 8.03343731794298E-5
<661,2125,725,op8> 3.930387322615562E-4
<662,2249,699,op8> 0.0019188321331349454
<663,2107,715,op5> 3.364661894300946E-4
<664,2189,747,op1> 1.574346047451468E-4
<665,2192,695,op1> 0.0015706804938836333
<666,2215,713,op4> 5.303161160754066E-4
<667,2128,721,op2> 2.7639811023453306E-4
<668,2105,737,op5> 1.1971288950979939E-4
<669,2221,714,op4> 5.111677958766045E-4
<670,2221,701,op6> 2.20619476118095E-4
<671,2131,696,op1> 0.002029095348776311
<672,2124,725,op8> 3.9880810814796433E-4
<673,2128,722,op1> 0.002040528974963009
<674,2105,743,op5> 8.14685055066688E-5
<675,2177,708,op8> 1.8573152554610285E-4
<676,2126,725,op8> 3.9592342020476027E-4
<677,2185,737,op8> 2.727692059410653E-4
<678,2110,691,op5> 3.3210527963391386E-4
<679,2132,692,op2> 4.2194311697001325E-4
<680,2106,737,op5> 1.2026840175810472E-4
<681,2220,728,op4> 2.682088184928648E-4
<682,2188,747,op1> 1.545979452001892E-4
<683,2108,715,op5> 3.380421434789475E-4
<684,2193,695,op1> 0.0015666582647059543
<685,2129,721,op2> 2.713079056261623E-4
<686,2222,713,op4> 8.071380183083168E-4
<687,2223,703,op4> 7.90989559917492E-4
<688,2222,714,op4> 8.422097970157389E-4
<689,2222,701,op6> 3.63496851127909E-4
<690,2350,694,op3> 4.370887989799248E-4
<691,2132,696,op1> 0.00201269861868519
<692,2130,693,op8> 4.738524596206882E-4
<693,2280,714,op7> 0.0024374626961593156
<694,2111,691,op5> 3.3044059151544816E-4
<695,2106,743,op5> 8.184654961574849E-5
<696,2127,725,op8> 3.887117003467501E-4
<697,2109,715,op5> 3.238585570392714E-4
<698,2184,737,op8> 2.749085722621717E-4
<699,2213,714,op4> 5.728324823633061E-4
<700,2221,728,op4> 2.699226128602314E-4
<701,2107,737,op5> 1.1860186501318875E-4
<702,2187,747,op1> 1.5419270812233813E-4
<703,2220,741,op4> 1.483520847085397E-4
<704,2223,701,op6> 3.6489760970643653E-4
<705,2110,690,op8> 3.1034016654714683E-4
<706,2133,696,op1> 0.002004500253639629
<707,2131,693,op8> 4.700540431107027E-4
<708,2280,713,op7> 0.0023359604901885397
<709,2220,740,op5> 5.230489441245232E-4
<710,2107,743,op5> 8.071241728850949E-5
<711,2221,727,op6> 6.604487192417094E-4
<712,2321,756,op6> 0.0010732160226708948
<713,2134,692,op2> 5.267843802497314E-4
<714,2108,737,op5> 1.1915737726149408E-4
<715,2183,737,op8> 2.741954501551362E-4
<716,2189,719,op1> 0.0020934899093796797
<717,2225,703,op4> 7.849167034114075E-4
<718,2220,757,op4> 4.515191172218327E-4
<719,2152,758,op3> 5.512671545287571E-4
<720,2111,690,op8> 3.0878457673989303E-4
<721,2223,738,op2> 5.497293382016627E-4
<722,2223,692,op2> 0.0014907222024042115
<723,2134,696,op1> 0.002512798886464402
<724,2225,711,op2> 0.001420916596388546
<725,2149,758,op3> 5.277732727527979E-4
<726,2112,690,op8> 3.6789698941554E-4
<727,2155,694,op3> 4.8217949038883545E-4
<728,2331,711,op2> 9.207099802517659E-4
<729,2148,745,op8> 1.7333254332136698E-4
<730,2208,693,op5> 0.0026350480929453342
<731,2153,695,op8> 0.0012987985931795104
<732,2282,713,op7> 0.002317247856088231
<733,2148,744,op8> 3.7025472271605604E-4
<734,2318,692,op2> 3.050708890516389E-4
<735,2178,708,op8> 1.8881420646802986E-4
<736,2109,737,op5> 1.1415776702674607E-4
<737,2350,718,op3> 5.714699829737525E-4
<738,2108,743,op5> 8.109046139758916E-5
<739,2317,694,op3> 2.6254418707446396E-4
<740,2287,732,op4> 0.008032797578384184
<741,2115,691,op5> 3.9869280437254326E-4
<742,2148,758,op3> 5.244170039276607E-4
<743,2331,701,op6> 2.346270619033709E-4
<744,2154,694,op3> 4.807249519562899E-4
<745,2309,744,op8> 2.2570727896770778E-4
<746,2309,745,op8> 1.0566351840870533E-4
<747,2149,746,op3> 5.310695666145433E-5
<748,2149,717,op8> 0.0016112648613340334
<749,2332,711,op2> 7.503099242051704E-4
<750,2113,690,op8> 3.694525792227939E-4
<751,2147,745,op8> 1.7388720745999537E-4

