<0,80,34,op2> 4.66063060413356E-5
<1,132,53,op5> 0.0010454748004058846
<2,155,9,op3> 0.004604092163754197
<3,105,10,op1> 0.001596255350210054
<4,80,35,op2> 3.334285135763535E-5
<5,135,8,op2> 0.002239678201748098
<6,171,2,op7> 4.1096529768626085E-4
<7,101,14,op2> 0.0011387345454026009
<8,98,68,op6> 0.0013065297688799596
<9,29,44,op7> 2.794721823683587E-4
<10,31,12,op3> 0.0036590779041792837
<11,174,17,op4> 0.002680852095593476
<12,228,68,op6> 8.840590651702721E-4
<13,198,33,op6> 4.8109984672604716E-4
<14,213,57,op7> 5.776679990612711E-4
<15,53,4,op2> 1.4379321097680135E-4
<16,145,13,op6> 0.0028207523303192825
<17,144,14,op2> 0.0010461266155054017
<18,134,8,op2> 0.002231736080465303
<19,39,58,op7> 1.5470211947421093E-4
<20,178,56,op8> 6.924702017804079E-4
<21,191,74,op3> 0.020674897728514243
<22,207,18,op5> 0.0022524028389893313
<23,148,18,op5> 0.004378108018285513
<24,43,11,op3> 0.0015498252991788329
<25,170,2,op8> 4.6293821286514834E-4
<26,80,21,op5> 2.720277747764384E-4
<27,150,9,op3> 0.0047746140957450915
<28,36,80,op7> 5.311886097306981E-5
<29,80,20,op5> 2.758840456533638E-4
<30,109,10,op1> 0.0015767292908802676
<31,141,13,op6> 0.0029682426482444727
<32,136,15,op2> 0.037502028413780676
<33,36,73,op3> 0.0019034867640497718
<34,133,0,op5> 4.755674849294002E-4
<35,30,37,op3> 3.5547985735435387E-4
<36,154,67,op3> 0.00231453763803892
<37,53,2,op1> 1.6108951636417573E-4
<38,92,69,op6> 0.0012817098813448216
<39,178,57,op7> 5.987288115270466E-4
<40,107,49,op1> 0.0014738974983871996
<41,133,8,op2> 0.002263504565596482
<42,197,69,op6> 0.001315637495851008
<43,172,2,op7> 4.1675354131564483E-4
<44,169,22,op7> 2.2589782481084476E-4
<45,74,55,op5> 2.597454002117434E-4
<46,241,16,op2> 0.01078293423053543
<47,236,8,op2> 0.0029385848746340294
<48,147,13,op6> 0.0028484067649302554
<49,54,4,op2> 1.4424681732057675E-4
<50,27,25,op1> 7.678002222939205E-5
<51,180,18,op5> 0.003251906598790848
<52,136,78,op2> 0.0032199934015705823
<53,33,73,op3> 0.0019185938018596905
<54,30,11,op3> 0.0019427387553086783
<55,174,46,op4> 0.003581018288917334
<56,91,69,op6> 0.0012854796162899533
<57,167,46,op4> 0.002811266694103328
<58,245,57,op7> 0.001074101435754551
<59,153,67,op3> 0.0023483265086672255
<60,97,10,op6> 0.004022520232700597
<61,29,11,op3> 0.0018226818659356698
<62,171,2,op8> 4.6732625279751947E-4
<63,209,67,op3> 0.002804476262149349
<64,37,80,op7> 5.649148706659806E-5
<65,98,6,op4> 5.705022955953599E-4
<66,163,58,op7> 5.14569076832848E-4
<67,38,12,op3> 0.0027193147266031835
<68,247,10,op6> 0.004346723355933183
<69,132,0,op5> 4.7223016924568514E-4
<70,230,10,op6> 0.004370738402098559
<71,54,2,op1> 1.6159768518551385E-4
<72,6,3,op4> 7.450705846887611E-4
<73,127,8,op2> 0.0021046621399405884
<74,119,72,op5> 5.35347283988908E-4
<75,138,18,op5> 0.0040402475924371135
<76,51,4,op2> 1.4288599828925054E-4
<77,173,2,op7> 4.186829558587728E-4
<78,128,52,op5> 9.750992878005038E-4
<79,167,2,op8> 3.685953543191703E-4
<80,38,45,op7> 2.248029737513825E-4
<81,68,20,op5> 2.8891793757399514E-4
<82,140,18,op5> 0.00449072816023498
<83,151,16,op2> 0.004394201521692184
<84,91,6,op4> 5.824589305329871E-4
<85,213,57,op8> 6.568910389325313E-4
<86,161,9,op3> 0.005797745687690469
<87,64,44,op1> 3.2450499079627405E-4
<88,38,44,op7> 2.2759411258740586E-4
<89,129,8,op2> 0.0021602569889201512
<90,37,58,op7> 1.5824491610339135E-4
<91,90,10,op6> 0.004106572894279416
<92,157,9,op3> 0.004501779004559659
<93,172,2,op8> 4.739083126960761E-4
<94,34,80,op7> 5.438359575814291E-5
<95,51,2,op1> 1.6007317872149954E-4
<96,135,0,op5> 4.7056151140382763E-4
<97,52,26,op2> 1.0242290138919785E-4
<98,97,77,op2> 5.152898991746816E-5
<99,170,46,op4> 0.003530817097951203
<100,52,4,op2> 1.4333960463302594E-4
<101,158,9,op3> 0.004433570231763299
<102,93,69,op6> 0.0012779401463996897
<103,174,2,op7> 4.1289471222938877E-4
<104,39,44,op7> 2.1922668197757477E-4
<105,153,9,op3> 0.004740509709346912
<106,140,14,op2> 0.001094145542118764
<107,151,9,op3> 0.004808718482143271
<108,189,26,op2> 7.454831430226426E-5
<109,98,9,op2> 3.8907693982250137E-4
<110,87,10,op6> 0.003085933432250907
<111,39,45,op7> 2.165381585399346E-4
<112,231,1,op1> 2.138623205881575E-4
<113,102,49,op1> 0.0015011079137420402
<114,162,16,op2> 0.00536030256546848
<115,38,58,op7> 1.6060678052284494E-4
<116,38,73,op3> 0.00205455714214896
<117,185,18,op5> 0.0033363717052529475
<118,146,18,op5> 0.004321797947310779
<119,173,2,op8> 4.761023326622616E-4
<120,148,13,op6> 0.0028668430546709045
<121,88,10,op6> 0.004118580417362104
<122,175,46,op4> 0.003597752019239378
<123,146,13,op6> 0.0028299704751896058
<124,35,80,op7> 5.269728271137878E-5
<125,28,11,op3> 0.0017899390779248495
<126,230,69,op6> 0.0013721835200279854
<127,238,14,op2> 0.0012759314785836368
<128,192,27,op2> 1.1826550758067276E-4
<129,230,9,op2> 4.240239703454806E-4
<130,52,2,op1> 1.6058134754283763E-4
<131,134,0,op5> 4.6889285356197E-4
<132,89,68,op6> 0.0013456474266308567
<133,99,10,op6> 0.003962482617287156
<134,35,58,op7> 1.4761652621585013E-4
<135,164,57,op8> 6.021501190214869E-4
<136,147,18,op5> 0.0043499529827981465
<137,36,45,op7> 2.082733433284867E-4
<138,36,44,op7> 2.1085925136774366E-4
<139,38,23,op7> 8.245489311419048E-5
<140,39,37,op3> 2.61617198390002E-4
<141,130,8,op2> 0.002390578506121197
<142,177,22,op8> 3.3694399858056923E-4
<143,156,67,op3> 0.0022469598967823096
<144,117,83,op1> 2.7193333661735446E-4
<145,160,67,op3> 0.0031085760978040973
<146,32,80,op7> 7.630566536607648E-5
<147,78,8,op2> 2.1710784193921726E-4
<148,216,77,op2> 2.937921514697438E-5
<149,144,13,op6> 0.002811534185448958
<150,202,72,op5> 3.113972249497233E-4
<151,214,56,op8> 6.750714529919553E-4
<152,173,46,op4> 0.0036312194798834656
<153,36,58,op7> 1.4879745842557692E-4
<154,214,57,op8> 6.637336539214116E-4
<155,162,9,op3> 0.005865954460486829
<156,47,44,op1> 3.4437264329400516E-4
<157,96,9,op2> 3.9140674185736673E-4
<158,108,14,op2> 0.0011112951587663937
<159,172,17,op4> 0.0027059067880756582
<160,39,23,op7> 7.942346322028642E-5
<161,24,61,op1> 1.8172076201563287E-4
<162,245,56,op7> 0.0010924490759382586
<163,102,10,op1> 0.001615781409539841
<164,214,58,op8> 6.52395854850868E-4
<165,37,45,op7> 2.2149704766680334E-4
<166,37,44,op7> 2.2424714034347342E-4
<167,158,67,op3> 0.0021962765908398515
<168,178,2,op8> 4.3660997327092194E-4
<169,96,10,op6> 0.004034527755783286
<170,50,4,op2> 1.4560763635190294E-4
<171,139,18,op5> 0.00406840262792448
<172,7,3,op4> 7.367457736866521E-4
<173,176,57,op7> 6.167809364977113E-4
<174,157,67,op3> 0.002230065461468157
<175,164,22,op8> 2.935749690602979E-4
<176,212,46,op4> 0.0031459413005442004
<177,45,23,op7> 1.867360814644902E-4
<178,98,10,op6> 0.004010512709617909
<179,214,57,op7> 5.836853740514926E-4
<180,93,68,op6> 0.0013260885977554081
<181,214,56,op7> 5.9365580036981E-4
<182,245,2,op7> 6.888009918966907E-4
<183,50,2,op1> 1.6312219164952812E-4
<184,214,58,op7> 5.737149477331754E-4
<185,116,83,op1> 2.696766284296586E-4
<186,106,83,op1> 3.6784343459442975E-4
<187,219,35,op2> 2.5597858325743677E-5
<188,106,49,op1> 0.0014784325676130065
<189,247,69,op6> 0.0013646440501377216
<190,85,20,op5> 2.813148339536269E-4
<191,219,34,op2> 3.5780431803387574E-5
<192,33,80,op7> 5.3540439234760846E-5
<193,215,77,op2> 2.9225397266623734E-5
<194,176,58,op8> 6.893873723939585E-4
<195,93,32,op6> 4.687771247235534E-4
<196,213,58,op8> 6.456701243884881E-4
<197,111,14,op2> 8.540509090519507E-4
<198,37,37,op3> 2.6760843194091805E-4
<199,213,56,op8> 6.681119534765746E-4
<200,83,1,op5> 1.480419606254006E-4
<201,30,80,op7> 7.50409305810034E-5
<202,70,7,op4> 0.0019911128995442487
<203,112,49,op1> 0.001115627029548465
<204,34,45,op7> 2.1323223245535547E-4
<205,34,44,op7> 2.1587970973364234E-4
<206,36,23,op7> 7.639203332638235E-5
<207,159,67,op3> 0.002162487720211546
<208,111,10,op1> 0.0012154971932792156
<209,42,12,op3> 0.002859279455178347
<210,33,58,op7> 1.4997839063530375E-4
<211,39,26,op2> 4.246012684172443E-5
<212,132,8,op2> 0.002247620323030893
<213,213,58,op7> 5.678003606431428E-4
<214,154,9,op3> 0.004672300936550554
<215,38,26,op2> 4.408074237003452E-5
<216,109,83,op1> 3.6445837231288594E-4
<217,131,0,op5> 4.989286947154059E-4
<218,245,58,op7> 0.0010557537955708436
<219,175,17,op4> 0.0026933794418345673
<220,229,54,op5> 3.064900327871235E-4
<221,109,14,op2> 0.0011078652354368677
<222,178,46,op4> 0.003330012334086681
<223,38,27,op2> 4.543533624568219E-5
<224,122,0,op5> 4.488689594596795E-4
<225,213,56,op7> 5.875356374793997E-4
<226,216,32,op6> 2.64119264962238E-4
<227,216,31,op6> 2.7597868939459286E-4
<228,218,35,op2> 2.664802687244085E-5
<229,60,22,op1> 1.1513041231936193E-4
<230,39,11,op3> 0.0014297684098058248
<231,218,34,op2> 3.724834695429577E-5
<232,31,80,op7> 7.714882188945855E-5
<233,90,32,op6> 4.7292559485385033E-4
<234,107,14,op2> 0.0011147250820959197
<235,37,23,op7> 8.124232115662886E-5
<236,35,45,op7> 2.066203802861971E-4
<237,35,44,op7> 2.0918576524577744E-4
<238,94,69,op6> 0.001274170411454558
<239,34,58,op7> 1.5234025505475734E-4
<240,170,2,op7> 4.0710646860000484E-4
<241,131,8,op2> 0.0023746942635556076
<242,75,5,op4> 6.217936190302993E-4
<243,39,27,op2> 4.376491947194388E-5
<244,8,3,op4> 7.742074231961429E-4
<245,92,4,op6> 4.807154567573888E-4
<246,130,0,op5> 5.022660103991209E-4
<247,176,46,op4> 0.003430414716018942
<248,188,3,op4> 9.448660487393787E-4
<249,216,41,op2> 7.429011728247661E-5
<250,124,8,op2> 0.0021523148676373567
<251,44,11,op3> 0.0033834214277847765
<252,229,55,op5> 2.1302860161250895E-4
<253,118,83,op1> 2.82088523461986E-4
<254,115,49,op1> 0.001111091960322658
<255,215,31,op6> 2.7453377479043275E-4
<256,215,32,op6> 2.627364415854724E-4
<257,119,52,op5> 9.166663716776272E-4
<258,36,12,op3> 0.0025193651143529494
<259,34,73,op3> 0.0019488078774795282
<260,198,4,op6> 5.019234916143323E-4
<261,119,53,op5> 9.272585685578693E-4
<262,165,56,op7> 4.957331941232435E-4
<263,215,41,op2> 7.390116378885109E-5
<264,113,83,op1> 2.7870346118044213E-4
<265,177,46,op4> 0.003380213525052811
<266,117,49,op1> 0.0010929516834194308
<267,214,22,op7> 2.8457258450197327E-4
<268,137,18,op5> 0.004124712698899214
<269,214,22,op8> 3.235996818051011E-4
<270,179,2,op7> 3.80094664996213E-4
<271,67,7,op4> 0.0018962979995659508
<272,99,31,op6> 4.7682181937285683E-4
<273,143,13,op6> 0.0027930978957083083
<274,112,83,op1> 2.775751070865942E-4
<275,119,8,op2> 0.0019934724419814636
<276,15,25,op1> 9.585580414973788E-5
<277,129,53,op5> 0.0010048379707081293
<278,116,49,op1> 0.0010838815449678177
<279,209,16,op2> 0.005173315266673067
<280,217,14,op2> 6.859846659051812E-4
<281,152,67,op3> 0.0023314320733530732
<282,198,10,op6> 0.0042626706943543645
<283,129,72,op5> 5.801372957967447E-4
<284,147,14,op2> 0.0010598463088235049
<285,145,18,op5> 0.004307720429567096
<286,134,52,op5> 0.0010262280894080208
<287,99,4,op6> 4.665767668527597E-4
<288,247,4,op6> 5.118205745475728E-4
<289,76,55,op5> 2.6161407215571274E-4
<290,213,22,op7> 2.8163884651741694E-4
<291,168,17,op4> 0.0020670121297800166
<292,179,2,op8> 4.322219333385508E-4
<293,239,18,op5> 0.005138293976444413
<294,118,14,op2> 8.574808323814767E-4
<295,213,22,op8> 3.202636026112341E-4
<296,99,6,op4> 5.636699327738586E-4
<297,98,4,op6> 4.7223224281461125E-4
<298,0,72,op7> 1.5778502808954577E-4
<299,95,32,op6> 4.6601147797002213E-4
<300,115,83,op1> 2.7644675299274624E-4
<301,210,83,op1> 2.1325892373726146E-4
<302,64,2,op1> 1.4940163347339957E-4
<303,59,4,op2> 1.2882420163221322E-4
<304,97,4,op6> 4.7364611180507414E-4
<305,99,9,op2> 3.8441733575277087E-4
<306,118,49,op1> 0.001133767306451692
<307,114,83,op1> 2.7419004480505046E-4
<308,41,11,op3> 0.00157165382451938
<309,127,72,op5> 5.652072918607991E-4
<310,45,4,op2> 1.3971075388282273E-4
<311,164,17,op4> 0.0022048129384320174
<312,211,46,op4> 0.0031292075702221566
<313,57,2,op1> 1.46352620545371E-4
<314,96,4,op6> 4.750599807955371E-4
<315,116,10,op1> 0.0011666820449547492
<316,165,17,op4> 0.0020294300910567438
<317,174,2,op8> 4.6952027276370503E-4
<318,97,6,op4> 5.722103863007352E-4
<319,57,4,op2> 1.3063862700731475E-4
<320,175,2,op7> 4.1482412677251674E-4
<321,58,2,op1> 1.4533628290269485E-4
<322,115,14,op2> 8.40331215733847E-4
<323,181,18,op5> 0.003280061634278215
<324,176,22,op7> 3.0070814341703363E-4
<325,136,72,op5> 6.206615921943116E-4
<326,114,14,op2> 8.334713690747954E-4
<327,197,6,op4> 5.961236561759899E-4
<328,210,49,op1> 8.571280836774793E-4
<329,175,2,op8> 4.7171429272989054E-4
<330,167,17,op4> 0.00210459416850329
<331,157,16,op2> 0.0041137205734990655
<332,115,10,op1> 0.001195971133949429
<333,97,9,op2> 3.9024184083993397E-4
<334,96,6,op4> 5.739184770061106E-4
<335,95,4,op6> 4.76473849786E-4
<336,139,14,op2> 9.91247842232987E-4
<337,156,9,op3> 0.004535883390957837
<338,212,17,op4> 0.00235514109332511
<339,31,45,op7> 3.0249223673899263E-4
<340,58,4,op2> 1.2973141431976397E-4
<341,111,49,op1> 0.0011292322372258852
<342,171,17,op4> 0.0026683247493523854
<343,166,56,op8> 5.532802114727882E-4
<344,72,5,op4> 6.151076661375003E-4
<345,59,2,op1> 1.4431994526001868E-4
<346,176,2,op7> 3.9552998134123683E-4
<347,198,32,op6> 4.909022987518037E-4
<348,88,68,op6> 0.001341735660855767
<349,55,2,op1> 1.483852958307234E-4
<350,118,10,op1> 0.0012203787081116622
<351,38,80,op7> 5.733464358998012E-5
<352,176,2,op8> 4.4977409306803516E-4
<353,121,8,op2> 0.0021284885037889723
<354,95,6,op4> 5.756265677114859E-4
<355,110,49,op1> 0.0011246971680000783
<356,111,83,op1> 2.809601693681381E-4
<357,94,4,op6> 4.77887718776463E-4
<358,177,2,op7> 3.89741737711853E-4
<359,211,17,op4> 0.0023426137470840187
<360,166,17,op4> 0.0019918480523334705
<361,40,12,op3> 0.002899269377628394
<362,227,7,op4> 0.0016410271150089962
<363,114,49,op1> 0.0011020218218710449
<364,55,4,op2> 1.3245305238241637E-4
<365,179,17,op4> 0.002467887209494929
<366,117,14,op2> 8.266115224157433E-4
<367,56,2,op1> 1.473689581880472E-4
<368,39,80,op7> 5.5226752281524966E-5
<369,78,54,op5> 3.2530959620387677E-4
<370,95,9,op2> 3.9257164287479927E-4
<371,94,6,op4> 5.773346584168613E-4
<372,168,46,op4> 0.002761065503137197
<373,110,83,op1> 2.798318152742901E-4
<374,93,4,op6> 4.7930158776692585E-4
<375,31,73,op3> 0.0027645879192151447
<376,177,2,op8> 4.431920331694786E-4
<377,117,10,op1> 0.0011764450746196422
<378,164,46,op4> 0.002945136536679677
<379,247,41,op2> 1.408011646924426E-4
<380,87,31,op6> 3.7134305326916425E-4
<381,178,2,op7> 3.8395349408246903E-4
<382,113,49,op1> 0.0011201620987742716
<383,56,4,op2> 1.315458396948656E-4
<384,128,8,op2> 0.0021205463825061774
<385,116,14,op2> 8.197516757566916E-4
<386,12,1,op1> 1.217908038226837E-4
<387,220,26,op2> 7.065883703432004E-5
<388,92,9,op2> 3.960663459270973E-4
<389,192,73,op3> 0.005347891384711262
<390,90,4,op6> 4.835431947383146E-4
<391,220,27,op2> 7.283017133499057E-5
<392,198,68,op6> 0.0013886768501568433
<393,8,0,op7> 1.31203704855485E-4
<394,13,1,op1> 1.2004261046637722E-4
<395,12,4,op2> 9.48037258490583E-5
<396,93,9,op2> 3.9490144490966463E-4
<397,92,6,op4> 5.80750839827612E-4
<398,122,52,op5> 9.824034023158633E-4
<399,221,27,op2> 7.316425468973825E-5
<400,17,61,op1> 2.2978883454880024E-4
<401,11,1,op1> 1.2120807270391486E-4
<402,144,18,op5> 0.004293642911823414
<403,91,4,op6> 4.8212932574785163E-4
<404,206,14,op2> 5.384979627355672E-4
<405,221,26,op2> 7.098296013998207E-5
<406,126,8,op2> 0.0020887778973749994
<407,9,0,op7> 1.3049830859282113E-4
<408,94,9,op2> 3.937365438922319E-4
<409,93,6,op4> 5.790427491222366E-4
<410,149,13,op6> 0.0028852793444115532
<411,10,3,op4> 9.656780762446513E-4
<412,11,4,op2> 9.435011950528288E-5
<413,192,12,op3> 0.007078216273658285
<414,175,57,op7> 6.468678114488191E-4
<415,222,11,op3> 0.002401137787460164
<416,230,33,op6> 4.932967442486793E-4
<417,6,0,op7> 1.2626593101683773E-4
<418,90,9,op2> 3.983961479619624E-4
<419,15,1,op1> 1.1712895487253312E-4
<420,8,8,op2> 1.668680107466711E-4
<421,120,0,op5> 4.588809065108248E-4
<422,78,55,op5> 2.261093052202946E-4
<423,169,46,op4> 0.0025769944695947177
<424,174,56,op8> 7.446664481457652E-4
<425,73,5,op4> 6.173363171017667E-4
<426,172,56,op8> 7.516259476611464E-4
<427,142,18,op5> 0.004504805677978663
<428,173,58,op7> 6.417326992685519E-4
<429,14,4,op2> 9.389651316150748E-5
<430,163,17,op4> 0.0021797582459498355
<431,172,57,op8> 7.390024187990977E-4
<432,9,3,op4> 7.700450176950884E-4
<433,10,0,op7> 1.6365193293802431E-4
<434,91,9,op2> 3.972312469445299E-4
<435,246,9,op2> 4.2285906932804795E-4
<436,90,6,op4> 5.841670212383624E-4
<437,14,1,op1> 1.2062534158514602E-4
<438,7,0,op7> 1.2485513849150992E-4
<439,9,8,op2> 1.6597087090394706E-4
<440,121,0,op5> 4.4720030161782195E-4
<441,13,4,op2> 9.344290681773212E-5
<442,79,55,op5> 2.242406332763252E-4
<443,233,52,op5> 0.0013476091280838424
<444,90,69,op6> 0.0012892493512350852
<445,151,67,op3> 0.0023821153792955314
<446,79,54,op5> 3.2262108714434056E-4
<447,79,35,op2> 3.1505056400915294E-5
<448,87,32,op6> 3.553856078287706E-4
<449,56,44,op1> 3.200899569078895E-4
<450,79,34,op2> 4.403745452724624E-5
<451,4,0,op7> 1.2838211980482943E-4
<452,92,32,op6> 4.7015994810031906E-4
<453,79,20,op5> 2.606778384126272E-4
<454,120,53,op5> 0.0010159207424438807
<455,152,9,op3> 0.004706405322948734
<456,79,21,op5> 2.5703411789899694E-4
<457,49,44,op1> 3.333350585730434E-4
<458,76,54,op5> 3.76391268335064E-4
<459,5,3,op4> 7.492329901898157E-4
<460,6,8,op2> 1.6058803184760284E-4
<461,5,0,op7> 1.2697132727950162E-4
<462,77,54,op5> 3.279981052634129E-4
<463,87,4,op6> 3.6336433054896746E-4
<464,7,8,op2> 1.5879375216215478E-4
<465,77,55,op5> 2.2797797716426398E-4
<466,2,0,op7> 1.2062276091552655E-4
<467,77,35,op2> 3.203014067426389E-5
<468,141,18,op5> 0.004532960713466029
<469,77,34,op2> 4.4771412102700355E-5
<470,74,54,op5> 3.737027592755279E-4
<471,35,23,op7> 7.578574734760154E-5
<472,88,4,op6> 4.8495706372877757E-4
<473,3,3,op4> 7.034465296782158E-4
<474,4,8,op2> 1.6327945137577498E-4
<475,77,20,op5> 2.650224690528377E-4
<476,161,67,op3> 0.0028720540034059597
<477,124,53,op5> 0.001001143713462879
<478,96,68,op6> 0.0013143533004301392
<479,77,21,op5> 2.613180198639802E-4
<480,186,18,op5> 0.0033504492229966304
<481,10,8,op2> 2.081364435119769E-4
<482,3,0,op7> 1.1921196839019873E-4
<483,78,35,op2> 3.176759853758959E-5
<484,78,34,op2> 4.4404433314973296E-5
<485,4,3,op4> 7.575578011919249E-4
<486,93,31,op6> 4.898260508102984E-4
<487,75,55,op5> 2.6067973618372806E-4
<488,75,54,op5> 3.7504701380529587E-4
<489,78,21,op5> 2.591760688814886E-4
<490,5,8,op2> 1.614851716903269E-4
<491,78,20,op5> 2.6285015373273246E-4
<492,72,55,op5> 2.5787672826777403E-4
<493,87,68,op6> 0.001005323804198053
<494,105,49,op1> 0.0014829676368388132
<495,71,20,op5> 2.9760719885441603E-4
<496,72,54,op5> 3.7101425021599167E-4
<497,164,58,op7> 5.204836639228808E-4
<498,164,57,op7> 5.295289991394985E-4
<499,164,56,op7> 5.385743343561163E-4
<500,37,27,op2> 4.476716953618687E-5
<501,37,26,op2> 4.3432496158710485E-5
<502,167,22,op7> 2.4643399070273974E-4
<503,197,68,op6> 0.0013652062555063052
<504,174,57,op8> 7.32159803810217E-4
<505,142,13,op6> 0.0029498063585038244
<506,120,72,op5> 5.8653586891215E-4
<507,75,21,op5> 2.9880216205758396E-4
<508,88,6,op4> 5.858751119437378E-4
<509,42,73,op3> 0.0021603064068183918
<510,198,41,op2> 1.3807849023706386E-4
<511,104,14,op2> 0.0011250148520844973
<512,160,9,op3> 0.006275207097264978
<513,170,58,op8> 7.095645637810988E-4
<514,75,20,op5> 3.030379871546791E-4
<515,32,58,op7> 2.13748729960551E-4
<516,54,44,op1> 3.509951941265822E-4
<517,164,58,op8> 5.918642806894474E-4
<518,166,46,op4> 0.0026606631212049356
<519,164,56,op8> 6.124359573535266E-4
<520,95,69,op6> 0.001270400676509426
<521,98,69,op6> 0.0012590914716740303
<522,167,22,op8> 2.802306522848298E-4
<523,33,44,op7> 2.125327374897099E-4
<524,33,45,op7> 2.099263063707763E-4
<525,178,17,op4> 0.0024929419019771113
<526,75,34,op2> 5.119354088792376E-5
<527,248,13,op6> 0.003327750298187126
<528,75,35,op2> 3.662462806606403E-5
<529,107,83,op1> 3.6671508050058183E-4
<530,73,55,op5> 2.588110642397587E-4
<531,163,56,op7> 5.324541714657059E-4
<532,178,58,op7> 5.885014154582573E-4
<533,154,16,op2> 0.004269543322495242
<534,163,57,op7> 5.235116241492769E-4
<535,37,11,op3> 0.0014625111978166451
<536,166,22,op7> 2.332321697722358E-4
<537,76,20,op5> 3.0412414481473173E-4
<538,36,27,op2> 4.209450269820557E-5
<539,36,26,op2> 4.083951131341434E-5
<540,76,21,op5> 2.9987313754882973E-4
<541,73,54,op5> 3.7235850474575977E-4
<542,163,58,op8> 5.851385502270672E-4
<543,32,45,op7> 2.9918631065441344E-4
<544,68,55,op5> 2.4853336854792715E-4
<545,31,58,op7> 2.1611059438000462E-4
<546,163,56,op8> 6.054764578381456E-4
<547,163,57,op8> 5.953075040326063E-4
<548,169,17,op4> 0.0019292113211280156
<549,63,22,op1> 1.1474406865386074E-4
<550,166,22,op8> 2.652182959124282E-4
<551,76,34,op2> 5.137703028178727E-5
<552,222,37,op3> 4.3935712706717896E-4
<553,35,37,op3> 2.496347312881698E-4
<554,76,35,op2> 3.675589913440117E-5
<555,34,23,op7> 7.82108912627248E-5
<556,32,44,op7> 3.029009880758858E-4
<557,234,52,op5> 0.0013439570708261624
<558,166,58,op7> 4.702096736576025E-4
<559,172,22,op7> 3.1684370233209404E-4
<560,70,55,op5> 2.5507372035181994E-4
<561,120,8,op2> 0.002184083352768535
<562,70,54,op5> 3.6698148662668746E-4
<563,73,21,op5> 2.966602110750923E-4
<564,98,31,op6> 4.8260147778949746E-4
<565,245,22,op8> 5.954901361052634E-4
<566,73,20,op5> 3.008656718345739E-4
<567,94,68,op6> 0.0013221768319803186
<568,35,27,op2> 4.17604193434579E-5
<569,166,57,op7> 4.7838131172261506E-4
<570,50,44,op1> 3.543064695428707E-4
<571,94,10,op6> 0.004058542801948664
<572,173,17,op4> 0.002718434134316749
<573,138,13,op6> 0.002645607577783117
<574,35,26,op2> 4.0515388207752315E-5
<575,166,56,op7> 4.8655294978762774E-4
<576,166,57,op8> 5.439878916160023E-4
<577,30,58,op7> 2.1020593333137062E-4
<578,89,6,op4> 5.875832026491132E-4
<579,166,58,op8> 5.346955717592166E-4
<580,31,44,op7> 3.0624796031981824E-4
<581,73,34,op2> 5.082656210019671E-5
<582,169,22,op8> 2.568780979277606E-4
<583,33,23,op7> 7.699831930516317E-5
<584,73,35,op2> 3.636208592938974E-5
<585,165,58,op7> 4.790815542926517E-4
<586,165,57,op7> 4.874073742079475E-4
<587,71,54,op5> 3.6832574115645546E-4
<588,122,53,op5> 9.937551989723779E-4
<589,71,55,op5> 2.560080563238046E-4
<590,74,20,op5> 3.0195182949462653E-4
<591,34,27,op2> 4.309675276244855E-5
<592,34,26,op2> 4.1811880630400385E-5
<593,146,14,op2> 0.001052986462164453
<594,168,22,op7> 2.4203338372590517E-4
<595,209,9,op3> 0.005661328142097752
<596,74,21,op5> 2.9773118656633814E-4
<597,165,56,op8> 5.637194607458598E-4
<598,165,57,op8> 5.542518140993233E-4
<599,63,45,op1> 3.2379603606994564E-4
<600,95,31,op6> 4.86936221601978E-4
<601,165,58,op8> 5.447841674527868E-4
<602,32,23,op7> 1.0973776215932705E-4
<603,30,44,op7> 2.978805297099871E-4
<604,30,45,op7> 2.9422742152754474E-4
<605,74,34,op2> 5.101005149406024E-5
<606,74,35,op2> 3.649335699772689E-5
<607,168,22,op8> 2.752265334940293E-4
<608,35,11,op3> 0.001364282833784184
<609,33,27,op2> 4.2428586052953224E-5
<610,136,0,op5> 4.8557943198054555E-4
<611,125,72,op5> 5.566758610402588E-4
<612,33,26,op2> 4.116363441907635E-5
<613,71,21,op5> 2.934472846013548E-4
<614,163,22,op7> 2.5523520465640904E-4
<615,125,0,op5> 4.3551969672481916E-4
<616,137,13,op6> 0.002700916447005064
<617,163,46,op4> 0.0029116690760355897
<618,34,12,op3> 0.0025793499980280195
<619,125,8,op2> 0.0020728936548094095
<620,101,10,op1> 0.0016206629243722872
<621,32,37,op3> 3.6147109090526995E-4
<622,162,67,op3> 0.002905842874034265
<623,31,23,op7> 1.1095033411688867E-4
<624,71,35,op2> 3.596827272437829E-5
<625,71,34,op2> 5.027609391860612E-5
<626,89,31,op6> 4.970506238310993E-4
<627,245,58,op8> 0.0012005428875348449
<628,163,22,op8> 2.902388898664309E-4
<629,32,26,op2> 5.866628212482535E-5
<630,72,20,op5> 2.9977951417452134E-4
<631,32,27,op2> 6.046908720932704E-5
<632,72,21,op5> 2.955892355838465E-4
<633,107,10,op1> 0.0015864923205451608
<634,121,72,op5> 5.716058649762044E-4
<635,33,12,op3> 0.0025393600755779728
<636,72,34,op2> 5.064307270633318E-5
<637,72,35,op2> 3.6230814861052586E-5
<638,143,18,op5> 0.004265487876336046
<639,182,18,op5> 0.003294139152021897
<640,30,23,op7> 1.0791890422298462E-4
<641,31,26,op2> 5.9314528336149395E-5
<642,165,22,op7> 2.3763277674907052E-4
<643,31,27,op2> 6.113725391882236E-5
<644,233,0,op5> 6.15734743645434E-4
<645,165,22,op8> 2.7022241470322876E-4
<646,32,11,op3> 0.0019754815433194986
<647,165,46,op4> 0.0027108643121710667
<648,79,5,op4> 5.348762314239133E-4
<649,235,8,op2> 0.0029465269959168244
<650,164,22,op7> 2.581689426409655E-4
<651,30,26,op2> 5.76939128078393E-5
<652,177,17,op4> 0.002530523940700384
<653,70,20,op5> 2.9652104119436346E-4
<654,178,57,op8> 6.80840191393613E-4
<655,175,58,op8> 7.230160247058588E-4
<656,30,27,op2> 5.946683714508405E-5
<657,70,21,op5> 2.9237630911010904E-4
<658,234,0,op5> 6.140660858035765E-4
<659,70,34,op2> 5.00926045247426E-5
<660,70,35,op2> 3.5837001656041145E-5
<661,63,4,op2> 1.3472108410129337E-4
<662,205,58,op7> 1.7595889924929337E-4
<663,230,68,op6> 0.0014238827421326507
<664,63,2,op1> 1.5092613993741388E-4
<665,187,8,op2> 2.0544502398380475E-4
<666,64,4,op2> 1.3336026506996715E-4
<667,187,3,op4> 9.531908597414879E-4
<668,205,45,op7> 2.46291493301147E-4
<669,188,8,op2> 2.0365074429835666E-4
<670,65,4,op2> 1.3381387141374256E-4
<671,91,41,op2> 1.326331413263064E-4
<672,205,80,op7> 6.281516099196351E-5
<673,159,16,op2> 0.003989062374302125
<674,45,11,op3> 0.0033615929024442296
<675,96,31,op6> 4.854913069978179E-4
<676,90,33,op6> 4.6348210586002293E-4
<677,90,31,op6> 4.941607946227789E-4
<678,92,10,op6> 0.00408255784811404
<679,174,57,op7> 6.438591239537084E-4
<680,65,2,op1> 1.4990980229473766E-4
<681,221,4,op2> 9.933978928681229E-5
<682,98,41,op2> 1.299104668709277E-4
<683,66,4,op2> 1.1884486206915441E-4
<684,90,41,op2> 1.3302209481993194E-4
<685,91,10,op6> 0.0040945653711967275
<686,220,4,op2> 9.888618294303689E-5
<687,66,2,op1> 1.3314023119058056E-4
<688,45,58,op7> 3.637271205958547E-4
<689,169,58,op8> 5.178812456032664E-4
<690,169,57,op8> 5.26881354143801E-4
<691,169,56,op8> 5.358814626843357E-4
<692,42,80,op7> 6.028569142181734E-5
<693,233,72,op5> 7.870244931948488E-4
<694,40,73,op3> 0.0021905204824382296
<695,49,45,op1> 3.2924714778829485E-4
<696,135,53,op5> 0.001041780543160634
<697,169,57,op7> 4.633378742470611E-4
<698,169,58,op7> 4.5542320593252065E-4
<699,108,83,op1> 3.6558672640673386E-4
<700,169,56,op7> 4.712525425616017E-4
<701,202,52,op5> 5.332003596212492E-4
<702,202,53,op5> 5.393615578065693E-4
<703,122,72,op5> 5.737387226813395E-4
<704,60,4,op2> 1.3517469044506877E-4
<705,60,2,op1> 1.5143430875875195E-4
<706,207,14,op2> 5.487877327241449E-4
<707,43,80,op7> 5.986411316012629E-5
<708,100,49,op1> 0.001510178052193654
<709,167,58,op8> 5.64961358839927E-4
<710,88,9,op2> 3.995610489793952E-4
<711,108,49,op1> 0.001469362429161393
<712,61,4,op2> 1.3608190313261958E-4
<713,92,68,op6> 0.0013300003635304978
<714,205,44,op7> 2.493494321729668E-4
<715,167,57,op8> 5.747796590659648E-4
<716,167,56,op8> 5.845979592920028E-4
<717,44,80,op7> 1.306892611242194E-4
<718,128,72,op5> 5.694730072710693E-4
<719,61,2,op1> 1.5245064640142817E-4
<720,179,56,op8> 6.855107022650269E-4
<721,167,57,op7> 5.054594991786123E-4
<722,167,58,op7> 4.968253155627499E-4
<723,167,56,op7> 5.140936827944747E-4
<724,62,4,op2> 1.34267477757518E-4
<725,228,9,op2> 2.632676299397764E-4
<726,86,5,op4> 5.705346468521743E-4
<727,168,56,op8> 5.741587100189312E-4
<728,168,58,op8> 5.54872763146357E-4
<729,168,57,op8> 5.645157365826441E-4
<730,129,52,op5> 9.933595740889028E-4
<731,94,32,op6> 4.673943013467878E-4
<732,45,80,op7> 1.2984610460083733E-4
<733,44,45,op7> 5.12418543109769E-4
<734,131,53,op5> 0.0011045829163298922
<735,205,23,op7> 9.033661083834106E-5
<736,62,2,op1> 1.5041797111607576E-4
<737,168,56,op7> 5.049134384588591E-4
<738,168,57,op7> 4.9643343669328E-4
<739,17,60,op1> 2.268254105675153E-4
<740,248,14,op2> 0.001238202321958852
<741,168,58,op7> 4.879534349277008E-4
<742,97,69,op6> 0.0012628612066191624
<743,69,1,op5> 1.544785676091137E-4
<744,110,10,op1> 0.0012106156784467688
<745,0,3,op4> 7.284209626845431E-4
<746,1,8,op2> 1.552051927912586E-4
<747,60,44,op1> 3.2892002468465885E-4
<748,67,3,op4> 0.001082225430274178
<749,128,53,op5> 9.863666844818768E-4
<750,229,21,op5> 2.441824120040471E-4
<751,126,72,op5> 5.60941576450529E-4
<752,61,45,op1> 3.2706670310095516E-4
<753,127,53,op5> 9.78978169991376E-4
<754,127,52,op5> 9.677951732851442E-4
<755,0,8,op2> 1.569994724767067E-4
<756,2,3,op4> 7.117713406803249E-4
<757,3,8,op2> 1.5161663342036247E-4
<758,126,53,op5> 9.715896555008751E-4
<759,124,72,op5> 5.780044380916098E-4
<760,126,52,op5> 9.604910587697846E-4
<761,205,26,op2> 4.8294342743640756E-5
<762,205,27,op2> 4.977841985740181E-5
<763,124,0,op5> 4.522062751433947E-4
<764,1,0,op7> 1.2203355344085433E-4
<765,19,4,op2> 8.754602434865191E-5
<766,89,10,op6> 0.004130587940444793
<767,2,8,op2> 1.5341091310581054E-4
<768,123,52,op5> 9.860554595735433E-4
<769,1,3,op4> 7.20096151682434E-4
<770,125,53,op5> 9.642011410103741E-4
<771,123,72,op5> 5.758715803864746E-4
<772,125,52,op5> 9.531869442544249E-4
<773,0,0,op7> 1.2344434596618214E-4
<774,124,52,op5> 9.89707516831223E-4
<775,18,1,op1> 1.1538076151622663E-4
<776,67,8,op2> 2.332563591082499E-4
<777,17,4,op2> 8.890684337997811E-5
<778,123,53,op5> 9.974494562176284E-4
<779,89,4,op6> 4.863709327192404E-4
<780,19,1,op1> 1.1246710592238254E-4
<781,18,4,op2> 8.981405606752892E-5
<782,103,14,op2> 0.001128444775414023
<783,68,8,op2> 2.3863919816459418E-4
<784,16,1,op1> 1.1887714822883957E-4
<785,67,1,op5> 1.5213798325139984E-4
<786,189,4,op2> 1.0432945906834166E-4
<787,15,4,op2> 9.11748750988551E-5
<788,178,22,op7> 2.919069294633644E-4
<789,68,7,op4> 0.0019400587226328573
<790,121,52,op5> 9.787513450581833E-4
<791,100,14,op2> 0.0011421644687321267
<792,68,3,op4> 0.0011071998632805054
<793,121,53,op5> 9.900609417271273E-4
<794,99,33,op6> 4.472195758298467E-4
<795,69,8,op2> 2.368449184791461E-4
<796,187,0,op7> 1.6153574415003264E-4
<797,97,68,op6> 0.0013104415346550493
<798,17,1,op1> 1.1421529927868899E-4
<799,68,1,op5> 1.5564885978797062E-4
<800,16,4,op2> 9.253569413018129E-5
<801,69,7,op4> 0.001925471814943889
<802,120,52,op5> 0.001004315745861942
<803,69,3,op4> 0.0010988750522783965
<804,130,52,op5> 0.0010992692345616166
<805,130,53,op5> 0.001111971430820393
<806,89,77,op2> 5.291335084062402E-5
<807,176,17,op4> 0.002568105979423657
<808,173,22,op8> 3.619645925345719E-4
<809,23,27,op2> 5.111475327639248E-5
<810,88,69,op6> 0.001293019086180217
<811,159,9,op3> 0.004365361458966942
<812,247,77,op2> 5.568207268693575E-5
<813,170,56,op8> 7.342271988726938E-4
<814,132,52,op5> 0.0010335322039233803
<815,170,57,op8> 7.218958813268963E-4
<816,26,4,op2> 7.166980231651297E-5
<817,173,22,op7> 3.1831057132437223E-4
<818,96,32,op6> 4.646286545932564E-4
<819,82,34,op2> 4.6239327253608546E-5
<820,27,1,op1> 9.381971012178024E-5
<821,170,56,op7> 6.456771849382985E-4
<822,170,58,op7> 6.239889379984538E-4
<823,170,57,op7> 6.34833061468376E-4
<824,131,52,op5> 0.001091965120046257
<825,89,69,op6> 0.0012967888211253488
<826,172,22,op8> 3.602965529376384E-4
<827,172,46,op4> 0.0036144857495614214
<828,137,14,op2> 0.0010049675355510905
<829,53,45,op1> 3.456004829433426E-4
<830,247,68,op6> 0.0014160592105824713
<831,25,4,op2> 7.076258962896218E-5
<832,26,1,op1> 9.207151676547379E-5
<833,171,22,op8> 3.552924341468378E-4
<834,247,32,op6> 5.005820623891631E-4
<835,210,10,op1> 9.226063033324167E-4
<836,247,31,op6> 5.230590867059823E-4
<837,98,32,op6> 4.618630078397251E-4
<838,171,46,op4> 0.0035642845585952907
<839,179,22,op7> 2.8897319147880795E-4
<840,24,4,op2> 7.030898328518677E-5
<841,247,33,op6> 4.905863225769833E-4
<842,41,27,op2> 4.81080030836635E-5
<843,41,26,op2> 4.667372721533066E-5
<844,171,22,op7> 3.1244309535525936E-4
<845,25,1,op1> 9.090605452793614E-5
<846,23,1,op1> 8.915786117162968E-5
<847,67,21,op5> 2.7845362772391333E-4
<848,246,77,op2> 5.5835890567286396E-5
<849,123,0,op5> 4.5053761730153713E-4
<850,170,22,op8> 3.5195635495297083E-4
<851,245,57,op8> 0.001221406775515175
<852,245,56,op8> 0.0012422706634955055
<853,56,27,op2> 9.688417287682233E-5
<854,23,4,op2> 6.940177059763598E-5
<855,102,83,op1> 3.734852050636695E-4
<856,40,27,op2> 4.8442086438411165E-5
<857,40,26,op2> 4.69978503209927E-5
<858,170,22,op7> 3.0950935737070293E-4
<859,24,1,op1> 9.032332340916733E-5
<860,246,41,op2> 1.4119011818606813E-4
<861,87,33,op6> 3.4828918481294126E-4
<862,245,22,op7> 5.23672230243322E-4
<863,170,17,op4> 0.002643270056870203
<864,22,1,op1> 8.857513005286085E-5
<865,89,41,op2> 1.3380000180718304E-4
<866,228,69,op6> 8.519600975997932E-4
<867,229,1,op5> 1.3341330838968912E-4
<868,13,61,op1> 2.415127546788411E-4
<869,22,4,op2> 6.894816425386057E-5
<870,86,54,op5> 3.4412915962062996E-4
<871,86,55,op5> 2.3919000882808027E-4
<872,246,31,op6> 5.245040013101425E-4
<873,88,33,op6> 4.6483731669587087E-4
<874,88,32,op6> 4.74308418230616E-4
<875,88,31,op6> 4.956057092269391E-4
<876,21,1,op1> 1.223735349414525E-4
<877,134,53,op5> 0.0010380862859153835
<878,21,4,op2> 9.525733219283369E-5
<879,246,32,op6> 5.019648857659288E-4
<880,20,1,op1> 1.2353899717899017E-4
<881,77,8,op2> 2.1890212162466535E-4
<882,247,6,op4> 6.18328835345869E-4
<883,136,53,op5> 0.0010750288583678885
<884,56,45,op1> 3.1616447966425663E-4
<885,89,32,op6> 4.7569124160738165E-4
<886,87,77,op2> 3.9531195250117376E-5
<887,89,33,op6> 4.66192527531719E-4
<888,223,11,op3> 0.002412052050130437
<889,20,4,op2> 9.616454488038449E-5
<890,51,27,op2> 1.0523625674551392E-4
<891,87,69,op6> 9.688218808988799E-4
<892,88,77,op2> 5.2759532960273374E-5
<893,226,8,op2> 2.0095932477018455E-4
<894,17,26,op2> 6.352812870975563E-5
<895,85,21,op5> 2.7738265223266757E-4
<896,47,27,op2> 1.0423400668127094E-4
<897,47,26,op2> 1.0112640896654979E-4
<898,178,56,op7> 6.08956207595836E-4
<899,192,4,op2> 1.6057664569649107E-4
<900,110,14,op2> 8.506209857224248E-4
<901,46,45,op1> 3.42329815912333E-4
<902,46,44,op1> 3.465801602381975E-4
<903,48,22,op1> 1.1744847431236921E-4
<904,82,55,op5> 2.3545266494014148E-4
<905,82,54,op5> 3.3875214150155754E-4
<906,106,14,op2> 0.0011181550054254455
<907,85,35,op2> 3.399920669932109E-5
<908,43,44,op7> 2.376350293192032E-4
<909,85,34,op2> 4.7523753010653234E-5
<910,178,58,op8> 6.692101810068183E-4
<911,42,58,op7> 1.688733059909326E-4
<912,43,45,op7> 2.3472075200511993E-4
<913,86,21,op5> 2.741697257589301E-4
<914,86,20,op5> 2.7805636097346905E-4
<915,91,68,op6> 0.0013339121293055875
<916,46,27,op2> 1.0490217339076623E-4
<917,227,9,op2> 2.6210272892234377E-4
<918,177,57,op7> 6.07754874012379E-4
<919,46,26,op2> 1.017746551778738E-4
<920,177,56,op7> 6.181364519314517E-4
<921,174,58,op7> 6.328608186335027E-4
<922,47,22,op1> 1.2053922363637893E-4
<923,177,58,op7> 5.973732960933063E-4
<924,83,55,op5> 2.3638700091212613E-4
<925,83,54,op5> 3.4009639603132564E-4
<926,48,27,op2> 1.0156133984328962E-4
<927,226,1,op5> 1.3107272403197522E-4
<928,86,34,op2> 4.697328482906266E-5
<929,45,37,op3> 6.150999778940505E-4
<930,86,35,op2> 3.3605393494309654E-5
<931,44,23,op7> 1.8794865342205188E-4
<932,177,56,op8> 7.029094510534794E-4
<933,177,57,op8> 6.911041138769339E-4
<934,41,58,op7> 1.7005423820065936E-4
<935,177,58,op8> 6.792987767003885E-4
<936,42,44,op7> 2.3930851544116944E-4
<937,42,45,op7> 2.3637371504740956E-4
<938,176,56,op7> 6.273166962670673E-4
<939,49,27,op2> 1.0089317313379427E-4
<940,49,26,op2> 9.788517790992957E-5
<941,84,54,op5> 3.468176686801661E-4
<942,230,41,op2> 1.4157907167969367E-4
<943,190,4,op2> 1.596694330089403E-4
<944,84,55,op5> 2.410586807720496E-4
<945,87,41,op2> 9.996104786176175E-5
<946,176,58,op7> 6.062451767283554E-4
<947,48,45,op1> 3.314275924756346E-4
<948,48,44,op1> 3.3554257551723584E-4
<949,179,22,op8> 3.286038005959016E-4
<950,41,80,op7> 6.070726968350837E-5
<951,179,46,op4> 0.0032965448734425928
<952,45,45,op7> 5.091126170251898E-4
<953,45,44,op7> 5.154337255655956E-4
<954,8,35,op2> 2.4416418710709355E-5
<955,44,58,op7> 3.6608898501530834E-4
<956,176,56,op8> 7.133487003265508E-4
<957,176,57,op8> 7.013680363602546E-4
<958,48,26,op2> 9.853342412125363E-5
<959,229,8,op2> 2.045478841410807E-4
<960,85,55,op5> 2.419930167440343E-4
<961,85,54,op5> 3.481619232099342E-4
<962,49,22,op1> 1.1667578698136677E-4
<963,175,56,op7> 6.579175107191194E-4
<964,175,58,op7> 6.358181121785191E-4
<965,88,41,op2> 1.334110483135575E-4
<966,47,45,op1> 3.4014937122499333E-4
<967,108,10,op1> 0.0015816108057127144
<968,178,22,op8> 3.3193987978976866E-4
<969,40,80,op7> 6.11288479451994E-5
<970,81,54,op5> 3.4278490509086185E-4
<971,44,44,op7> 5.187806978095282E-4
<972,43,58,op7> 1.6769237378120574E-4
<973,175,56,op8> 7.481461979034558E-4
<974,175,57,op8> 7.355811113046571E-4
<975,174,56,op7> 6.548574292739141E-4
<976,135,52,op5> 0.0010298801466657006
<977,81,21,op5> 2.7309875026768424E-4
<978,81,20,op5> 2.769702033134164E-4
<979,222,4,op2> 9.979339563058768E-5
<980,43,26,op2> 4.602548100400663E-5
<981,133,72,op5> 6.07864445963501E-4
<982,93,10,op6> 0.004070550325031351
<983,127,0,op5> 4.421943280922493E-4
<984,43,27,op2> 4.743983637416817E-5
<985,177,22,op7> 2.96307536440199E-4
<986,198,9,op2> 4.135398611885868E-4
<987,41,23,op7> 8.730518094443698E-5
<988,81,35,op2> 3.3474122425972495E-5
<989,81,34,op2> 4.678979543519913E-5
<990,174,58,op8> 7.196531594746689E-4
<991,173,56,op7> 6.640376736095298E-4
<992,173,57,op7> 6.528851864390408E-4
<993,82,20,op5> 2.737117303332586E-4
<994,42,27,op2> 4.7773919728915835E-5
<995,82,21,op5> 2.698858237939468E-4
<996,223,4,op2> 1.0024700197436307E-4
<997,42,26,op2> 4.634960410966865E-5
<998,173,56,op8> 7.551056974188368E-4
<999,173,58,op8> 7.297417551682391E-4
<1000,41,37,op3> 2.8757921044397165E-4
<1001,82,35,op2> 3.3080309220961054E-5
<1002,173,57,op8> 7.424237262935379E-4
<1003,40,23,op7> 8.79114669232178E-5
<1004,176,22,op8> 3.4194811737136974E-4
<1005,80,54,op5> 3.414406505610937E-4
<1006,122,8,op2> 0.0021364306250717673
<1007,172,57,op7> 6.498764989439301E-4
<1008,83,21,op5> 2.709567992851926E-4
<1009,172,58,op7> 6.387754057235356E-4
<1010,46,22,op1> 1.2131191096738137E-4
<1011,172,56,op7> 6.609775921643247E-4
<1012,80,55,op5> 2.3732133688411083E-4
<1013,175,22,op7> 3.153768333398158E-4
<1014,83,20,op5> 2.7479788799331117E-4
<1015,224,4,op2> 1.0070060831813848E-4
<1016,45,26,op2> 9.98299165439017E-5
<1017,45,27,op2> 1.0289767326228025E-4
<1018,172,58,op8> 7.26378889937049E-4
<1019,41,45,op7> 2.3802667808969912E-4
<1020,41,44,op7> 2.4098200156313568E-4
<1021,43,23,op7> 8.609260898687535E-5
<1022,83,35,op2> 3.32115802892982E-5
<1023,40,58,op7> 1.7123517041038618E-4
<1024,190,27,op2> 1.1759734087117745E-4
<1025,175,22,op8> 3.586285133407048E-4
<1026,83,34,op2> 4.642281664747207E-5
<1027,44,37,op3> 6.190941335946612E-4
<1028,171,56,op7> 6.517973478287089E-4
<1029,113,10,op1> 0.0012057341636143221
<1030,171,57,op7> 6.408504364585977E-4
<1031,70,1,op5> 1.5974488241396985E-4
<1032,133,53,op5> 0.0010528633148963855
<1033,171,58,op7> 6.299035250884864E-4
<1034,81,55,op5> 2.3825567285609556E-4
<1035,174,22,op7> 3.139099643475375E-4
<1036,225,4,op2> 1.0115421466191387E-4
<1037,44,26,op2> 1.0047816275522576E-4
<1038,84,20,op5> 2.8022867629357424E-4
<1039,81,1,op5> 1.4921225280425756E-4
<1040,44,27,op2> 1.035658399717756E-4
<1041,84,21,op5> 2.763116767414217E-4
<1042,44,2,op7> 2.3884589102012515E-4
<1043,171,56,op8> 7.411866983880748E-4
<1044,42,23,op7> 8.669889496565618E-5
<1045,171,58,op8> 7.162902942434789E-4
<1046,40,45,op7> 2.3967964113198872E-4
<1047,171,57,op8> 7.287384963157768E-4
<1048,40,44,op7> 2.426554876851019E-4
<1049,174,22,op8> 3.569604737437713E-4
<1050,43,37,op3> 2.8358505474336093E-4
<1051,84,35,op2> 3.386793563098394E-5
<1052,84,34,op2> 4.7340263616789704E-5
<1053,179,58,op7> 5.825868283682244E-4
<1054,179,56,op7> 6.028360447054256E-4
<1055,179,57,op7> 5.92711436536825E-4
<1056,193,4,op2> 1.601230393527157E-4
<1057,71,1,op5> 1.603300285033983E-4
<1058,112,10,op1> 0.0012008526487818755
<1059,95,10,op6> 0.004046535278865974
<1060,179,58,op8> 6.624844505444382E-4
<1061,179,57,op8> 6.739975764047325E-4
<1062,73,8,op2> 2.485077364345586E-4
<1063,194,4,op2> 1.5785500763383867E-4
<1064,72,1,op5> 1.6150032068225524E-4
<1065,74,8,op2> 2.4940487627728267E-4
<1066,70,8,op2> 2.449191770636624E-4
<1067,71,8,op2> 2.458163169063865E-4
<1068,70,3,op4> 0.0011363367017878873
<1069,228,10,op6> 0.002713700216687567
<1070,196,8,op2> 3.139989449534134E-4
<1071,72,8,op2> 2.476105965918346E-4
<1072,71,5,op4> 6.106503642089676E-4
<1073,119,0,op5> 4.1883311830624373E-4
<1074,196,5,op4> 7.800278374932069E-4
<1075,75,1,op5> 1.632557589505406E-4
<1076,11,25,op1> 9.919406598579842E-5
<1077,195,0,op7> 2.447725031443726E-4
<1078,76,5,op4> 6.240222699945656E-4
<1079,76,1,op5> 1.6384090503996908E-4

