12.0	0.0		13.0	0.0		1.0	0.0		114.0	0.0		0.9166666666666666	0.0		0.46153846153846156	0.0		0.0	0.0		0.6842105263157895	0.0
12.0	0.0		13.0	0.0		1.0	0.0		156.0	0.0		0.8541666666666667	1.1102230246251565E-16		1.0	0.0		0.0	0.0		0.5	0.0
12.0	0.0		13.0	0.0		1.0	0.0		156.0	0.0		0.8541666666666667	1.1102230246251565E-16		1.0	0.0		0.0	0.0		0.5	0.0
12.0	0.0		13.0	0.0		1.0	0.0		156.0	0.0		0.8541666666666667	1.1102230246251565E-16		1.0	0.0		0.0	0.0		0.5	0.0
12.0	0.0		13.0	0.0		1.0	0.0		156.0	0.0		0.8541666666666667	1.1102230246251565E-16		1.0	0.0		0.0	0.0		0.5	0.0
12.0	0.0		13.0	0.0		1.0	0.0		156.0	0.0		0.8541666666666667	1.1102230246251565E-16		1.0	0.0		0.0	0.0		0.5	0.0
12.0	0.0		13.0	0.0		1.0	0.0		156.0	0.0		0.8541666666666667	1.1102230246251565E-16		1.0	0.0		0.0	0.0		0.5	0.0
12.0	0.0		13.0	0.0		1.0	0.0		156.0	0.0		0.8541666666666667	1.1102230246251565E-16		1.0	0.0		0.0	0.0		0.5	0.0
12.0	0.0		13.0	0.0		1.0	0.0		156.0	0.0		0.8541666666666667	1.1102230246251565E-16		1.0	0.0		0.0	0.0		0.5	0.0
12.0	0.0		13.0	0.0		1.0	0.0		156.0	0.0		0.8541666666666667	1.1102230246251565E-16		1.0	0.0		0.0	0.0		0.5	0.0
12.0	0.0		13.0	0.0		1.0	0.0		156.0	0.0		0.8541666666666667	1.1102230246251565E-16		1.0	0.0		0.0	0.0		0.5	0.0
12.0	0.0		13.0	0.0		1.0	0.0		105.0	0.0		0.8112535612535614	2.220446049250313E-16		0.358974358974359	0.0		0.01282051282051282	0.0		0.7264150943396226	0.0
12.0	0.0		13.0	0.0		1.0	0.0		114.0	0.0		0.865562678062678	1.1102230246251565E-16		0.46153846153846156	0.0		0.0	0.0		0.6842105263157895	0.0
12.0	0.0		13.0	0.0		1.0	0.0		156.0	0.0		0.8541666666666667	1.1102230246251565E-16		1.0	0.0		0.0	0.0		0.5	0.0
12.0	0.0		13.0	0.0		1.0	0.0		156.0	0.0		0.8541666666666667	1.1102230246251565E-16		1.0	0.0		0.0	0.0		0.5	0.0
12.0	0.0		13.0	0.0		1.0	0.0		156.0	0.0		0.8541666666666667	1.1102230246251565E-16		1.0	0.0		0.0	0.0		0.5	0.0
12.0	0.0		13.0	0.0		1.0	0.0		99.0	0.0		0.8586182336182338	1.1102230246251565E-16		0.33333333333333337	5.551115123125783E-17		0.0641025641025641	0.0		0.7019230769230768	1.1102230246251565E-16
12.0	0.0		13.0	0.0		1.0	0.0		70.0	0.0		0.834045584045584	0.0		0.02564102564102564	0.0		0.1282051282051282	0.0		0.8499999999999999	1.1102230246251565E-16
12.0	0.0		13.0	0.0		1.0	0.0		101.0	0.0		0.8586182336182338	1.1102230246251565E-16		0.30769230769230765	5.551115123125783E-17		0.01282051282051282	0.0		0.7549019607843137	0.0
12.0	0.0		13.0	0.0		1.0	0.0		156.0	0.0		0.8541666666666667	1.1102230246251565E-16		1.0	0.0		0.0	0.0		0.5	0.0
12.0	0.0		13.0	0.0		1.0	0.0		87.0	0.0		0.848201566951567	0.0		0.15384615384615383	2.7755575615628914E-17		0.03846153846153846	6.938893903907228E-18		0.8333333333333333	1.1102230246251565E-16
12.0	0.0		13.0	0.0		1.0	0.0		114.0	0.0		0.8851495726495726	1.1102230246251565E-16		0.46153846153846156	0.0		0.0	0.0		0.6842105263157895	0.0
12.0	0.0		13.0	0.0		1.0	0.0		114.0	0.0		0.8703258547008546	1.1102230246251565E-16		0.46153846153846156	0.0		0.0	0.0		0.6842105263157895	0.0
12.0	0.0		13.0	0.0		1.0	0.0		82.0	0.0		0.8480235042735043	0.0		0.1282051282051282	0.0		0.07692307692307691	1.3877787807814457E-17		0.8181818181818181	1.1102230246251565E-16
12.0	0.0		13.0	0.0		1.0	0.0		90.0	0.0		0.848201566951567	0.0		0.15384615384615383	2.7755575615628914E-17		0.0	0.0		0.8666666666666669	2.220446049250313E-16
12.0	0.0		13.0	0.0		1.0	0.0		107.0	0.0		0.8170405982905982	1.1102230246251565E-16		0.3717948717948718	0.0		0.0	0.0		0.7289719626168224	0.0
12.0	0.0		13.0	0.0		1.0	0.0		106.0	0.0		0.8170405982905982	1.1102230246251565E-16		0.358974358974359	0.0		0.0	0.0		0.7358490566037734	1.1102230246251565E-16
12.0	0.0		13.0	0.0		1.0	0.0		89.0	0.0		0.848201566951567	0.0		0.1794871794871795	0.0		0.03846153846153846	6.938893903907228E-18		0.8152173913043479	1.1102230246251565E-16
12.0	0.0		13.0	0.0		1.0	0.0		94.0	0.0		0.848201566951567	0.0		0.20512820512820512	0.0		0.0	0.0		0.8297872340425532	0.0
12.0	0.0		13.0	0.0		1.0	0.0		89.0	0.0		0.848201566951567	0.0		0.15384615384615383	2.7755575615628914E-17		0.01282051282051282	0.0		0.8555555555555554	1.1102230246251565E-16
12.0	0.0		13.0	0.0		1.0	0.0		103.0	0.0		0.8256321225071226	1.1102230246251565E-16		0.33333333333333337	5.551115123125783E-17		0.01282051282051282	0.0		0.7403846153846153	1.1102230246251565E-16
12.0	0.0		13.0	0.0		1.0	0.0		110.0	0.0		0.8251424501424502	1.1102230246251565E-16		0.41025641025641024	0.0		0.0	0.0		0.7090909090909091	0.0
12.0	0.0		13.0	0.0		1.0	0.0		76.0	0.0		0.8363603988603989	0.0		0.0	0.0		0.02564102564102564	0.0		0.9743589743589742	1.1102230246251565E-16
12.0	0.0		13.0	0.0		1.0	0.0		77.0	0.0		0.865295584045584	0.0		0.0	0.0		0.01282051282051282	0.0		0.9871794871794872	0.0
12.0	0.0		13.0	0.0		1.0	0.0		114.0	0.0		0.8556356837606838	1.1102230246251565E-16		0.46153846153846156	0.0		0.0	0.0		0.6842105263157895	0.0
12.0	0.0		13.0	0.0		1.0	0.0		89.0	0.0		0.848201566951567	0.0		0.15384615384615383	2.7755575615628914E-17		0.01282051282051282	0.0		0.8555555555555554	1.1102230246251565E-16
12.0	0.0		13.0	0.0		1.0	0.0		95.0	0.0		0.8175302706552705	1.1102230246251565E-16		0.23076923076923078	0.0		0.01282051282051282	0.0		0.8020833333333333	1.1102230246251565E-16
12.0	0.0		13.0	0.0		1.0	0.0		78.0	0.0		0.8548789173789173	1.1102230246251565E-16		0.05128205128205128	0.0		0.05128205128205128	0.0		0.902439024390244	1.1102230246251565E-16
12.0	0.0		13.0	0.0		1.0	0.0		90.0	0.0		0.8505163817663817	1.1102230246251565E-16		0.15384615384615383	2.7755575615628914E-17		0.0	0.0		0.8666666666666669	2.220446049250313E-16
12.0	0.0		13.0	0.0		1.0	0.0		92.0	0.0		0.848201566951567	0.0		0.1794871794871795	0.0		0.0	0.0		0.8478260869565217	0.0
12.0	0.0		13.0	0.0		1.0	0.0		104.0	0.0		0.8586182336182338	1.1102230246251565E-16		0.33333333333333337	5.551115123125783E-17		0.0	0.0		0.75	0.0
12.0	0.0		13.0	0.0		1.0	0.0		88.0	0.0		0.8137909544159545	1.1102230246251565E-16		0.1282051282051282	0.0		0.0	0.0		0.8863636363636365	1.1102230246251565E-16
12.0	0.0		13.0	0.0		1.0	0.0		92.0	0.0		0.8400997150997151	1.1102230246251565E-16		0.1794871794871795	0.0		0.0	0.0		0.8478260869565217	0.0
12.0	0.0		13.0	0.0		1.0	0.0		94.0	0.0		0.8224715099715103	2.220446049250313E-16		0.20512820512820512	0.0		0.0	0.0		0.8297872340425532	0.0
12.0	0.0		13.0	0.0		1.0	0.0		102.0	0.0		0.8312856125356125	1.1102230246251565E-16		0.30769230769230765	5.551115123125783E-17		0.0	0.0		0.7647058823529411	0.0
12.0	0.0		13.0	0.0		1.0	0.0		78.0	0.0		0.8352920227920231	2.220446049250313E-16		0.0	0.0		0.0	0.0		1.0	0.0
12.0	0.0		13.0	0.0		1.0	0.0		92.0	0.0		0.8505163817663817	1.1102230246251565E-16		0.1794871794871795	0.0		0.0	0.0		0.8478260869565217	0.0
12.0	0.0		13.0	0.0		1.0	0.0		82.0	0.0		0.8595975783475784	1.1102230246251565E-16		0.05128205128205128	0.0		0.0	0.0		0.9512195121951219	0.0
12.0	0.0		13.0	0.0		1.0	0.0		90.0	0.0		0.8514066951566954	2.220446049250313E-16		0.15384615384615383	2.7755575615628914E-17		0.0	0.0		0.8666666666666669	2.220446049250313E-16
12.0	0.0		13.0	0.0		1.0	0.0		78.0	0.0		0.865295584045584	0.0		0.0	0.0		0.0	0.0		1.0	0.0
