<0,oncAgent1,oncPat2noteItem,read> null
<1,oncDoc1,oncPat1HR,addItem> null
<2,carNurse1,carPat1HR,addItem> null
<3,carNurse1,carPat2HR,addItem> null
<4,oncNurse1,oncPat1HR,addItem> null
<5,carAgent2,carPat2noteItem,read> null
<6,oncPat1,oncPat1HR,addNote> null
<7,oncDoc4,oncPat2HR,addItem> null
<8,oncDoc1,oncPat2HR,addItem> null
<9,oncNurse1,oncPat1nursingItem,read> null
<10,oncDoc3,oncPat2HR,addItem> null
<11,carPat2,carPat2noteItem,read> null
<12,carNurse2,carPat1HR,addItem> null
<13,oncNurse2,oncPat2HR,addItem> null
<14,oncNurse1,oncPat2nursingItem,read> null
<15,oncNurse2,oncPat2nursingItem,read> null
<16,oncDoc4,oncPat2oncItem,read> null
<17,carNurse1,carPat1nursingItem,read> null
<18,carPat1,carPat1noteItem,read> null
<19,carNurse2,carPat2HR,addItem> null
<20,carNurse1,carPat2nursingItem,read> null
<21,oncPat2,oncPat2noteItem,read> null
<22,oncAgent1,oncPat2HR,addNote> null
<23,doc1,oncPat2oncItem,read> null
<24,anesDoc1,oncPat1HR,addItem> null
<25,carNurse2,carPat1nursingItem,read> null
<26,carDoc2,carPat2carItem,read> null
<27,carAgent1,carPat2noteItem,read> null
<28,oncDoc1,oncPat1oncItem,read> null
<29,oncDoc2,oncPat1oncItem,read> null
<30,carNurse2,carPat2nursingItem,read> null
<0,carAgent1,carPat2HR,addNote> 0.007000000000000001
<1,carDoc2,carPat2HR,addItem> 0.0625
<2,carDoc1,carPat1carItem,read> 0.003684210526315789
<3,oncNurse1,oncPat2HR,addItem> 0.04326923076923077
<4,oncAgent2,oncPat2noteItem,read> 0.003

