<0,plan2,proj21task1propa,setSchedule> 0.004374999999999999
<1,code21,proj21task2propa,request> 8.749999999999998E-4
<2,plan1,proj12sched,write> 0.0125
<3,des22,proj22task1a,setStatus> 0.004374999999999999
<4,mgr2,proj21budget,approve> 0.0025000000000000005
<5,plan1,proj12task2propa,setSchedule> 0.004374999999999999
<6,plan2,proj22task2propa,setSchedule> 0.004374999999999999
<7,plan1,proj12task2prop,setSchedule> 0.004374999999999999
<8,code12,proj12task2propa,setStatus> 0.004374999999999999
<9,des12,proj12sched,read> 0.001785714285714286
<10,code11,proj11task2a,setStatus> 0.004374999999999999
<11,code12,proj12task2,read> 0.006999999999999999
<12,mgr1,proj11budget,read> 0.010000000000000002
<13,acc2,proj22budget,read> 0.010000000000000002
<14,code11,proj11task2propa,read> 0.003499999999999999
<15,code22,proj22task2propa,setStatus> 0.004374999999999999
<16,plan2,proj21sched,write> 0.0125
<17,acc2,proj21task1,setCost> 0.004374999999999999
<18,des22,proj22task1,read> 0.006999999999999999
<19,ldr12,proj12budget,read> 0.005000000000000002
<20,mgr1,proj12budget,read> 0.010000000000000002
<21,des21,proj21task1,request> 0.0026249999999999997
<22,acc1,proj12budget,write> 0.0025000000000000005
<23,des22,proj22task1a,read> 0.006999999999999999
<24,des21,proj21task1a,request> 0.0026249999999999997
<25,ldr2,proj21budget,read> 0.005000000000000002
<26,acc2,proj21task1prop,setCost> 0.004374999999999999
<27,mgr2,proj21budget,read> 0.010000000000000002
<28,plan1,proj12task1prop,setSchedule> 0.004374999999999999
<29,acc2,proj22task1propa,setCost> 0.004374999999999999
<30,acc1,proj11task1,setCost> 0.004374999999999999
<31,plan1,proj11task2,setSchedule> 0.004374999999999999
<32,ldr12,proj12budget,write> 0.0012500000000000005
<33,acc1,proj11task2propa,setCost> 0.004374999999999999
<34,acc2,proj21task2,setCost> 0.004374999999999999
<35,des12,proj12task1,request> 0.0017499999999999998
<36,acc1,proj11task2,setCost> 0.004374999999999999
<37,code22,proj22task2,request> 0.0017499999999999998
<38,ldr11,proj12sched,read> 0.001785714285714286
<39,acc2,proj22task1a,setCost> 0.004374999999999999
<40,aud1,proj11sched,read> 0.0017361111111111112
<41,plan2,proj21task2,setSchedule> 0.004374999999999999
<42,ldr11,proj11sched,read> 0.006736111111111113
<43,acc1,proj12task1a,setCost> 0.004374999999999999
<44,plan1,proj12task2,setSchedule> 0.004374999999999999
<45,acc1,proj11sched,read> 0.0017361111111111112
<46,code12,proj12task2,request> 0.0017499999999999998
<47,ldr12,proj12sched,write> 0.0012500000000000005
<48,ldr2,proj21sched,read> 0.007232142857142859
<49,plan1,proj11sched,read> 0.0017361111111111112
<50,plan1,proj12task1,setSchedule> 0.004374999999999999
<51,code21,proj21task2a,setStatus> 0.004374999999999999
<52,des12,proj12task1a,setStatus> 0.004374999999999999
<53,code21,proj21task2a,request> 0.0026249999999999997
<54,aud1,proj12budget,read> 0.0125
<55,plan2,proj21task1,setSchedule> 0.004374999999999999
<56,acc2,proj22task2a,setCost> 0.004374999999999999
<57,plan1,proj11task1a,setSchedule> 0.004374999999999999
<58,acc1,proj11budget,read> 0.010000000000000002
<59,aud1,proj11budget,read> 0.0125
<60,aud2,proj22budget,read> 0.0125
<61,code11,proj11task2a,read> 0.010499999999999999
<62,plan1,proj11task1prop,setSchedule> 0.004374999999999999
<63,code11,proj11task2a,request> 0.0026249999999999997
<64,mgr1,proj12budget,approve> 0.0025000000000000005
<65,des21,proj21task1,read> 0.010499999999999999
<66,des11,proj11task1a,request> 0.0026249999999999997
<67,code21,proj21task2prop,read> 0.003499999999999999
<68,code11,proj11task2propa,setStatus> 0.004374999999999999
<69,plan2,proj22task2,setSchedule> 0.004374999999999999
<70,plan2,proj21task1a,setSchedule> 0.004374999999999999
<71,plan2,proj22task1propa,setSchedule> 0.004374999999999999
<72,plan1,proj11task2prop,setSchedule> 0.004374999999999999
<73,des12,proj12task1,read> 0.006999999999999999
<74,plan1,proj11task2a,setSchedule> 0.004374999999999999
<75,des21,proj21task1a,setStatus> 0.004374999999999999
<76,code21,proj21task2,request> 0.0026249999999999997
<77,ldr12,proj12sched,read> 0.006785714285714288
<78,des21,proj21task1prop,read> 0.003499999999999999
<79,code22,proj22task2a,read> 0.006999999999999999
<80,des11,proj11task1a,setStatus> 0.004374999999999999
<81,code21,proj21task2prop,request> 8.749999999999998E-4
<82,ldr11,proj11budget,read> 0.005000000000000002
<83,aud2,proj22sched,read> 0.002403846153846154
<84,plan2,proj21task1prop,setSchedule> 0.004374999999999999
<85,acc1,proj12task2propa,setCost> 0.004374999999999999
<86,plan1,proj11task1,setSchedule> 0.004374999999999999
<87,plan1,proj11task1propa,setSchedule> 0.004374999999999999
<88,acc1,proj12task2a,setCost> 0.004374999999999999
<89,acc1,proj11task2prop,setCost> 0.004374999999999999
<90,des11,proj11task1a,read> 0.010499999999999999
<91,des21,proj21task1prop,request> 8.749999999999998E-4
<92,acc2,proj21budget,read> 0.010000000000000002
<93,acc1,proj11task2a,setCost> 0.004374999999999999
<94,des21,proj21sched,read> 0.001785714285714286
<95,acc2,proj22task2propa,setCost> 0.004374999999999999
<96,ldr11,proj11sched,write> 0.0012500000000000005
<97,aud1,proj12sched,read> 0.001785714285714286
<98,des11,proj11task1,request> 0.0026249999999999997
<99,acc2,proj21task2a,setCost> 0.004374999999999999
<100,acc2,proj21budget,write> 0.0025000000000000005
<101,code21,proj21task2propa,read> 0.003499999999999999
<102,acc2,proj21task1a,setCost> 0.004374999999999999
<103,plan2,proj22task1prop,setSchedule> 0.004374999999999999
<104,acc1,proj11task1propa,setCost> 0.004374999999999999
<105,acc1,proj12task1prop,setCost> 0.004374999999999999
<106,acc1,proj12task2prop,setCost> 0.004374999999999999
<107,des21,proj21task1a,read> 0.010499999999999999
<108,des21,proj21task1propa,read> 0.003499999999999999
<109,des11,proj11task1,read> 0.010499999999999999
<110,plan2,proj22task2prop,setSchedule> 0.004374999999999999
<111,code11,proj11sched,read> 0.0027777777777777783
<112,plan1,proj12task1propa,setSchedule> 0.004374999999999999
<113,des12,proj12task1propa,setStatus> 0.004374999999999999

