<0,plan2,proj21task1propa,setSchedule> null
<1,code21,proj21task2propa,request> null
<2,plan1,proj12sched,write> null
<3,des22,proj22task1a,setStatus> null
<4,mgr2,proj21budget,approve> null
<5,plan1,proj12task2propa,setSchedule> null
<6,plan2,proj22task2propa,setSchedule> null
<7,plan1,proj12task2prop,setSchedule> null
<8,code12,proj12task2propa,setStatus> null
<9,des12,proj12sched,read> null
<10,code11,proj11task2a,setStatus> null
<11,code12,proj12task2,read> null
<12,mgr1,proj11budget,read> null
<13,acc2,proj22budget,read> null
<14,code11,proj11task2propa,read> null
<15,code22,proj22task2propa,setStatus> null
<16,plan2,proj21sched,write> null
<17,acc2,proj21task1,setCost> null
<18,des22,proj22task1,read> null
<19,ldr12,proj12budget,read> null
<20,mgr1,proj12budget,read> null
<21,des21,proj21task1,request> null
<22,acc1,proj12budget,write> null
<23,des22,proj22task1a,read> null
<24,des21,proj21task1a,request> null
<25,ldr2,proj21budget,read> null
<26,acc2,proj21task1prop,setCost> null
<27,mgr2,proj21budget,read> null
<28,plan1,proj12task1prop,setSchedule> null
<29,acc2,proj22task1propa,setCost> null
<30,acc1,proj11task1,setCost> null
<31,plan1,proj11task2,setSchedule> null
<32,ldr12,proj12budget,write> null
<33,acc1,proj11task2propa,setCost> null
<34,acc2,proj21task2,setCost> null
<35,des12,proj12task1,request> null
<36,acc1,proj11task2,setCost> null
<37,code22,proj22task2,request> null
<38,ldr11,proj12sched,read> null
<39,acc2,proj22task1a,setCost> null
<40,aud1,proj11sched,read> null
<41,plan2,proj21task2,setSchedule> null
<42,ldr11,proj11sched,read> null
<43,acc1,proj12task1a,setCost> null
<44,plan1,proj12task2,setSchedule> null
<45,acc1,proj11sched,read> null
<46,code12,proj12task2,request> null
<47,ldr12,proj12sched,write> null
<48,ldr2,proj21sched,read> null
<49,plan1,proj11sched,read> null
<50,plan1,proj12task1,setSchedule> null
<51,code21,proj21task2a,setStatus> null
<52,des12,proj12task1a,setStatus> null
<53,code21,proj21task2a,request> null
<54,aud1,proj12budget,read> null
<55,plan2,proj21task1,setSchedule> null
<56,acc2,proj22task2a,setCost> null
<57,plan1,proj11task1a,setSchedule> null
<58,acc1,proj11budget,read> null
<59,aud1,proj11budget,read> null
<60,aud2,proj22budget,read> null
<61,code11,proj11task2a,read> null
<62,plan1,proj11task1prop,setSchedule> null
<63,code11,proj11task2a,request> null
<64,mgr1,proj12budget,approve> null
<65,des21,proj21task1,read> null
<66,des11,proj11task1a,request> null
<67,code21,proj21task2prop,read> null
<68,code11,proj11task2propa,setStatus> null
<69,plan2,proj22task2,setSchedule> null
<70,plan2,proj21task1a,setSchedule> null
<71,plan2,proj22task1propa,setSchedule> null
<72,plan1,proj11task2prop,setSchedule> null
<73,des12,proj12task1,read> null
<74,plan1,proj11task2a,setSchedule> null
<75,des21,proj21task1a,setStatus> null
<76,code21,proj21task2,request> null
<77,ldr12,proj12sched,read> null
<78,des21,proj21task1prop,read> null
<79,code22,proj22task2a,read> null
<80,des11,proj11task1a,setStatus> null
<81,code21,proj21task2prop,request> null
<82,ldr11,proj11budget,read> null
<83,aud2,proj22sched,read> null
<84,plan2,proj21task1prop,setSchedule> null
<85,acc1,proj12task2propa,setCost> null
<86,plan1,proj11task1,setSchedule> null
<87,plan1,proj11task1propa,setSchedule> null
<88,acc1,proj12task2a,setCost> null
<89,acc1,proj11task2prop,setCost> null
<90,des11,proj11task1a,read> null
<91,des21,proj21task1prop,request> null
<92,acc2,proj21budget,read> null
<93,acc1,proj11task2a,setCost> null
<94,des21,proj21sched,read> null
<95,acc2,proj22task2propa,setCost> null
<96,ldr11,proj11sched,write> null
<97,aud1,proj12sched,read> null
<98,des11,proj11task1,request> null
<99,acc2,proj21task2a,setCost> null
<100,acc2,proj21budget,write> null
<101,code21,proj21task2propa,read> null
<102,acc2,proj21task1a,setCost> null
<103,plan2,proj22task1prop,setSchedule> null
<104,acc1,proj11task1propa,setCost> null
<105,acc1,proj12task1prop,setCost> null
<106,acc1,proj12task2prop,setCost> null
<107,des21,proj21task1a,read> null
<108,des21,proj21task1propa,read> null
<109,des11,proj11task1,read> null
<110,plan2,proj22task2prop,setSchedule> null
<111,code11,proj11sched,read> null
<112,plan1,proj12task1propa,setSchedule> null
<113,des12,proj12task1propa,setStatus> null
<0,acc1,proj11task1prop,setCost> 0.004374999999999999
<1,acc1,proj12sched,read> 0.001785714285714286
<2,acc2,proj22task1,setCost> 0.004374999999999999
<3,des21,proj21task1propa,setStatus> 0.004374999999999999
<4,code12,proj12task2a,request> 0.0017499999999999998
<5,acc1,proj12task1propa,setCost> 0.004374999999999999
<6,plan2,proj21sched,read> 0.0022321428571428575
<7,acc2,proj22budget,write> 0.0025000000000000005
<8,code11,proj11task2,read> 0.010499999999999999
<9,des11,proj11task1prop,request> 8.749999999999998E-4
<10,plan1,proj12task1a,setSchedule> 0.004374999999999999
<11,code21,proj21task2,read> 0.010499999999999999
<12,code12,proj12task2a,setStatus> 0.004374999999999999
<13,acc1,proj11task1a,setCost> 0.004374999999999999
<14,ldr2,proj22budget,write> 0.0012500000000000005
<15,plan1,proj11sched,write> 0.0125
<16,plan2,proj22task1,setSchedule> 0.004374999999999999
<17,plan2,proj22sched,write> 0.0125
<18,des11,proj11sched,read> 0.0027777777777777783

