<0,acc1,proj12task2,setCost> null
<1,plan2,proj21task2prop,setSchedule> null
<2,des12,proj12task1propa,setStatus> null
<3,plan2,proj21sched,write> null
<4,acc2,proj21task1,setCost> null
<5,des21,proj21task1a,request> null
<6,acc2,proj22budget,read> null
<7,code21,proj21task2,read> null
<8,plan1,proj12task1prop,setSchedule> null
<9,code21,proj21task2propa,request> null
<10,code12,proj12task2propa,setStatus> null
<11,plan1,proj11task1propa,setSchedule> null
<12,des12,proj12sched,read> null
<13,acc2,proj21task1a,setCost> null
<14,mgr1,proj12budget,read> null
<15,aud1,proj12budget,read> null
<16,des11,proj11task1,read> null
<17,ldr12,proj12budget,read> null
<18,code11,proj11task2a,setStatus> null
<19,code12,proj12task2a,read> null
<20,code21,proj21task2a,read> null
<21,acc1,proj12budget,write> null
<22,acc2,proj21budget,read> null
<23,plan2,proj21task1propa,setSchedule> null
<24,ldr2,proj21budget,read> null
<25,acc1,proj11task1a,setCost> null
<26,plan2,proj22task2propa,setSchedule> null
<27,ldr12,proj12budget,write> null
<28,des22,proj22sched,read> null
<29,acc1,proj11task2,setCost> null
<30,acc1,proj12task1a,setCost> null
<31,code22,proj22task2,request> null
<32,acc2,proj22budget,write> null
<33,mgr2,proj21budget,approve> null
<34,des21,proj21task1propa,setStatus> null
<35,acc2,proj21task1prop,setCost> null
<36,acc1,proj11task1,setCost> null
<37,acc2,proj22task1a,setCost> null
<38,aud2,proj21budget,read> null
<39,mgr1,proj11budget,read> null
<40,des11,proj11task1propa,request> null
<41,ldr11,proj12sched,read> null
<42,mgr1,proj12budget,approve> null
<43,acc1,proj11sched,read> null
<44,aud1,proj11budget,read> null
<45,ldr12,proj12sched,write> null
<46,plan1,proj12sched,write> null
<47,des12,proj12task1a,setStatus> null
<48,plan2,proj22sched,write> null
<49,code21,proj21task2a,request> null
<50,acc1,proj12task2a,setCost> null
<51,acc2,proj22task2a,setCost> null
<52,plan1,proj11task1a,setSchedule> null
<53,code22,proj22task2,read> null
<54,plan1,proj11task1prop,setSchedule> null
<55,des11,proj11task1a,request> null
<56,des22,proj22task1a,read> null
<57,plan2,proj21task1,setSchedule> null
<58,code22,proj22task2propa,setStatus> null
<59,des11,proj11task1a,setStatus> null
<60,mgr1,proj11budget,approve> null
<61,plan2,proj22task1propa,setSchedule> null
<62,ldr2,proj22budget,read> null
<63,acc1,proj11task2propa,setCost> null
<64,code12,proj12task2,request> null
<65,plan1,proj12task1a,setSchedule> null
<66,plan1,proj11task2prop,setSchedule> null
<67,des12,proj12task1,read> null
<68,code21,proj21task2,request> null
<69,code21,proj21task2prop,request> null
<70,aud2,proj22sched,read> null
<71,plan1,proj12task2prop,setSchedule> null
<72,aud1,proj11sched,read> null
<73,acc1,proj11task1prop,setCost> null
<74,acc1,proj12task2propa,setCost> null
<75,code11,proj11task2,request> null
<76,des22,proj22task1a,setStatus> null
<77,ldr12,proj12sched,read> null
<78,ldr2,proj21budget,write> null
<79,des11,proj11task1a,read> null
<80,des21,proj21task1prop,request> null
<81,plan2,proj22sched,read> null
<82,plan1,proj11task2a,setSchedule> null
<83,des21,proj21sched,read> null
<84,plan2,proj22task1a,setSchedule> null
<85,des21,proj21task1,read> null
<86,code11,proj11task2a,read> null
<87,acc1,proj11task2a,setCost> null
<88,acc2,proj22task2propa,setCost> null
<89,code21,proj21task2prop,read> null
<90,plan2,proj21task2,setSchedule> null
<91,ldr11,proj11sched,write> null
<92,aud1,proj12sched,read> null
<93,code11,proj11task2,read> null
<94,des11,proj11task1,request> null
<95,plan2,proj22task1prop,setSchedule> null
<96,aud2,proj22budget,read> null
<97,acc1,proj12task1prop,setCost> null
<98,des21,proj21task1,request> null
<99,acc1,proj12task2prop,setCost> null
<100,des22,proj22task1propa,setStatus> null
<101,plan1,proj11task1,setSchedule> null
<102,plan1,proj11task2,setSchedule> null
<103,acc1,proj11task1propa,setCost> null
<104,des21,proj21task1propa,read> null
<105,code11,proj11sched,read> null
<106,code21,proj21task2a,setStatus> null
<107,plan1,proj12task1propa,setSchedule> null
<108,acc2,proj22task1propa,setCost> null
<109,des22,proj22task1,read> null
<110,code12,proj12task2a,request> null
<111,code22,proj22task2a,read> null
<112,mgr2,proj22budget,read> null
<113,acc1,proj12task1propa,setCost> null
<0,plan1,proj12task2propa,setSchedule> null
<1,plan2,proj22task2,setSchedule> null
<2,des21,proj21task1prop,read> null
<3,plan2,proj21sched,read> null
<4,code12,proj12task2a,setStatus> null
<5,code11,proj11task2a,request> null
<6,plan1,proj11sched,write> null
<7,acc1,proj11task2prop,setCost> null
<8,ldr2,proj22budget,write> null
<9,plan2,proj22task2prop,setSchedule> null
<10,code21,proj21task2propa,read> null
<11,des21,proj21task1a,read> null
<12,plan2,proj22task1,setSchedule> null
<13,des11,proj11sched,read> null
<14,des11,proj11task1propa,setStatus> null
<15,code11,proj11task2propa,request> null
<16,acc1,proj12task1,setCost> null
<17,plan2,proj21task1a,setSchedule> null
<18,des21,proj21task1propa,request> null
<0,code11,proj11task2propa,setStatus> 0.004374999999999999
<1,des22,proj22task1,request> 0.0017499999999999998
<2,ldr11,proj11budget,write> 0.0012500000000000005
<3,code12,proj12sched,read> 0.001785714285714286
<4,des11,proj11task1propa,read> 0.003499999999999999
<5,des12,proj12task1a,read> 0.006999999999999999
<6,acc1,proj11budget,read> 0.010000000000000002
<7,acc2,proj22sched,read> 0.002403846153846154
<8,acc1,proj12budget,read> 0.010000000000000002
<9,plan2,proj21task2a,setSchedule> 0.004374999999999999
<10,plan1,proj12task2a,setSchedule> 0.004374999999999999
<11,code22,proj22task2a,request> 0.0017499999999999998
<12,code12,proj12task2,read> 0.006999999999999999
<13,mgr2,proj21budget,read> 0.010000000000000002
<14,ldr2,proj22sched,write> 0.0012500000000000005
<15,acc2,proj21task2a,setCost> 0.004374999999999999
<16,acc2,proj22task1prop,setCost> 0.004374999999999999
<17,des21,proj21task1a,setStatus> 0.004374999999999999
<18,code21,proj21sched,read> 0.001785714285714286

