<0,patient7-7,noteItem7-7,read> null
<1,patient9-4,noteItem9-4,read> null
<2,doctor9-0,HRitem1-7-2,read> null
<3,patient4-8,noteItem4-8,read> null
<4,nurse5-1,HR5-7,addItem> null
<5,agent9-1,noteItem9-4agent9-1,read> null
<6,nurse4-2,HR4-5,addItem> null
<7,agent0-11,noteItem0-6agent0-1,read> null
<8,doctor4-1,HR0-6,addItem> null
<9,doctor4-1,HR0-4,addItem> null
<10,doctor9-0,HRitem1-9-1,read> null
<11,patient1-5,noteItem1-5,read> null
<12,patient0-0,noteItem0-0agent0-0,read> null
<13,patient2-0,noteItem2-0,read> null
<14,agent2-11,HR2-2,addNote> null
<15,patient4-3,noteItem4-3,read> null
<16,patient5-0,noteItem5-0,read> null
<17,nurse7-1,HR7-9,addItem> null
<18,nurse8-2,nursingItem8-9,read> null
<19,patient9-8,noteItem9-8,read> null
<20,patient3-2,noteItem3-2,read> null
<21,doctor9-0,HRitem6-2-1,read> null
<22,nurse1-0,nursingItem1-2,read> null
<23,doctor4-1,HR0-8,addItem> null
<24,doctor4-1,HR0-3,addItem> null
<25,nurse0-2,nursingItem0-6,read> null
<26,nurse1-0,nursingItem1-4,read> null
<27,doctor4-1,HR0-1,addItem> null
<28,patient9-9,HR9-9,addNote> null
<29,nurse1-0,nursingItem1-5,read> null
<30,nurse8-3,nursingItem8-0,read> null
<31,agent4-0,HR4-5,addNote> null
<32,patient3-5,noteItem3-5,read> null
<33,agent3-1,noteItem3-3,read> null
<34,nurse8-3,nursingItem8-6,read> null
<35,agent8-1,HR8-5,addNote> null
<36,nurse2-0,nursingItem2-3,read> null
<37,nurse4-1,HR4-0,addItem> null
<38,agent7-0,noteItem7-7,read> null
<39,doctor2-0,HR2-5,addItem> null
<40,doctor3-1,HR3-2,addItem> null
<41,nurse2-2,nursingItem2-1,read> null
<42,nurse9-1,nursingItem9-4,read> null
<43,doctor6-0,HR1-9,addItem> null
<44,patient8-7,HR8-7,addNote> null
<45,nurse2-3,HR2-0,addItem> null
<46,nurse9-0,nursingItem9-2,read> null
<47,patient5-7,noteItem5-7agent5-1,read> null
<48,doctor3-0,HRitem3-8-3,read> null
<49,doctor1-1,HRitem7-2-2,read> null
<50,patient8-2,noteItem8-2,read> null
<51,patient3-3,noteItem3-3agent3-0,read> null
<52,nurse9-0,nursingItem9-0,read> null
<53,nurse8-2,nursingItem8-7,read> null
<54,doctor5-0,HR0-2,addItem> null
<55,patient5-9,noteItem5-9,read> null
<56,nurse2-3,HR2-1,addItem> null
<57,patient1-4,noteItem1-4agent1-0,read> null
<58,patient0-3,noteItem0-3,read> null
<59,nurse1-3,nursingItem1-8,read> null
<60,agent3-1,noteItem3-3agent3-0agent3-1,read> null
<61,patient1-4,noteItem1-4,read> null
<62,nurse2-0,nursingItem2-1,read> null
<63,nurse2-1,nursingItem2-9,read> null
<64,nurse4-2,HR4-0,addItem> null
<65,nurse0-3,nursingItem0-1,read> null
<66,doctor1-1,HR7-1,addItem> null
<67,nurse2-3,HR2-2,addItem> null
<68,nurse2-3,HR2-3,addItem> null
<69,nurse2-3,HR2-8,addItem> null
<70,agent8-01,HR8-2,addNote> null
<71,nurse2-3,HR2-9,addItem> null
<72,patient7-3,noteItem7-3,read> null
<73,patient1-0,noteItem1-0,read> null
<74,agent4-01,HR4-5,addNote> null
<75,patient6-1,noteItem6-1,read> null
<76,patient4-6,HR4-6,addNote> null
<77,nurse4-2,nursingItem4-5,read> null
<78,nurse2-3,HR2-4,addItem> null
<79,nurse2-3,HR2-5,addItem> null
<80,nurse1-1,nursingItem1-2,read> null
<81,doctor2-0,HRitem9-8-2,read> null
<82,nurse2-3,HR2-6,addItem> null
<83,nurse2-3,HR2-7,addItem> null
<84,patient8-8,noteItem8-8,read> null
<85,doctor5-0,HRitem8-6-2,read> null
<86,nurse9-3,nursingItem9-3,read> null
<87,nurse4-2,HR4-4,addItem> null
<88,agent0-01,noteItem0-0agent0-0,read> null
<89,nurse8-2,nursingItem8-6,read> null
<90,nurse1-3,nursingItem1-5,read> null
<91,patient1-6,noteItem1-6,read> null
<92,nurse9-0,nursingItem9-6,read> null
<93,nurse8-2,nursingItem8-4,read> null
<94,patient2-3,noteItem2-3,read> null
<95,patient0-9,HR0-9,addNote> null
<96,patient5-8,noteItem5-8,read> null
<97,agent8-0,HR8-2,addNote> null
<98,patient0-2,noteItem0-2,read> null
<99,patient3-4,noteItem3-4,read> null
<100,patient9-0,noteItem9-0,read> null
<101,patient6-7,HR6-7,addNote> null
<102,nurse3-1,nursingItem3-3,read> null
<103,nurse2-2,HR2-1,addItem> null
<104,nurse2-2,HR2-2,addItem> null
<105,patient6-6,noteItem6-6,read> null
<106,agent5-1,HR5-7,addNote> null
<107,patient0-2,HR0-2,addNote> null
<108,patient4-0,noteItem4-0,read> null
<109,nurse2-2,HR2-0,addItem> null
<110,doctor6-0,HR1-3,addItem> null
<111,nurse9-1,HR9-2,addItem> null
<112,agent3-0,noteItem3-3agent3-0agent3-1,read> null
<113,agent2-0,noteItem2-4,read> null
<114,nurse2-2,HR2-9,addItem> null
<115,nurse2-0,nursingItem2-5,read> null
<116,nurse9-3,nursingItem9-1,read> null
<117,nurse2-2,HR2-7,addItem> null
<118,nurse1-2,HR1-0,addItem> null
<119,doctor4-1,HRitem4-7-3,read> null
<120,nurse3-0,HR3-9,addItem> null
<121,doctor9-1,HR9-2,addItem> null
<122,doctor8-0,HRitem8-6-3,read> null
<123,nurse2-2,HR2-8,addItem> null
<124,doctor7-0,HR8-4,addItem> null
<125,patient8-2,noteItem8-2agent8-0,read> null
<126,agent4-11,noteItem4-1agent4-1,read> null
<127,nurse2-2,HR2-5,addItem> null
<128,nurse2-2,HR2-6,addItem> null
<129,doctor2-0,HRitem2-5-3,read> null
<130,doctor2-1,HR2-5,addItem> null
<131,nurse2-2,HR2-3,addItem> null
<132,patient6-2,noteItem6-2agent6-1,read> null
<133,nurse2-2,HR2-4,addItem> null
<134,patient1-3,noteItem1-3,read> null
<135,nurse6-2,nursingItem6-3,read> null
<136,doctor2-0,HR2-3,addItem> null
<137,nurse6-2,nursingItem6-2,read> null
<138,nurse6-2,nursingItem6-1,read> null
<139,patient2-1,HR2-1,addNote> null
<140,patient8-5,noteItem8-5agent8-1,read> null
<141,nurse6-2,nursingItem6-0,read> null
<142,patient0-6,noteItem0-6agent0-1,read> null
<143,agent9-0,noteItem9-1agent9-0,read> null
<144,doctor5-0,HR0-7,addItem> null
<145,nurse6-2,nursingItem6-7,read> null
<146,nurse6-2,nursingItem6-6,read> null
<147,nurse5-3,HR5-2,addItem> null
<148,nurse6-3,nursingItem6-4,read> null
<149,doctor0-0,HR5-2,addItem> null
<150,nurse6-2,nursingItem6-5,read> null
<151,agent7-1,noteItem7-8agent7-1,read> null
<152,nurse3-2,nursingItem3-0,read> null
<153,nurse6-2,nursingItem6-4,read> null
<154,nurse1-1,HR1-8,addItem> null
<155,patient8-8,HR8-8,addNote> null
<156,nurse2-0,nursingItem2-0,read> null
<157,agent1-11,noteItem1-4agent1-0agent1-1,read> null
<158,doctor1-0,HRitem1-5-1,read> null
<159,patient6-7,noteItem6-7,read> null
<160,nurse6-2,nursingItem6-9,read> null
<161,nurse6-2,nursingItem6-8,read> null
<162,nurse8-1,HR8-5,addItem> null
<163,doctor7-0,HR7-0,addItem> null
<164,patient3-4,HR3-4,addNote> null
<165,patient2-9,HR2-9,addNote> null
<166,doctor5-1,HRitem5-5-0,read> null
<167,agent3-01,HR3-3,addNote> null
<168,nurse8-1,HR8-4,addItem> null
<169,nurse9-2,HR9-7,addItem> null
<170,nurse8-1,nursingItem8-8,read> null
<171,nurse8-1,HR8-3,addItem> null
<172,nurse5-0,nursingItem5-1,read> null
<173,doctor3-1,HRitem3-3-2,read> null
<174,patient4-5,noteItem4-5agent4-0,read> null
<175,nurse8-1,HR8-2,addItem> null
<176,nurse7-0,HR7-7,addItem> null
<177,nurse8-1,HR8-9,addItem> null
<178,patient4-1,noteItem4-1,read> null
<179,nurse4-2,nursingItem4-6,read> null
<180,doctor5-0,HRitem8-0-0,read> null
<181,patient4-9,HR4-9,addNote> null
<182,nurse0-1,nursingItem0-2,read> null
<183,patient6-3,noteItem6-3,read> null
<184,agent8-11,noteItem8-5agent8-1,read> null
<185,nurse8-1,HR8-8,addItem> null
<186,patient7-1,HR7-1,addNote> null
<187,agent4-0,noteItem4-5,read> null
<188,nurse4-1,nursingItem4-2,read> null
<189,patient0-1,noteItem0-1,read> null
<190,patient6-4,noteItem6-4,read> null
<191,agent5-0,noteItem5-1agent5-0,read> null
<192,agent4-01,noteItem4-5,read> null
<193,doctor4-0,HRitem9-5-2,read> null
<194,nurse2-1,HR2-0,addItem> null
<195,nurse8-1,HR8-7,addItem> null
<196,patient8-1,noteItem8-1,read> null
<197,nurse2-1,HR2-1,addItem> null
<198,nurse0-1,nursingItem0-5,read> null
<199,agent9-1,HR9-4,addNote> null
<200,patient2-1,noteItem2-1,read> null
<201,nurse8-1,HR8-6,addItem> null
<202,nurse2-1,HR2-2,addItem> null
<203,patient3-9,noteItem3-9,read> null
<204,nurse8-3,nursingItem8-2,read> null
<205,nurse2-1,HR2-3,addItem> null
<206,nurse2-1,HR2-4,addItem> null
<207,nurse2-1,HR2-5,addItem> null
<208,patient3-7,HR3-7,addNote> null
<209,agent8-1,noteItem8-5,read> null
<210,nurse8-2,HR8-2,addItem> null
<211,nurse4-3,nursingItem4-1,read> null
<212,nurse2-1,HR2-6,addItem> null
<213,nurse1-0,nursingItem1-8,read> null
<214,doctor9-1,HR9-7,addItem> null
<215,agent1-0,noteItem1-4agent1-0agent1-1,read> null
<216,agent0-1,noteItem0-6agent0-1,read> null
<217,agent3-0,noteItem3-3,read> null
<218,patient5-7,noteItem5-7,read> null
<219,nurse1-1,HR1-1,addItem> null
<220,nurse8-1,nursingItem8-6,read> null
<221,patient5-6,noteItem5-6,read> null
<222,nurse8-1,HR8-1,addItem> null
<223,nurse1-1,nursingItem1-3,read> null
<224,nurse2-1,HR2-7,addItem> null
<225,doctor7-0,HR3-9,addItem> null
<226,patient3-3,noteItem3-3,read> null
<227,nurse1-3,HR1-0,addItem> null
<228,nurse8-1,HR8-0,addItem> null
<229,patient8-4,HR8-4,addNote> null
<230,nurse2-1,HR2-8,addItem> null
<231,nurse5-3,nursingItem5-9,read> null
<232,nurse8-1,nursingItem8-7,read> null
<233,nurse2-1,HR2-9,addItem> null
<234,agent4-11,HR4-1,addNote> null
<235,patient3-7,noteItem3-7,read> null
<236,nurse6-3,nursingItem6-0,read> null
<237,nurse2-0,HR2-9,addItem> null
<238,nurse6-3,nursingItem6-2,read> null
<239,patient1-0,HR1-0,addNote> null
<240,nurse7-0,nursingItem7-0,read> null
<241,nurse0-1,HR0-3,addItem> null
<242,nurse6-3,nursingItem6-1,read> null
<243,doctor2-1,HR2-0,addItem> null
<244,nurse6-3,nursingItem6-3,read> null
<245,nurse6-3,nursingItem6-6,read> null
<246,patient3-5,HR3-5,addNote> null
<247,patient3-0,noteItem3-0,read> null
<248,doctor1-0,HRitem1-7-1,read> null
<249,nurse9-1,HR9-8,addItem> null
<250,patient6-0,noteItem6-0,read> null
<251,doctor4-1,HR4-4,addItem> null
<252,nurse8-0,HR8-9,addItem> null
<253,nurse2-3,nursingItem2-6,read> null
<254,nurse6-3,nursingItem6-5,read> null
<255,nurse9-2,nursingItem9-1,read> null
<256,patient3-8,noteItem3-8,read> null
<257,nurse6-3,nursingItem6-8,read> null
<258,patient7-9,HR7-9,addNote> null
<259,nurse6-3,nursingItem6-7,read> null
<260,nurse6-3,nursingItem6-9,read> null
<261,nurse8-0,HR8-2,addItem> null
<262,nurse8-0,HR8-1,addItem> null
<263,nurse8-0,HR8-4,addItem> null
<264,patient8-5,noteItem8-5,read> null
<265,nurse3-3,HR3-5,addItem> null
<266,nurse8-0,HR8-3,addItem> null
<267,patient0-0,noteItem0-0,read> null
<268,nurse3-3,HR3-1,addItem> null
<269,patient6-9,noteItem6-9,read> null
<270,patient5-5,noteItem5-5,read> null
<271,patient9-4,noteItem9-4agent9-1,read> null
<272,patient8-0,noteItem8-0,read> null
<273,nurse8-0,HR8-6,addItem> null
<274,doctor4-1,HRitem4-3-1,read> null
<275,nurse3-3,HR3-0,addItem> null
<276,nurse2-0,HR2-0,addItem> null
<277,nurse8-0,HR8-5,addItem> null
<278,agent4-0,noteItem4-5agent4-0,read> null
<279,nurse3-3,HR3-3,addItem> null
<280,doctor6-0,HR1-7,addItem> null
<281,nurse8-0,HR8-8,addItem> null
<282,nurse3-3,HR3-2,addItem> null
<283,nurse0-0,nursingItem0-5,read> null
<284,doctor1-1,HR1-3,addItem> null
<285,nurse9-3,nursingItem9-8,read> null
<286,nurse8-0,HR8-7,addItem> null
<287,patient0-4,HR0-4,addNote> null
<288,patient1-7,HR1-7,addNote> null
<289,nurse6-1,nursingItem6-7,read> null
<290,nurse2-0,HR2-3,addItem> null
<291,nurse4-1,nursingItem4-8,read> null
<292,patient5-3,noteItem5-3,read> null
<293,nurse3-3,HR3-4,addItem> null
<294,nurse2-0,HR2-4,addItem> null
<295,patient3-1,noteItem3-1,read> null
<296,nurse3-3,HR3-7,addItem> null
<297,nurse2-0,HR2-1,addItem> null
<298,nurse3-3,HR3-6,addItem> null
<299,doctor5-0,HRitem8-9-2,read> null
<300,agent6-01,noteItem6-4agent6-0,read> null
<301,nurse2-0,HR2-2,addItem> null
<302,nurse2-0,HR2-7,addItem> null
<303,nurse2-3,nursingItem2-1,read> null
<304,nurse3-3,HR3-9,addItem> null
<305,nurse8-3,nursingItem8-1,read> null
<306,nurse2-0,HR2-8,addItem> null
<307,nurse3-3,HR3-8,addItem> null
<308,agent3-0,noteItem3-3agent3-0,read> null
<309,nurse2-0,HR2-5,addItem> null
<310,patient9-1,noteItem9-1agent9-0,read> null
<311,nurse9-0,nursingItem9-3,read> null
<312,nurse8-0,HR8-0,addItem> null
<313,patient9-0,HR9-0,addNote> null
<314,nurse9-3,nursingItem9-7,read> null
<315,agent5-1,noteItem5-7,read> null
<316,nurse4-2,nursingItem4-1,read> null
<317,nurse2-0,HR2-6,addItem> null
<318,agent9-0,noteItem9-1,read> null
<319,agent4-1,noteItem4-1,read> null
<320,patient1-9,noteItem1-9,read> null
<321,patient4-7,noteItem4-7,read> null
<322,agent6-1,noteItem6-2agent6-1,read> null
<323,nurse8-3,HR8-2,addItem> null
<324,nurse7-0,HR7-9,addItem> null
<325,nurse8-3,HR8-3,addItem> null
<326,agent6-11,noteItem6-2,read> null
<327,nurse8-3,HR8-0,addItem> null
<328,nurse8-3,HR8-1,addItem> null
<329,agent5-01,noteItem5-1,read> null
<330,doctor0-1,HR7-7,addItem> null
<331,nurse4-2,nursingItem4-2,read> null
<332,nurse4-0,nursingItem4-2,read> null
<333,patient1-8,HR1-8,addNote> null
<334,nurse8-3,HR8-8,addItem> null
<335,nurse8-3,HR8-9,addItem> null
<336,nurse8-3,HR8-6,addItem> null
<337,agent7-01,HR7-7,addNote> null
<338,nurse5-2,nursingItem5-0,read> null
<339,nurse8-3,HR8-7,addItem> null
<340,agent4-11,noteItem4-1,read> null
<341,nurse8-3,HR8-4,addItem> null
<342,patient6-4,noteItem6-4agent6-0,read> null
<343,nurse8-3,HR8-5,addItem> null
<344,nurse8-2,HR8-0,addItem> null
<345,patient2-4,noteItem2-4,read> null
<346,patient2-8,HR2-8,addNote> null
<347,nurse8-2,HR8-1,addItem> null
<348,doctor3-1,HRitem4-7-3,read> null
<349,nurse3-3,nursingItem3-3,read> null
<350,nurse8-2,HR8-7,addItem> null
<351,doctor6-0,HR4-1,addItem> null
<352,nurse8-2,HR8-8,addItem> null
<353,nurse8-2,HR8-9,addItem> null
<354,patient7-4,HR7-4,addNote> null
<355,nurse8-2,HR8-3,addItem> null
<356,nurse8-2,HR8-4,addItem> null
<357,nurse8-2,HR8-5,addItem> null
<358,doctor1-1,HR7-9,addItem> null
<359,nurse8-2,HR8-6,addItem> null
<360,patient1-7,noteItem1-7,read> null
<361,patient8-3,noteItem8-3,read> null
<362,patient4-1,noteItem4-1agent4-1,read> null
<363,patient5-2,HR5-2,addNote> null
<364,doctor2-1,HRitem6-0-1,read> null
<365,agent2-01,HR2-4,addNote> null
<366,nurse3-0,HR3-1,addItem> null
<367,patient1-8,noteItem1-8,read> null
<368,patient7-5,noteItem7-5,read> null
<369,patient7-4,noteItem7-4,read> null
<370,patient9-4,HR9-4,addNote> null
<371,nurse9-2,HR9-9,addItem> null
<372,nurse9-2,HR9-8,addItem> null
<373,nurse9-2,HR9-5,addItem> null
<374,nurse9-2,HR9-6,addItem> null
<375,patient4-4,noteItem4-4,read> null
<376,agent6-11,noteItem6-2agent6-1,read> null
<377,nurse9-2,HR9-3,addItem> null
<378,nurse9-2,HR9-4,addItem> null
<379,nurse9-1,nursingItem9-2,read> null
<380,nurse8-3,nursingItem8-3,read> null
<381,agent1-1,noteItem1-4agent1-0agent1-1,read> null
<382,nurse4-0,nursingItem4-6,read> null
<383,nurse9-2,HR9-1,addItem> null
<384,nurse9-2,HR9-2,addItem> null
<385,nurse1-3,nursingItem1-4,read> null
<386,nurse4-2,nursingItem4-7,read> null
<387,doctor8-1,HRitem8-1-0,read> null
<388,nurse9-2,HR9-0,addItem> null
<389,patient5-2,noteItem5-2,read> null
<390,agent6-01,HR6-4,addNote> null
<391,nurse9-1,HR9-6,addItem> null
<392,patient8-9,HR8-9,addNote> null
<393,doctor1-1,HR7-0,addItem> null
<394,doctor9-0,HRitem9-1-1,read> null
<395,patient9-5,noteItem9-5,read> null
<396,nurse3-3,nursingItem3-1,read> null
<397,nurse9-1,HR9-7,addItem> null
<398,agent3-11,HR3-3,addNote> null
<399,nurse9-1,HR9-9,addItem> null
<400,nurse9-1,HR9-3,addItem> null
<401,nurse9-1,HR9-4,addItem> null
<402,nurse9-1,HR9-5,addItem> null
<403,nurse9-1,HR9-0,addItem> null
<404,patient6-5,HR6-5,addNote> null
<405,nurse9-1,HR9-1,addItem> null
<406,doctor7-1,HRitem6-5-0,read> null
<407,nurse9-3,HR9-4,addItem> null
<408,nurse1-1,nursingItem1-0,read> null
<409,nurse9-3,HR9-5,addItem> null
<410,nurse6-2,HR6-4,addItem> null
<411,doctor2-1,HR2-3,addItem> null
<412,nurse9-3,HR9-6,addItem> null
<413,nurse9-3,HR9-7,addItem> null
<414,nurse9-2,nursingItem9-0,read> null
<415,nurse9-3,HR9-8,addItem> null
<416,nurse4-2,nursingItem4-0,read> null
<417,nurse9-3,HR9-9,addItem> null
<418,nurse9-3,HR9-0,addItem> null
<419,nurse0-2,nursingItem0-9,read> null
<420,patient5-4,noteItem5-4,read> null
<421,nurse9-3,HR9-1,addItem> null
<422,nurse9-3,HR9-2,addItem> null
<423,nurse9-3,HR9-3,addItem> null
<424,doctor1-0,HRitem4-7-3,read> null
<425,nurse3-2,HR3-7,addItem> null
<426,nurse3-2,HR3-8,addItem> null
<427,nurse1-2,HR1-7,addItem> null
<428,patient0-8,noteItem0-8,read> null
<429,doctor9-1,HR9-4,addItem> null
<430,nurse3-2,HR3-9,addItem> null
<431,nurse3-2,HR3-3,addItem> null
<432,nurse3-2,HR3-4,addItem> null
<433,patient0-7,HR0-7,addNote> null
<434,nurse3-2,HR3-5,addItem> null
<435,nurse3-2,HR3-6,addItem> null
<436,nurse9-2,nursingItem9-2,read> null
<437,nurse3-2,HR3-0,addItem> null
<438,nurse3-2,HR3-1,addItem> null
<439,agent4-01,noteItem4-5agent4-0,read> null
<440,nurse9-1,nursingItem9-9,read> null
<441,nurse3-2,HR3-2,addItem> null
<442,nurse6-0,nursingItem6-6,read> null
<443,nurse6-0,nursingItem6-7,read> null
<444,doctor7-1,HR6-7,addItem> null
<445,agent3-01,noteItem3-3agent3-0,read> null
<446,nurse5-0,nursingItem5-8,read> null
<447,nurse6-0,nursingItem6-8,read> null
<448,doctor7-1,HR6-6,addItem> null
<449,nurse6-0,nursingItem6-9,read> null
<450,patient9-1,noteItem9-1,read> null
<451,doctor7-1,HR6-5,addItem> null
<452,nurse6-0,nursingItem6-2,read> null
<453,nurse6-0,nursingItem6-3,read> null
<454,nurse5-1,nursingItem5-5,read> null
<455,nurse0-1,nursingItem0-3,read> null
<456,doctor7-1,HR6-3,addItem> null
<457,nurse6-0,nursingItem6-4,read> null
<458,nurse6-0,nursingItem6-5,read> null
<459,doctor7-1,HR6-1,addItem> null
<460,doctor7-1,HR6-0,addItem> null
<461,doctor0-1,HR0-3,addItem> null
<462,nurse6-0,nursingItem6-0,read> null
<463,agent4-1,noteItem4-1agent4-1,read> null
<464,nurse6-0,nursingItem6-1,read> null
<465,nurse8-1,nursingItem8-3,read> null
<466,nurse5-2,HR5-9,addItem> null
<467,doctor5-0,HRitem5-1-3,read> null
<468,nurse3-1,HR3-8,addItem> null
<469,patient6-2,noteItem6-2,read> null
<470,patient5-0,HR5-0,addNote> null
<471,patient5-6,HR5-6,addNote> null
<472,patient9-6,noteItem9-6,read> null
<473,nurse3-1,HR3-9,addItem> null
<474,nurse3-1,HR3-6,addItem> null
<475,nurse3-1,HR3-7,addItem> null
<476,nurse3-1,HR3-4,addItem> null
<477,nurse3-1,HR3-5,addItem> null
<478,nurse3-1,HR3-2,addItem> null
<479,nurse3-1,HR3-3,addItem> null
<480,nurse3-1,HR3-0,addItem> null
<481,nurse3-1,HR3-1,addItem> null
<482,nurse6-1,nursingItem6-9,read> null
<483,nurse6-1,nursingItem6-8,read> null
<484,nurse6-1,nursingItem6-5,read> null
<485,nurse8-1,nursingItem8-0,read> null
<486,nurse6-1,nursingItem6-6,read> null
<487,nurse1-3,nursingItem1-1,read> null
<488,nurse6-1,nursingItem6-3,read> null
<489,nurse6-1,nursingItem6-4,read> null
<490,nurse6-1,nursingItem6-1,read> null
<491,patient0-5,HR0-5,addNote> null
<492,nurse6-1,nursingItem6-2,read> null
<493,nurse6-1,nursingItem6-0,read> null
<494,nurse5-2,nursingItem5-2,read> null
<495,patient8-6,noteItem8-6,read> null
<496,nurse3-3,nursingItem3-9,read> null
<497,nurse3-0,HR3-2,addItem> null
<498,nurse3-0,HR3-3,addItem> null
<499,nurse3-0,HR3-4,addItem> null
<500,nurse9-3,nursingItem9-4,read> null
<501,doctor5-1,HRitem3-9-2,read> null
<502,nurse3-0,HR3-5,addItem> null
<503,patient9-2,HR9-2,addNote> null
<504,nurse9-0,HR9-0,addItem> null
<505,nurse3-0,HR3-6,addItem> null
<506,nurse3-0,HR3-7,addItem> null
<507,nurse3-0,HR3-8,addItem> null
<508,nurse9-0,HR9-4,addItem> null
<509,nurse9-0,HR9-3,addItem> null
<510,nurse9-0,HR9-2,addItem> null
<511,nurse9-0,HR9-1,addItem> null
<512,nurse9-0,HR9-8,addItem> null
<513,nurse9-0,HR9-7,addItem> null
<514,nurse9-0,HR9-6,addItem> null
<515,nurse3-0,HR3-0,addItem> null
<516,nurse1-2,nursingItem1-3,read> null
<517,nurse9-0,HR9-5,addItem> null
<518,nurse9-0,HR9-9,addItem> null
<519,doctor1-0,HRitem6-5-3,read> null
<520,agent1-01,noteItem1-4,read> null
<521,doctor2-1,HRitem2-0-1,read> null
<522,agent3-11,noteItem3-3agent3-0,read> null
<523,nurse7-3,HR7-8,addItem> null
<524,patient8-3,HR8-3,addNote> null
<525,nurse0-3,nursingItem0-7,read> null
<526,nurse7-3,HR7-9,addItem> null
<527,nurse1-1,nursingItem1-1,read> null
<528,agent8-11,noteItem8-5,read> null
<529,nurse7-3,HR7-4,addItem> null
<530,nurse7-3,HR7-5,addItem> null
<531,nurse7-3,HR7-6,addItem> null
<532,nurse7-3,HR7-7,addItem> null
<533,nurse2-2,nursingItem2-2,read> null
<534,patient3-6,HR3-6,addNote> null
<535,patient2-7,noteItem2-7,read> null
<536,nurse7-3,HR7-0,addItem> null
<537,nurse9-3,nursingItem9-2,read> null
<538,nurse7-3,HR7-1,addItem> null
<539,nurse7-3,HR7-2,addItem> null
<540,patient0-9,noteItem0-9,read> null
<541,patient7-5,HR7-5,addNote> null
<542,nurse0-0,nursingItem0-3,read> null
<543,nurse7-3,HR7-3,addItem> null
<544,patient0-3,HR0-3,addNote> null
<545,doctor1-0,HRitem6-0-1,read> null
<546,nurse5-3,nursingItem5-1,read> null
<547,agent9-1,noteItem9-4,read> null
<548,doctor3-1,HRitem3-1-1,read> null
<549,patient2-2,noteItem2-2,read> null
<550,nurse2-3,nursingItem2-8,read> null
<551,doctor3-1,HRitem3-5-1,read> null
<552,doctor3-0,HRitem3-1-1,read> null
<553,doctor5-0,HRitem0-5-1,read> null
<554,patient0-1,HR0-1,addNote> null
<555,doctor0-1,HR2-3,addItem> null
<556,nurse0-3,nursingItem0-9,read> null
<557,agent1-01,HR1-4,addNote> null
<558,patient5-9,HR5-9,addNote> null
<559,patient5-1,noteItem5-1agent5-0,read> null
<560,nurse5-3,nursingItem5-2,read> null
<561,nurse3-0,nursingItem3-3,read> null
<562,nurse4-3,nursingItem4-6,read> null
<563,doctor0-1,HR2-4,addItem> null
<564,doctor0-1,HR2-5,addItem> null
<565,nurse1-0,nursingItem1-9,read> null
<566,doctor0-1,HR2-0,addItem> null
<567,patient2-5,HR2-5,addNote> null
<568,doctor3-0,HRitem3-5-1,read> null
<569,patient4-2,noteItem4-2,read> null
<570,doctor0-1,HR2-7,addItem> null
<571,doctor0-1,HR2-6,addItem> null
<572,patient0-8,HR0-8,addNote> null
<573,doctor0-1,HR7-5,addItem> null
<574,patient2-0,HR2-0,addNote> null
<575,nurse5-0,HR5-9,addItem> null
<576,nurse5-3,nursingItem5-4,read> null
<577,nurse0-3,HR0-0,addItem> null
<578,doctor0-1,HR7-6,addItem> null
<579,patient2-8,noteItem2-8,read> null
<580,nurse5-0,HR5-5,addItem> null
<581,nurse7-0,HR7-0,addItem> null
<582,nurse5-0,HR5-6,addItem> null
<583,doctor2-0,HR2-6,addItem> null
<584,nurse5-0,HR5-7,addItem> null
<585,agent0-0,noteItem0-0,read> null
<586,doctor5-0,HRitem5-8-2,read> null
<587,nurse5-0,HR5-8,addItem> null
<588,patient1-6,HR1-6,addNote> null
<589,nurse5-0,HR5-1,addItem> null
<590,nurse5-0,HR5-2,addItem> null
<591,nurse5-0,HR5-3,addItem> null
<592,nurse5-0,HR5-4,addItem> null
<593,doctor9-0,HR1-6,addItem> null
<594,doctor8-0,HRitem6-6-0,read> null
<595,nurse7-0,HR7-8,addItem> null
<596,nurse7-0,HR7-6,addItem> null
<597,doctor5-0,HR8-6,addItem> null
<598,doctor7-1,HRitem6-0-3,read> null
<599,nurse5-0,HR5-0,addItem> null
<600,nurse7-0,HR7-5,addItem> null
<601,patient1-1,HR1-1,addNote> null
<602,nurse7-0,HR7-4,addItem> null
<603,nurse7-0,HR7-3,addItem> null
<604,nurse7-0,HR7-2,addItem> null
<605,nurse7-0,HR7-1,addItem> null
<606,patient2-2,noteItem2-2agent2-1,read> null
<607,patient0-6,HR0-6,addNote> null
<608,doctor0-1,HRitem2-3-3,read> null
<609,nurse4-2,HR4-3,addItem> null
<610,nurse4-2,HR4-6,addItem> null
<611,nurse4-2,HR4-8,addItem> null
<612,nurse4-2,HR4-7,addItem> null
<613,nurse7-1,HR7-1,addItem> null
<614,nurse7-1,HR7-0,addItem> null
<615,nurse4-2,HR4-9,addItem> null
<616,nurse7-1,HR7-3,addItem> null
<617,doctor6-1,HR6-7,addItem> null
<618,nurse5-1,nursingItem5-8,read> null
<619,nurse7-1,HR7-2,addItem> null
<620,agent8-11,HR8-5,addNote> null
<621,doctor6-1,HR6-6,addItem> null
<622,agent3-01,noteItem3-3,read> null
<623,agent9-01,noteItem9-1,read> null
<624,patient3-3,noteItem3-3agent3-0agent3-1,read> null
<625,nurse7-1,HR7-5,addItem> null
<626,doctor6-1,HR6-5,addItem> null
<627,nurse2-0,nursingItem2-6,read> null
<628,nurse7-1,HR7-4,addItem> null
<629,nurse7-1,HR7-7,addItem> null
<630,doctor6-1,HR6-3,addItem> null
<631,nurse7-1,HR7-6,addItem> null
<632,nurse4-2,HR4-2,addItem> null
<633,nurse4-3,nursingItem4-7,read> null
<634,doctor6-1,HR6-1,addItem> null
<635,nurse7-1,HR7-8,addItem> null
<636,nurse4-2,HR4-1,addItem> null
<637,doctor6-1,HR6-0,addItem> null
<638,doctor6-0,HR6-8,addItem> null
<639,doctor6-0,HR6-9,addItem> null
<640,nurse4-3,HR4-7,addItem> null
<641,doctor0-0,HRitem0-4-2,read> null
<642,nurse4-3,HR4-6,addItem> null
<643,nurse4-3,HR4-5,addItem> null
<644,nurse4-3,HR4-4,addItem> null
<645,nurse7-2,HR7-2,addItem> null
<646,nurse7-2,HR7-1,addItem> null
<647,nurse7-2,HR7-0,addItem> null
<648,nurse2-2,nursingItem2-3,read> null
<649,patient3-6,noteItem3-6,read> null
<650,nurse4-3,HR4-9,addItem> null
<651,nurse4-3,HR4-8,addItem> null
<652,nurse7-2,HR7-6,addItem> null
<653,doctor6-0,HR6-4,addItem> null
<654,nurse7-2,HR7-5,addItem> null
<655,nurse7-2,HR7-4,addItem> null
<656,nurse7-2,HR7-3,addItem> null
<657,nurse4-3,HR4-3,addItem> null
<658,doctor0-1,HRitem2-7-0,read> null
<659,nurse7-2,HR7-9,addItem> null
<660,nurse4-3,HR4-2,addItem> null
<661,doctor2-1,HRitem6-5-3,read> null
<662,nurse7-2,HR7-8,addItem> null
<663,nurse4-3,HR4-1,addItem> null
<664,doctor6-0,HR6-2,addItem> null
<665,doctor2-0,HRitem9-6-0,read> null
<666,nurse7-2,HR7-7,addItem> null
<667,nurse2-3,nursingItem2-4,read> null
<668,agent8-0,noteItem8-2agent8-0,read> null
<669,nurse8-0,nursingItem8-9,read> null
<670,nurse4-3,HR4-0,addItem> null
<671,nurse6-0,HR6-6,addItem> null
<672,nurse5-3,HR5-1,addItem> null
<673,doctor1-1,HR7-4,addItem> null
<674,nurse4-0,HR4-0,addItem> null
<675,nurse6-0,HR6-5,addItem> null
<676,agent5-01,HR5-1,addNote> null
<677,nurse5-3,HR5-0,addItem> null
<678,nurse5-3,HR5-3,addItem> null
<679,nurse6-0,HR6-8,addItem> null
<680,agent1-11,noteItem1-4,read> null
<681,doctor1-1,HR7-2,addItem> null
<682,nurse6-0,HR6-7,addItem> null
<683,doctor7-1,HR9-3,addItem> null
<684,doctor1-1,HR7-3,addItem> null
<685,doctor7-0,HR7-3,addItem> null
<686,agent5-01,noteItem5-1agent5-0,read> null
<687,doctor8-1,HRitem8-5-3,read> null
<688,nurse6-0,HR6-2,addItem> null
<689,nurse1-0,HR1-7,addItem> null
<690,nurse3-0,nursingItem3-6,read> null
<691,doctor1-1,HR7-8,addItem> null
<692,nurse6-0,HR6-1,addItem> null
<693,nurse6-0,HR6-4,addItem> null
<694,agent7-11,HR7-8,addNote> null
<695,agent2-11,noteItem2-2agent2-1,read> null
<696,nurse4-1,HR4-4,addItem> null
<697,nurse6-0,HR6-3,addItem> null
<698,nurse5-3,HR5-9,addItem> null
<699,doctor3-0,HR3-0,addItem> null
<700,nurse4-0,HR4-7,addItem> null
<701,nurse5-3,HR5-8,addItem> null
<702,nurse4-0,HR4-8,addItem> null
<703,nurse3-0,nursingItem3-1,read> null
<704,nurse6-0,HR6-0,addItem> null
<705,nurse9-0,nursingItem9-8,read> null
<706,nurse4-0,HR4-5,addItem> null
<707,nurse4-0,HR4-6,addItem> null
<708,nurse5-3,HR5-5,addItem> null
<709,nurse4-0,HR4-3,addItem> null
<710,nurse5-3,HR5-4,addItem> null
<711,nurse4-0,HR4-4,addItem> null
<712,patient5-7,HR5-7,addNote> null
<713,nurse5-3,HR5-7,addItem> null
<714,patient7-1,noteItem7-1,read> null
<715,nurse4-0,HR4-1,addItem> null
<716,nurse5-3,HR5-6,addItem> null
<717,patient4-6,noteItem4-6,read> null
<718,nurse4-0,HR4-2,addItem> null
<719,nurse4-0,HR4-9,addItem> null
<720,nurse6-0,HR6-9,addItem> null
<721,nurse6-1,HR6-9,addItem> null
<722,nurse6-1,HR6-8,addItem> null
<723,nurse6-1,HR6-7,addItem> null
<724,nurse4-1,HR4-1,addItem> null
<725,nurse9-2,nursingItem9-7,read> null
<726,nurse4-3,nursingItem4-4,read> null
<727,agent0-01,HR0-0,addNote> null
<728,nurse9-3,nursingItem9-9,read> null
<729,nurse6-1,HR6-6,addItem> null
<730,doctor2-1,HR1-2,addItem> null
<731,nurse6-1,HR6-5,addItem> null
<732,agent2-0,noteItem2-4agent2-0,read> null
<733,doctor2-1,HR1-0,addItem> null
<734,nurse6-1,HR6-4,addItem> null
<735,nurse6-1,HR6-3,addItem> null
<736,nurse6-1,HR6-2,addItem> null
<737,nurse4-1,HR4-6,addItem> null
<738,agent8-1,noteItem8-5agent8-1,read> null
<739,nurse6-1,HR6-1,addItem> null
<740,patient4-9,noteItem4-9,read> null
<741,patient9-2,noteItem9-2,read> null
<742,nurse1-3,nursingItem1-2,read> null
<743,nurse6-1,HR6-0,addItem> null
<744,nurse4-1,HR4-7,addItem> null
<745,nurse4-1,HR4-8,addItem> null
<746,nurse4-1,HR4-9,addItem> null
<747,doctor4-1,HRitem0-3-3,read> null
<748,nurse4-1,HR4-2,addItem> null
<749,nurse4-1,HR4-3,addItem> null
<750,nurse0-1,nursingItem0-7,read> null
<751,nurse4-1,HR4-5,addItem> null
<752,nurse6-2,HR6-3,addItem> null
<753,nurse6-2,HR6-6,addItem> null
<754,nurse6-2,HR6-5,addItem> null
<755,doctor4-0,HRitem4-6-2,read> null
<756,nurse6-2,HR6-8,addItem> null
<757,nurse6-2,HR6-7,addItem> null
<758,nurse5-1,HR5-1,addItem> null
<759,agent2-1,noteItem2-2agent2-1,read> null
<760,agent1-1,HR1-4,addNote> null
<761,nurse6-2,HR6-9,addItem> null
<762,nurse5-1,HR5-0,addItem> null
<763,nurse5-1,HR5-3,addItem> null
<764,nurse5-1,HR5-2,addItem> null
<765,nurse5-1,HR5-5,addItem> null
<766,nurse5-1,HR5-4,addItem> null
<767,patient2-6,noteItem2-6,read> null
<768,agent5-11,noteItem5-7,read> null
<769,nurse6-2,HR6-0,addItem> null
<770,patient9-5,HR9-5,addNote> null
<771,nurse5-1,HR5-6,addItem> null
<772,nurse5-1,HR5-9,addItem> null
<773,nurse4-3,nursingItem4-8,read> null
<774,patient7-7,noteItem7-7agent7-0,read> null
<775,nurse9-1,nursingItem9-0,read> null
<776,nurse6-2,HR6-2,addItem> null
<777,nurse5-1,HR5-8,addItem> null
<778,nurse6-2,HR6-1,addItem> null
<779,doctor8-0,HR3-9,addItem> null
<780,doctor8-0,HR3-7,addItem> null
<781,nurse6-3,HR6-7,addItem> null
<782,nurse6-3,HR6-6,addItem> null
<783,nurse6-3,HR6-5,addItem> null
<784,nurse6-3,HR6-4,addItem> null
<785,nurse5-2,HR5-2,addItem> null
<786,nurse5-2,HR5-1,addItem> null
<787,patient5-4,HR5-4,addNote> null
<788,nurse3-1,nursingItem3-1,read> null
<789,nurse6-3,HR6-9,addItem> null
<790,nurse5-2,HR5-0,addItem> null
<791,nurse6-3,HR6-8,addItem> null
<792,nurse5-2,HR5-6,addItem> null
<793,nurse5-2,HR5-5,addItem> null
<794,nurse5-2,HR5-4,addItem> null
<795,nurse5-2,HR5-3,addItem> null
<796,nurse6-3,HR6-3,addItem> null
<797,nurse6-3,HR6-2,addItem> null
<798,nurse5-2,HR5-8,addItem> null
<799,agent0-0,HR0-0,addNote> null
<800,nurse2-3,nursingItem2-7,read> null
<801,nurse6-3,HR6-1,addItem> null
<802,nurse5-2,HR5-7,addItem> null
<803,agent5-11,noteItem5-7agent5-1,read> null
<804,patient9-6,HR9-6,addNote> null
<805,nurse6-3,HR6-0,addItem> null
<806,doctor3-0,HRitem8-3-2,read> null
<807,patient0-6,noteItem0-6,read> null
<808,doctor6-1,HRitem3-1-2,read> null
<809,patient9-7,noteItem9-7,read> null
<810,patient9-3,HR9-3,addNote> null
<811,nurse8-2,nursingItem8-0,read> null
<812,patient1-2,noteItem1-2,read> null
<813,patient0-0,HR0-0,addNote> null
<814,doctor9-0,HRitem9-5-0,read> null
<815,agent5-11,HR5-7,addNote> null
<816,patient0-7,noteItem0-7,read> null
<817,agent0-01,noteItem0-0,read> null
<818,agent9-0,HR9-1,addNote> null
<819,patient1-1,noteItem1-1,read> null
<820,patient0-4,noteItem0-4,read> null
<821,doctor5-1,HRitem3-7-2,read> null
<822,patient7-2,HR7-2,addNote> null
<823,patient0-5,noteItem0-5,read> null
<824,nurse4-1,nursingItem4-7,read> null
<825,patient2-7,HR2-7,addNote> null
<826,nurse4-1,nursingItem4-9,read> null
<827,nurse4-1,nursingItem4-3,read> null
<828,nurse4-1,nursingItem4-4,read> null
<829,doctor3-1,HRitem2-2-1,read> null
<830,nurse4-1,nursingItem4-5,read> null
<831,nurse3-2,nursingItem3-9,read> null
<832,patient7-7,HR7-7,addNote> null
<833,nurse4-1,nursingItem4-6,read> null
<834,nurse4-1,nursingItem4-0,read> null
<835,patient8-7,noteItem8-7,read> null
<836,nurse4-1,nursingItem4-1,read> null
<837,doctor2-1,HRitem1-4-1,read> null
<838,patient6-3,HR6-3,addNote> null
<839,nurse4-0,nursingItem4-8,read> null
<840,nurse4-0,nursingItem4-9,read> null
<841,doctor8-1,HR4-9,addItem> null
<842,nurse4-0,nursingItem4-7,read> null
<843,nurse4-0,nursingItem4-4,read> null
<844,patient7-6,HR7-6,addNote> null
<845,nurse8-3,nursingItem8-4,read> null
<846,nurse4-0,nursingItem4-5,read> null
<847,nurse4-0,nursingItem4-3,read> null
<848,doctor8-0,HRitem6-1-3,read> null
<849,doctor4-1,HRitem0-1-3,read> null
<850,nurse4-0,nursingItem4-0,read> null
<851,nurse4-0,nursingItem4-1,read> null
<852,doctor2-0,HR9-6,addItem> null
<853,doctor4-1,HRitem4-8-0,read> null
<854,doctor2-0,HR9-5,addItem> null
<855,doctor2-0,HR9-3,addItem> null
<856,patient6-4,HR6-4,addNote> null
<857,doctor2-0,HR9-1,addItem> null
<858,doctor2-0,HR9-8,addItem> null
<859,doctor2-0,HR9-9,addItem> null
<860,nurse7-2,nursingItem7-1,read> null
<861,patient2-3,HR2-3,addNote> null
<862,nurse4-3,nursingItem4-5,read> null
<863,nurse4-3,nursingItem4-9,read> null
<864,nurse4-3,nursingItem4-0,read> null
<865,nurse4-3,nursingItem4-2,read> null
<866,nurse4-3,nursingItem4-3,read> null
<867,patient3-9,HR3-9,addNote> null
<868,doctor7-0,HR7-9,addItem> null
<869,nurse9-3,nursingItem9-0,read> null
<870,agent0-1,HR0-6,addNote> null
<871,nurse9-3,nursingItem9-6,read> null
<872,nurse9-3,nursingItem9-5,read> null
<873,doctor6-0,HR1-5,addItem> null
<874,patient7-8,HR7-8,addNote> null
<875,patient4-0,HR4-0,addNote> null
<876,nurse4-2,nursingItem4-4,read> null
<877,nurse4-2,nursingItem4-8,read> null
<878,nurse4-2,nursingItem4-9,read> null
<879,doctor2-1,HR1-4,addItem> null
<880,nurse2-0,nursingItem2-2,read> null
<881,doctor2-1,HR1-1,addItem> null
<882,nurse4-2,nursingItem4-3,read> null
<883,doctor1-1,HRitem1-8-2,read> null
<884,nurse3-0,nursingItem3-2,read> null
<885,nurse3-0,nursingItem3-4,read> null
<886,nurse0-1,nursingItem0-9,read> null
<887,patient6-6,HR6-6,addNote> null
<888,nurse3-0,nursingItem3-5,read> null
<889,patient7-8,noteItem7-8,read> null
<890,nurse3-0,nursingItem3-7,read> null
<891,nurse3-0,nursingItem3-8,read> null
<892,nurse3-0,nursingItem3-9,read> null
<893,nurse3-0,nursingItem3-0,read> null
<894,patient4-1,HR4-1,addNote> null
<895,patient7-3,HR7-3,addNote> null
<896,nurse3-1,nursingItem3-2,read> null
<897,patient9-1,HR9-1,addNote> null
<898,nurse9-1,nursingItem9-7,read> null
<899,nurse9-1,nursingItem9-8,read> null
<900,doctor5-1,HR5-5,addItem> null
<901,nurse3-1,nursingItem3-0,read> null
<902,doctor1-1,HRitem7-1-2,read> null
<903,nurse9-1,nursingItem9-3,read> null
<904,nurse9-1,nursingItem9-5,read> null
<905,nurse9-1,nursingItem9-6,read> null
<906,nurse3-1,nursingItem3-9,read> null
<907,nurse9-1,nursingItem9-1,read> null
<908,nurse0-2,nursingItem0-5,read> null
<909,nurse3-1,nursingItem3-8,read> null
<910,nurse8-0,nursingItem8-8,read> null
<911,nurse3-1,nursingItem3-7,read> null
<912,nurse3-1,nursingItem3-6,read> null
<913,nurse3-1,nursingItem3-5,read> null
<914,nurse3-1,nursingItem3-4,read> null
<915,patient4-2,HR4-2,addNote> null
<916,nurse3-2,nursingItem3-1,read> null
<917,nurse3-2,nursingItem3-3,read> null
<918,nurse9-2,nursingItem9-8,read> null
<919,nurse3-2,nursingItem3-2,read> null
<920,nurse9-2,nursingItem9-9,read> null
<921,nurse9-2,nursingItem9-6,read> null
<922,patient1-3,HR1-3,addNote> null
<923,nurse9-2,nursingItem9-4,read> null
<924,nurse9-2,nursingItem9-5,read> null
<925,nurse3-2,nursingItem3-8,read> null
<926,nurse9-2,nursingItem9-3,read> null
<927,nurse3-2,nursingItem3-5,read> null
<928,nurse3-2,nursingItem3-4,read> null
<929,nurse3-2,nursingItem3-7,read> null
<930,nurse3-2,nursingItem3-6,read> null
<931,patient6-8,HR6-8,addNote> null
<932,patient4-3,HR4-3,addNote> null
<933,patient9-8,HR9-8,addNote> null
<934,doctor3-0,HRitem3-6-3,read> null
<935,nurse3-3,nursingItem3-0,read> null
<936,agent1-01,noteItem1-4agent1-0agent1-1,read> null
<937,nurse3-3,nursingItem3-4,read> null
<938,nurse3-3,nursingItem3-2,read> null
<939,nurse3-3,nursingItem3-8,read> null
<940,nurse3-3,nursingItem3-7,read> null
<941,patient6-9,HR6-9,addNote> null
<942,nurse3-3,nursingItem3-6,read> null
<943,nurse8-0,nursingItem8-6,read> null
<944,patient8-4,noteItem8-4,read> null
<945,nurse3-3,nursingItem3-5,read> null
<0,patient2-4,noteItem2-4agent2-0,read> null
<1,patient4-4,HR4-4,addNote> null
<2,nurse8-2,nursingItem8-5,read> null
<3,nurse9-0,nursingItem9-4,read> null
<4,nurse9-0,nursingItem9-5,read> null
<5,patient9-3,noteItem9-3,read> null
<6,nurse9-0,nursingItem9-9,read> null
<7,nurse9-0,nursingItem9-7,read> null
<8,nurse5-2,nursingItem5-8,read> null
<9,nurse9-0,nursingItem9-1,read> null
<10,patient8-0,HR8-0,addNote> null
<11,doctor7-1,HR7-9,addItem> null
<12,doctor7-1,HR7-8,addItem> null
<13,doctor7-1,HR7-2,addItem> null
<14,patient5-3,HR5-3,addNote> null
<15,doctor7-1,HR7-3,addItem> null
<16,nurse0-1,nursingItem0-8,read> null
<17,doctor7-1,HR7-0,addItem> null
<18,doctor7-1,HR7-1,addItem> null
<19,doctor7-1,HR7-4,addItem> null
<20,patient3-2,HR3-2,addNote> null
<21,patient9-7,HR9-7,addNote> null
<22,patient3-3,HR3-3,addNote> null
<23,doctor7-0,HR3-7,addItem> null
<24,doctor7-0,HR7-8,addItem> null
<25,nurse1-2,nursingItem1-7,read> null
<26,doctor7-0,HR7-4,addItem> null
<27,doctor5-1,HR5-1,addItem> null
<28,doctor7-0,HR7-1,addItem> null
<29,patient1-5,HR1-5,addNote> null
<30,doctor7-0,HR7-2,addItem> null
<31,doctor0-0,HRitem0-3-0,read> null
<32,doctor8-1,HR8-1,addItem> null
<33,agent7-0,HR7-7,addNote> null
<34,doctor8-1,HR8-5,addItem> null
<35,doctor8-1,HR8-4,addItem> null
<36,doctor8-1,HR8-7,addItem> null
<37,doctor8-1,HR8-8,addItem> null
<38,doctor8-0,HR8-2,addItem> null
<39,doctor8-0,HR8-0,addItem> null
<40,doctor8-0,HR8-6,addItem> null
<41,patient7-9,noteItem7-9,read> null
<42,agent2-0,HR2-4,addNote> null
<43,nurse5-2,nursingItem5-4,read> null
<44,doctor8-0,HR8-3,addItem> null
<45,doctor8-0,HR8-9,addItem> null
<46,nurse1-3,nursingItem1-7,read> null
<47,patient1-9,HR1-9,addNote> null
<48,doctor5-1,HRitem3-2-3,read> null
<49,patient3-0,HR3-0,addNote> null
<50,patient3-1,HR3-1,addNote> null
<51,doctor1-0,HRitem4-8-0,read> null
<52,doctor8-0,HRitem6-5-2,read> null
<53,nurse0-1,nursingItem0-0,read> null
<54,doctor9-0,HR9-1,addItem> null
<55,doctor9-0,HR9-3,addItem> null
<56,doctor9-0,HR9-5,addItem> null
<57,doctor9-0,HR9-6,addItem> null
<58,doctor5-0,HR8-2,addItem> null
<59,doctor5-0,HR8-3,addItem> null
<60,doctor5-0,HR8-0,addItem> null
<61,doctor9-1,HRitem2-8-1,read> null
<62,doctor5-0,HR0-0,addItem> null
<63,doctor3-0,HR4-3,addItem> null
<64,nurse8-0,nursingItem8-1,read> null
<65,nurse7-0,nursingItem7-1,read> null
<66,doctor5-0,HR8-9,addItem> null
<67,doctor6-1,HRitem3-6-0,read> null
<68,agent1-1,noteItem1-4agent1-0,read> null
<69,nurse7-0,nursingItem7-7,read> null
<70,doctor5-0,HR0-9,addItem> null
<71,doctor4-0,HR4-6,addItem> null
<72,doctor9-0,HR9-8,addItem> null
<73,nurse7-2,nursingItem7-6,read> null
<74,nurse7-0,nursingItem7-6,read> null
<75,nurse0-3,nursingItem0-5,read> null
<76,nurse7-0,nursingItem7-9,read> null
<77,doctor2-0,HR2-4,addItem> null
<78,nurse7-0,nursingItem7-8,read> null
<79,doctor0-0,HR5-1,addItem> null
<80,doctor9-0,HR9-9,addItem> null
<81,nurse7-0,nursingItem7-3,read> null
<82,agent9-11,noteItem9-4agent9-1,read> null
<83,doctor5-0,HR0-5,addItem> null
<84,nurse7-0,nursingItem7-2,read> null
<85,nurse7-0,nursingItem7-5,read> null
<86,nurse7-0,nursingItem7-4,read> null
<87,doctor5-1,HRitem3-1-2,read> null
<88,patient1-4,HR1-4,addNote> null
<89,nurse5-3,nursingItem5-5,read> null
<90,nurse5-3,nursingItem5-6,read> null
<91,doctor7-0,HR8-5,addItem> null
<92,nurse5-3,nursingItem5-7,read> null
<93,nurse5-3,nursingItem5-8,read> null
<94,doctor1-0,HRitem6-1-0,read> null
<95,nurse5-3,nursingItem5-3,read> null
<96,nurse5-3,nursingItem5-0,read> null
<97,nurse0-0,nursingItem0-9,read> null
<98,agent2-01,noteItem2-4,read> null
<99,doctor7-0,HRitem8-1-1,read> null
<100,agent5-1,noteItem5-7agent5-1,read> null
<101,agent7-1,HR7-8,addNote> null
<102,doctor3-0,HRitem3-0-2,read> null
<103,patient2-5,noteItem2-5,read> null
<104,doctor9-0,HR1-9,addItem> null
<105,doctor3-0,HRitem4-3-1,read> null
<106,doctor9-0,HR1-7,addItem> null
<107,doctor9-0,HR1-8,addItem> null
<108,doctor9-0,HR1-5,addItem> null
<109,doctor9-0,HR1-3,addItem> null
<110,doctor7-0,HR8-1,addItem> null
<111,doctor7-0,HR8-8,addItem> null
<112,doctor7-0,HR8-7,addItem> null
<113,doctor3-1,HRitem2-8-0,read> null
<114,doctor3-1,HRitem3-0-2,read> null
<115,doctor0-1,HRitem2-4-1,read> null
<116,doctor6-0,HR1-6,addItem> null
<117,patient1-2,HR1-2,addNote> null
<118,doctor1-0,HR4-4,addItem> null
<119,doctor1-0,HR4-6,addItem> null
<120,doctor1-0,HR4-7,addItem> null
<121,doctor1-0,HR4-8,addItem> null
<122,doctor6-0,HR1-8,addItem> null
<123,patient2-9,noteItem2-9,read> null
<124,doctor6-0,HRitem1-7-1,read> null
<125,doctor1-0,HR4-1,addItem> null
<126,patient7-0,noteItem7-0,read> null
<127,doctor1-0,HR4-2,addItem> null
<128,doctor6-1,HR1-5,addItem> null
<129,doctor6-1,HR1-6,addItem> null
<130,patient6-5,noteItem6-5,read> null
<131,doctor6-1,HR1-7,addItem> null
<132,doctor6-1,HR1-8,addItem> null
<133,doctor3-1,HRitem3-8-3,read> null
<134,doctor6-1,HR1-9,addItem> null
<135,patient3-8,HR3-8,addNote> null
<136,doctor6-1,HR1-3,addItem> null
<137,doctor9-1,HR9-0,addItem> null
<138,doctor0-1,HRitem0-6-0,read> null
<139,patient7-8,noteItem7-8agent7-1,read> null
<140,patient8-2,HR8-2,addNote> null
<141,agent7-0,noteItem7-7agent7-0,read> null
<142,nurse8-2,nursingItem8-1,read> null
<143,nurse8-2,nursingItem8-3,read> null
<144,nurse8-2,nursingItem8-2,read> null
<145,doctor6-0,HR4-2,addItem> null
<146,nurse8-2,nursingItem8-8,read> null
<147,patient8-1,HR8-1,addNote> null
<148,patient4-5,HR4-5,addNote> null
<149,nurse8-3,nursingItem8-9,read> null
<150,nurse8-3,nursingItem8-8,read> null
<151,nurse8-3,nursingItem8-7,read> null
<152,nurse8-3,nursingItem8-5,read> null
<153,doctor4-0,HRitem9-8-0,read> null
<154,patient2-2,HR2-2,addNote> null
<155,patient4-5,noteItem4-5,read> null
<156,patient4-8,HR4-8,addNote> null
<157,patient7-0,HR7-0,addNote> null
<0,nurse8-0,nursingItem8-0,read> null
<1,nurse8-0,nursingItem8-3,read> null
<2,agent6-01,noteItem6-4,read> null
<3,nurse8-0,nursingItem8-2,read> null
<4,nurse8-0,nursingItem8-5,read> null
<5,nurse8-0,nursingItem8-4,read> null
<6,nurse8-0,nursingItem8-7,read> null
<7,agent7-01,noteItem7-7agent7-0,read> null
<8,doctor7-1,HRitem7-2-3,read> null
<9,agent8-01,noteItem8-2,read> null
<10,nurse8-1,nursingItem8-2,read> null
<11,nurse1-1,nursingItem1-8,read> null
<12,patient4-7,HR4-7,addNote> null
<13,nurse8-1,nursingItem8-1,read> null
<14,nurse8-1,nursingItem8-5,read> null
<15,nurse8-1,nursingItem8-4,read> null
<16,nurse8-1,nursingItem8-9,read> null
<17,nurse5-0,nursingItem5-0,read> null
<18,nurse2-2,nursingItem2-5,read> null
<19,nurse5-0,nursingItem5-7,read> null
<20,nurse5-0,nursingItem5-6,read> null
<21,patient6-0,HR6-0,addNote> null
<22,nurse5-0,nursingItem5-9,read> null
<23,nurse5-0,nursingItem5-3,read> null
<24,nurse5-0,nursingItem5-2,read> null
<25,nurse5-0,nursingItem5-5,read> null
<26,nurse5-0,nursingItem5-4,read> null
<27,nurse1-1,nursingItem1-4,read> null
<28,patient8-6,HR8-6,addNote> null
<29,patient2-4,HR2-4,addNote> null
<30,doctor6-1,HRitem3-2-3,read> null
<31,nurse7-3,nursingItem7-9,read> null
<32,nurse7-3,nursingItem7-5,read> null
<33,nurse7-3,nursingItem7-6,read> null
<34,nurse7-3,nursingItem7-7,read> null
<35,nurse7-3,nursingItem7-8,read> null
<36,nurse7-3,nursingItem7-1,read> null
<37,agent7-01,noteItem7-7,read> null
<38,nurse0-2,nursingItem0-3,read> null
<39,nurse7-3,nursingItem7-2,read> null
<40,nurse5-1,nursingItem5-0,read> null
<41,nurse7-3,nursingItem7-3,read> null
<42,nurse7-3,nursingItem7-4,read> null
<43,patient8-5,HR8-5,addNote> null
<44,nurse7-3,nursingItem7-0,read> null
<45,nurse7-2,nursingItem7-7,read> null
<46,nurse7-2,nursingItem7-4,read> null
<47,nurse7-2,nursingItem7-5,read> null
<48,nurse5-2,nursingItem5-1,read> null
<49,nurse5-2,nursingItem5-3,read> null
<50,nurse7-2,nursingItem7-8,read> null
<51,nurse7-2,nursingItem7-9,read> null
<52,nurse5-2,nursingItem5-5,read> null
<53,nurse5-2,nursingItem5-7,read> null
<54,nurse5-2,nursingItem5-6,read> null
<55,nurse5-2,nursingItem5-9,read> null
<56,agent6-1,HR6-2,addNote> null
<57,nurse7-2,nursingItem7-2,read> null
<58,nurse7-2,nursingItem7-3,read> null
<59,patient6-2,HR6-2,addNote> null
<60,nurse7-2,nursingItem7-0,read> null
<61,doctor5-1,HRitem3-6-0,read> null
<62,agent3-0,HR3-3,addNote> null
<63,patient2-6,HR2-6,addNote> null
<64,nurse7-1,nursingItem7-3,read> null
<65,nurse7-1,nursingItem7-4,read> null
<66,nurse7-1,nursingItem7-5,read> null
<67,nurse7-1,nursingItem7-6,read> null
<68,nurse5-1,nursingItem5-2,read> null
<69,nurse7-1,nursingItem7-7,read> null
<70,patient5-8,HR5-8,addNote> null
<71,nurse5-1,nursingItem5-1,read> null
<72,nurse7-1,nursingItem7-8,read> null
<73,nurse7-1,nursingItem7-9,read> null
<74,nurse5-1,nursingItem5-6,read> null
<75,nurse5-1,nursingItem5-4,read> null
<76,nurse5-1,nursingItem5-3,read> null
<77,doctor4-1,HR4-0,addItem> null
<78,agent7-1,noteItem7-8,read> null
<79,nurse5-1,nursingItem5-9,read> null
<80,nurse7-1,nursingItem7-0,read> null
<81,nurse7-1,nursingItem7-1,read> null
<82,nurse7-1,nursingItem7-2,read> null
<83,doctor4-1,HR4-7,addItem> null
<84,nurse5-1,nursingItem5-7,read> null
<85,doctor4-1,HRitem0-4-1,read> null
<86,patient6-1,HR6-1,addNote> null
<87,doctor8-1,HR4-0,addItem> null
<88,doctor8-1,HR4-3,addItem> null
<89,doctor8-1,HR4-5,addItem> null
<90,doctor2-1,HRitem1-1-3,read> null
<91,doctor1-1,HRitem7-0-3,read> null
<92,doctor8-1,HR9-8,addItem> null
<93,doctor8-1,HR9-9,addItem> null
<94,patient6-8,noteItem6-8,read> null
<95,nurse1-2,nursingItem1-1,read> null
<96,doctor8-1,HR9-3,addItem> null
<97,doctor8-1,HR9-5,addItem> null
<98,nurse0-0,nursingItem0-8,read> null
<99,doctor8-1,HR9-6,addItem> null
<100,doctor8-1,HR9-1,addItem> null
<101,doctor1-1,HRitem7-4-3,read> null
<102,doctor8-1,HRitem4-3-0,read> null
<103,nurse2-0,nursingItem2-8,read> null
<104,doctor4-0,HR3-9,addItem> null
<105,agent2-11,noteItem2-2,read> null
<106,agent1-0,noteItem1-4agent1-0,read> null
<107,doctor0-1,HRitem7-6-1,read> null
<108,doctor4-0,HR3-7,addItem> null
<109,patient5-5,HR5-5,addNote> null
<110,agent7-11,noteItem7-8agent7-1,read> null
<111,agent9-01,HR9-1,addNote> null
<112,agent0-11,HR0-6,addNote> null
<113,doctor2-0,HR2-7,addItem> null
<114,doctor2-0,HR2-8,addItem> null
<115,doctor2-0,HR2-9,addItem> null
<116,doctor2-0,HR2-0,addItem> null
<117,doctor2-0,HR2-2,addItem> null
<118,doctor2-0,HR2-1,addItem> null
<119,doctor9-0,HR6-9,addItem> null
<120,doctor9-0,HR6-8,addItem> null
<121,doctor9-0,HR6-2,addItem> null
<122,doctor9-0,HR6-4,addItem> null
<123,doctor2-1,HR2-7,addItem> null
<124,doctor2-1,HR2-6,addItem> null
<125,doctor2-1,HR2-4,addItem> null
<126,nurse1-3,nursingItem1-6,read> null
<127,nurse1-3,nursingItem1-9,read> null
<128,doctor3-1,HR3-1,addItem> null
<129,doctor8-0,HRitem8-3-3,read> null
<130,nurse1-3,nursingItem1-0,read> null
<131,doctor3-1,HR3-0,addItem> null
<132,doctor3-0,HR3-2,addItem> null
<133,doctor3-1,HR3-3,addItem> null
<134,nurse1-3,nursingItem1-3,read> null
<135,doctor3-1,HR3-5,addItem> null
<136,doctor3-1,HR3-4,addItem> null
<137,doctor3-0,HRitem3-3-2,read> null
<138,doctor3-1,HR3-6,addItem> null
<139,doctor3-1,HR3-8,addItem> null
<140,patient5-1,noteItem5-1,read> null
<141,doctor7-1,HRitem6-3-3,read> null
<142,doctor9-0,HRitem9-8-2,read> null
<143,doctor3-0,HR3-6,addItem> null
<144,doctor3-0,HR3-5,addItem> null
<145,doctor3-0,HR3-4,addItem> null
<146,doctor3-0,HR3-3,addItem> null
<147,doctor3-0,HR3-1,addItem> null
<148,agent2-01,noteItem2-4agent2-0,read> null
<149,doctor3-0,HR3-8,addItem> null
<150,doctor2-0,HRitem9-5-0,read> null
<151,nurse1-0,nursingItem1-1,read> null
<152,agent4-1,HR4-1,addNote> null
<153,nurse1-0,nursingItem1-0,read> null
<154,nurse0-3,nursingItem0-6,read> null
<155,nurse1-0,nursingItem1-3,read> null
<156,nurse1-0,nursingItem1-7,read> null
<0,nurse1-0,nursingItem1-6,read> null
<1,nurse1-1,nursingItem1-9,read> null
<2,nurse1-1,nursingItem1-7,read> null
<3,nurse1-1,nursingItem1-6,read> null
<4,nurse1-1,nursingItem1-5,read> null
<5,doctor2-0,HRitem2-2-3,read> null
<6,nurse1-2,nursingItem1-0,read> null
<7,nurse1-2,nursingItem1-2,read> null
<8,nurse1-2,nursingItem1-9,read> null
<9,nurse1-2,nursingItem1-8,read> null
<10,nurse1-2,nursingItem1-5,read> null
<11,nurse1-2,nursingItem1-4,read> null
<12,patient1-4,noteItem1-4agent1-0agent1-1,read> null
<13,nurse1-2,nursingItem1-6,read> null
<14,nurse0-0,nursingItem0-4,read> null
<15,nurse0-0,nursingItem0-2,read> null
<16,doctor5-0,HR5-8,addItem> null
<17,nurse0-0,nursingItem0-6,read> null
<18,nurse0-0,nursingItem0-7,read> null
<19,doctor6-0,HRitem4-8-0,read> null
<20,nurse0-0,nursingItem0-0,read> null
<21,nurse0-0,nursingItem0-1,read> null
<22,doctor5-0,HR5-2,addItem> null
<23,doctor5-0,HR5-1,addItem> null
<24,doctor5-0,HR5-5,addItem> null
<25,nurse0-1,nursingItem0-4,read> null
<26,nurse0-1,nursingItem0-6,read> null
<27,nurse0-1,nursingItem0-1,read> null
<28,agent5-0,HR5-1,addNote> null
<29,doctor0-1,HR0-6,addItem> null
<30,agent3-11,noteItem3-3,read> null
<31,nurse0-2,nursingItem0-8,read> null
<32,doctor0-1,HR0-4,addItem> null
<33,nurse0-2,nursingItem0-7,read> null
<34,nurse0-2,nursingItem0-4,read> null
<35,doctor0-1,HR0-1,addItem> null
<36,nurse0-2,nursingItem0-2,read> null
<37,nurse0-2,nursingItem0-0,read> null
<38,nurse0-2,nursingItem0-1,read> null
<39,doctor3-0,HR4-9,addItem> null
<40,doctor0-1,HR0-8,addItem> null
<41,doctor0-0,HR0-3,addItem> null
<42,doctor0-0,HR0-4,addItem> null
<43,doctor0-0,HR0-6,addItem> null
<44,doctor0-0,HR0-1,addItem> null
<45,nurse0-3,nursingItem0-8,read> null
<46,nurse0-3,nursingItem0-2,read> null
<47,nurse0-3,nursingItem0-3,read> null
<48,nurse0-3,nursingItem0-4,read> null
<49,doctor7-1,HR9-6,addItem> null
<50,doctor7-1,HR9-8,addItem> null
<51,nurse0-3,nursingItem0-0,read> null
<52,doctor7-1,HR9-9,addItem> null
<53,nurse2-1,nursingItem2-8,read> null
<54,nurse2-3,nursingItem2-3,read> null
<55,doctor7-1,HR9-5,addItem> null
<56,doctor7-1,HR9-1,addItem> null
<57,doctor0-0,HR0-8,addItem> null
<58,agent6-1,noteItem6-2,read> null
<59,doctor2-1,HR6-3,addItem> null
<60,doctor2-1,HR6-0,addItem> null
<61,doctor2-1,HR6-1,addItem> null
<62,doctor9-1,HR2-1,addItem> null
<63,doctor9-1,HR2-2,addItem> null
<64,doctor2-1,HR6-7,addItem> null
<65,doctor9-1,HR2-8,addItem> null
<66,doctor2-1,HR6-6,addItem> null
<67,doctor9-1,HR2-9,addItem> null
<68,doctor2-1,HR6-5,addItem> null
<69,doctor9-1,HRitem9-7-1,read> null
<70,agent6-0,HR6-4,addNote> null
<71,doctor6-0,HR4-6,addItem> null
<72,doctor6-0,HR4-7,addItem> null
<73,doctor6-0,HR4-8,addItem> null
<74,doctor6-0,HR4-4,addItem> null
<75,doctor3-1,HR2-9,addItem> null
<76,doctor3-1,HR2-1,addItem> null
<77,doctor3-1,HR2-2,addItem> null
<78,doctor3-1,HR2-8,addItem> null
<79,agent3-01,noteItem3-3agent3-0agent3-1,read> null
<80,nurse2-1,nursingItem2-7,read> null
<81,agent1-01,noteItem1-4agent1-0,read> null
<82,nurse2-1,nursingItem2-5,read> null
<83,nurse2-1,nursingItem2-6,read> null
<84,nurse2-1,nursingItem2-3,read> null
<85,nurse2-1,nursingItem2-4,read> null
<86,nurse2-1,nursingItem2-1,read> null
<87,nurse2-1,nursingItem2-2,read> null
<88,nurse2-1,nursingItem2-0,read> null
<89,doctor1-1,HR1-8,addItem> null
<90,doctor1-1,HR1-9,addItem> null
<91,doctor4-0,HRitem9-3-3,read> null
<92,nurse2-0,nursingItem2-7,read> null
<93,nurse2-0,nursingItem2-9,read> null
<94,doctor1-1,HR1-5,addItem> null
<95,nurse2-0,nursingItem2-4,read> null
<96,doctor1-1,HR1-7,addItem> null
<97,doctor1-1,HR1-6,addItem> null
<98,agent7-11,noteItem7-8,read> null
<99,agent3-1,HR3-3,addNote> null
<100,doctor5-1,HR3-0,addItem> null
<101,doctor5-1,HR3-1,addItem> null
<102,doctor5-1,HR3-6,addItem> null
<103,doctor4-0,HRitem4-2-3,read> null
<104,doctor5-1,HR3-7,addItem> null
<105,doctor4-0,HRitem4-1-0,read> null
<106,doctor5-1,HR3-8,addItem> null
<107,doctor5-1,HR3-9,addItem> null
<108,doctor5-1,HR3-2,addItem> null
<109,agent8-01,noteItem8-2agent8-0,read> null
<110,doctor5-1,HR3-3,addItem> null
<111,patient7-6,noteItem7-6,read> null
<112,doctor5-1,HR3-4,addItem> null
<113,doctor5-1,HR3-5,addItem> null
<114,doctor4-1,HR4-3,addItem> null
<115,doctor4-1,HR4-2,addItem> null
<116,doctor4-1,HR4-1,addItem> null
<117,doctor4-1,HR4-6,addItem> null
<118,doctor4-1,HR4-5,addItem> null
<119,doctor4-1,HR4-8,addItem> null
<120,doctor4-1,HR4-9,addItem> null
<121,doctor2-0,HRitem9-1-1,read> null
<122,doctor4-0,HR4-2,addItem> null
<123,agent0-0,noteItem0-0agent0-0,read> null
<124,doctor4-0,HR4-1,addItem> null
<125,doctor4-0,HR4-4,addItem> null
<126,doctor4-0,HR4-7,addItem> null
<127,doctor4-0,HR4-8,addItem> null
<128,doctor1-0,HR1-9,addItem> null
<129,doctor1-0,HR1-8,addItem> null
<130,doctor1-0,HR1-7,addItem> null
<131,nurse2-3,nursingItem2-0,read> null
<132,nurse2-3,nursingItem2-2,read> null
<133,doctor1-0,HR1-5,addItem> null
<134,doctor1-0,HR1-6,addItem> null
<135,patient5-1,HR5-1,addNote> null
<136,doctor1-0,HR1-3,addItem> null
<137,nurse2-3,nursingItem2-5,read> null
<138,nurse2-3,nursingItem2-9,read> null
<139,doctor6-1,HRitem1-6-1,read> null
<140,nurse2-2,nursingItem2-0,read> null
<141,nurse2-2,nursingItem2-4,read> null
<142,nurse2-2,nursingItem2-7,read> null
<143,nurse1-2,HR1-2,addItem> null
<144,nurse2-2,nursingItem2-6,read> null
<145,nurse2-2,nursingItem2-9,read> null
<146,doctor7-1,HRitem9-8-3,read> null
<147,nurse2-2,nursingItem2-8,read> null
<148,doctor7-1,HRitem7-8-3,read> null
<149,nurse0-1,HR0-1,addItem> null
<150,nurse0-1,HR0-0,addItem> null
<151,nurse0-1,HR0-5,addItem> null
<152,nurse0-1,HR0-4,addItem> null
<153,agent6-0,noteItem6-4,read> null
<154,nurse0-1,HR0-2,addItem> null
<155,patient8-9,noteItem8-9,read> null
<156,nurse0-1,HR0-9,addItem> null
<157,nurse0-1,HR0-8,addItem> null
<0,nurse0-1,HR0-7,addItem> 7.948089750829435E-5
<1,nurse0-1,HR0-6,addItem> 7.650670091833123E-5
<2,nurse0-0,HR0-9,addItem> 7.789841702525728E-5
<3,doctor5-0,HRitem5-2-1,read> 2.3763966914375637E-4
<4,doctor8-0,HRitem3-7-3,read> 5.190724404329357E-4
<5,doctor3-1,HRitem4-8-0,read> 8.589311091302274E-5
<6,nurse0-0,HR0-0,addItem> 7.494322488634825E-5
<7,nurse0-0,HR0-2,addItem> 7.440591722472842E-5
<8,nurse0-0,HR0-1,addItem> 7.386860956310861E-5
<9,agent2-1,HR2-2,addNote> 6.662146792186233E-4
<10,nurse0-0,HR0-4,addItem> 7.709245553282754E-5
<11,nurse0-0,HR0-3,addItem> 7.655514787120773E-5
<12,nurse0-0,HR0-6,addItem> 7.60178402095879E-5
<13,nurse0-0,HR0-5,addItem> 7.548053254796806E-5
<14,nurse0-0,HR0-8,addItem> 7.84357246868771E-5
<15,nurse0-0,HR0-7,addItem> 7.897303234849693E-5
<16,doctor7-1,HRitem7-0-1,read> 2.7885485716432317E-5
<17,agent9-11,HR9-4,addNote> 3.5177614123506145E-4
<18,doctor5-0,HRitem0-9-1,read> 9.80550506759328E-5
<19,doctor8-0,HRitem8-0-2,read> 2.4593929510670804E-4
<20,patient7-2,noteItem7-2,read> 0.0011478043362611887
<21,agent2-1,noteItem2-2,read> 5.262032538733443E-4
<22,doctor2-1,HRitem6-1-0,read> 2.279183928807839E-4
<23,agent3-1,noteItem3-3agent3-0,read> 5.334738342349693E-4
<24,nurse0-3,HR0-8,addItem> 7.793131488181678E-5
<25,nurse0-3,HR0-9,addItem> 7.739746257493409E-5
<26,nurse0-3,HR0-6,addItem> 7.552897950084457E-5
<27,nurse0-3,HR0-7,addItem> 7.846516718869952E-5
<28,nurse0-3,HR0-4,addItem> 7.659668411461E-5
<29,nurse0-3,HR0-5,addItem> 7.499512719396183E-5
<30,doctor6-1,HRitem6-1-2,read> 3.621340585880314E-4
<31,nurse0-3,HR0-2,addItem> 7.39274225801964E-5
<32,nurse0-3,HR0-3,addItem> 7.606283180772729E-5
<33,nurse0-3,HR0-1,addItem> 7.33935702733137E-5
<34,nurse0-2,HR0-7,addItem> 7.79573020289021E-5
<35,nurse0-2,HR0-8,addItem> 7.742690507675649E-5
<36,nurse0-2,HR0-9,addItem> 7.689650812461089E-5
<37,nurse0-2,HR0-3,addItem> 7.557051574424685E-5
<38,nurse0-2,HR0-4,addItem> 7.610091269639246E-5
<39,nurse0-2,HR0-5,addItem> 7.450972183995561E-5
<40,nurse0-2,HR0-6,addItem> 7.504011879210124E-5
<41,agent1-0,HR1-4,addNote> 2.988284058913785E-4
<42,nurse0-2,HR0-0,addItem> 7.397932488781E-5
<43,nurse0-2,HR0-1,addItem> 7.291853098351879E-5
<44,nurse0-2,HR0-2,addItem> 7.344892793566439E-5
<45,doctor3-1,HR4-4,addItem> 1.2323794569529388E-4
<46,doctor3-1,HR4-6,addItem> 1.2152605989197334E-4
<47,agent6-11,HR6-2,addNote> 1.3806370480263656E-4
<48,doctor3-1,HR4-2,addItem> 1.23665917146124E-4
<49,doctor3-1,HR4-1,addItem> 1.245218600477843E-4
<50,doctor3-1,HR4-7,addItem> 1.1895823118699255E-4
<51,doctor3-1,HR4-8,addItem> 1.1981417408865281E-4
<52,nurse1-3,HR1-1,addItem> 1.12433195295451E-4
<53,nurse1-3,HR1-2,addItem> 1.1111959550619444E-4
<54,nurse1-3,HR1-3,addItem> 1.1138231546404573E-4
<55,nurse1-3,HR1-4,addItem> 1.1164503542189704E-4
<56,nurse1-3,HR1-5,addItem> 1.1190775537974835E-4
<57,nurse1-3,HR1-6,addItem> 1.0507703647561425E-4
<58,nurse1-3,HR1-7,addItem> 1.0481431651776294E-4
<59,nurse1-3,HR1-8,addItem> 1.0639063626487079E-4
<60,nurse1-3,HR1-9,addItem> 1.0560247639131688E-4
<61,agent9-01,noteItem9-1agent9-0,read> 8.343707749548524E-4
<62,doctor4-0,HRitem3-7-1,read> 5.175634175305808E-4
<63,nurse1-2,HR1-1,addItem> 1.132222001747173E-4
<64,nurse1-2,HR1-9,addItem> 1.0634354640108049E-4
<65,nurse1-2,HR1-8,addItem> 1.0713723722111549E-4
<66,nurse1-2,HR1-5,addItem> 1.126930729613606E-4
<67,nurse1-2,HR1-6,addItem> 1.0581441918772381E-4
<68,nurse1-2,HR1-3,addItem> 1.1216394574800394E-4
<69,nurse1-2,HR1-4,addItem> 1.1242850935468227E-4
<70,nurse1-1,HR1-0,addItem> 1.1453195902891756E-4
<71,nurse1-1,HR1-6,addItem> 1.0728918461194297E-4
<72,nurse1-1,HR1-7,addItem> 1.0702093370761059E-4
<73,nurse1-1,HR1-9,addItem> 1.0782568642060776E-4
<74,nurse1-1,HR1-2,addItem> 1.13458955411588E-4
<75,nurse1-1,HR1-3,addItem> 1.1372720631592038E-4
<76,nurse1-1,HR1-4,addItem> 1.1399545722025277E-4
<77,nurse1-1,HR1-5,addItem> 1.1426370812458516E-4
<78,nurse1-0,HR1-4,addItem> 1.1712935295139371E-4
<79,nurse1-0,HR1-3,addItem> 1.1685372745175321E-4
<80,nurse1-0,HR1-2,addItem> 1.1657810195211273E-4
<81,nurse1-0,HR1-1,addItem> 1.1795622945031523E-4
<82,nurse1-0,HR1-8,addItem> 1.1161684295858372E-4
<83,nurse1-0,HR1-6,addItem> 1.1023871546038124E-4
<84,doctor6-1,HR3-2,addItem> 1.8328444499229922E-4
<85,nurse1-0,HR1-5,addItem> 1.1740497845103421E-4
<86,doctor5-1,HR5-2,addItem> 2.4132464796490272E-4
<87,doctor9-0,HRitem6-4-3,read> 1.8105131030544952E-4
<88,nurse1-0,HR1-0,addItem> 1.1768060395067472E-4
<89,agent0-1,noteItem0-6,read> 5.883707325516117E-4
<90,doctor5-1,HR5-8,addItem> 2.4327627939851757E-4
<91,nurse1-0,HR1-9,addItem> 1.1078996645966224E-4
<92,doctor1-1,HRitem7-3-3,read> 6.183850101941642E-5
<93,doctor8-0,HR6-3,addItem> 3.607461243958592E-5
<94,doctor8-0,HR6-1,addItem> 3.688565759045249E-5
<95,doctor8-0,HR6-7,addItem> 3.2830431836119654E-5
<96,doctor8-0,HR6-5,addItem> 3.445252213785279E-5
<97,doctor8-0,HR6-6,addItem> 3.5263567288719354E-5
<98,doctor8-0,HR6-0,addItem> 3.0802818958953225E-5
<99,doctor3-0,HR4-0,addItem> 1.8880457210857416E-4
<100,doctor3-0,HR4-5,addItem> 1.817153377128035E-4
<101,agent8-0,noteItem8-2,read> 7.421417555542347E-4
<102,doctor6-0,HRitem4-7-3,read> 9.277927518996908E-5
<103,doctor0-0,HRitem5-2-0,read> 2.361306462414015E-4
<104,doctor0-0,HR5-5,addItem> 2.0154616947449174E-4
<105,doctor0-0,HR5-8,addItem> 2.0483262043183824E-4
<106,doctor3-0,HRitem8-2-0,read> 9.050993616415856E-5
<107,doctor6-1,HRitem6-6-1,read> 3.995766893527111E-5
<108,doctor9-0,HRitem9-6-0,read> 1.2257219377256466E-5
<109,doctor6-1,HR3-1,addItem> 1.8426207065733207E-4
<110,doctor6-1,HR3-0,addItem> 1.8523969632236486E-4
<111,doctor3-1,HRitem3-6-3,read> 1.4963961421885259E-4
<112,doctor6-1,HR3-5,addItem> 1.876837604849469E-4
<113,doctor6-1,HR3-6,addItem> 1.8572850915488128E-4
<114,doctor6-1,HR3-3,addItem> 1.823068193272664E-4
<115,doctor6-1,HR3-4,addItem> 1.8719494765243052E-4
<116,doctor6-1,HR3-8,addItem> 1.8915019898249616E-4
<117,patient9-9,noteItem9-9,read> 0.0019724448220273957
<118,doctor0-1,HRitem0-8-2,read> 1.8256033320780435E-4
<119,doctor0-1,HRitem2-6-1,read> 4.541844556316772E-4
<120,agent3-11,noteItem3-3agent3-0agent3-1,read> 2.126528637089052E-4
<121,agent1-1,noteItem1-4,read> 2.347574078088558E-4
<122,agent1-11,noteItem1-4agent1-0,read> 4.692705269207272E-4
<123,agent9-11,noteItem9-4,read> 5.342227577509906E-4
<124,agent1-0,noteItem1-4,read> 1.9271130491771746E-4
<125,doctor4-0,HR9-9,addItem> 1.4378170529088074E-4
<126,doctor4-0,HR9-8,addItem> 1.43368489996068E-4
<127,doctor3-0,HR8-2,addItem> 1.8823673493077592E-4
<128,doctor3-0,HR8-3,addItem> 1.820073592995445E-4
<129,doctor4-0,HR9-6,addItem> 1.4171562881681708E-4
<130,doctor4-0,HR9-5,addItem> 1.5039315000788447E-4
<131,doctor3-0,HR8-9,addItem> 1.7923874790788606E-4
<132,doctor3-0,HR8-6,addItem> 1.8339166499537371E-4
<133,doctor4-0,HR9-3,addItem> 1.4832707353382076E-4
<134,agent6-0,noteItem6-4agent6-0,read> 6.234214431835842E-4
<135,doctor4-0,HR9-1,addItem> 1.4667421235456984E-4
<136,doctor3-0,HR8-0,addItem> 1.8616027638703215E-4
<137,agent0-11,noteItem0-6,read> 5.988213672328127E-4
<138,doctor1-1,HR2-8,addItem> 1.5059981033981943E-4
<139,doctor1-1,HR2-9,addItem> 1.5207281918267452E-4
<140,doctor1-1,HR2-1,addItem> 1.5317757581481586E-4
<141,doctor1-1,HR2-2,addItem> 1.5391408023624338E-4
<142,agent1-11,HR1-4,addNote> 3.904173718528919E-4
<143,doctor7-0,HRitem7-9-1,read> 8.221031020120688E-5
<144,doctor6-0,HRitem1-5-1,read> 2.8294547775962054E-4
<145,doctor7-1,HRitem6-7-2,read> 1.1918137130890068E-4
<146,doctor2-1,HRitem2-5-0,read> 5.16054394628226E-4
<147,doctor1-0,HR6-1,addItem> 2.108708192557629E-5
<148,doctor9-0,HRitem6-8-1,read> 1.8633289046369146E-4
<149,doctor1-0,HR6-0,addItem> 1.7609597045499578E-5
<150,doctor7-1,HRitem7-9-3,read> 7.768324149414235E-5
<151,doctor0-1,HRitem7-7-0,read> 7.089263843354552E-5
<152,agent5-0,noteItem5-1,read> 0.001546812080571536
<153,doctor1-0,HR6-3,addItem> 2.0623417274899396E-5
<154,doctor1-0,HR6-5,addItem> 1.9696087973545606E-5
<155,doctor1-0,HR6-6,addItem> 2.01597526242225E-5
<156,doctor1-0,HR6-7,addItem> 1.8768758672191815E-5

