<0,patient7-6,noteItem7-6,read> 0.0019976157334272143
<1,doctor1-0,HRitem7-6-0,read> 1.9442830312420815E-4
<2,agent3-11,HR3-2,addNote> 0.0012767325937491842
<3,agent0-01,noteItem0-6agent0-0,read> 0.003962598289067273
<4,doctor2-1,HRitem2-0-1,read> 3.414586781471899E-4
<5,patient3-8,noteItem3-8,read> 0.006015470255020344
<6,patient0-2,HR0-2,addNote> 0.0014585706162618456
<7,patient1-5,noteItem1-5,read> 0.002160501727545855
<8,agent8-1,HR8-3,addNote> 9.369742995721589E-4
<9,doctor3-1,HRitem3-5-3,read> 9.838177747712637E-4
<10,nurse2-2,nursingItem2-3,read> 7.176474711635014E-4
<11,patient4-3,noteItem4-3,read> 0.006026329321294919
<12,agent5-0,HR5-0,addNote> 0.001310732982770257
<13,nurse2-3,HR2-0,addItem> 2.147582772524676E-4
<14,nurse2-3,HR2-1,addItem> 2.152733365763468E-4
<15,doctor8-0,HR8-6,addItem> 4.966517379049857E-4
<16,patient0-3,noteItem0-3,read> 0.0024754146495085598
<17,patient0-8,noteItem0-8,read> 0.002377683053037376
<18,agent6-11,noteItem6-2agent6-1,read> 0.0020354569676366016
<19,nurse4-0,HR4-1,addItem> 1.5508589666601697E-4
<20,agent9-11,noteItem9-2agent9-1,read> 0.0020355807945279217
<21,patient6-6,noteItem6-6,read> 0.006167497182864409
<22,patient4-5,noteItem4-5,read> 0.005961174923647465
<23,doctor3-0,HR3-4,addItem> 0.0014126240079019318
<24,agent1-1,noteItem1-4agent1-1,read> 0.0021002273286325067
<25,nurse2-3,HR2-2,addItem> 2.163034552241052E-4
<26,nurse4-0,nursingItem4-3,read> 0.0010363618791105406
<27,agent9-1,noteItem9-2agent9-1,read> 0.00595346298229016
<28,agent4-11,noteItem4-4agent4-1,read> 0.0032187868086190194
<29,doctor5-0,HRitem9-3-3,read> 0.0010492115917384985
<30,agent2-1,HR2-0,addNote> 0.001297680100922015
<31,nurse5-1,nursingItem5-2,read> 0.0010279182612163127
<32,nurse3-1,nursingItem3-6,read> 7.118193174365322E-4
<33,nurse2-3,HR2-3,addItem> 2.168185145479844E-4
<34,doctor5-1,HR5-9,addItem> 3.742809647505564E-4
<35,nurse2-3,HR2-8,addItem> 2.116679213091924E-4
<36,patient6-8,noteItem6-8,read> 0.006286946911884744
<37,nurse2-3,HR2-9,addItem> 2.137281586047092E-4
<38,agent5-1,noteItem5-7agent5-1,read> 0.0016911864870357987
<39,nurse2-3,HR2-4,addItem> 2.1784863319574283E-4
<40,nurse2-3,HR2-5,addItem> 2.1115286198531317E-4
<41,nurse2-3,HR2-6,addItem> 2.1063780266143394E-4
<42,nurse2-3,HR2-7,addItem> 2.1218298063307154E-4
<43,agent4-0,noteItem4-0,read> 0.003100795126550074
<44,patient9-5,noteItem9-5,read> 0.003919670464027171
<45,patient1-6,noteItem1-6,read> 0.0021279245287221266
<46,agent8-0,HR8-9,addNote> 9.060720275326478E-4
<47,patient6-9,noteItem6-9,read> 0.006308665044433897
<48,patient8-6,noteItem8-6,read> 0.0028446229028441443
<49,doctor8-0,HR4-6,addItem> 6.494228284467578E-4
<50,patient5-1,noteItem5-1,read> 0.006221792514237288
<51,patient0-2,noteItem0-2,read> 0.002453696516959407
<52,nurse8-3,nursingItem8-2,read> 8.466788187887955E-4
<53,nurse2-2,HR2-1,addItem> 2.1817264077266123E-4
<54,nurse2-2,HR2-2,addItem> 2.1921663307224127E-4
<55,nurse2-2,HR2-0,addItem> 2.1765064462287117E-4
<56,patient2-3,noteItem2-3,read> 0.002312528655389919
<57,doctor0-0,HRitem6-0-3,read> 3.7743874471145295E-4
<58,nurse2-2,HR2-9,addItem> 2.166066523232911E-4
<59,nurse2-2,HR2-7,addItem> 2.1504066387392098E-4
<60,nurse2-2,HR2-8,addItem> 2.1451866772413097E-4
<61,nurse8-1,nursingItem8-1,read> 0.001772567249995349
<62,patient9-6,noteItem9-6,read> 0.0038979523314780187
<63,nurse2-2,HR2-5,addItem> 2.1399667157434094E-4
<64,nurse1-1,nursingItem1-3,read> 0.0010954832828252085
<65,nurse3-1,nursingItem3-8,read> 7.52833000135439E-4
<66,nurse5-1,nursingItem5-0,read> 0.001029372262410937
<67,agent4-11,noteItem4-4,read> 0.002956338407666654
<68,nurse9-2,nursingItem9-7,read> 0.0016249215495419212
<69,nurse2-2,HR2-6,addItem> 2.1347467542455088E-4
<70,nurse2-2,HR2-3,addItem> 2.1973862922203133E-4
<71,nurse2-2,HR2-4,addItem> 2.207826215216114E-4
<72,patient1-3,noteItem1-3,read> 0.0019758976008780625
<73,doctor4-0,HR1-2,addItem> 2.476549513835322E-4
<74,nurse6-2,nursingItem6-3,read> 4.2715574509662245E-4
<75,patient6-2,noteItem6-2,read> 0.0060806246526678
<76,nurse6-2,nursingItem6-2,read> 2.441490050594961E-4
<77,nurse8-0,nursingItem8-9,read> 0.00103728209467353
<78,doctor4-0,HR1-8,addItem> 2.3716500736964006E-4
<79,nurse6-2,nursingItem6-1,read> 2.4268667011529145E-4
<80,nurse0-0,nursingItem0-5,read> 0.0018568746867750636
<81,nurse0-2,nursingItem0-3,read> 0.0018380900328131137
<82,doctor4-0,HR1-7,addItem> 2.336683593650093E-4
<83,doctor4-0,HR5-5,addItem> 4.891461286118758E-4
<84,patient4-9,HR4-9,addNote> 0.0014533419837315569
<85,nurse2-0,nursingItem2-1,read> 0.001254905752928804
<86,doctor2-1,HR2-9,addItem> 4.45581344529467E-4
<87,doctor3-0,HR3-3,addItem> 5.821244737011585E-4
<88,doctor3-0,HRitem3-4-1,read> 8.262781248047442E-4
<89,nurse6-2,nursingItem6-0,read> 4.1952607165406304E-4
<90,patient9-7,HR9-7,addNote> 0.0018193462608517808
<91,patient3-0,noteItem3-0,read> 0.005917738658549159
<92,agent8-0,noteItem8-9,read> 0.0014990055934762617
<93,doctor6-0,HR2-9,addItem> 4.505230969641746E-4
<94,patient6-1,noteItem6-1,read> 0.006145779050315257
<95,doctor3-1,HR3-0,addItem> 5.934935099052617E-4
<96,nurse1-3,HR1-2,addItem> 2.1798830472287363E-4
<97,nurse8-1,nursingItem8-4,read> 0.001054381596283252
<98,nurse5-2,nursingItem5-7,read> 0.0010455766491546021
<99,doctor9-1,HR2-9,addItem> 1.6719595737427318E-4
<100,nurse9-0,nursingItem9-2,read> 0.0016437162519469903
<101,nurse8-0,nursingItem8-3,read> 0.0010533650265632931
<102,doctor4-0,HR1-6,addItem> 2.342511340324478E-4
<103,nurse6-2,nursingItem6-7,read> 2.0174129167756214E-4
<104,nurse5-3,nursingItem5-4,read> 0.0010354235765615114
<105,patient5-9,HR5-9,addNote> 0.0019605193391695817
<106,doctor9-1,HRitem2-0-1,read> 1.2812589956354812E-4
<107,nurse6-2,nursingItem6-6,read> 2.0466596156597138E-4
<108,patient2-5,noteItem2-5,read> 0.002258233324017039
<109,nurse0-0,nursingItem0-8,read> 0.001872137541669499
<110,doctor0-0,HR0-5,addItem> 5.208747853121274E-4
<111,nurse6-2,nursingItem6-5,read> 3.381428882667631E-4
<112,agent7-1,noteItem7-8agent7-1,read> 5.581328791799104E-4
<113,patient9-9,HR9-9,addNote> 0.0018350321584426474
<114,nurse6-2,nursingItem6-4,read> 1.988166217891529E-4
<115,patient9-1,noteItem9-1,read> 0.0038436570001051384
<116,nurse4-3,nursingItem4-4,read> 0.001756986178941466
<117,nurse6-2,nursingItem6-9,read> 3.610319085944412E-4
<118,nurse6-2,nursingItem6-8,read> 2.1051530134278985E-4
<119,doctor0-0,HR6-1,addItem> 1.5719438053674148E-4
<120,nurse8-1,HR8-5,addItem> 1.5596578465013313E-4
<121,nurse7-3,HR7-8,addItem> 1.8476637486322426E-4
<122,patient3-2,noteItem3-2,read> 0.005896020526000008
<123,nurse8-1,HR8-4,addItem> 1.5248645498481644E-4
<124,doctor9-0,HR9-5,addItem> 3.6710940670141767E-4
<125,patient9-3,noteItem9-3,read> 0.003876234198928867
<126,patient6-0,noteItem6-0,read> 0.006124060917766103
<127,doctor1-1,HRitem1-1-3,read> 7.84663877643777E-4
<128,nurse8-1,HR8-3,addItem> 1.5364623153992204E-4
<129,patient3-4,noteItem3-4,read> 0.005852584260901704
<130,nurse8-1,HR8-2,addItem> 1.5886522603789706E-4
<131,nurse3-2,nursingItem3-0,read> 7.104817087905862E-4
<132,nurse8-1,HR8-9,addItem> 1.513266784297109E-4
<133,patient8-9,noteItem8-9,read> 0.0029097773004916005
<134,nurse9-2,nursingItem9-3,read> 9.156986948608173E-4
<135,doctor1-1,HRitem1-5-1,read> 8.782959337559537E-4
<136,agent3-01,HR3-7,addNote> 0.0013292150780253836
<137,patient4-7,noteItem4-7,read> 0.00586344332717628
<138,patient2-4,noteItem2-4,read> 0.0022799514565661917
<139,agent1-11,noteItem1-4agent1-1,read> 0.0018699789888210472
<140,patient1-4,HR1-4,addNote> 0.0022324082307446052
<141,nurse2-3,nursingItem2-5,read> 0.0012459788138249619
<142,nurse8-1,HR8-8,addItem> 1.5016690187460532E-4
<143,nurse2-2,nursingItem2-7,read> 0.0012606277235045677
<144,agent2-11,HR2-0,addNote> 0.001536478376152216
<145,patient2-0,HR2-0,addNote> 0.002180121905441716
<146,agent4-1,noteItem4-4agent4-1,read> 0.00401221277676204
<147,patient0-6,noteItem0-6agent0-0,read> 0.006942098059897793
<148,nurse5-2,HR5-4,addItem> 1.9504543474792313E-4
<149,patient0-1,noteItem0-1,read> 0.0021930789263695833
<150,nurse2-1,HR2-0,addItem> 2.1909682830807301E-4
<151,nurse8-1,HR8-7,addItem> 1.5074679015215814E-4
<152,nurse2-1,HR2-1,addItem> 2.1962229287081844E-4
<153,nurse2-0,HR2-9,addItem> 2.1948514604187307E-4
<154,patient2-6,HR2-6,addNote> 0.0021382928451994044
<155,nurse8-1,HR8-6,addItem> 1.5480600809502756E-4
<156,nurse2-1,HR2-2,addItem> 2.2067322199630936E-4
<157,patient1-8,noteItem1-8,read> 0.0020736291973492468
<158,nurse2-1,HR2-3,addItem> 2.2119868655905478E-4
<159,patient3-2,HR3-2,addNote> 0.0019762052367604485
<160,nurse2-1,HR2-4,addItem> 2.2224961568454574E-4
<161,nurse2-1,HR2-5,addItem> 2.1541857636885484E-4
<162,agent8-11,noteItem8-3agent8-1,read> 0.0024743793885579775
<163,nurse2-1,HR2-6,addItem> 2.1489311180610936E-4
<164,patient8-3,noteItem8-3,read> 0.0029532135655899044
<165,nurse8-1,HR8-1,addItem> 1.6002500259300258E-4
<166,nurse2-1,HR2-7,addItem> 2.164695054943457E-4
<167,nurse8-1,HR8-0,addItem> 1.571255612052387E-4
<168,doctor5-1,HR5-6,addItem> 3.802701256488874E-4
<169,nurse5-0,nursingItem5-8,read> 0.0010320783201898211
<170,nurse2-1,HR2-8,addItem> 2.1594404093160032E-4
<171,nurse2-1,HR2-9,addItem> 2.1804589918258212E-4
<172,nurse9-3,nursingItem9-6,read> 9.197980547689547E-4
<173,patient1-4,noteItem1-4,read> 0.0019324613357797585
<174,nurse5-2,nursingItem5-5,read> 0.0018234542702416665
<175,nurse6-3,nursingItem6-1,read> 2.4405391896101144E-4
<176,nurse3-3,nursingItem3-1,read> 7.262477094719919E-4
<177,nurse6-3,nursingItem6-0,read> 2.4258334551007887E-4
<178,patient4-4,noteItem4-4agent4-1,read> 0.005876276795463693
<179,patient2-8,HR2-8,addNote> 0.0021487501102599826
<180,nurse6-3,nursingItem6-2,read> 4.2598800796821704E-4
<181,nurse6-3,nursingItem6-4,read> 1.9993671543303546E-4
<182,nurse6-3,nursingItem6-3,read> 2.4699506586287653E-4
<183,agent9-1,noteItem9-2,read> 0.002783334765988256
<184,patient8-9,HR8-9,addNote> 0.001364455230716645
<185,nurse6-3,nursingItem6-6,read> 3.5709850730352913E-4
<186,doctor3-0,HRitem3-0-3,read> 8.128378706022607E-4
<187,patient0-0,noteItem0-0,read> 0.0022365151914678877
<188,nurse5-3,nursingItem5-9,read> 0.0010486613091769176
<189,nurse5-3,nursingItem5-0,read> 0.0018065317681625836
<190,patient5-3,noteItem5-3,read> 0.006178356249138985
<191,nurse0-1,nursingItem0-8,read> 0.001083571660337463
<192,doctor2-1,HR1-6,addItem> 2.3687824955430703E-4
<193,nurse8-0,nursingItem8-7,read> 0.0017478567223759122
<194,patient1-0,noteItem1-0agent1-0,read> 0.0029428237740854366
<195,nurse0-2,nursingItem0-4,read> 0.0010570239029013921
<196,patient5-0,noteItem5-0,read> 0.006276087845610168
<197,nurse8-0,HR8-9,addItem> 1.504883034799618E-4
<198,nurse6-3,nursingItem6-5,read> 1.955249950802379E-4
<199,patient5-5,HR5-5,addNote> 0.001939604809048426
<200,patient5-2,noteItem5-2,read> 0.00624351064678644
<201,patient5-4,noteItem5-4,read> 0.006200074381688135
<202,nurse6-3,nursingItem6-8,read> 2.1170130304049573E-4
<203,nurse6-3,nursingItem6-7,read> 3.5199558132836714E-4
<204,nurse6-3,nursingItem6-9,read> 2.087601561386307E-4
<205,patient4-9,noteItem4-9,read> 0.005820007062077976
<206,nurse8-0,HR8-2,addItem> 1.5798508628145442E-4
<207,patient3-6,noteItem3-6,read> 0.0058091479958033996
<208,patient0-7,noteItem0-7,read> 0.0024102602518611036
<209,nurse8-0,HR8-1,addItem> 1.59138437481684E-4
<210,nurse8-0,HR8-4,addItem> 1.516416546801914E-4
<211,nurse8-0,HR8-3,addItem> 1.5279500588042107E-4
<212,nurse3-3,HR3-1,addItem> 2.0194260513263206E-4
<213,nurse0-0,nursingItem0-3,read> 0.0010649445228608347
<214,nurse7-2,HR7-5,addItem> 1.7287200884170712E-4
<215,nurse8-0,HR8-6,addItem> 1.5394835708065066E-4
<216,nurse3-3,HR3-0,addItem> 2.0300557750310762E-4
<217,patient1-1,HR1-1,addNote> 0.002248094128335472
<218,nurse2-0,HR2-0,addItem> 2.205430119932748E-4
<219,nurse5-3,nursingItem5-3,read> 0.0010339527173820217
<220,nurse8-0,HR8-5,addItem> 1.551017082808803E-4
<221,nurse3-3,HR3-3,addItem> 1.9981666039168102E-4
<222,doctor2-1,HRitem5-7-0,read> 1.7531240135818267E-4
<223,doctor7-0,HRitem7-2-0,read> 8.827546030946287E-4
<224,nurse8-0,HR8-8,addItem> 1.4933495227973216E-4
<225,nurse3-3,HR3-2,addItem> 2.0087963276215653E-4
<226,agent8-11,noteItem8-3,read> 0.0014288484711242962
<227,doctor1-1,HR5-3,addItem> 3.4152684961207577E-4
<228,nurse8-0,HR8-7,addItem> 1.49911627879847E-4
<229,nurse3-3,HR3-5,addItem> 2.0566300842929643E-4
<230,patient7-1,noteItem7-1,read> 0.0023559649204882233
<231,nurse1-3,HR1-9,addItem> 2.0721606179902537E-4
<232,nurse2-0,HR2-3,addItem> 2.2265874389607826E-4
<233,nurse1-2,HR1-3,addItem> 2.200346109079204E-4
<234,nurse3-3,HR3-4,addItem> 2.0513152224405865E-4
<235,doctor1-0,HRitem7-4-3,read> 2.5854089568011745E-4
<236,nurse2-0,HR2-4,addItem> 2.2371660984748E-4
<237,nurse3-2,HR3-7,addItem> 2.0097879648255855E-4
<238,doctor8-0,HRitem4-1-1,read> 4.675927211118297E-4
<239,patient6-3,noteItem6-3,read> 0.0061023427852169515
<240,nurse3-3,HR3-7,addItem> 2.0460003605882087E-4
<241,nurse2-0,HR2-1,addItem> 2.2107194496897567E-4
<242,nurse3-3,HR3-6,addItem> 2.0353706368834537E-4
<243,patient7-4,HR7-4,addNote> 0.0017618313030186028
<244,nurse2-0,HR2-2,addItem> 2.221298109203774E-4
<245,patient9-6,HR9-6,addNote> 0.001808888995791203
<246,doctor5-1,HRitem5-4-2,read> 2.3030265653517528E-4
<247,nurse2-0,HR2-7,addItem> 2.1789834711477042E-4
<248,nurse3-3,HR3-9,addItem> 2.077889531702475E-4
<249,nurse2-0,HR2-8,addItem> 2.173694141390696E-4
<250,nurse1-0,nursingItem1-6,read> 0.0019026587350726755
<251,agent5-11,noteItem5-7agent5-1,read> 0.0013404889267338242
<252,nurse3-3,HR3-8,addItem> 2.0725746698500974E-4
<253,patient8-2,HR8-2,addNote> 0.0014324274536104012
<254,agent9-0,noteItem9-5agent9-0,read> 0.0017034774950329364
<255,nurse2-0,HR2-5,addItem> 2.1684048116336874E-4
<256,patient4-1,noteItem4-1,read> 0.005928597724823736
<257,nurse8-0,HR8-0,addItem> 1.5625505948110993E-4
<258,nurse2-0,HR2-6,addItem> 2.1631154818766782E-4
<259,agent4-11,HR4-4,addNote> 9.639156095407429E-4
<260,nurse1-0,nursingItem1-4,read> 0.0019284764597528043
<261,doctor8-1,HR2-5,addItem> 4.4997677008089173E-4
<262,patient9-0,noteItem9-0,read> 0.0038219388675559867
<263,doctor2-1,HR5-3,addItem> 5.755950954521277E-4
<264,agent4-1,noteItem4-4,read> 0.0030884652638752193
<265,patient2-0,noteItem2-0agent2-1,read> 6.253958871966144E-4
<266,doctor6-0,HRitem2-5-3,read> 0.0010150284601419892
<267,agent4-01,noteItem4-0agent4-0,read> 0.003047722648592747
<268,patient1-9,noteItem1-9,read> 0.0022908105228407675
<269,agent0-01,noteItem0-6,read> 0.0012332683095794207
<270,patient3-5,noteItem3-5,read> 0.005830866128352551
<271,nurse8-3,HR8-2,addItem> 1.271801948059619E-4
<272,nurse8-3,HR8-3,addItem> 1.2300210779788773E-4
<273,patient5-6,noteItem5-6,read> 0.006156638116589832
<274,nurse8-0,nursingItem8-0,read> 0.001772059366906536
<275,nurse8-3,HR8-0,addItem> 1.2578749913660383E-4
<276,patient7-4,noteItem7-4,read> 0.0019216022695051826
<277,agent8-01,noteItem8-9agent8-0,read> 0.0017462838788930178
<278,patient1-0,HR1-0,addNote> 0.002242865495805183
<279,nurse0-3,nursingItem0-1,read> 0.0010871662404140783
<280,nurse8-3,HR8-1,addItem> 1.2810865858553394E-4
<281,doctor2-1,HR2-4,addItem> 4.541717269122019E-4
<282,nurse8-3,HR8-8,addItem> 1.2021671645917157E-4
<283,nurse8-3,HR8-9,addItem> 1.2114518023874363E-4
<284,nurse8-3,HR8-6,addItem> 1.2393057157745975E-4
<285,nurse8-3,HR8-7,addItem> 1.2068094834895762E-4
<286,doctor0-1,HR4-9,addItem> 3.860848805881467E-4
<287,nurse8-3,HR8-4,addItem> 1.2207364401831567E-4
<288,patient5-5,noteItem5-5,read> 0.00613491998404068
<289,agent0-0,noteItem0-6agent0-0,read> 0.004579938071974665
<290,patient9-3,HR9-3,addNote> 0.0018925471162758256
<291,patient9-2,noteItem9-2agent9-1,read> 0.0064923019299531265
<292,patient3-1,HR3-1,addNote> 0.0019866625018210263
<293,nurse8-1,nursingItem8-8,read> 0.0017374913965039714
<294,patient6-2,noteItem6-2agent6-1,read> 0.004213986750016015
<295,nurse8-3,HR8-5,addItem> 1.248590353570318E-4
<296,nurse1-2,nursingItem1-0,read> 0.0010530528036557499
<297,doctor6-1,HRitem9-0-3,read> 9.258550733684879E-4
<298,patient6-0,HR6-0,addNote> 4.1284411020406234E-4
<299,nurse7-1,nursingItem7-8,read> 3.7054149562191526E-4
<300,doctor6-1,HR9-8,addItem> 9.307600601807532E-4
<301,doctor5-1,HRitem6-7-0,read> 2.4219244143830888E-4
<302,patient9-4,noteItem9-4,read> 0.0038545160663797148
<303,nurse8-2,HR8-0,addItem> 1.2752850258486133E-4
<304,agent1-0,HR1-0,addNote> 0.0012018781377414285
<305,nurse8-2,HR8-1,addItem> 1.2988178880817108E-4
<306,nurse2-0,nursingItem2-5,read> 7.301346017698104E-4
<307,nurse8-2,HR8-2,addItem> 1.2894047431884722E-4
<308,agent0-1,HR0-8,addNote> 9.90255612918857E-4
<309,nurse8-2,HR8-7,addItem> 1.2235127289357987E-4
<310,nurse8-2,HR8-8,addItem> 1.2188061564891789E-4
<311,nurse2-1,nursingItem2-6,read> 7.297432453751707E-4
<312,patient3-8,HR3-8,addNote> 0.0020389488271239154
<313,patient9-8,HR9-8,addNote> 0.0018298035259123587
<314,nurse8-2,HR8-9,addItem> 1.2282193013824183E-4
<315,doctor6-1,HR5-1,addItem> 5.224675112710225E-4
<316,nurse8-2,HR8-3,addItem> 1.2470455911688965E-4
<317,nurse8-2,HR8-4,addItem> 1.237632446275657E-4
<318,nurse7-0,nursingItem7-3,read> 2.2117190354586003E-4
<319,nurse8-2,HR8-5,addItem> 1.2658718809553744E-4
<320,nurse5-0,nursingItem5-7,read> 0.0018063148740316668
<321,nurse8-2,HR8-6,addItem> 1.256458736062135E-4
<322,doctor2-1,HRitem2-9-2,read> 3.695570844723707E-4
<323,doctor9-1,HRitem1-0-3,read> 9.228826271427044E-4
<324,doctor1-0,HR7-0,addItem> 2.5642762085764E-4
<325,patient4-8,noteItem4-8,read> 0.005841725194627128
<326,doctor4-0,HR4-5,addItem> 2.866109846407356E-4
<327,doctor5-1,HR8-5,addItem> 4.1616033036207114E-4
<328,patient6-7,noteItem6-7,read> 0.00618921531541356
<329,doctor7-1,HR7-0,addItem> 4.8436328384220877E-4
<330,patient1-7,noteItem1-7,read> 0.0021170654624475507
<331,doctor1-0,HR7-9,addItem> 2.0693904051446042E-4
<332,doctor1-0,HR7-4,addItem> 2.5950821797969396E-4
<333,patient4-1,HR4-1,addNote> 0.0015317714716858903
<334,doctor1-0,HR7-3,addItem> 2.571977701381535E-4
<335,patient4-8,HR4-8,addNote> 0.0014742565138527123
<336,patient4-0,noteItem4-0agent4-0,read> 0.005641600553753433
<337,doctor1-0,HR7-2,addItem> 2.038954463409422E-4
<338,nurse4-3,nursingItem4-0,read> 9.95010940288654E-4
<339,doctor1-0,HR7-1,addItem> 2.0206928983683125E-4
<340,doctor7-1,HR7-4,addItem> 4.901821895171997E-4
<341,doctor1-0,HR7-8,addItem> 2.62588815101748E-4
<342,doctor7-1,HR1-1,addItem> 5.540421328116711E-4
<343,nurse3-2,nursingItem3-3,read> 0.001230300008619825
<344,doctor6-1,HRitem6-8-3,read> 3.714938522598862E-4
<345,doctor1-0,HR7-7,addItem> 2.602783672602075E-4
<346,doctor1-0,HR7-6,addItem> 2.063303216797568E-4
<347,doctor1-0,HR7-5,addItem> 2.587380686991805E-4
<348,doctor9-1,HRitem1-9-0,read> 0.0010090835676904225
<349,agent8-0,noteItem8-9agent8-0,read> 0.0021757926486280278
<350,nurse9-2,HR9-9,addItem> 1.8350321584426475E-4
<351,patient4-5,HR4-5,addNote> 0.0014847137789132901
<352,nurse0-3,nursingItem0-2,read> 0.0010595495167981894
<353,nurse9-2,HR9-7,addItem> 1.819346260851781E-4
<354,patient5-1,HR5-1,addNote> 0.0020337201945936265
<355,nurse9-2,HR9-8,addItem> 1.829803525912359E-4
<356,patient2-7,HR2-7,addNote> 0.002153978742790271
<357,patient7-8,noteItem7-8,read> 0.002062770131074671
<358,nurse0-1,nursingItem0-0,read> 0.0019122531431458457
<359,nurse9-2,HR9-5,addItem> 1.9186902789272703E-4
<360,nurse9-2,nursingItem9-0,read> 9.711108911127624E-4
<361,agent2-1,noteItem2-0,read> 0.0010929313859130956
<362,nurse9-2,HR9-6,addItem> 1.8088889957912032E-4
<363,nurse9-2,HR9-3,addItem> 1.8925471162758257E-4
<364,doctor3-0,HR3-8,addItem> 0.0014272641789867407
<365,patient0-6,noteItem0-6,read> 0.0023994011855865273
<366,nurse9-2,HR9-4,addItem> 1.9030043813364036E-4
<367,nurse9-2,HR9-1,addItem> 1.87163258615467E-4
<368,doctor4-0,HRitem5-4-3,read> 2.332751027609587E-4
<369,nurse9-2,HR9-2,addItem> 1.882089851215248E-4
<370,doctor6-0,HRitem2-0-2,read> 4.6661213148495464E-4
<371,agent4-01,noteItem4-0,read> 0.0028892507552594053
<372,patient6-4,noteItem6-4,read> 0.006210933447962711
<373,nurse5-0,nursingItem5-3,read> 0.0017759973331655833
<374,patient4-2,noteItem4-2,read> 0.006058906520118647
<375,nurse9-2,HR9-0,addItem> 1.8611753210940926E-4
<376,doctor7-1,HRitem6-5-3,read> 1.9611952493866637E-4
<377,doctor8-1,HRitem8-1-2,read> 6.533189100419736E-5
<378,agent6-01,HR6-6,addNote> 2.8907484389788723E-4
<379,doctor4-0,HRitem1-2-1,read> 3.7560646757667845E-4
<380,patient7-0,noteItem7-0agent7-0,read> 0.0011143047240929904
<381,agent2-01,HR2-2,addNote> 0.0015746066923036876
<382,agent9-01,noteItem9-5,read> 0.0011565947116783258
<383,doctor4-1,HR4-2,addItem> 2.925785208721155E-4
<384,nurse9-1,HR9-6,addItem> 1.791743128532519E-4
<385,nurse9-1,HR9-7,addItem> 1.802101272597262E-4
<386,patient7-0,HR7-0,addNote> 0.001740916772897447
<387,nurse9-1,HR9-8,addItem> 1.812459416662005E-4
<388,nurse9-1,HR9-9,addItem> 1.817638488694376E-4
<389,nurse9-1,HR9-2,addItem> 1.8642501369857197E-4
<390,patient0-8,HR0-8,addNote> 0.0015370001042161793
<391,patient7-9,noteItem7-9,read> 0.0021496426612712793
<392,agent5-0,noteItem5-0,read> 0.0031460824901239307
<393,nurse5-3,HR5-8,addItem> 1.9880659967523866E-4
<394,nurse0-1,HR0-7,addItem> 1.562432763172984E-4
<395,nurse9-1,HR9-3,addItem> 1.8746082810504626E-4
<396,nurse6-1,nursingItem6-0,read> 2.3986532483209478E-4
<397,nurse9-1,HR9-4,addItem> 1.8849664251152057E-4
<398,nurse9-1,HR9-5,addItem> 1.9005036412123198E-4
<399,nurse9-1,HR9-0,addItem> 1.8435338488562337E-4
<400,doctor8-1,HR2-6,addItem> 4.4887915421729357E-4
<401,nurse9-1,HR9-1,addItem> 1.8538919929209763E-4
<402,nurse7-0,nursingItem7-0,read> 3.991372221596579E-4
<403,doctor9-0,HR1-2,addItem> 9.48958224927553E-5
<404,patient3-1,noteItem3-1,read> 0.005906879592274584
<405,patient3-3,noteItem3-3,read> 0.005874302393450856
<406,doctor7-0,HRitem6-5-1,read> 2.0652308672890825E-4
<407,agent6-11,noteItem6-2,read> 0.002644736168236323
<408,patient0-9,HR0-9,addNote> 0.0015265428391556014
<409,nurse9-3,HR9-4,addItem> 1.8669284688940075E-4
<410,doctor0-1,HR0-5,addItem> 5.147648171559734E-4
<411,doctor7-1,HRitem1-9-3,read> 0.0010105697908033143
<412,patient5-8,noteItem5-8,read> 0.006113201851491527
<413,nurse1-0,nursingItem1-5,read> 0.0019078222800087013
<414,doctor7-0,HR6-9,addItem> 9.066016345500279E-5
<415,nurse9-3,HR9-5,addItem> 1.8823170034973697E-4
<416,doctor7-0,HR6-8,addItem> 8.121229579143324E-5
<417,nurse9-3,HR9-6,addItem> 1.7745972612738346E-4
<418,doctor7-0,HRitem7-6-3,read> 5.156574942103805E-4
<419,nurse9-3,HR9-7,addItem> 1.7848562843427425E-4
<420,nurse9-3,HR9-8,addItem> 1.7951153074116508E-4
<421,agent9-11,HR9-2,addNote> 6.849443984993651E-4
<422,nurse9-3,HR9-9,addItem> 1.8002448189461043E-4
<423,nurse9-3,HR9-0,addItem> 1.825892376618375E-4
<424,nurse9-3,HR9-1,addItem> 1.836151399687283E-4
<425,nurse9-3,HR9-2,addItem> 1.8464104227561913E-4
<426,nurse2-2,nursingItem2-1,read> 7.147358763181082E-4
<427,nurse9-3,HR9-3,addItem> 1.8566694458250991E-4
<428,patient3-7,noteItem3-7,read> 0.0060480474538440725
<429,patient2-2,HR2-2,addNote> 0.002195807803032583
<430,doctor2-1,HRitem5-8-2,read> 3.373107206633773E-4
<431,doctor7-0,HR6-2,addItem> 8.971537668864583E-5
<432,doctor7-0,HR6-3,addItem> 8.688101638957497E-5
<433,nurse7-1,nursingItem7-2,read> 4.0331976231713424E-4
<434,nurse9-0,nursingItem9-4,read> 9.462365649267045E-4
<435,patient0-6,HR0-6,addNote> 0.0014899424114435795
<436,doctor7-0,HR6-5,addItem> 8.310186932414714E-5
<437,nurse3-2,HR3-8,addItem> 2.0358919323306267E-4
<438,nurse5-2,nursingItem5-1,read> 0.0010309523472840324
<439,nurse3-3,nursingItem3-9,read> 0.00131991738941875
<440,nurse3-2,HR3-9,addItem> 2.0411127258316346E-4
<441,nurse3-2,HR3-3,addItem> 1.9628008233165125E-4
<442,nurse9-3,nursingItem9-9,read> 9.255203419349077E-4
<443,nurse3-2,HR3-4,addItem> 2.0150087583265937E-4
<444,nurse3-2,HR3-5,addItem> 2.020229551827602E-4
<445,nurse3-2,HR3-6,addItem> 1.9993463778235693E-4
<446,nurse3-2,HR3-0,addItem> 1.9941255843225616E-4
<447,nurse3-2,HR3-1,addItem> 1.983683997320545E-4
<448,nurse3-2,HR3-2,addItem> 1.9732424103185287E-4
<449,doctor7-1,HR6-9,addItem> 9.189573638113572E-5
<450,nurse6-0,nursingItem6-6,read> 2.0235986622438299E-4
<451,doctor7-1,HR6-8,addItem> 8.231910731840337E-5
<452,nurse6-0,nursingItem6-7,read> 1.994681503628854E-4
<453,nurse9-2,nursingItem9-5,read> 9.361137145325866E-4
<454,nurse6-0,nursingItem6-8,read> 2.0814329794737816E-4
<455,patient2-1,HR2-1,addNote> 0.002185350537972005
<456,doctor9-1,HRitem2-4-0,read> 1.905752368689515E-4
<457,doctor5-0,HR9-7,addItem> 8.592329215913777E-4
<458,nurse6-0,nursingItem6-9,read> 2.052515820858806E-4
<459,nurse9-0,HR9-2,addItem> 1.9356089939038333E-4
<460,nurse9-1,nursingItem9-6,read> 9.28684992496191E-4
<461,agent4-0,HR4-0,addNote> 0.0010378511415224138
<462,doctor7-1,HR6-5,addItem> 8.423443313094983E-5
<463,agent8-1,noteItem8-3,read> 0.0015495189754035068
<464,nurse6-0,nursingItem6-2,read> 2.4139803035460035E-4
<465,nurse6-0,nursingItem6-3,read> 2.428438882853492E-4
<466,doctor7-1,HR6-3,addItem> 8.806508475604277E-5
<467,nurse6-0,nursingItem6-4,read> 3.4353237442155736E-4
<468,nurse2-2,nursingItem2-9,read> 0.0012707744713419484
<469,doctor7-1,HR6-2,addItem> 9.093807347486247E-5
<470,nurse6-0,nursingItem6-5,read> 1.9223886070914148E-4
<471,doctor2-0,HRitem2-8-2,read> 6.434726819190661E-4
<472,nurse6-0,nursingItem6-0,read> 2.3850631449310277E-4
<473,nurse6-0,nursingItem6-1,read> 2.3995217242385157E-4
<474,agent6-0,noteItem6-6,read> 0.003279470206678752
<475,nurse0-0,nursingItem0-4,read> 0.0018619623050732089
<476,doctor3-1,HR1-5,addItem> 5.292209788467309E-4
<477,doctor7-1,HRitem6-2-1,read> 6.538762437093079E-4
<478,patient2-9,HR2-9,addNote> 0.0021696646403811383
<479,doctor5-1,HR5-5,addItem> 3.702881908183358E-4
<480,nurse3-1,HR3-8,addItem> 2.0481195115037832E-4
<481,nurse3-1,HR3-9,addItem> 2.0533716611219146E-4
<482,doctor7-1,HR1-3,addItem> 5.48887753051043E-4
<483,nurse8-0,nursingItem8-1,read> 0.001056581612941246
<484,patient4-4,noteItem4-4,read> 0.005993752122471192
<485,nurse3-1,HR3-6,addItem> 2.0113544641768642E-4
<486,nurse3-1,HR3-7,addItem> 2.0218587634131266E-4
<487,nurse3-1,HR3-4,addItem> 2.027110913031258E-4
<488,nurse8-2,nursingItem8-4,read> 0.0015604672613598637
<489,nurse3-1,HR3-5,addItem> 2.0323630626493892E-4
<490,nurse3-1,HR3-2,addItem> 1.9850937160862075E-4
<491,nurse3-1,HR3-3,addItem> 1.974589416849945E-4
<492,nurse3-1,HR3-0,addItem> 2.0061023145587326E-4
<493,nurse3-1,HR3-1,addItem> 1.9955980153224702E-4
<494,nurse6-1,nursingItem6-9,read> 2.0642110677013061E-4
<495,nurse6-1,nursingItem6-7,read> 2.0060472102022378E-4
<496,nurse1-2,nursingItem1-7,read> 0.001070340565580897
<497,nurse5-1,nursingItem5-6,read> 0.0018148761431442339
<498,nurse6-1,nursingItem6-8,read> 3.649323558584416E-4
<499,doctor3-0,HR0-4,addItem> 0.0010575998590953144
<500,nurse6-1,nursingItem6-5,read> 1.9333423883284028E-4
<501,nurse3-0,nursingItem3-2,read> 6.991100312554921E-4
<502,nurse6-1,nursingItem6-6,read> 2.0351291389517719E-4
<503,nurse6-1,nursingItem6-3,read> 2.4422761414452497E-4
<504,nurse8-2,nursingItem8-1,read> 8.623354111191786E-4
<505,nurse2-0,nursingItem2-9,read> 7.38985463176903E-4
<506,nurse0-2,nursingItem0-5,read> 0.0010541356950492108
<507,nurse6-1,nursingItem6-4,read> 1.9769652814527033E-4
<508,nurse1-3,nursingItem1-7,read> 0.001865937634974368
<509,nurse0-0,nursingItem0-9,read> 0.0010751849601478027
<510,patient7-5,noteItem7-5,read> 0.0020301929322509423
<511,patient3-2,noteItem3-2agent3-1,read> 0.003138387308843987
<512,nurse4-2,nursingItem4-3,read> 0.001775968462082492
<513,nurse6-1,nursingItem6-1,read> 4.207020472891961E-4
<514,nurse2-3,nursingItem2-4,read> 7.124199815255239E-4
<515,nurse5-1,nursingItem5-4,read> 0.0010235562576324394
<516,nurse6-1,nursingItem6-2,read> 2.427735177070482E-4
<517,patient4-6,noteItem4-6,read> 0.005885161459725432
<518,nurse3-0,HR3-1,addItem> 1.9479419433147694E-4
<519,nurse3-1,nursingItem3-3,read> 7.103545430544284E-4
<520,agent8-01,noteItem8-9,read> 0.0014355556212656262
<521,nurse3-0,HR3-2,addItem> 1.937688493015492E-4
<522,doctor3-1,HR3-3,addItem> 5.841706054189131E-4
<523,nurse3-0,HR3-3,addItem> 1.927435042716215E-4
<524,nurse3-0,HR3-4,addItem> 1.9787022942126012E-4
<525,patient7-1,HR7-1,addNote> 0.001735688140367158
<526,nurse3-0,HR3-5,addItem> 1.9838290193622396E-4
<527,nurse9-0,HR9-0,addItem> 1.9140997378076687E-4
<528,nurse8-3,nursingItem8-0,read> 8.531523108725583E-4
<529,nurse3-0,HR3-6,addItem> 1.9633221187636854E-4
<530,agent3-1,noteItem3-2,read> 0.002991175208564485
<531,nurse3-0,HR3-7,addItem> 1.9735755690629623E-4
<532,patient8-5,HR8-5,addNote> 0.0014062842909589566
<533,nurse3-0,HR3-8,addItem> 1.9992091948111557E-4
<534,doctor9-1,HRitem9-1-0,read> 0.0010759636077705488
<535,nurse9-0,HR9-4,addItem> 1.9571182499999982E-4
<536,nurse0-2,nursingItem0-7,read> 0.0010584680068274827
<537,nurse9-0,HR9-3,addItem> 1.9463636219519157E-4
<538,nurse9-0,HR9-1,addItem> 1.9248543658557506E-4
<539,nurse9-0,HR9-8,addItem> 1.8818358536634215E-4
<540,nurse5-3,HR5-4,addItem> 1.9616961592802643E-4
<541,nurse1-2,HR1-4,addItem> 2.205511746036839E-4
<542,nurse9-0,HR9-7,addItem> 1.871081225615339E-4
<543,patient0-8,noteItem0-8agent0-1,read> 0.005045131772739854
<544,nurse9-0,HR9-6,addItem> 1.8603265975672563E-4
<545,nurse3-3,nursingItem3-2,read> 7.247654452465194E-4
<546,doctor9-1,HR1-0,addItem> 1.885865011561636E-4
<547,doctor4-1,HR8-2,addItem> 4.93024615260185E-4
<548,patient1-0,noteItem1-0,read> 0.0025405690471560155
<549,nurse3-0,HR3-0,addItem> 1.9581953936140465E-4
<550,nurse5-2,HR5-2,addItem> 1.960941835849233E-4
<551,doctor5-1,HRitem8-8-2,read> 4.814743626138715E-4
<552,nurse9-0,HR9-5,addItem> 1.9732501920721217E-4
<553,nurse9-0,HR9-9,addItem> 1.887213167687462E-4
<554,nurse3-0,HR3-9,addItem> 2.0043359199607943E-4
<555,nurse4-3,nursingItem4-1,read> 9.978910298462644E-4
<556,agent1-01,noteItem1-0,read> 0.0015060517411823583
<557,doctor6-1,HR9-0,addItem> 9.467178466631949E-4
<558,doctor6-1,HR9-5,addItem> 9.759737885476714E-4
<559,patient0-4,HR0-4,addNote> 0.001510856941564735
<560,doctor5-0,HR7-1,addItem> 2.7006720959144747E-4
<561,patient9-7,noteItem9-7,read> 0.003973965795400051
<562,doctor5-0,HR7-2,addItem> 2.7250788225249736E-4
<563,patient7-0,noteItem7-0,read> 0.0023016695891153434
<564,nurse1-0,nursingItem1-0,read> 0.001887168100264598
<565,nurse7-3,HR7-9,addItem> 1.8422447177184978E-4
<566,nurse4-1,nursingItem4-8,read> 0.0018320429268296231
<567,patient5-3,HR5-3,addNote> 0.0019500620741090041
<568,nurse1-3,nursingItem1-0,read> 0.0010457144565919469
<569,nurse4-1,nursingItem4-4,read> 0.0010226477618124916
<570,nurse8-2,nursingItem8-7,read> 8.531470842930213E-4
<571,nurse7-3,HR7-4,addItem> 1.8259876249772632E-4
<572,nurse7-3,HR7-5,addItem> 1.8205685940635185E-4
<573,nurse7-3,HR7-6,addItem> 1.8368256868047533E-4
<574,nurse7-3,HR7-7,addItem> 1.831406655891008E-4
<575,nurse7-3,HR7-0,addItem> 1.804311501322284E-4
<576,nurse3-1,nursingItem3-0,read> 7.147488662007399E-4
<577,nurse7-3,HR7-1,addItem> 1.7988924704085392E-4
<578,nurse7-3,HR7-2,addItem> 1.815149563149774E-4
<579,doctor5-0,HR7-6,addItem> 2.7576211246723055E-4
<580,nurse7-3,HR7-3,addItem> 1.809730532236029E-4
<581,doctor4-1,HR4-1,addItem> 2.945896577762916E-4
<582,doctor5-0,HR7-9,addItem> 2.765756700209138E-4
<583,patient0-3,HR0-3,addNote> 0.0015003996765041569
<584,doctor3-0,HRitem0-4-0,read> 7.044078295476256E-4
<585,nurse8-3,nursingItem8-4,read> 8.440894219552905E-4
<586,agent1-1,HR1-4,addNote> 0.0014003079200462815
<587,doctor6-0,HR2-5,addItem> 4.450945628105746E-4
<588,patient0-1,HR0-1,addNote> 0.001448113351201268
<589,nurse1-2,nursingItem1-8,read> 0.0018683533815192202
<590,agent1-01,HR1-0,addNote> 0.0017138470068053095
<591,patient6-6,noteItem6-6agent6-0,read> 4.200541757001364E-4
<592,patient8-3,HR8-3,addNote> 0.0013853697608378008
<593,nurse4-0,nursingItem4-0,read> 0.0017669712592389931
<594,patient4-0,noteItem4-0,read> 0.005939456791098311
<595,nurse7-0,HR7-9,addItem> 1.762580081276617E-4
<596,agent3-0,noteItem3-7agent3-0,read> 8.213227757411996E-4
<597,patient0-7,HR0-7,addNote> 0.001547457369276757
<598,patient2-7,noteItem2-7,read> 0.0022039379926441596
<599,nurse5-3,nursingItem5-1,read> 0.0010368944357410008
<600,doctor6-0,HRitem2-9-0,read> 5.111988248717055E-4
<601,nurse5-0,HR5-9,addItem> 1.9435206165756259E-4
<602,nurse8-0,nursingItem8-8,read> 0.0010356738014845534
<603,nurse5-0,HR5-5,addItem> 1.922787426311012E-4
<604,nurse7-0,HR7-0,addItem> 1.7262872201840232E-4
<605,nurse5-0,HR5-6,addItem> 1.974620401972547E-4
<606,nurse5-0,HR5-7,addItem> 1.9642538068402395E-4
<607,nurse5-0,HR5-8,addItem> 1.9538872117079334E-4
<608,nurse5-0,HR5-1,addItem> 2.0160867825017744E-4
<609,nurse5-0,HR5-2,addItem> 1.9383373190094724E-4
<610,nurse4-1,nursingItem4-0,read> 0.0010138439549313416
<611,nurse5-0,HR5-3,addItem> 1.9331540214433192E-4
<612,nurse5-0,HR5-4,addItem> 1.9279707238771654E-4
<613,nurse7-0,HR7-8,addItem> 1.767764775718416E-4
<614,nurse7-0,HR7-7,addItem> 1.7522106923930188E-4
<615,nurse7-0,HR7-6,addItem> 1.7573953868348183E-4
<616,patient8-0,HR8-0,addNote> 0.001416741556019534
<617,nurse5-0,HR5-0,addItem> 2.0109034849356212E-4
<618,nurse1-2,nursingItem1-1,read> 0.001074662506062184
<619,nurse7-0,HR7-5,addItem> 1.741841303509421E-4
<620,nurse7-0,HR7-4,addItem> 1.7470259979512196E-4
<621,agent9-0,noteItem9-5,read> 0.002796461392086093
<622,agent5-11,HR5-7,addNote> 0.0012513578807376692
<623,agent3-01,noteItem3-7,read> 0.0030984798241403223
<624,nurse7-0,HR7-3,addItem> 1.7314719146258227E-4
<625,nurse7-0,HR7-2,addItem> 1.736656609067622E-4
<626,nurse5-1,HR5-0,addItem> 2.0226288696874323E-4
<627,nurse7-0,HR7-1,addItem> 1.7211025257422242E-4
<628,doctor5-0,HR5-8,addItem> 4.5272549124444894E-4
<629,doctor6-0,HR2-1,addItem> 4.537802174563344E-4
<630,doctor6-0,HR2-0,addItem> 4.526945106256144E-4
<631,doctor6-1,HR6-8,addItem> 7.540153527484007E-5
<632,nurse9-3,nursingItem9-4,read> 9.02631193271096E-4
<633,agent7-01,noteItem7-0agent7-0,read> 3.8816410231396755E-4
<634,nurse4-0,nursingItem4-7,read> 0.0010629368379623096
<635,doctor6-1,HR6-9,addItem> 8.417340559280498E-5
<636,nurse5-3,nursingItem5-6,read> 0.0010530738867153863
<637,doctor6-0,HR2-6,addItem> 4.440088559798546E-4
<638,doctor6-0,HR2-3,addItem> 4.570373379484943E-4
<639,doctor6-0,HR2-4,addItem> 4.592087516099343E-4
<640,patient8-3,noteItem8-3agent8-1,read> 0.004605113819533116
<641,nurse4-2,HR4-4,addItem> 1.5066395580570484E-4
<642,nurse4-2,HR4-3,addItem> 1.4962474472959134E-4
<643,nurse4-2,HR4-6,addItem> 1.4858553365347784E-4
<644,nurse4-2,HR4-5,addItem> 1.4754632257736437E-4
<645,nurse4-2,HR4-8,addItem> 1.4650711150125084E-4
<646,nurse4-2,HR4-7,addItem> 1.4546790042513737E-4
<647,nurse7-1,HR7-1,addItem> 1.7146200303533646E-4
<648,agent1-0,noteItem1-0agent1-0,read> 0.0016839168584196782
<649,nurse7-1,HR7-0,addItem> 1.719785196755835E-4
<650,nurse5-2,HR5-9,addItem> 1.9661855800342335E-4
<651,nurse4-2,HR4-9,addItem> 1.4442868934902387E-4
<652,nurse7-1,HR7-3,addItem> 1.7249503631583052E-4
<653,nurse7-1,HR7-2,addItem> 1.730115529560776E-4
<654,nurse7-1,HR7-5,addItem> 1.735280695963246E-4
<655,doctor6-1,HR6-5,addItem> 7.715590933843305E-5
<656,nurse7-1,HR7-4,addItem> 1.740445862365716E-4
<657,nurse7-1,HR7-7,addItem> 1.7456110287681863E-4
<658,nurse4-2,HR4-0,addItem> 1.532619834959886E-4
<659,doctor9-1,HR9-6,addItem> 4.1192808702232353E-4
<660,agent9-1,HR9-2,addNote> 0.0017617724080804568
<661,doctor6-1,HR6-3,addItem> 8.066465746561901E-5
<662,nurse7-1,HR7-6,addItem> 1.7507761951706568E-4
<663,nurse5-1,HR5-1,addItem> 2.0278423905630092E-4
<664,doctor6-1,HR6-2,addItem> 8.32962185610085E-5
<665,nurse9-3,nursingItem9-5,read> 9.183674829774664E-4
<666,patient9-8,noteItem9-8,read> 0.003941388596576323
<667,nurse7-1,HR7-9,addItem> 1.7559413615731272E-4
<668,nurse3-0,nursingItem3-3,read> 6.933908524740242E-4
<669,nurse8-1,nursingItem8-5,read> 0.0017617746796903095
<670,nurse4-2,HR4-2,addItem> 1.511835613437616E-4
<671,nurse9-0,nursingItem9-1,read> 0.001635974538717437
<672,nurse7-1,HR7-8,addItem> 1.7611065279755973E-4
<673,doctor7-0,HR7-8,addItem> 4.893321729038921E-4
<674,nurse4-2,HR4-1,addItem> 1.522227724198751E-4
<675,doctor6-0,HR6-8,addItem> 7.56782381565826E-5
<676,patient7-8,HR7-8,addNote> 0.0017827458331397584
<677,agent0-11,noteItem0-8agent0-1,read> 0.002850144160628106
<678,doctor0-1,HR0-8,addItem> 5.347762899477827E-4
<679,doctor6-0,HR6-9,addItem> 8.448229882433822E-5
<680,nurse8-3,nursingItem8-3,read> 0.0015559111266462912
<681,patient0-5,HR0-5,addNote> 0.0014794851463830012
<682,agent0-0,noteItem0-6,read> 0.0011865696816779625
<683,nurse9-1,nursingItem9-3,read> 0.0015857726783299578
<684,nurse4-3,HR4-7,addItem> 1.4455587597106127E-4
<685,nurse4-3,HR4-6,addItem> 1.4765396290956892E-4
<686,nurse4-3,HR4-5,addItem> 1.466212672633997E-4
<687,doctor3-1,HR7-6,addItem> 3.7401464660044803E-4
<688,nurse4-3,HR4-4,addItem> 1.4971935420190734E-4
<689,nurse7-2,HR7-2,addItem> 1.7235744500539298E-4
<690,nurse7-2,HR7-1,addItem> 1.708137534964505E-4
<691,nurse7-2,HR7-0,addItem> 1.7132831733276464E-4
<692,patient8-1,noteItem8-1,read> 0.0028011866377458407
<693,nurse3-0,nursingItem3-6,read> 0.0012200879249165371
<694,nurse4-3,HR4-9,addItem> 1.4352318032489206E-4
<695,nurse4-3,HR4-8,addItem> 1.4558857161723045E-4
<696,nurse0-1,nursingItem0-9,read> 0.0010820993328818725
<697,nurse7-2,HR7-6,addItem> 1.7441570035064957E-4
<698,doctor6-0,HR6-3,addItem> 8.096067455723597E-5
<699,doctor1-1,HR1-3,addItem> 2.961226365199745E-4
<700,nurse7-2,HR7-4,addItem> 1.7338657267802123E-4
<701,doctor3-0,HR0-9,addItem> 0.001068579987408921
<702,patient8-8,noteItem8-8,read> 0.0028880591679424483
<703,patient6-8,HR6-8,addNote> 4.494445379160848E-4
<704,nurse7-2,HR7-3,addItem> 1.718428811690788E-4
<705,nurse9-1,nursingItem9-1,read> 9.156854488257109E-4
<706,doctor6-0,HR6-5,addItem> 7.743905029013373E-5
<707,patient8-7,noteItem8-7,read> 0.002866341035393297
<708,nurse4-3,HR4-3,addItem> 1.486866585557381E-4
<709,nurse7-2,HR7-9,addItem> 1.7493026418696368E-4
<710,doctor6-1,HRitem5-6-1,read> 9.347724120458379E-4
<711,agent1-11,HR1-4,addNote> 0.001501822779921705
<712,nurse4-3,HR4-2,addItem> 1.5023570202499193E-4
<713,nurse1-2,nursingItem1-5,read> 0.0010645779782725148
<714,nurse7-2,HR7-8,addItem> 1.7544482802327784E-4
<715,patient1-8,HR1-8,addNote> 0.002127835580138827
<716,nurse4-3,HR4-1,addItem> 1.5126839767116114E-4
<717,doctor6-0,HR6-2,addItem> 8.360189275756265E-5
<718,agent9-11,noteItem9-2,read> 0.0010821088742043313
<719,nurse1-1,nursingItem1-6,read> 0.0010764938509544675
<720,patient5-6,HR5-6,addNote> 0.0019918911343513156
<721,agent6-1,noteItem6-2agent6-1,read> 0.003150026545612814
<722,doctor6-0,HR1-2,addItem> 2.532098287977423E-4
<723,nurse7-2,HR7-7,addItem> 1.7390113651433539E-4
<724,nurse4-3,HR4-0,addItem> 1.5230109331733035E-4
<725,nurse6-0,HR6-6,addItem> 4.663729742403146E-5
<726,nurse5-3,HR5-1,addItem> 2.051353606685479E-4
<727,patient3-3,HR3-3,addNote> 0.0019657479716998706
<728,nurse4-0,HR4-0,addItem> 1.5614465403196331E-4
<729,nurse1-2,nursingItem1-3,read> 0.0010804250933705661
<730,nurse6-0,HR6-5,addItem> 4.560043300700807E-5
<731,nurse5-3,HR5-0,addItem> 2.0460796391910544E-4
<732,nurse5-3,HR5-3,addItem> 1.966970126774689E-4
<733,nurse6-0,HR6-8,addItem> 4.4563568589984686E-5
<734,nurse5-3,HR5-2,addItem> 1.9722440942691131E-4
<735,nurse6-0,HR6-7,addItem> 4.3526704172961284E-5
<736,nurse9-1,nursingItem9-0,read> 0.0016817334428868502
<737,nurse4-2,nursingItem4-9,read> 0.0010404151281764363
<738,nurse0-3,nursingItem0-3,read> 0.001058096005028932
<739,nurse4-0,nursingItem4-2,read> 0.001792544020634239
<740,nurse6-0,HR6-2,addItem> 4.922945846658996E-5
<741,nurse0-2,nursingItem0-9,read> 0.0010613562146796636
<742,nurse6-0,HR6-1,addItem> 4.871102625807826E-5
<743,agent5-1,noteItem5-7,read> 0.0031589121910563013
<744,doctor7-1,HRitem1-3-0,read> 0.0010284044681580146
<745,patient2-5,HR2-5,addNote> 0.0021435214777296937
<746,nurse1-3,HR1-8,addItem> 2.0875495364528943E-4
<747,nurse6-0,HR6-4,addItem> 4.8192594049566566E-5
<748,agent3-01,noteItem3-7agent3-0,read> 7.062967026375073E-4
<749,nurse1-3,nursingItem1-3,read> 0.0018835181140655964
<750,nurse5-2,nursingItem5-2,read> 0.0010338772076581464
<751,agent7-11,HR7-8,addNote> 7.555993614944156E-4
<752,nurse6-0,HR6-3,addItem> 4.7674161841054865E-5
<753,nurse5-1,nursingItem5-1,read> 0.0017869923451002323
<754,nurse5-3,HR5-9,addItem> 1.9775180617635375E-4
<755,nurse4-0,HR4-7,addItem> 1.4820397378736565E-4
<756,agent3-11,noteItem3-2agent3-1,read> 0.0017468238348982645
<757,agent7-0,noteItem7-0,read> 0.0015993029319068422
<758,nurse4-0,HR4-8,addItem> 1.4926273115331202E-4
<759,patient8-8,HR8-8,addNote> 0.001353997965656067
<760,nurse6-0,HR6-0,addItem> 4.09345431304028E-5
<761,nurse4-0,HR4-5,addItem> 1.5032148851925836E-4
<762,doctor4-1,HRitem8-4-1,read> 2.2431657532037076E-4
<763,nurse4-0,HR4-6,addItem> 1.513802458852047E-4
<764,patient2-2,noteItem2-2,read> 0.0023233877216644956
<765,nurse5-3,HR5-5,addItem> 1.95642219178584E-4
<766,nurse4-0,HR4-3,addItem> 1.5243900325115107E-4
<767,nurse4-0,HR4-4,addItem> 1.534977606170974E-4
<768,nurse5-3,HR5-7,addItem> 1.998613931741235E-4
<769,doctor4-0,HR5-6,addItem> 5.023321412892712E-4
<770,nurse5-3,HR5-6,addItem> 2.0091618667300842E-4
<771,nurse0-2,nursingItem0-1,read> 0.0010801295657188415
<772,nurse4-0,HR4-2,addItem> 1.540271393000706E-4
<773,nurse4-0,HR4-9,addItem> 1.4714521642141933E-4
<774,nurse6-0,HR6-9,addItem> 4.9747890675101655E-5
<775,nurse6-1,HR6-9,addItem> 5.0031354439632154E-5
<776,nurse4-3,nursingItem4-6,read> 0.001038212283652812
<777,nurse6-1,HR6-8,addItem> 4.481749205773388E-5
<778,agent1-01,noteItem1-0agent1-0,read> 0.0019373484820231828
<779,doctor3-0,HR0-6,addItem> 0.0010429596880105055
<780,nurse4-1,HR4-0,addItem> 1.5518376385330505E-4
<781,nurse6-1,HR6-7,addItem> 4.3774719581354224E-5
<782,nurse4-1,HR4-1,addItem> 1.54131521917303E-4
<783,nurse6-1,HR6-6,addItem> 4.690303701049318E-5
<784,doctor4-1,HR2-2,addItem> 7.642312418950154E-4
<785,nurse6-1,HR6-5,addItem> 4.586026453411352E-5
<786,nurse6-1,HR6-4,addItem> 4.8467195725062665E-5
<787,nurse6-1,HR6-3,addItem> 4.794580948687284E-5
<788,doctor6-1,HR5-9,addItem> 5.036620389853167E-4
<789,agent0-1,noteItem0-8,read> 0.0011884131468575454
<790,nurse6-1,HR6-2,addItem> 4.950996820144232E-5
<791,patient2-9,noteItem2-9,read> 0.0021387835949967034
<792,nurse2-3,nursingItem2-8,read> 7.181657866357021E-4
<793,nurse4-1,HR4-6,addItem> 1.5044867514129578E-4
<794,nurse1-1,nursingItem1-8,read> 0.0010823367530685417
<795,agent7-1,HR7-8,addNote> 0.0015619702215872702
<796,nurse6-1,HR6-1,addItem> 4.898858196325249E-5
<797,nurse4-0,nursingItem4-8,read> 0.0010614604513594337
<798,nurse6-1,HR6-0,addItem> 4.11677883904051E-5
<799,nurse8-3,nursingItem8-9,read> 8.350265330380228E-4
<800,nurse4-1,HR4-7,addItem> 1.4729194933328955E-4
<801,agent4-0,noteItem4-0agent4-0,read> 0.0038944981971932575
<802,nurse4-1,HR4-8,addItem> 1.483441912692916E-4
<803,doctor3-0,HR0-1,addItem> 0.0010136793458408876
<804,nurse4-1,HR4-9,addItem> 1.4623970739728752E-4
<805,patient0-5,noteItem0-5,read> 0.002431978384410256
<806,doctor3-0,HR0-0,addItem> 0.0010283195169256965
<807,agent6-1,noteItem6-2,read> 0.0034876799668773825
<808,nurse4-1,HR4-2,addItem> 1.5307927998130092E-4
<809,agent3-0,noteItem3-7,read> 0.0030010816371339464
<810,doctor7-0,HR7-3,addItem> 4.79286003400305E-4
<811,nurse4-3,nursingItem4-8,read> 0.0010353321940952014
<812,nurse4-1,HR4-3,addItem> 1.5150091707729783E-4
<813,nurse7-0,nursingItem7-4,read> 2.197259417683878E-4
<814,nurse4-1,HR4-4,addItem> 1.5255315901329988E-4
<815,nurse5-0,nursingItem5-9,read> 0.0018012619505539857
<816,nurse4-1,HR4-5,addItem> 1.4939643320529368E-4
<817,doctor5-1,HRitem8-3-1,read> 7.72216759073309E-5
<818,patient5-7,noteItem5-7,read> 0.006091483718942376
<819,nurse6-2,HR6-4,addItem> 4.874179740055877E-5
<820,patient5-0,HR5-0,addNote> 0.0020284915620633376
<821,nurse6-2,HR6-3,addItem> 4.821745713269081E-5
<822,nurse6-2,HR6-6,addItem> 4.7168776596954895E-5
<823,nurse6-2,HR6-5,addItem> 4.612009606121898E-5
<824,patient3-9,noteItem3-9,read> 0.0059828930561966155
<825,nurse6-2,HR6-8,addItem> 4.507141552548308E-5
<826,nurse6-2,HR6-7,addItem> 4.4022734989747164E-5
<827,nurse6-2,HR6-9,addItem> 5.031481820416264E-5
<828,nurse5-1,HR5-3,addItem> 1.944426056553776E-4
<829,nurse5-1,HR5-2,addItem> 1.9496395774293524E-4
<830,agent3-11,noteItem3-2,read> 0.0029550644414590792
<831,nurse5-1,HR5-5,addItem> 1.9339990148026213E-4
<832,nurse5-1,HR5-4,addItem> 1.9392125356781985E-4
<833,nurse5-1,HR5-7,addItem> 1.975707181807238E-4
<834,nurse2-0,nursingItem2-4,read> 0.0012676859184512902
<835,nurse6-2,HR6-0,addItem> 4.1401033650407383E-5
<836,nurse5-1,HR5-6,addItem> 1.9861342235583926E-4
<837,nurse5-1,HR5-9,addItem> 1.9548530983049296E-4
<838,nurse6-2,HR6-2,addItem> 4.979047793629468E-5
<839,nurse5-1,HR5-8,addItem> 1.9652801400560843E-4
<840,nurse6-2,HR6-1,addItem> 4.9266137668426727E-5
<841,nurse5-0,nursingItem5-6,read> 0.001034969464594205
<842,nurse1-3,nursingItem1-2,read> 0.0010657429612613246
<843,doctor7-0,HRitem6-8-0,read> 3.7298007537277787E-4
<844,patient0-9,noteItem0-9,read> 0.0023885421193119514
<845,nurse6-3,HR6-7,addItem> 4.4270750398140105E-5
<846,nurse6-3,HR6-6,addItem> 4.7434516183416614E-5
<847,nurse6-3,HR6-5,addItem> 4.637992758832444E-5
<848,patient0-0,HR0-0,addNote> 0.0014690278813224236
<849,nurse6-3,HR6-4,addItem> 4.9016399076054876E-5
<850,nurse5-2,HR5-1,addItem> 2.039597998624244E-4
<851,nurse6-3,HR6-9,addItem> 5.059828196869314E-5
<852,doctor7-1,HR1-9,addItem> 5.205386643675889E-4
<853,nurse5-2,HR5-0,addItem> 2.0343542544392433E-4
<854,nurse6-3,HR6-8,addItem> 4.532533899323228E-5
<855,nurse5-2,HR5-6,addItem> 1.997648045144238E-4
<856,nurse0-1,nursingItem0-5,read> 0.0010747376956039187
<857,nurse5-2,HR5-5,addItem> 1.9452106032942306E-4
<858,nurse5-2,HR5-3,addItem> 1.9556980916642325E-4
<859,nurse6-3,HR6-3,addItem> 4.848910477850879E-5
<860,nurse6-3,HR6-2,addItem> 5.0070987671147044E-5
<861,patient2-3,HR2-3,addNote> 0.0022010364355628718
<862,nurse5-2,HR5-8,addItem> 1.9766730684042354E-4
<863,nurse6-3,HR6-1,addItem> 4.954369337360096E-5
<864,nurse5-2,HR5-7,addItem> 1.9871605567742365E-4
<865,nurse6-3,HR6-0,addItem> 4.163427891040969E-5
<866,doctor0-1,HRitem4-6-0,read> 7.460220767085929E-4
<867,doctor7-0,HRitem7-3-1,read> 1.3221193108432354E-4
<868,agent9-0,HR9-5,addNote> 0.0017645098100849005
<869,patient1-2,noteItem1-2,read> 0.002019333865976367
<870,doctor9-0,HRitem9-5-3,read> 0.0010536702610771734
<871,patient1-1,noteItem1-1,read> 0.002051911064800095
<872,doctor9-1,HRitem2-9-2,read> 1.3866929417355128E-4
<873,doctor7-0,HRitem7-7-1,read> 1.5153283155191555E-4
<874,patient0-4,noteItem0-4,read> 0.00242111931813568
<875,doctor7-1,HRitem7-3-3,read> 1.262670386327568E-4
<876,agent9-01,noteItem9-5agent9-0,read> 6.182835172321745E-4
<877,agent0-01,HR0-6,addNote> 9.871521959327505E-4
<878,patient5-7,noteItem5-7agent5-1,read> 0.0024636931139269884
<879,doctor2-1,HRitem2-4-0,read> 5.078877002271073E-4
<880,nurse4-1,nursingItem4-7,read> 0.0010563956881902339
<881,nurse4-1,nursingItem4-9,read> 0.0010534610858965172
<882,nurse2-0,nursingItem2-0,read> 0.001257461786033301
<883,nurse4-1,nursingItem4-3,read> 0.0010299842675467836
<884,patient9-0,HR9-0,addNote> 0.0018611753210940924
<885,doctor9-1,HRitem9-3-2,read> 0.0010343493606095814
<886,nurse4-1,nursingItem4-5,read> 0.0010255823641062084
<887,nurse2-2,nursingItem2-0,read> 7.161916737408048E-4
<888,patient7-7,HR7-7,addNote> 0.0017670599355488917
<889,nurse4-1,nursingItem4-6,read> 0.0010578629893370924
<890,nurse4-1,nursingItem4-1,read> 0.0010167785572250583
<891,nurse5-1,nursingItem5-9,read> 0.0010366422683840588
<892,nurse4-1,nursingItem4-2,read> 0.001028516966399925
<893,patient6-3,HR6-3,addNote> 4.808163330978182E-4
<894,agent8-11,HR8-3,addNote> 8.640063895169821E-4
<895,patient7-2,noteItem7-2,read> 0.0023342467879390715
<896,nurse1-0,nursingItem1-9,read> 0.0010850758225876536
<897,nurse4-0,nursingItem4-9,read> 0.0018360177150061564
<898,patient5-9,noteItem5-9,read> 0.0060697655863932234
<899,nurse4-0,nursingItem4-6,read> 0.0010644132245651856
<900,agent5-01,noteItem5-0agent5-0,read> 2.476357264350427E-4
<901,nurse4-0,nursingItem4-4,read> 0.0010289799460961604
<902,patient7-6,HR7-6,addNote> 0.0017722885680791808
<903,nurse4-0,nursingItem4-5,read> 0.0017874294683551898
<904,nurse4-0,nursingItem4-1,read> 0.0017720858115180425
<905,patient6-4,HR6-4,addNote> 4.8604496562810713E-4
<906,nurse4-3,nursingItem4-5,read> 0.0010065312985190961
<907,nurse4-3,nursingItem4-7,read> 0.0018149676681969028
<908,patient7-9,HR7-9,addNote> 0.0017775172006094695
<909,nurse4-3,nursingItem4-9,read> 0.0010338921493163959
<910,agent5-11,noteItem5-7,read> 0.002984455502003882
<911,doctor2-0,HR1-2,addItem> 2.4950657718826884E-4
<912,doctor8-1,HR2-9,addItem> 4.5546484939888216E-4
<913,doctor1-0,HRitem1-8-2,read> 8.738372644172784E-4
<914,nurse5-1,nursingItem5-3,read> 0.0010221022564378152
<915,nurse4-3,nursingItem4-2,read> 0.0010094113880767066
<916,nurse4-3,nursingItem4-3,read> 0.001010851432855512
<917,doctor2-0,HR1-7,addItem> 2.354154125191402E-4
<918,nurse4-2,nursingItem4-8,read> 0.0010418642584112596
<919,doctor2-0,HR1-6,addItem> 2.3600254438035394E-4
<920,doctor5-0,HR9-1,addItem> 8.839264793906749E-4
<921,doctor2-0,HR1-8,addItem> 2.3893820368642242E-4
<922,doctor0-0,HRitem1-2-0,read> 9.050479497880041E-4
<923,patient6-5,HR6-5,addNote> 4.5990180297666257E-4
<924,nurse9-3,nursingItem9-0,read> 9.52701205973184E-4
<925,nurse9-3,nursingItem9-2,read> 9.112146240200252E-4
<926,nurse9-3,nursingItem9-1,read> 9.069229086455606E-4
<927,nurse9-3,nursingItem9-3,read> 8.983394778966313E-4
<928,doctor9-1,HRitem1-3-2,read> 0.0010328631374966898
<929,nurse9-3,nursingItem9-8,read> 9.169369111859784E-4
<930,nurse9-3,nursingItem9-7,read> 9.155063393944901E-4
<931,doctor0-1,HR0-7,addItem> 5.384147395462934E-4
<932,nurse4-2,nursingItem4-6,read> 0.0018240388377404498
<933,patient5-8,HR5-8,addNote> 0.00197097660423016
<934,patient4-0,HR4-0,addNote> 0.0015422287367464682

