<0,patient5-8,noteItem5-8,read> 0.00436910896549757
<1,nurse1-2,nursingItem1-3,read> 7.943890917271848E-4
<2,agent5-11,noteItem5-5agent5-1,read> 0.0012145691980593048
<3,patient5-6,HR5-6,addNote> 0.0014635277107755535
<4,patient1-0,noteItem1-0,read> 0.0017737904518218802
<5,nurse1-2,HR1-5,addItem> 1.6261722190882461E-4
<6,patient6-1,noteItem6-1,read> 0.004392350623828994
<7,patient1-5,noteItem1-5,read> 0.0015026377712885992
<8,patient9-7,HR9-7,addNote> 0.001335406350442378
<9,doctor5-1,HRitem8-6-0,read> 5.718397408220638E-4
<10,patient1-2,noteItem1-2agent1-0,read> 0.0017384596136162769
<11,doctor7-0,HR7-2,addItem> 5.814752242558331E-4
<12,agent9-01,noteItem9-4,read> 7.998688638694523E-4
<13,doctor8-1,HRitem8-3-2,read> 5.115194760746615E-5
<14,doctor3-0,HR5-2,addItem> 5.778771568080154E-4
<15,nurse6-1,nursingItem6-1,read> 1.7315503280457034E-4
<16,patient5-9,noteItem5-9,read> 0.004338120087722338
<17,nurse3-1,nursingItem3-3,read> 9.06487053828252E-4
<18,agent6-1,noteItem6-1,read> 0.0025117196349704776
<19,nurse4-0,nursingItem4-6,read> 7.815307460492646E-4
<20,patient1-1,HR1-1,addNote> 0.0016537685185429956
<21,doctor4-1,HRitem4-3-3,read> 6.894846815483747E-4
<22,patient6-4,noteItem6-4,read> 0.004438833940491841
<23,patient4-0,noteItem4-0,read> 0.004245153454396642
<24,nurse5-3,nursingItem5-9,read> 7.699531189558553E-4
<25,nurse4-3,nursingItem4-2,read> 7.411170332886903E-4
<26,doctor8-0,HRitem1-0-2,read> 4.3037364298924714E-4
<27,patient5-5,noteItem5-5,read> 0.004384603404385186
<28,agent8-1,HR8-3,addNote> 6.878627550000209E-4
<29,nurse2-3,HR2-0,addItem> 1.5793666694802262E-4
<30,nurse2-3,HR2-6,addItem> 1.5487705237290204E-4
<31,nurse2-3,HR2-1,addItem> 1.5831911876991271E-4
<32,nurse2-3,HR2-2,addItem> 1.5908402241369287E-4
<33,agent9-1,noteItem9-9agent9-1,read> 0.002957071914518678
<34,patient0-3,noteItem0-3,read> 0.0017273071351590322
<35,nurse4-2,nursingItem4-8,read> 7.649715225633224E-4
<36,patient9-5,noteItem9-5,read> 0.002765434540629308
<37,agent4-0,noteItem4-7agent4-0,read> 0.002204627074414939
<38,patient4-4,noteItem4-4,read> 0.004283889551615682
<39,patient3-0,noteItem3-0,read> 0.004229659015509026
<40,patient8-1,noteItem8-1,read> 0.001975218157360889
<41,nurse2-0,nursingItem2-2,read> 9.289526799950205E-4
<42,agent0-0,noteItem0-6agent0-0,read> 0.003269614955212346
<43,patient2-1,noteItem2-1agent2-0,read> 0.0034076590425927322
<44,patient8-7,noteItem8-7,read> 0.002021701474023737
<45,nurse5-1,nursingItem5-3,read> 7.50437809553436E-4
<46,agent3-1,noteItem3-0agent3-1,read> 0.0022750588360986763
<47,agent9-0,noteItem9-4agent9-0,read> 0.0032582435945961333
<48,patient8-3,noteItem8-3agent8-1,read> 0.0032685590901780277
<49,nurse2-3,HR2-3,addItem> 1.5946647423558294E-4
<50,patient5-7,noteItem5-7,read> 0.004353614526609954
<51,nurse2-3,HR2-8,addItem> 1.556419560166822E-4
<52,nurse9-3,nursingItem9-1,read> 6.668205598760767E-4
<53,doctor9-1,HRitem9-4-2,read> 6.655199714004225E-4
<54,nurse2-3,nursingItem2-2,read> 5.227549455230622E-4
<55,patient1-4,noteItem1-4,read> 0.0013476933824124386
<56,patient4-9,HR4-9,addNote> 0.001067516233382102
<57,nurse2-3,HR2-9,addItem> 1.571717633042425E-4
<58,nurse2-3,HR2-4,addItem> 1.602313778793631E-4
<59,patient9-6,noteItem9-6,read> 0.0027499401017416917
<60,nurse1-3,nursingItem1-9,read> 7.594011205852367E-4
<61,patient6-2,noteItem6-2,read> 0.004345867307166146
<62,nurse2-3,HR2-5,addItem> 1.5525950419479213E-4
<63,doctor6-0,HRitem9-8-0,read> 5.598573857480879E-4
<64,nurse2-3,HR2-7,addItem> 1.5602440783857226E-4
<65,patient5-5,HR5-5,addNote> 0.0014247030561291365
<66,patient5-7,HR5-7,addNote> 0.00145576277984627
<67,nurse1-1,nursingItem1-4,read> 0.0013939953874237349
<68,patient5-0,noteItem5-0,read> 0.004477570037710882
<69,patient2-0,HR2-0,addNote> 0.001603296467502654
<70,doctor1-1,HRitem7-6-1,read> 3.9319371971914747E-4
<71,patient0-9,noteItem0-9,read> 0.001665329379608568
<72,nurse4-0,nursingItem4-0,read> 0.0012955651290543486
<73,agent9-0,noteItem9-4,read> 0.001933955234238347
<74,agent7-1,HR7-4,addNote> 0.001132611091111165
<75,nurse8-1,nursingItem8-3,read> 0.0012976800229428345
<76,doctor6-1,HR9-1,addItem> 5.501250036110966E-4
<77,doctor3-1,HR3-2,addItem> 5.927646186499863E-4
<78,patient2-5,noteItem2-5,read> 0.0015723627462828713
<79,nurse8-1,nursingItem8-8,read> 0.0012758855369032068
<80,patient1-6,noteItem1-6,read> 0.0014793961129571749
<81,nurse0-3,nursingItem0-6,read> 7.843837142993869E-4
<82,doctor2-0,HRitem1-1-2,read> 5.751076558422393E-4
<83,agent7-0,noteItem7-5agent7-0,read> 0.0038614805008325126
<84,agent1-1,noteItem1-4agent1-1,read> 0.0014788147541478457
<85,doctor7-0,HRitem4-0-3,read> 4.650878501630041E-4
<86,agent3-11,noteItem3-0,read> 0.002113484442339979
<87,nurse9-2,nursingItem9-3,read> 6.73273009827032E-4
<88,patient6-1,noteItem6-1agent6-1,read> 0.00303208917107303
<89,nurse8-1,nursingItem8-4,read> 7.752404528039168E-4
<90,nurse2-2,HR2-1,addItem> 1.6045136279374992E-4
<91,patient0-2,noteItem0-2,read> 0.0017118126962714158
<92,patient5-1,noteItem5-1,read> 0.0044465811599356505
<93,nurse2-2,HR2-2,addItem> 1.6122656817010625E-4
<94,doctor6-1,HR9-2,addItem> 5.53233420347216E-4
<95,patient3-1,noteItem3-1,read> 0.004221911796065217
<96,doctor9-1,HRitem3-4-0,read> 6.034295860170918E-4
<97,doctor3-0,HR3-8,addItem> 3.9265826391644994E-4
<98,nurse2-2,HR2-0,addItem> 1.6006376010557175E-4
<99,patient7-8,HR7-8,addNote> 0.001308229092189886
<100,patient0-3,HR0-3,addNote> 0.001102458422563877
<101,agent8-01,HR8-1,addNote> 6.73944544505806E-4
<102,patient1-6,HR1-6,addNote> 0.0015450594855330288
<103,agent7-0,noteItem7-5,read> 9.81909667375178E-4
<104,nurse2-2,HR2-9,addItem> 1.5928855472921544E-4
<105,nurse1-1,nursingItem1-8,read> 7.957946510949599E-4
<106,nurse2-2,HR2-7,addItem> 1.5812574666468097E-4
<107,nurse2-2,HR2-8,addItem> 1.577381439765028E-4
<108,nurse2-2,HR2-5,addItem> 1.5735054128832466E-4
<109,doctor3-1,HR0-2,addItem> 4.695592762379862E-4
<110,nurse2-2,HR2-6,addItem> 1.569629386001465E-4
<111,patient0-5,noteItem0-5,read> 0.0016963182573837999
<112,patient9-0,noteItem9-0,read> 0.0026957095656350363
<113,patient8-2,HR8-2,addNote> 0.0010519863715235352
<114,nurse9-0,nursingItem9-0,read> 7.33216261402513E-4
<115,nurse2-2,HR2-3,addItem> 1.616141708582844E-4
<116,nurse5-0,nursingItem5-9,read> 0.0013207450313693272
<117,nurse2-2,HR2-4,addItem> 1.6238937623464073E-4
<118,patient7-7,noteItem7-7,read> 0.0014639016740695592
<119,patient8-6,noteItem8-6,read> 0.002006207035136121
<120,patient3-6,noteItem3-6,read> 0.004152186821070945
<121,nurse1-0,nursingItem1-8,read> 8.176721672762645E-4
<122,doctor7-0,HR4-2,addItem> 3.2012640144193867E-4
<123,doctor7-0,HR4-3,addItem> 3.16791268913532E-4
<124,doctor2-0,HR1-0,addItem> 3.198879793558391E-4
<125,patient0-6,noteItem0-6agent0-0,read> 0.004930803521533749
<126,patient1-3,noteItem1-3,read> 0.0013786822601876705
<127,doctor7-0,HR4-6,addItem> 3.145678472279273E-4
<128,nurse2-0,nursingItem2-6,read> 9.364600002475269E-4
<129,agent6-01,HR6-0,addNote> 1.7885797173721027E-4
<130,nurse2-1,nursingItem2-3,read> 5.32238155438352E-4
<131,patient5-0,HR5-0,addNote> 0.001490704969028045
<132,nurse6-2,nursingItem6-3,read> 1.7628646239300203E-4
<133,doctor1-1,HRitem1-4-2,read> 6.361087362188447E-4
<134,nurse9-2,nursingItem9-6,read> 6.893554385668457E-4
<135,nurse1-1,nursingItem1-7,read> 7.979426656736337E-4
<136,nurse6-2,nursingItem6-2,read> 1.752112717710371E-4
<137,nurse1-0,nursingItem1-0,read> 8.055333013840678E-4
<138,agent2-11,noteItem2-9,read> 8.106330394276657E-4
<139,nurse6-2,nursingItem6-1,read> 1.7413608114907214E-4
<140,doctor1-0,HRitem1-1-0,read> 2.119640059239425E-4
<141,nurse2-3,nursingItem2-4,read> 9.185685013462777E-4
<142,patient1-8,noteItem1-8,read> 0.001448407235181943
<143,agent2-01,noteItem2-1,read> 9.064547115199487E-4
<144,patient5-4,HR5-4,addNote> 0.0014285855215937784
<145,agent1-01,noteItem1-2agent1-0,read> 0.0011444797079447283
<146,doctor7-0,HR4-9,addItem> 3.056741604855091E-4
<147,nurse6-2,nursingItem6-0,read> 1.7306089052710722E-4
<148,nurse6-2,nursingItem6-7,read> 2.5015545878318094E-4
<149,doctor9-1,HR9-6,addItem> 1.979620626577237E-4
<150,nurse6-2,nursingItem6-6,read> 1.4618112497798364E-4
<151,doctor6-1,HR9-0,addItem> 5.470165868749775E-4
<152,patient2-6,noteItem2-6,read> 0.0015491210879514472
<153,agent6-1,noteItem6-1agent6-1,read> 0.002276743570737721
<154,nurse6-2,nursingItem6-5,read> 2.4081839655799213E-4
<155,nurse6-2,nursingItem6-4,read> 1.4188036249012387E-4
<156,doctor7-0,HR4-0,addItem> 3.245732448131478E-4
<157,agent0-1,noteItem0-0agent0-1,read> 0.0021354116346654086
<158,nurse8-0,HR8-2,addItem> 1.160255322202609E-4
<159,patient8-7,HR8-7,addNote> 9.976318550185517E-4
<160,nurse6-2,nursingItem6-9,read> 1.4833150622191354E-4
<161,doctor8-1,HRitem4-5-1,read> 4.825167302706057E-4
<162,patient9-9,noteItem9-9,read> 0.002827412296179772
<163,nurse1-2,nursingItem1-8,read> 7.848558930043074E-4
<164,doctor5-0,HRitem5-5-1,read> 7.402735274869324E-5
<165,patient3-9,noteItem3-9,read> 0.0042761423321718735
<166,patient4-3,noteItem4-3,read> 0.004307131209947105
<167,agent0-01,noteItem0-6agent0-0,read> 0.0028145372522214392
<168,nurse8-0,nursingItem8-9,read> 7.626679407102202E-4
<169,nurse8-1,nursingItem8-2,read> 7.776186429831581E-4
<170,nurse0-1,nursingItem0-4,read> 7.923724734357698E-4
<171,nurse6-2,nursingItem6-8,read> 1.5048188746584343E-4
<172,nurse8-1,HR8-5,addItem> 1.1451896465631894E-4
<173,nurse8-1,HR8-4,addItem> 1.1193542542546981E-4
<174,nurse8-1,HR8-3,addItem> 1.1279660516908617E-4
<175,nurse8-1,HR8-2,addItem> 1.1667191401535985E-4
<176,patient7-5,noteItem7-5agent7-0,read> 0.004360493716633458
<177,nurse8-1,HR8-9,addItem> 1.1107424568185344E-4
<178,agent3-01,HR3-8,addNote> 9.895584159698247E-4
<179,doctor3-1,HR0-3,addItem> 4.831717450644535E-4
<180,nurse8-1,HR8-8,addItem> 1.1021306593823706E-4
<181,patient3-3,noteItem3-3,read> 0.004198670137733794
<182,nurse8-1,HR8-7,addItem> 1.1064365581004524E-4
<183,patient5-4,noteItem5-4,read> 0.0044310867210480345
<184,nurse2-1,HR2-0,addItem> 1.6112730668434633E-4
<185,patient0-1,noteItem0-1,read> 0.0015258794296200233
<186,nurse7-2,nursingItem7-8,read> 1.5084155230999294E-4
<187,doctor6-1,HR6-6,addItem> 5.090687501218732E-5
<188,nurse2-0,nursingItem2-4,read> 5.390051032967202E-4
<189,nurse8-1,HR8-6,addItem> 1.1365778491270254E-4
<190,nurse2-1,HR2-1,addItem> 1.6151748480566853E-4
<191,nurse9-0,nursingItem9-8,read> 0.0012145338423682067
<192,agent3-0,noteItem3-8agent3-0,read> 0.0011513894949301423
<193,nurse2-1,HR2-2,addItem> 1.6229784104831294E-4
<194,nurse2-2,nursingItem2-1,read> 5.265842645607601E-4
<195,doctor3-1,HR3-0,addItem> 5.991050535681367E-4
<196,nurse2-1,HR2-3,addItem> 1.6268801916963512E-4
<197,nurse2-1,HR2-4,addItem> 1.6346837541227955E-4
<198,nurse3-1,nursingItem3-4,read> 5.212154946471214E-4
<199,nurse2-1,HR2-5,addItem> 1.5839605983509098E-4
<200,nurse8-1,HR8-1,addItem> 1.1753309375897622E-4
<201,nurse8-3,HR8-9,addItem> 8.892093352369984E-5
<202,nurse2-1,HR2-6,addItem> 1.5800588171376874E-4
<203,nurse1-0,nursingItem1-1,read> 8.231898335908991E-4
<204,nurse8-1,HR8-0,addItem> 1.153801443999353E-4
<205,nurse2-1,HR2-7,addItem> 1.5917641607773533E-4
<206,nurse2-1,HR2-8,addItem> 1.5878623795641315E-4
<207,patient2-3,noteItem2-3,read> 0.0016110988435019114
<208,nurse2-1,HR2-9,addItem> 1.6034695044170194E-4
<209,patient3-4,HR3-4,addNote> 0.0014829400380987619
<210,nurse6-3,nursingItem6-0,read> 3.0155058573174705E-4
<211,nurse3-0,nursingItem3-7,read> 9.456320344576662E-4
<212,doctor3-1,HR3-3,addItem> 5.895944011909113E-4
<213,nurse2-0,HR2-9,addItem> 1.6140534615418842E-4
<214,nurse6-3,nursingItem6-2,read> 1.7619837752749366E-4
<215,patient7-4,HR7-4,addNote> 0.0012926992303313194
<216,nurse6-3,nursingItem6-1,read> 3.034240555887395E-4
<217,nurse9-0,nursingItem9-3,read> 6.92418213897943E-4
<218,nurse3-0,nursingItem3-1,read> 9.050753197964976E-4
<219,nurse8-3,nursingItem8-1,read> 0.0011458382611057689
<220,nurse0-0,nursingItem0-6,read> 7.894606315440432E-4
<221,nurse6-3,nursingItem6-4,read> 2.472199598789653E-4
<222,nurse6-3,nursingItem6-3,read> 3.071709953027245E-4
<223,nurse8-0,HR8-9,addItem> 1.1045887589968249E-4
<224,nurse6-3,nursingItem6-6,read> 1.4700468061166244E-4
<225,patient0-0,noteItem0-0agent0-1,read> 0.0031920541163499403
<226,doctor8-0,HRitem6-9-3,read> 4.8578464529078094E-4
<227,nurse6-3,nursingItem6-5,read> 1.394359443742247E-4
<228,doctor4-1,HR4-7,addItem> 1.423660051116316E-4
<229,nurse6-3,nursingItem6-8,read> 2.6220771873490507E-4
<230,nurse6-3,nursingItem6-7,read> 1.4484218454382307E-4
<231,doctor3-1,HR5-8,addItem> 5.929966600534012E-4
<232,nurse6-3,nursingItem6-9,read> 2.584607790209201E-4
<233,agent9-01,noteItem9-4agent9-0,read> 0.0011781993344447696
<234,nurse9-1,nursingItem9-0,read> 0.001232979750258043
<235,agent7-01,noteItem7-5agent7-0,read> 0.0015189625356209775
<236,doctor8-0,HR1-7,addItem> 3.054635028984465E-4
<237,nurse8-0,HR8-1,addItem> 1.1688194088496527E-4
<238,doctor1-0,HRitem1-2-3,read> 2.4128467533128902E-4
<239,doctor9-0,HR3-9,addItem> 2.2021201679065644E-4
<240,nurse8-0,HR8-4,addItem> 1.1131528456438687E-4
<241,patient7-9,HR7-9,addNote> 0.0013043466267252447
<242,nurse8-0,HR8-3,addItem> 1.1217169322909122E-4
<243,nurse8-0,HR8-6,addItem> 1.1302810189379558E-4
<244,agent8-1,noteItem8-3agent8-1,read> 0.002276863910828711
<245,nurse3-3,HR3-1,addItem> 1.4837173558032956E-4
<246,agent2-0,noteItem2-1agent2-0,read> 0.0020994600703560648
<247,patient0-0,noteItem0-0,read> 0.0015568683073952552
<248,doctor8-0,HRitem1-1-0,read> 3.707687849653724E-4
<249,agent1-11,HR1-4,addNote> 0.001104715022400491
<250,agent2-01,noteItem2-1agent2-0,read> 0.002105273741410839
<251,nurse8-0,HR8-5,addItem> 1.1388451055849997E-4
<252,nurse2-0,HR2-0,addItem> 1.6219085326312088E-4
<253,nurse3-3,HR3-0,addItem> 1.4916103440642463E-4
<254,doctor9-1,HRitem2-8-0,read> 4.727129852100797E-4
<255,nurse8-0,HR8-8,addItem> 1.0960246723497812E-4
<256,doctor0-0,HRitem0-4-3,read> 5.729290458287889E-4
<257,nurse4-0,nursingItem4-2,read> 7.598203022675847E-4
<258,agent6-01,noteItem6-0,read> 0.002080505430632143
<259,patient1-7,HR1-7,addNote> 0.0015411770200683868
<260,patient9-5,HR9-5,addNote> 0.0014091731942705696
<261,nurse3-3,HR3-3,addItem> 1.4679313792813944E-4
<262,nurse8-0,HR8-7,addItem> 1.1003067156733031E-4
<263,nurse3-3,HR3-2,addItem> 1.475824367542345E-4
<264,agent1-11,noteItem1-4agent1-1,read> 0.0013099188965001755
<265,patient9-3,noteItem9-3,read> 0.002734445662854076
<266,nurse2-0,HR2-3,addItem> 1.6376186748098584E-4
<267,agent9-11,noteItem9-9,read> 7.958475913941315E-4
<268,nurse3-3,HR3-5,addItem> 1.511342814716623E-4
<269,nurse2-0,HR2-4,addItem> 1.6454737458991835E-4
<270,patient9-9,noteItem9-9agent9-1,read> 0.0032129191092121457
<271,nurse9-0,nursingItem9-4,read> 6.957261636956108E-4
<272,nurse3-3,HR3-4,addItem> 1.5073963205861478E-4
<273,doctor9-0,HRitem3-3-2,read> 7.069135616559762E-4
<274,nurse5-2,nursingItem5-7,read> 0.0013333046738963261
<275,doctor8-0,HR1-0,addItem> 3.2700978965689674E-4
<276,doctor3-1,HR0-0,addItem> 4.72962393444603E-4
<277,nurse7-2,HR7-5,addItem> 1.2683593559005403E-4
<278,agent0-1,noteItem0-0,read> 7.758023523548152E-4
<279,nurse2-0,HR2-1,addItem> 1.6258360681758714E-4
<280,patient7-7,HR7-7,addNote> 0.001296581695795961
<281,nurse8-1,nursingItem8-7,read> 7.728622626246757E-4
<282,nurse3-3,HR3-7,addItem> 1.5034498264556725E-4
<283,nurse5-3,nursingItem5-8,read> 0.0013358557276817048
<284,patient6-6,noteItem6-6,read> 0.00440784506271661
<285,nurse4-2,nursingItem4-3,read> 7.468583323128534E-4
<286,agent9-01,HR9-4,addNote> 5.315589195495096E-4
<287,doctor8-0,HR1-1,addItem> 3.2777929989826995E-4
<288,patient4-8,noteItem4-8,read> 0.0041754284794023695
<289,nurse9-1,nursingItem9-5,read> 6.81759264549902E-4
<290,patient0-6,noteItem0-6,read> 0.001673076599052376
<291,nurse2-0,HR2-2,addItem> 1.6336911392651963E-4
<292,nurse3-3,HR3-6,addItem> 1.4955568381947216E-4
<293,agent2-11,noteItem2-9agent2-1,read> 0.00138073311490968
<294,doctor8-0,HR1-2,addItem> 3.2393174869140386E-4
<295,nurse3-3,HR3-9,addItem> 1.5271287912385246E-4
<296,nurse2-0,HR2-7,addItem> 1.602270854907897E-4
<297,doctor3-0,HR5-5,addItem> 5.731911386426615E-4
<298,nurse3-3,HR3-8,addItem> 1.5231822971080493E-4
<299,nurse2-0,HR2-8,addItem> 1.5983433193632345E-4
<300,nurse8-0,HR8-0,addItem> 1.1474091922320432E-4
<301,nurse3-1,nursingItem3-6,read> 5.23369463114023E-4
<302,nurse2-0,HR2-5,addItem> 1.5944157838185724E-4
<303,nurse7-2,nursingItem7-6,read> 2.770278208384215E-4
<304,agent9-1,HR9-9,addNote> 0.0012609398652488567
<305,nurse2-0,HR2-6,addItem> 1.5904882482739097E-4
<306,doctor8-0,HRitem8-8-0,read> 3.4526429942324306E-4
<307,patient1-9,noteItem1-9,read> 0.0015956044046142952
<308,agent4-1,noteItem4-1,read> 0.0021768563603190402
<309,nurse3-3,nursingItem3-9,read> 5.623139631338757E-4
<310,nurse8-3,HR8-2,addItem> 9.340216939179777E-5
<311,nurse8-3,HR8-3,addItem> 9.029977532926842E-5
<312,doctor7-0,HRitem4-9-3,read> 8.600970782266934E-5
<313,nurse0-0,HR0-7,addItem> 1.1410696459770895E-4
<314,nurse3-1,HR3-9,addItem> 1.5091095724628487E-4
<315,nurse1-2,nursingItem1-0,read> 7.73204205676346E-4
<316,nurse8-3,HR8-0,addItem> 9.236803803762132E-5
<317,nurse8-3,HR8-1,addItem> 9.409159029458207E-5
<318,nurse8-3,HR8-8,addItem> 8.823151262091554E-5
<319,nurse8-2,nursingItem8-5,read> 0.0011474647318965043
<320,nurse5-1,HR5-9,addItem> 1.436070395103346E-4
<321,doctor4-0,HRitem2-6-1,read> 6.557162263398965E-4
<322,nurse4-1,nursingItem4-2,read> 0.001309666751931193
<323,patient2-8,HR2-8,addNote> 0.001580001674714804
<324,nurse8-1,nursingItem8-0,read> 0.0013056052905936085
<325,patient9-8,noteItem9-8,read> 0.0027809289795169235
<326,nurse5-0,nursingItem5-5,read> 0.0013281653815192338
<327,nurse8-0,nursingItem8-5,read> 7.72127999151745E-4
<328,nurse8-3,HR8-6,addItem> 9.098919623205272E-5
<329,nurse2-2,nursingItem2-8,read> 9.330878435048365E-4
<330,nurse8-3,HR8-7,addItem> 8.85762230723077E-5
<331,nurse8-2,nursingItem8-8,read> 6.214908969015981E-4
<332,nurse8-3,HR8-4,addItem> 8.961035442648414E-5
<333,nurse8-3,HR8-5,addItem> 9.167861713483705E-5
<334,patient1-4,noteItem1-4agent1-1,read> 0.002260084435171419
<335,nurse3-2,nursingItem3-8,read> 9.592521787724132E-4
<336,patient4-1,noteItem4-1,read> 0.004237406234952833
<337,nurse5-0,nursingItem5-2,read> 0.001309614506144467
<338,agent0-11,HR0-0,addNote> 7.076311512501431E-4
<339,agent4-0,noteItem4-7,read> 0.002181331885346415
<340,patient5-3,noteItem5-3agent5-0,read> 8.412649205414322E-4
<341,nurse4-2,nursingItem4-0,read> 7.351380327390202E-4
<342,doctor4-1,HRitem4-8-1,read> 1.403655549282427E-4
<343,nurse8-2,HR8-0,addItem> 9.364648839108321E-5
<344,nurse8-2,HR8-1,addItem> 9.539389604260398E-5
<345,nurse8-2,HR8-2,addItem> 9.469493298199567E-5
<346,patient3-2,noteItem3-2,read> 0.004214164576621409
<347,nurse8-2,HR8-7,addItem> 8.980219155773755E-5
<348,nurse1-1,nursingItem1-1,read> 8.011646875416444E-4
<349,nurse8-2,HR8-8,addItem> 8.945271002743341E-5
<350,agent4-01,noteItem4-7,read> 0.002032515706453841
<351,patient3-2,HR3-2,addNote> 0.0014518803143816282
<352,nurse8-2,HR8-9,addItem> 9.01516730880417E-5
<353,agent4-11,HR4-1,addNote> 7.157452820009477E-4
<354,nurse8-2,HR8-3,addItem> 9.154959920925829E-5
<355,nurse8-2,HR8-4,addItem> 9.085063614865E-5
<356,patient3-5,noteItem3-5,read> 0.004167681259958561
<357,nurse5-2,nursingItem5-8,read> 7.66616040815126E-4
<358,nurse8-2,HR8-5,addItem> 9.294752533047494E-5
<359,doctor4-1,HR4-4,addItem> 1.4750634529920364E-4
<360,nurse8-2,HR8-6,addItem> 9.22485622698666E-5
<361,patient1-7,noteItem1-7,read> 0.001471648893513367
<362,doctor2-0,HR2-8,addItem> 4.4587481815250215E-4
<363,patient5-8,HR5-8,addNote> 0.0014479978489169867
<364,doctor2-0,HR2-4,addItem> 4.590223504170584E-4
<365,nurse9-1,nursingItem9-2,read> 6.764492683309114E-4
<366,doctor2-1,HRitem6-0-0,read> 2.7010225395921123E-4
<367,doctor2-0,HR2-0,addItem> 4.5244858428478027E-4
<368,patient2-3,HR2-3,addNote> 0.0016188263293612204
<369,doctor2-0,HR2-2,addItem> 4.557354673509193E-4
<370,doctor2-0,HR2-1,addItem> 4.535442119734933E-4
<371,patient5-9,HR5-9,addNote> 0.0014402329179877033
<372,nurse0-3,nursingItem0-3,read> 7.769027909952543E-4
<373,doctor2-1,HR2-9,addItem> 3.709194554329867E-4
<374,nurse5-2,nursingItem5-0,read> 7.601644769160333E-4
<375,doctor2-1,HR2-7,addItem> 3.682117396476095E-4
<376,doctor2-1,HR2-6,addItem> 3.6550402386223234E-4
<377,doctor2-1,HR2-5,addItem> 3.6640659579069147E-4
<378,nurse9-1,nursingItem9-6,read> 0.0011921868867868825
<379,nurse1-0,nursingItem1-7,read> 0.0014084670391025806
<380,doctor2-1,HR2-3,addItem> 3.7633488700374094E-4
<381,nurse9-2,HR9-9,addItem> 1.347053746836303E-4
<382,nurse1-3,nursingItem1-7,read> 7.814902395772702E-4
<383,nurse1-3,nursingItem1-8,read> 0.001366389875613298
<384,patient4-2,HR4-2,addNote> 0.0011179882844224436
<385,nurse9-2,HR9-7,addItem> 1.3354063504423782E-4
<386,nurse1-3,nursingItem1-5,read> 7.772827883406922E-4
<387,nurse9-2,HR9-8,addItem> 1.3431712813716614E-4
<388,nurse1-3,nursingItem1-6,read> 7.751790627224034E-4
<389,nurse9-2,HR9-5,addItem> 1.4091731942705697E-4
<390,nurse9-2,HR9-6,addItem> 1.3276414195130946E-4
<391,nurse9-2,nursingItem9-8,read> 6.872111147348704E-4
<392,agent5-01,noteItem5-3,read> 0.002232982443228944
<393,nurse9-2,HR9-3,addItem> 1.3897608669473615E-4
<394,nurse9-2,HR9-4,addItem> 1.397525797876645E-4
<395,patient2-5,HR2-5,addNote> 0.001576119209250162
<396,patient3-0,noteItem3-0agent3-1,read> 0.0033589740592475854
<397,patient2-7,noteItem2-7,read> 0.001533626649063831
<398,nurse4-2,nursingItem4-6,read> 7.671024861222013E-4
<399,nurse9-2,HR9-1,addItem> 1.3742310050887947E-4
<400,patient6-9,noteItem6-9,read> 0.0045008116960423075
<401,doctor3-1,HR5-6,addItem> 5.993565840133081E-4
<402,patient3-8,noteItem3-8,read> 0.004299383990503297
<403,nurse9-2,HR9-2,addItem> 1.3819959360180783E-4
<404,nurse1-3,nursingItem1-0,read> 7.678160230583924E-4
<405,nurse7-3,nursingItem7-9,read> 2.7972431989107025E-4
<406,agent8-11,noteItem8-3agent8-1,read> 0.0017562335177722676
<407,doctor3-1,HR5-9,addItem> 5.898166980734477E-4
<408,agent0-11,noteItem0-0agent0-1,read> 0.0018032857831943112
<409,agent7-0,HR7-5,addNote> 0.001154353598453422
<410,nurse9-2,HR9-0,addItem> 1.3664660741595115E-4
<411,nurse1-3,nursingItem1-3,read> 7.888532792412811E-4
<412,doctor3-1,HR3-4,addItem> 6.05445488486287E-4
<413,doctor1-1,HR1-5,addItem> 4.261025416322593E-4
<414,doctor9-0,HR3-3,addItem> 2.116757482384182E-4
<415,nurse1-3,nursingItem1-4,read> 7.856976908138479E-4
<416,agent3-1,noteItem3-0,read> 0.0021393111361363943
<417,nurse9-3,HR9-3,addItem> 1.3634146893748997E-4
<418,nurse0-3,nursingItem0-0,read> 8.004142642368141E-4
<419,nurse1-3,nursingItem1-1,read> 0.001375610298774384
<420,nurse2-0,nursingItem2-8,read> 5.433435362569353E-4
<421,doctor3-1,HR3-6,addItem> 6.006901622976743E-4
<422,patient9-3,HR9-3,addNote> 0.0013897608669473612
<423,nurse1-3,nursingItem1-2,read> 7.835939651955591E-4
<424,doctor3-1,HR3-9,addItem> 6.133710321339749E-4
<425,nurse5-0,nursingItem5-8,read> 7.577789682985252E-4
<426,agent8-1,noteItem8-3,read> 0.0010899802678545154
<427,doctor3-1,HR5-3,addItem> 5.866367360934943E-4
<428,agent1-0,noteItem1-2agent1-0,read> 0.0010006175058310737
<429,nurse3-3,nursingItem3-8,read> 5.612241193871897E-4
<430,patient4-1,noteItem4-1agent4-1,read> 0.005083813469189923
<431,nurse9-1,HR9-6,addItem> 1.3150571406551507E-4
<432,nurse9-1,HR9-7,addItem> 1.3227484703433982E-4
<433,patient3-8,HR3-8,addNote> 0.0014984698999573284
<434,patient4-3,HR4-3,addNote> 0.001106340888028519
<435,patient5-5,noteItem5-5agent5-1,read> 0.0022322644446884777
<436,agent5-11,noteItem5-5,read> 0.0021416971851537766
<437,nurse9-1,HR9-8,addItem> 1.3304398000316456E-4
<438,nurse0-0,nursingItem0-0,read> 0.0013989360753251423
<439,nurse9-1,HR9-9,addItem> 1.3342854648757695E-4
<440,doctor7-1,HR7-0,addItem> 5.707521909537569E-4
<441,nurse9-1,HR9-2,addItem> 1.3688964484728832E-4
<442,agent3-01,noteItem3-8,read> 0.0021959651645081166
<443,doctor1-0,HRitem4-6-0,read> 5.478750306741117E-4
<444,agent3-0,noteItem3-8,read> 0.0021269367899852676
<445,nurse9-1,HR9-3,addItem> 1.3765877781611306E-4
<446,patient6-7,noteItem6-7,read> 0.004423339501604225
<447,nurse9-1,HR9-4,addItem> 1.3842791078493783E-4
<448,nurse9-1,HR9-5,addItem> 1.3958161023817494E-4
<449,doctor6-0,HR9-9,addItem> 9.429376227854119E-4
<450,nurse9-1,HR9-0,addItem> 1.3535137890963883E-4
<451,nurse8-3,nursingItem8-0,read> 6.272854022898463E-4
<452,nurse9-1,HR9-1,addItem> 1.3612051187846354E-4
<453,doctor8-0,HRitem8-1-2,read> 4.679472758056575E-5
<454,nurse1-2,nursingItem1-5,read> 7.827374043992232E-4
<455,patient5-2,noteItem5-2,read> 0.004462075598823266
<456,doctor1-1,HR7-5,addItem> 3.189395672528001E-4
<457,doctor6-0,HR9-7,addItem> 9.347844453096645E-4
<458,patient0-9,HR0-9,addNote> 0.0011218707498870854
<459,patient0-8,noteItem0-8,read> 0.0016575821601647598
<460,nurse9-2,nursingItem9-7,read> 6.86138952818883E-4
<461,agent4-11,noteItem4-1agent4-1,read> 0.0027847074434513546
<462,patient9-2,noteItem9-2,read> 0.002703456785078844
<463,nurse9-3,HR9-4,addItem> 1.3710324178221116E-4
<464,patient4-5,noteItem4-5,read> 0.004260647893284258
<465,doctor7-0,HR7-1,addItem> 5.762043925617101E-4
<466,doctor1-0,HRitem1-0-2,read> 2.4603937847842626E-4
<467,patient7-8,noteItem7-8,read> 0.0014406600157381348
<468,patient6-3,noteItem6-3,read> 0.0043613617460537615
<469,nurse1-0,nursingItem1-5,read> 0.0014008840187585813
<470,doctor1-0,HR4-2,addItem> 1.7178844370393644E-4
<471,doctor5-1,HR5-3,addItem> 4.1609085484739966E-4
<472,patient5-2,HR5-2,addNote> 0.0014363504525230616
<473,nurse9-3,HR9-5,addItem> 1.3824590104929285E-4
<474,nurse9-3,HR9-6,addItem> 1.3024728617972066E-4
<475,nurse8-3,nursingItem8-5,read> 6.215737931890092E-4
<476,nurse9-3,HR9-7,addItem> 1.3100905902444185E-4
<477,nurse3-0,nursingItem3-8,read> 5.413577788779087E-4
<478,nurse9-2,nursingItem9-2,read> 0.0011875347591256654
<479,nurse9-3,HR9-8,addItem> 1.31770831869163E-4
<480,nurse9-3,HR9-9,addItem> 1.3215171829152357E-4
<481,patient4-1,HR4-1,addNote> 0.0011257532153517273
<482,nurse4-1,nursingItem4-7,read> 0.0013452169655677562
<483,doctor3-0,HR3-5,addItem> 3.896061862955944E-4
<484,patient9-7,noteItem9-7,read> 0.002804170637848348
<485,nurse9-1,nursingItem9-4,read> 6.700772728681228E-4
<486,nurse9-3,HR9-0,addItem> 1.340561504033265E-4
<487,doctor3-0,HR3-1,addItem> 3.824846718469316E-4
<488,nurse5-3,nursingItem5-4,read> 7.602199958977138E-4
<489,doctor2-1,HRitem2-6-3,read> 6.524483113197212E-4
<490,nurse5-3,nursingItem5-1,read> 0.0013189926082159081
<491,doctor3-0,HR5-7,addItem> 5.856871870836053E-4
<492,patient2-6,HR2-6,addNote> 0.0015722367437855204
<493,agent6-0,noteItem6-0agent6-0,read> 5.730066040375833E-4
<494,nurse9-3,HR9-1,addItem> 1.3481792324804764E-4
<495,nurse9-3,HR9-2,addItem> 1.3557969609276883E-4
<496,nurse8-1,nursingItem8-6,read> 7.704840724454344E-4
<497,doctor3-0,HR5-4,addItem> 5.747531446977796E-4
<498,nurse9-3,nursingItem9-5,read> 6.75235252448946E-4
<499,doctor3-0,HR5-1,addItem> 6.013072476347849E-4
<500,nurse1-2,nursingItem1-6,read> 0.0013644533901561648
<501,nurse1-1,nursingItem1-6,read> 7.914986219376119E-4
<502,agent7-11,noteItem7-4,read> 4.392535701376547E-4
<503,nurse1-2,nursingItem1-1,read> 7.901521145170169E-4
<504,doctor3-0,HR5-0,addItem> 5.997452415796668E-4
<505,doctor6-1,HRitem9-6-0,read> 4.666915492006828E-5
<506,nurse5-2,nursingItem5-6,read> 7.687665621148239E-4
<507,doctor3-0,HR3-7,addItem> 3.875714678816909E-4
<508,agent3-11,noteItem3-0agent3-1,read> 0.0018696022415601544
<509,agent7-1,noteItem7-4agent7-1,read> 5.556278380071509E-4
<510,agent9-1,noteItem9-9,read> 0.0020470308694067966
<511,agent1-0,HR1-2,addNote> 8.757979375861922E-4
<512,nurse3-2,HR3-7,addItem> 1.4768400950139794E-4
<513,patient9-0,HR9-0,addNote> 0.0013664660741595116
<514,nurse9-0,nursingItem9-2,read> 7.023420632909463E-4
<515,nurse5-1,nursingItem5-1,read> 7.525759359176886E-4
<516,nurse3-2,HR3-8,addItem> 1.4962233183981723E-4
<517,nurse3-2,HR3-9,addItem> 1.500099963075011E-4
<518,nurse3-2,HR3-3,addItem> 1.4419502929224315E-4
<519,doctor8-0,HR8-0,addItem> 4.197267183132747E-4
<520,nurse3-2,HR3-4,addItem> 1.4807167396908177E-4
<521,nurse1-2,nursingItem1-2,read> 0.0013792651191610829
<522,patient3-8,noteItem3-8agent3-0,read> 0.0017315046159955417
<523,patient0-1,HR0-1,addNote> 0.0010636337679174603
<524,patient7-3,noteItem7-3,read> 0.0013631878213000547
<525,nurse3-2,HR3-5,addItem> 1.4845933843676563E-4
<526,nurse3-2,HR3-6,addItem> 1.469086805660302E-4
<527,patient3-7,HR3-7,addNote> 0.00147905757263412
<528,nurse9-2,nursingItem9-5,read> 0.0011968566778209676
<529,doctor7-1,HR8-5,addItem> 3.7462290018243566E-4
<530,nurse3-2,HR3-0,addItem> 1.4652101609834633E-4
<531,doctor7-1,HR8-3,addItem> 3.6898859054472385E-4
<532,nurse3-2,HR3-1,addItem> 1.457456871629786E-4
<533,doctor7-1,HR8-4,addItem> 3.661714357258682E-4
<534,nurse3-2,HR3-2,addItem> 1.4497035822761087E-4
<535,doctor3-1,HRitem5-8-2,read> 2.4178032378435862E-4
<536,patient0-4,noteItem0-4,read> 0.0016885710379399921
<537,patient6-5,noteItem6-5,read> 0.004454328379379459
<538,doctor7-1,HR8-2,addItem> 3.816657872295752E-4
<539,nurse6-0,nursingItem6-6,read> 1.445340137106261E-4
<540,nurse6-0,nursingItem6-7,read> 1.4240786211451516E-4
<541,nurse6-0,nursingItem6-8,read> 1.4878631690284805E-4
<542,nurse5-1,nursingItem5-4,read> 0.0013084058051131126
<543,doctor9-0,HR9-2,addItem> 2.0809697462601697E-4
<544,nurse6-0,nursingItem6-9,read> 1.4666016530673706E-4
<545,nurse9-3,nursingItem9-2,read> 6.699760695909027E-4
<546,nurse6-0,nursingItem6-2,read> 3.023362081763623E-4
<547,nurse6-0,nursingItem6-3,read> 1.7430013605617951E-4
<548,nurse6-0,nursingItem6-4,read> 1.4028171051840417E-4
<549,doctor7-1,HR8-7,addItem> 3.619457034975843E-4
<550,doctor8-1,HRitem2-5-3,read> 7.428606268779046E-4
<551,nurse9-0,nursingItem9-9,read> 7.133685626165058E-4
<552,nurse6-0,nursingItem6-5,read> 1.3709248312423773E-4
<553,nurse3-1,HR3-2,addItem> 1.4584105106981872E-4
<554,nurse6-0,nursingItem6-0,read> 1.7111090866201307E-4
<555,patient9-2,HR9-2,addNote> 0.0013819959360180782
<556,nurse6-0,nursingItem6-1,read> 1.7217398446006853E-4
<557,doctor5-0,HRitem5-1-3,read> 4.788403258729084E-5
<558,nurse3-1,HR3-8,addItem> 1.505209644634798E-4
<559,nurse3-1,HR3-6,addItem> 1.4779101498384417E-4
<560,nurse4-1,nursingItem4-9,read> 7.734847999159697E-4
<561,doctor3-1,HRitem0-6-0,read> 5.162851854790838E-4
<562,nurse3-1,HR3-7,addItem> 1.4857100054945435E-4
<563,agent8-01,noteItem8-1agent8-0,read> 8.80086777395833E-4
<564,nurse3-1,HR3-4,addItem> 1.4896099333225942E-4
<565,patient7-1,HR7-1,addNote> 0.001273286903008111
<566,nurse3-1,HR3-5,addItem> 1.493509861150645E-4
<567,agent4-1,HR4-1,addNote> 7.477338979562975E-4
<568,doctor7-1,HR2-8,addItem> 4.921994745839309E-4
<569,nurse3-1,HR3-3,addItem> 1.4506106550420857E-4
<570,agent3-01,noteItem3-8agent3-0,read> 9.85125899687364E-4
<571,patient2-2,HR2-2,addNote> 0.0016149438638965788
<572,doctor7-1,HR2-1,addItem> 5.006656885421679E-4
<573,nurse3-1,HR3-0,addItem> 1.474010222010391E-4
<574,nurse1-0,nursingItem1-3,read> 8.27603966642607E-4
<575,patient6-8,noteItem6-8,read> 0.00448531725715469
<576,doctor7-1,HR2-2,addItem> 5.030846068159498E-4
<577,agent2-0,HR2-1,addNote> 9.368297844748074E-4
<578,nurse3-1,HR3-1,addItem> 1.466210366354289E-4
<579,nurse3-3,nursingItem3-3,read> 5.285288069866089E-4
<580,nurse1-0,nursingItem1-2,read> 8.220863003279724E-4
<581,doctor7-1,HR2-4,addItem> 5.067129842266228E-4
<582,patient1-0,HR1-0,addNote> 0.0016498860530783537
<583,patient2-4,noteItem2-4,read> 0.001587857185170487
<584,doctor7-0,HR7-8,addItem> 5.920168876440793E-4
<585,nurse1-0,nursingItem1-4,read> 8.242933668538262E-4
<586,nurse1-0,nursingItem1-6,read> 8.132580342245564E-4
<587,nurse1-0,nursingItem1-9,read> 7.967050352806518E-4
<588,nurse0-0,nursingItem0-8,read> 0.0013746541250886225
<589,doctor7-1,HR2-0,addItem> 4.994562294052768E-4
<590,nurse6-1,nursingItem6-9,read> 1.474958357643253E-4
<591,nurse8-3,nursingItem8-7,read> 6.187179886385908E-4
<592,patient8-4,HR8-4,addNote> 0.0010092792514124769
<593,agent2-11,HR2-9,addNote> 0.0011244782680706114
<594,patient5-6,noteItem5-6,read> 0.004400097843272802
<595,nurse6-1,nursingItem6-7,read> 1.4321930292428446E-4
<596,nurse6-1,nursingItem6-8,read> 1.4963410218434573E-4
<597,nurse0-3,nursingItem0-4,read> 7.822463076410633E-4
<598,patient2-4,HR2-4,addNote> 0.001626591260290504
<599,agent6-11,HR6-1,addNote> 1.9581370781228955E-4
<600,nurse6-1,nursingItem6-5,read> 1.378736368742334E-4
<601,nurse6-1,nursingItem6-6,read> 2.530667280395776E-4
<602,agent2-1,noteItem2-9,read> 6.846450823796034E-4
<603,nurse5-0,nursingItem5-4,read> 7.471503111544868E-4
<604,nurse6-1,nursingItem6-3,read> 1.752932992245908E-4
<605,nurse8-3,nursingItem8-4,read> 0.0011371174777397072
<606,nurse6-1,nursingItem6-4,read> 1.4108103650426403E-4
<607,patient4-7,noteItem4-7,read> 0.004190922918289985
<608,nurse6-1,nursingItem6-2,read> 1.7422416601458056E-4
<609,nurse6-1,nursingItem6-0,read> 1.7208589959456013E-4
<610,nurse0-2,nursingItem0-2,read> 0.0013496405580760392
<611,agent4-0,HR4-7,addNote> 7.236162556485818E-4
<612,nurse7-0,HR7-7,addItem> 1.285686051293474E-4
<613,nurse3-0,HR3-1,addItem> 1.4311963874562763E-4
<614,doctor8-1,HR2-9,addItem> 3.7914687403778493E-4
<615,nurse1-1,nursingItem1-2,read> 8.000906802523075E-4
<616,nurse3-0,HR3-2,addItem> 1.4235827970098723E-4
<617,nurse3-0,HR3-3,addItem> 1.4159692065634689E-4
<618,patient9-4,HR9-4,addNote> 0.001397525797876645
<619,nurse1-1,nursingItem1-0,read> 0.001362269492512769
<620,patient8-8,HR8-8,addNote> 9.937493895539101E-4
<621,nurse3-0,HR3-4,addItem> 1.4540371587954876E-4
<622,nurse9-0,HR9-0,addItem> 1.4053229293488817E-4
<623,nurse2-3,nursingItem2-1,read> 5.195864670250691E-4
<624,nurse4-3,HR4-0,addItem> 1.1193933095672284E-4
<625,nurse3-0,HR3-5,addItem> 1.4578439540186895E-4
<626,doctor2-0,HRitem2-0-3,read> 3.354605543627172E-4
<627,nurse5-3,nursingItem5-2,read> 7.634643702504277E-4
<628,nurse3-0,HR3-6,addItem> 1.442616773125882E-4
<629,nurse3-0,HR3-7,addItem> 1.4502303635722857E-4
<630,agent4-01,noteItem4-7agent4-0,read> 0.0017169067051281892
<631,nurse3-0,HR3-8,addItem> 1.4692643396882954E-4
<632,patient8-5,noteItem8-5,read> 0.0021069208879056253
<633,nurse9-0,HR9-4,addItem> 1.4372658679584455E-4
<634,nurse9-0,HR9-3,addItem> 1.4292801333060543E-4
<635,nurse1-1,nursingItem1-9,read> 0.001347339659613491
<636,agent9-11,noteItem9-9agent9-1,read> 0.0010073709608159303
<637,nurse9-0,HR9-2,addItem> 1.4212943986536636E-4
<638,nurse9-0,HR9-1,addItem> 1.4133086640012724E-4
<639,nurse9-0,HR9-8,addItem> 1.3813657253917088E-4
<640,nurse9-0,HR9-7,addItem> 1.373379990739318E-4
<641,nurse1-1,nursingItem1-5,read> 7.936466365162857E-4
<642,nurse9-0,HR9-6,addItem> 1.3653942560869266E-4
<643,nurse9-0,HR9-5,addItem> 1.4492444699370317E-4
<644,nurse3-0,HR3-0,addItem> 1.43880997790268E-4
<645,agent6-0,noteItem6-0,read> 0.0023202924972134755
<646,nurse1-1,nursingItem1-3,read> 0.001399594074760964
<647,nurse9-0,HR9-9,addItem> 1.3853585927179043E-4
<648,patient5-3,noteItem5-3,read> 0.004415592282160419
<649,doctor5-1,HRitem3-5-0,read> 7.199852217366773E-4
<650,agent1-1,noteItem1-4,read> 6.538329819173385E-4
<651,agent4-1,noteItem4-1agent4-1,read> 0.003488244785464948
<652,nurse9-3,nursingItem9-9,read> 0.0011930289455924631
<653,patient4-6,noteItem4-6,read> 0.004206417357177601
<654,nurse3-0,HR3-9,addItem> 1.4730711349114972E-4
<655,doctor3-0,HRitem5-4-0,read> 1.5681453325980084E-4
<656,doctor6-0,HR9-5,addItem> 9.864212359893985E-4
<657,doctor6-0,HR9-8,addItem> 9.402198969601629E-4
<658,agent1-01,noteItem1-2,read> 8.331293356550473E-4
<659,agent9-11,HR9-9,addNote> 4.902300056383368E-4
<660,patient6-0,noteItem6-0,read> 0.0043768561849413775
<661,patient9-8,HR9-8,addNote> 0.0013431712813716612
<662,doctor6-1,HR9-4,addItem> 5.594502538194544E-4
<663,nurse4-2,nursingItem4-5,read> 0.0012965997102367215
<664,doctor6-1,HR9-3,addItem> 5.563418370833351E-4
<665,nurse1-2,nursingItem1-9,read> 7.647302512560104E-4
<666,patient1-4,HR1-4,addNote> 0.0016421211221490707
<667,doctor9-1,HRitem9-2-3,read> 5.053921354118328E-4
<668,doctor3-0,HRitem5-0-3,read> 1.3284982311184863E-4
<669,patient3-4,noteItem3-4,read> 0.004183175698846177
<670,agent1-0,noteItem1-2,read> 5.842528127999877E-4
<671,agent4-11,noteItem4-1,read> 0.0020837288154925567
<672,nurse4-1,nursingItem4-8,read> 0.0013433459016921473
<673,agent5-11,HR5-5,addNote> 8.997592221618795E-4
<674,agent8-0,noteItem8-1agent8-0,read> 0.0011019558723723403
<675,agent5-01,noteItem5-3agent5-0,read> 4.738904914608981E-4
<676,nurse1-2,nursingItem1-4,read> 7.91211358819559E-4
<677,nurse1-2,nursingItem1-7,read> 7.869743816093912E-4
<678,agent5-0,noteItem5-3agent5-0,read> 5.641520508946867E-4
<679,doctor3-0,HRitem5-2-1,read> 3.409070793963427E-4
<680,doctor6-1,HR9-6,addItem> 5.314745031943814E-4
<681,patient0-4,HR0-4,addNote> 0.0011102233534931606
<682,nurse0-0,nursingItem0-4,read> 0.001367182755785078
<683,patient4-2,noteItem4-2,read> 0.0043303728682785305
<684,nurse3-3,nursingItem3-2,read> 9.202516442133241E-4
<685,nurse0-0,nursingItem0-5,read> 7.840825290299765E-4
<686,doctor5-0,HR5-7,addItem> 4.3334675880878353E-4
<687,doctor9-0,HR9-6,addItem> 1.9991242780706086E-4
<688,nurse0-0,nursingItem0-2,read> 7.83006908527163E-4
<689,nurse0-0,nursingItem0-3,read> 7.819312880243498E-4
<690,nurse0-0,nursingItem0-9,read> 7.905362520468567E-4
<691,nurse0-0,nursingItem0-7,read> 7.883850110412298E-4
<692,agent3-1,HR3-0,addNote> 9.596090231465485E-4
<693,patient1-1,noteItem1-1,read> 0.0014329127962943269
<694,nurse0-0,nursingItem0-1,read> 0.0013970682329992564
<695,agent6-11,noteItem6-1agent6-1,read> 0.001464572006481186
<696,nurse7-3,HR7-8,addItem> 1.3558676865833553E-4
<697,nurse7-3,HR7-9,addItem> 1.351843842824483E-4
<698,agent5-0,HR5-3,addNote> 9.256055447872566E-4
<699,nurse7-3,HR7-4,addItem> 1.339772311547866E-4
<700,nurse7-3,HR7-5,addItem> 1.3357484677889935E-4
<701,doctor9-0,HRitem3-9-0,read> 7.276103567837531E-4
<702,nurse7-3,HR7-6,addItem> 1.3478199990656108E-4
<703,nurse7-3,HR7-7,addItem> 1.343796155306738E-4
<704,doctor5-0,HR5-2,addItem> 4.275681599581275E-4
<705,nurse7-3,HR7-0,addItem> 1.3236769365123767E-4
<706,doctor5-0,HR5-1,addItem> 4.449039565100957E-4
<707,nurse7-3,HR7-1,addItem> 1.3196530927535045E-4
<708,nurse3-0,nursingItem3-4,read> 8.921709105861257E-4
<709,doctor5-0,HR5-0,addItem> 4.4374823673996454E-4
<710,nurse7-3,HR7-2,addItem> 1.3317246240301213E-4
<711,nurse7-3,HR7-3,addItem> 1.327700780271249E-4
<712,doctor5-0,HR5-5,addItem> 4.2410100064773384E-4
<713,agent3-11,HR3-0,addNote> 9.48024205965705E-4
<714,patient8-1,noteItem8-1agent8-0,read> 0.0016063146588223077
<715,doctor5-0,HR5-4,addItem> 4.252567204178651E-4
<716,nurse0-1,nursingItem0-3,read> 0.0013628720411847427
<717,nurse4-1,nursingItem4-1,read> 7.46513748602575E-4
<718,nurse0-1,nursingItem0-5,read> 7.891248604063753E-4
<719,nurse0-1,nursingItem0-6,read> 0.0013759953576815065
<720,nurse0-1,nursingItem0-7,read> 7.934550111122346E-4
<721,nurse0-1,nursingItem0-8,read> 7.967026241416293E-4
<722,nurse0-1,nursingItem0-9,read> 7.956200864651645E-4
<723,nurse0-1,nursingItem0-0,read> 8.107756139356727E-4
<724,agent6-01,noteItem6-0agent6-0,read> 4.307086616848165E-4
<725,nurse4-3,nursingItem4-0,read> 7.305290168597787E-4
<726,nurse0-1,nursingItem0-1,read> 8.096930762592079E-4
<727,nurse0-1,nursingItem0-2,read> 7.880423227299102E-4
<728,doctor0-1,HRitem7-0-1,read> 1.4557133552631444E-5
<729,doctor3-0,HRitem5-7-1,read> 1.2086746803787253E-4
<730,doctor6-1,HRitem4-4-0,read> 1.5272710700239E-4
<731,nurse0-2,nursingItem0-8,read> 7.814303693657514E-4
<732,patient8-8,noteItem8-8,read> 0.002037195912911353
<733,doctor0-1,HR0-5,addItem> 1.3740967174189853E-4
<734,nurse0-2,nursingItem0-9,read> 7.803685832102411E-4
<735,patient0-2,HR0-2,addNote> 0.0010713986988467436
<736,nurse0-2,nursingItem0-6,read> 7.793067970547306E-4
<737,nurse0-2,nursingItem0-7,read> 0.0013589105979689548
<738,nurse0-2,nursingItem0-4,read> 7.771832247437103E-4
<739,nurse0-2,nursingItem0-5,read> 7.739978662771793E-4
<740,nurse0-2,nursingItem0-3,read> 7.718742939661588E-4
<741,nurse0-2,nursingItem0-0,read> 7.952335893873849E-4
<742,nurse0-2,nursingItem0-1,read> 7.941718032318747E-4
<743,doctor0-0,HR0-3,addItem> 2.8854915073026034E-4
<744,nurse0-3,nursingItem0-9,read> 0.0013677024483444286
<745,doctor0-0,HR0-4,addItem> 2.905814851741419E-4
<746,agent6-11,noteItem6-1,read> 0.0019046574875455887
<747,doctor3-1,HRitem3-9-2,read> 7.297889667972033E-4
<748,doctor0-0,HR0-6,addItem> 2.865168162863789E-4
<749,nurse0-3,nursingItem0-5,read> 0.0013565368974310208
<750,doctor0-0,HR0-0,addItem> 2.824521473986158E-4
<751,doctor5-0,HRitem0-5-2,read> 5.772862658556893E-4
<752,doctor0-0,HR0-1,addItem> 2.7838747851085285E-4
<753,nurse2-1,nursingItem2-7,read> 9.310415983054708E-4
<754,nurse0-3,nursingItem0-7,read> 7.833150109702251E-4
<755,nurse4-0,nursingItem4-8,read> 7.793597016710966E-4
<756,doctor3-0,HRitem3-8-2,read> 6.546269213331715E-4
<757,doctor0-0,HR0-2,addItem> 2.804198129547343E-4
<758,nurse2-3,nursingItem2-9,read> 5.301480620183795E-4
<759,nurse0-3,nursingItem0-8,read> 7.865211209577106E-4
<760,doctor9-1,HRitem3-2-3,read> 1.1542094300424704E-4
<761,doctor0-1,HR4-8,addItem> 9.066379484289344E-5
<762,patient2-1,HR2-1,addNote> 0.0016071789329672958
<763,agent1-01,HR1-2,addNote> 0.001248865110999531
<764,nurse0-3,nursingItem0-1,read> 7.993455609076524E-4
<765,nurse0-3,nursingItem0-2,read> 7.779714943244161E-4
<766,doctor0-1,HR4-4,addItem> 9.326386184959029E-5
<767,doctor0-1,HR4-5,addItem> 9.131381159456765E-5
<768,nurse9-3,nursingItem9-4,read> 0.0011635240112775596
<769,doctor0-1,HR4-7,addItem> 9.001377809121923E-5
<770,doctor6-1,HRitem4-8-1,read> 1.435257550391975E-4
<771,nurse7-1,nursingItem7-3,read> 1.5776889289354228E-4
<772,doctor0-1,HR4-1,addItem> 9.423888697710164E-5
<773,nurse4-3,nursingItem4-5,read> 7.389994300029081E-4
<774,agent4-01,HR4-7,addNote> 6.742492579562189E-4
<775,doctor4-1,HRitem6-6-2,read> 1.942230939545617E-5
<776,patient9-1,noteItem9-1,read> 0.002711204004522652
<777,doctor3-0,HRitem3-5-1,read> 7.167173067165022E-4
<778,agent5-1,HR5-5,addNote> 9.523547508059978E-4
<779,doctor0-0,HR0-8,addItem> 2.9566232128384564E-4
<780,doctor0-0,HR0-7,addItem> 2.976946557277271E-4
<781,doctor0-0,HR0-9,addItem> 2.9362998683996413E-4
<782,doctor2-1,HR6-2,addItem> 1.2246803849193957E-4
<783,doctor2-1,HR6-3,addItem> 1.1842878115276428E-4
<784,doctor4-0,HR6-6,addItem> 4.997280391104627E-5
<785,doctor4-0,HR6-7,addItem> 4.6484639217303814E-5
<786,nurse2-2,nursingItem2-4,read> 5.319361839092222E-4
<787,doctor2-1,HR6-0,addItem> 1.0092533268300472E-4
<788,doctor4-0,HR6-8,addItem> 4.764736078188464E-5
<789,doctor8-1,HR8-7,addItem> 3.363965950154019E-4
<790,patient0-8,HR0-8,addNote> 0.001129635680816369
<791,doctor6-0,HRitem6-1-2,read> 5.239103205261595E-4
<792,doctor9-1,HR2-4,addItem> 1.728785475596713E-4
<793,nurse4-0,nursingItem4-7,read> 7.804452238601807E-4
<794,doctor9-1,HR2-0,addItem> 1.704027135618003E-4
<795,patient2-2,noteItem2-2,read> 0.0016188460629457193
<796,doctor9-1,HR2-1,addItem> 1.708153525614455E-4
<797,doctor9-1,HR2-2,addItem> 1.7164063056073582E-4
<798,doctor2-1,HR6-9,addItem> 1.2516087671805642E-4
<799,patient2-7,HR2-7,addNote> 0.0015838841401794456
<800,patient8-9,noteItem8-9,read> 0.0020526903517989695
<801,doctor4-0,HR6-1,addItem> 5.22982470402079E-5
<802,doctor9-1,HR2-8,addItem> 1.6792687956392936E-4
<803,doctor2-1,HR6-5,addItem> 1.1304310470053056E-4
<804,doctor2-1,HR6-4,addItem> 1.1977520026582271E-4
<805,nurse9-2,nursingItem9-4,read> 6.764894955749947E-4
<806,doctor0-1,HR7-9,addItem> 3.3014524597047766E-4
<807,doctor4-1,HR6-8,addItem> 4.746923980699909E-5
<808,doctor4-1,HR6-6,addItem> 4.978598969081806E-5
<809,doctor4-1,HR6-7,addItem> 4.63108648650896E-5
<810,agent8-0,HR8-1,addNote> 7.037321486828581E-4
<811,patient8-3,noteItem8-3,read> 0.002083679229574202
<812,nurse2-1,nursingItem2-2,read> 5.333156514932251E-4
<813,patient3-7,noteItem3-7,read> 0.004322625648834721
<814,agent0-11,noteItem0-0,read> 7.895821454694654E-4
<815,nurse7-0,HR7-9,addItem> 1.2933857307023436E-4
<816,doctor0-1,HR7-3,addItem> 3.2424906397621384E-4
<817,patient0-7,HR0-7,addNote> 0.001137400611745652
<818,doctor0-1,HR7-4,addItem> 3.271971549733458E-4
<819,nurse2-2,nursingItem2-0,read> 5.276546484304526E-4
<820,nurse5-0,HR5-9,addItem> 1.427745349334631E-4
<821,doctor0-1,HR7-7,addItem> 3.2817985197238967E-4
<822,nurse7-0,HR7-0,addItem> 1.266436852771301E-4
<823,nurse5-0,HR5-5,addItem> 1.4123501394574966E-4
<824,nurse5-0,HR5-6,addItem> 1.450838164150332E-4
<825,nurse5-0,HR5-7,addItem> 1.4431405592117648E-4
<826,nurse5-0,HR5-8,addItem> 1.4354429542731982E-4
<827,nurse5-0,HR5-1,addItem> 1.4816285839046E-4
<828,agent6-0,HR6-0,addNote> 1.994721108526854E-4
<829,patient4-8,HR4-8,addNote> 0.0010830460952406687
<830,nurse5-0,HR5-2,addItem> 1.4238965468653473E-4
<831,doctor9-0,HRitem3-0-0,read> 8.038617072545101E-4
<832,doctor0-1,HR7-0,addItem> 3.232663669771699E-4
<833,nurse5-0,HR5-3,addItem> 1.4200477443960637E-4
<834,nurse5-0,HR5-4,addItem> 1.4161989419267805E-4
<835,doctor8-1,HR8-3,addItem> 3.429423370945081E-4
<836,doctor7-1,HR7-9,addItem> 5.828973927371934E-4
<837,doctor4-1,HR6-1,addItem> 5.210273957463703E-5
<838,nurse7-0,HR7-8,addItem> 1.297235570406778E-4
<839,nurse7-0,HR7-6,addItem> 1.2895358909979088E-4
<840,nurse7-0,HR7-5,addItem> 1.277986371884605E-4
<841,nurse5-0,HR5-0,addItem> 1.4777797814353164E-4
<842,nurse7-0,HR7-4,addItem> 1.2818362115890396E-4
<843,nurse7-0,HR7-3,addItem> 1.2702866924757357E-4
<844,nurse7-0,HR7-2,addItem> 1.2741365321801703E-4
<845,nurse7-0,HR7-1,addItem> 1.2625870130668668E-4
<846,doctor6-1,HR4-8,addItem> 1.466224575352431E-4
<847,doctor6-1,HR4-7,addItem> 1.4557124350063645E-4
<848,doctor6-1,HR4-4,addItem> 1.5082731367366977E-4
<849,doctor6-1,HR4-5,addItem> 1.4767367156984977E-4
<850,doctor6-1,HR6-8,addItem> 4.853796565631239E-5
<851,doctor6-1,HR4-1,addItem> 1.5240413472557984E-4
<852,patient2-9,noteItem2-9agent2-1,read> 0.0022739944304128895
<853,patient0-6,HR0-6,addNote> 0.0010946934916345938
<854,nurse4-2,HR4-4,addItem> 1.1071643496808067E-4
<855,agent5-1,noteItem5-5,read> 0.0022668903400270665
<856,nurse4-2,HR4-3,addItem> 1.0994477983834817E-4
<857,doctor9-1,HRitem3-0-3,read> 8.103975372948606E-4
<858,nurse4-2,HR4-6,addItem> 1.091731247086156E-4
<859,doctor9-0,HR9-4,addItem> 2.1043541657429012E-4
<860,agent6-1,HR6-1,addNote> 2.5822445133811894E-4
<861,nurse4-2,HR4-5,addItem> 1.0840146957888311E-4
<862,patient9-4,noteItem9-4,read> 0.00271895122396646
<863,nurse4-2,HR4-8,addItem> 1.0762981444915057E-4
<864,nurse4-2,HR4-7,addItem> 1.0685815931941804E-4
<865,nurse9-1,nursingItem9-1,read> 0.0011754988971850442
<866,nurse7-1,HR7-1,addItem> 1.2578315064263137E-4
<867,nurse5-0,nursingItem5-3,read> 0.0013021941559945602
<868,doctor6-0,HR1-4,addItem> 7.243873014641463E-4
<869,nurse4-2,HR4-9,addItem> 1.0608650418968551E-4
<870,nurse7-1,HR7-0,addItem> 1.261666845792878E-4
<871,doctor6-1,HR6-7,addItem> 4.735351097837492E-5
<872,nurse7-1,HR7-3,addItem> 1.2655021851594428E-4
<873,nurse7-1,HR7-2,addItem> 1.2693375245260077E-4
<874,doctor6-0,HRitem1-8-0,read> 6.448231762726456E-4
<875,nurse7-1,HR7-5,addItem> 1.2731728638925725E-4
<876,nurse7-1,HR7-4,addItem> 1.2770082032591374E-4
<877,nurse4-2,HR4-0,addItem> 1.1264557279241196E-4
<878,nurse7-1,HR7-7,addItem> 1.280843542625702E-4
<879,nurse7-1,HR7-6,addItem> 1.284678881992267E-4
<880,doctor6-1,HR6-1,addItem> 5.3275784368062255E-5
<881,nurse4-2,HR4-2,addItem> 1.111022625329469E-4
<882,nurse7-1,HR7-9,addItem> 1.288514221358832E-4
<883,patient8-1,HR8-1,addNote> 0.0010597513024528185
<884,nurse4-2,HR4-1,addItem> 1.1187391766267944E-4
<885,nurse7-1,HR7-8,addItem> 1.2923495607253965E-4
<886,doctor6-0,HR6-7,addItem> 4.752728533058914E-5
<887,patient4-7,HR4-7,addNote> 0.0010752811643113854
<888,doctor6-0,HR6-8,addItem> 4.871608663119794E-5
<889,doctor6-0,HRitem1-4-0,read> 6.676985814138727E-4
<890,patient0-5,HR0-5,addNote> 0.0010869285607053103
<891,nurse4-3,HR4-7,addItem> 1.0618820220769756E-4
<892,nurse4-3,HR4-6,addItem> 1.0848865370730767E-4
<893,nurse4-2,nursingItem4-9,read> 0.0013318960786844526
<894,nurse4-3,HR4-5,addItem> 1.0772183654077099E-4
<895,nurse4-3,HR4-4,addItem> 1.100222880403811E-4
<896,doctor1-0,HR1-2,addItem> 1.8518784181087514E-4
<897,doctor2-1,HR1-0,addItem> 3.210749477393487E-4
<898,nurse7-2,HR7-2,addItem> 1.264538516871845E-4
<899,nurse7-2,HR7-1,addItem> 1.2530759997857603E-4
<900,nurse4-3,HR4-9,addItem> 1.0542138504116084E-4
<901,patient1-3,HR1-3,addNote> 0.0016382386566844288
<902,nurse7-2,HR7-0,addItem> 1.2568968388144551E-4
<903,nurse4-3,HR4-8,addItem> 1.0695501937423425E-4
<904,nurse3-3,nursingItem3-0,read> 9.183695786435654E-4
<905,nurse9-3,nursingItem9-3,read> 0.001157991836093515
<906,nurse7-2,HR7-6,addItem> 1.279821872986625E-4
<907,doctor6-0,HR6-6,addItem> 5.1093689232415526E-5
<908,nurse7-2,HR7-4,addItem> 1.272180194929235E-4
<909,nurse7-2,HR7-3,addItem> 1.2607176778431503E-4
<910,doctor2-1,HRitem6-5-0,read> 1.4918939821272512E-4
<911,nurse4-3,HR4-3,addItem> 1.092554708738444E-4
<912,nurse4-3,HR4-2,addItem> 1.1040569662364943E-4
<913,nurse7-2,HR7-9,addItem> 1.2836427120153202E-4
<914,nurse4-3,HR4-1,addItem> 1.1117251379018615E-4
<915,nurse7-2,HR7-8,addItem> 1.287463551044015E-4
<916,nurse8-3,nursingItem8-3,read> 6.234776628892882E-4
<917,doctor6-0,HR6-1,addItem> 5.347129183363312E-5
<918,agent2-1,noteItem2-9agent2-1,read> 0.001425164174054934
<919,nurse7-2,HR7-7,addItem> 1.27600103395793E-4
<920,nurse5-3,HR5-1,addItem> 1.5075462850807736E-4
<921,nurse6-0,HR6-6,addItem> 3.309020380176649E-5
<922,nurse5-3,HR5-0,addItem> 1.5036301566207739E-4
<923,nurse6-0,HR6-5,addItem> 3.232029115877822E-5
<924,nurse4-0,HR4-0,addItem> 1.1476429829947926E-4
<925,doctor1-1,HR7-2,addItem> 3.1797878532559195E-4
<926,nurse6-0,HR6-8,addItem> 3.155037851578996E-5
<927,agent5-1,noteItem5-5agent5-1,read> 0.001539837175955531
<928,nurse5-3,HR5-3,addItem> 1.4448882297207763E-4
<929,nurse6-0,HR6-7,addItem> 3.0780465872801694E-5
<930,nurse5-3,HR5-2,addItem> 1.448804358180776E-4
<931,doctor1-1,HR7-8,addItem> 3.2374347688884073E-4
<932,nurse6-0,HR6-2,addItem> 3.501498540923715E-5
<933,nurse6-0,HR6-1,addItem> 3.463002908774302E-5
<934,doctor8-1,HRitem2-9-0,read> 3.703183145779204E-4
<935,doctor1-1,HR7-6,addItem> 3.218219130344245E-4
<936,nurse6-0,HR6-4,addItem> 3.4245072766248886E-5
<937,nurse6-0,HR6-3,addItem> 3.3860116444754756E-5
<938,nurse0-2,HR0-1,addItem> 1.0533405379053558E-4
<939,nurse4-0,HR4-7,addItem> 1.088680306545795E-4
<940,nurse5-3,HR5-9,addItem> 1.452720486640776E-4
<941,nurse4-0,HR4-8,addItem> 1.0965419967389949E-4
<942,nurse5-3,HR5-8,addItem> 1.4605527435607757E-4
<943,nurse4-0,HR4-5,addItem> 1.1044036869321946E-4
<944,nurse6-0,HR6-0,addItem> 2.885568426533103E-5
<945,nurse4-0,HR4-6,addItem> 1.1122653771253942E-4
<946,patient4-0,HR4-0,addNote> 0.0011335181462810103
<947,nurse4-0,HR4-3,addItem> 1.120127067318594E-4
<948,nurse5-3,HR5-5,addItem> 1.4370559728007766E-4
<949,doctor2-1,HRitem6-4-2,read> 2.635664239188606E-4
<950,nurse4-0,HR4-4,addItem> 1.1279887575117935E-4
<951,nurse5-3,HR5-4,addItem> 1.4409721012607766E-4
<952,nurse4-0,HR4-1,addItem> 1.1397812928015932E-4
<953,nurse5-3,HR5-7,addItem> 1.4683850004807754E-4
<954,nurse4-0,HR4-2,addItem> 1.1319196026083932E-4
<955,nurse5-3,HR5-6,addItem> 1.476217257400775E-4
<956,nurse2-1,nursingItem2-9,read> 5.408581238773367E-4
<957,nurse2-1,nursingItem2-8,read> 5.397806278224636E-4
<958,nurse2-1,nursingItem2-5,read> 5.343931475480981E-4
<959,nurse2-1,nursingItem2-6,read> 5.376256357127175E-4
<960,nurse4-1,nursingItem4-5,read> 7.529868009177896E-4
<961,nurse4-0,HR4-9,addItem> 1.0808186163525954E-4
<962,nurse5-1,nursingItem5-0,read> 0.001315850945133909
<963,nurse2-1,nursingItem2-4,read> 5.354706436029713E-4
<964,nurse2-1,nursingItem2-1,read> 5.300831633286057E-4
<965,nurse2-1,nursingItem2-0,read> 5.31160659383479E-4
<966,doctor1-1,HR7-1,addItem> 3.150964395439676E-4
<967,nurse6-0,HR6-9,addItem> 3.578489805222542E-5
<968,doctor8-1,HRitem8-7-0,read> 4.955883903513069E-4
<969,nurse6-1,HR6-9,addItem> 3.598880060522955E-5
<970,agent0-01,noteItem0-6,read> 8.573462579055961E-4
<971,nurse6-1,HR6-8,addItem> 3.1730152752347165E-5
<972,patient1-2,HR1-2,addNote> 0.0016343561912197872
<973,nurse6-1,HR6-7,addItem> 3.0955853142732185E-5
<974,nurse4-1,HR4-0,addItem> 1.1405805646379014E-4
<975,nurse6-1,HR6-6,addItem> 3.3278751971577124E-5
<976,nurse4-1,HR4-1,addItem> 1.1327672540766603E-4
<977,nurse6-1,HR6-5,addItem> 3.2504452361962144E-5
<978,nurse6-1,HR6-4,addItem> 3.4440201385999594E-5
<979,doctor3-0,HR0-5,addItem> 2.320062410122857E-4
<980,nurse6-1,HR6-3,addItem> 3.4053051581192104E-5
<981,nurse5-2,nursingItem5-3,read> 7.54788173666789E-4
<982,nurse6-1,HR6-2,addItem> 3.521450099561457E-5
<983,doctor1-1,HR1-8,addItem> 4.0499633219907426E-4
<984,agent8-11,noteItem8-3,read> 0.0010050968487649607
<985,nurse6-1,HR6-1,addItem> 3.4827351190807084E-5
<986,nurse4-1,HR4-6,addItem> 1.1054206671123148E-4
<987,doctor1-1,HR1-9,addItem> 4.0198115942290493E-4
<988,nurse4-1,HR4-7,addItem> 1.0819807354285903E-4
<989,doctor8-1,HR8-5,addItem> 3.481789307577932E-4
<990,nurse6-1,HR6-0,addItem> 2.9020104118694738E-5
<991,nurse4-1,HR4-8,addItem> 1.0897940459898317E-4
<992,nurse4-1,HR4-9,addItem> 1.0741674248673487E-4
<993,nurse4-1,HR4-2,addItem> 1.1249539435154185E-4
<994,doctor8-0,HRitem6-3-1,read> 5.173744904858089E-4
<995,nurse4-1,HR4-3,addItem> 1.1132339776735565E-4
<996,nurse4-1,HR4-4,addItem> 1.1210472882347978E-4
<997,nurse2-0,nursingItem2-1,read> 9.233221898056408E-4
<998,nurse4-1,HR4-5,addItem> 1.0976073565510735E-4
<999,nurse2-0,nursingItem2-7,read> 5.40089711536774E-4
<1000,doctor1-1,HR1-3,addItem> 4.2409242644814653E-4
<1001,nurse2-0,nursingItem2-9,read> 5.44428144496989E-4
<1002,doctor8-1,HR4-4,addItem> 1.530412925899805E-4
<1003,doctor1-1,HR1-4,addItem> 4.2509748404020287E-4
<1004,nurse2-0,nursingItem2-3,read> 9.27075849931894E-4
<1005,doctor1-1,HR1-6,addItem> 3.999710442387921E-4
<1006,nurse2-0,nursingItem2-5,read> 9.30829510058147E-4
<1007,agent7-11,HR7-4,addNote> 5.478979083195502E-4
<1008,nurse2-0,nursingItem2-0,read> 5.346666703365051E-4
<1009,nurse6-2,HR6-4,addItem> 3.4635330005750296E-5
<1010,nurse6-2,HR6-3,addItem> 3.424598671762945E-5
<1011,nurse6-2,HR6-6,addItem> 3.346730014138775E-5
<1012,nurse6-2,HR6-5,addItem> 3.268861356514607E-5
<1013,nurse6-2,HR6-8,addItem> 3.190992698890437E-5
<1014,nurse6-2,HR6-7,addItem> 3.113124041266268E-5
<1015,nurse5-1,HR5-1,addItem> 1.490267817629991E-4
<1016,nurse5-1,HR5-0,addItem> 1.4863965731638022E-4
<1017,nurse6-2,HR6-9,addItem> 3.619270315823368E-5
<1018,nurse5-1,HR5-3,addItem> 1.4283279061709677E-4
<1019,nurse2-3,nursingItem2-8,read> 5.290919025190484E-4
<1020,nurse5-1,HR5-2,addItem> 1.4321991506371568E-4
<1021,nurse5-1,HR5-5,addItem> 1.42058541723859E-4
<1022,nurse5-1,HR5-4,addItem> 1.424456661704779E-4
<1023,nurse6-2,HR6-0,addItem> 2.9184523972058444E-5
<1024,nurse5-1,HR5-7,addItem> 1.4515553729681015E-4
<1025,nurse5-1,HR5-6,addItem> 1.4592978619004795E-4
<1026,nurse6-2,HR6-2,addItem> 3.541401658199199E-5
<1027,nurse6-2,HR6-1,addItem> 3.502467329387114E-5
<1028,nurse5-1,HR5-8,addItem> 1.4438128840357238E-4
<1029,nurse8-1,nursingItem8-9,read> 0.0012778668538159003
<1030,doctor4-1,HRitem4-1-2,read> 2.3899189205914598E-4
<1031,nurse9-2,nursingItem9-1,read> 6.797059813229574E-4
<1032,nurse6-3,HR6-7,addItem> 3.130662768259317E-5
<1033,nurse4-3,nursingItem4-7,read> 7.612342645036224E-4
<1034,nurse6-3,HR6-6,addItem> 3.3655848311198396E-5
<1035,nurse6-3,HR6-5,addItem> 3.287277476832999E-5
<1036,patient8-5,HR8-5,addNote> 0.0010325740442003269
<1037,nurse6-3,HR6-4,addItem> 3.4830458625501004E-5
<1038,nurse5-2,HR5-2,addItem> 1.4405017544089662E-4
<1039,nurse5-2,HR5-1,addItem> 1.4989070513553822E-4
<1040,nurse5-2,HR5-0,addItem> 1.495013364892288E-4
<1041,nurse6-3,HR6-9,addItem> 3.6396605711237815E-5
<1042,nurse6-3,HR6-8,addItem> 3.208970122546158E-5
<1043,nurse5-2,HR5-6,addItem> 1.4677575596506271E-4
<1044,nurse5-2,HR5-5,addItem> 1.428820695019683E-4
<1045,nurse5-2,HR5-4,addItem> 1.4327143814827777E-4
<1046,nurse5-2,HR5-3,addItem> 1.4366080679458718E-4
<1047,nurse6-3,HR6-3,addItem> 3.44389218540668E-5
<1048,nurse6-3,HR6-2,addItem> 3.561353216836941E-5
<1049,nurse5-2,HR5-9,addItem> 1.444395440872061E-4
<1050,nurse6-3,HR6-1,addItem> 3.5221995396935206E-5
<1051,nurse5-2,HR5-8,addItem> 1.4521828137982498E-4
<1052,nurse6-3,HR6-0,addItem> 2.934894382542216E-5
<1053,nurse5-2,HR5-7,addItem> 1.4599701867244383E-4
<1054,doctor5-1,HR3-1,addItem> 2.7224304410897594E-4
<1055,patient4-6,HR4-6,addNote> 0.0010985759570992352
<1056,doctor4-0,HRitem4-1-2,read> 2.398886721419195E-4
<1057,doctor2-0,HRitem0-5-3,read> 5.794648758691396E-4
<1058,doctor5-1,HR3-7,addItem> 2.7586369858011384E-4
<1059,doctor5-1,HR3-8,addItem> 2.7948435305125174E-4
<1060,doctor6-0,HR1-8,addItem> 6.901339368002916E-4
<1061,doctor5-1,HR3-5,addItem> 2.7731196036856893E-4
<1062,doctor4-1,HR4-3,addItem> 2.876486308874149E-4
<1063,patient7-1,noteItem7-1,read> 0.0016420877212771437
<1064,doctor4-1,HR4-2,addItem> 2.906769539498353E-4
<1065,doctor4-1,HR4-1,addItem> 1.4904844735547532E-4
<1066,doctor4-1,HR4-0,addItem> 2.947147180330627E-4
<1067,doctor4-1,HR4-6,addItem> 2.856297488458012E-4
<1068,doctor4-1,HR4-5,addItem> 1.4442214118666043E-4
<1069,nurse8-3,nursingItem8-8,read> 6.130063795377537E-4
<1070,nurse2-3,nursingItem2-3,read> 5.216987860237311E-4
<1071,agent9-0,HR9-4,addNote> 0.0012852246176901288
<1072,doctor0-1,HRitem4-1-1,read> 6.731451064474982E-4
<1073,doctor4-1,HR4-8,addItem> 1.4339407314914603E-4
<1074,nurse7-0,nursingItem7-7,read> 1.5411276403188093E-4
<1075,doctor7-0,HRitem7-1-1,read> 1.37207043138749E-4
<1076,patient0-0,HR0-0,addNote> 0.0010791636297760269
<1077,doctor4-1,HR4-9,addItem> 2.775542206793465E-4
<1078,patient1-2,noteItem1-2,read> 0.0014096711379629027
<1079,patient5-3,HR5-3,addNote> 0.0014324679870584198
<1080,doctor4-0,HR4-1,addItem> 1.496077285838261E-4
<1081,doctor4-0,HR4-4,addItem> 1.4805984002828136E-4
<1082,doctor4-0,HR4-5,addItem> 1.44964062917192E-4
<1083,agent3-0,HR3-8,addNote> 9.584524539747024E-4
<1084,patient0-7,noteItem0-7,read> 0.0016808238184961835
<1085,doctor4-0,HR4-7,addItem> 1.429002115097991E-4
<1086,doctor4-0,HR4-8,addItem> 1.4393213721349552E-4
<1087,doctor3-1,HR0-1,addItem> 4.6615615903136936E-4
<1088,doctor1-0,HR1-7,addItem> 1.7462977025954743E-4
<1089,doctor3-1,HR0-6,addItem> 4.797686278578368E-4
<1090,nurse3-1,nursingItem3-9,read> 9.644324415804834E-4
<1091,doctor3-1,HR0-4,addItem> 4.8657486227107044E-4
<1092,doctor3-1,HR0-9,addItem> 4.916795380809956E-4
<1093,doctor3-1,HR0-7,addItem> 4.984857724942293E-4
<1094,doctor3-1,HR0-8,addItem> 4.950826552876125E-4
<1095,nurse2-3,nursingItem2-0,read> 9.111749760566623E-4
<1096,doctor7-0,HRitem7-5-1,read> 8.056318278904384E-5
<1097,doctor2-0,HRitem2-4-0,read> 5.108386604454583E-4
<1098,doctor3-1,HRitem0-2-0,read> 2.047439535557052E-4
<1099,nurse2-3,nursingItem2-7,read> 5.259234240210553E-4
<1100,nurse9-3,nursingItem9-7,read> 0.0011801205368296927
<1101,patient5-1,HR5-1,addNote> 0.0014945874344926868
<1102,nurse2-3,nursingItem2-6,read> 5.269795835203864E-4
<1103,nurse2-3,nursingItem2-5,read> 5.238111050223932E-4
<1104,doctor1-0,HR1-1,addItem> 1.873874400507351E-4
<1105,doctor1-0,HR1-0,addItem> 1.869475204027631E-4
<1106,doctor7-1,HRitem7-3-0,read> 6.047303432027868E-5
<1107,patient4-9,noteItem4-9,read> 0.004159934040514753
<1108,doctor7-1,HRitem7-7-1,read> 6.881813920012547E-5
<1109,doctor5-1,HRitem3-7-3,read> 7.504857619249804E-4
<1110,doctor9-0,HR9-1,addItem> 2.0692775365188036E-4
<1111,doctor4-0,HRitem2-3-2,read> 4.2805147993435066E-4
<1112,nurse2-2,nursingItem2-3,read> 5.28725032300145E-4
<1113,nurse2-2,nursingItem2-2,read> 5.297954161698374E-4
<1114,nurse2-2,nursingItem2-5,read> 5.308658000395298E-4
<1115,nurse2-2,nursingItem2-7,read> 5.330065677789146E-4
<1116,nurse2-2,nursingItem2-6,read> 5.340769516486071E-4
<1117,nurse2-2,nursingItem2-9,read> 9.349504491976016E-4
<1118,agent2-1,HR2-9,addNote> 9.497127294747703E-4
<1119,doctor2-0,HRitem1-0-3,read> 6.753237164609482E-4
<1120,nurse4-1,nursingItem4-3,read> 7.56223327075397E-4
<1121,nurse4-1,nursingItem4-4,read> 7.50829116812718E-4
<1122,nurse3-0,nursingItem3-9,read> 5.424090440848889E-4
<1123,nurse4-1,nursingItem4-6,read> 0.0013470880294433646
<1124,doctor2-1,HRitem1-2-2,read> 6.644306663936973E-4
<1125,patient7-4,noteItem7-4,read> 0.0013399461629686306
<1126,nurse4-1,nursingItem4-0,read> 7.443560644975032E-4
<1127,patient6-3,HR6-3,addNote> 3.4149519149410777E-4
<1128,nurse0-1,HR0-1,addItem> 1.073926997929565E-4
<1129,nurse0-1,HR0-0,addItem> 1.0896071487738595E-4
<1130,agent8-11,HR8-3,addNote> 6.342946820442671E-4
<1131,nurse0-1,HR0-5,addItem> 1.0974472241960069E-4
<1132,nurse0-1,HR0-4,addItem> 1.1209674504624493E-4
<1133,nurse0-1,HR0-3,addItem> 1.113127375040302E-4
<1134,nurse0-1,HR0-2,addItem> 1.081767073351712E-4
<1135,nurse0-1,HR0-9,addItem> 1.1327275635956701E-4
<1136,nurse0-1,HR0-8,addItem> 1.1405676390178176E-4
<1137,nurse0-1,HR0-7,addItem> 1.1484077144399648E-4
<1138,nurse0-1,HR0-6,addItem> 1.1052872996181546E-4
<1139,nurse0-0,HR0-9,addItem> 1.125489687789947E-4
<1140,doctor2-1,HR1-2,addItem> 3.180527695862967E-4
<1141,nurse4-0,nursingItem4-9,read> 7.782741794820127E-4
<1142,nurse5-2,nursingItem5-2,read> 7.590892162661844E-4
<1143,patient7-6,HR7-6,addNote> 0.0013004641612606028
<1144,nurse4-0,nursingItem4-4,read> 7.554782135112488E-4
<1145,nurse4-0,nursingItem4-5,read> 7.576492578894167E-4
<1146,nurse4-0,nursingItem4-3,read> 7.609058244566688E-4
<1147,nurse4-0,nursingItem4-1,read> 7.511361247549128E-4
<1148,doctor8-1,HRitem2-7-0,read> 7.254317467703029E-4
<1149,patient6-4,HR6-4,addNote> 3.453776569587494E-4
<1150,patient8-4,noteItem8-4,read> 0.0020914264490180094
<1151,nurse0-0,HR0-0,addItem> 1.0826448027753044E-4
<1152,nurse0-0,HR0-2,addItem> 1.074854823681733E-4
<1153,nurse0-0,HR0-1,addItem> 1.0670648445881618E-4
<1154,nurse0-0,HR0-4,addItem> 1.1138047191495901E-4
<1155,agent0-0,HR0-6,addNote> 6.978190880446134E-4
<1156,nurse0-0,HR0-3,addItem> 1.1060147400560187E-4
<1157,nurse0-0,HR0-6,addItem> 1.0982247609624474E-4
<1158,nurse0-0,HR0-5,addItem> 1.0904347818688755E-4
<1159,nurse5-1,nursingItem5-7,read> 7.632665677389521E-4
<1160,nurse0-0,HR0-8,addItem> 1.1332796668835184E-4
<1161,patient8-0,noteItem8-0,read> 0.001967470937917081
<1162,nurse4-3,nursingItem4-6,read> 7.622930661465135E-4
<1163,nurse4-3,nursingItem4-8,read> 7.601754628607311E-4
<1164,patient2-9,HR2-9,addNote> 0.0015955315365733704
<1165,nurse4-3,nursingItem4-9,read> 7.591166612178402E-4
<1166,doctor3-1,HRitem5-3-2,read> 6.967013272179284E-5
<1167,doctor2-0,HR1-1,addItem> 3.2064073075348005E-4
<1168,nurse3-0,nursingItem3-5,read> 5.119223530824596E-4
<1169,doctor7-1,HRitem7-0-1,read> 2.5701763987583707E-5
<1170,doctor7-1,HRitem8-3-1,read> 5.441986262764144E-5
<1171,doctor2-0,HR1-2,addItem> 3.168769737652753E-4
<1172,nurse4-3,nursingItem4-1,read> 7.326466201455612E-4
<1173,doctor2-0,HR1-7,addItem> 2.9881094022189225E-4
<1174,nurse4-3,nursingItem4-3,read> 0.0012974903236629863
<1175,nurse4-3,nursingItem4-4,read> 7.368818267171256E-4
<1176,patient6-5,HR6-5,addNote> 3.2596532963554103E-4
<1177,nurse9-3,nursingItem9-0,read> 6.994274935959454E-4
<1178,nurse9-3,nursingItem9-6,read> 6.762870890205547E-4
<1179,nurse9-3,nursingItem9-8,read> 6.741834158773374E-4
<1180,doctor8-0,HRitem1-2-3,read> 4.2205668605568326E-4
<1181,nurse4-2,nursingItem4-7,read> 7.66037004342762E-4
<1182,nurse4-2,nursingItem4-4,read> 0.001292884303031697
<1183,patient7-0,noteItem7-0,read> 0.0016033516240581036
<1184,doctor2-1,HR1-1,addItem> 3.218304922776117E-4
<1185,nurse4-2,nursingItem4-2,read> 7.457928505334139E-4
<1186,agent7-1,noteItem7-4,read> 9.080222023003692E-4
<1187,doctor2-1,HR1-7,addItem> 2.999197006679846E-4
<1188,doctor7-1,HRitem8-5-1,read> 5.021242203916575E-4
<1189,nurse4-2,nursingItem4-1,read> 0.0012854534886216486
<1190,nurse3-0,nursingItem3-2,read> 5.140248834964202E-4
<1191,nurse3-3,nursingItem3-5,read> 9.164875130738065E-4
<1192,nurse3-0,nursingItem3-3,read> 5.098198226684989E-4
<1193,patient6-6,HR6-6,addNote> 3.337302605648244E-4
<1194,nurse3-0,nursingItem3-6,read> 5.108710878754792E-4
<1195,patient8-2,noteItem8-2,read> 0.002068184790686585
<1196,nurse3-0,nursingItem3-0,read> 5.129736182894398E-4
<1197,agent2-0,noteItem2-1,read> 7.368257596565665E-4
<1198,doctor8-0,HRitem8-9-0,read> 3.430856894097929E-4
<1199,patient7-3,HR7-3,addNote> 0.0012810518339373945
<1200,nurse9-1,nursingItem9-7,read> 6.796352660623059E-4
<1201,patient3-0,HR3-0,addNote> 0.0014674101762401951
<1202,nurse3-1,nursingItem3-2,read> 5.266004158143755E-4
<1203,nurse9-1,nursingItem9-8,read> 6.80697265306104E-4
<1204,nurse3-1,nursingItem3-1,read> 5.28754384281277E-4
<1205,doctor1-1,HRitem7-1-0,read> 1.3829634814547414E-4
<1206,nurse9-1,nursingItem9-9,read> 6.870692607688928E-4
<1207,nurse3-1,nursingItem3-0,read> 5.255234315809246E-4
<1208,nurse9-1,nursingItem9-3,read> 6.668912751367285E-4
<1209,nurse3-1,nursingItem3-8,read> 5.54602005884096E-4
<1210,nurse3-1,nursingItem3-7,read> 5.524480374171944E-4
<1211,agent1-1,HR1-4,addNote> 0.0010300424363933007
<1212,patient6-7,HR6-7,addNote> 3.104354677769743E-4
<1213,nurse3-1,nursingItem3-5,read> 5.244464473474739E-4
<1214,doctor4-1,HRitem4-0-1,read> 4.912311703244064E-4
<1215,patient7-2,noteItem7-2,read> 0.001626593282389528
<1216,patient7-2,HR7-2,addNote> 0.001284934299402036
<1217,nurse3-2,nursingItem3-1,read> 5.255976416885531E-4
<1218,nurse3-2,nursingItem3-0,read> 5.223859782580534E-4
<1219,nurse3-2,nursingItem3-3,read> 5.19174314827554E-4
<1220,nurse9-2,nursingItem9-9,read> 6.93644086230796E-4
<1221,nurse3-2,nursingItem3-2,read> 5.234565327348866E-4
<1222,doctor5-1,HRitem8-9-1,read> 3.44174994416518E-4
<1223,nurse3-2,nursingItem3-9,read> 5.523615036093823E-4
<1224,nurse9-2,nursingItem9-0,read> 7.129430007185724E-4
<1225,nurse3-2,nursingItem3-5,read> 5.213154237812204E-4
<1226,nurse3-2,nursingItem3-4,read> 5.181037603507207E-4
<1227,nurse3-2,nursingItem3-7,read> 5.491498401788828E-4
<1228,patient6-8,HR6-8,addNote> 3.1820039870625766E-4
<1229,nurse3-2,nursingItem3-6,read> 9.052316660751399E-4
<1230,doctor4-0,HR2-7,addItem> 3.641280604648264E-4
<1231,doctor4-0,HR2-5,addItem> 3.623429366876524E-4
<1232,doctor4-0,HR2-6,addItem> 3.614503747990653E-4
<1233,doctor4-0,HR2-3,addItem> 3.7216111746210984E-4
<1234,patient7-5,HR7-5,addNote> 0.0012888167648666777
<1235,patient4-7,noteItem4-7agent4-0,read> 0.00317814412110847
<1236,nurse0-3,HR0-8,addItem> 1.1259916947492191E-4
<1237,nurse0-3,HR0-9,addItem> 1.1182518119842238E-4
<1238,doctor4-0,HRitem4-4-0,read> 1.4992477476381404E-4
<1239,nurse0-3,HR0-6,addItem> 1.0911622223067404E-4
<1240,nurse3-3,nursingItem3-4,read> 5.274389632399229E-4
<1241,nurse0-3,HR0-7,addItem> 1.1337315775142142E-4
<1242,nurse0-3,HR0-4,addItem> 1.1066419878367308E-4
<1243,nurse0-3,HR0-5,addItem> 1.0834223395417446E-4
<1244,nurse3-3,nursingItem3-1,read> 5.350678694667253E-4
<1245,nurse0-3,HR0-2,addItem> 1.067942574011754E-4
<1246,doctor4-0,HRitem4-8-1,read> 1.4089225494673518E-4
<1247,patient6-9,HR6-9,addNote> 3.609075188173161E-4
<1248,nurse0-3,HR0-3,addItem> 1.0989021050717355E-4
<1249,nurse3-3,nursingItem3-7,read> 5.590444318938177E-4
<1250,nurse0-3,HR0-0,addItem> 1.0756824567767494E-4
<1251,patient7-9,noteItem7-9,read> 0.0014948905518447912
<1252,nurse3-3,nursingItem3-6,read> 5.29618650733295E-4
<1253,nurse0-3,HR0-1,addItem> 1.0602026912467589E-4
<1254,doctor4-0,HR2-9,addItem> 3.6680574613058765E-4
<1255,patient4-4,HR4-4,addNote> 0.0011141058189578022
<1256,patient9-9,HR9-9,addNote> 0.0013470537468363028
<1257,patient4-5,HR4-5,addNote> 0.0010908110261699522
<1258,nurse0-2,HR0-7,addItem> 1.1263935090513392E-4
<1259,doctor4-1,HRitem4-4-0,read> 1.4936430831609884E-4
<1260,nurse0-2,HR0-8,addItem> 1.11870372261492E-4
<1261,nurse9-0,nursingItem9-5,read> 7.07855312953726E-4
<1262,nurse0-2,HR0-9,addItem> 1.1110139361785007E-4
<1263,patient6-0,noteItem6-0agent6-0,read> 8.134449300584912E-4
<1264,nurse0-2,HR0-3,addItem> 1.0917894700874524E-4
<1265,nurse0-2,HR0-4,addItem> 1.0994792565238717E-4
<1266,nurse0-2,HR0-5,addItem> 1.0764098972146135E-4
<1267,nurse9-0,nursingItem9-6,read> 7.089579628862822E-4
<1268,nurse0-2,HR0-6,addItem> 1.0840996836510333E-4
<1269,nurse9-0,nursingItem9-7,read> 7.056500130886143E-4
<1270,nurse0-2,HR0-0,addItem> 1.0687201107781945E-4
<1271,nurse0-2,HR0-2,addItem> 1.0610303243417752E-4
<1272,patient8-0,HR8-0,addNote> 0.0010403389751296101
<1273,nurse9-0,nursingItem9-1,read> 6.990341134932785E-4
<1274,nurse8-0,nursingItem8-2,read> 0.0012913905695039187
<1275,doctor7-1,HR7-3,addItem> 5.72487219779962E-4
<1276,patient9-6,HR9-6,addNote> 0.0013276414195130945
<1277,doctor7-1,HR7-7,addItem> 5.794273350847828E-4
<1278,doctor7-1,HR7-4,addItem> 5.776923062585778E-4
<1279,patient7-5,noteItem7-5,read> 0.0014174183574067107
<1280,nurse1-3,HR1-0,addItem> 1.6186489677360788E-4
<1281,nurse1-3,HR1-1,addItem> 1.6224579269698926E-4
<1282,nurse1-3,HR1-2,addItem> 1.6034131308008244E-4
<1283,nurse1-3,HR1-3,addItem> 1.607222090034638E-4
<1284,nurse1-3,HR1-4,addItem> 1.6110310492684519E-4
<1285,nurse1-3,HR1-5,addItem> 1.6148400085022653E-4
<1286,nurse1-3,HR1-6,addItem> 1.5158070684231093E-4
<1287,nurse1-3,HR1-7,addItem> 1.5119981091892953E-4
<1288,nurse1-3,HR1-8,addItem> 1.5348518645921777E-4
<1289,agent2-01,HR2-1,addNote> 0.0011525028283826768
<1290,nurse1-3,HR1-9,addItem> 1.5234249868907365E-4
<1291,agent0-01,HR0-6,addNote> 7.252824510803584E-4
<1292,doctor3-1,HRitem0-9-1,read> 1.415642631656494E-4
<1293,patient3-3,HR3-3,addNote> 0.0014441153834523447
<1294,doctor4-1,HRitem4-6-3,read> 5.533215557077372E-4
<1295,patient7-6,noteItem7-6,read> 0.0013941766990752864
<1296,nurse1-2,HR1-1,addItem> 1.633843596632839E-4
<1297,nurse1-2,HR1-2,addItem> 1.614665152771356E-4
<1298,doctor9-0,HR3-0,addItem> 2.1509025565931352E-4
<1299,nurse1-2,HR1-0,addItem> 1.6300079078605424E-4
<1300,doctor9-0,HR3-2,addItem> 2.1281391737871665E-4
<1301,doctor9-0,HR3-1,addItem> 1.378020346724446E-4
<1302,doctor9-0,HR3-4,addItem> 2.1736659393991036E-4
<1303,doctor9-0,HR3-6,addItem> 2.1565934022946276E-4
<1304,nurse1-2,HR1-9,addItem> 1.5341156885531276E-4
<1305,doctor9-0,HR3-5,addItem> 1.403677824087818E-4
<1306,doctor9-0,HR3-8,addItem> 1.4146738858149778E-4
<1307,nurse1-2,HR1-7,addItem> 1.5226086222362375E-4
<1308,doctor9-0,HR3-7,addItem> 1.3963471162697122E-4
<1309,nurse1-2,HR1-8,addItem> 1.5456227548700174E-4
<1310,nurse1-2,HR1-6,addItem> 1.5264443110085343E-4
<1311,nurse1-2,HR1-3,addItem> 1.6185008415436528E-4
<1312,nurse1-2,HR1-4,addItem> 1.6223365303159494E-4
<1313,doctor2-1,HRitem2-9-2,read> 3.6813970456447015E-4
<1314,nurse1-1,HR1-0,addItem> 1.65272578810947E-4
<1315,doctor8-1,HRitem8-4-2,read> 3.2892472432236665E-4
<1316,nurse1-1,HR1-1,addItem> 1.6566149359587324E-4
<1317,doctor0-0,HRitem0-1-2,read> 1.2522468806477294E-4
<1318,nurse1-1,HR1-6,addItem> 1.5477187961793855E-4
<1319,nurse1-1,HR1-7,addItem> 1.5438296483301226E-4
<1320,nurse1-1,HR1-8,addItem> 1.5671645354256976E-4
<1321,nurse1-1,HR1-9,addItem> 1.5554970918779098E-4
<1322,nurse1-1,HR1-2,addItem> 1.6371691967124205E-4
<1323,nurse1-1,HR1-3,addItem> 1.641058344561683E-4
<1324,nurse1-1,HR1-4,addItem> 1.6449474924109454E-4
<1325,nurse1-1,HR1-5,addItem> 1.6488366402602077E-4
<1326,nurse5-3,nursingItem5-0,read> 7.645458283679988E-4
<1327,patient3-5,HR3-5,addNote> 0.0014868225035634035
<1328,doctor7-0,HR7-5,addItem> 5.832321681538743E-4
<1329,doctor7-0,HR7-6,addItem> 5.885029998479974E-4
<1330,nurse1-0,HR1-4,addItem> 1.6901694166009367E-4
<1331,nurse1-0,HR1-3,addItem> 1.6861733505977425E-4
<1332,nurse1-0,HR1-2,addItem> 1.6821772845945486E-4
<1333,nurse1-0,HR1-1,addItem> 1.7021576146105186E-4
<1334,nurse1-0,HR1-8,addItem> 1.6102480965370563E-4
<1335,nurse1-0,HR1-7,addItem> 1.586271700517892E-4
<1336,nurse1-0,HR1-6,addItem> 1.5902677665210864E-4
<1337,nurse1-0,HR1-5,addItem> 1.694165482604131E-4
<1338,doctor8-1,HRitem8-2-1,read> 1.2849260308494823E-4
<1339,doctor8-1,HR8-2,addItem> 3.547246728368993E-4
<1340,doctor5-1,HR5-6,addItem> 4.251128135295792E-4
<1341,nurse1-0,HR1-0,addItem> 1.6981615486073246E-4
<1342,doctor8-1,HR8-4,addItem> 3.403240402628657E-4
<1343,doctor7-1,HRitem2-4-1,read> 4.3458730997470135E-4
<1344,doctor5-1,HR5-9,addItem> 4.1834634451794455E-4
<1345,doctor5-1,HR5-8,addItem> 4.206018341884894E-4
<1346,patient1-8,HR1-8,addNote> 0.0015644718128562372
<1347,nurse1-0,HR1-9,addItem> 1.5982598985274743E-4
<1348,doctor8-0,HR8-1,addItem> 4.2755865832223036E-4
<1349,doctor8-1,HRitem4-7-0,read> 4.759809002302551E-4
<1350,doctor8-0,HR6-9,addItem> 1.2747438645406485E-4
<1351,doctor8-0,HR8-6,addItem> 4.134611663061103E-4
<1352,doctor8-0,HR8-9,addItem> 4.0406283829536374E-4
<1353,doctor8-0,HR6-3,addItem> 1.2061785289311112E-4
<1354,doctor8-0,HR6-4,addItem> 1.2198915960530185E-4
<1355,doctor8-0,HR6-2,addItem> 1.2473177302968337E-4
<1356,doctor8-0,HR8-8,addItem> 4.009300622917815E-4
<1357,agent0-0,noteItem0-6,read> 8.248821999470366E-4
<1358,doctor8-0,HR6-5,addItem> 1.1513262604434814E-4
<1359,patient1-9,HR1-9,addNote> 0.001552824416462312
<1360,doctor8-0,HR6-0,addItem> 1.0279086563463141E-4
<1361,patient2-0,noteItem2-0,read> 0.0016498349407209516
<1362,doctor2-0,HRitem2-1-2,read> 2.5267337385160963E-4
<1363,agent1-11,noteItem1-4,read> 7.012323878559088E-4
<1364,doctor4-0,HRitem6-6-2,read> 1.949518860519522E-5
<1365,patient2-1,noteItem2-1,read> 0.0016343405018333357
<1366,patient3-1,HR3-1,addNote> 0.0014596452453109116
<1367,agent8-0,noteItem8-1,read> 0.0010144818932218368
<1368,patient9-1,HR9-1,addNote> 0.0013742310050887947
<1369,doctor9-0,HR9-0,addItem> 2.0575853267774382E-4
<1370,doctor9-0,HR9-3,addItem> 2.092661956001535E-4
<1371,patient1-5,HR1-5,addNote> 0.0016460035876137123
<1372,nurse7-0,nursingItem7-1,read> 1.6474428555175776E-4

