<0,agent7-0,noteItem7-4,read> 9.048070325724565E-4
<1,patient9-9,noteItem9-9agent9-0,read> 0.003091738490088718
<2,patient1-6,noteItem1-6,read> 0.001438166545020451
<3,nurse0-0,nursingItem0-3,read> 7.411566343532595E-4
<4,agent4-01,noteItem4-7agent4-0,read> 0.0016522286246145438
<5,patient4-1,HR4-1,addNote> 0.0010696340218868418
<6,patient4-6,noteItem4-6,read> 0.004011109829001184
<7,nurse3-3,nursingItem3-4,read> 4.992483240754353E-4
<8,patient0-1,HR0-1,addNote> 0.0010110155739912305
<9,patient1-5,noteItem1-5,read> 0.0014604110114525611
<10,doctor4-1,HRitem4-3-3,read> 6.525709648933673E-4
<11,agent8-1,HR8-4,addNote> 3.2100072648663403E-4
<12,patient8-8,noteItem8-8,read> 0.0019646189172470565
<13,nurse4-2,nursingItem4-8,read> 7.250937402285241E-4
<14,nurse1-1,nursingItem1-2,read> 0.0013167867239915127
<15,agent3-01,noteItem3-1,read> 0.0020585354935587666
<16,agent2-01,noteItem2-2,read> 8.726231055370458E-4
<17,patient6-7,noteItem6-7,read> 0.004218724849034212
<18,patient3-5,noteItem3-5,read> 0.003974035718281001
<19,nurse2-3,HR2-0,addItem> 1.49396387086564E-4
<20,agent1-1,noteItem1-4agent1-1,read> 0.0014186370389863295
<21,nurse1-3,HR1-9,addItem> 1.441160332117289E-4
<22,nurse2-3,nursingItem2-9,read> 5.008129168006915E-4
<23,patient0-5,noteItem0-5,read> 0.0016457815650534784
<24,nurse2-0,nursingItem2-1,read> 5.040364477042115E-4
<25,doctor4-1,HRitem3-4-3,read> 5.668637477728038E-4
<26,nurse2-3,HR2-1,addItem> 1.4975728424711536E-4
<27,nurse1-1,nursingItem1-7,read> 7.552941028450993E-4
<28,patient0-3,noteItem0-3,read> 0.0016754408536296251
<29,patient4-3,noteItem4-3,read> 0.004107502516873661
<30,nurse9-3,HR9-7,addItem> 1.2398491920473847E-4
<31,nurse2-3,HR2-2,addItem> 1.50479078568218E-4
<32,nurse2-3,HR2-3,addItem> 1.5083997572876934E-4
<33,patient5-6,noteItem5-6,read> 0.004196480382602103
<34,patient1-7,noteItem1-7,read> 0.0014307517228764144
<35,agent4-01,noteItem4-7,read> 0.00194022489871894
<36,agent3-0,noteItem3-1agent3-0,read> 0.0027156292763128656
<37,agent9-0,noteItem9-9agent9-0,read> 0.002798038222122702
<38,nurse2-3,HR2-8,addItem> 1.47231004123256E-4
<39,patient6-1,noteItem6-1,read> 0.004189065560458065
<40,nurse5-0,nursingItem5-8,read> 0.0012544617311574704
<41,nurse5-2,nursingItem5-2,read> 0.0012522255057783038
<42,nurse0-1,nursingItem0-8,read> 7.541203392444085E-4
<43,patient2-5,HR2-5,addNote> 0.0014909541161365473
<44,agent1-01,HR1-7,addNote> 0.0011140912317062753
<45,nurse2-3,HR2-9,addItem> 1.4867459276546134E-4
<46,nurse2-3,HR2-4,addItem> 1.5156177004987205E-4
<47,nurse2-3,HR2-5,addItem> 1.4687010696270465E-4
<48,nurse2-3,HR2-6,addItem> 1.4650920980215331E-4
<49,doctor7-1,HRitem8-0-0,read> 3.3762275740213975E-4
<50,patient5-3,noteItem5-3,read> 0.004211310026890175
<51,patient9-3,HR9-3,addNote> 0.0013150987724497134
<52,doctor5-1,HRitem1-7-3,read> 3.937901345355863E-4
<53,nurse2-3,HR2-7,addItem> 1.475919012838073E-4
<54,doctor1-1,HRitem2-8-1,read> 1.6457349483396403E-4
<55,agent6-11,noteItem6-9agent6-1,read> 8.110007566689548E-4
<56,patient8-7,HR8-7,addNote> 9.487334731021438E-4
<57,patient3-9,noteItem3-9,read> 0.004077843228297515
<58,nurse1-0,nursingItem1-2,read> 7.781473047857097E-4
<59,agent8-0,HR8-4,addNote> 3.2213701224410884E-4
<60,nurse8-2,HR8-4,addItem> 8.638994119821607E-5
<61,patient3-8,noteItem3-8,read> 0.004100087694729625
<62,agent3-11,noteItem3-4,read> 0.001995331150291404
<63,patient3-4,noteItem3-4,read> 0.003988865362569074
<64,patient1-1,noteItem1-1,read> 0.0013936776121562307
<65,patient0-2,noteItem0-2,read> 0.0016606112093415521
<66,nurse2-2,HR2-1,addItem> 1.5177421736828863E-4
<67,nurse2-2,HR2-2,addItem> 1.52505732825029E-4
<68,patient0-1,noteItem0-1,read> 0.0014826554778846711
<69,agent4-1,HR4-3,addNote> 6.982919685986928E-4
<70,doctor2-1,HRitem1-8-1,read> 6.102336648699564E-4
<71,nurse8-1,nursingItem8-8,read> 0.001206533421957233
<72,nurse1-0,HR1-9,addItem> 1.5119541729932256E-4
<73,nurse2-2,HR2-0,addItem> 1.514084596399184E-4
<74,nurse2-2,HR2-9,addItem> 1.50676944183178E-4
<75,nurse2-2,HR2-7,addItem> 1.4957967099806733E-4
<76,nurse2-2,HR2-8,addItem> 1.4921391326969713E-4
<77,nurse2-2,HR2-5,addItem> 1.4884815554132692E-4
<78,patient0-4,noteItem0-4,read> 0.0016383667429094413
<79,nurse3-1,nursingItem3-2,read> 4.98454595462193E-4
<80,doctor7-0,HR0-8,addItem> 2.126412799461535E-4
<81,agent6-0,noteItem6-7agent6-0,read> 0.0016118128439926618
<82,patient6-3,noteItem6-3,read> 0.004159406271881918
<83,nurse6-1,nursingItem6-3,read> 1.6896016593473823E-4
<84,nurse4-3,nursingItem4-1,read> 6.944902210918403E-4
<85,patient9-6,HR9-6,addNote> 0.0012528166715606267
<86,nurse2-2,HR2-6,addItem> 1.484823978129567E-4
<87,agent9-1,noteItem9-2,read> 0.0018807203945841746
<88,doctor3-1,HR3-4,addItem> 5.07961657413011E-4
<89,nurse0-0,HR0-8,addItem> 1.0767599254444473E-4
<90,nurse2-2,HR2-3,addItem> 1.5287149055339923E-4
<91,patient5-0,noteItem5-0,read> 0.004270628604042469
<92,nurse2-2,HR2-4,addItem> 1.536030060101397E-4
<93,patient1-3,noteItem1-3,read> 0.0013417738571479738
<94,nurse6-2,nursingItem6-3,read> 1.6991744732813618E-4
<95,agent5-1,noteItem5-7,read> 0.0021489610912928977
<96,agent1-11,noteItem1-4,read> 6.834622549169552E-4
<97,nurse6-2,nursingItem6-2,read> 1.6889972366058558E-4
<98,nurse6-2,nursingItem6-1,read> 1.67881999993035E-4
<99,nurse6-2,nursingItem6-0,read> 1.6686427632548443E-4
<100,nurse6-2,nursingItem6-7,read> 1.383680136340675E-4
<101,nurse6-2,nursingItem6-6,read> 1.404034609691687E-4
<102,nurse9-2,nursingItem9-1,read> 6.423620942196564E-4
<103,patient2-6,noteItem2-6,read> 0.0015048999443167809
<104,patient0-5,HR0-5,addNote> 0.0010329974919520849
<105,patient5-5,HR5-5,addNote> 0.001348071649390995
<106,nurse6-2,nursingItem6-5,read> 1.332793952963145E-4
<107,patient9-2,noteItem9-2agent9-1,read> 0.004424504071806351
<108,nurse4-2,nursingItem4-4,read> 7.039145315889893E-4
<109,patient0-0,noteItem0-0,read> 0.0015123147664608178
<110,nurse6-2,nursingItem6-4,read> 1.363325662989663E-4
<111,nurse5-0,nursingItem5-4,read> 0.001238648265506463
<112,agent6-01,noteItem6-7agent6-0,read> 0.0012136265195602704
<113,patient3-0,noteItem3-0,read> 0.004033354295433294
<114,patient8-2,noteItem8-2,read> 0.0019942782058232035
<115,nurse1-0,HR1-7,addItem> 1.5006416196880704E-4
<116,patient9-7,noteItem9-7,read> 0.0026912714873626523
<117,nurse5-3,nursingItem5-6,read> 0.0012705757516059818
<118,patient3-6,noteItem3-6,read> 0.003959206073992928
<119,patient2-7,noteItem2-7agent2-1,read> 0.004637746564881171
<120,agent4-0,noteItem4-7,read> 0.0020822837545018294
<121,nurse6-2,nursingItem6-9,read> 1.4243890830426993E-4
<122,doctor9-1,HRitem0-4-0,read> 4.89417467242174E-4
<123,patient3-3,HR3-3,addNote> 0.0013663899143583735
<124,nurse6-2,nursingItem6-8,read> 1.444743556393711E-4
<125,nurse8-1,HR8-5,addItem> 1.0887741700942442E-4
<126,patient3-2,HR3-2,addNote> 0.0013737172203453247
<127,patient1-9,noteItem1-9,read> 0.0015493888771810009
<128,nurse8-1,HR8-4,addItem> 1.0643948386537886E-4
<129,nurse8-1,HR8-3,addItem> 1.0725212824672742E-4
<130,patient6-9,noteItem6-9,read> 0.004292873070474578
<131,agent3-01,HR3-1,addNote> 9.120131368004663E-4
<132,nurse8-1,HR8-2,addItem> 1.1090902796279577E-4
<133,nurse8-1,HR8-9,addItem> 1.0562683948403034E-4
<134,nurse8-1,HR8-8,addItem> 1.048141951026818E-4
<135,nurse4-0,nursingItem4-1,read> 7.120167881856406E-4
<136,nurse2-1,HR2-0,addItem> 1.524144959165956E-4
<137,patient3-1,noteItem3-1agent3-0,read> 0.004091312676376943
<138,nurse2-1,nursingItem2-7,read> 5.068507259460332E-4
<139,patient7-8,noteItem7-8,read> 0.0014010924343002675
<140,nurse8-1,HR8-7,addItem> 1.0522051729335607E-4
<141,doctor1-1,HRitem1-7-1,read> 4.253393406837034E-4
<142,nurse2-1,HR2-1,addItem> 1.5278268392887527E-4
<143,nurse8-1,HR8-6,addItem> 1.080647726280759E-4
<144,nurse4-0,nursingItem4-4,read> 7.171543033430141E-4
<145,nurse2-1,HR2-4,addItem> 1.546236239902735E-4
<146,patient7-2,HR7-2,addNote> 0.001212516488632394
<147,nurse2-1,HR2-2,addItem> 1.5351905995343452E-4
<148,doctor7-1,HR6-3,addItem> 8.185357949658844E-5
<149,doctor1-1,HRitem2-5-0,read> 2.6195237798042634E-4
<150,doctor5-1,HR5-5,addItem> 4.626856084774177E-4
<151,patient6-3,HR6-3,addNote> 3.2957611720475116E-4
<152,nurse2-1,HR2-3,addItem> 1.538872479657142E-4
<153,doctor7-0,HR7-0,addItem> 2.854249193942434E-4
<154,patient7-1,HR7-1,addNote> 0.0012015255296519668
<155,nurse2-1,HR2-5,addItem> 1.498371798306381E-4
<156,nurse2-1,HR2-6,addItem> 1.494689918183584E-4
<157,nurse8-1,HR8-1,addItem> 1.1172167234414429E-4
<158,doctor1-0,HRitem1-7-3,read> 3.062812157499005E-4
<159,nurse2-1,HR2-7,addItem> 1.5057355585519736E-4
<160,nurse8-1,HR8-0,addItem> 1.0969006139077296E-4
<161,patient0-8,HR0-8,addNote> 0.0010732976748803174
<162,nurse2-1,HR2-8,addItem> 1.5020536784291774E-4
<163,nurse9-3,nursingItem9-7,read> 0.0011160123458741574
<164,nurse2-1,HR2-9,addItem> 1.5167811989203633E-4
<165,patient1-4,noteItem1-4,read> 0.0013121145685718273
<166,agent9-01,HR9-9,addNote> 4.848787492287061E-4
<167,nurse1-0,HR1-8,addItem> 1.5232667262983816E-4
<168,nurse6-3,nursingItem6-0,read> 1.6780435675548718E-4
<169,nurse2-0,HR2-9,addItem> 1.5267929560089464E-4
<170,patient7-3,noteItem7-3,read> 0.0013269442128599
<171,agent3-0,noteItem3-1,read> 0.0019938271086924787
<172,nurse6-3,nursingItem6-2,read> 2.944850230574975E-4
<173,patient5-5,noteItem5-5,read> 0.004181650738314028
<174,nurse6-3,nursingItem6-1,read> 2.9271057150003334E-4
<175,patient2-3,noteItem2-3,read> 0.0015642185214690746
<176,nurse6-3,nursingItem6-4,read> 1.371006370950168E-4
<177,agent0-01,HR0-0,addNote> 3.4037288728447503E-4
<178,nurse5-3,nursingItem5-8,read> 7.308478580971432E-4
<179,patient9-5,HR9-5,addNote> 0.0013334170374170921
<180,nurse1-1,nursingItem1-9,read> 7.34962031207746E-4
<181,doctor5-1,HR1-3,addItem> 3.413394109581327E-4
<182,nurse3-0,nursingItem3-7,read> 5.09437973640068E-4
<183,nurse9-1,nursingItem9-4,read> 0.0011063527188635797
<184,nurse6-3,nursingItem6-3,read> 2.962594746149617E-4
<185,nurse5-1,nursingItem5-3,read> 7.123521410675506E-4
<186,nurse6-3,nursingItem6-6,read> 2.4480037944849973E-4
<187,nurse8-0,HR8-9,addItem> 1.0504164923758142E-4
<188,nurse6-3,nursingItem6-5,read> 1.3403026512896977E-4
<189,nurse6-3,nursingItem6-8,read> 1.4528829567114223E-4
<190,nurse6-3,nursingItem6-7,read> 1.3914755173904817E-4
<191,patient1-8,noteItem1-8,read> 0.001408507256444304
<192,nurse6-3,nursingItem6-9,read> 1.4324138102711088E-4
<193,patient7-3,HR7-3,addNote> 0.0012088528356389181
<194,nurse9-2,nursingItem9-0,read> 6.758523699501527E-4
<195,patient5-8,noteItem5-8,read> 0.004166821094025955
<196,nurse8-0,HR8-2,addItem> 1.102945735142484E-4
<197,patient6-9,noteItem6-9agent6-1,read> 0.0016790069734680267
<198,patient0-0,HR0-0,addNote> 0.0010256701859651333
<199,agent2-1,noteItem2-7agent2-1,read> 0.0029009711743297746
<200,nurse8-0,HR8-1,addItem> 1.1110271571065872E-4
<201,patient5-1,noteItem5-1,read> 0.004240969315466322
<202,doctor7-0,HR7-5,addItem> 3.760183748638599E-4
<203,doctor6-1,HRitem8-3-1,read> 5.262044504942231E-5
<204,doctor5-0,HR0-1,addItem> 1.4365780600540773E-4
<205,patient8-0,HR8-0,addNote> 9.890336560303766E-4
<206,nurse0-3,nursingItem0-8,read> 7.444830186150868E-4
<207,nurse2-1,nursingItem2-2,read> 8.747508691931566E-4
<208,nurse8-0,HR8-4,addItem> 1.058497914339917E-4
<209,patient5-8,HR5-8,addNote> 0.001370053567351849
<210,doctor3-1,HR3-2,addItem> 4.973503378369803E-4
<211,doctor7-0,HR7-9,addItem> 2.914985592242919E-4
<212,patient5-4,noteItem5-4,read> 0.004226139671178249
<213,patient9-6,noteItem9-6,read> 0.002639367732354396
<214,nurse8-0,HR8-3,addItem> 1.0665793363040204E-4
<215,patient2-5,noteItem2-5,read> 0.0015271444107488917
<216,nurse3-3,HR3-1,addItem> 1.4038203730933784E-4
<217,patient8-9,HR8-9,addNote> 9.523971260956195E-4
<218,nurse8-0,HR8-6,addItem> 1.0746607582681232E-4
<219,agent9-0,HR9-9,addNote> 0.001172359417149219
<220,nurse3-3,HR3-0,addItem> 1.4112685192090499E-4
<221,doctor3-1,HR3-8,addItem> 5.132673172010263E-4
<222,nurse8-1,nursingItem8-1,read> 7.383074419614653E-4
<223,nurse2-0,HR2-0,addItem> 1.534205321932728E-4
<224,nurse8-0,HR8-5,addItem> 1.0827421802322262E-4
<225,nurse3-3,HR3-3,addItem> 1.3889240808620347E-4
<226,nurse8-0,HR8-8,addItem> 1.0423350704117108E-4
<227,doctor2-0,HRitem0-2-3,read> 1.8582804756210543E-4
<228,nurse0-2,nursingItem0-3,read> 7.316240731397127E-4
<229,agent4-1,noteItem4-3,read> 0.0021124158467483727
<230,nurse3-3,HR3-2,addItem> 1.3963722269777064E-4
<231,nurse8-0,HR8-7,addItem> 1.0463757813937625E-4
<232,patient3-4,noteItem3-4agent3-1,read> 0.0031383852854488348
<233,doctor6-1,HR8-9,addItem> 2.0275641942270025E-4
<234,nurse3-3,HR3-5,addItem> 1.4298888844982291E-4
<235,patient4-8,noteItem4-8,read> 0.003981450540425038
<236,nurse2-0,HR2-3,addItem> 1.5490300537802912E-4
<237,nurse3-3,HR3-4,addItem> 1.4261648114403936E-4
<238,doctor2-0,HR2-9,addItem> 0.001056490666772748
<239,patient5-2,noteItem5-2,read> 0.004255798959754396
<240,nurse4-0,nursingItem4-8,read> 0.0012786654308649989
<241,patient7-5,noteItem7-5,read> 0.0013788479678681572
<242,nurse1-2,nursingItem1-8,read> 7.429067940225136E-4
<243,nurse2-0,HR2-4,addItem> 1.556442419704073E-4
<244,patient0-6,noteItem0-6,read> 0.0016235370986213682
<245,patient9-8,HR9-8,addNote> 0.0012711349365280053
<246,agent7-1,noteItem7-5agent7-1,read> 0.003543606408767935
<247,patient3-0,HR3-0,addNote> 0.0013883718323192272
<248,nurse3-3,HR3-7,addItem> 1.4224407383825577E-4
<249,nurse1-1,HR1-7,addItem> 1.4604906733419015E-4
<250,nurse2-0,HR2-1,addItem> 1.537911504894619E-4
<251,doctor4-1,HR4-1,addItem> 3.7367083667226645E-4
<252,nurse3-3,HR3-6,addItem> 1.4149925922668857E-4
<253,agent0-1,noteItem0-0agent0-0agent0-1,read> 0.001145252915884109
<254,nurse1-2,HR1-8,addItem> 1.4621322757446005E-4
<255,nurse2-0,HR2-2,addItem> 1.5453238708184005E-4
<256,agent2-11,noteItem2-7,read> 8.131115637596616E-4
<257,agent7-1,HR7-5,addNote> 0.0010655681421281298
<258,patient4-5,HR4-5,addNote> 0.0010366611449455607
<259,nurse2-0,HR2-7,addItem> 1.5156744071232736E-4
<260,patient8-5,HR8-5,addNote> 9.81706350043425E-4
<261,patient4-2,noteItem4-2,read> 0.004129746983305772
<262,nurse3-3,HR3-9,addItem> 1.4447851767295726E-4
<263,nurse5-3,nursingItem5-9,read> 7.298242019200594E-4
<264,doctor5-1,HRitem1-4-1,read> 6.319186234185326E-4
<265,nurse1-0,nursingItem1-9,read> 7.551671729591617E-4
<266,nurse2-0,HR2-8,addItem> 1.511968224161383E-4
<267,nurse3-3,HR3-8,addItem> 1.4410611036717367E-4
<268,nurse2-0,HR2-5,addItem> 1.5082620411994922E-4
<269,nurse5-1,nursingItem5-0,read> 0.0012498353812143957
<270,nurse8-0,HR8-0,addItem> 1.0908236021963293E-4
<271,nurse2-0,HR2-6,addItem> 1.5045558582376013E-4
<272,doctor7-0,HR7-3,addItem> 3.737529196117618E-4
<273,doctor6-0,HRitem2-5-0,read> 4.4637990889499437E-4
<274,nurse8-3,HR8-2,addItem> 8.878866781509136E-5
<275,nurse8-3,HR8-3,addItem> 8.586112205901446E-5
<276,patient6-2,HR6-2,addNote> 3.405670761851783E-4
<277,nurse8-3,HR8-0,addItem> 8.781281922973237E-5
<278,patient3-2,noteItem3-2,read> 0.004018524651145221
<279,patient9-2,HR9-2,addNote> 0.0013077714664627622
<280,doctor2-0,HR7-3,addItem> 3.4319050029086814E-4
<281,patient8-3,noteItem8-3,read> 0.0020091078501112765
<282,doctor5-1,HR1-5,addItem> 3.429534678713422E-4
<283,agent3-1,noteItem3-4,read> 0.0020197140156717466
<284,nurse8-3,HR8-1,addItem> 8.943923353866399E-5
<285,doctor2-1,HR1-2,addItem> 4.548839973662385E-4
<286,nurse8-3,HR8-8,addItem> 8.39094248882965E-5
<287,nurse8-3,HR8-9,addItem> 8.455999061186916E-5
<288,nurse8-3,HR8-6,addItem> 8.651168778258708E-5
<289,nurse1-3,nursingItem1-6,read> 7.337471724599986E-4
<290,patient9-4,noteItem9-4,read> 0.0026097084437782495
<291,nurse3-0,nursingItem3-3,read> 8.467718068164185E-4
<292,nurse0-1,nursingItem0-9,read> 7.530956612088617E-4
<293,nurse8-3,HR8-7,addItem> 8.423470775008284E-5
<294,nurse8-3,HR8-4,addItem> 8.521055633544179E-5
<295,nurse8-3,HR8-5,addItem> 8.716225350615971E-5
<296,doctor8-0,HRitem6-2-1,read> 4.501780184399883E-4
<297,nurse8-2,HR8-0,addItem> 8.902822157201241E-5
<298,nurse1-2,nursingItem1-9,read> 0.0012677970011348487
<299,nurse8-2,HR8-1,addItem> 9.067714680563513E-5
<300,nurse8-2,HR8-2,addItem> 9.001757671218605E-5
<301,nurse3-2,nursingItem3-0,read> 4.944654118152555E-4
<302,nurse8-2,HR8-7,addItem> 8.540058605804246E-5
<303,nurse8-2,HR8-8,addItem> 8.507080101131791E-5
<304,patient0-2,HR0-2,addNote> 0.001018342879978182
<305,nurse8-2,HR8-9,addItem> 8.5730371104767E-5
<306,nurse0-2,nursingItem0-2,read> 7.326291087848017E-4
<307,agent7-1,noteItem7-5,read> 9.354000922940044E-4
<308,nurse8-2,HR8-3,addItem> 8.704951129166519E-5
<309,nurse8-2,HR8-5,addItem> 8.836865147856332E-5
<310,nurse8-1,nursingItem8-5,read> 7.338052813549542E-4
<311,nurse8-2,HR8-6,addItem> 8.770908138511425E-5
<312,doctor0-0,HRitem0-0-2,read> 2.384915183229337E-4
<313,nurse9-0,HR9-9,addItem> 1.311048786379912E-4
<314,nurse9-2,HR9-9,addItem> 1.274798589521481E-4
<315,nurse2-0,nursingItem2-9,read> 5.143028270175452E-4
<316,nurse9-2,HR9-7,addItem> 1.263807630541054E-4
<317,nurse9-2,HR9-8,addItem> 1.2711349365280054E-4
<318,doctor8-1,HR7-0,addItem> 2.6889264126919363E-4
<319,patient7-8,HR7-8,addNote> 0.0012344984065932483
<320,nurse9-2,HR9-5,addItem> 1.3334170374170923E-4
<321,agent3-01,noteItem3-1agent3-0,read> 0.0023277200903682317
<322,nurse0-1,nursingItem0-6,read> 7.520709831733147E-4
<323,nurse9-2,HR9-6,addItem> 1.252816671560627E-4
<324,nurse9-2,HR9-3,addItem> 1.3150987724497136E-4
<325,nurse8-0,nursingItem8-9,read> 7.207854423572126E-4
<326,nurse9-2,HR9-4,addItem> 1.322426078436665E-4
<327,nurse9-2,HR9-1,addItem> 1.3004441604758107E-4
<328,nurse9-2,HR9-2,addItem> 1.3077714664627623E-4
<329,doctor8-1,HR7-6,addItem> 2.737970795646672E-4
<330,doctor8-1,HR7-7,addItem> 2.729796731820882E-4
<331,agent0-11,noteItem0-0agent0-0,read> 8.604985167871889E-4
<332,nurse9-2,HR9-0,addItem> 1.2931168544888595E-4
<333,doctor8-1,HR7-8,addItem> 2.75431892329825E-4
<334,patient2-4,noteItem2-4,read> 0.0015419740550369643
<335,doctor8-1,HR7-2,addItem> 2.705274540343514E-4
<336,doctor8-1,HR7-4,addItem> 2.7216226679950924E-4
<337,doctor8-1,HR7-9,addItem> 2.7461448594724605E-4
<338,nurse1-2,nursingItem1-5,read> 7.409015347235718E-4
<339,nurse5-3,HR5-4,addItem> 1.363455550671041E-4
<340,agent6-01,HR6-7,addNote> 1.8453902814749776E-4
<341,nurse9-3,nursingItem9-9,read> 0.0011282386304588888
<342,patient2-7,noteItem2-7,read> 0.0014900703000287076
<343,nurse9-1,HR9-6,addItem> 1.2409416320197678E-4
<344,nurse9-1,HR9-7,addItem> 1.2518284112942194E-4
<345,nurse9-1,HR9-8,addItem> 1.2590862641438536E-4
<346,nurse1-2,HR1-3,addItem> 1.5309030150679155E-4
<347,doctor9-0,HRitem9-1-3,read> 7.506695868988315E-4
<348,nurse9-1,HR9-9,addItem> 1.2627151905686708E-4
<349,agent9-0,noteItem9-9,read> 0.001932187581306531
<350,nurse9-1,HR9-2,addItem> 1.295375528392025E-4
<351,patient3-1,noteItem3-1,read> 0.004025939473289258
<352,nurse1-1,nursingItem1-4,read> 7.5936051717257E-4
<353,nurse9-1,HR9-3,addItem> 1.3026333812416594E-4
<354,nurse9-1,HR9-4,addItem> 1.309891234091294E-4
<355,doctor0-1,HRitem8-7-0,read> 4.7083035991482287E-4
<356,patient2-1,noteItem2-1,read> 0.001586462987901185
<357,patient1-5,HR1-5,addNote> 0.0015568998700191093
<358,nurse2-2,nursingItem2-4,read> 8.749538521285331E-4
<359,nurse9-1,HR9-5,addItem> 1.3207780133657452E-4
<360,patient0-8,noteItem0-8,read> 0.001608707454333295
<361,nurse9-1,HR9-0,addItem> 1.2808598226927566E-4
<362,nurse9-1,HR9-1,addItem> 1.2881176755423908E-4
<363,doctor8-0,HRitem8-1-3,read> 4.3326891385746735E-5
<364,doctor0-0,HRitem8-6-3,read> 2.0834238204430367E-4
<365,doctor9-1,HRitem0-1-2,read> 1.2077317191637648E-4
<366,agent9-01,noteItem9-9agent9-0,read> 0.001013138920598303
<367,nurse1-2,HR1-5,addItem> 1.538142040259843E-4
<368,agent9-11,noteItem9-2,read> 7.311891669466517E-4
<369,patient0-9,HR0-9,addNote> 0.0010659703688933662
<370,agent5-01,noteItem5-0agent5-0,read> 1.650099777730706E-4
<371,nurse2-3,nursingItem2-3,read> 4.928152390143043E-4
<372,nurse9-3,HR9-4,addItem> 1.2973563897459228E-4
<373,nurse9-3,HR9-5,addItem> 1.3081389893143986E-4
<374,patient1-3,HR1-3,addNote> 0.0015495725640321581
<375,agent5-01,noteItem5-0,read> 0.0021620217277319004
<376,nurse8-0,nursingItem8-0,read> 0.0012305786204655112
<377,nurse9-3,HR9-6,addItem> 1.229066592478909E-4
<378,nurse9-3,HR9-8,addItem> 1.247037591759702E-4
<379,nurse3-0,nursingItem3-6,read> 4.835659710721994E-4
<380,nurse9-3,HR9-9,addItem> 1.2506317916158606E-4
<381,doctor3-0,HR5-9,addItem> 9.539083829554282E-4
<382,nurse2-3,nursingItem2-1,read> 4.908158195677076E-4
<383,patient6-2,noteItem6-2,read> 0.004144576627593845
<384,nurse9-3,HR9-0,addItem> 1.2686027908966537E-4
<385,doctor2-1,HRitem1-0-1,read> 6.360490917134997E-4
<386,nurse5-1,nursingItem5-4,read> 7.133640647956133E-4
<387,patient3-3,noteItem3-3,read> 0.004003695006857148
<388,doctor3-0,HR5-8,addItem> 9.590374971462942E-4
<389,nurse9-3,HR9-1,addItem> 1.2757911906089708E-4
<390,nurse0-3,nursingItem0-5,read> 0.0012866080204145865
<391,nurse9-3,HR9-2,addItem> 1.282979590321288E-4
<392,patient0-0,noteItem0-0agent0-0agent0-1,read> 0.0029384704481911898
<393,nurse9-3,HR9-3,addItem> 1.2901679900336052E-4
<394,doctor3-0,HR5-4,addItem> 9.462147116691294E-4
<395,doctor3-0,HR5-1,addItem> 9.898121822914901E-4
<396,nurse0-3,nursingItem0-6,read> 0.0012936583297906811
<397,doctor4-1,HRitem4-4-3,read> 4.264278257439285E-4
<398,nurse7-1,HR7-3,addItem> 1.1941795519196784E-4
<399,doctor3-0,HR5-0,addItem> 9.872476251960572E-4
<400,nurse3-2,HR3-7,addItem> 1.3972647961103E-4
<401,nurse3-2,HR3-8,addItem> 1.41555559741206E-4
<402,nurse3-2,HR3-9,addItem> 1.419213757672412E-4
<403,nurse3-2,HR3-3,addItem> 1.3643413537671312E-4
<404,nurse8-1,nursingItem8-7,read> 0.0012177926282796905
<405,nurse3-2,HR3-4,addItem> 1.400922956370652E-4
<406,patient6-6,noteItem6-6,read> 0.004203895204746139
<407,nurse3-2,HR3-5,addItem> 1.4045811166310039E-4
<408,patient8-7,noteItem8-7,read> 0.0019497892729589828
<409,nurse3-2,HR3-6,addItem> 1.3899484755895957E-4
<410,nurse7-1,nursingItem7-2,read> 1.5936181990626377E-4
<411,doctor2-0,HR2-1,addItem> 0.0010641843380590468
<412,agent2-01,HR2-2,addNote> 0.0010954303245859704
<413,nurse6-0,nursingItem6-0,read> 1.64984115465479E-4
<414,doctor2-0,HRitem7-3-2,read> 8.772942555664114E-5
<415,nurse3-2,HR3-0,addItem> 1.3862903153292436E-4
<416,nurse3-2,HR3-1,addItem> 1.37897399480854E-4
<417,nurse3-2,HR3-2,addItem> 1.3716576742878357E-4
<418,doctor7-1,HR6-9,addItem> 8.640310684239236E-5
<419,nurse6-0,nursingItem6-6,read> 1.388214501413471E-4
<420,nurse6-0,nursingItem6-7,read> 1.3680893742410618E-4
<421,nurse1-1,nursingItem1-1,read> 0.0013185543218088291
<422,doctor7-1,HR6-7,addItem> 7.457433574330221E-5
<423,nurse4-1,nursingItem4-5,read> 0.0012404480793509595
<424,nurse8-2,nursingItem8-8,read> 5.873598284131837E-4
<425,nurse6-0,nursingItem6-8,read> 2.494563655830433E-4
<426,nurse0-2,nursingItem0-4,read> 7.356442157200694E-4
<427,nurse6-0,nursingItem6-9,read> 1.4083396285858804E-4
<428,patient5-2,HR5-2,addNote> 0.0013590626083714219
<429,doctor7-1,HR6-5,addItem> 7.821395761994531E-5
<430,patient8-4,noteItem8-4agent8-1agent8-0,read> 7.927178616258006E-4
<431,nurse6-0,nursingItem6-2,read> 1.6699662818271986E-4
<432,nurse6-0,nursingItem6-3,read> 1.680028845413403E-4
<433,patient5-6,HR5-6,addNote> 0.0013847081793257516
<434,nurse6-0,nursingItem6-4,read> 1.3479642470686529E-4
<435,nurse8-3,nursingItem8-8,read> 5.793412642027647E-4
<436,nurse6-0,nursingItem6-5,read> 1.317776556310039E-4
<437,doctor7-1,HR6-1,addItem> 8.367339043491001E-5
<438,doctor3-1,HRitem3-7-0,read> 7.093649039491624E-4
<439,nurse6-0,nursingItem6-1,read> 1.6599037182409942E-4
<440,nurse9-0,nursingItem9-6,read> 6.700217528663822E-4
<441,doctor0-0,HR1-2,addItem> 2.867198578593111E-4
<442,nurse2-0,nursingItem2-6,read> 5.11222913223545E-4
<443,nurse3-1,HR3-8,addItem> 1.424057432831952E-4
<444,doctor0-1,HRitem4-7-3,read> 4.5430848673495524E-4
<445,nurse9-3,nursingItem9-6,read> 6.39145174393277E-4
<446,doctor5-1,HR5-3,addItem> 4.6520048892209165E-4
<447,nurse2-3,nursingItem2-4,read> 4.958143681841995E-4
<448,nurse3-1,HR3-9,addItem> 1.427737564024799E-4
<449,nurse3-1,HR3-6,addItem> 1.3982965144820257E-4
<450,nurse3-1,HR3-7,addItem> 1.405656776867719E-4
<451,patient7-4,noteItem7-4agent7-0,read> 6.261221639110964E-4
<452,nurse3-1,HR3-4,addItem> 1.4093369080605658E-4
<453,doctor2-1,HR1-8,addItem> 4.354794464763191E-4
<454,nurse3-1,HR3-5,addItem> 1.4130170392534123E-4
<455,nurse3-1,HR3-2,addItem> 1.3798958585177926E-4
<456,nurse3-1,HR3-3,addItem> 1.372535596132099E-4
<457,nurse3-1,HR3-0,addItem> 1.394616383289179E-4
<458,nurse3-1,HR3-1,addItem> 1.387256120903486E-4
<459,nurse6-1,nursingItem6-9,read> 2.4674433711774623E-4
<460,nurse6-1,nursingItem6-7,read> 2.3969240012360995E-4
<461,doctor1-1,HR2-7,addItem> 2.3893813736774308E-4
<462,nurse6-1,nursingItem6-8,read> 1.4366041560760003E-4
<463,agent2-11,HR2-7,addNote> 0.001055939578762647
<464,nurse0-0,nursingItem0-4,read> 7.452291566415037E-4
<465,nurse6-1,nursingItem6-5,read> 2.3087747888093967E-4
<466,doctor4-1,HRitem3-0-2,read> 7.661588430049576E-4
<467,doctor6-1,HR8-2,addItem> 2.1289586530503436E-4
<468,nurse1-0,nursingItem1-0,read> 0.0013124690792188508
<469,nurse6-1,nursingItem6-6,read> 1.396124555552579E-4
<470,nurse6-1,nursingItem6-4,read> 2.3616643162654186E-4
<471,patient4-1,noteItem4-1,read> 0.004040769117577332
<472,nurse6-1,nursingItem6-1,read> 1.669361859085672E-4
<473,nurse6-1,nursingItem6-2,read> 1.6794817592165272E-4
<474,nurse6-1,nursingItem6-0,read> 2.890559590825637E-4
<475,nurse3-0,HR3-1,addItem> 1.3541276165237012E-4
<476,nurse9-3,nursingItem9-4,read> 6.271977602162624E-4
<477,nurse2-2,nursingItem2-3,read> 8.696613479402398E-4
<478,nurse3-0,HR3-2,addItem> 1.3469431215979647E-4
<479,patient5-7,noteItem5-7agent5-1,read> 0.00166567931765085
<480,nurse3-0,HR3-3,addItem> 1.339758626672228E-4
<481,nurse3-0,HR3-4,addItem> 1.3756811013009105E-4
<482,nurse3-0,HR3-5,addItem> 1.3792733487637786E-4
<483,nurse9-0,HR9-0,addItem> 1.3298879498771683E-4
<484,nurse3-0,HR3-6,addItem> 1.3649043589123057E-4
<485,agent8-11,noteItem8-4agent8-1,read> 1.1679301137124806E-4
<486,doctor1-0,HR8-7,addItem> 1.1673868907311536E-4
<487,nurse3-0,HR3-7,addItem> 1.3720888538380421E-4
<488,nurse3-0,HR3-8,addItem> 1.390050091152383E-4
<489,doctor9-1,HRitem9-1-0,read> 7.475717356776063E-4
<490,nurse9-0,HR9-4,addItem> 1.360030611472779E-4
<491,nurse0-0,nursingItem0-8,read> 7.493016789297477E-4
<492,nurse9-0,HR9-3,addItem> 1.3524949460738762E-4
<493,patient8-1,HR8-1,addNote> 0.001007351920997755
<494,agent0-11,noteItem0-0agent0-0agent0-1,read> 8.285557095040325E-4
<495,patient4-0,noteItem4-0,read> 0.004048183939721369
<496,nurse9-0,HR9-2,addItem> 1.3449592806749736E-4
<497,nurse9-0,HR9-1,addItem> 1.3374236152760707E-4
<498,doctor4-1,HR4-5,addItem> 2.6840962746647374E-4
<499,nurse9-0,HR9-8,addItem> 1.3072809536804605E-4
<500,patient1-4,noteItem1-4agent1-1,read> 0.0021721302387035513
<501,patient3-7,HR3-7,addNote> 0.0013993627912996544
<502,nurse9-0,HR9-7,addItem> 1.299745288281558E-4
<503,patient1-4,HR1-4,addNote> 0.0015532362170256337
<504,nurse9-0,HR9-6,addItem> 1.288441790183204E-4
<505,nurse3-0,HR3-0,addItem> 1.3613121114494373E-4
<506,agent9-1,HR9-2,addNote> 0.0012241688058629836
<507,nurse9-0,HR9-5,addItem> 1.3713341095711329E-4
<508,agent1-01,noteItem1-7,read> 8.465074861718324E-4
<509,nurse3-0,HR3-9,addItem> 1.3936423386152515E-4
<510,patient6-4,noteItem6-4,read> 0.004233554493322285
<511,agent9-11,noteItem9-2agent9-1,read> 0.001387248407583629
<512,doctor2-1,HRitem2-0-2,read> 3.2213350129601376E-4
<513,nurse1-0,nursingItem1-8,read> 7.739690989990646E-4
<514,doctor4-0,HRitem6-7-1,read> 1.6827355730849604E-4
<515,nurse1-1,HR1-3,addItem> 1.5522396424556218E-4
<516,patient7-4,HR7-4,addNote> 0.0012198437946193453
<517,patient0-4,HR0-4,addNote> 0.0010549794099129388
<518,nurse7-3,HR7-8,addItem> 1.279452130082638E-4
<519,nurse7-3,HR7-9,addItem> 1.2756550667560664E-4
<520,nurse8-2,nursingItem8-2,read> 5.96495098895924E-4
<521,nurse7-3,HR7-4,addItem> 1.2642638767763523E-4
<522,nurse7-3,HR7-5,addItem> 1.260466813449781E-4
<523,nurse7-3,HR7-6,addItem> 1.2718580034294953E-4
<524,nurse6-0,HR6-7,addItem> 2.977222585683274E-5
<525,nurse7-3,HR7-7,addItem> 1.268060940102924E-4
<526,nurse7-3,HR7-0,addItem> 1.2490756234700666E-4
<527,nurse7-3,nursingItem7-5,read> 1.6298709827064302E-4
<528,nurse7-3,HR7-1,addItem> 1.245278560143495E-4
<529,nurse7-2,nursingItem7-4,read> 1.5076933373894585E-4
<530,nurse7-3,HR7-2,addItem> 1.2566697501232096E-4
<531,nurse7-3,HR7-3,addItem> 1.2528726867966377E-4
<532,patient0-3,HR0-3,addNote> 0.0010476521039259877
<533,agent3-1,noteItem3-4agent3-1,read> 0.0021218558044943147
<534,patient2-0,HR2-0,addNote> 0.001516599687090877
<535,agent4-11,noteItem4-3,read> 0.002022045115336678
<536,doctor2-0,HRitem0-6-2,read> 5.369178526342936E-4
<537,nurse1-0,nursingItem1-3,read> 7.83370062019016E-4
<538,nurse0-1,nursingItem0-1,read> 7.66416475670972E-4
<539,doctor1-0,HRitem8-1-1,read> 3.1968103574587725E-5
<540,patient0-0,noteItem0-0agent0-0,read> 0.0030517555226371885
<541,doctor6-0,HR0-6,addItem> 2.7914531543858233E-4
<542,doctor4-1,HRitem3-6-3,read> 4.0784071841657734E-4
<543,doctor3-0,HRitem3-1-1,read> 3.7131188943296366E-5
<544,agent0-01,noteItem0-0agent0-0agent0-1,read> 8.401236775250312E-4
<545,agent7-01,HR7-4,addNote> 4.932203059346722E-4
<546,patient8-1,noteItem8-1,read> 0.0019053003400947629
<547,doctor0-0,HR0-0,addItem> 1.715679561246512E-4
<548,agent5-01,HR5-0,addNote> 9.221436971565533E-4
<549,doctor1-0,HRitem8-5-1,read> 4.7702606235727323E-4
<550,doctor5-1,HR1-9,addItem> 3.2358478491282736E-4
<551,doctor5-1,HR1-8,addItem> 3.260058702826418E-4
<552,patient7-2,noteItem7-2,read> 0.001579048165757148
<553,doctor5-1,HR1-7,addItem> 2.297596894451683E-4
<554,patient4-3,noteItem4-3agent4-1,read> 0.004411176415989175
<555,nurse9-2,nursingItem9-3,read> 6.36272953177748E-4
<556,doctor5-1,HR1-6,addItem> 2.3033703553947092E-4
<557,doctor1-1,HR2-5,addItem> 2.3776961667557278E-4
<558,doctor3-0,HRitem3-5-2,read> 6.804516258843939E-4
<559,agent5-0,noteItem5-0,read> 0.002136635954020763
<560,doctor5-1,HR1-4,addItem> 3.421464394147375E-4
<561,doctor5-1,HR1-2,addItem> 3.4053238250152785E-4
<562,doctor5-1,HR1-1,addItem> 2.4650272617994344E-4
<563,doctor5-1,HR1-0,addItem> 3.4376049632794703E-4
<564,agent9-1,noteItem9-2agent9-1,read> 0.004066825033750832
<565,doctor4-0,HR6-5,addItem> 7.032683584314412E-5
<566,doctor4-0,HR6-7,addItem> 6.705423465994401E-5
<567,patient8-0,noteItem8-0,read> 0.0018978855179507263
<568,doctor1-1,HRitem0-5-3,read> 3.3396450855954215E-4
<569,doctor4-0,HR6-9,addItem> 7.76901885053444E-5
<570,doctor9-1,HR0-5,addItem> 7.077576837338055E-5
<571,doctor9-1,HR0-8,addItem> 7.353693326928307E-5
<572,doctor0-1,HRitem0-5-0,read> 4.233299745227033E-4
<573,doctor9-1,HR0-1,addItem> 6.926967843016097E-5
<574,patient6-7,noteItem6-7agent6-0,read> 0.0022920791410581385
<575,doctor9-1,HR0-4,addItem> 7.22818583166001E-5
<576,nurse1-1,nursingItem1-5,read> 0.0013061811370876158
<577,doctor9-1,HR0-3,addItem> 7.177982833552692E-5
<578,doctor7-1,HR7-0,addItem> 2.893148671883728E-4
<579,nurse8-3,nursingItem8-7,read> 5.847475983382841E-4
<580,doctor4-0,HR6-1,addItem> 7.52357376179443E-5
<581,doctor4-0,HR6-3,addItem> 7.359943702634424E-5
<582,doctor9-0,HRitem0-5-3,read> 2.1327951481216865E-4
<583,nurse0-0,nursingItem0-9,read> 0.0013002330199858797
<584,nurse7-0,HR7-9,addItem> 1.2204916044098585E-4
<585,doctor0-0,HRitem0-9-2,read> 1.4865383290740318E-4
<586,nurse0-0,nursingItem0-7,read> 0.0012966947703708606
<587,patient0-7,HR0-7,addNote> 0.001080624980867269
<588,agent5-11,HR5-7,addNote> 8.698732959716743E-4
<589,patient1-7,noteItem1-7agent1-0,read> 9.992965267920336E-4
<590,nurse5-0,HR5-9,addItem> 1.350910715746127E-4
<591,nurse5-0,HR5-5,addItem> 1.3363831668818246E-4
<592,nurse7-0,HR7-0,addItem> 1.1950615424551448E-4
<593,patient5-7,noteItem5-7,read> 0.004151991449737881
<594,nurse0-3,nursingItem0-0,read> 0.0013200969899510358
<595,nurse5-0,HR5-6,addItem> 1.3727020390425808E-4
<596,nurse5-0,HR5-7,addItem> 1.3654382646104292E-4
<597,nurse5-0,HR5-8,addItem> 1.3581744901782782E-4
<598,nurse5-0,HR5-1,addItem> 1.4017571367711855E-4
<599,nurse7-2,nursingItem7-8,read> 2.5363971844300865E-4
<600,nurse5-0,HR5-2,addItem> 1.3472788285300512E-4
<601,nurse5-0,HR5-3,addItem> 1.3436469413139756E-4
<602,patient8-4,HR8-4,addNote> 9.59724432082571E-4
<603,nurse7-3,nursingItem7-8,read> 1.524689741553017E-4
<604,nurse5-0,HR5-4,addItem> 1.3400150540979002E-4
<605,nurse7-0,HR7-8,addItem> 1.224124470403389E-4
<606,nurse7-0,HR7-7,addItem> 1.2132258724227975E-4
<607,patient7-7,noteItem7-7,read> 0.0014233369007323774
<608,nurse7-0,HR7-6,addItem> 1.2168587384163281E-4
<609,nurse5-0,HR5-0,addItem> 1.3981252495551104E-4
<610,patient2-7,HR2-7,addNote> 0.001498281422123498
<611,nurse7-0,HR7-5,addItem> 1.2059601404357366E-4
<612,agent8-01,noteItem8-4agent8-1agent8-0,read> 2.1953519796281734E-4
<613,agent7-0,noteItem7-4agent7-0,read> 5.537115530307829E-4
<614,nurse2-1,nursingItem2-6,read> 8.818344696522491E-4
<615,nurse1-0,HR1-6,addItem> 1.5044124707897888E-4
<616,doctor5-0,HR5-3,addItem> 4.835787798424706E-4
<617,nurse7-0,HR7-4,addItem> 1.2095930064292671E-4
<618,nurse7-0,HR7-3,addItem> 1.1986944084486753E-4
<619,nurse7-0,HR7-2,addItem> 1.202327274442206E-4
<620,nurse7-0,HR7-1,addItem> 1.1914286764616144E-4
<621,doctor6-0,HR2-2,addItem> 4.151273657776452E-4
<622,doctor7-1,HR8-2,addItem> 2.324275960669641E-4
<623,doctor6-0,HR2-0,addItem> 4.121405395224249E-4
<624,doctor6-1,HR6-8,addItem> 5.702001312514416E-5
<625,agent6-11,noteItem6-9,read> 0.0018635448179122086
<626,patient2-2,noteItem2-2,read> 0.0015716333436131115
<627,patient9-5,noteItem9-5,read> 0.0026541973766424686
<628,patient5-9,noteItem5-9,read> 0.004137161805449808
<629,doctor6-0,HR2-7,addItem> 4.071624957637242E-4
<630,doctor6-0,HR2-8,addItem> 4.061668870119841E-4
<631,patient3-6,HR3-6,addNote> 0.0013920354853127032
<632,doctor6-0,HR2-5,addItem> 4.0517127826024396E-4
<633,patient0-6,HR0-6,addNote> 0.0010403247979390363
<634,doctor6-0,HR2-4,addItem> 4.181141920328657E-4
<635,nurse4-2,HR4-4,addItem> 1.0520471559724184E-4
<636,doctor3-0,HR9-9,addItem> 5.197055048172014E-4
<637,agent9-01,noteItem9-9,read> 7.991377763461963E-4
<638,nurse3-2,nursingItem3-6,read> 4.92438741183616E-4
<639,nurse4-2,HR4-3,addItem> 1.0447655029822707E-4
<640,nurse8-0,nursingItem8-6,read> 7.241433557735647E-4
<641,patient6-0,noteItem6-0,read> 0.004174235916169991
<642,nurse4-2,HR4-6,addItem> 1.0374838499921225E-4
<643,nurse4-2,HR4-5,addItem> 1.0302021970019746E-4
<644,nurse1-1,HR1-9,addItem> 1.4715005496355478E-4
<645,nurse4-2,HR4-8,addItem> 1.0229205440118267E-4
<646,patient8-6,HR8-6,addNote> 9.743790440564737E-4
<647,doctor6-1,HR8-3,addItem> 2.0587624892495692E-4
<648,nurse4-2,HR4-7,addItem> 1.0156388910216788E-4
<649,nurse7-1,HR7-1,addItem> 1.1869411861547908E-4
<650,nurse7-1,HR7-0,addItem> 1.1905603690372348E-4
<651,nurse4-2,HR4-9,addItem> 1.0083572380315307E-4
<652,nurse7-1,HR7-2,addItem> 1.1977987348021223E-4
<653,agent4-1,noteItem4-3agent4-1,read> 0.003021380413109228
<654,nurse1-2,HR1-6,addItem> 1.4440347127647808E-4
<655,patient4-7,HR4-7,addNote> 0.0010220065329716577
<656,patient1-6,HR1-6,addNote> 0.0014616448921887415
<657,nurse3-2,nursingItem3-7,read> 5.187854593949317E-4
<658,doctor6-1,HR6-6,addItem> 5.9736599358401646E-5
<659,nurse0-1,nursingItem0-0,read> 7.67441153706519E-4
<660,nurse5-1,nursingItem5-8,read> 7.224713783481788E-4
<661,agent0-1,noteItem0-0agent0-0,read> 8.454810906652486E-4
<662,nurse7-1,HR7-5,addItem> 1.2014179176845663E-4
<663,nurse0-2,nursingItem0-8,read> 0.0012923648241640676
<664,agent5-11,noteItem5-7,read> 0.0020302807943378656
<665,nurse1-2,nursingItem1-3,read> 0.0013151448460276723
<666,nurse7-1,HR7-4,addItem> 1.2050371005670099E-4
<667,doctor6-1,HR6-4,addItem> 6.177403903334476E-5
<668,patient7-5,noteItem7-5agent7-1,read> 0.004084648848468354
<669,nurse7-1,HR7-7,addItem> 1.2086562834494536E-4
<670,doctor3-0,HR9-7,addItem> 5.1522474845906E-4
<671,nurse4-2,HR4-0,addItem> 1.0702512884477885E-4
<672,agent7-01,noteItem7-4,read> 4.084557461327089E-4
<673,nurse4-3,nursingItem4-9,read> 7.195454873208766E-4
<674,nurse0-0,nursingItem0-5,read> 7.431928954973815E-4
<675,nurse7-1,HR7-6,addItem> 1.2122754663318976E-4
<676,doctor6-1,HR6-2,addItem> 6.313233214997352E-5
<677,nurse7-1,HR7-9,addItem> 1.215894649214341E-4
<678,nurse5-3,nursingItem5-0,read> 7.257295772117239E-4
<679,nurse1-1,nursingItem1-3,read> 7.62410327918173E-4
<680,nurse4-2,HR4-2,addItem> 1.0556879824674923E-4
<681,nurse7-1,HR7-8,addItem> 1.219513832096785E-4
<682,doctor7-1,HRitem7-8-3,read> 2.1164347440564866E-4
<683,nurse4-2,HR4-1,addItem> 1.0629696354576404E-4
<684,doctor6-1,HR6-0,addItem> 5.226598721694356E-5
<685,doctor9-0,HR0-8,addItem> 7.426143507489178E-5
<686,patient4-7,noteItem4-7,read> 0.003996280184713111
<687,agent4-01,HR4-7,addNote> 6.4084368754273E-4
<688,doctor6-0,HR6-7,addItem> 6.855825487661565E-5
<689,doctor6-0,HR6-9,addItem> 7.943277217275398E-5
<690,nurse0-2,nursingItem0-1,read> 0.0013134371827305201
<691,doctor9-0,HR0-3,addItem> 7.248701876247794E-5
<692,nurse3-0,nursingItem3-8,read> 5.114281276837503E-4
<693,doctor9-0,HR0-1,addItem> 6.995213831617241E-5
<694,doctor9-0,HR0-5,addItem> 7.147306658395571E-5
<695,doctor9-0,HR0-4,addItem> 7.299399485173902E-5
<696,nurse4-3,HR4-7,addItem> 1.0092712490716995E-4
<697,nurse8-3,nursingItem8-4,read> 5.865497097167906E-4
<698,doctor4-1,HR3-6,addItem> 4.7044242714689273E-4
<699,nurse4-3,HR4-6,addItem> 1.030979249051733E-4
<700,doctor9-0,HRitem0-3-3,read> 1.2031453092045838E-4
<701,nurse4-3,HR4-5,addItem> 1.0237432490583885E-4
<702,nurse4-3,HR4-4,addItem> 1.0454512490384222E-4
<703,nurse7-2,HR7-2,addItem> 1.1932701951620387E-4
<704,nurse7-2,HR7-1,addItem> 1.1824536958479676E-4
<705,nurse1-0,nursingItem1-6,read> 7.697908932124194E-4
<706,patient1-0,noteItem1-0,read> 0.0017199297864938456
<707,nurse7-2,HR7-0,addItem> 1.1860591956193245E-4
<708,nurse4-3,HR4-9,addItem> 1.002035249078355E-4
<709,doctor9-0,HR9-1,addItem> 1.9100689562771624E-4
<710,nurse4-3,HR4-8,addItem> 1.0165072490650442E-4
<711,nurse7-2,HR7-6,addItem> 1.2076921942474669E-4
<712,nurse9-0,nursingItem9-9,read> 6.741966141810555E-4
<713,nurse0-1,HR0-2,addItem> 1.0281978110747454E-4
<714,nurse7-2,HR7-5,addItem> 1.1968756949333959E-4
<715,doctor6-0,HR6-3,addItem> 7.525026552039309E-5
<716,nurse7-2,HR7-4,addItem> 1.2004811947047527E-4
<717,nurse7-2,HR7-3,addItem> 1.1896646953906815E-4
<718,doctor6-0,HR6-5,addItem> 7.190426019850437E-5
<719,patient5-9,HR5-9,addNote> 0.0013627262613648975
<720,nurse4-3,HR4-3,addItem> 1.0382152490450777E-4
<721,nurse7-2,HR7-9,addItem> 1.2112976940188237E-4
<722,nurse4-3,HR4-2,addItem> 1.0490692490350944E-4
<723,nurse7-2,HR7-8,addItem> 1.2149031937901808E-4
<724,agent3-11,HR3-4,addNote> 9.064289265104301E-4
<725,patient2-8,noteItem2-8,read> 0.0014678258335965976
<726,nurse5-3,HR5-5,addItem> 1.3597601319001654E-4
<727,nurse4-3,HR4-1,addItem> 1.0563052490284388E-4
<728,nurse7-2,HR7-7,addItem> 1.2040866944761098E-4
<729,patient5-0,HR5-0,addNote> 0.0014103537502800818
<730,nurse4-3,HR4-0,addItem> 1.0635412490217837E-4
<731,doctor6-0,HR6-1,addItem> 7.692326818133744E-5
<732,patient4-9,HR4-9,addNote> 0.0010146792269847065
<733,nurse0-3,nursingItem0-4,read> 0.0012901331751026342
<734,nurse6-0,HR6-6,addItem> 3.195178890888354E-5
<735,nurse5-3,HR5-1,addItem> 1.4262776697759294E-4
<736,nurse1-1,HR1-6,addItem> 1.4641606321064504E-4
<737,nurse4-0,HR4-0,addItem> 1.0903814067258034E-4
<738,nurse6-0,HR6-5,addItem> 3.122526789153328E-5
<739,nurse5-3,HR5-0,addItem> 1.4225822510050535E-4
<740,nurse5-3,HR5-3,addItem> 1.367150969441917E-4
<741,nurse6-0,HR6-8,addItem> 3.049874687418301E-5
<742,nurse5-3,HR5-2,addItem> 1.3708463882127926E-4
<743,nurse6-0,HR6-2,addItem> 3.376809145225921E-5
<744,nurse6-0,HR6-1,addItem> 3.340483094358407E-5
<745,agent1-0,HR1-7,addNote> 7.812843792475701E-4
<746,nurse6-0,HR6-4,addItem> 3.304157043490894E-5
<747,nurse6-0,HR6-3,addItem> 3.26783099262338E-5
<748,nurse5-3,HR5-9,addItem> 1.3745418069836682E-4
<749,doctor2-1,HR2-4,addItem> 4.13527930328666E-4
<750,nurse8-0,nursingItem8-5,read> 7.297398781341511E-4
<751,nurse4-0,HR4-7,addItem> 1.0347418168716163E-4
<752,nurse5-3,HR5-8,addItem> 1.3819326445254197E-4
<753,doctor6-1,HR3-5,addItem> 4.8173453511206473E-4
<754,nurse4-0,HR4-8,addItem> 1.0421604288521745E-4
<755,nurse6-0,HR6-0,addItem> 2.7955923313457086E-5
<756,nurse4-2,nursingItem4-9,read> 0.0012632677761093523
<757,nurse4-0,HR4-5,addItem> 1.0495790408327328E-4
<758,patient7-9,noteItem7-9,read> 0.001452996189308524
<759,agent3-11,noteItem3-4agent3-1,read> 0.0017468227086781612
<760,doctor6-0,HRitem6-7-0,read> 1.672409402347543E-4
<761,nurse4-0,HR4-6,addItem> 1.0569976528132909E-4
<762,nurse3-1,nursingItem3-8,read> 5.239401308075117E-4
<763,nurse4-0,HR4-3,addItem> 1.0644162647938494E-4
<764,nurse4-0,HR4-4,addItem> 1.0718348767744074E-4
<765,nurse5-3,HR5-7,addItem> 1.3893234820671715E-4
<766,nurse4-0,HR4-1,addItem> 1.0829627947452449E-4
<767,nurse5-3,HR5-6,addItem> 1.396714319608923E-4
<768,nurse2-1,nursingItem2-8,read> 5.099104435840071E-4
<769,nurse4-0,HR4-2,addItem> 1.0755441827646866E-4
<770,nurse4-0,HR4-9,addItem> 1.0273232048910579E-4
<771,doctor3-0,HR9-5,addItem> 5.43602872060622E-4
<772,nurse6-0,HR6-9,addItem> 3.449461246960947E-5
<773,doctor3-0,HR9-1,addItem> 5.301606029861978E-4
<774,nurse6-1,HR6-9,addItem> 3.4691162968011804E-5
<775,nurse8-2,nursingItem8-7,read> 5.928409907028279E-4
<776,nurse6-1,HR6-8,addItem> 3.067252890765413E-5
<777,nurse4-1,HR4-0,addItem> 1.0836713672997984E-4
<778,nurse6-1,HR6-7,addItem> 2.9941868169407282E-5
<779,nurse4-1,HR4-1,addItem> 1.0762984083160433E-4
<780,nurse6-1,HR6-6,addItem> 3.213385038414783E-5
<781,nurse6-1,HR6-5,addItem> 3.1403189645900984E-5
<782,doctor7-1,HRitem6-1-2,read> 4.976784038321078E-4
<783,nurse0-2,nursingItem0-0,read> 7.527298216865855E-4
<784,nurse6-1,HR6-4,addItem> 3.3229841491518105E-5
<785,nurse3-1,nursingItem3-5,read> 4.964157526345675E-4
<786,nurse1-1,nursingItem1-0,read> 7.430948598626874E-4
<787,nurse0-3,nursingItem0-3,read> 0.0012830828657265393
<788,nurse6-1,HR6-3,addItem> 3.286451112239468E-5
<789,doctor5-1,HR5-6,addItem> 4.7526001070078756E-4
<790,nurse6-1,HR6-2,addItem> 3.396050222976496E-5
<791,nurse4-1,HR4-6,addItem> 1.0504930518729014E-4
<792,patient6-8,noteItem6-8,read> 0.004278043426186505
<793,nurse6-1,HR6-1,addItem> 3.359517186064152E-5
<794,nurse4-3,nursingItem4-3,read> 7.045123275834547E-4
<795,agent8-11,noteItem8-4,read> 4.8155905572971316E-4
<796,nurse6-1,HR6-0,addItem> 2.811521632379017E-5
<797,nurse4-1,HR4-7,addItem> 1.028374174921637E-4
<798,nurse9-3,nursingItem9-0,read> 6.630400027473061E-4
<799,nurse4-1,HR4-8,addItem> 1.0357471339053921E-4
<800,nurse4-1,HR4-9,addItem> 1.0210012159378821E-4
<801,agent2-11,noteItem2-7agent2-1,read> 0.002815965674782838
<802,agent6-01,noteItem6-7,read> 0.0020075190944391875
<803,nurse4-1,HR4-2,addItem> 1.0689254493322886E-4
<804,nurse4-1,HR4-3,addItem> 1.0578660108566564E-4
<805,patient9-1,HR9-1,addNote> 0.0013004441604758106
<806,nurse0-3,nursingItem0-2,read> 7.374019368550611E-4
<807,nurse4-1,HR4-4,addItem> 1.0652389698404112E-4
<808,nurse4-1,HR4-5,addItem> 1.0431200928891468E-4
<809,agent7-01,noteItem7-4agent7-0,read> 2.1810743725532992E-4
<810,agent7-11,HR7-5,addNote> 5.154660419855007E-4
<811,nurse6-2,HR6-4,addItem> 3.341811254812727E-5
<812,nurse6-2,HR6-3,addItem> 3.305071231855555E-5
<813,nurse6-2,HR6-6,addItem> 3.231591185941212E-5
<814,nurse9-1,nursingItem9-2,read> 0.0011168901083414787
<815,nurse6-2,HR6-5,addItem> 3.158111140026869E-5
<816,nurse6-2,HR6-8,addItem> 3.084631094112526E-5
<817,nurse6-2,HR6-7,addItem> 3.011151048198183E-5
<818,nurse5-1,HR5-1,addItem> 1.4099306477727668E-4
<819,nurse4-1,nursingItem4-1,read> 0.0012280428601515452
<820,nurse6-2,HR6-9,addItem> 3.4887713466414136E-5
<821,nurse5-1,HR5-0,addItem> 1.406277583371758E-4
<822,doctor3-0,HRitem9-9-3,read> 5.203959794544259E-4
<823,nurse9-1,nursingItem9-8,read> 0.001123915034660078
<824,doctor4-0,HRitem4-8-2,read> 4.026776330478688E-4
<825,nurse5-1,HR5-3,addItem> 1.3514816173566227E-4
<826,nurse5-1,HR5-2,addItem> 1.3551346817576316E-4
<827,nurse5-1,HR5-5,addItem> 1.344175488554605E-4
<828,nurse5-1,HR5-4,addItem> 1.3478285529556138E-4
<829,nurse5-1,HR5-7,addItem> 1.3734000037626766E-4
<830,nurse6-2,HR6-0,addItem> 2.8274509334123255E-5
<831,nurse5-1,HR5-6,addItem> 1.380706132564695E-4
<832,nurse5-1,HR5-9,addItem> 1.3587877461586405E-4
<833,nurse6-2,HR6-2,addItem> 3.4152913007270706E-5
<834,agent1-01,noteItem1-7agent1-0,read> 6.578666471026613E-4
<835,nurse5-1,HR5-8,addItem> 1.3660938749606585E-4
<836,nurse6-2,HR6-1,addItem> 3.378551277769899E-5
<837,patient0-9,noteItem0-9,read> 0.0016161222764773317
<838,nurse6-3,HR6-7,addItem> 3.0281152794556376E-5
<839,nurse6-3,HR6-6,addItem> 3.249797333467642E-5
<840,nurse6-3,HR6-5,addItem> 3.1759033154636404E-5
<841,nurse3-3,nursingItem3-0,read> 5.033746985146296E-4
<842,nurse6-3,HR6-4,addItem> 3.360638360473644E-5
<843,nurse5-2,HR5-2,addItem> 1.362990534985212E-4
<844,nurse5-2,HR5-1,addItem> 1.418104158774348E-4
<845,nurse6-3,HR6-9,addItem> 3.5084263964816474E-5
<846,nurse5-2,HR5-0,addItem> 1.4144299171884057E-4
<847,nurse6-3,HR6-8,addItem> 3.102009297459639E-5
<848,nurse5-2,HR5-6,addItem> 1.3887102260868087E-4
<849,nurse5-2,HR5-5,addItem> 1.351967810227385E-4
<850,nurse9-3,nursingItem9-1,read> 6.30184613760516E-4
<851,nurse9-2,nursingItem9-5,read> 0.0011318369624382322
<852,nurse5-2,HR5-4,addItem> 1.3556420518133274E-4
<853,nurse5-2,HR5-3,addItem> 1.3593162933992698E-4
<854,patient2-0,noteItem2-0,read> 0.001601292632189258
<855,nurse6-3,HR6-3,addItem> 3.323691351471643E-5
<856,nurse5-2,HR5-9,addItem> 1.3666647765711544E-4
<857,nurse6-3,HR6-2,addItem> 3.4345323784776453E-5
<858,nurse5-2,HR5-8,addItem> 1.374013259743039E-4
<859,nurse6-3,HR6-1,addItem> 3.3975853694756446E-5
<860,nurse5-2,HR5-7,addItem> 1.381361742914924E-4
<861,patient9-8,noteItem9-8,read> 0.0026690270209305425
<862,nurse6-3,HR6-0,addItem> 2.8433802344456347E-5
<863,doctor6-1,HRitem3-1-0,read> 3.919642309077982E-5
<864,doctor7-0,HRitem0-3-1,read> 3.066442451898878E-4
<865,patient1-2,noteItem1-2,read> 0.0013714331457241207
<866,nurse1-3,nursingItem1-7,read> 0.0012976784540714146
<867,doctor9-0,HRitem9-5-2,read> 7.351803307927057E-4
<868,patient0-7,noteItem0-7,read> 0.0016309519207654047
<869,agent0-01,noteItem0-0,read> 3.8858597765142476E-4
<870,agent0-0,noteItem0-0agent0-0agent0-1,read> 8.083117654672848E-4
<871,agent4-11,noteItem4-3agent4-1,read> 0.0024162640652390975
<872,doctor3-1,HR3-7,addItem> 5.066352424660071E-4
<873,nurse1-0,nursingItem1-1,read> 7.79191856232371E-4
<874,doctor6-1,HRitem6-0-2,read> 2.622417110189934E-4
<875,nurse4-1,nursingItem4-7,read> 7.352070046813926E-4
<876,nurse4-1,nursingItem4-8,read> 7.341858247454962E-4
<877,nurse4-1,nursingItem4-9,read> 7.331646448095999E-4
<878,nurse4-1,nursingItem4-3,read> 7.178469457711542E-4
<879,agent1-0,noteItem1-7,read> 5.936345759128515E-4
<880,nurse4-1,nursingItem4-4,read> 7.127410460916725E-4
<881,patient7-7,HR7-7,addNote> 0.0012235074476128211
<882,nurse8-2,nursingItem8-5,read> 0.001085198521933615
<883,nurse4-1,nursingItem4-6,read> 0.0012776637369492025
<884,nurse4-1,nursingItem4-0,read> 7.055927865403979E-4
<885,patient3-7,noteItem3-7,read> 0.004122332161161734
<886,nurse4-1,nursingItem4-2,read> 7.168257658352579E-4
<887,nurse1-3,nursingItem1-5,read> 7.357384578265436E-4
<888,agent8-11,HR8-4,addNote> 2.960024398221882E-4
<889,nurse4-0,nursingItem4-9,read> 7.377043639725076E-4
<890,nurse4-0,nursingItem4-6,read> 7.407868730669317E-4
<891,patient2-8,HR2-8,addNote> 0.0014946177691300224
<892,nurse4-0,nursingItem4-7,read> 7.39759370035457E-4
<893,patient7-6,HR7-6,addNote> 0.001227171100606297
<894,nurse5-3,nursingItem5-7,read> 7.31871514274227E-4
<895,nurse4-0,nursingItem4-5,read> 7.192093094059634E-4
<896,nurse4-0,nursingItem4-2,read> 7.212643154689127E-4
<897,nurse1-1,nursingItem1-6,read> 0.0013026459414529833
<898,doctor0-1,HR4-4,addItem> 1.7330596706427703E-4
<899,nurse4-0,nursingItem4-3,read> 0.0012502094745942274
<900,nurse4-0,nursingItem4-0,read> 7.099617821226914E-4
<901,patient6-4,HR6-4,addNote> 3.3323977019822685E-4
<902,nurse4-3,nursingItem4-5,read> 7.015056956359704E-4
<903,nurse4-3,nursingItem4-6,read> 7.22552119268361E-4
<904,nurse4-3,nursingItem4-7,read> 0.0012622344667156645
<905,patient7-9,HR7-9,addNote> 0.0012308347535997725
<906,nurse4-3,nursingItem4-8,read> 7.20547697970038E-4
<907,agent1-1,HR1-4,addNote> 9.742881908647416E-4
<908,patient2-9,HR2-9,addNote> 0.0015092723811039254
<909,doctor5-0,HRitem0-1-1,read> 1.145774694739261E-4
<910,nurse4-3,nursingItem4-0,read> 0.0012113915250619753
<911,nurse4-3,nursingItem4-2,read> 0.0012306767787926846
<912,nurse4-3,nursingItem4-4,read> 0.001223663959254245
<913,patient6-5,HR6-5,addNote> 3.149215052308484E-4
<914,nurse9-3,nursingItem9-2,read> 6.331714673047696E-4
<915,nurse9-3,nursingItem9-3,read> 6.242109066720088E-4
<916,nurse9-3,nursingItem9-5,read> 6.381495565451925E-4
<917,nurse9-3,nursingItem9-8,read> 6.371539386971079E-4
<918,nurse4-2,nursingItem4-6,read> 7.271108077180037E-4
<919,patient4-0,HR4-0,addNote> 0.0010769613278737934
<920,nurse4-2,nursingItem4-7,read> 7.26102273973264E-4
<921,nurse4-2,nursingItem4-5,read> 7.059315990784687E-4
<922,doctor2-1,HR1-0,addItem> 4.5919611978622064E-4
<923,doctor2-1,HR1-4,addItem> 4.5704005857622967E-4
<924,doctor2-1,HR1-3,addItem> 4.5596202797123413E-4
<925,nurse4-2,nursingItem4-2,read> 7.079486665679481E-4
<926,nurse4-2,nursingItem4-3,read> 7.089572003126878E-4
<927,nurse4-2,nursingItem4-0,read> 6.968547953758109E-4
<928,nurse8-1,nursingItem8-4,read> 0.001221545697053843
<929,doctor7-1,HRitem8-5-3,read> 4.8425438187346535E-4
<930,nurse8-1,nursingItem8-2,read> 0.0012252987658279953
<931,nurse4-2,nursingItem4-1,read> 6.988718628652904E-4
<932,doctor2-1,HR1-5,addItem> 4.581180891812251E-4
<933,nurse3-0,nursingItem3-2,read> 8.537560918455772E-4
<934,patient2-2,noteItem2-2agent2-0,read> 8.193731732601532E-4
<935,patient7-0,HR7-0,addNote> 0.0012051891826454426
<936,nurse3-0,nursingItem3-4,read> 8.45025735559129E-4
<937,patient3-5,HR3-5,addNote> 0.0014066900972866058
<938,doctor2-1,HR1-9,addItem> 4.3224535466133247E-4
<939,patient6-6,HR6-6,addNote> 3.222488112177997E-4
<940,nurse3-0,nursingItem3-5,read> 4.845610480940405E-4
<941,agent7-11,noteItem7-5,read> 4.524975589873482E-4
<942,nurse0-2,nursingItem0-6,read> 7.376542870102477E-4
<943,nurse3-0,nursingItem3-9,read> 8.991539445351078E-4
<944,agent7-11,noteItem7-5agent7-1,read> 0.0014915284764200937
<945,nurse3-0,nursingItem3-0,read> 4.8555612511588163E-4
<946,nurse5-2,nursingItem5-1,read> 7.185172986020743E-4
<947,nurse3-0,nursingItem3-1,read> 8.555021631028669E-4
<948,doctor4-0,HRitem4-0-0,read> 4.646346574723725E-4
<949,nurse9-1,nursingItem9-7,read> 6.42304778055294E-4
<950,nurse3-1,nursingItem3-1,read> 4.994740168760058E-4
<951,nurse9-1,nursingItem9-9,read> 6.493414394647031E-4
<952,nurse3-1,nursingItem3-0,read> 8.638890695207862E-4
<953,patient9-1,noteItem9-1,read> 0.0026022936216342123
<954,nurse9-1,nursingItem9-3,read> 0.00110108402412463
<955,nurse9-1,nursingItem9-5,read> 6.443152527436968E-4
<956,nurse9-1,nursingItem9-6,read> 0.0011274274978193778
<957,nurse3-1,nursingItem3-9,read> 5.249595522213244E-4
<958,nurse9-1,nursingItem9-0,read> 6.694461863487294E-4
<959,nurse9-1,nursingItem9-1,read> 6.362733539900862E-4
<960,nurse3-1,nursingItem3-7,read> 9.063790451030568E-4
<961,nurse3-1,nursingItem3-6,read> 8.603482382222636E-4
<962,patient6-7,HR6-7,addNote> 3.0026689325694556E-4
<963,nurse3-1,nursingItem3-4,read> 4.933574883931293E-4
<964,nurse3-1,nursingItem3-3,read> 4.94376909806942E-4
<965,doctor0-0,HRitem1-3-3,read> 6.133315160911816E-4
<966,patient4-2,HR4-2,addNote> 0.0010623067158998904
<967,nurse3-2,nursingItem3-1,read> 4.964920824468953E-4
<968,nurse3-2,nursingItem3-3,read> 4.914254058677961E-4
<969,nurse9-2,nursingItem9-8,read> 6.494660921018829E-4
<970,nurse3-2,nursingItem3-2,read> 4.954787471310755E-4
<971,patient1-0,HR1-0,addNote> 0.0015605635230125853
<972,nurse9-2,nursingItem9-9,read> 6.555552331437912E-4
<973,nurse9-2,nursingItem9-6,read> 6.51495805782519E-4
<974,nurse9-2,nursingItem9-7,read> 6.484512352615649E-4
<975,patient9-2,noteItem9-2,read> 0.0025948787994901756
<976,nurse9-2,nursingItem9-4,read> 6.393175236987022E-4
<977,nurse3-2,nursingItem3-9,read> 5.218254653423912E-4
<978,agent2-01,noteItem2-2agent2-0,read> 5.062140327186598E-4
<979,nurse9-2,nursingItem9-2,read> 6.454066647406106E-4
<980,nurse3-2,nursingItem3-8,read> 9.067918756206393E-4
<981,nurse3-2,nursingItem3-5,read> 8.591549777363931E-4
<982,doctor6-1,HRitem8-0-2,read> 3.3555752325465624E-4
<983,nurse3-2,nursingItem3-4,read> 4.904120705519762E-4
<984,patient6-8,HR6-8,addNote> 3.0759419924389694E-4
<985,doctor9-1,HRitem7-1-3,read> 1.3006672558005204E-4
<986,doctor1-1,HR0-8,addItem> 1.162825398001964E-4
<987,doctor1-1,HR0-5,addItem> 1.1191636279731604E-4
<988,patient4-3,HR4-3,addNote> 0.0010513157569194632
<989,nurse7-0,nursingItem7-9,read> 1.4990103574515984E-4
<990,patient7-5,HR7-5,addNote> 0.0012161801416258698
<991,doctor1-1,HR0-3,addItem> 1.1350406352563618E-4
<992,doctor1-1,HR0-4,addItem> 1.1429791388979622E-4
<993,patient4-7,noteItem4-7agent4-0,read> 0.003058419350545777
<994,doctor1-1,HR0-1,addItem> 1.0953481170483583E-4
<995,doctor1-0,HR8-6,addItem> 1.2207419273548435E-4
<996,patient7-1,noteItem7-1,read> 0.0015938778100452215
<997,doctor1-0,HR8-5,addItem> 1.2079589854049956E-4
<998,doctor1-0,HR8-4,addItem> 1.2023820299670847E-4
<999,doctor1-0,HR8-3,addItem> 1.1899269433277329E-4
<1000,nurse3-3,nursingItem3-3,read> 5.002799176852338E-4
<1001,doctor1-0,HR8-2,addItem> 1.2304990380015748E-4
<1002,nurse3-3,nursingItem3-2,read> 5.044062921244282E-4
<1003,doctor1-0,HR8-1,addItem> 1.262051696477301E-4
<1004,patient6-5,noteItem6-5,read> 0.004248384137610359
<1005,nurse3-3,nursingItem3-1,read> 5.054378857342268E-4
<1006,doctor1-0,HR8-0,addItem> 1.2169750064436274E-4
<1007,nurse3-3,nursingItem3-8,read> 5.301961323693925E-4
<1008,nurse3-3,nursingItem3-7,read> 5.281329451497954E-4
<1009,patient6-9,HR6-9,addNote> 3.478943821721296E-4
<1010,nurse2-0,nursingItem2-8,read> 8.88742015384E-4
<1011,nurse3-3,nursingItem3-6,read> 5.013115112950325E-4
<1012,nurse3-3,nursingItem3-5,read> 5.02343104904831E-4
<1013,doctor1-0,HR8-9,addItem> 1.1718949012504694E-4
<1014,nurse3-3,nursingItem3-9,read> 5.31227725979191E-4
<1015,doctor1-0,HR8-8,addItem> 1.1840221325793256E-4
<1016,patient2-1,HR2-1,addNote> 0.0015202633400843526
<1017,patient9-3,noteItem9-3,read> 0.0026245380880663225
<1018,patient4-4,HR4-4,addNote> 0.0010586430629064146
<1019,patient9-9,HR9-9,addNote> 0.001274798589521481
<1020,nurse9-0,nursingItem9-4,read> 6.574971689223619E-4
<1021,nurse9-0,nursingItem9-5,read> 6.689780375377138E-4
<1022,nurse9-0,nursingItem9-2,read> 6.637594608943721E-4
<1023,nurse1-0,nursingItem1-5,read> 7.71879996105742E-4
<1024,nurse9-0,nursingItem9-3,read> 6.54366022936357E-4
<1025,doctor2-0,HR2-3,addItem> 0.0010718780093453455
<1026,nurse9-0,nursingItem9-8,read> 6.679343222090455E-4
<1027,nurse9-0,nursingItem9-7,read> 6.668906068803772E-4
<1028,nurse9-0,nursingItem9-0,read> 0.0011952017901366667
<1029,nurse9-0,nursingItem9-1,read> 0.00113597637452081
<1030,doctor0-1,HRitem8-2-0,read> 1.259362572850851E-4
<1031,doctor7-1,HR7-9,addItem> 2.954712823483026E-4
<1032,doctor7-1,HR7-8,addItem> 2.963507702282927E-4
<1033,doctor7-1,HR7-2,addItem> 2.9107384294835276E-4
<1034,doctor7-1,HR7-6,addItem> 2.945917944683127E-4
<1035,doctor7-1,HR7-7,addItem> 2.937123065883227E-4
<1036,doctor7-1,HR7-4,addItem> 2.928328187083327E-4
<1037,patient9-7,HR9-7,addNote> 0.0012638076305410539
<1038,patient3-4,HR3-4,addNote> 0.0014030264442931302
<1039,patient9-4,HR9-4,addNote> 0.001322426078436665
<1040,doctor6-1,HR8-5,addItem> 2.089960784272135E-4
<1041,doctor6-1,HR8-0,addItem> 2.105559931783419E-4
<1042,nurse1-3,HR1-4,addItem> 1.5238289908857337E-4
<1043,doctor7-0,HR7-8,addItem> 2.92366222057156E-4
<1044,agent6-1,noteItem6-9agent6-1,read> 0.001258706309521788
<1045,doctor7-0,HR7-7,addItem> 2.897632335585638E-4
<1046,doctor7-0,HR7-4,addItem> 2.8889557072569967E-4
<1047,doctor7-0,HR7-6,addItem> 2.906308963914279E-4
<1048,nurse8-1,nursingItem8-9,read> 7.248009601419326E-4
<1049,doctor7-0,HR7-1,addItem> 3.714874643596637E-4
<1050,doctor7-0,HR7-2,addItem> 2.8716024505997156E-4
<1051,doctor6-1,HR8-7,addItem> 2.019764620471361E-4
<1052,agent1-0,noteItem1-7agent1-0,read> 5.739633067952189E-4
<1053,nurse5-2,nursingItem5-3,read> 0.0012451503690262163
<1054,doctor8-1,HR8-1,addItem> 2.2156018671490394E-4
<1055,agent7-0,HR7-4,addNote> 0.0010925766270704765
<1056,doctor8-1,HR8-4,addItem> 2.1108484526088817E-4
<1057,doctor8-1,HR8-6,addItem> 2.143080272467392E-4
<1058,doctor8-1,HR8-8,addItem> 2.0786166327503718E-4
<1059,patient1-8,HR1-8,addNote> 0.0014799631571561199
<1060,doctor8-0,HR8-1,addItem> 2.207588840504739E-4
<1061,doctor8-0,HR8-6,addItem> 2.1353295300714878E-4
<1062,doctor8-0,HR8-4,addItem> 2.103214280990043E-4
<1063,doctor8-0,HR8-8,addItem> 2.071099031908598E-4
<1064,patient1-9,HR1-9,addNote> 0.0014689721981756927
<1065,agent8-01,noteItem8-4agent8-1,read> 1.2172477000880555E-4
<1066,patient4-5,noteItem4-5,read> 0.004063013584009441
<1067,patient9-0,HR9-0,addNote> 0.0012931168544888594
<1068,patient5-1,HR5-1,addNote> 0.0014140174032735574
<1069,patient3-1,HR3-1,addNote> 0.0013810445263322763
<1070,doctor9-0,HR9-5,addItem> 1.9584989239442444E-4
<1071,nurse7-0,nursingItem7-1,read> 1.589579934293429E-4
<1072,patient8-3,HR8-3,addNote> 9.670517380695225E-4
<1073,doctor5-0,HR0-3,addItem> 1.488635848731864E-4
<1074,nurse7-0,nursingItem7-0,read> 2.758264683367093E-4
<1075,nurse7-0,nursingItem7-7,read> 1.478883784820081E-4
<1076,nurse7-0,nursingItem7-6,read> 1.5392635027146345E-4
<1077,doctor5-0,HR0-8,addItem> 1.5250763008063144E-4
<1078,doctor9-0,HR9-7,addItem> 1.8562578810915167E-4
<1079,nurse2-0,nursingItem2-4,read> 5.091696373608783E-4
<1080,nurse7-0,nursingItem7-8,read> 1.4587572121885627E-4
<1081,doctor9-0,HR9-9,addItem> 1.8724012036472104E-4
<1082,nurse7-0,nursingItem7-3,read> 1.5292002163988755E-4
<1083,nurse5-0,nursingItem5-9,read> 7.172770809701443E-4
<1084,doctor5-0,HR0-5,addItem> 1.4678127332607492E-4
<1085,nurse7-0,nursingItem7-2,read> 1.5996432206091883E-4
<1086,doctor5-0,HR0-4,addItem> 1.499047406467421E-4
<1087,nurse7-0,nursingItem7-5,read> 2.7231182260266043E-4
<1088,nurse7-0,nursingItem7-4,read> 1.5191369300831165E-4
<1089,doctor8-1,HR1-1,addItem> 3.3658273475928085E-4
<1090,nurse5-3,nursingItem5-5,read> 0.0012723504020185142
<1091,nurse5-3,nursingItem5-1,read> 0.0012528292474806582
<1092,nurse5-3,nursingItem5-2,read> 7.247059210346401E-4
<1093,nurse5-3,nursingItem5-3,read> 7.206112963263048E-4
<1094,nurse5-3,nursingItem5-4,read> 7.216349525033886E-4
<1095,patient1-7,HR1-7,addNote> 0.0014579812391952657
<1096,agent5-1,noteItem5-7agent5-1,read> 0.0011469863787286158
<1097,doctor1-1,HRitem2-2-1,read> 1.1531123630104777E-4
<1098,doctor9-0,HR1-7,addItem> 1.1629811441051728E-4
<1099,doctor9-0,HR1-6,addItem> 1.1659035132244823E-4
<1100,doctor9-0,HR1-1,addItem> 1.2477298485651458E-4
<1101,nurse1-2,nursingItem1-0,read> 7.32880497527805E-4
<1102,patient1-1,HR1-1,addNote> 0.001564227176006061
<1103,patient3-9,HR3-9,addNote> 0.0014213447092605088
<1104,patient2-9,noteItem2-9,read> 0.0014455813671644874
<1105,doctor3-1,HRitem3-8-3,read> 6.174619843861486E-4
<1106,doctor9-1,HR9-7,addItem> 1.838148048105258E-4
<1107,doctor9-1,HR9-5,addItem> 1.939391617369179E-4
<1108,patient1-2,HR1-2,addNote> 0.0015459089110386823
<1109,patient3-8,HR3-8,addNote> 0.001417681056267033
<1110,doctor9-1,HR9-1,addItem> 1.891434137191532E-4
<1111,doctor9-1,HR9-9,addItem> 1.8541338748311406E-4
<1112,doctor6-0,HRitem2-2-1,read> 1.964960942575487E-4
<1113,patient8-2,HR8-2,addNote> 0.0010000246150108035
<1114,doctor8-1,HRitem8-6-3,read> 3.378690242536655E-4
<1115,nurse8-2,nursingItem8-1,read> 5.99235680040746E-4
<1116,doctor7-0,HRitem0-4-3,read> 5.410483209292604E-4
<1117,nurse2-0,nursingItem2-3,read> 5.060897235668781E-4
<1118,nurse0-1,HR0-0,addItem> 1.0355960264744736E-4
<1119,nurse8-2,nursingItem8-0,read> 6.01062734137294E-4
<1120,nurse8-2,nursingItem8-3,read> 0.00108852756450106
<1121,patient4-6,HR4-6,addNote> 0.0010439884509325119
<1122,nurse8-2,nursingItem8-9,read> 0.0010718823516638343
<1123,nurse8-2,nursingItem8-4,read> 5.946680447993759E-4
<1124,nurse8-2,nursingItem8-6,read> 5.910139366062799E-4
<1125,nurse8-3,nursingItem8-3,read> 5.892528767845502E-4
<1126,nurse8-3,nursingItem8-2,read> 5.88351821095297E-4
<1127,nurse1-3,nursingItem1-1,read> 7.427079566094507E-4
<1128,nurse8-3,nursingItem8-1,read> 0.0010836759151908158
<1129,nurse8-3,nursingItem8-0,read> 5.92857099541563E-4
<1130,nurse8-3,nursingItem8-9,read> 5.802423198920181E-4
<1131,nurse8-3,nursingItem8-6,read> 0.0010688074658685
<1132,nurse8-3,nursingItem8-5,read> 5.874507654060438E-4
<1133,patient2-2,HR2-2,addNote> 0.0015275906460713038
<1134,nurse8-0,nursingItem8-1,read> 7.342170960226204E-4
<1135,patient4-8,HR4-8,addNote> 0.0010293338389586093
<1136,nurse8-0,nursingItem8-3,read> 7.319784870783858E-4
<1137,nurse8-0,nursingItem8-2,read> 7.308591826062685E-4
<1138,nurse8-0,nursingItem8-4,read> 7.286205736620338E-4
<1139,nurse8-0,nursingItem8-7,read> 7.263819647177991E-4
<1140,nurse8-0,nursingItem8-8,read> 7.196661378850954E-4
<1141,agent8-01,noteItem8-4,read> 5.018936031885495E-4
<1142,nurse8-1,nursingItem8-0,read> 7.405585222647206E-4
<1143,nurse8-1,nursingItem8-6,read> 7.281775805968158E-4
<1144,doctor2-0,HRitem7-1-0,read> 1.3316457680127722E-4
<1145,nurse8-1,nursingItem8-3,read> 7.360563616582098E-4
<1146,patient4-9,noteItem4-9,read> 0.003966620896136965
<1147,nurse5-0,nursingItem5-1,read> 7.102346784452782E-4
<1148,doctor6-0,HRitem0-0-3,read> 2.3642628417545018E-4
<1149,nurse5-0,nursingItem5-0,read> 7.13252850955935E-4
<1150,nurse5-0,nursingItem5-7,read> 7.19289195977249E-4
<1151,nurse5-0,nursingItem5-6,read> 7.202952534808013E-4
<1152,patient6-0,HR6-0,addNote> 2.8194862828956715E-4
<1153,nurse5-0,nursingItem5-3,read> 7.082225634381736E-4
<1154,nurse5-0,nursingItem5-2,read> 7.122467934523828E-4
<1155,patient7-4,noteItem7-4,read> 0.0013046997464277908
<1156,nurse5-2,nursingItem5-0,read> 7.215706684597942E-4
<1157,nurse5-0,nursingItem5-5,read> 7.213013109843535E-4
<1158,patient2-4,HR2-4,addNote> 0.0015385816050517312
<1159,nurse7-3,nursingItem7-9,read> 1.5667622380143823E-4
<1160,nurse7-3,nursingItem7-6,read> 1.6088347344757475E-4
<1161,nurse7-3,nursingItem7-7,read> 2.64937460162827E-4
<1162,nurse7-3,nursingItem7-1,read> 1.6614253550524538E-4
<1163,nurse7-3,nursingItem7-2,read> 1.6719434791677955E-4
<1164,nurse7-3,nursingItem7-3,read> 1.5983166103604064E-4
<1165,nurse7-3,nursingItem7-4,read> 2.721486867507576E-4
<1166,doctor2-0,HR0-9,addItem> 2.8184346193655714E-4
<1167,nurse7-3,nursingItem7-0,read> 1.6509072309371127E-4
<1168,doctor2-0,HR0-2,addItem> 2.692507138162355E-4
<1169,doctor2-0,HR0-7,addItem> 2.8571815366588684E-4
<1170,doctor2-0,HR0-6,addItem> 2.750627514102301E-4
<1171,doctor2-0,HRitem2-3-0,read> 4.749608282097897E-4
<1172,doctor2-0,HR0-0,addItem> 2.7118805968090036E-4
<1173,patient2-3,HR2-3,addNote> 0.0015312542990647796
<1174,nurse7-2,nursingItem7-6,read> 2.676376563392597E-4
<1175,patient8-9,noteItem8-9,read> 0.0019794485615351296
<1176,nurse7-2,nursingItem7-7,read> 1.4677434173261442E-4
<1177,doctor2-0,HR2-6,addItem> 0.0010411033242001498
<1178,nurse7-2,nursingItem7-5,read> 1.5476432574527727E-4
<1179,nurse7-2,nursingItem7-9,read> 1.4877183773578012E-4
<1180,nurse5-2,nursingItem5-5,read> 7.29712988080381E-4
<1181,nurse5-2,nursingItem5-4,read> 7.17499508649501E-4
<1182,nurse5-2,nursingItem5-7,read> 7.276774081752342E-4
<1183,nurse5-2,nursingItem5-6,read> 7.286951981278077E-4
<1184,patient8-8,HR8-8,addNote> 9.45069820108668E-4
<1185,nurse5-2,nursingItem5-9,read> 7.256418282700876E-4
<1186,nurse7-2,nursingItem7-2,read> 2.7813610976144804E-4
<1187,nurse5-2,nursingItem5-8,read> 7.266596182226609E-4
<1188,nurse7-2,nursingItem7-3,read> 2.6588791410222834E-4
<1189,nurse7-2,nursingItem7-0,read> 1.56761821748443E-4
<1190,nurse7-2,nursingItem7-1,read> 2.7638636752441665E-4
<1191,patient2-6,HR2-6,addNote> 0.0014872904631430713
<1192,nurse7-1,nursingItem7-3,read> 1.5234405169020813E-4
<1193,nurse7-1,nursingItem7-4,read> 1.5134151337362875E-4
<1194,nurse7-1,nursingItem7-5,read> 1.5535166663994626E-4
<1195,nurse7-1,nursingItem7-6,read> 1.533465900067875E-4
<1196,nurse5-1,nursingItem5-2,read> 7.163998359798019E-4
<1197,nurse7-1,nursingItem7-7,read> 1.4733136010731124E-4
<1198,nurse5-1,nursingItem5-1,read> 7.143759885236762E-4
<1199,nurse7-1,nursingItem7-8,read> 1.4532628347415247E-4
<1200,nurse7-1,nursingItem7-9,read> 2.6120328639582405E-4
<1201,nurse5-1,nursingItem5-6,read> 7.244952258043044E-4
<1202,nurse5-1,nursingItem5-5,read> 7.255071495323673E-4
<1203,nurse7-1,nursingItem7-0,read> 1.57356743273105E-4
<1204,nurse5-1,nursingItem5-9,read> 0.0012568870530684413
<1205,nurse7-1,nursingItem7-1,read> 1.5835928158968438E-4
<1206,nurse5-1,nursingItem5-7,read> 0.0012604128889954639
<1207,patient6-1,HR6-1,addNote> 3.3690342319170254E-4
<1208,doctor7-1,HRitem6-9-0,read> 4.6256942332488905E-4
<1209,doctor9-0,HRitem1-7-1,read> 2.716341583805582E-4
<1210,patient5-7,HR5-7,addNote> 0.0013773808733388002
<1211,agent8-01,HR8-4,addNote> 3.0850158315441113E-4
<1212,agent2-0,noteItem2-2agent2-0,read> 5.03824920866404E-4
<1213,patient5-4,HR5-4,addNote> 0.0013517353023844707
<1214,doctor8-1,HR1-7,addItem> 3.137212549708101E-4
<1215,doctor8-1,HRitem1-1-3,read> 5.441461721504856E-4
<1216,doctor8-1,HR1-6,addItem> 3.145095818600677E-4
<1217,doctor2-0,HRitem0-0-0,read> 2.405567524704171E-4
<1218,doctor4-1,HR3-0,addItem> 4.6920428499846355E-4
<1219,doctor4-1,HR3-2,addItem> 4.6425171640474694E-4
<1220,doctor4-1,HR3-4,addItem> 4.741568535921802E-4
<1221,doctor4-1,HR3-7,addItem> 4.72918711443751E-4
<1222,doctor4-1,HR3-8,addItem> 4.791094221858967E-4
<1223,doctor2-0,HRitem7-5-0,read> 8.256634018793245E-5
<1224,agent0-11,HR0-0,addNote> 3.356861693872705E-4
<1225,doctor8-1,HRitem7-6-2,read> 3.5724248180323253E-4
<1226,doctor5-0,HRitem5-3-0,read> 7.01749353030317E-5
<1227,doctor2-1,HRitem6-2-0,read> 4.4708016721876307E-4
<1228,patient5-0,noteItem5-0agent5-0,read> 2.929307684816881E-4
<1229,doctor2-1,HR2-8,addItem> 4.017116743573736E-4
<1230,doctor5-0,HRitem0-8-1,read> 2.4881768906035096E-4
<1231,doctor2-1,HR2-7,addItem> 4.0269636235498133E-4
<1232,doctor2-1,HR2-5,addItem> 4.0072698635976596E-4
<1233,doctor2-1,HR2-2,addItem> 4.105738663358429E-4
<1234,doctor2-1,HR2-0,addItem> 4.076198023430199E-4
<1235,nurse1-3,nursingItem1-8,read> 0.0012941851802339727
<1236,nurse1-3,nursingItem1-9,read> 7.198081748941844E-4
<1237,doctor6-1,HRitem8-9-3,read> 3.1903565007478855E-4
<1238,nurse1-3,nursingItem1-0,read> 7.27773316360364E-4
<1239,doctor3-1,HR3-0,addItem> 5.026559976249956E-4
<1240,nurse1-3,nursingItem1-3,read> 7.466905273425406E-4
<1241,nurse1-3,nursingItem1-4,read> 7.437035992927233E-4
<1242,nurse1-3,nursingItem1-2,read> 7.417123139261783E-4
<1243,doctor3-1,HR3-6,addItem> 5.039824125719995E-4
<1244,doctor0-0,HRitem1-2-1,read> 6.246903039023407E-4
<1245,nurse0-1,HR0-9,addItem> 1.0762862111729795E-4
<1246,patient8-4,noteItem8-4,read> 0.002016522672255313
<1247,doctor0-0,HR1-5,addItem> 2.8875835196080915E-4
<1248,doctor1-0,HRitem8-7-3,read> 4.6773250869359766E-4
<1249,doctor3-0,HR3-5,addItem> 5.029485329885593E-4
<1250,doctor3-0,HR3-3,addItem> 4.885395896669122E-4
<1251,doctor3-0,HR3-1,addItem> 4.937792054202384E-4
<1252,doctor3-0,HR3-9,addItem> 5.081881487418857E-4
<1253,agent4-11,HR4-3,addNote> 6.684185153966094E-4
<1254,doctor7-1,HR8-5,addItem> 2.2817003057649913E-4
<1255,doctor7-1,HR8-3,addItem> 2.2476397818412726E-4
<1256,doctor7-1,HR8-0,addItem> 2.2987305677268514E-4
<1257,doctor7-1,HR8-9,addItem> 2.213579257917553E-4
<1258,doctor7-1,HR8-7,addItem> 2.2050641269366232E-4
<1259,nurse1-0,nursingItem1-4,read> 7.802364076790323E-4
<1260,nurse1-0,nursingItem1-7,read> 7.760582018923872E-4
<1261,agent4-0,HR4-7,addNote> 6.877648053204249E-4
<1262,doctor6-0,HRitem2-7-0,read> 4.340158659832457E-4
<1263,nurse1-1,nursingItem1-8,read> 7.532608956813641E-4
<1264,doctor7-1,HRitem8-2-1,read> 1.2387102313760165E-4
<1265,nurse1-2,nursingItem1-1,read> 7.479199422698678E-4
<1266,nurse1-2,nursingItem1-2,read> 7.46917312620397E-4
<1267,nurse1-2,nursingItem1-4,read> 0.0013098839743729141
<1268,nurse1-2,nursingItem1-7,read> 7.449120533214552E-4
<1269,nurse1-2,nursingItem1-6,read> 7.3889627542463E-4
<1270,nurse0-0,nursingItem0-2,read> 7.421747649253204E-4
<1271,doctor5-0,HR5-7,addItem> 4.914214810810464E-4
<1272,nurse0-0,nursingItem0-6,read> 7.472654177856256E-4
<1273,nurse0-0,nursingItem0-0,read> 7.625373763665411E-4
<1274,nurse0-0,nursingItem0-1,read> 7.6151924579448E-4
<1275,doctor5-0,HR5-2,addItem> 4.8488589671556655E-4
<1276,doctor5-0,HR5-6,addItem> 4.940357148272385E-4
<1277,doctor5-0,HR5-5,addItem> 4.8096454609627867E-4
<1278,nurse0-1,nursingItem0-3,read> 7.45922914960033E-4
<1279,nurse0-1,nursingItem0-4,read> 7.500216271022209E-4
<1280,nurse0-1,nursingItem0-5,read> 7.479722710311268E-4
<1281,nurse1-0,HR1-3,addItem> 1.5949128972310336E-4
<1282,nurse0-1,nursingItem0-7,read> 7.510463051377677E-4
<1283,nurse0-1,nursingItem0-2,read> 0.0012943910992110818
<1284,agent5-0,HR5-0,addNote> 9.113161782075529E-4
<1285,agent5-0,noteItem5-0agent5-0,read> 1.9608493785967842E-4
<1286,doctor7-0,HR0-1,addItem> 2.0030197654435708E-4
<1287,doctor7-0,HR0-3,addItem> 2.0756039031011973E-4
<1288,doctor7-0,HR0-5,addItem> 2.0465702480381464E-4
<1289,doctor7-0,HR0-4,addItem> 2.0901207306327216E-4
<1290,doctor0-1,HR0-4,addItem> 1.1999500617090755E-4
<1291,nurse0-2,nursingItem0-9,read> 7.386593226553369E-4
<1292,doctor0-1,HR0-5,addItem> 1.1749474848191746E-4
<1293,nurse0-2,nursingItem0-7,read> 7.366492513651585E-4
<1294,doctor0-1,HR0-3,addItem> 1.1916158694124422E-4
<1295,nurse0-2,nursingItem0-5,read> 7.336341444298909E-4
<1296,doctor0-1,HR0-1,addItem> 1.1499449079292734E-4
<1297,patient4-4,noteItem4-4,read> 0.004085258050441552
<1298,doctor0-1,HR0-8,addItem> 1.2207855424506599E-4
<1299,nurse0-3,nursingItem0-9,read> 7.434714355065119E-4
<1300,doctor0-0,HR0-6,addItem> 1.7401929170851292E-4
<1301,nurse0-3,nursingItem0-7,read> 7.414482692893616E-4
<1302,doctor0-0,HR0-2,addItem> 1.7034228833272044E-4
<1303,nurse0-3,nursingItem0-1,read> 7.566220159179883E-4
<1304,doctor0-1,HR4-9,addItem> 1.6610883389707993E-4
<1305,doctor0-1,HR4-5,addItem> 1.697074004806785E-4
<1306,doctor0-1,HR4-7,addItem> 1.6730835609161276E-4
<1307,agent5-1,HR5-7,addNote> 9.207218393687659E-4
<1308,doctor0-1,HR4-3,addItem> 1.7210644486974417E-4
<1309,doctor0-0,HR0-7,addItem> 1.807604645641325E-4
<1310,doctor0-0,HR0-9,addItem> 1.7830912898027083E-4
<1311,doctor2-1,HR6-2,addItem> 6.266897558373518E-5
<1312,doctor2-1,HR6-0,addItem> 5.188238364103939E-5
<1313,doctor0-0,HRitem0-7-3,read> 5.3485261848681E-4
<1314,doctor7-0,HRitem0-1-0,read> 1.1561008654766781E-4
<1315,doctor2-1,HR6-8,addItem> 5.6601517615968786E-5
<1316,doctor2-1,HR6-6,addItem> 5.929816560164273E-5
<1317,doctor9-0,HRitem9-7-3,read> 5.365306212316404E-5
<1318,doctor2-1,HR6-4,addItem> 6.13206515908982E-5
<1319,doctor9-1,HRitem9-7-1,read> 5.881614749187269E-5
<1320,agent6-0,HR6-7,addNote> 2.0580793308653145E-4
<1321,agent8-0,noteItem8-4agent8-1,read> 1.271048703406865E-4
<1322,doctor6-0,HR0-9,addItem> 2.860266673085283E-4
<1323,doctor6-0,HR0-7,addItem> 2.8995886837706887E-4
<1324,doctor6-0,HR0-2,addItem> 2.732470138357715E-4
<1325,doctor6-0,HR0-0,addItem> 2.752131143700417E-4
<1326,agent6-1,HR6-9,addNote> 2.5721469527262443E-4
<1327,agent8-1,noteItem8-4agent8-1,read> 1.7619085675948907E-4
<1328,nurse2-1,nursingItem2-9,read> 8.871471699965685E-4
<1329,nurse2-1,nursingItem2-5,read> 5.04810914187384E-4
<1330,nurse2-1,nursingItem2-3,read> 5.027711024287347E-4
<1331,nurse2-1,nursingItem2-4,read> 5.058308200667086E-4
<1332,nurse2-1,nursingItem2-1,read> 8.694381688488372E-4
<1333,nurse2-1,nursingItem2-0,read> 5.0175119654941E-4
<1334,doctor1-1,HR1-1,addItem> 1.9537623482410337E-4
<1335,nurse2-0,nursingItem2-7,read> 5.101962752922116E-4
<1336,doctor0-0,HR1-8,addItem> 2.744888932503231E-4
<1337,nurse2-0,nursingItem2-2,read> 5.071163614982115E-4
<1338,doctor1-1,HR1-7,addItem> 1.821058279306149E-4
<1339,nurse2-0,nursingItem2-5,read> 5.081429994295449E-4
<1340,doctor1-1,HR1-6,addItem> 1.8256342816832142E-4
<1341,nurse2-0,nursingItem2-0,read> 8.745209580497447E-4
<1342,agent3-1,HR3-4,addNote> 9.175054510706392E-4
<1343,doctor1-0,HRitem8-3-0,read> 5.1587827975680584E-5
<1344,doctor4-0,HRitem4-1-0,read> 6.391469429347247E-4
<1345,doctor4-1,HR4-3,addItem> 2.722039617672809E-4
<1346,doctor4-1,HR4-2,addItem> 3.7111108211821076E-4
<1347,doctor4-1,HR4-0,addItem> 3.762305912263223E-4
<1348,doctor4-1,HR4-7,addItem> 2.646152931656665E-4
<1349,doctor4-1,HR4-6,addItem> 3.647116957330713E-4
<1350,doctor1-1,HRitem0-3-3,read> 1.883949484169129E-4
<1351,doctor4-1,HR4-4,addItem> 2.741011289176844E-4
<1352,doctor8-1,HRitem1-6-2,read> 1.7550187682468813E-4
<1353,agent3-0,HR3-1,addNote> 8.833447474314928E-4
<1354,doctor7-0,HRitem7-1-1,read> 1.321319597275355E-4
<1355,doctor4-1,HR4-8,addItem> 3.5959218662495984E-4
<1356,doctor4-1,HR4-9,addItem> 2.6271812601526295E-4
<1357,patient5-3,HR5-3,addNote> 0.0013553989553779463
<1358,doctor4-0,HR4-0,addItem> 3.776423382853329E-4
<1359,doctor4-0,HR4-2,addItem> 3.7250361901171243E-4
<1360,doctor4-0,HR4-1,addItem> 3.7507297864852263E-4
<1361,doctor4-0,HR4-6,addItem> 3.6608021991968686E-4
<1362,doctor4-0,HR4-8,addItem> 3.609415006460666E-4
<1363,doctor8-0,HRitem6-4-3,read> 2.477850719866092E-4
<1364,doctor1-0,HR1-7,addItem> 1.7870198067957536E-4
<1365,nurse2-3,nursingItem2-0,read> 4.918155292910059E-4
<1366,doctor7-0,HRitem7-5-2,read> 8.050110604044903E-5
<1367,nurse2-3,nursingItem2-2,read> 4.938149487376027E-4
<1368,nurse2-3,nursingItem2-8,read> 4.998132070773931E-4
<1369,nurse2-3,nursingItem2-7,read> 8.700269214989405E-4
<1370,doctor1-0,HR1-6,addItem> 1.7915102764181072E-4
<1371,nurse2-3,nursingItem2-6,read> 4.978137876307964E-4
<1372,nurse2-3,nursingItem2-5,read> 8.665255135814468E-4
<1373,doctor1-0,HR1-1,addItem> 1.9172434258440046E-4
<1374,doctor9-0,HRitem1-6-1,read> 6.799657461776428E-5
<1375,nurse2-2,nursingItem2-1,read> 4.974261336359595E-4
<1376,nurse2-2,nursingItem2-0,read> 4.984393074632753E-4
<1377,nurse2-2,nursingItem2-2,read> 5.00465655117907E-4
<1378,nurse2-2,nursingItem2-5,read> 5.01478828945223E-4
<1379,doctor0-1,HRitem4-4-2,read> 4.326235281863789E-4
<1380,nurse2-2,nursingItem2-7,read> 5.035051765998548E-4
<1381,nurse2-2,nursingItem2-6,read> 5.045183504271707E-4
<1382,nurse2-2,nursingItem2-9,read> 5.075578719091183E-4
<1383,nurse2-2,nursingItem2-8,read> 5.065446980818024E-4
<1384,agent2-1,HR2-7,addNote> 8.918262699979004E-4
<1385,nurse0-1,HR0-1,addItem> 1.0207995956750168E-4
<1386,patient8-4,noteItem8-4agent8-1,read> 4.3953498247062785E-4
<1387,nurse0-1,HR0-5,addItem> 1.0429942418742019E-4
<1388,nurse0-1,HR0-4,addItem> 1.065188888073387E-4
<1389,nurse0-1,HR0-3,addItem> 1.0577906726736589E-4
<1390,nurse0-1,HR0-8,addItem> 1.0836844265727076E-4
<1391,nurse0-1,HR0-7,addItem> 1.0910826419724363E-4
<1392,nurse0-1,HR0-6,addItem> 1.0503924572739303E-4
<1393,agent6-1,noteItem6-9,read> 0.0024575033256133113
<1394,nurse0-0,HR0-9,addItem> 1.0694089829865706E-4
<1395,agent2-0,HR2-2,addNote> 8.904375153067243E-4
<1396,nurse0-0,HR0-0,addItem> 1.0289787994682468E-4
<1397,nurse0-0,HR0-2,addItem> 1.0216278570103698E-4
<1398,nurse0-0,HR0-1,addItem> 1.0142769145524926E-4
<1399,nurse0-0,HR0-4,addItem> 1.058382569299755E-4
<1400,nurse0-0,HR0-3,addItem> 1.0510316268418783E-4
<1401,nurse0-0,HR0-6,addItem> 1.0436806843840008E-4
<1402,nurse0-0,HR0-5,addItem> 1.0363297419261238E-4
<1403,nurse0-0,HR0-7,addItem> 1.0841108679023246E-4
<1404,agent8-1,noteItem8-4agent8-1agent8-0,read> 2.2842981003497564E-4
<1405,patient7-0,noteItem7-0,read> 0.001556803699325038
<1406,agent0-11,noteItem0-0,read> 3.8323539620355656E-4
<1407,agent9-11,HR9-2,addNote> 4.759341005386067E-4
<1408,agent8-0,noteItem8-4agent8-1agent8-0,read> 3.185754337243427E-4
<1409,doctor0-1,HRitem4-5-2,read> 4.5740633795618034E-4
<1410,doctor9-1,HR7-5,addItem> 1.30037018905219E-4
<1411,doctor9-1,HR7-3,addItem> 1.2925356504461265E-4
<1412,agent2-0,noteItem2-2,read> 7.093252144423941E-4
<1413,doctor9-1,HR7-1,addItem> 1.2847011118400636E-4
<1414,doctor5-0,HRitem6-4-0,read> 2.4571983783912575E-4
<1415,doctor8-0,HRitem8-4-2,read> 3.1387256470607995E-4
<1416,agent2-1,noteItem2-7,read> 6.86738396385972E-4
<1417,doctor5-0,HRitem6-0-1,read> 2.6327432809273514E-4
<1418,nurse0-3,HR0-8,addItem> 1.0698354243161872E-4
<1419,nurse0-3,HR0-9,addItem> 1.0625317548001618E-4
<1420,nurse0-3,HR0-6,addItem> 1.0369689114940716E-4
<1421,nurse0-3,HR0-7,addItem> 1.0771390938322133E-4
<1422,nurse0-3,HR0-4,addItem> 1.0515762505261231E-4
<1423,nurse0-3,HR0-5,addItem> 1.0296652419780459E-4
<1424,nurse0-3,HR0-2,addItem> 1.0150579029459944E-4
<1425,nurse0-3,HR0-3,addItem> 1.0442725810100976E-4
<1426,nurse0-3,HR0-0,addItem> 1.0223615724620201E-4
<1427,doctor3-1,HRitem3-6-1,read> 4.150690379327695E-4
<1428,nurse0-3,HR0-1,addItem> 1.0077542334299684E-4
<1429,nurse0-2,HR0-7,addItem> 1.0701673197621017E-4
<1430,nurse0-2,HR0-8,addItem> 1.0629109231879272E-4
<1431,nurse0-2,HR0-9,addItem> 1.055654526613753E-4
<1432,nurse0-2,HR0-3,addItem> 1.037513535178317E-4
<1433,nurse0-2,HR0-4,addItem> 1.0447699317524912E-4
<1434,nurse0-2,HR0-5,addItem> 1.023000742029968E-4
<1435,nurse0-2,HR0-6,addItem> 1.0302571386041422E-4
<1436,nurse0-2,HR0-0,addItem> 1.0157443454557934E-4
<1437,doctor6-0,HRitem6-1-1,read> 4.966457867583661E-4
<1438,nurse0-2,HR0-1,addItem> 1.0012315523074445E-4
<1439,nurse0-2,HR0-2,addItem> 1.0084879488816189E-4
<1440,agent0-0,noteItem0-0agent0-0,read> 0.0011833981886254221
<1441,doctor3-1,HR4-4,addItem> 2.936430480525287E-4
<1442,agent6-11,HR6-9,addNote> 1.9504800155114416E-4
<1443,doctor3-1,HR4-3,addItem> 2.916106232065992E-4
<1444,doctor3-1,HR4-5,addItem> 2.8754577351474016E-4
<1445,doctor3-0,HRitem5-1-1,read> 4.2294274312005015E-5
<1446,doctor3-1,HR4-7,addItem> 2.83480923822881E-4
<1447,doctor3-1,HR4-9,addItem> 2.814484989769515E-4
<1448,nurse1-3,HR1-0,addItem> 1.531017569909077E-4
<1449,nurse1-3,HR1-1,addItem> 1.5346118594207486E-4
<1450,nurse1-3,HR1-2,addItem> 1.5166404118623907E-4
<1451,nurse1-3,HR1-3,addItem> 1.5202347013740624E-4
<1452,nurse1-3,HR1-5,addItem> 1.5274232803974054E-4
<1453,nurse1-3,HR1-6,addItem> 1.4339717530939463E-4
<1454,nurse1-3,HR1-7,addItem> 1.4303774635822747E-4
<1455,nurse1-3,HR1-8,addItem> 1.451943200652304E-4
<1456,patient7-6,noteItem7-6,read> 0.0013566035014360473
<1457,nurse1-2,HR1-1,addItem> 1.545381065451771E-4
<1458,nurse1-2,HR1-2,addItem> 1.5272835024719513E-4
<1459,nurse1-2,HR1-0,addItem> 1.5417615528558074E-4
<1460,nurse1-2,HR1-9,addItem> 1.4512737379567084E-4
<1461,nurse1-2,HR1-7,addItem> 1.4404152001688169E-4
<1462,nurse1-2,HR1-4,addItem> 1.5345225276638792E-4
<1463,doctor1-1,HRitem1-6-1,read> 1.0647268513318213E-4
<1464,nurse1-1,HR1-0,addItem> 1.563249518749268E-4
<1465,nurse1-1,HR1-1,addItem> 1.566919477513817E-4
<1466,nurse1-1,HR1-8,addItem> 1.4825104259291944E-4
<1467,nurse1-1,HR1-2,addItem> 1.5485696836910727E-4
<1468,nurse1-1,HR1-4,addItem> 1.5559096012201704E-4
<1469,nurse1-1,HR1-5,addItem> 1.559579559984719E-4
<1470,nurse1-0,HR1-4,addItem> 1.5986837483327523E-4
<1471,nurse1-0,HR1-2,addItem> 1.591142046129315E-4
<1472,nurse1-0,HR1-1,addItem> 1.6099963016379077E-4
<1473,patient8-5,noteItem8-5,read> 0.0020313523165433867
<1474,nurse1-0,HR1-5,addItem> 1.6024545994344704E-4
<1475,doctor5-1,HR5-2,addItem> 4.6645792914442864E-4
<1476,agent0-01,noteItem0-0agent0-0,read> 8.725124576847414E-4
<1477,nurse1-0,HR1-0,addItem> 1.6062254505361893E-4
<1478,doctor5-1,HR5-7,addItem> 4.7274513025611357E-4
<1479,doctor6-0,HRitem2-8-1,read> 2.804414382373156E-4
<1480,agent0-1,noteItem0-0,read> 3.7654716939372135E-4
<1481,doctor1-0,HRitem8-0-3,read> 3.334922891071728E-4
<1482,doctor8-0,HR6-4,addItem> 6.245412019701461E-5
<1483,doctor8-0,HR6-2,addItem> 6.382736699933103E-5
<1484,doctor8-0,HR6-8,addItem> 5.7647756388907216E-5
<1485,doctor8-0,HR6-6,addItem> 6.039424999354001E-5
<1486,doctor8-0,HR6-0,addItem> 5.2841392580799816E-5
<1487,agent0-0,noteItem0-0,read> 3.7387187866978733E-4
<1488,agent8-1,noteItem8-4,read> 5.222281506473856E-4
<1489,doctor3-0,HRitem9-5-0,read> 7.455065015301228E-4
<1490,doctor1-0,HRitem8-8-2,read> 3.3142705495968933E-4
<1491,patient8-6,noteItem8-6,read> 0.0019349596286709098
<1492,agent8-0,noteItem8-4,read> 5.240767458709163E-4
<1493,agent4-0,noteItem4-7agent4-0,read> 0.0021178761106411246
<1494,doctor5-0,HR6-8,addItem> 4.4046652340707695E-5
<1495,agent6-0,noteItem6-7,read> 0.002238894176510145
<1496,doctor5-0,HR6-6,addItem> 4.6145152898875404E-5
<1497,doctor5-0,HR6-4,addItem> 4.771902831750119E-5
<1498,doctor5-0,HR6-2,addItem> 4.8768278596585056E-5
<1499,doctor5-0,HR6-0,addItem> 4.0374276363914206E-5
<1500,doctor2-0,HR7-1,addItem> 3.411102952127066E-4
<1501,doctor2-0,HR7-5,addItem> 3.452707053690298E-4
<1502,doctor6-1,HRitem6-6-2,read> 5.675091334438923E-5
<1503,doctor7-1,HRitem7-4-1,read> 1.806649621933968E-4
<1504,doctor0-0,HR1-0,addItem> 2.8943784999464187E-4
<1505,doctor0-0,HR1-3,addItem> 2.873993558931438E-4
<1506,doctor0-0,HR1-4,addItem> 2.8807885392697654E-4
<1507,doctor1-1,HRitem2-7-0,read> 2.5469669649108204E-4
<1508,doctor0-0,HR1-9,addItem> 2.7245039914882503E-4
<1509,doctor0-0,HR8-8,addItem> 1.281750943522381E-4
<1510,doctor0-0,HR8-6,addItem> 1.3215015785015925E-4
<1511,doctor0-0,HR8-4,addItem> 1.3016262610119868E-4
<1512,doctor0-0,HR8-1,addItem> 1.3662210428532054E-4
<1513,agent0-0,HR0-0,addNote> 3.274844130671627E-4
<1514,doctor0-1,HR8-9,addItem> 1.2537415292743117E-4
<1515,doctor0-1,HR8-5,addItem> 1.2923243748618523E-4
<1516,doctor0-1,HR8-7,addItem> 1.248918673575869E-4
<1517,doctor0-1,HR8-0,addItem> 1.3019700862587378E-4
<1518,doctor0-1,HR8-3,addItem> 1.2730329520680821E-4
<1519,doctor0-1,HR8-2,addItem> 1.3164386533540655E-4
<1520,doctor6-1,HR3-1,addItem> 4.729519630123549E-4
<1521,doctor6-1,HR3-3,addItem> 4.679333503839492E-4
<1522,doctor6-1,HR3-9,addItem> 4.8675314774047044E-4
<1523,patient9-9,noteItem9-9,read> 0.002713515953794763
<1524,doctor2-1,HRitem6-6-0,read> 5.9848764565614426E-5
<1525,agent1-1,noteItem1-4,read> 6.372640110458289E-4
<1526,agent1-11,noteItem1-4agent1-1,read> 0.0012589416576913915
<1527,doctor2-1,HRitem2-5-2,read> 7.062670527279371E-4
<1528,agent5-11,noteItem5-7agent5-1,read> 9.062917244759919E-4
<1529,agent0-1,HR0-0,addNote> 3.2982777201576494E-4
<1530,patient9-0,noteItem9-0,read> 0.002587463977346139
<1531,doctor6-1,HRitem8-7-2,read> 4.687651257673394E-4
<1532,doctor1-1,HR2-8,addItem> 2.3835387702165795E-4
<1533,doctor1-1,HR2-4,addItem> 2.4536500117467987E-4
<1534,doctor1-1,HR2-0,addItem> 2.4185943909816888E-4
<1535,doctor8-1,HRitem7-2-0,read> 6.112662819436982E-4
<1536,doctor1-1,HR2-2,addItem> 2.4361222013642437E-4
<1537,agent8-11,noteItem8-4agent8-1agent8-0,read> 2.10640585890659E-4
<1538,doctor4-1,HRitem4-9-1,read> 7.637063774548209E-5
<1539,agent1-11,HR1-4,addNote> 0.0010449188912685823
<1540,doctor1-0,HRitem8-4-3,read> 3.0974209641111304E-4
<1541,doctor3-1,HRitem4-9-0,read> 7.533802067174038E-5
<1542,doctor7-1,HRitem6-7-3,read> 1.6620832316101256E-4

