<0,patient7-5,noteItem7-5,read> null
<1,nurse8-2,nursingItem8-5,read> null
<2,patient1-5,noteItem1-5,read> null
<3,doctor8-1,HRitem3-1-2,read> null
<4,nurse2-0,nursingItem2-4,read> null
<5,agent8-1,HR8-6,addNote> null
<6,patient0-9,HR0-9,addNote> null
<7,agent3-0,HR3-9,addNote> null
<8,nurse2-3,HR2-0,addItem> null
<9,nurse2-3,HR2-1,addItem> null
<10,patient7-6,noteItem7-6agent7-1,read> null
<11,patient2-0,noteItem2-0,read> null
<12,doctor9-1,HR3-3,addItem> null
<13,agent2-11,HR2-8,addNote> null
<14,nurse0-2,nursingItem0-8,read> null
<15,doctor8-0,HRitem3-7-0,read> null
<16,patient0-3,noteItem0-3,read> null
<17,nurse1-3,nursingItem1-1,read> null
<18,nurse9-0,nursingItem9-4,read> null
<19,nurse2-3,HR2-2,addItem> null
<20,agent3-1,HR3-5,addNote> null
<21,nurse0-2,nursingItem0-1,read> null
<22,nurse2-3,HR2-3,addItem> null
<23,nurse2-3,HR2-8,addItem> null
<24,nurse4-2,nursingItem4-3,read> null
<25,nurse5-0,nursingItem5-3,read> null
<26,patient5-2,noteItem5-2,read> null
<27,agent4-01,noteItem4-4agent4-0,read> null
<28,doctor3-0,HRitem4-2-3,read> null
<29,patient0-2,noteItem0-2,read> null
<30,nurse4-3,nursingItem4-1,read> null
<31,doctor2-0,HR7-3,addItem> null
<32,patient2-6,noteItem2-6,read> null
<33,nurse8-1,HR8-9,addItem> null
<34,nurse2-3,HR2-9,addItem> null
<35,nurse2-3,HR2-4,addItem> null
<36,nurse2-3,HR2-5,addItem> null
<37,patient3-0,noteItem3-0,read> null
<38,nurse1-2,nursingItem1-7,read> null
<39,nurse2-3,HR2-6,addItem> null
<40,nurse9-3,HR9-8,addItem> null
<41,nurse6-1,nursingItem6-5,read> null
<42,nurse2-3,HR2-7,addItem> null
<43,doctor4-0,HR0-4,addItem> null
<44,doctor4-0,HR0-5,addItem> null
<45,doctor1-0,HR1-4,addItem> null
<46,patient6-8,noteItem6-8,read> null
<47,patient1-6,noteItem1-6,read> null
<48,doctor4-0,HR0-8,addItem> null
<49,doctor4-0,HR0-7,addItem> null
<50,nurse5-2,nursingItem5-1,read> null
<51,patient3-6,noteItem3-6,read> null
<52,doctor4-0,HR0-9,addItem> null
<53,agent8-0,HR8-7,addNote> null
<54,agent0-0,noteItem0-1,read> null
<55,patient6-5,noteItem6-5,read> null
<56,doctor4-0,HR0-0,addItem> null
<57,doctor4-0,HR0-2,addItem> null
<58,doctor3-1,HRitem3-0-2,read> null
<59,nurse4-1,nursingItem4-3,read> null
<60,patient0-7,noteItem0-7,read> null
<61,doctor5-0,HR5-7,addItem> null
<62,agent0-0,HR0-1,addNote> null
<63,patient4-3,noteItem4-3agent4-1,read> null
<64,patient9-5,HR9-5,addNote> null
<65,doctor4-0,HR0-1,addItem> null
<66,agent6-0,noteItem6-3,read> null
<67,nurse2-2,HR2-1,addItem> null
<68,nurse2-2,HR2-2,addItem> null
<69,agent8-1,noteItem8-6agent8-1,read> null
<70,nurse5-3,nursingItem5-4,read> null
<71,nurse4-2,nursingItem4-1,read> null
<72,nurse2-2,HR2-0,addItem> null
<73,patient9-2,HR9-2,addNote> null
<74,nurse6-3,HR6-9,addItem> null
<75,nurse2-2,HR2-9,addItem> null
<76,agent2-11,noteItem2-8agent2-1,read> null
<77,patient3-9,noteItem3-9,read> null
<78,nurse2-2,HR2-7,addItem> null
<79,doctor6-0,HR6-4,addItem> null
<80,nurse5-1,nursingItem5-9,read> null
<81,nurse2-2,HR2-8,addItem> null
<82,nurse2-2,HR2-5,addItem> null
<83,doctor8-1,HR5-3,addItem> null
<84,agent4-0,noteItem4-4agent4-0,read> null
<85,patient5-1,noteItem5-1,read> null
<86,patient2-2,HR2-2,addNote> null
<87,nurse2-2,HR2-6,addItem> null
<88,nurse2-2,HR2-3,addItem> null
<89,nurse2-2,HR2-4,addItem> null
<90,nurse3-1,HR3-0,addItem> null
<91,doctor4-0,HR1-5,addItem> null
<92,nurse1-3,nursingItem1-9,read> null
<93,nurse9-3,nursingItem9-1,read> null
<94,doctor3-1,HR2-3,addItem> null
<95,agent0-01,noteItem0-1agent0-0,read> null
<96,nurse5-3,nursingItem5-2,read> null
<97,doctor7-0,HR4-1,addItem> null
<98,doctor4-0,HR1-4,addItem> null
<99,patient1-3,noteItem1-3,read> null
<100,nurse6-2,nursingItem6-3,read> null
<101,patient7-4,HR7-4,addNote> null
<102,patient4-9,noteItem4-9,read> null
<103,doctor3-0,HR4-4,addItem> null
<104,doctor4-0,HR1-9,addItem> null
<105,nurse6-2,nursingItem6-2,read> null
<106,nurse3-2,nursingItem3-1,read> null
<107,patient4-3,noteItem4-3,read> null
<108,doctor2-1,HRitem3-5-1,read> null
<109,patient5-0,noteItem5-0,read> null
<110,nurse6-2,nursingItem6-1,read> null
<111,doctor1-0,HR5-4,addItem> null
<112,nurse3-2,HR3-9,addItem> null
<113,nurse8-0,nursingItem8-6,read> null
<114,agent9-01,noteItem9-9,read> null
<115,doctor4-0,HR1-7,addItem> null
<116,nurse1-0,nursingItem1-0,read> null
<117,doctor9-0,HR0-0,addItem> null
<118,nurse6-2,nursingItem6-0,read> null
<119,patient2-5,noteItem2-5,read> null
<120,agent1-01,noteItem1-4agent1-0,read> null
<121,agent9-0,HR9-9,addNote> null
<122,doctor4-0,HR1-6,addItem> null
<123,nurse6-2,nursingItem6-7,read> null
<124,doctor8-1,HR3-9,addItem> null
<125,nurse6-2,nursingItem6-6,read> null
<126,patient8-7,noteItem8-7agent8-0,read> null
<127,nurse6-2,nursingItem6-5,read> null
<128,patient4-2,noteItem4-2,read> null
<129,nurse8-2,nursingItem8-0,read> null
<130,nurse6-2,nursingItem6-4,read> null
<131,doctor4-0,HR1-1,addItem> null
<132,doctor3-1,HRitem2-4-2,read> null
<133,agent9-01,noteItem9-9agent9-0,read> null
<134,agent7-01,noteItem7-0agent7-0,read> null
<135,patient0-5,HR0-5,addNote> null
<136,nurse4-0,HR4-3,addItem> null
<137,nurse4-1,HR4-6,addItem> null
<138,doctor4-0,HR1-0,addItem> null
<139,nurse6-2,nursingItem6-9,read> null
<140,nurse6-2,nursingItem6-8,read> null
<141,patient6-7,noteItem6-7,read> null
<142,nurse8-1,HR8-5,addItem> null
<143,nurse8-1,HR8-4,addItem> null
<144,patient3-4,HR3-4,addNote> null
<145,nurse5-3,nursingItem5-8,read> null
<146,nurse8-1,HR8-3,addItem> null
<147,nurse8-1,HR8-2,addItem> null
<148,doctor8-0,HR8-1,addItem> null
<149,nurse8-1,HR8-8,addItem> null
<150,patient0-1,noteItem0-1,read> null
<151,agent6-11,noteItem6-5,read> null
<152,patient5-7,noteItem5-7,read> null
<153,nurse2-1,HR2-0,addItem> null
<154,patient7-3,HR7-3,addNote> null
<155,patient1-1,HR1-1,addNote> null
<156,nurse8-1,HR8-7,addItem> null
<157,nurse2-1,HR2-1,addItem> null
<158,nurse9-3,HR9-2,addItem> null
<159,nurse9-3,nursingItem9-0,read> null
<160,nurse8-1,HR8-6,addItem> null
<161,patient3-0,HR3-0,addNote> null
<162,nurse3-2,nursingItem3-3,read> null
<163,nurse4-1,nursingItem4-6,read> null
<164,nurse2-1,HR2-2,addItem> null
<165,agent8-01,noteItem8-7agent8-0,read> null
<166,patient6-9,noteItem6-9,read> null
<167,patient6-3,noteItem6-3,read> null
<168,patient7-2,HR7-2,addNote> null
<169,nurse2-1,HR2-3,addItem> null
<170,nurse2-3,nursingItem2-0,read> null
<171,nurse2-1,HR2-4,addItem> null
<172,nurse4-1,nursingItem4-8,read> null
<173,agent4-1,noteItem4-3agent4-1,read> null
<174,agent3-01,HR3-9,addNote> null
<175,nurse2-1,HR2-5,addItem> null
<176,nurse0-0,nursingItem0-9,read> null
<177,nurse2-1,HR2-6,addItem> null
<178,patient4-8,noteItem4-8,read> null
<179,nurse5-1,nursingItem5-4,read> null
<180,nurse8-1,HR8-1,addItem> null
<181,patient4-4,HR4-4,addNote> null
<182,nurse2-1,HR2-7,addItem> null
<183,patient8-9,HR8-9,addNote> null
<184,nurse8-1,HR8-0,addItem> null
<185,patient5-3,HR5-3,addNote> null
<186,agent7-01,noteItem7-0,read> null
<187,nurse3-2,nursingItem3-5,read> null
<188,nurse2-1,HR2-8,addItem> null
<189,agent6-1,noteItem6-5,read> null
<190,patient7-1,HR7-1,addNote> null
<191,nurse2-3,nursingItem2-7,read> null
<192,patient4-1,noteItem4-1,read> null
<193,patient6-4,noteItem6-4,read> null
<194,nurse4-3,nursingItem4-9,read> null
<195,nurse2-1,HR2-9,addItem> null
<196,patient5-8,HR5-8,addNote> null
<197,patient1-4,noteItem1-4,read> null
<198,doctor4-1,HR5-7,addItem> null
<199,patient0-5,noteItem0-5,read> null
<200,agent7-11,noteItem7-6agent7-1,read> null
<201,nurse6-3,nursingItem6-0,read> null
<202,nurse2-0,HR2-9,addItem> null
<203,nurse6-3,nursingItem6-2,read> null
<204,nurse1-0,nursingItem1-1,read> null
<205,agent8-01,noteItem8-7,read> null
<206,nurse6-3,nursingItem6-1,read> null
<207,nurse6-3,nursingItem6-4,read> null
<208,nurse6-3,nursingItem6-3,read> null
<209,patient2-4,noteItem2-4agent2-0,read> null
<210,nurse6-3,nursingItem6-6,read> null
<211,patient8-1,HR8-1,addNote> null
<212,nurse8-0,HR8-9,addItem> null
<213,patient9-7,noteItem9-7,read> null
<214,patient9-3,noteItem9-3,read> null
<215,nurse6-3,nursingItem6-5,read> null
<216,agent4-1,noteItem4-3,read> null
<217,nurse8-2,nursingItem8-2,read> null
<218,agent7-0,HR7-0,addNote> null
<219,patient7-3,noteItem7-3,read> null
<220,nurse1-2,nursingItem1-0,read> null
<221,patient3-3,noteItem3-3,read> null
<222,nurse3-0,nursingItem3-3,read> null
<223,nurse6-3,nursingItem6-8,read> null
<224,nurse6-3,nursingItem6-7,read> null
<225,patient9-3,HR9-3,addNote> null
<226,doctor0-1,HR1-4,addItem> null
<227,nurse6-3,nursingItem6-9,read> null
<228,nurse8-0,HR8-2,addItem> null
<229,patient6-5,noteItem6-5agent6-1,read> null
<230,doctor4-0,HR4-5,addItem> null
<231,nurse8-0,HR8-1,addItem> null
<232,nurse9-2,HR9-4,addItem> null
<233,doctor0-1,HR0-7,addItem> null
<234,nurse8-0,HR8-4,addItem> null
<235,nurse8-0,HR8-3,addItem> null
<236,patient0-0,noteItem0-0,read> null
<237,doctor0-0,HR0-3,addItem> null
<238,nurse3-3,HR3-1,addItem> null
<239,nurse4-3,nursingItem4-2,read> null
<240,nurse8-0,HR8-6,addItem> null
<241,patient6-1,noteItem6-1,read> null
<242,patient4-8,HR4-8,addNote> null
<243,patient4-0,noteItem4-0,read> null
<244,nurse0-1,nursingItem0-9,read> null
<245,agent2-01,HR2-4,addNote> null
<246,nurse5-2,nursingItem5-2,read> null
<247,nurse4-0,nursingItem4-0,read> null
<248,patient0-8,noteItem0-8,read> null
<249,patient5-1,noteItem5-1agent5-1,read> null
<250,nurse3-3,HR3-0,addItem> null
<251,nurse2-0,HR2-0,addItem> null
<252,nurse7-2,nursingItem7-8,read> null
<253,nurse8-0,HR8-5,addItem> null
<254,patient3-5,HR3-5,addNote> null
<255,nurse2-1,nursingItem2-2,read> null
<256,nurse0-0,nursingItem0-6,read> null
<257,patient3-5,noteItem3-5,read> null
<258,patient1-5,HR1-5,addNote> null
<259,doctor8-0,HR8-7,addItem> null
<260,doctor4-1,HRitem4-3-0,read> null
<261,nurse3-3,HR3-3,addItem> null
<262,nurse4-0,nursingItem4-3,read> null
<263,doctor6-1,HRitem1-5-1,read> null
<264,nurse5-0,nursingItem5-0,read> null
<265,patient2-8,HR2-8,addNote> null
<266,nurse8-0,HR8-8,addItem> null
<267,patient9-2,noteItem9-2,read> null
<268,nurse4-0,nursingItem4-1,read> null
<269,nurse3-3,HR3-2,addItem> null
<270,nurse7-0,nursingItem7-9,read> null
<271,nurse8-0,HR8-7,addItem> null
<272,nurse9-0,nursingItem9-9,read> null
<273,nurse2-0,HR2-5,addItem> null
<274,nurse7-0,nursingItem7-3,read> null
<275,nurse3-3,HR3-5,addItem> null
<276,doctor1-0,HR5-2,addItem> null
<277,nurse2-0,HR2-3,addItem> null
<278,nurse3-0,HR3-1,addItem> null
<279,nurse3-3,HR3-4,addItem> null
<280,nurse2-0,HR2-4,addItem> null
<281,nurse3-3,HR3-7,addItem> null
<282,patient4-4,noteItem4-4agent4-0,read> null
<283,patient3-8,noteItem3-8,read> null
<284,patient3-1,noteItem3-1,read> null
<285,nurse4-2,nursingItem4-8,read> null
<286,nurse2-0,HR2-1,addItem> null
<287,patient1-4,noteItem1-4agent1-0,read> null
<288,nurse1-3,nursingItem1-5,read> null
<289,doctor6-1,HR1-1,addItem> null
<290,nurse1-0,HR1-6,addItem> null
<291,nurse8-2,nursingItem8-9,read> null
<292,nurse5-0,nursingItem5-1,read> null
<293,nurse3-3,HR3-6,addItem> null
<294,nurse2-0,HR2-2,addItem> null
<295,nurse2-0,HR2-7,addItem> null
<296,nurse2-2,nursingItem2-1,read> null
<297,patient1-3,HR1-3,addNote> null
<298,nurse3-3,HR3-9,addItem> null
<299,patient4-7,noteItem4-7,read> null
<300,doctor3-1,HR3-7,addItem> null
<301,nurse2-0,HR2-8,addItem> null
<302,nurse3-3,HR3-8,addItem> null
<303,agent5-1,noteItem5-1,read> null
<304,patient2-8,noteItem2-8,read> null
<305,patient7-4,noteItem7-4,read> null
<306,agent2-0,HR2-4,addNote> null
<307,nurse8-0,HR8-0,addItem> null
<308,nurse1-2,nursingItem1-4,read> null
<309,nurse0-2,nursingItem0-4,read> null
<310,nurse2-0,HR2-6,addItem> null
<311,patient4-6,noteItem4-6,read> null
<312,patient1-9,noteItem1-9,read> null
<313,nurse8-3,HR8-2,addItem> null
<314,nurse8-3,HR8-3,addItem> null
<315,nurse8-3,HR8-0,addItem> null
<316,nurse8-3,HR8-1,addItem> null
<317,nurse8-3,HR8-8,addItem> null
<318,nurse8-3,HR8-9,addItem> null
<319,patient5-2,HR5-2,addNote> null
<320,agent3-0,noteItem3-9,read> null
<321,nurse8-3,HR8-6,addItem> null
<322,nurse8-3,HR8-7,addItem> null
<323,nurse8-3,HR8-4,addItem> null
<324,nurse8-1,nursingItem8-4,read> null
<325,nurse8-3,HR8-5,addItem> null
<326,nurse2-3,nursingItem2-4,read> null
<327,doctor2-0,HR2-9,addItem> null
<328,agent4-0,noteItem4-4,read> null
<329,nurse8-2,HR8-0,addItem> null
<330,nurse0-2,nursingItem0-5,read> null
<331,nurse5-0,nursingItem5-9,read> null
<332,patient0-4,noteItem0-4,read> null
<333,nurse4-0,nursingItem4-9,read> null
<334,patient0-7,HR0-7,addNote> null
<335,nurse8-2,HR8-1,addItem> null
<336,nurse8-2,HR8-2,addItem> null
<337,nurse8-2,HR8-7,addItem> null
<338,nurse8-2,HR8-8,addItem> null
<339,patient8-6,noteItem8-6,read> null
<340,nurse8-2,HR8-9,addItem> null
<341,nurse8-2,HR8-3,addItem> null
<342,nurse8-2,HR8-4,addItem> null
<343,nurse8-2,HR8-5,addItem> null
<344,nurse1-1,HR1-6,addItem> null
<345,doctor7-1,HR7-1,addItem> null
<346,nurse8-2,HR8-6,addItem> null
<347,nurse8-1,nursingItem8-2,read> null
<348,nurse0-1,nursingItem0-8,read> null
<349,nurse9-2,nursingItem9-2,read> null
<350,doctor2-1,HR2-0,addItem> null
<351,patient1-7,noteItem1-7,read> null
<352,doctor7-1,HR7-6,addItem> null
<353,agent6-01,noteItem6-3agent6-0,read> null
<354,nurse3-1,nursingItem3-1,read> null
<355,doctor8-1,HRitem3-5-0,read> null
<356,doctor0-0,HRitem0-0-1,read> null
<357,patient1-8,noteItem1-8,read> null
<358,doctor2-1,HR3-6,addItem> null
<359,nurse8-1,nursingItem8-6,read> null
<360,patient4-4,noteItem4-4,read> null
<361,nurse9-2,HR9-9,addItem> null
<362,nurse1-0,HR1-2,addItem> null
<363,agent0-0,noteItem0-1agent0-0,read> null
<364,nurse9-2,HR9-7,addItem> null
<365,nurse9-2,HR9-8,addItem> null
<366,nurse9-2,HR9-5,addItem> null
<367,patient1-9,HR1-9,addNote> null
<368,nurse9-2,HR9-6,addItem> null
<369,nurse0-0,nursingItem0-2,read> null
<370,nurse9-2,HR9-3,addItem> null
<371,nurse4-0,nursingItem4-5,read> null
<372,agent7-1,HR7-6,addNote> null
<373,patient2-7,noteItem2-7,read> null
<374,agent8-0,noteItem8-7,read> null
<375,patient3-1,HR3-1,addNote> null
<376,nurse9-2,HR9-1,addItem> null
<377,nurse1-2,nursingItem1-2,read> null
<378,nurse9-2,HR9-2,addItem> null
<379,nurse9-2,HR9-0,addItem> null
<380,doctor8-1,HRitem8-1-2,read> null
<381,patient7-0,noteItem7-0agent7-0,read> null
<382,patient1-7,HR1-7,addNote> null
<383,agent7-1,noteItem7-6agent7-1,read> null
<384,doctor3-0,HR5-8,addItem> null
<385,agent6-01,HR6-3,addNote> null
<386,nurse9-1,HR9-6,addItem> null
<387,nurse9-1,HR9-7,addItem> null
<388,nurse9-1,HR9-8,addItem> null
<389,doctor9-0,HRitem9-1-3,read> null
<390,nurse3-1,nursingItem3-8,read> null
<391,nurse9-1,HR9-9,addItem> null
<392,nurse1-3,nursingItem1-8,read> null
<393,nurse9-1,HR9-2,addItem> null
<394,nurse5-2,nursingItem5-9,read> null
<395,patient8-3,noteItem8-3,read> null
<396,nurse9-1,HR9-3,addItem> null
<397,nurse9-1,HR9-4,addItem> null
<398,nurse9-1,HR9-5,addItem> null
<399,nurse9-1,HR9-0,addItem> null
<400,nurse2-1,nursingItem2-7,read> null
<401,nurse3-1,nursingItem3-7,read> null
<402,doctor5-0,HRitem9-1-1,read> null
<403,nurse9-1,HR9-1,addItem> null
<404,nurse9-3,HR9-4,addItem> null
<405,nurse9-3,HR9-5,addItem> null
<406,nurse9-3,HR9-6,addItem> null
<407,patient8-7,HR8-7,addNote> null
<408,nurse9-3,HR9-7,addItem> null
<409,nurse9-3,HR9-9,addItem> null
<410,nurse9-3,HR9-0,addItem> null
<411,nurse9-3,HR9-1,addItem> null
<412,doctor3-0,HR5-6,addItem> null
<413,nurse1-2,HR1-0,addItem> null
<414,nurse9-3,HR9-3,addItem> null
<415,doctor3-0,HR5-5,addItem> null
<416,nurse1-1,nursingItem1-2,read> null
<417,nurse8-3,nursingItem8-9,read> null
<418,doctor2-0,HR2-0,addItem> null
<419,doctor3-0,HR5-3,addItem> null
<420,nurse9-1,nursingItem9-7,read> null
<421,doctor3-0,HR5-4,addItem> null
<422,patient8-6,noteItem8-6agent8-1,read> null
<423,agent7-11,HR7-6,addNote> null
<424,doctor3-0,HR5-1,addItem> null
<425,doctor3-0,HR5-2,addItem> null
<426,doctor3-0,HR5-0,addItem> null
<427,nurse1-1,HR1-7,addItem> null
<428,patient3-5,noteItem3-5agent3-1,read> null
<429,nurse3-2,HR3-7,addItem> null
<430,nurse3-2,HR3-8,addItem> null
<431,patient7-9,noteItem7-9,read> null
<432,nurse1-0,nursingItem1-3,read> null
<433,nurse3-2,HR3-3,addItem> null
<434,nurse3-2,HR3-4,addItem> null
<435,nurse6-2,HR6-4,addItem> null
<436,patient3-9,noteItem3-9agent3-0,read> null
<437,doctor0-1,HR0-9,addItem> null
<438,nurse9-1,nursingItem9-4,read> null
<439,nurse3-2,HR3-5,addItem> null
<440,agent5-01,HR5-0,addNote> null
<441,nurse8-1,nursingItem8-9,read> null
<442,nurse3-2,HR3-6,addItem> null
<443,doctor8-0,HR8-9,addItem> null
<444,nurse3-2,HR3-0,addItem> null
<445,doctor2-0,HR2-5,addItem> null
<446,nurse3-2,HR3-1,addItem> null
<447,nurse3-2,HR3-2,addItem> null
<448,patient0-1,noteItem0-1agent0-0,read> null
<449,nurse6-0,nursingItem6-6,read> null
<450,doctor1-0,HR1-5,addItem> null
<451,patient9-8,noteItem9-8,read> null
<452,nurse6-0,nursingItem6-7,read> null
<453,nurse6-0,nursingItem6-8,read> null
<454,nurse5-2,nursingItem5-5,read> null
<455,nurse6-0,nursingItem6-9,read> null
<456,patient3-7,HR3-7,addNote> null
<457,doctor6-0,HR3-2,addItem> null
<458,nurse6-0,nursingItem6-2,read> null
<459,doctor5-0,HR8-5,addItem> null
<460,nurse6-0,nursingItem6-3,read> null
<461,nurse1-0,nursingItem1-7,read> null
<462,patient3-7,noteItem3-7,read> null
<463,nurse6-0,nursingItem6-4,read> null
<464,nurse1-0,HR1-8,addItem> null
<465,nurse6-0,nursingItem6-5,read> null
<466,nurse6-0,nursingItem6-0,read> null
<467,doctor9-1,HRitem3-6-0,read> null
<468,nurse6-0,nursingItem6-1,read> null
<469,nurse3-1,HR3-8,addItem> null
<470,agent3-0,noteItem3-9agent3-0,read> null
<471,nurse3-1,HR3-9,addItem> null
<472,nurse3-1,HR3-6,addItem> null
<473,nurse3-1,HR3-7,addItem> null
<474,patient5-6,noteItem5-6,read> null
<475,doctor3-1,HRitem9-1-2,read> null
<476,patient0-6,noteItem0-6,read> null
<477,nurse7-1,HR7-7,addItem> null
<478,agent7-0,noteItem7-0agent7-0,read> null
<479,nurse3-2,nursingItem3-2,read> null
<480,nurse0-1,nursingItem0-1,read> null
<481,patient5-9,noteItem5-9,read> null
<482,doctor0-1,HRitem1-1-1,read> null
<483,patient0-9,noteItem0-9,read> null
<484,nurse3-1,HR3-4,addItem> null
<485,nurse3-1,HR3-5,addItem> null
<486,patient9-9,noteItem9-9,read> null
<487,nurse2-1,nursingItem2-3,read> null
<488,patient6-2,noteItem6-2,read> null
<489,nurse1-1,nursingItem1-4,read> null
<490,patient0-3,HR0-3,addNote> null
<491,agent1-1,noteItem1-3agent1-1,read> null
<492,agent4-11,HR4-3,addNote> null
<493,nurse1-1,nursingItem1-0,read> null
<494,nurse3-1,HR3-2,addItem> null
<495,patient7-9,HR7-9,addNote> null
<496,nurse3-1,HR3-3,addItem> null
<497,doctor5-1,HR5-6,addItem> null
<498,nurse4-2,nursingItem4-7,read> null
<499,nurse2-2,nursingItem2-6,read> null
<500,nurse3-1,HR3-1,addItem> null
<501,nurse6-1,nursingItem6-9,read> null
<502,nurse6-1,nursingItem6-7,read> null
<503,agent3-01,noteItem3-9,read> null
<504,nurse9-3,nursingItem9-5,read> null
<505,agent9-01,HR9-9,addNote> null
<506,doctor9-0,HR0-8,addItem> null
<507,nurse6-1,nursingItem6-8,read> null
<508,patient8-8,HR8-8,addNote> null
<509,nurse6-1,nursingItem6-6,read> null
<510,nurse0-2,nursingItem0-9,read> null
<511,nurse6-1,nursingItem6-3,read> null
<512,nurse6-1,nursingItem6-4,read> null
<513,nurse6-1,nursingItem6-1,read> null
<514,nurse6-1,nursingItem6-2,read> null
<515,nurse6-1,nursingItem6-0,read> null
<516,nurse3-0,HR3-2,addItem> null
<517,nurse3-0,HR3-3,addItem> null
<518,agent8-11,HR8-6,addNote> null
<519,nurse3-0,HR3-4,addItem> null
<520,nurse3-0,HR3-5,addItem> null
<521,nurse9-0,HR9-0,addItem> null
<522,doctor6-0,HR9-3,addItem> null
<523,patient8-1,noteItem8-1,read> null
<524,nurse3-0,HR3-6,addItem> null
<525,nurse3-0,HR3-7,addItem> null
<526,doctor6-0,HR9-1,addItem> null
<527,nurse3-0,HR3-8,addItem> null
<528,doctor9-1,HRitem9-1-0,read> null
<529,nurse4-1,nursingItem4-0,read> null
<530,nurse8-2,nursingItem8-1,read> null
<531,nurse2-3,nursingItem2-2,read> null
<532,nurse9-0,HR9-4,addItem> null
<533,nurse9-1,nursingItem9-8,read> null
<534,nurse1-1,nursingItem1-3,read> null
<535,nurse9-0,HR9-3,addItem> null
<536,nurse9-0,HR9-2,addItem> null
<537,nurse9-0,HR9-1,addItem> null
<538,nurse9-0,HR9-8,addItem> null
<539,nurse9-0,HR9-7,addItem> null
<540,agent6-11,noteItem6-5agent6-1,read> null
<541,nurse3-3,nursingItem3-7,read> null
<542,nurse9-0,HR9-6,addItem> null
<543,nurse3-0,HR3-0,addItem> null
<544,patient7-7,noteItem7-7,read> null
<545,nurse9-0,HR9-5,addItem> null
<546,nurse9-0,HR9-9,addItem> null
<547,agent9-11,HR9-3,addNote> null
<548,doctor1-1,HRitem8-5-3,read> null
<549,nurse3-0,HR3-9,addItem> null
<550,patient5-7,HR5-7,addNote> null
<551,doctor6-0,HR9-5,addItem> null
<552,agent9-0,noteItem9-9agent9-0,read> null
<553,agent0-1,noteItem0-5,read> null
<554,doctor9-0,HRitem9-5-1,read> null
<555,patient2-9,noteItem2-9,read> null
<556,patient2-4,noteItem2-4,read> null
<557,agent1-01,noteItem1-4,read> null
<558,doctor6-0,HR9-9,addItem> null
<559,patient7-8,noteItem7-8,read> null
<560,doctor3-0,HRitem5-2-3,read> null
<561,patient0-4,HR0-4,addNote> null
<562,nurse7-3,HR7-8,addItem> null
<563,agent3-01,noteItem3-9agent3-0,read> null
<564,nurse7-3,HR7-9,addItem> null
<565,nurse8-3,nursingItem8-8,read> null
<566,nurse7-3,HR7-4,addItem> null
<567,nurse1-3,nursingItem1-7,read> null
<568,patient4-9,HR4-9,addNote> null
<569,nurse7-3,HR7-5,addItem> null
<570,agent6-01,noteItem6-3,read> null
<571,nurse7-3,HR7-6,addItem> null
<572,nurse7-3,HR7-7,addItem> null
<573,nurse7-3,HR7-0,addItem> null
<574,nurse2-2,nursingItem2-8,read> null
<575,nurse7-3,HR7-1,addItem> null
<576,nurse7-3,HR7-2,addItem> null
<577,patient9-4,noteItem9-4,read> null
<578,patient5-5,noteItem5-5,read> null
<579,nurse7-3,HR7-3,addItem> null
<580,patient0-2,HR0-2,addNote> null
<581,doctor4-0,HRitem0-5-3,read> null
<582,patient0-1,HR0-1,addNote> null
<583,agent1-01,HR1-4,addNote> null
<584,patient0-8,HR0-8,addNote> null
<585,doctor5-1,HRitem5-8-0,read> null
<586,patient1-3,noteItem1-3agent1-1,read> null
<587,agent4-01,noteItem4-4,read> null
<588,doctor9-0,HRitem0-5-3,read> null
<589,nurse8-1,nursingItem8-8,read> null
<590,nurse7-0,HR7-9,addItem> null
<591,nurse5-0,HR5-9,addItem> null
<592,nurse8-3,nursingItem8-4,read> null
<593,nurse5-0,HR5-5,addItem> null
<594,nurse7-0,HR7-0,addItem> null
<595,nurse5-0,HR5-6,addItem> null
<596,nurse5-0,HR5-7,addItem> null
<597,nurse0-3,nursingItem0-4,read> null
<598,nurse5-2,nursingItem5-7,read> null
<599,patient0-0,HR0-0,addNote> null
<600,agent9-0,noteItem9-9,read> null
<601,nurse5-0,HR5-8,addItem> null
<602,nurse5-0,HR5-1,addItem> null
<603,doctor8-0,HR4-5,addItem> null
<604,nurse5-0,HR5-2,addItem> null
<605,nurse5-0,HR5-3,addItem> null
<606,nurse5-1,nursingItem5-7,read> null
<607,nurse3-0,nursingItem3-6,read> null
<608,agent4-01,HR4-4,addNote> null
<609,nurse4-2,HR4-0,addItem> null
<610,patient8-6,HR8-6,addNote> null
<611,nurse5-0,HR5-4,addItem> null
<612,nurse7-0,HR7-8,addItem> null
<613,nurse7-0,HR7-7,addItem> null
<614,patient8-2,noteItem8-2,read> null
<615,nurse7-0,HR7-6,addItem> null
<616,nurse5-0,HR5-0,addItem> null
<617,nurse7-0,HR7-5,addItem> null
<618,nurse9-1,nursingItem9-0,read> null
<619,nurse7-0,HR7-4,addItem> null
<620,nurse7-0,HR7-3,addItem> null
<621,nurse1-0,HR1-4,addItem> null
<622,nurse7-0,HR7-2,addItem> null
<623,nurse7-0,HR7-1,addItem> null
<624,doctor7-0,HR4-3,addItem> null
<625,nurse2-2,nursingItem2-7,read> null
<626,doctor6-1,HR6-9,addItem> null
<627,patient0-6,HR0-6,addNote> null
<628,nurse8-2,nursingItem8-8,read> null
<629,doctor2-0,HR2-8,addItem> null
<630,nurse4-2,HR4-4,addItem> null
<631,nurse4-2,HR4-3,addItem> null
<632,nurse0-3,HR0-4,addItem> null
<633,nurse4-2,HR4-6,addItem> null
<634,nurse1-2,nursingItem1-8,read> null
<635,nurse4-2,HR4-5,addItem> null
<636,nurse4-2,nursingItem4-5,read> null
<637,nurse4-2,HR4-8,addItem> null
<638,nurse4-2,HR4-7,addItem> null
<639,patient9-3,noteItem9-3agent9-1,read> null
<640,nurse7-1,HR7-1,addItem> null
<641,nurse7-1,HR7-0,addItem> null
<642,nurse4-2,HR4-9,addItem> null
<643,doctor3-1,HR2-7,addItem> null
<644,nurse7-1,HR7-3,addItem> null
<645,nurse7-1,HR7-2,addItem> null
<646,patient8-7,noteItem8-7,read> null
<647,doctor6-1,HR6-6,addItem> null
<648,nurse7-1,HR7-5,addItem> null
<649,patient9-0,noteItem9-0,read> null
<650,doctor6-1,HR6-5,addItem> null
<651,nurse8-1,nursingItem8-7,read> null
<652,nurse7-1,HR7-4,addItem> null
<653,nurse7-1,HR7-6,addItem> null
<654,nurse1-2,HR1-6,addItem> null
<655,doctor6-1,HR6-2,addItem> null
<656,nurse7-1,HR7-9,addItem> null
<657,nurse4-2,HR4-2,addItem> null
<658,nurse7-1,HR7-8,addItem> null
<659,nurse4-2,HR4-1,addItem> null
<660,nurse3-2,nursingItem3-0,read> null
<661,patient3-4,noteItem3-4,read> null
<662,nurse6-0,HR6-5,addItem> null
<663,doctor7-0,HRitem4-3-3,read> null
<664,patient8-9,noteItem8-9,read> null
<665,doctor9-0,HR0-9,addItem> null
<666,patient7-7,HR7-7,addNote> null
<667,agent3-1,noteItem3-5,read> null
<668,nurse5-1,nursingItem5-6,read> null
<669,doctor6-0,HR6-7,addItem> null
<670,doctor6-0,HR6-8,addItem> null
<671,doctor9-0,HR0-2,addItem> null
<672,doctor9-0,HR0-1,addItem> null
<673,doctor9-0,HR0-7,addItem> null
<674,nurse1-1,nursingItem1-1,read> null
<675,doctor9-0,HR0-5,addItem> null
<676,doctor9-0,HR0-4,addItem> null
<677,nurse4-1,nursingItem4-9,read> null
<678,doctor6-1,HR1-7,addItem> null
<679,doctor0-0,HRitem0-4-1,read> null
<680,nurse4-3,HR4-7,addItem> null
<681,nurse4-3,HR4-6,addItem> null
<682,nurse4-3,HR4-5,addItem> null
<683,doctor2-1,HR3-3,addItem> null
<684,agent9-1,noteItem9-3,read> null
<685,nurse5-3,nursingItem5-7,read> null
<686,doctor1-1,HR8-2,addItem> null
<687,nurse4-3,HR4-4,addItem> null
<688,nurse7-2,HR7-2,addItem> null
<689,nurse5-2,HR5-2,addItem> null
<690,doctor0-1,HRitem0-5-2,read> null
<691,nurse7-2,HR7-1,addItem> null
<692,doctor2-0,HR7-0,addItem> null
<693,nurse1-3,nursingItem1-4,read> null
<694,nurse7-2,HR7-0,addItem> null
<695,doctor3-1,HR2-4,addItem> null
<696,nurse4-3,HR4-9,addItem> null
<697,nurse4-3,HR4-8,addItem> null
<698,nurse5-0,nursingItem5-7,read> null
<699,patient3-2,noteItem3-2,read> null
<700,nurse7-2,HR7-6,addItem> null
<701,nurse7-2,HR7-5,addItem> null
<702,nurse7-1,nursingItem7-4,read> null
<703,doctor6-0,HR6-3,addItem> null
<704,nurse7-2,HR7-4,addItem> null
<705,nurse7-2,HR7-3,addItem> null
<706,nurse4-3,HR4-3,addItem> null
<707,nurse0-3,nursingItem0-0,read> null
<708,doctor6-0,HR6-0,addItem> null
<709,nurse7-2,HR7-9,addItem> null
<710,doctor1-1,HRitem8-8-1,read> null
<711,nurse4-3,HR4-2,addItem> null
<712,nurse7-2,HR7-8,addItem> null
<713,patient2-8,noteItem2-8agent2-1,read> null
<714,nurse4-3,HR4-1,addItem> null
<715,patient2-4,HR2-4,addNote> null
<716,nurse7-2,HR7-7,addItem> null
<717,nurse4-3,HR4-0,addItem> null
<718,nurse1-0,nursingItem1-9,read> null
<719,doctor6-0,HR6-1,addItem> null
<720,nurse6-0,HR6-6,addItem> null
<721,nurse5-3,HR5-1,addItem> null
<722,nurse4-0,HR4-0,addItem> null
<723,nurse5-3,HR5-0,addItem> null
<724,nurse5-3,HR5-3,addItem> null
<725,nurse6-0,HR6-8,addItem> null
<726,patient1-0,noteItem1-0,read> null
<727,patient2-1,noteItem2-1,read> null
<728,nurse5-3,HR5-2,addItem> null
<729,nurse6-0,HR6-7,addItem> null
<730,nurse6-0,HR6-2,addItem> null
<731,nurse6-0,HR6-1,addItem> null
<732,nurse6-0,HR6-4,addItem> null
<733,nurse6-0,HR6-3,addItem> null
<734,nurse1-1,HR1-2,addItem> null
<735,patient5-5,HR5-5,addNote> null
<736,nurse5-3,HR5-9,addItem> null
<737,nurse4-0,HR4-7,addItem> null
<738,doctor7-1,HR7-8,addItem> null
<739,nurse5-3,HR5-8,addItem> null
<740,nurse4-0,HR4-8,addItem> null
<741,doctor6-0,HRitem6-7-1,read> null
<742,nurse6-0,HR6-0,addItem> null
<743,patient5-6,HR5-6,addNote> null
<744,nurse4-0,HR4-5,addItem> null
<745,nurse4-0,HR4-6,addItem> null
<746,nurse5-2,nursingItem5-0,read> null
<747,nurse1-0,nursingItem1-2,read> null
<748,nurse5-3,HR5-5,addItem> null
<749,nurse5-3,HR5-4,addItem> null
<750,nurse4-0,HR4-4,addItem> null
<751,nurse5-3,HR5-7,addItem> null
<752,patient7-8,HR7-8,addNote> null
<753,nurse4-0,HR4-1,addItem> null
<754,nurse5-3,HR5-6,addItem> null
<755,nurse4-0,HR4-2,addItem> null
<756,nurse4-0,HR4-9,addItem> null
<757,patient0-5,noteItem0-5agent0-1,read> null
<758,nurse9-0,nursingItem9-0,read> null
<759,agent6-1,noteItem6-5agent6-1,read> null
<760,patient7-2,noteItem7-2,read> null
<761,nurse6-0,HR6-9,addItem> null
<762,nurse6-1,HR6-9,addItem> null
<763,doctor7-1,HRitem9-0-0,read> null
<764,agent1-1,HR1-3,addNote> null
<765,nurse9-2,nursingItem9-8,read> null
<766,nurse6-1,HR6-8,addItem> null
<767,nurse4-1,HR4-0,addItem> null
<768,nurse6-1,HR6-7,addItem> null
<769,nurse4-1,HR4-1,addItem> null
<770,nurse6-1,HR6-6,addItem> null
<771,nurse6-1,HR6-5,addItem> null
<772,nurse6-1,HR6-4,addItem> null
<773,nurse6-1,HR6-3,addItem> null
<774,patient5-4,noteItem5-4,read> null
<775,nurse6-1,HR6-2,addItem> null
<776,doctor4-0,HRitem1-6-2,read> null
<777,nurse6-1,HR6-1,addItem> null
<778,nurse6-1,HR6-0,addItem> null
<779,nurse4-1,HR4-7,addItem> null
<780,nurse4-1,HR4-8,addItem> null
<781,nurse4-1,HR4-9,addItem> null
<782,nurse7-0,nursingItem7-0,read> null
<783,nurse4-1,HR4-2,addItem> null
<784,nurse4-1,HR4-3,addItem> null
<785,nurse4-1,HR4-4,addItem> null
<786,agent3-11,noteItem3-5,read> null
<787,nurse4-1,HR4-5,addItem> null
<788,patient1-8,HR1-8,addNote> null
<789,doctor1-0,HRitem5-1-3,read> null
<790,nurse6-2,HR6-3,addItem> null
<791,nurse6-2,HR6-6,addItem> null
<792,nurse6-2,HR6-5,addItem> null
<793,nurse6-2,HR6-8,addItem> null
<794,nurse6-2,HR6-7,addItem> null
<795,nurse1-3,nursingItem1-0,read> null
<796,patient5-3,noteItem5-3,read> null
<797,nurse5-1,HR5-1,addItem> null
<798,nurse6-2,HR6-9,addItem> null
<799,nurse5-1,HR5-0,addItem> null
<800,nurse5-1,HR5-3,addItem> null
<801,nurse5-1,HR5-2,addItem> null
<802,nurse5-1,HR5-5,addItem> null
<803,nurse5-1,HR5-4,addItem> null
<804,patient7-0,noteItem7-0,read> null
<805,nurse5-1,HR5-7,addItem> null
<806,nurse6-2,HR6-0,addItem> null
<807,agent5-11,noteItem5-1agent5-1,read> null
<808,nurse5-1,HR5-6,addItem> null
<809,doctor0-0,HR0-0,addItem> null
<810,nurse5-1,HR5-9,addItem> null
<811,nurse2-3,nursingItem2-3,read> null
<812,nurse6-2,HR6-2,addItem> null
<813,nurse5-1,HR5-8,addItem> null
<814,nurse6-2,HR6-1,addItem> null
<815,doctor8-0,HR3-0,addItem> null
<816,doctor8-0,HR3-7,addItem> null
<817,nurse6-3,HR6-7,addItem> null
<818,nurse6-3,HR6-6,addItem> null
<819,nurse6-3,HR6-5,addItem> null
<820,nurse6-3,HR6-4,addItem> null
<821,nurse5-2,HR5-1,addItem> null
<822,patient5-8,noteItem5-8,read> null
<823,nurse5-2,HR5-0,addItem> null
<824,doctor0-1,HRitem0-7-0,read> null
<825,doctor3-1,HR9-1,addItem> null
<826,nurse6-3,HR6-8,addItem> null
<827,nurse5-2,HR5-6,addItem> null
<828,nurse5-2,HR5-5,addItem> null
<829,nurse9-3,nursingItem9-3,read> null
<830,nurse5-2,HR5-4,addItem> null
<831,patient3-3,HR3-3,addNote> null
<832,nurse5-2,HR5-3,addItem> null
<833,agent2-01,noteItem2-4agent2-0,read> null
<834,doctor0-1,HR0-8,addItem> null
<835,agent3-1,noteItem3-5agent3-1,read> null
<836,nurse6-3,HR6-3,addItem> null
<837,nurse5-2,HR5-9,addItem> null
<838,doctor5-0,HR9-1,addItem> null
<839,nurse5-0,nursingItem5-5,read> null
<840,nurse6-3,HR6-2,addItem> null
<841,patient2-7,HR2-7,addNote> null
<842,nurse5-2,HR5-8,addItem> null
<843,nurse2-1,nursingItem2-1,read> null
<844,nurse6-3,HR6-1,addItem> null
<845,nurse5-2,HR5-7,addItem> null
<846,nurse6-3,HR6-0,addItem> null
<847,agent0-01,HR0-1,addNote> null
<848,doctor8-1,HR3-2,addItem> null
<849,doctor8-1,HR3-1,addItem> null
<850,agent5-01,noteItem5-0,read> null
<851,doctor8-1,HR3-4,addItem> null
<852,doctor8-1,HR3-3,addItem> null
<853,doctor3-1,HR9-3,addItem> null
<854,doctor3-1,HR9-5,addItem> null
<855,doctor8-1,HR3-6,addItem> null
<856,doctor8-1,HR3-5,addItem> null
<857,doctor8-1,HR3-8,addItem> null
<858,doctor3-1,HR9-9,addItem> null
<859,patient1-2,noteItem1-2,read> null
<860,doctor0-1,HR0-4,addItem> null
<861,doctor2-1,HR8-9,addItem> null
<862,doctor2-1,HR8-7,addItem> null
<863,doctor2-1,HR8-6,addItem> null
<864,agent5-11,HR5-1,addNote> null
<865,doctor8-1,HRitem5-1-0,read> null
<866,agent0-01,noteItem0-1,read> null
<867,doctor7-0,HR4-6,addItem> null
<868,patient1-1,noteItem1-1,read> null
<869,doctor2-1,HR8-1,addItem> null
<870,nurse9-3,nursingItem9-7,read> null
<871,doctor9-1,HRitem9-5-0,read> null
<872,agent4-11,noteItem4-3agent4-1,read> null
<873,patient2-5,HR2-5,addNote> null
<874,agent9-1,HR9-3,addNote> null
<875,agent8-11,noteItem8-6,read> null
<876,nurse5-0,nursingItem5-6,read> null
<877,doctor6-1,HR1-4,addItem> null
<878,doctor5-1,HR5-5,addItem> null
<879,doctor7-1,HRitem7-3-1,read> null
<880,patient2-6,HR2-6,addNote> null
<881,doctor7-1,HR9-6,addItem> null
<882,doctor7-1,HRitem7-7-3,read> null
<883,nurse3-1,nursingItem3-6,read> null
<884,doctor7-0,HRitem7-3-2,read> null
<885,doctor8-1,HRitem3-2-0,read> null
<886,agent8-0,noteItem8-7agent8-0,read> null
<887,nurse4-1,nursingItem4-7,read> null
<888,nurse4-1,nursingItem4-4,read> null
<889,nurse4-1,nursingItem4-5,read> null
<890,nurse4-1,nursingItem4-1,read> null
<891,nurse4-1,nursingItem4-2,read> null
<892,doctor5-1,HRitem9-4-3,read> null
<893,patient7-1,noteItem7-1,read> null
<894,patient6-3,HR6-3,addNote> null
<895,doctor5-0,HR8-2,addItem> null
<896,nurse4-0,nursingItem4-8,read> null
<897,nurse4-0,nursingItem4-6,read> null
<898,patient9-1,HR9-1,addNote> null
<899,nurse4-0,nursingItem4-7,read> null
<900,nurse2-1,nursingItem2-0,read> null
<901,agent3-11,HR3-5,addNote> null
<902,agent5-01,noteItem5-0agent5-0,read> null
<903,nurse5-3,nursingItem5-0,read> null
<904,doctor7-1,HR9-4,addItem> null
<905,nurse4-0,nursingItem4-4,read> null
<906,patient7-6,HR7-6,addNote> null
<907,agent2-0,noteItem2-4agent2-0,read> null
<908,nurse4-0,nursingItem4-2,read> null
<909,patient6-4,HR6-4,addNote> null
<910,nurse4-3,nursingItem4-5,read> null
<911,nurse4-3,nursingItem4-6,read> null
<912,patient7-5,HR7-5,addNote> null
<913,nurse4-3,nursingItem4-7,read> null
<914,nurse4-3,nursingItem4-8,read> null
<915,patient2-9,HR2-9,addNote> null
<916,nurse4-3,nursingItem4-0,read> null
<917,nurse4-3,nursingItem4-3,read> null
<918,nurse4-3,nursingItem4-4,read> null
<919,patient6-5,HR6-5,addNote> null
<920,nurse9-3,nursingItem9-2,read> null
<921,nurse9-3,nursingItem9-4,read> null
<922,doctor8-1,HRitem3-9-2,read> null
<923,nurse9-3,nursingItem9-6,read> null
<924,nurse9-3,nursingItem9-8,read> null
<925,nurse9-3,nursingItem9-9,read> null
<926,nurse4-2,nursingItem4-6,read> null
<927,patient4-0,HR4-0,addNote> null
<928,nurse4-2,nursingItem4-4,read> null
<929,nurse4-2,nursingItem4-9,read> null
<0,nurse4-2,nursingItem4-2,read> null
<1,nurse5-2,nursingItem5-8,read> null
<2,nurse4-2,nursingItem4-0,read> null
<3,nurse3-0,nursingItem3-2,read> null
<4,nurse3-0,nursingItem3-4,read> null
<5,doctor4-1,HR2-1,addItem> null
<6,patient6-6,HR6-6,addNote> null
<7,nurse3-0,nursingItem3-5,read> null
<8,doctor4-0,HRitem4-5-2,read> null
<9,nurse3-0,nursingItem3-7,read> null
<10,nurse0-0,nursingItem0-8,read> null
<11,doctor9-0,HR5-7,addItem> null
<12,nurse3-0,nursingItem3-8,read> null
<13,nurse3-0,nursingItem3-9,read> null
<14,doctor9-0,HR5-9,addItem> null
<15,nurse3-0,nursingItem3-0,read> null
<16,nurse3-0,nursingItem3-1,read> null
<17,patient5-4,HR5-4,addNote> null
<18,patient4-1,HR4-1,addNote> null
<19,nurse3-1,nursingItem3-2,read> null
<20,nurse3-1,nursingItem3-0,read> null
<21,nurse9-1,nursingItem9-9,read> null
<22,nurse9-1,nursingItem9-3,read> null
<23,nurse9-1,nursingItem9-5,read> null
<24,nurse9-1,nursingItem9-6,read> null
<25,nurse3-1,nursingItem3-9,read> null
<26,nurse9-1,nursingItem9-1,read> null
<27,nurse9-1,nursingItem9-2,read> null
<28,doctor9-1,HR5-9,addItem> null
<29,nurse3-1,nursingItem3-5,read> null
<30,agent4-1,HR4-3,addNote> null
<31,doctor9-1,HR5-7,addItem> null
<32,patient6-7,HR6-7,addNote> null
<33,nurse3-1,nursingItem3-4,read> null
<34,nurse3-1,nursingItem3-3,read> null
<35,patient5-0,HR5-0,addNote> null
<36,patient4-6,HR4-6,addNote> null
<37,doctor5-0,HRitem8-5-0,read> null
<38,patient4-2,HR4-2,addNote> null
<39,doctor9-1,HRitem3-8-1,read> null
<40,doctor1-1,HR8-0,addItem> null
<41,doctor1-1,HR8-4,addItem> null
<42,nurse9-2,nursingItem9-9,read> null
<43,doctor1-1,HR8-3,addItem> null
<44,nurse9-2,nursingItem9-6,read> null
<45,nurse9-2,nursingItem9-7,read> null
<46,doctor1-1,HR8-5,addItem> null
<47,nurse9-2,nursingItem9-4,read> null
<48,doctor1-1,HR8-8,addItem> null
<49,nurse9-2,nursingItem9-5,read> null
<50,nurse3-2,nursingItem3-9,read> null
<51,nurse3-2,nursingItem3-8,read> null
<52,nurse9-2,nursingItem9-3,read> null
<53,nurse9-2,nursingItem9-0,read> null
<54,nurse9-2,nursingItem9-1,read> null
<55,nurse7-1,nursingItem7-0,read> null
<56,nurse3-2,nursingItem3-4,read> null
<57,nurse3-2,nursingItem3-7,read> null
<58,nurse3-2,nursingItem3-6,read> null
<59,patient6-8,HR6-8,addNote> null
<60,doctor7-0,HRitem5-9-0,read> null
<61,patient4-3,HR4-3,addNote> null
<62,patient9-8,HR9-8,addNote> null
<63,patient9-1,noteItem9-1,read> null
<64,doctor3-1,HRitem9-3-1,read> null
<65,nurse3-3,nursingItem3-0,read> null
<66,nurse3-3,nursingItem3-4,read> null
<67,doctor8-1,HR5-4,addItem> null
<68,nurse3-3,nursingItem3-3,read> null
<69,nurse3-3,nursingItem3-2,read> null
<70,nurse3-3,nursingItem3-1,read> null
<71,nurse5-1,nursingItem5-1,read> null
<72,nurse3-3,nursingItem3-8,read> null
<73,patient6-9,HR6-9,addNote> null
<74,nurse3-3,nursingItem3-6,read> null
<75,agent4-0,HR4-4,addNote> null
<76,nurse3-3,nursingItem3-5,read> null
<77,nurse3-3,nursingItem3-9,read> null
<78,doctor4-1,HR2-6,addItem> null
<79,doctor4-1,HR2-8,addItem> null
<80,doctor2-0,HR3-0,addItem> null
<81,doctor4-1,HR2-9,addItem> null
<82,doctor4-1,HR2-2,addItem> null
<83,doctor4-1,HR2-5,addItem> null
<84,nurse5-1,nursingItem5-3,read> null
<85,doctor4-1,HR2-0,addItem> null
<86,patient9-9,HR9-9,addNote> null
<87,nurse9-0,nursingItem9-5,read> null
<88,nurse2-2,nursingItem2-0,read> null
<89,nurse9-0,nursingItem9-2,read> null
<90,nurse9-0,nursingItem9-3,read> null
<91,nurse9-0,nursingItem9-8,read> null
<92,nurse9-0,nursingItem9-6,read> null
<93,nurse8-1,nursingItem8-0,read> null
<94,nurse9-0,nursingItem9-7,read> null
<95,patient1-6,HR1-6,addNote> null
<96,nurse0-3,HR0-0,addItem> null
<97,doctor7-1,HRitem9-2-3,read> null
<98,doctor8-0,HRitem4-2-3,read> null
<99,nurse9-0,nursingItem9-1,read> null
<100,patient8-0,HR8-0,addNote> null
<101,agent9-1,noteItem9-3agent9-1,read> null
<102,doctor7-1,HR7-9,addItem> null
<103,doctor2-0,HRitem7-2-3,read> null
<104,doctor9-0,HR9-1,addItem> null
<105,doctor7-1,HR7-2,addItem> null
<106,doctor6-1,HRitem6-9-3,read> null
<107,doctor7-1,HR7-3,addItem> null
<108,patient9-6,HR9-6,addNote> null
<109,doctor7-1,HR7-0,addItem> null
<110,agent0-1,noteItem0-5agent0-1,read> null
<111,doctor7-1,HR7-7,addItem> null
<112,doctor7-1,HR7-4,addItem> null
<113,patient3-2,HR3-2,addNote> null
<114,doctor7-1,HR7-5,addItem> null
<115,patient9-7,HR9-7,addNote> null
<116,patient9-4,HR9-4,addNote> null
<117,doctor7-0,HR7-8,addItem> null
<118,doctor7-0,HR7-3,addItem> null
<119,doctor7-0,HR7-0,addItem> null
<120,doctor7-0,HR7-2,addItem> null
<121,nurse2-1,nursingItem2-9,read> null
<122,doctor8-1,HR8-1,addItem> null
<123,doctor8-1,HR8-7,addItem> null
<124,doctor8-1,HR8-6,addItem> null
<125,doctor8-1,HR8-9,addItem> null
<126,doctor8-0,HR8-6,addItem> null
<127,nurse5-1,nursingItem5-2,read> null
<128,agent1-11,noteItem1-3,read> null
<129,patient9-0,HR9-0,addNote> null
<130,doctor9-0,HRitem9-9-1,read> null
<131,nurse1-2,nursingItem1-5,read> null
<132,doctor9-0,HR9-3,addItem> null
<133,doctor9-0,HR9-5,addItem> null
<134,doctor5-0,HR8-3,addItem> null
<135,doctor5-0,HR8-0,addItem> null
<136,nurse7-0,nursingItem7-1,read> null
<137,doctor0-0,HRitem0-6-3,read> null
<138,doctor5-0,HR8-8,addItem> null
<139,doctor5-0,HR8-4,addItem> null
<140,nurse7-0,nursingItem7-7,read> null
<141,nurse7-0,nursingItem7-6,read> null
<142,nurse7-0,nursingItem7-8,read> null
<143,doctor9-0,HR9-9,addItem> null
<144,nurse7-0,nursingItem7-2,read> null
<145,nurse7-0,nursingItem7-5,read> null
<146,patient2-3,noteItem2-3,read> null
<147,nurse7-0,nursingItem7-4,read> null
<148,agent4-11,noteItem4-3,read> null
<149,patient1-4,HR1-4,addNote> null
<150,doctor3-0,HRitem5-8-0,read> null
<151,nurse8-3,nursingItem8-2,read> null
<152,nurse5-3,nursingItem5-9,read> null
<153,nurse5-3,nursingItem5-5,read> null
<154,nurse5-3,nursingItem5-6,read> null
<0,nurse5-3,nursingItem5-1,read> 5.275803469192354E-4
<1,nurse2-1,nursingItem2-6,read> 3.715179521854458E-4
<2,nurse5-3,nursingItem5-3,read> 5.260856968187735E-4
<3,patient2-2,noteItem2-2,read> 0.001171253671660575
<4,patient8-5,noteItem8-5,read> 0.001506748755853704
<5,agent2-01,noteItem2-4,read> 6.360649699389272E-4
<6,doctor5-1,HRitem5-0-2,read> 3.9547273869614066E-5
<7,doctor5-1,HRitem9-8-1,read> 3.8657004351903997E-4
<8,doctor9-1,HRitem5-7-0,read> 8.982318501235933E-5
<9,doctor9-0,HRitem5-7-2,read> 8.831302288255434E-5
<10,doctor2-1,HRitem8-7-1,read> 1.7131451951807615E-4
<11,doctor5-0,HR9-9,addItem> 1.4101789981937562E-4
<12,doctor9-1,HR9-5,addItem> 7.110554770406044E-5
<13,doctor9-0,HRitem0-2-2,read> 3.84800109694046E-5
<14,patient3-6,HR3-6,addNote> 0.0010195188101941497
<15,patient1-0,HR1-0,addNote> 0.001144643085887654
<16,doctor6-1,HR5-9,addItem> 1.5228777001478056E-4
<17,nurse1-2,nursingItem1-1,read> 5.460225033934667E-4
<18,patient3-9,HR3-9,addNote> 0.001040816559248363
<19,doctor6-1,HR5-7,addItem> 1.5391669769404732E-4
<20,doctor6-1,HR1-5,addItem> 2.122093038763357E-4
<21,doctor9-1,HR3-9,addItem> 8.0206091686113E-5
<22,doctor6-1,HR1-6,addItem> 1.9934688468072295E-4
<23,doctor6-1,HR1-9,addItem> 2.0033630154192393E-4
<24,patient1-2,HR1-2,addNote> 0.0011339942113605473
<25,doctor6-1,HR1-0,addItem> 2.127040123069362E-4
<26,patient3-8,HR3-8,addNote> 0.0010381543406165865
<27,doctor9-1,HR9-3,addItem> 7.013404984177111E-5
<28,doctor9-1,HR9-1,addItem> 6.935685155193963E-5
<29,doctor6-1,HRitem1-7-2,read> 5.088931760332443E-4
<30,doctor9-1,HR9-9,addItem> 6.799675454473456E-5
<31,doctor7-1,HRitem7-6-0,read> 2.7708328910817817E-4
<32,patient8-2,HR8-2,addNote> 7.266747606987133E-4
<33,nurse8-2,nursingItem8-3,read> 7.964782079400254E-4
<34,doctor5-0,HRitem8-2-0,read> 9.35985903368718E-5
<35,patient2-0,HR2-0,addNote> 0.0011126964623063337
<36,nurse8-2,nursingItem8-4,read> 7.928299840726241E-4
<37,nurse8-2,nursingItem8-7,read> 4.334733035727195E-4
<38,nurse8-2,nursingItem8-6,read> 4.321394540585526E-4
<39,patient5-9,HR5-9,addNote> 9.955588425081593E-4
<40,agent1-11,noteItem1-3agent1-1,read> 9.754794958167802E-4
<41,patient4-5,HR4-5,addNote> 7.532969470164802E-4
<42,nurse8-3,nursingItem8-3,read> 4.3084467920307697E-4
<43,nurse8-3,nursingItem8-1,read> 4.3216031916756256E-4
<44,nurse8-3,nursingItem8-0,read> 4.334759591320481E-4
<45,patient9-9,noteItem9-9agent9-0,read> 0.0023019015575781094
<46,nurse8-3,nursingItem8-7,read> 4.2755557929186327E-4
<47,nurse8-3,nursingItem8-6,read> 4.2623993932737784E-4
<48,nurse8-3,nursingItem8-5,read> 4.295290392385915E-4
<49,agent7-01,HR7-0,addNote> 3.5624909222755464E-4
<50,patient8-4,HR8-4,addNote> 6.973903557491697E-4
<51,nurse8-0,nursingItem8-1,read> 8.976044093131919E-4
<52,patient7-0,HR7-0,addNote> 8.810834413417615E-4
<53,nurse8-0,nursingItem8-0,read> 5.384701360844472E-4
<54,nurse8-0,nursingItem8-3,read> 5.35201521916625E-4
<55,nurse8-0,nursingItem8-2,read> 8.935054990911745E-4
<56,nurse8-0,nursingItem8-5,read> 5.33567214832714E-4
<57,nurse8-0,nursingItem8-4,read> 5.327500612907585E-4
<58,nurse2-0,nursingItem2-5,read> 6.440771621999163E-4
<59,nurse8-0,nursingItem8-7,read> 5.311157542068474E-4
<60,nurse8-0,nursingItem8-9,read> 5.270299864970697E-4
<61,nurse8-0,nursingItem8-8,read> 8.798424650177828E-4
<62,patient8-3,HR8-3,addNote> 7.027147930127231E-4
<63,patient2-1,HR2-1,addNote> 0.0011153586809381105
<64,patient4-7,HR4-7,addNote> 7.426480724893734E-4
<65,nurse8-1,nursingItem8-1,read> 5.398265578529069E-4
<66,nurse8-1,nursingItem8-5,read> 5.365397341354032E-4
<67,nurse8-1,nursingItem8-3,read> 5.381831459941549E-4
<68,patient6-0,HR6-0,addNote> 2.0754212750225806E-4
<69,nurse5-0,nursingItem5-8,read> 9.164561367688386E-4
<70,nurse5-0,nursingItem5-2,read> 5.199791517987282E-4
<71,nurse5-0,nursingItem5-4,read> 9.049034944845042E-4
<72,nurse7-3,nursingItem7-9,read> 1.1515010139583528E-4
<73,nurse7-3,nursingItem7-5,read> 1.1898950460992261E-4
<74,nurse7-3,nursingItem7-6,read> 1.1745374332428768E-4
<75,nurse1-3,nursingItem1-3,read> 9.569644809844478E-4
<76,nurse7-3,nursingItem7-7,read> 1.1361434011020039E-4
<77,nurse7-3,nursingItem7-8,read> 1.9223157792618486E-4
<78,nurse7-3,nursingItem7-1,read> 1.2129314653837497E-4
<79,nurse7-3,nursingItem7-2,read> 1.2206102718119246E-4
<80,nurse7-3,nursingItem7-3,read> 1.1668586268147023E-4
<81,nurse7-3,nursingItem7-4,read> 1.1591798203865274E-4
<82,patient8-5,HR8-5,addNote> 7.133636675398297E-4
<83,nurse7-3,nursingItem7-0,read> 1.2052526589555753E-4
<84,doctor2-0,HRitem3-7-0,read> 1.685257835465283E-4
<85,doctor6-0,HR3-8,addItem> 2.1556903309224022E-4
<86,doctor6-0,HRitem3-2-1,read> 3.4702267274477175E-5
<87,patient2-3,HR2-3,addNote> 0.0011233453368334405
<88,nurse7-2,nursingItem7-6,read> 1.9552519722579065E-4
<89,nurse7-2,nursingItem7-7,read> 1.0788244547401012E-4
<90,nurse7-2,nursingItem7-4,read> 1.1006986762949552E-4
<91,nurse7-2,nursingItem7-5,read> 1.129864305034761E-4
<92,nurse5-1,nursingItem5-0,read> 5.2374985992586E-4
<93,patient6-6,noteItem6-6,read> 0.003129224982689327
<94,nurse5-2,nursingItem5-3,read> 9.096495030576475E-4
<95,nurse7-2,nursingItem7-9,read> 1.0934072691100038E-4
<96,nurse5-2,nursingItem5-4,read> 5.238139214571476E-4
<97,nurse5-2,nursingItem5-6,read> 5.319873876941998E-4
<98,nurse7-2,nursingItem7-2,read> 1.1590299337745666E-4
<99,nurse7-2,nursingItem7-3,read> 1.1079900834799067E-4
<100,nurse0-0,nursingItem0-5,read> 5.425715004632097E-4
<101,patient6-2,HR6-2,addNote> 2.5013762561068516E-4
<102,nurse7-2,nursingItem7-0,read> 1.1444471194046636E-4
<103,nurse7-2,nursingItem7-1,read> 1.1517385265896148E-4
<104,doctor8-0,HR4-2,addItem> 1.7989991332216935E-4
<105,nurse0-2,HR0-6,addItem> 7.486434317871447E-5
<106,doctor8-0,HR4-0,addItem> 1.8238164800803345E-4
<107,doctor8-0,HR4-4,addItem> 1.792794796507033E-4
<108,doctor8-0,HR4-7,addItem> 1.730751429360431E-4
<109,doctor8-0,HR4-8,addItem> 1.7431601027897517E-4
<110,nurse7-1,nursingItem7-3,read> 1.112194979432392E-4
<111,nurse7-1,nursingItem7-5,read> 1.1341522151107941E-4
<112,nurse7-1,nursingItem7-6,read> 1.1195140579918593E-4
<113,nurse7-1,nursingItem7-7,read> 1.0829186651945229E-4
<114,nurse7-1,nursingItem7-8,read> 1.068280508075588E-4
<115,nurse7-1,nursingItem7-9,read> 1.0975568223134573E-4
<116,nurse5-1,nursingItem5-5,read> 5.296599376869982E-4
<117,nurse1-2,HR1-5,addItem> 1.1282220616262886E-4
<118,doctor7-1,HRitem9-6-2,read> 4.82937264427221E-5
<119,nurse5-1,nursingItem5-8,read> 5.274436585265712E-4
<120,nurse7-1,nursingItem7-1,read> 2.0235374256514257E-4
<121,nurse7-1,nursingItem7-2,read> 1.1634285293486635E-4
<122,patient6-1,HR6-1,addNote> 2.4747540697890846E-4
<123,doctor4-0,HRitem0-2-2,read> 1.0042344326161689E-4
<124,doctor1-1,HRitem8-2-1,read> 9.208842820706683E-5
<125,doctor8-1,HR5-8,addItem> 2.1033763170446795E-4
<126,doctor8-1,HR5-6,addItem> 2.1257551407658683E-4
<127,doctor8-1,HR5-5,addItem> 2.0698080814628958E-4
<128,doctor8-1,HR5-2,addItem> 2.086592199253788E-4
<129,doctor1-1,HR1-0,addItem> 1.2528071183582845E-4
<130,doctor8-1,HR5-1,addItem> 2.1761074941385443E-4
<131,doctor8-1,HR5-0,addItem> 2.1705127882082467E-4
<132,agent8-01,HR8-7,addNote> 4.384234880421849E-4
<133,agent2-11,noteItem2-8,read> 5.95068338886011E-4
<134,doctor7-0,HR4-9,addItem> 2.705056086734728E-4
<135,agent1-0,noteItem1-4agent1-0,read> 9.325221384847907E-4
<136,agent3-11,noteItem3-5agent3-1,read> 1.679764371804722E-4
<137,doctor0-1,HR9-2,addItem> 1.6861037421027144E-4
<138,doctor7-0,HRitem4-9-2,read> 6.0375023481162006E-5
<139,agent0-11,HR0-5,addNote> 4.922075784980332E-4
<140,doctor2-0,HR2-6,addItem> 2.0405586447473984E-4
<141,doctor2-0,HR2-2,addItem> 2.095310904348304E-4
<142,doctor6-1,HRitem6-2-2,read> 3.306940447162553E-4
<143,nurse0-0,nursingItem0-3,read> 5.410849183510896E-4
<144,doctor2-0,HR2-1,addItem> 2.0853559480572302E-4
<145,patient5-0,noteItem5-0agent5-0,read> 2.1762757803072907E-4
<146,doctor2-1,HR2-8,addItem> 2.0581221858289672E-4
<147,doctor2-1,HR2-9,addItem> 2.078105975637765E-4
<148,doctor2-1,HR2-6,addItem> 2.0481302909245688E-4
<149,doctor2-1,HR2-5,addItem> 2.053126238376768E-4
<150,doctor2-1,HR2-2,addItem> 2.1030857128987617E-4
<151,doctor2-1,HR2-1,addItem> 2.093093817994363E-4
<152,nurse1-3,nursingItem1-6,read> 9.403761750748335E-4
<153,doctor3-1,HR3-0,addItem> 1.8178183446652884E-4
<154,nurse1-3,nursingItem1-2,read> 5.414905948604883E-4

