<0,patient5-8,noteItem5-8,read> 0.005227916692954198
<1,nurse1-2,nursingItem1-3,read> 9.505370605624882E-4
<2,agent5-11,noteItem5-5agent5-1,read> 0.0014533092755124525
<3,patient5-6,HR5-6,addNote> 0.001751203966343104
<4,patient1-0,noteItem1-0,read> 0.0021224530644834375
<5,nurse1-2,HR1-5,addItem> 1.945818462511528E-4
<6,patient6-1,noteItem6-1,read> 0.005255726815000207
<7,patient1-5,noteItem1-5,read> 0.001798001640613358
<8,patient9-7,HR9-7,addNote> 0.0015978986119334945
<9,doctor5-1,HRitem8-6-0,read> 6.84242611101326E-4
<10,patient1-2,noteItem1-2agent1-0,read> 0.002080177470011029
<11,doctor7-0,HR7-2,addItem> 6.95772079715151E-4
<12,agent9-01,noteItem9-4,read> 9.570939563694765E-4
<13,doctor8-1,HRitem8-3-2,read> 6.120655787849784E-5
<14,doctor3-0,HR5-2,addItem> 6.914667632258244E-4
<15,nurse6-1,nursingItem6-1,read> 2.0719100704895174E-4
<16,patient5-9,noteItem5-9,read> 0.00519083653022619
<17,nurse3-1,nursingItem3-3,read> 0.001084669400117809
<18,agent6-1,noteItem6-1,read> 0.0030054322543515634
<19,nurse4-0,nursingItem4-6,read> 9.351512323434569E-4
<20,patient1-1,HR1-1,addNote> 0.0019788391895573724
<21,doctor4-1,HRitem4-3-3,read> 8.250122632939315E-4
<22,patient6-4,noteItem6-4,read> 0.005311347059092218
<23,patient4-0,noteItem4-0,read> 0.005079596042042163
<24,nurse5-3,nursingItem5-9,read> 9.212978653470265E-4
<25,nurse4-3,nursingItem4-2,read> 8.86793655264534E-4
<26,doctor8-0,HRitem1-0-2,read> 5.149694297301103E-4
<27,patient5-5,noteItem5-5,read> 0.005246456774318203
<28,agent8-1,HR8-3,addNote> 8.230715250464205E-4
<29,nurse2-3,HR2-0,addItem> 1.8898126462109965E-4
<30,nurse2-3,HR2-6,addItem> 1.8532024123221348E-4
<31,nurse2-3,HR2-1,addItem> 1.8943889254471045E-4
<32,nurse2-3,HR2-2,addItem> 1.90354148391932E-4
<33,agent9-1,noteItem9-9agent9-1,read> 0.0035383245751614404
<34,patient0-3,noteItem0-3,read> 0.002066832820391424
<35,nurse4-2,nursingItem4-8,read> 9.153370685017784E-4
<36,patient9-5,noteItem9-5,read> 0.0033090182717797284
<37,agent4-0,noteItem4-7agent4-0,read> 0.002637976478748696
<38,patient4-4,noteItem4-4,read> 0.005125946245452174
<39,patient3-0,noteItem3-0,read> 0.005061055960678159
<40,patient8-1,noteItem8-1,read> 0.0023634741222154964
<41,nurse2-0,nursingItem2-2,read> 0.0011115509503337446
<42,agent0-0,noteItem0-6agent0-0,read> 0.003912302196825772
<43,patient2-1,noteItem2-1agent2-0,read> 0.004077480725097465
<44,patient8-7,noteItem8-7,read> 0.00241909436630751
<45,nurse5-1,nursingItem5-3,read> 8.979465567395389E-4
<46,agent3-1,noteItem3-0agent3-1,read> 0.0027222525601026545
<47,agent9-0,noteItem9-4agent9-0,read> 0.003898695640785042
<48,patient8-3,noteItem8-3agent8-1,read> 0.003911038787173596
<49,nurse2-3,HR2-3,addItem> 1.9081177631554276E-4
<50,patient5-7,noteItem5-7,read> 0.005209376611590194
<51,nurse2-3,HR2-8,addItem> 1.8623549707943502E-4
<52,nurse9-3,nursingItem9-1,read> 7.978932005840232E-4
<53,doctor9-1,HRitem9-4-2,read> 7.963369637732156E-4
<54,nurse2-3,nursingItem2-2,read> 6.255095324025972E-4
<55,patient1-4,noteItem1-4,read> 0.0016126008269733124
<56,patient4-9,HR4-9,addNote> 0.0012773510527134013
<57,nurse2-3,HR2-9,addItem> 1.880660087738781E-4
<58,nurse2-3,HR2-4,addItem> 1.9172703216276433E-4
<59,patient9-6,noteItem9-6,read> 0.003290478190415724
<60,nurse1-3,nursingItem1-9,read> 9.086717283334122E-4
<61,patient6-2,noteItem6-2,read> 0.005200106570908193
<62,nurse2-3,HR2-5,addItem> 1.8577786915582428E-4
<63,doctor6-0,HRitem9-8-0,read> 6.69904961340968E-4
<64,nurse2-3,HR2-7,addItem> 1.866931250030458E-4
<65,patient5-5,HR5-5,addNote> 0.0017047477983401919
<66,patient5-7,HR5-7,addNote> 0.0017419127327425216
<67,nurse1-1,nursingItem1-4,read> 0.0016680041201452963
<68,patient5-0,noteItem5-0,read> 0.005357697262502231
<69,patient2-0,HR2-0,addNote> 0.0019184461711535873
<70,doctor1-1,HRitem7-6-1,read> 4.704812874014435E-4
<71,patient0-9,noteItem0-9,read> 0.001992672494935406
<72,nurse4-0,nursingItem4-0,read> 0.001550226057184464
<73,agent9-0,noteItem9-4,read> 0.002314100410940283
<74,agent7-1,HR7-4,addNote> 0.001355241189131295
<75,nurse8-1,nursingItem8-3,read> 0.001552756662200442
<76,doctor6-1,HR9-1,addItem> 6.582595472673021E-4
<77,doctor3-1,HR3-2,addItem> 7.092805579592536E-4
<78,patient2-5,noteItem2-5,read> 0.001881432006751378
<79,nurse8-1,nursingItem8-8,read> 0.0015266781738219881
<80,patient1-6,noteItem1-6,read> 0.0017701915185673507
<81,nurse0-3,nursingItem0-6,read> 9.385649902645952E-4
<82,doctor2-0,HRitem1-1-2,read> 6.881528792177874E-4
<83,agent7-0,noteItem7-5agent7-0,read> 0.004620506956736065
<84,agent1-1,noteItem1-4agent1-1,read> 0.0017694958857854977
<85,doctor7-0,HRitem4-0-3,read> 5.565071859635913E-4
<86,agent3-11,noteItem3-0,read> 0.0025289185240427755
<87,nurse9-2,nursingItem9-3,read> 8.056139672381478E-4
<88,patient6-1,noteItem6-1agent6-1,read> 0.003628087492703017
<89,nurse8-1,nursingItem8-4,read> 9.276244964985465E-4
<90,nurse2-2,HR2-1,addItem> 1.9199025810086813E-4
<91,patient0-2,noteItem0-2,read> 0.002048292739027419
<92,patient5-1,noteItem5-1,read> 0.0053206170997742224
<93,nurse2-2,HR2-2,addItem> 1.9291784062616676E-4
<94,doctor6-1,HR9-2,addItem> 6.61978965544975E-4
<95,patient3-1,noteItem3-1,read> 0.005051785919996156
<96,doctor9-1,HRitem3-4-0,read> 7.220418695604515E-4
<97,doctor3-0,HR3-8,addItem> 4.6984058048583037E-4
<98,nurse2-2,HR2-0,addItem> 1.9152646683821882E-4
<99,patient7-8,HR7-8,addNote> 0.0015653792943314557
<100,patient0-3,HR0-3,addNote> 0.0013191616039160221
<101,agent8-01,HR8-1,addNote> 8.064175011817467E-4
<102,patient1-6,HR1-6,addNote> 0.0018487619191492194
<103,agent7-0,noteItem7-5,read> 0.0011749173530761767
<104,nurse2-2,HR2-9,addItem> 1.9059888431292025E-4
<105,nurse1-1,nursingItem1-8,read> 9.522189017204353E-4
<106,nurse2-2,HR2-7,addItem> 1.892075105249723E-4
<107,nurse2-2,HR2-8,addItem> 1.8874371926232302E-4
<108,nurse2-2,HR2-5,addItem> 1.8827992799967373E-4
<109,doctor3-1,HR0-2,addItem> 5.618575315840164E-4
<110,nurse2-2,HR2-6,addItem> 1.8781613673702442E-4
<111,patient0-5,noteItem0-5,read> 0.0020297526576634147
<112,patient9-0,noteItem9-0,read> 0.0032255879056417086
<113,patient8-2,HR8-2,addNote> 0.0012587685855122367
<114,nurse9-0,nursingItem9-0,read> 8.77339879321396E-4
<115,nurse2-2,HR2-3,addItem> 1.9338163188881605E-4
<116,nurse5-0,nursingItem5-9,read> 0.0015803554114026737
<117,nurse2-2,HR2-4,addItem> 1.9430921441411468E-4
<118,patient7-7,noteItem7-7,read> 0.0017516514372033466
<119,patient8-6,noteItem8-6,read> 0.0024005542849435055
<120,patient3-6,noteItem3-6,read> 0.004968355553858135
<121,nurse1-0,nursingItem1-8,read> 9.7839674094299E-4
<122,doctor7-0,HR4-2,addItem> 3.8305159499794564E-4
<123,doctor7-0,HR4-3,addItem> 3.790608968587688E-4
<124,doctor2-0,HR1-0,addItem> 3.827663078115348E-4
<125,patient0-6,noteItem0-6agent0-0,read> 0.005900019945363839
<126,patient1-3,noteItem1-3,read> 0.001649680989701321
<127,doctor7-0,HR4-6,addItem> 3.764004314326507E-4
<128,nurse2-0,nursingItem2-6,read> 0.001120533936379038
<129,agent6-01,HR6-0,addNote> 2.140149361109845E-4
<130,nurse2-1,nursingItem2-3,read> 6.368567960690427E-4
<131,patient5-0,HR5-0,addNote> 0.0017837232839451422
<132,nurse6-2,nursingItem6-3,read> 2.1093796166771997E-4
<133,doctor1-1,HRitem1-4-2,read> 7.611445507250641E-4
<134,nurse9-2,nursingItem9-6,read> 8.248576158484413E-4
<135,nurse1-1,nursingItem1-7,read> 9.547891377482471E-4
<136,nurse6-2,nursingItem6-2,read> 2.0965142772108076E-4
<137,nurse1-0,nursingItem1-0,read> 9.638718160366778E-4
<138,agent2-11,noteItem2-9,read> 9.699739768796229E-4
<139,nurse6-2,nursingItem6-1,read> 2.0836489377444153E-4
<140,doctor1-0,HRitem1-1-0,read> 2.536284111076236E-4
<141,nurse2-3,nursingItem2-4,read> 0.0010991256202884001
<142,patient1-8,noteItem1-8,read> 0.001733111355839342
<143,agent2-01,noteItem2-1,read> 0.0010846307004893944
<144,patient5-4,HR5-4,addNote> 0.0017093934151404834
<145,agent1-01,noteItem1-2agent1-0,read> 0.0013694427438547983
<146,doctor7-0,HR4-9,addItem> 3.6575856972817874E-4
<147,nurse6-2,nursingItem6-0,read> 2.0707835982780235E-4
<148,nurse6-2,nursingItem6-7,read> 2.9932691290917977E-4
<149,doctor9-1,HR9-6,addItem> 2.3687419565698503E-4
<150,nurse6-2,nursingItem6-6,read> 1.7491501116182216E-4
<151,doctor6-1,HR9-0,addItem> 6.545401289896294E-4
<152,patient2-6,noteItem2-6,read> 0.0018536218847053714
<153,agent6-1,noteItem6-1agent6-1,read> 0.002724268452224415
<154,nurse6-2,nursingItem6-5,read> 2.881545242469397E-4
<155,nurse6-2,nursingItem6-4,read> 1.6976887537526532E-4
<156,doctor7-0,HR4-0,addItem> 3.8837252585018165E-4
<157,agent0-1,noteItem0-0agent0-1,read> 0.002555155803930501
<158,nurse8-0,HR8-2,addItem> 1.388319269428243E-4
<159,patient8-7,HR8-7,addNote> 0.00119372995030816
<160,nurse6-2,nursingItem6-9,read> 1.7748807905510058E-4
<161,doctor8-1,HRitem4-5-1,read> 5.773619492513848E-4
<162,patient9-9,noteItem9-9,read> 0.0033831785972357467
<163,nurse1-2,nursingItem1-8,read> 9.391299821091578E-4
<164,doctor5-0,HRitem5-5-1,read> 8.85784346937267E-5
<165,patient3-9,noteItem3-9,read> 0.005116676204770172
<166,patient4-3,noteItem4-3,read> 0.005153756367498181
<167,agent0-01,noteItem0-6agent0-0,read> 0.003367772788462419
<168,nurse8-0,nursingItem8-9,read> 9.12580686338156E-4
<169,nurse8-1,nursingItem8-2,read> 9.30470152268466E-4
<170,nurse0-1,nursingItem0-4,read> 9.48124048547393E-4
<171,nurse6-2,nursingItem6-8,read> 1.80061146948379E-4
<172,nurse8-1,HR8-5,addItem> 1.3702922305541997E-4
<173,nurse8-1,HR8-4,addItem> 1.3393785408785292E-4
<174,nurse8-1,HR8-3,addItem> 1.3496831041037523E-4
<175,nurse8-1,HR8-2,addItem> 1.3960536386172583E-4
<176,patient7-5,noteItem7-5agent7-0,read> 0.005217607999875972
<177,nurse8-1,HR8-9,addItem> 1.3290739776533055E-4
<178,agent3-01,HR3-8,addNote> 0.0011840695671257548
<179,doctor3-1,HR0-3,addItem> 5.781457161022303E-4
<180,nurse8-1,HR8-8,addItem> 1.3187694144280821E-4
<181,patient3-3,noteItem3-3,read> 0.0050239757979501495
<182,nurse8-1,HR8-7,addItem> 1.3239216960406937E-4
<183,patient5-4,noteItem5-4,read> 0.0053020770184102175
<184,nurse2-1,HR2-0,addItem> 1.9279906794677842E-4
<185,patient0-1,noteItem0-1,read> 0.0018258117626593646
<186,nurse7-2,nursingItem7-8,read> 1.804915088041822E-4
<187,doctor6-1,HR6-6,addItem> 6.0913312934972414E-5
<188,nurse2-0,nursingItem2-4,read> 6.449538794671641E-4
<189,nurse8-1,HR8-6,addItem> 1.359987667328976E-4
<190,nurse2-1,HR2-1,addItem> 1.9326594087894702E-4
<191,nurse9-0,nursingItem9-8,read> 0.001453266970179914
<192,agent3-0,noteItem3-8agent3-0,read> 0.00137771074335105
<193,nurse2-1,HR2-2,addItem> 1.9419968674328416E-4
<194,nurse2-2,nursingItem2-1,read> 6.300915561236623E-4
<195,doctor3-1,HR3-0,addItem> 7.168672915039989E-4
<196,nurse2-1,HR2-3,addItem> 1.946665596754527E-4
<197,nurse2-1,HR2-4,addItem> 1.9560030553978988E-4
<198,nurse3-1,nursingItem3-4,read> 6.236674815414561E-4
<199,nurse2-1,HR2-5,addItem> 1.895309574215985E-4
<200,nurse8-1,HR8-1,addItem> 1.4063582018424817E-4
<201,nurse8-3,HR8-9,addItem> 1.0639955111961366E-4
<202,nurse2-1,HR2-6,addItem> 1.890640844894299E-4
<203,nurse1-0,nursingItem1-1,read> 9.84998979536768E-4
<204,nurse8-1,HR8-0,addItem> 1.380596793779423E-4
<205,nurse2-1,HR2-7,addItem> 1.904647032859356E-4
<206,nurse2-1,HR2-8,addItem> 1.8999783035376705E-4
<207,patient2-3,noteItem2-3,read> 0.0019277822101613894
<208,nurse2-1,HR2-9,addItem> 1.918653220824413E-4
<209,patient3-4,HR3-4,addNote> 0.00177443205034456
<210,nurse6-3,nursingItem6-0,read> 3.608244503321929E-4
<211,nurse3-0,nursingItem3-7,read> 0.0011315088585277407
<212,doctor3-1,HR3-3,addItem> 7.05487191186881E-4
<213,nurse2-0,HR2-9,addItem> 1.9313175985196236E-4
<214,nurse6-3,nursingItem6-2,read> 2.108325625251432E-4
<215,patient7-4,HR7-4,addNote> 0.0015467968271302911
<216,nurse6-3,nursingItem6-1,read> 3.630661761432135E-4
<217,nurse9-0,nursingItem9-3,read> 8.285224212828346E-4
<218,nurse3-0,nursingItem3-1,read> 0.0010829801705817862
<219,nurse8-3,nursingItem8-1,read> 0.001371068339097434
<220,nurse0-0,nursingItem0-6,read> 9.446398445705149E-4
<221,nurse6-3,nursingItem6-4,read> 2.958144018125951E-4
<222,nurse6-3,nursingItem6-3,read> 3.6754962776525476E-4
<223,nurse8-0,HR8-9,addItem> 1.321710686918384E-4
<224,nurse6-3,nursingItem6-6,read> 1.75900447844424E-4
<225,patient0-0,noteItem0-0agent0-1,read> 0.0038194957213154674
<226,doctor8-0,HRitem6-9-3,read> 5.812722173678459E-4
<227,nurse6-3,nursingItem6-5,read> 1.668439736679412E-4
<228,doctor4-1,HR4-7,addItem> 1.7034997765214598E-4
<229,nurse6-3,nursingItem6-8,read> 3.1374820830076003E-4
<230,nurse6-3,nursingItem6-7,read> 1.7331288379400034E-4
<231,doctor3-1,HR5-8,addItem> 7.095582102531077E-4
<232,nurse6-3,nursingItem6-9,read> 3.092647566787188E-4
<233,agent9-01,noteItem9-4agent9-0,read> 0.0014097904210704135
<234,nurse9-1,nursingItem9-0,read> 0.0014753386718782458
<235,agent7-01,noteItem7-5agent7-0,read> 0.0018175352591693933
<236,doctor8-0,HR1-7,addItem> 3.6550650453030906E-4
<237,nurse8-0,HR8-1,addItem> 1.3985667436605288E-4
<238,doctor1-0,HRitem1-2-3,read> 2.8871245644815943E-4
<239,doctor9-0,HR3-9,addItem> 2.634976805706366E-4
<240,nurse8-0,HR8-4,addItem> 1.33195816115067E-4
<241,patient7-9,HR7-9,addNote> 0.001560733677531165
<242,nurse8-0,HR8-3,addItem> 1.342205635382956E-4
<243,nurse8-0,HR8-6,addItem> 1.3524531096152417E-4
<244,agent8-1,noteItem8-3agent8-1,read> 0.002724412446795273
<245,nurse3-3,HR3-1,addItem> 1.7753621604048384E-4
<246,agent2-0,noteItem2-1agent2-0,read> 0.002512137471205254
<247,patient0-0,noteItem0-0,read> 0.0018628919253873735
<248,doctor8-0,HRitem1-1-0,read> 4.4364842704857325E-4
<249,agent1-11,HR1-4,addNote> 0.0013218617691095006
<250,agent2-01,noteItem2-1agent2-0,read> 0.0025190938982924726
<251,nurse8-0,HR8-5,addItem> 1.3627005838475278E-4
<252,nurse2-0,HR2-0,addItem> 1.9407166905533802E-4
<253,nurse3-3,HR3-0,addItem> 1.7848066227454603E-4
<254,doctor9-1,HRitem2-8-0,read> 5.656311449020009E-4
<255,nurse8-0,HR8-8,addItem> 1.311463212686098E-4
<256,doctor0-0,HRitem0-4-3,read> 6.85546033806813E-4
<257,nurse4-0,nursingItem4-2,read> 9.091733058705791E-4
<258,agent6-01,noteItem6-0,read> 0.002489457039519033
<259,patient1-7,HR1-7,addNote> 0.0018441163023489278
<260,patient9-5,HR9-5,addNote> 0.001686165331139027
<261,nurse3-3,HR3-3,addItem> 1.7564732357235944E-4
<262,nurse8-0,HR8-7,addItem> 1.316586949802241E-4
<263,nurse3-3,HR3-2,addItem> 1.7659176980642163E-4
<264,agent1-11,noteItem1-4agent1-1,read> 0.0015674012526372227
<265,patient9-3,noteItem9-3,read> 0.0032719381090517193
<266,nurse2-0,HR2-3,addItem> 1.9595148746208936E-4
<267,agent9-11,noteItem9-9,read> 9.522822481546751E-4
<268,nurse3-3,HR3-5,addItem> 1.808417778597015E-4
<269,nurse2-0,HR2-4,addItem> 1.9689139666546508E-4
<270,patient9-9,noteItem9-9agent9-1,read> 0.0038444620120040474
<271,nurse9-0,nursingItem9-4,read> 8.324805935562314E-4
<272,nurse3-3,HR3-4,addItem> 1.803695547426704E-4
<273,doctor9-0,HRitem3-3-2,read> 8.458670265817248E-4
<274,nurse5-2,nursingItem5-7,read> 0.0015953838223081815
<275,doctor8-0,HR1-0,addItem> 3.912880066867453E-4
<276,doctor3-1,HR0-0,addItem> 5.659295777135699E-4
<277,nurse7-2,HR7-5,addItem> 1.5176726196898416E-4
<278,agent0-1,noteItem0-0,read> 9.282968450403435E-4
<279,nurse2-0,HR2-1,addItem> 1.9454162365702588E-4
<280,patient7-7,HR7-7,addNote> 0.001551442443930582
<281,nurse8-1,nursingItem8-7,read> 9.247788407286271E-4
<282,nurse3-3,HR3-7,addItem> 1.7989733162563935E-4
<283,nurse5-3,nursingItem5-8,read> 0.001598436320374612
<284,patient6-6,noteItem6-6,read> 0.00527426689636421
<285,nurse4-2,nursingItem4-3,read> 8.936634846152528E-4
<286,agent9-01,HR9-4,addNote> 6.360440471379048E-4
<287,doctor8-0,HR1-1,addItem> 3.9220877462090367E-4
<288,patient4-8,noteItem4-8,read> 0.004996165675904143
<289,nurse9-1,nursingItem9-5,read> 8.157683106241112E-4
<290,patient0-6,noteItem0-6,read> 0.002001942535617408
<291,nurse2-0,HR2-2,addItem> 1.9548153286040154E-4
<292,nurse3-3,HR3-6,addItem> 1.7895288539157713E-4
<293,agent2-11,noteItem2-9agent2-1,read> 0.0016521349677825928
<294,doctor8-0,HR1-2,addItem> 3.876049349501115E-4
<295,nurse3-3,HR3-9,addItem> 1.8273067032782594E-4
<296,nurse2-0,HR2-7,addItem> 1.9172189604689887E-4
<297,doctor3-0,HR5-5,addItem> 6.858596445241396E-4
<298,nurse3-3,HR3-8,addItem> 1.8225844721079485E-4
<299,nurse2-0,HR2-8,addItem> 1.9125194144521104E-4
<300,nurse8-0,HR8-0,addItem> 1.3729480580798137E-4
<301,nurse3-1,nursingItem3-6,read> 6.262448417751187E-4
<302,nurse2-0,HR2-5,addItem> 1.9078198684352321E-4
<303,nurse7-2,nursingItem7-6,read> 3.3148140282396766E-4
<304,agent9-1,HR9-9,addNote> 0.0015087947273466973
<305,nurse2-0,HR2-6,addItem> 1.9031203224183536E-4
<306,doctor8-0,HRitem8-8-0,read> 4.131306883600116E-4
<307,patient1-9,noteItem1-9,read> 0.0019092421287973849
<308,agent4-1,noteItem4-1,read> 0.002604747053494324
<309,nurse3-3,nursingItem3-9,read> 6.728444123878777E-4
<310,nurse8-3,HR8-2,addItem> 1.117616347812708E-4
<311,nurse8-3,HR8-3,addItem> 1.0804942301550816E-4
<312,doctor7-0,HRitem4-9-3,read> 1.0291608445408468E-4
<313,nurse0-0,HR0-7,addItem> 1.3653623878770902E-4
<314,nurse3-1,HR3-9,addItem> 1.805745562236628E-4
<315,nurse1-2,nursingItem1-0,read> 9.251879973328646E-4
<316,nurse8-3,HR8-0,addItem> 1.1052423085934992E-4
<317,nurse8-3,HR8-1,addItem> 1.1258657072921806E-4
<318,nurse8-3,HR8-8,addItem> 1.055746151716664E-4
<319,nurse8-2,nursingItem8-5,read> 0.0013730145148199064
<320,nurse5-1,HR5-9,addItem> 1.7183495422305438E-4
<321,doctor4-0,HRitem2-6-1,read> 7.846061594238316E-4
<322,nurse4-1,nursingItem4-2,read> 0.0015670995456274796
<323,patient2-8,HR2-8,addNote> 0.00189057247035184
<324,nurse8-1,nursingItem8-0,read> 0.0015622397488835162
<325,patient9-8,noteItem9-8,read> 0.0033275583531437326
<326,nurse5-0,nursingItem5-5,read> 0.0015892343321900944
<327,nurse8-0,nursingItem8-5,read> 9.239002477941239E-4
<328,nurse8-3,HR8-6,addItem> 1.0887435896345541E-4
<329,nurse2-2,nursingItem2-8,read> 0.0011164989364132359
<330,nurse8-3,HR8-7,addItem> 1.0598708314564003E-4
<331,nurse8-2,nursingItem8-8,read> 7.436533764867827E-4
<332,nurse8-3,HR8-4,addItem> 1.0722448706756091E-4
<333,nurse8-3,HR8-5,addItem> 1.0969929491140269E-4
<334,patient1-4,noteItem1-4agent1-1,read> 0.0027043347372255407
<335,nurse3-2,nursingItem3-8,read> 0.0011478062272557376
<336,patient4-1,noteItem4-1,read> 0.00507032600136016
<337,nurse5-0,nursingItem5-2,read> 0.0015670370302215428
<338,agent0-11,HR0-0,addNote> 8.467256681600558E-4
<339,agent4-0,noteItem4-7,read> 0.0026101023037719243
<340,patient5-3,noteItem5-3agent5-0,read> 0.0010066269704020702
<341,nurse4-2,nursingItem4-0,read> 8.796394009239713E-4
<342,doctor4-1,HRitem4-8-1,read> 1.6795631180637526E-4
<343,nurse8-2,HR8-0,addItem> 1.1205397799927172E-4
<344,nurse8-2,HR8-1,addItem> 1.1414486236560863E-4
<345,nurse8-2,HR8-2,addItem> 1.1330850861907387E-4
<346,patient3-2,noteItem3-2,read> 0.005042515879314153
<347,nurse8-2,HR8-7,addItem> 1.0745403239333054E-4
<348,nurse1-1,nursingItem1-1,read> 9.586444917899651E-4
<349,nurse8-2,HR8-8,addItem> 1.0703585552006318E-4
<350,agent4-01,noteItem4-7,read> 0.0024320342830478083
<351,patient3-2,HR3-2,addNote> 0.0017372671159422302
<352,nurse8-2,HR8-9,addItem> 1.0787220926659792E-4
<353,agent4-11,HR4-1,addNote> 8.564347415514342E-4
<354,nurse8-2,HR8-3,addItem> 1.0954491675966743E-4
<355,nurse8-2,HR8-4,addItem> 1.0870856301313269E-4
<356,patient3-5,noteItem3-5,read> 0.0049868956352221395
<357,nurse5-2,nursingItem5-8,read> 9.173048391589913E-4
<358,nurse8-2,HR8-5,addItem> 1.1121762425273699E-4
<359,doctor4-1,HR4-4,addItem> 1.7650072154209857E-4
<360,nurse8-2,HR8-6,addItem> 1.103812705062022E-4
<361,patient1-7,noteItem1-7,read> 0.0017609214778853486
<362,doctor2-0,HR2-8,addItem> 5.335175714762522E-4
<363,patient5-8,HR5-8,addNote> 0.0017326214991419393
<364,doctor2-0,HR2-4,addItem> 5.492494298345158E-4
<365,nurse9-1,nursingItem9-2,read> 8.094145625047568E-4
<366,doctor2-1,HRitem6-0-0,read> 3.2319452168140257E-4
<367,doctor2-0,HR2-0,addItem> 5.413835006553839E-4
<368,patient2-3,HR2-3,addNote> 0.001937028638354752
<369,doctor2-0,HR2-2,addItem> 5.453164652449498E-4
<370,doctor2-0,HR2-1,addItem> 5.426944888519059E-4
<371,patient5-9,HR5-9,addNote> 0.0017233302655413568
<372,nurse0-3,nursingItem0-3,read> 9.296135898465167E-4
<373,doctor2-1,HR2-9,addItem> 4.4382871384366046E-4
<374,nurse5-2,nursingItem5-0,read> 9.095851327222609E-4
<375,doctor2-1,HR2-7,addItem> 4.4058875973266545E-4
<376,doctor2-1,HR2-6,addItem> 4.373488056216704E-4
<377,doctor2-1,HR2-5,addItem> 4.384287903253355E-4
<378,nurse9-1,nursingItem9-6,read> 0.0014265274168652929
<379,nurse1-0,nursingItem1-7,read> 0.0016853203715786911
<380,doctor2-1,HR2-3,addItem> 4.503086220656503E-4
<381,nurse9-2,HR9-9,addItem> 1.611835462334368E-4
<382,nurse1-3,nursingItem1-7,read> 9.351027637740565E-4
<383,nurse1-3,nursingItem1-8,read> 0.0016349723699300915
<384,patient4-2,HR4-2,addNote> 0.0013377440711171869
<385,nurse9-2,HR9-7,addItem> 1.5978986119334946E-4
<386,nurse1-3,nursingItem1-5,read> 9.300682808329813E-4
<387,nurse9-2,HR9-8,addItem> 1.6071898455340768E-4
<388,nurse1-3,nursingItem1-6,read> 9.275510393624438E-4
<389,nurse9-2,HR9-5,addItem> 1.686165331139027E-4
<390,nurse9-2,HR9-6,addItem> 1.588607378332912E-4
<391,nurse9-2,nursingItem9-8,read> 8.222917960337354E-4
<392,agent5-01,noteItem5-3,read> 0.0026719054805493477
<393,nurse9-2,HR9-3,addItem> 1.6629372471375713E-4
<394,nurse9-2,HR9-4,addItem> 1.672228480738154E-4
<395,patient2-5,HR2-5,addNote> 0.001885926853551549
<396,patient3-0,noteItem3-0agent3-1,read> 0.004019226046824111
<397,patient2-7,noteItem2-7,read> 0.0018350818033413669
<398,nurse4-2,nursingItem4-6,read> 9.178869019001932E-4
<399,nurse9-2,HR9-1,addItem> 1.6443547799364065E-4
<400,patient6-9,noteItem6-9,read> 0.005385507384548239
<401,doctor3-1,HR5-6,addItem> 7.171682636755519E-4
<402,patient3-8,noteItem3-8,read> 0.005144486326816178
<403,nurse9-2,HR9-2,addItem> 1.653646013536989E-4
<404,nurse1-3,nursingItem1-0,read> 9.187406942155626E-4
<405,nurse7-3,nursingItem7-9,read> 3.3470793540102195E-4
<406,agent8-11,noteItem8-3agent8-1,read> 0.0021014450765115436
<407,doctor3-1,HR5-9,addItem> 7.057531835418856E-4
<408,agent0-11,noteItem0-0agent0-1,read> 0.0021577461039713154
<409,agent7-0,HR7-5,addNote> 0.0013812574816932086
<410,nurse9-2,HR9-0,addItem> 1.635063546335824E-4
<411,nurse1-3,nursingItem1-3,read> 9.439131089209378E-4
<412,doctor3-1,HR3-4,addItem> 7.244540250487441E-4
<413,doctor1-1,HR1-5,addItem> 5.098587853726851E-4
<414,doctor9-0,HR3-3,addItem> 2.5328349245763677E-4
<415,nurse1-3,nursingItem1-4,read> 9.401372467151316E-4
<416,agent3-1,noteItem3-0,read> 0.0025598218053956407
<417,nurse9-3,HR9-3,addItem> 1.631412370414584E-4
<418,nurse0-3,nursingItem0-0,read> 9.57746562589049E-4
<419,nurse1-3,nursingItem1-1,read> 0.001646005192535479
<420,nurse2-0,nursingItem2-8,read> 6.501450903692223E-4
<421,doctor3-1,HR3-6,addItem> 7.187639748901853E-4
<422,patient9-3,HR9-3,addNote> 0.001662937247137571
<423,nurse1-3,nursingItem1-2,read> 9.376200052445942E-4
<424,doctor3-1,HR3-9,addItem> 7.339374419796757E-4
<425,nurse5-0,nursingItem5-8,read> 9.067307199756024E-4
<426,agent8-1,noteItem8-3,read> 0.0013042306983658313
<427,doctor3-1,HR5-3,addItem> 7.019481568306635E-4
<428,agent1-0,noteItem1-2agent1-0,read> 0.0011973024713520103
<429,nurse3-3,nursingItem3-8,read> 6.715403450457709E-4
<430,patient4-1,noteItem4-1agent4-1,read> 0.006083106077080095
<431,nurse9-1,HR9-6,addItem> 1.573549488490894E-4
<432,nurse9-1,HR9-7,addItem> 1.5827526535265422E-4
<433,patient3-8,HR3-8,addNote> 0.0017930145175457247
<434,patient4-3,HR4-3,addNote> 0.0013238072207163137
<435,patient5-5,noteItem5-5agent5-1,read> 0.0026710463496407663
<436,agent5-11,noteItem5-5,read> 0.0025626768647651105
<437,nurse9-1,HR9-8,addItem> 1.59195581856219E-4
<438,nurse0-0,nursingItem0-0,read> 0.0016739159673796907
<439,nurse9-1,HR9-9,addItem> 1.596557401080014E-4
<440,doctor7-1,HR7-0,addItem> 6.82941288530559E-4
<441,nurse9-1,HR9-2,addItem> 1.6379716437404297E-4
<442,agent3-01,noteItem3-8,read> 0.00262761195276586
<443,doctor1-0,HRitem4-6-0,read> 6.555673115806101E-4
<444,agent3-0,noteItem3-8,read> 0.002545015113386186
<445,nurse9-1,HR9-3,addItem> 1.6471748087760777E-4
<446,patient6-7,noteItem6-7,read> 0.005292806977728214
<447,nurse9-1,HR9-4,addItem> 1.656377973811726E-4
<448,nurse9-1,HR9-5,addItem> 1.6701827213651976E-4
<449,doctor6-0,HR9-9,addItem> 0.0011282848236340575
<450,nurse9-1,HR9-0,addItem> 1.6195653136691338E-4
<451,nurse8-3,nursingItem8-0,read> 7.505868706353283E-4
<452,nurse9-1,HR9-1,addItem> 1.6287684787047818E-4
<453,doctor8-0,HRitem8-1-2,read> 5.59928670565495E-5
<454,nurse1-2,nursingItem1-5,read> 9.365950757861951E-4
<455,patient5-2,noteItem5-2,read> 0.005339157181138227
<456,doctor1-1,HR7-5,addItem> 3.816314724241751E-4
<457,doctor6-0,HR9-7,addItem> 0.001118529028353446
<458,patient0-9,HR0-9,addNote> 0.001342389687917478
<459,patient0-8,noteItem0-8,read> 0.0019834024542534036
<460,nurse9-2,nursingItem9-7,read> 8.210088861263827E-4
<461,agent4-11,noteItem4-1agent4-1,read> 0.0033320795255000475
<462,patient9-2,noteItem9-2,read> 0.0032348579463237106
<463,nurse9-3,HR9-4,addItem> 1.640527466885298E-4
<464,patient4-5,noteItem4-5,read> 0.005098136123406168
<465,doctor7-0,HR7-1,addItem> 6.894651944401303E-4
<466,doctor1-0,HRitem1-0-2,read> 2.94401761097976E-4
<467,patient7-8,noteItem7-8,read> 0.0017238413151573395
<468,patient6-3,noteItem6-3,read> 0.005218646652272197
<469,nurse1-0,nursingItem1-5,read> 0.0016762468055604332
<470,doctor1-0,HR4-2,addItem> 2.055557962936165E-4
<471,doctor5-1,HR5-3,addItem> 4.978791655278786E-4
<472,patient5-2,HR5-2,addNote> 0.0017186846487410657
<473,nurse9-3,HR9-5,addItem> 1.654200111591368E-4
<474,nurse9-3,HR9-6,addItem> 1.5584915986488758E-4
<475,nurse8-3,nursingItem8-5,read> 7.437525671657432E-4
<476,nurse9-3,HR9-7,addItem> 1.5676066951195896E-4
<477,nurse3-0,nursingItem3-8,read> 6.47769005398133E-4
<478,nurse9-2,nursingItem9-2,read> 0.0014209608503067818
<479,nurse9-3,HR9-8,addItem> 1.576721791590303E-4
<480,nurse9-3,HR9-9,addItem> 1.5812793398256597E-4
<481,patient4-1,HR4-1,addNote> 0.0013470353047177696
<482,nurse4-1,nursingItem4-7,read> 0.0016096376367523164
<483,doctor3-0,HR3-5,addItem> 4.6618857554196985E-4
<484,patient9-7,noteItem9-7,read> 0.0033553684751897396
<485,nurse9-1,nursingItem9-4,read> 8.017900647615316E-4
<486,nurse9-3,HR9-0,addItem> 1.6040670810024438E-4
<487,doctor3-0,HR3-1,addItem> 4.57667230672962E-4
<488,nurse5-3,nursingItem5-4,read> 9.096515647140916E-4
<489,doctor2-1,HRitem2-6-3,read> 7.806958913073706E-4
<490,nurse5-3,nursingItem5-1,read> 0.0015782585256693981
<491,doctor3-0,HR5-7,addItem> 7.008119610619659E-4
<492,patient2-6,HR2-6,addNote> 0.0018812812367512575
<493,agent6-0,noteItem6-0agent6-0,read> 6.856388371352796E-4
<494,nurse9-3,HR9-1,addItem> 1.613182177473157E-4
<495,nurse9-3,HR9-2,addItem> 1.6222972739438708E-4
<496,nurse8-1,nursingItem8-6,read> 9.219331849587076E-4
<497,doctor3-0,HR5-4,addItem> 6.87728684091368E-4
<498,nurse9-3,nursingItem9-5,read> 8.079619153071341E-4
<499,doctor3-0,HR5-1,addItem> 7.195023567342486E-4
<500,nurse1-2,nursingItem1-6,read> 0.00163265524194657
<501,nurse1-1,nursingItem1-6,read> 9.470784296648112E-4
<502,agent7-11,noteItem7-4,read> 5.255948272054261E-4
<503,nurse1-2,nursingItem1-1,read> 9.454672479165633E-4
<504,doctor3-0,HR5-0,addItem> 7.176333171670202E-4
<505,doctor6-1,HRitem9-6-0,read> 5.5842611383555854E-5
<506,nurse5-2,nursingItem5-6,read> 9.198780746379017E-4
<507,doctor3-0,HR3-7,addItem> 4.6375390557939626E-4
<508,agent3-11,noteItem3-0agent3-1,read> 0.0022370979632282545
<509,agent7-1,noteItem7-4agent7-1,read> 6.64844038527391E-4
<510,agent9-1,noteItem9-9,read> 0.002449402598487399
<511,agent1-0,HR1-2,addNote> 0.0010479479211249853
<512,nurse3-2,HR3-7,addItem> 1.7671330805704396E-4
<513,patient9-0,HR9-0,addNote> 0.0016350635463358242
<514,nurse9-0,nursingItem9-2,read> 8.403969381030249E-4
<515,nurse5-1,nursingItem5-1,read> 9.005049608900404E-4
<516,nurse3-2,HR3-8,addItem> 1.7903263398582502E-4
<517,nurse3-2,HR3-9,addItem> 1.7949649917158126E-4
<518,nurse3-2,HR3-3,addItem> 1.7253852138523804E-4
<519,doctor8-0,HR8-0,addItem> 5.02229707356122E-4
<520,nurse3-2,HR3-4,addItem> 1.7717717324280014E-4
<521,nurse1-2,nursingItem1-2,read> 0.0016503784175248898
<522,patient3-8,noteItem3-8agent3-0,read> 0.002071855373114836
<523,patient0-1,HR0-1,addNote> 0.0012727054359131104
<524,patient7-3,noteItem7-3,read> 0.0016311409083373171
<525,nurse3-2,HR3-5,addItem> 1.7764103842855637E-4
<526,nurse3-2,HR3-6,addItem> 1.7578557768553152E-4
<527,patient3-7,HR3-7,addNote> 0.0017697864335442688
<528,nurse9-2,nursingItem9-5,read> 0.0014321151187725904
<529,doctor7-1,HR8-5,addItem> 4.4826012097494785E-4
<530,nurse3-2,HR3-0,addItem> 1.753217124997753E-4
<531,doctor7-1,HR8-3,addItem> 4.415183112281837E-4
<532,nurse3-2,HR3-1,addItem> 1.743939821282629E-4
<533,doctor7-1,HR8-4,addItem> 4.3814740635480186E-4
<534,nurse3-2,HR3-2,addItem> 1.7346625175675045E-4
<535,doctor3-1,HRitem5-8-2,read> 2.8930553133873826E-4
<536,patient0-4,noteItem0-4,read> 0.0020204826169814127
<537,patient6-5,noteItem6-5,read> 0.005329887140456224
<538,doctor7-1,HR8-2,addItem> 4.5668738315840285E-4
<539,nurse6-0,nursingItem6-6,read> 1.7294413779661856E-4
<540,nurse6-0,nursingItem6-7,read> 1.7040006221763062E-4
<541,nurse6-0,nursingItem6-8,read> 1.7803228895459447E-4
<542,nurse5-1,nursingItem5-4,read> 0.001565590742580628
<543,doctor9-0,HR9-2,addItem> 2.4900126226921074E-4
<544,nurse6-0,nursingItem6-9,read> 1.754882133756065E-4
<545,nurse9-3,nursingItem9-2,read> 8.016689686051897E-4
<546,nurse6-0,nursingItem6-2,read> 3.6176449754204683E-4
<547,nurse6-0,nursingItem6-3,read> 2.0856119590244993E-4
<548,nurse6-0,nursingItem6-4,read> 1.6785598663864262E-4
<549,doctor7-1,HR8-7,addItem> 4.330910490447287E-4
<550,doctor8-1,HRitem2-5-3,read> 8.88879975862799E-4
<551,nurse9-0,nursingItem9-9,read> 8.535908456810146E-4
<552,nurse6-0,nursingItem6-5,read> 1.6403987327016068E-4
<553,nurse3-1,HR3-2,addItem> 1.7450809110664082E-4
<554,nurse6-0,nursingItem6-0,read> 2.0474508253396796E-4
<555,patient9-2,HR9-2,addNote> 0.0016536460135369887
<556,nurse6-0,nursingItem6-1,read> 2.0601712032346193E-4
<557,doctor5-0,HRitem5-1-3,read> 5.729628976203658E-5
<558,nurse3-1,HR3-8,addItem> 1.8010790506081496E-4
<559,nurse3-1,HR3-6,addItem> 1.7684134692088005E-4
<560,nurse4-1,nursingItem4-9,read> 9.255237461825408E-4
<561,doctor3-1,HRitem0-6-0,read> 6.177680531214845E-4
<562,nurse3-1,HR3-7,addItem> 1.7777464924657573E-4
<563,agent8-01,noteItem8-1agent8-0,read> 0.0010530797906689335
<564,nurse3-1,HR3-4,addItem> 1.7824130040942356E-4
<565,patient7-1,HR7-1,addNote> 0.001523568743128835
<566,nurse3-1,HR3-5,addItem> 1.787079515722714E-4
<567,agent4-1,HR4-1,addNote> 8.94711154581666E-4
<568,doctor7-1,HR2-8,addItem> 5.889479685127457E-4
<569,nurse3-1,HR3-3,addItem> 1.7357478878094514E-4
<570,agent3-01,noteItem3-8agent3-0,read> 0.0011787657795462134
<571,patient2-2,HR2-2,addNote> 0.0019323830215544607
<572,doctor7-1,HR2-1,addItem> 5.990783318495065E-4
<573,nurse3-1,HR3-0,addItem> 1.763746957580322E-4
<574,nurse1-0,nursingItem1-3,read> 9.902807704117906E-4
<575,patient6-8,noteItem6-8,read> 0.005366967303184232
<576,doctor7-1,HR2-2,addItem> 6.019727213742951E-4
<577,agent2-0,HR2-1,addNote> 0.0011209764067202123
<578,nurse3-1,HR3-1,addItem> 1.7544139343233652E-4
<579,nurse3-3,nursingItem3-3,read> 6.324183247825655E-4
<580,nurse1-0,nursingItem1-2,read> 9.836785318180126E-4
<581,doctor7-1,HR2-4,addItem> 6.063143056614783E-4
<582,patient1-0,HR1-0,addNote> 0.0019741935727570813
<583,patient2-4,noteItem2-4,read> 0.0018999720881153824
<584,doctor7-0,HR7-8,addItem> 7.083858502651928E-4
<585,nurse1-0,nursingItem1-4,read> 9.863194272555238E-4
<586,nurse1-0,nursingItem1-6,read> 9.731149500679673E-4
<587,nurse1-0,nursingItem1-9,read> 9.533082342866323E-4
<588,nurse0-0,nursingItem0-8,read> 0.001644861069920861
<589,doctor7-1,HR2-0,addItem> 5.97631137087112E-4
<590,nurse6-1,nursingItem6-9,read> 1.7648814621535353E-4
<591,nurse8-3,nursingItem8-7,read> 7.403354154309508E-4
<592,patient8-4,HR8-4,addNote> 0.0012076668007090336
<593,agent2-11,HR2-9,addNote> 0.0013455097492266574
<594,patient5-6,noteItem5-6,read> 0.0052649968556822075
<595,nurse6-1,nursingItem6-7,read> 1.7137100274308717E-4
<596,nurse6-1,nursingItem6-8,read> 1.7904671795148673E-4
<597,nurse0-3,nursingItem0-4,read> 9.360074472880014E-4
<598,patient2-4,HR2-4,addNote> 0.0019463198719553345
<599,agent6-11,HR6-1,addNote> 2.3430355247835806E-4
<600,nurse6-1,nursingItem6-5,read> 1.649745734027542E-4
<601,nurse6-1,nursingItem6-6,read> 3.0281043169147395E-4
<602,agent2-1,noteItem2-9,read> 8.192213751560007E-4
<603,nurse5-0,nursingItem5-4,read> 8.940128558651389E-4
<604,nurse6-1,nursingItem6-3,read> 2.0974957878508495E-4
<605,nurse8-3,nursingItem8-4,read> 0.001360633367277069
<606,nurse6-1,nursingItem6-4,read> 1.6881243100695399E-4
<607,patient4-7,noteItem4-7,read> 0.005014705757268147
<608,nurse6-1,nursingItem6-2,read> 2.0847029291701832E-4
<609,nurse6-1,nursingItem6-0,read> 2.0591172118088514E-4
<610,nurse0-2,nursingItem0-2,read> 0.0016149307464686236
<611,agent4-0,HR4-7,addNote> 8.658528620073936E-4
<612,nurse7-0,HR7-7,addItem> 1.5384051124689806E-4
<613,nurse3-0,HR3-1,addItem> 1.7125174821604192E-4
<614,doctor8-1,HR2-9,addItem> 4.536733433559043E-4
<615,nurse1-1,nursingItem1-2,read> 9.573593737760591E-4
<616,nurse3-0,HR3-2,addItem> 1.7034073370707925E-4
<617,nurse3-0,HR3-3,addItem> 1.694297191981166E-4
<618,patient9-4,HR9-4,addNote> 0.0016722284807381537
<619,nurse1-1,nursingItem1-0,read> 0.0016300420695501447
<620,patient8-8,HR8-8,addNote> 0.0011890843335078686
<621,nurse3-0,HR3-4,addItem> 1.7398479174292986E-4
<622,nurse9-0,HR9-0,addItem> 1.681558244335895E-4
<623,nurse2-3,nursingItem2-1,read> 6.217182464077332E-4
<624,nurse4-3,HR4-0,addItem> 1.3394252730433568E-4
<625,nurse3-0,HR3-5,addItem> 1.744402989974112E-4
<626,doctor2-0,HRitem2-0-3,read> 4.0139988401062787E-4
<627,nurse5-3,nursingItem5-2,read> 9.1353366492507E-4
<628,nurse3-0,HR3-6,addItem> 1.726182699794859E-4
<629,nurse3-0,HR3-7,addItem> 1.7352928448844857E-4
<630,agent4-01,noteItem4-7agent4-0,read> 0.00205438804453403
<631,nurse3-0,HR3-8,addItem> 1.758068207608552E-4
<632,patient8-5,noteItem8-5,read> 0.002521064813809535
<633,nurse9-0,HR9-4,addItem> 1.719780001517438E-4
<634,nurse9-0,HR9-3,addItem> 1.710224562222052E-4
<635,nurse1-1,nursingItem1-9,read> 0.0016121775751524261
<636,agent9-11,noteItem9-9agent9-1,read> 0.0012053834096690124
<637,nurse9-0,HR9-2,addItem> 1.7006691229266667E-4
<638,nurse9-0,HR9-1,addItem> 1.6911136836312806E-4
<639,nurse9-0,HR9-8,addItem> 1.6528919264497378E-4
<640,nurse9-0,HR9-7,addItem> 1.6433364871543525E-4
<641,nurse1-1,nursingItem1-5,read> 9.49648665692623E-4
<642,nurse9-0,HR9-6,addItem> 1.6337810478589664E-4
<643,nurse9-0,HR9-5,addItem> 1.734113160460516E-4
<644,nurse3-0,HR3-0,addItem> 1.7216276272500458E-4
<645,agent6-0,noteItem6-0,read> 0.00277637751187038
<646,nurse1-1,nursingItem1-3,read> 0.0016747033055444405
<647,nurse9-0,HR9-9,addItem> 1.6576696460974307E-4
<648,patient5-3,noteItem5-3,read> 0.0052835369370462125
<649,doctor5-1,HRitem3-5-0,read> 8.615080990475699E-4
<650,agent1-1,noteItem1-4,read> 7.823527377235828E-4
<651,agent4-1,noteItem4-1agent4-1,read> 0.004173906690598144
<652,nurse9-3,nursingItem9-9,read> 0.0014275349937696246
<653,patient4-6,noteItem4-6,read> 0.005033245838632151
<654,nurse3-0,HR3-9,addItem> 1.7626232801533652E-4
<655,doctor3-0,HRitem5-4-0,read> 1.876385603107454E-4
<656,doctor6-0,HR9-5,addItem> 0.0011803157317973186
<657,doctor6-0,HR9-8,addItem> 0.0011250328918738536
<658,agent1-01,noteItem1-2,read> 9.968922257732797E-4
<659,agent9-11,HR9-9,addNote> 5.865913736879809E-4
<660,patient6-0,noteItem6-0,read> 0.005237186733636201
<661,patient9-8,HR9-8,addNote> 0.0016071898455340768
<662,doctor6-1,HR9-4,addItem> 6.694178021003207E-4
<663,nurse4-2,nursingItem4-5,read> 0.0015514639993544248
<664,doctor6-1,HR9-3,addItem> 6.656983838226478E-4
<665,nurse1-2,nursingItem1-9,read> 9.150483720410152E-4
<666,patient1-4,HR1-4,addNote> 0.001964902339156499
<667,doctor9-1,HRitem9-2-3,read> 6.047338260666135E-4
<668,doctor3-0,HRitem5-0-3,read> 1.5896326079002947E-4
<669,patient3-4,noteItem3-4,read> 0.0050054357165861445
<670,agent1-0,noteItem1-2,read> 6.990956410249776E-4
<671,agent4-11,noteItem4-1,read> 0.0024933140244678288
<672,nurse4-1,nursingItem4-8,read> 0.001607398789851009
<673,agent5-11,HR5-5,addNote> 0.0010766191217306668
<674,agent8-0,noteItem8-1agent8-0,read> 0.0013185602706565112
<675,agent5-01,noteItem5-3agent5-0,read> 5.670401060044417E-4
<676,nurse1-2,nursingItem1-4,read> 9.467347010780447E-4
<677,nurse1-2,nursingItem1-7,read> 9.416648884321199E-4
<678,agent5-0,noteItem5-3agent5-0,read> 6.750438012709986E-4
<679,doctor3-0,HRitem5-2-1,read> 4.0791699753806325E-4
<680,doctor6-1,HR9-6,addItem> 6.359430376012652E-4
<681,patient0-4,HR0-4,addNote> 0.0013284528375166046
<682,nurse0-0,nursingItem0-4,read> 0.0016359211014719903
<683,patient4-2,noteItem4-2,read> 0.005181566489544188
<684,nurse3-3,nursingItem3-2,read> 0.0011011396077537498
<685,nurse0-0,nursingItem0-5,read> 9.382046029384705E-4
<686,doctor5-0,HR5-7,addItem> 5.18526951857799E-4
<687,doctor9-0,HR9-6,addItem> 2.392079315747878E-4
<688,nurse0-0,nursingItem0-2,read> 9.369175546120615E-4
<689,nurse0-0,nursingItem0-3,read> 9.356305062856528E-4
<690,nurse0-0,nursingItem0-9,read> 9.45926892896924E-4
<691,nurse0-0,nursingItem0-7,read> 9.43352796244106E-4
<692,agent3-1,HR3-0,addNote> 0.0011482332142398256
<693,patient1-1,noteItem1-1,read> 0.0017145712744753372
<694,nurse0-0,nursingItem0-1,read> 0.0016716809752674732
<695,agent6-11,noteItem6-1agent6-1,read> 0.0017524535325578563
<696,nurse7-3,HR7-8,addItem> 1.6223819016880634E-4
<697,nurse7-3,HR7-9,addItem> 1.6175671167689942E-4
<698,agent5-0,HR5-3,addNote> 0.0011075458902255102
<699,nurse7-3,HR7-4,addItem> 1.6031227620117862E-4
<700,nurse7-3,HR7-5,addItem> 1.5983079770927168E-4
<701,doctor9-0,HRitem3-9-0,read> 8.706320579859796E-4
<702,nurse7-3,HR7-6,addItem> 1.612752331849925E-4
<703,nurse7-3,HR7-7,addItem> 1.6079375469308554E-4
<704,doctor5-0,HR5-2,addItem> 5.116124908929212E-4
<705,nurse7-3,HR7-0,addItem> 1.583863622335509E-4
<706,doctor5-0,HR5-1,addItem> 5.323558737875548E-4
<707,nurse7-3,HR7-1,addItem> 1.57904883741644E-4
<708,nurse3-0,nursingItem3-4,read> 0.0010675392244171643
<709,doctor5-0,HR5-0,addItem> 5.309729815945793E-4
<710,nurse7-3,HR7-2,addItem> 1.5934931921736476E-4
<711,nurse7-3,HR7-3,addItem> 1.5886784072545785E-4
<712,doctor5-0,HR5-5,addItem> 5.074638143139945E-4
<713,agent3-11,HR3-0,addNote> 0.0011343712438465882
<714,patient8-1,noteItem8-1agent8-0,read> 0.0019220576289833533
<715,doctor5-0,HR5-4,addItem> 5.088467065069701E-4
<716,nurse0-1,nursingItem0-3,read> 0.001630763057350038
<717,nurse4-1,nursingItem4-1,read> 8.932511682950807E-4
<718,nurse0-1,nursingItem0-5,read> 9.442380730538307E-4
<719,nurse0-1,nursingItem0-6,read> 0.0016464659400023454
<720,nurse0-1,nursingItem0-7,read> 9.494193737119138E-4
<721,nurse0-1,nursingItem0-8,read> 9.533053492054764E-4
<722,nurse0-1,nursingItem0-9,read> 9.520100240409556E-4
<723,nurse0-1,nursingItem0-0,read> 9.701445763442472E-4
<724,agent6-01,noteItem6-0agent6-0,read> 5.153703009019785E-4
<725,nurse4-3,nursingItem4-0,read> 8.74124420353915E-4
<726,nurse0-1,nursingItem0-1,read> 9.688492511797265E-4
<727,nurse0-1,nursingItem0-2,read> 9.429427478893096E-4
<728,doctor0-1,HRitem7-0-1,read> 1.7418535930860825E-5
<729,doctor3-0,HRitem5-7-1,read> 1.4462561102967147E-4
<730,doctor6-1,HRitem4-4-0,read> 1.8274769488919513E-4
<731,nurse0-2,nursingItem0-8,read> 9.350311252590454E-4
<732,patient8-8,noteItem8-8,read> 0.0024376344476715146
<733,doctor0-1,HR0-5,addItem> 1.6441940962006154E-4
<734,nurse0-2,nursingItem0-9,read> 9.337606306088605E-4
<735,patient0-2,HR0-2,addNote> 0.0012819966695136926
<736,nurse0-2,nursingItem0-6,read> 9.324901359586753E-4
<737,nurse0-2,nursingItem0-7,read> 0.0016260229386485929
<738,nurse0-2,nursingItem0-4,read> 9.299491466583056E-4
<739,nurse0-2,nursingItem0-5,read> 9.261376627077506E-4
<740,nurse0-2,nursingItem0-3,read> 9.235966734073807E-4
<741,nurse0-2,nursingItem0-0,read> 9.5154755571145E-4
<742,nurse0-2,nursingItem0-1,read> 9.502770610612651E-4
<743,doctor0-0,HR0-3,addItem> 3.4526740663898514E-4
<744,nurse0-3,nursingItem0-9,read> 0.0016365429466646117
<745,doctor0-0,HR0-4,addItem> 3.476992240298394E-4
<746,agent6-11,noteItem6-1,read> 0.002279043794085324
<747,doctor3-1,HRitem3-9-2,read> 8.732389033969537E-4
<748,doctor0-0,HR0-6,addItem> 3.42835589248131E-4
<749,nurse0-3,nursingItem0-5,read> 0.0016231826550199772
<750,doctor0-0,HR0-0,addItem> 3.379719544664226E-4
<751,doctor5-0,HRitem0-5-2,read> 6.907597246287614E-4
<752,doctor0-0,HR0-1,addItem> 3.331083196847143E-4
<753,nurse2-1,nursingItem2-7,read> 0.0011140504739189105
<754,nurse0-3,nursingItem0-7,read> 9.372862187762982E-4
<755,nurse4-0,nursingItem4-8,read> 9.325534396961693E-4
<756,doctor3-0,HRitem3-8-2,read> 7.833027367183447E-4
<757,doctor0-0,HR0-2,addItem> 3.3554013707556846E-4
<758,nurse2-3,nursingItem2-9,read> 6.343558663906125E-4
<759,nurse0-3,nursingItem0-8,read> 9.41122533241189E-4
<760,doctor9-1,HRitem3-2-3,read> 1.3810849750223604E-4
<761,doctor0-1,HR4-8,addItem> 1.0848499551023639E-4
<762,patient2-1,HR2-1,addNote> 0.0019230917879538786
<763,agent1-01,HR1-2,addNote> 0.0014943465160977064
<764,nurse0-3,nursingItem0-1,read> 9.564677911007522E-4
<765,nurse0-3,nursingItem0-2,read> 9.308923613348135E-4
<766,doctor0-1,HR4-4,addItem> 1.1159614101254636E-4
<767,doctor0-1,HR4-5,addItem> 1.0926278188581388E-4
<768,nurse9-3,nursingItem9-4,read> 0.001392230463750462
<769,doctor0-1,HR4-7,addItem> 1.077072091346589E-4
<770,doctor6-1,HRitem4-8-1,read> 1.717376921847552E-4
<771,nurse7-1,nursingItem7-3,read> 1.8878051229677243E-4
<772,doctor0-1,HR4-1,addItem> 1.1276282057591264E-4
<773,nurse4-3,nursingItem4-5,read> 8.842598082824104E-4
<774,agent4-01,HR4-7,addNote> 8.067821102007852E-4
<775,doctor4-1,HRitem6-6-2,read> 2.3240028185624104E-5
<776,patient9-1,noteItem9-1,read> 0.0032441279870057123
<777,doctor3-0,HRitem3-5-1,read> 8.575978309311088E-4
<778,agent5-1,HR5-5,addNote> 0.0011395530161115825
<779,doctor0-0,HR0-8,addItem> 3.537787675069748E-4
<780,doctor0-0,HR0-7,addItem> 3.56210584897829E-4
<781,doctor0-0,HR0-9,addItem> 3.5134695011612065E-4
<782,doctor2-1,HR6-2,addItem> 1.465407953524121E-4
<783,doctor2-1,HR6-3,addItem> 1.4170756710441682E-4
<784,doctor4-0,HR6-6,addItem> 5.9795637468275675E-5
<785,doctor4-0,HR6-7,addItem> 5.562182661251624E-5
<786,nurse2-2,nursingItem2-4,read> 6.364954679331685E-4
<787,doctor2-1,HR6-0,addItem> 1.2076357802977066E-4
<788,doctor4-0,HR6-8,addItem> 5.701309689776939E-5
<789,doctor8-1,HR8-7,addItem> 4.0251991617098315E-4
<790,patient0-8,HR0-8,addNote> 0.0013516809215180607
<791,doctor6-0,HRitem6-1-2,read> 6.268920120598941E-4
<792,doctor9-1,HR2-4,addItem> 2.0686017487273967E-4
<793,nurse4-0,nursingItem4-7,read> 9.338523360198132E-4
<794,doctor9-1,HR2-0,addItem> 2.038976820650147E-4
<795,patient2-2,noteItem2-2,read> 0.0019370522508433917
<796,doctor9-1,HR2-1,addItem> 2.0439143086630222E-4
<797,doctor9-1,HR2-2,addItem> 2.0537892846887718E-4
<798,doctor2-1,HR6-9,addItem> 1.4976294751774225E-4
<799,patient2-7,HR2-7,addNote> 0.0018952180871521314
<800,patient8-9,noteItem8-9,read> 0.0024561745290355196
<801,doctor4-0,HR6-1,addItem> 6.257817803878196E-5
<802,doctor9-1,HR2-8,addItem> 2.0093518925728973E-4
<803,doctor2-1,HR6-5,addItem> 1.3526326277375644E-4
<804,doctor2-1,HR6-4,addItem> 1.433186431870819E-4
<805,nurse9-2,nursingItem9-4,read> 8.094626969602065E-4
<806,doctor0-1,HR7-9,addItem> 3.9503977953819937E-4
<807,doctor4-1,HR6-8,addItem> 5.6799963825254365E-5
<808,doctor4-1,HR6-6,addItem> 5.9572102374936326E-5
<809,doctor4-1,HR6-7,addItem> 5.541389455041338E-5
<810,agent8-0,HR8-1,addNote> 8.420602636649179E-4
<811,patient8-3,noteItem8-3,read> 0.0024932546917635287
<812,nurse2-1,nursingItem2-2,read> 6.381460886127506E-4
<813,patient3-7,noteItem3-7,read> 0.005172296448862185
<814,agent0-11,noteItem0-0,read> 9.447852437089109E-4
<815,nurse7-0,HR7-9,addItem> 1.5476182684762813E-4
<816,doctor0-1,HR7-3,addItem> 3.8798462286531067E-4
<817,patient0-7,HR0-7,addNote> 0.0013609721551186428
<818,doctor0-1,HR7-4,addItem> 3.915122012017551E-4
<819,nurse2-2,nursingItem2-0,read> 6.313723384855635E-4
<820,nurse5-0,HR5-9,addItem> 1.7083880956089177E-4
<821,doctor0-1,HR7-7,addItem> 3.926880606472364E-4
<822,nurse7-0,HR7-0,addItem> 1.5153722224507305E-4
<823,nurse5-0,HR5-5,addItem> 1.689966748065566E-4
<824,nurse5-0,HR5-6,addItem> 1.7360201169239442E-4
<825,nurse5-0,HR5-7,addItem> 1.7268094431522685E-4
<826,nurse5-0,HR5-8,addItem> 1.7175987693805934E-4
<827,nurse5-0,HR5-1,addItem> 1.7728628120106468E-4
<828,agent6-0,HR6-0,addNote> 2.386810643407251E-4
<829,patient4-8,HR4-8,addNote> 0.0012959335199145662
<830,nurse5-0,HR5-2,addItem> 1.7037827587230796E-4
<831,doctor9-0,HRitem3-0-0,read> 9.618716473700757E-4
<832,doctor0-1,HR7-0,addItem> 3.868087634198293E-4
<833,nurse5-0,HR5-3,addItem> 1.6991774218372418E-4
<834,nurse5-0,HR5-4,addItem> 1.6945720849514042E-4
<835,doctor8-1,HR8-3,addItem> 4.1035231278854724E-4
<836,doctor7-1,HR7-9,addItem> 6.974737947336159E-4
<837,doctor4-1,HR6-1,addItem> 6.23442409246183E-5
<838,nurse7-0,HR7-8,addItem> 1.5522248464799312E-4
<839,nurse7-0,HR7-6,addItem> 1.543011690472631E-4
<840,nurse7-0,HR7-5,addItem> 1.5291919564616808E-4
<841,nurse5-0,HR5-0,addItem> 1.768257475124809E-4
<842,nurse7-0,HR7-4,addItem> 1.533798534465331E-4
<843,nurse7-0,HR7-3,addItem> 1.5199788004543804E-4
<844,nurse7-0,HR7-2,addItem> 1.5245853784580306E-4
<845,nurse7-0,HR7-1,addItem> 1.5107656444470806E-4
<846,doctor6-1,HR4-8,addItem> 1.7544309362931405E-4
<847,doctor6-1,HR4-7,addItem> 1.7418524919403294E-4
<848,doctor6-1,HR4-4,addItem> 1.804744713704385E-4
<849,doctor6-1,HR4-5,addItem> 1.7670093806459517E-4
<850,doctor6-1,HR6-8,addItem> 5.807876226034453E-5
<851,doctor6-1,HR4-1,addItem> 1.8236123802336022E-4
<852,patient2-9,noteItem2-9agent2-1,read> 0.0027209789310179274
<853,patient0-6,HR0-6,addNote> 0.00130987037031544
<854,nurse4-2,HR4-4,addItem> 1.324792544944205E-4
<855,agent5-1,noteItem5-5,read> 0.00271247843514804
<856,nurse4-2,HR4-3,addItem> 1.3155592006495456E-4
<857,doctor9-1,HRitem3-0-3,read> 9.696921836029982E-4
<858,nurse4-2,HR4-6,addItem> 1.3063258563548853E-4
<859,doctor9-0,HR9-4,addItem> 2.5179935675333155E-4
<860,agent6-1,HR6-1,addNote> 3.0898197557903E-4
<861,nurse4-2,HR4-5,addItem> 1.2970925120602258E-4
<862,patient9-4,noteItem9-4,read> 0.0032533980276877148
<863,nurse4-2,HR4-8,addItem> 1.287859167765566E-4
<864,nurse4-2,HR4-7,addItem> 1.278625823470906E-4
<865,nurse9-1,nursingItem9-1,read> 0.001406559176178176
<866,nurse7-1,HR7-1,addItem> 1.5050753783663008E-4
<867,nurse5-0,nursingItem5-3,read> 0.0015581581094341217
<868,doctor6-0,HR1-4,addItem> 8.667754673537136E-4
<869,nurse4-2,HR4-9,addItem> 1.2693924791762462E-4
<870,nurse7-1,HR7-0,addItem> 1.5096646057936655E-4
<871,doctor6-1,HR6-7,addItem> 5.666148692303057E-5
<872,nurse7-1,HR7-3,addItem> 1.5142538332210307E-4
<873,nurse7-1,HR7-2,addItem> 1.518843060648396E-4
<874,doctor6-0,HRitem1-8-0,read> 7.715719323689609E-4
<875,nurse7-1,HR7-5,addItem> 1.5234322880757612E-4
<876,nurse7-1,HR7-4,addItem> 1.5280215155031264E-4
<877,nurse4-2,HR4-0,addItem> 1.3478759056808544E-4
<878,nurse7-1,HR7-7,addItem> 1.532610742930491E-4
<879,nurse7-1,HR7-6,addItem> 1.5371999703578566E-4
<880,doctor6-1,HR6-1,addItem> 6.374786360960032E-5
<881,nurse4-2,HR4-2,addItem> 1.3294092170915348E-4
<882,nurse7-1,HR7-9,addItem> 1.5417891977852219E-4
<883,patient8-1,HR8-1,addNote> 0.001268059819112819
<884,nurse4-2,HR4-1,addItem> 1.3386425613861946E-4
<885,nurse7-1,HR7-8,addItem> 1.5463784252125868E-4
<886,doctor6-0,HR6-7,addItem> 5.6869418985133427E-5
<887,patient4-7,HR4-7,addNote> 0.001286642286313984
<888,doctor6-0,HR6-8,addItem> 5.829189533285955E-5
<889,doctor6-0,HRitem1-4-0,read> 7.989438091841897E-4
<890,patient0-5,HR0-5,addNote> 0.0013005791367148574
<891,nurse4-3,HR4-7,addItem> 1.2706093606278283E-4
<892,nurse4-3,HR4-6,addItem> 1.2981357255940397E-4
<893,nurse4-2,nursingItem4-9,read> 0.0015936983485697325
<894,nurse4-3,HR4-5,addItem> 1.2889602706053028E-4
<895,nurse4-3,HR4-4,addItem> 1.3164866355715142E-4
<896,doctor1-0,HR1-2,addItem> 2.215890281475229E-4
<897,doctor2-1,HR1-0,addItem> 3.8418659095740325E-4
<898,nurse7-2,HR7-2,addItem> 1.513100742838761E-4
<899,nurse7-2,HR7-1,addItem> 1.4993851122855207E-4
<900,nurse4-3,HR4-9,addItem> 1.261433905639091E-4
<901,patient1-3,HR1-3,addNote> 0.001960256722356208
<902,nurse7-2,HR7-0,addItem> 1.5039569891366007E-4
<903,nurse4-3,HR4-8,addItem> 1.2797848156165655E-4
<904,nurse3-3,nursingItem3-0,read> 0.0010988875966258342
<905,nurse9-3,nursingItem9-3,read> 0.001385610864371869
<906,nurse7-2,HR7-6,addItem> 1.531388250243082E-4
<907,doctor6-0,HR6-6,addItem> 6.113684802831176E-5
<908,nurse7-2,HR7-4,addItem> 1.5222444965409216E-4
<909,nurse7-2,HR7-3,addItem> 1.508528865987681E-4
<910,doctor2-1,HRitem6-5-0,read> 1.7851460137233575E-4
<911,nurse4-3,HR4-3,addItem> 1.307311180582777E-4
<912,nurse4-3,HR4-2,addItem> 1.3210743630658826E-4
<913,nurse7-2,HR7-9,addItem> 1.5359601270941624E-4
<914,nurse4-3,HR4-1,addItem> 1.3302498180546197E-4
<915,nurse7-2,HR7-8,addItem> 1.5405320039452424E-4
<916,nurse8-3,nursingItem8-3,read> 7.460306683222715E-4
<917,doctor6-0,HR6-1,addItem> 6.398180072376398E-5
<918,agent2-1,noteItem2-9agent2-1,read> 0.001705299555259219
<919,nurse7-2,HR7-7,addItem> 1.5268163733920018E-4
<920,nurse5-3,HR5-1,addItem> 1.8038749894802206E-4
<921,nurse6-0,HR6-6,addItem> 3.9594532934431056E-5
<922,nurse5-3,HR5-0,addItem> 1.7991890927654758E-4
<923,nurse6-0,HR6-5,addItem> 3.867328350115297E-5
<924,nurse4-0,HR4-0,addItem> 1.3732278035933468E-4
<925,doctor1-1,HR7-2,addItem> 3.804818357556448E-4
<926,nurse6-0,HR6-8,addItem> 3.7752034067874885E-5
<927,agent5-1,noteItem5-5agent5-1,read> 0.0018425130936720855
<928,nurse5-3,HR5-3,addItem> 1.728900642044307E-4
<929,nurse6-0,HR6-7,addItem> 3.68307846345968E-5
<930,nurse5-3,HR5-2,addItem> 1.7335865387590517E-4
<931,doctor1-1,HR7-8,addItem> 3.8737965576682613E-4
<932,nurse6-0,HR6-2,addItem> 4.189765651762627E-5
<933,nurse6-0,HR6-1,addItem> 4.143703180098723E-5
<934,doctor8-1,HRitem2-9-0,read> 4.4310941058621473E-4
<935,doctor1-1,HR7-6,addItem> 3.8508038242976574E-4
<936,nurse6-0,HR6-4,addItem> 4.097640708434818E-5
<937,nurse6-0,HR6-3,addItem> 4.0515782367709145E-5
<938,nurse0-2,HR0-1,addItem> 1.2603889316945962E-4
<939,nurse4-0,HR4-7,addItem> 1.3026752120001394E-4
<940,nurse5-3,HR5-9,addItem> 1.7382724354737965E-4
<941,nurse4-0,HR4-8,addItem> 1.3120822242125671E-4
<942,nurse5-3,HR5-8,addItem> 1.7476442289032857E-4
<943,nurse4-0,HR4-5,addItem> 1.321489236424995E-4
<944,nurse6-0,HR6-0,addItem> 3.452766105140158E-5
<945,nurse4-0,HR4-6,addItem> 1.3308962486374226E-4
<946,patient4-0,HR4-0,addNote> 0.0013563265383183516
<947,nurse4-0,HR4-3,addItem> 1.3403032608498504E-4
<948,nurse5-3,HR5-5,addItem> 1.7195288486148179E-4
<949,doctor2-1,HRitem6-4-2,read> 3.1537398544848E-4
<950,nurse4-0,HR4-4,addItem> 1.349710273062278E-4
<951,nurse5-3,HR5-4,addItem> 1.7242147453295627E-4
<952,nurse4-0,HR4-1,addItem> 1.3638207913809196E-4
<953,nurse5-3,HR5-7,addItem> 1.757016022332775E-4
<954,nurse4-0,HR4-2,addItem> 1.3544137791684916E-4
<955,nurse5-3,HR5-6,addItem> 1.7663878157622639E-4
<956,nurse2-1,nursingItem2-9,read> 6.471711364187059E-4
<957,nurse2-1,nursingItem2-8,read> 6.458818438749979E-4
<958,nurse2-1,nursingItem2-5,read> 6.394353811564584E-4
<959,nurse2-1,nursingItem2-6,read> 6.433032587875822E-4
<960,nurse4-1,nursingItem4-5,read> 9.009965869880712E-4
<961,nurse4-0,HR4-9,addItem> 1.2932681997877116E-4
<962,nurse5-1,nursingItem5-0,read> 0.001574499326024866
<963,nurse2-1,nursingItem2-4,read> 6.407246737001665E-4
<964,nurse2-1,nursingItem2-1,read> 6.342782109816268E-4
<965,nurse2-1,nursingItem2-0,read> 6.355675035253348E-4
<966,doctor1-1,HR7-1,addItem> 3.7703292575005427E-4
<967,nurse6-0,HR6-9,addItem> 4.281890595090435E-5
<968,doctor8-1,HRitem8-7-0,read> 5.930030217172297E-4
<969,nurse6-1,HR6-9,addItem> 4.306288832099497E-5
<970,agent0-01,noteItem0-6,read> 0.001025869313112002
<971,nurse6-1,HR6-8,addItem> 3.7967145373104936E-5
<972,patient1-2,HR1-2,addNote> 0.0019556111055559168
<973,nurse6-1,HR6-7,addItem> 3.7040646655306746E-5
<974,nurse4-1,HR4-0,addItem> 1.3647771709558493E-4
<975,nurse6-1,HR6-6,addItem> 3.9820142808701315E-5
<976,nurse4-1,HR4-1,addItem> 1.3554280480493447E-4
<977,nurse6-1,HR6-5,addItem> 3.8893644090903125E-5
<978,nurse6-1,HR6-4,addItem> 4.12098908853986E-5
<979,doctor3-0,HR0-5,addItem> 2.776102198036054E-4
<980,nurse6-1,HR6-3,addItem> 4.0746641526499504E-5
<981,nurse5-2,nursingItem5-3,read> 9.031520440249853E-4
<982,nurse6-1,HR6-2,addItem> 4.213638960319679E-5
<983,doctor1-1,HR1-8,addItem> 4.846038637188441E-4
<984,agent8-11,noteItem8-3,read> 0.0012026622899975192
<985,nurse6-1,HR6-1,addItem> 4.1673140244297694E-5
<986,nurse4-1,HR4-6,addItem> 1.3227061178765768E-4
<987,doctor1-1,HR1-9,addItem> 4.809960177682953E-4
<988,nurse4-1,HR4-7,addItem> 1.2946587491570618E-4
<989,doctor8-1,HR8-5,addItem> 4.1661823008259865E-4
<990,nurse6-1,HR6-0,addItem> 3.472439986081128E-5
<991,nurse4-1,HR4-8,addItem> 1.3040078720635666E-4
<992,nurse4-1,HR4-9,addItem> 1.2853096262505567E-4
<993,nurse4-1,HR4-2,addItem> 1.3460789251428394E-4
<994,doctor8-0,HRitem6-3-1,read> 6.190714758269716E-4
<995,nurse4-1,HR4-3,addItem> 1.332055240783082E-4
<996,nurse4-1,HR4-4,addItem> 1.341404363689587E-4
<997,nurse2-0,nursingItem2-1,read> 0.0011048137107997746
<998,nurse4-1,HR4-5,addItem> 1.313356994970072E-4
<999,nurse2-0,nursingItem2-7,read> 6.462516821926787E-4
<1000,doctor1-1,HR1-3,addItem> 5.074535547389861E-4
<1001,nurse2-0,nursingItem2-9,read> 6.514428930947369E-4
<1002,doctor8-1,HR4-4,addItem> 1.831236379226651E-4
<1003,doctor1-1,HR1-4,addItem> 5.086561700558356E-4
<1004,nurse2-0,nursingItem2-3,read> 0.0011093052038224215
<1005,doctor1-1,HR1-6,addItem> 4.7859078713459626E-4
<1006,nurse2-0,nursingItem2-5,read> 0.0011137966968450678
<1007,agent7-11,HR7-4,addNote> 6.555946861380834E-4
<1008,nurse2-0,nursingItem2-0,read> 6.397626685651059E-4
<1009,nurse6-2,HR6-4,addItem> 4.144337468644901E-5
<1010,nurse6-2,HR6-3,addItem> 4.097750068528987E-5
<1011,nurse6-2,HR6-6,addItem> 4.0045752682971573E-5
<1012,nurse6-2,HR6-5,addItem> 3.9114004680653284E-5
<1013,nurse6-2,HR6-8,addItem> 3.8182256678334994E-5
<1014,nurse6-2,HR6-7,addItem> 3.7250508676016704E-5
<1015,nurse5-1,HR5-1,addItem> 1.7832002045005047E-4
<1016,nurse5-1,HR5-0,addItem> 1.7785680143383645E-4
<1017,nurse6-2,HR6-9,addItem> 4.33068706910856E-5
<1018,nurse5-1,HR5-3,addItem> 1.7090851619062632E-4
<1019,nurse2-3,nursingItem2-8,read> 6.330921043923247E-4
<1020,nurse5-1,HR5-2,addItem> 1.7137173520684036E-4
<1021,nurse5-1,HR5-5,addItem> 1.6998207815819834E-4
<1022,nurse5-1,HR5-4,addItem> 1.7044529717441236E-4
<1023,nurse6-2,HR6-0,addItem> 3.492113867022097E-5
<1024,nurse5-1,HR5-7,addItem> 1.736878302879104E-4
<1025,nurse5-1,HR5-6,addItem> 1.746142683203384E-4
<1026,nurse6-2,HR6-2,addItem> 4.237512268876731E-5
<1027,nurse6-2,HR6-1,addItem> 4.190924868760816E-5
<1028,nurse5-1,HR5-8,addItem> 1.727613922554824E-4
<1029,nurse8-1,nursingItem8-9,read> 0.0015290489454927567
<1030,doctor4-1,HRitem4-1-2,read> 2.859689954732973E-4
<1031,nurse9-2,nursingItem9-1,read> 8.133114266822652E-4
<1032,nurse6-3,HR6-7,addItem> 3.7460370696726655E-5
<1033,nurse4-3,nursingItem4-7,read> 9.108652015947102E-4
<1034,nurse6-3,HR6-6,addItem> 4.027136255724184E-5
<1035,nurse6-3,HR6-5,addItem> 3.933436527040345E-5
<1036,patient8-5,HR8-5,addNote> 0.0012355405015107806
<1037,nurse6-3,HR6-4,addItem> 4.167685848749943E-5
<1038,nurse5-2,HR5-2,addItem> 1.7236519454137274E-4
<1039,nurse5-2,HR5-1,addItem> 1.7935375969903623E-4
<1040,nurse5-2,HR5-0,addItem> 1.7888785535519203E-4
<1041,nurse6-3,HR6-9,addItem> 4.355085306117622E-5
<1042,nurse6-3,HR6-8,addItem> 3.8397367983565045E-5
<1043,nurse5-2,HR5-6,addItem> 1.756265249482824E-4
<1044,nurse5-2,HR5-5,addItem> 1.7096748150984006E-4
<1045,nurse5-2,HR5-4,addItem> 1.714333858536843E-4
<1046,nurse5-2,HR5-3,addItem> 1.718992901975285E-4
<1047,nurse6-3,HR6-3,addItem> 4.1208359844080236E-5
<1048,nurse6-3,HR6-2,addItem> 4.261385577433783E-5
<1049,nurse5-2,HR5-9,addItem> 1.7283109888521702E-4
<1050,nurse6-3,HR6-1,addItem> 4.2145357130918626E-5
<1051,nurse5-2,HR5-8,addItem> 1.7376290757290547E-4
<1052,nurse6-3,HR6-0,addItem> 3.511787747963067E-5
<1053,nurse5-2,HR5-7,addItem> 1.7469471626059392E-4
<1054,doctor5-1,HR3-1,addItem> 3.2575611322064956E-4
<1055,patient4-6,HR4-6,addNote> 0.001314515987115731
<1056,doctor4-0,HRitem4-1-2,read> 2.8704204986531716E-4
<1057,doctor2-0,HRitem0-5-3,read> 6.933665700397356E-4
<1058,doctor5-1,HR3-7,addItem> 3.300884565196054E-4
<1059,doctor5-1,HR3-8,addItem> 3.3442079981856114E-4
<1060,doctor6-0,HR1-8,addItem> 8.257891384866285E-4
<1061,doctor5-1,HR3-5,addItem> 3.3182139383918766E-4
<1062,doctor4-1,HR4-3,addItem> 3.441898773862415E-4
<1063,patient7-1,noteItem7-1,read> 0.0019648623728893986
<1064,doctor4-1,HR4-2,addItem> 3.4781345849046856E-4
<1065,doctor4-1,HR4-1,addItem> 1.783459447090844E-4
<1066,doctor4-1,HR4-0,addItem> 3.5264489996277145E-4
<1067,doctor4-1,HR4-6,addItem> 3.4177415665009E-4

