<0,patient7-5,noteItem7-5,read> null
<1,nurse8-2,nursingItem8-5,read> null
<2,patient1-5,noteItem1-5,read> null
<3,doctor8-1,HRitem3-1-2,read> null
<4,nurse2-0,nursingItem2-4,read> null
<5,agent8-1,HR8-6,addNote> null
<6,patient0-9,HR0-9,addNote> null
<7,agent3-0,HR3-9,addNote> null
<8,nurse2-3,HR2-0,addItem> null
<9,nurse2-3,HR2-1,addItem> null
<10,patient7-6,noteItem7-6agent7-1,read> null
<11,patient2-0,noteItem2-0,read> null
<12,doctor9-1,HR3-3,addItem> null
<13,agent2-11,HR2-8,addNote> null
<14,nurse0-2,nursingItem0-8,read> null
<15,doctor8-0,HRitem3-7-0,read> null
<16,patient0-3,noteItem0-3,read> null
<17,nurse1-3,nursingItem1-1,read> null
<18,nurse9-0,nursingItem9-4,read> null
<19,nurse2-3,HR2-2,addItem> null
<20,agent3-1,HR3-5,addNote> null
<21,nurse0-2,nursingItem0-1,read> null
<22,nurse2-3,HR2-3,addItem> null
<23,nurse2-3,HR2-8,addItem> null
<24,nurse4-2,nursingItem4-3,read> null
<25,nurse5-0,nursingItem5-3,read> null
<26,patient5-2,noteItem5-2,read> null
<27,agent4-01,noteItem4-4agent4-0,read> null
<28,doctor3-0,HRitem4-2-3,read> null
<29,patient0-2,noteItem0-2,read> null
<30,nurse4-3,nursingItem4-1,read> null
<31,doctor2-0,HR7-3,addItem> null
<32,patient2-6,noteItem2-6,read> null
<33,nurse8-1,HR8-9,addItem> null
<34,nurse2-3,HR2-9,addItem> null
<35,nurse2-3,HR2-4,addItem> null
<36,nurse2-3,HR2-5,addItem> null
<37,patient3-0,noteItem3-0,read> null
<38,nurse1-2,nursingItem1-7,read> null
<39,nurse2-3,HR2-6,addItem> null
<40,nurse9-3,HR9-8,addItem> null
<41,nurse6-1,nursingItem6-5,read> null
<42,nurse2-3,HR2-7,addItem> null
<43,doctor4-0,HR0-4,addItem> null
<44,doctor4-0,HR0-5,addItem> null
<45,doctor1-0,HR1-4,addItem> null
<46,patient6-8,noteItem6-8,read> null
<47,patient1-6,noteItem1-6,read> null
<48,doctor4-0,HR0-8,addItem> null
<49,doctor4-0,HR0-7,addItem> null
<50,nurse5-2,nursingItem5-1,read> null
<51,patient3-6,noteItem3-6,read> null
<52,doctor4-0,HR0-9,addItem> null
<53,agent8-0,HR8-7,addNote> null
<54,agent0-0,noteItem0-1,read> null
<55,patient6-5,noteItem6-5,read> null
<56,doctor4-0,HR0-0,addItem> null
<57,doctor4-0,HR0-2,addItem> null
<58,doctor3-1,HRitem3-0-2,read> null
<59,nurse4-1,nursingItem4-3,read> null
<60,patient0-7,noteItem0-7,read> null
<61,doctor5-0,HR5-7,addItem> null
<62,agent0-0,HR0-1,addNote> null
<63,patient4-3,noteItem4-3agent4-1,read> null
<64,patient9-5,HR9-5,addNote> null
<65,doctor4-0,HR0-1,addItem> null
<66,agent6-0,noteItem6-3,read> null
<67,nurse2-2,HR2-1,addItem> null
<68,nurse2-2,HR2-2,addItem> null
<69,agent8-1,noteItem8-6agent8-1,read> null
<70,nurse5-3,nursingItem5-4,read> null
<71,nurse4-2,nursingItem4-1,read> null
<72,nurse2-2,HR2-0,addItem> null
<73,patient9-2,HR9-2,addNote> null
<74,nurse6-3,HR6-9,addItem> null
<75,nurse2-2,HR2-9,addItem> null
<76,agent2-11,noteItem2-8agent2-1,read> null
<77,patient3-9,noteItem3-9,read> null
<78,nurse2-2,HR2-7,addItem> null
<79,doctor6-0,HR6-4,addItem> null
<80,nurse5-1,nursingItem5-9,read> null
<81,nurse2-2,HR2-8,addItem> null
<82,nurse2-2,HR2-5,addItem> null
<83,doctor8-1,HR5-3,addItem> null
<84,agent4-0,noteItem4-4agent4-0,read> null
<85,patient5-1,noteItem5-1,read> null
<86,patient2-2,HR2-2,addNote> null
<87,nurse2-2,HR2-6,addItem> null
<88,nurse2-2,HR2-3,addItem> null
<89,nurse2-2,HR2-4,addItem> null
<90,nurse3-1,HR3-0,addItem> null
<91,doctor4-0,HR1-5,addItem> null
<92,nurse1-3,nursingItem1-9,read> null
<93,nurse9-3,nursingItem9-1,read> null
<94,doctor3-1,HR2-3,addItem> null
<95,agent0-01,noteItem0-1agent0-0,read> null
<96,nurse5-3,nursingItem5-2,read> null
<97,doctor7-0,HR4-1,addItem> null
<98,doctor4-0,HR1-4,addItem> null
<99,patient1-3,noteItem1-3,read> null
<100,nurse6-2,nursingItem6-3,read> null
<101,patient7-4,HR7-4,addNote> null
<102,patient4-9,noteItem4-9,read> null
<103,doctor3-0,HR4-4,addItem> null
<104,doctor4-0,HR1-9,addItem> null
<105,nurse6-2,nursingItem6-2,read> null
<106,nurse3-2,nursingItem3-1,read> null
<107,patient4-3,noteItem4-3,read> null
<108,doctor2-1,HRitem3-5-1,read> null
<109,patient5-0,noteItem5-0,read> null
<110,nurse6-2,nursingItem6-1,read> null
<111,doctor1-0,HR5-4,addItem> null
<112,nurse3-2,HR3-9,addItem> null
<113,nurse8-0,nursingItem8-6,read> null
<114,agent9-01,noteItem9-9,read> null
<115,doctor4-0,HR1-7,addItem> null
<116,nurse1-0,nursingItem1-0,read> null
<117,doctor9-0,HR0-0,addItem> null
<118,nurse6-2,nursingItem6-0,read> null
<119,patient2-5,noteItem2-5,read> null
<120,agent1-01,noteItem1-4agent1-0,read> null
<121,agent9-0,HR9-9,addNote> null
<122,doctor4-0,HR1-6,addItem> null
<123,nurse6-2,nursingItem6-7,read> null
<124,doctor8-1,HR3-9,addItem> null
<125,nurse6-2,nursingItem6-6,read> null
<126,patient8-7,noteItem8-7agent8-0,read> null
<127,nurse6-2,nursingItem6-5,read> null
<128,patient4-2,noteItem4-2,read> null
<129,nurse8-2,nursingItem8-0,read> null
<130,nurse6-2,nursingItem6-4,read> null
<131,doctor4-0,HR1-1,addItem> null
<132,doctor3-1,HRitem2-4-2,read> null
<133,agent9-01,noteItem9-9agent9-0,read> null
<134,agent7-01,noteItem7-0agent7-0,read> null
<135,patient0-5,HR0-5,addNote> null
<136,nurse4-0,HR4-3,addItem> null
<137,nurse4-1,HR4-6,addItem> null
<138,doctor4-0,HR1-0,addItem> null
<139,nurse6-2,nursingItem6-9,read> null
<140,nurse6-2,nursingItem6-8,read> null
<141,patient6-7,noteItem6-7,read> null
<142,nurse8-1,HR8-5,addItem> null
<143,nurse8-1,HR8-4,addItem> null
<144,patient3-4,HR3-4,addNote> null
<145,nurse5-3,nursingItem5-8,read> null
<146,nurse8-1,HR8-3,addItem> null
<147,nurse8-1,HR8-2,addItem> null
<148,doctor8-0,HR8-1,addItem> null
<149,nurse8-1,HR8-8,addItem> null
<150,patient0-1,noteItem0-1,read> null
<151,agent6-11,noteItem6-5,read> null
<152,patient5-7,noteItem5-7,read> null
<153,nurse2-1,HR2-0,addItem> null
<154,patient7-3,HR7-3,addNote> null
<155,patient1-1,HR1-1,addNote> null
<156,nurse8-1,HR8-7,addItem> null
<157,nurse2-1,HR2-1,addItem> null
<158,nurse9-3,HR9-2,addItem> null
<159,nurse9-3,nursingItem9-0,read> null
<160,nurse8-1,HR8-6,addItem> null
<161,patient3-0,HR3-0,addNote> null
<162,nurse3-2,nursingItem3-3,read> null
<163,nurse4-1,nursingItem4-6,read> null
<164,nurse2-1,HR2-2,addItem> null
<165,agent8-01,noteItem8-7agent8-0,read> null
<166,patient6-9,noteItem6-9,read> null
<167,patient6-3,noteItem6-3,read> null
<168,patient7-2,HR7-2,addNote> null
<169,nurse2-1,HR2-3,addItem> null
<170,nurse2-3,nursingItem2-0,read> null
<171,nurse2-1,HR2-4,addItem> null
<172,nurse4-1,nursingItem4-8,read> null
<173,agent4-1,noteItem4-3agent4-1,read> null
<174,agent3-01,HR3-9,addNote> null
<175,nurse2-1,HR2-5,addItem> null
<176,nurse0-0,nursingItem0-9,read> null
<177,nurse2-1,HR2-6,addItem> null
<178,patient4-8,noteItem4-8,read> null
<179,nurse5-1,nursingItem5-4,read> null
<180,nurse8-1,HR8-1,addItem> null
<181,patient4-4,HR4-4,addNote> null
<182,nurse2-1,HR2-7,addItem> null
<183,patient8-9,HR8-9,addNote> null
<184,nurse8-1,HR8-0,addItem> null
<185,patient5-3,HR5-3,addNote> null
<186,agent7-01,noteItem7-0,read> null
<187,nurse3-2,nursingItem3-5,read> null
<188,nurse2-1,HR2-8,addItem> null
<189,agent6-1,noteItem6-5,read> null
<190,patient7-1,HR7-1,addNote> null
<191,nurse2-3,nursingItem2-7,read> null
<192,patient4-1,noteItem4-1,read> null
<193,patient6-4,noteItem6-4,read> null
<194,nurse4-3,nursingItem4-9,read> null
<195,nurse2-1,HR2-9,addItem> null
<196,patient5-8,HR5-8,addNote> null
<197,patient1-4,noteItem1-4,read> null
<198,doctor4-1,HR5-7,addItem> null
<199,patient0-5,noteItem0-5,read> null
<200,agent7-11,noteItem7-6agent7-1,read> null
<201,nurse6-3,nursingItem6-0,read> null
<202,nurse2-0,HR2-9,addItem> null
<203,nurse6-3,nursingItem6-2,read> null
<204,nurse1-0,nursingItem1-1,read> null
<205,agent8-01,noteItem8-7,read> null
<206,nurse6-3,nursingItem6-1,read> null
<207,nurse6-3,nursingItem6-4,read> null
<208,nurse6-3,nursingItem6-3,read> null
<209,patient2-4,noteItem2-4agent2-0,read> null
<210,nurse6-3,nursingItem6-6,read> null
<211,patient8-1,HR8-1,addNote> null
<212,nurse8-0,HR8-9,addItem> null
<213,patient9-7,noteItem9-7,read> null
<214,patient9-3,noteItem9-3,read> null
<215,nurse6-3,nursingItem6-5,read> null
<216,agent4-1,noteItem4-3,read> null
<217,nurse8-2,nursingItem8-2,read> null
<218,agent7-0,HR7-0,addNote> null
<219,patient7-3,noteItem7-3,read> null
<220,nurse1-2,nursingItem1-0,read> null
<221,patient3-3,noteItem3-3,read> null
<222,nurse3-0,nursingItem3-3,read> null
<223,nurse6-3,nursingItem6-8,read> null
<224,nurse6-3,nursingItem6-7,read> null
<225,patient9-3,HR9-3,addNote> null
<226,doctor0-1,HR1-4,addItem> null
<227,nurse6-3,nursingItem6-9,read> null
<228,nurse8-0,HR8-2,addItem> null
<229,patient6-5,noteItem6-5agent6-1,read> null
<230,doctor4-0,HR4-5,addItem> null
<231,nurse8-0,HR8-1,addItem> null
<232,nurse9-2,HR9-4,addItem> null
<233,doctor0-1,HR0-7,addItem> null
<234,nurse8-0,HR8-4,addItem> null
<235,nurse8-0,HR8-3,addItem> null
<236,patient0-0,noteItem0-0,read> null
<237,doctor0-0,HR0-3,addItem> null
<238,nurse3-3,HR3-1,addItem> null
<239,nurse4-3,nursingItem4-2,read> null
<240,nurse8-0,HR8-6,addItem> null
<241,patient6-1,noteItem6-1,read> null
<242,patient4-8,HR4-8,addNote> null
<243,patient4-0,noteItem4-0,read> null
<244,nurse0-1,nursingItem0-9,read> null
<245,agent2-01,HR2-4,addNote> null
<246,nurse5-2,nursingItem5-2,read> null
<247,nurse4-0,nursingItem4-0,read> null
<248,patient0-8,noteItem0-8,read> null
<249,patient5-1,noteItem5-1agent5-1,read> null
<250,nurse3-3,HR3-0,addItem> null
<251,nurse2-0,HR2-0,addItem> null
<252,nurse7-2,nursingItem7-8,read> null
<253,nurse8-0,HR8-5,addItem> null
<254,patient3-5,HR3-5,addNote> null
<255,nurse2-1,nursingItem2-2,read> null
<256,nurse0-0,nursingItem0-6,read> null
<257,patient3-5,noteItem3-5,read> null
<258,patient1-5,HR1-5,addNote> null
<259,doctor8-0,HR8-7,addItem> null
<260,doctor4-1,HRitem4-3-0,read> null
<261,nurse3-3,HR3-3,addItem> null
<262,nurse4-0,nursingItem4-3,read> null
<263,doctor6-1,HRitem1-5-1,read> null
<264,nurse5-0,nursingItem5-0,read> null
<265,patient2-8,HR2-8,addNote> null
<266,nurse8-0,HR8-8,addItem> null
<267,patient9-2,noteItem9-2,read> null
<268,nurse4-0,nursingItem4-1,read> null
<269,nurse3-3,HR3-2,addItem> null
<270,nurse7-0,nursingItem7-9,read> null
<271,nurse8-0,HR8-7,addItem> null
<272,nurse9-0,nursingItem9-9,read> null
<273,nurse2-0,HR2-5,addItem> null
<274,nurse7-0,nursingItem7-3,read> null
<275,nurse3-3,HR3-5,addItem> null
<276,doctor1-0,HR5-2,addItem> null
<277,nurse2-0,HR2-3,addItem> null
<278,nurse3-0,HR3-1,addItem> null
<279,nurse3-3,HR3-4,addItem> null
<280,nurse2-0,HR2-4,addItem> null
<281,nurse3-3,HR3-7,addItem> null
<282,patient4-4,noteItem4-4agent4-0,read> null
<283,patient3-8,noteItem3-8,read> null
<284,patient3-1,noteItem3-1,read> null
<285,nurse4-2,nursingItem4-8,read> null
<286,nurse2-0,HR2-1,addItem> null
<287,patient1-4,noteItem1-4agent1-0,read> null
<288,nurse1-3,nursingItem1-5,read> null
<289,doctor6-1,HR1-1,addItem> null
<290,nurse1-0,HR1-6,addItem> null
<291,nurse8-2,nursingItem8-9,read> null
<292,nurse5-0,nursingItem5-1,read> null
<293,nurse3-3,HR3-6,addItem> null
<294,nurse2-0,HR2-2,addItem> null
<295,nurse2-0,HR2-7,addItem> null
<296,nurse2-2,nursingItem2-1,read> null
<297,patient1-3,HR1-3,addNote> null
<298,nurse3-3,HR3-9,addItem> null
<299,patient4-7,noteItem4-7,read> null
<300,doctor3-1,HR3-7,addItem> null
<301,nurse2-0,HR2-8,addItem> null
<302,nurse3-3,HR3-8,addItem> null
<303,agent5-1,noteItem5-1,read> null
<304,patient2-8,noteItem2-8,read> null
<305,patient7-4,noteItem7-4,read> null
<306,agent2-0,HR2-4,addNote> null
<307,nurse8-0,HR8-0,addItem> null
<308,nurse1-2,nursingItem1-4,read> null
<309,nurse0-2,nursingItem0-4,read> null
<310,nurse2-0,HR2-6,addItem> null
<311,patient4-6,noteItem4-6,read> null
<312,patient1-9,noteItem1-9,read> null
<313,nurse8-3,HR8-2,addItem> null
<314,nurse8-3,HR8-3,addItem> null
<315,nurse8-3,HR8-0,addItem> null
<316,nurse8-3,HR8-1,addItem> null
<317,nurse8-3,HR8-8,addItem> null
<318,nurse8-3,HR8-9,addItem> null
<319,patient5-2,HR5-2,addNote> null
<320,agent3-0,noteItem3-9,read> null
<321,nurse8-3,HR8-6,addItem> null
<322,nurse8-3,HR8-7,addItem> null
<323,nurse8-3,HR8-4,addItem> null
<324,nurse8-1,nursingItem8-4,read> null
<325,nurse8-3,HR8-5,addItem> null
<326,nurse2-3,nursingItem2-4,read> null
<327,doctor2-0,HR2-9,addItem> null
<328,agent4-0,noteItem4-4,read> null
<329,nurse8-2,HR8-0,addItem> null
<330,nurse0-2,nursingItem0-5,read> null
<331,nurse5-0,nursingItem5-9,read> null
<332,patient0-4,noteItem0-4,read> null
<333,nurse4-0,nursingItem4-9,read> null
<334,patient0-7,HR0-7,addNote> null
<335,nurse8-2,HR8-1,addItem> null
<336,nurse8-2,HR8-2,addItem> null
<337,nurse8-2,HR8-7,addItem> null
<338,nurse8-2,HR8-8,addItem> null
<339,patient8-6,noteItem8-6,read> null
<340,nurse8-2,HR8-9,addItem> null
<341,nurse8-2,HR8-3,addItem> null
<342,nurse8-2,HR8-4,addItem> null
<343,nurse8-2,HR8-5,addItem> null
<344,nurse1-1,HR1-6,addItem> null
<345,doctor7-1,HR7-1,addItem> null
<346,nurse8-2,HR8-6,addItem> null
<347,nurse8-1,nursingItem8-2,read> null
<348,nurse0-1,nursingItem0-8,read> null
<349,nurse9-2,nursingItem9-2,read> null
<350,doctor2-1,HR2-0,addItem> null
<351,patient1-7,noteItem1-7,read> null
<352,doctor7-1,HR7-6,addItem> null
<353,agent6-01,noteItem6-3agent6-0,read> null
<354,nurse3-1,nursingItem3-1,read> null
<355,doctor8-1,HRitem3-5-0,read> null
<356,doctor0-0,HRitem0-0-1,read> null
<357,patient1-8,noteItem1-8,read> null
<358,doctor2-1,HR3-6,addItem> null
<359,nurse8-1,nursingItem8-6,read> null
<360,patient4-4,noteItem4-4,read> null
<361,nurse9-2,HR9-9,addItem> null
<362,nurse1-0,HR1-2,addItem> null
<363,agent0-0,noteItem0-1agent0-0,read> null
<364,nurse9-2,HR9-7,addItem> null
<365,nurse9-2,HR9-8,addItem> null
<366,nurse9-2,HR9-5,addItem> null
<367,patient1-9,HR1-9,addNote> null
<368,nurse9-2,HR9-6,addItem> null
<369,nurse0-0,nursingItem0-2,read> null
<370,nurse9-2,HR9-3,addItem> null
<371,nurse4-0,nursingItem4-5,read> null
<372,agent7-1,HR7-6,addNote> null
<373,patient2-7,noteItem2-7,read> null
<374,agent8-0,noteItem8-7,read> null
<375,patient3-1,HR3-1,addNote> null
<376,nurse9-2,HR9-1,addItem> null
<377,nurse1-2,nursingItem1-2,read> null
<378,nurse9-2,HR9-2,addItem> null
<379,nurse9-2,HR9-0,addItem> null
<380,doctor8-1,HRitem8-1-2,read> null
<381,patient7-0,noteItem7-0agent7-0,read> null
<382,patient1-7,HR1-7,addNote> null
<383,agent7-1,noteItem7-6agent7-1,read> null
<384,doctor3-0,HR5-8,addItem> null
<385,agent6-01,HR6-3,addNote> null
<386,nurse9-1,HR9-6,addItem> null
<387,nurse9-1,HR9-7,addItem> null
<388,nurse9-1,HR9-8,addItem> null
<389,doctor9-0,HRitem9-1-3,read> null
<390,nurse3-1,nursingItem3-8,read> null
<391,nurse9-1,HR9-9,addItem> null
<392,nurse1-3,nursingItem1-8,read> null
<393,nurse9-1,HR9-2,addItem> null
<394,nurse5-2,nursingItem5-9,read> null
<395,patient8-3,noteItem8-3,read> null
<396,nurse9-1,HR9-3,addItem> null
<397,nurse9-1,HR9-4,addItem> null
<398,nurse9-1,HR9-5,addItem> null
<399,nurse9-1,HR9-0,addItem> null
<400,nurse2-1,nursingItem2-7,read> null
<401,nurse3-1,nursingItem3-7,read> null
<402,doctor5-0,HRitem9-1-1,read> null
<403,nurse9-1,HR9-1,addItem> null
<404,nurse9-3,HR9-4,addItem> null
<405,nurse9-3,HR9-5,addItem> null
<406,nurse9-3,HR9-6,addItem> null
<407,patient8-7,HR8-7,addNote> null
<408,nurse9-3,HR9-7,addItem> null
<409,nurse9-3,HR9-9,addItem> null
<410,nurse9-3,HR9-0,addItem> null
<411,nurse9-3,HR9-1,addItem> null
<412,doctor3-0,HR5-6,addItem> null
<413,nurse1-2,HR1-0,addItem> null
<414,nurse9-3,HR9-3,addItem> null
<415,doctor3-0,HR5-5,addItem> null
<416,nurse1-1,nursingItem1-2,read> null
<417,nurse8-3,nursingItem8-9,read> null
<418,doctor2-0,HR2-0,addItem> null
<419,doctor3-0,HR5-3,addItem> null
<420,nurse9-1,nursingItem9-7,read> null
<421,doctor3-0,HR5-4,addItem> null
<422,patient8-6,noteItem8-6agent8-1,read> null
<423,agent7-11,HR7-6,addNote> null
<424,doctor3-0,HR5-1,addItem> null
<425,doctor3-0,HR5-2,addItem> null
<426,doctor3-0,HR5-0,addItem> null
<427,nurse1-1,HR1-7,addItem> null
<428,patient3-5,noteItem3-5agent3-1,read> null
<429,nurse3-2,HR3-7,addItem> null
<430,nurse3-2,HR3-8,addItem> null
<431,patient7-9,noteItem7-9,read> null
<432,nurse1-0,nursingItem1-3,read> null
<433,nurse3-2,HR3-3,addItem> null
<434,nurse3-2,HR3-4,addItem> null
<435,nurse6-2,HR6-4,addItem> null
<436,patient3-9,noteItem3-9agent3-0,read> null
<437,doctor0-1,HR0-9,addItem> null
<438,nurse9-1,nursingItem9-4,read> null
<439,nurse3-2,HR3-5,addItem> null
<440,agent5-01,HR5-0,addNote> null
<441,nurse8-1,nursingItem8-9,read> null
<442,nurse3-2,HR3-6,addItem> null
<443,doctor8-0,HR8-9,addItem> null
<444,nurse3-2,HR3-0,addItem> null
<445,doctor2-0,HR2-5,addItem> null
<446,nurse3-2,HR3-1,addItem> null
<447,nurse3-2,HR3-2,addItem> null
<448,patient0-1,noteItem0-1agent0-0,read> null
<449,nurse6-0,nursingItem6-6,read> null
<450,doctor1-0,HR1-5,addItem> null
<451,patient9-8,noteItem9-8,read> null
<452,nurse6-0,nursingItem6-7,read> null
<453,nurse6-0,nursingItem6-8,read> null
<454,nurse5-2,nursingItem5-5,read> null
<455,nurse6-0,nursingItem6-9,read> null
<456,patient3-7,HR3-7,addNote> null
<457,doctor6-0,HR3-2,addItem> null
<458,nurse6-0,nursingItem6-2,read> null
<459,doctor5-0,HR8-5,addItem> null
<460,nurse6-0,nursingItem6-3,read> null
<461,nurse1-0,nursingItem1-7,read> null
<462,patient3-7,noteItem3-7,read> null
<463,nurse6-0,nursingItem6-4,read> null
<464,nurse1-0,HR1-8,addItem> null
<465,nurse6-0,nursingItem6-5,read> null
<466,nurse6-0,nursingItem6-0,read> null
<467,doctor9-1,HRitem3-6-0,read> null
<468,nurse6-0,nursingItem6-1,read> null
<469,nurse3-1,HR3-8,addItem> null
<470,agent3-0,noteItem3-9agent3-0,read> null
<471,nurse3-1,HR3-9,addItem> null
<472,nurse3-1,HR3-6,addItem> null
<473,nurse3-1,HR3-7,addItem> null
<474,patient5-6,noteItem5-6,read> null
<475,doctor3-1,HRitem9-1-2,read> null
<476,patient0-6,noteItem0-6,read> null
<477,nurse7-1,HR7-7,addItem> null
<478,agent7-0,noteItem7-0agent7-0,read> null
<479,nurse3-2,nursingItem3-2,read> null
<480,nurse0-1,nursingItem0-1,read> null
<481,patient5-9,noteItem5-9,read> null
<482,doctor0-1,HRitem1-1-1,read> null
<483,patient0-9,noteItem0-9,read> null
<484,nurse3-1,HR3-4,addItem> null
<485,nurse3-1,HR3-5,addItem> null
<486,patient9-9,noteItem9-9,read> null
<487,nurse2-1,nursingItem2-3,read> null
<488,patient6-2,noteItem6-2,read> null
<489,nurse1-1,nursingItem1-4,read> null
<490,patient0-3,HR0-3,addNote> null
<491,agent1-1,noteItem1-3agent1-1,read> null
<492,agent4-11,HR4-3,addNote> null
<493,nurse1-1,nursingItem1-0,read> null
<494,nurse3-1,HR3-2,addItem> null
<495,patient7-9,HR7-9,addNote> null
<496,nurse3-1,HR3-3,addItem> null
<497,doctor5-1,HR5-6,addItem> null
<498,nurse4-2,nursingItem4-7,read> null
<499,nurse2-2,nursingItem2-6,read> null
<500,nurse3-1,HR3-1,addItem> null
<501,nurse6-1,nursingItem6-9,read> null
<502,nurse6-1,nursingItem6-7,read> null
<503,agent3-01,noteItem3-9,read> null
<504,nurse9-3,nursingItem9-5,read> null
<505,agent9-01,HR9-9,addNote> null
<506,doctor9-0,HR0-8,addItem> null
<507,nurse6-1,nursingItem6-8,read> null
<508,patient8-8,HR8-8,addNote> null
<509,nurse6-1,nursingItem6-6,read> null
<510,nurse0-2,nursingItem0-9,read> null
<511,nurse6-1,nursingItem6-3,read> null
<512,nurse6-1,nursingItem6-4,read> null
<513,nurse6-1,nursingItem6-1,read> null
<514,nurse6-1,nursingItem6-2,read> null
<515,nurse6-1,nursingItem6-0,read> null
<516,nurse3-0,HR3-2,addItem> null
<517,nurse3-0,HR3-3,addItem> null
<518,agent8-11,HR8-6,addNote> null
<519,nurse3-0,HR3-4,addItem> null
<520,nurse3-0,HR3-5,addItem> null
<521,nurse9-0,HR9-0,addItem> null
<522,doctor6-0,HR9-3,addItem> null
<523,patient8-1,noteItem8-1,read> null
<524,nurse3-0,HR3-6,addItem> null
<525,nurse3-0,HR3-7,addItem> null
<526,doctor6-0,HR9-1,addItem> null
<527,nurse3-0,HR3-8,addItem> null
<528,doctor9-1,HRitem9-1-0,read> null
<529,nurse4-1,nursingItem4-0,read> null
<530,nurse8-2,nursingItem8-1,read> null
<531,nurse2-3,nursingItem2-2,read> null
<532,nurse9-0,HR9-4,addItem> null
<533,nurse9-1,nursingItem9-8,read> null
<534,nurse1-1,nursingItem1-3,read> null
<535,nurse9-0,HR9-3,addItem> null
<536,nurse9-0,HR9-2,addItem> null
<537,nurse9-0,HR9-1,addItem> null
<538,nurse9-0,HR9-8,addItem> null
<539,nurse9-0,HR9-7,addItem> null
<540,agent6-11,noteItem6-5agent6-1,read> null
<541,nurse3-3,nursingItem3-7,read> null
<542,nurse9-0,HR9-6,addItem> null
<543,nurse3-0,HR3-0,addItem> null
<544,patient7-7,noteItem7-7,read> null
<545,nurse9-0,HR9-5,addItem> null
<546,nurse9-0,HR9-9,addItem> null
<547,agent9-11,HR9-3,addNote> null
<548,doctor1-1,HRitem8-5-3,read> null
<549,nurse3-0,HR3-9,addItem> null
<550,patient5-7,HR5-7,addNote> null
<551,doctor6-0,HR9-5,addItem> null
<552,agent9-0,noteItem9-9agent9-0,read> null
<553,agent0-1,noteItem0-5,read> null
<554,doctor9-0,HRitem9-5-1,read> null
<555,patient2-9,noteItem2-9,read> null
<556,patient2-4,noteItem2-4,read> null
<557,agent1-01,noteItem1-4,read> null
<558,doctor6-0,HR9-9,addItem> null
<559,patient7-8,noteItem7-8,read> null
<560,doctor3-0,HRitem5-2-3,read> null
<561,patient0-4,HR0-4,addNote> null
<562,nurse7-3,HR7-8,addItem> null
<563,agent3-01,noteItem3-9agent3-0,read> null
<564,nurse7-3,HR7-9,addItem> null
<565,nurse8-3,nursingItem8-8,read> null
<566,nurse7-3,HR7-4,addItem> null
<567,nurse1-3,nursingItem1-7,read> null
<568,patient4-9,HR4-9,addNote> null
<569,nurse7-3,HR7-5,addItem> null
<570,agent6-01,noteItem6-3,read> null
<571,nurse7-3,HR7-6,addItem> null
<572,nurse7-3,HR7-7,addItem> null
<573,nurse7-3,HR7-0,addItem> null
<574,nurse2-2,nursingItem2-8,read> null
<575,nurse7-3,HR7-1,addItem> null
<576,nurse7-3,HR7-2,addItem> null
<577,patient9-4,noteItem9-4,read> null
<578,patient5-5,noteItem5-5,read> null
<579,nurse7-3,HR7-3,addItem> null
<580,patient0-2,HR0-2,addNote> null
<581,doctor4-0,HRitem0-5-3,read> null
<582,patient0-1,HR0-1,addNote> null
<583,agent1-01,HR1-4,addNote> null
<584,patient0-8,HR0-8,addNote> null
<585,doctor5-1,HRitem5-8-0,read> null
<586,patient1-3,noteItem1-3agent1-1,read> null
<587,agent4-01,noteItem4-4,read> null
<588,doctor9-0,HRitem0-5-3,read> null
<589,nurse8-1,nursingItem8-8,read> null
<590,nurse7-0,HR7-9,addItem> null
<591,nurse5-0,HR5-9,addItem> null
<592,nurse8-3,nursingItem8-4,read> null
<593,nurse5-0,HR5-5,addItem> null
<594,nurse7-0,HR7-0,addItem> null
<595,nurse5-0,HR5-6,addItem> null
<596,nurse5-0,HR5-7,addItem> null
<597,nurse0-3,nursingItem0-4,read> null
<598,nurse5-2,nursingItem5-7,read> null
<599,patient0-0,HR0-0,addNote> null
<600,agent9-0,noteItem9-9,read> null
<601,nurse5-0,HR5-8,addItem> null
<602,nurse5-0,HR5-1,addItem> null
<603,doctor8-0,HR4-5,addItem> null
<604,nurse5-0,HR5-2,addItem> null
<605,nurse5-0,HR5-3,addItem> null
<606,nurse5-1,nursingItem5-7,read> null
<607,nurse3-0,nursingItem3-6,read> null
<608,agent4-01,HR4-4,addNote> null
<609,nurse4-2,HR4-0,addItem> null
<610,patient8-6,HR8-6,addNote> null
<611,nurse5-0,HR5-4,addItem> null
<612,nurse7-0,HR7-8,addItem> null
<613,nurse7-0,HR7-7,addItem> null
<614,patient8-2,noteItem8-2,read> null
<615,nurse7-0,HR7-6,addItem> null
<616,nurse5-0,HR5-0,addItem> null
<617,nurse7-0,HR7-5,addItem> null
<618,nurse9-1,nursingItem9-0,read> null
<619,nurse7-0,HR7-4,addItem> null
<620,nurse7-0,HR7-3,addItem> null
<621,nurse1-0,HR1-4,addItem> null
<622,nurse7-0,HR7-2,addItem> null
<623,nurse7-0,HR7-1,addItem> null
<624,doctor7-0,HR4-3,addItem> null
<625,nurse2-2,nursingItem2-7,read> null
<626,doctor6-1,HR6-9,addItem> null
<627,patient0-6,HR0-6,addNote> null
<628,nurse8-2,nursingItem8-8,read> null
<629,doctor2-0,HR2-8,addItem> null
<630,nurse4-2,HR4-4,addItem> null
<631,nurse4-2,HR4-3,addItem> null
<632,nurse0-3,HR0-4,addItem> null
<633,nurse4-2,HR4-6,addItem> null
<634,nurse1-2,nursingItem1-8,read> null
<635,nurse4-2,HR4-5,addItem> null
<636,nurse4-2,nursingItem4-5,read> null
<637,nurse4-2,HR4-8,addItem> null
<638,nurse4-2,HR4-7,addItem> null
<639,patient9-3,noteItem9-3agent9-1,read> null
<640,nurse7-1,HR7-1,addItem> null
<641,nurse7-1,HR7-0,addItem> null
<642,nurse4-2,HR4-9,addItem> null
<643,doctor3-1,HR2-7,addItem> null
<644,nurse7-1,HR7-3,addItem> null
<645,nurse7-1,HR7-2,addItem> null
<646,patient8-7,noteItem8-7,read> null
<647,doctor6-1,HR6-6,addItem> null
<648,nurse7-1,HR7-5,addItem> null
<649,patient9-0,noteItem9-0,read> null
<650,doctor6-1,HR6-5,addItem> null
<651,nurse8-1,nursingItem8-7,read> null
<652,nurse7-1,HR7-4,addItem> null
<653,nurse7-1,HR7-6,addItem> null
<654,nurse1-2,HR1-6,addItem> null
<655,doctor6-1,HR6-2,addItem> null
<656,nurse7-1,HR7-9,addItem> null
<657,nurse4-2,HR4-2,addItem> null
<658,nurse7-1,HR7-8,addItem> null
<659,nurse4-2,HR4-1,addItem> null
<660,nurse3-2,nursingItem3-0,read> null
<661,patient3-4,noteItem3-4,read> null
<662,nurse6-0,HR6-5,addItem> null
<663,doctor7-0,HRitem4-3-3,read> null
<664,patient8-9,noteItem8-9,read> null
<665,doctor9-0,HR0-9,addItem> null
<666,patient7-7,HR7-7,addNote> null
<667,agent3-1,noteItem3-5,read> null
<668,nurse5-1,nursingItem5-6,read> null
<669,doctor6-0,HR6-7,addItem> null
<670,doctor6-0,HR6-8,addItem> null
<671,doctor9-0,HR0-2,addItem> null
<672,doctor9-0,HR0-1,addItem> null
<673,doctor9-0,HR0-7,addItem> null
<674,nurse1-1,nursingItem1-1,read> null
<675,doctor9-0,HR0-5,addItem> null
<676,doctor9-0,HR0-4,addItem> null
<677,nurse4-1,nursingItem4-9,read> null
<678,doctor6-1,HR1-7,addItem> null
<679,doctor0-0,HRitem0-4-1,read> null
<680,nurse4-3,HR4-7,addItem> null
<681,nurse4-3,HR4-6,addItem> null
<682,nurse4-3,HR4-5,addItem> null
<683,doctor2-1,HR3-3,addItem> null
<684,agent9-1,noteItem9-3,read> null
<685,nurse5-3,nursingItem5-7,read> null
<686,doctor1-1,HR8-2,addItem> null
<687,nurse4-3,HR4-4,addItem> null
<688,nurse7-2,HR7-2,addItem> null
<689,nurse5-2,HR5-2,addItem> null
<690,doctor0-1,HRitem0-5-2,read> null
<691,nurse7-2,HR7-1,addItem> null
<692,doctor2-0,HR7-0,addItem> null
<693,nurse1-3,nursingItem1-4,read> null
<694,nurse7-2,HR7-0,addItem> null
<695,doctor3-1,HR2-4,addItem> null
<696,nurse4-3,HR4-9,addItem> null
<697,nurse4-3,HR4-8,addItem> null
<698,nurse5-0,nursingItem5-7,read> null
<699,patient3-2,noteItem3-2,read> null
<700,nurse7-2,HR7-6,addItem> null
<701,nurse7-2,HR7-5,addItem> null
<702,nurse7-1,nursingItem7-4,read> null
<703,doctor6-0,HR6-3,addItem> null
<704,nurse7-2,HR7-4,addItem> null
<705,nurse7-2,HR7-3,addItem> null
<706,nurse4-3,HR4-3,addItem> null
<707,nurse0-3,nursingItem0-0,read> null
<708,doctor6-0,HR6-0,addItem> null
<709,nurse7-2,HR7-9,addItem> null
<710,doctor1-1,HRitem8-8-1,read> null
<711,nurse4-3,HR4-2,addItem> null
<712,nurse7-2,HR7-8,addItem> null
<713,patient2-8,noteItem2-8agent2-1,read> null
<714,nurse4-3,HR4-1,addItem> null
<715,patient2-4,HR2-4,addNote> null
<716,nurse7-2,HR7-7,addItem> null
<717,nurse4-3,HR4-0,addItem> null
<718,nurse1-0,nursingItem1-9,read> null
<719,doctor6-0,HR6-1,addItem> null
<720,nurse6-0,HR6-6,addItem> null
<721,nurse5-3,HR5-1,addItem> null
<722,nurse4-0,HR4-0,addItem> null
<723,nurse5-3,HR5-0,addItem> null
<724,nurse5-3,HR5-3,addItem> null
<725,nurse6-0,HR6-8,addItem> null
<726,patient1-0,noteItem1-0,read> null
<727,patient2-1,noteItem2-1,read> null
<728,nurse5-3,HR5-2,addItem> null
<729,nurse6-0,HR6-7,addItem> null
<730,nurse6-0,HR6-2,addItem> null
<731,nurse6-0,HR6-1,addItem> null
<732,nurse6-0,HR6-4,addItem> null
<733,nurse6-0,HR6-3,addItem> null
<734,nurse1-1,HR1-2,addItem> null
<735,patient5-5,HR5-5,addNote> null
<736,nurse5-3,HR5-9,addItem> null
<737,nurse4-0,HR4-7,addItem> null
<738,doctor7-1,HR7-8,addItem> null
<739,nurse5-3,HR5-8,addItem> null
<740,nurse4-0,HR4-8,addItem> null
<741,doctor6-0,HRitem6-7-1,read> null
<742,nurse6-0,HR6-0,addItem> null
<743,patient5-6,HR5-6,addNote> null
<744,nurse4-0,HR4-5,addItem> null
<745,nurse4-0,HR4-6,addItem> null
<746,nurse5-2,nursingItem5-0,read> null
<747,nurse1-0,nursingItem1-2,read> null
<748,nurse5-3,HR5-5,addItem> null
<749,nurse5-3,HR5-4,addItem> null
<750,nurse4-0,HR4-4,addItem> null
<751,nurse5-3,HR5-7,addItem> null
<752,patient7-8,HR7-8,addNote> null
<753,nurse4-0,HR4-1,addItem> null
<754,nurse5-3,HR5-6,addItem> null
<755,nurse4-0,HR4-2,addItem> null
<756,nurse4-0,HR4-9,addItem> null
<757,patient0-5,noteItem0-5agent0-1,read> null
<758,nurse9-0,nursingItem9-0,read> null
<759,agent6-1,noteItem6-5agent6-1,read> null
<760,patient7-2,noteItem7-2,read> null
<761,nurse6-0,HR6-9,addItem> null
<762,nurse6-1,HR6-9,addItem> null
<763,doctor7-1,HRitem9-0-0,read> null
<764,agent1-1,HR1-3,addNote> null
<765,nurse9-2,nursingItem9-8,read> null
<766,nurse6-1,HR6-8,addItem> null
<767,nurse4-1,HR4-0,addItem> null
<768,nurse6-1,HR6-7,addItem> null
<769,nurse4-1,HR4-1,addItem> null
<770,nurse6-1,HR6-6,addItem> null
<771,nurse6-1,HR6-5,addItem> null
<772,nurse6-1,HR6-4,addItem> null
<773,nurse6-1,HR6-3,addItem> null
<774,patient5-4,noteItem5-4,read> null
<775,nurse6-1,HR6-2,addItem> null
<776,doctor4-0,HRitem1-6-2,read> null
<777,nurse6-1,HR6-1,addItem> null
<778,nurse6-1,HR6-0,addItem> null
<779,nurse4-1,HR4-7,addItem> null
<780,nurse4-1,HR4-8,addItem> null
<781,nurse4-1,HR4-9,addItem> null
<782,nurse7-0,nursingItem7-0,read> null
<783,nurse4-1,HR4-2,addItem> null
<784,nurse4-1,HR4-3,addItem> null
<785,nurse4-1,HR4-4,addItem> null
<786,agent3-11,noteItem3-5,read> null
<787,nurse4-1,HR4-5,addItem> null
<788,patient1-8,HR1-8,addNote> null
<789,doctor1-0,HRitem5-1-3,read> null
<790,nurse6-2,HR6-3,addItem> null
<791,nurse6-2,HR6-6,addItem> null
<792,nurse6-2,HR6-5,addItem> null
<793,nurse6-2,HR6-8,addItem> null
<794,nurse6-2,HR6-7,addItem> null
<795,nurse1-3,nursingItem1-0,read> null
<796,patient5-3,noteItem5-3,read> null
<797,nurse5-1,HR5-1,addItem> null
<798,nurse6-2,HR6-9,addItem> null
<799,nurse5-1,HR5-0,addItem> null
<800,nurse5-1,HR5-3,addItem> null
<801,nurse5-1,HR5-2,addItem> null
<802,nurse5-1,HR5-5,addItem> null
<803,nurse5-1,HR5-4,addItem> null
<804,patient7-0,noteItem7-0,read> null
<805,nurse5-1,HR5-7,addItem> null
<806,nurse6-2,HR6-0,addItem> null
<807,agent5-11,noteItem5-1agent5-1,read> null
<808,nurse5-1,HR5-6,addItem> null
<809,doctor0-0,HR0-0,addItem> null
<810,nurse5-1,HR5-9,addItem> null
<811,nurse2-3,nursingItem2-3,read> null
<812,nurse6-2,HR6-2,addItem> null
<813,nurse5-1,HR5-8,addItem> null
<814,nurse6-2,HR6-1,addItem> null
<815,doctor8-0,HR3-0,addItem> null
<816,doctor8-0,HR3-7,addItem> null
<817,nurse6-3,HR6-7,addItem> null
<818,nurse6-3,HR6-6,addItem> null
<819,nurse6-3,HR6-5,addItem> null
<820,nurse6-3,HR6-4,addItem> null
<821,nurse5-2,HR5-1,addItem> null
<822,patient5-8,noteItem5-8,read> null
<823,nurse5-2,HR5-0,addItem> null
<824,doctor0-1,HRitem0-7-0,read> null
<825,doctor3-1,HR9-1,addItem> null
<826,nurse6-3,HR6-8,addItem> null
<827,nurse5-2,HR5-6,addItem> null
<828,nurse5-2,HR5-5,addItem> null
<829,nurse9-3,nursingItem9-3,read> null
<830,nurse5-2,HR5-4,addItem> null
<831,patient3-3,HR3-3,addNote> null
<832,nurse5-2,HR5-3,addItem> null
<833,agent2-01,noteItem2-4agent2-0,read> null
<834,doctor0-1,HR0-8,addItem> null
<835,agent3-1,noteItem3-5agent3-1,read> null
<836,nurse6-3,HR6-3,addItem> null
<837,nurse5-2,HR5-9,addItem> null
<838,doctor5-0,HR9-1,addItem> null
<839,nurse5-0,nursingItem5-5,read> null
<840,nurse6-3,HR6-2,addItem> null
<841,patient2-7,HR2-7,addNote> null
<842,nurse5-2,HR5-8,addItem> null
<843,nurse2-1,nursingItem2-1,read> null
<844,nurse6-3,HR6-1,addItem> null
<845,nurse5-2,HR5-7,addItem> null
<846,nurse6-3,HR6-0,addItem> null
<847,agent0-01,HR0-1,addNote> null
<848,doctor8-1,HR3-2,addItem> null
<849,doctor8-1,HR3-1,addItem> null
<850,agent5-01,noteItem5-0,read> null
<851,doctor8-1,HR3-4,addItem> null
<852,doctor8-1,HR3-3,addItem> null
<853,doctor3-1,HR9-3,addItem> null
<854,doctor3-1,HR9-5,addItem> null
<855,doctor8-1,HR3-6,addItem> null
<856,doctor8-1,HR3-5,addItem> null
<857,doctor8-1,HR3-8,addItem> null
<858,doctor3-1,HR9-9,addItem> null
<859,patient1-2,noteItem1-2,read> null
<860,doctor0-1,HR0-4,addItem> null
<861,doctor2-1,HR8-9,addItem> null
<862,doctor2-1,HR8-7,addItem> null
<863,doctor2-1,HR8-6,addItem> null
<864,agent5-11,HR5-1,addNote> null
<865,doctor8-1,HRitem5-1-0,read> null
<866,agent0-01,noteItem0-1,read> null
<867,doctor7-0,HR4-6,addItem> null
<868,patient1-1,noteItem1-1,read> null
<869,doctor2-1,HR8-1,addItem> null
<870,nurse9-3,nursingItem9-7,read> null
<871,doctor9-1,HRitem9-5-0,read> null
<872,agent4-11,noteItem4-3agent4-1,read> null
<873,patient2-5,HR2-5,addNote> null
<874,agent9-1,HR9-3,addNote> null
<875,agent8-11,noteItem8-6,read> null
<876,nurse5-0,nursingItem5-6,read> null
<877,doctor6-1,HR1-4,addItem> null
<878,doctor5-1,HR5-5,addItem> null
<879,doctor7-1,HRitem7-3-1,read> null
<880,patient2-6,HR2-6,addNote> null
<881,doctor7-1,HR9-6,addItem> null
<882,doctor7-1,HRitem7-7-3,read> null
<883,nurse3-1,nursingItem3-6,read> null
<884,doctor7-0,HRitem7-3-2,read> null
<885,doctor8-1,HRitem3-2-0,read> null
<886,agent8-0,noteItem8-7agent8-0,read> null
<887,nurse4-1,nursingItem4-7,read> null
<888,nurse4-1,nursingItem4-4,read> null
<889,nurse4-1,nursingItem4-5,read> null
<890,nurse4-1,nursingItem4-1,read> null
<891,nurse4-1,nursingItem4-2,read> null
<892,doctor5-1,HRitem9-4-3,read> null
<893,patient7-1,noteItem7-1,read> null
<894,patient6-3,HR6-3,addNote> null
<895,doctor5-0,HR8-2,addItem> null
<896,nurse4-0,nursingItem4-8,read> null
<897,nurse4-0,nursingItem4-6,read> null
<898,patient9-1,HR9-1,addNote> null
<899,nurse4-0,nursingItem4-7,read> null
<900,nurse2-1,nursingItem2-0,read> null
<901,agent3-11,HR3-5,addNote> null
<902,agent5-01,noteItem5-0agent5-0,read> null
<903,nurse5-3,nursingItem5-0,read> null
<904,doctor7-1,HR9-4,addItem> null
<905,nurse4-0,nursingItem4-4,read> null
<906,patient7-6,HR7-6,addNote> null
<907,agent2-0,noteItem2-4agent2-0,read> null
<908,nurse4-0,nursingItem4-2,read> null
<909,patient6-4,HR6-4,addNote> null
<910,nurse4-3,nursingItem4-5,read> null
<911,nurse4-3,nursingItem4-6,read> null
<912,patient7-5,HR7-5,addNote> null
<913,nurse4-3,nursingItem4-7,read> null
<914,nurse4-3,nursingItem4-8,read> null
<915,patient2-9,HR2-9,addNote> null
<916,nurse4-3,nursingItem4-0,read> null
<917,nurse4-3,nursingItem4-3,read> null
<918,nurse4-3,nursingItem4-4,read> null
<919,patient6-5,HR6-5,addNote> null
<920,nurse9-3,nursingItem9-2,read> null
<921,nurse9-3,nursingItem9-4,read> null
<922,doctor8-1,HRitem3-9-2,read> null
<923,nurse9-3,nursingItem9-6,read> null
<924,nurse9-3,nursingItem9-8,read> null
<925,nurse9-3,nursingItem9-9,read> null
<926,nurse4-2,nursingItem4-6,read> null
<927,patient4-0,HR4-0,addNote> null
<928,nurse4-2,nursingItem4-4,read> null
<929,nurse4-2,nursingItem4-9,read> null
<0,nurse4-2,nursingItem4-2,read> 5.168412838683461E-4
<1,nurse5-2,nursingItem5-8,read> 5.305013029238267E-4
<2,nurse4-2,nursingItem4-0,read> 8.881818262900285E-4
<3,nurse3-0,nursingItem3-2,read> 3.559354749372621E-4
<4,nurse3-0,nursingItem3-4,read> 3.523031714256989E-4
<5,doctor4-1,HR2-1,addItem> 2.0621423382458326E-4
<6,patient6-6,HR6-6,addNote> 2.3682653245180168E-4
<7,nurse3-0,nursingItem3-5,read> 3.5448255353263676E-4
<8,doctor4-0,HRitem4-5-2,read> 3.367346932354753E-4
<9,nurse3-0,nursingItem3-7,read> 3.726440710904527E-4
<10,nurse0-0,nursingItem0-8,read> 5.470312467995704E-4
<11,doctor9-0,HR5-7,addItem> 5.7895271609687514E-5
<12,nurse3-0,nursingItem3-8,read> 3.7409699249507796E-4
<13,nurse3-0,nursingItem3-9,read> 3.748234531973906E-4
<14,doctor9-0,HR5-9,addItem> 5.728255569363305E-5
<15,nurse3-0,nursingItem3-0,read> 3.552090142349494E-4
<16,nurse3-0,nursingItem3-1,read> 3.566619356395747E-4
<17,patient5-4,HR5-4,addNote> 9.875721866128293E-4
<18,patient4-1,HR4-1,addNote> 7.772569147024704E-4
<19,nurse3-1,nursingItem3-2,read> 3.646433764647792E-4
<20,nurse3-1,nursingItem3-0,read> 3.6389914302357204E-4
<21,nurse9-1,nursingItem9-9,read> 4.74788677872544E-4
<22,nurse9-1,nursingItem9-3,read> 8.056882245055181E-4
<23,nurse9-1,nursingItem9-5,read> 4.71119286403187E-4
<24,nurse9-1,nursingItem9-6,read> 8.249336468943433E-4
<25,nurse3-1,nursingItem3-9,read> 3.839934459361647E-4
<26,nurse9-1,nursingItem9-1,read> 4.6524826005221596E-4
<27,nurse9-1,nursingItem9-2,read> 4.6744989493383005E-4
<28,doctor9-1,HR5-9,addItem> 5.6723701491743944E-5
<29,nurse3-1,nursingItem3-5,read> 3.6315490958236486E-4
<30,agent4-1,HR4-3,addNote> 5.074186590635137E-4
<31,doctor9-1,HR5-7,addItem> 5.733043969154422E-5
<32,patient6-7,HR6-7,addNote> 2.2085322066114153E-4
<33,nurse3-1,nursingItem3-4,read> 3.609222092587435E-4
<34,nurse3-1,nursingItem3-3,read> 3.616664426999507E-4
<35,patient5-0,HR5-0,addNote> 0.0010328299033530329
<36,patient4-6,HR4-6,addNote> 7.586213842800337E-4
<37,doctor5-0,HRitem8-5-0,read> 3.488159902739152E-4
<38,patient4-2,HR4-2,addNote> 7.719324774389171E-4
<39,doctor9-1,HRitem3-8-1,read> 4.507519340357521E-4
<40,doctor1-1,HR8-0,addItem> 2.1764045437913773E-4
<41,doctor1-1,HR8-4,addItem> 2.1119085301460702E-4
<42,nurse9-2,nursingItem9-9,read> 4.7933211019668317E-4
<43,doctor1-1,HR8-3,addItem> 2.128032533557397E-4
<44,nurse9-2,nursingItem9-6,read> 4.763685059860255E-4
<45,nurse9-2,nursingItem9-7,read> 4.741458028280322E-4
<46,doctor1-1,HR8-5,addItem> 2.16028054038005E-4
<47,nurse9-2,nursingItem9-4,read> 8.139683771667339E-4
<48,doctor1-1,HR8-8,addItem> 2.0796605233234163E-4
<49,nurse9-2,nursingItem9-5,read> 8.281589372652624E-4
<50,nurse3-2,nursingItem3-9,read> 3.817009477514712E-4
<51,nurse3-2,nursingItem3-8,read> 3.809611574949877E-4
<52,nurse9-2,nursingItem9-3,read> 4.652549901960592E-4
<53,nurse9-2,nursingItem9-0,read> 4.934092301973071E-4
<54,nurse9-2,nursingItem9-1,read> 8.17838529920878E-4
<55,nurse7-1,nursingItem7-0,read> 2.0107268484381225E-4
<56,nurse3-2,nursingItem3-4,read> 6.250822532671532E-4
<57,nurse3-2,nursingItem3-7,read> 3.794815769820207E-4
<58,nurse3-2,nursingItem3-6,read> 3.6024703031344946E-4
<59,patient6-8,HR6-8,addNote> 2.261776579246949E-4
<60,doctor7-0,HRitem5-9-0,read> 7.321140158450443E-5
<61,patient4-3,HR4-3,addNote> 7.63945821543587E-4
<62,patient9-8,HR9-8,addNote> 9.29003376713742E-4
<63,patient9-1,noteItem9-1,read> 0.0019412423894808709
<64,doctor3-1,HRitem9-3-1,read> 2.6954989777859176E-4
<65,nurse3-3,nursingItem3-0,read> 3.6824420741788337E-4
<66,nurse3-3,nursingItem3-4,read> 3.6523172817526584E-4
<67,doctor8-1,HR5-4,addItem> 2.0754027873931931E-4
<68,nurse3-3,nursingItem3-3,read> 3.659848479859203E-4
<69,nurse3-3,nursingItem3-2,read> 3.689973272285378E-4
<70,nurse3-3,nursingItem3-1,read> 3.6975044703919214E-4
<71,nurse5-1,nursingItem5-1,read> 9.09210504481887E-4
<72,nurse3-3,nursingItem3-8,read> 6.706146219230774E-4
<73,patient6-9,HR6-9,addNote> 2.5279984424246186E-4
<74,nurse3-3,nursingItem3-6,read> 6.341510709940129E-4
<75,agent4-0,HR4-4,addNote> 5.176845672883366E-4
<76,nurse3-3,nursingItem3-5,read> 3.6749108760722893E-4
<77,nurse3-3,nursingItem3-9,read> 6.719168915991153E-4
<78,doctor4-1,HR2-6,addItem> 2.0178437062158872E-4
<79,doctor4-1,HR2-8,addItem> 2.027687846666986E-4
<80,doctor2-0,HR3-0,addItem> 1.7159441116893002E-4
<81,doctor4-1,HR2-9,addItem> 2.047376127569184E-4
<82,doctor4-1,HR2-2,addItem> 2.0719864786969313E-4
<83,doctor4-1,HR2-5,addItem> 2.0227657764414369E-4
<84,nurse5-1,nursingItem5-3,read> 5.200560613251486E-4
<85,doctor4-1,HR2-0,addItem> 2.0572202680202827E-4
<86,patient9-9,HR9-9,addNote> 9.316655953455187E-4
<87,nurse9-0,nursingItem9-5,read> 4.891525605238832E-4
<88,nurse2-2,nursingItem2-0,read> 3.6462765430844197E-4
<89,nurse9-0,nursingItem9-2,read> 4.853427138786657E-4
<90,nurse9-0,nursingItem9-3,read> 4.7848498991727423E-4
<91,nurse9-0,nursingItem9-8,read> 4.883905911948397E-4
<92,nurse9-0,nursingItem9-6,read> 4.899145298529268E-4
<93,nurse8-1,nursingItem8-0,read> 5.414699697116587E-4
<94,nurse9-0,nursingItem9-7,read> 4.876286218657962E-4
<95,patient1-6,HR1-6,addNote> 0.0010727631828296835
<96,nurse0-3,HR0-0,addItem> 7.429060643755979E-5
<97,doctor7-1,HRitem9-2-3,read> 3.5183631453352516E-4
<98,doctor8-0,HRitem4-2-3,read> 2.1432439492720883E-4
<99,nurse9-0,nursingItem9-1,read> 4.8305680589153525E-4
<100,patient8-0,HR8-0,addNote> 7.186881048033832E-4
<101,agent9-1,noteItem9-3agent9-1,read> 0.0011443341123313629
<102,doctor7-1,HR7-9,addItem> 6.298032802349387E-4
<103,doctor2-0,HRitem7-2-3,read> 4.4244604232182463E-4
<104,doctor9-0,HR9-1,addItem> 7.004017028644151E-5
<105,doctor7-1,HR7-2,addItem> 2.145199775939068E-4
<106,doctor6-1,HRitem6-9-3,read> 3.3975501749508526E-4
<107,doctor7-1,HR7-3,addItem> 2.1387569284077779E-4
<108,patient9-6,HR9-6,addNote> 9.183545021866352E-4
<109,doctor7-1,HR7-0,addItem> 2.132314080876488E-4
<110,agent0-1,noteItem0-5agent0-1,read> 6.988638470145064E-4
<111,doctor7-1,HR7-7,addItem> 6.260761741504515E-4
<112,doctor7-1,HR7-4,addItem> 6.242126211082078E-4
<113,patient3-2,HR3-2,addNote> 0.0010035454984034895
<114,doctor7-1,HR7-5,addItem> 6.22349068065964E-4
<115,patient9-7,HR9-7,addNote> 9.236789394501887E-4
<116,patient9-4,HR9-4,addNote> 9.662744375586156E-4
<117,doctor7-0,HR7-8,addItem> 2.154494079800733E-4
<118,doctor7-0,HR7-3,addItem> 2.110000532731707E-4
<119,doctor7-0,HR7-0,addItem> 2.1036443117218462E-4
<120,doctor7-0,HR7-2,addItem> 2.1163567537415678E-4
<121,nurse2-1,nursingItem2-9,read> 6.494020647462983E-4
<122,doctor8-1,HR8-1,addItem> 1.7225342828643974E-4
<123,doctor8-1,HR8-7,addItem> 1.622298919230524E-4
<124,doctor8-1,HR8-6,addItem> 1.6661518908203435E-4
<125,doctor8-1,HR8-9,addItem> 1.6285636294576414E-4
<126,doctor8-0,HR8-6,addItem> 1.6601260250307583E-4
<127,nurse5-1,nursingItem5-2,read> 5.230111002057177E-4
<128,agent1-11,noteItem1-3,read> 5.192434673774085E-4
<129,patient9-0,HR9-0,addNote> 9.449766885044021E-4
<130,doctor9-0,HRitem9-9-1,read> 3.843048003243325E-4
<131,nurse1-2,nursingItem1-5,read> 9.466975509298771E-4
<132,doctor9-0,HR9-3,addItem> 7.082502570228116E-5
<133,doctor9-0,HR9-5,addItem> 7.180609497208075E-5
<134,doctor5-0,HR8-3,addItem> 2.790971017531664E-4
<135,doctor5-0,HR8-0,addItem> 2.8544121898323047E-4
<136,nurse7-0,nursingItem7-1,read> 1.160480374988777E-4
<137,doctor0-0,HRitem0-6-3,read> 3.948759352329674E-4
<138,doctor5-0,HR8-8,addItem> 2.727529845231023E-4
<139,doctor5-0,HR8-4,addItem> 2.769823960098117E-4
<140,nurse7-0,nursingItem7-7,read> 1.8995258639728112E-4
<141,nurse7-0,nursingItem7-6,read> 1.1237466253188606E-4
<142,nurse7-0,nursingItem7-8,read> 1.0723193757809778E-4
<143,doctor9-0,HR9-9,addItem> 6.866667330872209E-5
<144,nurse7-0,nursingItem7-2,read> 2.0407465984388268E-4
<145,nurse7-0,nursingItem7-5,read> 1.9893936040875484E-4
<146,patient2-3,noteItem2-3,read> 0.0011602538328345708
<147,nurse7-0,nursingItem7-4,read> 1.9380406097362698E-4
<148,agent4-11,noteItem4-3,read> 0.0015049534135651613
<149,patient1-4,HR1-4,addNote> 0.0011393186486241007
<150,doctor3-0,HRitem5-8-0,read> 1.0099580710911667E-4
<151,nurse8-3,nursingItem8-2,read> 4.301868592208343E-4
<152,nurse5-3,nursingItem5-9,read> 9.243325950449905E-4
<153,nurse5-3,nursingItem5-5,read> 5.35800922471775E-4
<154,nurse5-3,nursingItem5-6,read> 5.350535974215439E-4

