<0,patient6-7,noteItem6-7,read> 0.0049568630669678876
<1,patient4-5,noteItem4-5agent4-1,read> 0.0056353214977482215
<2,patient1-5,noteItem1-5,read> 0.0017242675853989704
<3,nurse3-1,nursingItem3-4,read> 5.635968836812533E-4
<4,agent8-1,HR8-5,addNote> 7.628544082255089E-4
<5,doctor4-0,HR4-3,addItem> 4.2324646268128836E-4
<6,patient8-8,noteItem8-8,read> 0.00232225441711011
<7,nurse5-3,nursingItem5-3,read> 8.237375468687574E-4
<8,agent2-01,noteItem2-5agent2-0,read> 0.0020782332376491873
<9,patient3-9,noteItem3-9,read> 0.004792200026351777
<10,patient8-5,noteItem8-5agent8-1,read> 0.004074200519552836
<11,patient5-1,noteItem5-1,read> 0.00498286249443359
<12,agent2-11,noteItem2-0,read> 0.001033000154983217
<13,patient9-1,noteItem9-1agent9-0,read> 0.004105422939116744
<14,patient5-9,noteItem5-9,read> 0.004861531832926981
<15,nurse2-3,HR2-0,addItem> 1.7056744155536673E-4
<16,patient2-8,HR2-8,addNote> 0.0017065416488338957
<17,agent5-01,HR5-4,addNote> 0.0010096546486026538
<18,patient5-2,HR5-2,addNote> 0.0015525210182652915
<19,agent5-11,noteItem5-0,read> 0.002458841274552383
<20,nurse2-3,HR2-1,addItem> 1.7097750051533155E-4
<21,patient0-3,noteItem0-3,read> 0.0019755953842340874
<22,doctor4-0,HR3-1,addItem> 2.97768524499791E-4
<23,patient4-2,noteItem4-2,read> 0.004852865357105081
<24,patient7-7,noteItem7-7,read> 0.0016809352062894677
<25,patient1-7,noteItem1-7agent1-0,read> 0.0011861267098913699
<26,patient9-6,HR9-6,addNote> 0.0014359648654025637
<27,nurse2-2,nursingItem2-5,read> 9.981351929439473E-4
<28,nurse2-3,HR2-2,addItem> 1.717976184352612E-4
<29,patient4-3,HR4-3,addNote> 0.0012070152794222057
<30,nurse2-2,nursingItem2-2,read> 5.717410065999878E-4
<31,nurse2-3,HR2-3,addItem> 1.7220767739522603E-4
<32,nurse8-3,HR8-9,addItem> 9.718762322028334E-5
<33,nurse0-1,nursingItem0-1,read> 8.773441792553397E-4
<34,agent7-0,noteItem7-2agent7-0,read> 0.004749737748630331
<35,nurse8-1,nursingItem8-4,read> 8.4001298607258E-4
<36,doctor0-1,HR0-3,addItem> 4.18514629539572E-4
<37,doctor4-1,HR4-5,addItem> 1.7075161776426047E-4
<38,nurse1-1,nursingItem1-5,read> 8.599570347693502E-4
<39,patient4-6,noteItem4-6,read> 0.004714201743954671
<40,nurse2-3,HR2-8,addItem> 1.6810708779557782E-4
<41,patient8-1,noteItem8-1,read> 0.002252922610534906
<42,agent7-1,noteItem7-4,read> 0.0010485348849618215
<43,agent4-1,noteItem4-5agent4-1,read> 0.0038462717799047194
<44,patient5-0,noteItem5-0,read> 0.005017528397721191
<45,patient0-0,noteItem0-0agent0-1,read> 0.0035980586212032424
<46,nurse2-3,HR2-9,addItem> 1.6974732363543712E-4
<47,nurse6-2,nursingItem6-7,read> 1.6072483191434864E-4
<48,patient0-6,HR0-6,addNote> 0.0011945271201869133
<49,patient3-4,noteItem3-4,read> 0.00468820231648897
<50,patient6-6,noteItem6-6,read> 0.004939530115324086
<51,patient3-9,HR3-9,addNote> 0.0016232872539319477
<52,agent0-1,noteItem0-0agent0-1,read> 0.002394001548711424
<53,nurse3-1,nursingItem3-5,read> 5.67097787453581E-4
<54,nurse2-3,HR2-4,addItem> 1.7302779531515563E-4
<55,agent6-01,noteItem6-6,read> 0.0023556193922231374
<56,patient6-8,noteItem6-8,read> 0.005026194873543093
<57,nurse2-3,HR2-5,addItem> 1.6769702883561298E-4
<58,nurse2-3,HR2-6,addItem> 1.6728696987564816E-4
<59,nurse4-3,nursingItem4-0,read> 7.927131069748111E-4
<60,nurse2-3,HR2-7,addItem> 1.6851714675554264E-4
<61,patient1-6,noteItem1-6,read> 0.0016982681579332684
<62,patient0-2,noteItem0-2,read> 0.0019582624325902858
<63,nurse4-2,nursingItem4-1,read> 8.000234603430272E-4
<64,nurse2-2,HR2-1,addItem> 1.732802277949993E-4
<65,nurse2-2,HR2-2,addItem> 1.7411139107411993E-4
<66,nurse2-2,HR2-0,addItem> 1.72864646155439E-4
<67,nurse2-2,nursingItem2-6,read> 5.763802709591797E-4
<68,nurse2-3,nursingItem2-1,read> 5.607099097149051E-4
<69,doctor5-1,HR5-0,addItem> 3.326012697352525E-4
<70,nurse2-2,HR2-9,addItem> 1.7203348287631842E-4
<71,patient6-3,noteItem6-3,read> 0.004887531260392683
<72,nurse2-2,HR2-7,addItem> 1.707867379576375E-4
<73,agent9-11,noteItem9-3agent9-1,read> 6.23972445063493E-4
<74,nurse9-2,nursingItem9-0,read> 7.725104859622565E-4
<75,nurse6-3,HR6-9,addItem> 4.1542678953324785E-5
<76,agent4-0,noteItem4-8,read> 0.0024435867343040965
<77,nurse2-2,HR2-8,addItem> 1.703711563180772E-4
<78,nurse2-2,HR2-5,addItem> 1.6995557467851683E-4
<79,patient6-9,noteItem6-9,read> 0.005043527825186894
<80,nurse2-2,HR2-6,addItem> 1.6953999303895653E-4
<81,agent9-0,noteItem9-1agent9-0,read> 0.0037055404148823687
<82,doctor0-0,HRitem7-4-0,read> 2.0828144455310577E-4
<83,nurse2-2,HR2-3,addItem> 1.7452697271368024E-4
<84,nurse2-2,HR2-4,addItem> 1.753581359928008E-4
<85,patient1-3,noteItem1-3,read> 0.001585603972248561
<86,nurse5-1,nursingItem5-8,read> 8.258802794205959E-4
<87,patient7-2,noteItem7-2agent7-0,read> 0.00538554214123696
<88,doctor1-0,HRitem1-9-3,read> 8.036813021531751E-4
<89,nurse2-1,nursingItem2-5,read> 5.767074726744358E-4
<90,agent0-01,HR0-8,addNote> 8.162484683231793E-4
<91,nurse1-1,nursingItem1-2,read> 0.0015082524621957384
<92,nurse6-2,nursingItem6-3,read> 3.422919076806237E-4
<93,nurse6-2,nursingItem6-2,read> 3.4026601229607744E-4
<94,nurse3-0,nursingItem3-5,read> 5.535551537233463E-4
<95,nurse6-2,nursingItem6-1,read> 1.9451054106940348E-4
<96,nurse6-2,nursingItem6-0,read> 1.933455166157809E-4
<97,nurse6-2,nursingItem6-6,read> 2.8354094152878293E-4
<98,patient8-7,HR8-7,addNote> 0.0010904591265594777
<99,patient0-5,HR0-5,addNote> 0.0011862016806967184
<100,nurse1-1,nursingItem1-0,read> 8.506470967554956E-4
<101,nurse8-3,nursingItem8-2,read> 0.00123751243016036
<102,nurse6-2,nursingItem6-5,read> 1.5489970964623572E-4
<103,patient3-8,noteItem3-8agent3-0,read> 0.001982298408771017
<104,patient8-0,noteItem8-0,read> 0.002244256134713005
<105,patient4-0,noteItem4-0,read> 0.004757534123064175
<106,agent2-0,noteItem2-5agent2-0,read> 0.0020603235953675905
<107,doctor6-0,HR5-4,addItem> 4.306427437093841E-4
<108,doctor7-0,HR4-5,addItem> 1.8805103119628685E-4
<109,nurse4-3,nursingItem4-4,read> 7.99596703875515E-4
<110,agent8-1,noteItem8-5,read> 0.001259672494378945
<111,nurse6-2,nursingItem6-4,read> 1.5839478300710348E-4
<112,patient7-4,noteItem7-4agent7-1,read> 7.646240457786155E-4
<113,nurse6-2,nursingItem6-9,read> 1.6538492972883897E-4
<114,nurse6-2,nursingItem6-8,read> 1.6771497863608413E-4
<115,nurse3-0,nursingItem3-8,read> 5.843108546247205E-4
<116,nurse8-1,HR8-5,addItem> 1.2509383137935273E-4
<117,doctor3-0,HRitem9-3-1,read> 8.261715552235555E-4
<118,nurse8-1,nursingItem8-9,read> 8.309938653682792E-4
<119,doctor7-0,HR7-9,addItem> 2.1904688608984064E-4
<120,nurse8-1,HR8-4,addItem> 1.2232380036003443E-4
<121,patient1-3,HR1-3,addNote> 0.0017689824450103568
<122,nurse8-1,HR8-3,addItem> 1.2324714403314052E-4
<123,nurse8-1,HR8-2,addItem> 1.2740219056211794E-4
<124,patient5-3,HR5-3,addNote> 0.001548358298520194
<125,patient3-2,noteItem3-2,read> 0.004722868219776573
<126,agent1-1,noteItem1-9agent1-1,read> 0.0011984582726384699
<127,patient6-0,HR6-0,addNote> 3.370068526968452E-4
<128,agent3-01,HR3-8,addNote> 0.0010692362318078233
<129,patient9-3,noteItem9-3agent9-1,read> 0.0019901040136619938
<130,patient9-8,noteItem9-8,read> 0.0031369031443687656
<131,nurse8-1,HR8-9,addItem> 1.2140045668692833E-4
<132,agent4-11,noteItem4-5,read> 0.0023556745424800577
<133,nurse3-3,nursingItem3-8,read> 0.0010473443727361455
<134,patient6-2,noteItem6-2,read> 0.004870198308748882
<135,nurse8-1,HR8-8,addItem> 1.2047711301382225E-4
<136,agent7-01,HR7-2,addNote> 5.604073065471857E-4
<137,agent1-01,noteItem1-7,read> 0.0010018249847951316
<138,nurse7-0,nursingItem7-0,read> 3.199594532222292E-4
<139,patient0-1,noteItem0-1,read> 0.0017502670128646722
<140,doctor6-1,HR7-9,addItem> 2.0337402541561016E-4
<141,patient3-7,noteItem3-7,read> 0.00484419888128318
<142,nurse2-1,HR2-0,addItem> 1.7401324845547515E-4
<143,nurse8-1,HR8-7,addItem> 1.2093878485037528E-4
<144,patient8-9,HR8-9,addNote> 0.001094621846304575
<145,nurse2-1,HR2-1,addItem> 1.744315914348332E-4
<146,nurse9-2,nursingItem9-7,read> 7.434669185972992E-4
<147,nurse5-1,nursingItem5-9,read> 0.0014376261275593598
<148,nurse0-0,nursingItem0-3,read> 8.484283411275033E-4
<149,nurse8-1,HR8-6,addItem> 1.2417048770624662E-4
<150,patient2-1,HR2-1,addNote> 0.0017356806870495777
<151,patient5-9,HR5-9,addNote> 0.0015566837380103888
<152,agent6-1,noteItem6-7agent6-1,read> 0.0019945928555504893
<153,patient9-1,HR9-1,addNote> 0.0014859175023437326
<154,patient9-3,noteItem9-3,read> 0.0030849042894373624
<155,nurse2-1,HR2-2,addItem> 1.752682773935493E-4
<156,nurse2-1,HR2-3,addItem> 1.7568662037290735E-4
<157,patient3-4,HR3-4,addNote> 0.0016024736552064601
<158,patient9-2,noteItem9-2,read> 0.00305023838614976
<159,patient3-5,noteItem3-5,read> 0.004670869364845169
<160,doctor2-1,HR2-1,addItem> 4.030056874222409E-4
<161,nurse2-1,HR2-4,addItem> 1.7652330633162341E-4
<162,nurse4-2,HR4-7,addItem> 1.166400664629891E-4
<163,doctor4-0,HRitem4-7-0,read> 5.207775924783906E-4
<164,nurse2-1,HR2-5,addItem> 1.710848475999688E-4
<165,patient3-3,noteItem3-3,read> 0.004705535268132771
<166,nurse2-1,HR2-6,addItem> 1.7066650462061074E-4
<167,nurse8-1,HR8-1,addItem> 1.2832553423522403E-4
<168,patient7-1,HR7-1,addNote> 0.0013735240692261022
<169,doctor5-0,HR5-8,addItem> 3.245659427230274E-4
<170,nurse2-1,HR2-7,addItem> 1.7192153355868493E-4
<171,patient0-8,noteItem0-8agent0-0,read> 0.004019561285315997
<172,nurse8-1,HR8-0,addItem> 1.2601717505245883E-4
<173,agent1-11,HR1-9,addNote> 0.0011284501718963479
<174,nurse2-1,HR2-8,addItem> 1.7150319057932688E-4
<175,nurse2-1,HR2-9,addItem> 1.731765624967591E-4
<176,nurse5-0,nursingItem5-1,read> 0.0014187573460863996
<177,nurse8-2,nursingItem8-8,read> 6.734174180862606E-4
<178,patient1-4,noteItem1-4,read> 0.0015509380689609587
<179,doctor9-1,HRitem8-5-0,read> 1.4722048334506988E-4
<180,agent9-0,HR9-1,addNote> 0.0013665134173339684
<181,nurse6-3,nursingItem6-0,read> 1.9443478713192616E-4
<182,nurse1-0,nursingItem1-5,read> 8.835984652784731E-4
<183,patient4-7,noteItem4-7,read> 0.0046968687923108704
<184,patient3-1,noteItem3-1,read> 0.004731534695598473
<185,nurse2-0,HR2-9,addItem> 1.7431964211719973E-4
<186,nurse9-0,nursingItem9-7,read> 7.646081579886915E-4
<187,nurse0-0,nursingItem0-6,read> 8.554212826375695E-4
<188,nurse6-3,nursingItem6-2,read> 1.9677796307526852E-4
<189,patient0-4,HR0-4,addNote> 0.001211177999167303
<190,nurse6-3,nursingItem6-1,read> 3.39335950945725E-4
<191,patient3-8,noteItem3-8,read> 0.004818199453817479
<192,doctor6-0,HRitem5-9-2,read> 1.2187152486164441E-4
<193,nurse6-3,nursingItem6-4,read> 1.592871479817914E-4
<194,nurse9-1,nursingItem9-9,read> 7.444749552086864E-4
<195,patient4-5,noteItem4-5,read> 0.004774867074707975
<196,patient5-2,noteItem5-2,read> 0.005000195446077391
<197,patient0-4,noteItem0-4,read> 0.0019322630051245844
<198,nurse6-3,nursingItem6-3,read> 1.9794955104693966E-4
<199,nurse6-3,nursingItem6-6,read> 1.6397349986847602E-4
<200,nurse8-0,HR8-9,addItem> 1.2072787797952151E-4
<201,nurse0-2,nursingItem0-5,read> 8.398170795520051E-4
<202,doctor4-1,HR4-2,addItem> 4.2602690352351336E-4
<203,patient2-2,HR2-2,addNote> 0.0017440061265397728
<204,patient9-2,HR9-2,addNote> 0.0014942429418339275
<205,nurse6-3,nursingItem6-5,read> 2.702323482575015E-4
<206,agent3-0,noteItem3-8,read> 0.0023913658821963623
<207,patient3-6,noteItem3-6,read> 0.004653536413201367
<208,nurse0-1,HR0-3,addItem> 1.2144930683191447E-4
<209,agent0-0,HR0-8,addNote> 7.853406089374478E-4
<210,nurse6-3,nursingItem6-8,read> 1.686598517551607E-4
<211,nurse6-3,nursingItem6-7,read> 2.8039464277047557E-4
<212,patient4-1,noteItem4-1,read> 0.004748867647242273
<213,agent5-1,noteItem5-0,read> 0.00260257312358676
<214,nurse6-3,nursingItem6-9,read> 1.6631667581181836E-4
<215,nurse8-0,HR8-2,addItem> 1.2669636125152447E-4
<216,nurse8-0,HR8-1,addItem> 1.2761458944721726E-4
<217,agent5-0,noteItem5-4,read> 0.002489690128250244
<218,nurse8-0,HR8-4,addItem> 1.2164610617521428E-4
<219,nurse8-0,HR8-3,addItem> 1.2256433437090705E-4
<220,doctor3-1,HRitem3-8-2,read> 7.125365923416336E-4
<221,nurse9-1,nursingItem9-5,read> 0.0012913645686620347
<222,nurse5-0,nursingItem5-5,read> 8.245475769990228E-4
<223,patient4-3,noteItem4-3,read> 0.004826865929639379
<224,nurse1-2,nursingItem1-7,read> 8.527273026934423E-4
<225,doctor3-0,HRitem9-1-2,read> 8.581313885340959E-4
<226,patient0-8,HR0-8,addNote> 0.00123199159789279
<227,patient5-0,HR5-0,addNote> 0.0016107990946966552
<228,patient0-0,noteItem0-0,read> 0.0017849329161522742
<229,nurse3-3,HR3-1,addItem> 1.6035130349429142E-4
<230,nurse5-3,nursingItem5-0,read> 8.295966249094337E-4
<231,nurse8-0,HR8-6,addItem> 1.234825625665998E-4
<232,doctor4-1,HRitem4-3-1,read> 7.563334009523743E-4
<233,agent8-1,noteItem8-5agent8-1,read> 0.002823329629960018
<234,nurse3-3,HR3-0,addItem> 1.6119757755341473E-4
<235,agent4-1,HR4-5,addNote> 7.906491413863536E-4
<236,nurse2-0,HR2-0,addItem> 1.751618507555113E-4
<237,nurse8-0,HR8-5,addItem> 1.2440079076229258E-4
<238,nurse3-3,HR3-3,addItem> 1.5865875537604494E-4
<239,nurse8-0,HR8-8,addItem> 1.1980964978382876E-4
<240,doctor2-1,HRitem2-5-3,read> 8.072323947432351E-4
<241,nurse3-3,HR3-2,addItem> 1.5950502943516817E-4
<242,nurse8-1,nursingItem8-7,read> 0.0013969663299210303
<243,agent3-1,HR3-5,addNote> 0.0010506556294091107
<244,nurse4-1,nursingItem4-1,read> 8.100551024789899E-4
<245,nurse8-0,HR8-7,addItem> 1.2026876388167513E-4
<246,nurse3-3,HR3-5,addItem> 1.6331326270122284E-4
<247,nurse4-1,nursingItem4-9,read> 0.0014553192335332557
<248,nurse2-0,HR2-3,addItem> 1.7684626803213447E-4
<249,nurse3-3,HR3-4,addItem> 1.628901256716612E-4
<250,patient2-1,noteItem2-1,read> 0.00187159767437128
<251,patient5-3,noteItem5-3,read> 0.004948196591145987
<252,agent5-01,noteItem5-4,read> 0.0025192706050215334
<253,nurse3-2,nursingItem3-9,read> 5.961921556610057E-4
<254,patient1-1,noteItem1-1,read> 0.001646269303001865
<255,nurse3-1,nursingItem3-3,read> 9.813895125502872E-4
<256,nurse2-0,HR2-4,addItem> 1.7768847667044602E-4
<257,patient5-5,noteItem5-5,read> 0.004913530687858385
<258,nurse3-3,HR3-7,addItem> 1.6246698864209958E-4
<259,nurse2-0,HR2-1,addItem> 1.7558295507466709E-4
<260,nurse9-2,nursingItem9-9,read> 0.0013085467401449666
<261,nurse3-3,HR3-6,addItem> 1.6162071458297636E-4
<262,doctor9-0,HR3-0,addItem> 2.9325459843871276E-4
<263,nurse2-0,HR2-2,addItem> 1.7642516371297869E-4
<264,nurse0-1,HR0-6,addItem> 1.20608706005969E-4
<265,nurse2-0,HR2-7,addItem> 1.7305632915973234E-4
<266,doctor1-1,HRitem2-2-3,read> 4.533068332672496E-4
<267,nurse3-3,HR3-9,addItem> 1.6500581081946934E-4
<268,patient7-8,HR7-8,addNote> 0.001410988546931979
<269,nurse2-0,HR2-8,addItem> 1.7263522484057655E-4
<270,agent0-01,noteItem0-8,read> 9.755675509144723E-4
<271,patient4-4,noteItem4-4,read> 0.004800866502173677
<272,patient7-3,HR7-3,addNote> 0.001381849508716297
<273,nurse3-3,HR3-8,addItem> 1.6458267378990772E-4
<274,patient4-9,HR4-9,addNote> 0.0011653880819712313
<275,nurse2-0,HR2-5,addItem> 1.7221412052142074E-4
<276,nurse8-0,HR8-0,addItem> 1.2531901895798537E-4
<277,nurse4-2,nursingItem4-9,read> 8.277315664796146E-4
<278,nurse1-1,nursingItem1-8,read> 8.622845192728139E-4
<279,nurse8-3,HR8-5,addItem> 1.0014436916518819E-4
<280,nurse2-0,HR2-6,addItem> 1.7179301620226495E-4
<281,patient6-7,noteItem6-7agent6-1,read> 0.0026691916391769874
<282,agent6-1,noteItem6-7,read> 0.0028437668537247005
<283,agent4-1,noteItem4-5,read> 0.002460956086278049
<284,patient2-0,noteItem2-0agent2-1,read> 5.148446892673536E-4
<285,doctor8-1,HRitem6-2-2,read> 5.172264998883306E-4
<286,patient1-9,noteItem1-9,read> 0.0018282652952617772
<287,nurse7-1,nursingItem7-9,read> 1.732460092560042E-4
<288,nurse8-3,HR8-2,addItem> 1.0199233538075368E-4
<289,agent4-11,noteItem4-5agent4-1,read> 0.0030868012400780418
<290,nurse8-3,HR8-3,addItem> 9.866599619273576E-5
<291,nurse8-3,HR8-0,addItem> 1.008835556514144E-4
<292,nurse4-0,nursingItem4-7,read> 0.0014645829534750145
<293,doctor1-0,HR9-2,addItem> 0.0010459700592837491
<294,patient0-9,HR0-9,addNote> 0.0012236661584025953
<295,nurse1-2,nursingItem1-6,read> 0.0014802668343940697
<296,nurse8-3,HR8-1,addItem> 1.0273152186697992E-4
<297,nurse4-3,nursingItem4-9,read> 8.225420268778615E-4
<298,nurse8-3,HR8-8,addItem> 9.644843673405713E-5
<299,nurse3-1,nursingItem3-0,read> 5.682647553776903E-4
<300,nurse8-3,HR8-6,addItem> 9.940518267896197E-5
<301,patient6-6,HR6-6,addNote> 3.8279676989291675E-4
<302,nurse8-3,HR8-7,addItem> 9.681802997717024E-5
<303,nurse8-3,HR8-4,addItem> 9.792680970650958E-5
<304,nurse8-2,HR8-0,addItem> 1.0227986784036132E-4
<305,nurse8-1,nursingItem8-1,read> 8.464552151470806E-4
<306,patient5-7,HR5-7,addNote> 0.0015733346169907781
<307,nurse8-2,HR8-1,addItem> 1.0415341144299348E-4
<308,nurse8-2,HR8-2,addItem> 1.0340399400194058E-4
<309,nurse8-2,HR8-7,addItem> 9.815807191457054E-5
<310,nurse8-2,HR8-8,addItem> 9.778336319404409E-5
<311,nurse0-3,HR0-5,addItem> 1.1823752236622131E-4
<312,patient6-0,noteItem6-0,read> 0.004904864212036485
<313,nurse8-2,HR8-9,addItem> 9.853278063509695E-5
<314,nurse1-3,nursingItem1-7,read> 8.467849521520245E-4
<315,nurse8-2,HR8-3,addItem> 1.000316155172027E-4
<316,agent3-1,noteItem3-5agent3-1,read> 3.310698614898733E-4
<317,patient2-5,noteItem2-5,read> 0.0018022658677960754
<318,agent1-1,HR1-9,addNote> 0.0010521732219073302
<319,nurse8-2,HR8-4,addItem> 9.928219807614983E-5
<320,agent3-01,noteItem3-8agent3-0,read> 0.0011278130507706404
<321,nurse9-3,nursingItem9-3,read> 7.156961293661553E-4
<322,nurse8-2,HR8-5,addItem> 1.0153045039930844E-4
<323,patient5-4,noteItem5-4,read> 0.004965529542789788
<324,nurse5-0,nursingItem5-8,read> 8.210925676558389E-4
<325,doctor4-0,HRitem4-0-0,read> 5.349819628386309E-4
<326,nurse4-1,nursingItem4-7,read> 8.404486076167982E-4
<327,nurse8-2,HR8-6,addItem> 1.0078103295825557E-4
<328,patient7-2,noteItem7-2,read> 0.00186293119854938
<329,patient1-7,noteItem1-7,read> 0.0016896016821113676
<330,doctor1-0,HR9-0,addItem> 0.001034314443997476
<331,patient9-1,noteItem9-1,read> 0.00305890486197166
<332,agent8-01,noteItem8-0,read> 0.001107468363631229
<333,patient1-8,noteItem1-8,read> 0.0016636022546456656
<334,nurse9-2,HR9-9,addItem> 1.4567784641280506E-4
<335,nurse9-2,HR9-7,addItem> 1.4442903048927585E-4
<336,nurse9-2,HR9-8,addItem> 1.4526157443829534E-4
<337,nurse9-2,HR9-5,addItem> 1.5233819800496094E-4
<338,nurse8-2,nursingItem8-0,read> 6.891036212898229E-4
<339,nurse9-3,nursingItem9-0,read> 7.57865737413209E-4
<340,patient8-5,noteItem8-5,read> 0.002400252699507216
<341,nurse9-2,HR9-6,addItem> 1.435964865402564E-4
<342,patient7-8,noteItem7-8,read> 0.0016549357788237656
<343,nurse9-2,HR9-3,addItem> 1.5025683813241222E-4
<344,patient8-0,noteItem8-0agent8-0,read> 0.004128839753789674
<345,patient4-7,HR4-7,addNote> 0.0011737135214614264
<346,nurse9-0,nursingItem9-6,read> 7.681924920843478E-4
<347,nurse9-3,nursingItem9-7,read> 7.293727590030376E-4
<348,patient5-8,HR5-8,addNote> 0.0015650091775005833
<349,nurse9-2,HR9-4,addItem> 1.510893820814317E-4
<350,nurse9-2,HR9-1,addItem> 1.4859175023437327E-4
<351,agent6-11,noteItem6-7,read> 0.0021564516020691833
<352,nurse9-2,HR9-2,addItem> 1.4942429418339276E-4
<353,nurse5-0,nursingItem5-7,read> 0.001436870212494264
<354,agent0-11,noteItem0-0agent0-1,read> 0.002032649736569888
<355,doctor6-0,HRitem5-3-3,read> 8.044211131094375E-5
<356,nurse9-2,HR9-0,addItem> 1.4775920628535378E-4
<357,doctor7-0,HRitem4-0-1,read> 2.7963127046677286E-4
<358,agent6-01,HR6-6,addNote> 2.3526051483002168E-4
<359,doctor9-0,HRitem9-9-3,read> 5.953505368696517E-4
<360,nurse9-1,HR9-6,addItem> 1.4223538240243404E-4
<361,nurse0-2,nursingItem0-8,read> 0.001480285215229851
<362,nurse9-1,HR9-7,addItem> 1.4306003493961446E-4
<363,nurse9-3,nursingItem9-9,read> 7.373507929578856E-4
<364,agent7-11,noteItem7-4,read> 5.072262445417608E-4
<365,doctor6-1,HR7-4,addItem> 2.0156870796647646E-4
<366,nurse0-3,nursingItem0-0,read> 8.672901082042919E-4
<367,nurse9-1,HR9-8,addItem> 1.438846874767949E-4
<368,patient8-7,noteItem8-7,read> 0.0023049214654663097
<369,doctor6-1,HR7-5,addItem> 2.009669354834318E-4
<370,doctor9-0,HRitem9-4-3,read> 7.255572651718538E-4
<371,patient5-7,noteItem5-7,read> 0.004878864784570783
<372,nurse9-1,HR9-9,addItem> 1.442970137453851E-4
<373,nurse5-1,nursingItem5-0,read> 0.0014295491036086549
<374,doctor6-1,HR7-6,addItem> 2.0277225293256564E-4
<375,nurse9-1,HR9-2,addItem> 1.4800795016269708E-4
<376,patient2-6,noteItem2-6,read> 0.0017762664403303734
<377,nurse9-1,HR9-3,addItem> 1.488326026998775E-4
<378,doctor6-1,HR7-0,addItem> 1.9916161803429808E-4
<379,nurse4-2,nursingItem4-2,read> 8.092594957218896E-4
<380,nurse9-1,HR9-4,addItem> 1.4965725523705795E-4
<381,doctor6-1,HR7-1,addItem> 1.9855984555125348E-4
<382,nurse9-1,HR9-5,addItem> 1.508942340428286E-4
<383,agent7-11,HR7-4,addNote> 5.909763646769045E-4
<384,doctor6-1,HR7-2,addItem> 2.0036516300038726E-4
<385,nurse9-1,HR9-0,addItem> 1.463586450883362E-4
<386,nurse9-1,HR9-1,addItem> 1.4718329762551666E-4
<387,doctor8-0,HRitem8-1-2,read> 2.5586914951471475E-5
<388,doctor6-0,HRitem5-7-1,read> 1.3844329028192464E-4
<389,doctor6-1,HR7-7,addItem> 2.0217048044952104E-4
<390,nurse9-3,HR9-4,addItem> 1.482251283926842E-4
<391,nurse9-3,HR9-5,addItem> 1.4945027008069628E-4
<392,patient9-0,noteItem9-0,read> 0.0030415719103278585
<393,nurse9-3,HR9-6,addItem> 1.4087427826461172E-4
<394,doctor9-1,HRitem9-1-0,read> 8.56947691004076E-4
<395,nurse1-2,nursingItem1-8,read> 0.0014883013012964182
<396,nurse9-3,HR9-7,addItem> 1.416910393899531E-4
<397,nurse9-3,HR9-8,addItem> 1.4250780051529448E-4
<398,patient0-7,noteItem0-7,read> 0.001923596529302684
<399,patient8-0,HR8-0,addNote> 0.0011362490437555495
<400,nurse9-3,HR9-9,addItem> 1.4291618107796516E-4
<401,nurse9-3,HR9-0,addItem> 1.4495808389131863E-4
<402,nurse9-3,HR9-1,addItem> 1.4577484501666004E-4
<403,nurse4-2,nursingItem4-5,read> 8.069504868771741E-4
<404,nurse8-0,nursingItem8-3,read> 0.0014030376874810781
<405,nurse9-3,HR9-2,addItem> 1.4659160614200143E-4
<406,patient9-9,noteItem9-9,read> 0.003188901999300169
<407,nurse9-3,HR9-3,addItem> 1.474083672673428E-4
<408,agent2-0,HR2-5,addNote> 9.92322169310793E-4
<409,agent3-0,noteItem3-8agent3-0,read> 0.0013109865138853842
<410,patient3-5,noteItem3-5agent3-1,read> 4.914278745944228E-4
<411,doctor7-1,HRitem5-8-0,read> 1.5940911530378058E-4
<412,nurse3-2,HR3-7,addItem> 1.5959146671923053E-4
<413,nurse3-2,HR3-8,addItem> 1.6166970611221023E-4
<414,nurse3-2,HR3-9,addItem> 1.6208535399080617E-4
<415,nurse9-0,nursingItem9-5,read> 7.669977140524624E-4
<416,patient8-4,noteItem8-4,read> 0.0023829197478634147
<417,patient5-8,noteItem5-8,read> 0.004896197736214584
<418,doctor3-0,HRitem3-9-2,read> 4.0872549445101813E-4
<419,doctor6-0,HRitem1-4-0,read> 2.825353991456468E-4
<420,nurse3-2,HR3-3,addItem> 1.5585063581186712E-4
<421,nurse3-2,HR3-4,addItem> 1.600071145978265E-4
<422,nurse3-2,HR3-5,addItem> 1.604227624764224E-4
<423,nurse3-2,HR3-6,addItem> 1.587601709620387E-4
<424,nurse3-2,HR3-0,addItem> 1.5834452308344279E-4
<425,nurse3-2,HR3-1,addItem> 1.5751322732625086E-4
<426,patient0-6,noteItem0-6,read> 0.001914930053480783
<427,nurse3-2,HR3-2,addItem> 1.56681931569059E-4
<428,doctor3-1,HR7-9,addItem> 2.130762724996576E-4
<429,nurse0-2,nursingItem0-2,read> 8.386665795286449E-4
<430,patient7-5,noteItem7-5,read> 0.0016289363513580636
<431,nurse6-0,nursingItem6-6,read> 1.6121764272782936E-4
<432,nurse6-0,nursingItem6-7,read> 1.5891384789277853E-4
<433,nurse1-1,nursingItem1-1,read> 0.0015102770753783943
<434,doctor7-1,HR7-4,addItem> 2.2006124998174954E-4
<435,nurse6-0,nursingItem6-8,read> 2.8975477682881485E-4
<436,nurse6-0,nursingItem6-9,read> 1.6352143756288027E-4
<437,nurse6-0,nursingItem6-2,read> 1.9347077041854138E-4
<438,nurse6-0,nursingItem6-3,read> 1.9462266783606673E-4
<439,nurse6-0,nursingItem6-4,read> 2.736526300412222E-4
<440,nurse6-0,nursingItem6-5,read> 1.531543608051514E-4
<441,nurse4-1,nursingItem4-0,read> 8.077171405453123E-4
<442,nurse6-0,nursingItem6-0,read> 3.340356804946945E-4
<443,nurse6-0,nursingItem6-1,read> 1.9231887300101585E-4
<444,doctor5-0,HRitem5-1-2,read> 4.7298580470383234E-5
<445,doctor3-1,HRitem7-6-1,read> 4.308165801968692E-4
<446,nurse0-0,nursingItem0-2,read> 8.49593831379181E-4
<447,nurse3-1,HR3-8,addItem> 1.6264069533810939E-4
<448,nurse3-1,HR3-9,addItem> 1.6305883960036053E-4
<449,nurse5-3,nursingItem5-1,read> 8.260811780850278E-4
<450,patient9-5,noteItem9-5,read> 0.003119570192724964
<451,nurse9-1,nursingItem9-2,read> 0.0012813065594299035
<452,nurse3-1,HR3-6,addItem> 1.5971368550235125E-4
<453,nurse3-1,HR3-7,addItem> 1.6054997402685354E-4
<454,nurse3-1,HR3-4,addItem> 1.6096811828910472E-4
<455,doctor0-0,HR0-4,addItem> 4.2641325722896046E-4
<456,agent7-1,HR7-4,addNote> 0.001221662603660162
<457,nurse3-1,HR3-5,addItem> 1.613862625513559E-4
<458,patient6-1,noteItem6-1,read> 0.004922197163680286
<459,nurse2-1,nursingItem2-9,read> 5.837126077284313E-4
<460,nurse3-1,HR3-2,addItem> 1.576229641910954E-4
<461,nurse3-3,nursingItem3-5,read> 9.922165071254703E-4
<462,nurse3-1,HR3-3,addItem> 1.5678667566659308E-4
<463,patient6-5,noteItem6-5,read> 0.004991528970255491
<464,nurse3-1,HR3-0,addItem> 1.5929554124010007E-4
<465,agent2-11,HR2-0,addNote> 0.001220317041924011
<466,patient4-8,HR4-8,addNote> 0.0011820389609516208
<467,nurse1-3,nursingItem1-0,read> 0.001462368762241541
<468,patient9-9,HR9-9,addNote> 0.0014567784641280506
<469,nurse1-0,nursingItem1-7,read> 0.0015279726379960983
<470,nurse3-1,HR3-1,addItem> 1.584592527155977E-4
<471,agent0-1,noteItem0-0,read> 8.923475159084863E-4
<472,patient8-6,HR8-6,addNote> 0.0011195981647751597
<473,patient5-6,noteItem5-6,read> 0.004930863639502186
<474,nurse6-1,nursingItem6-9,read> 2.8666098621489604E-4
<475,nurse6-1,nursingItem6-7,read> 1.5981933990356358E-4
<476,nurse6-1,nursingItem6-8,read> 1.6677010551700762E-4
<477,nurse6-1,nursingItem6-5,read> 1.5402703522569356E-4
<478,nurse6-1,nursingItem6-6,read> 1.621362617747116E-4
<479,agent9-1,noteItem9-3,read> 0.00224073165896106
<480,nurse6-1,nursingItem6-3,read> 1.957316289063577E-4
<481,nurse0-0,nursingItem0-5,read> 8.507593216308586E-4
<482,patient2-4,HR2-4,addNote> 0.0017564942857750644
<483,nurse6-1,nursingItem6-4,read> 1.5750241803241558E-4
<484,nurse6-1,nursingItem6-1,read> 1.9341470703520966E-4
<485,nurse6-1,nursingItem6-2,read> 1.9457316797078373E-4
<486,nurse6-1,nursingItem6-0,read> 1.9225624609963568E-4
<487,nurse3-0,HR3-1,addItem> 1.546751511582103E-4
<488,nurse3-0,HR3-2,addItem> 1.5385883370294982E-4
<489,patient8-2,HR8-2,addNote> 0.0011487372029908415
<490,nurse3-0,HR3-3,addItem> 1.5304251624768933E-4
<491,nurse3-0,HR3-4,addItem> 1.5712410352399178E-4
<492,nurse0-1,nursingItem0-3,read> 8.538844719386128E-4
<493,doctor3-1,HRitem7-4-2,read> 2.059140494930657E-4
<494,nurse3-0,HR3-5,addItem> 1.5753226225162203E-4
<495,patient2-5,noteItem2-5agent2-0,read> 0.003363890474473935
<496,nurse9-0,HR9-0,addItem> 1.519608898764065E-4
<497,patient1-4,HR1-4,addNote> 0.0017731451647554546
<498,nurse3-0,HR3-6,addItem> 1.5589962734110106E-4
<499,patient0-9,noteItem0-9,read> 0.0019062635776588824
<500,nurse8-0,nursingItem8-9,read> 8.26390021238815E-4
<501,doctor6-0,HR5-0,addItem> 4.492170235683534E-4
<502,nurse3-0,HR3-7,addItem> 1.5671594479636151E-4
<503,nurse3-0,HR3-8,addItem> 1.5875673843451275E-4
<504,nurse9-0,HR9-4,addItem> 1.5538576261455299E-4
<505,nurse9-0,HR9-3,addItem> 1.5452954443001638E-4
<506,nurse9-0,HR9-2,addItem> 1.5367332624547975E-4
<507,nurse2-3,nursingItem2-7,read> 5.675763292232771E-4
<508,nurse4-3,nursingItem4-3,read> 0.0014096285585123818
<509,nurse9-0,HR9-1,addItem> 1.5281710806094314E-4
<510,doctor2-0,HR3-4,addItem> 3.047446119503011E-4
<511,nurse9-2,nursingItem9-3,read> 7.295260062621196E-4
<512,nurse9-0,HR9-8,addItem> 1.4939223532279663E-4
<513,patient2-5,HR2-5,addNote> 0.0017023789290887984
<514,doctor9-1,HRitem9-9-1,read> 6.000853269897318E-4
<515,nurse9-0,HR9-7,addItem> 1.4853601713826002E-4
<516,nurse0-3,HR0-3,addItem> 1.1989723901297626E-4
<517,nurse9-0,HR9-6,addItem> 1.476797989537234E-4
<518,nurse3-0,HR3-0,addItem> 1.5549146861347081E-4
<519,patient2-9,HR2-9,addNote> 0.0017231925278142857
<520,doctor2-0,HR1-4,addItem> 3.249187327159946E-4
<521,nurse9-0,HR9-5,addItem> 1.5667008989135795E-4
<522,patient6-4,HR6-4,addNote> 3.9528492912820903E-4
<523,patient2-9,noteItem2-9,read> 0.0017069346337551692
<524,nurse9-0,HR9-9,addItem> 1.4982034441506493E-4
<525,doctor0-0,HRitem3-7-1,read> 3.150959669274173E-4
<526,nurse3-0,HR3-9,addItem> 1.59164897162143E-4
<527,doctor2-1,HRitem2-0-3,read> 1.8352781257850175E-4
<528,nurse7-3,HR7-8,addItem> 1.4623690822544323E-4
<529,nurse0-1,nursingItem0-8,read> 8.632683548653037E-4
<530,patient7-9,noteItem7-9,read> 0.00171560110957707
<531,nurse7-3,HR7-9,addItem> 1.45805477887716E-4
<532,nurse7-3,HR7-4,addItem> 1.4451118687453448E-4
<533,nurse1-0,nursingItem1-9,read> 8.644667026245722E-4
<534,nurse7-3,HR7-5,addItem> 1.440797565368073E-4
<535,nurse7-3,HR7-6,addItem> 1.4537404754998883E-4
<536,nurse0-0,nursingItem0-0,read> 0.0015176600940524259
<537,nurse7-3,HR7-7,addItem> 1.4494261721226167E-4
<538,nurse7-3,HR7-0,addItem> 1.4278546552362573E-4
<539,doctor0-1,HR9-7,addItem> 2.592907784811276E-4
<540,nurse0-0,nursingItem0-8,read> 8.577522631409248E-4
<541,nurse5-3,nursingItem5-9,read> 8.342838873419746E-4
<542,patient7-3,noteItem7-3,read> 0.0015682710206047599
<543,nurse7-3,HR7-1,addItem> 1.4235403518589852E-4
<544,patient1-2,HR1-2,addNote> 0.0017648197252652595
<545,nurse7-3,HR7-2,addItem> 1.436483261990801E-4
<546,nurse7-3,HR7-3,addItem> 1.4321689586135292E-4
<547,patient0-3,HR0-3,addNote> 0.001202852559677108
<548,patient0-2,HR0-2,addNote> 0.001169550801716329
<549,patient2-3,noteItem2-3,read> 0.0018455982469055784
<550,doctor8-0,HRitem2-3-0,read> 2.747186815351775E-4
<551,agent7-1,noteItem7-4agent7-1,read> 6.615023953394292E-4
<552,doctor3-1,HRitem3-5-1,read> 7.788236540227546E-4
<553,doctor3-0,HRitem3-1-2,read> 2.0107087885487617E-5
<554,doctor3-1,HRitem6-6-0,read> 7.09725310707836E-5
<555,patient0-1,HR0-1,addNote> 0.001161225362226134
<556,agent1-01,HR1-7,addNote> 0.0012722156787494548
<557,agent7-01,noteItem7-2agent7-0,read> 0.0018760345222702602
<558,agent4-01,noteItem4-8,read> 0.002276878842197175
<559,doctor0-0,HR7-9,addItem> 1.2724870214077626E-4
<560,doctor0-0,HR7-2,addItem> 1.2536609281308634E-4
<561,doctor0-0,HR7-0,addItem> 1.2461304908201038E-4
<562,nurse8-0,nursingItem8-5,read> 8.366404821263305E-4
<563,patient6-8,HR6-8,addNote> 3.661458909125271E-4
<564,nurse5-1,HR5-4,addItem> 1.5397325857728563E-4
<565,doctor3-0,HR3-7,addItem> 3.2087058749710723E-4
<566,doctor0-0,HR7-1,addItem> 1.2423652721647236E-4
<567,doctor0-0,HR7-6,addItem> 1.2687218027523833E-4
<568,doctor0-0,HR7-7,addItem> 1.264956584097003E-4
<569,doctor0-0,HR7-4,addItem> 1.2611913654416235E-4
<570,patient6-4,noteItem6-4,read> 0.00497419601861169
<571,doctor0-0,HR7-5,addItem> 1.2574261467862433E-4
<572,nurse0-3,nursingItem0-5,read> 8.45288200591432E-4
<573,doctor0-0,HRitem0-5-1,read> 4.888177591678501E-4
<574,patient6-6,noteItem6-6agent6-0,read> 3.3531577677488414E-4
<575,nurse7-0,HR7-9,addItem> 1.395003761412202E-4
<576,patient0-7,HR0-7,addNote> 0.001240317037382985
<577,nurse5-0,HR5-9,addItem> 1.5431864801663682E-4
<578,nurse5-0,HR5-5,addItem> 1.5266799729690453E-4
<579,nurse7-0,HR7-0,addItem> 1.366109589063879E-4
<580,nurse1-2,nursingItem1-5,read> 0.0014842840678452437
<581,nurse5-0,HR5-6,addItem> 1.567946240962352E-4
<582,nurse5-0,HR5-7,addItem> 1.5596929873636908E-4
<583,patient2-0,noteItem2-0,read> 0.001888930626015082
<584,nurse5-0,HR5-8,addItem> 1.5514397337650294E-4
<585,patient7-5,HR7-5,addNote> 0.001390174948206492
<586,agent5-1,HR5-0,addNote> 0.001076752214314975
<587,patient8-4,HR8-4,addNote> 0.0011029472857947702
<588,nurse2-0,nursingItem2-8,read> 5.863902673000884E-4
<589,nurse5-0,HR5-1,addItem> 1.6009592553569975E-4
<590,doctor5-0,HRitem5-8-0,read> 1.127919958704061E-4
<591,nurse5-0,HR5-2,addItem> 1.5390598533670377E-4
<592,nurse5-0,HR5-3,addItem> 1.5349332265677068E-4
<593,nurse5-0,HR5-4,addItem> 1.5308065997683763E-4
<594,nurse7-0,HR7-8,addItem> 1.3991315003191056E-4
<595,nurse5-1,nursingItem5-1,read> 8.166131989665749E-4
<596,nurse0-0,nursingItem0-7,read> 0.001485238315130805
<597,nurse1-0,nursingItem1-6,read> 8.812069949467354E-4
<598,nurse7-0,HR7-7,addItem> 1.3867482835983955E-4
<599,nurse7-0,HR7-6,addItem> 1.3908760225052986E-4
<600,nurse5-0,HR5-0,addItem> 1.596832628557667E-4
<601,nurse7-0,HR7-5,addItem> 1.3784928057845888E-4
<602,nurse1-1,HR1-0,addItem> 1.7845368187107885E-4
<603,nurse7-0,HR7-4,addItem> 1.3826205446914921E-4
<604,doctor4-0,HRitem3-6-0,read> 2.3344006529296704E-4
<605,nurse7-0,HR7-3,addItem> 1.370237327970782E-4
<606,nurse7-0,HR7-2,addItem> 1.3743650668776854E-4
<607,nurse7-0,HR7-1,addItem> 1.3619818501569753E-4
<608,doctor0-1,HRitem0-9-1,read> 1.5856614829226498E-4
<609,patient2-7,noteItem2-7,read> 0.0017589334886865726
<610,doctor6-1,HR6-8,addItem> 1.2516546360495434E-4
<611,doctor6-1,HR6-9,addItem> 1.4081855805862938E-4
<612,nurse4-2,HR4-4,addItem> 1.2077685025951892E-4
<613,nurse4-2,HR4-3,addItem> 1.1994949350021298E-4
<614,nurse4-2,HR4-6,addItem> 1.19122136740907E-4
<615,nurse4-2,HR4-5,addItem> 1.1829477998160104E-4
<616,nurse4-2,HR4-8,addItem> 1.1746742322229504E-4
<617,nurse7-1,HR7-1,addItem> 1.356851975015141E-4
<618,patient9-7,noteItem9-7,read> 0.003162902571834468
<619,nurse7-1,HR7-0,addItem> 1.3609641668828473E-4
<620,nurse4-2,HR4-9,addItem> 1.1581270970368312E-4
<621,nurse7-1,HR7-3,addItem> 1.3650763587505531E-4
<622,agent9-01,noteItem9-1,read> 9.028097713911651E-4
<623,doctor6-0,HRitem1-8-0,read> 2.7287148050503555E-4
<624,nurse7-1,HR7-2,addItem> 1.3691885506182593E-4
<625,doctor6-1,HR6-6,addItem> 1.3085749795174528E-4
<626,nurse7-1,HR7-5,addItem> 1.373300742485965E-4
<627,agent8-11,noteItem8-5,read> 0.0011615741054361603
<628,doctor3-0,HRitem9-9-0,read> 5.894320492195518E-4
<629,nurse8-0,nursingItem8-2,read> 8.379217897372699E-4
<630,nurse7-1,HR7-4,addItem> 1.377412934353671E-4
<631,doctor6-1,HR6-4,addItem> 1.3512652371183847E-4
<632,nurse3-2,nursingItem3-1,read> 5.671921318753062E-4
<633,nurse7-1,HR7-7,addItem> 1.3815251262213772E-4
<634,nurse9-0,nursingItem9-4,read> 7.538551557017225E-4
<635,nurse0-0,nursingItem0-4,read> 0.001483211953948204
<636,nurse4-2,HR4-0,addItem> 1.2284524215778382E-4
<637,doctor6-1,HR6-3,addItem> 1.3370351512514072E-4
<638,nurse7-1,HR7-6,addItem> 1.385637318089083E-4
<639,nurse1-2,nursingItem1-3,read> 8.607615232560857E-4
<640,nurse8-2,nursingItem8-4,read> 0.0012430353704682583
<641,nurse5-0,nursingItem5-3,read> 8.095758698452258E-4
<642,nurse7-1,HR7-9,addItem> 1.3897495099567887E-4
<643,doctor9-1,HRitem7-8-1,read> 2.3787388280360614E-4
<644,doctor9-1,HRitem9-6-3,read> 7.570732119086369E-5
<645,nurse4-2,HR4-2,addItem> 1.2119052863917189E-4
<646,doctor6-1,HR6-1,addItem> 1.3654953229853622E-4
<647,nurse8-1,nursingItem8-0,read> 8.490321067768807E-4
<648,nurse7-1,HR7-8,addItem> 1.393861701824495E-4
<649,patient7-9,HR7-9,addNote> 0.0014068258271868815
<650,doctor2-0,HRitem2-3-1,read> 5.432678455487709E-4
<651,doctor1-0,HR9-5,addItem> 0.0010663673860347265
<652,nurse4-2,HR4-1,addItem> 1.2201788539847786E-4
<653,doctor6-1,HR6-0,addItem> 1.1520440349807029E-4
<654,nurse1-3,nursingItem1-2,read> 8.490644472842826E-4
<655,doctor9-1,HR8-3,addItem> 8.526558005561204E-5
<656,doctor9-1,HR8-2,addItem> 8.814014932235344E-5
<657,doctor6-0,HR6-7,addItem> 1.2455404622691908E-4
<658,nurse0-3,nursingItem0-2,read> 8.441302054539129E-4
<659,doctor9-1,HR8-7,addItem> 8.366859712964459E-5
<660,doctor9-1,HR8-5,addItem> 8.6543166396386E-5
<661,nurse0-0,nursingItem0-9,read> 0.0014892910374960076
<662,nurse4-3,HR4-7,addItem> 1.1590878077983555E-4
<663,nurse9-1,nursingItem9-7,read> 0.0012873413649691825
<664,nurse2-0,nursingItem2-4,read> 5.81689351587286E-4
<665,nurse4-3,HR4-6,addItem> 1.183752894886129E-4
<666,nurse4-3,HR4-5,addItem> 1.1755311991902045E-4
<667,nurse4-3,HR4-4,addItem> 1.2001962862779778E-4
<668,nurse7-2,HR7-2,addItem> 1.364012034358833E-4
<669,nurse4-0,nursingItem4-1,read> 0.0014116186090549385
<670,nurse7-2,HR7-1,addItem> 1.351722099873307E-4
<671,nurse7-2,HR7-0,addItem> 1.3558187447018158E-4
<672,nurse4-3,HR4-9,addItem> 1.1508661121024308E-4
<673,nurse4-3,HR4-8,addItem> 1.1673095034942797E-4
<674,nurse7-2,HR7-6,addItem> 1.3803986136728673E-4
<675,nurse7-2,HR7-5,addItem> 1.3681086791873416E-4
<676,nurse7-2,HR7-4,addItem> 1.3722053240158502E-4
<677,nurse7-2,HR7-3,addItem> 1.3599153895303245E-4
<678,doctor6-0,HR6-5,addItem> 1.3035006582836562E-4
<679,nurse4-3,HR4-3,addItem> 1.1919745905820535E-4
<680,doctor1-0,HRitem2-5-0,read> 8.107834873332952E-4
<681,nurse7-2,HR7-9,addItem> 1.3844952585013757E-4
<682,nurse4-3,HR4-2,addItem> 1.20430713412594E-4
<683,agent6-11,noteItem6-7agent6-1,read> 0.001289283769081503
<684,patient4-8,noteItem4-8agent4-0,read> 5.929007381771229E-4
<685,nurse7-2,HR7-8,addItem> 1.3885919033298846E-4
<686,nurse4-3,HR4-1,addItem> 1.2125288298218647E-4
<687,doctor6-0,HR6-2,addItem> 1.404931001308971E-4
<688,nurse7-2,HR7-7,addItem> 1.3763019688443586E-4
<689,nurse4-3,HR4-0,addItem> 1.220750525517789E-4
<690,nurse1-3,nursingItem1-3,read> 8.547631851149284E-4
<691,nurse1-1,HR1-2,addItem> 1.7678572807304326E-4
<692,nurse6-0,HR6-6,addItem> 3.795527294700955E-5
<693,nurse5-3,HR5-1,addItem> 1.6289643735265078E-4
<694,nurse4-0,HR4-0,addItem> 1.2515581097579856E-4
<695,nurse6-0,HR6-5,addItem> 3.712978445518514E-5
<696,nurse5-3,HR5-0,addItem> 1.6247655608356436E-4
<697,nurse5-3,HR5-3,addItem> 1.561783370472681E-4
<698,nurse6-0,HR6-8,addItem> 3.630429596336074E-5
<699,nurse5-3,HR5-2,addItem> 1.5659821831635453E-4
<700,nurse6-0,HR6-7,addItem> 3.547880747153633E-5
<701,nurse6-0,HR6-2,addItem> 4.001899417657055E-5
<702,nurse6-0,HR6-1,addItem> 3.9606249930658356E-5
<703,nurse6-0,HR6-4,addItem> 3.919350568474615E-5
<704,nurse5-3,nursingItem5-8,read> 0.0014492208070765503
<705,doctor8-1,HRitem8-5-2,read> 5.52737425788931E-4
<706,patient1-9,HR1-9,addNote> 0.001677402610618214
<707,nurse6-0,HR6-3,addItem> 3.8780761438833946E-5
<708,doctor0-1,HRitem1-9-2,read> 8.060486972132152E-4
<709,nurse5-3,HR5-9,addItem> 1.5701809958544095E-4
<710,nurse4-0,HR4-7,addItem> 1.188339235124497E-4
<711,nurse5-3,HR5-8,addItem> 1.5785786212361375E-4
<712,nurse4-0,HR4-8,addItem> 1.196768418408962E-4
<713,doctor6-0,HRitem6-7-1,read> 1.9526077172288554E-4
<714,nurse6-0,HR6-0,addItem> 3.341508624197534E-5
<715,doctor8-0,HR2-9,addItem> 4.0750175228569587E-4
<716,nurse4-0,HR4-5,addItem> 1.2051976016934276E-4
<717,nurse8-0,nursingItem8-4,read> 8.353591745153911E-4
<718,nurse4-0,HR4-6,addItem> 1.2136267849778926E-4
<719,patient9-4,HR9-4,addNote> 0.001510893820814317
<720,nurse4-0,nursingItem4-4,read> 0.0014197669697349504
<721,nurse5-3,HR5-5,addItem> 1.5533857450909528E-4
<722,nurse2-2,nursingItem2-0,read> 9.920731318817822E-4
<723,nurse4-0,HR4-3,addItem> 1.222055968262358E-4
<724,nurse5-2,nursingItem5-7,read> 8.318330915177966E-4
<725,nurse5-3,HR5-4,addItem> 1.557584557781817E-4
<726,nurse4-0,HR4-4,addItem> 1.230485151546823E-4
<727,nurse5-3,HR5-7,addItem> 1.586976246617866E-4
<728,agent3-1,noteItem3-5,read> 0.002370168501634229
<729,nurse5-2,nursingItem5-2,read> 8.236773891906891E-4
<730,nurse4-0,HR4-1,addItem> 1.2431289264735207E-4
<731,nurse5-3,HR5-6,addItem> 1.5953738719995942E-4
<732,agent2-01,HR2-5,addNote> 0.0012207704385046446
<733,nurse4-0,HR4-2,addItem> 1.2346997431890552E-4
<734,doctor1-0,HRitem9-2-3,read> 5.503700307288911E-4
<735,patient9-0,HR9-0,addNote> 0.0014775920628535375
<736,doctor3-0,HR9-9,addItem> 4.415790428175057E-4
<737,nurse4-0,HR4-9,addItem> 1.1799100518400319E-4
<738,nurse9-1,nursingItem9-3,read> 7.226110678141374E-4
<739,doctor3-0,HR9-7,addItem> 4.3779362894884755E-4
<740,doctor3-0,HR9-6,addItem> 4.3527001970307535E-4
<741,nurse8-2,nursingItem8-7,read> 6.796918993676856E-4
<742,nurse6-0,HR6-9,addItem> 4.0844482668394955E-5
<743,doctor3-0,HR9-3,addItem> 4.5545889366925253E-4
<744,doctor2-0,HR1-2,addItem> 3.233931434398166E-4
<745,doctor3-0,HR9-4,addItem> 4.579825029150247E-4
<746,doctor3-0,HR9-1,addItem> 4.5041167517770824E-4
<747,nurse6-1,HR6-9,addItem> 4.107721476337156E-5
<748,nurse6-1,HR6-8,addItem> 3.651115804862205E-5
<749,patient5-4,HR5-4,addNote> 0.0015441955787750966
<750,nurse5-2,nursingItem5-6,read> 8.329981918502408E-4
<751,nurse8-1,nursingItem8-8,read> 8.297054195533792E-4
<752,nurse4-1,HR4-0,addItem> 1.2438562136979367E-4
<753,nurse6-1,HR6-7,addItem> 3.568096591866759E-5
<754,nurse4-1,HR4-1,addItem> 1.2354789023106066E-4
<755,nurse6-1,HR6-6,addItem> 3.8171542308530965E-5
<756,doctor6-1,HRitem6-3-2,read> 5.657580986191513E-4
<757,doctor2-0,HR3-6,addItem> 3.0236972158766216E-4
<758,nurse6-1,HR6-5,addItem> 3.7341350178576505E-5
<759,nurse3-1,nursingItem3-6,read> 5.659308195294717E-4
<760,nurse0-1,nursingItem0-2,read> 0.001482596496325668
<761,nurse6-1,HR6-4,addItem> 3.941683050346265E-5
<762,nurse7-2,nursingItem7-7,read> 1.703044102233542E-4
<763,nurse6-1,HR6-3,addItem> 3.9001734438485426E-5
<764,nurse6-1,HR6-2,addItem> 4.024702263341711E-5
<765,patient2-7,HR2-7,addNote> 0.0017107043685789935
<766,patient1-2,noteItem1-2,read> 0.0016202698755361632
<767,agent3-11,noteItem3-5,read> 0.002341554797389148
<768,nurse3-3,nursingItem3-3,read> 5.71507300579755E-4
<769,nurse4-1,HR4-6,addItem> 1.2061583124549516E-4
<770,doctor5-1,HRitem5-9-3,read> 1.206878273316244E-4
<771,nurse6-1,HR6-1,addItem> 3.983192656843988E-5
<772,nurse6-1,HR6-0,addItem> 3.3605485593781454E-5
<773,nurse4-1,HR4-7,addItem> 1.1810263782929616E-4
<774,nurse4-1,HR4-8,addItem> 1.1894036896802913E-4
<775,nurse4-1,HR4-9,addItem> 1.1726490669056315E-4
<776,nurse4-1,HR4-2,addItem> 1.2271015909232766E-4
<777,agent5-1,noteItem5-0agent5-1,read> 2.354469598224362E-4
<778,agent4-01,HR4-8,addNote> 7.411911588792366E-4
<779,nurse4-1,HR4-3,addItem> 1.2145356238422818E-4
<780,nurse4-1,HR4-4,addItem> 1.2229129352296116E-4
<781,nurse4-1,HR4-5,addItem> 1.1977810010676217E-4
<782,agent9-1,noteItem9-3agent9-1,read> 0.0018244302680013491
<783,doctor6-1,HRitem7-2-1,read> 7.054344071615134E-4
<784,nurse6-2,HR6-4,addItem> 3.964015532217915E-5
<785,nurse6-2,HR6-3,addItem> 3.922270743813689E-5
<786,doctor1-1,HRitem2-8-3,read> 5.148591048282906E-4
<787,patient0-8,noteItem0-8,read> 0.001897597101836982
<788,nurse6-2,HR6-6,addItem> 3.838781167005239E-5
<789,nurse6-2,HR6-5,addItem> 3.755291590196787E-5
<790,nurse2-1,nursingItem2-0,read> 5.732049051474378E-4
<791,nurse6-2,HR6-8,addItem> 3.671802013388337E-5
<792,nurse6-2,HR6-7,addItem> 3.588312436579885E-5
<793,nurse5-1,HR5-1,addItem> 1.6102942947468342E-4
<794,nurse6-2,HR6-9,addItem> 4.130994685834817E-5
<795,nurse5-1,HR5-0,addItem> 1.606143605983659E-4
<796,nurse5-1,HR5-3,addItem> 1.5438832745360315E-4
<797,nurse5-1,HR5-2,addItem> 1.548033963299207E-4
<798,nurse5-1,HR5-5,addItem> 1.5355818970096813E-4
<799,nurse5-1,HR5-7,addItem> 1.5687874071150824E-4
<800,patient3-0,noteItem3-0,read> 0.004740201171420373
<801,nurse6-2,HR6-0,addItem> 3.3795884945587584E-5
<802,nurse5-1,HR5-6,addItem> 1.5770887846414325E-4
<803,nurse5-1,HR5-9,addItem> 1.5521846520623819E-4
<804,nurse6-2,HR6-2,addItem> 4.0475051090263653E-5
<805,agent1-01,noteItem1-7agent1-0,read> 7.808625175353377E-4
<806,nurse5-1,HR5-8,addItem> 1.560486029588732E-4
<807,doctor8-0,HR8-9,addItem> 1.8615328312154966E-4
<808,nurse6-2,HR6-1,addItem> 4.005760320622141E-5
<809,doctor8-0,HRitem8-5-0,read> 3.9959845479376117E-4
<810,nurse6-3,HR6-7,addItem> 3.6085282812930116E-5
<811,nurse6-3,HR6-6,addItem> 3.860408103157381E-5
<812,nurse1-3,HR1-9,addItem> 1.6456445577493666E-4
<813,nurse6-3,HR6-5,addItem> 3.776448162535924E-5
<814,nurse6-3,HR6-4,addItem> 3.986348014089566E-5
<815,nurse5-2,HR5-2,addItem> 1.557008073231376E-4
<816,nurse5-2,HR5-1,addItem> 1.6196293341366708E-4
<817,nurse5-2,HR5-0,addItem> 1.6154545834096512E-4
<818,doctor8-0,HR8-8,addItem> 1.847374444921986E-4
<819,nurse6-3,HR6-8,addItem> 3.692488221914468E-5
<820,nurse5-2,HR5-6,addItem> 1.5862313283205134E-4
<821,patient8-6,noteItem8-6,read> 0.0022875885138225085
<822,patient4-2,HR4-2,addNote> 0.0012195034386574977
<823,doctor6-0,HR1-2,addItem> 3.2819304167268956E-4
<824,nurse5-2,HR5-5,addItem> 1.544483821050317E-4
<825,nurse5-2,HR5-4,addItem> 1.5486585717773365E-4
<826,nurse5-2,HR5-3,addItem> 1.5528333225043562E-4
<827,nurse6-3,HR6-3,addItem> 3.944368043778837E-5
<828,nurse1-1,nursingItem1-3,read> 8.727581995384007E-4
<829,nurse9-0,nursingItem9-1,read> 0.0013031957903808509
<830,nurse5-2,HR5-9,addItem> 1.5611828239583958E-4
<831,nurse6-3,HR6-2,addItem> 4.070307954711022E-5
<832,nurse5-2,HR5-8,addItem> 1.569532325412435E-4
<833,nurse6-3,HR6-1,addItem> 4.028327984400294E-5
<834,nurse5-0,nursingItem5-4,read> 0.0014167448053744145
<835,nurse5-2,HR5-7,addItem> 1.577881826866474E-4
<836,nurse6-3,HR6-0,addItem> 3.3986284297393715E-5
<837,doctor9-0,HRitem3-2-2,read> 1.3134110510180453E-4
<838,doctor2-1,HR4-5,addItem> 1.733144938282644E-4
<839,doctor2-1,HR4-0,addItem> 1.799814071854933E-4
<840,doctor2-1,HR4-6,addItem> 1.745266598932151E-4
<841,doctor2-1,HR4-7,addItem> 1.7089016169836302E-4
<842,doctor2-1,HR4-9,addItem> 1.696779956334123E-4
<843,patient0-0,HR0-0,addNote> 0.0011778762412065237
<844,agent5-11,HR5-0,addNote> 0.0010172866087906766
<845,patient7-7,HR7-7,addNote> 0.001398500387696687
<846,nurse1-3,HR1-1,addItem> 1.751826152624313E-4
<847,agent5-0,noteItem5-4agent5-0,read> 2.8091765152725976E-4
<848,patient1-0,noteItem1-0,read> 0.0020275942391654905
<849,nurse4-2,nursingItem4-4,read> 8.046414780324584E-4
<850,agent9-1,HR9-3,addNote> 0.0014065128260277748
<851,patient0-5,noteItem0-5,read> 0.001940929480946485
<852,agent8-0,HR8-0,addNote> 7.545307839209149E-4
<853,nurse1-3,nursingItem1-9,read> 8.239900008294419E-4
<854,agent8-11,noteItem8-5agent8-1,read> 0.0021891137082591812
<855,nurse4-1,nursingItem4-8,read> 8.392796266499594E-4
<856,nurse4-1,nursingItem4-3,read> 8.205759311805387E-4
<857,agent0-0,noteItem0-8agent0-0,read> 0.002650827510251487
<858,patient7-1,noteItem7-1,read> 0.0018802641501931808
<859,nurse4-1,nursingItem4-4,read> 8.14731026346345E-4
<860,nurse4-1,nursingItem4-5,read> 0.001418781899373532
<861,nurse0-3,nursingItem0-3,read> 0.001469650378406689
<862,nurse4-1,nursingItem4-6,read> 8.41617588583637E-4
<863,nurse1-0,HR1-5,addItem> 1.8293117296580552E-4
<864,nurse4-1,nursingItem4-2,read> 8.194069502137003E-4
<865,nurse7-0,nursingItem7-7,read> 2.9983094240353065E-4
<866,patient1-8,HR1-8,addNote> 0.0016898907698535063
<867,doctor4-0,HRitem3-1-2,read> 1.8905609874755494E-5
<868,patient6-3,HR6-3,addNote> 3.911222093831116E-4
<869,agent8-11,HR8-5,addNote> 7.034462773194517E-4
<870,nurse4-0,nursingItem4-8,read> 8.444764045239529E-4
<871,nurse4-0,nursingItem4-9,read> 8.433001852848737E-4
<872,nurse1-3,nursingItem1-5,read> 8.422259618875078E-4
<873,nurse4-0,nursingItem4-6,read> 8.468288430021115E-4
<874,nurse8-2,nursingItem8-6,read> 0.0012354088992236139
<875,patient5-6,HR5-6,addNote> 0.0015816600564809733
<876,patient7-6,HR7-6,addNote> 0.0014026631074417844
<877,nurse4-0,nursingItem4-5,read> 8.221282389814469E-4
<878,nurse4-0,nursingItem4-2,read> 8.244806774596055E-4
<879,nurse4-0,nursingItem4-3,read> 8.256568966986846E-4
<880,nurse4-0,nursingItem4-0,read> 8.127184850688127E-4
<881,doctor2-0,HRitem1-4-0,read> 2.7840325436837953E-4
<882,nurse4-3,nursingItem4-5,read> 8.018912361757499E-4
<883,doctor5-0,HRitem5-4-3,read> 1.869748890127454E-4
<884,patient8-3,noteItem8-3,read> 0.0023742532720415137
<885,nurse4-3,nursingItem4-6,read> 0.0014457750259711194
<886,nurse4-3,nursingItem4-7,read> 8.248365591780961E-4
<887,nurse4-3,nursingItem4-8,read> 8.236892930279788E-4
<888,doctor2-0,HR1-1,addItem> 3.272071166302616E-4
<889,doctor4-0,HRitem3-9-2,read> 3.843025299319767E-4
<890,nurse4-3,nursingItem4-1,read> 7.950076392750459E-4
<891,nurse4-3,nursingItem4-2,read> 0.001407620421431341
<892,doctor2-1,HR2-2,addItem> 5.611343416487781E-4
<893,doctor2-0,HR1-8,addItem> 3.096628399542146E-4
<894,patient6-5,HR6-5,addNote> 3.744713304027219E-4
<895,doctor2-0,HR1-9,addItem> 3.0737445603994763E-4
<896,doctor2-0,HRitem1-8-0,read> 2.6888067274627816E-4
<897,nurse9-3,nursingItem9-2,read> 7.259536015938169E-4
<898,nurse9-3,nursingItem9-1,read> 7.225344441845964E-4
<899,nurse9-3,nursingItem9-4,read> 0.0012622889745660768
<900,nurse9-3,nursingItem9-6,read> 7.32791916412258E-4
<901,nurse9-3,nursingItem9-5,read> 7.316521972758512E-4
<902,patient7-4,noteItem7-4,read> 0.0015422715931390578
<903,nurse5-1,nursingItem5-6,read> 8.281970495341012E-4
<904,patient3-7,HR3-7,addNote> 0.0015983109354613626
<905,nurse9-3,nursingItem9-8,read> 7.305124781394443E-4
<906,agent9-01,HR9-1,addNote> 5.65179335712884E-4
<907,patient5-1,HR5-1,addNote> 0.0016149618144417526
<908,nurse4-2,nursingItem4-6,read> 8.311950797466879E-4
<909,patient4-0,HR4-0,addNote> 0.0012361543176378873
<910,nurse4-2,nursingItem4-7,read> 8.300405753243302E-4
<911,doctor1-1,HRitem1-4-0,read> 1.6580230918784758E-4
<912,nurse4-2,nursingItem4-8,read> 0.001446955529683031
<913,doctor0-0,HR0-5,addItem> 4.176199722452901E-4
<914,doctor1-1,HRitem1-8-0,read> 1.6013116132013966E-4
<915,nurse4-2,nursingItem4-3,read> 8.104140001442474E-4
<916,nurse4-2,nursingItem4-0,read> 0.0013925403951444318
<917,nurse3-0,nursingItem3-2,read> 5.558333537901145E-4
<918,nurse3-0,nursingItem3-3,read> 5.512769536565778E-4
<919,agent9-01,noteItem9-1agent9-0,read> 0.0013453155169721022
<920,agent1-0,noteItem1-7agent1-0,read> 6.784159094212693E-4
<921,nurse3-0,nursingItem3-4,read> 5.501378536231935E-4
<922,nurse3-0,nursingItem3-6,read> 5.52416053689962E-4
<923,nurse1-0,nursingItem1-0,read> 8.740325839515227E-4
<924,nurse3-0,nursingItem3-7,read> 0.0010219018306378152
<925,nurse3-0,nursingItem3-9,read> 0.0010279017435307388
<926,nurse3-0,nursingItem3-0,read> 5.546942537567305E-4
<927,nurse3-0,nursingItem3-1,read> 5.569724538234989E-4
<928,patient2-4,noteItem2-4,read> 0.0018195988194398766
<929,patient4-1,HR4-1,addNote> 0.0012278288781476926
<930,nurse3-1,nursingItem3-2,read> 9.895008679704186E-4
<931,nurse3-1,nursingItem3-1,read> 5.705986912259086E-4
<932,nurse9-1,nursingItem9-8,read> 7.375705697156708E-4
<933,nurse9-1,nursingItem9-4,read> 7.260632605606451E-4
<934,nurse9-1,nursingItem9-6,read> 7.398720315466759E-4
<935,nurse8-3,nursingItem8-0,read> 0.0012469741371765593
<936,nurse3-1,nursingItem3-9,read> 5.997728893286394E-4
<937,nurse9-1,nursingItem9-0,read> 7.651881116877327E-4
<938,nurse3-1,nursingItem3-8,read> 5.986059214045301E-4
<939,nurse9-1,nursingItem9-1,read> 7.295154533071528E-4
<940,nurse8-0,nursingItem8-1,read> 8.417657125700884E-4
<941,nurse3-1,nursingItem3-7,read> 5.962719855563117E-4
<942,patient6-7,HR6-7,addNote> 3.578204514223322E-4
<943,patient7-2,HR7-2,addNote> 0.0013860122284613944
<944,doctor2-0,HRitem3-7-1,read> 4.980549154659178E-4
<945,nurse3-2,nursingItem3-0,read> 5.648721299724503E-4
<946,nurse3-2,nursingItem3-3,read> 5.613921271181664E-4
<947,nurse9-2,nursingItem9-8,read> 0.001296411058391835
<948,nurse3-2,nursingItem3-2,read> 5.660321309238781E-4
<949,nurse9-2,nursingItem9-6,read> 0.0013004562856428789
<950,nurse9-2,nursingItem9-4,read> 7.330112343459144E-4
<951,nurse9-2,nursingItem9-5,read> 7.457904039864957E-4
<952,nurse9-2,nursingItem9-2,read> 7.399816905135041E-4
<953,nurse3-2,nursingItem3-8,read> 5.950321547095778E-4
<954,nurse9-2,nursingItem9-1,read> 7.364964624297093E-4
<955,nurse3-2,nursingItem3-5,read> 5.637121290210223E-4
<956,nurse3-2,nursingItem3-4,read> 9.759969161807392E-4
<957,nurse5-1,nursingItem5-2,read> 0.0014275298476209787
<958,nurse3-2,nursingItem3-7,read> 5.927121528067218E-4
<959,nurse3-2,nursingItem3-6,read> 5.625521280695943E-4
<960,doctor5-1,HR5-1,addItem> 3.3346079708247397E-4
<961,nurse0-3,nursingItem0-6,read> 8.499201811415078E-4
<962,doctor2-0,HR2-9,addItem> 3.98626940983648E-4
<963,patient9-8,HR9-8,addNote> 0.0014526157443829533
<964,nurse3-3,nursingItem3-0,read> 9.942582799258657E-4
<965,nurse2-0,nursingItem2-7,read> 5.828645805154867E-4
<966,doctor5-1,HR4-9,addItem> 1.2702326845015152E-4
<967,nurse3-3,nursingItem3-4,read> 5.703263987102832E-4
<968,nurse3-3,nursingItem3-2,read> 5.762309080576417E-4
<969,nurse3-3,nursingItem3-1,read> 9.983418255266564E-4
<970,doctor5-0,HR5-9,addItem> 3.341257812029581E-4
<971,nurse3-3,nursingItem3-7,read> 6.033916510554915E-4
<972,agent0-1,HR0-0,addNote> 7.588799480097312E-4
<973,patient6-9,HR6-9,addNote> 4.1193580810859864E-4
<974,nurse3-3,nursingItem3-6,read> 9.901747343250748E-4
<975,nurse3-3,nursingItem3-9,read> 6.069343566639067E-4
<976,patient4-4,HR4-4,addNote> 0.0012153407189124002
<977,patient7-4,HR7-4,addNote> 0.0013943376679515895
<978,nurse9-0,nursingItem9-2,read> 7.610238238930351E-4
<979,doctor2-0,HR2-1,addItem> 4.0151583275524553E-4
<980,nurse9-0,nursingItem9-3,read> 0.0012908618966039963
<981,nurse9-0,nursingItem9-8,read> 7.658029360205769E-4
<982,nurse9-0,nursingItem9-9,read> 7.729716042118897E-4
<983,agent2-1,HR2-0,addNote> 0.0010306563155718133
<984,nurse9-0,nursingItem9-0,read> 0.001366920908227933
<985,nurse2-0,nursingItem2-9,read> 0.001017965092067992
<986,doctor3-1,HR6-9,addItem> 1.475365076173897E-4
<987,doctor3-1,HR6-6,addItem> 1.3710024097329644E-4
<988,doctor3-1,HR6-8,addItem> 1.3113666003381456E-4
<989,doctor7-1,HR7-9,addItem> 2.220321928849322E-4
<990,doctor7-1,HR7-2,addItem> 2.1874728804629432E-4
<991,doctor7-1,HR7-0,addItem> 2.1743332611083916E-4
<992,doctor7-1,HR7-1,addItem> 2.167763451431116E-4
<993,doctor7-1,HR7-6,addItem> 2.2137521191720468E-4
<994,doctor7-1,HR7-7,addItem> 2.2071823094947705E-4
<995,patient3-2,HR3-2,addNote> 0.0015691718972456808
<996,agent8-01,noteItem8-0agent8-0,read> 0.0022621578240222782
<997,doctor7-1,HR7-5,addItem> 2.194042690140219E-4
<998,patient1-5,HR1-5,addNote> 0.0017773078845005521
<999,doctor7-1,HR8-0,addItem> 2.0866301883782466E-4
<1000,doctor3-1,HR6-1,addItem> 1.4306382191277828E-4
<1001,doctor6-0,HRitem1-2-1,read> 2.797742795340436E-4
<1002,nurse1-1,HR1-1,addItem> 1.7887067032058775E-4
<1003,doctor3-1,HR6-3,addItem> 1.4008203144303736E-4
<1004,doctor3-1,HR6-4,addItem> 1.4157292667790782E-4
<1005,doctor3-1,HR6-0,addItem> 1.2070039338972133E-4
<1006,agent5-01,noteItem5-4agent5-0,read> 2.3725223136520154E-4
<1007,patient2-8,noteItem2-8,read> 0.0017329340612208706
<1008,patient9-7,HR9-7,addNote> 0.0014442903048927586
<1009,patient3-3,HR3-3,addNote> 0.0015608464577554861
<1010,doctor6-1,HR8-2,addItem> 2.3663242059449572E-4
<1011,agent1-0,HR1-7,addNote> 8.921731080483427E-4
<1012,doctor6-1,HR8-3,addItem> 2.2891498093748061E-4
<1013,patient2-3,HR2-3,addNote> 0.0017481688462848701
<1014,nurse0-2,nursingItem0-9,read> 8.455695796688063E-4
<1015,doctor6-1,HR8-5,addItem> 2.3234495411837624E-4
<1016,nurse5-2,nursingItem5-1,read> 8.213471885258012E-4
<1017,doctor6-0,HRitem5-0-0,read> 2.1301623467318579E-4
<1018,doctor7-0,HR7-7,addItem> 2.177505908694841E-4
<1019,patient3-5,HR3-5,addNote> 0.0016066363749515575
<1020,doctor7-0,HR7-4,addItem> 2.1710244325930583E-4
<1021,doctor0-1,HR0-8,addItem> 4.286531238096005E-4
<1022,doctor7-0,HR7-5,addItem> 2.1645429564912748E-4
<1023,doctor7-0,HR7-6,addItem> 2.183987384796624E-4
<1024,patient9-5,HR9-5,addNote> 0.0015233819800496095
<1025,nurse0-2,nursingItem0-1,read> 0.0015044216666812579
<1026,doctor7-0,HR7-0,addItem> 2.1450985281859262E-4
<1027,doctor7-0,HR7-1,addItem> 2.138617052084143E-4
<1028,doctor7-0,HR7-2,addItem> 2.158061480389492E-4
<1029,doctor6-1,HR8-7,addItem> 2.246275144613611E-4
<1030,doctor5-1,HRitem4-5-0,read> 2.2843359003342744E-4
<1031,doctor8-1,HR8-1,addItem> 1.9748630904074482E-4
<1032,nurse1-0,HR1-6,addItem> 1.7179141967892518E-4
<1033,agent7-0,HR7-2,addNote> 0.001241408590452627
<1034,doctor8-1,HR8-0,addItem> 1.9393386456691941E-4
<1035,doctor8-1,HR8-3,addItem> 2.3227520084115005E-4
<1036,doctor8-1,HR8-2,addItem> 2.4010592401606628E-4
<1037,doctor8-1,HR8-5,addItem> 2.357555222522239E-4
<1038,doctor8-1,HR8-4,addItem> 1.882499534087987E-4
<1039,doctor2-1,HRitem4-5-2,read> 2.526086696360935E-4
<1040,doctor8-1,HR8-7,addItem> 2.2792479907730767E-4
<1041,doctor8-1,HR8-6,addItem> 1.9109190898785903E-4
<1042,doctor3-1,HRitem6-4-3,read> 2.87589179064447E-4
<1043,doctor8-1,HR8-8,addItem> 1.8540799782973833E-4
<1044,doctor8-1,HR8-9,addItem> 1.8682897561926853E-4
<1045,doctor8-0,HR8-2,addItem> 2.3923754816067362E-4
<1046,doctor8-0,HR8-1,addItem> 1.9677207284168243E-4
<1047,doctor6-0,HRitem6-2-0,read> 5.160428023583106E-4
<1048,doctor8-0,HR8-0,addItem> 1.9323247626830487E-4
<1049,doctor8-0,HR8-6,addItem> 1.9040079900960275E-4
<1050,doctor8-0,HR8-5,addItem> 2.34902880218762E-4
<1051,doctor8-0,HR8-4,addItem> 1.875691217509007E-4
<1052,doctor8-0,HR8-3,addItem> 2.3143514586523268E-4
<1053,doctor8-0,HR8-7,addItem> 2.27100477923321E-4
<1054,doctor6-1,HRitem7-5-2,read> 9.7013876731224E-5
<1055,patient9-3,HR9-3,addNote> 0.0015025683813241222
<1056,doctor9-1,HRitem8-7-2,read> 1.453083565658068E-4
<1057,doctor0-0,HRitem3-6-2,read> 1.8253663978430059E-4
<1058,patient3-0,HR3-0,addNote> 0.0015858227762260708
<1059,agent1-11,noteItem1-9,read> 9.543836543167357E-4
<1060,nurse0-1,nursingItem0-6,read> 8.60922384133631E-4
<1061,doctor9-1,HRitem8-3-1,read> 1.655848676209093E-5
<1062,patient8-9,noteItem8-9,read> 0.002339587368753912
<1063,patient3-1,HR3-1,addNote> 0.001577497336735876
<1064,doctor9-0,HR9-1,addItem> 1.6227485661059787E-4
<1065,doctor9-0,HR9-3,addItem> 1.640932745205567E-4
<1066,doctor9-0,HR9-4,addItem> 1.650024834755361E-4
<1067,doctor9-0,HR9-6,addItem> 1.5681960288072136E-4
<1068,nurse7-0,nursingItem7-1,read> 1.842688249784369E-4
<1069,nurse7-0,nursingItem7-6,read> 1.785089242237059E-4
<1070,doctor9-0,HR9-7,addItem> 1.5772881183570076E-4
<1071,nurse7-0,nursingItem7-9,read> 1.7390100361992103E-4
<1072,nurse7-0,nursingItem7-8,read> 1.6929308301613625E-4
<1073,doctor9-0,HR9-9,addItem> 1.590926252681699E-4
<1074,nurse7-0,nursingItem7-3,read> 3.098951978128799E-4
<1075,nurse7-0,nursingItem7-2,read> 1.854208051293831E-4
<1076,nurse7-0,nursingItem7-5,read> 3.1593375105848945E-4
<1077,nurse7-0,nursingItem7-4,read> 1.7620496392181344E-4
<1078,doctor7-1,HRitem8-1-2,read> 2.763015316901184E-5
<1079,nurse5-3,nursingItem5-5,read> 8.389711497745158E-4
<1080,nurse5-3,nursingItem5-6,read> 0.0014532861801546686
<1081,nurse5-3,nursingItem5-7,read> 8.366275185582451E-4
<1082,nurse5-3,nursingItem5-2,read> 8.284248093012985E-4
<1083,nurse5-3,nursingItem5-4,read> 8.249093624768925E-4
<1084,patient2-2,noteItem2-2,read> 0.0018542647227274792
<1085,patient1-7,HR1-7,addNote> 0.0016649144513829213
<1086,agent2-01,noteItem2-5,read> 0.0010028485051829345
<1087,doctor0-0,HR3-1,addItem> 1.8979264832603502E-4
<1088,doctor5-1,HRitem5-0-2,read> 1.5028026558212485E-4
<1089,doctor3-1,HRitem6-9-2,read> 5.302471727185508E-4
<1090,doctor0-0,HR3-7,addItem> 1.9229678442269518E-4
<1091,doctor0-0,HR3-6,addItem> 1.9129512998403115E-4
<1092,doctor0-0,HR3-4,addItem> 1.9279761164202723E-4
<1093,doctor0-0,HR3-9,addItem> 1.9530174773868742E-4
<1094,patient1-6,HR1-6,addNote> 0.001669077171128019
<1095,patient5-5,HR5-5,addNote> 0.0015400328590299988
<1096,patient1-1,HR1-1,addNote> 0.0017856333239907468
<1097,patient3-6,HR3-6,addNote> 0.0015899854959711681
<1098,patient1-0,HR1-0,addNote> 0.0017814706042456495
<1099,doctor3-1,HRitem3-0-3,read> 8.806216416044762E-4
<1100,doctor6-0,HR1-4,addItem> 3.297412742034305E-4
<1101,doctor6-0,HR1-8,addItem> 3.1425894889602115E-4
<1102,doctor6-0,HR1-9,addItem> 3.119366000999097E-4
<1103,doctor6-0,HR1-1,addItem> 3.3206362299954194E-4
<1104,doctor9-1,HR9-7,addItem> 1.561899941592549E-4
<1105,doctor9-1,HR9-6,addItem> 1.5528965553554357E-4
<1106,doctor6-0,HR5-9,addItem> 4.341254211829409E-4
<1107,agent6-01,noteItem6-6agent6-0,read> 1.7754540488208604E-4
<1108,doctor9-1,HR9-4,addItem> 1.6339270314894553E-4
<1109,patient3-8,HR3-8,addNote> 0.0016191245341868504
<1110,patient4-8,noteItem4-8,read> 0.004679535840667069
<1111,doctor9-1,HR9-3,addItem> 1.624923645252342E-4
<1112,doctor9-1,HR9-1,addItem> 1.6069168727781154E-4
<1113,doctor6-0,HR5-1,addItem> 4.5037791605953895E-4
<1114,doctor6-0,HR5-3,addItem> 4.318036362005696E-4
<1115,doctor5-0,HR5-0,addItem> 3.457410729840526E-4
<1116,doctor6-0,HR5-7,addItem> 4.387689911476831E-4
<1117,doctor9-1,HR9-9,addItem> 1.575405020948219E-4
<1118,nurse8-2,nursingItem8-1,read> 6.87012127529348E-4
<1119,nurse8-2,nursingItem8-3,read> 6.84920633768873E-4
<1120,patient4-6,HR4-6,addNote> 0.0011986898399320106
<1121,nurse8-2,nursingItem8-2,read> 6.838748868886355E-4
<1122,agent3-0,HR3-8,addNote> 0.001035625662635082
<1123,patient2-0,HR2-0,addNote> 0.0017315179673044801
<1124,nurse8-2,nursingItem8-9,read> 6.744631649664982E-4
<1125,nurse8-2,nursingItem8-5,read> 0.0012449419882794193
<1126,patient8-1,HR8-1,addNote> 0.0011570626424810364
<1127,nurse8-3,nursingItem8-4,read> 6.724757700137828E-4
<1128,patient4-5,HR4-5,addNote> 0.0011903644004418157
<1129,nurse8-3,nursingItem8-3,read> 6.755701814307313E-4
<1130,nurse8-3,nursingItem8-1,read> 0.00124318945437008
<1131,doctor6-1,HRitem7-1-2,read> 1.5264766064216487E-4
<1132,nurse2-1,nursingItem2-1,read> 5.720373826384386E-4
<1133,nurse8-3,nursingItem8-9,read> 0.0012204813575312022
<1134,nurse8-3,nursingItem8-8,read> 0.0012185890161279622
<1135,agent6-11,HR6-7,addNote> 2.006130812699433E-4
<1136,nurse8-3,nursingItem8-7,read> 6.704128290691506E-4
<1137,nurse8-3,nursingItem8-6,read> 6.683498881245183E-4
<1138,nurse8-3,nursingItem8-5,read> 6.73507240486099E-4
<1139,doctor7-0,HRitem7-6-2,read> 2.045448776426516E-4
<1140,patient7-0,HR7-0,addNote> 0.0013776867889711997
<1141,nurse8-0,nursingItem8-0,read> 8.443283277919671E-4
<1142,nurse8-0,nursingItem8-7,read> 8.327965592935122E-4
<1143,nurse8-0,nursingItem8-6,read> 8.302339440716334E-4
<1144,nurse8-0,nursingItem8-8,read> 8.251087136278755E-4
<1145,patient8-3,HR8-3,addNote> 0.0011112727252849649
<1146,doctor7-1,HRitem7-6-2,read> 2.073325420738973E-4
<1147,nurse8-1,nursingItem8-2,read> 8.425898777023802E-4
<1148,nurse8-1,nursingItem8-6,read> 8.348592028129797E-4
<1149,nurse8-1,nursingItem8-5,read> 8.413014318874802E-4
<1150,nurse8-1,nursingItem8-3,read> 8.438783235172803E-4
<1151,nurse5-0,nursingItem5-0,read> 8.153342187505324E-4
<1152,doctor3-1,HR7-7,addItem> 2.1181531070949816E-4
<1153,nurse5-0,nursingItem5-6,read> 8.233959072179614E-4
<1154,nurse5-0,nursingItem5-9,read> 8.199408978747774E-4
<1155,nurse5-0,nursingItem5-2,read> 8.141825489694709E-4
<1156,nurse7-3,nursingItem7-9,read> 1.8176093598692308E-4
<1157,nurse7-3,nursingItem7-5,read> 1.889852182894671E-4
<1158,nurse7-3,nursingItem7-6,read> 1.865771241886191E-4
<1159,nurse7-3,nursingItem7-7,read> 1.793528418860751E-4
<1160,doctor0-1,HR1-2,addItem> 2.02195713059774E-4
<1161,nurse7-3,nursingItem7-8,read> 3.034569050088818E-4
<1162,nurse7-3,nursingItem7-1,read> 1.925973594407391E-4
<1163,nurse7-3,nursingItem7-2,read> 1.9380140649116311E-4
<1164,nurse7-3,nursingItem7-3,read> 1.8537307713819507E-4
<1165,nurse7-3,nursingItem7-4,read> 1.8416903008777107E-4
<1166,patient8-5,HR8-5,addNote> 0.0011279236042653546
<1167,nurse7-3,nursingItem7-0,read> 1.913933123903151E-4
<1168,agent7-01,noteItem7-2,read> 5.844834893648333E-4
<1169,doctor9-1,HRitem9-4-1,read> 7.184550799917338E-4
<1170,doctor4-1,HR4-1,addItem> 4.2893535059635216E-4
<1171,nurse7-2,nursingItem7-6,read> 3.1056334890059757E-4
<1172,nurse7-2,nursingItem7-4,read> 3.065550023700171E-4
<1173,doctor0-1,HRitem1-2-2,read> 7.231898701118138E-4
<1174,nurse7-2,nursingItem7-5,read> 1.794508288982868E-4
<1175,nurse5-2,nursingItem5-0,read> 8.248424895231332E-4
<1176,nurse5-2,nursingItem5-3,read> 8.190169878609134E-4
<1177,nurse7-2,nursingItem7-8,read> 1.680178055546211E-4
<1178,nurse7-2,nursingItem7-9,read> 3.0254665583943663E-4
<1179,nurse5-2,nursingItem5-5,read> 0.001450511009101896
<1180,nurse5-2,nursingItem5-4,read> 8.201820881933573E-4
<1181,nurse0-1,nursingItem0-5,read> 0.001484630352622428
<1182,patient8-8,HR8-8,addNote> 0.0010862964068143804
<1183,nurse5-2,nursingItem5-9,read> 8.295028908529088E-4
<1184,nurse1-3,nursingItem1-8,read> 8.445054570197663E-4
<1185,patient9-6,noteItem9-6,read> 0.003102237241081163
<1186,nurse7-2,nursingItem7-2,read> 1.840240382357531E-4
<1187,nurse5-2,nursingItem5-8,read> 8.30667991185353E-4
<1188,nurse7-2,nursingItem7-3,read> 1.7602092189518705E-4
<1189,nurse0-1,HR0-7,addItem> 1.2523201054866917E-4
<1190,patient6-2,HR6-2,addNote> 4.0361036861840386E-4
<1191,nurse7-2,nursingItem7-0,read> 1.8173743356701997E-4
<1192,nurse7-2,nursingItem7-1,read> 1.8288073590138652E-4
<1193,patient2-6,HR2-6,addNote> 0.0016982162093437008
<1194,patient1-9,noteItem1-9agent1-1,read> 0.0018417975207334326
<1195,nurse7-1,nursingItem7-3,read> 1.7668893298397335E-4
<1196,nurse7-1,nursingItem7-4,read> 1.7554129174131696E-4
<1197,nurse7-1,nursingItem7-5,read> 1.8013185671194253E-4
<1198,nurse7-1,nursingItem7-6,read> 1.7783657422662977E-4
<1199,nurse7-1,nursingItem7-0,read> 1.8242713919725532E-4
<1200,patient4-9,noteItem4-9,read> 0.004662202889023269
<1201,nurse7-1,nursingItem7-7,read> 1.7095072677069143E-4
<1202,nurse7-1,nursingItem7-8,read> 1.6865544428537867E-4
<1203,nurse5-1,nursingItem5-5,read> 8.293554345908538E-4
<1204,doctor4-0,HR4-1,addItem> 4.305448641070326E-4
<1205,nurse5-1,nursingItem5-4,read> 8.154548139098221E-4
<1206,nurse5-1,nursingItem5-3,read> 0.0014194528236702736
<1207,nurse7-1,nursingItem7-1,read> 3.212782597655739E-4
<1208,nurse5-1,nursingItem5-7,read> 8.270386644773484E-4
<1209,nurse7-1,nursingItem7-2,read> 3.2328677193915387E-4
<1210,patient6-1,HR6-1,addNote> 3.994476488733064E-4
<1211,doctor2-1,HRitem2-3-0,read> 2.697328615436135E-4
<1212,doctor7-1,HRitem5-2-2,read> 2.1555901929916918E-4
<1213,agent8-01,HR8-0,addNote> 7.225929729612994E-4
<1214,doctor0-1,HRitem9-7-1,read> 6.97888335407636E-5
<1215,doctor4-0,HR3-9,addItem> 3.064118329624568E-4
<1216,doctor7-0,HR4-6,addItem> 1.8936626498579899E-4
<1217,doctor7-0,HR4-7,addItem> 1.854205636172626E-4
<1218,doctor7-1,HRitem5-6-2,read> 4.4223826135462676E-4
<1219,doctor7-0,HR4-9,addItem> 1.8410532982775045E-4
<1220,doctor5-1,HRitem5-3-0,read> 8.399320390100381E-5
<1221,doctor7-0,HR4-0,addItem> 1.9528481703860357E-4
<1222,agent1-11,noteItem1-9agent1-1,read> 0.0010674846206588338
<1223,doctor4-0,HR3-6,addItem> 3.0012579044415446E-4
<1224,doctor4-0,HR3-7,addItem> 3.0169730107373E-4
<1225,doctor4-0,HR3-4,addItem> 3.024830563885178E-4
<1226,agent3-11,noteItem3-5agent3-1,read> 2.735283570819484E-4
<1227,doctor7-0,HRitem4-9-2,read> 5.110104263417575E-5
<1228,agent0-11,HR0-0,addNote> 7.723591655587497E-4
<1229,doctor2-0,HR2-7,addItem> 3.957380492120503E-4
<1230,doctor2-0,HR2-4,addItem> 4.06330652374575E-4
<1231,doctor2-0,HR2-3,addItem> 4.0440472452684333E-4
<1232,doctor2-0,HR2-0,addItem> 4.0055286883137976E-4
<1233,patient5-0,noteItem5-0agent5-1,read> 3.431213816658611E-4
<1234,doctor7-1,HR5-5,addItem> 4.513889414398272E-4
<1235,doctor2-1,HR2-8,addItem> 5.490801379892916E-4
<1236,doctor2-1,HR2-9,addItem> 4.0010607620065593E-4
<1237,doctor2-1,HR2-7,addItem> 3.972064649790709E-4
<1238,doctor2-1,HR2-6,addItem> 5.464014260649614E-4
<1239,doctor2-1,HR2-5,addItem> 5.477407820271264E-4
<1240,doctor2-1,HR2-4,addItem> 4.078383727915493E-4
<1241,doctor2-1,HR2-3,addItem> 4.05905298643826E-4
<1242,nurse0-1,nursingItem0-7,read> 8.597493987677944E-4
<1243,doctor2-1,HR2-0,addItem> 4.020391503483793E-4
<1244,nurse0-0,HR0-2,addItem> 1.1733235462379945E-4
<1245,nurse1-3,nursingItem1-6,read> 8.399464667552496E-4
<1246,doctor3-1,HR3-0,addItem> 8.168213449195366E-4
<1247,doctor3-1,HR3-3,addItem> 8.039566097485408E-4

