<0,agent7-0,noteItem7-4,read> 0.0010378462718913257
<1,patient9-9,noteItem9-9agent9-0,read> 0.003546335461693637
<2,patient1-6,noteItem1-6,read> 0.0016496288527562668
<3,nurse0-0,nursingItem0-3,read> 8.501333678454308E-4
<4,agent4-01,noteItem4-7agent4-0,read> 0.0018951657719691961
<5,patient4-1,HR4-1,addNote> 0.0012269087683229143
<6,patient4-6,noteItem4-6,read> 0.004600887517794761
<7,nurse3-3,nursingItem3-4,read> 5.72655818574432E-4
<8,patient0-1,HR0-1,addNote> 0.0011596712962184473
<9,patient1-5,noteItem1-5,read> 0.0016751440573531415
<10,doctor4-1,HRitem4-3-3,read> 7.485224127111005E-4
<11,agent8-1,HR8-4,addNote> 3.6819940082846535E-4
<12,patient8-8,noteItem8-8,read> 0.0022534886948822985
<13,nurse4-2,nursingItem4-8,read> 8.317086494436021E-4
<14,nurse1-1,nursingItem1-2,read> 0.0015104018240056564
<15,agent3-01,noteItem3-1,read> 0.0023612143922796605
<16,agent2-01,noteItem2-2,read> 0.0010009301478051123
<17,patient6-7,noteItem6-7,read> 0.00483902942736559
<18,patient3-5,noteItem3-5,read> 0.0045583621767999695
<19,nurse2-3,HR2-0,addItem> 1.713630396207243E-4
<20,agent1-1,noteItem1-4agent1-1,read> 0.0016272278055719114
<21,nurse1-3,HR1-9,addItem> 1.6530628344401356E-4
<22,nurse2-3,nursingItem2-9,read> 5.744504628117992E-4
<23,patient0-5,noteItem0-5,read> 0.0018877707623270962
<24,nurse2-0,nursingItem2-1,read> 5.781479689209562E-4
<25,doctor4-1,HRitem3-4-3,read> 6.502131461375849E-4
<26,nurse2-3,HR2-1,addItem> 1.7177700166912867E-4
<27,nurse1-1,nursingItem1-7,read> 8.663495536618933E-4
<28,patient0-3,noteItem0-3,read> 0.0019217910351229288
<29,patient4-3,noteItem4-3,read> 0.004711453404381217
<30,nurse9-3,HR9-7,addItem> 1.4221517023529616E-4
<31,nurse2-3,HR2-2,addItem> 1.7260492576593738E-4
<32,nurse2-3,HR2-3,addItem> 1.7301888781434175E-4
<33,patient5-6,noteItem5-6,read> 0.004813514222768716
<34,patient1-7,noteItem1-7,read> 0.0016411237845573089
<35,agent4-01,noteItem4-7,read> 0.0022255078765702724
<36,agent3-0,noteItem3-1agent3-0,read> 0.0031149246400608076
<37,agent9-0,noteItem9-9agent9-0,read> 0.003209450670584762
<38,nurse2-3,HR2-8,addItem> 1.688792673302981E-4
<39,patient6-1,noteItem6-1,read> 0.004805009154569756
<40,nurse5-0,nursingItem5-8,read> 0.0014389128112881468
<41,nurse5-2,nursingItem5-2,read> 0.0014363477801938608
<42,nurse0-1,nursingItem0-8,read> 8.650032045142798E-4
<43,patient2-5,HR2-5,addNote> 0.0017101780990737697
<44,agent1-01,HR1-7,addNote> 0.0012779027900411246
<45,nurse2-3,HR2-9,addItem> 1.7053511552391558E-4
<46,nurse2-3,HR2-4,addItem> 1.7384681191115052E-4
<47,nurse2-3,HR2-5,addItem> 1.6846530528189375E-4
<48,nurse2-3,HR2-6,addItem> 1.6805134323348938E-4
<49,doctor7-1,HRitem8-0-0,read> 3.8726546927830195E-4
<50,patient5-3,noteItem5-3,read> 0.004830524359166632
<51,patient9-3,HR9-3,addNote> 0.001508465682760369
<52,doctor5-1,HRitem1-7-3,read> 4.516914748920388E-4
<53,nurse2-3,HR2-7,addItem> 1.6929322937870247E-4
<54,doctor1-1,HRitem2-8-1,read> 1.8877172912764488E-4
<55,agent6-11,noteItem6-9agent6-1,read> 9.302470930369526E-4
<56,patient8-7,HR8-7,addNote> 0.0010882314821074512
<57,patient3-9,noteItem3-9,read> 0.004677433131585385
<58,nurse1-0,nursingItem1-2,read> 8.925629998233462E-4
<59,agent8-0,HR8-4,addNote> 3.695027615393626E-4
<60,nurse8-2,HR8-4,addItem> 9.90923756931559E-5
<61,patient3-8,noteItem3-8,read> 0.0047029483361822584
<62,agent3-11,noteItem3-4,read> 0.002288716732926953
<63,patient3-4,noteItem3-4,read> 0.0045753723131978855
<64,patient1-1,noteItem1-1,read> 0.0015985984435625173
<65,patient0-2,noteItem0-2,read> 0.0019047808987250128
<66,nurse2-2,HR2-1,addItem> 1.7409049664110347E-4
<67,nurse2-2,HR2-2,addItem> 1.7492957123079847E-4
<68,patient0-1,noteItem0-1,read> 0.0017006592619500157
<69,agent4-1,HR4-3,addNote> 8.009660515583721E-4
<70,doctor2-1,HRitem1-8-1,read> 6.999600039217735E-4
<71,nurse8-1,nursingItem8-8,read> 0.0013839373134959833
<72,nurse1-0,HR1-9,addItem> 1.7342659210442123E-4
<73,nurse2-2,HR2-0,addItem> 1.7367095934625595E-4
<74,nurse2-2,HR2-9,addItem> 1.728318847565609E-4
<75,nurse2-2,HR2-7,addItem> 1.715732728720183E-4
<76,nurse2-2,HR2-8,addItem> 1.711537355771708E-4
<77,nurse2-2,HR2-5,addItem> 1.7073419828232328E-4
<78,patient0-4,noteItem0-4,read> 0.0018792656941281375
<79,nurse3-1,nursingItem3-2,read> 5.717453832523227E-4
<80,doctor7-0,HR0-8,addItem> 2.439072108169567E-4
<81,agent6-0,noteItem6-7agent6-0,read> 0.0018488074151770928
<82,patient6-3,noteItem6-3,read> 0.004770988881773924
<83,nurse6-1,nursingItem6-3,read> 1.9380339895784965E-4
<84,nurse4-3,nursingItem4-1,read> 7.966053101686406E-4
<85,patient9-6,HR9-6,addNote> 0.0014370258686493731
<86,nurse2-2,HR2-6,addItem> 1.7031466098747574E-4
<87,agent9-1,noteItem9-2,read> 0.0021572540660296665
<88,doctor3-1,HR3-4,addItem> 5.826503259053919E-4
<89,nurse0-0,HR0-8,addItem> 1.2350824364917962E-4
<90,nurse2-2,HR2-3,addItem> 1.75349108525646E-4
<91,patient5-0,noteItem5-0,read> 0.004898564904758297
<92,nurse2-2,HR2-4,addItem> 1.761881831153411E-4
<93,patient1-3,noteItem1-3,read> 0.00153906296616981
<94,nurse6-2,nursingItem6-3,read> 1.9490143521256833E-4
<95,agent5-1,noteItem5-7,read> 0.0024649358114480044
<96,agent1-11,noteItem1-4,read> 7.839558355634223E-4
<97,nurse6-2,nursingItem6-2,read> 1.9373406949130517E-4
<98,nurse6-2,nursingItem6-1,read> 1.9256670377004197E-4
<99,nurse6-2,nursingItem6-0,read> 1.913993380487788E-4
<100,nurse6-2,nursingItem6-7,read> 1.5871309785340918E-4
<101,nurse6-2,nursingItem6-6,read> 1.6104782929593557E-4
<102,nurse9-2,nursingItem9-1,read> 7.368124701625682E-4
<103,patient2-6,noteItem2-6,read> 0.0017261744665468901
<104,patient0-5,HR0-5,addNote> 0.0011848853482576225
<105,patient5-5,HR5-5,addNote> 0.0015462867608191317
<106,nurse6-2,nursingItem6-5,read> 1.5287626924709319E-4
<107,patient9-2,noteItem9-2agent9-1,read> 0.005075065611323584
<108,nurse4-2,nursingItem4-4,read> 8.074153339223287E-4
<109,patient0-0,noteItem0-0,read> 0.0017346795347458486
<110,nurse6-2,nursingItem6-4,read> 1.5637836641088277E-4
<111,nurse5-0,nursingItem5-4,read> 0.0014207741963340622
<112,agent6-01,noteItem6-7agent6-0,read> 0.0013920733520527836
<113,patient3-0,noteItem3-0,read> 0.004626402722391634
<114,patient8-2,noteItem8-2,read> 0.002287508967678132
<115,nurse1-0,HR1-7,addItem> 1.7212900147452222E-4
<116,patient9-7,noteItem9-7,read> 0.0030869853783802013
<117,nurse5-3,nursingItem5-6,read> 0.0014573961734257294
<118,patient3-6,noteItem3-6,read> 0.0045413520404020535
<119,patient2-7,noteItem2-7agent2-1,read> 0.005319662435264375
<120,agent4-0,noteItem4-7,read> 0.0023884545033711784
<121,nurse6-2,nursingItem6-9,read> 1.63382560738462E-4
<122,doctor9-1,HRitem0-4-0,read> 5.613794715229623E-4
<123,patient3-3,HR3-3,addNote> 0.0015672984708517777
<124,nurse6-2,nursingItem6-8,read> 1.6571729218098837E-4
<125,nurse8-1,HR8-5,addItem> 1.248863208049165E-4
<126,patient3-2,HR3-2,addNote> 0.0015757031548648357
<127,patient1-9,noteItem1-9,read> 0.0017772048757406392
<128,nurse8-1,HR8-4,addItem> 1.2208992363559482E-4
<129,nurse8-1,HR8-3,addItem> 1.2302205602536875E-4
<130,patient6-9,noteItem6-9,read> 0.004924080109355172
<131,agent3-01,HR3-1,addNote> 0.0010461119331192643
<132,nurse8-1,HR8-2,addItem> 1.272166517793513E-4
<133,nurse8-1,HR8-9,addItem> 1.2115779124582092E-4
<134,nurse8-1,HR8-8,addItem> 1.20225658856047E-4
<135,nurse4-0,nursingItem4-1,read> 8.167089142107512E-4
<136,nurse2-1,HR2-0,addItem> 1.7482491920902177E-4
<137,patient3-1,noteItem3-1agent3-0,read> 0.004692883073916098
<138,nurse2-1,nursingItem2-7,read> 5.813760474793592E-4
<139,patient7-8,noteItem7-8,read> 0.0016071035117614758
<140,nurse8-1,HR8-7,addItem> 1.2069172505093395E-4
<141,doctor1-1,HRitem1-7-1,read> 4.8787955124779164E-4
<142,nurse2-1,HR2-1,addItem> 1.7524724412709087E-4
<143,nurse8-1,HR8-6,addItem> 1.239541884151426E-4
<144,nurse4-0,nursingItem4-4,read> 8.226018292312126E-4
<145,nurse2-1,HR2-4,addItem> 1.7735886871743638E-4
<146,patient7-2,HR7-2,addNote> 0.001390800106577552
<147,nurse2-1,HR2-2,addItem> 1.7609189396322904E-4
<148,doctor7-1,HR6-3,addItem> 9.388900534953757E-5
<149,doctor1-1,HRitem2-5-0,read> 3.0046881723179127E-4
<150,doctor5-1,HR5-5,addItem> 5.30717066213346E-4
<151,patient6-3,HR6-3,addNote> 3.7803568300402046E-4
<152,nurse2-1,HR2-3,addItem> 1.7651421888129816E-4
<153,doctor7-0,HR7-0,addItem> 3.2739266808746423E-4
<154,patient7-1,HR7-1,addNote> 0.0013781930805579644
<155,nurse2-1,HR2-5,addItem> 1.7186864478253806E-4
<156,nurse2-1,HR2-6,addItem> 1.7144631986446896E-4
<157,nurse8-1,HR8-1,addItem> 1.2814878416912522E-4
<158,doctor1-0,HRitem1-7-3,read> 3.513155915826969E-4
<159,nurse2-1,HR2-7,addItem> 1.7271329461867623E-4
<160,nurse8-1,HR8-0,addItem> 1.2581845319469044E-4
<161,patient0-8,HR0-8,addNote> 0.001231111110329443
<162,nurse2-1,HR2-8,addItem> 1.7229096970060716E-4
<163,nurse9-3,nursingItem9-7,read> 0.001280106377220753
<164,nurse2-1,HR2-9,addItem> 1.7398026937288358E-4
<165,patient1-4,noteItem1-4,read> 0.0015050426933739776
<166,agent9-01,HR9-9,addNote> 5.561733984047513E-4
<167,nurse1-0,HR1-8,addItem> 1.7472418273432029E-4
<168,nurse6-3,nursingItem6-0,read> 1.924776441786311E-4
<169,nurse2-0,HR2-9,addItem> 1.7512865398920625E-4
<170,patient7-3,noteItem7-3,read> 0.0015220528297718934
<171,agent3-0,noteItem3-1,read> 0.0022869915430135017
<172,nurse6-3,nursingItem6-2,read> 3.3778493347815593E-4
<173,patient5-5,noteItem5-5,read> 0.004796504086370799
<174,nurse6-3,nursingItem6-1,read> 3.357495735977955E-4
<175,patient2-3,noteItem2-3,read> 0.0017942150121385558
<176,nurse6-3,nursingItem6-4,read> 1.5725937129207085E-4
<177,agent0-01,HR0-0,addNote> 3.904199673567307E-4
<178,nurse5-3,nursingItem5-8,read> 8.383088299936923E-4
<179,patient9-5,HR9-5,addNote> 0.0015294773927930151
<180,nurse1-1,nursingItem1-9,read> 8.430279348094617E-4
<181,doctor5-1,HR1-3,addItem> 3.915286048399612E-4
<182,nurse3-0,nursingItem3-7,read> 5.84343713818202E-4
<183,nurse9-1,nursingItem9-4,read> 0.0012690264369463208
<184,nurse6-3,nursingItem6-3,read> 3.3982029335851636E-4
<185,nurse5-1,nursingItem5-3,read> 8.170935760510431E-4
<186,nurse6-3,nursingItem6-6,read> 2.807948568280629E-4
<187,nurse8-0,HR8-9,addItem> 1.2048655694529004E-4
<188,nurse6-3,nursingItem6-5,read> 1.5373754400341483E-4
<189,nurse6-3,nursingItem6-8,read> 1.666509107284869E-4
<190,nurse6-3,nursingItem6-7,read> 1.5960725615117487E-4
<191,patient1-8,noteItem1-8,read> 0.0016156085799604338
<192,nurse6-3,nursingItem6-9,read> 1.6430302586938292E-4
<193,patient7-3,HR7-3,addNote> 0.0013865977645710229
<194,nurse9-2,nursingItem9-0,read> 7.752270232774884E-4
<195,patient5-8,noteItem5-8,read> 0.004779493949972882
<196,nurse8-0,HR8-2,addItem> 1.2651185038445184E-4
<197,patient6-9,noteItem6-9agent6-1,read> 0.0019258815030858936
<198,patient0-0,HR0-0,addNote> 0.0011764806642445638
<199,agent2-1,noteItem2-7agent2-1,read> 0.003327518476047275
<200,nurse8-0,HR8-1,addItem> 1.2743881860586136E-4
<201,patient5-1,noteItem5-1,read> 0.004864544631962464
<202,doctor7-0,HR7-5,addItem> 4.3130662612731293E-4
<203,doctor6-1,HRitem8-3-1,read> 6.035754669649079E-5
<204,doctor5-0,HR0-1,addItem> 1.6478068032573596E-4
<205,patient8-0,HR8-0,addNote> 0.0011344572441792722
<206,nurse0-3,nursingItem0-8,read> 8.539488504629789E-4
<207,nurse2-1,nursingItem2-2,read> 0.0010033707693945376
<208,nurse8-0,HR8-4,addItem> 1.2141352516669954E-4
<209,patient5-8,HR5-8,addNote> 0.0015715008128583067
<210,doctor3-1,HR3-2,addItem> 5.704787599632924E-4
<211,doctor7-0,HR7-9,addItem> 3.343593518415736E-4
<212,patient5-4,noteItem5-4,read> 0.004847534495564548
<213,patient9-6,noteItem9-6,read> 0.0030274499009874944
<214,nurse8-0,HR8-3,addItem> 1.2234049338810907E-4
<215,patient2-5,noteItem2-5,read> 0.0017516896711437654
<216,nurse3-3,HR3-1,addItem> 1.6102325558608883E-4
<217,patient8-9,HR8-9,addNote> 0.0010924338241139805
<218,nurse8-0,HR8-6,addItem> 1.2326746160951855E-4
<219,agent9-0,HR9-9,addNote> 0.0013447384984903612
<220,nurse3-3,HR3-0,addItem> 1.6187758478561706E-4
<221,doctor3-1,HR3-8,addItem> 5.887361088764415E-4
<222,nurse8-1,nursingItem8-1,read> 8.468652414988465E-4
<223,nurse2-0,HR2-0,addItem> 1.759788790717876E-4
<224,nurse8-0,HR8-5,addItem> 1.2419442983092806E-4
<225,nurse3-3,HR3-3,addItem> 1.5931459718703227E-4
<226,nurse8-0,HR8-8,addItem> 1.1955958872388052E-4
<227,doctor2-0,HRitem0-2-3,read> 2.1315146703364165E-4
<228,nurse0-2,nursingItem0-3,read> 8.391991766191229E-4
<229,agent4-1,noteItem4-3,read> 0.002423017099014859
<230,nurse3-3,HR3-2,addItem> 1.6016892638656056E-4
<231,nurse8-0,HR8-7,addItem> 1.2002307283458529E-4
<232,patient3-4,noteItem3-4agent3-1,read> 0.003599841016930685
<233,doctor6-1,HR8-9,addItem> 2.3256891958676538E-4
<234,nurse3-3,HR3-5,addItem> 1.6401340778443774E-4
<235,patient4-8,noteItem4-8,read> 0.004566867244998928
<236,nurse2-0,HR2-3,addItem> 1.776793292369503E-4
<237,nurse3-3,HR3-4,addItem> 1.6358624318467364E-4
<238,doctor2-0,HR2-9,addItem> 0.0012118328663744907
<239,patient5-2,noteItem5-2,read> 0.004881554768360381
<240,nurse4-0,nursingItem4-8,read> 0.0014666753270546496
<241,patient7-5,noteItem7-5,read> 0.0015815883071646011
<242,nurse1-2,nursingItem1-8,read> 8.521408640546344E-4
<243,nurse2-0,HR2-4,addItem> 1.7852955431953168E-4
<244,patient0-6,noteItem0-6,read> 0.0018622555577302215
<245,patient9-8,HR9-8,addNote> 0.001458037578682019
<246,agent7-1,noteItem7-5agent7-1,read> 0.00406464424788332
<247,patient3-0,HR3-0,addNote> 0.0015925125228909522
<248,nurse3-3,HR3-7,addItem> 1.631590785849095E-4
<249,nurse1-1,HR1-7,addItem> 1.6752354324109023E-4
<250,nurse2-0,HR2-1,addItem> 1.764039916130783E-4
<251,doctor4-1,HR4-1,addItem> 4.286139152259168E-4
<252,nurse3-3,HR3-6,addItem> 1.6230474938538122E-4
<253,agent0-1,noteItem0-0agent0-0agent0-1,read> 0.0013136463647322617
<254,nurse1-2,HR1-8,addItem> 1.677118409523409E-4
<255,nurse2-0,HR2-2,addItem> 1.772542166956596E-4
<256,agent2-11,noteItem2-7,read> 9.326682648348149E-4
<257,agent7-1,HR7-5,addNote> 0.0012222450577220577
<258,patient4-5,HR4-5,addNote> 0.0011890876902641517
<259,nurse2-0,HR2-7,addItem> 1.7385331636533418E-4
<260,patient8-5,HR8-5,addNote> 0.0011260525601662138
<261,patient4-2,noteItem4-2,read> 0.004736968608978092
<262,nurse3-3,HR3-9,addItem> 1.657220661834943E-4
<263,nurse5-3,nursingItem5-9,read> 8.371346594702112E-4
<264,doctor5-1,HRitem1-4-1,read> 7.248334328138678E-4
<265,nurse1-0,nursingItem1-9,read> 8.662039605086909E-4
<266,nurse2-0,HR2-8,addItem> 1.734282038240435E-4
<267,nurse3-3,HR3-8,addItem> 1.6529490158373017E-4
<268,nurse2-0,HR2-5,addItem> 1.7300309128275284E-4
<269,nurse5-1,nursingItem5-0,read> 0.001433606221188782
<270,nurse8-0,HR8-0,addItem> 1.2512139805233758E-4
<271,nurse2-0,HR2-6,addItem> 1.7257797874146213E-4
<272,doctor7-0,HR7-3,addItem> 4.2870806731545006E-4
<273,doctor6-0,HRitem2-5-0,read> 5.120138412018375E-4
<274,nurse8-3,HR8-2,addItem> 1.0184380156297101E-4
<275,nurse8-3,HR8-3,addItem> 9.848580108402097E-5
<276,patient6-2,HR6-2,addNote> 3.9064270902360807E-4
<277,nurse8-3,HR8-0,addItem> 1.0072446806998763E-4
<278,patient3-2,noteItem3-2,read> 0.004609392585993718
<279,patient9-2,HR9-2,addNote> 0.0015000609987473107
<280,doctor2-0,HR7-3,addItem> 3.936518710102685E-4
<281,patient8-3,noteItem8-3,read> 0.002304519104076048
<282,doctor5-1,HR1-5,addItem> 3.93379986283397E-4
<283,agent3-1,noteItem3-4,read> 0.0023166847581765695
<284,nurse8-3,HR8-1,addItem> 1.0259002389162656E-4
<285,doctor2-1,HR1-2,addItem> 5.21768337130789E-4
<286,nurse8-3,HR8-8,addItem> 9.624713409805424E-5
<287,nurse8-3,HR8-9,addItem> 9.699335642670981E-5
<288,nurse8-3,HR8-6,addItem> 9.92320234126765E-5
<289,nurse1-3,nursingItem1-6,read> 8.416344480472739E-4
<290,patient9-4,noteItem9-4,read> 0.002993429628191662
<291,nurse3-0,nursingItem3-3,read> 9.712777765978808E-4
<292,nurse0-1,nursingItem0-9,read> 8.63827861882318E-4
<293,nurse8-3,HR8-7,addItem> 9.662024526238204E-5
<294,nurse8-3,HR8-4,addItem> 9.773957875536536E-5
<295,nurse8-3,HR8-5,addItem> 9.997824574133205E-5
<296,doctor8-0,HRitem6-2-1,read> 5.163704097182201E-4
<297,nurse8-2,HR8-0,addItem> 1.0211857835469335E-4
<298,nurse1-2,nursingItem1-9,read> 0.001454208846500581
<299,nurse8-2,HR8-1,addItem> 1.0400995501815427E-4
<300,nurse8-2,HR8-2,addItem> 1.0325340435276992E-4
<301,nurse3-2,nursingItem3-0,read> 5.671696458554846E-4
<302,nurse8-2,HR8-7,addItem> 9.795754969507936E-5
<303,nurse8-2,HR8-8,addItem> 9.757927436238717E-5
<304,patient0-2,HR0-2,addNote> 0.0011680759802315057
<305,nurse8-2,HR8-9,addItem> 9.833582502777155E-5
<306,nurse0-2,nursingItem0-2,read> 8.403519887213984E-4
<307,agent7-1,noteItem7-5,read> 0.001072937613840212
<308,nurse8-2,HR8-3,addItem> 9.984892635854029E-5
<309,nurse8-2,HR8-5,addItem> 1.0136202768930899E-4
<310,nurse8-1,nursingItem8-5,read> 8.41701101043794E-4
<311,nurse8-2,HR8-6,addItem> 1.0060547702392462E-4
<312,doctor0-0,HRitem0-0-2,read> 2.7355836577158503E-4
<313,nurse9-0,HR9-9,addItem> 1.503820202793436E-4
<314,nurse9-2,HR9-9,addItem> 1.4622399206885484E-4
<315,nurse2-0,nursingItem2-9,read> 5.89923875951511E-4
<316,nurse9-2,HR9-7,addItem> 1.4496328946689608E-4
<317,nurse9-2,HR9-8,addItem> 1.458037578682019E-4
<318,doctor8-1,HR7-0,addItem> 3.084295493226027E-4
<319,patient7-8,HR7-8,addNote> 0.0014160141586167271
<320,nurse9-2,HR9-5,addItem> 1.5294773927930152E-4
<321,agent3-01,noteItem3-1agent3-0,read> 0.0026699788251278336
<322,nurse0-1,nursingItem0-6,read> 8.626525192503561E-4
<323,nurse9-2,HR9-6,addItem> 1.4370258686493732E-4
<324,nurse9-2,HR9-3,addItem> 1.508465682760369E-4
<325,nurse8-0,nursingItem8-9,read> 8.267668765318405E-4
<326,nurse9-2,HR9-4,addItem> 1.5168703667734276E-4
<327,nurse9-2,HR9-1,addItem> 1.4916563147342524E-4
<328,nurse9-2,HR9-2,addItem> 1.5000609987473107E-4
<329,doctor8-1,HR7-6,addItem> 3.140551167833316E-4
<330,doctor8-1,HR7-7,addItem> 3.131175222065434E-4
<331,agent0-11,noteItem0-0agent0-0,read> 9.87022807588626E-4
<332,nurse9-2,HR9-0,addItem> 1.4832516307211943E-4
<333,doctor8-1,HR7-8,addItem> 3.159303059369079E-4
<334,patient2-4,noteItem2-4,read> 0.0017686998075416812
<335,doctor8-1,HR7-2,addItem> 3.1030473847617893E-4
<336,doctor8-1,HR7-4,addItem> 3.121799276297552E-4
<337,doctor8-1,HR7-9,addItem> 3.149927113601197E-4
<338,nurse1-2,nursingItem1-5,read> 8.498407593774356E-4
<339,nurse5-3,HR5-4,addItem> 1.5639326499599876E-4
<340,agent6-01,HR6-7,addNote> 2.1167291531411908E-4
<341,nurse9-3,nursingItem9-9,read> 0.0012941303662245406
<342,patient2-7,noteItem2-7,read> 0.0017091643301489737
<343,nurse9-1,HR9-6,addItem> 1.4234047703683364E-4
<344,nurse9-1,HR9-7,addItem> 1.4358922985109612E-4
<345,nurse9-1,HR9-8,addItem> 1.4442173172727108E-4
<346,nurse1-2,HR1-3,addItem> 1.7560009257423543E-4
<347,doctor9-0,HRitem9-1-3,read> 8.610450672229558E-4
<348,nurse9-1,HR9-9,addItem> 1.4483798266535857E-4
<349,agent9-0,noteItem9-9,read> 0.002216288783866317
<350,nurse9-1,HR9-2,addItem> 1.4858424110814595E-4
<351,patient3-1,noteItem3-1,read> 0.004617897654192677
<352,nurse1-1,nursingItem1-4,read> 8.710138774323797E-4
<353,nurse9-1,HR9-3,addItem> 1.494167429843209E-4
<354,nurse9-1,HR9-4,addItem> 1.5024924486049592E-4
<355,doctor0-1,HRitem8-7-0,read> 5.400593896154528E-4
<356,patient2-1,noteItem2-1,read> 0.001819730216735431
<357,patient1-5,HR1-5,addNote> 0.0017858202551912946
<358,nurse2-2,nursingItem2-4,read> 0.0010036035981360863
<359,nurse9-1,HR9-5,addItem> 1.5149799767475838E-4
<360,patient0-8,noteItem0-8,read> 0.0018452454213323051
<361,nurse9-1,HR9-0,addItem> 1.4691923735579604E-4
<362,nurse9-1,HR9-1,addItem> 1.4775173923197097E-4
<363,doctor8-0,HRitem8-1-3,read> 4.9697505742736076E-5
<364,doctor0-0,HRitem8-6-3,read> 2.389762200089039E-4
<365,doctor9-1,HRitem0-1-2,read> 1.385311803573587E-4
<366,agent9-01,noteItem9-9agent9-0,read> 0.0011621068512934535
<367,nurse1-2,HR1-5,addItem> 1.764304348502243E-4
<368,agent9-11,noteItem9-2,read> 8.387003235434484E-4
<369,patient0-9,HR0-9,addNote> 0.0012227064263163852
<370,agent5-01,noteItem5-0agent5-0,read> 1.8927239078785324E-4
<371,nurse2-3,nursingItem2-3,read> 5.652768381873406E-4
<372,nurse9-3,HR9-4,addItem> 1.4881145304364906E-4
<373,nurse9-3,HR9-5,addItem> 1.5004825607021523E-4
<374,patient1-3,HR1-3,addNote> 0.0017774155711782365
<375,agent5-01,noteItem5-0,read> 0.002479916832095256
<376,nurse8-0,nursingItem8-0,read> 0.0014115180226752138
<377,nurse9-3,HR9-6,addItem> 1.4097836720873E-4
<378,nurse9-3,HR9-8,addItem> 1.4303970558634027E-4
<379,nurse3-0,nursingItem3-6,read> 5.546675945521031E-4
<380,nurse9-3,HR9-9,addItem> 1.4345197326186233E-4
<381,doctor3-0,HR5-9,addItem> 0.0010941672901916737
<382,nurse2-3,nursingItem2-1,read> 5.629834320312261E-4
<383,patient6-2,noteItem6-2,read> 0.004753978745376008
<384,nurse9-3,HR9-0,addItem> 1.455133116394726E-4
<385,doctor2-1,HRitem1-0-1,read> 7.295712287933144E-4
<386,nurse5-1,nursingItem5-4,read> 8.182542890327077E-4
<387,patient3-3,noteItem3-3,read> 0.004592382449595802
<388,doctor3-0,HR5-8,addItem> 0.0011000505690008146
<389,nurse9-3,HR9-1,addItem> 1.463378469905167E-4
<390,nurse0-3,nursingItem0-5,read> 0.0014757857634863454
<391,nurse9-3,HR9-2,addItem> 1.4716238234156083E-4
<392,patient0-0,noteItem0-0agent0-0agent0-1,read> 0.003370531494486193
<393,nurse9-3,HR9-3,addItem> 1.4798691769260492E-4
<394,doctor3-0,HR5-4,addItem> 0.0010853423719779625
<395,doctor3-0,HR5-1,addItem> 0.0011353502418556599
<396,nurse0-3,nursingItem0-6,read> 0.0014838727224049306
<397,doctor4-1,HRitem4-4-3,read> 4.891280828364025E-4
<398,nurse7-1,HR7-3,addItem> 1.3697669793801513E-4
<399,doctor3-0,HR5-0,addItem> 0.0011324086024510893
<400,nurse3-2,HR3-7,addItem> 1.6027130728252172E-4
<401,nurse3-2,HR3-8,addItem> 1.6236932810437208E-4
<402,nurse3-2,HR3-9,addItem> 1.6278893226874219E-4
<403,nurse3-2,HR3-3,addItem> 1.5649486980319098E-4
<404,nurse8-1,nursingItem8-7,read> 0.0013968520288834127
<405,nurse3-2,HR3-4,addItem> 1.606909114468918E-4
<406,patient6-6,noteItem6-6,read> 0.004822019290967674
<407,nurse3-2,HR3-5,addItem> 1.6111051561126186E-4
<408,patient8-7,noteItem8-7,read> 0.002236478558484382
<409,nurse3-2,HR3-6,addItem> 1.5943209895378154E-4
<410,nurse7-1,nursingItem7-2,read> 1.8279375017820512E-4
<411,doctor2-0,HR2-1,addItem> 0.0012206577845882021
<412,agent2-01,HR2-2,addNote> 0.0012564980571116557
<413,nurse6-0,nursingItem6-0,read> 1.8924272578907427E-4
<414,doctor2-0,HRitem7-3-2,read> 1.0062881252178638E-4
<415,nurse3-2,HR3-0,addItem> 1.5901249478941147E-4
<416,nurse3-2,HR3-1,addItem> 1.5817328646067132E-4
<417,nurse3-2,HR3-2,addItem> 1.5733407813193115E-4
<418,doctor7-1,HR6-9,addItem> 9.910747716146184E-5
<419,nurse6-0,nursingItem6-6,read> 1.5923320586724897E-4
<420,nurse6-0,nursingItem6-7,read> 1.569247812578778E-4
<421,nurse1-1,nursingItem1-1,read> 0.0015124293223990866
<422,doctor7-1,HR6-7,addItem> 8.553945045045872E-5
<423,nurse4-1,nursingItem4-5,read> 0.0014228386476716015
<424,nurse8-2,nursingItem8-8,read> 6.737228892266992E-4
<425,nurse6-0,nursingItem6-8,read> 2.861354407070092E-4
<426,nurse0-2,nursingItem0-4,read> 8.438104250282258E-4
<427,nurse6-0,nursingItem6-9,read> 1.615416304766202E-4
<428,patient5-2,HR5-2,addNote> 0.0015588937868387192
<429,doctor7-1,HR6-5,addItem> 8.971422789999814E-5
<430,patient8-4,noteItem8-4agent8-1agent8-0,read> 9.092759535819789E-4
<431,nurse6-0,nursingItem6-2,read> 1.915511503984454E-4
<432,nurse6-0,nursingItem6-3,read> 1.9270536270313098E-4
<433,patient5-6,HR5-6,addNote> 0.0015883101808844232
<434,nurse6-0,nursingItem6-4,read> 1.5461635664850665E-4
<435,nurse8-3,nursingItem8-8,read> 6.645253071212152E-4
<436,nurse6-0,nursingItem6-5,read> 1.5115371973444992E-4
<437,doctor7-1,HR6-1,addItem> 9.597639407430727E-5
<438,doctor3-1,HRitem3-7-0,read> 8.136671074284904E-4
<439,nurse6-0,nursingItem6-1,read> 1.9039693809375983E-4
<440,nurse9-0,nursingItem9-6,read> 7.68539095370902E-4
<441,doctor0-0,HR1-2,addItem> 3.288780091711627E-4
<442,nurse2-0,nursingItem2-6,read> 5.863911038423446E-4
<443,nurse3-1,HR3-8,addItem> 1.6334451926415812E-4
<444,doctor0-1,HRitem4-7-3,read> 5.211082056976667E-4
<445,nurse9-3,nursingItem9-6,read> 7.331225471971276E-4
<446,doctor5-1,HR5-3,addItem> 5.336017247093533E-4
<447,nurse2-3,nursingItem2-4,read> 5.687169474215127E-4
<448,nurse3-1,HR3-9,addItem> 1.6376664357365954E-4
<449,nurse3-1,HR3-6,addItem> 1.603896490976481E-4
<450,nurse3-1,HR3-7,addItem> 1.6123389771665098E-4
<451,patient7-4,noteItem7-4agent7-0,read> 7.181846848782354E-4
<452,nurse3-1,HR3-4,addItem> 1.616560220261524E-4
<453,doctor2-1,HR1-8,addItem> 4.995106179997038E-4
<454,nurse3-1,HR3-5,addItem> 1.6207814633565382E-4
<455,nurse3-1,HR3-2,addItem> 1.5827902755014095E-4
<456,nurse3-1,HR3-3,addItem> 1.5743477893113807E-4
<457,nurse3-1,HR3-0,addItem> 1.5996752478814665E-4
<458,nurse3-1,HR3-1,addItem> 1.5912327616914382E-4
<459,nurse6-1,nursingItem6-9,read> 2.8302464632694205E-4
<460,nurse6-1,nursingItem6-7,read> 2.749358204718105E-4
<461,doctor1-1,HR2-7,addItem> 2.740706539102982E-4
<462,nurse6-1,nursingItem6-8,read> 1.6478367363348986E-4
<463,agent2-11,HR2-7,addNote> 0.0012112007485679558
<464,nurse0-0,nursingItem0-4,read> 8.548046976670302E-4
<465,nurse6-1,nursingItem6-5,read> 2.648247881528963E-4
<466,doctor4-1,HRitem3-0-2,read> 8.788118021458804E-4
<467,doctor6-1,HR8-2,addItem> 2.4419922939780415E-4
<468,nurse1-0,nursingItem1-0,read> 0.0015054493298612217
<469,nurse6-1,nursingItem6-6,read> 1.601405175815923E-4
<470,nurse6-1,nursingItem6-4,read> 2.708914075442448E-4
<471,patient4-1,noteItem4-1,read> 0.004634907790590594
<472,nurse6-1,nursingItem6-1,read> 1.914818209319009E-4
<473,nurse6-1,nursingItem6-2,read> 1.9264260994487526E-4
<474,nurse6-1,nursingItem6-0,read> 3.315576014577306E-4
<475,nurse3-0,HR3-1,addItem> 1.5532331733525382E-4
<476,nurse9-3,nursingItem9-4,read> 7.194184326003356E-4
<477,nurse2-2,nursingItem2-3,read> 9.975329051119914E-4
<478,nurse3-0,HR3-2,addItem> 1.5449922987730176E-4
<479,patient5-7,noteItem5-7agent5-1,read> 0.0019105942015895938
<480,nurse3-0,HR3-3,addItem> 1.536751424193497E-4
<481,nurse3-0,HR3-4,addItem> 1.5779557970910997E-4
<482,nurse3-0,HR3-5,addItem> 1.5820762343808598E-4
<483,nurse9-0,HR9-0,addItem> 1.5254294022108966E-4
<484,nurse3-0,HR3-6,addItem> 1.5655944852218187E-4
<485,agent8-11,noteItem8-4agent8-1,read> 1.3396579278345113E-4
<486,doctor1-0,HR8-7,addItem> 1.339034831499403E-4
<487,nurse3-0,HR3-7,addItem> 1.5738353598013393E-4
<488,nurse3-0,HR3-8,addItem> 1.5944375462501403E-4
<489,doctor9-1,HRitem9-1-0,read> 8.574917202383708E-4
<490,nurse9-0,HR9-4,addItem> 1.5600041212788333E-4
<491,nurse0-0,nursingItem0-8,read> 8.594760274886293E-4
<492,nurse9-0,HR9-3,addItem> 1.5513604415118488E-4
<493,patient8-1,HR8-1,addNote> 0.0011554689542119182
<494,agent0-11,noteItem0-0agent0-0agent0-1,read> 9.50383256547214E-4
<495,patient4-0,noteItem4-0,read> 0.004643412858789552
<496,nurse9-0,HR9-2,addItem> 1.5427167617448645E-4
<497,nurse9-0,HR9-1,addItem> 1.5340730819778803E-4
<498,doctor4-1,HR4-5,addItem> 3.0787551508504855E-4
<499,nurse9-0,HR9-8,addItem> 1.499498362909944E-4
<500,patient1-4,noteItem1-4agent1-1,read> 0.0024915116584489742
<501,patient3-7,HR3-7,addNote> 0.00160511954891054
<502,nurse9-0,HR9-7,addItem> 1.4908546831429598E-4
<503,patient1-4,HR1-4,addNote> 0.0017816179131847655
<504,nurse9-0,HR9-6,addItem> 1.4778891634924834E-4
<505,nurse3-0,HR3-0,addItem> 1.5614740479320585E-4
<506,agent9-1,HR9-2,addNote> 0.0014041657343427123
<507,nurse9-0,HR9-5,addItem> 1.5729696409293094E-4
<508,agent1-01,noteItem1-7,read> 9.709745912935097E-4
<509,nurse3-0,HR3-9,addItem> 1.5985579835399005E-4
<510,patient6-4,noteItem6-4,read> 0.004856039563763506
<511,agent9-11,noteItem9-2agent9-1,read> 0.001591223914235606
<512,doctor2-1,HRitem2-0-2,read> 3.694987343553774E-4
<513,nurse1-0,nursingItem1-8,read> 8.877704472206816E-4
<514,doctor4-0,HRitem6-7-1,read> 1.930158341209939E-4
<515,nurse1-1,HR1-3,addItem> 1.7804748062405057E-4
<516,patient7-4,HR7-4,addNote> 0.0013992047905906104
<517,patient0-4,HR0-4,addNote> 0.0012100994002967973
<518,nurse7-3,HR7-8,addItem> 1.4675776994066918E-4
<519,nurse7-3,HR7-9,addItem> 1.463222330940541E-4
<520,nurse8-2,nursingItem8-2,read> 6.84201373668045E-4
<521,nurse7-3,HR7-4,addItem> 1.4501562255420892E-4
<522,nurse7-3,HR7-5,addItem> 1.4458008570759386E-4
<523,nurse7-3,HR7-6,addItem> 1.4588669624743906E-4
<524,nurse6-0,HR6-7,addItem> 3.41498159265755E-5
<525,nurse7-3,HR7-7,addItem> 1.45451159400824E-4
<526,nurse7-3,HR7-0,addItem> 1.4327347516774865E-4
<527,nurse7-3,nursingItem7-5,read> 1.8695207510229658E-4
<528,nurse7-3,HR7-1,addItem> 1.4283793832113356E-4
<529,nurse7-2,nursingItem7-4,read> 1.7293785890636692E-4
<530,nurse7-3,HR7-2,addItem> 1.441445488609788E-4
<531,nurse7-3,HR7-3,addItem> 1.437090120143637E-4
<532,patient0-3,HR0-3,addNote> 0.0012016947162837392
<533,agent3-1,noteItem3-4agent3-1,read> 0.002433845070726775
<534,patient2-0,HR2-0,addNote> 0.001739594493119474
<535,agent4-11,noteItem4-3,read> 0.002319358613495507
<536,doctor2-0,HRitem0-6-2,read> 6.158641252865974E-4
<537,nurse1-0,nursingItem1-3,read> 8.98553690576677E-4
<538,nurse0-1,nursingItem0-1,read> 8.791073160978225E-4
<539,doctor1-0,HRitem8-1-1,read> 3.666856679925811E-5
<540,patient0-0,noteItem0-0agent0-0,read> 0.0035004735572047386
<541,doctor6-0,HR0-6,addItem> 3.2018973605917565E-4
<542,doctor4-1,HRitem3-6-3,read> 4.678080009288931E-4
<543,doctor3-0,HRitem3-1-1,read> 4.2590811773566286E-5
<544,agent0-01,noteItem0-0agent0-0agent0-1,read> 9.636521327293741E-4
<545,agent7-01,HR7-4,addNote> 5.657414645419514E-4
<546,patient8-1,noteItem8-1,read> 0.002185448149290633
<547,doctor0-0,HR0-0,addItem> 1.9679462827973184E-4
<548,agent5-01,HR5-0,addNote> 0.0010577320509114999
<549,doctor1-0,HRitem8-5-1,read> 5.471660835846226E-4
<550,doctor5-1,HR1-9,addItem> 3.711634089621659E-4
<551,doctor5-1,HR1-8,addItem> 3.7394048112731975E-4
<552,patient7-2,noteItem7-2,read> 0.0018112251485364723
<553,doctor5-1,HR1-7,addItem> 2.635426433895244E-4
<554,patient4-3,noteItem4-3agent4-1,read> 0.0050597783098272845
<555,nurse9-2,nursingItem9-3,read> 7.298280059598554E-4
<556,doctor5-1,HR1-6,addItem> 2.642048801648724E-4
<557,doctor1-1,HR2-5,addItem> 2.727303185676905E-4
<558,doctor3-0,HRitem3-5-2,read> 7.805025355723645E-4
<559,agent5-0,noteItem5-0,read> 0.00245079843484952
<560,doctor5-1,HR1-4,addItem> 3.924542955616791E-4
<561,doctor5-1,HR1-2,addItem> 3.9060291411824305E-4
<562,doctor5-1,HR1-1,addItem> 2.8274750987461597E-4
<563,doctor5-1,HR1-0,addItem> 3.94305677005115E-4
<564,agent9-1,noteItem9-2agent9-1,read> 0.004664794865389842
<565,doctor4-0,HR6-5,addItem> 8.066741500251935E-5
<566,doctor4-0,HR6-7,addItem> 7.691362351427802E-5
<567,patient8-0,noteItem8-0,read> 0.002176943081091675
<568,doctor1-1,HRitem0-5-3,read> 3.8306932602757336E-4
<569,doctor4-0,HR6-9,addItem> 8.911344585106235E-5
<570,doctor9-1,HR0-5,addItem> 8.118235679238578E-5
<571,doctor9-1,HR0-8,addItem> 8.434951242903273E-5
<572,doctor0-1,HRitem0-5-0,read> 4.855747358518177E-4
<573,doctor9-1,HR0-1,addItem> 7.945481735421472E-5
<574,patient6-7,noteItem6-7agent6-0,read> 0.0026290973719156696
<575,doctor9-1,HR0-4,addItem> 8.290989623055684E-5
<576,nurse1-1,nursingItem1-5,read> 0.0014982368336450764
<577,doctor9-1,HR0-3,addItem> 8.233404975116651E-5
<578,doctor7-1,HR7-0,addItem> 3.3185457838507873E-4
<579,nurse8-3,nursingItem8-7,read> 6.70726567196742E-4
<580,doctor4-0,HR6-1,addItem> 8.629810223488135E-5
<581,doctor4-0,HR6-3,addItem> 8.442120649076069E-5
<582,doctor9-0,HRitem0-5-3,read> 2.446392892076403E-4
<583,nurse0-0,nursingItem0-9,read> 0.001491414128983665
<584,nurse7-0,HR7-9,addItem> 1.399947851764734E-4
<585,doctor0-0,HRitem0-9-2,read> 1.705113032186228E-4
<586,nurse0-0,nursingItem0-7,read> 0.0014873556291712484
<587,patient0-7,HR0-7,addNote> 0.0012395157943425018
<588,agent5-11,HR5-7,addNote> 9.977760171417838E-4
<589,patient1-7,noteItem1-7agent1-0,read> 0.0011462291267746204
<590,nurse5-0,HR5-9,addItem> 1.5495432722367636E-4
<591,nurse5-0,HR5-5,addItem> 1.5328796501761914E-4
<592,nurse7-0,HR7-0,addItem> 1.3707786543076494E-4
<593,patient5-7,noteItem5-7,read> 0.004762483813574966
<594,nurse0-3,nursingItem0-0,read> 0.001514198818349624
<595,nurse5-0,HR5-6,addItem> 1.5745387053276222E-4
<596,nurse5-0,HR5-7,addItem> 1.566206894297336E-4
<597,nurse5-0,HR5-8,addItem> 1.5578750832670498E-4
<598,nurse5-0,HR5-1,addItem> 1.6078659494487668E-4
<599,nurse7-2,nursingItem7-8,read> 2.9093389718825154E-4
<600,nurse5-0,HR5-2,addItem> 1.5453773667216205E-4
<601,nurse5-0,HR5-3,addItem> 1.5412114612064774E-4
<602,patient8-4,HR8-4,addNote> 0.001100838508127039
<603,nurse7-3,nursingItem7-8,read> 1.7488740771198972E-4
<604,nurse5-0,HR5-4,addItem> 1.5370455556913348E-4
<605,nurse7-0,HR7-8,addItem> 1.4041148799728894E-4
<606,nurse7-0,HR7-7,addItem> 1.3916137953484244E-4
<607,patient7-7,noteItem7-7,read> 0.00163261871635835
<608,nurse7-0,HR7-6,addItem> 1.3957808235565795E-4
<609,nurse5-0,HR5-0,addItem> 1.6037000439336242E-4
<610,patient2-7,HR2-7,addNote> 0.0017185827830868276
<611,nurse7-0,HR7-5,addItem> 1.3832797389321146E-4
<612,agent8-01,noteItem8-4agent8-1agent8-0,read> 2.51814783210572E-4
<613,agent7-0,noteItem7-4agent7-0,read> 6.351271048173854E-4
<614,nurse2-1,nursingItem2-6,read> 0.0010114959143849953
<615,nurse1-0,HR1-6,addItem> 1.7256153168448857E-4
<616,doctor5-0,HR5-3,addItem> 5.546822866731796E-4
<617,nurse7-0,HR7-4,addItem> 1.3874467671402694E-4
<618,nurse7-0,HR7-3,addItem> 1.3749456825158042E-4
<619,nurse7-0,HR7-2,addItem> 1.3791127107239592E-4
<620,nurse7-0,HR7-1,addItem> 1.3666116260994943E-4
<621,doctor6-0,HR2-2,addItem> 4.761660480328931E-4
<622,doctor7-1,HR8-2,addItem> 2.666028284251256E-4
<623,doctor6-0,HR2-0,addItem> 4.727400506851998E-4
<624,doctor6-1,HR6-8,addItem> 6.540400982171453E-5
<625,agent6-11,noteItem6-9,read> 0.0021375530606496536
<626,patient2-2,noteItem2-2,read> 0.0018027200803375143
<627,patient9-5,noteItem9-5,read> 0.0030444600373854104
<628,patient5-9,noteItem5-9,read> 0.004745473677177049
<629,doctor6-0,HR2-7,addItem> 4.6703005510571064E-4
<630,doctor6-0,HR2-8,addItem> 4.6588805598981285E-4
<631,patient3-6,HR3-6,addNote> 0.0015967148648974817
<632,doctor6-0,HR2-5,addItem> 4.64746056873915E-4
<633,patient0-6,HR0-6,addNote> 0.0011932900322706808
<634,doctor6-0,HR2-4,addItem> 4.795920453805867E-4
<635,nurse4-2,HR4-4,addItem> 1.2067359993606268E-4
<636,doctor3-0,HR9-9,addItem> 5.961209420780436E-4
<637,agent9-01,noteItem9-9,read> 9.166398271136419E-4
<638,nurse3-2,nursingItem3-6,read> 5.64844981608105E-4
<639,nurse4-2,HR4-3,addItem> 1.1983836809800488E-4
<640,nurse8-0,nursingItem8-6,read> 8.306185242258098E-4
<641,patient6-0,noteItem6-0,read> 0.00478799901817184
<642,nurse4-2,HR4-6,addItem> 1.1900313625994704E-4
<643,nurse4-2,HR4-5,addItem> 1.1816790442188922E-4
<644,nurse1-1,HR1-9,addItem> 1.6878641572704546E-4
<645,nurse4-2,HR4-8,addItem> 1.173326725838314E-4
<646,patient8-6,HR8-6,addNote> 0.0011176478761531555
<647,doctor6-1,HR8-3,addItem> 2.3614747645170041E-4
<648,nurse4-2,HR4-7,addItem> 1.1649744074577358E-4
<649,nurse7-1,HR7-1,addItem> 1.3614643130068407E-4
<650,nurse7-1,HR7-0,addItem> 1.3656156461934964E-4
<651,nurse4-2,HR4-9,addItem> 1.1566220890771574E-4
<652,nurse7-1,HR7-2,addItem> 1.373918312566807E-4
<653,agent4-1,noteItem4-3agent4-1,read> 0.003465632211981927
<654,nurse1-2,HR1-6,addItem> 1.6563598526236865E-4
<655,patient4-7,HR4-7,addNote> 0.001172278322238035
<656,patient1-6,HR1-6,addNote> 0.0016765593630215362
<657,nurse3-2,nursingItem3-7,read> 5.950656168240406E-4
<658,doctor6-1,HR6-6,addItem> 6.852003212587562E-5
<659,nurse0-1,nursingItem0-0,read> 8.802826587297844E-4
<660,nurse5-1,nursingItem5-8,read> 8.287007058676901E-4
<661,agent0-1,noteItem0-0agent0-0,read> 9.697972786603779E-4
<662,nurse7-1,HR7-5,addItem> 1.3780696457534625E-4
<663,nurse0-2,nursingItem0-8,read> 0.0014823890248385724
<664,agent5-11,noteItem5-7,read> 0.0023288052340899286
<665,nurse1-2,nursingItem1-3,read> 0.0015085185308145903
<666,nurse7-1,HR7-4,addItem> 1.3822209789401176E-4
<667,doctor6-1,HR6-4,addItem> 7.085704885399644E-5
<668,patient7-5,noteItem7-5agent7-1,read> 0.004685239423167947
<669,nurse7-1,HR7-7,addItem> 1.3863723121267728E-4
<670,doctor3-0,HR9-7,addItem> 5.909813530671923E-4
<671,nurse4-2,HR4-0,addItem> 1.2276167953120728E-4
<672,agent7-01,noteItem7-4,read> 4.685134598823698E-4
<673,nurse4-3,nursingItem4-9,read> 8.253446034222744E-4
<674,nurse0-0,nursingItem0-5,read> 8.524690327562304E-4
<675,nurse7-1,HR7-6,addItem> 1.3905236453134285E-4
<676,doctor6-1,HR6-2,addItem> 7.2415060006077E-5
<677,nurse7-1,HR7-9,addItem> 1.3946749785000837E-4
<678,nurse5-3,nursingItem5-0,read> 8.324379773762867E-4
<679,nurse1-1,nursingItem1-3,read> 8.745121202602444E-4
<680,nurse4-2,HR4-2,addItem> 1.210912158550916E-4
<681,nurse7-1,HR7-8,addItem> 1.398826311686739E-4
<682,doctor7-1,HRitem7-8-3,read> 2.427626919051825E-4
<683,nurse4-2,HR4-1,addItem> 1.2192644769314941E-4
<684,doctor6-1,HR6-0,addItem> 5.9950970789432634E-5
<685,doctor9-0,HR0-8,addItem> 8.518054210813649E-5
<686,patient4-7,noteItem4-7,read> 0.004583877381396844
<687,agent4-01,HR4-7,addNote> 7.350708029869908E-4
<688,doctor6-0,HR6-7,addItem> 7.863878890151416E-5
<689,doctor6-0,HR6-9,addItem> 9.111225211314224E-5
<690,nurse0-2,nursingItem0-1,read> 0.0015065597794755826
<691,doctor9-0,HR0-3,addItem> 8.314522265511889E-5
<692,nurse3-0,nursingItem3-8,read> 5.866264922232866E-4
<693,doctor9-0,HR0-1,addItem> 8.023762343652225E-5
<694,doctor9-0,HR0-5,addItem> 8.198218296768023E-5
<695,doctor9-0,HR0-4,addItem> 8.372674249883819E-5
<696,nurse4-3,HR4-7,addItem> 1.1576704926774364E-4
<697,nurse8-3,nursingItem8-4,read> 6.727936538885844E-4
<698,doctor4-1,HR3-6,addItem> 5.396144167511327E-4
<699,nurse4-3,HR4-6,addItem> 1.1825703509217308E-4
<700,doctor9-0,HRitem0-3-3,read> 1.380051026075021E-4
<701,nurse4-3,HR4-5,addItem> 1.1742703981736326E-4
<702,nurse4-3,HR4-4,addItem> 1.199170256417927E-4
<703,nurse7-2,HR7-2,addItem> 1.3687239144096546E-4
<704,nurse7-2,HR7-1,addItem> 1.3563169999141874E-4
<705,nurse1-0,nursingItem1-6,read> 8.829778946180169E-4
<706,patient1-0,noteItem1-0,read> 0.001972821444316678
<707,nurse7-2,HR7-0,addItem> 1.3604526380793432E-4
<708,nurse4-3,HR4-9,addItem> 1.1493705399293382E-4
<709,doctor9-0,HR9-1,addItem> 2.1909179238931948E-4
<710,nurse4-3,HR4-8,addItem> 1.1659704454255348E-4
<711,nurse7-2,HR7-6,addItem> 1.3852664670702775E-4
<712,nurse9-0,nursingItem9-9,read> 7.733278117436938E-4
<713,nurse0-1,HR0-2,addItem> 1.1793799413305205E-4
<714,nurse7-2,HR7-5,addItem> 1.3728595525748104E-4
<715,doctor6-0,HR6-3,addItem> 8.631476626251606E-5
<716,nurse7-2,HR7-4,addItem> 1.376995190739966E-4
<717,nurse7-2,HR7-3,addItem> 1.3645882762444988E-4
<718,doctor6-0,HR6-5,addItem> 8.24767775820151E-5
<719,patient5-9,HR5-9,addNote> 0.0015630961288452482
<720,nurse4-3,HR4-3,addItem> 1.1908703036698289E-4
<721,nurse7-2,HR7-9,addItem> 1.389402105235433E-4
<722,nurse4-3,HR4-2,addItem> 1.2033202327919762E-4
<723,nurse7-2,HR7-8,addItem> 1.3935377434005886E-4
<724,agent3-11,HR3-4,addNote> 0.0010397066426845803
<725,patient2-8,noteItem2-8,read> 0.0016836491255520995
<726,nurse5-3,HR5-5,addItem> 1.5596938714620723E-4
<727,nurse4-3,HR4-1,addItem> 1.2116201855400741E-4
<728,nurse7-2,HR7-7,addItem> 1.3811308289051217E-4
<729,patient5-0,HR5-0,addNote> 0.0016177265749301277
<730,nurse4-3,HR4-0,addItem> 1.2199201382881726E-4
<731,doctor6-0,HR6-1,addItem> 8.823376060276653E-5
<732,patient4-9,HR4-9,addNote> 0.0011638736382249765
<733,nurse0-3,nursingItem0-4,read> 0.0014798292429456382
<734,nurse6-0,HR6-6,addItem> 3.664985328978184E-5
<735,nurse5-3,HR5-1,addItem> 1.635991884424547E-4
<736,nurse1-1,HR1-6,addItem> 1.6794450073640864E-4
<737,nurse4-0,HR4-0,addItem> 1.250706766383773E-4
<738,nurse6-0,HR6-5,addItem> 3.581650750204639E-5
<739,nurse5-3,HR5-0,addItem> 1.6317531059266318E-4
<740,nurse5-3,HR5-3,addItem> 1.5681714284579028E-4
<741,nurse6-0,HR6-8,addItem> 3.498316171431095E-5
<742,nurse5-3,HR5-2,addItem> 1.5724102069558177E-4
<743,nurse6-0,HR6-2,addItem> 3.8733217759120465E-5
<744,nurse6-0,HR6-1,addItem> 3.831654486525273E-5
<745,agent1-0,HR1-7,addNote> 8.961613372783844E-4
<746,nurse6-0,HR6-4,addItem> 3.7899871971385014E-5
<747,nurse6-0,HR6-3,addItem> 3.748319907751729E-5
<748,nurse5-3,HR5-9,addItem> 1.5766489854537332E-4
<749,doctor2-1,HR2-4,addItem> 4.7433143793582696E-4
<750,nurse8-0,nursingItem8-5,read> 8.370379370490914E-4
<751,nurse4-0,HR4-7,addItem> 1.1868861517986336E-4
<752,nurse5-3,HR5-8,addItem> 1.5851265424495634E-4
<753,doctor6-1,HR3-5,addItem> 5.525668715083956E-4
<754,nurse4-0,HR4-8,addItem> 1.1953955670766522E-4
<755,nurse6-0,HR6-0,addItem> 3.206645145723689E-5
<756,nurse4-2,nursingItem4-9,read> 0.0014490136621816616
<757,nurse4-0,HR4-5,addItem> 1.2039049823546708E-4
<758,patient7-9,noteItem7-9,read> 0.0016666389891541828
<759,agent3-11,noteItem3-4agent3-1,read> 0.0020036685951725936
<760,doctor6-0,HRitem6-7-0,read> 1.918313851261322E-4
<761,nurse4-0,HR4-6,addItem> 1.2124143976326892E-4
<762,nurse3-1,nursingItem3-8,read> 6.009782106874648E-4
<763,nurse4-0,HR4-3,addItem> 1.220923812910708E-4
<764,nurse4-0,HR4-4,addItem> 1.2294332281887263E-4
<765,nurse5-3,HR5-7,addItem> 1.5936040994453943E-4
<766,nurse4-0,HR4-1,addItem> 1.2421973511057542E-4
<767,nurse5-3,HR5-6,addItem> 1.6020816564412248E-4
<768,nurse2-1,nursingItem2-8,read> 5.848856538697771E-4
<769,nurse4-0,HR4-2,addItem> 1.2336879358277355E-4
<770,nurse4-0,HR4-9,addItem> 1.1783767365206148E-4
<771,doctor3-0,HR9-5,addItem> 6.235320834692506E-4
<772,nurse6-0,HR6-9,addItem> 3.956656354685591E-5
<773,doctor3-0,HR9-1,addItem> 6.081133164366965E-4
<774,nurse6-1,HR6-9,addItem> 3.9792014051396393E-5
<775,nurse8-2,nursingItem8-7,read> 6.800099798915067E-4
<776,nurse6-1,HR6-8,addItem> 3.518249596909334E-5
<777,nurse4-1,HR4-0,addItem> 1.243010109359873E-4
<778,nurse6-1,HR6-7,addItem> 3.4344401772310966E-5
<779,nurse4-1,HR4-1,addItem> 1.2345530597143343E-4
<780,nurse6-1,HR6-6,addItem> 3.685868436265809E-5
<781,nurse6-1,HR6-5,addItem> 3.602059016587572E-5
<782,doctor7-1,HRitem6-1-2,read> 5.708550634818553E-4
<783,nurse0-2,nursingItem0-0,read> 8.634082307669128E-4
<784,nurse6-1,HR6-4,addItem> 3.811582565783165E-5
<785,nurse3-1,nursingItem3-5,read> 5.694067570575112E-4
<786,nurse1-1,nursingItem1-0,read> 8.523565823504344E-4
<787,nurse0-3,nursingItem0-3,read> 0.001471742284027053
<788,nurse6-1,HR6-3,addItem> 3.769677855944046E-5
<789,doctor5-1,HR5-6,addItem> 5.451403586933825E-4
<790,nurse6-1,HR6-2,addItem> 3.8953919854614026E-5
<791,nurse4-1,HR4-6,addItem> 1.2049533859549496E-4
<792,patient6-8,noteItem6-8,read> 0.004907069972957256
<793,nurse6-1,HR6-1,addItem> 3.853487275622283E-5
<794,nurse4-3,nursingItem4-3,read> 8.08101027470094E-4
<795,agent8-11,noteItem8-4,read> 5.523655903332819E-4
<796,nurse6-1,HR6-0,addItem> 3.224916628035504E-5
<797,nurse4-1,HR4-7,addItem> 1.1795822370183342E-4
<798,nurse9-3,nursingItem9-0,read> 7.605307763907114E-4
<799,nurse4-1,HR4-8,addItem> 1.188039286663873E-4
<800,nurse4-1,HR4-9,addItem> 1.1711251873727957E-4
<801,agent2-11,noteItem2-7agent2-1,read> 0.00323001410481773
<802,agent6-01,noteItem6-7,read> 0.0023026967440679296
<803,nurse4-1,HR4-2,addItem> 1.2260960100687958E-4
<804,nurse4-1,HR4-3,addItem> 1.2134104356004881E-4
<805,patient9-1,HR9-1,addNote> 0.0014916563147342522
<806,nurse0-3,nursingItem0-2,read> 8.458265945111145E-4
<807,nurse4-1,HR4-4,addItem> 1.2218674852460266E-4
<808,nurse4-1,HR4-5,addItem> 1.1964963363094112E-4
<809,agent7-01,noteItem7-4agent7-0,read> 2.501770902284498E-4
<810,agent7-11,HR7-5,addNote> 5.912581254372478E-4
<811,nurse6-2,HR6-4,addItem> 3.833177934427829E-5
<812,nurse6-2,HR6-3,addItem> 3.7910358041363635E-5
<813,nurse6-2,HR6-6,addItem> 3.706751543553434E-5
<814,nurse9-1,nursingItem9-2,read> 0.001281113202401726
<815,nurse6-2,HR6-5,addItem> 3.622467282970504E-5
<816,nurse6-2,HR6-8,addItem> 3.538183022387574E-5
<817,nurse6-2,HR6-7,addItem> 3.453898761804644E-5
<818,nurse5-1,HR5-1,addItem> 1.61724126110736E-4
<819,nurse4-1,nursingItem4-1,read> 0.0014086094142167038
<820,nurse6-2,HR6-9,addItem> 4.0017464555936884E-5
<821,nurse5-1,HR5-0,addItem> 1.61305106459796E-4
<822,doctor3-0,HRitem9-9-3,read> 5.969129413688113E-4
<823,nurse9-1,nursingItem9-8,read> 0.0012891710460386627
<824,doctor4-0,HRitem4-8-2,read> 4.61885755954585E-4
<825,nurse5-1,HR5-3,addItem> 1.5501981169569528E-4
<826,nurse5-1,HR5-2,addItem> 1.554388313466353E-4
<827,nurse5-1,HR5-5,addItem> 1.5418177239381517E-4
<828,nurse5-1,HR5-4,addItem> 1.5460079204475524E-4
<829,nurse5-1,HR5-7,addItem> 1.5753392960133554E-4
<830,nurse6-2,HR6-0,addItem> 3.24318811034732E-5
<831,nurse5-1,HR5-6,addItem> 1.5837196890321564E-4
<832,nurse5-1,HR5-9,addItem> 1.5585785099757533E-4
<833,nurse6-2,HR6-2,addItem> 3.917462195010759E-5
<834,agent1-01,noteItem1-7agent1-0,read> 7.545967510398057E-4
<835,nurse5-1,HR5-8,addItem> 1.5669589029945543E-4
<836,nurse6-2,HR6-1,addItem> 3.875320064719293E-5
<837,patient0-9,noteItem0-9,read> 0.0018537504895312635
<838,nurse6-3,HR6-7,addItem> 3.4733573463781915E-5
<839,nurse6-3,HR6-6,addItem> 3.727634650841059E-5
<840,nurse6-3,HR6-5,addItem> 3.642875549353436E-5
<841,nurse3-3,nursingItem3-0,read> 5.773889187537817E-4
<842,nurse6-3,HR6-4,addItem> 3.854773303072493E-5
<843,nurse5-2,HR5-2,addItem> 1.5633992602110853E-4
<844,nurse5-2,HR5-1,addItem> 1.6266165727659535E-4
<845,nurse6-3,HR6-9,addItem> 4.024291506047738E-5
<846,nurse5-2,HR5-0,addItem> 1.622402085262296E-4
<847,nurse6-3,HR6-8,addItem> 3.558116447865814E-5
<848,nurse5-2,HR5-6,addItem> 1.5929006727366906E-4
<849,nurse5-2,HR5-5,addItem> 1.550755797700112E-4
<850,nurse9-3,nursingItem9-1,read> 7.228444612495337E-4
<851,nurse9-2,nursingItem9-5,read> 0.0012982577826739588
<852,nurse5-2,HR5-4,addItem> 1.55497028520377E-4
<853,nurse5-2,HR5-3,addItem> 1.5591847727074276E-4
<854,patient2-0,noteItem2-0,read> 0.001836740353133347
<855,nurse6-3,HR6-3,addItem> 3.8123937523286815E-5
<856,nurse5-2,HR5-9,addItem> 1.5676137477147432E-4
<857,nurse6-3,HR6-2,addItem> 3.9395324045601155E-5
<858,nurse5-2,HR5-8,addItem> 1.5760427227220588E-4
<859,nurse6-3,HR6-1,addItem> 3.8971528538163035E-5
<860,nurse5-2,HR5-7,addItem> 1.5844716977293747E-4
<861,patient9-8,noteItem9-8,read> 0.0030614701737833273
<862,nurse6-3,HR6-0,addItem> 3.261459592659136E-5
<863,doctor6-1,HRitem3-1-0,read> 4.4959709763289545E-5
<864,doctor7-0,HRitem0-3-1,read> 3.5173199943245285E-4
<865,patient1-2,noteItem1-2,read> 0.0015730832389656431
<866,nurse1-3,nursingItem1-7,read> 0.0014884839498237059
<867,doctor9-0,HRitem9-5-2,read> 8.432783323000313E-4
<868,patient0-7,noteItem0-7,read> 0.0018707606259291795
<869,agent0-01,noteItem0-0,read> 4.457221194094573E-4
<870,agent0-0,noteItem0-0agent0-0agent0-1,read> 9.271627232284339E-4
<871,agent4-11,noteItem4-3agent4-1,read> 0.002771541955066049
<872,doctor3-1,HR3-7,addItem> 5.811288801626294E-4
<873,nurse1-0,nursingItem1-1,read> 8.937611379740125E-4
<874,doctor6-1,HRitem6-0-2,read> 3.0080069265340256E-4
<875,nurse4-1,nursingItem4-7,read> 8.433089282115727E-4
<876,nurse4-1,nursingItem4-8,read> 8.421375980259671E-4
<877,nurse4-1,nursingItem4-9,read> 8.409662678403616E-4
<878,nurse4-1,nursingItem4-3,read> 8.233963150562787E-4
<879,agent1-0,noteItem1-7,read> 6.809202507249566E-4
<880,nurse4-1,nursingItem4-4,read> 8.175396641282514E-4
<881,patient7-7,HR7-7,addNote> 0.0014034071325971396
<882,nurse8-2,nursingItem8-5,read> 0.0012447618107572435
<883,nurse4-1,nursingItem4-6,read> 0.001465526348036295
<884,nurse4-1,nursingItem4-0,read> 8.093403528290127E-4
<885,patient3-7,noteItem3-7,read> 0.004728463540779133
<886,nurse4-1,nursingItem4-2,read> 8.222249848706733E-4
<887,nurse1-3,nursingItem1-5,read> 8.439185241204502E-4
<888,agent8-11,HR8-4,addNote> 3.395254651887265E-4
<889,nurse4-0,nursingItem4-9,read> 8.461734893130573E-4
<890,nurse4-0,nursingItem4-6,read> 8.49709238325334E-4
<891,patient2-8,HR2-8,addNote> 0.0017143804410802985
<892,nurse4-0,nursingItem4-7,read> 8.485306553212418E-4
<893,patient7-6,HR7-6,addNote> 0.0014076094746036689
<894,nurse5-3,nursingItem5-7,read> 8.394830005171734E-4
<895,nurse4-0,nursingItem4-5,read> 8.249589952393971E-4
<896,nurse4-0,nursingItem4-2,read> 8.273161612475814E-4
<897,nurse1-1,nursingItem1-6,read> 0.0014941818368582162
<898,doctor0-1,HR4-4,addItem> 1.9878818945826142E-4
<899,nurse4-0,nursingItem4-3,read> 0.0014340353197762382
<900,nurse4-0,nursingItem4-0,read> 8.14351748202567E-4
<901,patient6-4,HR6-4,addNote> 3.8223802501054964E-4
<902,nurse4-3,nursingItem4-5,read> 8.04652312279658E-4
<903,nurse4-3,nursingItem4-6,read> 8.287933186127105E-4
<904,nurse4-3,nursingItem4-7,read> 0.0014478284190708735
<905,patient7-9,HR7-9,addNote> 0.0014118118166101979
<906,nurse4-3,nursingItem4-8,read> 8.264941751524196E-4
<907,agent1-1,HR1-4,addNote> 0.0011175436642682627
<908,patient2-9,HR2-9,addNote> 0.0017311898091064155
<909,doctor5-0,HRitem0-1-1,read> 1.3142448638818886E-4
<910,nurse4-3,nursingItem4-0,read> 0.0013895097328232133
<911,nurse4-3,nursingItem4-2,read> 0.0014116306138137046
<912,nurse4-3,nursingItem4-4,read> 0.00140358665708989
<913,patient6-5,HR6-5,addNote> 3.6122631497790376E-4
<914,nurse9-3,nursingItem9-2,read> 7.262704898987316E-4
<915,nurse9-3,nursingItem9-3,read> 7.159924039511378E-4
<916,nurse9-3,nursingItem9-5,read> 7.319805376473949E-4
<917,nurse9-3,nursingItem9-8,read> 7.308385280976623E-4
<918,nurse4-2,nursingItem4-6,read> 8.340222985408664E-4
<919,patient4-0,HR4-0,addNote> 0.0012353134523359728
<920,nurse4-2,nursingItem4-7,read> 8.328654739922343E-4
<921,nurse4-2,nursingItem4-5,read> 8.097289830195928E-4
<922,doctor2-1,HR1-0,addItem> 5.267144969376969E-4
<923,doctor2-1,HR1-4,addItem> 5.24241417034243E-4
<924,doctor2-1,HR1-3,addItem> 5.230048770825161E-4
<925,nurse4-2,nursingItem4-2,read> 8.120426321168568E-4
<926,nurse4-2,nursingItem4-3,read> 8.131994566654889E-4
<927,nurse4-2,nursingItem4-0,read> 7.993175620819042E-4
<928,nurse8-1,nursingItem8-4,read> 0.0014011569340125556
<929,doctor7-1,HRitem8-5-3,read> 5.554572265486541E-4
<930,nurse8-1,nursingItem8-2,read> 0.0014054618391416986
<931,nurse4-2,nursingItem4-1,read> 8.016312111791683E-4
<932,doctor2-1,HR1-5,addItem> 5.254779569859698E-4
<933,nurse3-0,nursingItem3-2,read> 9.792890032112838E-4
<934,patient2-2,noteItem2-2agent2-0,read> 9.398505565745777E-4
<935,patient7-0,HR7-0,addNote> 0.0013823954225644936
<936,nurse3-0,nursingItem3-4,read> 9.692749699445302E-4
<937,patient3-5,HR3-5,addNote> 0.0016135242329235982
<938,doctor2-1,HR1-9,addItem> 4.958009981445229E-4
<939,patient6-6,HR6-6,addNote> 3.696309989909621E-4
<940,nurse3-0,nursingItem3-5,read> 5.558089837546453E-4
<941,agent7-11,noteItem7-5,read> 5.190310063127603E-4
<942,nurse0-2,nursingItem0-6,read> 8.461160492327771E-4
<943,nurse3-0,nursingItem3-9,read> 0.0010313619761984029
<944,agent7-11,noteItem7-5agent7-1,read> 0.001710836911016584
<945,nurse3-0,nursingItem3-0,read> 5.569503729571877E-4
<946,nurse5-2,nursingItem5-1,read> 8.241652339101079E-4
<947,nurse3-0,nursingItem3-1,read> 9.812918098646346E-4
<948,doctor4-0,HRitem4-0-0,read> 5.32952695646283E-4
<949,nurse9-1,nursingItem9-7,read> 7.367467264566053E-4
<950,nurse3-1,nursingItem3-1,read> 5.729146963497284E-4
<951,nurse9-1,nursingItem9-9,read> 7.448180306655853E-4
<952,nurse3-1,nursingItem3-0,read> 9.909118937556625E-4
<953,patient9-1,noteItem9-1,read> 0.002984924559992703
<954,nurse9-1,nursingItem9-3,read> 0.0012629830542186182
<955,nurse9-1,nursingItem9-5,read> 7.390528133734567E-4
<956,nurse9-1,nursingItem9-6,read> 0.0012931999678571311
<957,nurse3-1,nursingItem3-9,read> 6.021475237848703E-4
<958,nurse9-1,nursingItem9-0,read> 7.678788998340999E-4
<959,nurse9-1,nursingItem9-1,read> 7.298284657060509E-4
<960,nurse3-1,nursingItem3-7,read> 0.001039649426912802
<961,nurse3-1,nursingItem3-6,read> 9.868504326592342E-4
<962,patient6-7,HR6-7,addNote> 3.4441694695178706E-4
<963,nurse3-1,nursingItem3-4,read> 5.658988177652942E-4
<964,nurse3-1,nursingItem3-3,read> 5.670681308626998E-4
<965,doctor0-0,HRitem1-3-3,read> 7.035133509063583E-4
<966,patient4-2,HR4-2,addNote> 0.0012185040843098558
<967,nurse3-2,nursingItem3-1,read> 5.694943101028643E-4
<968,nurse3-2,nursingItem3-3,read> 5.636826494844151E-4
<969,nurse9-2,nursingItem9-8,read> 7.449610117323997E-4
<970,nurse3-2,nursingItem3-2,read> 5.683319779791745E-4
<971,patient1-0,HR1-0,addNote> 0.001790022597197824
<972,nurse9-2,nursingItem9-9,read> 7.519454759351125E-4
<973,nurse9-2,nursingItem9-6,read> 7.472891664666373E-4
<974,nurse9-2,nursingItem9-7,read> 7.437969343652809E-4
<975,patient9-2,noteItem9-2,read> 0.002976419491793745
<976,nurse9-2,nursingItem9-4,read> 7.333202380612117E-4
<977,nurse3-2,nursingItem3-9,read> 5.985526131951101E-4
<978,agent2-01,noteItem2-2agent2-0,read> 5.80645737403752E-4
<979,nurse9-2,nursingItem9-2,read> 7.403047022639245E-4
<980,nurse3-2,nursingItem3-8,read> 0.0010401229583931859
<981,nurse3-2,nursingItem3-5,read> 9.854817198817318E-4
<982,doctor6-1,HRitem8-0-2,read> 3.8489657128857864E-4
<983,nurse3-2,nursingItem3-4,read> 5.625203173607253E-4
<984,patient6-8,HR6-8,addNote> 3.528216309648454E-4
<985,doctor9-1,HRitem7-1-3,read> 1.4919122131111339E-4
<986,doctor1-1,HR0-8,addItem> 1.333802634961552E-4
<987,doctor1-1,HR0-5,addItem> 1.2837210113475782E-4
<988,patient4-3,HR4-3,addNote> 0.0012058970582902683
<989,nurse7-0,nursingItem7-9,read> 1.719418898175995E-4
<990,patient7-5,HR7-5,addNote> 0.0013950024485840813
<991,doctor1-1,HR0-3,addItem> 1.3019325108435688E-4
<992,doctor1-1,HR0-4,addItem> 1.311038260591564E-4
<993,patient4-7,noteItem4-7agent4-0,read> 0.0035081172079528887
<994,doctor1-1,HR0-1,addItem> 1.2564037621035925E-4
<995,doctor1-0,HR8-6,addItem> 1.400234981203243E-4
<996,patient7-1,noteItem7-1,read> 0.001828235284934389
<997,doctor1-0,HR8-5,addItem> 1.385572486142021E-4
<998,doctor1-0,HR8-4,addItem> 1.3791755172841595E-4
<999,doctor1-0,HR8-3,addItem> 1.3648890840786356E-4
<1000,nurse3-3,nursingItem3-3,read> 5.738390936192694E-4
<1001,doctor1-0,HR8-2,addItem> 1.4114267387212534E-4
<1002,nurse3-3,nursingItem3-2,read> 5.78572193798619E-4
<1003,doctor1-0,HR8-1,addItem> 1.4476187750211815E-4
<1004,patient6-5,noteItem6-5,read> 0.004873049700161423
<1005,nurse3-3,nursingItem3-1,read> 5.797554688434565E-4
<1006,doctor1-0,HR8-0,addItem> 1.395914187173714E-4
<1007,nurse3-3,nursingItem3-8,read> 6.08154069919554E-4
<1008,nurse3-3,nursingItem3-7,read> 6.057875198298792E-4
<1009,patient6-9,HR6-9,addNote> 3.990473930366664E-4
<1010,nurse2-0,nursingItem2-8,read> 0.0010194191182589026
<1011,nurse3-3,nursingItem3-6,read> 5.75022368664107E-4
<1012,nurse3-3,nursingItem3-5,read> 5.762056437089442E-4
<1013,doctor1-0,HR8-9,addItem> 1.3442056820152495E-4
<1014,nurse3-3,nursingItem3-9,read> 6.093373449643913E-4
<1015,doctor1-0,HR8-8,addItem> 1.3581160533650757E-4
<1016,patient2-1,HR2-1,addNote> 0.001743796835126003
<1017,patient9-3,noteItem9-3,read> 0.003010439764589578
<1018,patient4-4,HR4-4,addNote> 0.0012143017423033265
<1019,patient9-9,HR9-9,addNote> 0.0014622399206885481
<1020,nurse9-0,nursingItem9-4,read> 7.541729462525258E-4
<1021,nurse9-0,nursingItem9-5,read> 7.673419162777039E-4
<1022,nurse9-0,nursingItem9-2,read> 7.613560208117139E-4
<1023,nurse1-0,nursingItem1-5,read> 8.853741709193493E-4
<1024,nurse9-0,nursingItem9-3,read> 7.505814089729319E-4
<1025,doctor2-0,HR2-3,addItem> 0.0012294827028019133
<1026,nurse9-0,nursingItem9-8,read> 7.661447371845059E-4
<1027,nurse9-0,nursingItem9-7,read> 7.64947558091308E-4
<1028,nurse9-0,nursingItem9-0,read> 0.0013709395234523056
<1029,nurse9-0,nursingItem9-1,read> 0.0013030058375000922
<1030,doctor0-1,HRitem8-2-0,read> 1.4445342533166684E-4
<1031,doctor7-1,HR7-9,addItem> 3.389162084254451E-4
<1032,doctor7-1,HR7-8,addItem> 3.3992501271692607E-4
<1033,doctor7-1,HR7-2,addItem> 3.3387218696804053E-4
<1034,doctor7-1,HR7-6,addItem> 3.379074041339643E-4
<1035,doctor7-1,HR7-7,addItem> 3.3689859984248333E-4
<1036,doctor7-1,HR7-4,addItem> 3.358897955510024E-4
<1037,patient9-7,HR9-7,addNote> 0.0014496328946689606
<1038,patient3-4,HR3-4,addNote> 0.0016093218909170692
<1039,patient9-4,HR9-4,addNote> 0.0015168703667734276
<1040,doctor6-1,HR8-5,addItem> 2.3972603331663534E-4
<1041,doctor6-1,HR8-0,addItem> 2.4151531174910289E-4
<1042,nurse1-3,HR1-4,addItem> 1.747886765086603E-4
<1043,doctor7-0,HR7-8,addItem> 3.35354592377875E-4
<1044,agent6-1,noteItem6-9agent6-1,read> 0.001443781495629197
<1045,doctor7-0,HR7-7,addItem> 3.3236887076897097E-4
<1046,doctor7-0,HR7-4,addItem> 3.313736302326696E-4
<1047,doctor7-0,HR7-6,addItem> 3.3336411130527235E-4
<1048,nurse8-1,nursingItem8-9,read> 8.313728201336894E-4
<1049,doctor7-0,HR7-1,addItem> 4.261095085035873E-4
<1050,doctor7-0,HR7-2,addItem> 3.2938314916006693E-4
<1051,doctor6-1,HR8-7,addItem> 2.3167428037053163E-4
<1052,agent1-0,noteItem1-7agent1-0,read> 6.583565961752546E-4
<1053,nurse5-2,nursingItem5-3,read> 0.0014282323433803354
<1054,doctor8-1,HR8-1,addItem> 2.541375182814963E-4
<1055,agent7-0,HR7-4,addNote> 0.0012532247632258417
<1056,doctor8-1,HR8-4,addItem> 2.421219241454413E-4
<1057,doctor8-1,HR8-6,addItem> 2.4581903003345824E-4
<1058,doctor8-1,HR8-8,addItem> 2.384248182574244E-4
<1059,patient1-8,HR1-8,addNote> 0.001697571073054182
<1060,doctor8-0,HR8-1,addItem> 2.5321839524973684E-4
<1061,doctor8-0,HR8-6,addItem> 2.4492999195015457E-4
<1062,doctor8-0,HR8-4,addItem> 2.4124625715034022E-4
<1063,doctor8-0,HR8-8,addItem> 2.375625223505259E-4
<1064,patient1-9,HR1-9,addNote> 0.0016849640470345945
<1065,agent8-01,noteItem8-4agent8-1,read> 1.3962269766106325E-4
<1066,patient4-5,noteItem4-5,read> 0.004660422995187468
<1067,patient9-0,HR9-0,addNote> 0.0014832516307211941
<1068,patient5-1,HR5-1,addNote> 0.0016219289169366567
<1069,patient3-1,HR3-1,addNote> 0.0015841078388778946
<1070,doctor9-0,HR9-5,addItem> 2.2464688420245407E-4
<1071,nurse7-0,nursingItem7-1,read> 1.823305466569286E-4
<1072,patient8-3,HR8-3,addNote> 0.0011092431921400974
<1073,doctor5-0,HR0-3,addItem> 1.7075189628197588E-4
<1074,nurse7-0,nursingItem7-0,read> 3.163828988357035E-4
<1075,nurse7-0,nursingItem7-7,read> 1.6963329940885977E-4
<1076,nurse7-0,nursingItem7-6,read> 1.7655907063507913E-4
<1077,doctor5-0,HR0-8,addItem> 1.7493174745134376E-4
<1078,doctor9-0,HR9-7,addItem> 2.129194681525034E-4
<1079,nurse2-0,nursingItem2-4,read> 5.840359224362335E-4
<1080,nurse7-0,nursingItem7-8,read> 1.6732470900011992E-4
<1081,doctor9-0,HR9-9,addItem> 2.147711654235482E-4
<1082,nurse7-0,nursingItem7-3,read> 1.7540477543070924E-4
<1083,nurse5-0,nursingItem5-9,read> 8.227426595939325E-4
<1084,doctor5-0,HR0-5,addItem> 1.683634098994799E-4
<1085,nurse7-0,nursingItem7-2,read> 1.834848418612985E-4
<1086,doctor5-0,HR0-4,addItem> 1.719461394732238E-4
<1087,nurse7-0,nursingItem7-5,read> 3.1235147352534675E-4
<1088,nurse7-0,nursingItem7-4,read> 1.7425048022633933E-4
<1089,doctor8-1,HR1-1,addItem> 3.8607252582879663E-4
<1090,nurse5-3,nursingItem5-5,read> 0.001459431761400019
<1091,nurse5-3,nursingItem5-1,read> 0.0014370402936828338
<1092,nurse5-3,nursingItem5-2,read> 8.312638068528057E-4
<1093,nurse5-3,nursingItem5-3,read> 8.265671247588812E-4
<1094,nurse5-3,nursingItem5-4,read> 8.277412952823624E-4
<1095,patient1-7,HR1-7,addNote> 0.001672357021015007
<1096,agent5-1,noteItem5-7agent5-1,read> 0.0013156347090817952
<1097,doctor1-1,HRitem2-2-1,read> 1.3226614338084135E-4
<1098,doctor9-0,HR1-7,addItem> 1.3339812813543828E-4
<1099,doctor9-0,HR1-6,addItem> 1.3373333440444159E-4
<1100,doctor9-0,HR1-1,addItem> 1.4311910993653398E-4
<1101,nurse1-2,nursingItem1-0,read> 8.406403406686414E-4
<1102,patient1-1,HR1-1,addNote> 0.001794224939204353
<1103,patient3-9,HR3-9,addNote> 0.0016303336009497152
<1104,patient2-9,noteItem2-9,read> 0.0016581339209552248
<1105,doctor3-1,HRitem3-8-3,read> 7.08251146885805E-4
<1106,doctor9-1,HR9-7,addItem> 2.1084220504857652E-4
<1107,doctor9-1,HR9-5,addItem> 2.2245520728340576E-4
<1108,patient1-2,HR1-2,addNote> 0.001773213229171707
<1109,patient3-8,HR3-8,addNote> 0.001626131258943186
<1110,doctor9-1,HR9-1,addItem> 2.1695431148796029E-4
<1111,doctor9-1,HR9-9,addItem> 2.1267583698039168E-4
<1112,doctor6-0,HRitem2-2-1,read> 2.253881010259197E-4
<1113,patient8-2,HR8-2,addNote> 0.0011470642701988598
<1114,doctor8-1,HRitem8-6-3,read> 3.875479462314483E-4
<1115,nurse8-2,nursingItem8-1,read> 6.873449190004488E-4
<1116,doctor7-0,HRitem0-4-3,read> 6.20601921266044E-4
<1117,nurse2-0,nursingItem2-3,read> 5.80503150327067E-4
<1118,nurse0-1,HR0-0,addItem> 1.187865960995318E-4
<1119,nurse8-2,nursingItem8-0,read> 6.89440615888718E-4
<1120,nurse8-2,nursingItem8-3,read> 0.0012485803425471298
<1121,patient4-6,HR4-6,addNote> 0.00119749237427721
<1122,nurse8-2,nursingItem8-9,read> 0.001229487683597699
<1123,nurse8-2,nursingItem8-4,read> 6.821056767797759E-4
<1124,nurse8-2,nursingItem8-6,read> 6.779142830032377E-4
<1125,nurse8-3,nursingItem8-3,read> 6.758942839263478E-4
<1126,nurse8-3,nursingItem8-2,read> 6.748607405804266E-4
<1127,nurse1-3,nursingItem1-1,read> 8.519127903765672E-4
<1128,nurse8-3,nursingItem8-1,read> 0.0012430153259547572
<1129,nurse8-3,nursingItem8-0,read> 6.800284573100323E-4
<1130,nurse8-3,nursingItem8-9,read> 6.655588504671363E-4
<1131,nurse8-3,nursingItem8-6,read> 0.0012259606787841906
<1132,nurse8-3,nursingItem8-5,read> 6.738271972345055E-4
<1133,patient2-2,HR2-2,addNote> 0.001752201519139061
<1134,nurse8-0,nursingItem8-1,read> 8.421734673077169E-4
<1135,patient4-8,HR4-8,addNote> 0.0011806830062510933
<1136,nurse8-0,nursingItem8-3,read> 8.396057021784042E-4
<1137,nurse8-0,nursingItem8-2,read> 8.383218196137479E-4
<1138,nurse8-0,nursingItem8-4,read> 8.357540544844352E-4
<1139,nurse8-0,nursingItem8-7,read> 8.331862893551224E-4
<1140,nurse8-0,nursingItem8-8,read> 8.254829939671843E-4
<1141,agent8-01,noteItem8-4,read> 5.756900490421729E-4
<1142,nurse8-1,nursingItem8-0,read> 8.494473117263726E-4
<1143,nurse8-1,nursingItem8-6,read> 8.352459254749787E-4
<1144,doctor2-0,HRitem7-1-0,read> 1.5274456829569827E-4
<1145,nurse8-1,nursingItem8-3,read> 8.442831712713203E-4
<1146,patient4-9,noteItem4-9,read> 0.004549857108601012
<1147,nurse5-0,nursingItem5-1,read> 8.14664770118637E-4
<1148,doctor6-0,HRitem0-0-3,read> 2.711894677818617E-4
<1149,nurse5-0,nursingItem5-0,read> 8.181267227509065E-4
<1150,nurse5-0,nursingItem5-7,read> 8.250506280154457E-4
<1151,nurse5-0,nursingItem5-6,read> 8.262046122262021E-4
<1152,patient6-0,HR6-0,addNote> 3.2340523691914123E-4
<1153,nurse5-0,nursingItem5-3,read> 8.123568016971241E-4
<1154,nurse5-0,nursingItem5-2,read> 8.169727385401502E-4
<1155,patient7-4,noteItem7-4,read> 0.0014965376251750196
<1156,nurse5-2,nursingItem5-0,read> 8.276675591678265E-4
<1157,nurse5-0,nursingItem5-5,read> 8.273585964369586E-4
<1158,patient2-4,HR2-4,addNote> 0.001764808545158649
<1159,nurse7-3,nursingItem7-9,read> 1.7971327466811246E-4
<1160,nurse7-3,nursingItem7-6,read> 1.845391416242352E-4
<1161,nurse7-3,nursingItem7-7,read> 3.0389281406511127E-4
<1162,nurse7-3,nursingItem7-1,read> 1.9057147531938861E-4
<1163,nurse7-3,nursingItem7-2,read> 1.9177794205841933E-4
<1164,nurse7-3,nursingItem7-3,read> 1.8333267488520455E-4
<1165,nurse7-3,nursingItem7-4,read> 3.121643508244678E-4
<1166,doctor2-0,HR0-9,addItem> 3.2328460732247515E-4
<1167,nurse7-3,nursingItem7-0,read> 1.8936500858035793E-4
<1168,doctor2-0,HR0-2,addItem> 3.0884027143752426E-4
<1169,doctor2-0,HR0-7,addItem> 3.277290183639985E-4
<1170,doctor2-0,HR0-6,addItem> 3.155068879998093E-4
<1171,doctor2-0,HRitem2-3-0,read> 5.447971855948993E-4
<1172,doctor2-0,HR0-0,addItem> 3.110624769582859E-4
<1173,patient2-3,HR2-3,addNote> 0.0017564038611455905
<1174,nurse7-2,nursingItem7-6,read> 3.06990036383464E-4
<1175,patient8-9,noteItem8-9,read> 0.0022704988312802145
<1176,nurse7-2,nursingItem7-7,read> 1.683554591119945E-4
<1177,doctor2-0,HR2-6,addItem> 0.0011941830299470682
<1178,nurse7-2,nursingItem7-5,read> 1.7752025870073932E-4
<1179,nurse7-2,nursingItem7-9,read> 1.7064665900918071E-4
<1180,nurse5-2,nursingItem5-5,read> 8.3700709318841E-4
<1181,nurse5-2,nursingItem5-4,read> 8.22997792157535E-4
<1182,nurse5-2,nursingItem5-7,read> 8.34672209683264E-4
<1183,nurse5-2,nursingItem5-6,read> 8.35839651435837E-4
<1184,patient8-8,HR8-8,addNote> 0.001084029140100922
<1185,nurse5-2,nursingItem5-9,read> 8.323373261781182E-4
<1186,nurse7-2,nursingItem7-2,read> 3.190321407798734E-4
<1187,nurse5-2,nursingItem5-8,read> 8.335047679306911E-4
<1188,nurse7-2,nursingItem7-3,read> 3.049830189840625E-4
<1189,nurse7-2,nursingItem7-0,read> 1.7981145859792552E-4
<1190,nurse7-2,nursingItem7-1,read> 3.170251233804718E-4
<1191,patient2-6,HR2-6,addNote> 0.0017059757570672405
<1192,nurse7-1,nursingItem7-3,read> 1.7474411714283464E-4
<1193,nurse7-1,nursingItem7-4,read> 1.7359416956635312E-4
<1194,nurse7-1,nursingItem7-5,read> 1.7819395987227912E-4
<1195,nurse7-1,nursingItem7-6,read> 1.7589406471931612E-4
<1196,nurse5-1,nursingItem5-2,read> 8.21736427977702E-4
<1197,nurse7-1,nursingItem7-7,read> 1.6899437926042716E-4
<1198,nurse5-1,nursingItem5-1,read> 8.194150020143725E-4
<1199,nurse7-1,nursingItem7-8,read> 1.6669448410746413E-4
<1200,nurse7-1,nursingItem7-9,read> 2.996095821900672E-4
<1201,nurse5-1,nursingItem5-6,read> 8.310221318310196E-4
<1202,nurse5-1,nursingItem5-5,read> 8.321828448126843E-4
<1203,nurse7-1,nursingItem7-0,read> 1.8049385502524212E-4
<1204,nurse5-1,nursingItem5-9,read> 0.0014416947429186746
<1205,nurse7-1,nursingItem7-1,read> 1.816438026017236E-4
<1206,nurse5-1,nursingItem5-7,read> 0.001445739003783621
<1207,patient6-1,HR6-1,addNote> 3.8644036701707883E-4
<1208,doctor7-1,HRitem6-9-0,read> 5.305837976565598E-4
<1209,doctor9-0,HRitem1-7-1,read> 3.115741682423591E-4
<1210,patient5-7,HR5-7,addNote> 0.0015799054968713647
<1211,agent8-01,HR8-4,addNote> 3.53862433008596E-4
<1212,agent2-0,noteItem2-2agent2-0,read> 5.77905340015432E-4
<1213,patient5-4,HR5-4,addNote> 0.0015504891028256611
<1214,doctor8-1,HR1-7,addItem> 3.5984958467754816E-4
<1215,doctor8-1,HRitem1-1-3,read> 6.241552682506289E-4
<1216,doctor8-1,HR1-6,addItem> 3.6075382402759123E-4
<1217,doctor2-0,HRitem0-0-0,read> 2.759272637613083E-4
<1218,doctor4-1,HR3-0,addItem> 5.381942230893247E-4
<1219,doctor4-1,HR3-2,addItem> 5.325134484420927E-4
<1220,doctor4-1,HR3-4,addItem> 5.438749977365567E-4
<1221,doctor4-1,HR3-7,addItem> 5.424548040747487E-4
<1222,doctor4-1,HR3-8,addItem> 5.495557723837886E-4
<1223,doctor2-0,HRitem7-5-0,read> 9.470656754747818E-5
<1224,agent0-11,HR0-0,addNote> 3.850441330385657E-4
<1225,doctor8-1,HRitem7-6-2,read> 4.0977000018067297E-4
<1226,doctor5-0,HRitem5-3-0,read> 8.049317960913857E-5
<1227,doctor2-1,HRitem6-2-0,read> 5.128170627336352E-4
<1228,patient5-0,noteItem5-0agent5-0,read> 3.360021474707487E-4
<1229,doctor2-1,HR2-8,addItem> 4.6077776652740166E-4
<1230,doctor5-0,HRitem0-8-1,read> 2.854028557202014E-4
<1231,doctor2-1,HR2-7,addItem> 4.6190723914477045E-4
<1232,doctor2-1,HR2-5,addItem> 4.596482939100329E-4
<1233,doctor2-1,HR2-2,addItem> 4.7094302008372064E-4
<1234,doctor2-1,HR2-0,addItem> 4.6755460223161437E-4

