<0,nurse5-0,nursingItem5-3,read> 5.172205855196312E-4
<1,nurse0-1,nursingItem0-3,read> 5.447534528625879E-4
<2,patient5-6,HR5-6,addNote> 0.0010104064154586576
<3,nurse8-0,nursingItem8-8,read> 8.824478999051383E-4
<4,nurse4-2,nursingItem4-8,read> 5.29541740462151E-4
<5,patient1-5,noteItem1-5,read> 0.001075664217135556
<6,agent8-1,HR8-8,addNote> 4.6764283386755914E-4
<7,patient8-5,noteItem8-5,read> 0.0014886323358590358
<8,patient0-6,noteItem0-6,read> 0.0011952076199239314
<9,doctor2-1,HR2-5,addItem> 2.9122125731245263E-4
<10,patient5-9,noteItem5-9,read> 0.003042696572107921
<11,nurse2-3,HR2-0,addItem> 1.0903805944055175E-4
<12,patient1-0,HR1-0,addNote> 0.0011390665448505416
<13,nurse2-3,HR2-1,addItem> 1.0930210075087092E-4
<14,patient5-6,noteItem5-6,read> 0.0030861669003946035
<15,agent6-0,noteItem6-8agent6-0,read> 0.0022109642351541225
<16,patient2-1,HR2-1,addNote> 0.0011095819318649015
<17,agent5-1,HR5-2,addNote> 6.628724316600559E-4
<18,nurse2-3,HR2-2,addItem> 1.0983018337150924E-4
<19,nurse8-0,nursingItem8-1,read> 9.002072848480787E-4
<20,patient6-9,noteItem6-9,read> 0.0031568061838604623
<21,patient0-1,HR0-1,addNote> 7.396840598632352E-4
<22,patient0-9,noteItem0-9agent0-1,read> 0.0022322969710944097
<23,nurse3-2,nursingItem3-4,read> 6.198188987221549E-4
<24,nurse8-1,nursingItem8-4,read> 5.375478303093394E-4
<25,patient0-3,noteItem0-3,read> 0.0012332441571747785
<26,patient0-4,HR0-4,addNote> 7.718490922112062E-4
<27,agent2-11,noteItem2-6agent2-1,read> 0.0013910090966031273
<28,nurse2-3,HR2-3,addItem> 1.1009422468182839E-4
<29,doctor9-0,HRitem6-2-1,read> 3.281415419762242E-4
<30,nurse2-3,HR2-8,addItem> 1.0745381157863678E-4
<31,nurse2-3,HR2-9,addItem> 1.0850997681991341E-4
<32,patient4-2,HR4-2,addNote> 7.772099309358681E-4
<33,doctor2-0,HR2-1,addItem> 1.9248058064028843E-4
<34,doctor5-1,HR0-0,addItem> 5.252840161187911E-4
<35,nurse2-3,HR2-4,addItem> 1.1062230730246674E-4
<36,agent3-01,HR3-5,addNote> 6.778719820971258E-4
<37,nurse2-3,HR2-5,addItem> 1.071897702683176E-4
<38,nurse2-3,HR2-6,addItem> 1.0692572895799841E-4
<39,nurse2-3,HR2-7,addItem> 1.0771785288895591E-4
<40,nurse9-2,nursingItem9-6,read> 8.318850564055025E-4
<41,patient5-7,HR5-7,addNote> 0.0010050455767339958
<42,doctor5-1,HRitem0-2-1,read> 1.4179964516282663E-4
<43,patient1-6,noteItem1-6,read> 0.0010593628440280498
<44,doctor5-1,HRitem2-6-2,read> 4.5488420863472936E-4
<45,doctor8-1,HR9-8,addItem> 6.491193906584794E-4
<46,agent8-0,HR8-5,addNote> 4.7695065191837624E-4
<47,patient6-3,noteItem6-3,read> 0.0030589979452154267
<48,doctor7-0,HR7-1,addItem> 3.5834143316354716E-4
<49,agent0-01,noteItem0-2,read> 6.272876795362134E-4
<50,doctor8-1,HR9-3,addItem> 6.71634913302059E-4
<51,nurse8-1,nursingItem8-1,read> 5.416577850488819E-4
<52,nurse2-2,HR2-1,addItem> 1.1077418291586581E-4
<53,agent8-01,HR8-5,addNote> 4.5676226453558787E-4
<54,patient0-2,noteItem0-2,read> 0.0012223765751031078
<55,nurse2-2,HR2-2,addItem> 1.113093777603511E-4
<56,nurse0-2,nursingItem0-0,read> 9.606552248156471E-4
<57,doctor8-1,HR9-5,addItem> 6.810163810702174E-4
<58,agent0-1,HR0-9,addNote> 5.024663269218765E-4
<59,agent3-1,noteItem3-1,read> 0.0014971264027728518
<60,doctor8-1,HR9-6,addItem> 6.416142164439528E-4
<61,nurse2-2,HR2-0,addItem> 1.1050658549362315E-4
<62,nurse1-2,nursingItem1-5,read> 9.465302370002197E-4
<63,doctor8-1,HR9-0,addItem> 6.603771519802693E-4
<64,patient0-2,noteItem0-2agent0-0,read> 0.0027012686334817095
<65,patient9-5,noteItem9-5,read> 0.0019396369918333628
<66,doctor8-1,HR9-1,addItem> 6.641297390875326E-4
<67,doctor8-1,HR9-2,addItem> 6.678823261947959E-4
<68,patient2-9,HR2-9,addNote> 0.0011015406737779087
<69,nurse2-2,HR2-9,addItem> 1.0997139064913783E-4
<70,nurse2-2,HR2-7,addItem> 1.0916859838240986E-4
<71,doctor9-1,HR4-2,addItem> 1.4964977125472468E-4
<72,nurse2-2,HR2-8,addItem> 1.0890100096016723E-4
<73,nurse2-2,HR2-5,addItem> 1.0863340353792457E-4
<74,agent1-01,noteItem1-7agent1-0,read> 4.8548515131026723E-4
<75,patient5-0,HR5-0,addNote> 0.001029169350994974
<76,doctor1-0,HRitem1-3-2,read> 5.250453276778304E-4
<77,nurse8-0,HR8-1,addItem> 8.128550136400144E-5
<78,doctor6-0,HRitem6-9-2,read> 3.3493132769007273E-4
<79,patient4-2,noteItem4-2agent4-1,read> 0.0024570125593216577
<80,agent3-1,noteItem3-1agent3-1,read> 0.0020332482467065307
<81,nurse2-2,HR2-6,addItem> 1.083658061156819E-4
<82,agent5-1,noteItem5-2,read> 0.0016203748789510488
<83,agent1-1,HR1-1,addNote> 7.161760535808521E-4
<84,patient1-1,HR1-1,addNote> 0.0011417469642128724
<85,nurse2-2,HR2-3,addItem> 1.1157697518259375E-4
<86,nurse0-0,nursingItem0-5,read> 5.427596978795531E-4
<87,doctor5-1,HRitem2-4-3,read> 2.98719137216214E-4
<88,patient7-2,HR7-2,addNote> 8.871071247914356E-4
<89,patient7-4,noteItem7-4,read> 9.615546053830153E-4
<90,nurse2-2,HR2-4,addItem> 1.1211217002707907E-4
<91,patient3-1,noteItem3-1,read> 0.002955755915534557
<92,agent5-01,noteItem5-4,read> 0.001573928411547538
<93,nurse9-3,nursingItem9-6,read> 4.6895414043067484E-4
<94,agent1-11,noteItem1-1agent1-1,read> 8.492900633208772E-4
<95,patient0-8,HR0-8,addNote> 7.852511890228607E-4
<96,nurse2-1,HR2-2,addItem> 1.1204897495477206E-4
<97,doctor4-0,HR1-5,addItem> 1.395333127853557E-4
<98,doctor7-0,HR7-5,addItem> 3.627120058460145E-4
<99,patient3-8,HR3-8,addNote> 0.001034530189719636
<100,patient3-3,HR3-3,addNote> 9.97004318647003E-4
<101,nurse1-0,nursingItem1-7,read> 9.744001095870805E-4
<102,nurse4-2,nursingItem4-6,read> 5.310148209340249E-4
<103,patient7-1,HR7-1,addNote> 8.790658667044429E-4
<104,doctor1-0,HRitem1-9-0,read> 5.129745975198776E-4
<105,patient4-0,HR4-0,addNote> 7.879316083851918E-4
<106,patient2-6,HR2-6,addNote> 0.0010854581576039233
<107,nurse2-0,HR2-7,addItem> 1.1061934387586381E-4
<108,nurse0-1,nursingItem0-2,read> 5.455017834028376E-4
<109,doctor4-0,HR1-4,addItem> 2.153006018986521E-4
<110,doctor4-0,HR1-3,addItem> 2.1479156688283417E-4
<111,patient1-3,noteItem1-3,read> 9.887235605621914E-4
<112,patient5-4,noteItem5-4,read> 0.003107902064537944
<113,agent7-1,noteItem7-5,read> 6.894109646756493E-4
<114,doctor4-0,HR1-2,addItem> 1.3854595175139542E-4
<115,doctor3-0,HRitem1-7-2,read> 5.092024943455174E-4
<116,doctor4-0,HR1-9,addItem> 2.0359279653484006E-4
<117,patient5-7,noteItem5-7,read> 0.0030535641541795918
<118,patient9-1,noteItem9-1,read> 0.001901600454582516
<119,nurse6-2,nursingItem6-3,read> 1.2483531843306703E-4
<120,doctor4-0,HR1-8,addItem> 1.3262178554763392E-4
<121,nurse3-1,nursingItem3-7,read> 6.607514608843693E-4
<122,patient6-6,noteItem6-6,read> 0.0030916006914304384
<123,patient6-1,noteItem6-1,read> 0.003080733109358768
<124,patient6-4,noteItem6-4,read> 0.003113335855573779
<125,patient9-9,noteItem9-9,read> 0.0019831073201200446
<126,nurse0-2,nursingItem0-2,read> 9.350021228456049E-4
<127,agent9-01,HR9-8,addNote> 3.527102811486126E-4
<128,patient3-9,noteItem3-9,read> 0.0029937924527854037
<129,nurse6-2,nursingItem6-2,read> 2.1569702078177516E-4
<130,patient3-3,noteItem3-3,read> 0.0029394545424270514
<131,doctor4-0,HR1-7,addItem> 1.3064706347971339E-4
<132,patient6-5,HR6-5,addNote> 2.3308480038269246E-4
<133,patient8-4,noteItem8-4,read> 0.0014777647537873651
<134,patient6-2,noteItem6-2,read> 0.0030481303631437564
<135,nurse5-2,nursingItem5-6,read> 5.321719138843994E-4
<136,nurse6-2,nursingItem6-1,read> 1.2334881501337286E-4
<137,patient5-5,noteItem5-5,read> 0.003075299318322933
<138,patient5-3,noteItem5-3,read> 0.0030970344824662738
<139,agent2-11,noteItem2-6,read> 6.049746359726617E-4
<140,patient5-4,HR5-4,addNote> 9.862826411976794E-4
<141,doctor4-0,HR1-6,addItem> 2.025747265032042E-4
<142,nurse6-2,nursingItem6-0,read> 2.131131782568126E-4
<143,nurse6-2,nursingItem6-7,read> 1.0179451542780732E-4
<144,nurse6-2,nursingItem6-6,read> 1.0328101884750152E-4
<145,agent7-11,noteItem7-5,read> 3.3350090643009415E-4
<146,doctor7-0,HR5-3,addItem> 2.7776139547785935E-4
<147,nurse6-2,nursingItem6-5,read> 9.807825687857189E-5
<148,nurse6-2,nursingItem6-4,read> 1.0030801200811316E-4
<149,nurse1-2,nursingItem1-4,read> 9.567774208459508E-4
<150,nurse4-1,nursingItem4-4,read> 9.034689559396613E-4
<151,patient5-0,noteItem5-0,read> 0.0031405048107529558
<152,nurse9-0,nursingItem9-6,read> 4.916089298234611E-4
<153,doctor4-0,HR1-1,addItem> 2.168277069461058E-4
<154,doctor4-0,HR1-0,addItem> 1.398624331300091E-4
<155,patient2-4,HR2-4,addNote> 0.0011229840286765562
<156,patient4-9,noteItem4-9,read> 0.002912285587247875
<157,nurse9-3,nursingItem9-2,read> 4.638643868553565E-4
<158,nurse6-2,nursingItem6-9,read> 1.0476752226719567E-4
<159,nurse1-0,nursingItem1-0,read> 5.576073622009041E-4
<160,patient6-5,noteItem6-5,read> 0.00312420343764545
<161,nurse6-2,nursingItem6-8,read> 1.8469091048222384E-4
<162,patient6-0,noteItem6-0,read> 0.0030698655272870974
<163,nurse8-1,HR8-5,addItem> 7.965741766273926E-5
<164,doctor3-0,HR3-4,addItem> 2.4186413430442782E-4
<165,nurse8-1,HR8-4,addItem> 7.787376533130799E-5
<166,agent4-0,HR4-6,addNote> 5.140085991536644E-4
<167,doctor8-1,HR1-7,addItem> 1.3504266561547944E-4
<168,nurse8-2,HR8-0,addItem> 6.513525416311835E-5
<169,nurse8-1,HR8-3,addItem> 7.846831610845177E-5
<170,nurse9-3,nursingItem9-1,read> 4.6168306389450574E-4
<171,agent0-1,noteItem0-9agent0-1,read> 0.0014898011472919259
<172,doctor8-1,HR1-8,addItem> 1.3708382693054496E-4
<173,patient4-6,noteItem4-6,read> 0.0029448883334628868
<174,agent6-01,noteItem6-8,read> 0.0014975389488648188
<175,nurse2-2,nursingItem2-3,read> 3.632742719223139E-4
<176,patient2-9,noteItem2-9,read> 0.0010647966350638852
<177,doctor2-0,HR5-0,addItem> 2.654173589408091E-4
<178,agent6-11,noteItem6-5,read> 0.0013566896150760184
<179,nurse8-1,HR8-2,addItem> 8.114379460559866E-5
<180,nurse8-1,HR8-9,addItem> 7.727921455416426E-5
<181,doctor1-1,HRitem1-5-2,read> 4.443223197465207E-4
<182,patient3-5,noteItem3-5,read> 0.00291771937828371
<183,nurse8-1,nursingItem8-3,read> 9.004668380023889E-4
<184,patient1-4,noteItem1-4,read> 9.669883964188506E-4
<185,nurse8-3,nursingItem8-0,read> 4.349424117645928E-4
<186,nurse8-1,HR8-8,addItem> 7.66846637770205E-5
<187,nurse1-2,nursingItem1-1,read> 5.462118978314649E-4
<188,nurse8-1,HR8-7,addItem> 7.698193916559236E-5
<189,doctor3-1,HR1-3,addItem> 2.2924483119644542E-4
<190,patient0-6,HR0-6,addNote> 7.611274147618825E-4
<191,agent4-11,noteItem4-2,read> 0.0014957009578418744
<192,doctor1-1,HRitem1-8-1,read> 4.473400022860089E-4
<193,doctor4-0,HRitem4-3-3,read> 4.782712483157631E-4
<194,nurse2-1,HR2-0,addItem> 1.1124084852015885E-4
<195,patient0-1,noteItem0-1,read> 0.0010919655902430613
<196,nurse8-1,HR8-6,addItem> 7.90628668855955E-5
<197,nurse2-1,HR2-1,addItem> 1.1151022399836326E-4
<198,patient2-6,noteItem2-6agent2-1,read> 0.002290918428892822
<199,nurse5-1,nursingItem5-8,read> 5.276266086699471E-4
<200,patient3-1,HR3-1,addNote> 0.0010077259960963266
<201,patient1-2,noteItem1-2,read> 0.0010104587247055327
<202,patient2-7,HR2-7,addNote> 0.0010934994156909159
<203,nurse4-2,nursingItem4-5,read> 5.155474759793495E-4
<204,patient9-6,noteItem9-6,read> 0.0019287694097616923
<205,doctor8-1,HR1-2,addItem> 1.4320731087574145E-4
<206,doctor5-0,HRitem5-6-0,read> 3.221708084193191E-4
<207,nurse2-1,HR2-3,addItem> 1.1231835043297645E-4
<208,agent0-0,HR0-2,addNote> 4.749334454419516E-4
<209,nurse2-1,HR2-4,addItem> 1.1285710138938526E-4
<210,patient5-2,noteItem5-2,read> 0.003129637228681286
<211,doctor4-0,HRitem4-7-1,read> 3.296503832459683E-4
<212,doctor8-1,HR1-0,addItem> 1.4456808508578513E-4
<213,agent7-0,noteItem7-0,read> 7.952330271672552E-4
<214,nurse2-1,HR2-5,addItem> 1.0935522017272806E-4
<215,patient3-6,noteItem3-6,read> 0.0029068517962120392
<216,nurse8-0,HR8-6,addItem> 7.86248454624066E-5
<217,patient8-8,noteItem8-8,read> 0.0014397282165365187
<218,doctor8-1,HR1-5,addItem> 1.442278915332742E-4
<219,nurse8-1,HR8-1,addItem> 8.17383453827424E-5
<220,nurse2-1,HR2-6,addItem> 1.0908584469452364E-4
<221,nurse3-2,nursingItem3-0,read> 3.5889189258279377E-4
<222,doctor8-0,HRitem1-3-0,read> 5.227820657732144E-4
<223,nurse0-3,HR0-7,addItem> 7.88061666367692E-5
<224,nurse8-1,HR8-0,addItem> 8.025196843988302E-5
<225,patient9-0,HR9-0,addNote> 9.433959314003847E-4
<226,nurse2-1,HR2-7,addItem> 1.0989397112913684E-4
<227,nurse9-0,nursingItem9-2,read> 4.862732944329099E-4
<228,nurse1-0,nursingItem1-5,read> 5.637101162077769E-4
<229,patient4-0,noteItem4-0,read> 0.002972057288642063
<230,nurse2-1,HR2-8,addItem> 1.0962459565093246E-4
<231,nurse7-2,HR7-1,addItem> 8.651124402488168E-5
<232,nurse2-1,HR2-9,addItem> 1.1070209756375005E-4
<233,nurse8-0,nursingItem8-7,read> 8.906445391095723E-4
<234,patient3-5,HR3-5,addNote> 0.001026488931632643
<235,agent7-0,noteItem7-0agent7-0,read> 4.921052286424243E-4
<236,patient4-2,noteItem4-2,read> 0.003037262781072086
<237,patient8-9,HR8-9,addNote> 6.967973500659407E-4
<238,nurse5-3,nursingItem5-0,read> 5.300060972812125E-4
<239,nurse6-3,nursingItem6-0,read> 1.2329629887143298E-4
<240,doctor4-1,HR1-5,addItem> 1.3901169292447586E-4
<241,nurse2-0,HR2-9,addItem> 1.1143280447836225E-4
<242,doctor4-1,HR1-8,addItem> 1.3212600317175492E-4
<243,nurse1-1,nursingItem1-3,read> 5.567943420182717E-4
<244,patient0-0,HR0-0,addNote> 7.504057373125588E-4
<245,nurse6-3,nursingItem6-2,read> 1.2479117695828032E-4
<246,patient5-5,HR5-5,addNote> 9.836022218353484E-4
<247,doctor4-1,HR1-7,addItem> 1.3015866324240605E-4
<248,patient7-7,noteItem7-7,read> 0.0010484952619563795
<249,agent4-1,noteItem4-2,read> 0.0015625479280247513
<250,nurse6-3,nursingItem6-1,read> 1.2404373791485664E-4
<251,nurse6-3,nursingItem6-4,read> 1.749206559429824E-4
<252,doctor5-1,HR0-1,addItem> 5.177788419042646E-4
<253,nurse6-3,nursingItem6-3,read> 1.2553861600170406E-4
<254,nurse8-0,HR8-9,addItem> 7.685107486134339E-5
<255,nurse6-3,nursingItem6-6,read> 1.0386288374241703E-4
<256,nurse3-1,nursingItem3-8,read> 3.8189316389460244E-4
<257,nurse6-3,nursingItem6-5,read> 9.863081043845117E-5
<258,patient9-4,noteItem9-4,read> 0.0019070342456183511
<259,nurse4-1,nursingItem4-5,read> 9.06057846745291E-4
<260,doctor0-1,HR0-5,addItem> 1.6222505485639704E-4
<261,nurse1-0,nursingItem1-1,read> 5.690500259637909E-4
<262,nurse6-3,nursingItem6-8,read> 1.068526399161118E-4
<263,nurse5-0,nursingItem5-2,read> 9.085946948223081E-4
<264,nurse6-3,nursingItem6-7,read> 1.0236800565556963E-4
<265,nurse5-2,nursingItem5-7,read> 5.314286137660717E-4
<266,nurse8-2,nursingItem8-4,read> 4.362922833258627E-4
<267,doctor4-1,HR1-0,addItem> 1.3933958291270065E-4
<268,nurse6-3,nursingItem6-9,read> 1.0535776182926439E-4
<269,doctor5-1,HRitem0-1-2,read> 9.049904199152692E-5
<270,doctor4-1,HR1-2,addItem> 1.3802802295980143E-4
<271,patient5-8,noteItem5-8,read> 0.003064431736251262
<272,doctor2-1,HRitem2-7-0,read> 2.538375777436354E-4
<273,doctor8-0,HR1-6,addItem> 2.0863303608087012E-4
<274,nurse8-0,HR8-2,addItem> 8.069424449698038E-5
<275,nurse8-0,HR8-4,addItem> 7.744233172836444E-5
<276,doctor5-1,HR0-2,addItem> 5.215314290115279E-4
<277,patient8-1,noteItem8-1,read> 0.0013962578882498365
<278,doctor8-0,HR1-9,addItem> 2.0968155306672314E-4
<279,nurse8-0,HR8-3,addItem> 7.803358859538554E-5
<280,nurse3-3,HR3-1,addItem> 1.0243451654472406E-4
<281,patient0-0,noteItem0-0,read> 0.0011137007543864023
<282,agent9-1,noteItem9-4agent9-1,read> 0.0023113061941318178
<283,nurse1-2,nursingItem1-0,read> 5.352284714102324E-4
<284,patient6-8,HR6-8,addNote> 2.2772396165803062E-4
<285,patient4-7,noteItem4-7,read> 0.0029340207513912165
<286,nurse1-0,nursingItem1-8,read> 5.652358047094953E-4
<287,nurse8-0,HR8-5,addItem> 7.921610232942767E-5
<288,nurse2-0,HR2-0,addItem> 1.1197511154669455E-4
<289,patient9-0,noteItem9-0,read> 0.0018907328725108453
<290,nurse5-1,nursingItem5-0,read> 5.23931528830998E-4
<291,doctor1-1,HR3-6,addItem> 7.110370779283236E-4
<292,nurse3-3,HR3-0,addItem> 1.0297944138060424E-4
<293,nurse8-0,HR8-8,addItem> 7.625981799432232E-5
<294,nurse2-3,nursingItem2-2,read> 6.290993614943262E-4
<295,nurse3-3,HR3-3,addItem> 1.0134466687296375E-4
<296,nurse8-0,HR8-7,addItem> 7.655544642783284E-5
<297,patient9-4,noteItem9-4agent9-1,read> 0.0025156340171200702
<298,nurse3-3,HR3-2,addItem> 1.0188959170884391E-4
<299,nurse2-0,HR2-3,addItem> 1.1305972568335912E-4
<300,nurse3-3,HR3-5,addItem> 1.0434175347030466E-4
<301,patient9-2,HR9-2,addNote> 9.541176088497085E-4
<302,nurse5-3,nursingItem5-2,read> 5.292585130123469E-4
<303,nurse2-0,HR2-4,addItem> 1.1360203275169143E-4
<304,nurse3-3,HR3-4,addItem> 1.0406929105236459E-4
<305,nurse2-0,HR2-1,addItem> 1.122462650808607E-4
<306,nurse8-3,nursingItem8-3,read> 4.3231021914469744E-4
<307,patient0-7,noteItem0-7,read> 0.0012006414109597668
<308,nurse3-3,HR3-7,addItem> 1.037968286344245E-4
<309,doctor8-0,HR1-1,addItem> 2.2331227388281178E-4
<310,patient8-1,HR8-1,addNote> 7.370036405009043E-4
<311,nurse2-0,HR2-2,addItem> 1.1278857214919299E-4
<312,nurse3-3,HR3-6,addItem> 1.0325190379854434E-4
<313,nurse3-3,HR3-9,addItem> 1.05431603142065E-4
<314,doctor7-0,HR7-2,addItem> 3.6161936267539767E-4
<315,patient4-5,noteItem4-5,read> 0.002982924870713734
<316,patient3-7,HR3-7,addNote> 0.0010211280929079813
<317,agent8-01,noteItem8-5agent8-0,read> 0.001391678073205279
<318,patient6-8,noteItem6-8,read> 0.0031459386017887907
<319,nurse5-3,HR5-9,addItem> 1.0029452047697994E-4
<320,doctor8-0,HR1-3,addItem> 2.2121523991110585E-4
<321,nurse3-3,HR3-8,addItem> 1.0515914072412491E-4
<322,nurse2-0,HR2-8,addItem> 1.1034819034169769E-4
<323,doctor8-0,HR1-4,addItem> 2.2173949840403233E-4
<324,nurse8-0,HR8-0,addItem> 7.980735919644875E-5
<325,patient7-5,noteItem7-5agent7-1,read> 0.0030041461654401747
<326,nurse2-3,nursingItem2-5,read> 3.599068988123636E-4
<327,nurse2-3,nursingItem2-3,read> 6.278205959589774E-4
<328,nurse2-0,HR2-5,addItem> 1.1007703680753155E-4
<329,nurse7-2,nursingItem7-9,read> 1.0937865305029847E-4
<330,agent2-0,noteItem2-1,read> 5.273522259155839E-4
<331,nurse4-3,nursingItem4-1,read> 8.88677477126576E-4
<332,nurse2-0,HR2-6,addItem> 1.0980588327336537E-4
<333,doctor5-0,HRitem0-8-2,read> 1.832927800807897E-4
<334,patient1-9,noteItem1-9,read> 0.0011408697095655791
<335,doctor9-1,HR4-7,addItem> 1.439725849332349E-4
<336,nurse8-3,HR8-2,addItem> 6.495999069534076E-5
<337,nurse8-3,HR8-3,addItem> 6.281812563806803E-5
<338,patient9-2,noteItem9-2,read> 0.0018961666635466806
<339,doctor9-1,HR4-5,addItem> 1.4603701632286752E-4
<340,nurse8-3,HR8-0,addItem> 6.424603567624984E-5
<341,doctor9-1,HR4-6,addItem> 1.470692320176839E-4
<342,nurse8-3,HR8-1,addItem> 6.543596070806802E-5
<343,doctor9-1,HR4-9,addItem> 1.4294036923841858E-4
<344,patient1-1,noteItem1-1agent1-1,read> 0.0014653328982318459
<345,doctor9-1,HR4-0,addItem> 1.5171420264435735E-4
<346,nurse8-3,HR8-8,addItem> 6.139021559988622E-5
<347,nurse8-3,HR8-9,addItem> 6.186618561261349E-5
<348,nurse1-3,nursingItem1-8,read> 9.453111914585791E-4
<349,nurse3-2,nursingItem3-3,read> 6.211076151363742E-4
<350,doctor4-1,HR2-2,addItem> 2.939824365420255E-4
<351,agent8-0,noteItem8-5agent8-0,read> 0.001738474012413561
<352,patient9-8,noteItem9-8,read> 0.0019505045739050333
<353,doctor9-1,HR4-3,addItem> 1.481014477125002E-4
<354,nurse8-3,HR8-6,addItem> 6.329409565079529E-5
<355,patient9-3,noteItem9-3,read> 0.0019179018276900218
<356,patient8-5,noteItem8-5agent8-0,read> 0.0025400596245360755
<357,nurse8-3,HR8-7,addItem> 6.162820060624983E-5
<358,nurse2-0,nursingItem2-2,read> 3.6885159886546434E-4
<359,nurse0-3,nursingItem0-5,read> 5.39269281816019E-4
<360,patient3-4,HR3-4,addNote> 0.0010238085122703123
<361,patient3-8,noteItem3-8,read> 0.0030155276169287447
<362,nurse0-2,nursingItem0-4,read> 9.388500881411114E-4
<363,agent4-11,noteItem4-2agent4-1,read> 0.0013458521253901803
<364,doctor9-1,HR4-1,addItem> 1.5068198694954103E-4
<365,patient4-4,noteItem4-4,read> 0.0029992262438212395
<366,nurse8-3,HR8-4,addItem> 6.234215562534075E-5
<367,nurse8-3,HR8-5,addItem> 6.377006566352256E-5
<368,agent4-0,noteItem4-6,read> 0.0015349782047066433
<369,doctor9-1,HRitem5-1-2,read> 9.80691412493236E-6
<370,doctor2-0,HRitem5-3-1,read> 5.0514748343308014E-5
<371,nurse4-3,nursingItem4-4,read> 5.108513585450464E-4
<372,nurse1-1,nursingItem1-7,read> 5.515973061018836E-4
<373,patient9-3,HR9-3,addNote> 9.594784475743702E-4
<374,nurse1-2,HR1-2,addItem> 1.1147503509265045E-4
<375,nurse8-2,HR8-1,addItem> 6.634164874554992E-5
<376,patient4-8,noteItem4-8,read> 0.0029231531693195457
<377,nurse8-2,HR8-2,addItem> 6.58590909125773E-5
<378,nurse8-2,HR8-7,addItem> 6.248118608176886E-5
<379,agent0-11,HR0-9,addNote> 5.11391128465782E-4
<380,nurse8-2,HR8-8,addItem> 6.223990716528258E-5
<381,nurse8-2,HR8-9,addItem> 6.272246499825519E-5
<382,nurse1-1,nursingItem1-2,read> 5.530821735065659E-4
<383,nurse0-2,nursingItem0-9,read> 9.426980534366174E-4
<384,patient5-1,HR5-1,addNote> 0.0010318497703573051
<385,agent9-1,HR9-4,addNote> 9.031594489158489E-4
<386,nurse8-2,HR8-3,addItem> 6.368758066420047E-5
<387,patient0-3,HR0-3,addNote> 7.664882534865445E-4
<388,patient2-2,noteItem2-2,read> 0.0011571710826730845
<389,nurse8-2,HR8-4,addItem> 6.320502283122781E-5
<390,nurse8-2,HR8-5,addItem> 6.465269633014572E-5
<391,nurse8-2,HR8-6,addItem> 6.417013849717308E-5
<392,agent9-0,noteItem9-8,read> 0.0013893551674714836
<393,patient1-7,noteItem1-7,read> 0.0010539290529922147
<394,nurse1-1,nursingItem1-4,read> 5.545670409112481E-4
<395,nurse5-0,nursingItem5-9,read> 5.238331718748985E-4
<396,patient5-8,HR5-8,addNote> 9.99684738009334E-4
<397,doctor2-0,HR2-9,addItem> 1.9108565343282986E-4
<398,doctor2-0,HR2-4,addItem> 1.9480545931938604E-4
<399,doctor4-0,HR4-3,addItem> 3.903166232817124E-4
<400,nurse8-1,nursingItem8-7,read> 5.359038484135223E-4
<401,nurse5-2,nursingItem5-0,read> 5.269688130561052E-4
<402,doctor2-0,HR2-6,addItem> 1.8829579901791276E-4
<403,nurse7-1,HR7-8,addItem> 8.922265547538894E-5
<404,doctor5-0,HRitem7-7-1,read> 7.691947056382993E-5
<405,patient0-9,HR0-9,addNote> 7.79890350298199E-4
<406,doctor9-0,HR6-1,addItem> 1.8978508453228915E-5
<407,patient9-8,noteItem9-8agent9-0,read> 5.713556668060552E-4
<408,nurse1-3,nursingItem1-0,read> 9.325532380227101E-4
<409,doctor9-0,HR6-0,addItem> 1.5916086649928865E-5
<410,agent1-01,HR1-7,addNote> 8.130485703327145E-4
<411,doctor8-0,HRitem1-9-3,read> 5.137290181547497E-4
<412,doctor8-1,HR8-5,addItem> 1.659886429204728E-4
<413,doctor2-1,HRitem9-4-2,read> 4.6091957371370584E-4
<414,doctor6-0,HRitem6-1-3,read> 3.613360499105946E-4
<415,patient0-7,HR0-7,addNote> 7.906120277475227E-4
<416,patient1-8,noteItem1-8,read> 0.001037627679884709
<417,patient5-9,HR5-9,addNote> 9.943238992846722E-4
<418,doctor3-0,HR8-8,addItem> 3.1153751410320285E-4
<419,doctor9-0,HR6-2,addItem> 1.9182669906782252E-5
<420,doctor2-1,HR2-8,addItem> 2.919386246711203E-4
<421,doctor9-0,HR6-4,addItem> 1.877434699967558E-5
<422,nurse5-2,nursingItem5-9,read> 9.211205433262564E-4
<423,doctor2-1,HR2-7,addItem> 2.9265599202978786E-4
<424,doctor2-1,HR2-3,addItem> 2.9911229825779664E-4
<425,doctor2-1,HR2-2,addItem> 2.9839493089912905E-4
<426,patient3-1,noteItem3-1agent3-1,read> 0.0030090312869233754
<427,doctor5-0,HR7-1,addItem> 2.570046735295628E-4
<428,doctor5-1,HR2-1,addItem> 1.4462826560170095E-4
<429,agent8-11,noteItem8-8agent8-1,read> 6.613479563150351E-4
<430,nurse2-0,nursingItem2-5,read> 6.400725889505469E-4
<431,nurse0-0,nursingItem0-0,read> 5.568871265132124E-4
<432,doctor2-1,HR2-0,addItem> 2.962428288231261E-4
<433,nurse9-2,HR9-9,addItem> 9.299938345887303E-5
<434,agent2-01,HR2-1,addNote> 7.956776240437664E-4
<435,nurse1-3,nursingItem1-7,read> 5.40224165769886E-4
<436,nurse9-2,HR9-7,addItem> 9.219525765017376E-5
<437,nurse1-3,nursingItem1-5,read> 5.373156626060752E-4
<438,nurse5-0,nursingItem5-8,read> 5.245679036921504E-4
<439,nurse9-2,HR9-8,addItem> 9.273134152263992E-5
<440,nurse1-3,nursingItem1-6,read> 9.402080100842313E-4
<441,nurse9-2,HR9-5,addItem> 9.728805443860249E-5
<442,nurse9-2,HR9-6,addItem> 9.165917377770755E-5
<443,nurse5-1,nursingItem5-9,read> 5.268875927021573E-4
<444,nurse9-2,HR9-3,addItem> 9.594784475743702E-5
<445,nurse1-3,nursingItem1-9,read> 5.256816499508324E-4
<446,nurse9-2,HR9-4,addItem> 9.648392862990323E-5
<447,nurse9-2,HR9-1,addItem> 9.487567701250467E-5
<448,nurse9-2,HR9-2,addItem> 9.541176088497086E-5
<449,agent0-0,noteItem0-2,read> 6.035349618945667E-4
<450,doctor3-1,HR3-3,addItem> 2.3635980199478472E-4
<451,doctor3-1,HR3-2,addItem> 2.3763069596764792E-4
<452,nurse9-2,HR9-0,addItem> 9.433959314003849E-5
<453,agent5-01,HR5-4,addNote> 6.448696442397819E-4
<454,nurse1-3,nursingItem1-3,read> 5.453140463065547E-4
<455,patient2-1,noteItem2-1agent2-0,read> 0.002378850615590441
<456,doctor4-1,HRitem2-7-0,read> 2.500839721577776E-4
<457,doctor3-1,HR3-4,addItem> 2.4271427185910068E-4
<458,agent5-0,HR5-4,addNote> 6.372977893172013E-4
<459,nurse1-3,nursingItem1-4,read> 5.431326689336966E-4
<460,agent2-01,noteItem2-1agent2-0,read> 0.001469669257735101
<461,patient1-2,HR1-2,addNote> 0.0011283448674012178
<462,nurse1-3,nursingItem1-1,read> 5.424055431427439E-4
<463,nurse1-3,nursingItem1-2,read> 5.416784173517913E-4
<464,doctor3-1,HR3-8,addItem> 2.45256059804827E-4
<465,nurse0-2,HR0-8,addItem> 7.776519839678007E-5
<466,nurse7-2,nursingItem7-6,read> 1.1229622756900609E-4
<467,patient7-0,noteItem7-0agent7-0,read> 5.567003023564521E-4
<468,patient1-0,noteItem1-0,read> 0.00126584690338979
<469,agent6-01,HR6-8,addNote> 1.3995535143566462E-4
<470,patient5-1,noteItem5-1,read> 0.0031187696466096148
<471,nurse9-1,HR9-6,addItem> 9.079036644332171E-5
<472,agent1-1,noteItem1-1agent1-1,read> 9.564607872576968E-4
<473,doctor6-1,HR7-4,addItem> 2.9866362112402733E-4
<474,doctor0-0,HR0-4,addItem> 1.676436563337715E-4
<475,doctor8-1,HRitem8-7-0,read> 3.4247553403879324E-4
<476,nurse9-1,HR9-7,addItem> 9.132136895206785E-5
<477,nurse9-1,HR9-8,addItem> 9.185237146081396E-5
<478,agent8-11,noteItem8-8,read> 6.954707547887066E-4
<479,doctor6-1,HR7-6,addItem> 3.0045762110074534E-4
<480,nurse9-3,nursingItem9-5,read> 4.6749992512344103E-4
<481,nurse9-1,HR9-9,addItem> 9.211787271518704E-5
<482,nurse9-1,HR9-2,addItem> 9.45073840045446E-5
<483,nurse9-1,HR9-3,addItem> 9.50383865132907E-5
<484,nurse9-1,HR9-4,addItem> 9.556938902203685E-5
<485,nurse9-1,HR9-5,addItem> 9.636589278515603E-5
<486,nurse9-1,nursingItem9-2,read> 8.183744817201407E-4
<487,nurse9-1,HR9-0,addItem> 9.344537898705234E-5
<488,patient1-7,HR1-7,addNote> 0.001064014802705276
<489,patient7-6,noteItem7-6,read> 9.99591142633862E-4
<490,nurse9-1,HR9-1,addItem> 9.397638149579846E-5
<491,nurse3-2,nursingItem3-5,read> 3.581518457212089E-4
<492,agent9-0,noteItem9-8agent9-0,read> 5.168609662808725E-4
<493,agent9-01,noteItem9-8agent9-0,read> 1.8722885696875348E-4
<494,agent0-11,noteItem0-9,read> 6.042701761984879E-4
<495,patient6-8,noteItem6-8agent6-0,read> 0.0031458146884530045
<496,nurse4-0,nursingItem4-5,read> 5.252442937093686E-4
<497,agent4-1,noteItem4-2agent4-1,read> 0.0016819598647937301
<498,doctor6-1,HR7-8,addItem> 3.022516210774633E-4
<499,patient3-7,noteItem3-7,read> 0.0030318289900362508
<500,patient2-5,HR2-5,addNote> 0.0010881385769662543
<501,doctor6-1,HR7-9,addItem> 3.013546210891043E-4
<502,doctor9-1,HRitem5-8-0,read> 5.619290210271461E-5
<503,doctor4-0,HRitem1-8-0,read> 2.1959860862441011E-4
<504,nurse9-3,HR9-4,addItem> 9.465484941417048E-5
<505,patient2-0,HR2-0,addNote> 0.0011069015125025705
<506,nurse9-3,HR9-5,addItem> 9.544373113170955E-5
<507,nurse9-3,HR9-6,addItem> 8.992155910893585E-5
<508,nurse9-3,HR9-7,addItem> 9.044748025396193E-5
<509,nurse9-3,HR9-8,addItem> 9.097340139898798E-5
<510,nurse9-0,nursingItem9-8,read> 4.893222289417963E-4
<511,nurse9-3,HR9-9,addItem> 9.123636197150104E-5
<512,doctor3-0,HR3-3,addItem> 2.3553192177764012E-4
<513,doctor3-0,HR3-2,addItem> 2.3679836428299765E-4
<514,nurse1-0,nursingItem1-9,read> 5.51504608194031E-4
<515,nurse9-3,HR9-0,addItem> 9.25511648340662E-5
<516,patient6-9,HR6-9,addNote> 2.545281552813397E-4
<517,nurse9-3,HR9-1,addItem> 9.307708597909226E-5
<518,doctor9-1,HRitem4-1-3,read> 5.016582879967969E-4
<519,nurse9-3,HR9-2,addItem> 9.360300712411833E-5
<520,nurse9-3,HR9-3,addItem> 9.412892826914438E-5
<521,nurse3-2,HR3-6,addItem> 1.0142443647467629E-4
<522,patient3-0,HR3-0,addNote> 0.0010130868348209887
<523,patient3-5,noteItem3-5agent3-0,read> 2.782483778139927E-4
<524,agent3-01,noteItem3-5,read> 0.0014923958699530552
<525,doctor3-0,HR3-8,addItem> 2.443970193151429E-4
<526,doctor7-0,HR6-0,addItem> 4.5574355431747525E-5
<527,agent9-1,noteItem9-4,read> 0.0013826588848432273
<528,doctor7-0,HR6-1,addItem> 5.4343338839245715E-5
<529,patient7-4,HR7-4,addNote> 8.924679635160973E-4
<530,doctor7-0,HR6-2,addItem> 5.492793773307893E-5
<531,doctor1-0,HR1-4,addItem> 1.2676577494967367E-4
<532,doctor7-0,HR6-4,addItem> 5.37587399454125E-5
<533,doctor3-0,HRitem8-2-3,read> 9.125346262639897E-5
<534,nurse3-2,HR3-7,addItem> 1.0195971662319575E-4
<535,patient2-0,noteItem2-0,read> 0.0011789062468164258
<536,patient5-2,noteItem5-2agent5-1,read> 4.687681156588333E-4
<537,nurse3-2,HR3-8,addItem> 1.0329791699449439E-4
<538,nurse2-1,nursingItem2-0,read> 3.6494320906349693E-4
<539,nurse3-2,HR3-9,addItem> 1.0356555706875412E-4
<540,patient7-6,HR7-6,addNote> 8.978288022407593E-4
<541,nurse3-2,HR3-3,addItem> 9.95509559548582E-5
<542,agent4-11,HR4-2,addNote> 4.941441282207008E-4
<543,nurse0-1,HR0-3,addItem> 7.739058817460919E-5
<544,nurse3-2,HR3-4,addItem> 1.0222735669745548E-4
<545,nurse3-2,HR3-5,addItem> 1.024949967717152E-4
<546,agent3-11,HR3-1,addNote> 6.510440316885478E-4
<547,agent0-01,HR0-2,addNote> 4.936249227223146E-4
<548,patient0-4,noteItem0-4,read> 0.0012060752019956021
<549,patient2-8,noteItem2-8,read> 0.0010810980081713913
<550,patient7-0,noteItem7-0,read> 0.0011463035006014143
<551,nurse3-2,HR3-0,addItem> 1.0115679640041657E-4
<552,nurse3-2,HR3-1,addItem> 1.0062151625189708E-4
<553,nurse3-2,HR3-2,addItem> 1.0008623610337764E-4
<554,nurse6-0,nursingItem6-6,read> 1.7835949564246758E-4
<555,nurse0-3,nursingItem0-1,read> 5.525670916079319E-4
<556,nurse6-0,nursingItem6-7,read> 1.0064753497228274E-4
<557,nurse6-0,nursingItem6-8,read> 1.0505679722844607E-4
<558,nurse6-0,nursingItem6-9,read> 1.8092658883312374E-4
<559,nurse7-3,HR7-9,addItem> 9.333008739303735E-5
<560,nurse6-0,nursingItem6-2,read> 1.2269384625309914E-4
<561,nurse6-0,nursingItem6-3,read> 2.1558234690698255E-4
<562,nurse6-0,nursingItem6-4,read> 9.9177780886895E-5
<563,nurse6-0,nursingItem6-5,read> 1.6937466947517085E-4
<564,patient0-8,noteItem0-8,read> 0.0011843400378522611
<565,nurse5-2,nursingItem5-8,read> 9.224125129972183E-4
<566,nurse0-1,nursingItem0-9,read> 5.499917666443357E-4
<567,nurse6-0,nursingItem6-0,read> 1.2122409216771141E-4
<568,nurse6-0,nursingItem6-1,read> 2.1301525371632632E-4
<569,nurse9-3,nursingItem9-3,read> 8.024107053483698E-4
<570,doctor5-0,HRitem5-1-2,read> 2.0338477076830163E-5
<571,doctor7-1,HR2-9,addItem> 2.1093870833494206E-4
<572,nurse9-1,nursingItem9-6,read> 4.734850983092321E-4
<573,nurse3-1,HR3-8,addItem> 1.0391832490437122E-4
<574,nurse3-1,HR3-9,addItem> 1.041875724265244E-4
<575,nurse3-1,HR3-6,addItem> 1.0203359224929896E-4
<576,nurse3-1,HR3-7,addItem> 1.0257208729360532E-4
<577,nurse8-3,nursingItem8-8,read> 4.25071689439985E-4
<578,nurse3-1,HR3-4,addItem> 1.028413348157585E-4
<579,doctor0-1,HR0-3,addItem> 1.6452645950634743E-4
<580,doctor7-1,HR2-6,addItem> 2.078589989158777E-4
<581,patient2-3,HR2-3,addNote> 0.0011176231899518942
<582,agent4-0,noteItem4-6agent4-0,read> 0.0016227153165306314
<583,nurse3-1,HR3-5,addItem> 1.0311058233791168E-4
<584,patient3-2,noteItem3-2,read> 0.002950322124498722
<585,nurse5-0,nursingItem5-6,read> 9.188619057813971E-4
<586,nurse3-1,HR3-2,addItem> 1.0068735463853305E-4
<587,patient3-4,noteItem3-4,read> 0.0029285869603553807
<588,nurse3-1,HR3-3,addItem> 1.001488595942267E-4
<589,doctor2-0,HR5-4,addItem> 2.543571022036121E-4
<590,agent4-1,HR4-2,addNote> 5.162287819959276E-4
<591,patient9-5,HR9-5,addNote> 9.728805443860248E-4
<592,nurse3-3,nursingItem3-4,read> 3.623448890127866E-4
<593,agent0-01,noteItem0-2agent0-0,read> 0.001541903092262472
<594,doctor7-1,HR2-1,addItem> 2.1247856304447424E-4
<595,nurse1-1,nursingItem1-1,read> 9.631092322426767E-4
<596,nurse3-1,HR3-0,addItem> 1.0176434472714578E-4
<597,nurse1-0,nursingItem1-3,read> 9.83580706211534E-4
<598,nurse3-1,HR3-1,addItem> 1.012258496828394E-4
<599,nurse1-0,nursingItem1-2,read> 5.682871817129318E-4
<600,doctor7-1,HR2-4,addItem> 2.150449875603612E-4
<601,nurse1-0,nursingItem1-4,read> 5.6981287021465E-4
<602,nurse8-0,nursingItem8-0,read> 5.402917848563627E-4
<603,nurse1-0,nursingItem1-6,read> 5.621844277060587E-4
<604,nurse6-1,nursingItem6-9,read> 1.0417728270512697E-4
<605,agent2-11,HR2-6,addNote> 7.649952891228535E-4
<606,nurse6-1,nursingItem6-7,read> 1.7636589267957365E-4
<607,nurse6-1,nursingItem6-8,read> 1.0565541145766798E-4
<608,nurse6-1,nursingItem6-5,read> 9.75257033186926E-5
<609,nurse6-1,nursingItem6-6,read> 1.0269915395258602E-4
<610,nurse4-2,nursingItem4-2,read> 5.170205564512234E-4
<611,nurse0-1,nursingItem0-5,read> 5.462501139430872E-4
<612,nurse6-1,nursingItem6-3,read> 1.2413202086443005E-4
<613,nurse4-3,nursingItem4-9,read> 5.254898071213477E-4
<614,nurse8-1,nursingItem8-6,read> 5.342598665177053E-4
<615,patient3-0,noteItem3-0,read> 0.0029611897065703924
<616,nurse6-1,nursingItem6-4,read> 9.974289644750407E-5
<617,patient4-7,HR4-7,addNote> 7.47725317950228E-4
<618,doctor7-1,HR4-8,addItem> 2.141026513686632E-4
<619,doctor1-0,HRitem1-1-0,read> 4.0282918482855757E-4
<620,nurse6-1,nursingItem6-1,read> 1.2265389211188907E-4
<621,nurse6-1,nursingItem6-2,read> 1.2339295648815954E-4
<622,patient4-1,noteItem4-1,read> 0.0029666234976062278
<623,nurse6-1,nursingItem6-0,read> 1.219148277356186E-4
<624,doctor7-1,HR4-4,addItem> 2.2019900448489973E-4
<625,doctor1-1,HRitem1-0-2,read> 4.6997262133217053E-4
<626,nurse3-0,HR3-1,addItem> 9.88085159590701E-5
<627,nurse9-1,nursingItem9-3,read> 4.6173897273582646E-4
<628,nurse3-0,HR3-2,addItem> 9.828288049791138E-5
<629,nurse3-0,HR3-3,addItem> 9.775724503675263E-5
<630,nurse1-1,nursingItem1-0,read> 5.426881016737898E-4
<631,nurse3-0,HR3-4,addItem> 1.0038542234254637E-4
<632,nurse9-0,HR9-0,addItem> 9.702223559899693E-5
<633,nurse3-0,HR3-5,addItem> 1.0064824007312573E-4
<634,nurse3-0,HR3-6,addItem> 9.959696915080824E-5
<635,nurse3-0,HR3-7,addItem> 1.0012260461196699E-4
<636,patient6-7,noteItem6-7,read> 0.003102468273502109
<637,nurse3-0,HR3-8,addItem> 1.0143669326486386E-4
<638,agent8-01,noteItem8-5,read> 7.332545341233038E-4
<639,nurse9-0,HR9-4,addItem> 9.922754745350238E-5
<640,nurse9-0,HR9-3,addItem> 9.8676219489876E-5
<641,patient2-8,HR2-8,addNote> 0.001090818996328585
<642,nurse1-1,nursingItem1-9,read> 5.367486320550604E-4
<643,nurse9-0,HR9-2,addItem> 9.812489152624966E-5
<644,nurse1-1,nursingItem1-8,read> 5.501124386972012E-4
<645,doctor0-1,HRitem5-0-2,read> 9.502556580075925E-5
<646,nurse9-0,HR9-1,addItem> 9.75735635626233E-5
<647,nurse9-0,HR9-8,addItem> 9.536825170811785E-5
<648,agent6-0,noteItem6-8,read> 0.00167013665822551
<649,agent0-0,noteItem0-2agent0-0,read> 0.0017869091786124076
<650,nurse1-1,nursingItem1-6,read> 5.471427038878365E-4
<651,nurse9-0,HR9-7,addItem> 9.48169237444915E-5
<652,agent3-11,noteItem3-1agent3-1,read> 0.0016748243778389703
<653,nurse1-1,nursingItem1-5,read> 5.486275712925188E-4
<654,doctor4-0,HR4-2,addItem> 3.9439718040038284E-4
<655,nurse9-0,HR9-6,addItem> 9.426559578086512E-5
<656,nurse9-0,HR9-5,addItem> 1.0005453939894191E-4
<657,nurse3-0,HR3-0,addItem> 9.933415142022888E-5
<658,nurse9-3,nursingItem9-9,read> 4.7186257104514257E-4
<659,agent1-01,noteItem1-7,read> 6.237740489509505E-4
<660,nurse9-0,HR9-9,addItem> 9.564391568993104E-5
<661,patient7-3,noteItem7-3,read> 9.77855978490521E-4
<662,nurse9-1,nursingItem9-4,read> 4.6394137128084005E-4
<663,nurse3-0,nursingItem3-3,read> 3.5024523394402036E-4
<664,nurse4-2,HR4-9,addItem> 7.377391553674631E-5
<665,nurse3-0,HR3-9,addItem> 1.0169951099544323E-4
<666,nurse1-2,nursingItem1-3,read> 5.491408115437936E-4
<667,nurse1-2,nursingItem1-2,read> 9.542156248845181E-4
<668,nurse1-2,nursingItem1-9,read> 9.260358693087575E-4
<669,nurse1-2,nursingItem1-8,read> 5.42550755691054E-4
<670,nurse1-2,nursingItem1-7,read> 5.440152125472184E-4
<671,nurse4-1,nursingItem4-7,read> 9.319467548015883E-4
<672,nurse1-2,nursingItem1-6,read> 5.396218419787254E-4
<673,agent8-1,noteItem8-8,read> 7.542053290894801E-4
<674,patient3-9,HR3-9,addNote> 0.0010372106090819667
<675,nurse8-1,nursingItem8-2,read> 5.391918122051565E-4
<676,nurse0-0,nursingItem0-4,read> 5.442467956304647E-4
<677,doctor5-0,HR7-0,addItem> 2.577883239125776E-4
<678,nurse0-0,nursingItem0-2,read> 5.420161490040973E-4
<679,doctor5-0,HR5-8,addItem> 2.8630426850471404E-4
<680,nurse0-0,nursingItem0-3,read> 5.412726001286415E-4
<681,doctor5-0,HR7-3,addItem> 2.5857197429559237E-4
<682,patient8-6,HR8-6,addNote> 7.128798662399261E-4
<683,nurse0-0,nursingItem0-8,read> 5.472209911322876E-4
<684,nurse0-0,nursingItem0-9,read> 5.464774422568318E-4
<685,nurse8-0,nursingItem8-6,read> 5.312999780605434E-4
<686,nurse0-0,nursingItem0-6,read> 9.484344837835351E-4
<687,doctor5-0,HR7-2,addItem> 2.5935562467860725E-4
<688,nurse0-0,nursingItem0-7,read> 5.449903445059204E-4
<689,doctor3-1,HRitem8-9-3,read> 2.3383896261721735E-4
<690,nurse0-0,nursingItem0-1,read> 5.561435776377567E-4
<691,nurse5-0,HR5-7,addItem> 9.963313087276319E-5
<692,nurse7-3,HR7-8,addItem> 9.360788996000162E-5
<693,doctor9-1,HRitem4-0-1,read> 3.39457851499305E-4
<694,nurse7-3,HR7-4,addItem> 9.249667969214454E-5
<695,agent6-1,noteItem6-5,read> 0.0017891006477695703
<696,nurse7-3,HR7-5,addItem> 9.221887712518028E-5
<697,nurse7-3,HR7-6,addItem> 9.305228482607309E-5
<698,patient8-8,noteItem8-8agent8-1,read> 0.0012308470670381961
<699,nurse7-3,HR7-7,addItem> 9.277448225910882E-5
<700,agent9-01,noteItem9-8,read> 5.746265061581088E-4
<701,nurse5-3,HR5-4,addItem> 9.948342247918791E-5
<702,patient1-1,noteItem1-1,read> 0.0010267600978130385
<703,doctor5-0,HR5-2,addItem> 2.8400129595054807E-4
<704,nurse7-3,HR7-0,addItem> 9.138546942428748E-5
<705,doctor5-0,HR5-1,addItem> 2.9551615872137785E-4
<706,doctor5-0,HR7-7,addItem> 2.6170657582765157E-4
<707,nurse7-3,HR7-1,addItem> 9.110766685732321E-5
<708,patient7-2,noteItem7-2,read> 0.0011626048737089201
<709,nurse8-1,nursingItem8-0,read> 9.059494800045597E-4
<710,nurse7-3,HR7-2,addItem> 9.194107455821601E-5
<711,doctor5-0,HR7-5,addItem> 2.60139275061622E-4
<712,nurse4-3,nursingItem4-0,read> 8.861162931636777E-4
<713,nurse7-3,HR7-3,addItem> 9.166327199125174E-5
<714,doctor5-0,HR5-6,addItem> 2.893748985769353E-4
<715,agent5-1,noteItem5-2agent5-1,read> 3.226142097319839E-4
<716,doctor5-0,HR5-5,addItem> 2.816983233963821E-4
<717,doctor0-1,HRitem5-7-1,read> 8.672693881716664E-5
<718,nurse0-1,nursingItem0-4,read> 5.477467750235868E-4
<719,nurse0-1,nursingItem0-6,read> 5.49243436104086E-4
<720,patient1-9,HR1-9,addNote> 0.0010720560607922686
<721,nurse0-1,nursingItem0-7,read> 9.506470264133611E-4
<722,nurse0-1,nursingItem0-8,read> 9.545380266920128E-4
<723,nurse0-1,nursingItem0-0,read> 5.604683942078311E-4
<724,nurse7-0,nursingItem7-1,read> 1.1682321997331006E-4
<725,nurse0-1,nursingItem0-1,read> 9.701020278066196E-4
<726,agent4-01,noteItem4-6agent4-0,read> 0.001266636544535433
<727,agent6-01,noteItem6-8agent6-0,read> 0.0016656685465783214
<728,agent3-11,noteItem3-1,read> 0.0014790524421759964
<729,doctor0-1,HR0-4,addItem> 1.6567716183132257E-4
<730,nurse0-2,nursingItem0-8,read> 5.401827790276923E-4
<731,doctor5-1,HRitem5-1-0,read> 2.760865181700524E-4
<732,patient0-2,HR0-2,addNote> 7.450448985878971E-4
<733,nurse0-2,nursingItem0-6,read> 5.387148079359565E-4
<734,nurse0-2,nursingItem0-7,read> 5.379808223900886E-4
<735,nurse0-2,nursingItem0-5,read> 9.362847779441068E-4
<736,doctor0-0,HR2-3,addItem> 1.8853473882792727E-4
<737,nurse0-2,nursingItem0-3,read> 9.337194677471027E-4
<738,doctor0-0,HR2-2,addItem> 1.8808257197153974E-4
<739,nurse0-2,nursingItem0-1,read> 5.48990605578107E-4
<740,doctor6-1,HRitem7-4-1,read> 1.32746597544362E-4
<741,doctor0-0,HR2-0,addItem> 1.8672607140237705E-4
<742,agent5-11,noteItem5-2,read> 0.0015308867199557246
<743,doctor0-0,HR2-8,addItem> 1.8401307026405175E-4
<744,doctor9-1,HRitem5-2-3,read> 7.656346825168777E-5
<745,doctor0-0,HR2-7,addItem> 1.8446523712043928E-4
<746,doctor0-0,HR2-5,addItem> 1.835609034076642E-4
<747,doctor1-0,HRitem2-6-3,read> 1.5641533595604505E-4
<748,doctor0-1,HR0-8,addItem> 1.6855391764376054E-4
<749,nurse8-1,nursingItem8-5,read> 8.977255170013031E-4
<750,doctor6-1,HRitem7-9-1,read> 8.370925627767842E-5
<751,doctor7-1,HR7-6,addItem> 3.2802254046778616E-4
<752,doctor0-0,HR0-3,addItem> 1.664792958209628E-4
<753,nurse0-3,nursingItem0-9,read> 5.42963117869328E-4
<754,doctor9-1,HRitem5-6-0,read> 1.553460192615719E-4
<755,doctor0-0,HR0-5,addItem> 1.6415057479534536E-4
<756,nurse0-3,nursingItem0-6,read> 5.422243506586663E-4
<757,nurse0-3,nursingItem0-7,read> 5.414855834480045E-4
<758,patient2-1,noteItem2-1,read> 0.0011680386647447553
<759,nurse0-3,nursingItem0-8,read> 5.437018850799899E-4
<760,doctor0-1,HR4-8,addItem> 1.212648630441E-4
<761,nurse9-0,nursingItem9-7,read> 8.402343173217512E-4
<762,nurse0-3,nursingItem0-2,read> 5.385305146053572E-4
<763,nurse0-3,nursingItem0-3,read> 5.377917473946953E-4
<764,nurse0-3,nursingItem0-4,read> 5.407468162373427E-4
<765,doctor0-1,HR4-4,addItem> 1.247177554813634E-4
<766,nurse0-3,nursingItem0-0,read> 5.533058588185936E-4
<767,patient8-3,noteItem8-3,read> 0.0014723309627515302
<768,doctor0-0,HR0-8,addItem> 1.7055455761579328E-4
<769,agent2-0,noteItem2-1agent2-0,read> 0.001461822642627699
<770,agent4-01,HR4-6,addNote> 4.7894158520781307E-4
<771,doctor0-1,HRitem0-5-0,read> 1.5335319475403924E-4
<772,doctor8-1,HRitem9-8-3,read> 3.832142483218842E-4
<773,doctor5-1,HRitem5-6-3,read> 4.797800895855072E-4
<774,doctor5-1,HRitem5-8-3,read> 1.689587880182206E-4
<775,doctor0-0,HRitem0-5-0,read> 1.5517341071551153E-4
<776,doctor9-1,HRitem4-2-0,read> 4.654460975229382E-4
<777,agent4-01,noteItem4-6,read> 0.0014302579681198346
<778,doctor9-1,HRitem4-6-1,read> 3.7793330387777977E-4
<779,nurse7-0,HR7-9,addItem> 8.92941917219871E-5
<780,doctor0-0,HRitem2-3-2,read> 2.964558753115979E-4
<781,agent3-0,noteItem3-5,read> 0.0014454836225674971
<782,nurse5-0,HR5-9,addItem> 9.85702593799545E-5
<783,nurse7-0,HR7-0,addItem> 8.743366534107506E-5
<784,nurse5-0,HR5-5,addItem> 9.750738788714582E-5
<785,nurse3-1,nursingItem3-3,read> 3.5881392468271195E-4
<786,nurse5-0,HR5-6,addItem> 1.0016456661916752E-4
<787,patient4-3,noteItem4-3,read> 0.00302096140796458
<788,nurse5-0,HR5-8,addItem> 9.910169512635883E-5
<789,patient2-3,noteItem2-3,read> 0.0011517372916372496
<790,nurse5-0,HR5-1,addItem> 1.0229030960478487E-4
<791,nurse5-0,HR5-2,addItem> 9.830454150675233E-5
<792,doctor5-0,HRitem5-8-0,read> 1.1653798908986627E-4
<793,nurse5-0,HR5-3,addItem> 9.803882363355017E-5
<794,nurse5-0,HR5-4,addItem> 9.7773105760348E-5
<795,nurse7-0,HR7-8,addItem> 8.955998120497453E-5
<796,nurse7-0,HR7-7,addItem> 8.876261275601223E-5
<797,nurse7-0,HR7-6,addItem> 8.902840223899967E-5
<798,nurse7-0,HR7-5,addItem> 8.823103379003737E-5
<799,nurse7-2,nursingItem7-5,read> 1.137550148283599E-4
<800,nurse5-0,HR5-0,addItem> 1.0202459173158269E-4
<801,nurse7-0,HR7-4,addItem> 8.849682327302479E-5
<802,nurse7-0,HR7-3,addItem> 8.769945482406249E-5
<803,nurse7-0,HR7-2,addItem> 8.796524430704992E-5
<804,nurse7-0,HR7-1,addItem> 8.716787585808762E-5
<805,doctor6-1,HR6-8,addItem> 7.955740968181198E-5
<806,doctor6-1,HR6-9,addItem> 8.892169527457061E-5
<807,agent6-0,HR6-8,addNote> 1.5608579871977514E-4
<808,agent2-1,noteItem2-6agent2-1,read> 0.001432122702710924
<809,nurse7-1,HR7-2,addItem> 8.763392511945274E-5
<810,nurse5-3,nursingItem5-3,read> 9.125086797600165E-4
<811,nurse4-2,HR4-4,addItem> 7.697037825294652E-5
<812,nurse4-2,HR4-3,addItem> 7.643763446691316E-5
<813,nurse4-2,HR4-6,addItem> 7.59048906808798E-5
<814,doctor8-1,HRitem9-2-1,read> 3.5001974038751375E-4
<815,nurse4-2,HR4-5,addItem> 7.537214689484641E-5
<816,nurse4-2,HR4-8,addItem> 7.483940310881305E-5
<817,nurse4-2,HR4-7,addItem> 7.430665932277967E-5
<818,nurse7-1,HR7-1,addItem> 8.683955994148464E-5
<819,nurse7-1,HR7-0,addItem> 8.710434833414069E-5
<820,doctor6-1,HR6-7,addItem> 7.768455256326025E-5
<821,agent1-0,noteItem1-7agent1-0,read> 4.2328486280921807E-4
<822,nurse7-1,HR7-3,addItem> 8.736913672679671E-5
<823,doctor6-1,HR6-6,addItem> 8.330312391891541E-5
<824,doctor6-1,HR6-5,addItem> 8.143026680036371E-5
<825,nurse7-1,HR7-5,addItem> 8.789871351210879E-5
<826,doctor6-1,HR6-4,addItem> 4.991228836499117E-5
<827,nurse7-1,HR7-4,addItem> 8.816350190476481E-5
<828,doctor6-1,HR6-3,addItem> 8.517598103746715E-5
<829,nurse4-2,HR4-0,addItem> 7.830223771802996E-5
<830,nurse7-1,HR7-7,addItem> 8.842829029742084E-5
<831,doctor6-1,HR6-2,addItem> 5.099782975217721E-5
<832,nurse7-1,HR7-6,addItem> 8.869307869007689E-5
<833,doctor6-1,HR6-1,addItem> 5.045505905858419E-5
<834,nurse4-2,HR4-2,addItem> 7.723675014596321E-5
<835,nurse4-0,nursingItem4-1,read> 5.207419317655535E-4
<836,nurse7-1,HR7-9,addItem> 8.895786708273291E-5
<837,doctor6-1,HR6-0,addItem> 4.231349865468894E-5
<838,doctor2-0,HR1-0,addItem> 1.40908133564626E-4
<839,nurse4-2,HR4-1,addItem> 7.77694939319966E-5
<840,doctor6-0,HR6-7,addItem> 7.79696334900979E-5
<841,doctor5-1,HR0-9,addItem> 5.459232452087393E-4
<842,doctor6-0,HR6-8,addItem> 7.984936347880944E-5
<843,doctor6-0,HR6-9,addItem> 8.924801342236719E-5
<844,agent6-1,HR6-5,addNote> 1.7233056633105255E-4
<845,patient0-5,HR0-5,addNote> 7.557665760372208E-4
<846,nurse4-3,HR4-7,addItem> 7.384078685053655E-5
<847,nurse4-0,nursingItem4-3,read> 5.274954746812761E-4
<848,nurse4-3,HR4-6,addItem> 7.542899794933822E-5
<849,nurse4-3,HR4-5,addItem> 7.489959424973765E-5
<850,nurse4-3,HR4-4,addItem> 7.648780534853932E-5
<851,nurse7-2,HR7-2,addItem> 8.730260593185558E-5
<852,nurse4-3,HR4-9,addItem> 7.331138315093599E-5
<853,nurse7-2,HR7-0,addItem> 8.677503132720633E-5
<854,nurse4-3,HR4-8,addItem> 7.437019055013709E-5
<855,doctor6-0,HR6-4,addItem> 5.009545272596362E-5
<856,patient8-2,HR8-2,addNote> 7.316428017762426E-4
<857,nurse9-2,nursingItem9-2,read> 4.728279498863778E-4
<858,nurse7-2,HR7-6,addItem> 8.83577551411541E-5
<859,doctor6-0,HR6-3,addItem> 8.54885534449441E-5
<860,nurse7-2,HR7-5,addItem> 8.756639323418021E-5
<861,doctor6-0,HR6-6,addItem> 8.360882345623254E-5
<862,nurse9-2,nursingItem9-8,read> 8.280155736184236E-4
<863,nurse7-2,HR7-4,addItem> 8.783018053650483E-5
<864,doctor6-0,HR6-5,addItem> 8.1729093467521E-5
<865,nurse7-2,HR7-3,addItem> 8.703881862953095E-5
<866,doctor6-0,HR6-0,addItem> 4.2468777548834584E-5
<867,patient9-8,HR9-8,addNote> 9.273134152263992E-4
<868,nurse4-3,HR4-3,addItem> 7.595840164893878E-5
<869,nurse4-3,HR4-2,addItem> 7.675250719833963E-5
<870,agent0-11,noteItem0-9agent0-1,read> 0.0012610905846562926
<871,nurse7-2,HR7-9,addItem> 8.862154244347872E-5
<872,nurse4-0,nursingItem4-9,read> 9.326732571008252E-4
<873,doctor6-0,HR6-2,addItem> 5.118497775126777E-5
<874,nurse4-3,HR4-1,addItem> 7.728191089794019E-5
<875,nurse7-2,HR7-8,addItem> 8.888532974580335E-5
<876,doctor6-0,HR6-1,addItem> 5.064021523861569E-5
<877,nurse4-3,HR4-0,addItem> 7.781131459754074E-5
<878,nurse7-2,HR7-7,addItem> 8.809396783882946E-5
<879,nurse5-3,HR5-1,addItem> 1.0407964446667616E-4
<880,nurse6-0,HR6-6,addItem> 2.364249133522072E-5
<881,nurse5-3,HR5-0,addItem> 1.0380927846741212E-4
<882,nurse4-0,nursingItem4-8,read> 9.339723203107619E-4
<883,nurse6-0,HR6-5,addItem> 2.3110950546419514E-5
<884,nurse4-0,HR4-0,addItem> 7.977500707949762E-5
<885,nurse6-0,HR6-8,addItem> 2.2579409757618293E-5
<886,nurse5-3,HR5-3,addItem> 9.975378847845191E-5
<887,nurse6-0,HR6-7,addItem> 2.204786896881708E-5
<888,nurse5-3,HR5-2,addItem> 1.0002415447771591E-4
<889,nurse6-0,HR6-2,addItem> 2.497134330722376E-5
<890,nurse6-0,HR6-1,addItem> 2.470557291282315E-5
<891,nurse6-0,HR6-4,addItem> 2.4439802518422543E-5
<892,doctor6-0,HRitem6-3-1,read> 3.5605510546649023E-4
<893,nurse6-0,HR6-3,addItem> 2.4174032124021934E-5
<894,nurse4-0,HR4-7,addItem> 7.570427673950907E-5
<895,nurse4-0,HR4-8,addItem> 7.624704078484088E-5
<896,nurse5-3,HR5-8,addItem> 1.0083525247550797E-4
<897,nurse4-0,HR4-5,addItem> 7.678980483017268E-5
<898,nurse6-0,HR6-0,addItem> 2.0719016996814037E-5
<899,nurse9-2,nursingItem9-3,read> 4.661575274988487E-4
<900,doctor6-0,HRitem6-7-1,read> 1.2369354992589735E-4
<901,nurse4-0,HR4-6,addItem> 7.73325688755045E-5
<902,nurse4-0,HR4-3,addItem> 7.78753329208363E-5
<903,nurse5-3,HR5-5,addItem> 9.921305647992387E-5
<904,nurse4-0,HR4-4,addItem> 7.841809696616808E-5
<905,nurse4-0,HR4-1,addItem> 7.923224303416582E-5
<906,nurse5-3,HR5-7,addItem> 1.01375984474036E-4
<907,nurse4-0,HR4-2,addItem> 7.8689478988834E-5
<908,nurse5-3,HR5-6,addItem> 1.0191671647256402E-4
<909,nurse2-1,nursingItem2-9,read> 3.716468176320585E-4
<910,patient2-7,noteItem2-7,read> 0.001097399381278897

