<0,agent9-1,noteItem9-9,read> null
<1,doctor4-1,HR0-5,addItem> null
<2,doctor6-1,HRitem4-7-0,read> null
<3,doctor2-1,HRitem1-1-1,read> null
<4,agent2-01,noteItem2-7,read> null
<5,patient2-9,HR2-9,addNote> null
<6,patient5-6,HR5-6,addNote> null
<7,agent4-0,HR4-8,addNote> null
<8,nurse1-3,nursingItem1-7,read> null
<9,doctor0-0,HR8-2,addItem> null
<10,patient7-3,HR7-3,addNote> null
<11,patient9-5,noteItem9-5,read> null
<12,patient1-5,noteItem1-5,read> null
<13,patient5-9,noteItem5-9,read> null
<14,doctor4-1,HR0-3,addItem> null
<15,agent6-1,noteItem6-6,read> null
<16,nurse1-2,nursingItem1-1,read> null
<17,doctor4-1,HR0-1,addItem> null
<18,nurse8-0,nursingItem8-7,read> null
<19,nurse1-0,nursingItem1-2,read> null
<20,nurse0-1,nursingItem0-0,read> null
<21,patient3-8,noteItem3-8,read> null
<22,doctor8-1,HR2-7,addItem> null
<23,nurse1-1,HR1-7,addItem> null
<24,patient9-4,noteItem9-4,read> null
<25,patient4-7,noteItem4-7,read> null
<26,agent5-0,noteItem5-3agent5-0agent5-1,read> null
<27,patient3-9,noteItem3-9agent3-0,read> null
<28,nurse2-3,HR2-0,addItem> null
<29,doctor9-1,HR9-7,addItem> null
<30,agent4-1,HR4-9,addNote> null
<31,nurse2-3,HR2-1,addItem> null
<32,nurse2-3,HR2-2,addItem> null
<33,patient0-3,noteItem0-3,read> null
<34,nurse5-2,nursingItem5-6,read> null
<35,patient6-0,noteItem6-0,read> null
<36,nurse5-2,HR5-6,addItem> null
<37,doctor0-0,HR1-6,addItem> null
<38,nurse2-3,HR2-3,addItem> null
<39,nurse2-3,HR2-8,addItem> null
<40,nurse2-3,HR2-9,addItem> null
<41,nurse2-3,HR2-4,addItem> null
<42,patient6-2,noteItem6-2agent6-0,read> null
<43,patient3-4,noteItem3-4,read> null
<44,nurse2-3,HR2-5,addItem> null
<45,patient9-6,noteItem9-6agent9-0,read> null
<46,patient1-4,HR1-4,addNote> null
<47,doctor4-0,HR4-4,addItem> null
<48,nurse2-3,HR2-6,addItem> null
<49,nurse2-3,HR2-7,addItem> null
<50,doctor5-1,HRitem1-0-2,read> null
<51,nurse2-3,nursingItem2-9,read> null
<52,agent6-11,noteItem6-6,read> null
<53,patient5-4,noteItem5-4,read> null
<54,patient8-0,HR8-0,addNote> null
<55,patient4-9,noteItem4-9agent4-1,read> null
<56,nurse4-0,nursingItem4-8,read> null
<57,agent1-1,HR1-3,addNote> null
<58,nurse4-1,nursingItem4-2,read> null
<59,patient5-7,HR5-7,addNote> null
<60,doctor8-0,HR5-6,addItem> null
<61,patient0-9,noteItem0-9,read> null
<62,patient4-2,noteItem4-2,read> null
<63,doctor6-0,HRitem1-5-3,read> null
<64,doctor8-0,HR5-8,addItem> null
<65,doctor5-0,HRitem8-6-1,read> null
<66,patient3-0,noteItem3-0,read> null
<67,patient3-9,noteItem3-9,read> null
<68,doctor8-0,HR5-3,addItem> null
<69,patient1-6,noteItem1-6,read> null
<70,doctor8-0,HR5-5,addItem> null
<71,doctor8-0,HR5-4,addItem> null
<72,nurse1-1,nursingItem1-6,read> null
<73,agent6-0,noteItem6-2,read> null
<74,doctor7-1,HRitem5-2-1,read> null
<75,patient1-2,HR1-2,addNote> null
<76,patient0-0,noteItem0-0,read> null
<77,nurse9-0,nursingItem9-6,read> null
<78,patient8-4,noteItem8-4,read> null
<79,nurse9-3,nursingItem9-6,read> null
<80,nurse2-0,HR2-8,addItem> null
<81,nurse9-2,nursingItem9-4,read> null
<82,nurse6-2,nursingItem6-5,read> null
<83,nurse2-2,HR2-1,addItem> null
<84,patient0-2,noteItem0-2,read> null
<85,nurse2-2,HR2-2,addItem> null
<86,patient4-6,noteItem4-6,read> null
<87,nurse8-1,nursingItem8-0,read> null
<88,nurse9-0,nursingItem9-8,read> null
<89,patient0-8,noteItem0-8,read> null
<90,doctor8-1,HR2-5,addItem> null
<91,agent2-11,noteItem2-6agent2-1,read> null
<92,doctor3-1,HR9-6,addItem> null
<93,nurse2-2,HR2-0,addItem> null
<94,nurse1-2,nursingItem1-5,read> null
<95,nurse3-2,nursingItem3-3,read> null
<96,nurse4-2,nursingItem4-5,read> null
<97,patient4-3,noteItem4-3,read> null
<98,patient3-3,noteItem3-3,read> null
<99,patient3-7,noteItem3-7,read> null
<100,agent8-1,HR8-0,addNote> null
<101,nurse4-0,nursingItem4-2,read> null
<102,agent8-01,HR8-1,addNote> null
<103,doctor3-1,HR7-3,addItem> null
<104,doctor9-1,HRitem9-9-0,read> null
<105,agent4-1,noteItem4-9,read> null
<106,doctor2-0,HRitem0-8-0,read> null
<107,nurse2-2,HR2-9,addItem> null
<108,nurse9-2,nursingItem9-5,read> null
<109,patient4-1,noteItem4-1,read> null
<110,nurse2-2,HR2-7,addItem> null
<111,doctor6-1,HR4-3,addItem> null
<112,nurse2-2,HR2-8,addItem> null
<113,nurse2-2,HR2-5,addItem> null
<114,doctor4-0,HR2-1,addItem> null
<115,nurse2-2,HR2-6,addItem> null
<116,agent5-11,noteItem5-3agent5-0agent5-1,read> null
<117,nurse4-0,nursingItem4-6,read> null
<118,agent4-01,noteItem4-8,read> null
<119,nurse2-2,HR2-3,addItem> null
<120,nurse8-1,nursingItem8-8,read> null
<121,agent6-0,noteItem6-2agent6-0,read> null
<122,nurse8-0,nursingItem8-8,read> null
<123,nurse2-1,nursingItem2-3,read> null
<124,nurse2-2,HR2-4,addItem> null
<125,patient6-1,HR6-1,addNote> null
<126,doctor7-0,HRitem9-4-2,read> null
<127,patient0-4,noteItem0-4,read> null
<128,doctor2-1,HRitem5-3-3,read> null
<129,patient1-3,noteItem1-3,read> null
<130,nurse6-2,nursingItem6-3,read> null
<131,nurse4-3,nursingItem4-7,read> null
<132,agent8-01,noteItem8-1,read> null
<133,patient9-7,noteItem9-7,read> null
<134,agent1-0,noteItem1-4agent1-0,read> null
<135,patient7-1,HR7-1,addNote> null
<136,nurse2-1,nursingItem2-4,read> null
<137,doctor7-0,HR7-2,addItem> null
<138,nurse6-2,nursingItem6-2,read> null
<139,nurse6-2,nursingItem6-1,read> null
<140,doctor6-0,HR1-4,addItem> null
<141,patient6-7,noteItem6-7,read> null
<142,agent2-11,noteItem2-6,read> null
<143,nurse8-0,nursingItem8-1,read> null
<144,patient5-4,HR5-4,addNote> null
<145,patient8-0,noteItem8-0agent8-1,read> null
<146,nurse1-0,nursingItem1-5,read> null
<147,nurse9-2,nursingItem9-8,read> null
<148,doctor3-1,HR9-5,addItem> null
<149,agent9-01,HR9-6,addNote> null
<150,nurse6-2,nursingItem6-0,read> null
<151,nurse3-0,nursingItem3-1,read> null
<152,nurse6-2,nursingItem6-7,read> null
<153,patient6-5,noteItem6-5,read> null
<154,nurse6-2,nursingItem6-6,read> null
<155,doctor5-1,HRitem5-3-1,read> null
<156,patient6-8,noteItem6-8,read> null
<157,agent5-11,noteItem5-3,read> null
<158,patient9-8,noteItem9-8,read> null
<159,nurse8-2,nursingItem8-1,read> null
<160,nurse6-2,nursingItem6-4,read> null
<161,patient5-7,noteItem5-7,read> null
<162,nurse6-2,nursingItem6-9,read> null
<163,patient7-1,noteItem7-1,read> null
<164,nurse6-2,nursingItem6-8,read> null
<165,patient5-1,noteItem5-1,read> null
<166,nurse8-1,HR8-5,addItem> null
<167,nurse5-0,nursingItem5-0,read> null
<168,patient2-7,noteItem2-7agent2-0,read> null
<169,nurse9-1,nursingItem9-3,read> null
<170,nurse8-1,HR8-4,addItem> null
<171,patient1-3,noteItem1-3agent1-1,read> null
<172,nurse8-1,HR8-3,addItem> null
<173,agent7-1,HR7-1,addNote> null
<174,nurse8-3,nursingItem8-5,read> null
<175,nurse1-3,nursingItem1-6,read> null
<176,patient1-9,HR1-9,addNote> null
<177,patient5-5,noteItem5-5,read> null
<178,nurse7-1,HR7-5,addItem> null
<179,nurse8-1,HR8-2,addItem> null
<180,nurse7-0,HR7-2,addItem> null
<181,nurse9-2,nursingItem9-2,read> null
<182,patient5-9,HR5-9,addNote> null
<183,nurse1-3,nursingItem1-2,read> null
<184,nurse8-1,HR8-9,addItem> null
<185,agent7-1,noteItem7-1,read> null
<186,agent2-01,noteItem2-7agent2-0,read> null
<187,patient3-6,HR3-6,addNote> null
<188,agent9-01,noteItem9-6agent9-0,read> null
<189,patient8-6,noteItem8-6,read> null
<190,nurse7-2,nursingItem7-0,read> null
<191,doctor2-1,HR2-4,addItem> null
<192,doctor5-1,HR3-0,addItem> null
<193,nurse8-1,HR8-8,addItem> null
<194,doctor8-0,HRitem5-6-1,read> null
<195,doctor1-1,HRitem1-5-1,read> null
<196,patient6-9,noteItem6-9,read> null
<197,nurse9-3,nursingItem9-9,read> null
<198,nurse2-1,HR2-6,addItem> null
<199,nurse0-0,nursingItem0-4,read> null
<200,nurse1-2,nursingItem1-3,read> null
<201,nurse8-1,HR8-7,addItem> null
<202,agent2-0,noteItem2-7agent2-0,read> null
<203,nurse0-3,nursingItem0-4,read> null
<204,nurse2-1,HR2-0,addItem> null
<205,patient2-8,noteItem2-8,read> null
<206,nurse2-0,nursingItem2-3,read> null
<207,patient0-1,noteItem0-1,read> null
<208,nurse9-1,nursingItem9-1,read> null
<209,patient4-8,noteItem4-8,read> null
<210,patient7-3,noteItem7-3agent7-0,read> null
<211,nurse8-1,HR8-6,addItem> null
<212,nurse2-1,HR2-1,addItem> null
<213,nurse2-1,HR2-2,addItem> null
<214,agent3-1,noteItem3-9agent3-0agent3-1,read> null
<215,agent3-01,noteItem3-9agent3-0,read> null
<216,nurse2-1,HR2-3,addItem> null
<217,nurse0-2,nursingItem0-5,read> null
<218,patient1-2,noteItem1-2,read> null
<219,nurse2-1,HR2-4,addItem> null
<220,patient8-7,noteItem8-7,read> null
<221,nurse2-1,HR2-5,addItem> null
<222,agent3-01,HR3-9,addNote> null
<223,agent9-0,noteItem9-6,read> null
<224,nurse8-1,HR8-1,addItem> null
<225,doctor2-1,HRitem1-7-2,read> null
<226,nurse5-1,HR5-0,addItem> null
<227,agent1-0,HR1-4,addNote> null
<228,doctor7-0,HRitem9-3-2,read> null
<229,nurse8-1,HR8-0,addItem> null
<230,nurse8-2,nursingItem8-3,read> null
<231,nurse2-1,HR2-7,addItem> null
<232,nurse2-3,nursingItem2-6,read> null
<233,nurse2-1,HR2-8,addItem> null
<234,patient1-4,noteItem1-4,read> null
<235,nurse1-1,nursingItem1-0,read> null
<236,nurse2-1,HR2-9,addItem> null
<237,nurse6-3,nursingItem6-0,read> null
<238,patient9-9,noteItem9-9,read> null
<239,nurse2-0,HR2-9,addItem> null
<240,nurse4-1,nursingItem4-7,read> null
<241,nurse6-3,nursingItem6-2,read> null
<242,patient5-5,HR5-5,addNote> null
<243,nurse5-0,nursingItem5-9,read> null
<244,nurse6-3,nursingItem6-1,read> null
<245,nurse6-3,nursingItem6-4,read> null
<246,nurse6-3,nursingItem6-3,read> null
<247,nurse0-3,nursingItem0-2,read> null
<248,nurse8-0,HR8-9,addItem> null
<249,doctor3-0,HR3-2,addItem> null
<250,nurse6-3,nursingItem6-6,read> null
<251,nurse6-3,nursingItem6-5,read> null
<252,nurse6-3,nursingItem6-8,read> null
<253,nurse7-0,nursingItem7-7,read> null
<254,patient8-5,noteItem8-5,read> null
<255,nurse6-3,nursingItem6-7,read> null
<256,nurse6-3,nursingItem6-9,read> null
<257,patient0-7,noteItem0-7,read> null
<258,patient5-8,noteItem5-8,read> null
<259,patient5-3,noteItem5-3,read> null
<260,nurse8-0,HR8-2,addItem> null
<261,patient2-0,noteItem2-0,read> null
<262,nurse8-0,HR8-1,addItem> null
<263,patient9-1,noteItem9-1,read> null
<264,nurse8-0,HR8-4,addItem> null
<265,nurse8-0,HR8-3,addItem> null
<266,nurse0-1,nursingItem0-7,read> null
<267,nurse8-3,nursingItem8-3,read> null
<268,nurse8-0,HR8-6,addItem> null
<269,patient1-0,noteItem1-0,read> null
<270,nurse3-3,HR3-1,addItem> null
<271,doctor8-1,HR8-0,addItem> null
<272,nurse8-0,HR8-5,addItem> null
<273,patient4-4,HR4-4,addNote> null
<274,nurse2-0,HR2-0,addItem> null
<275,nurse3-3,HR3-0,addItem> null
<276,doctor4-1,HRitem4-3-1,read> null
<277,nurse8-0,HR8-8,addItem> null
<278,nurse3-3,HR3-3,addItem> null
<279,patient0-9,noteItem0-9agent0-1,read> null
<280,nurse8-0,HR8-7,addItem> null
<281,nurse7-3,HR7-2,addItem> null
<282,doctor8-1,HRitem3-7-1,read> null
<283,nurse3-3,HR3-2,addItem> null
<284,doctor1-0,HRitem1-0-0,read> null
<285,doctor7-1,HR5-0,addItem> null
<286,nurse3-3,HR3-5,addItem> null
<287,nurse2-1,nursingItem2-9,read> null
<288,doctor2-0,HR0-0,addItem> null
<289,nurse2-0,HR2-3,addItem> null
<290,doctor6-1,HR6-1,addItem> null
<291,patient9-5,HR9-5,addNote> null
<292,doctor2-0,HR0-9,addItem> null
<293,nurse2-0,HR2-4,addItem> null
<294,nurse3-3,HR3-4,addItem> null
<295,nurse2-0,HR2-1,addItem> null
<296,patient7-6,noteItem7-6,read> null
<297,patient1-9,noteItem1-9,read> null
<298,nurse3-3,HR3-7,addItem> null
<299,patient2-3,HR2-3,addNote> null
<300,patient5-2,noteItem5-2,read> null
<301,nurse2-0,HR2-2,addItem> null
<302,nurse3-3,HR3-6,addItem> null
<303,patient3-6,noteItem3-6,read> null
<304,patient6-1,noteItem6-1,read> null
<305,nurse3-3,HR3-9,addItem> null
<306,nurse2-0,HR2-7,addItem> null
<307,nurse3-3,HR3-8,addItem> null
<308,doctor3-0,HRitem3-0-1,read> null
<309,nurse8-0,HR8-0,addItem> null
<310,nurse2-0,HR2-5,addItem> null
<311,doctor8-0,HR8-7,addItem> null
<312,nurse6-1,nursingItem6-1,read> null
<313,nurse2-0,HR2-6,addItem> null
<314,nurse0-1,nursingItem0-6,read> null
<315,agent1-01,noteItem1-4,read> null
<316,doctor9-1,HR6-2,addItem> null
<317,doctor8-0,HRitem8-8-3,read> null
<318,nurse7-0,HR7-4,addItem> null
<319,patient9-0,HR9-0,addNote> null
<320,doctor9-1,HR6-1,addItem> null
<321,doctor7-1,HR5-2,addItem> null
<322,nurse0-1,HR0-4,addItem> null
<323,doctor9-1,HR6-0,addItem> null
<324,doctor9-1,HR6-6,addItem> null
<325,patient1-7,noteItem1-7,read> null
<326,doctor9-1,HR6-5,addItem> null
<327,nurse0-2,nursingItem0-8,read> null
<328,patient3-1,noteItem3-1,read> null
<329,patient3-3,HR3-3,addNote> null
<330,nurse4-2,nursingItem4-6,read> null
<331,doctor9-1,HR6-9,addItem> null
<332,nurse3-2,nursingItem3-6,read> null
<333,doctor9-1,HR6-8,addItem> null
<334,nurse8-3,HR8-2,addItem> null
<335,agent8-0,HR8-1,addNote> null
<336,nurse4-0,nursingItem4-0,read> null
<337,patient5-1,HR5-1,addNote> null
<338,nurse8-3,HR8-3,addItem> null
<339,nurse3-2,nursingItem3-2,read> null
<340,nurse8-2,nursingItem8-4,read> null
<341,nurse8-3,HR8-0,addItem> null
<342,nurse8-3,HR8-1,addItem> null
<343,nurse8-3,HR8-8,addItem> null
<344,nurse8-3,HR8-9,addItem> null
<345,doctor8-0,HR8-9,addItem> null
<346,nurse8-3,HR8-6,addItem> null
<347,nurse8-3,HR8-7,addItem> null
<348,nurse8-3,HR8-4,addItem> null
<349,nurse8-3,HR8-5,addItem> null
<350,agent0-0,HR0-7,addNote> null
<351,doctor6-0,HR1-5,addItem> null
<352,doctor2-0,HR0-4,addItem> null
<353,agent4-0,noteItem4-8,read> null
<354,agent9-0,noteItem9-6agent9-0,read> null
<355,nurse1-3,nursingItem1-0,read> null
<356,patient4-4,noteItem4-4,read> null
<357,patient5-3,noteItem5-3agent5-0,read> null
<358,patient5-6,noteItem5-6,read> null
<359,nurse9-0,nursingItem9-1,read> null
<360,agent2-1,noteItem2-6agent2-1,read> null
<361,nurse8-2,HR8-0,addItem> null
<362,doctor3-0,HR3-4,addItem> null
<363,doctor7-0,HRitem9-0-0,read> null
<364,nurse8-2,HR8-1,addItem> null
<365,nurse8-2,HR8-2,addItem> null
<366,nurse8-2,HR8-7,addItem> null
<367,agent0-11,HR0-9,addNote> null
<368,nurse8-2,HR8-8,addItem> null
<369,patient1-8,HR1-8,addNote> null
<370,patient8-1,noteItem8-1agent8-0,read> null
<371,nurse9-1,nursingItem9-0,read> null
<372,nurse5-2,nursingItem5-5,read> null
<373,agent9-1,HR9-9,addNote> null
<374,nurse4-3,nursingItem4-6,read> null
<375,nurse8-2,HR8-9,addItem> null
<376,nurse8-2,HR8-3,addItem> null
<377,nurse0-0,nursingItem0-1,read> null
<378,patient8-9,noteItem8-9,read> null
<379,nurse8-2,HR8-4,addItem> null
<380,nurse1-0,HR1-3,addItem> null
<381,nurse8-2,HR8-5,addItem> null
<382,patient3-9,noteItem3-9agent3-0agent3-1,read> null
<383,nurse8-2,HR8-6,addItem> null
<384,doctor2-1,HRitem5-6-3,read> null
<385,doctor2-1,HR5-8,addItem> null
<386,nurse5-3,nursingItem5-0,read> null
<387,patient4-9,noteItem4-9,read> null
<388,nurse2-1,nursingItem2-6,read> null
<389,patient5-8,HR5-8,addNote> null
<390,doctor2-0,HR2-9,addItem> null
<391,nurse5-3,nursingItem5-5,read> null
<392,doctor2-0,HR2-4,addItem> null
<393,agent2-11,HR2-6,addNote> null
<394,doctor2-0,HR2-6,addItem> null
<395,agent7-1,noteItem7-1agent7-1,read> null
<396,doctor2-0,HR2-0,addItem> null
<397,doctor3-0,HR3-8,addItem> null
<398,doctor5-0,HR4-2,addItem> null
<399,doctor6-1,HRitem6-2-0,read> null
<400,doctor2-0,HR2-1,addItem> null
<401,patient1-8,noteItem1-8,read> null
<402,doctor3-1,HR9-2,addItem> null
<403,doctor2-1,HR2-9,addItem> null
<404,nurse9-3,HR9-7,addItem> null
<405,agent9-0,HR9-6,addNote> null
<406,agent4-1,noteItem4-9agent4-1,read> null
<407,doctor4-0,HR2-4,addItem> null
<408,agent5-01,noteItem5-3,read> null
<409,nurse2-2,nursingItem2-1,read> null
<410,doctor2-1,HR2-6,addItem> null
<411,nurse4-1,nursingItem4-5,read> null
<412,agent7-0,HR7-3,addNote> null
<413,patient4-8,HR4-8,addNote> null
<414,doctor2-1,HR2-1,addItem> null
<415,doctor2-1,HR2-0,addItem> null
<416,nurse9-2,HR9-9,addItem> null
<417,nurse1-3,nursingItem1-8,read> null
<418,nurse9-2,HR9-7,addItem> null
<419,nurse1-3,nursingItem1-5,read> null
<420,nurse9-2,HR9-8,addItem> null
<421,nurse9-2,HR9-5,addItem> null
<422,nurse9-2,HR9-6,addItem> null
<423,doctor8-1,HR8-6,addItem> null
<424,nurse9-2,HR9-3,addItem> null
<425,nurse0-1,nursingItem0-5,read> null
<426,nurse1-3,nursingItem1-9,read> null
<427,nurse0-0,nursingItem0-2,read> null
<428,nurse9-2,HR9-4,addItem> null
<429,nurse1-1,nursingItem1-8,read> null
<430,nurse8-0,nursingItem8-4,read> null
<431,nurse9-2,HR9-1,addItem> null
<432,nurse9-2,HR9-2,addItem> null
<433,doctor3-1,HR3-3,addItem> null
<434,patient8-5,HR8-5,addNote> null
<435,nurse5-0,nursingItem5-4,read> null
<436,nurse9-2,HR9-0,addItem> null
<437,patient4-0,HR4-0,addNote> null
<438,doctor3-1,HR3-5,addItem> null
<439,nurse1-3,nursingItem1-3,read> null
<440,nurse1-3,nursingItem1-4,read> null
<441,doctor3-1,HR3-7,addItem> null
<442,nurse1-3,nursingItem1-1,read> null
<443,nurse9-0,nursingItem9-4,read> null
<444,doctor3-1,HR3-6,addItem> null
<445,doctor3-0,HRitem3-3-2,read> null
<446,doctor3-1,HR3-9,addItem> null
<447,agent6-01,HR6-2,addNote> null
<448,patient2-4,noteItem2-4,read> null
<449,patient5-2,HR5-2,addNote> null
<450,nurse9-1,HR9-6,addItem> null
<451,agent7-0,noteItem7-3agent7-0,read> null
<452,patient4-0,noteItem4-0,read> null
<453,nurse9-1,HR9-7,addItem> null
<454,nurse9-1,HR9-8,addItem> null
<455,nurse0-0,nursingItem0-7,read> null
<456,doctor4-1,HR4-2,addItem> null
<457,patient9-9,noteItem9-9agent9-1,read> null
<458,patient3-4,HR3-4,addNote> null
<459,nurse9-1,HR9-9,addItem> null
<460,doctor7-1,HRitem5-0-0,read> null
<461,nurse9-1,HR9-2,addItem> null
<462,nurse4-3,nursingItem4-5,read> null
<463,patient1-5,HR1-5,addNote> null
<464,agent4-11,noteItem4-9agent4-1,read> null
<465,nurse9-1,HR9-3,addItem> null
<466,patient2-6,noteItem2-6agent2-1,read> null
<467,nurse2-1,nursingItem2-1,read> null
<468,patient9-9,HR9-9,addNote> null
<469,nurse9-1,HR9-4,addItem> null
<470,nurse9-1,HR9-5,addItem> null
<471,nurse1-2,nursingItem1-2,read> null
<472,agent2-01,HR2-7,addNote> null
<473,nurse9-1,HR9-0,addItem> null
<474,nurse9-1,HR9-1,addItem> null
<475,doctor8-0,HRitem8-1-0,read> null
<476,agent3-0,noteItem3-9agent3-0agent3-1,read> null
<477,patient0-9,HR0-9,addNote> null
<478,nurse9-0,nursingItem9-3,read> null
<479,nurse4-1,HR4-4,addItem> null
<480,doctor4-0,HRitem4-5-2,read> null
<481,nurse9-3,HR9-4,addItem> null
<482,nurse9-3,HR9-5,addItem> null
<483,nurse9-3,HR9-6,addItem> null
<484,nurse9-3,HR9-8,addItem> null
<485,nurse9-3,HR9-9,addItem> null
<486,patient7-5,HR7-5,addNote> null
<487,doctor3-0,HR3-6,addItem> null
<488,doctor3-0,HR3-5,addItem> null
<489,doctor3-0,HR3-3,addItem> null
<490,nurse9-3,HR9-0,addItem> null
<491,doctor3-0,HR3-1,addItem> null
<492,nurse9-3,HR9-1,addItem> null
<493,doctor3-0,HR3-0,addItem> null
<494,nurse9-3,HR9-2,addItem> null
<495,nurse8-1,nursingItem8-2,read> null
<496,nurse5-3,nursingItem5-1,read> null
<497,nurse9-3,HR9-3,addItem> null
<498,doctor3-0,HR3-9,addItem> null
<499,doctor3-0,HR3-7,addItem> null
<500,patient5-0,noteItem5-0,read> null
<501,nurse3-2,HR3-7,addItem> null
<502,agent8-1,noteItem8-0agent8-1,read> null
<503,nurse3-2,HR3-8,addItem> null
<504,nurse3-2,HR3-9,addItem> null
<505,nurse9-0,HR9-3,addItem> null
<506,nurse3-2,HR3-3,addItem> null
<507,patient3-7,HR3-7,addNote> null
<508,nurse0-2,nursingItem0-1,read> null
<509,nurse3-2,HR3-4,addItem> null
<510,patient3-5,HR3-5,addNote> null
<511,nurse3-2,HR3-5,addItem> null
<512,doctor8-1,HRitem3-6-2,read> null
<513,agent1-11,noteItem1-3,read> null
<514,nurse3-2,HR3-6,addItem> null
<515,nurse3-2,HR3-0,addItem> null
<516,nurse3-2,HR3-1,addItem> null
<517,nurse9-0,nursingItem9-0,read> null
<518,patient2-0,HR2-0,addNote> null
<519,agent9-1,noteItem9-9agent9-1,read> null
<520,nurse2-0,nursingItem2-7,read> null
<521,nurse4-2,nursingItem4-0,read> null
<522,nurse3-2,HR3-2,addItem> null
<523,agent4-11,HR4-9,addNote> null
<524,nurse6-0,nursingItem6-6,read> null
<525,agent5-1,noteItem5-3agent5-0,read> null
<526,nurse3-1,nursingItem3-2,read> null
<527,nurse6-0,nursingItem6-7,read> null
<528,agent0-1,noteItem0-9,read> null
<529,patient2-2,noteItem2-2,read> null
<530,nurse6-0,nursingItem6-8,read> null
<531,nurse6-0,nursingItem6-9,read> null
<532,nurse6-0,nursingItem6-2,read> null
<533,nurse6-0,nursingItem6-3,read> null
<534,patient2-5,HR2-5,addNote> null
<535,nurse6-0,nursingItem6-4,read> null
<536,nurse6-0,nursingItem6-5,read> null
<537,patient2-3,noteItem2-3,read> null
<538,nurse6-0,nursingItem6-0,read> null
<539,nurse6-0,nursingItem6-1,read> null
<540,doctor5-0,HRitem5-1-1,read> null
<541,nurse3-1,HR3-8,addItem> null
<542,nurse3-1,HR3-9,addItem> null
<543,nurse3-1,HR3-6,addItem> null
<544,nurse0-2,nursingItem0-0,read> null
<545,nurse3-1,HR3-7,addItem> null
<546,nurse3-3,nursingItem3-7,read> null
<547,patient6-9,HR6-9,addNote> null
<548,nurse7-2,nursingItem7-3,read> null
<549,doctor5-0,HRitem4-8-2,read> null
<550,agent8-01,noteItem8-1agent8-0,read> null
<551,nurse3-1,HR3-4,addItem> null
<552,nurse4-3,HR4-9,addItem> null
<553,patient9-3,HR9-3,addNote> null
<554,nurse3-1,HR3-5,addItem> null
<555,nurse3-1,HR3-2,addItem> null
<556,nurse1-0,nursingItem1-1,read> null
<557,nurse4-0,nursingItem4-4,read> null
<558,nurse3-1,HR3-3,addItem> null
<559,agent8-1,noteItem8-0,read> null
<560,nurse1-0,nursingItem1-0,read> null
<561,nurse3-1,HR3-0,addItem> null
<562,nurse1-0,nursingItem1-3,read> null
<563,patient1-4,noteItem1-4agent1-0,read> null
<564,nurse3-1,HR3-1,addItem> null
<565,nurse1-0,nursingItem1-4,read> null
<566,doctor7-1,HR0-3,addItem> null
<567,nurse1-0,nursingItem1-7,read> null
<568,nurse1-0,nursingItem1-6,read> null
<569,patient0-7,noteItem0-7agent0-0,read> null
<570,nurse1-0,nursingItem1-9,read> null
<571,nurse1-0,nursingItem1-8,read> null
<572,nurse5-2,nursingItem5-2,read> null
<573,doctor1-1,HRitem1-4-0,read> null
<574,patient9-7,HR9-7,addNote> null
<575,nurse6-1,nursingItem6-9,read> null
<576,patient7-6,HR7-6,addNote> null
<577,doctor0-0,HR8-8,addItem> null
<578,nurse6-1,nursingItem6-7,read> null
<579,nurse6-1,nursingItem6-8,read> null
<580,patient1-1,noteItem1-1,read> null
<581,nurse6-1,nursingItem6-5,read> null
<582,nurse6-1,nursingItem6-6,read> null
<583,patient8-8,noteItem8-8,read> null
<584,nurse6-1,nursingItem6-3,read> null
<585,nurse6-1,nursingItem6-4,read> null
<586,nurse4-2,nursingItem4-9,read> null
<587,nurse6-1,nursingItem6-2,read> null
<588,nurse6-1,nursingItem6-0,read> null
<589,agent9-01,noteItem9-6,read> null
<590,doctor5-0,HRitem4-0-1,read> null
<591,nurse3-0,HR3-1,addItem> null
<592,nurse1-1,nursingItem1-2,read> null
<593,nurse3-0,HR3-2,addItem> null
<594,nurse1-1,nursingItem1-1,read> null
<595,nurse3-0,HR3-3,addItem> null
<596,nurse3-0,HR3-4,addItem> null
<597,nurse9-0,HR9-0,addItem> null
<598,doctor9-0,HR9-4,addItem> null
<599,nurse3-0,HR3-5,addItem> null
<600,doctor6-0,HRitem6-3-1,read> null
<601,nurse3-0,HR3-6,addItem> null
<602,nurse3-0,HR3-7,addItem> null
<603,nurse3-0,HR3-8,addItem> null
<604,nurse9-0,HR9-4,addItem> null
<605,doctor8-0,HRitem8-6-2,read> null
<606,patient8-0,noteItem8-0,read> null
<607,doctor3-1,HRitem9-2-3,read> null
<608,nurse1-1,nursingItem1-9,read> null
<609,nurse9-0,HR9-2,addItem> null
<610,nurse9-0,HR9-1,addItem> null
<611,nurse1-1,nursingItem1-7,read> null
<612,nurse9-0,HR9-8,addItem> null
<613,nurse9-0,HR9-7,addItem> null
<614,nurse1-1,nursingItem1-5,read> null
<615,nurse9-0,HR9-6,addItem> null
<616,nurse1-1,nursingItem1-4,read> null
<617,nurse9-0,HR9-5,addItem> null
<618,nurse3-0,HR3-0,addItem> null
<619,nurse1-1,nursingItem1-3,read> null
<620,agent0-0,noteItem0-7agent0-0,read> null
<621,doctor4-1,HRitem6-0-3,read> null
<622,nurse9-0,HR9-9,addItem> null
<623,nurse3-0,HR3-9,addItem> null
<624,patient9-8,HR9-8,addNote> null
<625,agent7-01,noteItem7-3agent7-0,read> null
<626,doctor5-0,HR4-0,addItem> null
<627,doctor5-0,HR4-1,addItem> null
<628,nurse1-2,nursingItem1-0,read> null
<629,doctor7-1,HR0-1,addItem> null
<630,nurse8-1,nursingItem8-7,read> null
<631,doctor5-0,HR4-3,addItem> null
<632,doctor2-1,HRitem2-0-3,read> null
<633,doctor7-1,HR0-5,addItem> null
<634,doctor5-0,HR4-7,addItem> null
<635,patient8-1,HR8-1,addNote> null
<636,nurse1-2,nursingItem1-9,read> null
<637,nurse2-0,nursingItem2-4,read> null
<638,nurse1-2,nursingItem1-8,read> null
<639,doctor1-0,HRitem5-1-0,read> null
<640,agent8-0,noteItem8-1agent8-0,read> null
<641,agent5-01,noteItem5-3agent5-0,read> null
<642,nurse1-2,nursingItem1-4,read> null
<643,patient0-4,HR0-4,addNote> null
<644,nurse1-2,nursingItem1-7,read> null
<645,nurse1-2,nursingItem1-6,read> null
<646,agent5-1,noteItem5-3,read> null
<647,agent5-0,noteItem5-3agent5-0,read> null
<648,patient6-6,noteItem6-6,read> null
<649,doctor1-1,HRitem6-5-0,read> null
<650,doctor5-0,HR4-8,addItem> null
<651,doctor5-0,HR5-9,addItem> null
<652,nurse0-0,nursingItem0-5,read> null
<653,doctor5-0,HR5-7,addItem> null
<654,nurse0-0,nursingItem0-3,read> null
<655,doctor2-0,HRitem2-6-0,read> null
<656,nurse0-0,nursingItem0-8,read> null
<657,nurse0-0,nursingItem0-9,read> null
<658,nurse0-0,nursingItem0-6,read> null
<659,doctor7-0,HR9-7,addItem> null
<660,patient7-1,noteItem7-1agent7-1,read> null
<661,doctor7-0,HR9-8,addItem> null
<662,nurse0-0,nursingItem0-0,read> null
<663,doctor7-0,HR9-9,addItem> null
<664,patient2-8,HR2-8,addNote> null
<665,doctor7-0,HR9-0,addItem> null
<666,nurse4-3,HR4-7,addItem> null
<667,nurse7-3,HR7-8,addItem> null
<668,nurse7-3,HR7-9,addItem> null
<669,doctor7-1,HR5-7,addItem> null
<670,patient9-4,HR9-4,addNote> null
<671,agent5-0,HR5-3,addNote> null
<672,doctor4-1,HRitem4-0-0,read> null
<673,nurse5-1,nursingItem5-1,read> null
<674,doctor8-1,HR2-2,addItem> null
<675,doctor7-0,HR9-4,addItem> null
<676,nurse7-3,HR7-4,addItem> null
<677,doctor7-0,HR9-3,addItem> null
<678,nurse7-3,HR7-5,addItem> null
<679,patient5-0,HR5-0,addNote> null
<680,nurse7-3,HR7-6,addItem> null
<681,nurse7-3,HR7-7,addItem> null
<682,doctor6-0,HRitem1-3-0,read> null
<683,doctor5-0,HR5-2,addItem> null
<684,nurse7-3,HR7-0,addItem> null
<685,agent6-11,HR6-6,addNote> null
<686,doctor5-0,HR5-1,addItem> null
<687,nurse7-3,HR7-1,addItem> null
<688,doctor5-0,HR5-0,addItem> null
<689,patient2-1,HR2-1,addNote> null
<690,doctor6-1,HR4-0,addItem> null
<691,nurse7-3,HR7-3,addItem> null
<692,nurse0-1,nursingItem0-3,read> null
<693,nurse0-1,nursingItem0-4,read> null
<694,patient0-3,HR0-3,addNote> null
<695,nurse2-2,nursingItem2-2,read> null
<696,doctor2-0,HRitem0-4-3,read> null
<697,nurse0-1,nursingItem0-8,read> null
<698,patient7-4,HR7-4,addNote> null
<699,nurse0-1,nursingItem0-9,read> null
<700,patient3-2,noteItem3-2,read> null
<701,agent5-01,noteItem5-3agent5-0agent5-1,read> null
<702,nurse0-1,nursingItem0-1,read> null
<703,nurse0-1,nursingItem0-2,read> null
<704,patient8-1,noteItem8-1,read> null
<705,doctor3-1,HRitem7-3-2,read> null
<706,agent3-0,noteItem3-9agent3-0,read> null
<707,doctor0-1,HR0-6,addItem> null
<708,doctor0-1,HR0-7,addItem> null
<709,doctor0-1,HR0-4,addItem> null
<710,nurse5-0,nursingItem5-6,read> null
<711,doctor3-0,HRitem3-9-0,read> null
<712,nurse0-2,nursingItem0-9,read> null
<713,patient1-3,HR1-3,addNote> null
<714,doctor7-0,HR7-8,addItem> null
<715,nurse4-2,HR4-1,addItem> null
<716,agent1-1,noteItem1-3agent1-1,read> null
<717,patient0-2,HR0-2,addNote> null
<718,agent7-11,noteItem7-1agent7-1,read> null
<719,patient4-2,HR4-2,addNote> null
<720,patient6-2,noteItem6-2,read> null
<721,doctor0-1,HR0-2,addItem> null
<722,nurse0-2,nursingItem0-6,read> null
<723,nurse0-2,nursingItem0-7,read> null
<724,doctor0-1,HR0-0,addItem> null
<725,nurse0-2,nursingItem0-4,read> null
<726,nurse0-2,nursingItem0-2,read> null
<727,nurse0-2,nursingItem0-3,read> null
<728,doctor0-1,HRitem3-6-0,read> null
<729,nurse3-3,nursingItem3-2,read> null
<730,agent0-1,noteItem0-9agent0-1,read> null
<731,doctor3-0,HRitem3-1-3,read> null
<732,agent3-11,noteItem3-9,read> null
<733,doctor0-1,HR0-9,addItem> null
<734,doctor6-1,HR4-1,addItem> null
<735,nurse7-2,nursingItem7-7,read> null
<736,nurse9-2,nursingItem9-0,read> null
<737,doctor0-1,HR0-8,addItem> null
<738,nurse4-1,nursingItem4-8,read> null
<739,doctor0-0,HR0-3,addItem> null
<740,nurse4-1,HR4-6,addItem> null
<741,nurse0-3,nursingItem0-9,read> null
<742,agent3-1,noteItem3-9agent3-0,read> null
<743,doctor0-0,HR0-5,addItem> null
<744,nurse0-3,nursingItem0-5,read> null
<745,nurse0-3,nursingItem0-6,read> null
<746,patient0-1,HR0-1,addNote> null
<747,patient4-1,HR4-1,addNote> null
<748,doctor0-0,HR0-1,addItem> null
<749,nurse0-3,nursingItem0-7,read> null
<750,nurse0-3,nursingItem0-8,read> null
<751,doctor0-1,HR4-8,addItem> null
<752,agent3-01,noteItem3-9agent3-0agent3-1,read> null
<753,nurse0-3,nursingItem0-1,read> null
<754,agent1-01,HR1-4,addNote> null
<755,nurse0-3,nursingItem0-3,read> null
<756,doctor0-1,HR4-7,addItem> null
<757,nurse5-1,nursingItem5-9,read> null
<758,nurse0-3,nursingItem0-0,read> null
<759,doctor0-1,HR4-1,addItem> null
<760,agent5-1,noteItem5-3agent5-0agent5-1,read> null
<761,doctor0-1,HR4-0,addItem> null
<762,doctor4-1,HRitem0-5-1,read> null
<763,doctor0-1,HR4-3,addItem> null
<764,doctor5-1,HR1-9,addItem> null
<765,agent4-01,HR4-8,addNote> null
<766,doctor0-1,HR4-2,addItem> null
<767,agent5-1,HR5-3,addNote> null
<768,agent1-01,noteItem1-4agent1-0,read> null
<769,agent0-01,noteItem0-7agent0-0,read> null
<770,agent6-01,noteItem6-2agent6-0,read> null
<771,doctor5-1,HR1-5,addItem> null
<772,doctor5-1,HR1-4,addItem> null
<773,doctor5-1,HR1-3,addItem> null
<774,nurse1-3,HR1-4,addItem> null
<775,patient0-6,noteItem0-6,read> null
<776,nurse5-0,nursingItem5-3,read> null
<777,patient4-9,HR4-9,addNote> null
<778,doctor5-1,HR1-0,addItem> null
<779,patient4-5,noteItem4-5,read> null
<780,patient0-8,HR0-8,addNote> null
<781,doctor9-1,HR2-4,addItem> null
<782,doctor9-1,HR2-6,addItem> null
<783,nurse9-0,nursingItem9-5,read> null
<784,nurse3-0,nursingItem3-0,read> null
<785,doctor0-0,HRitem0-5-1,read> null
<786,doctor9-1,HR2-0,addItem> null
<787,doctor9-1,HR2-1,addItem> null
<788,doctor9-0,HRitem0-1-0,read> null
<789,patient6-6,noteItem6-6agent6-1,read> null
<790,nurse2-3,nursingItem2-3,read> null
<791,patient0-5,noteItem0-5,read> null
<792,doctor9-1,HR2-9,addItem> null
<793,doctor4-1,HR6-8,addItem> null
<794,doctor9-0,HRitem0-5-2,read> null
<795,doctor4-1,HR6-9,addItem> null
<796,nurse9-3,nursingItem9-1,read> null
<797,doctor4-1,HR6-6,addItem> null
<798,nurse7-0,HR7-9,addItem> null
<799,patient3-0,HR3-0,addNote> null
<800,doctor9-0,HRitem9-3-2,read> null
<801,patient0-7,HR0-7,addNote> null
<802,nurse4-3,nursingItem4-3,read> null
<803,nurse5-0,HR5-9,addItem> null
<804,nurse7-0,HR7-0,addItem> null
<805,nurse5-0,HR5-5,addItem> null
<806,nurse5-0,HR5-6,addItem> null
<807,nurse5-0,HR5-7,addItem> null
<808,nurse5-0,HR5-8,addItem> null
<809,patient7-9,noteItem7-9,read> null
<810,nurse5-0,HR5-1,addItem> null
<811,nurse5-1,HR5-6,addItem> null
<812,nurse5-0,HR5-2,addItem> null
<813,nurse5-0,HR5-3,addItem> null
<814,nurse3-0,nursingItem3-3,read> null
<815,nurse5-0,HR5-4,addItem> null
<816,nurse4-2,nursingItem4-8,read> null
<817,doctor9-1,HRitem9-3-1,read> null
<818,patient8-3,noteItem8-3,read> null
<819,patient3-5,noteItem3-5,read> null
<820,doctor4-1,HR6-1,addItem> null
<821,nurse7-0,HR7-8,addItem> null
<822,doctor4-1,HR6-0,addItem> null
<823,nurse7-0,HR7-7,addItem> null
<824,doctor6-0,HR6-7,addItem> null
<825,nurse7-0,HR7-6,addItem> null
<826,patient1-7,HR1-7,addNote> null
<827,nurse8-3,nursingItem8-6,read> null
<828,nurse7-0,HR7-5,addItem> null
<829,nurse5-0,HR5-0,addItem> null
<830,doctor4-1,HR6-5,addItem> null
<831,nurse7-0,HR7-3,addItem> null
<832,doctor9-1,HRitem9-7-3,read> null
<833,patient9-6,HR9-6,addNote> null
<834,doctor4-1,HR6-2,addItem> null
<835,nurse7-0,HR7-1,addItem> null
<836,doctor6-1,HR4-8,addItem> null
<837,doctor6-1,HR4-7,addItem> null
<838,nurse8-2,nursingItem8-2,read> null
<839,doctor6-1,HR4-2,addItem> null
<840,doctor6-1,HR6-8,addItem> null
<841,doctor6-1,HR6-9,addItem> null
<842,doctor7-1,HRitem0-5-2,read> null
<843,patient0-6,HR0-6,addNote> null
<844,agent6-0,HR6-2,addNote> null
<845,nurse4-2,HR4-4,addItem> null
<846,nurse4-2,HR4-3,addItem> null
<847,nurse4-2,HR4-6,addItem> null
<848,nurse4-2,HR4-5,addItem> null
<849,nurse4-2,HR4-8,addItem> null
<850,nurse4-2,HR4-7,addItem> null
<851,nurse3-3,nursingItem3-9,read> null
<852,nurse3-3,nursingItem3-4,read> null
<853,patient9-3,noteItem9-3,read> null
<854,nurse7-1,HR7-1,addItem> null
<855,nurse4-2,HR4-9,addItem> null
<856,nurse7-1,HR7-0,addItem> null
<857,nurse7-1,HR7-3,addItem> null
<858,doctor0-0,HR1-1,addItem> null
<859,doctor6-1,HR6-6,addItem> null
<860,nurse7-1,HR7-2,addItem> null
<861,doctor6-1,HR6-5,addItem> null
<862,nurse2-1,nursingItem2-5,read> null
<863,nurse7-1,HR7-4,addItem> null
<864,nurse4-2,HR4-0,addItem> null
<865,nurse7-1,HR7-7,addItem> null
<866,doctor6-1,HR6-2,addItem> null
<867,nurse7-1,HR7-6,addItem> null
<868,nurse4-2,HR4-2,addItem> null
<869,nurse7-1,HR7-9,addItem> null
<870,nurse8-1,nursingItem8-1,read> null
<871,doctor6-1,HR6-0,addItem> null
<872,nurse7-1,HR7-8,addItem> null
<873,doctor9-0,HR0-3,addItem> null
<874,patient2-9,noteItem2-9,read> null
<875,doctor9-0,HR0-1,addItem> null
<876,agent6-1,HR6-6,addNote> null
<877,patient2-7,noteItem2-7,read> null
<878,agent8-11,noteItem8-0,read> null
<879,nurse5-3,nursingItem5-8,read> null
<880,doctor9-0,HR0-5,addItem> null
<881,patient0-5,HR0-5,addNote> null
<882,doctor6-0,HRitem1-4-1,read> null
<883,nurse4-3,HR4-6,addItem> null
<884,nurse4-3,HR4-5,addItem> null
<885,nurse4-0,HR4-9,addItem> null
<886,nurse4-3,HR4-4,addItem> null
<887,nurse7-2,HR7-2,addItem> null
<888,doctor8-1,HR2-8,addItem> null
<889,nurse7-2,HR7-1,addItem> null
<890,nurse7-2,HR7-0,addItem> null
<891,nurse8-2,nursingItem8-8,read> null
<892,doctor7-1,HRitem0-1-0,read> null
<893,nurse4-3,HR4-8,addItem> null
<894,doctor6-0,HR6-4,addItem> null
<895,nurse4-1,nursingItem4-4,read> null
<896,nurse7-2,HR7-6,addItem> null
<897,doctor6-0,HR6-3,addItem> null
<898,nurse7-2,HR7-5,addItem> null
<899,nurse7-2,HR7-4,addItem> null
<900,nurse7-2,HR7-3,addItem> null
<901,doctor4-0,HRitem2-1-3,read> null
<902,nurse4-3,HR4-3,addItem> null
<903,nurse9-3,nursingItem9-4,read> null
<904,nurse4-3,nursingItem4-8,read> null
<905,nurse4-0,nursingItem4-1,read> null
<906,doctor2-1,HR5-6,addItem> null
<907,nurse4-3,HR4-2,addItem> null
<908,patient3-1,HR3-1,addNote> null
<909,nurse7-2,HR7-9,addItem> null
<910,nurse4-3,HR4-1,addItem> null
<911,patient8-2,noteItem8-2,read> null
<912,nurse7-2,HR7-8,addItem> null
<913,nurse3-3,nursingItem3-3,read> null
<914,nurse4-3,HR4-0,addItem> null
<915,agent7-0,noteItem7-3,read> null
<916,doctor5-1,HR3-8,addItem> null
<917,nurse7-2,HR7-7,addItem> null
<0,nurse5-3,HR5-1,addItem> null
<1,nurse6-0,HR6-6,addItem> null
<2,nurse5-3,HR5-0,addItem> null
<3,nurse6-0,HR6-5,addItem> null
<4,nurse4-0,HR4-0,addItem> null
<5,nurse4-1,HR4-0,addItem> null
<6,nurse6-0,HR6-8,addItem> null
<7,nurse5-3,HR5-3,addItem> null
<8,nurse6-0,HR6-7,addItem> null
<9,nurse5-3,HR5-2,addItem> null
<10,nurse6-0,HR6-2,addItem> null
<11,nurse6-0,HR6-1,addItem> null
<12,patient6-7,HR6-7,addNote> null
<13,nurse6-0,HR6-4,addItem> null
<14,nurse6-0,HR6-3,addItem> null
<15,nurse4-0,HR4-7,addItem> null
<16,nurse5-3,HR5-9,addItem> null
<17,nurse4-0,HR4-8,addItem> null
<18,nurse5-3,HR5-8,addItem> null
<19,nurse4-0,HR4-5,addItem> null
<20,nurse6-0,HR6-0,addItem> null
<21,nurse4-0,HR4-6,addItem> null
<22,nurse9-1,nursingItem9-2,read> null
<23,nurse4-0,HR4-3,addItem> null
<24,nurse5-3,HR5-5,addItem> null
<25,nurse4-0,HR4-4,addItem> null
<26,nurse5-3,HR5-4,addItem> null
<27,doctor6-1,HR1-4,addItem> null
<28,nurse4-0,HR4-1,addItem> null
<29,agent1-11,noteItem1-3agent1-1,read> null
<30,nurse5-3,HR5-7,addItem> null
<31,patient6-3,noteItem6-3,read> null
<32,nurse4-0,HR4-2,addItem> null
<33,nurse5-3,HR5-6,addItem> null
<34,nurse2-1,nursingItem2-7,read> null
<35,nurse2-1,nursingItem2-8,read> null
<36,patient7-7,noteItem7-7,read> null
<37,nurse2-1,nursingItem2-2,read> null
<38,nurse2-1,nursingItem2-0,read> null
<39,nurse6-0,HR6-9,addItem> null
<40,nurse6-1,HR6-9,addItem> null
<41,nurse6-1,HR6-8,addItem> null
<42,nurse6-1,HR6-7,addItem> null
<43,nurse6-1,HR6-6,addItem> null
<44,nurse4-1,HR4-1,addItem> null
<45,nurse6-1,HR6-5,addItem> null
<46,nurse6-1,HR6-4,addItem> null
<47,doctor2-0,HRitem2-9-1,read> null
<48,nurse6-1,HR6-3,addItem> null
<49,nurse6-1,HR6-2,addItem> null
<50,nurse6-1,HR6-1,addItem> null
<51,doctor1-1,HR1-9,addItem> null
<52,nurse4-1,HR4-7,addItem> null
<53,doctor0-1,HRitem0-8-2,read> null
<54,nurse6-1,HR6-0,addItem> null
<55,nurse4-1,HR4-8,addItem> null
<56,nurse4-1,HR4-9,addItem> null
<57,nurse4-1,HR4-2,addItem> null
<58,nurse9-0,nursingItem9-7,read> null
<59,agent9-11,noteItem9-9,read> null
<60,nurse4-1,HR4-3,addItem> null
<61,nurse4-1,HR4-5,addItem> null
<62,nurse2-0,nursingItem2-6,read> null
<63,doctor1-1,HR1-0,addItem> null
<64,doctor1-1,HR1-3,addItem> null
<65,nurse2-0,nursingItem2-8,read> null
<66,nurse8-2,nursingItem8-9,read> null
<67,nurse2-0,nursingItem2-9,read> null
<68,agent7-11,noteItem7-1,read> null
<69,doctor2-1,HR1-8,addItem> null
<70,doctor1-1,HR1-5,addItem> null
<71,nurse2-0,nursingItem2-2,read> null
<72,doctor1-1,HR1-4,addItem> null
<73,nurse2-0,nursingItem2-5,read> null
<74,nurse2-0,nursingItem2-0,read> null
<75,nurse2-0,nursingItem2-1,read> null
<76,nurse7-2,nursingItem7-4,read> null
<77,agent7-11,HR7-1,addNote> null
<78,nurse6-2,HR6-4,addItem> null
<79,nurse6-2,HR6-3,addItem> null
<80,nurse6-2,HR6-6,addItem> null
<81,nurse5-3,nursingItem5-9,read> null
<82,nurse6-2,HR6-5,addItem> null
<83,nurse4-3,nursingItem4-0,read> null
<84,patient7-9,HR7-9,addNote> null
<85,nurse6-2,HR6-8,addItem> null
<86,nurse7-1,nursingItem7-5,read> null
<87,agent3-1,HR3-9,addNote> null
<88,nurse6-2,HR6-7,addItem> null
<89,patient9-2,HR9-2,addNote> null
<90,nurse5-1,HR5-1,addItem> null
<91,nurse6-2,HR6-9,addItem> null
<92,nurse8-0,nursingItem8-6,read> null
<93,nurse9-1,nursingItem9-8,read> null
<94,nurse5-1,HR5-3,addItem> null
<95,nurse5-1,HR5-2,addItem> null
<96,nurse5-1,HR5-5,addItem> null
<97,nurse5-1,HR5-4,addItem> null
<98,nurse6-2,HR6-0,addItem> null
<99,nurse5-1,HR5-7,addItem> null
<100,nurse6-2,HR6-2,addItem> null
<101,nurse5-1,HR5-9,addItem> null
<102,doctor6-1,HR1-9,addItem> null
<103,nurse6-2,HR6-1,addItem> null
<104,nurse5-1,HR5-8,addItem> null
<105,patient6-5,HR6-5,addNote> null
<106,doctor1-0,HRitem5-2-3,read> null
<107,nurse6-3,HR6-7,addItem> null
<108,doctor3-1,HR7-4,addItem> null
<109,nurse6-3,HR6-6,addItem> null
<110,nurse6-3,HR6-5,addItem> null
<111,nurse6-3,HR6-4,addItem> null
<112,agent3-11,noteItem3-9agent3-0agent3-1,read> null
<113,nurse5-2,HR5-2,addItem> null
<114,nurse5-2,HR5-1,addItem> null
<115,doctor3-1,HR9-1,addItem> null
<116,nurse5-2,HR5-0,addItem> null
<117,nurse6-3,HR6-9,addItem> null
<118,nurse6-3,HR6-8,addItem> null
<119,patient6-4,noteItem6-4,read> null
<120,agent6-11,noteItem6-6agent6-1,read> null
<121,nurse5-2,HR5-5,addItem> null
<122,nurse5-2,HR5-4,addItem> null
<123,nurse5-2,HR5-3,addItem> null
<124,nurse6-3,HR6-3,addItem> null
<125,patient9-0,noteItem9-0,read> null
<126,nurse6-3,HR6-2,addItem> null
<127,nurse5-2,HR5-9,addItem> null
<128,nurse6-3,HR6-1,addItem> null
<129,nurse5-2,HR5-8,addItem> null
<130,nurse6-3,HR6-0,addItem> null
<131,nurse5-2,HR5-7,addItem> null
<132,nurse8-3,nursingItem8-7,read> null
<133,doctor5-1,HR3-1,addItem> null
<134,nurse9-1,nursingItem9-6,read> null
<135,doctor8-1,HR3-3,addItem> null
<136,doctor8-1,HR3-9,addItem> null
<137,doctor8-1,HR3-6,addItem> null
<138,doctor5-1,HR3-2,addItem> null
<139,doctor3-1,HR7-0,addItem> null
<140,doctor8-1,HR3-5,addItem> null
<141,nurse4-1,nursingItem4-3,read> null
<142,doctor5-1,HR3-4,addItem> null
<143,doctor8-1,HR3-7,addItem> null
<144,nurse2-2,nursingItem2-5,read> null
<145,doctor4-1,HR4-3,addItem> null
<146,doctor4-1,HR4-1,addItem> null
<147,nurse5-2,nursingItem5-0,read> null
<148,doctor4-0,HRitem4-6-0,read> null
<149,doctor4-1,HR4-0,addItem> null
<150,doctor4-1,HR4-7,addItem> null
<151,doctor0-1,HRitem4-8-2,read> null
<152,patient7-4,noteItem7-4,read> null
<0,doctor4-1,HR4-8,addItem> null
<1,patient0-0,HR0-0,addNote> null
<2,patient5-3,HR5-3,addNote> null
<3,agent5-11,HR5-3,addNote> null
<4,doctor9-0,HRitem0-3-1,read> null
<5,doctor4-0,HR4-6,addItem> null
<6,doctor4-0,HR4-5,addItem> null
<7,agent3-0,HR3-9,addNote> null
<8,doctor4-0,HR4-9,addItem> null
<9,nurse8-0,nursingItem8-5,read> null
<10,agent0-01,noteItem0-7,read> null
<11,doctor1-0,HR1-9,addItem> null
<12,patient4-8,noteItem4-8agent4-0,read> null
<13,nurse3-0,nursingItem3-8,read> null
<14,nurse2-3,nursingItem2-0,read> null
<15,doctor7-0,HRitem7-5-1,read> null
<16,nurse2-3,nursingItem2-4,read> null
<17,nurse2-3,nursingItem2-2,read> null
<18,nurse2-3,nursingItem2-1,read> null
<19,agent8-11,noteItem8-0agent8-1,read> null
<20,doctor1-0,HR1-5,addItem> null
<21,nurse2-3,nursingItem2-8,read> null
<22,nurse2-3,nursingItem2-7,read> null
<23,doctor1-0,HR1-3,addItem> null
<24,doctor1-0,HR1-4,addItem> null
<25,nurse2-3,nursingItem2-5,read> null
<26,doctor1-0,HR1-0,addItem> null
<27,agent9-11,noteItem9-9agent9-1,read> null
<28,doctor1-0,HR5-0,addItem> null
<29,doctor1-0,HR5-2,addItem> null
<30,doctor1-0,HR5-1,addItem> null
<31,doctor1-0,HR5-7,addItem> null
<32,doctor2-1,HRitem2-4-1,read> null
<33,doctor1-0,HR5-9,addItem> null
<34,nurse2-2,nursingItem2-0,read> null
<35,doctor4-1,HRitem4-2-3,read> null
<36,nurse2-2,nursingItem2-3,read> null
<37,nurse5-1,nursingItem5-8,read> null
<38,nurse2-2,nursingItem2-4,read> null
<39,nurse2-2,nursingItem2-7,read> null
<40,doctor9-1,HRitem2-1-3,read> null
<41,agent0-0,noteItem0-7,read> null
<42,nurse2-2,nursingItem2-6,read> null
<43,nurse2-2,nursingItem2-9,read> null
<44,nurse2-2,nursingItem2-8,read> null
<45,doctor7-1,HRitem0-3-1,read> null
<46,patient2-7,HR2-7,addNote> null
<47,nurse4-1,nursingItem4-9,read> null
<48,agent2-1,HR2-6,addNote> null
<49,doctor7-0,HR7-7,addItem> null
<50,patient7-7,HR7-7,addNote> null
<51,nurse4-1,nursingItem4-6,read> null
<52,nurse4-1,nursingItem4-0,read> null
<53,nurse4-1,nursingItem4-1,read> null
<54,doctor8-1,HRitem3-3-1,read> null
<55,agent8-11,HR8-0,addNote> null
<56,patient6-3,HR6-3,addNote> null
<57,nurse0-1,HR0-1,addItem> null
<58,nurse0-1,HR0-0,addItem> null
<59,nurse0-1,HR0-5,addItem> null
<60,nurse0-1,HR0-3,addItem> null
<61,nurse0-1,HR0-2,addItem> null
<62,agent3-0,noteItem3-9,read> null
<63,doctor6-0,HRitem1-9-3,read> null
<64,nurse0-1,HR0-9,addItem> null
<65,nurse0-1,HR0-8,addItem> null
<66,nurse0-1,HR0-7,addItem> null
<67,nurse0-1,HR0-6,addItem> null
<68,nurse0-0,HR0-9,addItem> null
<69,agent2-0,HR2-7,addNote> null
<70,nurse4-0,nursingItem4-9,read> null
<71,nurse4-0,nursingItem4-7,read> null
<72,doctor7-1,HR5-1,addItem> null
<73,nurse4-0,nursingItem4-5,read> null
<74,nurse4-0,nursingItem4-3,read> null
<75,doctor8-1,HRitem2-7-3,read> null
<76,doctor7-1,HR5-9,addItem> null
<77,doctor7-0,HRitem7-8-2,read> null
<78,patient6-4,HR6-4,addNote> null
<79,nurse0-0,HR0-0,addItem> null
<80,nurse0-0,HR0-2,addItem> null
<81,nurse0-0,HR0-1,addItem> null
<82,nurse0-0,HR0-4,addItem> null
<83,nurse0-0,HR0-3,addItem> null
<84,doctor2-0,HRitem0-7-2,read> null
<85,nurse0-0,HR0-6,addItem> null
<86,nurse0-0,HR0-5,addItem> null
<87,nurse0-0,HR0-8,addItem> null
<88,nurse0-0,HR0-7,addItem> null
<89,nurse4-3,nursingItem4-9,read> null
<90,nurse4-3,nursingItem4-1,read> null
<91,nurse4-3,nursingItem4-2,read> null
<92,agent9-11,HR9-9,addNote> null
<93,nurse4-3,nursingItem4-4,read> null
<94,nurse9-3,nursingItem9-0,read> null
<95,doctor7-0,HR7-6,addItem> null
<96,nurse9-3,nursingItem9-2,read> null
<97,nurse9-3,nursingItem9-3,read> null
<98,patient1-1,HR1-1,addNote> null
<99,doctor8-1,HRitem3-9-2,read> null
<100,nurse9-3,nursingItem9-5,read> null
<101,agent4-11,noteItem4-9,read> null
<102,nurse9-3,nursingItem9-8,read> null
<103,nurse9-3,nursingItem9-7,read> null
<104,patient7-8,HR7-8,addNote> null
<105,nurse4-2,nursingItem4-7,read> null
<106,doctor5-1,HRitem5-4-2,read> null
<107,nurse4-2,nursingItem4-4,read> null
<108,patient7-0,noteItem7-0,read> null
<109,doctor2-1,HR1-2,addItem> null
<110,patient3-9,HR3-9,addNote> null
<111,doctor2-1,HR1-1,addItem> null
<112,nurse4-2,nursingItem4-2,read> null
<113,doctor2-1,HR1-7,addItem> null
<114,patient7-5,noteItem7-5,read> null
<115,nurse4-2,nursingItem4-3,read> null
<116,doctor2-1,HR1-6,addItem> null
<117,doctor1-1,HRitem6-6-0,read> null
<118,nurse4-2,nursingItem4-1,read> null
<119,nurse3-0,nursingItem3-2,read> null
<120,patient6-6,HR6-6,addNote> null
<121,doctor9-1,HR9-4,addItem> null
<122,nurse3-0,nursingItem3-4,read> null
<123,nurse3-0,nursingItem3-5,read> null
<124,doctor4-1,HRitem6-1-1,read> null
<125,nurse3-0,nursingItem3-6,read> null
<126,nurse3-0,nursingItem3-7,read> null
<127,nurse3-0,nursingItem3-9,read> null
<128,doctor1-0,HRitem1-4-3,read> null
<129,agent2-0,noteItem2-7,read> null
<130,nurse3-2,nursingItem3-0,read> null
<131,doctor8-0,HRitem8-9-3,read> null
<132,nurse9-1,nursingItem9-7,read> null
<133,nurse3-1,nursingItem3-1,read> null
<134,nurse9-1,nursingItem9-9,read> null
<135,nurse3-1,nursingItem3-0,read> null
<136,doctor8-0,HR8-5,addItem> null
<137,nurse9-1,nursingItem9-4,read> null
<138,nurse9-1,nursingItem9-5,read> null
<139,nurse3-1,nursingItem3-9,read> null
<140,doctor5-0,HRitem8-9-2,read> null
<141,nurse3-2,nursingItem3-9,read> null
<142,nurse3-1,nursingItem3-8,read> null
<143,nurse3-1,nursingItem3-7,read> null
<144,nurse3-1,nursingItem3-6,read> null
<145,nurse3-1,nursingItem3-5,read> null
<146,nurse3-1,nursingItem3-4,read> null
<147,nurse3-1,nursingItem3-3,read> null
<148,doctor8-1,HR2-3,addItem> null
<149,doctor8-0,HRitem8-4-0,read> null
<150,patient7-2,noteItem7-2,read> null
<151,agent2-1,noteItem2-6,read> null
<152,patient7-2,HR7-2,addNote> null
<0,agent4-0,noteItem4-8agent4-0,read> 2.4214280660589732E-4
<1,nurse3-2,nursingItem3-1,read> 3.629764615352741E-4
<2,nurse9-2,nursingItem9-9,read> 4.807485669879179E-4
<3,nurse9-2,nursingItem9-6,read> 4.7778079241195227E-4
<4,nurse9-2,nursingItem9-7,read> 4.748130178359868E-4
<5,nurse9-2,nursingItem9-3,read> 8.104485472505873E-4
<6,nurse3-2,nursingItem3-8,read> 3.8075641236819504E-4
<7,nurse9-2,nursingItem9-1,read> 4.703613559720385E-4
<8,nurse3-2,nursingItem3-5,read> 6.279310346758085E-4
<9,nurse3-2,nursingItem3-4,read> 3.585314738270439E-4
<10,nurse3-2,nursingItem3-7,read> 3.79274749798785E-4
<11,patient6-8,HR6-8,addNote> 2.250576583200767E-4
<12,doctor0-0,HR1-7,addItem> 2.8870308474683245E-4
<13,patient8-2,HR8-2,addNote> 7.290081071241393E-4
<14,doctor7-1,HRitem5-7-2,read> 8.521741373799355E-5
<15,doctor4-0,HR2-6,addItem> 2.24165818653057E-4
<16,patient7-3,noteItem7-3,read> 9.512932561811083E-4
<17,agent3-11,HR3-9,addNote> 3.3356988866900723E-4
<18,nurse8-3,nursingItem8-2,read> 4.3145096114071535E-4
<19,doctor4-0,HR2-0,addItem> 2.285833324764571E-4
<20,patient4-3,HR4-3,addNote> 7.665363320350802E-4
<21,patient3-8,HR3-8,addNote> 0.001037275668892582
<22,nurse3-3,nursingItem3-0,read> 3.680082187670507E-4
<23,nurse0-3,HR0-8,addItem> 7.800952768130511E-5
<24,nurse0-3,HR0-9,addItem> 7.74751395938636E-5
<25,nurse7-0,nursingItem7-0,read> 1.1326850427755033E-4
<26,nurse0-3,HR0-6,addItem> 7.560478128781833E-5
<27,nurse0-3,HR0-7,addItem> 7.854391576874661E-5
<28,nurse0-3,HR0-4,addItem> 7.667355746270132E-5
<29,nurse0-3,HR0-5,addItem> 7.507039320037681E-5
<30,nurse3-3,nursingItem3-1,read> 3.6951657795933313E-4
<31,nurse0-3,HR0-2,addItem> 7.40016170254938E-5
<32,nurse3-3,nursingItem3-8,read> 3.8761688826672105E-4
<33,nurse0-3,HR0-3,addItem> 7.613916937525983E-5
<34,nurse0-3,HR0-0,addItem> 7.45360051129353E-5
<35,patient9-6,noteItem9-6,read> 0.0019244371980950054
<36,nurse3-3,nursingItem3-6,read> 3.6649985957476846E-4
<37,nurse0-3,HR0-1,addItem> 7.346722893805229E-5
<38,nurse3-3,nursingItem3-5,read> 3.672540391709096E-4
<39,doctor4-0,HR2-9,addItem> 2.2747895402060704E-4
<40,doctor7-1,HRitem5-9-0,read> 7.239236585710039E-5
<41,doctor4-0,HRitem4-4-2,read> 3.160682755940705E-4
<42,nurse5-0,nursingItem5-7,read> 9.181321586461454E-4
<43,nurse0-2,HR0-7,addItem> 7.803554090940198E-5
<44,nurse0-2,HR0-8,addItem> 7.75046116445329E-5
<45,nurse0-2,HR0-9,addItem> 7.697368237966382E-5
<46,nurse9-0,nursingItem9-2,read> 4.8602568510981394E-4
<47,nurse0-2,HR0-3,addItem> 7.564635921749116E-5
<48,nurse0-2,HR0-4,addItem> 7.61772884823602E-5
<49,nurse9-0,nursingItem9-9,read> 4.944191423525033E-4
<50,nurse0-2,HR0-5,addItem> 7.4584500687753E-5
<51,nurse0-2,HR0-6,addItem> 7.511542995262209E-5
<52,nurse0-2,HR0-0,addItem> 7.405357142288394E-5
<53,nurse0-2,HR0-1,addItem> 7.29917128931458E-5
<54,nurse0-2,HR0-2,addItem> 7.352264215801488E-5
<55,doctor7-1,HR7-3,addItem> 1.8757424106738099E-4
<56,doctor7-1,HR7-0,addItem> 1.8700403438142569E-4
<57,doctor4-1,HRitem6-8-1,read> 1.8555455304145182E-4
<58,doctor7-1,HR7-4,addItem> 1.8928486112524691E-4
<59,patient3-2,HR3-2,addNote> 0.0010051086189689184
<60,nurse1-3,HR1-0,addItem> 1.1202006734119768E-4
<61,nurse1-3,HR1-1,addItem> 1.1228305096794022E-4
<62,nurse1-3,HR1-2,addItem> 1.1096813283422762E-4
<63,nurse1-3,HR1-3,addItem> 1.1123111646097016E-4
<64,nurse1-3,HR1-5,addItem> 1.1175708371445516E-4
<65,nurse1-3,HR1-6,addItem> 1.0491950941914974E-4
<66,nurse1-3,HR1-7,addItem> 1.0465652579240724E-4
<67,nurse1-3,HR1-8,addItem> 1.0623442755286234E-4
<68,agent0-01,HR0-7,addNote> 5.220719942611037E-4
<69,nurse1-3,HR1-9,addItem> 1.0544547667263477E-4
<70,doctor6-1,HRitem1-0-2,read> 2.691809130453052E-4
<71,nurse1-2,HR1-1,addItem> 1.1307100220280294E-4
<72,nurse1-2,HR1-2,addItem> 1.1174685657341518E-4
<73,nurse1-2,HR1-0,addItem> 1.1280617307692537E-4
<74,nurse8-1,nursingItem8-3,read> 5.39763336179679E-4
<75,doctor6-0,HR8-0,addItem> 1.3323263193237947E-4
<76,agent0-11,noteItem0-9,read> 5.926442622227739E-4
<77,doctor0-0,HR8-1,addItem> 1.9651787852017393E-4
<78,nurse1-2,HR1-9,addItem> 1.0618544492998659E-4
<79,nurse1-2,HR1-7,addItem> 1.0539095755235394E-4
<80,nurse1-2,HR1-8,addItem> 1.0697993230761926E-4
<81,nurse1-2,HR1-5,addItem> 1.1254134395104782E-4
<82,nurse1-2,HR1-6,addItem> 1.0565578667823149E-4
<83,nurse1-2,HR1-3,addItem> 1.1201168569929274E-4
<84,agent6-01,noteItem6-2,read> 0.0014454043866980843
<85,nurse1-2,HR1-4,addItem> 1.1227651482517028E-4
<86,doctor6-0,HR8-9,addItem> 1.2827897869244589E-4
<87,doctor6-0,HR8-6,addItem> 1.3125117063640605E-4
<88,nurse1-1,HR1-0,addItem> 1.1437838454838079E-4
<89,nurse1-1,HR1-1,addItem> 1.1464690467252843E-4
<90,nurse1-1,HR1-6,addItem> 1.07128341196395E-4
<91,nurse1-1,HR1-8,addItem> 1.0847094181713312E-4
<92,nurse1-1,HR1-9,addItem> 1.0766538144469025E-4
<93,nurse1-1,HR1-2,addItem> 1.1330430405179032E-4
<94,nurse1-1,HR1-3,addItem> 1.1357282417593795E-4
<95,nurse1-1,HR1-4,addItem> 1.1384134430008556E-4
<96,doctor7-0,HR7-9,addItem> 6.285195834563612E-4
<97,nurse1-1,HR1-5,addItem> 1.1410986442423318E-4
<98,patient2-6,noteItem2-6,read> 0.0010864521370024824
<99,doctor7-0,HR7-3,addItem> 1.8505223446479434E-4
<100,doctor7-0,HR7-4,addItem> 1.8673985458910914E-4
<101,doctor7-0,HR7-5,addItem> 6.21013938474173E-4
<102,doctor7-0,HR7-0,addItem> 1.8448969442335609E-4
<103,doctor9-0,HR7-0,addItem> 6.442996142553321E-5
<104,doctor7-0,HR7-1,addItem> 6.135082934919848E-4
<105,doctor9-0,HR7-3,addItem> 6.462641919128252E-5
<106,doctor9-0,HR7-4,addItem> 6.521579248853045E-5
<107,patient7-8,noteItem7-8,read> 0.0010053568085096579
<108,nurse1-0,HR1-4,addItem> 1.1697100324991607E-4
<109,nurse1-0,HR1-2,addItem> 1.1641919900854055E-4
<110,nurse1-0,HR1-1,addItem> 1.1779870961197937E-4
<111,doctor5-0,HRitem4-7-1,read> 1.8392732823093922E-4
<112,nurse1-0,HR1-8,addItem> 1.1145296083616081E-4
<113,nurse1-0,HR1-7,addItem> 1.0979754811203424E-4
<114,nurse1-0,HR1-6,addItem> 1.1007345023272198E-4
<115,nurse1-0,HR1-5,addItem> 1.1724690537060381E-4
<116,doctor5-1,HR5-3,addItem> 1.8780798978320346E-4
<117,doctor5-1,HR5-6,addItem> 1.9186916041484837E-4
<118,patient2-5,noteItem2-5,read> 0.0011026712027010477
<119,nurse1-0,HR1-0,addItem> 1.1752280749129158E-4
<120,doctor5-1,HR5-4,addItem> 1.8730034345424787E-4
<121,doctor5-1,HR5-5,addItem> 1.8679269712529225E-4
<122,doctor8-1,HR8-9,addItem> 1.2968606072563544E-4
<123,doctor5-1,HR5-8,addItem> 1.8983857509902592E-4
<124,nurse1-0,HR1-9,addItem> 1.1062525447409752E-4
<125,doctor9-0,HRitem9-0-0,read> 1.222317919838857E-4
<126,agent4-01,noteItem4-8agent4-0,read> 1.8883565922387716E-4
<127,doctor8-0,HR8-2,addItem> 3.152224517015477E-4
<128,patient7-0,HR7-0,addNote> 8.791210067679028E-4
<129,doctor8-0,HR8-1,addItem> 3.175406189578177E-4
<130,doctor8-0,HR8-0,addItem> 1.3420691077649193E-4
<131,doctor8-0,HR8-6,addItem> 1.3221095981839074E-4
<132,patient9-1,HR9-1,addNote> 9.514968690961458E-4
<133,doctor8-0,HR8-4,addItem> 3.024725317920627E-4
<134,doctor8-0,HR8-3,addItem> 3.047906990483327E-4
<135,doctor8-0,HR8-8,addItem> 2.9783619727952274E-4
<136,doctor2-0,HRitem2-1-2,read> 1.757471634854747E-4
<137,patient2-1,noteItem2-1,read> 0.0011459220445638875
<138,agent5-11,noteItem5-3agent5-0,read> 1.5745449405044635E-4
<139,agent3-11,noteItem3-9agent3-0,read> 7.516781985609171E-4
<140,doctor0-0,HRitem8-2-2,read> 8.97439012253676E-5
<141,agent8-0,noteItem8-1,read> 7.11339917241661E-4
<142,doctor9-0,HR9-0,addItem> 1.364527357835403E-4
<143,doctor2-1,HR5-5,addItem> 2.4951814603650153E-4
<144,doctor9-0,HR9-3,addItem> 1.3877231953431703E-4
<145,doctor5-0,HR8-0,addItem> 1.0254284834283684E-4
<146,patient5-3,noteItem5-3agent5-0agent5-1,read> 0.0012190778070469796
<147,doctor5-0,HR8-9,addItem> 9.873025599546566E-5
<148,nurse7-0,nursingItem7-1,read> 1.1400421310100398E-4
<149,doctor1-0,HRitem5-7-0,read> 8.672624290045157E-5
<150,doctor5-0,HR8-6,addItem> 1.0101781140388839E-4
<151,doctor9-0,HR9-8,addItem> 1.341331520327636E-4
<152,doctor9-0,HR9-7,addItem> 1.3297336015737518E-4

