<0,nurse5-1,nursingItem5-4,read> null
<1,doctor8-0,HRitem0-2-3,read> null
<2,patient1-7,noteItem1-7,read> null
<3,agent5-11,noteItem5-5agent5-1,read> null
<4,patient6-5,noteItem6-5,read> null
<5,doctor0-0,HR2-8,addItem> null
<6,patient9-2,noteItem9-2,read> null
<7,patient5-6,HR5-6,addNote> null
<8,patient1-5,noteItem1-5,read> null
<9,patient5-9,noteItem5-9,read> null
<10,nurse5-1,nursingItem5-2,read> null
<11,patient3-8,HR3-8,addNote> null
<12,nurse3-0,nursingItem3-9,read> null
<13,patient8-4,HR8-4,addNote> null
<14,agent8-01,HR8-7,addNote> null
<15,doctor7-0,HR7-0,addItem> null
<16,agent2-1,noteItem2-1,read> null
<17,agent3-0,noteItem3-0agent3-0,read> null
<18,patient3-1,noteItem3-1,read> null
<19,patient3-0,noteItem3-0agent3-0,read> null
<20,patient4-2,HR4-2,addNote> null
<21,patient9-7,HR9-7,addNote> null
<22,nurse6-3,nursingItem6-8,read> null
<23,doctor1-0,HRitem7-6-3,read> null
<24,patient7-6,noteItem7-6agent7-1,read> null
<25,agent7-0,noteItem7-8,read> null
<26,nurse2-3,HR2-0,addItem> null
<27,patient9-7,noteItem9-7,read> null
<28,nurse2-3,HR2-1,addItem> null
<29,nurse2-3,HR2-2,addItem> null
<30,nurse4-2,nursingItem4-4,read> null
<31,doctor0-0,HR5-1,addItem> null
<32,nurse0-1,nursingItem0-9,read> null
<33,doctor5-1,HR5-5,addItem> null
<34,patient3-4,HR3-4,addNote> null
<35,patient0-3,noteItem0-3,read> null
<36,nurse0-1,HR0-0,addItem> null
<37,patient2-4,noteItem2-4,read> null
<38,patient5-0,HR5-0,addNote> null
<39,agent9-1,noteItem9-1agent9-1,read> null
<40,nurse2-3,HR2-3,addItem> null
<41,patient5-1,noteItem5-1,read> null
<42,nurse2-3,HR2-8,addItem> null
<43,patient2-5,noteItem2-5,read> null
<44,nurse2-3,HR2-9,addItem> null
<45,nurse2-3,HR2-4,addItem> null
<46,nurse2-3,HR2-5,addItem> null
<47,nurse1-1,nursingItem1-6,read> null
<48,nurse2-3,HR2-6,addItem> null
<49,patient5-5,noteItem5-5,read> null
<50,nurse2-3,HR2-7,addItem> null
<51,patient6-4,noteItem6-4,read> null
<52,patient5-7,HR5-7,addNote> null
<53,doctor9-1,HRitem9-5-3,read> null
<54,patient5-8,noteItem5-8,read> null
<55,doctor5-0,HR2-7,addItem> null
<56,agent4-11,noteItem4-9,read> null
<57,doctor4-0,HR0-5,addItem> null
<58,nurse0-0,nursingItem0-6,read> null
<59,patient0-2,noteItem0-2agent0-0,read> null
<60,patient1-6,noteItem1-6,read> null
<61,agent2-1,HR2-1,addNote> null
<62,patient8-1,HR8-1,addNote> null
<63,agent8-0,HR8-7,addNote> null
<64,nurse5-0,nursingItem5-7,read> null
<65,nurse2-1,HR2-1,addItem> null
<66,patient2-3,HR2-3,addNote> null
<67,patient9-1,noteItem9-1agent9-1,read> null
<68,nurse2-2,HR2-1,addItem> null
<69,patient0-2,noteItem0-2,read> null
<70,nurse4-1,nursingItem4-6,read> null
<71,patient2-6,HR2-6,addNote> null
<72,nurse2-2,HR2-2,addItem> null
<73,agent5-1,HR5-5,addNote> null
<74,doctor8-0,HR0-9,addItem> null
<75,nurse2-2,HR2-0,addItem> null
<76,doctor7-1,HR4-3,addItem> null
<77,nurse3-2,nursingItem3-7,read> null
<78,agent0-0,noteItem0-2agent0-0,read> null
<79,nurse7-0,HR7-5,addItem> null
<80,agent8-1,HR8-0,addNote> null
<81,nurse0-1,nursingItem0-0,read> null
<82,nurse1-0,nursingItem1-4,read> null
<83,nurse2-2,HR2-9,addItem> null
<84,nurse2-3,nursingItem2-0,read> null
<85,patient1-7,noteItem1-7agent1-0,read> null
<86,patient2-7,noteItem2-7,read> null
<87,nurse8-0,nursingItem8-1,read> null
<88,doctor1-1,HRitem7-4-3,read> null
<89,nurse2-2,HR2-7,addItem> null
<90,nurse2-2,HR2-8,addItem> null
<91,nurse2-2,HR2-5,addItem> null
<92,patient0-1,HR0-1,addNote> null
<93,nurse2-2,HR2-6,addItem> null
<94,nurse2-2,HR2-3,addItem> null
<95,nurse6-3,nursingItem6-1,read> null
<96,agent5-0,noteItem5-2agent5-0,read> null
<97,nurse3-3,nursingItem3-4,read> null
<98,nurse7-0,nursingItem7-7,read> null
<99,patient2-3,noteItem2-3,read> null
<100,agent4-0,noteItem4-2,read> null
<101,doctor8-0,HRitem0-9-0,read> null
<102,nurse2-2,HR2-4,addItem> null
<103,patient1-3,noteItem1-3,read> null
<104,patient2-1,noteItem2-1agent2-1,read> null
<105,patient1-4,noteItem1-4,read> null
<106,patient5-3,HR5-3,addNote> null
<107,nurse7-1,HR7-3,addItem> null
<108,nurse6-2,nursingItem6-3,read> null
<109,nurse6-2,nursingItem6-2,read> null
<110,patient5-3,noteItem5-3,read> null
<111,agent5-11,HR5-5,addNote> null
<112,nurse9-1,nursingItem9-3,read> null
<113,nurse5-1,HR5-9,addItem> null
<114,nurse9-3,nursingItem9-3,read> null
<115,patient1-0,HR1-0,addNote> null
<116,patient3-8,noteItem3-8,read> null
<117,agent7-11,noteItem7-6agent7-1,read> null
<118,agent6-01,noteItem6-6,read> null
<119,patient6-3,noteItem6-3,read> null
<120,patient7-8,noteItem7-8,read> null
<121,nurse0-3,nursingItem0-2,read> null
<122,agent2-0,noteItem2-3agent2-0,read> null
<123,patient7-6,noteItem7-6,read> null
<124,doctor5-1,HRitem8-7-3,read> null
<125,nurse6-2,nursingItem6-1,read> null
<126,patient5-4,HR5-4,addNote> null
<127,nurse6-2,nursingItem6-0,read> null
<128,nurse6-2,nursingItem6-7,read> null
<129,nurse6-2,nursingItem6-6,read> null
<130,nurse6-2,nursingItem6-5,read> null
<131,nurse2-3,nursingItem2-7,read> null
<132,nurse1-3,HR1-5,addItem> null
<133,nurse6-2,nursingItem6-4,read> null
<134,patient2-0,noteItem2-0,read> null
<135,patient5-7,noteItem5-7,read> null
<136,nurse5-1,nursingItem5-7,read> null
<137,agent3-01,HR3-0,addNote> null
<138,agent1-01,noteItem1-7,read> null
<139,agent2-11,noteItem2-1,read> null
<140,nurse6-2,nursingItem6-9,read> null
<141,nurse8-1,nursingItem8-0,read> null
<142,nurse6-2,nursingItem6-8,read> null
<143,doctor5-0,HRitem5-5-0,read> null
<144,nurse4-1,nursingItem4-3,read> null
<145,patient6-9,noteItem6-9,read> null
<146,nurse0-0,nursingItem0-5,read> null
<147,nurse1-1,nursingItem1-0,read> null
<148,patient4-9,noteItem4-9agent4-1,read> null
<149,nurse8-1,HR8-5,addItem> null
<150,nurse1-3,nursingItem1-8,read> null
<151,nurse8-1,nursingItem8-6,read> null
<152,patient6-0,noteItem6-0,read> null
<153,patient8-4,noteItem8-4,read> null
<154,patient8-8,HR8-8,addNote> null
<155,patient7-6,HR7-6,addNote> null
<156,nurse8-1,HR8-4,addItem> null
<157,nurse8-1,HR8-3,addItem> null
<158,agent7-0,HR7-8,addNote> null
<159,nurse4-2,HR4-5,addItem> null
<160,patient5-2,noteItem5-2agent5-0,read> null
<161,doctor0-0,HR5-2,addItem> null
<162,nurse0-2,nursingItem0-9,read> null
<163,nurse8-1,HR8-2,addItem> null
<164,agent7-1,noteItem7-6,read> null
<165,doctor8-0,HRitem1-3-1,read> null
<166,nurse8-1,HR8-9,addItem> null
<167,patient4-9,noteItem4-9,read> null
<168,nurse8-1,HR8-8,addItem> null
<169,nurse8-1,HR8-7,addItem> null
<170,agent3-1,noteItem3-8,read> null
<171,nurse2-1,HR2-0,addItem> null
<172,patient8-5,noteItem8-5,read> null
<173,patient0-1,noteItem0-1,read> null
<174,nurse8-1,HR8-6,addItem> null
<175,nurse2-1,HR2-2,addItem> null
<176,nurse2-1,HR2-3,addItem> null
<177,nurse2-1,HR2-4,addItem> null
<178,nurse3-2,HR3-4,addItem> null
<179,nurse1-2,nursingItem1-1,read> null
<180,patient4-8,noteItem4-8,read> null
<181,nurse2-1,HR2-5,addItem> null
<182,doctor5-0,HRitem2-4-1,read> null
<183,nurse8-1,HR8-1,addItem> null
<184,nurse8-3,nursingItem8-1,read> null
<185,nurse4-2,nursingItem4-5,read> null
<186,patient0-6,noteItem0-6,read> null
<187,patient3-6,noteItem3-6,read> null
<188,agent9-0,HR9-0,addNote> null
<189,nurse2-1,HR2-6,addItem> null
<190,patient8-0,noteItem8-0agent8-1,read> null
<191,patient1-9,noteItem1-9,read> null
<192,doctor4-0,HRitem4-7-3,read> null
<193,nurse8-1,HR8-0,addItem> null
<194,nurse4-0,nursingItem4-5,read> null
<195,doctor8-1,HR6-2,addItem> null
<196,patient6-5,noteItem6-5agent6-1,read> null
<197,patient4-0,HR4-0,addNote> null
<198,nurse2-1,HR2-7,addItem> null
<199,nurse2-1,HR2-8,addItem> null
<200,doctor7-1,HR4-9,addItem> null
<201,doctor2-0,HR3-7,addItem> null
<202,patient5-6,noteItem5-6,read> null
<203,nurse4-3,HR4-6,addItem> null
<204,nurse2-1,HR2-9,addItem> null
<205,nurse6-3,nursingItem6-0,read> null
<206,nurse2-3,nursingItem2-8,read> null
<207,nurse2-0,HR2-9,addItem> null
<208,nurse6-3,nursingItem6-2,read> null
<209,patient1-8,noteItem1-8,read> null
<210,patient4-7,noteItem4-7,read> null
<211,patient5-5,HR5-5,addNote> null
<212,nurse2-0,nursingItem2-0,read> null
<213,patient0-8,noteItem0-8,read> null
<214,agent4-1,noteItem4-9agent4-1,read> null
<215,patient4-2,noteItem4-2agent4-0,read> null
<216,patient9-3,HR9-3,addNote> null
<217,agent9-0,noteItem9-0agent9-0,read> null
<218,nurse6-3,nursingItem6-4,read> null
<219,doctor7-1,HR7-4,addItem> null
<220,nurse4-0,nursingItem4-6,read> null
<221,nurse5-3,nursingItem5-0,read> null
<222,agent7-1,noteItem7-6agent7-1,read> null
<223,nurse6-3,nursingItem6-3,read> null
<224,nurse8-0,HR8-9,addItem> null
<225,nurse6-3,nursingItem6-6,read> null
<226,nurse6-3,nursingItem6-5,read> null
<227,nurse6-3,nursingItem6-7,read> null
<228,nurse1-0,nursingItem1-5,read> null
<229,nurse6-3,nursingItem6-9,read> null
<230,doctor4-1,HRitem2-8-1,read> null
<231,nurse5-3,nursingItem5-9,read> null
<232,patient1-1,noteItem1-1,read> null
<233,doctor5-1,HRitem5-5-3,read> null
<234,nurse8-0,HR8-2,addItem> null
<235,nurse1-2,nursingItem1-3,read> null
<236,patient3-1,HR3-1,addNote> null
<237,doctor8-0,HR1-7,addItem> null
<238,nurse8-0,HR8-1,addItem> null
<239,nurse8-0,HR8-4,addItem> null
<240,patient3-4,noteItem3-4,read> null
<241,nurse8-1,nursingItem8-4,read> null
<242,nurse8-0,HR8-3,addItem> null
<243,nurse2-0,nursingItem2-4,read> null
<244,agent3-11,noteItem3-8,read> null
<245,nurse9-2,HR9-3,addItem> null
<246,nurse8-0,HR8-6,addItem> null
<247,nurse3-3,HR3-1,addItem> null
<248,nurse1-2,HR1-8,addItem> null
<249,patient0-0,noteItem0-0,read> null
<250,nurse8-0,HR8-5,addItem> null
<251,doctor7-0,HR7-2,addItem> null
<252,nurse2-2,nursingItem2-7,read> null
<253,nurse3-3,nursingItem3-9,read> null
<254,patient1-5,HR1-5,addNote> null
<255,nurse2-0,HR2-0,addItem> null
<256,nurse3-3,HR3-0,addItem> null
<257,patient7-2,noteItem7-2,read> null
<258,nurse3-0,nursingItem3-0,read> null
<259,nurse5-2,HR5-5,addItem> null
<260,doctor6-1,HR6-0,addItem> null
<261,nurse8-0,HR8-8,addItem> null
<262,nurse3-3,HR3-3,addItem> null
<263,doctor4-1,HRitem4-3-0,read> null
<264,doctor5-1,HR5-7,addItem> null
<265,nurse1-2,nursingItem1-5,read> null
<266,nurse8-0,HR8-7,addItem> null
<267,doctor8-0,HR0-8,addItem> null
<268,nurse3-3,HR3-2,addItem> null
<269,agent8-01,noteItem8-7agent8-0,read> null
<270,nurse2-0,HR2-3,addItem> null
<271,nurse3-3,HR3-5,addItem> null
<272,nurse9-3,nursingItem9-5,read> null
<273,agent1-1,noteItem1-3agent1-1,read> null
<274,nurse0-3,nursingItem0-7,read> null
<275,nurse2-0,HR2-4,addItem> null
<276,nurse9-1,nursingItem9-9,read> null
<277,nurse3-3,HR3-4,addItem> null
<278,doctor8-0,HR1-0,addItem> null
<279,nurse2-0,HR2-1,addItem> null
<280,patient4-1,noteItem4-1,read> null
<281,nurse3-3,HR3-7,addItem> null
<282,nurse2-0,HR2-2,addItem> null
<283,patient9-1,noteItem9-1,read> null
<284,nurse3-3,HR3-6,addItem> null
<285,doctor8-0,HR1-2,addItem> null
<286,patient9-4,noteItem9-4,read> null
<287,nurse3-3,HR3-9,addItem> null
<288,agent9-0,noteItem9-0,read> null
<289,patient4-5,noteItem4-5,read> null
<290,nurse2-0,HR2-7,addItem> null
<291,doctor8-0,HR1-3,addItem> null
<292,nurse3-3,HR3-8,addItem> null
<293,doctor6-1,HRitem6-6-3,read> null
<294,patient3-8,noteItem3-8agent3-1,read> null
<295,nurse2-0,HR2-8,addItem> null
<296,nurse9-2,nursingItem9-3,read> null
<297,nurse8-3,nursingItem8-8,read> null
<298,patient4-3,noteItem4-3,read> null
<299,agent2-01,noteItem2-3agent2-0,read> null
<300,doctor8-0,HR1-4,addItem> null
<301,nurse4-3,nursingItem4-7,read> null
<302,agent8-11,noteItem8-0agent8-1,read> null
<303,patient4-0,noteItem4-0,read> null
<304,nurse8-0,HR8-0,addItem> null
<305,patient8-5,HR8-5,addNote> null
<306,patient5-0,noteItem5-0,read> null
<307,doctor4-1,HR4-5,addItem> null
<308,patient6-6,noteItem6-6,read> null
<309,nurse2-0,HR2-5,addItem> null
<310,agent9-01,HR9-0,addNote> null
<311,nurse0-1,nursingItem0-1,read> null
<312,nurse2-0,HR2-6,addItem> null
<313,doctor5-0,HR2-4,addItem> null
<314,doctor8-0,HRitem8-8-2,read> null
<315,agent4-1,noteItem4-9,read> null
<316,doctor0-0,HRitem5-8-1,read> null
<317,patient9-0,noteItem9-0,read> null
<318,nurse2-1,nursingItem2-2,read> null
<319,patient4-4,HR4-4,addNote> null
<320,patient4-2,noteItem4-2,read> null
<321,nurse8-3,nursingItem8-7,read> null
<322,nurse1-0,nursingItem1-7,read> null
<323,agent3-0,noteItem3-0,read> null
<324,doctor9-0,HRitem8-4-0,read> null
<325,nurse8-3,HR8-2,addItem> null
<326,nurse8-3,HR8-3,addItem> null
<327,agent8-1,noteItem8-0agent8-1,read> null
<328,nurse8-3,HR8-0,addItem> null
<329,nurse8-3,HR8-1,addItem> null
<330,patient3-9,noteItem3-9,read> null
<331,nurse8-3,HR8-8,addItem> null
<332,patient9-0,HR9-0,addNote> null
<333,nurse8-3,HR8-9,addItem> null
<334,doctor4-0,HRitem4-0-3,read> null
<335,nurse8-3,HR8-6,addItem> null
<336,nurse8-3,HR8-7,addItem> null
<337,nurse8-3,HR8-4,addItem> null
<338,nurse9-3,nursingItem9-8,read> null
<339,doctor4-1,HRitem2-6-3,read> null
<340,patient9-1,HR9-1,addNote> null
<341,doctor2-1,HRitem3-0-3,read> null
<342,nurse8-3,HR8-5,addItem> null
<343,doctor2-1,HRitem3-9-1,read> null
<344,agent4-11,noteItem4-9agent4-1,read> null
<345,nurse5-1,nursingItem5-8,read> null
<346,patient0-7,noteItem0-7,read> null
<347,nurse0-3,nursingItem0-0,read> null
<348,agent0-11,HR0-4,addNote> null
<349,doctor3-0,HR1-0,addItem> null
<350,agent7-0,noteItem7-8agent7-0,read> null
<351,nurse1-1,HR1-8,addItem> null
<352,nurse8-2,HR8-0,addItem> null
<353,nurse8-2,HR8-1,addItem> null
<354,agent6-1,noteItem6-5,read> null
<355,nurse8-2,HR8-2,addItem> null
<356,doctor4-1,HR9-6,addItem> null
<357,patient3-0,HR3-0,addNote> null
<358,doctor7-1,HRitem4-9-0,read> null
<359,nurse8-2,HR8-7,addItem> null
<360,nurse8-2,HR8-8,addItem> null
<361,nurse1-3,nursingItem1-1,read> null
<362,patient8-9,noteItem8-9,read> null
<363,nurse8-2,HR8-9,addItem> null
<364,doctor1-0,HRitem1-3-2,read> null
<365,nurse4-0,nursingItem4-7,read> null
<366,nurse3-2,nursingItem3-0,read> null
<367,patient5-8,HR5-8,addNote> null
<368,nurse8-2,HR8-3,addItem> null
<369,nurse4-2,nursingItem4-2,read> null
<370,agent8-1,noteItem8-0,read> null
<371,nurse8-1,nursingItem8-7,read> null
<372,nurse8-2,HR8-4,addItem> null
<373,nurse5-0,nursingItem5-9,read> null
<374,nurse8-2,HR8-5,addItem> null
<375,patient3-7,HR3-7,addNote> null
<376,nurse8-2,HR8-6,addItem> null
<377,doctor5-1,HRitem8-4-0,read> null
<378,patient9-9,HR9-9,addNote> null
<379,doctor1-0,HR7-0,addItem> null
<380,patient1-3,noteItem1-3agent1-1,read> null
<381,patient2-2,HR2-2,addNote> null
<382,doctor2-0,HR2-7,addItem> null
<383,nurse9-2,nursingItem9-7,read> null
<384,doctor2-0,HR2-4,addItem> null
<385,nurse8-0,nursingItem8-5,read> null
<386,nurse9-3,HR9-3,addItem> null
<387,doctor2-0,HR2-1,addItem> null
<388,doctor1-0,HR7-3,addItem> null
<389,nurse9-1,nursingItem9-5,read> null
<390,nurse7-1,nursingItem7-5,read> null
<391,doctor1-0,HR7-2,addItem> null
<392,doctor1-0,HR7-1,addItem> null
<393,doctor1-0,HR7-7,addItem> null
<394,nurse4-2,nursingItem4-1,read> null
<395,doctor1-0,HR7-6,addItem> null
<396,agent0-1,noteItem0-4agent0-1,read> null
<397,patient5-9,HR5-9,addNote> null
<398,agent5-01,noteItem5-2,read> null
<399,agent4-01,HR4-2,addNote> null
<400,doctor2-1,HR2-8,addItem> null
<401,nurse3-2,nursingItem3-5,read> null
<402,doctor2-1,HR2-9,addItem> null
<403,patient6-8,noteItem6-8,read> null
<404,agent9-11,HR9-1,addNote> null
<405,doctor2-1,HR2-6,addItem> null
<406,doctor2-1,HR2-5,addItem> null
<407,patient9-6,noteItem9-6,read> null
<408,doctor2-1,HR2-3,addItem> null
<409,agent0-11,noteItem0-4agent0-1,read> null
<410,doctor2-1,HR2-2,addItem> null
<411,doctor2-1,HR2-0,addItem> null
<412,patient9-3,noteItem9-3,read> null
<413,nurse9-2,HR9-9,addItem> null
<414,nurse1-3,nursingItem1-7,read> null
<415,nurse4-2,nursingItem4-9,read> null
<416,doctor6-0,HR7-7,addItem> null
<417,doctor6-0,HR7-2,addItem> null
<418,nurse9-2,HR9-7,addItem> null
<419,nurse1-3,nursingItem1-5,read> null
<420,patient3-2,noteItem3-2,read> null
<421,doctor6-0,HR7-3,addItem> null
<422,doctor2-1,HRitem3-4-3,read> null
<423,doctor8-0,HR8-8,addItem> null
<424,nurse9-2,HR9-8,addItem> null
<425,nurse1-3,nursingItem1-6,read> null
<426,patient4-4,noteItem4-4,read> null
<427,doctor6-0,HR7-0,addItem> null
<428,nurse9-2,HR9-5,addItem> null
<429,patient7-9,noteItem7-9,read> null
<430,doctor4-0,HRitem5-0-3,read> null
<431,doctor6-0,HR7-1,addItem> null
<432,nurse0-1,nursingItem0-5,read> null
<433,nurse5-3,HR5-8,addItem> null
<434,nurse9-2,HR9-6,addItem> null
<435,agent6-0,noteItem6-6agent6-0,read> null
<436,nurse0-3,HR0-9,addItem> null
<437,nurse3-0,nursingItem3-1,read> null
<438,nurse1-3,nursingItem1-9,read> null
<439,nurse9-2,HR9-4,addItem> null
<440,doctor3-1,HR5-7,addItem> null
<441,nurse9-2,HR9-1,addItem> null
<442,doctor3-1,HR5-6,addItem> null
<443,patient0-9,HR0-9,addNote> null
<444,doctor8-0,HR0-4,addItem> null
<445,nurse9-2,HR9-2,addItem> null
<446,nurse0-3,nursingItem0-5,read> null
<447,nurse1-3,nursingItem1-0,read> null
<448,nurse5-3,nursingItem5-7,read> null
<449,patient1-9,HR1-9,addNote> null
<450,patient4-6,noteItem4-6,read> null
<451,nurse6-3,HR6-0,addItem> null
<452,doctor3-1,HR3-3,addItem> null
<453,doctor3-1,HR5-9,addItem> null
<454,doctor3-1,HR3-2,addItem> null
<455,nurse9-2,HR9-0,addItem> null
<456,doctor9-0,HR8-9,addItem> null
<457,nurse1-3,nursingItem1-3,read> null
<458,nurse1-3,nursingItem1-4,read> null
<459,doctor7-1,HRitem6-5-2,read> null
<460,nurse1-3,nursingItem1-2,read> null
<461,nurse9-1,nursingItem9-7,read> null
<462,nurse0-2,nursingItem0-0,read> null
<463,doctor3-1,HR3-8,addItem> null
<464,agent6-01,HR6-6,addNote> null
<465,doctor3-1,HR5-4,addItem> null
<466,nurse0-3,nursingItem0-4,read> null
<467,doctor3-1,HR5-5,addItem> null
<468,doctor6-0,HR7-6,addItem> null
<469,nurse9-1,HR9-6,addItem> null
<470,agent0-01,noteItem0-2agent0-0,read> null
<471,doctor4-0,HRitem5-2-3,read> null
<472,doctor9-1,HR8-8,addItem> null
<473,nurse9-1,HR9-7,addItem> null
<474,patient5-5,noteItem5-5agent5-1,read> null
<475,nurse9-1,HR9-8,addItem> null
<476,nurse9-1,HR9-9,addItem> null
<477,nurse9-1,HR9-2,addItem> null
<478,nurse9-1,HR9-3,addItem> null
<479,nurse9-1,HR9-4,addItem> null
<480,doctor0-0,HRitem5-0-2,read> null
<481,nurse9-1,HR9-5,addItem> null
<482,nurse4-3,nursingItem4-4,read> null
<483,nurse9-1,HR9-0,addItem> null
<484,nurse0-0,HR0-5,addItem> null
<485,nurse9-1,HR9-1,addItem> null
<486,doctor8-0,HRitem8-1-1,read> null
<487,agent9-11,noteItem9-1agent9-1,read> null
<488,doctor4-1,HRitem4-5-3,read> null
<489,patient0-5,noteItem0-5,read> null
<490,patient5-2,noteItem5-2,read> null
<491,doctor6-0,HRitem7-6-0,read> null
<492,nurse9-3,HR9-4,addItem> null
<493,nurse9-3,HR9-5,addItem> null
<494,patient5-1,HR5-1,addNote> null
<495,nurse9-3,HR9-6,addItem> null
<496,nurse9-3,HR9-7,addItem> null
<497,nurse9-3,HR9-8,addItem> null
<498,nurse9-3,HR9-9,addItem> null
<499,patient8-7,noteItem8-7agent8-0,read> null
<500,nurse9-0,nursingItem9-3,read> null
<501,doctor1-0,HRitem0-5-0,read> null
<502,nurse7-1,HR7-9,addItem> null
<503,agent8-0,noteItem8-7agent8-0,read> null
<504,nurse5-0,nursingItem5-5,read> null
<505,doctor3-0,HR3-6,addItem> null
<506,doctor3-0,HR3-5,addItem> null
<507,doctor3-0,HR3-4,addItem> null
<508,nurse4-1,nursingItem4-4,read> null
<509,nurse8-3,nursingItem8-4,read> null
<510,nurse9-3,HR9-0,addItem> null
<511,doctor3-0,HR3-1,addItem> null
<512,nurse9-3,HR9-1,addItem> null
<513,doctor3-0,HR3-0,addItem> null
<514,nurse9-3,HR9-2,addItem> null
<515,nurse4-2,nursingItem4-3,read> null
<516,patient7-2,HR7-2,addNote> null
<517,doctor3-0,HR3-9,addItem> null
<518,nurse5-2,nursingItem5-6,read> null
<519,doctor3-0,HR3-7,addItem> null
<520,agent9-1,noteItem9-1,read> null
<521,nurse3-2,HR3-7,addItem> null
<522,nurse8-0,nursingItem8-0,read> null
<523,nurse3-2,HR3-8,addItem> null
<524,patient5-4,noteItem5-4,read> null
<525,nurse3-2,HR3-9,addItem> null
<526,nurse3-2,HR3-3,addItem> null
<527,nurse3-2,HR3-5,addItem> null
<528,nurse3-2,HR3-6,addItem> null
<529,nurse9-0,nursingItem9-9,read> null
<530,nurse3-2,HR3-0,addItem> null
<531,doctor4-1,HR4-6,addItem> null
<532,nurse3-2,HR3-1,addItem> null
<533,doctor4-1,HR9-4,addItem> null
<534,nurse3-2,HR3-2,addItem> null
<535,agent4-11,HR4-9,addNote> null
<536,doctor7-1,HR6-8,addItem> null
<537,nurse6-0,nursingItem6-6,read> null
<538,patient2-5,HR2-5,addNote> null
<539,doctor7-1,HR6-7,addItem> null
<540,nurse6-0,nursingItem6-7,read> null
<541,nurse8-1,nursingItem8-1,read> null
<542,doctor7-1,HR6-6,addItem> null
<543,nurse6-0,nursingItem6-8,read> null
<544,doctor7-1,HR6-5,addItem> null
<545,nurse5-3,nursingItem5-5,read> null
<546,nurse6-0,nursingItem6-9,read> null
<547,nurse6-0,nursingItem6-2,read> null
<548,doctor4-0,HRitem5-8-2,read> null
<549,doctor7-1,HR6-3,addItem> null
<550,nurse6-0,nursingItem6-3,read> null
<551,doctor7-1,HR6-2,addItem> null
<552,nurse6-0,nursingItem6-4,read> null
<553,nurse7-2,nursingItem7-6,read> null
<554,patient2-1,noteItem2-1,read> null
<555,doctor7-1,HR6-1,addItem> null
<556,nurse6-0,nursingItem6-5,read> null
<557,patient8-1,noteItem8-1,read> null
<558,doctor7-1,HR6-0,addItem> null
<559,nurse6-0,nursingItem6-0,read> null
<560,nurse6-0,nursingItem6-1,read> null
<561,agent4-1,HR4-9,addNote> null
<562,nurse3-1,HR3-8,addItem> null
<563,nurse3-2,nursingItem3-9,read> null
<564,nurse4-1,nursingItem4-0,read> null
<565,nurse3-1,HR3-9,addItem> null
<566,nurse3-1,HR3-6,addItem> null
<567,nurse3-1,HR3-7,addItem> null
<568,patient7-9,HR7-9,addNote> null
<569,nurse3-1,HR3-4,addItem> null
<570,nurse3-1,HR3-5,addItem> null
<571,nurse3-1,HR3-2,addItem> null
<572,doctor4-0,HR5-8,addItem> null
<573,nurse1-0,nursingItem1-1,read> null
<574,nurse3-1,HR3-3,addItem> null
<575,nurse1-0,nursingItem1-0,read> null
<576,nurse8-1,nursingItem8-3,read> null
<577,nurse3-1,HR3-0,addItem> null
<578,agent2-11,HR2-1,addNote> null
<579,nurse1-0,nursingItem1-3,read> null
<580,nurse3-1,HR3-1,addItem> null
<581,nurse1-0,nursingItem1-2,read> null
<582,agent3-1,noteItem3-8agent3-1,read> null
<583,nurse1-0,nursingItem1-6,read> null
<584,nurse1-0,nursingItem1-9,read> null
<585,nurse1-0,nursingItem1-8,read> null
<586,nurse6-1,nursingItem6-9,read> null
<587,doctor7-1,HR4-2,addItem> null
<588,doctor7-0,HR1-8,addItem> null
<589,nurse6-1,nursingItem6-7,read> null
<590,doctor7-1,HR4-1,addItem> null
<591,nurse3-0,nursingItem3-7,read> null
<592,nurse6-1,nursingItem6-8,read> null
<593,nurse0-1,nursingItem0-7,read> null
<594,nurse6-1,nursingItem6-5,read> null
<595,doctor9-0,HRitem8-2-1,read> null
<596,nurse9-3,nursingItem9-2,read> null
<597,patient1-0,noteItem1-0,read> null
<598,nurse6-1,nursingItem6-6,read> null
<599,doctor6-1,HRitem3-5-2,read> null
<600,nurse6-1,nursingItem6-3,read> null
<601,patient3-0,noteItem3-0,read> null
<602,patient6-2,noteItem6-2,read> null
<603,agent0-01,HR0-2,addNote> null
<604,nurse2-0,nursingItem2-9,read> null
<605,nurse6-1,nursingItem6-4,read> null
<606,nurse6-1,nursingItem6-1,read> null
<607,agent4-0,HR4-2,addNote> null
<608,nurse6-1,nursingItem6-2,read> null
<609,nurse6-1,nursingItem6-0,read> null
<610,nurse8-1,nursingItem8-2,read> null
<611,doctor7-1,HR4-4,addItem> null
<612,doctor7-1,HR4-6,addItem> null
<613,agent8-11,noteItem8-0,read> null
<614,doctor7-1,HR4-5,addItem> null
<615,doctor5-1,HR8-2,addItem> null
<616,nurse3-0,HR3-1,addItem> null
<617,nurse1-1,nursingItem1-2,read> null
<618,nurse3-0,HR3-2,addItem> null
<619,nurse1-1,nursingItem1-1,read> null
<620,doctor2-0,HR3-1,addItem> null
<621,doctor7-0,HR9-5,addItem> null
<622,nurse3-0,HR3-3,addItem> null
<623,nurse3-0,HR3-4,addItem> null
<624,nurse9-0,HR9-0,addItem> null
<625,nurse3-0,HR3-5,addItem> null
<626,nurse3-0,HR3-6,addItem> null
<627,agent1-1,noteItem1-3,read> null
<628,nurse3-0,HR3-7,addItem> null
<629,nurse5-1,nursingItem5-1,read> null
<630,nurse3-0,HR3-8,addItem> null
<631,nurse9-0,HR9-4,addItem> null
<632,nurse9-0,HR9-3,addItem> null
<633,nurse1-1,nursingItem1-9,read> null
<634,nurse9-0,HR9-2,addItem> null
<635,nurse1-1,nursingItem1-8,read> null
<636,nurse4-3,nursingItem4-9,read> null
<637,nurse9-0,HR9-1,addItem> null
<638,nurse1-1,nursingItem1-7,read> null
<639,nurse9-0,HR9-8,addItem> null
<640,nurse9-0,HR9-7,addItem> null
<641,nurse1-1,nursingItem1-5,read> null
<642,nurse9-0,HR9-6,addItem> null
<643,nurse8-0,nursingItem8-3,read> null
<644,nurse1-1,nursingItem1-4,read> null
<645,nurse9-0,HR9-5,addItem> null
<646,nurse3-0,HR3-0,addItem> null
<647,agent1-0,noteItem1-7,read> null
<648,nurse1-1,nursingItem1-3,read> null
<649,nurse2-1,nursingItem2-3,read> null
<650,nurse9-0,HR9-9,addItem> null
<651,patient8-8,noteItem8-8,read> null
<652,nurse3-0,HR3-9,addItem> null
<653,doctor9-1,HRitem8-6-2,read> null
<654,agent4-01,noteItem4-2,read> null
<655,nurse1-2,nursingItem1-0,read> null
<656,nurse1-2,nursingItem1-2,read> null
<657,doctor2-1,HRitem2-0-3,read> null
<658,nurse1-2,nursingItem1-9,read> null
<659,nurse1-2,nursingItem1-8,read> null
<660,nurse5-0,nursingItem5-0,read> null
<661,nurse1-2,nursingItem1-4,read> null
<662,nurse1-2,nursingItem1-7,read> null
<663,doctor5-1,HRitem8-2-1,read> null
<664,nurse5-0,nursingItem5-8,read> null
<665,nurse8-3,nursingItem8-6,read> null
<666,nurse1-2,nursingItem1-6,read> null
<667,doctor3-1,HRitem5-4-3,read> null
<668,patient0-4,HR0-4,addNote> null
<669,doctor5-0,HR5-9,addItem> null
<670,patient4-6,HR4-6,addNote> null
<671,nurse0-0,nursingItem0-4,read> null
<672,doctor5-0,HR5-7,addItem> null
<673,nurse8-1,nursingItem8-5,read> null
<674,nurse0-0,nursingItem0-2,read> null
<675,nurse9-3,nursingItem9-4,read> null
<676,nurse0-0,nursingItem0-3,read> null
<677,nurse4-0,nursingItem4-4,read> null
<678,nurse0-0,nursingItem0-8,read> null
<679,agent1-11,noteItem1-3,read> null
<680,doctor5-0,HR7-4,addItem> null
<681,nurse3-0,nursingItem3-4,read> null
<682,nurse0-0,nursingItem0-9,read> null
<683,nurse0-0,nursingItem0-7,read> null
<684,doctor2-0,HR3-4,addItem> null
<685,patient9-5,noteItem9-5,read> null
<686,patient2-3,noteItem2-3agent2-0,read> null
<687,patient2-9,noteItem2-9,read> null
<688,doctor7-0,HR9-7,addItem> null
<689,doctor7-0,HR9-8,addItem> null
<690,nurse0-0,nursingItem0-0,read> null
<691,nurse0-0,nursingItem0-1,read> null
<692,doctor7-0,HR9-9,addItem> null
<693,nurse7-3,HR7-8,addItem> null
<694,nurse7-3,HR7-9,addItem> null
<695,doctor1-1,HR1-1,addItem> null
<696,agent5-0,HR5-2,addNote> null
<697,nurse7-3,HR7-4,addItem> null
<698,doctor7-0,HR9-3,addItem> null
<699,doctor0-0,HR2-2,addItem> null
<700,nurse7-3,HR7-5,addItem> null
<701,agent0-01,noteItem0-2,read> null
<702,nurse7-3,HR7-6,addItem> null
<703,nurse7-3,HR7-7,addItem> null
<704,doctor5-0,HR7-8,addItem> null
<705,nurse5-2,nursingItem5-2,read> null
<706,patient6-1,noteItem6-1,read> null
<707,nurse7-3,HR7-0,addItem> null
<708,nurse7-3,HR7-1,addItem> null
<709,nurse7-3,HR7-2,addItem> null
<710,doctor5-0,HR7-5,addItem> null
<711,nurse7-3,HR7-3,addItem> null
<712,doctor5-0,HR5-6,addItem> null
<713,doctor5-0,HR5-5,addItem> null
<714,nurse5-1,nursingItem5-9,read> null
<715,doctor5-0,HR5-4,addItem> null
<716,doctor5-0,HR7-9,addItem> null
<717,doctor6-1,HR8-8,addItem> null
<718,nurse0-1,nursingItem0-3,read> null
<719,doctor6-0,HRitem7-0-1,read> null
<720,nurse0-1,nursingItem0-4,read> null
<721,nurse2-2,nursingItem2-2,read> null
<722,agent5-1,noteItem5-5,read> null
<723,patient8-9,HR8-9,addNote> null
<724,patient0-3,HR0-3,addNote> null
<725,nurse0-1,nursingItem0-6,read> null
<726,nurse0-1,nursingItem0-8,read> null
<727,patient3-3,noteItem3-3,read> null
<728,nurse0-1,nursingItem0-2,read> null
<729,nurse0-2,nursingItem0-8,read> null
<730,doctor3-0,HRitem3-9-0,read> null
<731,doctor0-1,HR0-5,addItem> null
<732,nurse3-1,nursingItem3-0,read> null
<733,patient1-3,HR1-3,addNote> null
<734,patient0-2,HR0-2,addNote> null
<735,nurse0-2,nursingItem0-6,read> null
<736,nurse0-2,nursingItem0-7,read> null
<737,patient7-1,HR7-1,addNote> null
<738,nurse0-2,nursingItem0-4,read> null
<739,nurse0-2,nursingItem0-5,read> null
<740,nurse0-3,nursingItem0-3,read> null
<741,nurse4-0,HR4-0,addItem> null
<742,nurse4-1,nursingItem4-1,read> null
<743,doctor0-0,HR2-3,addItem> null
<744,nurse0-2,nursingItem0-2,read> null
<745,nurse0-2,nursingItem0-3,read> null
<746,nurse0-2,nursingItem0-1,read> null
<747,nurse1-3,HR1-1,addItem> null
<748,doctor0-0,HR2-0,addItem> null
<749,doctor0-0,HR2-9,addItem> null
<750,doctor0-0,HR2-6,addItem> null
<751,nurse3-1,nursingItem3-4,read> null
<752,doctor0-0,HR2-5,addItem> null
<753,nurse0-3,nursingItem0-9,read> null
<754,doctor0-0,HR0-5,addItem> null
<755,nurse2-0,nursingItem2-8,read> null
<756,nurse0-3,nursingItem0-6,read> null
<757,doctor4-0,HRitem5-3-0,read> null
<758,nurse8-2,nursingItem8-4,read> null
<759,nurse0-3,nursingItem0-8,read> null
<760,nurse0-3,nursingItem0-1,read> null
<761,nurse8-2,nursingItem8-8,read> null
<762,doctor8-1,HRitem6-8-1,read> null
<763,patient3-3,HR3-3,addNote> null
<764,doctor3-0,HRitem3-5-0,read> null
<765,agent1-01,HR1-7,addNote> null
<766,doctor7-1,HRitem6-6-1,read> null
<767,doctor8-0,HR0-1,addItem> null
<768,doctor9-0,HR8-4,addItem> null
<769,doctor9-0,HR8-7,addItem> null
<770,doctor9-0,HR8-3,addItem> null
<771,agent6-1,HR6-5,addNote> null
<772,doctor9-0,HR8-2,addItem> null
<773,doctor7-1,HRitem4-3-3,read> null
<774,patient2-7,HR2-7,addNote> null
<775,patient0-8,HR0-8,addNote> null
<776,doctor0-1,HRitem0-5-0,read> null
<777,doctor0-0,HRitem0-5-3,read> null
<778,doctor9-1,HRitem3-3-0,read> null
<779,doctor5-0,HRitem7-4-1,read> null
<780,patient1-7,HR1-7,addNote> null
<781,patient6-7,noteItem6-7,read> null
<782,patient6-6,noteItem6-6agent6-0,read> null
<783,doctor9-0,HRitem9-7-0,read> null
<784,doctor4-1,HR2-9,addItem> null
<785,doctor9-0,HRitem0-5-2,read> null
<786,doctor9-1,HRitem8-8-3,read> null
<787,patient3-7,noteItem3-7,read> null
<788,nurse7-0,HR7-9,addItem> null
<789,doctor0-0,HRitem2-3-2,read> null
<790,patient0-7,HR0-7,addNote> null
<791,doctor9-1,HRitem9-9-2,read> null
<792,nurse5-3,nursingItem5-3,read> null
<793,nurse5-0,HR5-9,addItem> null
<794,patient1-2,HR1-2,addNote> null
<795,nurse7-0,HR7-0,addItem> null
<796,agent0-0,noteItem0-2,read> null
<797,nurse5-0,HR5-5,addItem> null
<798,patient8-3,HR8-3,addNote> null
<799,nurse5-0,HR5-6,addItem> null
<800,nurse5-0,HR5-7,addItem> null
<801,nurse5-0,HR5-8,addItem> null
<802,nurse5-0,HR5-1,addItem> null
<803,nurse5-0,HR5-2,addItem> null
<804,nurse5-0,HR5-3,addItem> null
<805,nurse5-0,HR5-4,addItem> null
<806,nurse7-0,HR7-8,addItem> null
<807,nurse7-0,HR7-7,addItem> null
<808,nurse7-0,HR7-6,addItem> null
<809,agent9-01,noteItem9-0,read> null
<810,nurse8-3,nursingItem8-5,read> null
<811,nurse5-0,HR5-0,addItem> null
<812,nurse7-0,HR7-4,addItem> null
<813,nurse7-0,HR7-3,addItem> null
<814,patient9-0,noteItem9-0agent9-0,read> null
<815,patient9-2,HR9-2,addNote> null
<816,patient3-5,HR3-5,addNote> null
<817,nurse7-0,HR7-2,addItem> null
<818,nurse7-0,HR7-1,addItem> null
<819,doctor2-0,HRitem3-1-3,read> null
<820,doctor6-1,HR6-8,addItem> null
<821,doctor4-1,HR4-4,addItem> null
<822,agent6-0,HR6-6,addNote> null
<823,doctor6-0,HRitem6-9-1,read> null
<824,agent6-11,noteItem6-5,read> null
<825,doctor1-0,HR1-3,addItem> null
<826,patient0-6,HR0-6,addNote> null
<827,nurse4-2,nursingItem4-8,read> null
<828,nurse4-2,HR4-4,addItem> null
<829,nurse8-3,nursingItem8-3,read> null
<830,nurse4-2,HR4-3,addItem> null
<831,nurse4-2,HR4-6,addItem> null
<832,nurse4-2,HR4-8,addItem> null
<833,nurse4-2,HR4-7,addItem> null
<834,doctor4-1,HR2-6,addItem> null
<835,nurse7-1,HR7-1,addItem> null
<836,doctor6-0,HR0-5,addItem> null
<837,nurse4-2,HR4-9,addItem> null
<838,nurse7-1,HR7-0,addItem> null
<839,doctor4-1,HR2-3,addItem> null
<840,doctor6-1,HR6-7,addItem> null
<841,nurse5-0,nursingItem5-6,read> null
<842,doctor6-1,HR6-6,addItem> null
<843,nurse7-1,HR7-2,addItem> null
<844,doctor6-1,HR6-5,addItem> null
<845,nurse7-1,HR7-5,addItem> null
<846,nurse7-1,HR7-4,addItem> null
<847,doctor6-1,HR6-3,addItem> null
<848,nurse4-2,HR4-0,addItem> null
<849,doctor7-0,HR1-5,addItem> null
<850,nurse7-1,HR7-7,addItem> null
<851,doctor6-1,HR6-2,addItem> null
<852,nurse4-0,nursingItem4-2,read> null
<853,nurse7-1,HR7-6,addItem> null
<854,doctor6-1,HR6-1,addItem> null
<855,nurse4-2,HR4-2,addItem> null
<856,nurse4-2,HR4-1,addItem> null
<857,nurse7-1,HR7-8,addItem> null
<858,doctor9-1,HR8-1,addItem> null
<859,doctor6-0,HR6-9,addItem> null
<860,doctor9-1,HR8-6,addItem> null
<861,doctor9-1,HR8-5,addItem> null
<862,patient3-5,noteItem3-5,read> null
<863,doctor9-1,HR8-0,addItem> null
<864,doctor9-0,HR0-5,addItem> null
<865,patient0-5,HR0-5,addNote> null
<866,nurse4-3,HR4-7,addItem> null
<867,nurse4-3,HR4-5,addItem> null
<868,nurse4-3,HR4-4,addItem> null
<869,doctor3-1,HR1-0,addItem> null
<870,nurse7-2,HR7-2,addItem> null
<871,nurse7-2,HR7-1,addItem> null
<872,nurse4-3,HR4-9,addItem> null
<873,agent7-01,noteItem7-8agent7-0,read> null
<874,nurse7-2,HR7-0,addItem> null
<875,nurse4-3,HR4-8,addItem> null
<876,doctor6-0,HR6-4,addItem> null
<877,nurse7-2,HR7-6,addItem> null
<878,nurse7-2,HR7-5,addItem> null
<879,nurse7-2,HR7-4,addItem> null
<880,nurse7-2,HR7-3,addItem> null
<881,nurse4-3,HR4-3,addItem> null
<882,nurse4-3,HR4-2,addItem> null
<883,nurse7-2,HR7-9,addItem> null
<884,nurse4-3,HR4-1,addItem> null
<885,nurse7-2,HR7-8,addItem> null
<886,patient1-4,HR1-4,addNote> null
<887,nurse4-3,HR4-0,addItem> null
<888,nurse7-2,HR7-7,addItem> null
<889,doctor1-1,HR7-4,addItem> null
<890,nurse5-3,HR5-1,addItem> null
<891,nurse6-0,HR6-6,addItem> null
<892,doctor1-1,HR7-5,addItem> null
<893,nurse5-3,HR5-0,addItem> null
<894,nurse6-0,HR6-5,addItem> null
<895,nurse6-0,HR6-8,addItem> null
<896,nurse5-3,HR5-3,addItem> null
<897,nurse6-0,HR6-7,addItem> null
<898,nurse5-3,HR5-2,addItem> null
<899,doctor1-1,HR7-8,addItem> null
<900,nurse6-0,HR6-2,addItem> null
<901,doctor1-1,HR7-9,addItem> null
<902,nurse6-0,HR6-1,addItem> null
<903,doctor6-1,HRitem6-3-0,read> null
<904,nurse6-0,HR6-4,addItem> null
<905,patient9-8,noteItem9-8,read> null
<906,nurse6-0,HR6-3,addItem> null
<907,nurse4-0,HR4-7,addItem> null
<908,nurse5-3,HR5-9,addItem> null
<909,nurse7-1,nursingItem7-3,read> null
<910,nurse4-0,HR4-8,addItem> null
<911,nurse2-2,nursingItem2-8,read> null
<912,nurse8-3,nursingItem8-2,read> null
<913,nurse4-0,HR4-5,addItem> null
<914,nurse6-0,HR6-0,addItem> null
<915,nurse4-0,HR4-6,addItem> null
<916,nurse4-0,HR4-3,addItem> null
<917,nurse5-3,HR5-5,addItem> null
<918,nurse4-0,HR4-4,addItem> null
<919,nurse5-3,HR5-4,addItem> null
<0,nurse4-0,HR4-1,addItem> null
<1,patient0-0,HR0-0,addNote> null
<2,nurse5-3,HR5-7,addItem> null
<3,nurse4-0,HR4-2,addItem> null
<4,nurse5-3,HR5-6,addItem> null
<5,nurse2-1,nursingItem2-9,read> null
<6,agent4-0,noteItem4-2agent4-0,read> null
<7,nurse2-1,nursingItem2-7,read> null
<8,nurse2-1,nursingItem2-8,read> null
<9,nurse2-1,nursingItem2-5,read> null
<10,nurse2-1,nursingItem2-6,read> null
<11,doctor4-0,HR5-1,addItem> null
<12,nurse4-0,nursingItem4-3,read> null
<13,nurse4-0,HR4-9,addItem> null
<14,nurse2-1,nursingItem2-4,read> null
<15,nurse2-1,nursingItem2-1,read> null
<16,patient4-7,HR4-7,addNote> null
<17,agent6-1,noteItem6-5agent6-1,read> null
<18,nurse2-1,nursingItem2-0,read> null
<19,nurse6-0,HR6-9,addItem> null
<20,doctor8-1,HRitem8-7-0,read> null
<21,nurse6-1,HR6-9,addItem> null
<22,nurse6-1,HR6-8,addItem> null
<23,nurse6-1,HR6-7,addItem> null
<24,nurse4-1,HR4-0,addItem> null
<25,nurse5-2,nursingItem5-9,read> null
<26,nurse6-1,HR6-6,addItem> null
<27,nurse4-1,HR4-1,addItem> null
<28,nurse6-1,HR6-5,addItem> null
<29,nurse4-3,nursingItem4-5,read> null
<30,nurse6-1,HR6-4,addItem> null
<31,nurse6-1,HR6-3,addItem> null
<32,nurse6-1,HR6-2,addItem> null
<33,doctor1-1,HR1-8,addItem> null
<34,agent9-11,noteItem9-1,read> null
<35,nurse6-1,HR6-1,addItem> null
<36,nurse4-1,HR4-6,addItem> null
<37,patient8-7,noteItem8-7,read> null
<38,doctor1-1,HR1-9,addItem> null
<39,nurse4-1,HR4-7,addItem> null
<40,nurse6-1,HR6-0,addItem> null
<41,doctor1-1,HR3-0,addItem> null
<42,nurse4-1,HR4-8,addItem> null
<43,doctor4-1,HR9-1,addItem> null
<44,doctor1-1,HR3-1,addItem> null
<45,nurse4-1,HR4-9,addItem> null
<46,nurse5-2,nursingItem5-0,read> null
<47,doctor2-0,HR3-9,addItem> null
<48,nurse4-1,HR4-2,addItem> null
<49,nurse4-1,HR4-3,addItem> null
<50,nurse0-1,HR0-1,addItem> null
<51,nurse2-0,nursingItem2-7,read> null
<52,agent8-0,noteItem8-7,read> null
<53,doctor1-1,HR3-4,addItem> null
<54,nurse4-1,HR4-4,addItem> null
<55,doctor1-1,HR3-5,addItem> null
<56,nurse4-1,HR4-5,addItem> null
<57,doctor1-1,HR3-7,addItem> null
<58,nurse2-0,nursingItem2-6,read> null
<59,doctor1-1,HR3-6,addItem> null
<60,doctor1-1,HR3-9,addItem> null
<61,doctor1-1,HR1-5,addItem> null
<62,nurse2-0,nursingItem2-2,read> null
<63,agent7-11,noteItem7-6,read> null
<64,nurse2-0,nursingItem2-3,read> null
<65,doctor1-1,HR1-6,addItem> null
<66,nurse2-0,nursingItem2-5,read> null
<67,doctor5-1,HRitem8-3-2,read> null
<68,nurse5-1,HR5-6,addItem> null
<69,agent7-11,HR7-6,addNote> null
<70,nurse2-0,nursingItem2-1,read> null
<71,nurse6-2,HR6-4,addItem> null
<72,nurse6-2,HR6-3,addItem> null
<73,nurse6-2,HR6-6,addItem> null
<74,agent3-01,noteItem3-0,read> null
<75,nurse6-2,HR6-5,addItem> null
<76,nurse6-2,HR6-8,addItem> null
<77,nurse1-1,HR1-1,addItem> null
<78,nurse6-2,HR6-7,addItem> null
<79,nurse5-1,HR5-1,addItem> null
<80,nurse5-1,HR5-0,addItem> null
<81,nurse6-2,HR6-9,addItem> null
<82,agent3-1,HR3-8,addNote> null
<83,patient6-3,HR6-3,addNote> null
<84,nurse5-1,HR5-3,addItem> null
<85,nurse5-1,HR5-2,addItem> null
<86,nurse5-1,HR5-5,addItem> null
<87,nurse5-1,HR5-4,addItem> null
<88,nurse6-2,HR6-0,addItem> null
<89,patient0-4,noteItem0-4,read> null
<90,nurse5-1,HR5-7,addItem> null
<91,nurse6-2,HR6-2,addItem> null
<92,nurse6-2,HR6-1,addItem> null
<93,nurse5-1,HR5-8,addItem> null
<94,agent1-01,noteItem1-7agent1-0,read> null
<95,doctor1-1,HRitem7-9-2,read> null
<96,agent5-11,noteItem5-5,read> null
<97,nurse6-3,HR6-7,addItem> null
<98,patient0-9,noteItem0-9,read> null
<99,nurse6-3,HR6-6,addItem> null
<100,nurse6-3,HR6-5,addItem> null
<101,nurse6-3,HR6-4,addItem> null
<102,nurse5-2,HR5-2,addItem> null
<103,nurse5-2,HR5-1,addItem> null
<104,patient9-5,HR9-5,addNote> null
<105,nurse5-2,HR5-0,addItem> null
<106,nurse6-3,HR6-9,addItem> null
<107,nurse2-2,nursingItem2-5,read> null
<108,nurse6-3,HR6-8,addItem> null
<109,doctor4-1,HR2-2,addItem> null
<110,nurse5-2,HR5-6,addItem> null
<111,nurse5-2,HR5-4,addItem> null
<112,nurse5-2,HR5-3,addItem> null
<113,nurse6-3,HR6-3,addItem> null
<114,nurse6-3,HR6-2,addItem> null
<115,nurse5-2,HR5-9,addItem> null
<116,nurse6-3,HR6-1,addItem> null
<117,nurse5-2,HR5-8,addItem> null
<118,nurse5-2,HR5-7,addItem> null
<119,patient0-4,noteItem0-4agent0-1,read> null
<120,patient7-0,HR7-0,addNote> null
<121,doctor3-0,HRitem3-7-0,read> null
<122,nurse2-3,nursingItem2-3,read> null
<123,doctor4-1,HR4-3,addItem> null
<124,doctor4-1,HR4-2,addItem> null
<125,doctor4-1,HR4-1,addItem> null
<126,agent3-0,HR3-0,addNote> null
<127,doctor2-1,HRitem2-6-2,read> null
<128,doctor7-0,HRitem7-1-3,read> null
<129,doctor4-1,HR4-9,addItem> null
<130,agent9-1,HR9-1,addNote> null
<131,nurse4-1,nursingItem4-8,read> null
<132,patient1-2,noteItem1-2,read> null
<133,nurse5-0,nursingItem5-3,read> null
<134,doctor4-0,HR4-0,addItem> null
<135,doctor2-0,HRitem3-6-1,read> null
<136,doctor4-0,HR4-7,addItem> null
<137,doctor4-0,HR4-8,addItem> null
<138,patient5-2,HR5-2,addNote> null
<139,nurse3-3,nursingItem3-7,read> null
<140,doctor1-0,HR1-7,addItem> null
<141,nurse2-3,nursingItem2-4,read> null
<142,nurse2-3,nursingItem2-2,read> null
<143,nurse2-3,nursingItem2-1,read> null
<144,nurse2-3,nursingItem2-6,read> null
<145,doctor7-0,HRitem9-7-0,read> null
<146,doctor1-0,HR1-4,addItem> null
<147,nurse2-3,nursingItem2-5,read> null
<148,doctor1-0,HR1-2,addItem> null
<149,doctor1-0,HR1-0,addItem> null
<150,nurse2-3,nursingItem2-9,read> null
<151,doctor2-0,HRitem3-0-1,read> null
<152,doctor9-1,HRitem3-2-3,read> null
<153,doctor7-1,HRitem7-5-2,read> null
<0,nurse2-2,nursingItem2-1,read> null
<1,nurse2-2,nursingItem2-0,read> null
<2,nurse2-2,nursingItem2-3,read> null
<3,nurse9-0,nursingItem9-4,read> null
<4,doctor1-1,HRitem3-7-0,read> null
<5,doctor7-0,HRitem7-3-3,read> null
<6,nurse2-2,nursingItem2-4,read> null
<7,agent5-01,noteItem5-2agent5-0,read> null
<8,agent7-1,HR7-6,addNote> null
<9,nurse2-2,nursingItem2-6,read> null
<10,nurse2-2,nursingItem2-9,read> null
<11,nurse4-1,nursingItem4-7,read> null
<12,patient7-7,noteItem7-7,read> null
<13,nurse4-1,nursingItem4-9,read> null
<14,doctor8-1,HRitem6-1-1,read> null
<15,nurse8-1,nursingItem8-9,read> null
<16,doctor8-0,HRitem0-3-0,read> null
<17,patient7-7,HR7-7,addNote> null
<18,nurse4-1,nursingItem4-5,read> null
<19,nurse4-1,nursingItem4-2,read> null
<20,doctor1-1,HRitem3-5-0,read> null
<21,agent8-11,HR8-0,addNote> null
<22,doctor7-1,HRitem7-8-3,read> null
<23,nurse0-1,HR0-5,addItem> null
<24,nurse0-1,HR0-4,addItem> null
<25,nurse0-1,HR0-3,addItem> null
<26,nurse0-1,HR0-2,addItem> null
<27,nurse0-1,HR0-9,addItem> null
<28,nurse0-1,HR0-8,addItem> null
<29,nurse0-1,HR0-7,addItem> null
<30,nurse0-1,HR0-6,addItem> null
<31,nurse0-0,HR0-9,addItem> null
<32,nurse4-0,nursingItem4-8,read> null
<33,nurse4-0,nursingItem4-9,read> null
<34,patient2-8,HR2-8,addNote> null
<35,agent2-0,HR2-3,addNote> null
<36,nurse0-2,HR0-9,addItem> null
<37,nurse4-0,nursingItem4-0,read> null
<38,nurse4-0,nursingItem4-1,read> null
<39,doctor2-0,HRitem5-7-3,read> null
<40,patient6-6,HR6-6,addNote> null
<41,patient6-4,HR6-4,addNote> null
<42,nurse0-0,HR0-0,addItem> null
<43,doctor5-0,HRitem2-7-3,read> null
<44,nurse0-0,HR0-2,addItem> null
<45,nurse0-0,HR0-1,addItem> null
<46,nurse0-0,HR0-4,addItem> null
<47,nurse0-0,HR0-3,addItem> null
<48,nurse0-0,HR0-6,addItem> null
<49,nurse8-2,nursingItem8-0,read> null
<50,nurse0-0,HR0-8,addItem> null
<51,patient8-0,noteItem8-0,read> null
<52,nurse0-0,HR0-7,addItem> null
<53,nurse4-3,nursingItem4-6,read> null
<54,doctor5-0,HRitem5-4-3,read> null
<55,nurse4-3,nursingItem4-8,read> null
<56,patient2-9,HR2-9,addNote> null
<57,doctor2-0,HR3-6,addItem> null
<58,nurse4-3,nursingItem4-0,read> null
<59,nurse9-2,nursingItem9-1,read> null
<60,nurse4-3,nursingItem4-1,read> null
<61,nurse4-3,nursingItem4-2,read> null
<62,nurse3-3,nursingItem3-5,read> null
<63,nurse4-3,nursingItem4-3,read> null
<64,patient6-5,HR6-5,addNote> null
<65,doctor2-0,HR3-0,addItem> null
<66,nurse9-3,nursingItem9-0,read> null
<67,nurse9-3,nursingItem9-1,read> null
<68,doctor2-0,HR3-5,addItem> null
<69,agent2-1,noteItem2-1agent2-1,read> null
<70,patient8-3,noteItem8-3,read> null
<71,nurse9-3,nursingItem9-6,read> null
<72,nurse9-3,nursingItem9-7,read> null
<73,doctor5-0,HRitem7-8-0,read> null
<74,nurse8-0,nursingItem8-7,read> null
<75,nurse9-3,nursingItem9-9,read> null
<76,patient7-8,HR7-8,addNote> null
<77,nurse4-2,nursingItem4-6,read> null
<78,nurse4-2,nursingItem4-7,read> null
<79,doctor5-1,HRitem5-4-2,read> null
<80,patient7-0,noteItem7-0,read> null
<81,doctor2-1,HR3-9,addItem> null
<82,agent6-11,noteItem6-5agent6-1,read> null
<83,doctor2-1,HR3-7,addItem> null
<84,nurse4-2,nursingItem4-0,read> null
<85,doctor2-1,HR3-1,addItem> null
<86,nurse3-0,nursingItem3-2,read> null
<87,nurse3-0,nursingItem3-3,read> null
<88,doctor2-1,HR3-0,addItem> null
<89,nurse3-0,nursingItem3-5,read> null
<90,doctor2-1,HR3-5,addItem> null
<91,nurse3-0,nursingItem3-6,read> null
<92,patient9-8,HR9-8,addNote> null
<93,doctor2-1,HR3-6,addItem> null
<94,nurse3-0,nursingItem3-8,read> null
<95,doctor2-1,HR3-4,addItem> null
<96,patient8-2,noteItem8-2,read> null
<97,doctor8-1,HRitem8-4-1,read> null
<98,agent2-0,noteItem2-3,read> null
<99,patient7-1,noteItem7-1,read> null
<100,patient7-3,HR7-3,addNote> null
<101,patient4-1,HR4-1,addNote> null
<102,nurse3-1,nursingItem3-2,read> null
<103,nurse9-1,nursingItem9-8,read> null
<104,nurse3-1,nursingItem3-1,read> null
<105,nurse9-1,nursingItem9-4,read> null
<106,doctor1-1,HRitem3-9-0,read> null
<107,nurse9-1,nursingItem9-6,read> null
<108,nurse9-1,nursingItem9-0,read> null
<109,nurse3-1,nursingItem3-9,read> null
<110,nurse9-1,nursingItem9-1,read> null
<111,nurse9-0,nursingItem9-5,read> null
<112,nurse3-1,nursingItem3-8,read> null
<113,nurse9-1,nursingItem9-2,read> null
<114,patient6-2,HR6-2,addNote> null
<115,doctor7-0,HRitem7-2-1,read> null
<116,nurse3-1,nursingItem3-7,read> null
<117,nurse3-1,nursingItem3-6,read> null
<118,patient6-7,HR6-7,addNote> null
<119,agent1-1,HR1-3,addNote> null
<120,nurse3-1,nursingItem3-5,read> null
<121,nurse3-1,nursingItem3-3,read> null
<122,doctor1-1,HRitem7-5-0,read> null
<123,doctor1-0,HR0-5,addItem> null
<124,nurse3-2,nursingItem3-1,read> null
<125,nurse9-2,nursingItem9-8,read> null
<126,nurse3-2,nursingItem3-3,read> null
<127,nurse8-2,nursingItem8-5,read> null
<128,nurse9-2,nursingItem9-9,read> null
<129,nurse3-2,nursingItem3-2,read> null
<130,nurse9-2,nursingItem9-6,read> null
<131,nurse9-2,nursingItem9-4,read> null
<132,nurse9-2,nursingItem9-5,read> null
<133,nurse9-2,nursingItem9-2,read> null
<134,nurse3-2,nursingItem3-8,read> null
<135,nurse9-2,nursingItem9-0,read> null
<136,doctor5-1,HRitem8-9-2,read> null
<137,nurse3-2,nursingItem3-4,read> null
<138,patient6-8,HR6-8,addNote> null
<139,nurse3-2,nursingItem3-6,read> null
<140,patient7-3,noteItem7-3,read> null
<141,agent3-11,HR3-8,addNote> null
<142,doctor5-1,HR8-3,addItem> null
<143,nurse5-2,nursingItem5-8,read> null
<144,agent0-0,HR0-2,addNote> null
<145,patient7-5,HR7-5,addNote> null
<146,patient4-3,HR4-3,addNote> null
<147,nurse3-3,nursingItem3-0,read> null
<148,nurse0-3,HR0-8,addItem> null
<149,nurse0-3,HR0-6,addItem> null
<150,nurse0-3,HR0-7,addItem> null
<151,nurse3-3,nursingItem3-3,read> null
<152,nurse0-3,HR0-4,addItem> null
<0,doctor9-0,HR9-9,addItem> 1.345602904303336E-4
<1,nurse3-3,nursingItem3-2,read> 3.6739503807987163E-4
<2,doctor0-1,HR8-0,addItem> 1.0369174136581216E-4
<3,doctor4-1,HR9-2,addItem> 6.699540839091727E-4
<4,nurse8-1,nursingItem8-8,read> 5.300924283655117E-4
<5,nurse0-3,HR0-5,addItem> 7.487782572964107E-5
<6,nurse3-3,nursingItem3-1,read> 3.681495072262665E-4
<7,agent1-0,HR1-7,addNote> 5.716092762161444E-4
<8,nurse0-3,HR0-2,addItem> 7.381179113524014E-5
<9,nurse3-3,nursingItem3-8,read> 6.685462199152712E-4
<10,patient6-9,HR6-9,addNote> 2.538911746892936E-4
<11,nurse0-3,HR0-3,addItem> 7.594386032404202E-5
<12,doctor4-0,HRitem4-8-2,read> 2.950417340853595E-4
<13,nurse0-3,HR0-0,addItem> 7.43448084324406E-5
<14,nurse3-3,nursingItem3-6,read> 3.6437716149429215E-4
<15,nurse0-3,HR0-1,addItem> 7.327877383803967E-5
<16,doctor6-1,HRitem6-1-0,read> 3.591880772095344E-4
<17,patient7-4,noteItem7-4,read> 9.480297642012368E-4
<18,doctor4-1,HR2-8,addItem> 2.8831178365986814E-4
<19,doctor0-1,HRitem5-9-1,read> 7.618950460288033E-5
<20,doctor4-1,HR2-5,addItem> 2.876067930528547E-4
<21,patient7-4,HR7-4,addNote> 8.929081900547118E-4
<22,agent5-0,noteItem5-2,read> 0.0015613996665004065
<23,doctor4-1,HR2-0,addItem> 2.9254172730194876E-4
<24,nurse0-2,HR0-7,addItem> 7.783536736428269E-5
<25,doctor4-1,HRitem4-4-0,read> 3.1466296845275414E-4
<26,nurse0-2,HR0-8,addItem> 7.73058000172259E-5
<27,nurse9-0,nursingItem9-2,read> 4.854489491945203E-4
<28,nurse0-2,HR0-3,addItem> 7.545231430252718E-5
<29,nurse9-0,nursingItem9-8,read> 4.885022872750205E-4
<30,nurse0-2,HR0-4,addItem> 7.598188164958395E-5
<31,nurse0-2,HR0-5,addItem> 7.439317960841362E-5
<32,nurse9-0,nursingItem9-6,read> 4.907922908353957E-4
<33,nurse0-2,HR0-6,addItem> 7.492274695547039E-5
<34,nurse9-0,nursingItem9-7,read> 4.877389527548955E-4
<35,nurse5-1,nursingItem5-0,read> 5.24688242365251E-4
<36,nurse0-2,HR0-0,addItem> 7.386361226135683E-5
<37,nurse0-2,HR0-1,addItem> 7.280447756724328E-5
<38,nurse0-2,HR0-2,addItem> 7.333404491430008E-5
<39,nurse9-0,nursingItem9-0,read> 5.075856502781465E-4
<40,nurse8-0,nursingItem8-4,read> 5.337045690440789E-4
<41,patient8-0,HR8-0,addNote> 7.19116951566209E-4
<42,nurse9-0,nursingItem9-1,read> 4.8315894563414523E-4
<43,agent9-01,noteItem9-0agent9-0,read> 5.169668864590449E-4
<44,agent6-11,HR6-5,addNote> 1.3035263601961894E-4
<45,doctor7-1,HR7-9,addItem> 2.806559936453318E-4
<46,doctor7-1,HR7-8,addItem> 2.814889037291067E-4
<47,patient9-6,HR9-6,addNote> 9.196453036683278E-4
<48,patient3-2,HR3-2,addNote> 0.0010052040672318982
<49,doctor7-1,HR7-5,addItem> 2.7732435331023205E-4
<50,patient7-5,noteItem7-5,read> 0.001002215795020074
<51,nurse1-3,HR1-0,addItem> 1.1199502712512277E-4
<52,nurse1-3,HR1-2,addItem> 1.1094579099708415E-4
<53,nurse1-3,HR1-3,addItem> 1.1120810002909381E-4
<54,nurse1-3,HR1-4,addItem> 1.1147040906110346E-4
<55,doctor0-1,HRitem8-0-3,read> 2.4523398530658836E-4
<56,nurse1-3,HR1-6,addItem> 1.0491268326086206E-4
<57,nurse1-3,HR1-7,addItem> 1.046503742288524E-4
<58,patient4-5,HR4-5,addNote> 7.538751992639095E-4
<59,agent1-11,noteItem1-3agent1-1,read> 9.566947296528404E-4
<60,nurse1-3,HR1-8,addItem> 1.0622422842091032E-4
<61,nurse5-0,nursingItem5-2,read> 5.209107784056859E-4
<62,nurse1-3,HR1-9,addItem> 1.0543730132488139E-4
<63,agent2-01,HR2-3,addNote> 8.032729150895813E-4
<64,doctor9-0,HRitem8-3-2,read> 1.2163010600984166E-5
<65,doctor0-0,HRitem2-9-1,read> 2.5881791679170776E-4
<66,doctor4-1,HRitem4-6-1,read> 3.788093115769291E-4
<67,nurse1-2,HR1-1,addItem> 1.1304510693718247E-4
<68,nurse1-2,HR1-2,addItem> 1.1172435795144964E-4
<69,nurse1-2,HR1-0,addItem> 1.127809571400359E-4
<70,nurse1-2,HR1-9,addItem> 1.0617721221137176E-4
<71,nurse1-2,HR1-7,addItem> 1.0538476281993206E-4
<72,nurse1-2,HR1-5,addItem> 1.1251680734288932E-4
<73,nurse1-2,HR1-6,addItem> 1.0564891261707863E-4
<74,nurse1-2,HR1-3,addItem> 1.119885077485962E-4
<75,nurse1-2,HR1-4,addItem> 1.1225265754574277E-4
<76,patient9-4,HR9-4,addNote> 9.677721081728361E-4
<77,doctor2-1,HRitem2-9-2,read> 2.5655392821085455E-4
<78,nurse1-1,HR1-0,addItem> 1.143528171698622E-4
<79,doctor6-1,HRitem8-8-0,read> 2.407060081448819E-4
<80,doctor6-1,HR8-5,addItem> 1.664444225267664E-4
<81,doctor6-1,HR8-0,addItem> 1.6769139182304935E-4
<82,doctor6-1,HR8-1,addItem> 1.7080881506375666E-4
<83,agent5-1,noteItem5-5agent5-1,read> 0.0010829929162883714
<84,nurse1-1,HR1-6,addItem> 1.071213713295118E-4
<85,nurse1-1,HR1-7,addItem> 1.068535400020914E-4
<86,nurse1-1,HR1-9,addItem> 1.0765703398435258E-4
<87,nurse1-1,HR1-2,addItem> 1.1328149186018067E-4
<88,doctor2-0,HR5-7,addItem> 1.6729972981224678E-4
<89,doctor7-0,HR7-7,addItem> 2.539645295319976E-4
<90,patient1-8,HR1-8,addNote> 0.001082741696711384
<91,nurse1-1,HR1-3,addItem> 1.1354932318760105E-4
<92,nurse1-1,HR1-4,addItem> 1.1381715451502142E-4
<93,agent4-01,noteItem4-2agent4-0,read> 0.0013178987246213359
<94,nurse1-1,HR1-5,addItem> 1.1408498584244181E-4
<95,doctor7-0,HR7-3,addItem> 2.509317400264532E-4
<96,doctor7-0,HR7-6,addItem> 2.5472272690838367E-4
<97,doctor0-0,HRitem2-0-0,read> 2.3844201956402865E-4
<98,agent3-01,noteItem3-0agent3-0,read> 0.0013297773860903954
<99,doctor7-0,HR7-1,addItem> 2.494153452736809E-4
<100,doctor6-1,HR8-6,addItem> 1.6519745323048346E-4
<101,agent1-0,noteItem1-7agent1-0,read> 4.1664654973410124E-4
<102,doctor3-1,HRitem5-5-0,read> 3.1257807283059576E-5
<103,nurse1-0,HR1-4,addItem> 1.169461484535787E-4
<104,agent8-01,noteItem8-7,read> 6.989311800378852E-4
<105,nurse1-0,HR1-3,addItem> 1.1667095406561067E-4
<106,doctor8-0,HRitem0-8-3,read> 1.7957831646184458E-4
<107,nurse1-0,HR1-2,addItem> 1.1639575967764265E-4
<108,nurse1-0,HR1-1,addItem> 1.1777173161748276E-4
<109,nurse1-0,HR1-8,addItem> 1.1144226069421819E-4
<110,nurse1-0,HR1-7,addItem> 1.0979109436641005E-4
<111,patient2-0,HR2-0,addNote> 0.0011094788103250001
<112,nurse1-0,HR1-6,addItem> 1.1006628875437807E-4
<113,nurse1-0,HR1-5,addItem> 1.172213428415467E-4
<114,doctor8-1,HR8-3,addItem> 2.3401565773291575E-4
<115,doctor8-1,HR8-2,addItem> 2.4202506702943134E-4
<116,doctor5-1,HR5-6,addItem> 1.263745466665557E-4
<117,nurse1-0,HR1-0,addItem> 1.1749653722951475E-4
<118,doctor8-1,HR8-4,addItem> 2.3223578900035676E-4
<119,doctor5-1,HR5-4,addItem> 1.233732380266463E-4
<120,doctor8-1,HR8-7,addItem> 2.2956598590151824E-4
<121,doctor8-1,HR8-9,addItem> 2.3045592026779772E-4
<122,doctor8-1,HR6-3,addItem> 5.560620144730848E-5
<123,doctor5-1,HR5-9,addItem> 1.2437367423994946E-4
<124,agent0-1,noteItem0-4,read> 5.945601938215742E-4
<125,doctor8-1,HR6-5,addItem> 5.3160853147289434E-5
<126,doctor8-1,HR6-6,addItem> 5.438352729729896E-5
<127,doctor8-1,HR6-7,addItem> 5.0715504847270364E-5
<128,doctor8-1,HR6-8,addItem> 5.1938178997279906E-5
<129,nurse1-0,HR1-9,addItem> 1.1061667753031413E-4
<130,doctor8-1,HR6-0,addItem> 4.7658819472246534E-5
<131,doctor8-1,HR6-1,addItem> 5.682887559731802E-5
<132,doctor8-0,HR8-1,addItem> 1.726892790828072E-4
<133,doctor8-0,HR8-0,addItem> 1.695375355862389E-4
<134,doctor8-0,HR8-6,addItem> 1.6701614078898418E-4
<135,doctor8-0,HR8-5,addItem> 1.6827683818761152E-4
<136,doctor7-0,HRitem1-1-0,read> 4.0295852310603025E-4
<137,doctor8-0,HR0-3,addItem> 5.333274333435959E-4
<138,doctor8-0,HR0-6,addItem> 5.295842374376897E-4
<139,doctor8-0,HR0-0,addItem> 5.220978456258772E-4
<140,nurse5-3,nursingItem5-2,read> 5.300229203019952E-4
<141,doctor8-0,HR0-2,addItem> 5.183546497199711E-4
<142,doctor8-0,HR0-7,addItem> 5.501718149201739E-4
<143,patient8-6,noteItem8-6,read> 0.001408611026161352
<144,doctor8-1,HR0-5,addItem> 8.618556489836286E-5
<145,doctor9-0,HRitem8-7-3,read> 1.148775744946124E-4
<146,doctor6-1,HR3-6,addItem> 1.5450713959076198E-4
<147,doctor0-0,HRitem2-6-1,read> 4.5427559760537016E-4
<148,doctor9-0,HR9-3,addItem> 1.3880195212270474E-4
<149,doctor9-0,HR9-5,addItem> 1.4072998016469157E-4
<150,patient6-0,HR6-0,addNote> 2.084380815461467E-4
<151,agent6-0,noteItem6-6,read> 0.0016361273964121783
<152,nurse7-0,nursingItem7-1,read> 1.1551996501305352E-4

