<0,agent3-01,noteItem3-2agent3-0,read> 0.0012602241822902733
<1,nurse9-1,nursingItem9-9,read> 6.701704120914542E-4
<2,nurse8-2,nursingItem8-7,read> 6.118488638495648E-4
<3,nurse4-3,nursingItem4-7,read> 7.423965280467645E-4
<4,patient0-5,HR0-5,addNote> 0.0010616645860391037
<5,nurse9-2,nursingItem9-3,read> 0.001142814033824598
<6,patient1-5,noteItem1-5,read> 0.001511481862423244
<7,agent8-1,HR8-7,addNote> 6.594688131385302E-4
<8,nurse2-3,HR2-0,addItem> 1.5391325383191625E-4
<9,patient4-4,HR4-4,addNote> 0.001088021856684082
<10,nurse2-3,HR2-1,addItem> 1.542841663825705E-4
<11,doctor0-0,HR9-8,addItem> 2.8900855150336315E-4
<12,patient3-0,noteItem3-0,read> 0.0041897497024183964
<13,agent7-11,noteItem7-3agent7-1,read> 0.0013254374350681454
<14,patient7-9,noteItem7-9,read> 0.0015038077425378704
<15,patient0-3,noteItem0-3,read> 0.0017417054589844317
<16,nurse2-3,HR2-2,addItem> 1.550259914838791E-4
<17,nurse8-0,nursingItem8-5,read> 7.53126403205891E-4
<18,nurse2-3,HR2-3,addItem> 1.5539690403453338E-4
<19,patient1-2,noteItem1-2,read> 0.0014193924237987687
<20,patient4-0,HR4-0,addNote> 0.0011068484785733525
<21,patient2-7,noteItem2-7,read> 0.0015421783419647351
<22,nurse7-3,HR7-1,addItem> 1.2837391814155477E-4
<23,patient9-8,noteItem9-8,read> 0.0027623634037390317
<24,nurse8-0,nursingItem8-6,read> 7.473681892278914E-4
<25,doctor8-0,HRitem0-0-3,read> 2.443591949618735E-4
<26,nurse2-3,HR2-7,addItem> 1.5205869107864483E-4
<27,nurse1-0,nursingItem1-3,read> 8.060027550022495E-4
<28,nurse5-1,nursingItem5-7,read> 0.001296917948424634
<29,patient8-2,noteItem8-2,read> 0.0020640184941700945
<30,nurse2-3,HR2-8,addItem> 1.5168777852799054E-4
<31,nurse3-0,HR3-4,addItem> 1.4138581345192602E-4
<32,nurse9-3,nursingItem9-1,read> 0.0011411471076122612
<33,nurse2-3,HR2-9,addItem> 1.5317142873060767E-4
<34,nurse7-0,HR7-3,addItem> 1.2356935017257688E-4
<35,nurse1-2,nursingItem1-8,read> 0.0013369958629040983
<36,patient3-9,HR3-9,addNote> 0.001460788970091635
<37,nurse2-3,HR2-4,addItem> 1.5613872913584193E-4
<38,nurse0-3,nursingItem0-2,read> 7.587065442829578E-4
<39,nurse2-3,HR2-5,addItem> 1.5131686597733625E-4
<40,agent5-01,HR5-4,addNote> 9.083438170589688E-4
<41,patient6-3,noteItem6-3,read> 0.0043278838603551095
<42,agent8-1,noteItem8-7,read> 0.0010574373667955634
<43,patient3-6,noteItem3-6,read> 0.004113008503564668
<44,patient6-6,noteItem6-6,read> 0.004373928579667347
<45,doctor5-1,HR5-5,addItem> 2.623809511012331E-4
<46,nurse8-2,nursingItem8-4,read> 0.0011183462000028883
<47,patient5-1,noteItem5-1,read> 0.004412299179094212
<48,nurse4-3,HR4-5,addItem> 1.0521535252404225E-4
<49,nurse2-3,HR2-6,addItem> 1.50945953426682E-4
<50,patient1-6,noteItem1-6,read> 0.001488459502767125
<51,patient4-2,noteItem4-2,read> 0.0042971873808136185
<52,agent8-0,HR8-2,addNote> 6.824992621434028E-4
<53,patient0-2,noteItem0-2,read> 0.0017263572192136858
<54,patient4-4,noteItem4-4,read> 0.0042434685416160075
<55,patient3-1,noteItem3-1,read> 0.004182075582533024
<56,nurse2-2,HR2-1,addItem> 1.563620676133122E-4
<57,patient4-1,noteItem4-1,read> 0.00419742382230377
<58,nurse2-2,HR2-2,addItem> 1.571138836250761E-4
<59,doctor6-0,HR5-8,addItem> 3.6015477540959423E-4
<60,nurse2-2,HR2-0,addItem> 1.5598615960743024E-4
<61,nurse4-0,nursingItem4-8,read> 7.600748980354977E-4
<62,agent4-0,noteItem4-6,read> 0.0021724936661376964
<63,nurse2-2,HR2-9,addItem> 1.5523434359566635E-4
<64,nurse2-2,HR2-7,addItem> 1.541066195780205E-4
<65,agent9-0,noteItem9-2agent9-0,read> 0.004143612858162342
<66,nurse1-0,nursingItem1-6,read> 7.920312643882875E-4
<67,nurse8-1,nursingItem8-0,read> 0.001274297662192064
<68,nurse2-2,HR2-8,addItem> 1.5373071157213854E-4
<69,nurse8-2,nursingItem8-3,read> 0.0011234844123952186
<70,agent1-1,noteItem1-8,read> 7.084578556929135E-4
<71,agent0-0,noteItem0-5agent0-0,read> 9.899731186198296E-4
<72,patient5-0,noteItem5-0,read> 0.004442995658635704
<73,nurse2-2,HR2-5,addItem> 1.5335480356625658E-4
<74,patient5-9,HR5-9,addNote> 0.0014005437800459696
<75,nurse2-2,HR2-6,addItem> 1.5297889556037468E-4
<76,nurse2-2,HR2-3,addItem> 1.5748979163095807E-4
<77,patient4-0,noteItem4-0,read> 0.004205097942189142
<78,doctor5-1,HR7-9,addItem> 1.802971080219426E-4
<79,nurse2-2,HR2-4,addItem> 1.5824160764272194E-4
<80,nurse8-0,nursingItem8-2,read> 7.54278046001491E-4
<81,doctor0-0,HR0-2,addItem> 2.80071978667667E-4
<82,patient0-8,noteItem0-8,read> 0.0016726383800160754
<83,patient1-3,noteItem1-3,read> 0.0013810218243719037
<84,nurse6-2,nursingItem6-3,read> 3.020349517092726E-4
<85,patient9-5,HR9-5,addNote> 0.0013704211850231376
<86,nurse6-2,nursingItem6-2,read> 1.7273235354555732E-4
<87,patient5-7,noteItem5-7,read> 0.004320209740469736
<88,nurse6-2,nursingItem6-1,read> 1.7168522637074215E-4
<89,patient0-2,noteItem0-2agent0-1,read> 0.003843737986081268
<90,agent4-0,HR4-6,addNote> 7.220545919116424E-4
<91,agent6-0,noteItem6-4,read> 0.0023390567896118953
<92,nurse6-2,nursingItem6-0,read> 2.965751182864588E-4
<93,doctor1-1,HR1-7,addItem> 5.294024614097931E-4
<94,patient9-4,noteItem9-4agent9-1,read> 0.0035538832774727608
<95,nurse6-2,nursingItem6-7,read> 1.4131853830110132E-4
<96,doctor3-0,HRitem3-0-3,read> 4.081866700086681E-4
<97,doctor8-0,HR8-4,addItem> 2.3239970591601466E-4
<98,nurse7-2,HR7-8,addItem> 1.2523239773703772E-4
<99,nurse6-2,nursingItem6-6,read> 1.434127926507317E-4
<100,nurse6-2,nursingItem6-5,read> 2.365169506355062E-4
<101,nurse6-2,nursingItem6-4,read> 2.419767840583201E-4
<102,nurse6-2,nursingItem6-9,read> 1.4550704700036214E-4
<103,nurse6-2,nursingItem6-8,read> 1.476013013499925E-4
<104,nurse0-1,nursingItem0-2,read> 0.001331879598804574
<105,doctor3-1,HRitem2-8-3,read> 2.8931829440201383E-4
<106,doctor4-1,HR4-9,addItem> 3.6430977942350447E-4
<107,nurse8-1,HR8-5,addItem> 1.118989143331619E-4
<108,patient1-8,noteItem1-8,read> 0.0014577630232256332
<109,nurse4-2,nursingItem4-8,read> 0.0013016661836598826
<110,agent0-01,noteItem0-5,read> 8.783024260126272E-4
<111,nurse8-1,HR8-4,addItem> 1.0939332520799081E-4
<112,agent2-0,HR2-4,addNote> 9.239276538488386E-4
<113,patient2-2,HR2-2,addNote> 0.001573748701427257
<114,doctor5-0,HR4-0,addItem> 2.1305568036287847E-4
<115,agent3-01,HR3-2,addNote> 9.323496653482E-4
<116,nurse1-0,nursingItem1-0,read> 0.001350480129286511
<117,nurse8-1,HR8-3,addItem> 1.1022852158304786E-4
<118,patient5-4,HR5-4,addNote> 0.001389247806912408
<119,nurse8-1,HR8-2,addItem> 1.1398690527080449E-4
<120,nurse8-1,HR8-9,addItem> 1.0855812883293377E-4
<121,patient0-6,HR0-6,addNote> 0.0010691952347948114
<122,doctor8-0,HRitem8-4-0,read> 3.2086810760802636E-4
<123,nurse8-1,HR8-8,addItem> 1.0772293245787675E-4
<124,patient6-8,noteItem6-8,read> 0.0044506697785210774
<125,patient5-8,HR5-8,addNote> 0.0014080744288016782
<126,nurse2-3,nursingItem2-3,read> 5.06024790556545E-4
<127,nurse9-2,nursingItem9-9,read> 6.7658352608276E-4
<128,patient0-1,noteItem0-1,read> 0.0015345042220793624
<129,doctor8-0,HR8-2,addItem> 2.4215849744803754E-4
<130,nurse2-1,HR2-0,addItem> 1.5702261249518726E-4
<131,nurse8-1,HR8-7,addItem> 1.0814053064540527E-4
<132,patient6-4,noteItem6-4,read> 0.004404625059208839
<133,nurse2-1,HR2-1,addItem> 1.5740101822868307E-4
<134,nurse8-1,HR8-6,addItem> 1.1106371795810486E-4
<135,agent3-1,noteItem3-4agent3-1,read> 0.0021811616367358477
<136,nurse0-1,nursingItem0-0,read> 0.001368421594084723
<137,patient7-4,HR7-4,addNote> 0.001257461453687515
<138,nurse2-1,HR2-2,addItem> 1.581578296956746E-4
<139,nurse2-1,HR2-3,addItem> 1.5853623542917044E-4
<140,nurse9-3,HR9-1,addItem> 1.3111961421035417E-4
<141,doctor2-1,HR7-7,addItem> 4.234278199054569E-4
<142,nurse5-3,nursingItem5-0,read> 7.466969533041307E-4
<143,nurse2-1,HR2-4,addItem> 1.5929304689616194E-4
<144,nurse2-1,HR2-5,addItem> 1.5437377236071677E-4
<145,nurse2-1,HR2-6,addItem> 1.5399536662722105E-4
<146,doctor5-1,HRitem5-8-0,read> 2.432965711751214E-4
<147,nurse8-1,HR8-1,addItem> 1.1482210164586152E-4
<148,nurse2-1,HR2-7,addItem> 1.5513058382770836E-4
<149,nurse8-1,HR8-0,addItem> 1.1273411070821894E-4
<150,patient3-8,noteItem3-8,read> 0.0042588167813867525
<151,patient0-7,HR0-7,addNote> 0.0011106138029512065
<152,patient4-2,HR4-2,addNote> 0.0010917871810619364
<153,doctor3-0,HRitem3-9-1,read> 3.697798592769649E-4
<154,agent3-0,HR3-2,addNote> 9.030420137851917E-4
<155,patient5-2,noteItem5-2,read> 0.004427647418864958
<156,nurse8-0,nursingItem8-1,read> 7.57732974388291E-4
<157,nurse2-1,HR2-8,addItem> 1.5475217809421258E-4
<158,nurse2-1,HR2-9,addItem> 1.562658010281957E-4
<159,patient1-4,noteItem1-4,read> 0.0013503253448304124
<160,nurse6-3,nursingItem6-0,read> 1.7159944059984763E-4
<161,nurse2-2,nursingItem2-6,read> 9.021101657753849E-4
<162,nurse2-0,HR2-9,addItem> 1.5729725846072505E-4
<163,nurse6-3,nursingItem6-2,read> 1.737054935655323E-4
<164,nurse6-3,nursingItem6-1,read> 1.7265246708269E-4
<165,patient1-8,noteItem1-8agent1-1,read> 0.003326140292137505
<166,doctor2-1,HR7-4,addItem> 4.22163699034984E-4
<167,nurse6-3,nursingItem6-4,read> 1.400086461145778E-4
<168,nurse6-3,nursingItem6-3,read> 1.7475852004837457E-4
<169,nurse6-3,nursingItem6-6,read> 1.4422075204594708E-4
<170,doctor5-1,HRitem5-2-3,read> 3.314943454755476E-4
<171,patient3-2,noteItem3-2agent3-0,read> 0.002215030575804893
<172,nurse5-2,nursingItem5-7,read> 7.48701059918598E-4
<173,patient5-6,noteItem5-6,read> 0.004366254459781975
<174,doctor2-0,HR1-1,addItem> 4.121911552041677E-4
<175,nurse8-0,HR8-9,addItem> 1.0795669875629701E-4
<176,nurse6-3,nursingItem6-5,read> 1.368495666660508E-4
<177,nurse6-3,nursingItem6-8,read> 1.4843285797731644E-4
<178,agent7-0,noteItem7-9agent7-0,read> 0.0014328304019330426
<179,patient5-9,noteItem5-9,read> 0.00430486150069899
<180,nurse1-3,HR1-9,addItem> 1.4811545036009133E-4
<181,doctor6-1,HRitem6-8-1,read> 2.645490469101639E-4
<182,nurse6-3,nursingItem6-7,read> 1.4211469908026247E-4
<183,patient8-0,HR8-0,addNote> 0.0010164806935048548
<184,nurse6-3,nursingItem6-9,read> 1.463268050116318E-4
<185,nurse8-0,HR8-2,addItem> 1.133553988704122E-4
<186,nurse8-0,HR8-1,addItem> 1.1418596811873761E-4
<187,nurse1-0,HR1-7,addItem> 1.5422864783035543E-4
<188,agent1-1,noteItem1-8agent1-1,read> 0.0021699502773845024
<189,nurse8-0,HR8-4,addItem> 1.0878726800462243E-4
<190,nurse8-0,HR8-3,addItem> 1.0961783725294786E-4
<191,nurse2-3,nursingItem2-9,read> 5.142535328100265E-4
<192,patient0-0,noteItem0-0,read> 0.0015652007016208542
<193,nurse1-1,nursingItem1-9,read> 7.561961462360719E-4
<194,patient9-4,noteItem9-4,read> 0.002700970444656048
<195,nurse7-1,nursingItem7-1,read> 1.6190300695104374E-4
<196,nurse3-3,HR3-1,addItem> 1.442778309613333E-4
<197,nurse8-0,HR8-6,addItem> 1.1044840650127325E-4
<198,patient8-2,noteItem8-2agent8-0,read> 0.003602192395574178
<199,patient3-4,noteItem3-4,read> 0.0041437049831061605
<200,agent4-01,noteItem4-6,read> 0.002024280453726148
<201,nurse3-3,HR3-0,addItem> 1.4504331519767062E-4
<202,nurse0-3,nursingItem0-1,read> 7.784819192011076E-4
<203,nurse2-0,HR2-0,addItem> 1.5805906538294428E-4
<204,nurse8-0,HR8-5,addItem> 1.1127897574959866E-4
<205,nurse3-3,HR3-3,addItem> 1.4274686248865858E-4
<206,nurse8-0,HR8-8,addItem> 1.071261295079716E-4
<207,doctor3-0,HRitem0-6-0,read> 5.015141513558871E-4
<208,patient7-8,noteItem7-8,read> 0.0014500889033402602
<209,doctor4-0,HRitem9-5-3,read> 7.544186126028924E-4
<210,patient0-6,noteItem0-6,read> 0.001687986619786821
<211,doctor4-0,HRitem3-4-0,read> 5.886493018695613E-4
<212,nurse3-3,HR3-2,addItem> 1.4351234672499593E-4
<213,nurse2-2,nursingItem2-4,read> 8.984796394102287E-4
<214,nurse8-0,HR8-7,addItem> 1.0754141413213431E-4
<215,nurse3-3,HR3-5,addItem> 1.46957025788514E-4
<216,agent1-0,noteItem1-7,read> 6.147895609004392E-4
<217,doctor2-0,HR1-4,addItem> 4.0930168356803696E-4
<218,nurse2-0,HR2-3,addItem> 1.5958267922738277E-4
<219,agent6-1,noteItem6-3,read> 0.0024791403822381534
<220,patient2-9,noteItem2-9,read> 0.0014961336226524979
<221,nurse9-2,nursingItem9-2,read> 6.661417508747435E-4
<222,nurse3-3,HR3-4,addItem> 1.465742836703453E-4
<223,patient7-9,noteItem7-9agent7-0,read> 0.001621518553416045
<224,agent3-01,noteItem3-2,read> 0.0021358206802284197
<225,nurse5-3,nursingItem5-6,read> 0.0013073745565757252
<226,nurse1-1,nursingItem1-4,read> 7.81299539713795E-4
<227,patient5-4,noteItem5-4,read> 0.004396950939323465
<228,doctor2-0,HR1-5,addItem> 4.102648407800805E-4
<229,nurse2-0,HR2-4,addItem> 1.6034448614960195E-4
<230,doctor0-0,HR1-8,addItem> 2.4675907590085915E-4
<231,patient0-0,HR0-0,addNote> 0.0010541339372833953
<232,doctor1-1,HRitem3-7-1,read> 7.321035130810979E-4
<233,doctor7-1,HR1-9,addItem> 4.2630912195732655E-4
<234,agent0-1,noteItem0-2agent0-1,read> 0.0025639723031250024
<235,nurse7-0,nursingItem7-0,read> 1.6147971369836898E-4
<236,agent4-1,noteItem4-4agent4-1,read> 0.002842460317422273
<237,nurse1-3,nursingItem1-3,read> 7.682634955707061E-4
<238,nurse1-1,nursingItem1-6,read> 0.0013403739414097374
<239,nurse3-3,HR3-7,addItem> 1.461915415521767E-4
<240,nurse2-0,HR2-1,addItem> 1.5843996884405388E-4
<241,nurse3-3,HR3-6,addItem> 1.454260573158393E-4
<242,nurse5-2,nursingItem5-0,read> 7.424178876691499E-4
<243,nurse2-0,HR2-2,addItem> 1.5920177576627312E-4
<244,nurse9-2,nursingItem9-6,read> 6.724068159995533E-4
<245,doctor6-1,HRitem6-3-1,read> 5.025767751426393E-4
<246,nurse2-0,HR2-7,addItem> 1.561545480773962E-4
<247,nurse3-3,HR3-9,addItem> 1.484879942611887E-4
<248,nurse2-0,HR2-8,addItem> 1.557736446162866E-4
<249,nurse3-3,HR3-8,addItem> 1.4810525214302005E-4
<250,nurse2-0,HR2-5,addItem> 1.5539274115517696E-4
<251,agent5-0,HR5-4,addNote> 8.976783319271611E-4
<252,nurse8-0,HR8-0,addItem> 1.1210954499792409E-4
<253,doctor1-0,HR1-3,addItem> 5.534482905921558E-4
<254,nurse4-1,nursingItem4-0,read> 7.270290649544059E-4
<255,nurse2-0,HR2-6,addItem> 1.550118376940674E-4
<256,nurse5-3,nursingItem5-9,read> 7.509098776366136E-4
<257,patient9-2,HR9-2,addNote> 0.001344063914378159
<258,nurse9-2,nursingItem9-5,read> 6.713626384787516E-4
<259,nurse3-1,HR3-7,addItem> 1.4446656761055805E-4
<260,agent4-1,noteItem4-4,read> 0.0021837454878428503
<261,nurse7-2,nursingItem7-0,read> 1.6026329400949235E-4
<262,patient1-0,noteItem1-0,read> 0.0017877501782966692
<263,patient2-0,noteItem2-0agent2-1,read> 4.3449450863834786E-4
<264,patient9-9,noteItem9-9,read> 0.0028084081230512693
<265,agent6-11,noteItem6-3agent6-1,read> 0.0013432596537326686
<266,nurse2-3,nursingItem2-6,read> 5.111677544649711E-4
<267,patient1-9,noteItem1-9,read> 0.0016035713010477187
<268,nurse8-3,HR8-2,addItem> 9.125267485668282E-5
<269,nurse8-3,HR8-3,addItem> 8.82438856994483E-5
<270,patient3-0,HR3-0,addNote> 0.0014269010506909481
<271,nurse8-3,HR8-0,addItem> 9.024974513760464E-5
<272,nurse8-3,HR8-1,addItem> 9.192129466940161E-5
<273,agent3-0,noteItem3-2,read> 0.0020686828985316515
<274,patient1-9,HR1-9,addNote> 0.0015097381870037376
<275,doctor3-0,HRitem4-7-1,read> 1.7335641102394199E-4
<276,agent7-11,noteItem7-3,read> 4.4846259091943665E-4
<277,patient8-4,noteItem8-4,read> 0.0020870408538262134
<278,patient7-7,noteItem7-7,read> 0.0014731112629963788
<279,doctor0-1,HR2-6,addItem> 2.4981111156779294E-4
<280,nurse8-3,HR8-8,addItem> 8.62380262612919E-5
<281,nurse8-3,HR8-9,addItem> 8.69066460740107E-5
<282,nurse0-2,nursingItem0-7,read> 7.579321126216967E-4
<283,agent5-11,HR5-9,addNote> 8.845016347207153E-4
<284,nurse8-3,HR8-6,addItem> 8.891250551216706E-5
<285,nurse8-3,HR8-7,addItem> 8.657233616765132E-5
<286,nurse7-1,nursingItem7-3,read> 2.7237719986542393E-4
<287,patient3-2,noteItem3-2,read> 0.0041744014626476506
<288,doctor1-0,HR2-9,addItem> 2.4437656346267006E-4
<289,nurse0-0,nursingItem0-2,read> 7.636172662524268E-4
<290,nurse8-3,HR8-4,addItem> 8.75752658867295E-5
<291,nurse5-1,HR5-2,addItem> 1.3927415237153178E-4
<292,nurse8-3,HR8-5,addItem> 8.958112532488584E-5
<293,patient2-0,noteItem2-0,read> 0.0016572901402453295
<294,patient9-9,HR9-9,addNote> 0.0013101759949774724
<295,nurse8-2,HR8-0,addItem> 9.149887655819433E-5
<296,nurse8-2,HR8-1,addItem> 9.319356172364937E-5
<297,agent3-1,noteItem3-4,read> 0.002099465702791555
<298,nurse7-1,nursingItem7-4,read> 2.705728794688547E-4
<299,nurse8-2,HR8-2,addItem> 9.251568765746735E-5
<300,patient4-5,HR4-5,addNote> 0.0010654299104169576
<301,doctor4-1,HRitem3-2-3,read> 5.599968696522137E-5
<302,patient9-2,noteItem9-2agent9-0,read> 0.00458217736277437
<303,nurse1-1,nursingItem1-3,read> 0.0013640182377697668
<304,nurse8-2,HR8-7,addItem> 8.77705691941932E-5
<305,nurse4-3,HR4-1,addItem> 1.0856191652716301E-4
<306,patient6-0,noteItem6-0,read> 0.004343232100125855
<307,nurse8-2,HR8-8,addItem> 8.743163216110218E-5
<308,nurse8-2,HR8-9,addItem> 8.81095062272842E-5
<309,patient9-5,noteItem9-5,read> 0.002747015163968286
<310,nurse8-2,HR8-3,addItem> 8.946525435964826E-5
<311,doctor5-1,HRitem0-6-3,read> 5.557079644802455E-4
<312,patient2-7,HR2-7,addNote> 0.0015436261064044245
<313,patient0-4,HR0-4,addNote> 0.001084256532306228
<314,patient2-8,HR2-8,addNote> 0.0015398607820265703
<315,doctor1-0,HR0-6,addItem> 1.082946941994745E-4
<316,doctor2-0,HRitem1-5-3,read> 2.969626254177362E-4
<317,nurse8-2,HR8-4,addItem> 8.878738029346622E-5
<318,nurse8-2,HR8-5,addItem> 9.08210024920123E-5
<319,agent3-11,noteItem3-4agent3-1,read> 0.0017975493613356203
<320,doctor3-1,HR2-7,addItem> 4.2639070817543086E-4
<321,patient2-9,HR2-9,addNote> 0.001554922079537987
<322,nurse8-2,HR8-6,addItem> 9.014312842583028E-5
<323,patient1-3,HR1-3,addNote> 0.0015963406476943818
<324,doctor6-1,HRitem5-7-0,read> 1.242827070588837E-4
<325,patient1-7,noteItem1-7,read> 0.0014807853828817522
<326,nurse8-1,nursingItem8-6,read> 7.515318003099409E-4
<327,nurse9-2,HR9-9,addItem> 1.3101759949774724E-4
<328,nurse8-2,nursingItem8-5,read> 0.0011200589374669985
<329,nurse9-2,HR9-7,addItem> 1.29888002184391E-4
<330,patient2-2,noteItem2-2,read> 0.0016265936607038375
<331,nurse2-3,nursingItem2-1,read> 5.039676049931745E-4
<332,nurse0-0,nursingItem0-4,read> 0.0013324299662396282
<333,patient2-4,noteItem2-4agent2-0,read> 6.89842704317271E-4
<334,nurse9-2,HR9-8,addItem> 1.3064106705996183E-4
<335,nurse8-3,nursingItem8-8,read> 0.0010963684048243194
<336,nurse9-2,HR9-5,addItem> 1.3704211850231376E-4
<337,nurse9-2,HR9-6,addItem> 1.291349373088202E-4
<338,patient3-1,HR3-1,addNote> 0.0014193704019352402
<339,patient4-5,noteItem4-5,read> 0.004220446181959889
<340,doctor1-0,HR1-6,addItem> 5.208125191567462E-4
<341,patient5-5,HR5-5,addNote> 0.0013854824825345537
<342,nurse5-0,nursingItem5-8,read> 7.390353761916013E-4
<343,nurse9-2,HR9-3,addItem> 1.351594563133867E-4
<344,nurse9-2,HR9-4,addItem> 1.3591252118895752E-4
<345,nurse9-2,HR9-1,addItem> 1.3365332656224506E-4
<346,nurse0-3,nursingItem0-0,read> 7.795227284073262E-4
<347,nurse9-2,HR9-2,addItem> 1.3440639143781592E-4
<348,nurse9-2,HR9-0,addItem> 1.3290026168667426E-4
<349,doctor2-1,HRitem4-6-3,read> 1.899837085676378E-4
<350,doctor5-1,HRitem0-0-2,read> 2.464844425353778E-4
<351,agent8-0,noteItem8-2agent8-0,read> 0.002464221906068625
<352,agent6-01,HR6-4,addNote> 2.1280129479753115E-4
<353,agent9-11,noteItem9-4agent9-1,read> 0.0011142760493379773
<354,nurse9-1,HR9-6,addItem> 1.2791090946703045E-4
<355,nurse9-1,HR9-7,addItem> 1.2865683628690864E-4
<356,doctor1-0,HRitem1-7-1,read> 7.182894038533202E-4
<357,nurse9-1,HR9-8,addItem> 1.2940276310678683E-4
<358,nurse9-1,HR9-9,addItem> 1.2977572651672593E-4
<359,nurse7-2,nursingItem7-2,read> 2.8439143315162307E-4
<360,patient7-2,HR7-2,addNote> 0.0012499308049318072
<361,nurse1-1,HR1-9,addItem> 1.512336703676722E-4
<362,doctor1-0,HR2-2,addItem> 2.473354160119103E-4
<363,nurse0-0,nursingItem0-8,read> 0.0013397114187789917
<364,nurse4-2,nursingItem4-0,read> 0.001252782979544461
<365,patient7-1,HR7-1,addNote> 0.0012386348317982448
<366,nurse9-1,HR9-2,addItem> 1.3313239720617786E-4
<367,nurse2-2,nursingItem2-5,read> 5.149248310171532E-4
<368,nurse9-1,HR9-3,addItem> 1.3387832402605602E-4
<369,agent1-11,noteItem1-8agent1-1,read> 0.0019277925874265278
<370,nurse9-1,HR9-4,addItem> 1.3462425084593424E-4
<371,nurse9-1,HR9-5,addItem> 1.3574314107575155E-4
<372,nurse9-1,HR9-0,addItem> 1.3164054356642143E-4
<373,nurse9-1,HR9-1,addItem> 1.3238647038629962E-4
<374,patient9-2,noteItem9-2,read> 0.0026856222048853022
<375,nurse8-1,nursingItem8-8,read> 7.468995657783354E-4
<376,agent5-1,noteItem5-9,read> 0.0022295167552311723
<377,doctor6-0,HRitem5-7-2,read> 1.2215745948537942E-4
<378,doctor4-1,HRitem3-9-1,read> 3.4638429700285106E-4
<379,agent4-11,noteItem4-4agent4-1,read> 0.0022755556908707103
<380,patient0-1,HR0-1,addNote> 0.0010390726397719791
<381,nurse0-2,nursingItem0-8,read> 7.610343303528523E-4
<382,doctor7-0,HRitem3-1-3,read> 6.980995519050299E-4
<383,nurse4-3,nursingItem4-4,read> 7.19710876862744E-4
<384,patient0-9,HR0-9,addNote> 0.0010955525054397901
<385,nurse9-3,HR9-4,addItem> 1.3333598050291093E-4
<386,nurse9-3,HR9-5,addItem> 1.3444416364918934E-4
<387,nurse9-3,HR9-6,addItem> 1.2668688162524068E-4
<388,nurse9-3,HR9-7,addItem> 1.2742567038942626E-4
<389,doctor3-0,HR4-5,addItem> 2.7717879380736397E-4
<390,patient8-7,noteItem8-7agent8-1,read> 0.0020701032215006392
<391,nurse9-3,HR9-8,addItem> 1.2816445915361186E-4
<392,doctor2-0,HRitem2-5-1,read> 7.289156417208413E-4
<393,nurse9-3,HR9-9,addItem> 1.2853385353570464E-4
<394,patient5-2,HR5-2,addNote> 0.0013967784556681159
<395,nurse9-3,HR9-0,addItem> 1.303808254461686E-4
<396,patient0-5,noteItem0-5agent0-0,read> 0.0014972951068695415
<397,doctor4-1,HRitem3-0-3,read> 3.8236115134379644E-4
<398,patient8-0,noteItem8-0,read> 0.001964254935660247
<399,patient4-3,noteItem4-3,read> 0.004266490901272126
<400,nurse5-2,HR5-8,addItem> 1.4121440080756714E-4
<401,nurse9-3,HR9-2,addItem> 1.3185840297453977E-4
<402,nurse9-3,HR9-3,addItem> 1.3259719173872535E-4
<403,nurse3-2,HR3-7,addItem> 1.4360408063974876E-4
<404,nurse3-2,HR3-8,addItem> 1.454839202466834E-4
<405,nurse3-2,HR3-9,addItem> 1.458598881680703E-4
<406,nurse3-2,HR3-3,addItem> 1.402203693472664E-4
<407,nurse5-0,nursingItem5-9,read> 0.0012889867860244996
<408,agent4-11,HR4-4,addNote> 6.91755972815262E-4
<409,doctor3-0,HR4-7,addItem> 2.732604954410693E-4
<410,agent4-11,noteItem4-4,read> 0.0020903232209832628
<411,doctor5-1,HR5-2,addItem> 2.6452016845819024E-4
<412,patient4-9,HR4-9,addNote> 0.0010428379641498333
<413,nurse3-2,HR3-4,addItem> 1.4398004856113565E-4
<414,nurse3-2,HR3-5,addItem> 1.443560164825226E-4
<415,nurse3-2,HR3-6,addItem> 1.4285214479697487E-4
<416,nurse3-2,HR3-0,addItem> 1.4247617687558796E-4
<417,nurse3-2,HR3-1,addItem> 1.4172424103281412E-4
<418,nurse3-2,HR3-2,addItem> 1.4097230519004024E-4
<419,patient3-4,noteItem3-4agent3-1,read> 0.0032295220559346687
<420,patient3-5,noteItem3-5,read> 0.004128356743335413
<421,patient3-7,noteItem3-7,read> 0.004289513260928245
<422,nurse6-0,nursingItem6-6,read> 2.4764064316497444E-4
<423,patient8-6,HR8-6,addNote> 0.0010014193959934383
<424,doctor1-1,HR1-6,addItem> 5.307327576168745E-4
<425,nurse6-0,nursingItem6-7,read> 1.3972621674277906E-4
<426,doctor7-1,HR6-7,addItem> 1.6303262783636452E-4
<427,nurse6-0,nursingItem6-8,read> 1.4593818809534472E-4
<428,doctor8-0,HR0-7,addItem> 4.802284123299108E-4
<429,nurse6-0,nursingItem6-9,read> 1.4386753097782285E-4
<430,agent0-1,HR0-2,addNote> 6.74303650416738E-4
<431,nurse6-0,nursingItem6-2,read> 2.9826872719505143E-4
<432,nurse6-0,nursingItem6-3,read> 1.718214020643683E-4
<433,nurse6-0,nursingItem6-4,read> 1.3765555962525717E-4
<434,patient6-9,noteItem6-9,read> 0.004466018018291823
<435,doctor7-1,HR6-2,addItem> 1.8465021384781618E-4
<436,nurse8-1,nursingItem8-4,read> 7.561640348415462E-4
<437,nurse6-0,nursingItem6-5,read> 1.3454957394897434E-4
<438,doctor7-1,HR6-1,addItem> 1.82684978755866E-4
<439,nurse6-0,nursingItem6-0,read> 1.6871541638808547E-4
<440,nurse6-0,nursingItem6-1,read> 2.9646058133683443E-4
<441,patient6-1,noteItem6-1,read> 0.004358580339896601
<442,nurse3-1,HR3-8,addItem> 1.4635769754546226E-4
<443,nurse3-1,HR3-9,addItem> 1.4673592353244312E-4
<444,nurse0-0,HR0-3,addItem> 1.0801991928522959E-4
<445,patient8-9,noteItem8-9,read> 0.002048670254399349
<446,doctor3-1,HR9-3,addItem> 6.961757047482042E-4
<447,nurse3-1,HR3-6,addItem> 1.4371011563659635E-4
<448,nurse3-1,HR3-4,addItem> 1.4484479359753888E-4
<449,nurse3-1,HR3-5,addItem> 1.4522301958451973E-4
<450,patient6-3,HR6-3,addNote> 3.424876298689764E-4
<451,nurse3-1,HR3-2,addItem> 1.4181898570169213E-4
<452,nurse3-1,HR3-3,addItem> 1.4106253372773045E-4
<453,patient4-7,noteItem4-7,read> 0.004151379102991532
<454,nurse3-1,HR3-0,addItem> 1.433318896496155E-4
<455,nurse0-2,HR0-7,addItem> 1.0998659274387755E-4
<456,agent2-11,HR2-0,addNote> 0.0011011654095080948
<457,nurse3-1,HR3-1,addItem> 1.425754376756538E-4
<458,nurse5-1,nursingItem5-0,read> 0.001286034086627726
<459,nurse6-1,nursingItem6-9,read> 2.520766928926782E-4
<460,nurse6-1,nursingItem6-7,read> 2.448205122277016E-4
<461,doctor2-1,HR7-0,addItem> 4.1710721555309274E-4
<462,nurse6-1,nursingItem6-8,read> 2.557047832251665E-4
<463,nurse6-1,nursingItem6-5,read> 1.3531623818799983E-4
<464,doctor3-1,HR9-6,addItem> 6.651447737414358E-4
<465,doctor5-0,HR4-4,addItem> 2.0943177084572107E-4
<466,patient0-8,HR0-8,addNote> 0.0011030831541954983
<467,nurse6-1,nursingItem6-6,read> 1.4260483325551632E-4
<468,nurse6-1,nursingItem6-3,read> 1.7280044139237038E-4
<469,patient2-4,noteItem2-4,read> 0.0015958971811623457
<470,nurse6-1,nursingItem6-4,read> 1.3843992178836403E-4
<471,doctor4-0,HR9-0,addItem> 4.612710658170482E-4
<472,nurse6-1,nursingItem6-1,read> 1.707179856587943E-4
<473,nurse6-1,nursingItem6-2,read> 1.7175921352558234E-4
<474,nurse6-1,nursingItem6-0,read> 1.6967675779200618E-4
<475,nurse3-0,HR3-1,addItem> 1.3917065110429492E-4
<476,nurse3-0,HR3-2,addItem> 1.3843226365508457E-4
<477,agent8-01,HR8-2,addNote> 6.536104044865392E-4
<478,agent0-11,noteItem0-2,read> 8.77056291694455E-4
<479,nurse3-0,HR3-3,addItem> 1.376938762058742E-4
<480,nurse3-0,HR3-5,addItem> 1.4175500717653118E-4
<481,nurse1-3,nursingItem1-4,read> 7.651902708537167E-4
<482,nurse9-0,HR9-0,addItem> 1.366794160474328E-4
<483,nurse3-0,HR3-6,addItem> 1.4027823227811046E-4
<484,nurse3-0,HR3-7,addItem> 1.4101661972732086E-4
<485,nurse3-0,HR3-8,addItem> 1.4286258835034674E-4
<486,nurse3-2,nursingItem3-6,read> 5.056233959039492E-4
<487,patient6-2,noteItem6-2,read> 0.0043125356205843636
<488,nurse9-0,HR9-4,addItem> 1.3977733221802742E-4
<489,agent5-0,noteItem5-4,read> 0.00220125219764673
<490,nurse9-0,HR9-3,addItem> 1.3900285317537876E-4
<491,nurse9-0,HR9-2,addItem> 1.3822837413273012E-4
<492,nurse9-0,HR9-1,addItem> 1.3745389509008143E-4
<493,nurse9-0,HR9-8,addItem> 1.3435597891948682E-4
<494,nurse9-0,HR9-7,addItem> 1.3358149987683816E-4
<495,doctor3-1,HR2-3,addItem> 4.357514555040103E-4
<496,patient7-5,noteItem7-5,read> 0.0014270665436841412
<497,nurse9-0,HR9-6,addItem> 1.328070208341895E-4
<498,nurse3-0,HR3-0,addItem> 1.399090385535053E-4
<499,patient8-7,HR8-7,addNote> 9.750621253484601E-4
<500,nurse0-1,nursingItem0-7,read> 0.001339187997860604
<501,nurse9-0,HR9-5,addItem> 1.409390507820004E-4
<502,nurse9-3,nursingItem9-2,read> 0.0011465387075694819
<503,agent1-01,noteItem1-7,read> 8.766739452840029E-4
<504,patient5-8,noteItem5-8,read> 0.004335557980240481
<505,patient8-1,HR8-1,addNote> 0.0010353073153941252
<506,patient4-3,HR4-3,addNote> 0.001080491207928374
<507,nurse9-0,HR9-9,addItem> 1.3474321844081114E-4
<508,nurse3-0,HR3-9,addItem> 1.4323178207495193E-4
<509,doctor9-0,HRitem3-7-0,read> 7.310408892943456E-4
<510,patient4-8,noteItem4-8,read> 0.004136030863220787
<511,agent8-0,noteItem8-2,read> 0.001061925811498006
<512,nurse7-3,HR7-8,addItem> 1.3188611146879682E-4
<513,doctor7-1,HR1-4,addItem> 4.518265338088719E-4
<514,nurse7-3,HR7-9,addItem> 1.3149586776576994E-4
<515,nurse7-3,HR7-4,addItem> 1.3032513665668923E-4
<516,patient6-4,noteItem6-4agent6-0,read> 0.001262650818948369
<517,nurse0-1,nursingItem0-1,read> 7.885593550483713E-4
<518,nurse7-3,HR7-5,addItem> 1.2993489295366235E-4
<519,doctor2-0,HRitem2-7-1,read> 7.108510373460554E-4
<520,nurse7-3,HR7-6,addItem> 1.3110562406274304E-4
<521,patient6-3,noteItem6-3agent6-1,read> 0.0027809373878500744
<522,nurse2-1,nursingItem2-6,read> 5.214943757672936E-4
<523,agent9-0,noteItem9-2,read> 0.0019135564625541355
<524,doctor9-1,HR9-1,addItem> 1.7601610476825785E-4
<525,nurse7-3,HR7-7,addItem> 1.3071538035971613E-4
<526,nurse2-2,nursingItem2-0,read> 5.117974933677873E-4
<527,patient3-6,HR3-6,addNote> 0.0014306663750688023
<528,nurse7-3,HR7-0,addItem> 1.2876416184458167E-4
<529,nurse3-3,nursingItem3-8,read> 5.444528668742692E-4
<530,nurse7-3,HR7-2,addItem> 1.2954464925063548E-4
<531,nurse4-1,nursingItem4-7,read> 7.564481973473343E-4
<532,doctor4-1,HRitem8-9-2,read> 3.272438503285391E-4
<533,agent0-1,noteItem0-2,read> 8.617498991692464E-4
<534,nurse7-3,HR7-3,addItem> 1.291544055476086E-4
<535,patient0-3,HR0-3,addNote> 0.00107672588355052
<536,patient1-7,HR1-7,addNote> 0.001498442213870176
<537,doctor1-1,HRitem6-0-0,read> 2.677369182704203E-4
<538,doctor7-0,HR7-3,addItem> 4.5394449996420146E-4
<539,doctor3-1,HRitem3-1-2,read> 3.502230897170538E-5
<540,patient0-2,HR0-2,addNote> 0.0010466032885276875
<541,nurse9-3,nursingItem9-6,read> 6.59659767355012E-4
<542,doctor7-1,HRitem1-4-1,read> 3.434272716981259E-4
<543,agent4-01,noteItem4-6agent4-0,read> 0.0017931294050618468
<544,patient1-4,HR1-4,addNote> 0.0016001059720722355
<545,doctor0-1,HR2-3,addItem> 2.571773038613861E-4
<546,nurse8-3,nursingItem8-1,read> 0.0011184671800879148
<547,agent1-11,noteItem1-8,read> 7.598172738028477E-4
<548,patient4-6,noteItem4-6,read> 0.004166727342762278
<549,patient5-1,HR5-1,addNote> 0.0014532583213359269
<550,doctor8-1,HRitem6-6-3,read> 6.583839878751693E-5
<551,doctor4-1,HR3-7,addItem> 3.296015415165386E-4
<552,doctor0-1,HR2-5,addItem> 2.5042496092559237E-4
<553,doctor0-1,HR2-0,addItem> 2.5472190643018836E-4
<554,doctor0-1,HR2-1,addItem> 2.553357557879878E-4
<555,patient4-4,noteItem4-4agent4-1,read> 0.004154296602447526
<556,doctor0-1,HR2-7,addItem> 2.516526596411913E-4
<557,agent1-01,HR1-7,addNote> 0.0011450087880504757
<558,nurse4-1,nursingItem4-1,read> 7.291304315539007E-4
<559,patient8-9,HR8-9,addNote> 9.78827449726314E-4
<560,nurse8-3,nursingItem8-3,read> 6.081314207865162E-4
<561,patient4-9,noteItem4-9,read> 0.004120682623450041
<562,nurse5-0,nursingItem5-1,read> 7.307543845237412E-4
<563,doctor0-1,HR2-8,addItem> 2.510388102833918E-4
<564,doctor1-0,HRitem0-5-1,read> 4.3775672415075984E-4
<565,nurse3-2,nursingItem3-9,read> 5.358591449845531E-4
<566,nurse7-0,HR7-9,addItem> 1.2580955997049342E-4
<567,agent8-01,noteItem8-2agent8-0,read> 0.0019736120065697227
<568,nurse5-0,HR5-9,addItem> 1.3884003368663805E-4
<569,nurse5-0,HR5-5,addItem> 1.3734696286397456E-4
<570,nurse5-2,nursingItem5-2,read> 7.41370692294242E-4
<571,agent0-0,HR0-5,addNote> 6.767646093636988E-4
<572,nurse7-0,HR7-0,addItem> 1.231959818729241E-4
<573,nurse5-0,HR5-6,addItem> 1.4107963992063336E-4
<574,nurse5-0,HR5-7,addItem> 1.403331045093016E-4
<575,nurse5-0,nursingItem5-3,read> 7.286841366067758E-4
<576,nurse5-0,HR5-8,addItem> 1.3958656909796984E-4
<577,nurse5-0,HR5-1,addItem> 1.4406578156596039E-4
<578,nurse5-0,HR5-2,addItem> 1.3846676598097218E-4
<579,nurse5-0,HR5-3,addItem> 1.3809349827530632E-4
<580,nurse5-0,HR5-4,addItem> 1.3772023056964045E-4
<581,nurse7-3,nursingItem7-1,read> 1.6986043262349576E-4
<582,patient5-3,HR5-3,addNote> 0.0013930131312902619
<583,nurse7-0,HR7-8,addItem> 1.2618292827014615E-4
<584,nurse7-0,HR7-7,addItem> 1.2506282337118788E-4
<585,nurse7-0,HR7-6,addItem> 1.2543619167084067E-4
<586,nurse5-0,HR5-0,addItem> 1.4369251386029452E-4
<587,nurse7-0,HR7-5,addItem> 1.243160867718824E-4
<588,patient7-3,noteItem7-3,read> 0.001365673584601158
<589,nurse0-1,nursingItem0-5,read> 7.695822706864473E-4
<590,nurse7-0,HR7-4,addItem> 1.2468945507153513E-4
<591,nurse7-0,HR7-2,addItem> 1.2394271847222964E-4
<592,nurse7-0,HR7-1,addItem> 1.2282261357327134E-4
<593,doctor0-1,HRitem0-9-3,read> 1.5084830172768673E-4
<594,doctor6-0,HR2-2,addItem> 4.294999128841744E-4
<595,doctor6-1,HR6-8,addItem> 6.207538316078662E-5
<596,nurse1-2,nursingItem1-6,read> 7.602440564529716E-4
<597,doctor6-1,HR6-9,addItem> 6.938195106593071E-5
<598,nurse0-0,nursingItem0-3,read> 7.62569720417042E-4
<599,doctor6-0,HR2-9,addItem> 4.243618419494619E-4
<600,agent6-11,noteItem6-3,read> 0.0018799523744464546
<601,doctor6-0,HR2-4,addItem> 4.3258275544500184E-4
<602,patient2-3,HR2-3,addNote> 0.0015775140258051114
<603,nurse4-2,HR4-4,addItem> 1.0812429043059882E-4
<604,nurse8-1,nursingItem8-9,read> 7.480576244112367E-4
<605,nurse4-2,HR4-3,addItem> 1.0737591754802223E-4
<606,nurse4-2,HR4-6,addItem> 1.066275446654456E-4
<607,nurse9-0,nursingItem9-6,read> 0.001189189529095276
<608,doctor7-0,HRitem7-1-2,read> 1.3384632113965279E-4
<609,nurse4-2,HR4-5,addItem> 1.0587917178286901E-4
<610,nurse4-2,HR4-8,addItem> 1.0513079890029241E-4
<611,nurse4-2,HR4-7,addItem> 1.043824260177158E-4
<612,nurse7-1,HR7-1,addItem> 1.2236000485924773E-4
<613,nurse3-2,nursingItem3-0,read> 5.077086199784737E-4
<614,nurse7-1,HR7-0,addItem> 1.2273196687528597E-4
<615,nurse4-2,HR4-9,addItem> 1.0363405313513924E-4
<616,agent7-0,HR7-9,addNote> 0.001136387065361398
<617,agent9-01,noteItem9-2,read> 7.914320903379241E-4
<618,nurse7-1,HR7-3,addItem> 1.2310392889132424E-4
<619,patient3-5,HR3-5,addNote> 0.0014457276725802187
<620,nurse5-2,HR5-4,addItem> 1.393262973984409E-4
<621,patient1-2,HR1-2,addNote> 0.0015925753233165276
<622,patient5-0,HR5-0,addNote> 0.0014494929969580727
<623,nurse7-1,HR7-2,addItem> 1.2347589090736248E-4
<624,doctor6-1,HR6-6,addItem> 6.499801032284427E-5
<625,nurse7-1,HR7-5,addItem> 1.2384785292340073E-4
<626,doctor7-0,HR7-2,addItem> 4.5531610615822646E-4
<627,doctor6-1,HR6-5,addItem> 6.353669674181546E-5
<628,nurse7-1,HR7-4,addItem> 1.2421981493943897E-4
<629,patient2-5,noteItem2-5,read> 0.0015805489413916003
<630,agent9-11,HR9-4,addNote> 4.94623144661206E-4
<631,doctor6-1,HR6-4,addItem> 6.718998069438748E-5
<632,agent6-0,noteItem6-4agent6-0,read> 8.870048614996777E-4
<633,nurse7-1,HR7-7,addItem> 1.245917769554772E-4
<634,patient2-4,HR2-4,addNote> 0.0015850446745608194
<635,nurse4-2,HR4-0,addItem> 1.0999522263704035E-4
<636,nurse5-3,nursingItem5-2,read> 7.4564372222101E-4
<637,doctor6-1,HR6-3,addItem> 6.645932390387309E-5
<638,nurse7-1,HR7-6,addItem> 1.2496373897151545E-4
<639,nurse0-2,nursingItem0-4,read> 7.568980400446447E-4
<640,nurse7-1,HR7-9,addItem> 1.253357009875537E-4
<641,nurse4-2,HR4-2,addItem> 1.0849847687188714E-4
<642,nurse9-1,nursingItem9-4,read> 0.001142010262970206
<643,nurse7-1,HR7-8,addItem> 1.2570766300359194E-4
<644,patient9-3,noteItem9-3,read> 0.002716318684426794
<645,nurse4-2,HR4-1,addItem> 1.0924684975446374E-4
<646,doctor6-1,HR6-0,addItem> 5.623012883667137E-5
<647,doctor3-0,HRitem4-2-3,read> 2.2825123657457038E-4
<648,doctor6-0,HR6-8,addItem> 6.230318273201888E-5
<649,doctor6-0,HR6-9,addItem> 6.963656373039285E-5
<650,doctor5-1,HR7-5,addItem> 1.7815681837558345E-4
<651,nurse4-3,HR4-7,addItem> 1.0372799074487745E-4
<652,agent7-1,noteItem7-3,read> 9.270590318216023E-4
<653,patient8-5,noteItem8-5,read> 0.0021023890935969593
<654,nurse4-3,HR4-6,addItem> 1.0595903341362464E-4
<655,nurse4-3,nursingItem4-0,read> 7.135238810852838E-4
<656,nurse3-0,nursingItem3-5,read> 4.975368906810094E-4
<657,nurse4-3,HR4-4,addItem> 1.0744639519278942E-4
<658,nurse7-2,HR7-2,addItem> 1.2300906334249533E-4
<659,nurse7-2,HR7-1,addItem> 1.2189739614522412E-4
<660,doctor4-1,HR8-5,addItem> 2.299567878411158E-4
<661,doctor9-0,HRitem3-0-0,read> 7.841720786319518E-4
<662,nurse7-2,HR7-0,addItem> 1.2226795187764784E-4
<663,nurse4-1,nursingItem4-9,read> 7.543468307478394E-4
<664,nurse4-3,HR4-9,addItem> 1.0298430985529508E-4
<665,nurse4-3,HR4-8,addItem> 1.0447167163445985E-4
<666,doctor5-1,HR5-4,addItem> 2.6309402355355213E-4
<667,nurse1-0,nursingItem1-2,read> 8.006291047661103E-4
<668,nurse7-2,HR7-6,addItem> 1.2449128627219024E-4
<669,doctor6-0,HR6-4,addItem> 6.743654943088064E-5
<670,nurse7-2,HR7-5,addItem> 1.2337961907491905E-4
<671,doctor6-0,HR6-3,addItem> 6.670321133104326E-5
<672,nurse7-2,HR7-4,addItem> 1.2375017480734278E-4
<673,doctor6-0,HR6-6,addItem> 6.523653513136847E-5
<674,patient8-7,noteItem8-7,read> 0.002017973774857857
<675,nurse7-2,HR7-3,addItem> 1.226385076100716E-4
<676,doctor6-0,HR6-5,addItem> 6.376985893169368E-5
<677,nurse4-3,HR4-3,addItem> 1.0670271430320705E-4
<678,nurse5-3,nursingItem5-8,read> 7.519631087197344E-4
<679,nurse0-2,nursingItem0-3,read> 0.0013153405430196593
<680,nurse1-0,nursingItem1-8,read> 7.963301845771988E-4
<681,nurse6-3,HR6-6,addItem> 3.37795599597279E-5
<682,doctor6-0,HR6-0,addItem> 5.6436477933319704E-5
<683,patient3-8,HR3-8,addNote> 0.001457023645713781
<684,nurse7-2,HR7-9,addItem> 1.24861842004614E-4
<685,nurse4-3,HR4-2,addItem> 1.0781823563758065E-4
<686,nurse7-2,HR7-7,addItem> 1.241207305397665E-4
<687,nurse4-3,HR4-0,addItem> 1.0930559741674541E-4
<688,nurse6-0,HR6-6,addItem> 3.3211836262925753E-5
<689,nurse5-3,HR5-1,addItem> 1.4658588270122501E-4
<690,nurse4-0,HR4-0,addItem> 1.1206409829792511E-4
<691,nurse6-0,HR6-5,addItem> 3.246515329308012E-5
<692,nurse5-3,HR5-0,addItem> 1.4620608553132008E-4
<693,nurse5-3,HR5-3,addItem> 1.4050912798274607E-4
<694,nurse6-0,HR6-8,addItem> 3.171847032323448E-5
<695,nurse5-3,HR5-2,addItem> 1.4088892515265098E-4
<696,nurse6-0,HR6-7,addItem> 3.0971787353388846E-5
<697,nurse1-2,HR1-5,addItem> 1.58454754589045E-4
<698,nurse6-0,HR6-2,addItem> 3.5078543687539846E-5
<699,nurse6-0,HR6-1,addItem> 3.470520220261703E-5
<700,nurse6-0,HR6-4,addItem> 3.433186071769421E-5
<701,agent6-1,noteItem6-3agent6-1,read> 0.002082803391619409
<702,nurse2-2,nursingItem2-3,read> 5.128399392509093E-4
<703,nurse6-0,HR6-3,addItem> 3.395851923277139E-5
<704,nurse5-3,HR5-9,addItem> 1.4126872232255588E-4
<705,nurse4-0,HR4-7,addItem> 1.0634573183623083E-4
<706,nurse5-3,HR5-8,addItem> 1.420283166623658E-4
<707,nurse4-0,HR4-8,addItem> 1.0710818069779008E-4
<708,nurse6-0,HR6-0,addItem> 2.8731738443851934E-5
<709,doctor9-0,HRitem3-8-0,read> 6.364673722734069E-4
<710,nurse4-0,HR4-5,addItem> 1.078706295593493E-4
<711,agent0-01,noteItem0-5agent0-0,read> 8.546665543352177E-4
<712,nurse5-2,nursingItem5-4,read> 7.382291061695179E-4
<713,nurse4-0,HR4-6,addItem> 1.0863307842090854E-4
<714,nurse9-3,nursingItem9-5,read> 0.0011555247074981827
<715,nurse5-3,HR5-5,addItem> 1.397495336429362E-4
<716,nurse4-0,HR4-3,addItem> 1.0939552728246778E-4
<717,nurse8-2,nursingItem8-8,read> 6.062093428616406E-4
<718,nurse5-1,nursingItem5-1,read> 0.001280592155729272
<719,patient2-3,noteItem2-3,read> 0.0016189195408184648
<720,doctor5-1,HR5-0,addItem> 2.74503182790657E-4
<721,nurse5-3,HR5-4,addItem> 1.4012933081284114E-4
<722,nurse0-2,nursingItem0-0,read> 7.744772738545279E-4
<723,nurse0-3,nursingItem0-9,read> 0.0013329399138996831
<724,nurse9-3,nursingItem9-7,read> 6.565866192961598E-4
<725,nurse4-0,HR4-4,addItem> 1.1015797614402701E-4
<726,patient8-8,noteItem8-8,read> 0.002033322014628603
<727,nurse8-2,nursingItem8-6,read> 6.099690235202568E-4
<728,nurse5-3,HR5-7,addItem> 1.4278791100217567E-4
<729,patient8-4,HR8-4,addNote> 9.863580984820221E-4
<730,patient2-6,HR2-6,addNote> 0.0015323301332708624
<731,nurse5-0,nursingItem5-7,read> 7.40070500150084E-4
<732,nurse4-0,HR4-1,addItem> 1.1130164943636586E-4
<733,nurse9-0,nursingItem9-0,read> 7.162263937356591E-4
<734,doctor0-0,HR9-9,addItem> 2.898415291947383E-4
<735,nurse5-3,HR5-6,addItem> 1.4354750534198551E-4
<736,nurse4-0,HR4-2,addItem> 1.1053920057480666E-4
<737,nurse4-0,HR4-9,addItem> 1.0558328297467162E-4
<738,nurse9-0,nursingItem9-5,read> 6.904535191937873E-4
<739,patient1-6,HR1-6,addNote> 0.00150220753824803
<740,nurse6-0,HR6-9,addItem> 3.545188517246267E-5
<741,agent3-11,HR3-4,addNote> 9.315835696938959E-4
<742,nurse6-1,HR6-9,addItem> 3.56538902161804E-5
<743,nurse6-1,HR6-8,addItem> 3.189920234786829E-5
<744,doctor3-0,HR0-6,addItem> 1.9561803491905072E-4
<745,nurse4-1,HR4-0,addItem> 1.1137447307763018E-4
<746,nurse6-1,HR6-7,addItem> 3.114826477420587E-5
<747,doctor7-0,HR7-7,addItem> 4.5943092474030157E-4
<748,nurse0-2,HR0-8,addItem> 1.0924081559290902E-4
<749,doctor3-0,HR0-9,addItem> 2.004403136962188E-4
<750,nurse4-1,HR4-1,addItem> 1.1061671620906514E-4
<751,nurse6-1,HR6-6,addItem> 3.340107749519313E-5
<752,doctor3-0,HR0-8,addItem> 2.0181810763255257E-4
<753,doctor7-1,HRitem6-1-3,read> 5.100151416499042E-4
<754,patient5-5,noteItem5-5,read> 0.004350906220011229
<755,patient4-6,noteItem4-6agent4-0,read> 0.0033192389895515878
<756,nurse6-1,HR6-5,addItem> 3.2650139921530716E-5
<757,nurse6-1,HR6-4,addItem> 3.452748385568676E-5
<758,nurse6-1,HR6-3,addItem> 3.4152015068855554E-5
<759,doctor3-0,HR0-5,addItem> 1.94240240982717E-4
<760,nurse6-1,HR6-2,addItem> 3.5278421429349185E-5
<761,nurse0-3,nursingItem0-3,read> 7.576657350767395E-4
<762,nurse8-0,nursingItem8-0,read> 7.600362599794908E-4
<763,nurse4-1,HR4-6,addItem> 1.0796456716908756E-4
<764,nurse6-1,HR6-1,addItem> 3.490295264251798E-5
<765,nurse6-1,HR6-0,addItem> 2.8895452053218606E-5
<766,nurse4-1,HR4-7,addItem> 1.0569129656339248E-4
<767,nurse4-1,HR4-8,addItem> 1.0644905343195752E-4
<768,doctor1-1,HR3-0,addItem> 1.9694389808983784E-4
<769,nurse4-1,HR4-9,addItem> 1.0493353969482748E-4
<770,agent1-0,noteItem1-7agent1-0,read> 5.897175942203383E-4
<771,doctor3-0,HR0-0,addItem> 1.9286244704638323E-4
<772,nurse4-1,HR4-2,addItem> 1.0985895934050016E-4
<773,doctor1-1,HR3-2,addItem> 1.948651059824575E-4
<774,nurse4-1,HR4-3,addItem> 1.0872232403765259E-4
<775,agent1-11,HR1-8,addNote> 0.0010257884597988263
<776,nurse4-1,HR4-4,addItem> 1.0948008090621761E-4
<777,nurse4-1,HR4-5,addItem> 1.0720681030052254E-4
<778,patient6-1,HR6-1,addNote> 3.5001827862468453E-4
<779,doctor1-1,HR3-7,addItem> 1.9850299217037315E-4
<780,doctor1-1,HR3-6,addItem> 1.9746359611668297E-4
<781,doctor1-1,HR3-9,addItem> 2.0162118033144368E-4
<782,doctor1-1,HR3-8,addItem> 2.011014823045986E-4
<783,doctor0-0,HRitem9-1-1,read> 7.714205931909264E-4
<784,agent7-11,HR7-3,addNote> 5.281750342193236E-4
<785,nurse6-2,HR6-4,addItem> 3.4723106993679324E-5
<786,patient2-6,noteItem2-6,read> 0.0015575265817354812
<787,nurse0-2,nursingItem0-6,read> 7.589661851987486E-4
<788,nurse6-2,HR6-3,addItem> 3.4345510904939724E-5
<789,nurse6-2,HR6-6,addItem> 3.3590318727460516E-5
<790,nurse6-2,HR6-5,addItem> 3.2835126549981316E-5
<791,nurse6-2,HR6-8,addItem> 3.207993437250211E-5
<792,nurse6-2,HR6-7,addItem> 3.13247421950229E-5
<793,patient7-6,noteItem7-6,read> 0.0013963700641426496
<794,nurse5-1,HR5-1,addItem> 1.4490581527771526E-4
<795,nurse6-2,HR6-9,addItem> 3.585589525989814E-5
<796,nurse5-1,HR5-0,addItem> 1.445303710839697E-4
<797,agent4-01,HR4-6,addNote> 6.727941350128231E-4
<798,nurse5-1,HR5-3,addItem> 1.3889870817778623E-4
<799,nurse5-1,HR5-5,addItem> 1.3814781979029511E-4
<800,nurse5-1,HR5-4,addItem> 1.3852326398404067E-4
<801,nurse5-1,HR5-7,addItem> 1.4115137334025962E-4
<802,nurse6-2,HR6-0,addItem> 2.9059165662585284E-5
<803,nurse5-1,HR5-6,addItem> 1.4190226172775073E-4
<804,patient3-9,noteItem3-9,read> 0.004235794421730634
<805,nurse8-3,nursingItem8-9,read> 0.0010980683106138268
<806,nurse5-1,HR5-9,addItem> 1.3964959656527734E-4
<807,nurse4-3,nursingItem4-9,read> 7.403341961209445E-4
<808,nurse7-2,nursingItem7-1,read> 2.825910125777274E-4
<809,patient9-6,noteItem9-6,read> 0.00273166692419754
<810,patient6-5,noteItem6-5,read> 0.004419973298979584
<811,nurse6-2,HR6-2,addItem> 3.547829917115853E-5
<812,nurse1-2,HR1-8,addItem> 1.5064284063884655E-4
<813,nurse2-2,nursingItem2-9,read> 9.075559553231192E-4
<814,agent1-01,noteItem1-7agent1-0,read> 6.767672974282682E-4
<815,nurse3-2,nursingItem3-5,read> 5.066660079412115E-4
<816,nurse5-1,HR5-8,addItem> 1.4040048495276848E-4
<817,nurse6-2,HR6-1,addItem> 3.5100703082418924E-5
<818,doctor1-0,HRitem2-4-2,read> 4.292557338567429E-4
<819,nurse5-1,nursingItem5-2,read> 0.0012842201096615745
<820,patient0-9,noteItem0-9,read> 0.0016803124999014484
<821,nurse6-3,HR6-7,addItem> 3.1501219615839934E-5
<822,nurse6-3,HR6-5,addItem> 3.302011317843192E-5
<823,nurse1-3,nursingItem1-9,read> 7.406044731178023E-4
<824,nurse6-3,HR6-4,addItem> 3.4918730131671885E-5
<825,nurse5-2,HR5-2,addItem> 1.4008153876209138E-4
<826,nurse5-2,HR5-1,addItem> 1.457458489894701E-4
<827,nurse6-3,HR6-9,addItem> 3.6057900303615876E-5
<828,nurse5-2,HR5-0,addItem> 1.4536822830764487E-4
<829,nurse6-3,HR6-8,addItem> 3.2260666397135925E-5
<830,nurse5-2,HR5-6,addItem> 1.4272488353486812E-4
<831,doctor1-1,HR6-4,addItem> 3.9574282207152996E-5
<832,doctor3-1,HR9-7,addItem> 6.690236401172819E-4
<833,patient9-3,HR9-3,addNote> 0.0013515945631338668
<834,nurse5-2,HR5-5,addItem> 1.3894867671661564E-4
<835,nurse5-2,HR5-3,addItem> 1.3970391808026613E-4
<836,nurse6-3,HR6-3,addItem> 3.453900674102389E-5
<837,nurse5-2,HR5-9,addItem> 1.4045915944391662E-4
<838,nurse6-3,HR6-2,addItem> 3.567817691296788E-5
<839,nurse6-3,HR6-1,addItem> 3.5298453522319884E-5
<840,agent5-1,noteItem5-9agent5-1,read> 3.7483855290517754E-4
<841,nurse5-2,HR5-7,addItem> 1.4196964217121763E-4
<842,nurse6-3,HR6-0,addItem> 2.9222879271951966E-5
<843,nurse9-2,nursingItem9-1,read> 6.630092183123386E-4
<844,doctor3-1,HR9-2,addItem> 6.922968383723582E-4
<845,agent4-0,noteItem4-6agent4-0,read> 0.0022961111835534996
<846,agent9-0,HR9-2,addNote> 0.0012360587784013425
<847,doctor2-1,HR4-3,addItem> 2.6726454633734496E-4
<848,doctor2-1,HR4-2,addItem> 2.700586580458232E-4
<849,agent3-0,noteItem3-2agent3-0,read> 0.0014686522150158016
<850,doctor2-1,HR4-5,addItem> 2.6353906405937415E-4
<851,doctor9-1,HR9-5,addItem> 1.8047900870415926E-4
<852,doctor2-1,HR4-4,addItem> 2.6912728747633037E-4
<853,doctor4-0,HR9-4,addItem> 4.717260350812287E-4
<854,doctor2-1,HR4-0,addItem> 2.7378414032379393E-4
<855,agent8-11,noteItem8-7agent8-1,read> 0.0011122897162155186
<856,doctor2-0,HR2-5,addItem> 4.005313173260959E-4
<857,doctor4-1,HR8-9,addItem> 2.2309133872503836E-4
<858,doctor2-1,HR4-6,addItem> 2.6540180519835956E-4
<859,doctor2-1,HR4-7,addItem> 2.598135817814033E-4
<860,patient0-7,noteItem0-7,read> 0.001695660739672194
<861,patient1-1,noteItem1-1,read> 0.001442414783454887
<862,doctor9-1,HRitem9-5-0,read> 7.671700980439178E-4
<863,doctor2-0,HRitem1-9-2,read> 3.449446809738584E-4
<864,agent5-0,noteItem5-4agent5-0,read> 2.397733440451081E-4
<865,patient0-4,noteItem0-4,read> 0.001703334859557567
<866,agent8-1,noteItem8-7agent8-1,read> 0.0014380388809812135
<867,agent8-11,noteItem8-7,read> 9.750882621247588E-4
<868,agent9-1,HR9-4,addNote> 0.0012722396307952414
<869,patient7-7,HR7-7,addNote> 0.0012612267780653694
<870,agent5-11,noteItem5-9agent5-1,read> 2.964870050456223E-4
<871,patient0-5,noteItem0-5,read> 0.00171100897944294
<872,agent7-01,noteItem7-9agent7-0,read> 5.648502425442978E-4
<873,nurse1-2,nursingItem1-5,read> 0.0013333870341676983
<874,agent5-11,noteItem5-9,read> 0.002106387624764756
<875,doctor7-0,HRitem7-3-3,read> 8.921612209606363E-5
<876,nurse4-1,nursingItem4-8,read> 7.553975140475868E-4
<877,nurse4-1,nursingItem4-3,read> 7.385865812516277E-4
<878,nurse4-1,nursingItem4-4,read> 7.333331647528906E-4
<879,nurse4-1,nursingItem4-5,read> 7.354345313523855E-4
<880,nurse5-3,nursingItem5-1,read> 7.435372600547687E-4
<881,nurse4-1,nursingItem4-6,read> 7.574988806470816E-4
<882,patient8-1,noteItem8-1,read> 0.0019719290555456196
<883,nurse4-1,nursingItem4-2,read> 7.375358979518804E-4
<884,patient7-3,noteItem7-3agent7-1,read> 0.003629797605917846
<885,agent0-0,noteItem0-5,read> 8.450448470586207E-4
<886,agent5-01,noteItem5-4,read> 0.002227405689103919
<887,doctor3-0,HRitem4-6-3,read> 1.998165067929499E-4
<888,nurse4-0,nursingItem4-9,read> 0.001313868329245466
<889,nurse4-0,nursingItem4-6,read> 7.621892761928841E-4
<890,nurse4-0,nursingItem4-7,read> 7.611320871141908E-4
<891,nurse4-0,nursingItem4-4,read> 0.001277268201682479
<892,patient7-6,HR7-6,addNote> 0.0012649921024432235
<893,nurse4-0,nursingItem4-5,read> 7.399883055403259E-4
<894,agent2-0,noteItem2-4agent2-0,read> 4.2368408473483944E-4
<895,nurse4-0,nursingItem4-2,read> 7.421026836977123E-4
<896,nurse4-0,nursingItem4-3,read> 7.431598727764056E-4
<897,nurse4-0,nursingItem4-0,read> 7.3153079291078E-4
<898,nurse2-2,nursingItem2-7,read> 5.170097227833973E-4
<899,nurse4-0,nursingItem4-1,read> 0.0012699481761698818
<900,nurse5-0,nursingItem5-6,read> 7.411056241085665E-4
<901,agent8-11,HR8-7,addNote> 6.081119498144678E-4
<902,doctor4-1,HRitem4-8-1,read> 4.1544162462896526E-4
<903,doctor2-0,HRitem1-4-1,read> 3.11104704950067E-4
<904,patient5-6,HR5-6,addNote> 0.0014231357263130944
<905,doctor0-1,HRitem0-6-2,read> 5.525200931199892E-4
<906,patient6-4,HR6-4,addNote> 3.4625295424683044E-4
<907,nurse4-3,nursingItem4-5,read> 7.21773208788564E-4
<908,nurse4-3,nursingItem4-6,read> 7.434276940096746E-4
<909,patient7-9,HR7-9,addNote> 0.0012687574268210775
<910,nurse4-3,nursingItem4-8,read> 7.413653620838546E-4
<911,doctor2-0,HR1-2,addItem> 4.0737536914394964E-4
<912,nurse4-3,nursingItem4-1,read> 7.155862130111038E-4
<913,nurse4-3,nursingItem4-2,read> 7.23835540714384E-4
<914,nurse4-3,nursingItem4-3,read> 7.248667066772942E-4
<915,doctor2-0,HR1-8,addItem> 3.900385393271645E-4
<916,patient6-5,HR6-5,addNote> 3.2742633235756017E-4
<917,doctor2-0,HR1-9,addItem> 3.8618591047898993E-4
<918,nurse2-3,nursingItem2-0,read> 5.049961977748599E-4
<919,agent7-1,noteItem7-3agent7-1,read> 0.0031464055823529342
<920,nurse9-3,nursingItem9-0,read> 6.832205691395458E-4
<921,nurse9-3,nursingItem9-4,read> 6.473671751196032E-4
<922,nurse9-3,nursingItem9-3,read> 6.44294027060751E-4
<923,nurse9-3,nursingItem9-8,read> 6.576110019824439E-4
<924,nurse5-3,nursingItem5-7,read> 7.53016339802855E-4
<925,nurse9-3,nursingItem9-9,read> 6.637572981001485E-4
<926,nurse4-2,nursingItem4-6,read> 0.0013052871617425066
<927,patient7-8,HR7-8,addNote> 0.0012725227511989315
<928,nurse4-2,nursingItem4-7,read> 0.0013034766727011945
<929,agent0-01,HR0-5,addNote> 7.03399352487136E-4
<930,nurse4-2,nursingItem4-4,read> 7.242516394927929E-4
<931,nurse4-2,nursingItem4-5,read> 0.0012672668918749562
<932,doctor2-0,HR2-8,addItem> 4.0151311199628534E-4
<933,nurse4-2,nursingItem4-9,read> 7.450050743299095E-4
<934,nurse1-1,nursingItem1-5,read> 7.729317418878873E-4
<935,nurse4-2,nursingItem4-2,read> 0.0012708878699575798
<936,nurse4-2,nursingItem4-3,read> 0.0012726983589988919
<937,nurse4-2,nursingItem4-1,read> 7.201009525253696E-4
<938,patient7-2,noteItem7-2,read> 0.0016342677805892105
<939,nurse3-0,nursingItem3-2,read> 8.766871845643483E-4
<940,nurse3-0,nursingItem3-3,read> 4.954892382114314E-4
<941,nurse3-0,nursingItem3-4,read> 4.944654119766425E-4
<942,patient6-6,HR6-6,addNote> 3.3495698111326823E-4
<943,nurse3-0,nursingItem3-6,read> 8.71297253961613E-4
<944,nurse3-0,nursingItem3-7,read> 5.231325465507347E-4
<945,nurse3-0,nursingItem3-8,read> 5.251801990203127E-4
<946,agent4-1,HR4-4,addNote> 7.226724408740447E-4
<947,nurse3-0,nursingItem3-9,read> 5.262040252551017E-4
<948,nurse3-0,nursingItem3-0,read> 4.985607169157984E-4
<949,nurse3-0,nursingItem3-1,read> 8.784838280985934E-4
<950,patient4-1,HR4-1,addNote> 0.0010993178298176443
<951,patient7-3,HR7-3,addNote> 0.0012461654805539532
<952,nurse3-1,nursingItem3-2,read> 5.118067949707852E-4
<953,doctor4-0,HRitem9-8-3,read> 5.397686076789636E-4
<954,nurse7-1,nursingItem7-2,read> 1.629345100481568E-4
<955,nurse9-1,nursingItem9-7,read> 6.629304513666542E-4
<956,nurse3-1,nursingItem3-1,read> 5.128556689422051E-4
<957,nurse9-1,nursingItem9-8,read> 0.0011600812370001956
<958,nurse3-1,nursingItem3-0,read> 5.107579209993653E-4
<959,nurse9-1,nursingItem9-3,read> 6.505190901241399E-4
<960,nurse9-1,nursingItem9-5,read> 6.649990115737398E-4
<961,nurse9-1,nursingItem9-6,read> 6.660332916772827E-4
<962,nurse9-1,nursingItem9-0,read> 0.0012052586720751692
<963,nurse3-1,nursingItem3-9,read> 9.362734094273226E-4
<964,nurse3-1,nursingItem3-8,read> 5.380286442562836E-4
<965,nurse9-1,nursingItem9-1,read> 6.56724770745397E-4
<966,nurse3-1,nursingItem3-7,read> 5.359308963134438E-4
<967,patient9-7,noteItem9-7,read> 0.0027853857633951496
<968,nurse9-1,nursingItem9-2,read> 6.598276110560256E-4
<969,nurse3-1,nursingItem3-6,read> 5.086601730565255E-4
<970,nurse3-1,nursingItem3-5,read> 5.097090470279455E-4
<971,doctor4-0,HR9-8,addItem> 4.534298388689128E-4
<972,patient6-7,HR6-7,addNote> 3.1236503484614387E-4
<973,doctor2-1,HRitem7-0-0,read> 4.139805169221811E-5
<974,nurse3-1,nursingItem3-4,read> 8.79800980030166E-4
<975,nurse3-1,nursingItem3-3,read> 8.81622671301042E-4
<976,doctor1-0,HR0-0,addItem> 1.0676919300458828E-4
<977,doctor1-0,HR0-5,addItem> 1.0753194360203139E-4
<978,nurse3-2,nursingItem3-1,read> 5.09793844052998E-4
<979,doctor1-0,HR0-9,addItem> 1.1096432129052538E-4
<980,doctor1-0,HR0-8,addItem> 1.1172707188796849E-4
<981,nurse3-2,nursingItem3-3,read> 5.045807838666871E-4
<982,nurse9-2,nursingItem9-8,read> 6.7031846095795E-4
<983,nurse8-0,nursingItem8-8,read> 7.427616180454914E-4
<984,patient7-4,noteItem7-4,read> 0.0013426512249450392
<985,nurse3-2,nursingItem3-8,read> 9.31239606847454E-4
<986,nurse3-2,nursingItem3-2,read> 5.087512320157358E-4
<987,nurse9-2,nursingItem9-7,read> 6.692742834371484E-4
<988,nurse9-2,nursingItem9-4,read> 6.598766857499337E-4
<989,nurse9-2,nursingItem9-0,read> 6.96422898977991E-4
<990,nurse3-2,nursingItem3-4,read> 5.035381718294249E-4
<991,nurse3-2,nursingItem3-7,read> 5.327313088727666E-4
<992,patient6-8,HR6-8,addNote> 3.1989568360185194E-4
<993,patient7-5,HR7-5,addNote> 0.0012536961293096612
<994,patient8-6,noteItem8-6,read> 0.0020026255350871114
<995,patient9-8,HR9-8,addNote> 0.0013064106705996182
<996,doctor3-1,HRitem9-3-1,read> 7.427297509486192E-4
<997,nurse3-3,nursingItem3-0,read> 8.931863471554538E-4
<998,nurse9-0,nursingItem9-9,read> 0.0011965762773834124
<999,nurse3-3,nursingItem3-4,read> 5.126109316822073E-4
<1000,nurse3-3,nursingItem3-3,read> 5.136723295219427E-4
<1001,nurse3-3,nursingItem3-2,read> 5.179179208808843E-4
<1002,nurse3-3,nursingItem3-1,read> 5.189793187206196E-4
<1003,doctor8-0,HR0-2,addItem> 4.525503233017142E-4
<1004,agent2-11,noteItem2-0,read> 9.049433245344297E-4
<1005,nurse3-3,nursingItem3-7,read> 9.372075104960493E-4
<1006,patient6-9,HR6-9,addNote> 3.575489273803927E-4
<1007,nurse3-3,nursingItem3-6,read> 5.14733727361678E-4
<1008,nurse3-3,nursingItem3-5,read> 8.913521320162621E-4
<1009,nurse3-3,nursingItem3-9,read> 5.455142647140045E-4
<1010,nurse9-0,nursingItem9-4,read> 6.786409516954295E-4
<1011,nurse9-0,nursingItem9-2,read> 6.850841703308975E-4
<1012,nurse9-0,nursingItem9-3,read> 6.754193423776955E-4
<1013,nurse9-0,nursingItem9-8,read> 6.893796494212094E-4
<1014,nurse9-0,nursingItem9-7,read> 0.001183649467879174
<1015,doctor6-0,HRitem6-9-2,read> 4.73885932900332E-4
<1016,nurse9-0,nursingItem9-1,read> 6.818625610131635E-4
<1017,doctor7-1,HR7-9,addItem> 2.648809364766811E-4
<1018,patient9-6,HR9-6,addNote> 0.0012913493730882018
<1019,patient3-2,HR3-2,addNote> 0.001411839753179532
<1020,doctor7-1,HR7-5,addItem> 2.617365603295608E-4
<1021,agent5-01,noteItem5-4agent5-0,read> 2.0199075662225203E-4
<1022,doctor6-0,HRitem5-8-3,read> 2.379834522413608E-4
<1023,patient9-7,HR9-7,addNote> 0.00129888002184391
<1024,agent2-01,HR2-4,addNote> 0.001136630423080226
<1025,patient3-3,HR3-3,addNote> 0.001404309104423824
<1026,doctor6-0,HRitem5-4-1,read> 1.5616142066144736E-4
<1027,patient5-9,noteItem5-9agent5-1,read> 5.449153500130174E-4
<1028,nurse1-3,nursingItem1-0,read> 7.487997390297739E-4
<1029,doctor7-0,HR3-5,addItem> 2.2391613292997045E-4
<1030,doctor7-0,HR3-4,addItem> 2.233329547215799E-4
<1031,doctor7-0,HR3-3,addItem> 2.1750117263767403E-4
<1032,nurse2-0,nursingItem2-4,read> 5.228239848989501E-4
<1033,doctor7-0,HR3-1,addItem> 2.1983388547123638E-4
<1034,doctor6-1,HRitem5-0-0,read> 1.8804013426401106E-4
<1035,patient5-4,noteItem5-4agent5-0,read> 3.585801801932626E-4
<1036,agent1-1,HR1-8,addNote> 9.564508700708739E-4
<1037,doctor0-1,HRitem2-0-1,read> 1.242157566890594E-4
<1038,doctor4-1,HRitem3-8-1,read> 3.073237122898248E-4
<1039,patient3-4,HR3-4,addNote> 0.0014419623482023645
<1040,doctor4-0,HRitem9-4-3,read> 6.524067290746887E-4
<1041,agent6-01,noteItem6-4,read> 0.0020973305560349816
<1042,nurse7-2,nursingItem7-6,read> 2.735889097082484E-4
<1043,patient9-4,HR9-4,addNote> 0.0013591252118895752
<1044,doctor7-0,HR7-8,addItem> 4.635457433223766E-4
<1045,doctor7-0,HR7-9,addItem> 2.613195121206921E-4
<1046,doctor7-0,HR7-4,addItem> 4.5805931854627646E-4
<1047,doctor0-0,HR9-0,addItem> 2.9400641765161395E-4
<1048,agent3-11,noteItem3-4,read> 0.002074120040383609
<1049,patient2-1,HR2-1,addNote> 0.001566218052671549
<1050,doctor7-0,HR7-5,addItem> 2.5821741329991966E-4
<1051,doctor7-0,HR7-6,addItem> 4.6080253093432657E-4
<1052,doctor7-0,HR7-0,addItem> 4.525728937701763E-4
<1053,doctor7-0,HR7-1,addItem> 4.512012875761513E-4
<1054,doctor8-1,HR8-2,addItem> 2.4303747566019007E-4
<1055,doctor8-1,HR8-5,addItem> 2.3858556036798694E-4
<1056,doctor8-1,HR8-4,addItem> 2.3324326201734315E-4
<1057,doctor8-1,HR8-7,addItem> 2.3057211284202128E-4
<1058,doctor8-1,HR8-9,addItem> 2.3146249590046188E-4
<1059,doctor8-0,HRitem8-2-3,read> 1.2640795463238793E-4
<1060,agent8-01,noteItem8-2,read> 0.0010169765707996777
<1061,patient1-8,HR1-8,addNote> 0.0015247994845151542
<1062,doctor8-0,HR8-5,addItem> 2.3772268311529987E-4
<1063,doctor8-0,HR8-9,addItem> 2.3062538018291958E-4
<1064,doctor8-0,HR8-7,addItem> 2.2973821731637204E-4
<1065,doctor8-0,HR0-4,addItem> 4.6883155214182977E-4
<1066,doctor8-0,HR0-3,addItem> 4.6557530637380667E-4
<1067,nurse8-1,nursingItem8-3,read> 7.596382107402504E-4
<1068,doctor8-0,HR0-6,addItem> 1.8942976667908075E-4
<1069,nurse2-3,nursingItem2-8,read> 5.132249400283414E-4
<1070,doctor8-0,HR0-5,addItem> 1.8809555849117233E-4
<1071,doctor8-0,HR0-0,addItem> 1.8676135030326388E-4
<1072,doctor0-0,HR1-1,addItem> 2.607739961495755E-4
<1073,doctor8-0,HR0-1,addItem> 4.4929407753369104E-4
<1074,doctor8-0,HR0-8,addItem> 1.9543370352466865E-4
<1075,doctor8-0,HR0-9,addItem> 1.9409949533676023E-4
<1076,agent9-01,noteItem9-2agent9-0,read> 0.0015015442742629863
<1077,nurse1-0,HR1-3,addItem> 1.6430494101914633E-4
<1078,doctor9-1,HRitem9-9-3,read> 5.344554887452029E-4
<1079,agent3-1,HR3-4,addNote> 9.429674829691777E-4
<1080,patient9-0,HR9-0,addNote> 0.0013290026168667425
<1081,patient6-7,noteItem6-7,read> 0.004389276819438093
<1082,patient2-1,noteItem2-1,read> 0.0016419419004745836
<1083,patient9-1,HR9-1,addNote> 0.0013365332656224507
<1084,doctor9-0,HR9-2,addItem> 2.485479016923528E-4
<1085,doctor9-0,HR9-3,addItem> 2.4994048944550245E-4
<1086,patient1-5,HR1-5,addNote> 0.0016038712964500893
<1087,doctor9-0,HR9-6,addItem> 2.3879978742030538E-4
<1088,nurse7-0,nursingItem7-1,read> 1.6251511661815544E-4
<1089,patient8-3,noteItem8-3,read> 0.0020793667339408404
<1090,doctor3-0,HRitem0-9-2,read> 1.5191092551443888E-4
<1091,patient1-7,noteItem1-7agent1-0,read> 0.0010280065310271963
<1092,nurse7-0,nursingItem7-7,read> 2.639248095002823E-4
<1093,nurse7-0,nursingItem7-6,read> 1.5733810201922296E-4
<1094,doctor9-0,HR9-7,addItem> 2.40192375173455E-4
<1095,nurse7-0,nursingItem7-9,read> 1.5319649034007697E-4
<1096,nurse7-0,nursingItem7-8,read> 1.49054878660931E-4
<1097,nurse7-0,nursingItem7-3,read> 1.5630269909943647E-4
<1098,nurse7-0,nursingItem7-2,read> 1.6355051953794193E-4
<1099,nurse7-0,nursingItem7-5,read> 2.78390571254223E-4
<1100,nurse7-0,nursingItem7-4,read> 1.5526729617964993E-4
<1101,nurse5-3,nursingItem5-5,read> 7.551228019690967E-4
<1102,nurse5-3,nursingItem5-3,read> 7.41430797888527E-4
<1103,nurse5-3,nursingItem5-4,read> 7.424840289716476E-4
<1104,agent2-01,noteItem2-4,read> 8.866655536334242E-4
<1105,agent7-1,HR7-3,addNote> 0.0010918400905008153
<1106,patient9-0,noteItem9-0,read> 0.0026779480849999297
<1107,doctor8-0,HRitem0-5-2,read> 5.631463309875104E-4
<1108,doctor5-1,HR0-0,addItem> 1.372746767201849E-4
<1109,doctor5-1,HR0-8,addItem> 1.4364909242738804E-4
<1110,doctor5-1,HR0-6,addItem> 1.3923603539932433E-4
<1111,doctor5-1,HR0-5,addItem> 1.3825535605975465E-4
<1112,doctor5-1,HR0-9,addItem> 1.426684130878183E-4
<1113,nurse1-2,nursingItem1-0,read> 7.54054474040509E-4
<1114,patient3-7,HR3-7,addNote> 0.0014381970238245107
<1115,patient1-1,HR1-1,addNote> 0.001611401945205798
<1116,doctor5-1,HRitem5-9-0,read> 1.0303023132384123E-4
<1117,patient1-0,HR1-0,addNote> 0.0016076366208279437
<1118,doctor3-0,HRitem3-8-1,read> 3.2808103619682985E-4
<1119,doctor6-1,HR5-9,addItem> 3.5691880566969775E-4
<1120,doctor6-1,HR5-4,addItem> 3.540401057695949E-4
<1121,doctor6-1,HR5-2,addItem> 3.5595923903633005E-4
<1122,doctor6-1,HR5-1,addItem> 3.703527385368444E-4
<1123,doctor6-1,HR5-8,addItem> 3.5883793893643303E-4
<1124,doctor6-1,HR5-7,addItem> 3.6075707220316826E-4
<1125,doctor3-1,HRitem9-7-3,read> 5.4149537133243583E-5
<1126,doctor6-1,HR5-5,addItem> 3.530805391362273E-4
<1127,doctor6-1,HR5-0,addItem> 3.6939317190347684E-4
<1128,doctor6-0,HR5-9,addItem> 3.5822859945197177E-4
<1129,doctor9-1,HR9-4,addItem> 1.7899137405885874E-4
<1130,doctor3-1,HRitem3-4-1,read> 5.928997970165699E-4
<1131,doctor9-1,HR9-0,addItem> 1.7502434833805753E-4
<1132,patient2-8,noteItem2-8,read> 0.001519155982308617
<1133,doctor6-0,HR5-1,addItem> 3.717118311553283E-4
<1134,doctor6-0,HR5-0,addItem> 3.70748743176517E-4
<1135,patient7-1,noteItem7-1,read> 0.0016496160203599566
<1136,doctor6-0,HR5-2,addItem> 3.572655114731606E-4
<1137,doctor6-0,HR5-5,addItem> 3.5437624753672717E-4
<1138,doctor0-1,HRitem2-8-3,read> 1.7075352927054056E-4
<1139,doctor6-0,HR5-4,addItem> 3.5533933551553835E-4
<1140,doctor9-1,HR9-8,addItem> 1.7204907904745664E-4
<1141,doctor6-0,HR5-7,addItem> 3.620809513672165E-4
<1142,doctor9-1,HR9-9,addItem> 1.7254495726255683E-4
<1143,patient8-2,HR8-2,addNote> 0.001027776666638417
<1144,nurse1-1,nursingItem1-2,read> 7.79207590257318E-4
<1145,agent7-01,HR7-9,addNote> 5.129975895060025E-4
<1146,nurse8-2,nursingItem8-1,read> 6.184283050021429E-4
<1147,nurse8-2,nursingItem8-0,read> 6.203081453314508E-4
<1148,patient4-6,HR4-6,addNote> 0.0010729605591726658
<1149,nurse8-2,nursingItem8-2,read> 6.156085445081808E-4
<1150,patient2-0,HR2-0,addNote> 0.0015624527282936949
<1151,nurse8-2,nursingItem8-9,read> 6.071492630262946E-4
<1152,nurse8-3,nursingItem8-4,read> 6.053501553163625E-4
<1153,nurse8-3,nursingItem8-2,read> 0.0011133674627193926
<1154,nurse8-3,nursingItem8-0,read> 6.118397747467211E-4
<1155,doctor6-0,HRitem6-4-2,read> 2.613611755499075E-4
<1156,nurse8-3,nursingItem8-7,read> 0.0011065678395613633
<1157,nurse8-3,nursingItem8-6,read> 0.001103168027982349
<1158,nurse8-3,nursingItem8-5,read> 6.062772438064137E-4
<1159,doctor7-0,HRitem7-6-0,read> 3.878134061734101E-4
<1160,patient4-8,HR4-8,addNote> 0.0010578992616612497
<1161,nurse2-1,nursingItem2-8,read> 9.091967523427523E-4
<1162,patient7-0,HR7-0,addNote> 0.0012424001561760988
<1163,nurse8-0,nursingItem8-3,read> 7.554296887970911E-4
<1164,nurse8-0,nursingItem8-4,read> 7.51974760410291E-4
<1165,nurse8-0,nursingItem8-7,read> 7.496714748190912E-4
<1166,nurse8-0,nursingItem8-9,read> 7.439132608410913E-4
<1167,patient8-3,HR8-3,addNote> 9.938887472377305E-4
<1168,nurse8-1,nursingItem8-2,read> 7.584801521073488E-4
<1169,patient4-7,HR4-7,addNote> 0.0010503686129055413
<1170,nurse2-3,nursingItem2-2,read> 5.070533833382302E-4
<1171,nurse8-1,nursingItem8-1,read> 7.619543280060532E-4
<1172,nurse8-1,nursingItem8-5,read> 7.573220934744475E-4
<1173,nurse8-1,nursingItem8-7,read> 7.538479175757437E-4
<1174,nurse5-0,nursingItem5-0,read> 7.338597563991887E-4
<1175,doctor4-1,HRitem8-5-1,read> 4.887626659148618E-4
<1176,patient6-0,HR6-0,addNote> 2.8977308857901945E-4
<1177,doctor7-0,HRitem7-2-2,read> 6.226532630456291E-4
<1178,nurse5-0,nursingItem5-2,read> 7.328246324407063E-4
<1179,nurse5-0,nursingItem5-5,read> 7.421407480670491E-4
<1180,nurse5-0,nursingItem5-4,read> 7.297192605652585E-4
<1181,nurse5-2,nursingItem5-5,read> 7.50795450668414E-4
<1182,nurse0-0,nursingItem0-5,read> 7.646648120878118E-4
<1183,nurse7-3,nursingItem7-9,read> 1.6012062549669058E-4
<1184,nurse5-1,nursingItem5-5,read> 0.0013005459023569367
<1185,nurse7-3,nursingItem7-5,read> 1.6661383024789403E-4
<1186,nurse7-3,nursingItem7-6,read> 1.6444942866415956E-4
<1187,nurse7-3,nursingItem7-7,read> 1.5795622391295613E-4
<1188,agent7-01,noteItem7-9,read> 4.7109251475187654E-4
<1189,nurse7-3,nursingItem7-8,read> 1.5579182232922163E-4
<1190,doctor3-0,HR4-4,addItem> 2.830562413568059E-4
<1191,doctor7-1,HR1-2,addItem> 4.4970008282124306E-4
<1192,nurse7-3,nursingItem7-2,read> 1.7094263341536298E-4
<1193,nurse7-3,nursingItem7-3,read> 1.6336722787229233E-4
<1194,nurse7-3,nursingItem7-4,read> 1.6228502708042506E-4
<1195,nurse2-0,nursingItem2-6,read> 5.249365828680679E-4
<1196,patient8-5,HR8-5,addNote> 0.0010089500447491464
<1197,nurse7-3,nursingItem7-0,read> 2.8930552982596783E-4
<1198,nurse7-2,nursingItem7-7,read> 1.499872612650953E-4
<1199,nurse7-2,nursingItem7-4,read> 1.540976743628541E-4
<1200,nurse7-2,nursingItem7-5,read> 1.5820808746061293E-4
<1201,nurse5-2,nursingItem5-1,read> 7.392763015444262E-4
<1202,nurse5-2,nursingItem5-3,read> 7.371819107946099E-4
<1203,nurse7-2,nursingItem7-8,read> 2.59185545117082E-4
<1204,nurse7-2,nursingItem7-9,read> 1.520424678139747E-4
<1205,nurse5-2,nursingItem5-6,read> 7.497482552935061E-4
<1206,patient8-8,HR8-8,addNote> 9.712968009706059E-4
<1207,nurse5-2,nursingItem5-9,read> 7.466066691687819E-4
<1208,nurse7-2,nursingItem7-3,read> 1.5512527763729381E-4
<1209,nurse5-2,nursingItem5-8,read> 0.0012994132156345269
<1210,patient6-2,HR6-2,addNote> 3.537836030025387E-4
<1211,doctor2-0,HRitem2-3-0,read> 4.8663741834135754E-4
<1212,nurse7-1,nursingItem7-5,read> 1.5880849765970444E-4
<1213,nurse7-1,nursingItem7-6,read> 1.5674549146547825E-4
<1214,doctor8-1,HR5-6,addItem> 5.656014780860357E-4
<1215,nurse7-1,nursingItem7-7,read> 1.5055647288279966E-4
<1216,nurse7-1,nursingItem7-8,read> 1.4849346668857345E-4
<1217,nurse7-1,nursingItem7-9,read> 2.6696423867571636E-4
<1218,nurse5-1,nursingItem5-6,read> 7.454269397010364E-4
<1219,nurse5-1,nursingItem5-4,read> 0.0012787781787631206
<1220,nurse5-1,nursingItem5-3,read> 0.0012769642017969691
<1221,nurse5-1,nursingItem5-9,read> 7.423034607009504E-4
<1222,doctor3-1,HR2-1,addItem> 4.326312063944838E-4
<1223,nurse7-1,nursingItem7-0,read> 1.6087150385393065E-4
<1224,nurse5-1,nursingItem5-8,read> 7.433446203676457E-4
<1225,patient2-5,HR2-5,addNote> 0.0015360954576487161
<1226,doctor2-1,HRitem4-2-3,read> 2.1701918978355464E-4
<1227,doctor8-1,HR5-3,addItem> 5.536297567992405E-4
<1228,doctor8-0,HRitem0-2-1,read> 1.227188016193658E-4
<1229,patient5-7,HR5-7,addNote> 0.0014156050775573862
<1230,doctor6-1,HRitem5-5-0,read> 7.646463665503816E-5
<1231,doctor6-0,HRitem5-5-2,read> 7.540201286828603E-5
<1232,doctor4-0,HR3-3,addItem> 1.9823360708885114E-4
<1233,doctor3-0,HR3-7,addItem> 3.518635593300384E-4
<1234,doctor4-0,HR3-1,addItem> 2.0035967415180832E-4
<1235,doctor4-0,HR3-4,addItem> 2.0354877474624406E-4
<1236,doctor4-0,HR3-5,addItem> 2.0408029151198332E-4
<1237,doctor4-1,HR3-9,addItem> 3.3477909382136913E-4
<1238,agent9-1,noteItem9-4agent9-1,read> 0.00326404192993059
<1239,doctor4-1,HR3-0,addItem> 3.270127653641233E-4
<1240,agent9-01,HR9-2,addNote> 5.11224310290264E-4
<1241,doctor4-1,HR3-2,addItem> 3.235610638275697E-4
<1242,doctor4-1,HR3-6,addItem> 3.2787569074826174E-4
<1243,doctor4-1,HR3-8,addItem> 3.339161684372307E-4
<1244,doctor9-1,HR6-2,addItem> 6.299830825396082E-5
<1245,doctor9-1,HR6-1,addItem> 6.232781628141312E-5
<1246,doctor9-1,HR6-7,addItem> 5.562289655593614E-5
<1247,agent0-11,HR0-2,addNote> 6.862806246692557E-4
<1248,doctor2-0,HR2-7,addItem> 4.02494906666475E-4
<1249,doctor2-0,HR2-3,addItem> 4.113310586981814E-4
<1250,doctor2-0,HR2-6,addItem> 3.9954952265590626E-4
<1251,doctor2-0,HR2-0,addItem> 4.0740388001742295E-4
<1252,doctor2-0,HR2-1,addItem> 4.0838567468761257E-4
<1253,doctor2-1,HR2-9,addItem> 4.197070502644587E-4
<1254,doctor2-1,HR2-4,addItem> 4.27837789206117E-4
<1255,doctor2-1,HR2-2,addItem> 4.247887621029951E-4
<1256,nurse1-3,nursingItem1-7,read> 0.0013352636906727947
<1257,nurse1-3,nursingItem1-8,read> 7.590438214197382E-4
<1258,nurse1-3,nursingItem1-5,read> 7.569950049417453E-4
<1259,nurse1-3,nursingItem1-6,read> 7.549461884637524E-4
<1260,doctor3-1,HR3-1,addItem> 2.1384182044987388E-4
<1261,doctor3-1,HR3-3,addItem> 2.1157269093034385E-4
<1262,doctor3-1,HR3-5,addItem> 2.1781279710905133E-4
<1263,doctor3-1,HR3-4,addItem> 2.1724551472916885E-4
<1264,nurse1-3,nursingItem1-1,read> 7.641658626147203E-4
<1265,nurse1-3,nursingItem1-2,read> 0.0013388581417496995
<1266,doctor3-1,HRitem3-3-0,read> 6.672834620892183E-4
<1267,doctor3-0,HR3-6,addItem> 3.500211407800392E-4
<1268,doctor3-0,HR3-2,addItem> 3.4541509440504147E-4
<1269,doctor1-1,HRitem1-7-2,read> 7.17226780066568E-4
<1270,doctor3-0,HR3-0,addItem> 3.490999315050397E-4
<1271,agent2-01,noteItem2-4agent2-0,read> 4.2618927332530244E-4
<1272,doctor3-0,HR3-9,addItem> 3.573908149800357E-4
<1273,doctor3-0,HR3-8,addItem> 3.5646960570503614E-4
<1274,agent9-1,noteItem9-4,read> 0.001958873735855005
<1275,doctor1-1,HRitem6-3-2,read> 5.057646465028957E-4
<1276,doctor5-0,HRitem4-6-3,read> 1.4784314474487157E-4
<1277,doctor5-0,HRitem4-2-3,read> 1.6888184639348707E-4
<1278,nurse1-0,nursingItem1-1,read> 0.0013781933394867699
<1279,nurse1-0,nursingItem1-5,read> 7.941807244827431E-4
<1280,nurse1-0,nursingItem1-4,read> 0.0013800408868334536
<1281,nurse1-0,nursingItem1-7,read> 7.984796446716545E-4
<1282,nurse0-3,nursingItem0-6,read> 7.639105903140498E-4
<1283,nurse1-0,nursingItem1-9,read> 0.0013356997505130394
<1284,nurse0-3,nursingItem0-5,read> 0.0013238717813713107
<1285,nurse1-1,nursingItem1-1,read> 7.802535649855566E-4
<1286,nurse1-1,nursingItem1-0,read> 7.645639440619796E-4
<1287,doctor5-0,HRitem3-5-2,read> 3.0800976021761264E-4
<1288,nurse1-1,nursingItem1-8,read> 7.750236913443643E-4
<1289,nurse1-1,nursingItem1-7,read> 7.771156408008411E-4
<1290,patient5-3,noteItem5-3,read> 0.00438160269955272
<1291,doctor1-0,HRitem1-0-2,read> 6.619703431554578E-4
<1292,nurse1-2,nursingItem1-1,read> 7.695284300716657E-4
<1293,doctor0-0,HRitem0-2-1,read> 7.594757051216648E-5
<1294,nurse1-2,nursingItem1-3,read> 7.736548183466409E-4
<1295,doctor5-0,HR4-2,addItem> 2.101565527491526E-4
<1296,doctor6-1,HRitem6-9-3,read> 4.749485566870842E-4
<1297,nurse1-2,nursingItem1-2,read> 7.684968330029219E-4
<1298,nurse2-0,nursingItem2-5,read> 9.035072311248886E-4
<1299,doctor5-0,HR4-3,addItem> 2.0798220703885812E-4
<1300,doctor5-0,HR4-5,addItem> 2.050830794251322E-4
<1301,doctor5-0,HR4-6,addItem> 2.0653264323199514E-4
<1302,doctor5-0,HR4-7,addItem> 2.0218395181140626E-4
<1303,nurse1-2,nursingItem1-9,read> 7.458016974905586E-4
<1304,nurse1-2,nursingItem1-4,read> 7.705600271404094E-4
<1305,nurse1-2,nursingItem1-7,read> 7.664336388654344E-4
<1306,doctor2-1,HRitem2-2-0,read> 3.26181226541787E-4
<1307,agent2-1,noteItem2-0agent2-1,read> 2.7147100967236666E-4
<1308,nurse0-2,nursingItem0-1,read> 0.0013514783405498198
<1309,nurse0-0,nursingItem0-9,read> 7.699025412647361E-4
<1310,nurse0-0,nursingItem0-6,read> 7.688549954293511E-4
<1311,nurse0-0,nursingItem0-7,read> 7.678074495939663E-4
<1312,nurse0-0,nursingItem0-0,read> 7.845681829601244E-4
<1313,nurse0-0,nursingItem0-1,read> 7.835206371247394E-4
<1314,doctor5-0,HR5-6,addItem> 4.305935303331303E-4
<1315,doctor5-0,HR5-3,addItem> 4.214794351039426E-4
<1316,nurse0-1,nursingItem0-3,read> 7.674737057573448E-4
<1317,nurse0-1,nursingItem0-4,read> 7.716908356155499E-4
<1318,nurse0-1,nursingItem0-6,read> 0.0013410150976246114
<1319,nurse0-1,nursingItem0-8,read> 7.759079654737551E-4
<1320,nurse0-1,nursingItem0-9,read> 7.748536830092039E-4
<1321,patient3-3,noteItem3-3,read> 0.004159053222876905
<1322,doctor6-1,HRitem5-1-3,read> 4.671117062597873E-5
<1323,doctor0-1,HR0-6,addItem> 1.1585813315943777E-4
<1324,nurse0-2,nursingItem0-9,read> 7.600002577758005E-4
<1325,doctor0-1,HR0-5,addItem> 1.1504211109169707E-4
<1326,doctor0-1,HR0-0,addItem> 1.1422608902395633E-4
<1327,nurse0-2,nursingItem0-5,read> 7.548298948905408E-4
<1328,nurse0-2,nursingItem0-2,read> 7.537958223134889E-4
<1329,doctor0-1,HR0-9,addItem> 1.1871421039653029E-4
<1330,doctor0-1,HR0-8,addItem> 1.1953023246427103E-4
<1331,doctor0-0,HR0-3,addItem> 2.881328121115573E-4
<1332,doctor0-0,HR0-4,addItem> 2.901480204725298E-4
<1333,nurse0-3,nursingItem0-7,read> 7.628697811078315E-4
<1334,doctor0-0,HR0-1,addItem> 2.780567703066944E-4
<1335,nurse0-3,nursingItem0-8,read> 7.659922087264867E-4
<1336,nurse0-3,nursingItem0-4,read> 7.61828971901613E-4
<1337,doctor8-1,HRitem6-8-2,read> 2.634864231234118E-4
<1338,agent5-1,HR5-9,addNote> 9.362052793390452E-4
<1339,doctor0-0,HR0-7,addItem> 2.9720124973593384E-4
<1340,doctor0-0,HR9-1,addItem> 2.9567237303436417E-4
<1341,doctor0-0,HR9-5,addItem> 3.0316917225674044E-4
<1342,doctor0-0,HR9-4,addItem> 3.0067023918261496E-4
<1343,agent6-0,HR6-4,addNote> 2.3732754572334836E-4
<1344,agent6-1,HR6-3,addNote> 2.5321722875020717E-4
<1345,doctor3-1,HR2-8,addItem> 4.25350625138922E-4
<1346,doctor3-1,HR2-5,addItem> 4.2431054210241315E-4
<1347,doctor3-1,HR2-6,addItem> 4.232704590659044E-4
<1348,doctor3-1,HR2-0,addItem> 4.31591123357975E-4
<1349,nurse2-1,nursingItem2-9,read> 5.246424930688149E-4
<1350,nurse2-1,nursingItem2-7,read> 9.037301831428626E-4
<1351,nurse2-1,nursingItem2-5,read> 5.183462584657723E-4
<1352,nurse2-1,nursingItem2-3,read> 8.964414242096768E-4
<1353,nurse2-1,nursingItem2-4,read> 5.193956308996127E-4
<1354,nurse2-1,nursingItem2-1,read> 5.141487687304104E-4
<1355,nurse2-1,nursingItem2-2,read> 5.172968860319318E-4
<1356,nurse2-1,nursingItem2-0,read> 8.9461923447638E-4
<1357,nurse2-0,nursingItem2-7,read> 5.238802838835089E-4
<1358,doctor1-1,HR1-0,addItem> 5.679810514151555E-4
<1359,nurse2-0,nursingItem2-8,read> 5.270491808371855E-4
<1360,agent7-0,noteItem7-9,read> 0.0010435593681212456
<1361,doctor1-1,HR1-3,addItem> 5.639901627939111E-4
<1362,nurse2-0,nursingItem2-9,read> 5.281054798217444E-4
<1363,nurse2-0,nursingItem2-2,read> 5.207113869298323E-4
<1364,nurse2-0,nursingItem2-3,read> 5.196550879452736E-4
<1365,nurse2-0,nursingItem2-0,read> 5.185987889607147E-4
<1366,nurse2-0,nursingItem2-1,read> 5.175424899761557E-4
<1367,doctor1-1,HRitem1-3-1,read> 7.384792558016106E-4
<1368,doctor3-1,HRitem2-0-1,read> 2.1046646014674455E-4
<1369,doctor1-0,HRitem0-8-2,read> 2.5923592797640326E-4
<1370,doctor4-1,HR4-1,addItem> 3.84040713768692E-4
<1371,doctor5-0,HR3-4,addItem> 1.6017576480031542E-4
<1372,doctor5-0,HR3-3,addItem> 1.5599317492412395E-4
<1373,doctor5-0,HR3-1,addItem> 1.5766621087460054E-4
<1374,doctor9-1,HRitem6-1-1,read> 5.078898940763999E-4
<1375,doctor5-0,HR3-5,addItem> 1.6059402378793455E-4
<1376,doctor4-1,HR4-8,addItem> 3.6957136191555456E-4
<1377,doctor4-0,HR4-1,addItem> 3.8548176710365893E-4
<1378,doctor4-1,HR8-4,addItem> 2.248077010040577E-4
<1379,doctor4-1,HR8-7,addItem> 2.2223315758552865E-4
<1380,doctor4-1,HR8-2,addItem> 2.3424769353866422E-4
<1381,doctor4-0,HR4-8,addItem> 3.7095812124732013E-4
<1382,doctor4-0,HR4-9,addItem> 3.6567679548137874E-4
<1383,doctor1-0,HR1-7,addItem> 5.195070882993297E-4
<1384,doctor6-1,HRitem6-5-3,read> 1.3703419249990915E-4
<1385,doctor7-0,HRitem7-5-2,read> 8.28403793755509E-5
<1386,nurse2-3,nursingItem2-4,read> 5.091105689016005E-4
<1387,nurse2-3,nursingItem2-7,read> 5.101391616832857E-4
<1388,nurse2-3,nursingItem2-5,read> 5.080819761199154E-4
<1389,doctor1-0,HR1-0,addItem> 5.57364583164405E-4
<1390,doctor8-1,HRitem6-0-1,read> 2.7092478963067657E-4
<1391,doctor7-1,HRitem7-5-1,read> 8.071513180204666E-5
<1392,nurse2-2,nursingItem2-1,read> 8.894033234973383E-4
<1393,nurse2-2,nursingItem2-2,read> 8.948491130450725E-4
<1394,nurse2-2,nursingItem2-8,read> 5.201370604327633E-4
<1395,agent2-0,noteItem2-4,read> 7.207398359944207E-4
<1396,nurse0-1,HR0-1,addItem> 1.049128181447192E-4
<1397,nurse0-1,HR0-0,addItem> 1.0643352334506542E-4

