<0,patient7-7,noteItem7-7,read> 0.0010346183872344543
<1,patient9-4,noteItem9-4,read> 0.0018969875226762401
<2,doctor9-0,HRitem1-7-2,read> 5.070002572140969E-4
<3,patient4-8,noteItem4-8,read> 0.0029048814497238265
<4,nurse5-1,HR5-7,addItem> 1.0038690259364336E-4
<5,agent9-1,noteItem9-4agent9-1,read> 0.0022885936095747715
<6,nurse4-2,HR4-5,addItem> 7.503517986394362E-5
<7,agent0-11,noteItem0-6agent0-1,read> 0.001936170095271688
<8,doctor4-1,HR0-6,addItem> 2.3345218180826735E-4
<9,doctor4-1,HR0-4,addItem> 2.367523451794341E-4
<10,doctor9-0,HRitem1-9-1,read> 5.122818373723389E-4
<11,patient1-5,noteItem1-5,read> 0.0010615674227170103
<12,patient0-0,noteItem0-0agent0-0,read> 0.0022218501051932574
<13,patient2-0,noteItem2-0,read> 0.0011639737575507222
<14,agent2-11,HR2-2,addNote> 7.888110850796774E-4
<15,patient4-3,noteItem4-3,read> 0.0029965081703645156
<16,patient5-0,noteItem5-0,read> 0.0031150839264877618
<17,nurse7-1,HR7-9,addItem> 8.913879127632174E-5
<18,nurse8-2,nursingItem8-9,read> 4.3095031012052647E-4
<19,patient9-8,noteItem9-8,read> 0.0019401059794483292
<20,patient3-2,noteItem3-2,read> 0.002931830485206382
<21,doctor9-0,HRitem6-2-1,read> 3.3044457763857954E-4
<22,nurse1-0,nursingItem1-2,read> 9.788310721802775E-4
<23,doctor4-1,HR0-8,addItem> 2.4087754939339256E-4
<24,doctor4-1,HR0-3,addItem> 2.3510226349385073E-4
<25,nurse0-2,nursingItem0-6,read> 5.403820193410574E-4
<26,nurse1-0,nursingItem1-4,read> 9.814589535754703E-4
<27,doctor4-1,HR0-1,addItem> 2.2685185506593378E-4
<28,patient9-9,HR9-9,addNote> 9.317975934338254E-4
<29,nurse1-0,nursingItem1-5,read> 9.709474279946987E-4
<30,nurse8-3,nursingItem8-0,read> 4.343082149355167E-4
<31,agent4-0,HR4-5,addNote> 5.081191388741998E-4
<32,patient3-5,noteItem3-5,read> 0.0028994916426273156
<33,agent3-1,noteItem3-3,read> 7.338862149015597E-4
<34,nurse8-3,nursingItem8-6,read> 4.2704728347183645E-4
<35,agent8-1,HR8-5,addNote> 4.8350369752482353E-4
<36,nurse2-0,nursingItem2-3,read> 3.6924103638824384E-4
<37,nurse4-1,HR4-0,addItem> 7.894010298380262E-5
<38,agent7-0,noteItem7-7,read> 7.170853035719243E-4
<39,doctor2-0,HR2-5,addItem> 2.9088887115030597E-4
<40,doctor3-1,HR3-2,addItem> 1.9202829007450067E-4
<41,nurse2-2,nursingItem2-1,read> 3.629140932871693E-4
<42,nurse9-1,nursingItem9-4,read> 4.6390436461923054E-4
<43,doctor6-0,HR1-9,addItem> 2.1322046768632217E-4
<44,patient8-7,HR8-7,addNote> 6.907866005207533E-4
<45,nurse2-3,HR2-0,addItem> 1.0946315614690757E-4
<46,nurse9-0,nursingItem9-2,read> 4.862490249851274E-4
<47,patient5-7,noteItem5-7agent5-1,read> 0.0012100661626013934
<48,doctor3-0,HRitem3-8-3,read> 2.2594063265174072E-4
<49,doctor1-1,HRitem7-2-2,read> 4.41357760961661E-4
<50,patient8-2,noteItem8-2,read> 0.0014442437265693021
<51,patient3-3,noteItem3-3agent3-0,read> 0.001907180457975692
<52,nurse9-0,nursingItem9-0,read> 8.719951923040962E-4
<53,nurse8-2,nursingItem8-7,read> 4.342964141136978E-4
<54,doctor5-0,HR0-2,addItem> 5.191666893172369E-4
<55,patient5-9,noteItem5-9,read> 0.0030180673987505605
<56,nurse2-3,HR2-1,addItem> 1.0972694927347909E-4
<57,patient1-4,noteItem1-4agent1-0,read> 0.0015876697392624719
<58,patient0-3,noteItem0-3,read> 0.0012178718285158338
<59,nurse1-3,nursingItem1-8,read> 5.404372961355846E-4
<60,agent3-1,noteItem3-3agent3-0agent3-1,read> 3.02477569594181E-4
<61,patient1-4,noteItem1-4,read> 9.483814736902761E-4
<62,nurse2-0,nursingItem2-1,read> 3.677368719355038E-4
<63,nurse2-1,nursingItem2-9,read> 6.465931888516629E-4
<64,nurse4-2,HR4-0,addItem> 7.796251656914253E-5
<65,nurse0-3,nursingItem0-1,read> 9.647085384358572E-4
<66,doctor1-1,HR7-1,addItem> 1.3169804465120477E-4
<67,nurse2-3,HR2-2,addItem> 1.1025453552662213E-4
<68,nurse2-3,HR2-3,addItem> 1.1051832865319365E-4
<69,nurse2-3,HR2-8,addItem> 1.0788039738747842E-4
<70,agent8-01,HR8-2,addNote> 4.6314493249496197E-4
<71,nurse2-3,HR2-9,addItem> 1.0893556989376452E-4
<72,patient7-3,noteItem7-3,read> 9.591610878832982E-4
<73,patient1-0,noteItem1-0,read> 0.0012502106710949009
<74,agent4-01,HR4-5,addNote> 4.7345391934597796E-4
<75,patient6-1,noteItem6-1,read> 0.0030557960484261393
<76,patient4-6,HR4-6,addNote> 7.604119984734185E-4
<77,nurse4-2,nursingItem4-5,read> 5.1492653023345E-4
<78,nurse2-3,HR2-4,addItem> 1.110459149063367E-4
<79,nurse2-3,HR2-5,addItem> 1.0761660426090692E-4
<80,nurse1-1,nursingItem1-2,read> 5.547938489497582E-4
<81,doctor2-0,HRitem9-8-2,read> 2.7765772096790143E-4
<82,nurse2-3,HR2-6,addItem> 1.0735281113433541E-4
<83,nurse2-3,HR2-7,addItem> 1.0814419051404996E-4
<84,patient8-8,noteItem8-8,read> 0.0014226844981832581
<85,doctor5-0,HRitem8-6-2,read> 4.0212316550043497E-4
<86,nurse9-3,nursingItem9-3,read> 8.013113724500516E-4
<87,nurse4-2,HR4-4,addItem> 7.663190897587029E-5
<88,agent0-01,noteItem0-0agent0-0,read> 0.0012682476319748738
<89,nurse8-2,nursingItem8-6,read> 7.879670422870921E-4
<90,nurse1-3,nursingItem1-5,read> 5.389785439444745E-4
<91,patient1-6,noteItem1-6,read> 0.0010453980014274767
<92,nurse9-0,nursingItem9-6,read> 8.431019722515977E-4
<93,nurse8-2,nursingItem8-4,read> 7.928388678850543E-4
<94,patient2-3,noteItem2-3,read> 0.0011370247220681665
<95,patient0-9,HR0-9,addNote> 7.764793980009568E-4
<96,patient5-8,noteItem5-8,read> 0.003039626627136605
<97,agent8-0,HR8-2,addNote> 4.8361542674888293E-4
<98,patient0-2,noteItem0-2,read> 0.0012070922143228116
<99,patient3-4,noteItem3-4,read> 0.0029102712568203374
<100,patient9-0,noteItem9-0,read> 0.0018808181013867066
<101,patient6-7,HR6-7,addNote> 2.1679831445837897E-4
<102,nurse3-1,nursingItem3-3,read> 3.6067117553274607E-4
<103,nurse2-2,HR2-1,addItem> 1.1120475330409833E-4
<104,nurse2-2,HR2-2,addItem> 1.1173944509600424E-4
<105,patient6-6,noteItem6-6,read> 0.003066575662619161
<106,agent5-1,HR5-7,addNote> 6.729897579097727E-4
<107,patient0-2,HR0-2,addNote> 7.416666990246242E-4
<108,patient4-0,noteItem4-0,read> 0.0029533897135924267
<109,nurse2-2,HR2-0,addItem> 1.1093740740814537E-4
<110,doctor6-0,HR1-3,addItem> 2.2489045907622348E-4
<111,nurse9-1,HR9-2,addItem> 9.468380416092545E-5
<112,agent3-0,noteItem3-3agent3-0agent3-1,read> 2.1351906681973577E-4
<113,agent2-0,noteItem2-4,read> 5.055789153392128E-4
<114,nurse2-2,HR2-9,addItem> 1.1040271561623946E-4
<115,nurse2-0,nursingItem2-5,read> 6.41248988079775E-4
<116,nurse9-3,nursingItem9-1,read> 4.6165316210904225E-4
<117,nurse2-2,HR2-7,addItem> 1.096006779283806E-4
<118,nurse1-2,HR1-0,addItem> 1.1295763656803896E-4
<119,doctor4-1,HRitem4-7-3,read> 9.040466851234648E-5
<120,nurse3-0,HR3-9,addItem> 1.0186648996188724E-4
<121,doctor9-1,HR9-2,addItem> 6.691290849075926E-4
<122,doctor8-0,HRitem8-6-3,read> 4.0061414259808003E-4
<123,nurse2-2,HR2-8,addItem> 1.0933333203242763E-4
<124,doctor7-0,HR8-4,addItem> 2.518818082341318E-4
<125,patient8-2,noteItem8-2agent8-0,read> 0.0025219965379238577
<126,agent4-11,noteItem4-1agent4-1,read> 0.0019383137943913681
<127,nurse2-2,HR2-5,addItem> 1.0906598613647468E-4
<128,nurse2-2,HR2-6,addItem> 1.0879864024052173E-4
<129,doctor2-0,HRitem2-5-3,read> 5.137908602746938E-4
<130,doctor2-1,HR2-5,addItem> 2.919682361638507E-4
<131,nurse2-2,HR2-3,addItem> 1.120067909919572E-4
<132,patient6-2,noteItem6-2agent6-1,read> 0.0020766179603236117
<133,nurse2-2,HR2-4,addItem> 1.1254148278386312E-4
<134,patient1-3,noteItem1-3,read> 9.699407020763203E-4
<135,nurse6-2,nursingItem6-3,read> 1.2373055419738358E-4
<136,doctor2-0,HR2-3,addItem> 2.987322642647663E-4
<137,nurse6-2,nursingItem6-2,read> 2.1350351243445758E-4
<138,nurse6-2,nursingItem6-1,read> 1.2223945035568778E-4
<139,patient2-1,HR2-1,addNote> 0.0011138947880792573
<140,patient8-5,noteItem8-5agent8-1,read> 0.0025268376094195123
<141,nurse6-2,nursingItem6-0,read> 1.2149389843483987E-4
<142,patient0-6,noteItem0-6agent0-1,read> 0.003427276907611315
<143,agent9-0,noteItem9-1agent9-0,read> 0.0023059874099625845
<144,doctor5-0,HR0-7,addItem> 5.510336983801875E-4
<145,nurse6-2,nursingItem6-7,read> 9.987289273025061E-5
<146,nurse6-2,nursingItem6-6,read> 1.0136399657194641E-4
<147,nurse5-3,HR5-2,addItem> 1.0020024935732074E-4
<148,nurse6-3,nursingItem6-4,read> 1.7134628781759068E-4
<149,doctor0-0,HR5-2,addItem> 2.0318939495316498E-4
<150,nurse6-2,nursingItem6-5,read> 9.614513312601109E-5
<151,agent7-1,noteItem7-8agent7-1,read> 2.646136206969541E-4
<152,nurse3-2,nursingItem3-0,read> 3.607449262460177E-4
<153,nurse6-2,nursingItem6-4,read> 9.83817888885548E-5
<154,nurse1-1,HR1-8,addItem> 1.0863043913360492E-4
<155,patient8-8,HR8-8,addNote> 6.88108700599497E-4
<156,nurse2-0,nursingItem2-0,read> 6.373465345980962E-4
<157,agent1-11,noteItem1-4agent1-0agent1-1,read> 4.277748736699553E-4
<158,doctor1-0,HRitem1-5-1,read> 1.6293935190910507E-4
<159,patient6-7,noteItem6-7,read> 0.003077355276812183
<160,nurse6-2,nursingItem6-9,read> 1.0285510041364224E-4
<161,nurse6-2,nursingItem6-8,read> 1.0434620425533805E-4
<162,nurse8-1,HR8-5,addItem> 7.928554827408721E-5
<163,doctor7-0,HR7-0,addItem> 2.4156310561833833E-4
<164,patient3-4,HR3-4,addNote> 0.0010255240906777976
<165,patient2-9,HR2-9,addNote> 0.001105861088315488
<166,doctor5-1,HRitem5-5-0,read> 5.3538875056464756E-5
<167,agent3-01,HR3-3,addNote> 3.32095289961078E-4
<168,nurse8-1,HR8-4,addItem> 7.750357247395167E-5
<169,nurse9-2,HR9-7,addItem> 9.237638936700562E-5
<170,nurse8-1,nursingItem8-8,read> 8.829556742791935E-4
<171,nurse8-1,HR8-3,addItem> 7.809756440733018E-5
<172,nurse5-0,nursingItem5-1,read> 9.038225344898533E-4
<173,doctor3-1,HRitem3-3-2,read> 2.4487484380904733E-4
<174,patient4-5,noteItem4-5agent4-0,read> 0.003490210837054827
<175,nurse8-1,HR8-2,addItem> 8.077052810753352E-5
<176,nurse7-0,HR7-7,addItem> 8.894472062687743E-5
<177,nurse8-1,HR8-9,addItem> 7.690958054057313E-5
<178,patient4-1,noteItem4-1,read> 0.002947999906495916
<179,nurse4-2,nursingItem4-6,read> 5.311805631122245E-4
<180,doctor5-0,HRitem8-0-0,read> 2.466938065578855E-4
<181,patient4-9,HR4-9,addNote> 7.389887991033678E-4
<182,nurse0-1,nursingItem0-2,read> 5.464393526303339E-4
<183,patient6-3,noteItem6-3,read> 0.003034236820040094
<184,agent8-11,noteItem8-5agent8-1,read> 0.0013576982337462928
<185,nurse8-1,HR8-8,addItem> 7.631558860719463E-5
<186,patient7-1,HR7-1,addNote> 8.809174949299545E-4
<187,agent4-0,noteItem4-5,read> 0.0015435909734498603
<188,nurse4-1,nursingItem4-2,read> 5.228794569789946E-4
<189,patient0-1,noteItem0-1,read> 0.0010777368440065436
<190,patient6-4,noteItem6-4,read> 0.0030881348910052056
<191,agent5-0,noteItem5-1agent5-0,read> 0.0010313696477852268
<192,agent4-01,noteItem4-5,read> 0.00143828315120373
<193,doctor4-0,HRitem9-5-2,read> 5.35671692358839E-4
<194,nurse2-1,HR2-0,addItem> 1.1167453303876429E-4
<195,nurse8-1,HR8-7,addItem> 7.661258457388388E-5
<196,patient8-1,noteItem8-1,read> 0.0013795660414111688
<197,nurse2-1,HR2-1,addItem> 1.1194365531940796E-4
<198,nurse0-1,nursingItem0-5,read> 9.471953881403987E-4
<199,agent9-1,HR9-4,addNote> 9.048172388981434E-4
<200,patient2-1,noteItem2-1,read> 0.0011531941433577
<201,nurse8-1,HR8-6,addItem> 7.869155634070871E-5
<202,nurse2-1,HR2-2,addItem> 1.124818998806953E-4
<203,patient3-9,noteItem3-9,read> 0.0029749489419784716
<204,nurse8-3,nursingItem8-2,read> 7.893092749187353E-4
<205,nurse2-1,HR2-3,addItem> 1.1275102216133897E-4
<206,nurse2-1,HR2-4,addItem> 1.1328926672262633E-4
<207,nurse2-1,HR2-5,addItem> 1.0979067707425857E-4
<208,patient3-7,HR3-7,addNote> 0.0010228461907565412
<209,agent8-1,noteItem8-5,read> 7.699712326616212E-4
<210,nurse8-2,HR8-2,addItem> 6.555613500140533E-5
<211,nurse4-3,nursingItem4-1,read> 5.072930252654106E-4
<212,nurse2-1,HR2-6,addItem> 1.0952155479361491E-4
<213,nurse1-0,nursingItem1-8,read> 9.735753093898917E-4
<214,doctor9-1,HR9-7,addItem> 6.466347255690392E-4
<215,agent1-0,noteItem1-4agent1-0agent1-1,read> 3.274221200058306E-4
<216,agent0-1,noteItem0-6agent0-1,read> 0.0022908619826758824
<217,agent3-0,noteItem3-3,read> 7.279796860089918E-4
<218,patient5-7,noteItem5-7,read> 0.0030288470129435827
<219,nurse1-1,HR1-1,addItem> 1.1480020993324997E-4
<220,nurse8-1,nursingItem8-6,read> 5.334396862745085E-4
<221,patient5-6,noteItem5-6,read> 0.0030611858555226502
<222,nurse8-1,HR8-1,addItem> 8.136452004091206E-5
<223,nurse1-1,nursingItem1-3,read> 9.700463425175066E-4
<224,nurse2-1,HR2-7,addItem> 1.1032892163554592E-4
<225,doctor7-0,HR3-9,addItem> 2.0543291349746302E-4
<226,patient3-3,noteItem3-3,read> 0.00292105087101336
<227,nurse1-3,HR1-0,addItem> 1.1217047533759968E-4
<228,nurse8-1,HR8-0,addItem> 7.987954020746575E-5
<229,patient8-4,HR8-4,addNote> 6.988203002845226E-4
<230,nurse2-1,HR2-8,addItem> 1.1005979935490224E-4
<231,nurse5-3,nursingItem5-9,read> 9.232743010219818E-4
<232,nurse8-1,nursingItem8-7,read> 5.350887559557847E-4
<233,nurse2-1,HR2-9,addItem> 1.1113628847747693E-4
<234,agent4-11,HR4-1,addNote> 4.953822492527295E-4
<235,patient3-7,noteItem3-7,read> 0.0030072877845575387
<236,nurse6-3,nursingItem6-0,read> 1.2217837110207842E-4
<237,nurse2-0,HR2-9,addItem> 1.118698613387144E-4
<238,nurse6-3,nursingItem6-2,read> 1.2367787552879783E-4
<239,patient1-0,HR1-0,addNote> 0.0011433516872130772
<240,nurse7-0,nursingItem7-0,read> 1.1349874238090195E-4
<241,nurse0-1,HR0-3,addItem> 7.704746393468817E-5
<242,nurse6-3,nursingItem6-1,read> 1.2292812331543814E-4
<243,doctor2-1,HR2-0,addItem> 2.9697800673636905E-4
<244,nurse6-3,nursingItem6-3,read> 1.2442762774215758E-4
<245,nurse6-3,nursingItem6-6,read> 1.0193506134136583E-4
<246,patient3-5,HR3-5,addNote> 0.0010282019905990538
<247,patient3-0,noteItem3-0,read> 0.0029426100993994045
<248,doctor1-0,HRitem1-7-1,read> 1.8554843634519888E-4
<249,nurse9-1,HR9-8,addItem> 9.203128717731134E-5
<250,patient6-0,noteItem6-0,read> 0.003045016434233116
<251,doctor4-1,HR4-4,addItem> 1.1503647120068588E-4
<252,nurse8-0,HR8-9,addItem> 7.648348868162259E-5
<253,nurse2-3,nursingItem2-6,read> 3.632178029949767E-4
<254,nurse6-3,nursingItem6-5,read> 1.6745082437494258E-4
<255,nurse9-2,nursingItem9-1,read> 8.179007675181329E-4
<256,patient3-8,noteItem3-8,read> 0.0029911183632680047
<257,nurse6-3,nursingItem6-8,read> 1.0493407019480474E-4
<258,patient7-9,HR7-9,addNote> 9.023406943000054E-4
<259,nurse6-3,nursingItem6-7,read> 1.004355569146464E-4
<260,nurse6-3,nursingItem6-9,read> 1.034345657680853E-4
<261,nurse8-0,HR8-2,addItem> 8.032304595735328E-5
<262,nurse8-0,HR8-1,addItem> 8.091374707669646E-5
<263,nurse8-0,HR8-4,addItem> 7.707418980096578E-5
<264,patient8-5,noteItem8-5,read> 0.0014711927620518583
<265,nurse3-3,HR3-5,addItem> 1.0451588450167295E-4
<266,nurse8-0,HR8-3,addItem> 7.766489092030896E-5
<267,patient0-0,noteItem0-0,read> 0.0010992960723925883
<268,nurse3-3,HR3-1,addItem> 1.0261044026984648E-4
<269,patient6-9,noteItem6-9,read> 0.0031312533477772953
<270,patient5-5,noteItem5-5,read> 0.0030504062413296276
<271,patient9-4,noteItem9-4agent9-1,read> 0.0024881090374542737
<272,patient8-0,noteItem8-0,read> 0.0013741762343146573
<273,nurse8-0,HR8-6,addItem> 7.825559203965214E-5
<274,doctor4-1,HRitem4-3-1,read> 2.3281114389916185E-4
<275,nurse3-3,HR3-0,addItem> 1.0315485290751119E-4
<276,nurse2-0,HR2-0,addItem> 1.124116586693832E-4
<277,nurse8-0,HR8-5,addItem> 7.884629315899531E-5
<278,agent4-0,noteItem4-5agent4-0,read> 0.002419159304037267
<279,nurse3-3,HR3-3,addItem> 1.0152161499451706E-4
<280,doctor6-0,HR1-7,addItem> 2.116291052240629E-4
<281,nurse8-0,HR8-8,addItem> 7.589278756227941E-5
<282,nurse3-3,HR3-2,addItem> 1.0206602763218176E-4
<283,nurse0-0,nursingItem0-5,read> 5.436935773800328E-4
<284,doctor1-1,HR1-3,addItem> 1.3197410852553516E-4
<285,nurse9-3,nursingItem9-8,read> 4.6675866742365747E-4
<286,nurse8-0,HR8-7,addItem> 7.618813812195099E-5
<287,patient0-4,HR0-4,addNote> 7.684456982371877E-4
<288,patient1-7,HR1-7,addNote> 0.0010683704894178993
<289,nurse6-1,nursingItem6-7,read> 1.7281793507723122E-4
<290,nurse2-0,HR2-3,addItem> 1.1349525333072075E-4
<291,nurse4-1,nursingItem4-8,read> 5.363449666907637E-4
<292,patient5-3,noteItem5-3,read> 0.003071965469715672
<293,nurse3-3,HR3-4,addItem> 1.042436781828406E-4
<294,nurse2-0,HR2-4,addItem> 1.1403705066138955E-4
<295,patient3-1,noteItem3-1,read> 0.002937220292302893
<296,nurse3-3,HR3-7,addItem> 1.0397147186400825E-4
<297,nurse2-0,HR2-1,addItem> 1.1268255733471758E-4
<298,nurse3-3,HR3-6,addItem> 1.0342705922634354E-4
<299,doctor5-0,HRitem8-9-2,read> 2.31603577534337E-4
<300,agent6-01,noteItem6-4agent6-0,read> 4.6897440486937185E-4
<301,nurse2-0,HR2-2,addItem> 1.1322435466538636E-4
<302,nurse2-0,HR2-7,addItem> 1.1105716534271123E-4
<303,nurse2-3,nursingItem2-1,read> 6.264001594742008E-4
<304,nurse3-3,HR3-9,addItem> 1.0560470977700238E-4
<305,nurse8-3,nursingItem8-1,read> 4.32988045578484E-4
<306,nurse2-0,HR2-8,addItem> 1.1078626667737684E-4
<307,nurse3-3,HR3-8,addItem> 1.0533250345817002E-4
<308,agent3-0,noteItem3-3agent3-0,read> 7.453592450031915E-4
<309,nurse2-0,HR2-5,addItem> 1.1051536801204247E-4
<310,patient9-1,noteItem9-1agent9-0,read> 0.002546201895402132
<311,nurse9-0,nursingItem9-3,read> 4.79367691734994E-4
<312,nurse8-0,HR8-0,addItem> 7.943699427833851E-5
<313,patient9-0,HR9-0,addNote> 9.45187093040107E-4
<314,nurse9-3,nursingItem9-7,read> 4.660293095215696E-4
<315,agent5-1,noteItem5-7,read> 0.0015667318759193527
<316,nurse4-2,nursingItem4-1,read> 8.896470483839428E-4
<317,nurse2-0,HR2-6,addItem> 1.1024446934670807E-4
<318,agent9-0,noteItem9-1,read> 0.0013461421655172378
<319,agent4-1,noteItem4-1,read> 0.0015152150799674084
<320,patient1-9,noteItem1-9,read> 0.0011262451078751438
<321,patient4-7,noteItem4-7,read> 0.0029156610639168488
<322,agent6-1,noteItem6-2agent6-1,read> 0.0015581403965007734
<323,nurse8-3,HR8-2,addItem> 6.466117070104483E-5
<324,nurse7-0,HR7-9,addItem> 8.947579993899214E-5
<325,nurse8-3,HR8-3,addItem> 6.252131887456627E-5
<326,agent6-11,noteItem6-2,read> 0.0013117191537723274
<327,nurse8-3,HR8-0,addItem> 6.394788675888533E-5
<328,nurse8-3,HR8-1,addItem> 6.513669332915119E-5
<329,agent5-01,noteItem5-1,read> 0.0015651900458852571
<330,doctor0-1,HR7-7,addItem> 6.278894261202448E-4
<331,nurse4-2,nursingItem4-2,read> 8.999474906012567E-4
<332,nurse4-0,nursingItem4-2,read> 5.26117100675459E-4
<333,patient1-8,HR1-8,addNote> 0.0010844378889454372
<334,nurse8-3,HR8-8,addItem> 6.109475099024722E-5
<335,nurse8-3,HR8-9,addItem> 6.157027361835356E-5
<336,nurse8-3,HR8-6,addItem> 6.299684150267263E-5
<337,agent7-01,HR7-7,addNote> 3.626785380345846E-4
<338,nurse5-2,nursingItem5-0,read> 5.263628715882137E-4
<339,nurse8-3,HR8-7,addItem> 6.133251230430038E-5
<340,agent4-11,noteItem4-1,read> 0.0014503930444607813
<341,nurse8-3,HR8-4,addItem> 6.204579624645993E-5
<342,patient6-4,noteItem6-4agent6-0,read> 8.857143723925185E-4
<343,nurse8-3,HR8-5,addItem> 6.347236413077896E-5
<344,nurse8-2,HR8-0,addItem> 6.48329786171398E-5
<345,patient2-4,noteItem2-4,read> 0.001120855300778633
<346,patient2-8,HR2-8,addNote> 0.0010951494886304628
<347,nurse8-2,HR8-1,addItem> 6.603823925758235E-5
<348,doctor3-1,HRitem4-7-3,read> 9.685002949446499E-5
<349,nurse3-3,nursingItem3-3,read> 3.649776970316446E-4
<350,nurse8-2,HR8-7,addItem> 6.218140520816614E-5
<351,doctor6-0,HR4-1,addItem> 1.1928801654314888E-4
<352,nurse8-2,HR8-8,addItem> 6.194035308007763E-5
<353,nurse8-2,HR8-9,addItem> 6.242245733625465E-5
<354,patient7-4,HR7-4,addNote> 8.943069945362362E-4
<355,nurse8-2,HR8-3,addItem> 6.33866658486087E-5
<356,nurse8-2,HR8-4,addItem> 6.290456159243169E-5
<357,nurse8-2,HR8-5,addItem> 6.435087436096275E-5
<358,doctor1-1,HR7-9,addItem> 1.3490083433746584E-4
<359,nurse8-2,HR8-6,addItem> 6.386877010478575E-5
<360,patient1-7,noteItem1-7,read> 0.0010400081943309659
<361,patient8-3,noteItem8-3,read> 0.0014550233407623248
<362,patient4-1,noteItem4-1agent4-1,read> 0.0035386215520113768
<363,patient5-2,HR5-2,addNote> 9.933892916227213E-4
<364,doctor2-1,HRitem6-0-1,read> 1.2110213622250701E-4
<365,agent2-01,HR2-4,addNote> 8.083719262983721E-4
<366,nurse3-0,HR3-1,addItem> 9.897821229569262E-5
<367,patient1-8,noteItem1-8,read> 0.0010238387730414323
<368,patient7-5,noteItem7-5,read> 0.0010022795446553874
<369,patient7-4,noteItem7-4,read> 9.429916665937646E-4
<370,patient9-4,HR9-4,addNote> 9.666102924101578E-4
<371,nurse9-2,HR9-9,addItem> 9.317975934338254E-5
<372,nurse9-2,HR9-8,addItem> 9.29119693512569E-5
<373,nurse9-2,HR9-5,addItem> 9.74643992173927E-5
<374,nurse9-2,HR9-6,addItem> 9.184080938275436E-5
<375,patient4-4,noteItem4-4,read> 0.0029803387490749825
<376,agent6-11,noteItem6-2agent6-1,read> 0.0010030564278456593
<377,nurse9-2,HR9-3,addItem> 9.612544925676451E-5
<378,nurse9-2,HR9-4,addItem> 9.666102924101579E-5
<379,nurse9-1,nursingItem9-2,read> 4.6832279364927013E-4
<380,nurse8-3,nursingItem8-3,read> 7.90518095198108E-4
<381,agent1-1,noteItem1-4agent1-0agent1-1,read> 5.629087541343154E-4
<382,nurse4-0,nursingItem4-6,read> 5.411714200986613E-4
<383,nurse9-2,HR9-1,addItem> 9.505428928826197E-5
<384,nurse9-2,HR9-2,addItem> 9.558986927251325E-5
<385,nurse1-3,nursingItem1-4,read> 5.448135527089143E-4
<386,nurse4-2,nursingItem4-7,read> 9.244110408673774E-4
<387,doctor8-1,HRitem8-1-0,read> 2.562195136290004E-5
<388,nurse9-2,HR9-0,addItem> 9.45187093040107E-5
<389,patient5-2,noteItem5-2,read> 0.003104304312294739
<390,agent6-01,HR6-4,addNote> 1.4805276470032788E-4
<391,nurse9-1,HR9-6,addItem> 9.097028038386569E-5
<392,patient8-9,HR8-9,addNote> 6.934645004420096E-4
<393,doctor1-1,HR7-0,addItem> 1.320983933619874E-4
<394,doctor9-0,HRitem9-1-1,read> 1.5071615543808142E-4
<395,patient9-5,noteItem9-5,read> 0.0019293263652553068
<396,nurse3-3,nursingItem3-1,read> 3.687562600239487E-4
<397,nurse9-1,HR9-7,addItem> 9.150078378058851E-5
<398,agent3-11,HR3-3,addNote> 3.203512522021401E-4
<399,nurse9-1,HR9-9,addItem> 9.229653887567275E-5
<400,nurse9-1,HR9-3,addItem> 9.521430755764827E-5
<401,nurse9-1,HR9-4,addItem> 9.574481095437109E-5
<402,nurse9-1,HR9-5,addItem> 9.654056604945534E-5
<403,nurse9-1,HR9-0,addItem> 9.362279736747979E-5
<404,patient6-5,HR6-5,addNote> 2.2750991414340437E-4
<405,nurse9-1,HR9-1,addItem> 9.415330076420261E-5
<406,doctor7-1,HRitem6-5-0,read> 1.0333663083417476E-4
<407,nurse9-3,HR9-4,addItem> 9.48285926677264E-5
<408,nurse1-1,nursingItem1-0,read> 9.441770028648367E-4
<409,nurse9-3,HR9-5,addItem> 9.561673288151797E-5
<410,nurse6-2,HR6-4,addItem> 2.4157992056818804E-5
<411,doctor2-1,HR2-3,addItem> 2.998407327778081E-4
<412,nurse9-3,HR9-6,addItem> 9.009975138497703E-5
<413,nurse9-3,HR9-7,addItem> 9.06251781941714E-5
<414,nurse9-2,nursingItem9-0,read> 4.936210011718104E-4
<415,nurse9-3,HR9-8,addItem> 9.115060500336579E-5
<416,nurse4-2,nursingItem4-0,read> 8.870719378296143E-4
<417,nurse9-3,HR9-9,addItem> 9.141331840796296E-5
<418,nurse9-3,HR9-0,addItem> 9.272688543094889E-5
<419,nurse0-2,nursingItem0-9,read> 5.411182764210564E-4
<420,patient5-4,noteItem5-4,read> 0.003082745083908694
<421,nurse9-3,HR9-1,addItem> 9.325231224014325E-5
<422,nurse9-3,HR9-2,addItem> 9.377773904933764E-5
<423,nurse9-3,HR9-3,addItem> 9.430316585853201E-5
<424,doctor1-0,HRitem4-7-3,read> 5.3428650246508714E-5
<425,nurse3-2,HR3-7,addItem> 1.021312688221674E-4
<426,nurse3-2,HR3-8,addItem> 1.0346821136156525E-4
<427,nurse1-2,HR1-7,addItem> 1.0554985558104548E-4
<428,patient0-8,noteItem0-8,read> 0.0011693635646472334
<429,doctor9-1,HR9-4,addItem> 6.766272046871104E-4
<430,nurse3-2,HR3-9,addItem> 1.0373559986944482E-4
<431,nurse3-2,HR3-3,addItem> 9.972477225125126E-5
<432,nurse3-2,HR3-4,addItem> 1.0239865733004697E-4
<433,patient0-7,HR0-7,addNote> 7.871909976859821E-4
<434,nurse3-2,HR3-5,addItem> 1.0266604583792652E-4
<435,nurse3-2,HR3-6,addItem> 1.0159649180640826E-4
<436,nurse9-2,nursingItem9-2,read> 4.7280435148323445E-4
<437,nurse3-2,HR3-0,addItem> 1.0132910329852869E-4
<438,nurse3-2,HR3-1,addItem> 1.0079432628276956E-4
<439,agent4-01,noteItem4-5agent4-0,read> 0.0018854923376981692
<440,nurse9-1,nursingItem9-9,read> 4.7568684203266957E-4
<441,nurse3-2,HR3-2,addItem> 1.002595492670104E-4
<442,nurse6-0,nursingItem6-6,read> 1.7482704476619657E-4
<443,nurse6-0,nursingItem6-7,read> 9.874756436145908E-5
<444,doctor7-1,HR6-7,addItem> 3.5452099714140094E-5
<445,agent3-01,noteItem3-3agent3-0,read> 5.463544901923529E-4
<446,nurse5-0,nursingItem5-8,read> 5.247173220196924E-4
<447,nurse6-0,nursingItem6-8,read> 1.0317047237640468E-4
<448,doctor7-1,HR6-6,addItem> 3.80795327346425E-5
<449,nurse6-0,nursingItem6-9,read> 1.7739881863955772E-4
<450,patient9-1,noteItem9-1,read> 0.0018915977155797286
<451,doctor7-1,HR6-5,addItem> 3.720372172780836E-5
<452,nurse6-0,nursingItem6-2,read> 1.2159925577201133E-4
<453,nurse6-0,nursingItem6-3,read> 2.1340365286661383E-4
<454,nurse5-1,nursingItem5-5,read> 5.30000807451505E-4
<455,nurse0-1,nursingItem0-3,read> 5.456887061611491E-4
<456,doctor7-1,HR6-3,addItem> 3.895534374147663E-5
<457,nurse6-0,nursingItem6-4,read> 9.727326168981053E-5
<458,nurse6-0,nursingItem6-5,read> 9.506180768233774E-5
<459,doctor7-1,HR6-1,addItem> 3.983115474831076E-5
<460,doctor7-1,HR6-0,addItem> 3.3262572197054754E-5
<461,doctor0-1,HR0-3,addItem> 1.486481478375754E-4
<462,nurse6-0,nursingItem6-0,read> 1.2012495310036282E-4
<463,agent4-1,noteItem4-1agent4-1,read> 0.0024260452041039663
<464,nurse6-0,nursingItem6-1,read> 2.1083187899325272E-4
<465,nurse8-1,nursingItem8-3,read> 5.392114301589753E-4
<466,nurse5-2,HR5-9,addItem> 9.989459984559544E-5
<467,doctor5-0,HRitem5-1-3,read> 3.3167065874674296E-5
<468,nurse3-1,HR3-8,addItem> 1.0408964206043349E-4
<469,patient6-2,noteItem6-2,read> 0.0030234572058470714
<470,patient5-0,HR5-0,addNote> 0.0010308798905203104
<471,patient5-6,HR5-6,addNote> 0.001012134591071516
<472,patient9-6,noteItem9-6,read> 0.0019185467510622848
<473,nurse3-1,HR3-9,addItem> 1.0435863650529733E-4
<474,nurse3-1,HR3-6,addItem> 1.0220668094638668E-4
<475,nurse3-1,HR3-7,addItem> 1.0274466983611434E-4
<476,nurse3-1,HR3-4,addItem> 1.0301366428097816E-4
<477,nurse3-1,HR3-5,addItem> 1.03282658725842E-4
<478,nurse3-1,HR3-2,addItem> 1.0086170872206752E-4
<479,nurse3-1,HR3-3,addItem> 1.0032371983233986E-4
<480,nurse3-1,HR3-0,addItem> 1.0193768650152285E-4
<481,nurse3-1,HR3-1,addItem> 1.0139969761179519E-4
<482,nurse6-1,nursingItem6-9,read> 1.0227563505919919E-4
<483,nurse6-1,nursingItem6-8,read> 1.8055845845238558E-4
<484,nurse6-1,nursingItem6-5,read> 9.560347040417441E-5
<485,nurse8-1,nursingItem8-0,read> 9.035547309016101E-4
<486,nurse6-1,nursingItem6-6,read> 1.00792931802527E-4
<487,nurse1-3,nursingItem1-1,read> 9.534180708687967E-4
<488,nurse6-1,nursingItem6-3,read> 1.230334806526096E-4
<489,nurse6-1,nursingItem6-4,read> 9.782752528918267E-5
<490,nurse6-1,nursingItem6-1,read> 1.2155077739593743E-4
<491,patient0-5,HR0-5,addNote> 7.523782987096495E-4
<492,nurse6-1,nursingItem6-2,read> 1.222921290242735E-4
<493,nurse6-1,nursingItem6-0,read> 2.1023046472381065E-4
<494,nurse5-2,nursingItem5-2,read> 5.256172711090708E-4
<495,patient8-6,noteItem8-6,read> 0.0014011252697972135
<496,nurse3-3,nursingItem3-9,read> 3.8764907498546944E-4
<497,nurse3-0,HR3-2,addItem> 9.845307090183905E-5
<498,nurse3-0,HR3-3,addItem> 9.792792950798547E-5
<499,nurse3-0,HR3-4,addItem> 1.0055363647725332E-4
<500,nurse9-3,nursingItem9-4,read> 8.05145652958884E-4
<501,doctor5-1,HRitem3-9-2,read> 5.047367228605646E-4
<502,nurse3-0,HR3-5,addItem> 1.008162071741801E-4
<503,patient9-2,HR9-2,addNote> 9.558986927251324E-4
<504,nurse9-0,HR9-0,addItem> 9.720644511360342E-5
<505,nurse3-0,HR3-6,addItem> 9.976592438647297E-5
<506,nurse3-0,HR3-7,addItem> 1.0029106578032653E-4
<507,nurse3-0,HR3-8,addItem> 1.0160391926496047E-4
<508,nurse9-0,HR9-4,addItem> 9.94096841009499E-5
<509,nurse9-0,HR9-3,addItem> 9.885887435411328E-5
<510,nurse9-0,HR9-2,addItem> 9.830806460727666E-5
<511,nurse9-0,HR9-1,addItem> 9.775725486044004E-5
<512,nurse9-0,HR9-8,addItem> 9.55540158730936E-5
<513,nurse9-0,HR9-7,addItem> 9.500320612625697E-5
<514,nurse9-0,HR9-6,addItem> 9.445239637942036E-5
<515,nurse3-0,HR3-0,addItem> 9.950335368954618E-5
<516,nurse1-2,nursingItem1-3,read> 5.508402892832674E-4
<517,nurse9-0,HR9-5,addItem> 1.0023589872120483E-4
<518,nurse9-0,HR9-9,addItem> 9.58294207465119E-5
<519,doctor1-0,HRitem6-5-3,read> 3.55280359213517E-5
<520,agent1-01,noteItem1-4,read> 2.7480131532422563E-4
<521,doctor2-1,HRitem2-0-1,read> 2.3688515769257896E-4
<522,agent3-11,noteItem3-3agent3-0,read> 5.270335062562776E-4
<523,nurse7-3,HR7-8,addItem> 9.379744533945848E-5
<524,patient8-3,HR8-3,addNote> 7.041761001270352E-4
<525,nurse0-3,nursingItem0-7,read> 5.431613698327915E-4
<526,nurse7-3,HR7-9,addItem> 9.351990389103697E-5
<527,nurse1-1,nursingItem1-1,read> 5.555385803315354E-4
<528,agent8-11,noteItem8-5,read> 7.100088711800084E-4
<529,nurse7-3,HR7-4,addItem> 9.268727954577238E-5
<530,nurse7-3,HR7-5,addItem> 9.240973809735087E-5
<531,nurse7-3,HR7-6,addItem> 9.324236244261544E-5
<532,nurse7-3,HR7-7,addItem> 9.296482099419392E-5
<533,nurse2-2,nursingItem2-2,read> 3.6514074984589763E-4
<534,patient3-6,HR3-6,addNote> 0.0010174903909140284
<535,patient2-7,noteItem2-7,read> 0.0010831266511030547
<536,nurse7-3,HR7-0,addItem> 9.157711375208626E-5
<537,nurse9-3,nursingItem9-2,read> 8.128142139765492E-4
<538,nurse7-3,HR7-1,addItem> 9.129957230366474E-5
<539,nurse7-3,HR7-2,addItem> 9.213219664892934E-5
<540,patient0-9,noteItem0-9,read> 0.0011747533717437447
<541,patient7-5,HR7-5,addNote> 8.9162909461498E-4
<542,nurse0-0,nursingItem0-3,read> 5.42201877367787E-4
<543,nurse7-3,HR7-3,addItem> 9.18546552005078E-5
<544,patient0-3,HR0-3,addNote> 7.630898983946751E-4
<545,doctor1-0,HRitem6-0-1,read> 7.051233439942645E-5
<546,nurse5-3,nursingItem5-1,read> 5.271469696905591E-4
<547,agent9-1,noteItem9-4,read> 0.0013740953520261802
<548,doctor3-1,HRitem3-1-1,read> 1.3589286232860129E-5
<549,patient2-2,noteItem2-2,read> 0.0011424145291646776
<550,nurse2-3,nursingItem2-8,read> 6.379299791969472E-4
<551,doctor3-1,HRitem3-5-1,read> 2.4827610200869714E-4
<552,doctor3-0,HRitem3-1-1,read> 1.3541688032394768E-5
<553,doctor5-0,HRitem0-5-1,read> 3.1082727990796655E-4
<554,patient0-1,HR0-1,addNote> 7.363108991821115E-4
<555,doctor0-1,HR2-3,addItem> 1.86776944447544E-4
<556,nurse0-3,nursingItem0-9,read> 5.446434769189135E-4
<557,agent1-01,HR1-4,addNote> 4.2612154502432933E-4
<558,patient5-9,HR5-9,addNote> 9.960671915439777E-4
<559,patient5-1,noteItem5-1agent5-0,read> 0.0015392590243059234
<560,nurse5-3,nursingItem5-2,read> 9.154825000873768E-4
<561,nurse3-0,nursingItem3-3,read> 6.170745637651773E-4
<562,nurse4-3,nursingItem4-6,read> 9.223683104823959E-4
<563,doctor0-1,HR2-4,addItem> 1.8766856984122696E-4
<564,doctor0-1,HR2-5,addItem> 1.8187300478228778E-4
<565,nurse1-0,nursingItem1-9,read> 9.486104361355594E-4
<566,doctor0-1,HR2-0,addItem> 1.8499369366017812E-4
<567,patient2-5,HR2-5,addNote> 0.0010924715887092064
<568,doctor3-0,HRitem3-5-1,read> 2.4740648343773845E-4
<569,patient4-2,noteItem4-2,read> 0.0030126775916540496
<570,doctor0-1,HR2-7,addItem> 1.8276463017597073E-4
<571,doctor0-1,HR2-6,addItem> 1.814271920854463E-4
<572,patient0-8,HR0-8,addNote> 7.818351978434694E-4
<573,doctor0-1,HR7-5,addItem> 6.24140366230486E-4
<574,patient2-0,HR2-0,addNote> 0.001111216888158001
<575,nurse5-0,HR5-9,addItem> 9.874307708080472E-5
<576,nurse5-3,nursingItem5-4,read> 5.263970718023146E-4
<577,nurse0-3,HR0-0,addItem> 7.446127488707913E-5
<578,doctor0-1,HR7-6,addItem> 6.297639560651243E-4
<579,patient2-8,noteItem2-8,read> 0.0010669572298135214
<580,nurse5-0,HR5-5,addItem> 9.768120462647996E-5
<581,nurse7-0,HR7-0,addItem> 8.761702234659065E-5
<582,nurse5-0,HR5-6,addItem> 1.003358857622919E-4
<583,doctor2-0,HR2-6,addItem> 2.901758354126278E-4
<584,nurse5-0,HR5-7,addItem> 9.980494953512949E-5
<585,agent0-0,noteItem0-0,read> 5.422604501311399E-4
<586,doctor5-0,HRitem5-8-2,read> 1.6973363853778814E-4
<587,nurse5-0,HR5-8,addItem> 9.927401330796713E-5
<588,patient1-6,HR1-6,addNote> 0.0010710483893391555
<589,nurse5-0,HR5-1,addItem> 1.0245963067094144E-4
<590,nurse5-0,HR5-2,addItem> 9.847760896722356E-5
<591,nurse5-0,HR5-3,addItem> 9.821214085364236E-5
<592,nurse5-0,HR5-4,addItem> 9.794667274006115E-5
<593,doctor9-0,HR1-6,addItem> 7.95113522349554E-5
<594,doctor8-0,HRitem6-6-0,read> 4.297571473998081E-5
<595,nurse7-0,HR7-8,addItem> 8.974133959504948E-5
<596,nurse7-0,HR7-6,addItem> 8.92102602829348E-5
<597,doctor5-0,HR8-6,addItem> 1.3569049378392328E-4
<598,doctor7-1,HRitem6-0-3,read> 1.9010544771957863E-4
<599,nurse5-0,HR5-0,addItem> 1.0219416255736026E-4
<600,nurse7-0,HR7-5,addItem> 8.841364131476274E-5
<601,patient1-1,HR1-1,addNote> 0.0011460295871343336
<602,nurse7-0,HR7-4,addItem> 8.867918097082007E-5
<603,nurse7-0,HR7-3,addItem> 8.788256200264803E-5
<604,nurse7-0,HR7-2,addItem> 8.814810165870538E-5
<605,nurse7-0,HR7-1,addItem> 8.73514826905333E-5
<606,patient2-2,noteItem2-2agent2-1,read> 5.855679396619179E-4
<607,patient0-6,HR0-6,addNote> 7.577340985521622E-4
<608,doctor0-1,HRitem2-3-3,read> 2.964915623355955E-4
<609,nurse4-2,HR4-3,addItem> 7.60996659385614E-5
<610,nurse4-2,HR4-6,addItem> 7.556742290125251E-5
<611,nurse4-2,HR4-8,addItem> 7.450293682663471E-5
<612,nurse4-2,HR4-7,addItem> 7.397069378932582E-5
<613,nurse7-1,HR7-1,addItem> 8.702247522277236E-5
<614,nurse7-1,HR7-0,addItem> 8.728701472946603E-5
<615,nurse4-2,HR4-9,addItem> 7.343845075201693E-5
<616,nurse7-1,HR7-3,addItem> 8.755155423615971E-5
<617,doctor6-1,HR6-7,addItem> 3.247293167093505E-5
<618,nurse5-1,nursingItem5-8,read> 9.184537820677043E-4
<619,nurse7-1,HR7-2,addItem> 8.781609374285338E-5
<620,agent8-11,HR8-5,addNote> 4.45850312230855E-4
<621,doctor6-1,HR6-6,addItem> 3.487957200063893E-5
<622,agent3-01,noteItem3-3,read> 7.516058015792634E-4
<623,agent9-01,noteItem9-1,read> 5.567539441847994E-4
<624,patient3-3,noteItem3-3agent3-0agent3-1,read> 7.695286564968021E-4
<625,nurse7-1,HR7-5,addItem> 8.808063324954706E-5
<626,doctor6-1,HR6-5,addItem> 3.40773585574043E-5
<627,nurse2-0,nursingItem2-6,read> 6.451514415614541E-4
<628,nurse7-1,HR7-4,addItem> 8.834517275624072E-5
<629,nurse7-1,HR7-7,addItem> 8.86097122629344E-5
<630,doctor6-1,HR6-3,addItem> 3.5681785443873555E-5
<631,nurse7-1,HR7-6,addItem> 8.887425176962807E-5
<632,nurse4-2,HR4-2,addItem> 7.689803049452473E-5
<633,nurse4-3,nursingItem4-7,read> 5.271160898720551E-4
<634,doctor6-1,HR6-1,addItem> 3.648399888710818E-5
<635,nurse7-1,HR7-8,addItem> 8.94033307830154E-5
<636,nurse4-2,HR4-1,addItem> 7.743027353183364E-5
<637,doctor6-1,HR6-0,addItem> 3.0467398062848476E-5
<638,doctor6-0,HR6-8,addItem> 1.1311543931623857E-4
<639,doctor6-0,HR6-9,addItem> 1.267506504844441E-4
<640,nurse4-3,HR4-7,addItem> 7.35069276840636E-5
<641,doctor0-0,HRitem0-4-2,read> 3.545889440762572E-4
<642,nurse4-3,HR4-6,addItem> 7.509364595516315E-5
<643,nurse4-3,HR4-5,addItem> 7.456473986479664E-5
<644,nurse4-3,HR4-4,addItem> 7.615145813589619E-5
<645,nurse7-2,HR7-2,addItem> 8.748408582700138E-5
<646,nurse7-2,HR7-1,addItem> 8.66934677550114E-5
<647,nurse7-2,HR7-0,addItem> 8.695700711234138E-5
<648,nurse2-2,nursingItem2-3,read> 3.643985309929882E-4
<649,patient3-6,noteItem3-6,read> 0.0028887120284342934
<650,nurse4-3,HR4-9,addItem> 7.297802159369706E-5
<651,nurse4-3,HR4-8,addItem> 7.40358337744301E-5
<652,nurse7-2,HR7-6,addItem> 8.853824325632135E-5
<653,doctor6-0,HR6-4,addItem> 1.2266008713398242E-4
<654,nurse7-2,HR7-5,addItem> 8.774762518433139E-5
<655,nurse7-2,HR7-4,addItem> 8.801116454166135E-5
<656,nurse7-2,HR7-3,addItem> 8.722054646967139E-5
<657,nurse4-3,HR4-3,addItem> 7.562255204552967E-5
<658,doctor0-1,HRitem2-7-0,read> 5.01718677055855E-4
<659,nurse7-2,HR7-9,addItem> 8.880178261365134E-5
<660,nurse4-3,HR4-2,addItem> 7.641591118107945E-5
<661,doctor2-1,HRitem6-5-3,read> 6.101799185222625E-5
<662,nurse7-2,HR7-8,addItem> 8.90653219709813E-5
<663,nurse4-3,HR4-1,addItem> 7.694481727144597E-5
<664,doctor6-0,HR6-2,addItem> 1.2538712936762354E-4
<665,doctor2-0,HRitem9-6-0,read> 3.2227518265079197E-5
<666,nurse7-2,HR7-7,addItem> 8.827470389899136E-5
<667,nurse2-3,nursingItem2-4,read> 3.617530920360791E-4
<668,agent8-0,noteItem8-2agent8-0,read> 0.0017287230520295846
<669,nurse8-0,nursingItem8-9,read> 8.813873043785681E-4
<670,nurse4-3,HR4-0,addItem> 7.747372336181249E-5
<671,nurse6-0,HR6-6,addItem> 2.3089227573179914E-5
<672,nurse5-3,HR5-1,addItem> 1.042519274173719E-4
<673,doctor1-1,HR7-4,addItem> 1.3369978820511794E-4
<674,nurse4-0,HR4-0,addItem> 7.942889619113267E-5
<675,nurse6-0,HR6-5,addItem> 2.2558186402354503E-5
<676,agent5-01,HR5-1,addNote> 6.757799608172566E-4
<677,nurse5-3,HR5-0,addItem> 1.0398181554670185E-4
<678,nurse5-3,HR5-3,addItem> 9.993013748665067E-5
<679,nurse6-0,HR6-8,addItem> 2.202714523152909E-5
<680,agent1-11,noteItem1-4,read> 2.51776068502888E-4
<681,doctor1-1,HR7-2,addItem> 1.3289909078355268E-4
<682,nurse6-0,HR6-7,addItem> 2.1496104060703677E-5
<683,doctor7-1,HR9-3,addItem> 1.6496188551892214E-4
<684,doctor1-1,HR7-3,addItem> 1.3249874207277003E-4
<685,doctor7-0,HR7-3,addItem> 2.4229520746640501E-4
<686,agent5-01,noteItem5-1agent5-0,read> 8.670755165263445E-4
<687,doctor8-1,HRitem8-5-3,read> 3.530799211739023E-4
<688,nurse6-0,HR6-2,addItem> 2.4416830500243444E-5
<689,nurse1-0,HR1-7,addItem> 1.0996308996074075E-4
<690,nurse3-0,nursingItem3-6,read> 3.5278709424496895E-4
<691,doctor1-1,HR7-8,addItem> 1.3530118304824849E-4
<692,nurse6-0,HR6-1,addItem> 2.4151309914830737E-5
<693,nurse6-0,HR6-4,addItem> 2.388578932941803E-5
<694,agent7-11,HR7-8,addNote> 3.835832675765115E-4
<695,agent2-11,noteItem2-2agent2-1,read> 3.5554750464971086E-4
<696,nurse4-1,HR4-4,addItem> 7.759281065581851E-5
<697,nurse6-0,HR6-3,addItem> 2.3620268744005325E-5
<698,nurse5-3,HR5-9,addItem> 1.0047036122799082E-4
<699,doctor3-0,HR3-0,addItem> 1.9339704074756991E-4
<700,nurse4-0,HR4-7,addItem> 7.536199210511251E-5
<701,nurse5-3,HR5-8,addItem> 1.0101058496933097E-4
<702,nurse4-0,HR4-8,addItem> 7.590424598324854E-5
<703,nurse3-0,nursingItem3-1,read> 6.234630503195574E-4
<704,nurse6-0,HR6-0,addItem> 2.0168501133640147E-5
<705,nurse9-0,nursingItem9-8,read> 4.893073953185202E-4
<706,nurse4-0,HR4-5,addItem> 7.644649986138456E-5
<707,nurse4-0,HR4-6,addItem> 7.698875373952059E-5
<708,nurse5-3,HR5-5,addItem> 9.938991374531052E-5
<709,nurse4-0,HR4-3,addItem> 7.75310076176566E-5
<710,nurse5-3,HR5-4,addItem> 9.966002561598059E-5
<711,nurse4-0,HR4-4,addItem> 7.807326149579261E-5
<712,patient5-7,HR5-7,addNote> 0.001006778791229003
<713,nurse5-3,HR5-7,addItem> 1.0155080871067112E-4
<714,patient7-1,noteItem7-1,read> 0.0011585839504542114
<715,nurse4-0,HR4-1,addItem> 7.888664231299666E-5
<716,nurse5-3,HR5-6,addItem> 1.0209103245201129E-4
<717,patient4-6,noteItem4-6,read> 0.002926440678109871
<718,nurse4-0,HR4-2,addItem> 7.834438843486062E-5
<719,nurse4-0,HR4-9,addItem> 7.481973822697649E-5
<720,nurse6-0,HR6-9,addItem> 2.4682351085656148E-5
<721,nurse6-1,HR6-9,addItem> 2.482299126278239E-5
<722,nurse6-1,HR6-8,addItem> 2.2152656030569143E-5
<723,nurse6-1,HR6-7,addItem> 2.1618588984126487E-5
<724,nurse4-1,HR4-1,addItem> 7.840118605260899E-5
<725,nurse9-2,nursingItem9-7,read> 4.7503470680701054E-4
<726,nurse4-3,nursingItem4-4,read> 5.102297755775059E-4
<727,agent0-01,HR0-0,addNote> 4.949351696441653E-4
<728,nurse9-3,nursingItem9-9,read> 8.255951490059911E-4
<729,nurse6-1,HR6-6,addItem> 2.322079012345444E-5
<730,doctor2-1,HR1-2,addItem> 7.928480612696361E-4
<731,nurse6-1,HR6-5,addItem> 2.2686723077011792E-5
<732,agent2-0,noteItem2-4agent2-0,read> 2.919051042759227E-4
<733,doctor2-1,HR1-0,addItem> 8.003461810491539E-4
<734,nurse6-1,HR6-4,addItem> 2.4021890693118415E-5
<735,nurse6-1,HR6-3,addItem> 2.3754857169897094E-5
<736,nurse6-1,HR6-2,addItem> 2.455595773956107E-5
<737,nurse4-1,HR4-6,addItem> 7.651497679343122E-5
<738,agent8-1,noteItem8-5agent8-1,read> 0.0017587770084671853
<739,nurse6-1,HR6-1,addItem> 2.4288924216339743E-5
<740,patient4-9,noteItem4-9,read> 0.0028941018355308043
<741,patient9-2,noteItem9-2,read> 0.0018862079084832175
<742,nurse1-3,nursingItem1-2,read> 5.433548005178044E-4
<743,nurse6-1,HR6-0,addItem> 2.028342136801986E-5
<744,nurse4-1,HR4-7,addItem> 7.489822599985029E-5
<745,nurse4-1,HR4-8,addItem> 7.543714293104393E-5
<746,nurse4-1,HR4-9,addItem> 7.435930906865662E-5
<747,doctor4-1,HRitem0-3-3,read> 2.2481297447374016E-4
<748,nurse4-1,HR4-2,addItem> 7.786226912141533E-5
<749,nurse4-1,HR4-3,addItem> 7.705389372462486E-5
<750,nurse0-1,nursingItem0-7,read> 9.523929164205634E-4
<751,nurse4-1,HR4-5,addItem> 7.597605986223758E-5
<752,nurse6-2,HR6-3,addItem> 2.388944559578886E-5
<753,nurse6-2,HR6-6,addItem> 2.3352352673728972E-5
<754,nurse6-2,HR6-5,addItem> 2.281525975166908E-5
<755,doctor4-0,HRitem4-6-2,read> 3.794878219651122E-4
<756,nurse6-2,HR6-8,addItem> 2.227816682960919E-5
<757,nurse6-2,HR6-7,addItem> 2.17410739075493E-5
<758,nurse5-1,HR5-1,addItem> 1.0305706291975159E-4
<759,agent2-1,noteItem2-2agent2-1,read> 3.6666273149188163E-4
<760,agent1-1,HR1-4,addNote> 3.640273308131338E-4
<761,nurse6-2,HR6-9,addItem> 2.496363143990864E-5
<762,nurse5-1,HR5-0,addItem> 1.0279004688714079E-4
<763,nurse5-1,HR5-3,addItem> 9.878480639797846E-5
<764,nurse5-1,HR5-2,addItem> 9.905182243058929E-5
<765,nurse5-1,HR5-5,addItem> 9.825077433275681E-5
<766,nurse5-1,HR5-4,addItem> 9.851779036536763E-5
<767,patient2-6,noteItem2-6,read> 0.0010939062652960772
<768,agent5-11,noteItem5-7,read> 0.0014802062496358382
<769,nurse6-2,HR6-0,addItem> 2.0398341602399576E-5
<770,patient9-5,HR9-5,addNote> 9.74643992173927E-4
<771,nurse5-1,HR5-6,addItem> 1.0092093465886502E-4
<772,nurse5-1,HR5-9,addItem> 9.931883846320009E-5
<773,nurse4-3,nursingItem4-8,read> 9.198024641246356E-4
<774,patient7-7,noteItem7-7agent7-0,read> 7.598465135054925E-4
<775,nurse9-1,nursingItem9-0,read> 4.889421291227885E-4
<776,nurse6-2,HR6-2,addItem> 2.4695084978878694E-5
<777,nurse5-1,HR5-8,addItem> 9.985287052842173E-5
<778,nurse6-2,HR6-1,addItem> 2.442653851784875E-5
<779,doctor8-0,HR3-9,addItem> 1.9283396139199683E-4
<780,doctor8-0,HR3-7,addItem> 1.89851672653897E-4
<781,nurse6-3,HR6-7,addItem> 2.1863558830972115E-5
<782,nurse6-3,HR6-6,addItem> 2.3483915224003502E-5
<783,nurse6-3,HR6-5,addItem> 2.2943796426326374E-5
<784,nurse6-3,HR6-4,addItem> 2.4294093420519193E-5
<785,nurse5-2,HR5-2,addItem> 9.962603589395502E-5
<786,nurse5-2,HR5-1,addItem> 1.0365449516856175E-4
<787,patient5-4,HR5-4,addNote> 9.880334917802087E-4
<788,nurse3-1,nursingItem3-1,read> 3.644051537109817E-4
<789,nurse6-3,HR6-9,addItem> 2.5104271617034886E-5
<790,nurse5-2,HR5-0,addItem> 1.0338593121692131E-4
<791,nurse6-3,HR6-8,addItem> 2.2403677628649247E-5
<792,nurse5-2,HR5-6,addItem> 1.0150598355543816E-4
<793,nurse5-2,HR5-5,addItem> 9.882034403903365E-5
<794,nurse5-2,HR5-4,addItem> 9.90889079906741E-5
<795,nurse5-2,HR5-3,addItem> 9.935747194231456E-5
<796,nurse6-3,HR6-3,addItem> 2.402403402168063E-5
<797,nurse6-3,HR6-2,addItem> 2.4834212218196324E-5
<798,nurse5-2,HR5-8,addItem> 1.0043172774887635E-4
<799,agent0-0,HR0-0,addNote> 4.7619407888311254E-4
<800,nurse2-3,nursingItem2-7,read> 3.624854475155279E-4
<801,nurse6-3,HR6-1,addItem> 2.4564152819357758E-5
<802,nurse5-2,HR5-7,addItem> 1.0096885565215723E-4
<803,agent5-11,noteItem5-7agent5-1,read> 6.583938082275816E-4
<804,patient9-6,HR9-6,addNote> 9.184080938275435E-4
<805,nurse6-3,HR6-0,addItem> 2.0513261836779294E-5
<806,doctor3-0,HRitem8-3-2,read> 3.5430600228206566E-5
<807,patient0-6,noteItem0-6,read> 0.0011801431788402558
<808,doctor6-1,HRitem3-1-2,read> 1.4266057633567188E-5
<809,patient9-7,noteItem9-7,read> 0.0019562754007378625
<810,patient9-3,HR9-3,addNote> 9.61254492567645E-4
<811,nurse8-2,nursingItem8-0,read> 4.403194013014062E-4
<812,patient1-2,noteItem1-2,read> 9.968897375588765E-4
<813,patient0-0,HR0-0,addNote> 7.470224988671368E-4
<814,doctor9-0,HRitem9-5-0,read> 1.4967667393612328E-4
<815,agent5-11,HR5-7,addNote> 6.358226706879313E-4
<816,patient0-7,noteItem0-7,read> 0.0011855329859367667
<817,agent0-01,noteItem0-0,read> 5.636016485262831E-4
<818,agent9-0,HR9-1,addNote> 8.74159981847409E-4
<819,patient1-1,noteItem1-1,read> 0.0010130591588484097
<820,patient0-4,noteItem0-4,read> 0.001190922793033278
<821,doctor5-1,HRitem3-7-2,read> 5.183179289817583E-4
<822,patient7-2,HR7-2,addNote> 8.889511946937235E-4
<823,patient0-5,noteItem0-5,read> 0.0011963126001297891
<824,nurse4-1,nursingItem4-7,read> 5.370930505636397E-4
<825,patient2-7,HR2-7,addNote> 0.0010978273885517192
<826,nurse4-1,nursingItem4-9,read> 5.355968828178876E-4
<827,nurse4-1,nursingItem4-3,read> 5.236275408518707E-4
<828,nurse4-1,nursingItem4-4,read> 5.198871214874903E-4
<829,doctor3-1,HRitem2-2-1,read> 2.2783102027844985E-4
<830,nurse4-1,nursingItem4-5,read> 5.213832892332424E-4
<831,nurse3-2,nursingItem3-9,read> 3.8078802941050535E-4
<832,patient7-7,HR7-7,addNote> 8.969848944574927E-4
<833,nurse4-1,nursingItem4-6,read> 5.378411344365157E-4
<834,nurse4-1,nursingItem4-0,read> 5.153986182502341E-4
<835,patient8-7,noteItem8-7,read> 0.0014119048839902355
<836,nurse4-1,nursingItem4-1,read> 5.168947859959861E-4
<837,doctor2-1,HRitem1-4-1,read> 4.632385930458063E-4
<838,patient6-3,HR6-3,addNote> 2.3822151382842975E-4
<839,nurse4-0,nursingItem4-8,read> 5.396659881563412E-4
<840,nurse4-0,nursingItem4-9,read> 5.38913272185181E-4
<841,doctor8-1,HR4-9,addItem> 1.728474707751744E-4
<842,nurse4-0,nursingItem4-7,read> 5.404187041275013E-4
<843,nurse4-0,nursingItem4-4,read> 5.231062367908185E-4
<844,patient7-6,HR7-6,addNote> 8.99662794378749E-4
<845,nurse8-3,nursingItem8-4,read> 4.296876221859019E-4
<846,nurse4-0,nursingItem4-5,read> 5.246116687331387E-4
<847,nurse4-0,nursingItem4-3,read> 9.109618732626661E-4
<848,doctor8-0,HRitem6-1-3,read> 3.6288857003920883E-4
<849,doctor4-1,HRitem0-1-3,read> 8.598286745709401E-5
<850,nurse4-0,nursingItem4-0,read> 5.185899409638578E-4
<851,nurse4-0,nursingItem4-1,read> 5.20095372906178E-4
<852,doctor2-0,HR9-6,addItem> 1.4277518492012035E-4
<853,doctor4-1,HRitem4-8-0,read> 8.017693190304926E-5
<854,doctor2-0,HR9-5,addItem> 1.5151758477429856E-4
<855,doctor2-0,HR9-3,addItem> 1.494360609994942E-4
<856,patient6-4,HR6-4,addNote> 2.4089941374968608E-4
<857,doctor2-0,HR9-1,addItem> 1.4777084197965072E-4
<858,doctor2-0,HR9-8,addItem> 1.4444040393996383E-4
<859,doctor2-0,HR9-9,addItem> 1.448567086949247E-4
<860,nurse7-2,nursingItem7-1,read> 1.984065663728199E-4
<861,patient2-3,HR2-3,addNote> 0.0011219284878430263
<862,nurse4-3,nursingItem4-5,read> 8.94144000547032E-4
<863,nurse4-3,nursingItem4-9,read> 5.256477147160074E-4
<864,nurse4-3,nursingItem4-0,read> 5.058246501093629E-4
<865,nurse4-3,nursingItem4-2,read> 5.131665258896015E-4
<866,nurse4-3,nursingItem4-3,read> 5.139007134676254E-4
<867,patient3-9,HR3-9,addNote> 0.0010389135902840792
<868,doctor7-0,HR7-9,addItem> 2.4668781855480515E-4
<869,nurse9-3,nursingItem9-0,read> 4.8426325707376665E-4
<870,agent0-1,HR0-6,addNote> 4.881915376147249E-4
<871,nurse9-3,nursingItem9-6,read> 4.6821738322783325E-4
<872,nurse9-3,nursingItem9-5,read> 4.674880253257453E-4
<873,doctor6-0,HR1-5,addItem> 2.2595136738439632E-4
<874,patient7-8,HR7-8,addNote> 9.050185942212617E-4
<875,patient4-0,HR4-0,addNote> 7.845130977647257E-4
<876,nurse4-2,nursingItem4-4,read> 8.947972694925996E-4
<877,nurse4-2,nursingItem4-8,read> 5.297029237596087E-4
<878,nurse4-2,nursingItem4-9,read> 9.218359303130488E-4
<879,doctor2-1,HR1-4,addItem> 7.96597121159395E-4
<880,nurse2-0,nursingItem2-2,read> 3.699931186146139E-4
<881,doctor2-1,HR1-1,addItem> 8.022207109940335E-4
<882,nurse4-2,nursingItem4-3,read> 5.171429892623738E-4
<883,doctor1-1,HRitem1-8-2,read> 4.4362129531519325E-4
<884,nurse3-0,nursingItem3-2,read> 6.221853530086815E-4
<885,nurse3-0,nursingItem3-4,read> 3.513291708249294E-4
<886,nurse0-1,nursingItem0-9,read> 9.549916805606455E-4
<887,patient6-6,HR6-6,addNote> 2.3286571398591706E-4
<888,nurse3-0,nursingItem3-5,read> 3.535160559549887E-4
<889,patient7-8,noteItem7-8,read> 0.0010184489659449212
<890,nurse3-0,nursingItem3-7,read> 3.717400987054821E-4
<891,nurse3-0,nursingItem3-8,read> 3.731980221255216E-4
<892,nurse3-0,nursingItem3-9,read> 6.554054830914587E-4
<893,nurse3-0,nursingItem3-0,read> 3.542450176650084E-4
<894,patient4-1,HR4-1,addNote> 7.791572979222131E-4
<895,patient7-3,HR7-3,addNote> 8.862732947724672E-4
<896,nurse3-1,nursingItem3-2,read> 3.636583580753346E-4
<897,patient9-1,HR9-1,addNote> 9.505428928826196E-4
<898,nurse9-1,nursingItem9-7,read> 4.7053200816429006E-4
<899,nurse9-1,nursingItem9-8,read> 4.7126841300263004E-4
<900,doctor5-1,HR5-5,addItem> 2.3937301653128787E-4
<901,nurse3-1,nursingItem3-0,read> 6.295742004724845E-4
<902,doctor1-1,HRitem7-1-2,read> 9.42824934200457E-5
<903,nurse9-1,nursingItem9-3,read> 4.616951501042108E-4
<904,nurse9-1,nursingItem9-5,read> 4.720048178409699E-4
<905,nurse9-1,nursingItem9-6,read> 4.727412226793099E-4
<906,nurse3-1,nursingItem3-9,read> 3.8307504460216005E-4
<907,nurse9-1,nursingItem9-1,read> 4.661135791342504E-4
<908,nurse0-2,nursingItem0-5,read> 5.367007339410613E-4
<909,nurse3-1,nursingItem3-8,read> 6.63258012621574E-4
<910,nurse8-0,nursingItem8-8,read> 5.272044746298951E-4
<911,nurse3-1,nursingItem3-7,read> 3.808346576952187E-4
<912,nurse3-1,nursingItem3-6,read> 3.614179711683932E-4
<913,nurse3-1,nursingItem3-5,read> 3.6216476680404035E-4
<914,nurse3-1,nursingItem3-4,read> 3.5992437989709893E-4
<915,patient4-2,HR4-2,addNote> 7.738014980797003E-4
<916,nurse3-2,nursingItem3-1,read> 3.6222960055449827E-4
<917,nurse3-2,nursingItem3-3,read> 3.585179147832969E-4
<918,nurse9-2,nursingItem9-8,read> 8.269460791462712E-4
<919,nurse3-2,nursingItem3-2,read> 3.61487263400258E-4
<920,nurse9-2,nursingItem9-9,read> 4.8023886922915444E-4
<921,nurse9-2,nursingItem9-6,read> 4.772650621307865E-4
<922,patient1-3,HR1-3,addNote> 0.0011353179874493081
<923,nurse9-2,nursingItem9-4,read> 4.683436408356825E-4
<924,nurse9-2,nursingItem9-5,read> 8.282382665217194E-4
<925,nurse3-2,nursingItem3-8,read> 3.8004569225626514E-4
<926,nurse9-2,nursingItem9-3,read> 4.661132855119066E-4
<927,nurse3-2,nursingItem3-5,read> 6.261164915237181E-4
<928,nurse3-2,nursingItem3-4,read> 6.222432732584284E-4
<929,nurse3-2,nursingItem3-7,read> 3.7856101794778456E-4
<930,nurse3-2,nursingItem3-6,read> 6.248254187686216E-4
<931,patient6-8,HR6-8,addNote> 2.2215411430089166E-4
<932,patient4-3,HR4-3,addNote> 7.657677983159314E-4
<933,patient9-8,HR9-8,addNote> 9.291196935125689E-4
<934,doctor3-0,HRitem3-6-3,read> 1.4911548247027514E-4
<935,nurse3-3,nursingItem3-0,read> 3.6724483482702703E-4
<936,agent1-01,noteItem1-4agent1-0agent1-1,read> 4.668954386576649E-4
<937,nurse3-3,nursingItem3-4,read> 3.6422198443318376E-4
<938,nurse3-3,nursingItem3-2,read> 3.680005474254879E-4
<939,nurse3-3,nursingItem3-8,read> 3.8689336238700866E-4
<940,nurse3-3,nursingItem3-7,read> 6.652142296434355E-4
<941,patient6-9,HR6-9,addNote> 2.4893311351345516E-4
<942,nurse3-3,nursingItem3-6,read> 3.657334096301054E-4
<943,nurse8-0,nursingItem8-6,read> 5.304843417522119E-4
<944,patient8-4,noteItem8-4,read> 0.001460413147858836
<945,nurse3-3,nursingItem3-5,read> 3.6648912222856625E-4

