<0,acc9,proj92sched1,read> null
<1,aud10,proj101budget1,read> null
<2,planner10,proj102sched1,write> null
<3,aud4,proj42budget1,read> null
<4,acc4,proj42budget1,read> null
<5,employee3_area1,proj31task1a,read> null
<6,acc1,proj11task1a,setCost> null
<7,planner4,proj42task1propa,setSchedule> null
<8,planner8,proj81task1,setSchedule> null
<9,planner6,proj61sched1,write> null
<10,planner3,proj31sched1,write> null
<11,planner2,proj22sched1,write> null
<12,planner10,proj101task2propa,setSchedule> null
<13,acc2,proj21budget1,read> null
<14,employee7_area2,proj71task2a,setStatus> null
<15,employee2_area1,proj21task1propa,request> null
<16,acc8,proj82task1propa,setCost> null
<17,employee2_area1,proj21task1,request> null
<18,acc2,proj21task1,setCost> null
<19,planner2,proj21task1a,setSchedule> null
<20,manager9,proj91budget1,read> null
<21,ldr52,proj52sched1,read> null
<22,acc9,proj91budget1,read> null
<23,manager10,proj102budget1,approve> null
<24,ldr42,proj42sched1,read> null
<25,employee7_area2,proj71sched1,read> null
<26,planner2,proj22task2,setSchedule> null
<27,aud7,proj71budget1,read> null
<28,acc6,proj62sched1,read> null
<29,planner8,proj82task1prop,setSchedule> null
<30,planner2,proj22task1prop,setSchedule> null
<31,employee4_area2,proj41task2prop,read> null
<32,aud3,proj31budget1,read> null
<33,planner1,proj11task2a,setSchedule> null
<34,planner5,proj52task2propa,setSchedule> null
<35,planner1,proj11task1,setSchedule> null
<36,aud5,proj51budget1,read> null
<37,planner10,proj101sched1,read> null
<38,acc10,proj101budget1,read> null
<39,nonemployee10_area2,proj102task2a,read> null
<40,planner10,proj101sched1,write> null
<41,nonemployee6_area1,proj62sched1,read> null
<42,planner7,proj71task2prop,setSchedule> null
<43,aud1,proj12budget1,read> null
<44,aud8,proj82budget1,read> null
<45,employee6_area2,proj61task2propa,request> null
<46,nonemployee8_area1,proj82task1,read> null
<47,acc9,proj92budget1,read> null
<48,acc9,proj92task1propa,setCost> null
<49,acc9,proj92budget1,write> null
<50,acc2,proj22task2,setCost> null
<51,ldr52,proj52budget1,write> null
<52,planner7,proj71sched1,write> null
<53,planner8,proj81task2,setSchedule> null
<54,ldr72,proj72budget1,write> null
<55,acc5,proj51task2,setCost> null
<56,acc7,proj71budget1,write> null
<57,planner1,proj11sched1,write> null
<58,aud6,proj61budget1,read> null
<59,acc2,proj22budget1,read> null
<60,planner7,proj72sched1,write> null
<61,acc4,proj42task1propa,setCost> null
<62,planner2,proj22task1,setSchedule> null
<63,nonemployee9_area2,proj92task2propa,setStatus> null
<64,aud5,proj52budget1,read> null
<65,acc4,proj41budget1,read> null
<66,nonemployee3_area2,proj32task2,request> null
<67,aud10,proj102budget1,read> null
<68,planner9,proj91sched1,write> null
<69,employee9_area2,proj91task2,read> null
<70,acc10,proj102budget1,write> null
<71,planner5,proj51sched1,write> null
<72,acc5,proj52task2,setCost> null
<73,planner6,proj61task2propa,setSchedule> null
<74,nonemployee2_area2,proj22task2propa,setStatus> null
<75,ldr91,proj91sched1,read> null
<76,acc5,proj52budget1,write> null
<77,manager2,proj22budget1,read> null
<78,aud9,proj91budget1,read> null
<79,planner4,proj42task2prop,setSchedule> null
<80,planner1,proj11task1propa,setSchedule> null
<81,acc3,proj31task1propa,setCost> null
<82,nonemployee2_area1,proj22task1a,setStatus> null
<83,nonemployee2_area2,proj22task2,read> null
<84,manager9,proj92budget1,read> null
<85,planner8,proj81task1prop,setSchedule> null
<86,ldr12,proj12sched1,read> null
<87,employee3_area1,proj31task1a,setStatus> null
<88,employee9_area2,proj91task2prop,read> null
<89,nonemployee8_area1,proj82task1a,read> null
<90,planner3,proj31task2a,setSchedule> null
<91,ldr81,proj82sched1,read> null
<92,employee5_area1,proj51task1propa,setStatus> null
<93,nonemployee10_area2,proj102task2a,setStatus> null
<94,employee8_area2,proj81task2propa,setStatus> null
<95,planner2,proj21sched1,write> null
<96,acc5,proj51task1a,setCost> null
<97,planner6,proj62task2propa,setSchedule> null
<98,planner7,proj71task2propa,setSchedule> null
<99,employee7_area2,proj71task2a,request> null
<100,planner1,proj12sched1,write> null
<101,nonemployee10_area1,proj102task1a,read> null
<102,planner10,proj101task1prop,setSchedule> null
<103,acc8,proj81task1propa,setCost> null
<104,planner9,proj92task2propa,setSchedule> null
<105,planner4,proj42task1,setSchedule> null
<106,planner2,proj21task2a,setSchedule> null
<107,ldr61,proj61budget1,read> null
<108,planner4,proj41sched1,write> null
<109,nonemployee2_area1,proj22task1a,request> null
<110,aud2,proj22budget1,read> null
<111,planner3,proj32sched1,write> null
<112,acc2,proj22task2a,setCost> null
<113,employee9_area1,proj91task1a,setStatus> null
<114,manager8,proj81budget1,read> null
<115,planner8,proj82sched1,write> null
<116,planner4,proj42sched1,write> null
<117,planner8,proj82task2prop,setSchedule> null
<118,employee6_area1,proj61task1prop,request> null
<119,nonemployee7_area2,proj72task2,request> null
<120,employee10_area2,proj101task2a,request> null
<121,aud2,proj21budget1,read> null
<122,acc7,proj72sched1,read> null
<123,acc1,proj12task1a,setCost> null
<124,acc6,proj61task1,setCost> null
<125,planner5,proj51task1propa,setSchedule> null
<126,acc6,proj61budget1,read> null
<127,acc10,proj102budget1,read> null
<128,employee10_area2,proj101task2a,setStatus> null
<129,nonemployee1_area1,proj12task1,read> null
<130,acc4,proj41task1prop,setCost> null
<131,employee5_area2,proj51sched1,read> null
<132,acc2,proj21task2propa,setCost> null
<133,planner9,proj92sched1,write> null
<134,planner5,proj51task2propa,setSchedule> null
<135,ldr21,proj21budget1,read> null
<136,acc6,proj61budget1,write> null
<137,employee2_area2,proj21task2propa,read> null
<138,planner2,proj22task2propa,setSchedule> null
<139,ldr72,proj71sched1,read> null
<140,nonemployee10_area1,proj102task1a,setStatus> null
<141,nonemployee8_area2,proj82task2a,read> null
<142,manager1,proj11budget1,read> null
<143,nonemployee9_area2,proj92sched1,read> null
<144,acc9,proj91sched1,read> null
<145,acc4,proj41task1,setCost> null
<146,nonemployee8_area2,proj82task2propa,setStatus> null
<147,employee8_area1,proj81task1propa,read> null
<148,ldr82,proj82sched1,read> null
<149,nonemployee2_area2,proj22task2,request> null
<150,acc7,proj71task2propa,setCost> null
<151,aud6,proj62budget1,read> null
<152,planner9,proj91task2propa,setSchedule> null
<153,acc1,proj12task2prop,setCost> null
<154,acc10,proj101task1prop,setCost> null
<155,planner10,proj102task1prop,setSchedule> null
<156,planner1,proj11task1a,setSchedule> null
<157,acc8,proj81task1,setCost> null
<158,nonemployee6_area2,proj62task2propa,setStatus> null
<159,ldr21,proj21sched1,write> null
<160,employee7_area1,proj71task1a,request> null
<161,aud1,proj11budget1,read> null
<162,acc8,proj82task2propa,setCost> null
<163,acc2,proj21task1a,setCost> null
<164,ldr71,proj71sched1,read> null
<165,planner9,proj91task2,setSchedule> null
<166,nonemployee3_area2,proj32task2a,read> null
<167,acc10,proj102task1propa,setCost> null
<168,planner6,proj62task1,setSchedule> null
<169,aud9,proj92budget1,read> null
<170,employee2_area2,proj21task2,read> null
<171,planner8,proj81task2prop,setSchedule> null
<172,acc8,proj82budget1,read> null
<173,nonemployee9_area1,proj92task1a,setStatus> null
<174,ldr32,proj32budget1,read> null
<175,planner6,proj61task2,setSchedule> null
<176,planner2,proj22sched1,read> null
<177,acc1,proj12task1propa,setCost> null
<178,employee5_area2,proj51task2,read> null
<179,planner9,proj92task1propa,setSchedule> null
<180,employee3_area2,proj31task2a,setStatus> null
<181,nonemployee1_area1,proj12sched1,read> null
<182,acc7,proj71budget1,read> null
<183,manager1,proj11budget1,approve> null
<184,planner2,proj21task1,setSchedule> null
<185,planner7,proj71task2a,setSchedule> null
<186,planner3,proj31sched1,read> null
<187,acc4,proj41task1a,setCost> null
<188,acc9,proj92task1,setCost> null
<189,planner7,proj72task2propa,setSchedule> null
<190,nonemployee7_area1,proj72sched1,read> null
<191,acc6,proj61task2a,setCost> null
<192,acc6,proj61task1propa,setCost> null
<193,acc7,proj72budget1,read> null
<194,acc10,proj102task2,setCost> null
<195,acc10,proj102task1,setCost> null
<196,acc4,proj41budget1,write> null
<197,employee9_area1,proj91task1,read> null
<198,planner8,proj82task1,setSchedule> null
<199,planner7,proj72task1propa,setSchedule> null
<200,planner1,proj11task2prop,setSchedule> null
<201,acc3,proj32sched1,read> null
<202,aud8,proj81budget1,read> null
<203,ldr11,proj12sched1,read> null
<204,nonemployee2_area2,proj22task2a,request> null
<205,nonemployee5_area1,proj52task1a,read> null
<206,nonemployee9_area2,proj92task2a,request> null
<207,acc3,proj32budget1,write> null
<208,acc5,proj51budget1,write> null
<209,acc2,proj22budget1,write> null
<210,acc5,proj52budget1,read> null
<211,planner9,proj91task1a,setSchedule> null
<212,employee9_area2,proj91sched1,read> null
<213,ldr82,proj82budget1,read> null
<214,nonemployee6_area1,proj62task1,request> null
<215,planner7,proj72task1a,setSchedule> null
<216,planner5,proj52sched1,write> null
<217,acc9,proj91task2,setCost> null
<218,planner1,proj11task2propa,setSchedule> null
<219,acc4,proj42task2prop,setCost> null
<220,planner6,proj61task1,setSchedule> null
<221,acc9,proj91task1,setCost> null
<222,nonemployee1_area2,proj12sched1,read> null
<223,ldr62,proj62budget1,write> null
<224,planner6,proj61task1prop,setSchedule> null
<225,acc1,proj11budget1,write> null
<226,nonemployee3_area2,proj32task2propa,setStatus> null
<227,nonemployee3_area1,proj32task1a,read> null
<228,planner3,proj32task1prop,setSchedule> null
<229,acc5,proj52task2propa,setCost> null
<230,manager5,proj52budget1,approve> null
<231,nonemployee6_area1,proj62task1a,setStatus> null
<232,acc1,proj12budget1,read> null
<233,acc1,proj11task2prop,setCost> null
<234,employee3_area2,proj31task2,read> null
<235,acc1,proj12task1prop,setCost> null
<236,manager5,proj52budget1,read> null
<237,ldr42,proj41sched1,read> null
<238,acc1,proj12task2a,setCost> null
<239,nonemployee9_area1,proj92task1a,request> null
<240,ldr51,proj51budget1,write> null
<241,employee9_area2,proj91task2propa,read> null
<242,planner5,proj52task2,setSchedule> null
<243,planner5,proj52task1,setSchedule> null
<244,planner7,proj71task1prop,setSchedule> null
<245,aud4,proj41budget1,read> null
<246,acc2,proj21task2a,setCost> null
<247,aud7,proj72budget1,read> null
<248,employee4_area2,proj41task2prop,request> null
<249,planner8,proj81task2a,setSchedule> null
<250,employee5_area1,proj51task1,request> null
<251,acc2,proj22task1prop,setCost> null
<252,employee4_area1,proj41task1,read> null
<253,employee6_area2,proj61task2,request> null
<254,acc8,proj82budget1,write> null
<255,manager9,proj91budget1,approve> null
<256,nonemployee8_area2,proj82task2,read> null
<257,planner9,proj92task1,setSchedule> null
<258,acc1,proj11task1,setCost> null
<259,acc6,proj61task2,setCost> null
<260,acc2,proj22task1,setCost> null
<261,acc8,proj82sched1,read> null
<262,acc8,proj81budget1,read> null
<263,planner7,proj72sched1,read> null
<264,employee10_area1,proj101task1,request> null
<265,employee3_area1,proj31task1,read> null
<266,planner1,proj11sched1,read> null
<267,planner6,proj62sched1,write> null
<268,acc9,proj92task2,setCost> null
<269,acc7,proj72task2,setCost> null
<270,employee3_area2,proj31task2propa,setStatus> null
<271,planner2,proj21task1prop,setSchedule> null
<272,employee10_area1,proj101task1a,setStatus> null
<273,planner2,proj21task2prop,setSchedule> null
<274,acc3,proj31task1,setCost> null
<275,planner10,proj102task1,setSchedule> null
<276,planner10,proj102task2,setSchedule> null
<277,acc8,proj81task2,setCost> null
<278,employee5_area1,proj51sched1,read> null
<279,nonemployee6_area1,proj62task1,read> null
<280,planner9,proj91task1propa,setSchedule> null
<281,employee4_area2,proj41task2,read> null
<282,employee3_area2,proj31task2a,read> null
<283,manager3,proj31budget1,approve> null
<284,acc7,proj72task1a,setCost> null
<285,ldr62,proj62sched1,write> null
<286,planner6,proj61task2a,setSchedule> null
<287,planner5,proj52task1propa,setSchedule> null
<288,acc4,proj42task2propa,setCost> null
<289,manager4,proj42budget1,read> null
<290,acc7,proj72task1propa,setCost> null
<291,employee4_area1,proj41task1propa,setStatus> null
<292,planner8,proj82task2a,setSchedule> null
<293,manager10,proj101budget1,read> null
<294,nonemployee1_area2,proj12task2a,read> null
<295,acc5,proj51task2a,setCost> null
<296,nonemployee6_area2,proj62task2a,request> null
<297,employee4_area1,proj41task1a,request> null
<298,ldr11,proj11budget1,read> null
<299,acc8,proj81task2a,setCost> null
<300,ldr41,proj41budget1,write> null
<301,planner3,proj31task2,setSchedule> null
<302,acc6,proj62task2prop,setCost> null
<303,employee4_area1,proj41task1,request> null
<304,planner4,proj41task2propa,setSchedule> null
<305,acc8,proj82task2,setCost> null
<306,acc2,proj21task2prop,setCost> null
<307,acc6,proj62task2a,setCost> null
<308,employee6_area2,proj61sched1,read> null
<309,acc8,proj82task1,setCost> null
<310,planner8,proj81task1propa,setSchedule> null
<311,ldr22,proj21sched1,read> null
<312,ldr71,proj71budget1,read> null
<313,acc7,proj72task1,setCost> null
<314,acc6,proj62task1prop,setCost> null
<315,planner6,proj62task1a,setSchedule> null
<316,employee5_area2,proj51task2prop,read> null
<317,planner3,proj31task1,setSchedule> null
<318,ldr11,proj11sched1,read> null
<319,aud2,proj22sched1,read> null
<320,acc5,proj52task1propa,setCost> null
<321,planner9,proj91task2a,setSchedule> null
<322,employee3_area1,proj31sched1,read> null
<323,ldr101,proj101sched1,write> null
<324,employee1_area2,proj11task2,request> null
<325,acc4,proj41task1propa,setCost> null
<326,acc6,proj62task2,setCost> null
<327,employee7_area2,proj71task2prop,request> null
<328,acc4,proj41task2,setCost> null
<329,acc1,proj12task2propa,setCost> null
<330,employee1_area2,proj11task2,read> null
<331,nonemployee9_area2,proj92task2,read> null
<332,ldr21,proj21sched1,read> null
<333,nonemployee8_area1,proj82task1a,setStatus> null
<334,employee4_area2,proj41task2,request> null
<335,ldr22,proj22sched1,write> null
<336,acc9,proj91task1prop,setCost> null
<337,ldr12,proj12sched1,write> null
<338,ldr22,proj22budget1,write> null
<339,nonemployee10_area1,proj102task1a,request> null
<340,nonemployee4_area2,proj42task2,read> null
<341,planner6,proj61task1propa,setSchedule> null
<342,planner9,proj91task2prop,setSchedule> null
<343,employee2_area2,proj21task2prop,request> null
<344,acc5,proj51task2prop,setCost> null
<345,employee1_area1,proj11task1prop,request> null
<346,nonemployee4_area1,proj42task1,request> null
<347,employee4_area2,proj41task2a,request> null
<348,planner9,proj92task1prop,setSchedule> null
<349,employee3_area1,proj31task1prop,read> null
<350,planner1,proj11task1prop,setSchedule> null
<351,nonemployee9_area1,proj92task1,request> null
<352,acc6,proj61task1prop,setCost> null
<353,acc9,proj92task1prop,setCost> null
<354,acc9,proj91task1a,setCost> null
<355,employee1_area1,proj11task1a,request> null
<356,employee5_area2,proj51task2,request> null
<357,nonemployee4_area2,proj42task2,request> null
<358,planner8,proj82task2,setSchedule> null
<359,planner1,proj12task1a,setSchedule> null
<360,acc9,proj91task1propa,setCost> null
<361,acc8,proj82task2prop,setCost> null
<362,acc9,proj91task2prop,setCost> null
<363,nonemployee8_area2,proj82sched1,read> null
<364,acc10,proj101task1propa,setCost> null
<365,ldr31,proj31budget1,write> null
<366,ldr61,proj61sched1,read> null
<367,nonemployee9_area2,proj92task2,request> null
<368,employee9_area1,proj91task1propa,request> null
<369,nonemployee8_area2,proj82task2a,setStatus> null
<370,nonemployee8_area1,proj82sched1,read> null
<371,planner7,proj72task1prop,setSchedule> null
<372,acc8,proj81task2prop,setCost> null
<373,acc1,proj12budget1,write> null
<374,acc1,proj12task2,setCost> null
<375,manager7,proj72budget1,read> null
<376,planner1,proj12task2propa,setSchedule> null
<377,acc1,proj12task1,setCost> null
<378,nonemployee10_area1,proj102task1propa,setStatus> null
<379,planner9,proj91task1prop,setSchedule> null
<380,employee3_area1,proj31task1propa,read> null
<381,acc4,proj41sched1,read> null
<382,aud2,proj21sched1,read> null
<383,acc6,proj62task2propa,setCost> null
<384,employee3_area1,proj31task1propa,setStatus> null
<385,aud10,proj101sched1,read> null
<386,acc10,proj101sched1,read> null
<387,nonemployee9_area2,proj92task2a,setStatus> null
<388,nonemployee5_area2,proj52task2a,setStatus> null
<389,planner7,proj71sched1,read> null
<390,planner6,proj62task2prop,setSchedule> null
<391,employee4_area2,proj41task2propa,read> null
<392,planner4,proj42task1a,setSchedule> null
<393,employee9_area2,proj91task2prop,request> null
<394,manager7,proj72budget1,approve> null
<395,acc10,proj102task1prop,setCost> null
<396,nonemployee2_area2,proj22sched1,read> null
<397,planner3,proj32task1a,setSchedule> null
<398,employee8_area1,proj81task1propa,request> null
<399,employee6_area2,proj61task2prop,request> null
<400,acc5,proj52task1a,setCost> null
<401,planner2,proj22task2prop,setSchedule> null
<402,aud10,proj102sched1,read> null
<403,planner6,proj61task2prop,setSchedule> null
<404,planner7,proj72task2prop,setSchedule> null
<405,ldr101,proj102sched1,read> null
<406,employee10_area1,proj101task1propa,setStatus> null
<407,employee3_area2,proj31task2prop,request> null
<408,acc5,proj51task1propa,setCost> null
<409,aud9,proj92sched1,read> null
<410,acc4,proj42task1prop,setCost> null
<411,employee5_area2,proj51task2propa,request> null
<412,employee1_area1,proj11task1a,setStatus> null
<413,acc7,proj71task1prop,setCost> null
<414,nonemployee5_area2,proj52task2a,read> null
<415,acc3,proj32task2propa,setCost> null
<416,acc10,proj102sched1,read> null
<417,manager5,proj51budget1,read> null
<418,planner8,proj82task1propa,setSchedule> null
<419,aud1,proj11sched1,read> null
<420,acc9,proj91budget1,write> null
<421,employee8_area2,proj81task2propa,read> null
<422,employee6_area1,proj61task1a,request> null
<423,planner6,proj62task1prop,setSchedule> null
<424,ldr61,proj62sched1,read> null
<425,planner2,proj21task1propa,setSchedule> null
<426,manager7,proj71budget1,read> null
<427,acc5,proj52task2a,setCost> null
<428,nonemployee7_area1,proj72task1propa,setStatus> null
<429,ldr41,proj41budget1,read> null
<430,nonemployee4_area1,proj42task1propa,setStatus> null
<431,employee1_area1,proj11task1a,read> null
<432,acc3,proj31budget1,write> null
<433,ldr92,proj91sched1,read> null
<434,manager6,proj62budget1,read> null
<435,nonemployee5_area1,proj52task1a,setStatus> null
<436,acc9,proj91task2propa,setCost> null
<437,manager6,proj61budget1,read> null
<438,planner3,proj31task2propa,setSchedule> null
<439,ldr81,proj81budget1,read> null
<440,acc4,proj42task2a,setCost> null
<441,acc5,proj51budget1,read> null
<442,manager4,proj42budget1,approve> null
<443,ldr51,proj51sched1,read> null
<444,acc3,proj32task1a,setCost> null
<445,planner8,proj82task1a,setSchedule> null
<446,acc7,proj72task2propa,setCost> null
<447,employee1_area1,proj11task1,read> null
<448,planner3,proj32task2prop,setSchedule> null
<449,planner5,proj52task2prop,setSchedule> null
<450,planner1,proj11task2,setSchedule> null
<451,acc8,proj81task1a,setCost> null
<452,acc4,proj42task1,setCost> null
<453,employee3_area2,proj31task2a,request> null
<454,planner7,proj72task1,setSchedule> null
<455,acc4,proj42task2,setCost> null
<456,nonemployee6_area1,proj62task1a,request> null
<457,ldr31,proj31sched1,write> null
<458,planner3,proj31task1a,setSchedule> null
<459,manager5,proj51budget1,approve> null
<460,acc8,proj82task2a,setCost> null
<461,employee10_area1,proj101task1a,request> null
<462,aud1,proj12sched1,read> null
<463,planner3,proj32task2a,setSchedule> null
<464,planner7,proj72task2a,setSchedule> null
<465,employee8_area1,proj81task1a,read> null
<466,ldr12,proj11sched1,read> null
<467,employee1_area1,proj11task1propa,setStatus> null
<468,employee2_area2,proj21task2a,request> null
<469,nonemployee10_area2,proj102task2a,request> null
<470,employee1_area1,proj11task1,request> null
<471,acc2,proj21budget1,write> null
<472,ldr32,proj31sched1,read> null
<473,employee8_area2,proj81task2a,setStatus> null
<474,employee8_area2,proj81task2a,read> null
<475,planner4,proj42task1prop,setSchedule> null
<476,nonemployee2_area1,proj22task1,read> null
<477,acc3,proj31sched1,read> null
<478,planner2,proj21task2,setSchedule> null
<479,employee9_area1,proj91task1,request> null
<480,planner1,proj12task1prop,setSchedule> null
<481,nonemployee3_area1,proj32task1a,setStatus> null
<482,employee8_area2,proj81task2,request> null
<483,manager1,proj12budget1,read> null
<484,ldr102,proj102budget1,read> null
<485,employee7_area1,proj71sched1,read> null
<486,planner1,proj12task1,setSchedule> null
<487,nonemployee4_area2,proj42task2propa,setStatus> null
<488,acc9,proj92task1a,setCost> null
<489,employee4_area2,proj41sched1,read> null
<490,ldr72,proj72budget1,read> null
<491,planner8,proj81sched1,write> null
<492,manager8,proj82budget1,read> null
<493,planner1,proj12task2prop,setSchedule> null
<494,acc1,proj11budget1,read> null
<495,nonemployee1_area1,proj12task1a,request> null
<496,ldr71,proj71budget1,write> null
<497,planner4,proj41task2,setSchedule> null
<498,planner9,proj92sched1,read> null
<499,planner4,proj41task1,setSchedule> null
<500,employee4_area2,proj41task2a,setStatus> null
<501,planner1,proj12sched1,read> null
<502,employee7_area2,proj71task2a,read> null
<503,planner4,proj41task1a,setSchedule> null
<504,employee8_area1,proj81task1,request> null
<505,nonemployee8_area2,proj82task2,request> null
<506,planner4,proj42task2a,setSchedule> null
<507,acc9,proj92task2a,setCost> null
<508,acc4,proj42task1a,setCost> null
<509,employee4_area1,proj41sched1,read> null
<510,ldr31,proj31budget1,read> null
<511,planner10,proj102task2prop,setSchedule> null
<512,nonemployee3_area2,proj32task2a,setStatus> null
<513,acc4,proj41task2propa,setCost> null
<514,employee2_area1,proj21sched1,read> null
<515,ldr92,proj92sched1,write> null
<516,employee7_area1,proj71task1propa,setStatus> null
<517,nonemployee5_area1,proj52task1,read> null
<518,acc10,proj101task2propa,setCost> null
<519,manager9,proj92budget1,approve> null
<520,planner6,proj62task1propa,setSchedule> null
<521,planner4,proj42sched1,read> null
<522,nonemployee3_area2,proj32sched1,read> null
<523,acc2,proj22task1propa,setCost> null
<524,employee8_area1,proj81task1a,setStatus> null
<525,employee3_area2,proj31sched1,read> null
<526,employee6_area1,proj61task1,request> null
<527,nonemployee8_area1,proj82task1,request> null
<528,manager8,proj82budget1,approve> null
<529,employee9_area1,proj91task1propa,setStatus> null
<530,employee10_area1,proj101task1a,read> null
<531,acc6,proj62budget1,read> null
<532,employee2_area2,proj21sched1,read> null
<533,acc3,proj31task2prop,setCost> null
<534,nonemployee5_area2,proj52task2,read> null
<535,acc3,proj32task1prop,setCost> null
<536,ldr101,proj101budget1,read> null
<537,employee10_area2,proj101task2prop,request> null
<538,nonemployee3_area1,proj32sched1,read> null
<539,manager3,proj32budget1,approve> null
<540,ldr42,proj42sched1,write> null
<541,employee4_area1,proj41task1a,setStatus> null
<542,ldr91,proj91budget1,write> null
<543,employee5_area1,proj51task1propa,read> null
<544,employee10_area2,proj101task2,read> null
<545,planner7,proj72task2,setSchedule> null
<546,employee7_area1,proj71task1propa,request> null
<547,employee1_area1,proj11task1prop,read> null
<548,acc7,proj71task1propa,setCost> null
<549,employee10_area1,proj101task1,read> null
<550,acc6,proj61task2prop,setCost> null
<551,employee7_area2,proj71task2prop,read> null
<552,ldr31,proj31sched1,read> null
<553,employee9_area1,proj91task1prop,request> null
<554,acc1,proj11sched1,read> null
<555,planner6,proj62task2a,setSchedule> null
<556,employee8_area2,proj81task2,read> null
<557,nonemployee8_area1,proj82task1propa,setStatus> null
<558,employee2_area1,proj21task1propa,read> null
<559,planner4,proj41task2prop,setSchedule> null
<560,ldr41,proj41sched1,write> null
<561,acc10,proj102task2prop,setCost> null
<562,acc5,proj52task1,setCost> null
<563,employee9_area1,proj91task1a,read> null
<564,employee1_area2,proj11task2propa,setStatus> null
<565,planner10,proj102task2a,setSchedule> null
<566,planner8,proj81sched1,read> null
<567,employee1_area1,proj11task1propa,request> null
<568,acc3,proj31task2,setCost> null
<569,nonemployee3_area1,proj32task1propa,setStatus> null
<570,planner1,proj12task1propa,setSchedule> null
<571,employee8_area1,proj81task1,read> null
<572,planner4,proj42task2propa,setSchedule> null
<573,acc2,proj22task2propa,setCost> null
<574,nonemployee7_area1,proj72task1,read> null
<575,nonemployee8_area2,proj82task2a,request> null
<0,manager2,proj21budget1,approve> null
<1,acc10,proj101task2,setCost> null
<2,manager2,proj21budget1,read> null
<3,employee2_area2,proj21task2,request> null
<4,acc10,proj101task1,setCost> null
<5,planner8,proj82task2propa,setSchedule> null
<6,acc2,proj22task2prop,setCost> null
<7,ldr21,proj21budget1,write> null
<8,acc2,proj21task1propa,setCost> null
<9,nonemployee1_area2,proj12task2a,request> null
<10,nonemployee2_area1,proj22task1a,read> null
<11,nonemployee1_area1,proj12task1a,setStatus> null
<12,employee9_area2,proj91task2,request> null
<13,employee4_area2,proj41task2a,read> null
<14,employee7_area2,proj71task2propa,setStatus> null
<15,ldr102,proj102sched1,read> null
<16,employee1_area2,proj11task2a,request> null
<17,aud3,proj32budget1,read> null
<18,employee6_area1,proj61task1propa,read> null
<19,employee10_area1,proj101task1prop,read> null
<20,acc6,proj62task1propa,setCost> null
<21,acc5,proj52sched1,read> null
<22,employee9_area2,proj91task2propa,setStatus> null
<23,acc8,proj81task1prop,setCost> null
<24,planner9,proj92task2prop,setSchedule> null
<25,ldr91,proj91sched1,write> null
<26,employee9_area2,proj91task2a,read> null
<27,acc10,proj101task2prop,setCost> null
<28,planner7,proj71task1a,setSchedule> null
<29,employee10_area2,proj101task2prop,read> null
<30,nonemployee1_area1,proj12task1a,read> null
<31,acc7,proj71task2prop,setCost> null
<32,employee7_area2,proj71task2,read> null
<33,employee8_area2,proj81task2prop,request> null
<34,ldr62,proj62budget1,read> null
<35,employee8_area1,proj81task1prop,read> null
<36,employee10_area1,proj101task1prop,request> null
<37,employee7_area1,proj71task1,read> null
<38,employee4_area1,proj41task1a,read> null
<39,ldr51,proj51budget1,read> null
<40,planner5,proj52task2a,setSchedule> null
<41,aud8,proj81sched1,read> null
<42,planner6,proj61task1a,setSchedule> null
<43,manager7,proj71budget1,approve> null
<44,acc4,proj41task2prop,setCost> null
<45,employee6_area2,proj61task2propa,read> null
<46,nonemployee2_area2,proj22task2a,setStatus> null
<47,planner9,proj91task1,setSchedule> null
<48,employee4_area1,proj41task1prop,read> null
<49,planner10,proj102sched1,read> null
<50,acc10,proj101budget1,write> null
<51,employee9_area1,proj91sched1,read> null
<52,planner9,proj92task2,setSchedule> null
<53,planner10,proj102task1a,setSchedule> null
<54,planner4,proj41sched1,read> null
<55,acc7,proj72budget1,write> null
<56,ldr22,proj22budget1,read> null
<57,aud6,proj62sched1,read> null
<58,employee5_area1,proj51task1a,setStatus> null
<59,planner5,proj52task1a,setSchedule> null
<60,ldr102,proj102sched1,write> null
<61,acc3,proj31task2propa,setCost> null
<62,nonemployee6_area2,proj62task2a,setStatus> null
<63,aud7,proj72sched1,read> null
<64,ldr11,proj11sched1,write> null
<65,nonemployee3_area2,proj32task2a,request> null
<66,planner6,proj62sched1,read> null
<67,ldr52,proj52budget1,read> null
<68,planner2,proj22task1propa,setSchedule> null
<69,acc1,proj11task2a,setCost> null
<70,employee7_area1,proj71task1prop,request> null
<71,employee3_area2,proj31task2propa,request> null
<72,planner3,proj32task1,setSchedule> null
<73,planner3,proj32task2,setSchedule> null
<74,planner4,proj41task2a,setSchedule> null
<75,manager6,proj61budget1,approve> null
<76,planner5,proj52task1prop,setSchedule> null
<77,planner10,proj101task2prop,setSchedule> null
<78,employee5_area1,proj51task1,read> null
<79,ldr41,proj41sched1,read> null
<80,planner2,proj22task1a,setSchedule> null
<81,employee2_area1,proj21task1,read> null
<82,acc6,proj61task2propa,setCost> null
<83,employee4_area1,proj41task1propa,request> null
<84,employee10_area2,proj101task2a,read> null
<85,employee8_area1,proj81task1propa,setStatus> null
<86,employee1_area2,proj11task2a,read> null
<87,nonemployee9_area1,proj92task1a,read> null
<88,manager4,proj41budget1,approve> null
<89,employee10_area2,proj101task2propa,setStatus> null
<90,nonemployee1_area2,proj12task2a,setStatus> null
<91,planner10,proj101task1a,setSchedule> null
<92,nonemployee5_area1,proj52task1propa,setStatus> null
<93,acc9,proj92task2propa,setCost> null
<94,manager8,proj81budget1,approve> null
<95,employee1_area2,proj11task2a,setStatus> null
<0,acc3,proj32budget1,read> null
<1,employee2_area1,proj21task1a,setStatus> null
<2,planner1,proj12task2,setSchedule> null
<3,nonemployee3_area1,proj32task1,request> null
<4,acc2,proj22sched1,read> null
<5,acc4,proj42sched1,read> null
<6,employee3_area1,proj31task1propa,request> null
<7,planner10,proj101task2a,setSchedule> null
<8,ldr32,proj32budget1,write> null
<9,ldr51,proj52sched1,read> null
<10,manager3,proj32budget1,read> null
<11,planner3,proj32task2propa,setSchedule> null
<12,employee7_area1,proj71task1propa,read> null
<13,employee6_area1,proj61task1propa,request> null
<14,nonemployee9_area2,proj92task2a,read> null
<15,acc4,proj42budget1,write> null
<16,employee2_area2,proj21task2a,setStatus> null
<17,acc3,proj32task2prop,setCost> null
<18,acc1,proj11task2,setCost> null
<19,nonemployee2_area1,proj22task1propa,setStatus> null
<20,acc2,proj21task2,setCost> null
<21,planner5,proj51task2prop,setSchedule> null
<22,planner1,proj12task2a,setSchedule> null
<23,acc7,proj72task2prop,setCost> null
<24,nonemployee4_area1,proj42sched1,read> null
<25,employee1_area2,proj11task2propa,request> null
<26,ldr41,proj42sched1,read> null
<27,nonemployee8_area1,proj82task1a,request> null
<28,acc8,proj81task2propa,setCost> null
<29,planner6,proj61sched1,read> null
<30,ldr12,proj12budget1,write> null
<31,employee5_area1,proj51task1prop,request> null
<32,ldr42,proj42budget1,write> null
<33,employee6_area1,proj61task1prop,read> null
<34,acc1,proj12sched1,read> null
<35,ldr71,proj71sched1,write> null
<36,acc7,proj71task2,setCost> null
<37,acc7,proj71task2a,setCost> null
<38,acc7,proj71task1,setCost> null
<39,planner2,proj22task2a,setSchedule> null
<40,nonemployee4_area2,proj42sched1,read> null
<41,ldr102,proj101sched1,read> null
<42,acc5,proj51task1,setCost> null
<43,acc2,proj21sched1,read> null
<44,nonemployee6_area2,proj62task2a,read> null
<45,acc2,proj21task1prop,setCost> null
<46,aud4,proj42sched1,read> null
<47,acc3,proj31budget1,read> null
<48,aud5,proj52sched1,read> null
<49,employee3_area2,proj31task2propa,read> null
<50,ldr81,proj81sched1,write> null
<51,acc7,proj71task1a,setCost> null
<52,planner5,proj51task1prop,setSchedule> null
<53,planner3,proj32sched1,read> null
<54,ldr52,proj52sched1,write> null
<55,acc5,proj51task2propa,setCost> null
<56,employee2_area2,proj21task2prop,read> null
<57,acc5,proj52task1prop,setCost> null
<58,acc4,proj41task2a,setCost> null
<59,acc3,proj31task1prop,setCost> null
<60,employee8_area1,proj81task1prop,request> null
<61,planner8,proj81task2propa,setSchedule> null
<62,acc9,proj92task2prop,setCost> null
<63,planner2,proj21sched1,read> null
<64,employee5_area2,proj51task2propa,read> null
<65,employee5_area2,proj51task2a,setStatus> null
<66,ldr31,proj32sched1,read> null
<67,acc9,proj91task2a,setCost> null
<68,ldr102,proj102budget1,write> null
<69,nonemployee6_area1,proj62task1propa,setStatus> null
<70,planner5,proj51task2,setSchedule> null
<71,planner5,proj51task1,setSchedule> null
<72,acc7,proj72task1prop,setCost> null
<73,aud6,proj61sched1,read> null
<74,manager10,proj102budget1,read> null
<75,ldr12,proj12budget1,read> null
<76,acc2,proj22task1a,setCost> null
<77,ldr92,proj92sched1,read> null
<78,employee5_area2,proj51task2propa,setStatus> null
<79,acc3,proj32task1,setCost> null
<80,acc10,proj102task1a,setCost> null
<81,acc3,proj32task2,setCost> null
<82,employee9_area2,proj91task2a,request> null
<83,planner7,proj71task2,setSchedule> null
<84,planner7,proj71task1,setSchedule> null
<85,acc6,proj62task1a,setCost> null
<86,nonemployee1_area2,proj12task2,read> null
<87,acc8,proj82task1prop,setCost> null
<88,employee7_area1,proj71task1prop,read> null
<89,employee4_area1,proj41task1propa,read> null
<90,employee6_area1,proj61task1,read> null
<91,nonemployee3_area1,proj32task1a,request> null
<92,planner2,proj21task2propa,setSchedule> null
<93,ldr61,proj61budget1,write> null
<94,planner4,proj42task2,setSchedule> null
<95,nonemployee1_area1,proj12task1propa,setStatus> null
<0,ldr21,proj22sched1,read> null
<1,planner9,proj92task2a,setSchedule> null
<2,employee5_area1,proj51task1propa,request> null
<3,manager1,proj12budget1,approve> null
<4,employee9_area1,proj91task1a,request> null
<5,employee9_area1,proj91task1prop,read> null
<6,acc7,proj72task2a,setCost> null
<7,planner6,proj62task2,setSchedule> null
<8,acc5,proj52task2prop,setCost> null
<9,nonemployee2_area1,proj22sched1,read> null
<10,ldr22,proj22sched1,read> null
<11,nonemployee7_area1,proj72task1,request> null
<12,planner10,proj102task2propa,setSchedule> null
<13,aud3,proj32sched1,read> null
<14,planner4,proj41task1prop,setSchedule> null
<15,planner10,proj101task1propa,setSchedule> null
<16,employee1_area1,proj11sched1,read> null
<17,nonemployee7_area2,proj72task2a,setStatus> null
<18,nonemployee1_area1,proj12task1,request> null
<19,nonemployee4_area1,proj42task1a,request> null
<20,nonemployee9_area1,proj92sched1,read> null
<21,employee6_area2,proj61task2a,request> null
<22,employee1_area2,proj11task2prop,read> null
<23,employee5_area1,proj51task1a,request> null
<24,manager3,proj31budget1,read> null
<25,employee5_area2,proj51task2a,request> null
<26,aud7,proj71sched1,read> null
<27,employee1_area2,proj11sched1,read> null
<28,employee3_area2,proj31task2,request> null
<29,planner10,proj102task1propa,setSchedule> null
<30,nonemployee7_area1,proj72task1a,setStatus> null
<31,nonemployee7_area2,proj72task2,read> null
<32,ldr91,proj91budget1,read> null
<33,ldr11,proj11budget1,write> null
<34,employee3_area1,proj31task1,request> null
<35,nonemployee4_area1,proj42task1,read> null
<36,ldr42,proj42budget1,read> null
<37,nonemployee7_area2,proj72sched1,read> null
<38,nonemployee4_area2,proj42task2a,request> null
<39,nonemployee5_area2,proj52task2propa,setStatus> null
<40,employee6_area2,proj61task2,read> null
<41,planner4,proj41task1propa,setSchedule> null
<42,planner3,proj31task1prop,setSchedule> null
<43,manager10,proj101budget1,approve> null
<44,ldr62,proj61sched1,read> null
<45,employee9_area2,proj91task2propa,request> null
<46,employee10_area1,proj101task1propa,read> null
<47,employee2_area1,proj21task1prop,request> null
<48,planner3,proj31task1propa,setSchedule> null
<49,nonemployee2_area1,proj22task1,request> null
<50,employee1_area2,proj11task2prop,request> null
<51,nonemployee1_area2,proj12task2propa,setStatus> null
<52,planner5,proj52sched1,read> null
<53,acc10,proj102task2a,setCost> null
<54,employee3_area1,proj31task1prop,request> null
<55,nonemployee4_area2,proj42task2a,read> null
<56,employee6_area1,proj61task1a,setStatus> null
<57,nonemployee1_area2,proj12task2,request> null
<58,nonemployee10_area2,proj102sched1,read> null
<59,employee8_area1,proj81sched1,read> null
<60,acc10,proj102task2propa,setCost> null
<61,planner9,proj92task1a,setSchedule> null
<62,nonemployee10_area1,proj102sched1,read> null
<63,employee10_area1,proj101task1propa,request> null
<64,nonemployee3_area1,proj32task1,read> null
<65,nonemployee10_area1,proj102task1,request> null
<66,acc8,proj82task1a,setCost> null
<67,ldr72,proj72sched1,read> null
<68,nonemployee4_area1,proj42task1a,read> null
<69,acc1,proj11task1propa,setCost> null
<70,employee10_area2,proj101sched1,read> null
<71,employee6_area2,proj61task2a,setStatus> null
<72,acc1,proj11task1prop,setCost> null
<73,nonemployee7_area2,proj72task2propa,setStatus> null
<74,employee2_area2,proj21task2propa,setStatus> null
<75,nonemployee3_area2,proj32task2,read> null
<76,nonemployee10_area2,proj102task2,request> null
<77,employee2_area1,proj21task1a,request> null
<78,employee1_area2,proj11task2propa,read> null
<79,employee6_area1,proj61task1propa,setStatus> null
<80,employee8_area2,proj81sched1,read> null
<81,employee7_area1,proj71task1a,setStatus> null
<82,nonemployee5_area1,proj52task1a,request> null
<83,employee9_area1,proj91task1propa,read> null
<84,employee6_area1,proj61sched1,read> null
<85,ldr72,proj72sched1,write> null
<86,nonemployee9_area1,proj92task1,read> null
<87,acc5,proj51sched1,read> null
<88,employee8_area2,proj81task2prop,read> null
<89,manager2,proj22budget1,approve> null
<90,acc3,proj32task1propa,setCost> null
<91,manager6,proj62budget1,approve> null
<92,employee7_area2,proj71task2propa,request> null
<93,ldr71,proj72sched1,read> null
<94,ldr62,proj62sched1,read> null
<95,nonemployee5_area2,proj52task2a,request> null
<0,acc6,proj62task1,setCost> 9.740185308758706E-4
<1,ldr82,proj82sched1,write> 6.371557821896253E-5
<2,acc1,proj11task2propa,setCost> 0.0012389574588058394
<3,employee10_area1,proj101sched1,read> 5.647619077903272E-4
<4,ldr81,proj81sched1,read> 1.5207801491379214E-4
<5,nonemployee7_area2,proj72task2a,request> 8.589617928013992E-4
<6,employee3_area2,proj31task2prop,read> 4.846169129422057E-4
<7,acc3,proj32task2a,setCost> 4.79465865406596E-4
<8,ldr91,proj92sched1,read> 3.1870191622720447E-4
<9,ldr92,proj92budget1,read> 5.609234550624446E-4
<10,ldr92,proj92budget1,write> 4.7117570225245345E-4
<11,employee7_area2,proj71task2propa,read> 1.8730958600014422E-4
<12,planner8,proj81task1a,setSchedule> 9.774572662236344E-4
<13,acc6,proj61task1a,setCost> 9.121994476922113E-4
<14,nonemployee10_area2,proj102task2,read> 7.157046581925544E-5
<15,ldr82,proj81sched1,read> 8.310752517471364E-5
<16,ldr82,proj82budget1,write> 8.45080286659657E-4
<17,planner5,proj51task1a,setSchedule> 2.4938320941077664E-4
<18,ldr32,proj32sched1,write> 3.129853011570982E-4
<19,ldr51,proj51sched1,write> 1.5958854857978398E-4
<20,nonemployee10_area1,proj102task1,read> 6.523212198286381E-5
<21,nonemployee2_area2,proj22task2a,read> 3.50457594620487E-4
<22,planner8,proj82sched1,read> 4.31368082345893E-5
<23,employee3_area1,proj31task1a,request> 0.00135788231872754
<24,nonemployee4_area1,proj42task1a,setStatus> 7.177936709294393E-4
<25,employee8_area2,proj81task2propa,request> 1.1762743499476787E-4
<26,employee8_area1,proj81task1a,request> 6.158394039188658E-4
<27,ldr101,proj101budget1,write> 3.800963804096732E-4
<28,planner9,proj91sched1,read> 6.058920658823935E-4
<29,nonemployee5_area2,proj52task2,request> 2.1676079529819967E-4
<30,planner5,proj51task2a,setSchedule> 1.5302046659731018E-4
<31,aud5,proj51sched1,read> 1.66183649726052E-4
<32,employee5_area1,proj51task1prop,read> 1.6581749007662166E-4
<33,aud9,proj91sched1,read> 7.088541162937807E-4
<34,nonemployee7_area2,proj72task2a,read> 0.0012631791070608811
<35,nonemployee7_area1,proj72task1a,request> 7.770703904352194E-4
<36,planner3,proj32task1propa,setSchedule> 0.0020374474371717653
<37,employee6_area2,proj61task2propa,setStatus> 3.077244807086296E-4
<38,employee5_area2,proj51task2a,read> 1.417784758129319E-4
<39,employee2_area2,proj21task2a,read> 8.064425839971723E-4
<40,ldr61,proj61sched1,write> 6.149851577936854E-4
<41,employee6_area2,proj61task2prop,read> 4.129765931971307E-4
<42,nonemployee5_area1,proj52task1,request> 2.210708691069459E-4
<43,nonemployee6_area1,proj62task1a,read> 0.0013138858577520138
<44,nonemployee6_area2,proj62task2,request> 4.6674507620548535E-4
<45,acc8,proj81budget1,write> 0.0028602367839887653
<46,ldr32,proj32sched1,read> 6.604174649925158E-4
<47,employee4_area2,proj41task2propa,setStatus> 7.964938185475746E-4
<48,employee7_area2,proj71task2,request> 2.1108872311413425E-4
<49,acc10,proj101task2a,setCost> 0.0011859696732198456
<50,employee2_area1,proj21task1a,read> 0.001242938416237569
<51,acc7,proj71sched1,read> 7.482323048423065E-4
<52,acc3,proj31task1a,setCost> 0.001777666612263442
<53,employee10_area2,proj101task2propa,request> 3.7338337648468585E-4
<54,ldr81,proj81budget1,write> 4.4241381114420704E-4
<55,aud8,proj82sched1,read> 4.8702848006794365E-5
<56,nonemployee6_area2,proj62task2,read> 6.863898179492431E-4
<57,acc10,proj101task1a,setCost> 0.0013449330299778268
<58,employee4_area1,proj41task1prop,request> 3.149248755727046E-4
<59,employee7_area1,proj71task1,request> 2.043428784340554E-4
<60,manager4,proj41budget1,read> 0.0012977577755311036
<61,employee6_area1,proj61task1a,read> 0.0010246905001173707
<62,employee10_area2,proj101task2propa,read> 5.490932007127733E-4
<63,employee5_area1,proj51task1a,read> 2.310617142257403E-4
<64,acc6,proj61sched1,read> 4.975910171061989E-4
<65,nonemployee9_area1,proj92task1propa,setStatus> 3.864246283267647E-4
<66,employee1_area1,proj11task1propa,read> 6.910305842077034E-5
<67,nonemployee5_area1,proj52sched1,read> 7.395433557873588E-5
<68,aud3,proj31sched1,read> 6.963550365977196E-4
<69,ldr101,proj101sched1,read> 0.00222620856938594
<70,employee2_area1,proj21task1prop,read> 3.2342619351578687E-4
<71,employee6_area2,proj61task2a,read> 1.5169883563657727E-4
<72,employee7_area1,proj71task1a,read> 0.001481027052005058
<73,employee2_area1,proj21task1propa,setStatus> 1.2132939424462512E-4
<74,acc3,proj31task2a,setCost> 0.0015833780651147986
<75,planner5,proj51sched1,read> 1.1104437424091033E-4
<76,nonemployee5_area2,proj52sched1,read> 1.0071876178818315E-4
<77,employee10_area2,proj101task2,request> 1.233927422731091E-4
<78,ldr52,proj51sched1,read> 1.7077858934981378E-4
<79,employee8_area2,proj81task2a,request> 5.213975783977618E-4
<80,nonemployee4_area2,proj42task2a,setStatus> 1.1718728121209167E-4
<81,planner10,proj101task2,setSchedule> 1.9584835229218415E-4
<82,planner3,proj31task2prop,setSchedule> 0.001448564008867248
<83,employee5_area2,proj51task2prop,request> 2.832598542453814E-4
<84,nonemployee7_area1,proj72task1a,read> 0.0011427505741694402
<85,aud4,proj41sched1,read> 5.825231274466873E-4
<86,planner10,proj101task1,setSchedule> 1.8514138086846564E-4
<87,nonemployee6_area2,proj62sched1,read> 5.833238976217084E-4
<88,acc8,proj81sched1,read> 5.609023783876432E-5
<89,acc6,proj62budget1,write> 5.048995857966624E-4
<90,employee4_area2,proj41task2propa,request> 4.683784404666554E-4
<91,employee2_area2,proj21task2propa,request> 5.000434617939785E-4
<92,employee9_area2,proj91task2a,setStatus> 4.94119567172634E-4
<93,acc5,proj51task1prop,setCost> 4.0881548462527094E-4
<94,nonemployee10_area2,proj102task2propa,setStatus> 8.819248998435765E-5
<95,planner7,proj71task1propa,setSchedule> 3.885738379191171E-4

