<0,planner1,proj12sched1,write> null
<1,aud5,proj52budget1,read> null
<2,planner2,proj22task1,setSchedule> null
<3,ldr101,proj101sched1,write> null
<4,acc8,proj82budget1,write> null
<5,planner10,proj101task2prop,setSchedule> null
<6,planner10,proj102sched1,write> null
<7,aud9,proj92budget1,read> null
<8,aud10,proj102budget1,read> null
<9,planner10,proj101sched1,write> null
<10,acc5,proj52budget1,write> null
<11,acc4,proj41budget1,read> null
<12,employee1_area1,proj11task1,read> null
<13,planner6,proj62sched1,write> null
<14,acc3,proj31task1propa,setCost> null
<15,acc2,proj22task1a,setCost> null
<16,planner2,proj22sched1,write> null
<17,aud1,proj12budget1,read> null
<18,employee9_area1,proj91task1propa,read> null
<19,acc8,proj82budget1,read> null
<20,acc9,proj91budget1,write> null
<21,planner9,proj92sched1,write> null
<22,employee7_area1,proj71task1propa,request> null
<23,nonemployee1_area1,proj12task1,read> null
<24,aud9,proj91budget1,read> null
<25,employee3_area1,proj31task1a,read> null
<26,employee9_area2,proj91sched1,read> null
<27,acc2,proj21budget1,write> null
<28,planner1,proj11task2prop,setSchedule> null
<29,planner7,proj71task1prop,setSchedule> null
<30,planner4,proj41sched1,write> null
<31,acc2,proj21task2,setCost> null
<32,aud7,proj71sched1,read> null
<33,acc8,proj82task1propa,setCost> null
<34,aud7,proj71budget1,read> null
<35,acc4,proj41task2prop,setCost> null
<36,acc9,proj92task2prop,setCost> null
<37,acc7,proj71task2prop,setCost> null
<38,employee8_area1,proj81task1,read> null
<39,nonemployee7_area2,proj72task2a,request> null
<40,nonemployee8_area1,proj82task1,read> null
<41,acc7,proj71budget1,read> null
<42,acc6,proj61task1a,setCost> null
<43,ldr52,proj52budget1,write> null
<44,planner9,proj91sched1,write> null
<45,acc10,proj102budget1,read> null
<46,planner6,proj62task2prop,setSchedule> null
<47,nonemployee9_area2,proj92task2propa,setStatus> null
<48,employee6_area1,proj61task1prop,read> null
<49,planner8,proj81task2a,setSchedule> null
<50,ldr61,proj61sched1,write> null
<51,acc2,proj22budget1,write> null
<52,acc7,proj71sched1,read> null
<53,acc10,proj101budget1,read> null
<54,employee3_area1,proj31task1propa,setStatus> null
<55,nonemployee2_area2,proj22task2propa,setStatus> null
<56,acc5,proj51budget1,read> null
<57,planner1,proj11sched1,read> null
<58,ldr31,proj31sched1,write> null
<59,employee4_area1,proj41task1a,setStatus> null
<60,acc2,proj22task1propa,setCost> null
<61,nonemployee10_area1,proj102task1propa,setStatus> null
<62,ldr12,proj12sched1,read> null
<63,planner6,proj62task2a,setSchedule> null
<64,employee9_area2,proj91task2prop,read> null
<65,aud6,proj62sched1,read> null
<66,nonemployee3_area1,proj32sched1,read> null
<67,nonemployee2_area1,proj22sched1,read> null
<68,acc3,proj31task2propa,setCost> null
<69,nonemployee8_area1,proj82task1a,read> null
<70,employee6_area1,proj61task1,read> null
<71,manager7,proj71budget1,read> null
<72,planner10,proj101task2a,setSchedule> null
<73,acc5,proj51task2propa,setCost> null
<74,ldr71,proj71sched1,write> null
<75,acc1,proj11task1prop,setCost> null
<76,acc7,proj72budget1,read> null
<77,ldr62,proj62sched1,read> null
<78,acc1,proj12budget1,write> null
<79,employee4_area1,proj41task1prop,request> null
<80,ldr81,proj82sched1,read> null
<81,acc5,proj51task1propa,setCost> null
<82,ldr31,proj31sched1,read> null
<83,planner7,proj71sched1,write> null
<84,nonemployee10_area2,proj102task2a,setStatus> null
<85,acc6,proj61budget1,write> null
<86,acc8,proj81task2propa,setCost> null
<87,nonemployee6_area2,proj62task2a,setStatus> null
<88,planner2,proj21sched1,write> null
<89,acc8,proj82task1prop,setCost> null
<90,nonemployee3_area2,proj32task2a,request> null
<91,employee8_area2,proj81task2propa,setStatus> null
<92,planner5,proj52task1prop,setSchedule> null
<93,acc5,proj51task1a,setCost> null
<94,planner1,proj11task1a,setSchedule> null
<95,nonemployee10_area1,proj102task1a,read> null
<96,planner7,proj72sched1,write> null
<97,planner10,proj101task1prop,setSchedule> null
<98,planner2,proj21task2a,setSchedule> null
<99,manager1,proj12budget1,read> null
<100,nonemployee9_area2,proj92task2a,read> null
<101,acc5,proj51task1prop,setCost> null
<102,planner8,proj82sched1,write> null
<103,employee10_area2,proj101task2a,read> null
<104,acc1,proj11task1,setCost> null
<105,acc3,proj31task2a,setCost> null
<106,employee3_area1,proj31task1propa,request> null
<107,nonemployee2_area1,proj22task1a,request> null
<108,acc7,proj72sched1,read> null
<109,employee6_area2,proj61task2prop,read> null
<110,nonemployee7_area2,proj72task2a,read> null
<111,employee10_area2,proj101task2a,setStatus> null
<112,aud4,proj42budget1,read> null
<113,nonemployee6_area2,proj62sched1,read> null
<114,acc5,proj52task2propa,setCost> null
<115,nonemployee6_area2,proj62task2a,read> null
<116,acc4,proj41task1prop,setCost> null
<117,nonemployee4_area1,proj42task1propa,setStatus> null
<118,acc2,proj22budget1,read> null
<119,employee5_area2,proj51sched1,read> null
<120,employee9_area2,proj91task2propa,read> null
<121,acc6,proj61budget1,read> null
<122,ldr102,proj102budget1,read> null
<123,aud7,proj72budget1,read> null
<124,planner7,proj72task2,setSchedule> null
<125,planner6,proj62task1a,setSchedule> null
<126,planner7,proj71task1,setSchedule> null
<127,planner5,proj51task2propa,setSchedule> null
<128,planner8,proj81task1propa,setSchedule> null
<129,ldr21,proj21budget1,read> null
<130,employee2_area2,proj21task2propa,read> null
<131,planner7,proj71task2prop,setSchedule> null
<132,ldr72,proj71sched1,read> null
<133,employee1_area1,proj11task1a,setStatus> null
<134,acc8,proj82task2a,setCost> null
<135,acc8,proj81task1a,setCost> null
<136,nonemployee10_area1,proj102task1a,setStatus> null
<137,nonemployee8_area2,proj82task2a,read> null
<138,manager2,proj21budget1,read> null
<139,acc10,proj102task1a,setCost> null
<140,manager1,proj11budget1,read> null
<141,acc4,proj41task1propa,setCost> null
<142,planner9,proj91task1prop,setSchedule> null
<143,acc9,proj91sched1,read> null
<144,aud2,proj22budget1,read> null
<145,employee9_area1,proj91task1,read> null
<146,employee8_area1,proj81task1propa,read> null
<147,ldr82,proj82sched1,read> null
<148,acc2,proj21budget1,read> null
<149,aud10,proj101budget1,read> null
<150,employee10_area1,proj101task1a,read> null
<151,manager9,proj92budget1,read> null
<152,employee10_area1,proj101task1a,setStatus> null
<153,acc4,proj42budget1,write> null
<154,employee2_area1,proj21task1,read> null
<155,ldr91,proj91budget1,write> null
<156,nonemployee6_area2,proj62task2propa,setStatus> null
<157,nonemployee6_area2,proj62task2a,request> null
<158,employee8_area2,proj81task2propa,read> null
<159,aud6,proj61budget1,read> null
<160,ldr21,proj21sched1,write> null
<161,employee7_area1,proj71task1a,request> null
<162,acc7,proj71task1prop,setCost> null
<163,planner5,proj52task2,setSchedule> null
<164,acc9,proj92task2propa,setCost> null
<165,nonemployee5_area2,proj52task2propa,setStatus> null
<166,nonemployee10_area2,proj102task2,read> null
<167,nonemployee2_area2,proj22task2a,read> null
<168,planner10,proj102task1prop,setSchedule> null
<169,acc8,proj82task2propa,setCost> null
<170,ldr41,proj41sched1,read> null
<171,acc1,proj12task1a,setCost> null
<172,acc2,proj21task1a,setCost> null
<173,ldr71,proj71sched1,read> null
<174,acc4,proj42task2a,setCost> null
<175,acc6,proj61task1,setCost> null
<176,nonemployee3_area2,proj32task2a,read> null
<177,acc10,proj102task1propa,setCost> null
<178,employee2_area2,proj21task2,read> null
<179,nonemployee9_area1,proj92task1a,setStatus> null
<180,planner1,proj12task2a,setSchedule> null
<181,ldr32,proj32budget1,read> null
<182,planner4,proj41sched1,read> null
<183,planner5,proj52sched1,write> null
<184,nonemployee1_area1,proj12sched1,read> null
<185,aud4,proj41budget1,read> null
<186,manager1,proj11budget1,approve> null
<187,acc6,proj62task1a,setCost> null
<188,acc9,proj91budget1,read> null
<189,planner3,proj31sched1,read> null
<190,aud2,proj21budget1,read> null
<191,ldr81,proj81budget1,read> null
<192,acc3,proj32budget1,read> null
<193,planner7,proj72task2a,setSchedule> null
<194,acc9,proj92task1,setCost> null
<195,acc6,proj61task1propa,setCost> null
<196,acc10,proj102task2,setCost> null
<197,acc5,proj52task1prop,setCost> null
<198,planner2,proj22task2prop,setSchedule> null
<199,acc8,proj81budget1,read> null
<200,acc2,proj22task1prop,setCost> null
<201,acc9,proj91task2a,setCost> null
<202,planner2,proj22task1prop,setSchedule> null
<203,acc10,proj102task2a,setCost> null
<204,acc10,proj102task1,setCost> null
<205,employee6_area1,proj61task1a,read> null
<206,acc3,proj32sched1,read> null
<207,acc1,proj11task2propa,setCost> null
<208,acc7,proj71task2a,setCost> null
<209,ldr11,proj12sched1,read> null
<210,nonemployee2_area2,proj22task2a,request> null
<211,nonemployee5_area1,proj52task1a,read> null
<212,planner7,proj71task1a,setSchedule> null
<213,nonemployee9_area2,proj92task2a,request> null
<214,nonemployee2_area2,proj22task2,read> null
<215,planner1,proj11task2,setSchedule> null
<216,manager8,proj82budget1,read> null
<217,acc1,proj12task2propa,setCost> null
<218,ldr82,proj82budget1,read> null
<219,acc9,proj91task2,setCost> null
<220,nonemployee4_area1,proj42task1a,request> null
<221,acc9,proj92budget1,read> null
<222,acc9,proj91task1,setCost> null
<223,employee6_area1,proj61task1a,setStatus> null
<224,acc10,proj101sched1,read> null
<225,ldr92,proj92budget1,read> null
<226,nonemployee1_area2,proj12sched1,read> null
<227,employee6_area2,proj61task2propa,request> null
<228,acc4,proj42budget1,read> null
<229,ldr62,proj62budget1,write> null
<230,employee7_area2,proj71task2a,request> null
<231,manager10,proj101budget1,approve> null
<232,nonemployee3_area2,proj32task2propa,setStatus> null
<233,nonemployee3_area1,proj32task1a,read> null
<234,manager5,proj52budget1,approve> null
<235,planner10,proj101sched1,read> null
<236,planner4,proj41task1propa,setSchedule> null
<237,ldr11,proj11budget1,read> null
<238,employee6_area2,proj61task2propa,read> null
<239,employee1_area2,proj11task2a,setStatus> null
<240,nonemployee6_area1,proj62task1a,setStatus> null
<241,employee5_area2,proj51task2a,read> null
<242,employee10_area1,proj101task1prop,read> null
<243,employee3_area2,proj31task2,read> null
<244,planner8,proj81task2prop,setSchedule> null
<245,ldr32,proj31sched1,read> null
<246,acc2,proj21task1prop,setCost> null
<247,manager5,proj52budget1,read> null
<248,employee8_area1,proj81task1a,setStatus> null
<249,planner6,proj62task1prop,setSchedule> null
<250,planner10,proj101task2propa,setSchedule> null
<251,ldr22,proj22sched1,write> null
<252,acc9,proj92budget1,write> null
<253,nonemployee9_area1,proj92task1a,request> null
<254,acc3,proj32task1propa,setCost> null
<255,ldr51,proj51budget1,write> null
<256,employee9_area1,proj91task1,request> null
<257,planner5,proj52task1,setSchedule> null
<258,acc2,proj21task2a,setCost> null
<259,acc8,proj81task1,setCost> null
<260,acc4,proj41task1a,setCost> null
<261,employee4_area2,proj41task2prop,request> null
<262,employee5_area1,proj51task1,request> null
<263,employee4_area1,proj41task1,read> null
<264,employee10_area1,proj101task1prop,request> null
<265,acc8,proj82sched1,read> null
<266,acc1,proj11budget1,write> null
<267,employee2_area2,proj21task2a,read> null
<268,planner7,proj72sched1,read> null
<269,manager4,proj41budget1,read> null
<270,employee3_area1,proj31task1,read> null
<271,planner3,proj31task1propa,setSchedule> null
<272,ldr92,proj92sched1,write> null
<273,planner2,proj21task1prop,setSchedule> null
<274,employee1_area2,proj11task2a,read> null
<275,planner9,proj92task2prop,setSchedule> null
<276,aud8,proj82budget1,read> null
<277,planner3,proj31sched1,write> null
<278,planner6,proj61task1a,setSchedule> null
<279,nonemployee8_area2,proj82task2,request> null
<280,planner10,proj102task1,setSchedule> null
<281,acc1,proj11task1a,setCost> null
<282,planner4,proj41task2prop,setSchedule> null
<283,acc9,proj92task2a,setCost> null
<284,planner10,proj102task2,setSchedule> null
<285,employee9_area1,proj91sched1,read> null
<286,employee8_area2,proj81task2prop,read> null
<287,employee5_area1,proj51task1,read> null
<288,employee5_area1,proj51sched1,read> null
<289,nonemployee10_area2,proj102sched1,read> null
<290,nonemployee6_area1,proj62task1,read> null
<291,planner9,proj91task1propa,setSchedule> null
<292,employee8_area1,proj81task1,request> null
<293,employee4_area2,proj41task2,read> null
<294,planner9,proj91task1a,setSchedule> null
<295,employee3_area2,proj31task2a,read> null
<296,manager3,proj31budget1,approve> null
<297,planner6,proj61task2a,setSchedule> null
<298,acc4,proj42task2propa,setCost> null
<299,nonemployee9_area1,proj92task1,read> null
<300,manager4,proj42budget1,read> null
<301,manager10,proj101budget1,read> null
<302,nonemployee1_area2,proj12task2a,read> null
<303,planner5,proj51sched1,write> null
<304,acc5,proj51task2a,setCost> null
<305,nonemployee1_area2,proj12task2a,request> null
<306,acc8,proj81task2a,setCost> null
<307,employee4_area1,proj41task1a,request> null
<308,acc8,proj82task2prop,setCost> null
<309,acc7,proj72task2,setCost> null
<310,employee6_area2,proj61sched1,read> null
<311,planner8,proj82task1,setSchedule> null
<312,employee4_area1,proj41task1,request> null
<313,acc1,proj12budget1,read> null
<314,acc10,proj102budget1,write> null
<315,planner8,proj82task1propa,setSchedule> null
<316,employee7_area1,proj71sched1,read> null
<317,acc8,proj82task2,setCost> null
<318,employee10_area1,proj101sched1,read> null
<319,acc8,proj82task1,setCost> null
<320,ldr22,proj21sched1,read> null
<321,acc7,proj72task1,setCost> null
<322,acc6,proj62task1prop,setCost> null
<323,employee4_area2,proj41task2prop,read> null
<324,planner1,proj11sched1,write> null
<325,acc10,proj101task1a,setCost> null
<326,employee5_area2,proj51task2prop,read> null
<327,nonemployee2_area1,proj22task1a,setStatus> null
<328,planner4,proj41task2propa,setSchedule> null
<329,ldr11,proj11sched1,read> null
<330,employee4_area2,proj41task2propa,setStatus> null
<331,employee3_area1,proj31task1,request> null
<332,employee10_area1,proj101task1propa,setStatus> null
<333,employee1_area2,proj11task2,request> null
<334,employee7_area2,proj71task2prop,request> null
<335,employee4_area1,proj41task1propa,read> null
<336,aud8,proj81budget1,read> null
<337,manager10,proj102budget1,read> null
<338,acc4,proj41task2,setCost> null
<339,planner2,proj22task1a,setSchedule> null
<340,acc4,proj41task1,setCost> null
<341,ldr21,proj21sched1,read> null
<342,nonemployee8_area1,proj82task1a,setStatus> null
<343,employee4_area2,proj41task2,request> null
<344,employee6_area1,proj61task1prop,request> null
<345,planner9,proj91task2a,setSchedule> null
<346,acc1,proj12task2a,setCost> null
<347,acc9,proj91task1prop,setCost> null
<348,planner8,proj82task2,setSchedule> null
<349,acc7,proj71budget1,write> null
<350,acc4,proj42task2prop,setCost> null
<351,acc8,proj82task1a,setCost> null
<352,nonemployee7_area1,proj72task1,read> null
<353,ldr12,proj12sched1,write> null
<354,nonemployee6_area1,proj62task1a,read> null
<355,manager5,proj51budget1,read> null
<356,nonemployee10_area1,proj102task1a,request> null
<357,planner6,proj61task1propa,setSchedule> null
<358,planner9,proj91task2prop,setSchedule> null
<359,planner10,proj102task2a,setSchedule> null
<360,ldr91,proj91sched1,read> null
<361,planner8,proj82task2prop,setSchedule> null
<362,planner3,proj31task2,setSchedule> null
<363,employee2_area2,proj21task2prop,request> null
<364,planner6,proj61task2propa,setSchedule> null
<365,employee1_area1,proj11task1prop,request> null
<366,nonemployee4_area1,proj42task1,request> null
<367,employee3_area1,proj31task1a,request> null
<368,employee4_area2,proj41task2a,request> null
<369,aud1,proj11sched1,read> null
<370,employee7_area1,proj71task1prop,read> null
<371,nonemployee6_area1,proj62sched1,read> null
<372,employee9_area2,proj91task2a,request> null
<373,employee3_area1,proj31task1prop,read> null
<374,planner1,proj11task1prop,setSchedule> null
<375,acc10,proj101task1propa,setCost> null
<376,nonemployee9_area1,proj92task1,request> null
<377,acc6,proj61task1prop,setCost> null
<378,employee5_area2,proj51task2,request> null
<379,acc9,proj91task2prop,setCost> null
<380,nonemployee8_area2,proj82sched1,read> null
<381,nonemployee4_area2,proj42task2,request> null
<382,employee8_area1,proj81task1prop,request> null
<383,manager7,proj72budget1,read> null
<384,acc1,proj12task1propa,setCost> null
<385,aud1,proj12sched1,read> null
<386,ldr31,proj31budget1,write> null
<387,nonemployee9_area2,proj92task2,request> null
<388,planner4,proj42sched1,write> null
<389,employee3_area2,proj31task2a,request> null
<390,employee9_area1,proj91task1propa,request> null
<391,nonemployee8_area2,proj82task2a,setStatus> null
<392,planner7,proj72task1a,setSchedule> null
<393,planner5,proj51task1propa,setSchedule> null
<394,nonemployee8_area1,proj82sched1,read> null
<395,planner10,proj101task1a,setSchedule> null
<396,planner7,proj72task1prop,setSchedule> null
<397,acc8,proj81task2prop,setCost> null
<398,acc1,proj12task2,setCost> null
<399,acc5,proj51task2prop,setCost> null
<400,acc7,proj72task1prop,setCost> null
<401,planner1,proj12task2propa,setSchedule> null
<402,acc1,proj12task1,setCost> null
<403,acc4,proj41sched1,read> null
<404,aud2,proj21sched1,read> null
<405,aud10,proj101sched1,read> null
<406,planner5,proj52task1propa,setSchedule> null
<407,acc5,proj52task2prop,setCost> null
<408,nonemployee9_area2,proj92task2a,setStatus> null
<409,planner8,proj81task1prop,setSchedule> null
<410,nonemployee5_area2,proj52task2a,setStatus> null
<411,employee2_area1,proj21task1prop,read> null
<412,employee10_area1,proj101task1a,request> null
<413,employee4_area2,proj41task2propa,read> null
<414,planner3,proj32task1a,setSchedule> null
<415,employee1_area2,proj11task2a,request> null
<416,employee8_area1,proj81task1propa,request> null
<417,aud1,proj11budget1,read> null
<418,employee6_area2,proj61task2prop,request> null
<419,employee8_area1,proj81task1propa,setStatus> null
<420,acc5,proj52task1a,setCost> null
<421,aud10,proj102sched1,read> null
<422,employee10_area2,proj101task2a,request> null
<423,nonemployee2_area1,proj22task1,read> null
<424,planner10,proj102task1a,setSchedule> null
<425,aud9,proj92sched1,read> null
<426,acc4,proj42task1a,setCost> null
<427,acc4,proj42task1prop,setCost> null
<428,acc7,proj71task2propa,setCost> null
<429,nonemployee5_area2,proj52task2a,read> null
<430,acc3,proj32task2propa,setCost> null
<431,aud6,proj62budget1,read> null
<432,acc10,proj102sched1,read> null
<433,employee4_area1,proj41task1a,read> null
<434,planner1,proj11task2a,setSchedule> null
<435,acc7,proj72budget1,write> null
<436,employee7_area2,proj71sched1,read> null
<437,employee1_area2,proj11task2,read> null
<438,nonemployee8_area1,proj82task1,request> null
<439,planner2,proj21task1propa,setSchedule> null
<440,acc10,proj101budget1,write> null
<441,acc5,proj52task2a,setCost> null
<442,manager2,proj22budget1,read> null
<443,planner7,proj72task1,setSchedule> null
<444,nonemployee7_area1,proj72task1propa,setStatus> null
<445,nonemployee2_area2,proj22task2,request> null
<446,employee8_area2,proj81task2,request> null
<447,ldr92,proj91sched1,read> null
<448,acc1,proj12task2prop,setCost> null
<449,manager6,proj62budget1,read> null
<450,nonemployee5_area1,proj52task1a,setStatus> null
<451,manager6,proj61budget1,read> null
<452,manager4,proj42budget1,approve> null
<453,ldr51,proj51sched1,read> null
<454,planner1,proj12task2prop,setSchedule> null
<455,planner4,proj42task2prop,setSchedule> null
<456,planner5,proj52task2prop,setSchedule> null
<457,acc4,proj42task1,setCost> null
<458,acc4,proj42task2,setCost> null
<459,planner1,proj11task2propa,setSchedule> null
<460,manager5,proj51budget1,approve> null
<461,planner3,proj32task2a,setSchedule> null
<462,planner6,proj61task1prop,setSchedule> null
<463,ldr82,proj82budget1,write> null
<464,employee8_area1,proj81task1a,read> null
<465,acc1,proj11budget1,read> null
<466,planner3,proj31task1a,setSchedule> null
<467,ldr12,proj11sched1,read> null
<468,employee1_area1,proj11task1propa,setStatus> null
<469,employee9_area1,proj91task1a,request> null
<470,nonemployee10_area2,proj102task2a,request> null
<471,planner7,proj71task2a,setSchedule> null
<472,planner5,proj51task1a,setSchedule> null
<473,employee1_area1,proj11task1a,read> null
<474,employee1_area1,proj11task1,request> null
<475,acc2,proj22task2,setCost> null
<476,employee8_area2,proj81task2a,setStatus> null
<477,employee8_area2,proj81task2a,read> null
<478,acc3,proj31sched1,read> null
<479,aud3,proj31budget1,read> null
<480,planner1,proj12task1prop,setSchedule> null
<481,planner9,proj92task1a,setSchedule> null
<482,acc3,proj32task2prop,setCost> null
<483,manager7,proj72budget1,approve> null
<484,nonemployee4_area2,proj42task2propa,setStatus> null
<485,planner3,proj31task2prop,setSchedule> null
<486,acc9,proj92task1a,setCost> null
<487,employee4_area2,proj41sched1,read> null
<488,planner1,proj12task1propa,setSchedule> null
<489,acc6,proj62task2prop,setCost> null
<490,nonemployee1_area1,proj12task1a,request> null
<491,manager10,proj102budget1,approve> null
<492,acc3,proj31task1a,setCost> null
<493,planner4,proj41task2,setSchedule> null
<494,employee7_area2,proj71task2a,setStatus> null
<495,employee2_area1,proj21task1propa,setStatus> null
<496,planner9,proj92sched1,read> null
<497,planner4,proj41task1,setSchedule> null
<498,employee4_area2,proj41task2a,setStatus> null
<499,employee9_area1,proj91task1prop,request> null
<500,planner1,proj12sched1,read> null
<501,aud5,proj51budget1,read> null
<502,planner3,proj31task1,setSchedule> null
<503,planner4,proj42task2a,setSchedule> null
<504,planner6,proj62task1,setSchedule> null
<505,planner6,proj61task1,setSchedule> null
<506,employee9_area2,proj91task2prop,request> null
<507,ldr61,proj61budget1,read> null
<508,employee4_area1,proj41sched1,read> null
<509,planner10,proj102task2prop,setSchedule> null
<510,planner9,proj92task1,setSchedule> null
<511,employee10_area1,proj101task1,request> null
<512,acc4,proj42task1propa,setCost> null
<513,planner5,proj52task2a,setSchedule> null
<514,planner2,proj22task2propa,setSchedule> null
<515,acc1,proj12task1prop,setCost> null
<516,acc4,proj41task2propa,setCost> null
<517,ldr72,proj72budget1,write> null
<518,employee2_area1,proj21sched1,read> null
<519,ldr62,proj62sched1,write> null
<520,employee7_area1,proj71task1propa,setStatus> null
<521,nonemployee5_area1,proj52task1,read> null
<522,acc10,proj101task2propa,setCost> null
<523,planner6,proj62task2propa,setSchedule> null
<524,employee10_area2,proj101task2propa,read> null
<525,manager9,proj92budget1,approve> null
<526,nonemployee3_area1,proj32task1a,request> null
<527,nonemployee6_area2,proj62task2,request> null
<528,planner4,proj42sched1,read> null
<529,ldr51,proj51sched1,write> null
<530,nonemployee3_area2,proj32sched1,read> null
<531,planner4,proj42task1a,setSchedule> null
<532,nonemployee6_area1,proj62task1propa,setStatus> null
<533,employee3_area2,proj31sched1,read> null
<534,planner2,proj21task1,setSchedule> null
<535,manager8,proj82budget1,approve> null
<536,acc6,proj62budget1,read> null
<537,employee2_area2,proj21sched1,read> null
<538,employee3_area2,proj31task2a,setStatus> null
<539,planner6,proj61sched1,write> null
<540,nonemployee5_area2,proj52task2,read> null
<541,planner3,proj32sched1,write> null
<542,ldr101,proj101budget1,read> null
<543,employee3_area2,proj31task2,request> null
<544,planner2,proj21task2prop,setSchedule> null
<545,acc7,proj72task2propa,setCost> null
<546,employee3_area1,proj31sched1,read> null
<547,manager8,proj81budget1,read> null
<548,manager3,proj32budget1,approve> null
<549,planner3,proj31task2propa,setSchedule> null
<550,ldr42,proj42sched1,write> null
<551,employee10_area2,proj101task2,read> null
<552,employee7_area2,proj71task2prop,read> null
<553,employee5_area1,proj51task1propa,setStatus> null
<554,acc6,proj62task2,setCost> null
<555,employee1_area1,proj11task1prop,read> null
<556,planner6,proj61task2prop,setSchedule> null
<557,planner5,proj52task2propa,setSchedule> null
<558,acc7,proj71task1propa,setCost> null
<559,employee10_area1,proj101task1,read> null
<560,acc6,proj61task2prop,setCost> null
<561,acc1,proj11sched1,read> null
<562,planner10,proj102task1propa,setSchedule> null
<563,employee8_area2,proj81task2,read> null
<564,employee2_area1,proj21task1propa,read> null
<565,ldr41,proj41sched1,write> null
<566,acc10,proj102task2prop,setCost> null
<567,acc5,proj52task1,setCost> null
<568,acc5,proj52task2,setCost> null
<569,planner8,proj81sched1,read> null
<570,planner1,proj12task1,setSchedule> null
<571,employee1_area1,proj11task1propa,request> null
<572,nonemployee6_area1,proj62task1a,request> null
<573,acc3,proj31task2,setCost> null
<574,acc10,proj101task1prop,setCost> null
<575,nonemployee3_area1,proj32task1propa,setStatus> null
<0,acc3,proj31task1,setCost> null
<1,planner3,proj32task2prop,setSchedule> null
<2,ldr41,proj41budget1,write> null
<3,ldr101,proj102sched1,read> null
<4,planner9,proj91sched1,read> null
<5,planner4,proj42task2propa,setSchedule> null
<6,manager2,proj21budget1,approve> null
<7,acc10,proj101task2,setCost> null
<8,employee2_area2,proj21task2,request> null
<9,planner9,proj91task2propa,setSchedule> null
<10,acc10,proj101task1,setCost> null
<11,acc2,proj22task2prop,setCost> null
<12,ldr21,proj21budget1,write> null
<13,ldr52,proj52sched1,read> null
<14,acc2,proj21task1propa,setCost> null
<15,employee9_area2,proj91task2,request> null
<16,employee4_area2,proj41task2a,read> null
<17,employee7_area2,proj71task2propa,setStatus> null
<18,ldr102,proj102sched1,read> null
<19,aud3,proj32budget1,read> null
<20,planner1,proj12task1a,setSchedule> null
<21,acc9,proj91task1propa,setCost> null
<22,employee10_area1,proj101task1propa,request> null
<23,acc2,proj21task2propa,setCost> null
<24,employee6_area1,proj61task1propa,read> null
<25,employee2_area1,proj21task1,request> null
<26,acc6,proj62task1propa,setCost> null
<27,employee5_area2,proj51task2propa,request> null
<28,acc5,proj52sched1,read> null
<29,acc6,proj61task2,setCost> null
<30,employee9_area2,proj91task2propa,setStatus> null
<31,ldr91,proj91sched1,write> null
<32,employee9_area2,proj91task2a,read> null
<33,acc10,proj101task2prop,setCost> null
<34,nonemployee3_area1,proj32task1a,setStatus> null
<35,employee10_area2,proj101task2prop,read> null
<36,nonemployee8_area2,proj82task2,read> null
<37,nonemployee1_area1,proj12task1a,read> null
<38,employee7_area2,proj71task2,read> null
<39,employee8_area2,proj81task2prop,request> null
<40,employee1_area1,proj11task1a,request> null
<41,planner7,proj72task2propa,setSchedule> null
<42,nonemployee7_area1,proj72task1a,request> null
<43,ldr62,proj62budget1,read> null
<44,employee8_area1,proj81task1prop,read> null
<45,planner2,proj21task1a,setSchedule> null
<46,employee7_area1,proj71task1,read> null
<47,ldr51,proj51budget1,read> null
<48,aud8,proj81sched1,read> null
<49,acc2,proj22task2propa,setCost> null
<50,acc4,proj41budget1,write> null
<51,manager7,proj71budget1,approve> null
<52,planner9,proj91task1,setSchedule> null
<53,planner9,proj91task2,setSchedule> null
<54,acc2,proj21task2prop,setCost> null
<55,employee4_area1,proj41task1prop,read> null
<56,planner10,proj102sched1,read> null
<57,ldr22,proj22budget1,read> null
<58,planner4,proj41task1a,setSchedule> null
<59,employee5_area1,proj51task1a,setStatus> null
<60,employee4_area1,proj41task1propa,setStatus> null
<61,employee9_area1,proj91task1a,read> null
<62,nonemployee4_area1,proj42task1a,setStatus> null
<63,planner5,proj52task1a,setSchedule> null
<64,ldr102,proj102sched1,write> null
<65,acc3,proj31task2prop,setCost> null
<66,ldr71,proj71budget1,write> null
<67,aud7,proj72sched1,read> null
<68,ldr11,proj11sched1,write> null
<69,planner6,proj62sched1,read> null
<70,ldr22,proj22budget1,write> null
<71,nonemployee5_area2,proj52task2a,request> null
<72,ldr52,proj52budget1,read> null
<73,employee7_area1,proj71task1prop,request> null
<74,planner3,proj32task1,setSchedule> null
<75,acc9,proj92task2,setCost> null
<76,planner3,proj32task2,setSchedule> null
<77,manager6,proj61budget1,approve> null
<78,planner9,proj92task2propa,setSchedule> null
<79,acc8,proj81task2,setCost> null
<80,planner8,proj81sched1,write> null
<81,employee4_area1,proj41task1propa,request> null
<82,manager9,proj91budget1,read> null
<83,manager4,proj41budget1,approve> null
<84,employee10_area2,proj101task2propa,setStatus> null
<85,nonemployee9_area1,proj92task1a,read> null
<86,employee5_area2,proj51task2,read> null
<87,ldr42,proj41sched1,read> null
<88,nonemployee1_area2,proj12task2a,setStatus> null
<89,nonemployee5_area1,proj52task1propa,setStatus> null
<90,manager8,proj81budget1,approve> null
<91,acc6,proj62task2a,setCost> null
<92,employee2_area1,proj21task1a,setStatus> null
<93,acc2,proj22sched1,read> null
<94,acc4,proj42sched1,read> null
<95,employee3_area2,proj31task2propa,request> null
<0,ldr32,proj32budget1,write> null
<1,employee6_area2,proj61task2,read> null
<2,ldr51,proj52sched1,read> null
<3,planner2,proj22sched1,read> null
<4,planner2,proj22task1propa,setSchedule> null
<5,manager3,proj32budget1,read> null
<6,planner8,proj82task1prop,setSchedule> null
<7,planner3,proj32task2propa,setSchedule> null
<8,planner2,proj21task2propa,setSchedule> null
<9,employee7_area1,proj71task1propa,read> null
<10,nonemployee4_area1,proj42task1a,read> null
<11,nonemployee10_area2,proj102task2a,read> null
<12,employee6_area1,proj61task1propa,request> null
<13,ldr42,proj42budget1,write> null
<14,nonemployee1_area1,proj12task1a,setStatus> null
<15,ldr62,proj61sched1,read> null
<16,employee2_area2,proj21task2a,setStatus> null
<17,nonemployee7_area1,proj72task1a,read> null
<18,acc9,proj91task1a,setCost> null
<19,acc1,proj11task2,setCost> null
<20,planner5,proj51task2prop,setSchedule> null
<21,nonemployee4_area1,proj42sched1,read> null
<22,employee2_area1,proj21task1a,request> null
<23,employee1_area2,proj11task2propa,request> null
<24,planner8,proj81task1,setSchedule> null
<25,planner7,proj71task2propa,setSchedule> null
<26,planner8,proj81task2,setSchedule> null
<27,planner10,proj101task1propa,setSchedule> null
<28,ldr41,proj42sched1,read> null
<29,nonemployee8_area1,proj82task1a,request> null
<30,planner6,proj61sched1,read> null
<31,ldr12,proj12budget1,write> null
<32,employee5_area1,proj51task1prop,request> null
<33,acc1,proj12sched1,read> null
<34,acc7,proj71task2,setCost> null
<35,acc7,proj71task1,setCost> null
<36,planner2,proj22task2a,setSchedule> null
<37,planner7,proj72task2prop,setSchedule> null
<38,nonemployee4_area2,proj42sched1,read> null
<39,acc5,proj51task2,setCost> null
<40,acc5,proj51task1,setCost> null
<41,ldr42,proj42sched1,read> null
<42,acc2,proj21sched1,read> null
<43,employee2_area1,proj21task1propa,request> null
<44,acc1,proj11task2a,setCost> null
<45,employee6_area1,proj61task1a,request> null
<46,acc9,proj91task2propa,setCost> null
<47,planner4,proj41task2a,setSchedule> null
<48,nonemployee3_area2,proj32task2a,setStatus> null
<49,nonemployee8_area2,proj82task2a,request> null
<50,aud4,proj42sched1,read> null
<51,acc3,proj31budget1,read> null
<52,nonemployee3_area1,proj32task1,request> null
<53,aud5,proj52sched1,read> null
<54,acc2,proj22task2a,setCost> null
<55,planner4,proj42task1propa,setSchedule> null
<56,acc8,proj81budget1,write> null
<57,acc1,proj11task2prop,setCost> null
<58,employee3_area2,proj31task2propa,read> null
<59,ldr81,proj81sched1,write> null
<60,acc2,proj21task1,setCost> null
<61,planner5,proj51task1prop,setSchedule> null
<62,planner3,proj32task1prop,setSchedule> null
<63,planner3,proj32sched1,read> null
<64,ldr52,proj52sched1,write> null
<65,nonemployee3_area2,proj32task2,request> null
<66,ldr31,proj31budget1,read> null
<67,acc7,proj72task1propa,setCost> null
<68,acc5,proj52budget1,read> null
<69,employee2_area2,proj21task2prop,read> null
<70,acc4,proj41task2a,setCost> null
<71,acc3,proj31task1prop,setCost> null
<72,planner8,proj81task2propa,setSchedule> null
<73,acc8,proj81task1prop,setCost> null
<74,planner4,proj42task1prop,setSchedule> null
<75,acc7,proj71task1a,setCost> null
<76,acc3,proj32budget1,write> null
<77,acc6,proj61task2propa,setCost> null
<78,planner2,proj21task2,setSchedule> null
<79,planner2,proj21sched1,read> null
<80,employee5_area2,proj51task2propa,read> null
<81,employee5_area2,proj51task2a,setStatus> null
<82,employee3_area1,proj31task1a,setStatus> null
<83,ldr31,proj32sched1,read> null
<84,employee3_area2,proj31task2prop,request> null
<85,ldr102,proj102budget1,write> null
<86,planner5,proj51task2,setSchedule> null
<87,planner5,proj51task1,setSchedule> null
<88,acc7,proj72task1a,setCost> null
<89,planner7,proj72task1propa,setSchedule> null
<90,planner8,proj82task2a,setSchedule> null
<91,aud6,proj61sched1,read> null
<92,ldr12,proj12budget1,read> null
<93,employee5_area2,proj51task2propa,setStatus> null
<94,acc3,proj32task1,setCost> null
<95,acc3,proj32task2,setCost> null
<0,planner7,proj71task2,setSchedule> null
<1,acc10,proj102task1prop,setCost> null
<2,nonemployee1_area2,proj12task2,read> null
<3,planner7,proj71sched1,read> null
<4,acc3,proj32task1prop,setCost> null
<5,ldr61,proj61budget1,write> null
<6,planner1,proj11task1propa,setSchedule> null
<7,planner4,proj42task1,setSchedule> null
<8,planner2,proj22task2,setSchedule> null
<9,planner4,proj42task2,setSchedule> null
<10,nonemployee1_area1,proj12task1propa,setStatus> null
<11,ldr21,proj22sched1,read> null
<12,employee5_area1,proj51task1propa,request> null
<13,nonemployee2_area2,proj22sched1,read> null
<14,manager1,proj12budget1,approve> null
<15,nonemployee7_area2,proj72task2,request> null
<16,employee10_area2,proj101task2prop,request> null
<17,planner8,proj82task1a,setSchedule> null
<18,employee9_area1,proj91task1prop,read> null
<19,acc7,proj72task2a,setCost> null
<20,planner8,proj82task2propa,setSchedule> null
<21,ldr22,proj22sched1,read> null
<22,nonemployee7_area1,proj72task1,request> null
<23,planner10,proj102task2propa,setSchedule> null
<24,planner6,proj61task2,setSchedule> null
<25,aud3,proj32sched1,read> null
<26,nonemployee2_area1,proj22task1propa,setStatus> null
<27,planner9,proj92task1prop,setSchedule> null
<28,planner4,proj41task1prop,setSchedule> null
<29,employee1_area1,proj11sched1,read> null
<30,nonemployee7_area2,proj72task2a,setStatus> null
<31,employee6_area2,proj61task2a,request> null
<32,acc5,proj52task1propa,setCost> null
<33,employee1_area2,proj11task2prop,read> null
<34,employee5_area1,proj51task1a,request> null
<35,manager3,proj31budget1,read> null
<36,employee5_area2,proj51task2a,request> null
<37,nonemployee9_area1,proj92sched1,read> null
<38,employee1_area2,proj11sched1,read> null
<39,nonemployee4_area2,proj42task2,read> null
<40,nonemployee7_area1,proj72task1a,setStatus> null
<41,nonemployee7_area2,proj72task2,read> null
<42,acc7,proj72task2prop,setCost> null
<43,acc8,proj81task1propa,setCost> null
<44,ldr91,proj91budget1,read> null
<45,ldr11,proj11budget1,write> null
<46,ldr61,proj61sched1,read> null
<47,employee9_area2,proj91task2,read> null
<48,ldr41,proj41budget1,read> null
<49,nonemployee4_area1,proj42task1,read> null
<50,ldr42,proj42budget1,read> null
<51,planner7,proj71task1propa,setSchedule> null
<52,employee9_area1,proj91task1propa,setStatus> null
<53,nonemployee7_area2,proj72sched1,read> null
<54,nonemployee4_area2,proj42task2a,request> null
<55,acc2,proj22task1,setCost> null
<56,ldr72,proj72sched1,read> null
<57,planner3,proj31task1prop,setSchedule> null
<58,employee9_area2,proj91task2propa,request> null
<59,employee10_area1,proj101task1propa,read> null
<60,ldr71,proj71budget1,read> null
<61,employee2_area1,proj21task1prop,request> null
<62,nonemployee7_area1,proj72sched1,read> null
<63,nonemployee9_area2,proj92sched1,read> null
<64,employee1_area2,proj11task2prop,request> null
<65,nonemployee1_area2,proj12task2propa,setStatus> null
<66,planner6,proj62task2,setSchedule> null
<67,planner5,proj52sched1,read> null
<68,employee3_area1,proj31task1prop,request> null
<69,nonemployee4_area2,proj42task2a,read> null
<70,employee5_area1,proj51task1propa,read> null
<71,nonemployee1_area2,proj12task2,request> null
<72,acc6,proj62task2propa,setCost> null
<73,employee3_area2,proj31task2propa,setStatus> null
<74,employee8_area1,proj81sched1,read> null
<75,acc10,proj102task2propa,setCost> null
<76,employee9_area1,proj91task1a,setStatus> null
<77,employee2_area2,proj21task2a,request> null
<78,acc6,proj61task2a,setCost> null
<79,nonemployee8_area1,proj82task1propa,setStatus> null
<80,nonemployee10_area1,proj102sched1,read> null
<81,nonemployee1_area1,proj12task1,request> null
<82,nonemployee3_area1,proj32task1,read> null
<83,nonemployee10_area1,proj102task1,request> null
<84,nonemployee2_area1,proj22task1,request> null
<85,acc6,proj62sched1,read> null
<86,planner9,proj92task2,setSchedule> null
<87,acc1,proj11task1propa,setCost> null
<88,manager9,proj91budget1,approve> null
<89,employee10_area2,proj101sched1,read> null
<90,employee6_area2,proj61task2a,setStatus> null
<91,planner6,proj62task1propa,setSchedule> null
<92,nonemployee7_area2,proj72task2propa,setStatus> null
<93,employee2_area2,proj21task2propa,setStatus> null
<94,ldr72,proj72budget1,read> null
<95,nonemployee3_area2,proj32task2,read> null
<0,nonemployee10_area2,proj102task2,request> 4.86679167570937E-5
<1,employee3_area1,proj31task1propa,read> 3.592463533883244E-4
<2,planner1,proj11task1,setSchedule> 0.00179118709442624
<3,employee1_area2,proj11task2propa,read> 5.025269928784746E-4
<4,employee6_area1,proj61task1propa,setStatus> 1.751768636675597E-4
<5,planner9,proj92task2a,setSchedule> 8.061457234441383E-4
<6,employee8_area2,proj81sched1,read> 4.0232264837228865E-5
<7,nonemployee5_area1,proj52task1a,request> 1.0469887627079568E-4
<8,employee7_area1,proj71task1a,setStatus> 6.183829581486369E-4
<9,employee6_area1,proj61sched1,read> 6.697306122132082E-4
<10,ldr72,proj72sched1,write> 3.465408407833857E-4
<11,acc5,proj51sched1,read> 1.4320895160724296E-4
<12,ldr61,proj62sched1,read> 4.824028080677797E-4
<13,manager2,proj22budget1,approve> 2.728822372394659E-4
<14,acc3,proj32task1a,setCost> 6.295979245669116E-4
<15,nonemployee9_area2,proj92task2,read> 5.279312220394526E-4
<16,manager6,proj62budget1,approve> 3.102557567915998E-5
<17,employee7_area2,proj71task2propa,request> 1.2737051848009807E-4
<18,ldr71,proj72sched1,read> 4.595733111734021E-4
<19,ldr92,proj92sched1,read> 9.481417168472407E-4
<20,acc6,proj62task1,setCost> 9.740185308758706E-4
<21,ldr82,proj82sched1,write> 6.371557821896253E-5
<22,ldr81,proj81sched1,read> 1.5207801491379214E-4
<23,employee3_area2,proj31task2prop,read> 4.846169129422057E-4
<24,acc3,proj32task2a,setCost> 4.79465865406596E-4
<25,ldr91,proj92sched1,read> 3.1870191622720447E-4
<26,ldr92,proj92budget1,write> 4.7117570225245345E-4
<27,employee7_area2,proj71task2propa,read> 1.8730958600014422E-4
<28,planner8,proj81task1a,setSchedule> 9.774572662236344E-4
<29,ldr82,proj81sched1,read> 8.310752517471364E-5
<30,planner9,proj92task1propa,setSchedule> 9.988712090710711E-4
<31,ldr32,proj32sched1,write> 3.129853011570982E-4
<32,nonemployee10_area1,proj102task1,read> 6.523212198286381E-5
<33,planner8,proj82sched1,read> 4.31368082345893E-5
<34,employee6_area1,proj61task1,request> 0.0011555069783251743
<35,employee8_area2,proj81task2propa,request> 1.1762743499476787E-4
<36,employee8_area1,proj81task1a,request> 6.158394039188658E-4
<37,ldr101,proj101budget1,write> 3.800963804096732E-4
<38,nonemployee5_area2,proj52task2,request> 2.1676079529819967E-4
<39,employee7_area1,proj71task1a,read> 0.001481027052005058
<40,planner5,proj51task2a,setSchedule> 1.5302046659731018E-4
<41,acc9,proj92sched1,read> 5.885936290682606E-4
<42,aud5,proj51sched1,read> 1.66183649726052E-4
<43,employee5_area1,proj51task1prop,read> 1.6581749007662166E-4
<44,aud9,proj91sched1,read> 7.088541162937807E-4
<45,acc9,proj92task1prop,setCost> 8.327177693132207E-4
<46,nonemployee6_area2,proj62task2,read> 6.863898179492431E-4
<47,planner3,proj32task1propa,setSchedule> 0.0020374474371717653
<48,acc9,proj92task1propa,setCost> 8.238864717155551E-4
<49,employee6_area2,proj61task2propa,setStatus> 3.077244807086296E-4
<50,acc5,proj51budget1,write> 7.838210961088853E-4
<51,employee6_area2,proj61task2,request> 0.0011487611336450957
<52,employee1_area2,proj11task2propa,setStatus> 5.811039408558361E-4
<53,nonemployee5_area1,proj52task1,request> 2.210708691069459E-4
<54,ldr32,proj32sched1,read> 6.604174649925158E-4
<55,employee7_area2,proj71task2,request> 2.1108872311413425E-4
<56,acc10,proj101task2a,setCost> 0.0011859696732198456
<57,employee2_area1,proj21task1a,read> 0.001242938416237569
<58,nonemployee2_area1,proj22task1a,read> 6.166680357489352E-4
<59,employee10_area2,proj101task2propa,request> 3.7338337648468585E-4
<60,ldr81,proj81budget1,write> 4.4241381114420704E-4
<61,aud8,proj82sched1,read> 4.8702848006794365E-5
<62,employee7_area1,proj71task1,request> 2.043428784340554E-4
<63,employee5_area1,proj51task1a,read> 2.310617142257403E-4
<64,acc6,proj61sched1,read> 4.975910171061989E-4
<65,nonemployee9_area1,proj92task1propa,setStatus> 3.864246283267647E-4
<66,employee1_area1,proj11task1propa,read> 6.910305842077034E-5
<67,nonemployee5_area1,proj52sched1,read> 7.395433557873588E-5
<68,aud3,proj31sched1,read> 6.963550365977196E-4
<69,ldr101,proj101sched1,read> 0.00222620856938594
<70,nonemployee8_area2,proj82task2propa,setStatus> 7.509305751897069E-4
<71,employee6_area2,proj61task2a,read> 1.5169883563657727E-4
<72,nonemployee2_area2,proj22task2a,setStatus> 2.2902433309049435E-4
<73,planner5,proj51sched1,read> 1.1104437424091033E-4
<74,nonemployee5_area2,proj52sched1,read> 1.0071876178818315E-4
<75,ldr102,proj101sched1,read> 0.0011679056928091231
<76,acc3,proj31budget1,write> 8.148123750324655E-4
<77,planner1,proj12task2,setSchedule> 6.027132663934871E-4
<78,employee10_area2,proj101task2,request> 1.233927422731091E-4
<79,ldr52,proj51sched1,read> 1.7077858934981378E-4
<80,employee8_area2,proj81task2a,request> 5.213975783977618E-4
<81,nonemployee4_area2,proj42task2a,setStatus> 1.1718728121209167E-4
<82,aud2,proj22sched1,read> 4.1815206685806154E-4
<83,planner10,proj101task2,setSchedule> 1.9584835229218415E-4
<84,employee5_area2,proj51task2prop,request> 2.832598542453814E-4
<85,aud4,proj41sched1,read> 5.825231274466873E-4
<86,planner10,proj101task1,setSchedule> 1.8514138086846564E-4
<87,acc8,proj81sched1,read> 5.609023783876432E-5
<88,nonemployee6_area1,proj62task1,request> 4.7536522382297795E-4
<89,acc6,proj62budget1,write> 5.048995857966624E-4
<90,employee7_area2,proj71task2a,read> 0.0013123809350030866
<91,employee4_area2,proj41task2propa,request> 4.683784404666554E-4
<92,employee2_area2,proj21task2propa,request> 5.000434617939785E-4
<93,employee9_area2,proj91task2a,setStatus> 4.94119567172634E-4
<94,planner3,proj31task2a,setSchedule> 0.001919670751510862
<95,nonemployee10_area2,proj102task2propa,setStatus> 8.819248998435765E-5

