<0,aud2,proj21budget1,read> 0.009648473272822493
<1,acc8,proj81budget1,write> 0.0028602367839887653
<2,planner8,proj82task2,setSchedule> 0.001962498637205736
<3,planner4,proj42task2,setSchedule> 6.669550949357979E-4
<4,planner4,proj41task1propa,setSchedule> 0.0014057361231723739
<5,acc2,proj22budget1,write> 0.00444079200909136
<6,acc3,proj32task1propa,setCost> 0.0016805223386891202
<7,aud7,proj71budget1,read> 0.0100672135233609
<8,aud9,proj91budget1,read> 0.008810992771745678
<9,employee2_area2,proj21sched1,read> 9.931217044313481E-4
<10,acc10,proj102task1prop,setCost> 0.0010711628044501925
<11,nonemployee4_area1,proj42task1,read> 3.8848765763883675E-4
<12,acc2,proj21budget1,read> 0.005950755987756913
<13,planner6,proj61sched1,write> 0.012587379882300846
<14,nonemployee8_area1,proj82task1propa,setStatus> 6.556619754414378E-4
<15,acc7,proj71budget1,write> 0.005215573982180868
<16,acc2,proj21budget1,write> 0.004998635029715807
<17,nonemployee6_area1,proj62task1a,setStatus> 8.586255140355759E-4
<18,employee10_area1,proj101task1a,request> 0.001027335929403676
<19,acc8,proj81task1propa,setCost> 0.0013890895179661548
<20,acc9,proj92task1propa,setCost> 8.238864717155551E-4
<21,acc9,proj91budget1,read> 0.005434234672363908
<22,aud2,proj22budget1,read> 0.00857171262858087
<23,planner8,proj82task1prop,setSchedule> 0.002208758979951261
<24,nonemployee7_area1,proj72task1a,read> 0.0011427505741694402
<25,acc8,proj82task1a,setCost> 0.0012742826491965017
<26,planner7,proj71sched1,write> 0.016315762621066147
<27,employee10_area1,proj101task1a,read> 0.001510788131475994
<28,ldr41,proj41sched1,write> 4.903502963246177E-4
<29,acc1,proj12task2prop,setCost> 0.0014950650891381422
<30,acc3,proj32task2propa,setCost> 2.8517731825795234E-4
<31,employee3_area1,proj31task1a,request> 0.00135788231872754
<32,employee3_area2,proj31task2,read> 0.0015901510100651572
<33,employee9_area2,proj91task2,read> 0.0014909474118287034
<34,planner6,proj62sched1,write> 0.009938265831072867
<35,ldr61,proj61sched1,read> 0.0013749589883273637
<36,employee9_area1,proj91task1a,read> 0.0012528587760612146
<37,acc1,proj12budget1,read> 0.0032574662717791
<38,planner8,proj82task2prop,setSchedule> 0.002112396237137795
<39,planner1,proj12sched1,write> 0.010526957842456861
<40,acc4,proj42task1a,setCost> 0.0015303902795288048
<41,manager1,proj11budget1,read> 9.168811431526688E-4
<42,planner1,proj11task2,setSchedule> 0.0016734104087653366
<43,planner8,proj82task1,setSchedule> 0.001973205608629454
<44,acc4,proj41task2a,setCost> 0.0013361017323801612
<45,ldr52,proj52budget1,write> 5.670486726132748E-4
<46,acc8,proj82task1,setCost> 0.0016275345531031264
<47,planner10,proj101sched1,write> 0.018572415331371463
<48,employee1_area1,proj11task1a,setStatus> 8.461991749379757E-4
<49,acc3,proj31task2propa,setCost> 0.0014597398987474797
<50,nonemployee1_area2,proj12sched1,read> 4.38999771233494E-4
<51,aud7,proj72budget1,read> 0.008751172735954476
<52,nonemployee9_area2,proj92task2propa,setStatus> 2.870139155459624E-4
<53,planner8,proj81task1,setSchedule> 0.001469977951714685
<54,planner9,proj91task1propa,setSchedule> 0.002090982294290358
<55,ldr62,proj62budget1,read> 9.29720521108164E-5
<56,aud8,proj82budget1,read> 0.010545773809690512
<57,acc5,proj51task2prop,setCost> 0.0010270063164618643
<58,planner2,proj22task1prop,setSchedule> 0.001662703437341618
<59,ldr11,proj11sched1,write> 1.64382197097825E-4
<60,nonemployee4_area2,proj42task2propa,setStatus> 1.8346108973262657E-4
<61,planner6,proj62task2a,setSchedule> 0.0017376522373076476
<62,aud8,proj81budget1,read> 0.00552089080322961
<63,planner5,proj51task1,setSchedule> 6.88369037783235E-4
<64,planner9,proj91sched1,write> 0.01602141661537415
<65,aud4,proj42budget1,read> 0.004085209944240782
<66,planner4,proj42sched1,write> 0.002187154347850261
<67,employee3_area1,proj31task1a,read> 0.0019968857628346174
<68,nonemployee8_area2,proj82task2,read> 0.001161765605678615
<69,planner2,proj22sched1,write> 0.008074074461690216
<70,ldr72,proj72sched1,read> 8.649690391509242E-4
<71,acc1,proj11task2a,setCost> 0.001645197148298458
<72,employee8_area1,proj81task1a,setStatus> 3.781404022616979E-4
<73,planner9,proj92task2propa,setSchedule> 7.419038949018275E-4
<74,planner6,proj61task1prop,setSchedule> 0.0012023036661217227
<75,planner7,proj72task2propa,setSchedule> 6.134202378172055E-4
<76,acc8,proj82budget1,write> 0.005463504213569512
<77,aud5,proj51budget1,read> 0.0015129484052191305
<78,acc6,proj62task1a,setCost> 0.0018306543978494358
<79,acc9,proj91task1,setCost> 0.0013096078395871643
<80,planner9,proj92task1a,setSchedule> 6.45541152088361E-4
<81,planner2,proj21sched1,write> 0.013960994575530168
<82,acc1,proj11task1,setCost> 0.001477402493942811
<83,acc10,proj102budget1,write> 0.006300268744506179
<84,employee9_area1,proj91task1propa,setStatus> 8.089201576451748E-4
<85,planner7,proj71task1prop,setSchedule> 0.0021016892657140765
<86,planner5,proj52sched1,write> 0.00267773102400359
<87,nonemployee2_area2,proj22task2propa,setStatus> 3.035823676760961E-4
<88,planner9,proj91task2prop,setSchedule> 0.0019839125800531726
<89,acc3,proj31task1a,setCost> 0.001777666612263442
<90,planner2,proj22task1a,setSchedule> 0.0010416990947659452
<91,ldr12,proj12sched1,read> 0.001026375957693313
<92,acc4,proj41budget1,read> 0.00502839649598369
<93,employee9_area2,proj91task2prop,read> 6.637177123048934E-4
<94,aud5,proj52budget1,read> 0.007076211733800841
<95,acc6,proj61task2,setCost> 0.001503896386735808
<96,acc7,proj71budget1,read> 0.006209016645453415
<97,nonemployee8_area1,proj82task1a,read> 9.145701960593416E-4
<98,ldr81,proj82sched1,read> 7.764625482226073E-5
<99,manager5,proj52budget1,read> 0.001126363290960808
<100,planner5,proj52task2propa,setSchedule> 0.0014806849231384035
<101,acc6,proj61task1propa,setCost> 3.734902942346085E-4
<102,nonemployee10_area2,proj102task2a,setStatus> 4.8583534110756705E-4
<103,planner10,proj102sched1,write> 0.008760881808304876
<104,ldr71,proj71sched1,read> 0.0019251010325161268
<105,employee8_area2,proj81task2propa,setStatus> 2.0002954186276034E-4
<106,acc5,proj51task1a,setCost> 2.0569563987896174E-4
<107,acc6,proj61task1,setCost> 0.0015127276843334735
<108,planner1,proj12task1a,setSchedule> 9.132154376813232E-4
<109,planner3,proj32sched1,write> 0.006406113762768894
<110,acc10,proj101budget1,read> 0.0029254168547407406
<111,nonemployee10_area1,proj102task1a,read> 7.814649754951175E-4
<112,employee9_area1,proj91task1propa,request> 4.7568575308065306E-4
<113,acc3,proj32task2prop,setCost> 0.0017864979098611079
<114,planner10,proj101task1prop,setSchedule> 0.0015128058374095593
<115,planner6,proj61task1,setSchedule> 0.001834014980121114
<116,planner2,proj21task2a,setSchedule> 8.703875519864494E-4
<117,nonemployee2_area1,proj22task1a,request> 4.1933426430927596E-4
<118,planner1,proj11sched1,write> 0.003364538370618251
<119,acc7,proj72sched1,read> 3.52279931132919E-4
<120,planner8,proj82task1a,setSchedule> 0.0015449267516807145
<121,planner9,proj92sched1,write> 0.010723188512918192
<122,acc8,proj82task2prop,setCost> 0.0017423414218727797
<123,planner2,proj21task1a,setSchedule> 0.0013414942946300631
<124,acc5,proj52task2propa,setCost> 0.001221294863610508
<125,employee10_area2,proj101task2a,setStatus> 5.562512626606354E-4
<126,acc4,proj41task1prop,setCost> 0.0011418131852315174
<127,employee6_area1,proj61task1a,setStatus> 4.2784575865209904E-4
<128,employee6_area2,proj61task2,request> 0.0011487611336450957
<129,acc7,proj72budget1,read> 0.005397340292692979
<130,employee5_area2,proj51sched1,read> 1.5239883085476657E-4
<131,manager10,proj101budget1,read> 7.550085743918344E-4
<132,acc6,proj61budget1,read> 0.0029623112344116694
<133,planner6,proj62task2prop,setSchedule> 0.0017590661801550843
<134,acc1,proj11task1a,setCost> 0.0018041605050564391
<135,planner1,proj12task2prop,setSchedule> 0.0018126010372736768
<136,planner5,proj51task2propa,setSchedule> 0.0011273548661556933
<137,planner4,proj41sched1,write> 0.010036381166303532
<138,acc9,proj91budget1,write> 0.004564757124785683
<139,ldr21,proj21budget1,read> 9.204470939155249E-4
<140,planner6,proj62task1prop,setSchedule> 0.0018447219515448324
<141,employee4_area1,proj41task1,read> 3.79867111580421E-4
<142,employee2_area2,proj21task2propa,read> 7.353580320499684E-4
<143,ldr72,proj71sched1,read> 9.609277823609318E-4
<144,planner10,proj102task1propa,setSchedule> 6.348341806646425E-4
<145,ldr101,proj101sched1,read> 0.00222620856938594
<146,acc2,proj22budget1,read> 0.005286657153680191
<147,manager7,proj71budget1,read> 0.001602459081433851
<148,nonemployee10_area1,proj102task1a,setStatus> 5.106880193027676E-4
<149,nonemployee8_area2,proj82task2a,read> 0.001123735542660265
<150,acc9,proj91sched1,read> 8.118161667051678E-4
<151,acc2,proj21task2propa,setCost> 0.0018129918026541045
<152,employee5_area1,proj51task1propa,setStatus> 8.21346496742775E-4
<153,employee8_area1,proj81task1propa,read> 5.634212646617884E-4
<154,manager2,proj21budget1,approve> 3.0716113415352506E-4
<155,ldr61,proj61budget1,write> 3.848900289277142E-4
<156,employee8_area1,proj81task1a,read> 9.05646182233626E-4
<157,nonemployee1_area1,proj12task1,request> 2.512413857681701E-4
<158,planner3,proj32task2prop,setSchedule> 0.0021659310942563873
<159,acc10,proj101task2a,setCost> 0.0011859696732198456
<160,employee3_area1,proj31task1,request> 0.001074556842164228
<161,planner7,proj72task2prop,setSchedule> 0.0021445171514089503
<162,aud4,proj41budget1,read> 0.008152972378042463
<163,acc8,proj82task2,setCost> 0.0016187032555054612
<164,nonemployee10_area1,proj102sched1,read> 5.396465610680323E-4
<165,employee3_area2,proj31task2,request> 0.0010813026868443068
<166,acc9,proj92budget1,read> 0.00362641006848839
<167,ldr82,proj82sched1,read> 1.5461134160880003E-4
<168,aud6,proj61budget1,read> 0.004803050373735196
<169,planner6,proj61task2,setSchedule> 0.0018233080086973957
<170,planner10,proj102sched1,read> 2.357300862427145E-4
<171,employee2_area1,proj21sched1,read> 9.999006921749065E-4
<172,planner2,proj21task1,setSchedule> 0.0018768428658159876
<173,planner1,proj11task1a,setSchedule> 0.0021873450371038246
<174,acc7,proj72task2prop,setCost> 0.0017688353146657766
<175,ldr41,proj41sched1,read> 0.0010416406250394492
<176,nonemployee6_area2,proj62task2propa,setStatus> 7.757832533849073E-4
<177,acc10,proj102task2propa,setCost> 1.880330446836305E-4
<178,ldr21,proj21sched1,write> 6.820962370462605E-4
<179,employee7_area2,proj71task2propa,setStatus> 2.1659799399289406E-4
<180,employee7_area1,proj71task1a,request> 0.0010070983953634396
<181,planner3,proj31sched1,write> 0.011802457200455517
<182,nonemployee9_area1,proj92task1a,read> 3.8214931380244516E-4
<183,employee9_area2,proj91task2a,request> 8.047230549610737E-4
<184,employee2_area2,proj21task2propa,request> 5.000434617939785E-4
<185,acc10,proj102task2a,setCost> 0.00103583761405953
<186,acc8,proj82task2propa,setCost> 0.00160104066031013
<187,planner7,proj71task1a,setSchedule> 0.001598461608799307
<188,planner10,proj102task2a,setSchedule> 0.001255838523240315
<189,acc2,proj21task1a,setCost> 0.0011064879948408548
<190,planner6,proj62task1a,setSchedule> 0.0022194659513749796
<191,acc5,proj52task2,setCost> 4.4414067501593354E-4
<192,planner7,proj72task2a,setSchedule> 0.002133810179985232
<193,ldr21,proj21sched1,read> 0.0012018111250716016
<194,nonemployee3_area2,proj32task2a,read> 3.4411925078409536E-4
<195,planner1,proj11task2a,setSchedule> 0.0019946195514768915
<196,acc10,proj102task1propa,setCost> 5.236223533949241E-4
<197,employee2_area2,proj21task2,read> 0.0017290360475961928
<198,nonemployee9_area1,proj92task1a,setStatus> 2.497348982531615E-4
<199,acc8,proj82budget1,read> 0.006504171682820848
<200,acc1,proj11task2,setCost> 0.0013802582203684892
<201,ldr32,proj32budget1,read> 5.30249811271408E-5
<202,nonemployee1_area1,proj12sched1,read> 4.0786503568501927E-4
<203,manager1,proj11budget1,approve> 1.8337622863053376E-4
<204,acc7,proj71task1prop,setCost> 0.001733510124275114
<205,planner3,proj31sched1,read> 4.917388647064467E-4
<206,acc2,proj22task1,setCost> 0.0017070162314821173
<207,acc10,proj102task2,setCost> 9.972006870697429E-5
<208,employee7_area1,proj71task1prop,read> 7.031198881646848E-4
<209,ldr101,proj101budget1,write> 3.800963804096732E-4
<210,ldr61,proj61sched1,write> 6.149851577936854E-4
<211,nonemployee8_area2,proj82sched1,read> 6.373115539174804E-5
<212,acc2,proj21task2,setCost> 0.0015392215771264704
<213,employee10_area1,proj101task1propa,setStatus> 7.385042360921065E-4
<214,planner8,proj81sched1,write> 0.0012060009955436018
<215,ldr92,proj92budget1,read> 5.609234550624446E-4
<216,acc1,proj11task2propa,setCost> 0.0012389574588058394
<217,planner5,proj51task1propa,setSchedule> 0.002123103208561513
<218,acc2,proj21task1,setCost> 0.0015480528747241359
<219,employee7_area2,proj71task2a,read> 0.0013123809350030866
<220,acc9,proj92task2propa,setCost> 6.119353293715803E-4
<221,planner9,proj92task2a,setSchedule> 8.061457234441383E-4
<222,acc10,proj102task1,setCost> 9.088877110930866E-5
<223,acc3,proj32sched1,read> 2.72903174234521E-4
<224,planner4,proj41task2a,setSchedule> 0.0016198755516467441
<225,ldr11,proj12sched1,read> 4.0163808857532433E-4
<226,nonemployee2_area2,proj22task2a,request> 2.3831116434193115E-4
<227,nonemployee5_area1,proj52task1a,read> 1.539689356923466E-4
<228,manager10,proj102budget1,read> 0.0019357261347649813
<229,nonemployee9_area2,proj92task2a,request> 3.2451264051685727E-4
<230,employee2_area2,proj21task2a,read> 8.064425839971723E-4
<231,planner1,proj12sched1,read> 6.071273431952578E-4
<232,ldr82,proj82budget1,read> 0.0010060479603091156
<233,planner4,proj42task2prop,setSchedule> 0.0014271500660198112
<234,acc9,proj91task2,setCost> 0.0013272704347824956
<235,ldr62,proj62budget1,write> 7.809652377308577E-5
<236,acc7,proj72task1propa,setCost> 0.0013625956251731581
<237,employee8_area2,proj81task2prop,read> 1.9089160198739797E-4
<238,employee4_area1,proj41sched1,read> 4.633090920622489E-4
<239,employee7_area2,proj71task2a,request> 8.924190358020989E-4
<240,nonemployee3_area2,proj32task2propa,setStatus> 1.3375573334222543E-4
<241,employee3_area2,proj31sched1,read> 4.125326046195022E-4
<242,nonemployee3_area1,proj32task1a,read> 4.51871096002753E-4
<243,manager5,proj52budget1,approve> 2.252726581921616E-4
<244,planner10,proj101sched1,read> 6.634581635206755E-4
<245,acc10,proj102budget1,read> 0.007500319933935928
<246,employee3_area2,proj31task2a,setStatus> 7.426463491246399E-4
<247,planner10,proj101task2propa,setSchedule> 0.001641289494494181
<248,acc9,proj92budget1,write> 0.003046184457530247
<249,nonemployee10_area2,proj102sched1,read> 5.669211165010737E-4
<250,employee6_area2,proj61task2,read> 0.0016893546083016115
<251,aud1,proj11budget1,read> 0.0057601709463944144
<252,acc7,proj72task2,setCost> 7.708986861295614E-4
<253,planner2,proj22task1propa,setSchedule> 0.001555633723104433
<254,ldr62,proj62sched1,read> 0.001056409592826785
<255,nonemployee9_area1,proj92task1a,request> 2.5986153338566274E-4
<256,ldr51,proj51budget1,write> 1.2123936043545539E-4
<257,employee9_area2,proj91task2propa,read> 6.852098082284159E-4
<258,planner5,proj52task2,setSchedule> 5.384714378511761E-4
<259,planner5,proj52task1,setSchedule> 5.491784092748945E-4
<260,acc2,proj21task2a,setCost> 7.179109005435678E-4
<261,employee4_area2,proj41task2prop,request> 2.978744794733767E-4
<262,acc4,proj41budget1,write> 0.004223853056626299
<263,nonemployee8_area1,proj82task1a,request> 6.219077333203524E-4
<264,employee5_area1,proj51task1,request> 4.337015975567366E-4
<265,acc2,proj22task1prop,setCost> 0.0013714269227708235
<266,employee2_area1,proj21task1,request> 0.0011824903570454898
<267,acc8,proj82sched1,read> 5.315567982455841E-5
<268,planner7,proj72sched1,read> 2.807510111059304E-4
<269,employee3_area1,proj31task1,read> 0.0015802306502415119
<270,planner9,proj92task2,setSchedule> 8.918014948338864E-4
<271,acc5,proj52budget1,write> 0.003666010036001853
<272,planner1,proj11sched1,read> 1.9369565633190215E-4
<273,planner2,proj21task1prop,setSchedule> 9.667502947999159E-4
<274,planner10,proj102task1,setSchedule> 1.1019258090243617E-4
<275,aud3,proj31sched1,read> 6.963550365977196E-4
<276,planner10,proj102task2,setSchedule> 1.2089955232615467E-4
<277,planner7,proj71sched1,read> 5.963069637575742E-4
<278,employee5_area1,proj51sched1,read> 1.5393047739602049E-4
<279,nonemployee6_area1,proj62task1,read> 6.990665056220264E-4
<280,employee5_area2,proj51task2a,setStatus> 5.919769875662364E-5
<281,employee4_area2,proj41task2,read> 3.6994675175677566E-4
<282,planner9,proj91task1a,setSchedule> 0.0013522012660537818
<283,aud10,proj101budget1,read> 0.004743230337943995
<284,employee3_area2,proj31task2a,read> 0.0017786378467144195
<285,planner7,proj72sched1,write> 0.0070929211093835555
<286,employee9_area2,proj91task2a,read> 0.0011834162572956968
<287,acc2,proj22task2prop,setCost> 5.854414365785834E-4
<288,manager3,proj31budget1,approve> 5.0069407298081714E-5
<289,planner6,proj62task1,setSchedule> 0.0011808897232742856
<290,ldr32,proj32sched1,read> 6.604174649925158E-4
<291,employee2_area2,proj21task2,request> 0.0011757445123654112
<292,planner6,proj61task2a,setSchedule> 1.6372743802102867E-4
<293,acc3,proj31budget1,read> 9.700147321815067E-4
<294,acc10,proj101task2propa,setCost> 0.0013537643275754925
<295,acc4,proj42task2propa,setCost> 3.9115288942993977E-4
<296,ldr22,proj22sched1,write> 3.9447732596379633E-4
<297,nonemployee10_area1,proj102task1,read> 6.523212198286381E-5
<298,planner8,proj82task1propa,setSchedule> 0.0016948243516127733
<299,manager4,proj42budget1,read> 6.502675004877649E-4
<300,nonemployee1_area2,proj12task2a,read> 6.293447234217185E-4
<301,planner6,proj62task2propa,setSchedule> 0.00200532652290061
<302,acc5,proj51task2a,setCost> 1.2621396149997116E-4
<303,manager4,proj41budget1,read> 0.0012977577755311036
<304,ldr11,proj11budget1,read> 5.495100062099658E-4
<305,acc8,proj81task2a,setCost> 6.825857101529052E-4
<306,planner2,proj21task2prop,setSchedule> 0.0020160334943243284
<307,employee10_area1,proj101task1propa,request> 4.3427764826799967E-4
<308,employee4_area1,proj41task1a,request> 7.507562975204428E-4
<309,employee4_area1,proj41task1,request> 2.5830963587468626E-4
<310,ldr22,proj21sched1,read> 3.965707829981834E-4
<311,acc7,proj72task1,setCost> 7.620673885318957E-4
<312,acc1,proj12task1a,setCost> 7.532360909342301E-4
<313,acc6,proj62task2a,setCost> 0.001433246005954483
<314,acc6,proj62task1prop,setCost> 0.0015215589819311392
<315,employee5_area2,proj51task2prop,read> 4.1655860918438445E-4
<316,employee1_area1,proj11task1,request> 0.0011285235996048588
<317,ldr11,proj11sched1,read> 3.238302182796141E-4
<318,aud1,proj12budget1,read> 0.005281610660064805
<319,ldr32,proj31sched1,read> 6.369503415325115E-4
<320,employee1_area2,proj11task2,request> 0.0010543193081239916
<321,planner4,proj42task1,setSchedule> 6.562481235120795E-4
<322,aud9,proj92budget1,read> 0.0058798110179768175
<323,employee7_area2,proj71task2prop,request> 2.589021455320559E-4
<324,acc8,proj81budget1,read> 0.0034050437904628163
<325,acc4,proj41task2,setCost> 3.2933380624628047E-4
<326,acc5,proj52task1prop,setCost> 6.737544125552396E-4
<327,acc1,proj12task2propa,setCost> 3.646589966369429E-4
<328,acc4,proj41task1,setCost> 3.38165103843946E-4
<329,nonemployee8_area1,proj82task1a,setStatus> 5.976723929859698E-4
<330,manager8,proj82budget1,read> 0.0016786344079095382
<331,employee6_area2,proj61task2prop,read> 4.129765931971307E-4
<332,employee4_area2,proj41task2,request> 2.5156379119460745E-4
<333,planner9,proj91task2propa,setSchedule> 0.0020481544085954838
<334,employee6_area1,proj61task1prop,request> 2.7351677076005123E-4
<335,employee2_area1,proj21task1a,request> 8.451981230415469E-4
<336,planner9,proj91task2a,setSchedule> 0.0012772524660877521
<337,acc1,proj12task2a,setCost> 8.768742573015489E-4
<338,acc9,proj91task1prop,setCost> 0.0011241505900361861
<339,ldr12,proj12sched1,write> 5.143185389148231E-4
<340,nonemployee10_area1,proj102task1a,request> 5.313961833366799E-4
<341,planner6,proj61task1propa,setSchedule> 4.52815666461428E-4
<342,ldr91,proj91sched1,read> 0.0013714292964473872
<343,employee2_area2,proj21task2prop,request> 4.5863535698132524E-4
<344,planner6,proj61task2propa,setSchedule> 7.9543875202042E-4
<345,planner3,proj31task2,setSchedule> 0.0017162382944602103
<346,planner5,proj52task1propa,setSchedule> 0.0019517916657820172
<347,ldr51,proj51sched1,read> 3.638282497892074E-4
<348,ldr22,proj22budget1,write> 6.868898855643017E-4
<349,employee1_area1,proj11task1prop,request> 1.200632058661004E-4
<350,nonemployee4_area1,proj42task1,request> 2.6417160719440896E-4
<351,acc5,proj52task2a,setCost> 3.823215918322742E-4
<352,employee2_area1,proj21task1,read> 0.001738956407419838
<353,employee4_area2,proj41task2a,request> 0.0010205900847235973
<354,employee3_area1,proj31task1prop,read> 7.26850744080241E-5
<355,planner1,proj11task1prop,setSchedule> 5.277644664274574E-4
<356,planner5,proj52task2a,setSchedule> 4.6352263788514657E-4
<357,planner8,proj81task2a,setSchedule> 8.275596662915754E-4
<358,nonemployee9_area1,proj92task1,request> 3.63303304795574E-4
<359,acc6,proj61task1prop,setCost> 9.91681126071202E-4
<360,nonemployee2_area1,proj22task1,request> 8.331013499489214E-4
<361,employee5_area2,proj51task2,request> 4.269557528766577E-4
<362,acc9,proj91task2prop,setCost> 0.001636365850700792
<363,nonemployee4_area2,proj42task2,request> 2.684816810031553E-4
<364,acc10,proj101task1propa,setCost> 0.001574546767517133
<365,employee6_area2,proj61task2propa,request> 1.8095747764941425E-4
<366,acc1,proj12task1propa,setCost> 0.0010005124236688676
<367,planner1,proj12task2a,setSchedule> 0.0010631130376133823
<368,employee7_area1,proj71sched1,read> 6.114994978660475E-4
<369,acc4,proj42task1propa,setCost> 0.0017158475290797828
<370,ldr81,proj81budget1,read> 5.266831085050084E-4
<371,ldr31,proj31budget1,write> 1.2603300895349645E-4
<372,acc3,proj31task2,setCost> 0.0014155834107591515
<373,nonemployee9_area2,proj92task2,request> 3.5899323098682775E-4
<374,nonemployee8_area2,proj82task2a,setStatus> 7.34362123059573E-4
<375,nonemployee3_area2,proj32task2,read> 2.4904409323822093E-4
<376,nonemployee8_area1,proj82sched1,read> 6.261794743730703E-5
<377,planner7,proj72task1prop,setSchedule> 0.0010202851519185083
<378,acc7,proj72task2a,setCost> 0.001760004017068111
<379,acc4,proj41task1propa,setCost> 0.0011594757804268487
<380,acc8,proj81task2prop,setCost> 4.706345678089304E-4
<381,employee8_area2,proj81task2prop,request> 1.2980628935143062E-4
<382,acc3,proj31task2a,setCost> 0.0015833780651147986
<383,ldr62,proj62sched1,write> 4.8555664780657655E-4
<384,manager2,proj21budget1,read> 0.0015358056707676254
<385,acc1,proj12task2,setCost> 4.971284606019273E-4
<386,planner1,proj12task2propa,setSchedule> 4.4210869503770955E-4
<387,acc7,proj71sched1,read> 7.482323048423065E-4
<388,acc1,proj12task1,setCost> 5.147910557972584E-4
<389,nonemployee10_area1,proj102task1propa,setStatus> 2.4559278522062804E-4
<390,acc4,proj41sched1,read> 4.904031910132576E-4
<391,ldr21,proj21budget1,write> 7.731755588890408E-4
<392,aud2,proj21sched1,read> 7.016252314583245E-4
<393,employee3_area1,proj31task1propa,setStatus> 4.1541941955449877E-4
<394,planner8,proj81task2propa,setSchedule> 5.170574950037391E-4
<395,aud10,proj101sched1,read> 6.524919128839703E-4
<396,acc10,proj101sched1,read> 0.0013433657029964094
<397,nonemployee6_area1,proj62task1a,request> 8.934423832713694E-4
<398,nonemployee9_area2,proj92task2a,setStatus> 3.1186659374116295E-4
<399,planner8,proj81task1prop,setSchedule> 0.0012237176089691596
<400,employee2_area2,proj21task2a,setStatus> 3.367192719363636E-4
<401,planner8,proj81task1propa,setSchedule> 0.001684117380189055
<402,nonemployee5_area2,proj52task2a,setStatus> 1.7931897670009318E-4
<403,acc6,proj62task2,setCost> 9.563559356805394E-4
<404,planner1,proj12task2,setSchedule> 6.027132663934871E-4
<405,employee4_area2,proj41task2propa,read> 6.887918242156698E-4
<406,planner6,proj62sched1,read> 3.209290647814935E-4
<407,planner3,proj32task1a,setSchedule> 7.633178377492645E-4
<408,planner7,proj72task1,setSchedule> 9.239224091050418E-4
<409,employee3_area1,proj31task1a,setStatus> 8.337728358403753E-4
<410,planner7,proj72task1a,setSchedule> 0.00193037772293458
<411,employee8_area1,proj81task1propa,request> 3.831264599700161E-4
<412,acc2,proj22task1a,setCost> 8.592116621062176E-4
<413,planner1,proj11task1,setSchedule> 0.00179118709442624
<414,employee6_area2,proj61task2prop,request> 2.8082408337404887E-4
<415,employee1_area2,proj11task2,read> 0.0015504695707705758
<416,acc6,proj61budget1,write> 0.002488341436905802
<417,acc8,proj81task1prop,setCost> 0.001009343721266533
<418,acc5,proj52task1a,setCost> 2.1452693747662732E-4
<419,employee6_area2,proj61task2propa,read> 2.6611393771972685E-4
<420,employee6_area1,proj61task1,request> 0.0011555069783251743
<421,acc1,proj11budget1,write> 0.002984201899683086
<422,aud10,proj102sched1,read> 2.3183372118085148E-4
<423,acc5,proj51task1propa,setCost> 0.001751172719470445
<424,planner9,proj91task2,setSchedule> 0.0016091685802230255
<425,employee10_area2,proj101task2a,request> 9.059107251622567E-4
<426,aud9,proj92sched1,read> 5.139427297717981E-4
<427,acc4,proj42task1prop,setCost> 9.21030745289877E-4
<428,acc7,proj71task2propa,setCost> 4.6180327021126476E-4
<429,nonemployee5_area2,proj52task2a,read> 2.743974685837875E-4
<430,aud6,proj62budget1,read> 9.745680830983194E-4
<431,acc10,proj102sched1,read> 4.7730472007822357E-4
<432,employee2_area2,proj21task2propa,setStatus> 8.503412879705091E-4
<433,aud4,proj41sched1,read> 5.825231274466873E-4
<434,manager5,proj51budget1,read> 2.408251206809477E-4
<435,employee7_area2,proj71sched1,read> 6.190957649202842E-4
<436,aud1,proj11sched1,read> 2.016421447968007E-4
<437,planner5,proj51sched1,write> 0.0032664230353875857
<438,employee8_area2,proj81task2propa,read> 1.7298152205112922E-4
<439,planner9,proj92task1prop,setSchedule> 0.0010095781804947898
<440,planner2,proj21task1propa,setSchedule> 3.1362503795308766E-4
<441,manager2,proj22budget1,read> 0.0013644111861973295
<442,nonemployee7_area1,proj72task1propa,setStatus> 6.390935233113041E-4
<443,nonemployee2_area2,proj22task2,request> 8.977524570801159E-4
<444,acc9,proj92task2prop,setCost> 6.914170077505709E-4
<445,ldr92,proj91sched1,read> 4.4748891140333644E-4
<446,manager6,proj62budget1,read> 1.5512787839579988E-4
<447,nonemployee5_area1,proj52task1a,setStatus> 1.0061882908195793E-4
<448,manager6,proj61budget1,read> 7.645304902012953E-4
<449,manager4,proj42budget1,approve> 1.3005350009755298E-4
<450,employee1_area1,proj11task1,read> 0.001659593528830675
<451,nonemployee7_area2,proj72task2a,read> 0.0012631791070608811
<452,planner5,proj52task2prop,setSchedule> 4.8493658073258354E-4
<453,acc8,proj81task1a,setCost> 8.062238765202239E-4
<454,ldr31,proj31sched1,read> 0.0013102206906243981
<455,acc4,proj42task1,setCost> 5.412849485902553E-4
<456,planner5,proj51task1prop,setSchedule> 4.95643552156302E-4
<457,acc8,proj82task1prop,setCost> 0.0018218231002517702
<458,nonemployee9_area2,proj92sched1,read> 6.689869052336814E-4
<459,acc4,proj42task2,setCost> 5.50116246187921E-4
<460,employee10_area1,proj101task1a,setStatus> 6.308092972462373E-4
<461,planner2,proj22task2,setSchedule> 0.002230172922798698
<462,ldr31,proj31sched1,write> 5.766359696493569E-4
<463,manager5,proj51budget1,approve> 4.8165024136189545E-5
<464,aud1,proj12sched1,read> 6.320351316340375E-4
<465,acc4,proj41task1a,setCost> 9.828498284735361E-4
<466,planner3,proj32task2a,setSchedule> 5.8129932354605E-4
<467,ldr12,proj11sched1,read> 1.321103707289384E-4
<468,employee1_area1,proj11task1propa,setStatus> 7.99082639192908E-5
<469,nonemployee6_area2,proj62task2,read> 6.863898179492431E-4
<470,nonemployee10_area2,proj102task2a,request> 5.05535740484202E-4
<471,employee8_area2,proj81task2a,setStatus> 3.2015081980622985E-4
<472,acc4,proj42task2prop,setCost> 0.00117713837562218
<473,employee8_area2,proj81task2a,read> 7.667611447025908E-4
<474,nonemployee2_area1,proj22task1a,setStatus> 4.029930804568985E-4
<475,employee1_area2,proj11task2prop,read> 4.6670683300593696E-4
<476,acc3,proj31sched1,read> 6.039477331629513E-4
<477,employee9_area1,proj91task1,request> 0.0010003525506833608
<478,planner1,proj12task1prop,setSchedule> 0.0013307873232063447
<479,acc10,proj101budget1,write> 0.002457350157982222
<480,employee8_area2,proj81task2,request> 9.396399485626509E-4
<481,manager7,proj72budget1,approve> 2.7859538672514244E-4
<482,manager1,proj12budget1,read> 8.40705816676982E-4
<483,acc9,proj92task1a,setCost> 5.324536509925897E-4
<484,employee4_area2,proj41sched1,read> 4.524714524818454E-4
<485,acc4,proj42task2a,setCost> 2.4985212786728984E-4
<486,planner2,proj22task2prop,setSchedule> 7.097829806306719E-4
<487,acc6,proj62task2prop,setCost> 0.001450908601149814
<488,nonemployee1_area1,proj12task1a,request> 3.676133786043203E-4
<489,acc1,proj11budget1,read> 0.0035526213091465315
<490,manager10,proj102budget1,approve> 3.871452269529963E-4
<491,planner4,proj41task2,setSchedule> 3.992808093428356E-4
<492,acc7,proj71task1,setCost> 2.675147230626211E-4
<493,planner9,proj92sched1,read> 4.392918304753359E-4
<494,acc2,proj22task2,setCost> 0.0018394856954471015
<495,planner4,proj41task1,setSchedule> 4.09987780766554E-4
<496,employee4_area2,proj41task2a,setStatus> 6.266671842137038E-4
<497,employee8_area1,proj81task1,request> 9.261482592024931E-4
<498,employee3_area2,proj31task2a,request> 0.0012094737357658055
<499,nonemployee8_area2,proj82task2,request> 7.900006118614583E-4
<500,planner1,proj11task2propa,setSchedule> 0.0015020988659858407
<501,ldr102,proj102budget1,read> 0.0011601295198175783
<502,planner4,proj42task2a,setSchedule> 3.029180665293691E-4
<503,ldr51,proj51sched1,write> 1.5958854857978398E-4
<504,planner9,proj91task1prop,setSchedule> 0.0013629082374775
<505,employee6_area1,proj61task1,read> 0.0016992749681252564
<506,acc9,proj92task2a,setCost> 6.649231149575739E-4
<507,employee9_area2,proj91task2prop,request> 4.5132804436732755E-4
<508,ldr61,proj61budget1,read> 4.58202415390136E-4
<509,planner10,proj102task2prop,setSchedule> 3.778668664953986E-4
<510,planner2,proj22task2propa,setSchedule> 7.847317805967013E-4
<511,ldr82,proj82budget1,write> 8.45080286659657E-4
<512,ldr32,proj32sched1,write> 3.129853011570982E-4
<513,acc1,proj12task1prop,setCost> 0.0010976566972431892
<514,planner10,proj101task1propa,setSchedule> 0.0019089637800871436
<515,employee8_area2,proj81task2,read> 0.0013818234537686042
<516,acc4,proj41task2propa,setCost> 0.0016981849338844515
<517,aud7,proj72sched1,read> 3.951972831491122E-4
<518,ldr72,proj72budget1,write> 7.012708311184248E-4
<519,ldr92,proj92sched1,write> 5.239058359509051E-4
<520,employee7_area1,proj71task1propa,setStatus> 1.5032418547235914E-4
<521,planner4,proj41sched1,read> 3.98283254579828E-4
<522,manager9,proj91budget1,read> 0.001402498849435173
<523,nonemployee5_area1,proj52task1,read> 3.2510421927492043E-4
<524,manager9,proj92budget1,approve> 1.8718499495431814E-4
<525,planner4,proj42sched1,read> 7.159255535366475E-5
<526,nonemployee3_area2,proj32sched1,read> 3.6237962480321635E-4
<527,planner7,proj72task2,setSchedule> 9.346293805287603E-4
<528,planner4,proj42task1a,setSchedule> 0.0018554289229685509
<529,acc2,proj22task1propa,setCost> 0.0012831139467941674
<530,nonemployee8_area1,proj82task1,request> 7.943106856702044E-4
<531,ldr101,proj102sched1,read> 4.0717014896468867E-4
<532,manager8,proj82budget1,approve> 3.357268815819077E-4
<533,aud10,proj102budget1,read> 0.012160914776052942
<534,acc6,proj62budget1,read> 6.010709354722173E-4
<535,acc6,proj61task2prop,setCost> 0.0010181750188641987
<536,acc5,proj51budget1,read> 9.331203525105778E-4
<537,nonemployee5_area2,proj52task2,read> 3.187658754385289E-4
<538,planner4,proj41task1a,setSchedule> 0.001191596694698004
<539,ldr101,proj101budget1,read> 4.524956909638967E-4
<540,nonemployee3_area1,proj32sched1,read> 3.5939707645092655E-4
<541,acc7,proj72task2propa,setCost> 5.059597581995928E-4
<542,employee4_area2,proj41task2a,read> 0.0015008677716523487
<543,manager8,proj81budget1,read> 8.787934799148255E-4
<544,manager3,proj32budget1,approve> 1.769489354591477E-5
<545,ldr42,proj42sched1,write> 1.068584148813322E-4
<546,planner7,proj72task1propa,setSchedule> 0.0016519964659178995
<547,employee4_area1,proj41task1a,setStatus> 4.6098266291236646E-4
<548,employee3_area1,proj31sched1,read> 4.059320829455902E-4
<549,ldr91,proj91budget1,write> 7.060644796364659E-4
<550,employee10_area2,proj101task2,read> 1.814599151075134E-4
<551,planner3,proj31task2propa,setSchedule> 0.0017697731515788028
<552,ldr102,proj102budget1,write> 9.745087966467657E-4
<553,employee7_area1,proj71task1propa,request> 8.839818453877723E-5
<554,employee1_area1,proj11task1prop,read> 1.7656353803838294E-4
<555,planner6,proj61task2prop,setSchedule> 0.001234424580392878
<556,acc7,proj71task1propa,setCost> 3.2050250864861483E-4
<557,employee10_area1,proj101task1,read> 1.7153955528386803E-4
<558,employee7_area2,proj71task2prop,read> 3.807384493118469E-4
<559,employee9_area1,proj91task1prop,request> 3.1005333383003953E-4
<560,acc1,proj11sched1,read> 1.758160572858804E-4
<561,employee2_area1,proj21task1propa,read> 1.049232182933079E-4
<562,planner4,proj41task2prop,setSchedule> 0.0013093733803589075
<563,acc10,proj102task2prop,setCost> 3.116712110509492E-4
<564,acc5,proj52task1,setCost> 4.529719726135991E-4
<565,planner8,proj81sched1,read> 4.551825583774068E-5
<566,employee1_area1,proj11task1propa,request> 4.699007972612383E-5
<567,acc10,proj101task1prop,setCost> 0.001247788756403505
<568,nonemployee3_area1,proj32task1propa,setStatus> 7.882095924825076E-4
<569,acc3,proj31task1,setCost> 0.0014067521131614859
<570,acc7,proj71task2prop,setCost> 9.386933404852082E-4
<571,planner1,proj12task1propa,setSchedule> 0.0012130106375454412
<572,ldr41,proj41budget1,write> 6.533343459380141E-4
<573,employee8_area2,proj81task2a,request> 5.213975783977618E-4
<574,employee8_area1,proj81task1,read> 0.0013619827341213135
<575,planner4,proj42task2propa,setSchedule> 4.7422960930886503E-4

