<0,planner9,proj92sched1,write> null
<1,ldr41,proj41sched1,write> null
<2,planner7,proj71sched1,write> null
<3,employee3_area1,proj31task1,read> null
<4,aud5,proj52budget1,read> null
<5,nonemployee3_area1,proj32task1,request> null
<6,planner9,proj91sched1,read> null
<7,planner5,proj51task1propa,setSchedule> null
<8,acc3,proj32task2prop,setCost> null
<9,employee4_area2,proj41task2propa,setStatus> null
<10,aud2,proj22budget1,read> null
<11,aud2,proj21budget1,read> null
<12,acc7,proj72task2prop,setCost> null
<13,planner7,proj71task1a,setSchedule> null
<14,planner8,proj82task1prop,setSchedule> null
<15,aud1,proj12budget1,read> null
<16,nonemployee2_area1,proj22task1,read> null
<17,planner1,proj12sched1,write> null
<18,nonemployee5_area2,proj52task2propa,setStatus> null
<19,acc9,proj92task1propa,setCost> null
<20,nonemployee8_area2,proj82task2propa,setStatus> null
<21,planner2,proj22task2propa,setSchedule> null
<22,planner9,proj92task1,setSchedule> null
<23,nonemployee8_area2,proj82task2a,request> null
<24,manager9,proj91budget1,read> null
<25,planner9,proj91sched1,write> null
<26,planner9,proj92task2a,setSchedule> null
<27,acc8,proj82budget1,read> null
<28,acc4,proj41budget1,write> null
<29,aud4,proj42budget1,read> null
<30,ldr52,proj52budget1,write> null
<31,acc9,proj92task1,setCost> null
<32,aud5,proj51budget1,read> null
<33,planner1,proj11task1prop,setSchedule> null
<34,planner1,proj12task1propa,setSchedule> null
<35,planner9,proj92task1prop,setSchedule> null
<36,employee7_area1,proj71task1a,read> null
<37,acc6,proj62task2prop,setCost> null
<38,planner6,proj62task1,setSchedule> null
<39,acc8,proj82task2a,setCost> null
<40,employee2_area2,proj21task2propa,request> null
<41,acc2,proj22budget1,read> null
<42,ldr82,proj82budget1,read> null
<43,planner6,proj61sched1,write> null
<44,aud4,proj41sched1,read> null
<45,aud8,proj81budget1,read> null
<46,planner9,proj91task2prop,setSchedule> null
<47,employee8_area1,proj81task1,read> null
<48,acc7,proj72budget1,read> null
<49,planner9,proj91task1,setSchedule> null
<50,planner5,proj52task1,setSchedule> null
<51,nonemployee9_area2,proj92task2propa,setStatus> null
<52,employee10_area2,proj101sched1,read> null
<53,employee10_area2,proj101task2a,setStatus> null
<54,acc2,proj22task2,setCost> null
<55,aud7,proj71budget1,read> null
<56,acc5,proj52budget1,write> null
<57,nonemployee10_area1,proj102task1a,request> null
<58,nonemployee1_area2,proj12task2,read> null
<59,acc5,proj51sched1,read> null
<60,planner2,proj21task1prop,setSchedule> null
<61,nonemployee1_area1,proj12task1a,request> null
<62,planner10,proj101sched1,write> null
<63,acc7,proj72budget1,write> null
<64,ldr72,proj72sched1,read> null
<65,nonemployee2_area2,proj22task2propa,setStatus> null
<66,aud9,proj91budget1,read> null
<67,ldr12,proj12sched1,read> null
<68,planner10,proj101task1a,setSchedule> null
<69,employee4_area2,proj41task2prop,read> null
<70,acc10,proj101budget1,read> null
<71,acc4,proj41budget1,read> null
<72,acc2,proj22task1prop,setCost> null
<73,planner4,proj41sched1,write> null
<74,planner7,proj71task1propa,setSchedule> null
<75,planner1,proj12task2prop,setSchedule> null
<76,planner2,proj21sched1,write> null
<77,employee9_area2,proj91task2prop,read> null
<78,planner9,proj91task2a,setSchedule> null
<79,nonemployee8_area1,proj82task1a,read> null
<80,acc7,proj71budget1,read> null
<81,acc4,proj42budget1,read> null
<82,employee4_area2,proj41task2a,read> null
<83,acc2,proj21task2propa,setCost> null
<84,manager4,proj41budget1,read> null
<85,planner8,proj82task2,setSchedule> null
<86,aud8,proj82budget1,read> null
<87,nonemployee2_area1,proj22task1,request> null
<88,planner3,proj31task2propa,setSchedule> null
<89,nonemployee5_area2,proj52task2a,request> null
<90,employee2_area2,proj21task2,request> null
<91,acc2,proj21task1propa,setCost> null
<92,planner10,proj102sched1,read> null
<93,planner4,proj41task2propa,setSchedule> null
<94,ldr81,proj82sched1,read> null
<95,planner2,proj22task1a,setSchedule> null
<96,planner7,proj71task2a,setSchedule> null
<97,acc10,proj102task2prop,setCost> null
<98,nonemployee10_area2,proj102task2a,setStatus> null
<99,planner1,proj12task2a,setSchedule> null
<100,employee4_area1,proj41task1a,setStatus> null
<101,acc6,proj62budget1,write> null
<102,acc7,proj71task1prop,setCost> null
<103,planner3,proj31sched1,write> null
<104,employee10_area1,proj101task1a,read> null
<105,acc6,proj61task1a,setCost> null
<106,nonemployee7_area1,proj72task1,read> null
<107,planner3,proj32task2prop,setSchedule> null
<108,employee9_area2,proj91task2propa,setStatus> null
<109,planner7,proj72task2a,setSchedule> null
<110,employee8_area2,proj81task2propa,setStatus> null
<111,employee3_area1,proj31task1a,request> null
<112,employee7_area2,proj71task2a,read> null
<113,planner5,proj52task2propa,setSchedule> null
<114,planner5,proj51sched1,write> null
<115,employee1_area2,proj11task2a,read> null
<116,acc5,proj52budget1,read> null
<117,aud10,proj101budget1,read> null
<118,planner1,proj11task2prop,setSchedule> null
<119,acc3,proj31task2prop,setCost> null
<120,acc10,proj102budget1,read> null
<121,acc5,proj51task1a,setCost> null
<122,nonemployee10_area1,proj102task1a,read> null
<123,aud9,proj92budget1,read> null
<124,acc6,proj62task2,setCost> null
<125,ldr11,proj11sched1,read> null
<126,acc1,proj12sched1,read> null
<127,planner4,proj42task2prop,setSchedule> null
<128,acc9,proj91budget1,write> null
<129,planner10,proj101task1prop,setSchedule> null
<130,aud10,proj102budget1,read> null
<131,acc6,proj62task2propa,setCost> null
<132,planner2,proj22task1,setSchedule> null
<133,employee3_area1,proj31task1a,read> null
<134,planner2,proj21task2a,setSchedule> null
<135,nonemployee2_area1,proj22task1a,request> null
<136,aud6,proj61budget1,read> null
<137,employee10_area2,proj101task2a,request> null
<138,acc4,proj42task1a,setCost> null
<139,acc7,proj72sched1,read> null
<140,acc4,proj41task1prop,setCost> null
<141,employee6_area1,proj61task1propa,request> null
<142,employee5_area2,proj51sched1,read> null
<143,planner2,proj22sched1,write> null
<144,acc6,proj61budget1,read> null
<145,planner5,proj51task2propa,setSchedule> null
<146,ldr102,proj102sched1,read> null
<147,planner8,proj82task2prop,setSchedule> null
<148,ldr21,proj21budget1,read> null
<149,nonemployee5_area1,proj52task1propa,setStatus> null
<150,manager8,proj82budget1,read> null
<151,planner6,proj62task2,setSchedule> null
<152,employee2_area2,proj21task2propa,read> null
<153,ldr72,proj71sched1,read> null
<154,nonemployee10_area1,proj102task1a,setStatus> null
<155,employee7_area1,proj71sched1,read> null
<156,planner1,proj11task1a,setSchedule> null
<157,acc3,proj31task1a,setCost> null
<158,acc3,proj31sched1,read> null
<159,employee9_area1,proj91task1prop,read> null
<160,nonemployee8_area2,proj82task2a,read> null
<161,employee9_area1,proj91task1a,request> null
<162,acc3,proj31budget1,read> null
<163,acc10,proj101task2propa,setCost> null
<164,manager1,proj11budget1,read> null
<165,employee10_area1,proj101task1prop,read> null
<166,planner10,proj102sched1,write> null
<167,employee10_area1,proj101task1a,request> null
<168,planner8,proj81task2,setSchedule> null
<169,acc9,proj91sched1,read> null
<170,acc2,proj21task1a,setCost> null
<171,employee8_area1,proj81task1propa,read> null
<172,ldr82,proj82sched1,read> null
<173,employee7_area1,proj71task1propa,setStatus> null
<174,employee1_area2,proj11task2,read> null
<175,manager8,proj81budget1,read> null
<176,manager4,proj41budget1,approve> null
<177,nonemployee2_area2,proj22task2a,read> null
<178,acc2,proj22budget1,write> null
<179,nonemployee6_area2,proj62task2propa,setStatus> null
<180,nonemployee9_area2,proj92task2a,setStatus> null
<181,acc1,proj12task2a,setCost> null
<182,nonemployee3_area2,proj32task2a,request> null
<183,acc3,proj32task2propa,setCost> null
<184,planner7,proj72sched1,write> null
<185,planner10,proj102task1,setSchedule> null
<186,ldr21,proj21sched1,write> null
<187,employee7_area1,proj71task1a,request> null
<188,acc8,proj82task2propa,setCost> null
<189,acc9,proj92budget1,write> null
<190,manager9,proj92budget1,read> null
<191,nonemployee4_area1,proj42task1a,read> null
<192,ldr71,proj71sched1,read> null
<193,planner6,proj62sched1,write> null
<194,acc1,proj11task2prop,setCost> null
<195,nonemployee3_area2,proj32task2a,read> null
<196,acc10,proj101task2prop,setCost> null
<197,acc8,proj82budget1,write> null
<198,employee10_area2,proj101task2propa,setStatus> null
<199,acc10,proj102task1propa,setCost> null
<200,employee2_area2,proj21task2,read> null
<201,planner10,proj102task2a,setSchedule> null
<202,nonemployee9_area1,proj92task1a,setStatus> null
<203,acc9,proj91task1propa,setCost> null
<204,planner7,proj71task2prop,setSchedule> null
<205,ldr32,proj32budget1,read> null
<206,acc2,proj21budget1,read> null
<207,nonemployee1_area1,proj12sched1,read> null
<208,manager1,proj11budget1,approve> null
<209,acc6,proj62task1a,setCost> null
<210,ldr101,proj101sched1,write> null
<211,planner3,proj31sched1,read> null
<212,planner3,proj32sched1,write> null
<213,aud7,proj72budget1,read> null
<214,employee6_area2,proj61task2,request> null
<215,acc6,proj61task1propa,setCost> null
<216,acc10,proj102task2,setCost> null
<217,acc10,proj102task1,setCost> null
<218,employee7_area1,proj71task1a,setStatus> null
<219,acc8,proj82task2prop,setCost> null
<220,acc4,proj41task1propa,setCost> null
<221,acc3,proj32sched1,read> null
<222,ldr11,proj12sched1,read> null
<223,employee9_area1,proj91task1propa,read> null
<224,planner2,proj21task2propa,setSchedule> null
<225,planner5,proj51task2,setSchedule> null
<226,nonemployee2_area2,proj22task2a,request> null
<227,planner8,proj82task2a,setSchedule> null
<228,acc1,proj11budget1,write> null
<229,ldr82,proj82budget1,write> null
<230,employee1_area2,proj11task2propa,read> null
<231,acc7,proj72task1propa,setCost> null
<232,nonemployee5_area1,proj52task1a,read> null
<233,nonemployee9_area2,proj92task2a,request> null
<234,acc9,proj91task2,setCost> null
<235,acc9,proj91task1,setCost> null
<236,ldr91,proj91sched1,read> null
<237,nonemployee1_area2,proj12sched1,read> null
<238,employee2_area1,proj21task1,read> null
<239,employee6_area2,proj61task2a,read> null
<240,ldr62,proj62budget1,write> null
<241,employee7_area2,proj71task2a,request> null
<242,nonemployee3_area2,proj32task2propa,setStatus> null
<243,employee10_area2,proj101task2a,read> null
<244,acc5,proj52task1a,setCost> null
<245,nonemployee3_area1,proj32task1a,read> null
<246,manager5,proj52budget1,approve> null
<247,planner10,proj101sched1,read> null
<248,employee1_area1,proj11task1,read> null
<249,ldr31,proj31sched1,write> null
<250,nonemployee6_area1,proj62task1a,setStatus> null
<251,aud1,proj11budget1,read> null
<252,employee3_area2,proj31task2,read> null
<253,acc8,proj81task1a,setCost> null
<254,acc6,proj62task1propa,setCost> null
<255,manager5,proj52budget1,read> null
<256,planner10,proj101task2propa,setSchedule> null
<257,planner4,proj42sched1,write> null
<258,nonemployee9_area1,proj92task1a,request> null
<259,ldr51,proj51budget1,write> null
<260,nonemployee7_area2,proj72sched1,read> null
<261,employee9_area2,proj91task2propa,read> null
<262,planner5,proj52task2,setSchedule> null
<263,acc2,proj21task2a,setCost> null
<264,employee4_area2,proj41task2prop,request> null
<265,employee5_area1,proj51task1,request> null
<266,nonemployee8_area1,proj82task1,request> null
<267,planner2,proj21task1propa,setSchedule> null
<268,employee4_area1,proj41task1,read> null
<269,planner4,proj42task1a,setSchedule> null
<270,acc8,proj82sched1,read> null
<271,employee3_area2,proj31task2a,setStatus> null
<272,acc1,proj11task2a,setCost> null
<273,planner7,proj72sched1,read> null
<274,planner1,proj11sched1,read> null
<275,acc2,proj22task1propa,setCost> null
<276,manager1,proj12budget1,read> null
<277,acc6,proj61task2,setCost> null
<278,planner10,proj102task2,setSchedule> null
<279,employee5_area1,proj51sched1,read> null
<280,planner7,proj72task2,setSchedule> null
<281,nonemployee6_area1,proj62task1,read> null
<282,manager10,proj102budget1,read> null
<283,employee2_area1,proj21task1a,read> null
<284,planner9,proj91task1propa,setSchedule> null
<285,acc7,proj71task2propa,setCost> null
<286,planner4,proj42task1,setSchedule> null
<287,employee4_area2,proj41task2,read> null
<288,planner9,proj91task1a,setSchedule> null
<289,nonemployee6_area2,proj62task2a,read> null
<290,employee3_area2,proj31task2a,read> null
<291,manager3,proj31budget1,approve> null
<292,planner6,proj61task2a,setSchedule> null
<293,aud4,proj41budget1,read> null
<294,acc2,proj22task2a,setCost> null
<295,ldr101,proj101sched1,read> null
<296,planner7,proj72task1propa,setSchedule> null
<297,acc4,proj42task2propa,setCost> null
<298,manager4,proj42budget1,read> null
<299,manager10,proj101budget1,read> null
<300,nonemployee1_area2,proj12task2a,read> null
<301,acc6,proj61task2propa,setCost> null
<302,acc5,proj51task2a,setCost> null
<303,ldr11,proj11budget1,read> null
<304,acc8,proj81task2a,setCost> null
<305,employee4_area1,proj41task1a,request> null
<306,acc7,proj72task2,setCost> null
<307,planner6,proj62task2propa,setSchedule> null
<308,employee4_area1,proj41task1,request> null
<309,acc8,proj82task2,setCost> null
<310,planner2,proj21task2prop,setSchedule> null
<311,acc8,proj82task1,setCost> null
<312,ldr22,proj21sched1,read> null
<313,ldr62,proj61sched1,read> null
<314,acc7,proj72task1,setCost> null
<315,acc1,proj12task1a,setCost> null
<316,acc6,proj62task1prop,setCost> null
<317,acc6,proj61task1,setCost> null
<318,employee5_area2,proj51task2prop,read> null
<319,employee1_area2,proj11task2,request> null
<320,employee7_area2,proj71task2prop,request> null
<321,planner4,proj42task2,setSchedule> null
<322,acc4,proj41task2,setCost> null
<323,acc1,proj12task2propa,setCost> null
<324,acc4,proj41task1,setCost> null
<325,ldr21,proj21sched1,read> null
<326,nonemployee8_area1,proj82task1a,setStatus> null
<327,acc7,proj71budget1,write> null
<328,employee4_area2,proj41task2,request> null
<329,employee6_area1,proj61task1prop,request> null
<330,ldr22,proj22sched1,write> null
<331,acc9,proj91task1prop,setCost> null
<332,ldr12,proj12sched1,write> null
<333,planner6,proj61task1propa,setSchedule> null
<334,nonemployee2_area2,proj22task2,read> null
<335,employee2_area2,proj21task2prop,request> null
<336,planner6,proj61task2propa,setSchedule> null
<337,employee1_area1,proj11task1prop,request> null
<338,nonemployee4_area1,proj42task1,request> null
<339,planner9,proj92task1a,setSchedule> null
<340,employee4_area2,proj41task2a,request> null
<341,aud9,proj92sched1,read> null
<342,acc7,proj71task2prop,setCost> null
<343,nonemployee7_area2,proj72task2a,read> null
<344,ldr61,proj61budget1,read> null
<345,acc9,proj91task2a,setCost> null
<346,planner7,proj72task1prop,setSchedule> null
<347,employee3_area1,proj31task1prop,read> null
<348,planner8,proj81task2a,setSchedule> null
<349,nonemployee9_area1,proj92task1,request> null
<350,acc6,proj61task1prop,setCost> null
<351,employee5_area2,proj51task2,request> null
<352,acc4,proj42budget1,write> null
<353,nonemployee10_area1,proj102sched1,read> null
<354,acc8,proj82task1propa,setCost> null
<355,acc9,proj91task2prop,setCost> null
<356,acc9,proj92task1prop,setCost> null
<357,nonemployee8_area2,proj82sched1,read> null
<358,nonemployee4_area2,proj42task2,request> null
<359,employee6_area2,proj61task2propa,setStatus> null
<360,nonemployee8_area1,proj82task1propa,setStatus> null
<361,acc10,proj101task1propa,setCost> null
<362,nonemployee3_area1,proj32task1a,setStatus> null
<363,employee6_area2,proj61task2propa,request> null
<364,acc1,proj12task1propa,setCost> null
<365,ldr31,proj31budget1,write> null
<366,planner2,proj22task2prop,setSchedule> null
<367,manager10,proj101budget1,approve> null
<368,nonemployee9_area2,proj92task2,request> null
<369,acc8,proj81task2,setCost> null
<370,employee9_area1,proj91task1propa,request> null
<371,nonemployee8_area2,proj82task2a,setStatus> null
<372,planner10,proj101task2a,setSchedule> null
<373,nonemployee8_area1,proj82sched1,read> null
<374,employee1_area1,proj11task1a,setStatus> null
<375,employee5_area1,proj51task1propa,read> null
<376,acc8,proj81task2prop,setCost> null
<377,planner8,proj82task1,setSchedule> null
<378,acc2,proj22task2prop,setCost> null
<379,acc1,proj12task2,setCost> null
<380,acc10,proj102budget1,write> null
<381,acc5,proj51task2prop,setCost> null
<382,planner1,proj12task2propa,setSchedule> null
<383,acc1,proj12task1,setCost> null
<384,ldr61,proj61sched1,read> null
<385,planner2,proj22task1prop,setSchedule> null
<386,employee4_area2,proj41task2a,setStatus> null
<387,nonemployee10_area1,proj102task1propa,setStatus> null
<388,planner3,proj32task1propa,setSchedule> null
<389,acc7,proj72task2a,setCost> null
<390,acc4,proj41sched1,read> null
<391,aud2,proj21sched1,read> null
<392,employee3_area1,proj31task1propa,setStatus> null
<393,aud10,proj101sched1,read> null
<394,employee1_area2,proj11task2a,request> null
<395,planner8,proj81task2propa,setSchedule> null
<396,acc10,proj101sched1,read> null
<397,nonemployee2_area2,proj22task2,request> null
<398,planner8,proj81task1prop,setSchedule> null
<399,nonemployee5_area2,proj52task2a,setStatus> null
<400,manager7,proj71budget1,read> null
<401,employee4_area2,proj41task2propa,read> null
<402,employee2_area1,proj21task1a,setStatus> null
<403,acc1,proj12task1prop,setCost> null
<404,planner3,proj32task1a,setSchedule> null
<405,planner7,proj72task1a,setSchedule> null
<406,employee8_area1,proj81task1propa,request> null
<407,employee1_area1,proj11task1a,read> null
<408,employee6_area2,proj61task2prop,request> null
<409,aud10,proj102sched1,read> null
<410,employee10_area1,proj101task1propa,setStatus> null
<411,employee5_area1,proj51task1propa,request> null
<412,nonemployee10_area2,proj102sched1,read> null
<413,nonemployee3_area1,proj32task1a,request> null
<414,employee5_area1,proj51task1propa,setStatus> null
<415,acc5,proj51task1propa,setCost> null
<416,acc4,proj42task1prop,setCost> null
<417,nonemployee5_area2,proj52task2a,read> null
<418,aud6,proj62budget1,read> null
<419,acc10,proj102sched1,read> null
<420,manager5,proj51budget1,read> null
<421,employee9_area2,proj91task2,request> null
<422,planner8,proj82task1propa,setSchedule> null
<423,planner1,proj11task2a,setSchedule> null
<424,planner8,proj81task1a,setSchedule> null
<425,planner5,proj52task1propa,setSchedule> null
<426,employee9_area2,proj91task2a,request> null
<427,employee7_area2,proj71sched1,read> null
<428,nonemployee7_area1,proj72task1,request> null
<429,aud1,proj11sched1,read> null
<430,employee8_area2,proj81task2propa,read> null
<431,acc5,proj52task2a,setCost> null
<432,manager2,proj22budget1,read> null
<433,nonemployee7_area1,proj72task1propa,setStatus> null
<434,planner3,proj31task1prop,setSchedule> null
<435,planner9,proj91task2,setSchedule> null
<436,ldr92,proj91sched1,read> null
<437,manager6,proj62budget1,read> null
<438,employee6_area2,proj61sched1,read> null
<439,nonemployee5_area1,proj52task1a,setStatus> null
<440,manager6,proj61budget1,read> null
<441,ldr81,proj81budget1,read> null
<442,manager4,proj42budget1,approve> null
<443,ldr51,proj51sched1,read> null
<444,acc3,proj31budget1,write> null
<445,employee4_area2,proj41task2propa,request> null
<446,planner5,proj52task2prop,setSchedule> null
<447,acc4,proj42task1,setCost> null
<448,acc4,proj42task2,setCost> null
<449,employee10_area1,proj101task1a,setStatus> null
<450,manager5,proj51budget1,approve> null
<451,aud1,proj12sched1,read> null
<452,planner3,proj32task2a,setSchedule> null
<453,aud6,proj62sched1,read> null
<454,employee8_area1,proj81task1a,read> null
<455,ldr12,proj11sched1,read> null
<456,acc8,proj82task1prop,setCost> null
<457,acc5,proj52task1prop,setCost> null
<458,ldr61,proj62sched1,read> null
<459,employee1_area1,proj11task1propa,setStatus> null
<460,nonemployee10_area2,proj102task2a,request> null
<461,employee1_area1,proj11task1,request> null
<462,employee8_area2,proj81task2a,setStatus> null
<463,employee8_area2,proj81task2a,read> null
<464,employee9_area1,proj91task1,request> null
<465,planner1,proj12task1prop,setSchedule> null
<466,nonemployee8_area1,proj82task1,read> null
<467,planner1,proj11sched1,write> null
<468,acc1,proj12budget1,read> null
<469,employee8_area2,proj81task2,request> null
<470,manager7,proj72budget1,approve> null
<471,nonemployee4_area2,proj42task2propa,setStatus> null
<472,acc9,proj92task1a,setCost> null
<473,employee4_area2,proj41sched1,read> null
<474,acc4,proj42task2a,setCost> null
<475,planner6,proj61task1prop,setSchedule> null
<476,manager10,proj102budget1,approve> null
<477,planner4,proj41task2,setSchedule> null
<478,acc6,proj62task1,setCost> null
<479,planner9,proj92sched1,read> null
<480,planner4,proj41task1,setSchedule> null
<481,planner5,proj51task1a,setSchedule> null
<482,planner1,proj12sched1,read> null
<483,employee8_area1,proj81task1,request> null
<484,nonemployee8_area2,proj82task2,request> null
<485,planner4,proj42task2a,setSchedule> null
<486,acc9,proj92task2a,setCost> null
<487,employee9_area2,proj91task2prop,request> null
<488,employee4_area1,proj41sched1,read> null
<489,nonemployee1_area1,proj12task1a,read> null
<490,planner10,proj102task2prop,setSchedule> null
<491,planner9,proj91task1prop,setSchedule> null
<492,planner2,proj21task1,setSchedule> null
<493,acc4,proj41task2propa,setCost> null
<494,ldr72,proj72budget1,write> null
<495,employee2_area1,proj21sched1,read> null
<496,acc4,proj41task1a,setCost> null
<497,planner5,proj52sched1,write> null
<498,manager8,proj81budget1,approve> null
<499,ldr92,proj92sched1,write> null
<500,ldr62,proj62sched1,write> null
<501,nonemployee5_area1,proj52task1,read> null
<502,manager9,proj92budget1,approve> null
<503,planner4,proj42sched1,read> null
<504,nonemployee3_area2,proj32sched1,read> null
<505,employee8_area1,proj81task1a,setStatus> null
<506,employee3_area2,proj31sched1,read> null
<507,manager8,proj82budget1,approve> null
<508,acc6,proj62budget1,read> null
<509,planner6,proj61task2,setSchedule> null
<510,employee2_area2,proj21sched1,read> null
<511,acc5,proj51budget1,read> null
<512,acc4,proj41task2a,setCost> null
<513,employee8_area1,proj81task1propa,setStatus> null
<514,nonemployee5_area2,proj52task2,read> null
<515,planner7,proj72task1,setSchedule> null
<516,ldr101,proj101budget1,read> null
<517,nonemployee3_area1,proj32sched1,read> null
<518,acc7,proj72task2propa,setCost> null
<519,manager3,proj32budget1,approve> null
<520,acc3,proj32task1propa,setCost> null
<521,ldr42,proj42sched1,write> null
<522,ldr71,proj71sched1,write> null
<523,employee3_area1,proj31sched1,read> null
<524,planner6,proj62task1a,setSchedule> null
<525,ldr91,proj91budget1,write> null
<526,employee10_area2,proj101task2,read> null
<527,acc3,proj31task1,setCost> null
<528,planner10,proj102task1a,setSchedule> null
<529,ldr52,proj51sched1,read> null
<530,employee7_area1,proj71task1propa,request> null
<531,planner2,proj22task2a,setSchedule> null
<532,acc1,proj12task2prop,setCost> null
<533,employee1_area1,proj11task1prop,read> null
<534,acc8,proj81budget1,read> null
<535,planner6,proj61task2prop,setSchedule> null
<536,acc7,proj71task1propa,setCost> null
<537,employee10_area1,proj101task1,read> null
<538,acc6,proj61task2prop,setCost> null
<539,employee7_area2,proj71task2prop,read> null
<540,ldr22,proj22budget1,read> null
<541,employee9_area1,proj91task1prop,request> null
<542,planner3,proj31task1a,setSchedule> null
<543,employee6_area1,proj61task1a,request> null
<544,acc1,proj11sched1,read> null
<545,acc10,proj101task2a,setCost> null
<546,planner6,proj62task2a,setSchedule> null
<547,employee8_area2,proj81task2,read> null
<548,acc1,proj11budget1,read> null
<549,employee2_area1,proj21task1propa,read> null
<550,nonemployee6_area2,proj62task2a,request> null
<551,planner4,proj41task2prop,setSchedule> null
<552,acc5,proj52task1,setCost> null
<553,acc5,proj52task2,setCost> null
<554,planner4,proj41task1prop,setSchedule> null
<555,planner8,proj81sched1,read> null
<556,nonemployee3_area1,proj32task1propa,setStatus> null
<557,employee1_area1,proj11task1propa,request> null
<558,nonemployee6_area1,proj62task1a,request> null
<559,acc3,proj31task2,setCost> null
<560,acc10,proj101task1prop,setCost> null
<561,employee10_area2,proj101task2prop,read> null
<562,ldr41,proj41budget1,write> null
<563,ldr101,proj102sched1,read> null
<564,planner4,proj42task2propa,setSchedule> null
<565,manager2,proj21budget1,approve> null
<566,acc10,proj101task2,setCost> null
<567,acc10,proj101task1,setCost> null
<568,ldr21,proj21budget1,write> null
<569,acc9,proj92budget1,read> null
<570,acc10,proj102task1prop,setCost> null
<571,aud3,proj31budget1,read> null
<572,nonemployee1_area2,proj12task2a,request> null
<573,planner3,proj31task1propa,setSchedule> null
<574,employee7_area2,proj71task2propa,setStatus> null
<575,planner3,proj31task2a,setSchedule> null
<0,aud3,proj32budget1,read> null
<1,planner10,proj102task2propa,setSchedule> null
<2,nonemployee6_area2,proj62sched1,read> null
<3,employee6_area1,proj61task1propa,read> null
<4,employee2_area1,proj21task1,request> null
<5,employee5_area2,proj51task2propa,request> null
<6,acc5,proj52sched1,read> null
<7,planner9,proj92task2prop,setSchedule> null
<8,aud6,proj61sched1,read> null
<9,acc1,proj11task1a,setCost> null
<10,ldr91,proj91sched1,write> null
<11,employee9_area2,proj91task2a,read> null
<12,nonemployee8_area2,proj82task2,read> null
<13,employee7_area2,proj71task2,read> null
<14,employee8_area2,proj81task2prop,request> null
<15,employee1_area1,proj11task1a,request> null
<16,planner7,proj72task2propa,setSchedule> null
<17,ldr62,proj62budget1,read> null
<18,nonemployee4_area1,proj42task1propa,setStatus> null
<19,employee8_area1,proj81task1prop,read> null
<20,planner3,proj31task1,setSchedule> null
<21,acc2,proj21budget1,write> null
<22,employee10_area1,proj101task1prop,request> null
<23,employee7_area1,proj71task1,read> null
<24,employee4_area1,proj41task1a,read> null
<25,ldr51,proj51budget1,read> null
<26,planner5,proj52task2a,setSchedule> null
<27,aud8,proj81sched1,read> null
<28,acc2,proj22task2propa,setCost> null
<29,planner6,proj61task1a,setSchedule> null
<30,planner2,proj22task2,setSchedule> null
<31,manager7,proj71budget1,approve> null
<32,acc4,proj41task2prop,setCost> null
<33,employee6_area2,proj61task2propa,read> null
<34,acc3,proj31task2propa,setCost> null
<35,employee4_area1,proj41task1prop,read> null
<36,employee9_area1,proj91sched1,read> null
<37,planner4,proj41sched1,read> null
<38,planner4,proj41task1a,setSchedule> null
<39,acc9,proj91budget1,read> null
<40,employee5_area1,proj51task1a,setStatus> null
<41,acc10,proj101budget1,write> null
<42,employee4_area1,proj41task1propa,setStatus> null
<43,manager7,proj72budget1,read> null
<44,employee9_area1,proj91task1a,read> null
<45,planner5,proj52task1a,setSchedule> null
<46,ldr102,proj102sched1,write> null
<47,ldr71,proj71budget1,write> null
<48,nonemployee6_area2,proj62task2a,setStatus> null
<49,aud7,proj72sched1,read> null
<50,ldr11,proj11sched1,write> null
<51,planner6,proj62sched1,read> null
<52,ldr22,proj22budget1,write> null
<53,employee5_area2,proj51task2propa,setStatus> null
<54,ldr52,proj52budget1,read> null
<55,employee7_area1,proj71task1prop,request> null
<56,planner3,proj32task1,setSchedule> null
<57,planner3,proj32task2,setSchedule> null
<58,manager6,proj61budget1,approve> null
<59,planner9,proj92task2propa,setSchedule> null
<60,ldr32,proj32sched1,read> null
<61,planner5,proj52task1prop,setSchedule> null
<62,planner10,proj101task2prop,setSchedule> null
<63,planner7,proj72task2prop,setSchedule> null
<64,planner4,proj41task1propa,setSchedule> null
<65,acc8,proj81task1,setCost> null
<66,employee5_area1,proj51task1,read> null
<67,ldr41,proj41sched1,read> null
<68,employee4_area1,proj41task1propa,request> null
<69,employee9_area2,proj91sched1,read> null
<70,nonemployee9_area1,proj92task1a,read> null
<71,employee5_area2,proj51task2,read> null
<72,ldr42,proj41sched1,read> null
<73,ldr52,proj52sched1,read> null
<74,nonemployee1_area2,proj12task2a,setStatus> null
<75,acc9,proj92task2propa,setCost> null
<76,employee1_area2,proj11task2a,setStatus> null
<77,ldr71,proj71budget1,read> null
<78,acc3,proj32budget1,read> null
<79,ldr31,proj31sched1,read> null
<80,acc2,proj22sched1,read> null
<81,acc4,proj42sched1,read> null
<82,employee3_area1,proj31task1propa,request> null
<83,employee3_area2,proj31task2propa,request> null
<84,ldr32,proj32budget1,write> null
<85,acc5,proj52task1propa,setCost> null
<86,ldr51,proj52sched1,read> null
<87,planner2,proj22sched1,read> null
<88,planner10,proj101task1propa,setSchedule> null
<89,manager3,proj32budget1,read> null
<90,planner3,proj32task2propa,setSchedule> null
<91,employee7_area1,proj71task1propa,read> null
<92,nonemployee10_area2,proj102task2a,read> null
<93,nonemployee1_area1,proj12task1a,setStatus> null
<94,nonemployee9_area2,proj92task2a,read> null
<95,aud3,proj31sched1,read> null
<0,employee3_area2,proj31task2,request> null
<1,planner2,proj21task1a,setSchedule> null
<2,employee2_area2,proj21task2a,setStatus> null
<3,acc9,proj91task1a,setCost> null
<4,acc1,proj11task2,setCost> null
<5,planner5,proj51task2prop,setSchedule> null
<6,acc1,proj11task1,setCost> null
<7,nonemployee4_area1,proj42sched1,read> null
<8,employee1_area2,proj11task2propa,request> null
<9,planner8,proj81task1,setSchedule> null
<10,ldr41,proj42sched1,read> null
<11,nonemployee8_area1,proj82task1a,request> null
<12,acc8,proj81task2propa,setCost> null
<13,planner6,proj61sched1,read> null
<14,ldr12,proj12budget1,write> null
<15,employee5_area1,proj51task1prop,request> null
<16,ldr42,proj42budget1,write> null
<17,employee6_area1,proj61task1prop,read> null
<18,acc4,proj42task1propa,setCost> null
<19,acc7,proj71task2,setCost> null
<20,acc7,proj71task2a,setCost> null
<21,acc7,proj71task1,setCost> null
<22,nonemployee4_area2,proj42sched1,read> null
<23,acc5,proj51task2,setCost> null
<24,acc5,proj51task1,setCost> null
<25,planner1,proj11task2,setSchedule> null
<26,ldr42,proj42sched1,read> null
<27,acc2,proj21sched1,read> null
<28,employee2_area1,proj21task1propa,request> null
<29,acc9,proj91task2propa,setCost> null
<30,planner4,proj41task2a,setSchedule> null
<31,acc2,proj21task1prop,setCost> null
<32,nonemployee3_area2,proj32task2a,setStatus> null
<33,aud4,proj42sched1,read> null
<34,acc9,proj92task2,setCost> null
<35,aud5,proj52sched1,read> null
<36,planner4,proj42task1propa,setSchedule> null
<37,planner1,proj12task1a,setSchedule> null
<38,employee3_area2,proj31task2propa,read> null
<39,employee10_area2,proj101task2propa,read> null
<40,ldr81,proj81sched1,write> null
<41,planner5,proj51task1prop,setSchedule> null
<42,planner3,proj32task1prop,setSchedule> null
<43,planner3,proj32sched1,read> null
<44,ldr52,proj52sched1,write> null
<45,nonemployee3_area2,proj32task2,request> null
<46,acc5,proj51task2propa,setCost> null
<47,ldr31,proj31budget1,read> null
<48,planner1,proj11task2propa,setSchedule> null
<49,planner7,proj71task1prop,setSchedule> null
<50,employee2_area2,proj21task2prop,read> null
<51,acc3,proj31task1prop,setCost> null
<52,acc4,proj42task2prop,setCost> null
<53,acc8,proj81task1prop,setCost> null
<54,planner4,proj42task1prop,setSchedule> null
<55,planner6,proj62task2prop,setSchedule> null
<56,acc1,proj12budget1,write> null
<57,acc7,proj71task1a,setCost> null
<58,acc3,proj32budget1,write> null
<59,acc9,proj92task2prop,setCost> null
<60,planner2,proj21task2,setSchedule> null
<61,planner2,proj21sched1,read> null
<62,employee5_area2,proj51task2propa,read> null
<63,acc2,proj21task2prop,setCost> null
<64,planner8,proj81sched1,write> null
<65,employee5_area2,proj51task2a,setStatus> null
<66,employee3_area1,proj31task1a,setStatus> null
<67,ldr31,proj32sched1,read> null
<68,employee3_area2,proj31task2a,request> null
<69,employee3_area2,proj31task2prop,request> null
<70,planner7,proj71sched1,read> null
<71,employee8_area1,proj81task1prop,request> null
<72,ldr102,proj102budget1,write> null
<73,nonemployee6_area1,proj62task1propa,setStatus> null
<74,planner5,proj51task1,setSchedule> null
<75,acc7,proj72task1prop,setCost> null
<76,planner8,proj81task1propa,setSchedule> null
<77,planner7,proj71task2propa,setSchedule> null
<78,acc7,proj72task1a,setCost> null
<79,ldr102,proj102budget1,read> null
<80,ldr12,proj12budget1,read> null
<81,acc2,proj22task1a,setCost> null
<82,acc3,proj32task1,setCost> null
<83,acc10,proj102task1a,setCost> null
<84,acc10,proj102task2propa,setCost> null
<85,acc3,proj32task2,setCost> null
<86,planner7,proj71task2,setSchedule> null
<87,planner7,proj71task1,setSchedule> null
<88,planner8,proj82task1a,setSchedule> null
<89,planner10,proj102task1prop,setSchedule> null
<90,employee7_area1,proj71task1prop,read> null
<91,employee4_area1,proj41task1propa,read> null
<92,acc3,proj32task1prop,setCost> null
<93,employee6_area1,proj61task1,read> null
<94,acc6,proj61budget1,write> null
<95,ldr61,proj61budget1,write> null
<0,nonemployee1_area1,proj12task1,read> null
<1,planner1,proj11task1propa,setSchedule> null
<2,nonemployee1_area1,proj12task1propa,setStatus> null
<3,ldr21,proj22sched1,read> null
<4,nonemployee2_area2,proj22sched1,read> null
<5,acc8,proj81task1propa,setCost> null
<6,manager1,proj12budget1,approve> null
<7,nonemployee7_area2,proj72task2,request> null
<8,employee10_area2,proj101task2prop,request> null
<9,acc5,proj52task2prop,setCost> null
<10,planner8,proj82task2propa,setSchedule> null
<11,manager2,proj21budget1,read> null
<12,nonemployee2_area1,proj22sched1,read> null
<13,ldr22,proj22sched1,read> null
<14,acc6,proj62task2a,setCost> null
<15,aud3,proj32sched1,read> null
<16,nonemployee2_area1,proj22task1propa,setStatus> null
<17,planner6,proj61task1,setSchedule> null
<18,employee1_area1,proj11sched1,read> null
<19,nonemployee7_area2,proj72task2a,setStatus> null
<20,nonemployee4_area1,proj42task1a,request> null
<21,employee6_area2,proj61task2a,request> null
<22,employee1_area2,proj11task2prop,read> null
<23,employee5_area1,proj51task1a,request> null
<24,manager3,proj31budget1,read> null
<25,employee5_area2,proj51task2a,request> null
<26,employee8_area2,proj81task2prop,read> null
<27,employee1_area2,proj11sched1,read> null
<28,nonemployee4_area2,proj42task2,read> null
<29,planner10,proj102task1propa,setSchedule> null
<30,nonemployee7_area1,proj72task1a,setStatus> null
<31,nonemployee7_area2,proj72task2,read> null
<32,ldr91,proj91budget1,read> null
<33,ldr11,proj11budget1,write> null
<34,employee3_area1,proj31task1,request> null
<35,ldr41,proj41budget1,read> null
<36,nonemployee4_area1,proj42task1,read> null
<37,ldr42,proj42budget1,read> null
<38,ldr62,proj62sched1,read> null
<39,employee2_area2,proj21task2a,read> null
<40,employee9_area1,proj91task1propa,setStatus> null
<41,nonemployee4_area2,proj42task2a,request> null
<42,nonemployee9_area1,proj92sched1,read> null
<43,acc2,proj22task1,setCost> null
<44,employee6_area2,proj61task2,read> null
<45,employee9_area2,proj91task2propa,request> null
<46,employee10_area1,proj101task1propa,read> null
<47,employee2_area1,proj21task1prop,request> null
<48,nonemployee7_area1,proj72sched1,read> null
<49,planner3,proj31task2prop,setSchedule> null
<50,nonemployee9_area2,proj92sched1,read> null
<51,employee1_area2,proj11task2prop,request> null
<52,nonemployee1_area2,proj12task2propa,setStatus> null
<53,planner5,proj52sched1,read> null
<54,acc10,proj102task2a,setCost> null
<55,employee3_area1,proj31task1prop,request> null
<56,nonemployee4_area2,proj42task2a,read> null
<57,planner2,proj22task1propa,setSchedule> null
<58,employee6_area1,proj61task1a,setStatus> null
<59,nonemployee1_area2,proj12task2,request> null
<60,acc5,proj51budget1,write> null
<61,planner6,proj62task1prop,setSchedule> null
<62,employee3_area2,proj31task2propa,setStatus> null
<63,employee8_area1,proj81sched1,read> null
<64,employee9_area1,proj91task1a,setStatus> null
<65,employee2_area2,proj21task2a,request> null
<66,planner3,proj31task2,setSchedule> null
<67,acc6,proj61task2a,setCost> null
<68,employee10_area1,proj101task1propa,request> null
<69,nonemployee1_area1,proj12task1,request> null
<70,nonemployee3_area1,proj32task1,read> null
<71,nonemployee10_area1,proj102task1,request> null
<72,acc6,proj62sched1,read> null
<73,employee10_area1,proj101task1,request> null
<74,planner9,proj92task2,setSchedule> null
<75,acc1,proj11task1propa,setCost> null
<76,manager9,proj91budget1,approve> null
<77,employee6_area2,proj61task2a,setStatus> null
<78,acc1,proj11task1prop,setCost> null
<79,planner6,proj62task1propa,setSchedule> null
<80,nonemployee7_area2,proj72task2propa,setStatus> null
<81,employee2_area2,proj21task2propa,setStatus> null
<82,ldr72,proj72budget1,read> null
<83,nonemployee3_area2,proj32task2,read> null
<84,nonemployee10_area2,proj102task2,request> null
<85,employee3_area1,proj31task1propa,read> null
<86,planner1,proj11task1,setSchedule> null
<87,employee2_area1,proj21task1a,request> null
<88,employee6_area1,proj61task1propa,setStatus> null
<89,employee8_area2,proj81sched1,read> null
<90,nonemployee5_area1,proj52task1a,request> null
<91,planner8,proj81task2prop,setSchedule> null
<92,nonemployee2_area1,proj22task1a,setStatus> null
<93,employee6_area1,proj61sched1,read> null
<94,ldr72,proj72sched1,write> null
<95,planner8,proj82sched1,write> null
<0,nonemployee9_area1,proj92task1,read> 5.342695658758441E-4
<1,acc3,proj31task1propa,setCost> 8.857055548992146E-4
<2,manager2,proj22budget1,approve> 2.728822372394659E-4
<3,acc3,proj32task1a,setCost> 6.295979245669116E-4
<4,nonemployee9_area2,proj92task2,read> 5.279312220394526E-4
<5,manager6,proj62budget1,approve> 3.102557567915998E-5
<6,planner9,proj91task2propa,setSchedule> 0.0020481544085954838
<7,employee7_area2,proj71task2propa,request> 1.2737051848009807E-4
<8,ldr32,proj31sched1,read> 6.369503415325115E-4
<9,ldr71,proj72sched1,read> 4.595733111734021E-4
<10,ldr92,proj92sched1,read> 9.481417168472407E-4
<11,employee7_area2,proj71task2a,setStatus> 5.479670365955686E-4
<12,ldr82,proj82sched1,write> 6.371557821896253E-5
<13,acc1,proj11task2propa,setCost> 0.0012389574588058394
<14,employee10_area1,proj101sched1,read> 5.647619077903272E-4
<15,ldr81,proj81sched1,read> 1.5207801491379214E-4
<16,nonemployee7_area2,proj72task2a,request> 8.589617928013992E-4
<17,employee3_area2,proj31task2prop,read> 4.846169129422057E-4
<18,acc3,proj32task2a,setCost> 4.79465865406596E-4
<19,ldr91,proj92sched1,read> 3.1870191622720447E-4
<20,ldr92,proj92budget1,read> 5.609234550624446E-4
<21,ldr92,proj92budget1,write> 4.7117570225245345E-4
<22,employee7_area2,proj71task2propa,read> 1.8730958600014422E-4
<23,aud7,proj71sched1,read> 8.39387509493146E-4
<24,nonemployee10_area2,proj102task2,read> 7.157046581925544E-5
<25,ldr82,proj81sched1,read> 8.310752517471364E-5
<26,planner9,proj92task1propa,setSchedule> 9.988712090710711E-4
<27,ldr32,proj32sched1,write> 3.129853011570982E-4
<28,acc8,proj82task1a,setCost> 0.0012742826491965017
<29,ldr51,proj51sched1,write> 1.5958854857978398E-4
<30,nonemployee10_area1,proj102task1,read> 6.523212198286381E-5
<31,planner8,proj82sched1,read> 4.31368082345893E-5
<32,employee6_area1,proj61task1,request> 0.0011555069783251743
<33,nonemployee4_area1,proj42task1a,setStatus> 7.177936709294393E-4
<34,employee8_area2,proj81task2propa,request> 1.1762743499476787E-4
<35,employee8_area1,proj81task1a,request> 6.158394039188658E-4
<36,ldr101,proj101budget1,write> 3.800963804096732E-4
<37,nonemployee5_area2,proj52task2,request> 2.1676079529819967E-4
<38,planner5,proj51task2a,setSchedule> 1.5302046659731018E-4
<39,acc9,proj92sched1,read> 5.885936290682606E-4
<40,aud5,proj51sched1,read> 1.66183649726052E-4
<41,employee5_area1,proj51task1prop,read> 1.6581749007662166E-4
<42,acc2,proj21task2,setCost> 0.0015392215771264704
<43,aud9,proj91sched1,read> 7.088541162937807E-4
<44,nonemployee7_area1,proj72task1a,request> 7.770703904352194E-4
<45,employee5_area2,proj51task2a,read> 1.417784758129319E-4
<46,ldr61,proj61sched1,write> 6.149851577936854E-4
<47,employee6_area2,proj61task2prop,read> 4.129765931971307E-4
<48,employee1_area2,proj11task2propa,setStatus> 5.811039408558361E-4
<49,nonemployee5_area1,proj52task1,request> 2.210708691069459E-4
<50,nonemployee6_area1,proj62task1a,read> 0.0013138858577520138
<51,nonemployee6_area2,proj62task2,request> 4.6674507620548535E-4
<52,acc8,proj81budget1,write> 0.0028602367839887653
<53,employee7_area2,proj71task2,request> 2.1108872311413425E-4
<54,acc7,proj71sched1,read> 7.482323048423065E-4
<55,nonemployee2_area1,proj22task1a,read> 6.166680357489352E-4
<56,employee10_area2,proj101task2propa,request> 3.7338337648468585E-4
<57,ldr81,proj81budget1,write> 4.4241381114420704E-4
<58,aud8,proj82sched1,read> 4.8702848006794365E-5
<59,nonemployee6_area2,proj62task2,read> 6.863898179492431E-4
<60,acc10,proj101task1a,setCost> 0.0013449330299778268
<61,employee4_area1,proj41task1prop,request> 3.149248755727046E-4
<62,employee7_area1,proj71task1,request> 2.043428784340554E-4
<63,employee6_area1,proj61task1a,read> 0.0010246905001173707
<64,employee5_area1,proj51task1a,read> 2.310617142257403E-4
<65,acc6,proj61sched1,read> 4.975910171061989E-4
<66,nonemployee9_area1,proj92task1propa,setStatus> 3.864246283267647E-4
<67,employee1_area1,proj11task1propa,read> 6.910305842077034E-5
<68,nonemployee5_area1,proj52sched1,read> 7.395433557873588E-5
<69,employee9_area1,proj91task1,read> 0.0014711066921814127
<70,employee2_area1,proj21task1prop,read> 3.2342619351578687E-4
<71,employee2_area1,proj21task1propa,setStatus> 1.2132939424462512E-4
<72,nonemployee2_area2,proj22task2a,setStatus> 2.2902433309049435E-4
<73,acc3,proj31task2a,setCost> 0.0015833780651147986
<74,planner5,proj51sched1,read> 1.1104437424091033E-4
<75,nonemployee5_area2,proj52sched1,read> 1.0071876178818315E-4
<76,employee9_area2,proj91task2,read> 0.0014909474118287034
<77,ldr102,proj101sched1,read> 0.0011679056928091231
<78,planner1,proj12task1,setSchedule> 6.24127209240924E-4
<79,planner1,proj12task2,setSchedule> 6.027132663934871E-4
<80,acc2,proj21task1,setCost> 0.0015480528747241359
<81,employee10_area2,proj101task2,request> 1.233927422731091E-4
<82,employee8_area2,proj81task2a,request> 5.213975783977618E-4
<83,nonemployee4_area2,proj42task2a,setStatus> 1.1718728121209167E-4
<84,aud2,proj22sched1,read> 4.1815206685806154E-4
<85,planner10,proj101task2,setSchedule> 1.9584835229218415E-4
<86,employee5_area2,proj51task2prop,request> 2.832598542453814E-4
<87,nonemployee7_area1,proj72task1a,read> 0.0011427505741694402
<88,planner10,proj101task1,setSchedule> 1.8514138086846564E-4
<89,acc8,proj81sched1,read> 5.609023783876432E-5
<90,acc5,proj52task2propa,setCost> 0.001221294863610508
<91,nonemployee6_area1,proj62task1,request> 4.7536522382297795E-4
<92,nonemployee6_area1,proj62sched1,read> 5.792870540395511E-4
<93,employee9_area2,proj91task2a,setStatus> 4.94119567172634E-4
<94,acc5,proj51task1prop,setCost> 4.0881548462527094E-4
<95,nonemployee10_area2,proj102task2propa,setStatus> 8.819248998435765E-5

