<0,planner1,proj12task1a,setSchedule> 9.132154376813232E-4
<1,planner8,proj82task2propa,setSchedule> 0.001941084694358299
<2,acc7,proj72budget1,read> 0.005397340292692979
<3,acc2,proj22task1propa,setCost> 0.0012831139467941674
<4,acc8,proj82task1propa,setCost> 0.0013979208155638202
<5,aud2,proj22budget1,read> 0.00857171262858087
<6,manager2,proj21budget1,read> 0.0015358056707676254
<7,planner9,proj91task2a,setSchedule> 0.0012772524660877521
<8,planner3,proj32sched1,write> 0.006406113762768894
<9,employee6_area1,proj61task1a,read> 0.0010246905001173707
<10,acc1,proj11budget1,write> 0.002984201899683086
<11,planner6,proj62task1a,setSchedule> 0.0022194659513749796
<12,planner4,proj42sched1,write> 0.002187154347850261
<13,planner7,proj72task2prop,setSchedule> 0.0021445171514089503
<14,planner9,proj92task1propa,setSchedule> 9.988712090710711E-4
<15,ldr71,proj71sched1,write> 7.971438014792461E-4
<16,acc9,proj92budget1,read> 0.00362641006848839
<17,planner3,proj31sched1,write> 0.011802457200455517
<18,planner9,proj92sched1,write> 0.010723188512918192
<19,employee5_area2,proj51task2,read> 6.278761071715555E-4
<20,employee1_area2,proj11task2propa,setStatus> 5.811039408558361E-4
<21,planner8,proj82task1prop,setSchedule> 0.002208758979951261
<22,acc6,proj62task2,setCost> 9.563559356805394E-4
<23,planner4,proj41sched1,write> 0.010036381166303532
<24,employee9_area1,proj91task1a,read> 0.0012528587760612146
<25,nonemployee2_area1,proj22task1,request> 8.331013499489214E-4
<26,aud9,proj92sched1,read> 5.139427297717981E-4
<27,acc1,proj11task2propa,setCost> 0.0012389574588058394
<28,aud4,proj41budget1,read> 0.008152972378042463
<29,acc4,proj41budget1,read> 0.00502839649598369
<30,employee6_area1,proj61task1prop,read> 4.0223054523536944E-4
<31,employee6_area2,proj61task2,request> 0.0011487611336450957
<32,acc10,proj102budget1,read> 0.007500319933935928
<33,planner7,proj72task1propa,setSchedule> 0.0016519964659178995
<34,ldr52,proj52budget1,write> 5.670486726132748E-4
<35,planner1,proj11sched1,write> 0.003364538370618251
<36,acc5,proj52task2,setCost> 4.4414067501593354E-4
<37,manager1,proj12budget1,approve> 1.6814116333539638E-4
<38,acc8,proj82budget1,read> 0.006504171682820848
<39,aud10,proj102budget1,read> 0.012160914776052942
<40,planner8,proj81task2,setSchedule> 0.001491391894562122
<41,acc5,proj52budget1,read> 0.004364297661906968
<42,employee9_area2,proj91task2a,read> 0.0011834162572956968
<43,aud9,proj92budget1,read> 0.0058798110179768175
<44,planner6,proj62sched1,write> 0.009938265831072867
<45,nonemployee9_area2,proj92task2propa,setStatus> 2.870139155459624E-4
<46,ldr21,proj21sched1,write> 6.820962370462605E-4
<47,acc9,proj91task1prop,setCost> 0.0011241505900361861
<48,planner10,proj101task1propa,setSchedule> 0.0019089637800871436
<49,nonemployee2_area1,proj22task1propa,setStatus> 6.018145060185031E-4
<50,aud3,proj31budget1,read> 0.0015727684410103315
<51,manager8,proj82budget1,read> 0.0016786344079095382
<52,planner2,proj21task2propa,setSchedule> 0.0021980520085275426
<53,planner9,proj91sched1,write> 0.01602141661537415
<54,planner4,proj41task2a,setSchedule> 0.0016198755516467441
<55,ldr101,proj101sched1,read> 0.00222620856938594
<56,aud8,proj81budget1,read> 0.00552089080322961
<57,ldr22,proj22budget1,read> 8.177260542432163E-4
<58,acc8,proj81task1,setCost> 0.0012124635660128423
<59,nonemployee8_area1,proj82task1a,setStatus> 5.976723929859698E-4
<60,acc2,proj21budget1,write> 0.004998635029715807
<61,acc8,proj81task1propa,setCost> 0.0013890895179661548
<62,ldr102,proj102budget1,write> 9.745087966467657E-4
<63,acc6,proj62task1prop,setCost> 0.0015215589819311392
<64,employee8_area1,proj81task1propa,request> 3.831264599700161E-4
<65,nonemployee7_area2,proj72task2a,read> 0.0012631791070608811
<66,aud7,proj71budget1,read> 0.0100672135233609
<67,planner8,proj82task2,setSchedule> 0.001962498637205736
<68,planner1,proj11task2propa,setSchedule> 0.0015020988659858407
<69,planner7,proj71sched1,write> 0.016315762621066147
<70,aud5,proj52budget1,read> 0.007076211733800841
<71,acc6,proj62task2a,setCost> 0.001433246005954483
<72,acc6,proj61task1propa,setCost> 3.734902942346085E-4
<73,aud2,proj21budget1,read> 0.009648473272822493
<74,nonemployee2_area2,proj22task2propa,setStatus> 3.035823676760961E-4
<75,planner1,proj12task1,setSchedule> 6.24127209240924E-4
<76,planner1,proj12sched1,write> 0.010526957842456861
<77,employee3_area1,proj31task1,read> 0.0015802306502415119
<78,employee1_area1,proj11task1a,read> 0.0020266468423055543
<79,employee6_area1,proj61task1,request> 0.0011555069783251743
<80,ldr12,proj12sched1,read> 0.001026375957693313
<81,planner9,proj92task2,setSchedule> 8.918014948338864E-4
<82,planner10,proj101sched1,write> 0.018572415331371463
<83,planner7,proj72task2a,setSchedule> 0.002133810179985232
<84,employee9_area2,proj91task2prop,read> 6.637177123048934E-4
<85,aud8,proj82budget1,read> 0.010545773809690512
<86,employee6_area2,proj61task2prop,read> 4.129765931971307E-4
<87,nonemployee8_area1,proj82task1a,read> 9.145701960593416E-4
<88,nonemployee8_area1,proj82task1propa,setStatus> 6.556619754414378E-4
<89,ldr11,proj11budget1,read> 5.495100062099658E-4
<90,employee4_area1,proj41task1a,read> 0.0011040533787065336
<91,acc4,proj42task1propa,setCost> 0.0017158475290797828
<92,acc9,proj92task1propa,setCost> 8.238864717155551E-4
<93,acc7,proj72budget1,write> 0.004533765845862102
<94,ldr92,proj92budget1,read> 5.609234550624446E-4
<95,ldr81,proj82sched1,read> 7.764625482226073E-5
<96,planner6,proj61task1prop,setSchedule> 0.0012023036661217227
<97,nonemployee10_area2,proj102task2a,setStatus> 4.8583534110756705E-4
<98,planner6,proj61sched1,write> 0.012587379882300846
<99,acc2,proj22task1,setCost> 0.0017070162314821173
<100,planner7,proj72task1a,setSchedule> 0.00193037772293458
<101,employee7_area1,proj71task1prop,request> 4.7812152395198566E-4
<102,planner2,proj22task1,setSchedule> 0.002069568351442921
<103,acc8,proj81budget1,write> 0.0028602367839887653
<104,acc1,proj11budget1,read> 0.0035526213091465315
<105,employee8_area2,proj81task2propa,setStatus> 2.0002954186276034E-4
<106,employee5_area2,proj51task2prop,request> 2.832598542453814E-4
<107,acc5,proj51task1a,setCost> 2.0569563987896174E-4
<108,employee8_area1,proj81task1a,read> 9.05646182233626E-4
<109,employee3_area1,proj31task1,request> 0.001074556842164228
<110,acc5,proj52task1propa,setCost> 0.001609871957907795
<111,acc2,proj21budget1,read> 0.005950755987756913
<112,planner7,proj71task2prop,setSchedule> 0.0011380618375794118
<113,acc10,proj101budget1,read> 0.0029254168547407406
<114,employee10_area2,proj101task2a,setStatus> 5.562512626606354E-4
<115,acc3,proj31task1,setCost> 0.0014067521131614859
<116,planner5,proj52task1propa,setSchedule> 0.0019517916657820172
<117,acc6,proj61task1,setCost> 0.0015127276843334735
<118,nonemployee2_area2,proj22task2a,request> 2.3831116434193115E-4
<119,acc10,proj102budget1,write> 0.006300268744506179
<120,ldr52,proj51sched1,read> 1.7077858934981378E-4
<121,employee7_area2,proj71task2a,request> 8.924190358020989E-4
<122,aud1,proj11budget1,read> 0.0057601709463944144
<123,acc3,proj32task1propa,setCost> 0.0016805223386891202
<124,planner7,proj72sched1,write> 0.0070929211093835555
<125,manager10,proj102budget1,read> 0.0019357261347649813
<126,aud7,proj72budget1,read> 0.008751172735954476
<127,ldr62,proj62sched1,read> 0.001056409592826785
<128,nonemployee10_area1,proj102task1a,read> 7.814649754951175E-4
<129,nonemployee1_area2,proj12task2,read> 3.5679593845687864E-4
<130,planner3,proj31task2a,setSchedule> 0.001919670751510862
<131,acc3,proj31task2a,setCost> 0.0015833780651147986
<132,employee3_area2,proj31sched1,read> 4.125326046195022E-4
<133,nonemployee7_area1,proj72task1propa,setStatus> 6.390935233113041E-4
<134,employee8_area1,proj81task1a,request> 6.158394039188658E-4
<135,planner7,proj71task1propa,setSchedule> 3.885738379191171E-4
<136,ldr21,proj21budget1,read> 9.204470939155249E-4
<137,planner10,proj101task1prop,setSchedule> 0.0015128058374095593
<138,planner2,proj21task2a,setSchedule> 8.703875519864494E-4
<139,nonemployee2_area1,proj22task1a,request> 4.1933426430927596E-4
<140,acc7,proj72sched1,read> 3.52279931132919E-4
<141,acc2,proj21task2propa,setCost> 0.0018129918026541045
<142,planner6,proj62task1,setSchedule> 0.0011808897232742856
<143,employee3_area2,proj31task2,read> 0.0015901510100651572
<144,acc4,proj41task1prop,setCost> 0.0011418131852315174
<145,planner10,proj102sched1,write> 0.008760881808304876
<146,employee5_area2,proj51sched1,read> 1.5239883085476657E-4
<147,employee10_area2,proj101task2a,read> 0.0013322216546503775
<148,acc6,proj61budget1,write> 0.002488341436905802
<149,acc6,proj61budget1,read> 0.0029623112344116694
<150,employee7_area1,proj71task1a,read> 0.001481027052005058
<151,aud2,proj21sched1,read> 7.016252314583245E-4
<152,acc9,proj92task2propa,setCost> 6.119353293715803E-4
<153,acc9,proj91budget1,read> 0.005434234672363908
<154,planner5,proj51task2propa,setSchedule> 0.0011273548661556933
<155,employee2_area1,proj21task1a,read> 0.001242938416237569
<156,acc4,proj41task1propa,setCost> 0.0011594757804268487
<157,acc1,proj11task1a,setCost> 0.0018041605050564391
<158,employee2_area2,proj21task2propa,read> 7.353580320499684E-4
<159,acc2,proj21task1,setCost> 0.0015480528747241359
<160,ldr72,proj71sched1,read> 9.609277823609318E-4
<161,manager2,proj22budget1,read> 0.0013644111861973295
<162,planner5,proj52sched1,read> 1.021274157992067E-4
<163,nonemployee10_area1,proj102task1a,setStatus> 5.106880193027676E-4
<164,nonemployee8_area2,proj82task2a,read> 0.001123735542660265
<165,planner3,proj31task1a,setSchedule> 0.0021552241228326684
<166,employee6_area2,proj61task2,read> 0.0016893546083016115
<167,manager1,proj11budget1,read> 9.168811431526688E-4
<168,acc1,proj11task2prop,setCost> 0.001150644482829183
<169,planner4,proj41task1prop,setSchedule> 0.0013843221803249372
<170,acc9,proj91sched1,read> 8.118161667051678E-4
<171,acc7,proj71task1a,setCost> 0.00131843913718483
<172,planner1,proj11task1,setSchedule> 0.00179118709442624
<173,employee8_area1,proj81task1propa,read> 5.634212646617884E-4
<174,ldr82,proj82sched1,read> 1.5461134160880003E-4
<175,planner1,proj11task1a,setSchedule> 0.0021873450371038246
<176,employee6_area1,proj61task1a,request> 6.96789540079812E-4
<177,acc6,proj61task1prop,setCost> 9.91681126071202E-4
<178,ldr31,proj31sched1,read> 0.0013102206906243981
<179,acc6,proj62sched1,read> 3.734080313495365E-4
<180,planner10,proj102task2a,setSchedule> 0.001255838523240315
<181,nonemployee6_area2,proj62task2propa,setStatus> 7.757832533849073E-4
<182,employee7_area1,proj71task1a,request> 0.0010070983953634396
<183,nonemployee9_area1,proj92sched1,read> 6.632445283647228E-4
<184,acc8,proj82task2propa,setCost> 0.00160104066031013
<185,planner10,proj102task1propa,setSchedule> 6.348341806646425E-4
<186,aud10,proj101budget1,read> 0.004743230337943995
<187,planner3,proj32task2a,setSchedule> 5.8129932354605E-4
<188,ldr81,proj81budget1,read> 5.266831085050084E-4
<189,acc2,proj21task1a,setCost> 0.0011064879948408548
<190,ldr71,proj71sched1,read> 0.0019251010325161268
<191,nonemployee3_area2,proj32task2a,read> 3.4411925078409536E-4
<192,planner4,proj42task1a,setSchedule> 0.0018554289229685509
<193,aud4,proj42budget1,read> 0.004085209944240782
<194,manager7,proj71budget1,read> 0.001602459081433851
<195,planner6,proj61task1,setSchedule> 0.001834014980121114
<196,nonemployee6_area1,proj62task1a,request> 8.934423832713694E-4
<197,acc7,proj71budget1,read> 0.006209016645453415
<198,acc10,proj102task1propa,setCost> 5.236223533949241E-4
<199,planner9,proj91sched1,read> 6.058920658823935E-4
<200,employee2_area2,proj21task2,read> 0.0017290360475961928
<201,acc4,proj41budget1,write> 0.004223853056626299
<202,planner4,proj42task2prop,setSchedule> 0.0014271500660198112
<203,planner2,proj21sched1,write> 0.013960994575530168
<204,nonemployee9_area1,proj92task1a,setStatus> 2.497348982531615E-4
<205,acc2,proj21task2,setCost> 0.0015392215771264704
<206,acc7,proj71task2a,setCost> 0.0011683070780245143
<207,ldr32,proj32budget1,read> 5.30249811271408E-5
<208,acc10,proj101task1,setCost> 1.5270785429296802E-4
<209,nonemployee1_area1,proj12sched1,read> 4.0786503568501927E-4
<210,acc2,proj21task2a,setCost> 7.179109005435678E-4
<211,acc6,proj62task2propa,setCost> 0.0016540284458961233
<212,planner1,proj12task2prop,setSchedule> 0.0018126010372736768
<213,planner10,proj102task1a,setSchedule> 0.001320080351782626
<214,acc7,proj72task2a,setCost> 0.001760004017068111
<215,manager1,proj11budget1,approve> 1.8337622863053376E-4
<216,manager7,proj72budget1,read> 0.0013929769336257123
<217,nonemployee3_area2,proj32sched1,read> 3.6237962480321635E-4
<218,planner3,proj31sched1,read> 4.917388647064467E-4
<219,employee8_area2,proj81task2a,read> 7.667611447025908E-4
<220,aud6,proj61budget1,read> 0.004803050373735196
<221,ldr42,proj42budget1,read> 3.8972172227526357E-4
<222,ldr71,proj71budget1,read> 9.603941648992004E-4
<223,acc10,proj102task2,setCost> 9.972006870697429E-5
<224,employee5_area1,proj51task1,read> 6.377964669952009E-4
<225,acc10,proj102task1,setCost> 9.088877110930866E-5
<226,nonemployee7_area1,proj72task1,read> 5.469462535486274E-4
<227,acc3,proj32sched1,read> 2.72903174234521E-4
<228,ldr11,proj12sched1,read> 4.0163808857532433E-4
<229,planner3,proj31task1propa,setSchedule> 0.0010738200090371008
<230,nonemployee5_area1,proj52task1a,read> 1.539689356923466E-4
<231,employee3_area2,proj31task2a,setStatus> 7.426463491246399E-4
<232,planner8,proj82task2prop,setSchedule> 0.002112396237137795
<233,nonemployee9_area2,proj92task2a,request> 3.2451264051685727E-4
<234,planner7,proj71task1,setSchedule> 3.243320093768061E-4
<235,ldr82,proj82budget1,read> 0.0010060479603091156
<236,acc9,proj91task2,setCost> 0.0013272704347824956
<237,planner4,proj42task1prop,setSchedule> 0.0011166478947319748
<238,acc9,proj91task1,setCost> 0.0013096078395871643
<239,nonemployee1_area2,proj12sched1,read> 4.38999771233494E-4
<240,ldr62,proj62budget1,write> 7.809652377308577E-5
<241,acc10,proj102task1a,setCost> 0.0010888253996455236
<242,nonemployee3_area2,proj32task2propa,setStatus> 1.3375573334222543E-4
<243,acc10,proj101task2a,setCost> 0.0011859696732198456
<244,nonemployee3_area1,proj32task1a,read> 4.51871096002753E-4
<245,planner8,proj82task1a,setSchedule> 0.0015449267516807145
<246,manager5,proj52budget1,approve> 2.252726581921616E-4
<247,planner10,proj101sched1,read> 6.634581635206755E-4
<248,nonemployee6_area1,proj62task1a,setStatus> 8.586255140355759E-4
<249,manager5,proj52budget1,read> 0.001126363290960808
<250,planner10,proj101task2propa,setSchedule> 0.001641289494494181
<251,employee6_area2,proj61task2a,read> 1.5169883563657727E-4
<252,employee3_area1,proj31task1a,read> 0.0019968857628346174
<253,acc9,proj92budget1,write> 0.003046184457530247
<254,ldr22,proj22sched1,read> 7.059626846406496E-4
<255,nonemployee9_area1,proj92task1a,request> 2.5986153338566274E-4
<256,ldr51,proj51budget1,write> 1.2123936043545539E-4
<257,employee9_area2,proj91task2propa,read> 6.852098082284159E-4
<258,employee4_area2,proj41task2propa,read> 6.887918242156698E-4
<259,ldr72,proj72sched1,read> 8.649690391509242E-4
<260,aud9,proj91budget1,read> 0.008810992771745678
<261,planner5,proj52task2,setSchedule> 5.384714378511761E-4
<262,planner5,proj52task1,setSchedule> 5.491784092748945E-4
<263,acc2,proj22task1prop,setCost> 0.0013714269227708235
<264,employee4_area2,proj41task2prop,request> 2.978744794733767E-4
<265,manager4,proj42budget1,read> 6.502675004877649E-4
<266,employee5_area1,proj51task1,request> 4.337015975567366E-4
<267,ldr12,proj12budget1,write> 4.232392170720427E-4
<268,planner4,proj42task2,setSchedule> 6.669550949357979E-4
<269,employee4_area1,proj41task1,read> 3.79867111580421E-4
<270,acc8,proj82sched1,read> 5.315567982455841E-5
<271,planner7,proj72sched1,read> 2.807510111059304E-4
<272,planner5,proj51task1propa,setSchedule> 0.002123103208561513
<273,planner1,proj11sched1,read> 1.9369565633190215E-4
<274,employee10_area2,proj101task2,request> 1.233927422731091E-4
<275,planner2,proj22sched1,write> 0.008074074461690216
<276,planner2,proj21task1prop,setSchedule> 9.667502947999159E-4
<277,nonemployee8_area1,proj82task1,request> 7.943106856702044E-4
<278,planner10,proj102task1,setSchedule> 1.1019258090243617E-4
<279,planner10,proj102task2,setSchedule> 1.2089955232615467E-4
<280,planner7,proj72task2,setSchedule> 9.346293805287603E-4
<281,acc9,proj91task2propa,setCost> 0.0016893536362867858
<282,planner9,proj92task2propa,setSchedule> 7.419038949018275E-4
<283,employee5_area1,proj51sched1,read> 1.5393047739602049E-4
<284,nonemployee6_area1,proj62task1,read> 6.990665056220264E-4
<285,planner9,proj91task1propa,setSchedule> 0.002090982294290358
<286,planner6,proj61task2a,setSchedule> 1.6372743802102867E-4
<287,employee2_area2,proj21task2a,setStatus> 3.367192719363636E-4
<288,employee4_area2,proj41task2,read> 3.6994675175677566E-4
<289,planner9,proj91task1a,setSchedule> 0.0013522012660537818
<290,employee3_area2,proj31task2a,read> 0.0017786378467144195
<291,manager3,proj31budget1,approve> 5.0069407298081714E-5
<292,employee1_area2,proj11task2,request> 0.0010543193081239916
<293,acc4,proj42task2propa,setCost> 3.9115288942993977E-4
<294,planner3,proj32sched1,read> 2.2219985224559361E-4
<295,manager10,proj101budget1,read> 7.550085743918344E-4
<296,nonemployee1_area2,proj12task2a,read> 6.293447234217185E-4
<297,planner7,proj71task1prop,setSchedule> 0.0021016892657140765
<298,acc5,proj51task2a,setCost> 1.2621396149997116E-4
<299,manager4,proj41budget1,read> 0.0012977577755311036
<300,acc8,proj81task2a,setCost> 6.825857101529052E-4
<301,employee4_area1,proj41task1a,request> 7.507562975204428E-4
<302,acc7,proj72task2,setCost> 7.708986861295614E-4
<303,employee4_area1,proj41task1,request> 2.5830963587468626E-4
<304,acc8,proj82task2,setCost> 0.0016187032555054612
<305,acc1,proj12budget1,read> 0.0032574662717791
<306,acc8,proj82task1,setCost> 0.0016275345531031264
<307,ldr22,proj21sched1,read> 3.965707829981834E-4
<308,nonemployee8_area2,proj82task2propa,setStatus> 7.509305751897069E-4
<309,ldr51,proj51sched1,read> 3.638282497892074E-4
<310,aud1,proj12budget1,read> 0.005281610660064805
<311,acc7,proj72task1,setCost> 7.620673885318957E-4
<312,acc1,proj12task1a,setCost> 7.532360909342301E-4
<313,employee5_area2,proj51task2prop,read> 4.1655860918438445E-4
<314,ldr11,proj11sched1,read> 3.238302182796141E-4
<315,employee7_area2,proj71task2prop,request> 2.589021455320559E-4
<316,acc4,proj41task2,setCost> 3.2933380624628047E-4
<317,planner1,proj11task2a,setSchedule> 0.0019946195514768915
<318,acc1,proj12task2propa,setCost> 3.646589966369429E-4
<319,acc4,proj41task1,setCost> 3.38165103843946E-4
<320,acc9,proj91budget1,write> 0.004564757124785683
<321,ldr21,proj21sched1,read> 0.0012018111250716016
<322,aud6,proj61sched1,read> 5.890401770067974E-4
<323,employee4_area2,proj41task2,request> 2.5156379119460745E-4
<324,employee6_area1,proj61task1prop,request> 2.7351677076005123E-4
<325,acc1,proj12task2a,setCost> 8.768742573015489E-4
<326,ldr22,proj22sched1,write> 3.9447732596379633E-4
<327,employee8_area2,proj81task2,request> 9.396399485626509E-4
<328,ldr12,proj12sched1,write> 5.143185389148231E-4
<329,nonemployee10_area1,proj102task1a,request> 5.313961833366799E-4
<330,planner8,proj82task1propa,setSchedule> 0.0016948243516127733
<331,planner6,proj61task1propa,setSchedule> 4.52815666461428E-4
<332,planner9,proj91task2prop,setSchedule> 0.0019839125800531726
<333,ldr91,proj91sched1,read> 0.0013714292964473872
<334,employee2_area2,proj21task2prop,request> 4.5863535698132524E-4
<335,employee9_area1,proj91task1propa,request> 4.7568575308065306E-4
<336,employee2_area2,proj21task2propa,request> 5.000434617939785E-4
<337,planner2,proj22task2,setSchedule> 0.002230172922798698
<338,planner6,proj61task2propa,setSchedule> 7.9543875202042E-4
<339,employee9_area1,proj91task1propa,setStatus> 8.089201576451748E-4
<340,acc1,proj12budget1,write> 0.002736271668294444
<341,employee1_area1,proj11task1prop,request> 1.200632058661004E-4
<342,nonemployee4_area1,proj42task1,request> 2.6417160719440896E-4
<343,employee4_area2,proj41task2a,request> 0.0010205900847235973
<344,planner1,proj12task1prop,setSchedule> 0.0013307873232063447
<345,employee3_area1,proj31task1prop,read> 7.26850744080241E-5
<346,employee3_area1,proj31sched1,read> 4.059320829455902E-4
<347,planner1,proj11task1prop,setSchedule> 5.277644664274574E-4
<348,planner8,proj81task2a,setSchedule> 8.275596662915754E-4
<349,nonemployee9_area1,proj92task1,request> 3.63303304795574E-4
<350,employee5_area2,proj51task2,request> 4.269557528766577E-4
<351,acc8,proj82task2prop,setCost> 0.0017423414218727797
<352,acc1,proj11task2,setCost> 0.0013802582203684892
<353,acc9,proj91task2prop,setCost> 0.001636365850700792
<354,employee9_area1,proj91task1,read> 0.0014711066921814127
<355,nonemployee8_area2,proj82sched1,read> 6.373115539174804E-5
<356,nonemployee4_area2,proj42task2,request> 2.684816810031553E-4
<357,acc10,proj101task1propa,setCost> 0.001574546767517133
<358,employee6_area2,proj61task2propa,request> 1.8095747764941425E-4
<359,manager8,proj81budget1,read> 8.787934799148255E-4
<360,planner8,proj81task1prop,setSchedule> 0.0012237176089691596
<361,acc6,proj62task2prop,setCost> 0.001450908601149814
<362,acc3,proj32budget1,read> 3.428102777757147E-4
<363,acc1,proj12task1propa,setCost> 0.0010005124236688676
<364,ldr31,proj31budget1,write> 1.2603300895349645E-4
<365,nonemployee9_area2,proj92task2,request> 3.5899323098682775E-4
<366,ldr71,proj72sched1,read> 4.595733111734021E-4
<367,acc2,proj22budget1,read> 0.005286657153680191
<368,nonemployee8_area2,proj82task2a,setStatus> 7.34362123059573E-4
<369,acc8,proj82budget1,write> 0.005463504213569512
<370,aud5,proj51budget1,read> 0.0015129484052191305
<371,nonemployee2_area1,proj22task1a,read> 6.166680357489352E-4
<372,employee9_area1,proj91task1a,request> 8.519439677216259E-4
<373,acc7,proj71task1prop,setCost> 0.001733510124275114
<374,nonemployee8_area1,proj82sched1,read> 6.261794743730703E-5
<375,planner7,proj72task1prop,setSchedule> 0.0010202851519185083
<376,acc7,proj72task1propa,setCost> 0.0013625956251731581
<377,acc8,proj81task2prop,setCost> 4.706345678089304E-4
<378,acc1,proj12task2,setCost> 4.971284606019273E-4
<379,acc2,proj21sched1,read> 5.863824398178267E-4
<380,acc5,proj51task2prop,setCost> 0.0010270063164618643
<381,planner1,proj12task2propa,setSchedule> 4.4210869503770955E-4
<382,acc10,proj101budget1,write> 0.002457350157982222
<383,acc1,proj12task1,setCost> 5.147910557972584E-4
<384,planner2,proj22task1prop,setSchedule> 0.001662703437341618
<385,planner8,proj82task2a,setSchedule> 0.0018982568086634247
<386,nonemployee1_area2,proj12task2,request> 2.426212381506775E-4
<387,acc3,proj31task1a,setCost> 0.001777666612263442
<388,employee2_area1,proj21task1prop,request> 2.1992981159073508E-4
<389,nonemployee10_area1,proj102task1propa,setStatus> 2.4559278522062804E-4
<390,planner5,proj52sched1,write> 0.00267773102400359
<391,acc4,proj41sched1,read> 4.904031910132576E-4
<392,acc5,proj51budget1,write> 7.838210961088853E-4
<393,acc8,proj82task2a,setCost> 0.001565715469919467
<394,employee3_area1,proj31task1propa,setStatus> 4.1541941955449877E-4
<395,employee6_area1,proj61task1a,setStatus> 4.2784575865209904E-4
<396,aud10,proj101sched1,read> 6.524919128839703E-4
<397,acc10,proj101sched1,read> 0.0013433657029964094
<398,nonemployee9_area2,proj92task2a,setStatus> 3.1186659374116295E-4
<399,planner2,proj21task2,setSchedule> 0.0018661358943922696
<400,acc8,proj81budget1,read> 0.0034050437904628163
<401,nonemployee5_area2,proj52task2a,setStatus> 1.7931897670009318E-4
<402,planner3,proj32task1a,setSchedule> 7.633178377492645E-4
<403,acc5,proj52budget1,write> 0.003666010036001853
<404,acc9,proj91task1propa,setCost> 0.0017246788266774484
<405,employee3_area1,proj31task1a,request> 0.00135788231872754
<406,planner8,proj81sched1,write> 0.0012060009955436018
<407,employee6_area2,proj61task2prop,request> 2.8082408337404887E-4
<408,acc2,proj22budget1,write> 0.00444079200909136
<409,acc5,proj52task1a,setCost> 2.1452693747662732E-4
<410,aud10,proj102sched1,read> 2.3183372118085148E-4
<411,employee10_area1,proj101task1propa,setStatus> 7.385042360921065E-4
<412,acc5,proj51task1propa,setCost> 0.001751172719470445
<413,employee10_area2,proj101task2a,request> 9.059107251622567E-4
<414,acc4,proj42task1prop,setCost> 9.21030745289877E-4
<415,acc7,proj71task2propa,setCost> 4.6180327021126476E-4
<416,nonemployee5_area2,proj52task2a,read> 2.743974685837875E-4
<417,planner3,proj31task2,setSchedule> 0.0017162382944602103
<418,nonemployee7_area1,proj72task1a,read> 0.0011427505741694402
<419,acc3,proj32task2propa,setCost> 2.8517731825795234E-4
<420,aud6,proj62budget1,read> 9.745680830983194E-4
<421,acc10,proj102sched1,read> 4.7730472007822357E-4
<422,manager5,proj51budget1,read> 2.408251206809477E-4
<423,employee7_area2,proj71sched1,read> 6.190957649202842E-4
<424,aud1,proj11sched1,read> 2.016421447968007E-4
<425,employee1_area2,proj11task2,read> 0.0015504695707705758
<426,planner5,proj51sched1,write> 0.0032664230353875857
<427,employee8_area2,proj81task2propa,read> 1.7298152205112922E-4
<428,planner2,proj21task1propa,setSchedule> 3.1362503795308766E-4
<429,planner8,proj81task1,setSchedule> 0.001469977951714685
<430,planner2,proj22task2propa,setSchedule> 7.847317805967013E-4
<431,acc5,proj52task2a,setCost> 3.823215918322742E-4
<432,employee6_area1,proj61sched1,read> 6.697306122132082E-4
<433,planner9,proj91task1,setSchedule> 0.0015877546373755885
<434,nonemployee2_area2,proj22task2,request> 8.977524570801159E-4
<435,acc3,proj32task2prop,setCost> 0.0017864979098611079
<436,ldr92,proj91sched1,read> 4.4748891140333644E-4
<437,manager6,proj62budget1,read> 1.5512787839579988E-4
<438,nonemployee5_area1,proj52task1a,setStatus> 1.0061882908195793E-4
<439,manager6,proj61budget1,read> 7.645304902012953E-4
<440,manager4,proj42budget1,approve> 1.3005350009755298E-4
<441,employee1_area1,proj11task1,read> 0.001659593528830675
<442,planner5,proj52task2prop,setSchedule> 4.8493658073258354E-4
<443,employee3_area1,proj31task1a,setStatus> 8.337728358403753E-4
<444,acc8,proj81task1a,setCost> 8.062238765202239E-4
<445,acc4,proj42task1,setCost> 5.412849485902553E-4
<446,acc7,proj72task1prop,setCost> 8.415490669108864E-4
<447,acc4,proj42task2,setCost> 5.50116246187921E-4
<448,employee10_area1,proj101task1a,setStatus> 6.308092972462373E-4
<449,ldr31,proj31sched1,write> 5.766359696493569E-4
<450,manager5,proj51budget1,approve> 4.8165024136189545E-5
<451,employee10_area1,proj101task1a,request> 0.001027335929403676
<452,employee1_area2,proj11sched1,read> 1.3807023707761227E-4
<453,aud1,proj12sched1,read> 6.320351316340375E-4
<454,acc3,proj32task1a,setCost> 6.295979245669116E-4
<455,ldr12,proj11sched1,read> 1.321103707289384E-4
<456,acc6,proj62task1a,setCost> 0.0018306543978494358
<457,planner4,proj41task2propa,setSchedule> 0.0020588613800192022
<458,employee1_area1,proj11task1propa,setStatus> 7.99082639192908E-5
<459,aud3,proj31sched1,read> 6.963550365977196E-4
<460,nonemployee10_area2,proj102task2a,request> 5.05535740484202E-4
<461,employee1_area1,proj11task1,request> 0.0011285235996048588
<462,employee8_area2,proj81task2a,setStatus> 3.2015081980622985E-4
<463,acc3,proj31sched1,read> 6.039477331629513E-4
<464,employee9_area1,proj91task1,request> 0.0010003525506833608
<465,manager7,proj72budget1,approve> 2.7859538672514244E-4
<466,acc3,proj31task2,setCost> 0.0014155834107591515
<467,planner7,proj71sched1,read> 5.963069637575742E-4
<468,manager1,proj12budget1,read> 8.40705816676982E-4
<469,employee7_area1,proj71sched1,read> 6.114994978660475E-4
<470,nonemployee4_area2,proj42task2propa,setStatus> 1.8346108973262657E-4
<471,employee10_area2,proj101task2prop,read> 1.6939950606387544E-4
<472,acc9,proj92task1a,setCost> 5.324536509925897E-4
<473,employee4_area2,proj41sched1,read> 4.524714524818454E-4
<474,planner4,proj42task1propa,setSchedule> 0.002080275322866639
<475,employee9_area1,proj91task1propa,read> 6.995378721774309E-4
<476,employee9_area2,proj91task2a,request> 8.047230549610737E-4
<477,acc4,proj42task2a,setCost> 2.4985212786728984E-4
<478,acc8,proj82task1a,setCost> 0.0012742826491965017
<479,planner2,proj22task2prop,setSchedule> 7.097829806306719E-4
<480,nonemployee1_area1,proj12task1a,request> 3.676133786043203E-4
<481,acc5,proj51budget1,read> 9.331203525105778E-4
<482,planner3,proj32task2propa,setSchedule> 3.4574595222424314E-4
<483,manager10,proj102budget1,approve> 3.871452269529963E-4
<484,acc8,proj82task1prop,setCost> 0.0018218231002517702
<485,planner4,proj41task2,setSchedule> 3.992808093428356E-4
<486,planner9,proj92sched1,read> 4.392918304753359E-4
<487,nonemployee4_area1,proj42task1a,setStatus> 7.177936709294393E-4
<488,acc3,proj31task2propa,setCost> 0.0014597398987474797
<489,acc4,proj42task1a,setCost> 0.0015303902795288048
<490,acc4,proj42budget1,write> 0.0021164460898228385
<491,employee9_area2,proj91task2a,setStatus> 4.94119567172634E-4
<492,planner4,proj41task1a,setSchedule> 0.001191596694698004
<493,planner4,proj41task1,setSchedule> 4.09987780766554E-4
<494,planner8,proj82task1,setSchedule> 0.001973205608629454
<495,employee4_area2,proj41task2a,setStatus> 6.266671842137038E-4
<496,planner1,proj12sched1,read> 6.071273431952578E-4
<497,employee8_area1,proj81task1,request> 9.261482592024931E-4
<498,nonemployee8_area2,proj82task2,request> 7.900006118614583E-4
<499,planner4,proj42task2a,setSchedule> 3.029180665293691E-4
<500,acc9,proj92task2a,setCost> 6.649231149575739E-4
<501,planner6,proj62task2a,setSchedule> 0.0017376522373076476
<502,employee9_area2,proj91task2prop,request> 4.5132804436732755E-4
<503,planner6,proj62task1prop,setSchedule> 0.0018447219515448324
<504,ldr61,proj61budget1,read> 4.58202415390136E-4
<505,employee4_area1,proj41sched1,read> 4.633090920622489E-4
<506,planner10,proj102task2prop,setSchedule> 3.778668664953986E-4
<507,acc1,proj12task1prop,setCost> 0.0010976566972431892
<508,acc4,proj41task2propa,setCost> 0.0016981849338844515
<509,ldr72,proj72budget1,write> 7.012708311184248E-4
<510,employee2_area1,proj21sched1,read> 9.999006921749065E-4
<511,ldr92,proj92sched1,write> 5.239058359509051E-4
<512,ldr62,proj62sched1,write> 4.8555664780657655E-4
<513,employee7_area1,proj71task1propa,setStatus> 1.5032418547235914E-4
<514,nonemployee4_area1,proj42task1a,read> 0.0010983821673146987
<515,nonemployee5_area1,proj52task1,read> 3.2510421927492043E-4
<516,employee5_area1,proj51task1propa,read> 7.102839201391921E-4
<517,acc10,proj101task2propa,setCost> 0.0013537643275754925
<518,acc10,proj101task2,setCost> 1.6153915189063363E-4
<519,manager9,proj92budget1,approve> 1.8718499495431814E-4
<520,planner4,proj42sched1,read> 7.159255535366475E-5
<521,employee8_area1,proj81task1a,setStatus> 3.781404022616979E-4
<522,employee1_area2,proj11task2a,request> 0.0012566946485263572
<523,manager8,proj82budget1,approve> 3.357268815819077E-4
<524,acc6,proj62budget1,read> 6.010709354722173E-4
<525,employee2_area2,proj21sched1,read> 9.931217044313481E-4
<526,employee1_area1,proj11task1a,setStatus> 8.461991749379757E-4
<527,manager7,proj71budget1,approve> 3.204918162867702E-4
<528,employee9_area1,proj91sched1,read> 0.0011286224756632821
<529,nonemployee5_area2,proj52task2,read> 3.187658754385289E-4
<530,planner3,proj32task1prop,setSchedule> 7.526108663255459E-4
<531,ldr101,proj101budget1,read> 4.524956909638967E-4
<532,planner2,proj21task1,setSchedule> 0.0018768428658159876
<533,nonemployee3_area1,proj32sched1,read> 3.5939707645092655E-4
<534,planner2,proj21task2prop,setSchedule> 0.0020160334943243284
<535,acc7,proj72task2propa,setCost> 5.059597581995928E-4
<536,manager3,proj32budget1,approve> 1.769489354591477E-5
<537,ldr42,proj42sched1,write> 1.068584148813322E-4
<538,planner9,proj91task2,setSchedule> 0.0016091685802230255
<539,employee4_area1,proj41task1a,setStatus> 4.6098266291236646E-4
<540,ldr91,proj91budget1,write> 7.060644796364659E-4
<541,employee10_area2,proj101task2,read> 1.814599151075134E-4
<542,planner3,proj31task2propa,setSchedule> 0.0017697731515788028
<543,employee5_area1,proj51task1propa,setStatus> 8.21346496742775E-4
<544,employee7_area1,proj71task1propa,request> 8.839818453877723E-5
<545,employee1_area1,proj11task1prop,read> 1.7656353803838294E-4
<546,planner6,proj61task2prop,setSchedule> 0.001234424580392878
<547,planner5,proj52task2propa,setSchedule> 0.0014806849231384035
<548,acc2,proj21task2prop,setCost> 0.0016628597434937894
<549,acc7,proj71task1propa,setCost> 3.2050250864861483E-4
<550,acc2,proj22task1a,setCost> 8.592116621062176E-4
<551,employee10_area1,proj101task1,read> 1.7153955528386803E-4
<552,acc6,proj61task2prop,setCost> 0.0010181750188641987
<553,nonemployee2_area2,proj22sched1,read> 5.51475914262081E-4
<554,employee7_area2,proj71task2prop,read> 3.807384493118469E-4
<555,employee9_area1,proj91task1prop,request> 3.1005333383003953E-4
<556,acc1,proj11sched1,read> 1.758160572858804E-4
<557,planner2,proj21sched1,read> 5.118135746386811E-4
<558,acc1,proj12task2prop,setCost> 0.0014950650891381422
<559,employee8_area2,proj81task2,read> 0.0013818234537686042
<560,employee2_area1,proj21task1propa,read> 1.049232182933079E-4
<561,planner4,proj41task2prop,setSchedule> 0.0013093733803589075
<562,ldr41,proj41sched1,write> 4.903502963246177E-4
<563,acc10,proj102task2prop,setCost> 3.116712110509492E-4
<564,planner5,proj52task1prop,setSchedule> 8.168526948678569E-4
<565,ldr41,proj41budget1,write> 6.533343459380141E-4
<566,acc5,proj52task1,setCost> 4.529719726135991E-4
<567,planner8,proj81sched1,read> 4.551825583774068E-5
<568,employee1_area1,proj11task1propa,request> 4.699007972612383E-5
<569,acc10,proj101task1prop,setCost> 0.001247788756403505
<570,planner5,proj51task1prop,setSchedule> 4.95643552156302E-4
<571,nonemployee3_area1,proj32task1propa,setStatus> 7.882095924825076E-4
<572,planner1,proj12task1propa,setSchedule> 0.0012130106375454412
<573,planner3,proj32task2prop,setSchedule> 0.0021659310942563873
<574,employee8_area1,proj81task1,read> 0.0013619827341213135
<575,ldr101,proj102sched1,read> 4.0717014896468867E-4

