<0,manager6,proj61budget1,read> null
<1,acc4,proj41budget1,write> null
<2,employee7_area2,proj71task2a,setStatus> null
<3,planner3,proj31sched1,write> null
<4,employee8_area2,proj81task2a,read> null
<5,employee1_area2,proj11task2a,setStatus> null
<6,employee6_area2,proj61task2,read> null
<7,employee3_area1,proj31task1,request> null
<8,employee2_area2,proj21sched1,read> null
<9,planner10,proj101task1propa,setSchedule> null
<10,acc7,proj71task1a,setCost> null
<11,planner10,proj102sched1,write> null
<12,acc4,proj41task2propa,setCost> null
<13,employee1_area2,proj11task2propa,setStatus> null
<14,planner3,proj32sched1,write> null
<15,acc3,proj31task2a,setCost> null
<16,employee7_area1,proj71task1a,setStatus> null
<17,planner1,proj11task2,setSchedule> null
<18,acc10,proj101task1a,setCost> null
<19,planner8,proj82task1a,setSchedule> null
<20,nonemployee3_area1,proj32task1a,read> null
<21,manager10,proj102budget1,read> null
<22,aud10,proj102budget1,read> null
<23,planner8,proj82task2prop,setSchedule> null
<24,acc10,proj102budget1,write> null
<25,acc4,proj42task2propa,setCost> null
<26,acc2,proj21task1,setCost> null
<27,employee10_area2,proj101task2propa,setStatus> null
<28,aud2,proj22budget1,read> null
<29,acc6,proj62budget1,write> null
<30,employee7_area1,proj71task1a,request> null
<31,planner2,proj21task1,setSchedule> null
<32,acc7,proj72task2,setCost> null
<33,acc10,proj101budget1,write> null
<34,acc10,proj102budget1,read> null
<35,acc4,proj42task1a,setCost> null
<36,planner4,proj42task1prop,setSchedule> null
<37,acc8,proj82task1a,setCost> null
<38,nonemployee1_area1,proj12task1a,setStatus> null
<39,acc4,proj42task1propa,setCost> null
<40,employee1_area1,proj11task1a,read> null
<41,acc1,proj12budget1,write> null
<42,planner9,proj91task1a,setSchedule> null
<43,employee3_area1,proj31task1,read> null
<44,acc9,proj91budget1,write> null
<45,planner4,proj41sched1,write> null
<46,acc4,proj41task2prop,setCost> null
<47,nonemployee7_area1,proj72task1,read> null
<48,aud7,proj72budget1,read> null
<49,nonemployee4_area1,proj42task1a,setStatus> null
<50,planner6,proj62sched1,write> null
<51,aud6,proj61budget1,read> null
<52,aud4,proj41budget1,read> null
<53,planner1,proj11task2prop,setSchedule> null
<54,acc7,proj72task1a,setCost> null
<55,ldr52,proj52budget1,write> null
<56,acc9,proj92task1propa,setCost> null
<57,planner9,proj91task2,setSchedule> null
<58,manager2,proj21budget1,read> null
<59,planner2,proj21sched1,write> null
<60,employee9_area1,proj91task1propa,setStatus> null
<61,employee6_area1,proj61task1,request> null
<62,acc1,proj11task1a,setCost> null
<63,nonemployee9_area2,proj92task2propa,setStatus> null
<64,planner5,proj51sched1,write> null
<65,acc1,proj12task1a,setCost> null
<66,planner5,proj51task1propa,setSchedule> null
<67,aud7,proj71budget1,read> null
<68,planner8,proj81task2a,setSchedule> null
<69,manager9,proj91budget1,read> null
<70,acc8,proj81task2a,setCost> null
<71,planner2,proj21task1propa,setSchedule> null
<72,planner9,proj91sched1,write> null
<73,nonemployee2_area2,proj22task2,read> null
<74,acc9,proj91task2,setCost> null
<75,planner7,proj71sched1,read> null
<76,nonemployee6_area2,proj62task2,request> null
<77,nonemployee2_area2,proj22task2propa,setStatus> null
<78,employee3_area2,proj31task2a,request> null
<79,aud1,proj12budget1,read> null
<80,acc1,proj11task2a,setCost> null
<81,acc8,proj82budget1,read> null
<82,planner6,proj61sched1,write> null
<83,ldr12,proj12sched1,read> null
<84,acc9,proj92budget1,write> null
<85,employee9_area2,proj91task2a,read> null
<86,acc4,proj41budget1,read> null
<87,planner10,proj102task2a,setSchedule> null
<88,acc5,proj52budget1,write> null
<89,employee6_area2,proj61sched1,read> null
<90,employee1_area2,proj11task2,read> null
<91,planner7,proj71sched1,write> null
<92,planner9,proj91sched1,read> null
<93,employee2_area1,proj21task1,request> null
<94,employee4_area2,proj41task2propa,read> null
<95,aud10,proj101budget1,read> null
<96,acc8,proj82task1propa,setCost> null
<97,nonemployee4_area2,proj42task2propa,setStatus> null
<98,employee9_area2,proj91task2prop,read> null
<99,manager7,proj72budget1,read> null
<100,aud9,proj91budget1,read> null
<101,acc1,proj12budget1,read> null
<102,nonemployee9_area2,proj92task2,read> null
<103,planner10,proj101task2prop,setSchedule> null
<104,planner1,proj11task1,setSchedule> null
<105,acc9,proj91budget1,read> null
<106,planner9,proj92task2,setSchedule> null
<107,nonemployee8_area1,proj82task1a,read> null
<108,acc7,proj71budget1,read> null
<109,ldr81,proj82sched1,read> null
<110,aud4,proj41sched1,read> null
<111,acc10,proj101task1propa,setCost> null
<112,nonemployee1_area2,proj12task2,read> null
<113,planner8,proj81task1propa,setSchedule> null
<114,acc3,proj31sched1,read> null
<115,ldr72,proj71sched1,read> null
<116,nonemployee10_area2,proj102task2a,setStatus> null
<117,aud9,proj92budget1,read> null
<118,planner6,proj62task2,setSchedule> null
<119,acc6,proj61budget1,read> null
<120,employee8_area2,proj81task2propa,setStatus> null
<121,ldr91,proj91sched1,read> null
<122,planner2,proj22sched1,write> null
<123,ldr102,proj101sched1,read> null
<124,employee10_area2,proj101task2a,setStatus> null
<125,employee2_area2,proj21task2,read> null
<126,acc6,proj62task1a,setCost> null
<127,acc4,proj42task1prop,setCost> null
<128,ldr31,proj31budget1,read> null
<129,acc6,proj62task1prop,setCost> null
<130,acc9,proj92budget1,read> null
<131,planner4,proj42sched1,write> null
<132,aud1,proj11budget1,read> null
<133,acc5,proj51task1a,setCost> null
<134,acc3,proj31budget1,write> null
<135,planner1,proj11sched1,write> null
<136,acc10,proj101budget1,read> null
<137,planner8,proj82sched1,write> null
<138,acc4,proj41task2a,setCost> null
<139,acc9,proj91task2prop,setCost> null
<140,nonemployee10_area1,proj102task1a,read> null
<141,employee1_area1,proj11task1a,request> null
<142,planner10,proj101task1prop,setSchedule> null
<143,acc8,proj82task2a,setCost> null
<144,planner2,proj21task2a,setSchedule> null
<145,nonemployee2_area1,proj22task1a,request> null
<146,acc9,proj91task1prop,setCost> null
<147,acc10,proj102task1prop,setCost> null
<148,acc7,proj72sched1,read> null
<149,acc4,proj41task1prop,setCost> null
<150,planner2,proj21task2prop,setSchedule> null
<151,planner7,proj72task1a,setSchedule> null
<152,employee5_area2,proj51sched1,read> null
<153,ldr62,proj62sched1,read> null
<154,planner9,proj91task2prop,setSchedule> null
<155,ldr72,proj72sched1,read> null
<156,ldr42,proj42budget1,write> null
<157,planner5,proj51task2propa,setSchedule> null
<158,ldr92,proj92budget1,read> null
<159,acc8,proj82budget1,write> null
<160,acc9,proj92task2propa,setCost> null
<161,ldr21,proj21budget1,read> null
<162,planner5,proj52task1propa,setSchedule> null
<163,employee2_area2,proj21task2propa,read> null
<164,nonemployee7_area2,proj72task2a,request> null
<165,aud8,proj82budget1,read> null
<166,acc3,proj31task2,setCost> null
<167,nonemployee10_area1,proj102task1a,setStatus> null
<168,acc1,proj12task2prop,setCost> null
<169,nonemployee8_area2,proj82task2a,read> null
<170,planner8,proj81task1a,setSchedule> null
<171,planner10,proj101sched1,write> null
<172,nonemployee10_area1,proj102sched1,read> null
<173,planner1,proj12sched1,write> null
<174,employee2_area1,proj21task1a,read> null
<175,manager1,proj11budget1,read> null
<176,planner2,proj21task2,setSchedule> null
<177,acc8,proj81budget1,read> null
<178,nonemployee9_area1,proj92task1propa,setStatus> null
<179,acc9,proj91sched1,read> null
<180,employee8_area1,proj81task1propa,read> null
<181,planner5,proj51task1,setSchedule> null
<182,ldr61,proj61sched1,read> null
<183,planner1,proj11task2a,setSchedule> null
<184,ldr82,proj82sched1,read> null
<185,employee9_area2,proj91task2,request> null
<186,acc7,proj72task1propa,setCost> null
<187,acc9,proj91task2propa,setCost> null
<188,planner9,proj92sched1,write> null
<189,planner1,proj11task1a,setSchedule> null
<190,planner4,proj42task1propa,setSchedule> null
<191,nonemployee7_area1,proj72task1a,request> null
<192,acc6,proj61task2propa,setCost> null
<193,employee9_area1,proj91sched1,read> null
<194,nonemployee6_area2,proj62task2propa,setStatus> null
<195,employee7_area1,proj71task1a,read> null
<196,acc6,proj62task2propa,setCost> null
<197,acc5,proj51task1propa,setCost> null
<198,ldr21,proj21sched1,write> null
<199,acc3,proj32task2a,setCost> null
<200,planner2,proj22task1,setSchedule> null
<201,ldr71,proj71budget1,write> null
<202,acc8,proj81budget1,write> null
<203,planner2,proj21task2propa,setSchedule> null
<204,employee10_area2,proj101task2propa,request> null
<205,employee7_area2,proj71task2,read> null
<206,planner10,proj102task2prop,setSchedule> null
<207,employee1_area2,proj11task2,request> null
<208,acc8,proj82task2propa,setCost> null
<209,acc2,proj21task1a,setCost> null
<210,ldr82,proj82budget1,write> null
<211,ldr71,proj71sched1,read> null
<212,acc6,proj61task1,setCost> null
<213,ldr102,proj102budget1,read> null
<214,nonemployee3_area2,proj32task2a,read> null
<215,nonemployee2_area1,proj22task1a,read> null
<216,employee4_area1,proj41sched1,read> null
<217,acc8,proj82task1,setCost> null
<218,acc2,proj21task1prop,setCost> null
<219,acc10,proj102task1propa,setCost> null
<220,acc1,proj12task2,setCost> null
<221,nonemployee9_area1,proj92task1a,setStatus> null
<222,acc1,proj11task2prop,setCost> null
<223,ldr32,proj32budget1,read> null
<224,nonemployee8_area2,proj82task2a,request> null
<225,planner2,proj22task2a,setSchedule> null
<226,nonemployee1_area1,proj12sched1,read> null
<227,acc1,proj12task1,setCost> null
<228,manager1,proj11budget1,approve> null
<229,acc2,proj21budget1,write> null
<230,planner3,proj31sched1,read> null
<231,acc6,proj61task1propa,setCost> null
<232,acc10,proj102task2,setCost> null
<233,employee8_area1,proj81task1a,request> null
<234,planner7,proj72task2prop,setSchedule> null
<235,aud4,proj42budget1,read> null
<236,acc10,proj102task1,setCost> null
<237,planner3,proj32task1propa,setSchedule> null
<238,acc3,proj32sched1,read> null
<239,ldr11,proj12sched1,read> null
<240,acc7,proj71task2a,setCost> null
<241,planner10,proj101task1a,setSchedule> null
<242,acc8,proj82task1prop,setCost> null
<243,nonemployee2_area2,proj22task2a,request> null
<244,manager8,proj82budget1,read> null
<245,nonemployee5_area1,proj52task1a,read> null
<246,nonemployee9_area2,proj92task2a,request> null
<247,planner7,proj72sched1,write> null
<248,ldr82,proj82budget1,read> null
<249,ldr102,proj102sched1,read> null
<250,acc9,proj91task1,setCost> null
<251,acc10,proj102task1a,setCost> null
<252,nonemployee1_area2,proj12sched1,read> null
<253,employee1_area2,proj11task2a,read> null
<254,ldr62,proj62budget1,write> null
<255,acc3,proj31budget1,read> null
<256,acc2,proj22budget1,read> null
<257,aud5,proj52budget1,read> null
<258,employee7_area2,proj71task2a,request> null
<259,planner8,proj81task2propa,setSchedule> null
<260,nonemployee3_area2,proj32task2propa,setStatus> null
<261,employee7_area2,proj71task2prop,read> null
<262,employee8_area1,proj81task1,request> null
<263,employee6_area2,proj61task2propa,request> null
<264,nonemployee8_area1,proj82task1,read> null
<265,planner6,proj62task1prop,setSchedule> null
<266,acc4,proj41task1propa,setCost> null
<267,manager5,proj52budget1,approve> null
<268,aud5,proj51budget1,read> null
<269,planner8,proj81sched1,write> null
<270,planner10,proj101sched1,read> null
<271,aud8,proj81budget1,read> null
<272,nonemployee6_area1,proj62task1a,setStatus> null
<273,employee3_area2,proj31task2,read> null
<274,planner6,proj62task2a,setSchedule> null
<275,manager5,proj52budget1,read> null
<276,planner10,proj101task2propa,setSchedule> null
<277,employee3_area1,proj31task1a,read> null
<278,planner3,proj31task2,setSchedule> null
<279,ldr71,proj72sched1,read> null
<280,nonemployee9_area1,proj92task1a,request> null
<281,employee2_area2,proj21task2propa,request> null
<282,acc1,proj12task2a,setCost> null
<283,employee4_area2,proj41task2a,read> null
<284,employee10_area1,proj101task1propa,read> null
<285,ldr32,proj32sched1,read> null
<286,acc10,proj101sched1,read> null
<287,ldr51,proj51budget1,write> null
<288,employee9_area2,proj91task2propa,read> null
<289,acc7,proj72task2a,setCost> null
<290,planner5,proj52task2,setSchedule> null
<291,employee8_area2,proj81task2,read> null
<292,planner5,proj52task1,setSchedule> null
<293,acc2,proj21task2a,setCost> null
<294,employee4_area2,proj41task2prop,request> null
<295,employee4_area1,proj41task1a,request> null
<296,employee5_area1,proj51task1,request> null
<297,acc2,proj22task1prop,setCost> null
<298,employee4_area1,proj41task1,read> null
<299,acc8,proj82sched1,read> null
<300,employee8_area1,proj81task1a,read> null
<301,acc8,proj81task1,setCost> null
<302,planner3,proj31task1,setSchedule> null
<303,planner7,proj72sched1,read> null
<304,planner1,proj11sched1,read> null
<305,planner2,proj21task1prop,setSchedule> null
<306,planner10,proj102task1,setSchedule> null
<307,planner10,proj102task2,setSchedule> null
<308,employee5_area1,proj51sched1,read> null
<309,nonemployee6_area1,proj62task1,read> null
<310,planner9,proj91task1propa,setSchedule> null
<311,employee10_area2,proj101task2prop,read> null
<312,employee4_area2,proj41task2,read> null
<313,employee3_area2,proj31task2a,read> null
<314,manager3,proj31budget1,approve> null
<315,ldr91,proj91budget1,read> null
<316,planner2,proj22task1prop,setSchedule> null
<317,planner5,proj52sched1,write> null
<318,planner6,proj61task2a,setSchedule> null
<319,manager4,proj42budget1,read> null
<320,manager10,proj101budget1,read> null
<321,nonemployee1_area2,proj12task2a,read> null
<322,employee5_area2,proj51task2propa,read> null
<323,acc5,proj51task2a,setCost> null
<324,ldr11,proj11budget1,read> null
<325,employee4_area1,proj41task1,request> null
<326,planner7,proj72task2a,setSchedule> null
<327,acc8,proj82task2,setCost> null
<328,acc7,proj72budget1,write> null
<329,nonemployee6_area2,proj62task2a,setStatus> null
<330,ldr22,proj21sched1,read> null
<331,acc7,proj72task1,setCost> null
<332,planner7,proj71task1prop,setSchedule> null
<333,planner6,proj61task1prop,setSchedule> null
<334,planner6,proj61task2,setSchedule> null
<335,employee5_area2,proj51task2prop,read> null
<336,employee9_area2,proj91task2,read> null
<337,ldr11,proj11sched1,read> null
<338,acc7,proj72budget1,read> null
<339,employee7_area2,proj71task2prop,request> null
<340,planner4,proj42task1a,setSchedule> null
<341,acc2,proj22task2prop,setCost> null
<342,acc3,proj32task1,setCost> null
<343,acc4,proj41task2,setCost> null
<344,acc1,proj12task2propa,setCost> null
<345,planner2,proj22task1propa,setSchedule> null
<346,planner9,proj92task2propa,setSchedule> null
<347,acc4,proj41task1,setCost> null
<348,ldr21,proj21sched1,read> null
<349,nonemployee8_area1,proj82task1a,setStatus> null
<350,nonemployee5_area1,proj52task1,read> null
<351,employee4_area2,proj41task2,request> null
<352,ldr22,proj22budget1,write> null
<353,employee6_area1,proj61task1prop,request> null
<354,planner9,proj91task2a,setSchedule> null
<355,ldr22,proj22sched1,write> null
<356,employee4_area1,proj41task1a,read> null
<357,ldr12,proj12sched1,write> null
<358,nonemployee10_area1,proj102task1a,request> null
<359,planner6,proj61task1propa,setSchedule> null
<360,employee2_area2,proj21task2prop,request> null
<361,acc1,proj11task2,setCost> null
<362,acc5,proj51budget1,write> null
<363,planner6,proj61task2propa,setSchedule> null
<364,employee10_area2,proj101task2a,read> null
<365,employee1_area1,proj11task1prop,request> null
<366,nonemployee4_area1,proj42task1,request> null
<367,employee10_area1,proj101task1a,request> null
<368,acc7,proj71budget1,write> null
<369,employee4_area2,proj41task2a,request> null
<370,employee3_area1,proj31task1prop,read> null
<371,planner1,proj11task1prop,setSchedule> null
<372,acc3,proj31task2propa,setCost> null
<373,nonemployee9_area1,proj92task1,request> null
<374,acc6,proj61task1prop,setCost> null
<375,employee5_area2,proj51task2,request> null
<376,acc8,proj82task2prop,setCost> null
<377,nonemployee9_area2,proj92task2a,read> null
<378,ldr62,proj62sched1,write> null
<379,nonemployee8_area2,proj82sched1,read> null
<380,nonemployee4_area2,proj42task2,request> null
<381,acc1,proj12task1propa,setCost> null
<382,ldr31,proj31budget1,write> null
<383,nonemployee9_area2,proj92task2,request> null
<384,employee9_area1,proj91task1propa,request> null
<385,acc10,proj101task2a,setCost> null
<386,nonemployee8_area2,proj82task2a,setStatus> null
<387,nonemployee8_area1,proj82sched1,read> null
<388,planner7,proj72task1prop,setSchedule> null
<389,acc8,proj81task2prop,setCost> null
<390,acc5,proj51task2prop,setCost> null
<391,planner1,proj12task2propa,setSchedule> null
<392,aud6,proj61sched1,read> null
<393,nonemployee6_area2,proj62task2a,request> null
<394,nonemployee10_area1,proj102task1propa,setStatus> null
<395,acc4,proj41sched1,read> null
<396,aud2,proj21sched1,read> null
<397,acc3,proj31task1,setCost> null
<398,employee3_area1,proj31task1propa,setStatus> null
<399,aud10,proj101sched1,read> null
<400,nonemployee9_area2,proj92task2a,setStatus> null
<401,planner8,proj81task1prop,setSchedule> null
<402,nonemployee5_area2,proj52task2a,setStatus> null
<403,planner3,proj32task1a,setSchedule> null
<404,ldr102,proj102sched1,write> null
<405,employee8_area1,proj81task1propa,request> null
<406,employee6_area2,proj61task2prop,request> null
<407,acc5,proj52task1a,setCost> null
<408,manager4,proj41budget1,read> null
<409,aud10,proj102sched1,read> null
<410,ldr81,proj81sched1,write> null
<411,employee10_area1,proj101task1propa,setStatus> null
<412,nonemployee5_area1,proj52task1a,setStatus> null
<413,employee10_area2,proj101task2a,request> null
<414,planner4,proj41task2a,setSchedule> null
<415,aud9,proj92sched1,read> null
<416,acc8,proj81task1prop,setCost> null
<417,acc9,proj91task1a,setCost> null
<418,acc5,proj52budget1,read> null
<419,planner1,proj11task2propa,setSchedule> null
<420,planner6,proj61task1,setSchedule> null
<421,acc7,proj71task2propa,setCost> null
<422,acc7,proj71task1prop,setCost> null
<423,ldr91,proj91sched1,write> null
<424,nonemployee5_area2,proj52task2a,read> null
<425,acc3,proj32task2propa,setCost> null
<426,nonemployee7_area2,proj72task2a,read> null
<427,aud6,proj62budget1,read> null
<428,acc8,proj81task1propa,setCost> null
<429,acc10,proj102sched1,read> null
<430,acc2,proj22task1,setCost> null
<431,employee9_area1,proj91task1a,request> null
<432,planner8,proj82task1,setSchedule> null
<433,acc1,proj11task1prop,setCost> null
<434,manager5,proj51budget1,read> null
<435,planner8,proj82task1propa,setSchedule> null
<436,acc2,proj22task1propa,setCost> null
<437,employee7_area2,proj71sched1,read> null
<438,aud1,proj11sched1,read> null
<439,employee8_area2,proj81task2propa,read> null
<440,planner6,proj62task1a,setSchedule> null
<441,manager7,proj71budget1,read> null
<442,acc5,proj52task2a,setCost> null
<443,manager2,proj22budget1,read> null
<444,acc7,proj72task2prop,setCost> null
<445,employee2_area2,proj21task2prop,read> null
<446,acc5,proj52task1propa,setCost> null
<447,ldr32,proj32sched1,write> null
<448,nonemployee7_area1,proj72task1propa,setStatus> null
<449,nonemployee2_area2,proj22task2,request> null
<450,ldr92,proj91sched1,read> null
<451,manager6,proj62budget1,read> null
<452,ldr81,proj81budget1,read> null
<453,manager4,proj42budget1,approve> null
<454,acc6,proj62task2a,setCost> null
<455,ldr51,proj51sched1,read> null
<456,planner4,proj42task2prop,setSchedule> null
<457,employee1_area1,proj11task1,read> null
<458,planner5,proj52task2prop,setSchedule> null
<459,acc8,proj81task1a,setCost> null
<460,acc4,proj42task1,setCost> null
<461,acc4,proj42task2,setCost> null
<462,employee10_area1,proj101task1a,setStatus> null
<463,ldr31,proj31sched1,write> null
<464,manager5,proj51budget1,approve> null
<465,aud1,proj12sched1,read> null
<466,planner3,proj32task2a,setSchedule> null
<467,ldr12,proj11sched1,read> null
<468,employee1_area1,proj11task1propa,setStatus> null
<469,employee4_area2,proj41task2propa,request> null
<470,nonemployee10_area2,proj102task2a,request> null
<471,employee1_area1,proj11task1,request> null
<472,employee8_area2,proj81task2a,setStatus> null
<473,employee9_area1,proj91task1,request> null
<474,nonemployee2_area1,proj22task1propa,setStatus> null
<475,planner1,proj12task1prop,setSchedule> null
<476,employee8_area2,proj81task2,request> null
<477,manager7,proj72budget1,approve> null
<478,manager1,proj12budget1,read> null
<479,employee7_area1,proj71sched1,read> null
<480,acc9,proj92task1a,setCost> null
<481,employee4_area2,proj41sched1,read> null
<482,acc4,proj42task2a,setCost> null
<483,planner2,proj22task2prop,setSchedule> null
<484,nonemployee9_area1,proj92task1,read> null
<485,aud2,proj21budget1,read> null
<486,nonemployee8_area2,proj82task2,request> null
<487,planner1,proj12task2prop,setSchedule> null
<488,acc6,proj62task2prop,setCost> null
<489,nonemployee1_area1,proj12task1a,request> null
<490,planner6,proj62task2prop,setSchedule> null
<491,manager10,proj102budget1,approve> null
<492,planner4,proj41task2,setSchedule> null
<493,planner9,proj92sched1,read> null
<494,planner4,proj41task1,setSchedule> null
<495,employee4_area2,proj41task2a,setStatus> null
<496,employee5_area2,proj51task2a,read> null
<497,planner1,proj12sched1,read> null
<498,planner4,proj42task2a,setSchedule> null
<499,acc9,proj92task2a,setCost> null
<500,employee9_area2,proj91task2prop,request> null
<501,ldr61,proj61budget1,read> null
<502,planner2,proj22task2propa,setSchedule> null
<503,acc1,proj12task1prop,setCost> null
<504,acc2,proj22budget1,write> null
<505,ldr72,proj72budget1,write> null
<506,employee2_area1,proj21sched1,read> null
<507,ldr92,proj92sched1,write> null
<508,employee7_area1,proj71task1propa,setStatus> null
<509,acc10,proj101task2propa,setCost> null
<510,manager9,proj92budget1,approve> null
<511,planner4,proj42sched1,read> null
<512,nonemployee4_area1,proj42sched1,read> null
<513,nonemployee3_area2,proj32sched1,read> null
<514,employee8_area1,proj81task1a,setStatus> null
<515,employee3_area2,proj31sched1,read> null
<516,nonemployee8_area1,proj82task1,request> null
<517,employee9_area1,proj91task1a,setStatus> null
<518,planner8,proj82task2,setSchedule> null
<519,employee9_area1,proj91task1a,read> null
<520,manager8,proj82budget1,approve> null
<521,acc6,proj62budget1,read> null
<522,employee1_area1,proj11task1a,setStatus> null
<523,planner5,proj52task2a,setSchedule> null
<524,acc5,proj51budget1,read> null
<525,nonemployee5_area2,proj52task2,read> null
<526,ldr101,proj101budget1,read> null
<527,nonemployee2_area1,proj22task1,read> null
<528,employee9_area1,proj91task1,read> null
<529,nonemployee3_area1,proj32sched1,read> null
<530,acc7,proj72task2propa,setCost> null
<531,planner3,proj32task2propa,setSchedule> null
<532,planner7,proj72task1,setSchedule> null
<533,manager8,proj81budget1,read> null
<534,manager3,proj32budget1,approve> null
<535,ldr42,proj42sched1,write> null
<536,employee4_area1,proj41task1a,setStatus> null
<537,planner10,proj102sched1,read> null
<538,employee3_area1,proj31sched1,read> null
<539,ldr101,proj101sched1,read> null
<540,planner6,proj62task2propa,setSchedule> null
<541,ldr91,proj91budget1,write> null
<542,employee10_area2,proj101task2,read> null
<543,planner8,proj81task1,setSchedule> null
<544,planner9,proj91task1,setSchedule> null
<545,planner3,proj31task2propa,setSchedule> null
<546,employee5_area1,proj51task1propa,setStatus> null
<547,planner8,proj82task2a,setSchedule> null
<548,ldr12,proj12budget1,read> null
<549,employee7_area1,proj71task1propa,request> null
<550,employee1_area1,proj11task1prop,read> null
<551,planner6,proj61task2prop,setSchedule> null
<552,planner5,proj52task2propa,setSchedule> null
<553,acc7,proj71task1propa,setCost> null
<554,employee10_area1,proj101task1,read> null
<555,acc6,proj61task2prop,setCost> null
<556,employee9_area1,proj91task1prop,request> null
<557,acc1,proj11sched1,read> null
<558,acc1,proj11budget1,read> null
<559,employee2_area1,proj21task1propa,read> null
<560,planner4,proj41task2prop,setSchedule> null
<561,ldr41,proj41sched1,write> null
<562,acc10,proj102task2prop,setCost> null
<563,planner3,proj31task1propa,setSchedule> null
<564,acc5,proj52task1,setCost> null
<565,acc5,proj52task2,setCost> null
<566,ldr41,proj41budget1,write> null
<567,planner8,proj81sched1,read> null
<568,employee1_area1,proj11task1propa,request> null
<569,nonemployee6_area1,proj62task1a,request> null
<570,acc10,proj101task1prop,setCost> null
<571,acc1,proj11budget1,write> null
<572,nonemployee3_area1,proj32task1propa,setStatus> null
<573,planner1,proj12task1propa,setSchedule> null
<574,planner3,proj32task2prop,setSchedule> null
<575,employee8_area1,proj81task1,read> null
<0,ldr101,proj102sched1,read> null
<1,acc4,proj42task2prop,setCost> null
<2,acc3,proj32task2prop,setCost> null
<3,planner4,proj42task2propa,setSchedule> null
<4,planner4,proj41task1prop,setSchedule> null
<5,manager2,proj21budget1,approve> null
<6,acc10,proj101task2,setCost> null
<7,employee2_area2,proj21task2,request> null
<8,acc10,proj101task1,setCost> null
<9,ldr21,proj21budget1,write> null
<10,acc2,proj21task1propa,setCost> null
<11,aud3,proj31budget1,read> null
<12,nonemployee1_area2,proj12task2a,request> null
<13,employee7_area2,proj71task2propa,setStatus> null
<14,aud3,proj32budget1,read> null
<15,nonemployee6_area2,proj62task2,read> null
<16,acc2,proj21task2propa,setCost> null
<17,employee6_area1,proj61task1propa,read> null
<18,employee10_area1,proj101task1prop,read> null
<19,acc6,proj62task1propa,setCost> null
<20,employee5_area2,proj51task2propa,request> null
<21,acc5,proj52sched1,read> null
<22,acc6,proj61task2,setCost> null
<23,employee9_area2,proj91task2propa,setStatus> null
<24,planner9,proj92task2prop,setSchedule> null
<25,nonemployee6_area1,proj62task1,request> null
<26,acc10,proj101task2prop,setCost> null
<27,employee10_area1,proj101task1a,read> null
<28,planner8,proj82sched1,read> null
<29,employee5_area2,proj51task2prop,request> null
<30,acc5,proj52task2prop,setCost> null
<31,nonemployee8_area2,proj82task2,read> null
<32,nonemployee1_area1,proj12task1a,read> null
<33,acc7,proj71task2prop,setCost> null
<34,employee8_area2,proj81task2prop,request> null
<35,planner7,proj72task2propa,setSchedule> null
<36,planner7,proj71task2prop,setSchedule> null
<37,ldr62,proj62budget1,read> null
<38,nonemployee4_area1,proj42task1propa,setStatus> null
<39,nonemployee7_area2,proj72task2,read> null
<40,employee8_area1,proj81task1prop,read> null
<41,employee10_area1,proj101task1prop,request> null
<42,employee7_area1,proj71task1,read> null
<43,ldr51,proj51budget1,read> null
<44,aud8,proj81sched1,read> null
<45,acc2,proj22task2propa,setCost> null
<46,planner6,proj61task1a,setSchedule> null
<47,manager7,proj71budget1,approve> null
<48,employee6_area2,proj61task2propa,read> null
<49,employee4_area1,proj41task1prop,read> null
<50,planner10,proj102task1a,setSchedule> null
<51,planner4,proj41sched1,read> null
<52,ldr22,proj22budget1,read> null
<53,planner4,proj41task1a,setSchedule> null
<54,aud6,proj62sched1,read> null
<55,employee5_area1,proj51task1a,setStatus> null
<56,employee4_area1,proj41task1propa,setStatus> null
<57,planner5,proj52task1a,setSchedule> null
<58,acc2,proj21budget1,read> null
<59,acc3,proj31task2prop,setCost> null
<60,aud7,proj72sched1,read> null
<61,planner2,proj21sched1,read> null
<62,ldr11,proj11sched1,write> null
<63,planner6,proj62sched1,read> null
<64,ldr92,proj92sched1,read> null
<65,ldr52,proj52budget1,read> null
<66,employee7_area1,proj71task1prop,request> null
<67,planner3,proj32task1,setSchedule> null
<68,planner3,proj32task2,setSchedule> null
<69,manager6,proj61budget1,approve> null
<70,planner5,proj52task1prop,setSchedule> null
<71,acc8,proj81task2,setCost> null
<72,nonemployee10_area2,proj102task2a,read> null
<73,employee5_area1,proj51task1,read> null
<74,ldr41,proj41sched1,read> null
<75,employee2_area1,proj21task1,read> null
<76,employee4_area1,proj41task1propa,request> null
<77,employee8_area1,proj81task1propa,setStatus> null
<78,manager4,proj41budget1,approve> null
<79,employee9_area2,proj91sched1,read> null
<80,nonemployee9_area1,proj92task1a,read> null
<81,employee5_area2,proj51task2,read> null
<82,ldr42,proj41sched1,read> null
<83,ldr52,proj52sched1,read> null
<84,nonemployee1_area2,proj12task2a,setStatus> null
<85,ldr31,proj31sched1,read> null
<86,nonemployee5_area1,proj52task1propa,setStatus> null
<87,manager8,proj81budget1,approve> null
<88,acc3,proj32budget1,read> null
<89,planner8,proj82task1prop,setSchedule> null
<90,employee9_area1,proj91task1prop,read> null
<91,employee2_area1,proj21task1a,setStatus> null
<92,acc2,proj22sched1,read> null
<93,acc4,proj42sched1,read> null
<94,employee3_area1,proj31task1propa,request> null
<95,employee3_area2,proj31task2propa,request> null
<0,planner10,proj101task2a,setSchedule> null
<1,ldr32,proj32budget1,write> null
<2,ldr51,proj52sched1,read> null
<3,planner2,proj22sched1,read> null
<4,acc3,proj32task1prop,setCost> null
<5,manager3,proj32budget1,read> null
<6,planner4,proj41task2propa,setSchedule> null
<7,employee1_area2,proj11task2a,request> null
<8,employee7_area1,proj71task1propa,read> null
<9,employee6_area1,proj61task1propa,request> null
<10,acc4,proj42budget1,write> null
<11,employee6_area1,proj61task1prop,read> null
<12,planner2,proj21task1a,setSchedule> null
<13,employee2_area2,proj21task2a,setStatus> null
<14,planner5,proj51task2prop,setSchedule> null
<15,acc1,proj11task1,setCost> null
<16,employee4_area1,proj41task1prop,request> null
<17,planner1,proj12task2a,setSchedule> null
<18,employee1_area2,proj11task2propa,request> null
<19,planner8,proj81task2,setSchedule> null
<20,ldr41,proj42sched1,read> null
<21,employee8_area2,proj81task2propa,request> null
<22,nonemployee8_area1,proj82task1a,request> null
<23,nonemployee3_area1,proj32task1a,setStatus> null
<24,acc8,proj81task2propa,setCost> null
<25,planner6,proj61sched1,read> null
<26,ldr12,proj12budget1,write> null
<27,employee3_area2,proj31task2a,setStatus> null
<28,employee5_area1,proj51task1prop,request> null
<29,acc1,proj12sched1,read> null
<30,acc7,proj71task2,setCost> null
<31,acc7,proj71task1,setCost> null
<32,nonemployee4_area2,proj42sched1,read> null
<33,acc5,proj51task2,setCost> null
<34,acc5,proj51task1,setCost> null
<35,planner9,proj92task1prop,setSchedule> null
<36,employee3_area2,proj31task2prop,read> null
<37,ldr42,proj42sched1,read> null
<38,acc2,proj21sched1,read> null
<39,employee2_area1,proj21task1propa,request> null
<40,planner2,proj22task1a,setSchedule> null
<41,acc2,proj22task2,setCost> null
<42,employee6_area1,proj61task1a,request> null
<43,nonemployee3_area2,proj32task2a,setStatus> null
<44,acc9,proj92task1,setCost> null
<45,aud4,proj42sched1,read> null
<46,acc9,proj92task2,setCost> null
<47,nonemployee3_area1,proj32task1,request> null
<48,employee4_area2,proj41task2prop,read> null
<49,aud5,proj52sched1,read> null
<50,planner1,proj12task1a,setSchedule> null
<51,employee3_area2,proj31task2propa,read> null
<52,nonemployee7_area2,proj72task2a,setStatus> null
<53,planner5,proj51task1prop,setSchedule> null
<54,planner3,proj32task1prop,setSchedule> null
<55,planner3,proj32sched1,read> null
<56,ldr52,proj52sched1,write> null
<57,acc4,proj41task1a,setCost> null
<58,nonemployee3_area2,proj32task2,request> null
<59,acc5,proj51task2propa,setCost> null
<60,planner1,proj12task2,setSchedule> null
<61,ldr61,proj62sched1,read> null
<62,acc3,proj31task1prop,setCost> null
<63,acc3,proj32budget1,write> null
<64,acc9,proj92task2prop,setCost> null
<65,acc2,proj21task2prop,setCost> null
<66,planner3,proj31task2prop,setSchedule> null
<67,employee5_area2,proj51task2a,setStatus> null
<68,employee3_area1,proj31task1a,setStatus> null
<69,ldr31,proj32sched1,read> null
<70,employee3_area2,proj31task2prop,request> null
<71,acc9,proj91task2a,setCost> null
<72,employee8_area1,proj81task1prop,request> null
<73,ldr102,proj102budget1,write> null
<74,acc5,proj52task1prop,setCost> null
<75,nonemployee6_area1,proj62task1propa,setStatus> null
<76,planner5,proj51task2,setSchedule> null
<77,acc7,proj72task1prop,setCost> null
<78,planner7,proj71task2propa,setSchedule> null
<79,acc2,proj22task1a,setCost> null
<80,employee5_area2,proj51task2propa,setStatus> null
<81,acc3,proj32task2,setCost> null
<82,employee9_area2,proj91task2a,request> null
<83,planner7,proj72task1propa,setSchedule> null
<84,planner8,proj81task2prop,setSchedule> null
<85,acc2,proj22task2a,setCost> null
<86,planner7,proj71task2,setSchedule> null
<87,planner7,proj71task1,setSchedule> null
<88,planner10,proj102task1prop,setSchedule> null
<89,employee7_area1,proj71task1prop,read> null
<90,employee4_area1,proj41task1propa,read> null
<91,employee6_area2,proj61task2prop,read> null
<92,employee6_area1,proj61task1,read> null
<93,acc6,proj61budget1,write> null
<94,nonemployee3_area1,proj32task1a,request> null
<95,ldr61,proj61budget1,write> null
<0,nonemployee1_area1,proj12task1,read> null
<1,acc9,proj91task1propa,setCost> null
<2,planner1,proj11task1propa,setSchedule> null
<3,planner4,proj42task1,setSchedule> null
<4,planner4,proj42task2,setSchedule> null
<5,nonemployee1_area1,proj12task1propa,setStatus> null
<6,ldr21,proj22sched1,read> null
<7,employee5_area1,proj51task1propa,request> null
<8,nonemployee2_area2,proj22sched1,read> null
<9,employee3_area1,proj31task1a,request> null
<10,employee2_area2,proj21task2a,read> null
<11,manager1,proj12budget1,approve> null
<12,nonemployee7_area2,proj72task2,request> null
<13,employee10_area2,proj101task2prop,request> null
<14,planner8,proj82task2propa,setSchedule> null
<15,nonemployee2_area1,proj22sched1,read> null
<16,ldr22,proj22sched1,read> null
<17,nonemployee7_area1,proj72task1,request> null
<18,planner10,proj102task2propa,setSchedule> null
<19,aud3,proj32sched1,read> null
<20,employee1_area1,proj11sched1,read> null
<21,nonemployee4_area1,proj42task1a,request> null
<22,employee6_area2,proj61task2a,request> null
<23,employee1_area2,proj11task2prop,read> null
<24,employee5_area1,proj51task1a,request> null
<25,manager3,proj31budget1,read> null
<26,employee5_area2,proj51task2a,request> null
<27,employee1_area2,proj11sched1,read> null
<28,nonemployee4_area2,proj42task2,read> null
<29,employee3_area2,proj31task2,request> null
<30,planner10,proj102task1propa,setSchedule> null
<31,nonemployee7_area1,proj72task1a,setStatus> null
<32,ldr11,proj11budget1,write> null
<33,ldr41,proj41budget1,read> null
<34,nonemployee4_area1,proj42task1,read> null
<35,ldr42,proj42budget1,read> null
<36,nonemployee7_area2,proj72sched1,read> null
<37,nonemployee4_area2,proj42task2a,request> null
<38,nonemployee9_area1,proj92sched1,read> null
<39,acc2,proj21task2,setCost> null
<40,nonemployee5_area2,proj52task2propa,setStatus> null
<41,ldr101,proj101sched1,write> null
<42,planner4,proj41task1propa,setSchedule> null
<43,planner3,proj31task1prop,setSchedule> null
<44,manager10,proj101budget1,approve> null
<45,ldr62,proj61sched1,read> null
<46,employee9_area2,proj91task2propa,request> null
<47,ldr71,proj71budget1,read> null
<48,employee2_area1,proj21task1prop,request> null
<49,nonemployee7_area1,proj72sched1,read> null
<50,nonemployee9_area2,proj92sched1,read> null
<51,employee1_area2,proj11task2prop,request> null
<52,nonemployee1_area2,proj12task2propa,setStatus> null
<53,ldr71,proj71sched1,write> null
<54,planner5,proj52sched1,read> null
<55,planner6,proj62task1,setSchedule> null
<56,acc10,proj102task2a,setCost> null
<57,nonemployee10_area2,proj102task2,read> null
<58,employee3_area1,proj31task1prop,request> null
<59,nonemployee4_area2,proj42task2a,read> null
<60,planner3,proj31task1a,setSchedule> null
<61,employee5_area1,proj51task1propa,read> null
<62,planner7,proj71task1a,setSchedule> null
<63,employee6_area1,proj61task1a,setStatus> null
<64,nonemployee1_area2,proj12task2,request> null
<65,employee9_area1,proj91task1propa,read> null
<66,nonemployee10_area2,proj102sched1,read> null
<67,employee3_area2,proj31task2propa,setStatus> null
<68,planner9,proj91task1prop,setSchedule> null
<69,employee8_area1,proj81sched1,read> null
<70,acc10,proj102task2propa,setCost> null
<71,planner9,proj92task1a,setSchedule> null
<72,employee2_area2,proj21task2a,request> null
<73,acc6,proj61task2a,setCost> null
<74,nonemployee8_area1,proj82task1propa,setStatus> null
<75,employee10_area1,proj101task1propa,request> null
<76,nonemployee2_area2,proj22task2a,setStatus> null
<77,nonemployee1_area1,proj12task1,request> null
<78,nonemployee3_area1,proj32task1,read> null
<79,nonemployee10_area1,proj102task1,request> null
<80,nonemployee2_area1,proj22task1,request> null
<81,acc6,proj62sched1,read> null
<82,nonemployee4_area1,proj42task1a,read> null
<83,employee10_area1,proj101task1,request> null
<84,planner9,proj92task1,setSchedule> null
<85,acc1,proj11task1propa,setCost> null
<86,manager9,proj91budget1,approve> null
<87,employee10_area2,proj101sched1,read> null
<88,employee6_area2,proj61task2a,setStatus> null
<89,planner6,proj62task1propa,setSchedule> null
<90,nonemployee7_area2,proj72task2propa,setStatus> null
<91,employee2_area2,proj21task2propa,setStatus> null
<92,ldr72,proj72budget1,read> null
<93,nonemployee3_area2,proj32task2,read> null
<94,nonemployee10_area2,proj102task2,request> null
<95,employee3_area1,proj31task1propa,read> null
<0,employee2_area1,proj21task1a,request> 8.451981230415469E-4
<1,employee1_area2,proj11task2propa,read> 5.025269928784746E-4
<2,employee6_area1,proj61task1propa,setStatus> 1.751768636675597E-4
<3,planner9,proj92task2a,setSchedule> 8.061457234441383E-4
<4,employee8_area2,proj81sched1,read> 4.0232264837228865E-5
<5,nonemployee5_area1,proj52task1a,request> 1.0469887627079568E-4
<6,nonemployee2_area1,proj22task1a,setStatus> 4.029930804568985E-4
<7,employee6_area1,proj61sched1,read> 6.697306122132082E-4
<8,ldr72,proj72sched1,write> 3.465408407833857E-4
<9,acc5,proj51sched1,read> 1.4320895160724296E-4
<10,acc3,proj31task1propa,setCost> 8.857055548992146E-4
<11,employee8_area2,proj81task2prop,read> 1.9089160198739797E-4
<12,manager2,proj22budget1,approve> 2.728822372394659E-4
<13,acc3,proj32task1propa,setCost> 0.0016805223386891202
<14,acc3,proj32task1a,setCost> 6.295979245669116E-4
<15,manager6,proj62budget1,approve> 3.102557567915998E-5
<16,planner9,proj91task2propa,setSchedule> 0.0020481544085954838
<17,employee7_area2,proj71task2propa,request> 1.2737051848009807E-4
<18,ldr32,proj31sched1,read> 6.369503415325115E-4
<19,nonemployee5_area2,proj52task2a,request> 1.865902786369755E-4
<20,acc6,proj62task2,setCost> 9.563559356805394E-4
<21,acc6,proj62task1,setCost> 9.740185308758706E-4
<22,ldr82,proj82sched1,write> 6.371557821896253E-5
<23,acc1,proj11task2propa,setCost> 0.0012389574588058394
<24,employee10_area1,proj101sched1,read> 5.647619077903272E-4
<25,ldr81,proj81sched1,read> 1.5207801491379214E-4
<26,nonemployee3_area2,proj32task2a,request> 2.3400109053318486E-4
<27,ldr91,proj92sched1,read> 3.1870191622720447E-4
<28,ldr92,proj92budget1,write> 4.7117570225245345E-4
<29,employee7_area2,proj71task2propa,read> 1.8730958600014422E-4
<30,aud7,proj71sched1,read> 8.39387509493146E-4
<31,acc6,proj61task1a,setCost> 9.121994476922113E-4
<32,ldr82,proj81sched1,read> 8.310752517471364E-5
<33,planner5,proj51task1a,setSchedule> 2.4938320941077664E-4
<34,planner9,proj92task1propa,setSchedule> 9.988712090710711E-4
<35,ldr51,proj51sched1,write> 1.5958854857978398E-4
<36,nonemployee10_area1,proj102task1,read> 6.523212198286381E-5
<37,nonemployee2_area2,proj22task2a,read> 3.50457594620487E-4
<38,ldr101,proj101budget1,write> 3.800963804096732E-4
<39,nonemployee5_area2,proj52task2,request> 2.1676079529819967E-4
<40,planner5,proj51task2a,setSchedule> 1.5302046659731018E-4
<41,acc9,proj92sched1,read> 5.885936290682606E-4
<42,aud5,proj51sched1,read> 1.66183649726052E-4
<43,employee2_area1,proj21task1propa,setStatus> 1.2132939424462512E-4
<44,employee5_area1,proj51task1prop,read> 1.6581749007662166E-4
<45,aud9,proj91sched1,read> 7.088541162937807E-4
<46,employee7_area2,proj71task2a,read> 0.0013123809350030866
<47,acc9,proj92task1prop,setCost> 8.327177693132207E-4
<48,employee6_area2,proj61task2propa,setStatus> 3.077244807086296E-4
<49,employee6_area2,proj61task2,request> 0.0011487611336450957
<50,ldr61,proj61sched1,write> 6.149851577936854E-4
<51,nonemployee5_area1,proj52task1,request> 2.210708691069459E-4
<52,nonemployee6_area1,proj62task1a,read> 0.0013138858577520138
<53,employee4_area2,proj41task2propa,setStatus> 7.964938185475746E-4
<54,employee7_area2,proj71task2,request> 2.1108872311413425E-4
<55,acc7,proj71sched1,read> 7.482323048423065E-4
<56,acc3,proj31task1a,setCost> 0.001777666612263442
<57,ldr81,proj81budget1,write> 4.4241381114420704E-4
<58,aud8,proj82sched1,read> 4.8702848006794365E-5
<59,employee7_area1,proj71task1,request> 2.043428784340554E-4
<60,employee6_area1,proj61task1a,read> 0.0010246905001173707
<61,employee10_area2,proj101task2propa,read> 5.490932007127733E-4
<62,employee5_area1,proj51task1a,read> 2.310617142257403E-4
<63,nonemployee6_area2,proj62task2a,read> 0.001028660385114391
<64,acc6,proj61sched1,read> 4.975910171061989E-4
<65,acc4,proj42budget1,read> 0.0025195786783605225
<66,employee1_area1,proj11task1propa,read> 6.910305842077034E-5
<67,nonemployee5_area1,proj52sched1,read> 7.395433557873588E-5
<68,aud3,proj31sched1,read> 6.963550365977196E-4
<69,employee2_area1,proj21task1prop,read> 3.2342619351578687E-4
<70,nonemployee8_area2,proj82task2propa,setStatus> 7.509305751897069E-4
<71,employee6_area2,proj61task2a,read> 1.5169883563657727E-4
<72,planner5,proj51sched1,read> 1.1104437424091033E-4
<73,nonemployee5_area2,proj52sched1,read> 1.0071876178818315E-4
<74,planner2,proj22task2,setSchedule> 0.002230172922798698
<75,planner1,proj12task1,setSchedule> 6.24127209240924E-4
<76,employee10_area2,proj101task2,request> 1.233927422731091E-4
<77,manager9,proj92budget1,read> 9.359249747715907E-4
<78,ldr52,proj51sched1,read> 1.7077858934981378E-4
<79,employee8_area2,proj81task2a,request> 5.213975783977618E-4
<80,nonemployee4_area2,proj42task2a,setStatus> 1.1718728121209167E-4
<81,aud2,proj22sched1,read> 4.1815206685806154E-4
<82,planner10,proj101task2,setSchedule> 1.9584835229218415E-4
<83,nonemployee7_area1,proj72task1a,read> 0.0011427505741694402
<84,planner10,proj101task1,setSchedule> 1.8514138086846564E-4
<85,nonemployee6_area2,proj62sched1,read> 5.833238976217084E-4
<86,acc8,proj81sched1,read> 5.609023783876432E-5
<87,acc5,proj52task2propa,setCost> 0.001221294863610508
<88,planner7,proj72task2,setSchedule> 9.346293805287603E-4
<89,planner7,proj71task2a,setSchedule> 0.0014164430945960925
<90,nonemployee6_area1,proj62sched1,read> 5.792870540395511E-4
<91,employee9_area2,proj91task2a,setStatus> 4.94119567172634E-4
<92,planner3,proj31task2a,setSchedule> 0.001919670751510862
<93,acc5,proj51task1prop,setCost> 4.0881548462527094E-4
<94,nonemployee10_area2,proj102task2propa,setStatus> 8.819248998435765E-5
<95,planner7,proj71task1propa,setSchedule> 3.885738379191171E-4

