<0,ldr72,proj72sched1,read> null
<1,employee8_area1,proj81task1,read> null
<2,acc10,proj102task1a,setCost> null
<3,employee4_area1,proj41task1propa,setStatus> null
<4,acc10,proj101task1a,setCost> null
<5,planner1,proj11task1,setSchedule> null
<6,planner2,proj21sched1,write> null
<7,employee6_area1,proj61task1,read> null
<8,aud2,proj22sched1,read> null
<9,acc1,proj11task1propa,setCost> null
<10,employee2_area1,proj21task1,request> null
<11,planner6,proj61sched1,write> null
<12,acc7,proj71task2propa,setCost> null
<13,acc2,proj21task2a,setCost> null
<14,acc10,proj101budget1,write> null
<15,employee6_area2,proj61task2propa,read> null
<16,acc1,proj11task2,setCost> null
<17,aud4,proj42budget1,read> null
<18,aud7,proj71budget1,read> null
<19,planner9,proj91task2,setSchedule> null
<20,planner2,proj21task1a,setSchedule> null
<21,planner8,proj81task1propa,setSchedule> null
<22,acc6,proj61task1propa,setCost> null
<23,nonemployee3_area1,proj32task1,request> null
<24,planner8,proj81task1a,setSchedule> null
<25,acc2,proj22task2,setCost> null
<26,employee1_area2,proj11task2a,request> null
<27,ldr91,proj91budget1,write> null
<28,planner1,proj12sched1,write> null
<29,acc2,proj21task2,setCost> null
<30,employee2_area1,proj21task1,read> null
<31,aud10,proj102budget1,read> null
<32,acc4,proj42budget1,write> null
<33,acc6,proj62task2,setCost> null
<34,aud8,proj82budget1,read> null
<35,acc6,proj62task2propa,setCost> null
<36,planner5,proj52task2propa,setSchedule> null
<37,acc10,proj102task2a,setCost> null
<38,planner10,proj102sched1,write> null
<39,aud2,proj22budget1,read> null
<40,aud2,proj21budget1,read> null
<41,aud1,proj11budget1,read> null
<42,planner5,proj51task2prop,setSchedule> null
<43,planner7,proj71task1prop,setSchedule> null
<44,ldr42,proj42budget1,read> null
<45,planner6,proj61task1prop,setSchedule> null
<46,planner8,proj81task1,setSchedule> null
<47,planner4,proj41task2propa,setSchedule> null
<48,planner5,proj51task1prop,setSchedule> null
<49,planner7,proj72task1a,setSchedule> null
<50,planner7,proj72task1propa,setSchedule> null
<51,acc5,proj52task1propa,setCost> null
<52,acc1,proj11budget1,write> null
<53,nonemployee6_area2,proj62task2,read> null
<54,acc8,proj82task1propa,setCost> null
<55,planner8,proj82task2prop,setSchedule> null
<56,nonemployee5_area2,proj52task2propa,setStatus> null
<57,acc7,proj71budget1,write> null
<58,planner10,proj102task1prop,setSchedule> null
<59,acc9,proj91budget1,write> null
<60,aud4,proj41budget1,read> null
<61,employee10_area2,proj101task2a,read> null
<62,ldr52,proj52budget1,write> null
<63,ldr72,proj71sched1,read> null
<64,acc9,proj91budget1,read> null
<65,employee6_area2,proj61sched1,read> null
<66,planner8,proj82task1prop,setSchedule> null
<67,ldr51,proj51sched1,read> null
<68,planner10,proj101sched1,write> null
<69,ldr61,proj61budget1,write> null
<70,planner2,proj21task1,setSchedule> null
<71,acc7,proj71budget1,read> null
<72,planner6,proj61task1,setSchedule> null
<73,nonemployee9_area2,proj92task2propa,setStatus> null
<74,planner9,proj91sched1,write> null
<75,acc6,proj61task1,setCost> null
<76,aud10,proj101sched1,read> null
<77,acc7,proj71task1a,setCost> null
<78,acc1,proj11task1a,setCost> null
<79,acc2,proj21budget1,write> null
<80,planner2,proj22task1propa,setSchedule> null
<81,acc2,proj22budget1,read> null
<82,nonemployee8_area1,proj82task1,request> null
<83,ldr101,proj101sched1,write> null
<84,nonemployee2_area2,proj22task2propa,setStatus> null
<85,planner5,proj51sched1,write> null
<86,acc2,proj22task1,setCost> null
<87,acc6,proj62task1,setCost> null
<88,employee8_area1,proj81task1,request> null
<89,nonemployee1_area1,proj12task1a,read> null
<90,ldr12,proj12sched1,read> null
<91,planner9,proj92sched1,write> null
<92,acc10,proj102budget1,read> null
<93,ldr92,proj92budget1,write> null
<94,aud1,proj12budget1,read> null
<95,aud5,proj52budget1,read> null
<96,acc4,proj41task2propa,setCost> null
<97,aud10,proj101budget1,read> null
<98,acc7,proj72budget1,read> null
<99,employee8_area1,proj81task1prop,read> null
<100,planner9,proj91task1,setSchedule> null
<101,ldr72,proj72budget1,read> null
<102,planner2,proj21task2prop,setSchedule> null
<103,nonemployee2_area2,proj22task2a,request> null
<104,acc10,proj102budget1,write> null
<105,employee1_area2,proj11task2a,read> null
<106,planner3,proj31sched1,write> null
<107,employee9_area2,proj91task2a,read> null
<108,employee3_area2,proj31task2a,setStatus> null
<109,acc7,proj72task1prop,setCost> null
<110,employee9_area2,proj91task2a,setStatus> null
<111,nonemployee6_area2,proj62sched1,read> null
<112,employee6_area2,proj61task2prop,request> null
<113,employee2_area2,proj21task2a,read> null
<114,acc2,proj21budget1,read> null
<115,acc6,proj62task1prop,setCost> null
<116,acc4,proj41budget1,read> null
<117,acc9,proj91task2propa,setCost> null
<118,employee9_area1,proj91task1,read> null
<119,planner10,proj101task1prop,setSchedule> null
<120,employee9_area2,proj91task2prop,read> null
<121,acc10,proj101budget1,read> null
<122,ldr101,proj101budget1,write> null
<123,ldr72,proj72budget1,write> null
<124,nonemployee8_area1,proj82task1a,read> null
<125,acc1,proj11task2a,setCost> null
<126,manager1,proj11budget1,read> null
<127,employee8_area2,proj81task2a,setStatus> null
<128,planner1,proj12task2a,setSchedule> null
<129,ldr81,proj82sched1,read> null
<130,aud4,proj42sched1,read> null
<131,acc1,proj11budget1,read> null
<132,acc3,proj31sched1,read> null
<133,nonemployee10_area2,proj102task2a,setStatus> null
<134,employee8_area2,proj81task2propa,setStatus> null
<135,acc6,proj61budget1,write> null
<136,planner4,proj41sched1,read> null
<137,planner1,proj11task2propa,setSchedule> null
<138,acc5,proj51task1a,setCost> null
<139,ldr72,proj72sched1,write> null
<140,planner6,proj61sched1,read> null
<141,planner9,proj92task1prop,setSchedule> null
<142,nonemployee10_area1,proj102task1a,read> null
<143,planner2,proj21task2a,setSchedule> null
<144,nonemployee2_area1,proj22task1a,request> null
<145,acc9,proj92sched1,read> null
<146,acc4,proj41task1prop,setCost> null
<147,acc3,proj32budget1,read> null
<148,acc7,proj71task1prop,setCost> null
<149,acc6,proj62task1a,setCost> null
<150,manager8,proj81budget1,read> null
<151,planner4,proj41sched1,write> null
<152,nonemployee4_area2,proj42task2,read> null
<153,employee7_area1,proj71task1a,setStatus> null
<154,nonemployee7_area1,proj72task1a,request> null
<155,planner6,proj61task2propa,setSchedule> null
<156,acc7,proj72sched1,read> null
<157,planner10,proj101task1a,setSchedule> null
<158,employee10_area2,proj101task2a,setStatus> null
<159,employee5_area2,proj51sched1,read> null
<160,acc6,proj61budget1,read> null
<161,ldr31,proj32sched1,read> null
<162,nonemployee4_area1,proj42task1,request> null
<163,acc10,proj101sched1,read> null
<164,employee8_area2,proj81task2prop,request> null
<165,nonemployee9_area1,proj92task1,read> null
<166,manager8,proj82budget1,read> null
<167,manager4,proj41budget1,read> null
<168,acc8,proj81budget1,write> null
<169,planner5,proj51task2propa,setSchedule> null
<170,planner3,proj31task2,setSchedule> null
<171,employee6_area1,proj61sched1,read> null
<172,ldr21,proj21budget1,read> null
<173,employee2_area2,proj21task2propa,read> null
<174,employee6_area1,proj61task1a,setStatus> null
<175,acc9,proj91task1a,setCost> null
<176,employee9_area1,proj91task1propa,setStatus> null
<177,nonemployee10_area1,proj102task1a,setStatus> null
<178,planner5,proj52sched1,read> null
<179,planner4,proj42task1prop,setSchedule> null
<180,employee7_area1,proj71task1a,request> null
<181,acc3,proj31task1a,setCost> null
<182,nonemployee8_area2,proj82task2a,read> null
<183,acc9,proj91sched1,read> null
<184,employee9_area2,proj91task2prop,request> null
<185,employee8_area1,proj81task1propa,read> null
<186,planner7,proj71sched1,write> null
<187,planner4,proj42task1a,setSchedule> null
<188,ldr82,proj82sched1,read> null
<189,employee2_area2,proj21task2a,setStatus> null
<190,planner1,proj11task1a,setSchedule> null
<191,planner7,proj71sched1,read> null
<192,nonemployee6_area2,proj62task2propa,setStatus> null
<193,acc4,proj42task1propa,setCost> null
<194,acc10,proj101task2propa,setCost> null
<195,ldr21,proj21sched1,write> null
<196,planner9,proj91task1a,setSchedule> null
<197,acc8,proj82task2propa,setCost> null
<198,planner4,proj41task1prop,setSchedule> null
<199,planner2,proj22task2prop,setSchedule> null
<200,employee1_area2,proj11task2,read> null
<201,nonemployee2_area2,proj22task2a,setStatus> null
<202,planner5,proj52sched1,write> null
<203,acc2,proj21task1a,setCost> null
<204,ldr71,proj71sched1,read> null
<205,acc7,proj72task2a,setCost> null
<206,nonemployee3_area2,proj32task2a,read> null
<207,acc2,proj21task1,setCost> null
<208,planner10,proj102task1a,setSchedule> null
<209,employee10_area2,proj101task2propa,read> null
<210,planner2,proj22task1,setSchedule> null
<211,planner5,proj51task1a,setSchedule> null
<212,acc10,proj102task1propa,setCost> null
<213,employee2_area2,proj21task2,read> null
<214,planner1,proj11sched1,write> null
<215,nonemployee9_area1,proj92task1a,setStatus> null
<216,acc5,proj51budget1,write> null
<217,aud9,proj91budget1,read> null
<218,planner6,proj62sched1,write> null
<219,ldr32,proj32budget1,read> null
<220,acc2,proj21sched1,read> null
<221,acc1,proj11task2prop,setCost> null
<222,nonemployee2_area1,proj22task1propa,setStatus> null
<223,nonemployee1_area1,proj12sched1,read> null
<224,manager1,proj11budget1,approve> null
<225,nonemployee8_area1,proj82task1a,setStatus> null
<226,employee4_area1,proj41task1propa,request> null
<227,planner3,proj31sched1,read> null
<228,acc10,proj102task2,setCost> null
<229,acc10,proj102task1,setCost> null
<230,acc3,proj32sched1,read> null
<231,employee9_area1,proj91task1a,request> null
<232,manager2,proj21budget1,approve> null
<233,ldr11,proj12sched1,read> null
<234,employee10_area1,proj101task1a,read> null
<235,nonemployee5_area1,proj52task1a,read> null
<236,nonemployee9_area2,proj92task2a,request> null
<237,ldr82,proj82budget1,read> null
<238,acc9,proj91task2,setCost> null
<239,manager6,proj61budget1,read> null
<240,acc4,proj41budget1,write> null
<241,acc9,proj91task1,setCost> null
<242,nonemployee1_area2,proj12sched1,read> null
<243,ldr62,proj62budget1,write> null
<244,planner3,proj32task2propa,setSchedule> null
<245,acc6,proj61task1prop,setCost> null
<246,acc3,proj31task2prop,setCost> null
<247,employee7_area2,proj71task2a,request> null
<248,nonemployee3_area2,proj32task2propa,setStatus> null
<249,planner8,proj81task2,setSchedule> null
<250,nonemployee3_area1,proj32task1a,read> null
<251,acc8,proj82task2prop,setCost> null
<252,employee5_area1,proj51task1propa,setStatus> null
<253,manager5,proj52budget1,approve> null
<254,planner10,proj101sched1,read> null
<255,employee3_area1,proj31task1a,read> null
<256,employee3_area2,proj31task2,read> null
<257,nonemployee6_area1,proj62task1a,setStatus> null
<258,acc3,proj31task1prop,setCost> null
<259,acc8,proj82task1a,setCost> null
<260,manager5,proj52budget1,read> null
<261,acc2,proj22budget1,write> null
<262,planner10,proj101task2propa,setSchedule> null
<263,acc9,proj92budget1,write> null
<264,acc3,proj31task2a,setCost> null
<265,nonemployee9_area1,proj92task1a,request> null
<266,nonemployee9_area2,proj92task2,request> null
<267,ldr51,proj51budget1,write> null
<268,employee9_area2,proj91task2propa,read> null
<269,employee3_area2,proj31task2prop,read> null
<270,acc1,proj12task1propa,setCost> null
<271,employee7_area1,proj71task1prop,read> null
<272,planner5,proj52task2,setSchedule> null
<273,planner5,proj52task1,setSchedule> null
<274,acc8,proj81task2propa,setCost> null
<275,employee4_area2,proj41task2prop,request> null
<276,ldr11,proj11sched1,read> null
<277,employee5_area1,proj51task1,request> null
<278,aud3,proj32budget1,read> null
<279,planner1,proj12task2,setSchedule> null
<280,acc2,proj22task1prop,setCost> null
<281,planner3,proj32sched1,write> null
<282,manager9,proj92budget1,read> null
<283,planner7,proj72task2a,setSchedule> null
<284,employee4_area1,proj41task1,read> null
<285,acc8,proj82sched1,read> null
<286,nonemployee2_area1,proj22task1,request> null
<287,acc8,proj82task2a,setCost> null
<288,ldr42,proj42budget1,write> null
<289,employee3_area2,proj31task2a,request> null
<290,planner7,proj72sched1,read> null
<291,ldr81,proj81sched1,write> null
<292,employee2_area1,proj21sched1,read> null
<293,employee3_area1,proj31task1,read> null
<294,planner1,proj11sched1,read> null
<295,ldr102,proj101sched1,read> null
<296,aud6,proj62sched1,read> null
<297,employee4_area1,proj41task1a,read> null
<298,planner9,proj92task2a,setSchedule> null
<299,planner6,proj62task1a,setSchedule> null
<300,manager7,proj71budget1,read> null
<301,planner2,proj21task1prop,setSchedule> null
<302,planner10,proj102task1,setSchedule> null
<303,manager7,proj72budget1,read> null
<304,nonemployee8_area1,proj82task1,read> null
<305,planner10,proj102task2,setSchedule> null
<306,employee5_area1,proj51sched1,read> null
<307,manager10,proj102budget1,read> null
<308,nonemployee6_area1,proj62task1,read> null
<309,planner9,proj91task1propa,setSchedule> null
<310,employee1_area1,proj11task1prop,request> null
<311,employee5_area2,proj51task2a,request> null
<312,employee4_area2,proj41task2,read> null
<313,planner4,proj42task2prop,setSchedule> null
<314,employee3_area2,proj31task2a,read> null
<315,manager3,proj31budget1,approve> null
<316,planner6,proj61task2a,setSchedule> null
<317,acc4,proj42task2propa,setCost> null
<318,manager4,proj42budget1,read> null
<319,acc5,proj52task2propa,setCost> null
<320,acc4,proj42task1a,setCost> null
<321,employee7_area2,proj71task2a,setStatus> null
<322,employee7_area1,proj71task1propa,read> null
<323,manager10,proj101budget1,read> null
<324,nonemployee1_area2,proj12task2a,read> null
<325,manager1,proj12budget1,read> null
<326,planner5,proj51task2,setSchedule> null
<327,acc5,proj51task2a,setCost> null
<328,ldr11,proj11budget1,read> null
<329,acc8,proj81task2a,setCost> null
<330,employee4_area1,proj41task1a,request> null
<331,acc8,proj81task1propa,setCost> null
<332,acc2,proj21task1prop,setCost> null
<333,acc7,proj72task2,setCost> null
<334,acc1,proj12task2prop,setCost> null
<335,employee4_area1,proj41task1,request> null
<336,acc8,proj82task2,setCost> null
<337,acc8,proj82task1,setCost> null
<338,acc6,proj62budget1,read> null
<339,ldr22,proj21sched1,read> null
<340,employee2_area2,proj21sched1,read> null
<341,ldr32,proj31sched1,read> null
<342,acc7,proj72task1,setCost> null
<343,planner2,proj21task1propa,setSchedule> null
<344,aud7,proj72budget1,read> null
<345,acc1,proj12task1a,setCost> null
<346,employee5_area2,proj51task2prop,read> null
<347,employee1_area2,proj11task2,request> null
<348,acc8,proj82task1prop,setCost> null
<349,employee9_area1,proj91task1propa,request> null
<350,planner6,proj61task2prop,setSchedule> null
<351,aud9,proj92budget1,read> null
<352,employee7_area2,proj71task2prop,request> null
<353,aud8,proj81budget1,read> null
<354,planner2,proj22task1prop,setSchedule> null
<355,acc4,proj41task2,setCost> null
<356,acc1,proj12task2propa,setCost> null
<357,acc4,proj41task1,setCost> null
<358,planner6,proj62task1prop,setSchedule> null
<359,ldr21,proj21sched1,read> null
<360,employee4_area2,proj41task2,request> null
<361,employee6_area1,proj61task1prop,request> null
<362,planner9,proj91task2a,setSchedule> null
<363,acc1,proj12sched1,read> null
<364,planner2,proj22sched1,write> null
<365,acc7,proj72budget1,write> null
<366,planner3,proj32task2prop,setSchedule> null
<367,acc1,proj12task2a,setCost> null
<368,ldr22,proj22sched1,write> null
<369,acc5,proj51task1propa,setCost> null
<370,acc9,proj91task1prop,setCost> null
<371,ldr12,proj12sched1,write> null
<372,planner3,proj32task1propa,setSchedule> null
<373,acc2,proj21task2prop,setCost> null
<374,acc1,proj11task2propa,setCost> null
<375,acc4,proj41sched1,read> null
<376,manager9,proj91budget1,read> null
<377,nonemployee10_area1,proj102task1a,request> null
<378,employee2_area1,proj21task1a,request> null
<379,planner6,proj61task1propa,setSchedule> null
<380,planner9,proj91task2prop,setSchedule> null
<381,acc5,proj51task2propa,setCost> null
<382,ldr91,proj91sched1,read> null
<383,acc8,proj82budget1,read> null
<384,employee2_area2,proj21task2prop,request> null
<385,employee4_area2,proj41task2a,request> null
<386,employee3_area1,proj31task1prop,read> null
<387,planner1,proj11task1prop,setSchedule> null
<388,planner8,proj81task2a,setSchedule> null
<389,nonemployee9_area1,proj92task1,request> null
<390,employee5_area2,proj51task2,request> null
<391,acc9,proj91task2prop,setCost> null
<392,planner4,proj41task1a,setSchedule> null
<393,acc6,proj61task1a,setCost> null
<394,planner4,proj42task1propa,setSchedule> null
<395,nonemployee8_area2,proj82sched1,read> null
<396,nonemployee4_area2,proj42task2,request> null
<397,nonemployee2_area2,proj22task2,read> null
<398,employee6_area1,proj61task1a,read> null
<399,employee4_area2,proj41task2propa,read> null
<400,acc10,proj101task1propa,setCost> null
<401,employee6_area2,proj61task2propa,request> null
<402,acc9,proj92task2,setCost> null
<403,aud6,proj61sched1,read> null
<404,ldr31,proj31budget1,write> null
<405,employee1_area1,proj11task1,read> null
<406,nonemployee8_area2,proj82task2a,setStatus> null
<407,nonemployee8_area1,proj82sched1,read> null
<408,planner7,proj72task1prop,setSchedule> null
<409,acc1,proj12budget1,read> null
<410,acc4,proj41task1propa,setCost> null
<411,acc8,proj81task2prop,setCost> null
<412,acc1,proj12task2,setCost> null
<413,acc5,proj51task2prop,setCost> null
<414,planner1,proj12task2propa,setSchedule> null
<415,acc1,proj12task1,setCost> null
<416,nonemployee10_area1,proj102task1propa,setStatus> null
<417,aud2,proj21sched1,read> null
<418,employee3_area1,proj31task1propa,setStatus> null
<419,nonemployee2_area2,proj22task2,request> null
<420,planner7,proj71task2prop,setSchedule> null
<421,ldr92,proj92sched1,read> null
<422,nonemployee9_area2,proj92task2a,setStatus> null
<423,planner8,proj81task1prop,setSchedule> null
<424,nonemployee5_area2,proj52task2a,setStatus> null
<425,employee3_area1,proj31task1a,setStatus> null
<426,planner3,proj32task1a,setSchedule> null
<427,employee8_area1,proj81task1propa,request> null
<428,acc5,proj52budget1,write> null
<429,acc5,proj52task1a,setCost> null
<430,aud10,proj102sched1,read> null
<431,employee10_area1,proj101task1propa,setStatus> null
<432,employee10_area2,proj101task2a,request> null
<433,acc3,proj31budget1,read> null
<434,planner6,proj62task1propa,setSchedule> null
<435,aud5,proj51budget1,read> null
<436,aud9,proj92sched1,read> null
<437,acc4,proj42task1prop,setCost> null
<438,nonemployee5_area2,proj52task2a,read> null
<439,planner9,proj91task1prop,setSchedule> null
<440,nonemployee7_area1,proj72task1a,setStatus> null
<441,planner9,proj92task2,setSchedule> null
<442,acc3,proj32task2propa,setCost> null
<443,ldr41,proj41sched1,read> null
<444,planner7,proj71task1a,setSchedule> null
<445,planner7,proj72sched1,write> null
<446,aud6,proj62budget1,read> null
<447,acc10,proj102sched1,read> null
<448,planner1,proj11task2prop,setSchedule> null
<449,manager5,proj51budget1,read> null
<450,acc10,proj101task2a,setCost> null
<451,planner8,proj82task1propa,setSchedule> null
<452,ldr31,proj31sched1,read> null
<453,planner1,proj11task2a,setSchedule> null
<454,employee7_area2,proj71sched1,read> null
<455,aud1,proj11sched1,read> null
<456,acc3,proj32task1a,setCost> null
<457,employee8_area2,proj81task2propa,read> null
<458,acc5,proj52task2a,setCost> null
<459,acc3,proj32task1propa,setCost> null
<460,manager2,proj22budget1,read> null
<461,nonemployee7_area1,proj72task1propa,setStatus> null
<462,ldr92,proj91sched1,read> null
<463,manager6,proj62budget1,read> null
<464,planner3,proj31task2a,setSchedule> null
<465,acc3,proj32task1,setCost> null
<466,nonemployee5_area1,proj52task1a,setStatus> null
<467,ldr81,proj81budget1,read> null
<468,manager4,proj42budget1,approve> null
<469,planner5,proj52task2prop,setSchedule> null
<470,employee6_area2,proj61task2,request> null
<471,acc8,proj81task1a,setCost> null
<472,acc4,proj42task1,setCost> null
<473,acc4,proj42task2,setCost> null
<474,planner8,proj82task1,setSchedule> null
<475,employee10_area1,proj101task1a,setStatus> null
<476,ldr31,proj31sched1,write> null
<477,manager5,proj51budget1,approve> null
<478,ldr71,proj71budget1,write> null
<479,employee10_area1,proj101task1a,request> null
<480,aud1,proj12sched1,read> null
<481,planner3,proj32task2a,setSchedule> null
<482,employee8_area1,proj81task1a,read> null
<483,nonemployee7_area2,proj72task2a,request> null
<484,ldr12,proj11sched1,read> null
<485,employee1_area1,proj11task1propa,setStatus> null
<486,aud4,proj41sched1,read> null
<487,nonemployee10_area2,proj102task2a,request> null
<488,planner10,proj101task2a,setSchedule> null
<489,planner8,proj82task2a,setSchedule> null
<490,employee1_area1,proj11task1,request> null
<491,planner5,proj51task1propa,setSchedule> null
<492,employee8_area2,proj81task2a,read> null
<493,employee9_area1,proj91task1,request> null
<494,aud3,proj32sched1,read> null
<495,planner1,proj12task1prop,setSchedule> null
<496,employee8_area2,proj81task2,request> null
<497,planner6,proj62task1,setSchedule> null
<498,manager7,proj72budget1,approve> null
<499,acc1,proj12budget1,write> null
<500,employee7_area1,proj71sched1,read> null
<501,nonemployee4_area2,proj42task2propa,setStatus> null
<502,employee6_area2,proj61task2a,request> null
<503,acc9,proj92task1a,setCost> null
<504,employee3_area1,proj31sched1,read> null
<505,employee4_area2,proj41sched1,read> null
<506,ldr102,proj102budget1,read> null
<507,acc4,proj42task2a,setCost> null
<508,planner1,proj12task2prop,setSchedule> null
<509,acc6,proj62task2prop,setCost> null
<510,nonemployee1_area1,proj12task1a,request> null
<511,employee2_area1,proj21task1a,read> null
<512,planner7,proj72task2prop,setSchedule> null
<513,manager10,proj102budget1,approve> null
<514,planner4,proj41task2,setSchedule> null
<515,planner9,proj92sched1,read> null
<516,planner4,proj41task1,setSchedule> null
<517,employee4_area2,proj41task2a,setStatus> null
<518,planner1,proj12sched1,read> null
<519,nonemployee8_area2,proj82task2,request> null
<520,planner4,proj42task2a,setSchedule> null
<521,acc9,proj92task2a,setCost> null
<522,acc8,proj82budget1,write> null
<523,ldr61,proj61budget1,read> null
<524,employee4_area1,proj41sched1,read> null
<525,planner10,proj102task2prop,setSchedule> null
<526,planner2,proj22task2propa,setSchedule> null
<527,acc1,proj12task1prop,setCost> null
<528,ldr92,proj92sched1,write> null
<529,ldr62,proj62sched1,write> null
<530,employee7_area1,proj71task1propa,setStatus> null
<531,nonemployee5_area1,proj52task1,read> null
<532,manager9,proj92budget1,approve> null
<533,planner4,proj42sched1,read> null
<534,nonemployee3_area2,proj32sched1,read> null
<535,acc2,proj22task1propa,setCost> null
<536,ldr101,proj101sched1,read> null
<537,nonemployee2_area1,proj22sched1,read> null
<538,employee8_area1,proj81task1a,setStatus> null
<539,employee7_area2,proj71task2prop,read> null
<540,employee3_area2,proj31sched1,read> null
<541,manager8,proj82budget1,approve> null
<542,employee1_area1,proj11task1a,setStatus> null
<543,employee1_area1,proj11task1a,read> null
<544,acc5,proj51budget1,read> null
<545,nonemployee5_area2,proj52task2,read> null
<546,ldr101,proj101budget1,read> null
<547,nonemployee3_area1,proj32sched1,read> null
<548,acc7,proj72task2propa,setCost> null
<549,manager3,proj32budget1,approve> null
<550,ldr42,proj42sched1,write> null
<551,employee4_area1,proj41task1a,setStatus> null
<552,employee10_area2,proj101task2,read> null
<553,planner3,proj31task2propa,setSchedule> null
<554,employee7_area1,proj71task1propa,request> null
<555,ldr102,proj102sched1,read> null
<556,ldr91,proj91sched1,write> null
<557,employee1_area1,proj11task1prop,read> null
<558,acc7,proj71task1propa,setCost> null
<559,employee10_area1,proj101task1,read> null
<560,acc6,proj61task2prop,setCost> null
<561,employee9_area1,proj91task1prop,request> null
<562,acc1,proj11sched1,read> null
<563,planner6,proj62task2a,setSchedule> null
<564,planner4,proj42sched1,write> null
<565,employee8_area2,proj81task2,read> null
<566,employee2_area1,proj21task1propa,read> null
<567,ldr71,proj72sched1,read> null
<568,planner4,proj41task2prop,setSchedule> null
<569,ldr41,proj41sched1,write> null
<570,acc10,proj102task2prop,setCost> null
<571,acc5,proj52task1,setCost> null
<572,manager2,proj21budget1,read> null
<573,planner10,proj102task2a,setSchedule> null
<574,acc5,proj52task2,setCost> null
<575,planner8,proj81sched1,read> null
<0,employee1_area1,proj11task1propa,request> null
<1,nonemployee6_area1,proj62task1a,request> null
<2,acc3,proj31task2,setCost> null
<3,acc10,proj101task1prop,setCost> null
<4,nonemployee3_area1,proj32task1propa,setStatus> null
<5,acc3,proj31task1,setCost> null
<6,planner1,proj12task1propa,setSchedule> null
<7,ldr41,proj41budget1,write> null
<8,ldr101,proj102sched1,read> null
<9,planner4,proj42task2propa,setSchedule> null
<10,acc10,proj101task2,setCost> null
<11,planner3,proj31task1,setSchedule> null
<12,employee2_area2,proj21task2,request> null
<13,acc10,proj101task1,setCost> null
<14,acc2,proj22task2prop,setCost> null
<15,employee5_area1,proj51task1,read> null
<16,acc9,proj92budget1,read> null
<17,ldr21,proj21budget1,write> null
<18,planner6,proj62task2prop,setSchedule> null
<19,acc2,proj21task1propa,setCost> null
<20,aud3,proj31budget1,read> null
<21,nonemployee1_area2,proj12task2a,request> null
<22,employee9_area2,proj91task2,request> null
<23,employee4_area2,proj41task2a,read> null
<24,acc3,proj31task1propa,setCost> null
<25,employee7_area2,proj71task2propa,setStatus> null
<26,acc2,proj21task2propa,setCost> null
<27,planner3,proj31task1propa,setSchedule> null
<28,employee6_area1,proj61task1propa,read> null
<29,employee10_area1,proj101task1prop,read> null
<30,acc6,proj62task1propa,setCost> null
<31,employee5_area2,proj51task2propa,request> null
<32,acc5,proj52sched1,read> null
<33,nonemployee6_area2,proj62task2a,request> null
<34,acc6,proj61task2,setCost> null
<35,employee9_area2,proj91task2propa,setStatus> null
<36,planner9,proj92task2prop,setSchedule> null
<37,acc10,proj101task2prop,setCost> null
<38,employee10_area2,proj101task2prop,read> null
<39,nonemployee8_area2,proj82task2,read> null
<40,employee10_area1,proj101task1propa,read> null
<41,acc7,proj71task2prop,setCost> null
<42,employee7_area2,proj71task2,read> null
<43,employee1_area1,proj11task1a,request> null
<44,planner7,proj72task2propa,setSchedule> null
<45,ldr62,proj62budget1,read> null
<46,nonemployee4_area1,proj42task1propa,setStatus> null
<47,employee10_area1,proj101task1prop,request> null
<48,employee5_area2,proj51task2,read> null
<49,planner4,proj41task2a,setSchedule> null
<50,employee7_area1,proj71task1,read> null
<51,ldr51,proj51budget1,read> null
<52,planner5,proj52task2a,setSchedule> null
<53,aud8,proj81sched1,read> null
<54,acc2,proj22task2propa,setCost> null
<55,planner6,proj61task1a,setSchedule> null
<56,manager7,proj71budget1,approve> null
<57,acc4,proj41task2prop,setCost> null
<58,employee4_area1,proj41task1prop,read> null
<59,planner10,proj102sched1,read> null
<60,employee9_area1,proj91sched1,read> null
<61,ldr22,proj22budget1,read> null
<62,employee5_area1,proj51task1a,setStatus> null
<63,employee9_area1,proj91task1a,read> null
<64,planner5,proj52task1a,setSchedule> null
<65,ldr102,proj102sched1,write> null
<66,nonemployee6_area2,proj62task2a,setStatus> null
<67,aud7,proj72sched1,read> null
<68,ldr11,proj11sched1,write> null
<69,planner6,proj62sched1,read> null
<70,ldr22,proj22budget1,write> null
<71,planner2,proj22task2,setSchedule> null
<72,ldr52,proj52budget1,read> null
<73,employee7_area1,proj71task1prop,request> null
<74,planner3,proj32task1,setSchedule> null
<75,planner3,proj32task2,setSchedule> null
<76,acc9,proj92task1prop,setCost> null
<77,manager6,proj61budget1,approve> null
<78,planner9,proj92task2propa,setSchedule> null
<79,acc4,proj42task2prop,setCost> null
<80,planner5,proj52task1prop,setSchedule> null
<81,ldr12,proj12budget1,write> null
<82,planner10,proj101task2prop,setSchedule> null
<83,acc8,proj81task2,setCost> null
<84,ldr61,proj62sched1,read> null
<85,acc8,proj81task1,setCost> null
<86,ldr61,proj61sched1,read> null
<87,aud6,proj61budget1,read> null
<88,employee8_area1,proj81task1propa,setStatus> null
<89,employee5_area2,proj51task2propa,read> null
<90,manager4,proj41budget1,approve> null
<91,acc6,proj62task2a,setCost> null
<92,employee1_area2,proj11task2propa,setStatus> null
<93,planner7,proj72task2,setSchedule> null
<94,nonemployee2_area1,proj22task1,read> null
<95,employee10_area2,proj101task2propa,setStatus> null
<0,employee9_area2,proj91sched1,read> null
<1,nonemployee9_area1,proj92task1a,read> null
<2,ldr42,proj41sched1,read> null
<3,ldr52,proj52sched1,read> null
<4,nonemployee1_area2,proj12task2a,setStatus> null
<5,nonemployee5_area1,proj52task1propa,setStatus> null
<6,planner3,proj31task1a,setSchedule> null
<7,acc9,proj92task2propa,setCost> null
<8,manager8,proj81budget1,approve> null
<9,planner5,proj52task1propa,setSchedule> null
<10,employee1_area2,proj11task2a,setStatus> null
<11,employee2_area1,proj21task1a,setStatus> null
<12,acc2,proj22sched1,read> null
<13,employee6_area2,proj61task2prop,read> null
<14,acc4,proj42sched1,read> null
<15,acc7,proj72task1a,setCost> null
<16,employee3_area1,proj31task1propa,request> null
<17,employee3_area2,proj31task2propa,request> null
<18,ldr32,proj32budget1,write> null
<19,ldr51,proj52sched1,read> null
<20,planner2,proj22sched1,read> null
<21,manager3,proj32budget1,read> null
<22,nonemployee10_area2,proj102task2a,read> null
<23,employee6_area1,proj61task1propa,request> null
<24,acc8,proj81task1prop,setCost> null
<25,nonemployee1_area1,proj12task1a,setStatus> null
<26,nonemployee9_area2,proj92task2a,read> null
<27,acc3,proj32task2prop,setCost> null
<28,acc1,proj11task1,setCost> null
<29,employee3_area1,proj31task1a,request> null
<30,nonemployee4_area1,proj42sched1,read> null
<31,employee1_area2,proj11task2propa,request> null
<32,ldr41,proj42sched1,read> null
<33,nonemployee8_area1,proj82task1a,request> null
<34,nonemployee2_area1,proj22task1a,read> null
<35,nonemployee3_area1,proj32task1a,setStatus> null
<36,employee5_area1,proj51task1prop,request> null
<37,employee6_area1,proj61task1prop,read> null
<38,acc7,proj71task2,setCost> null
<39,acc7,proj71task2a,setCost> null
<40,acc7,proj71task1,setCost> null
<41,planner2,proj22task2a,setSchedule> null
<42,nonemployee4_area2,proj42sched1,read> null
<43,acc5,proj51task2,setCost> null
<44,acc5,proj51task1,setCost> null
<45,acc8,proj81budget1,read> null
<46,ldr42,proj42sched1,read> null
<47,employee2_area1,proj21task1propa,request> null
<48,planner2,proj22task1a,setSchedule> null
<49,employee6_area1,proj61task1a,request> null
<50,nonemployee3_area2,proj32task2a,setStatus> null
<51,nonemployee8_area2,proj82task2a,request> null
<52,acc9,proj92task1,setCost> null
<53,nonemployee7_area2,proj72task2a,read> null
<54,employee4_area2,proj41task2prop,read> null
<55,aud5,proj52sched1,read> null
<56,planner9,proj91task2propa,setSchedule> null
<57,planner1,proj12task1a,setSchedule> null
<58,employee3_area2,proj31task2propa,read> null
<59,planner3,proj32task1prop,setSchedule> null
<60,planner3,proj32sched1,read> null
<61,ldr52,proj52sched1,write> null
<62,ldr22,proj22sched1,read> null
<63,acc4,proj41task1a,setCost> null
<64,nonemployee3_area2,proj32task2,request> null
<65,acc6,proj62budget1,write> null
<66,ldr31,proj31budget1,read> null
<67,acc7,proj72task1propa,setCost> null
<68,employee2_area2,proj21task2prop,read> null
<69,acc4,proj41task2a,setCost> null
<70,planner8,proj81task2propa,setSchedule> null
<71,acc3,proj32budget1,write> null
<72,acc9,proj92task2prop,setCost> null
<73,planner2,proj21task2,setSchedule> null
<74,planner2,proj21sched1,read> null
<75,employee5_area2,proj51task2a,setStatus> null
<76,employee3_area2,proj31task2prop,request> null
<77,acc9,proj91task2a,setCost> null
<78,employee8_area1,proj81task1prop,request> null
<79,ldr102,proj102budget1,write> null
<80,acc3,proj31task2propa,setCost> null
<81,acc5,proj52task1prop,setCost> null
<82,employee6_area1,proj61task1,request> null
<83,nonemployee6_area1,proj62task1propa,setStatus> null
<84,planner5,proj51task1,setSchedule> null
<85,planner7,proj71task2propa,setSchedule> null
<86,ldr12,proj12budget1,read> null
<87,acc2,proj22task1a,setCost> null
<88,employee5_area2,proj51task2propa,setStatus> null
<89,acc3,proj32task2,setCost> null
<90,employee9_area2,proj91task2a,request> null
<91,nonemployee10_area2,proj102sched1,read> null
<92,employee9_area2,proj91task2,read> null
<93,acc2,proj22task2a,setCost> null
<94,planner7,proj71task2,setSchedule> null
<95,planner7,proj71task1,setSchedule> null
<0,acc10,proj102task1prop,setCost> 0.0010711628044501925
<1,nonemployee1_area2,proj12task2,read> 3.5679593845687864E-4
<2,employee4_area1,proj41task1propa,read> 4.702888489931907E-4
<3,acc3,proj32task1prop,setCost> 6.20766626969246E-4
<4,nonemployee3_area1,proj32task1a,request> 3.0727234528187203E-4
<5,planner2,proj21task2propa,setSchedule> 0.0021980520085275426
<6,nonemployee1_area1,proj12task1,read> 3.694726261296619E-4
<7,acc9,proj91task1propa,setCost> 0.0017246788266774484
<8,planner1,proj11task1propa,setSchedule> 2.0655532371590264E-4
<9,planner4,proj42task1,setSchedule> 6.562481235120795E-4
<10,planner4,proj42task2,setSchedule> 6.669550949357979E-4
<11,nonemployee1_area1,proj12task1propa,setStatus> 4.692668889774334E-4
<12,ldr21,proj22sched1,read> 2.323067038100342E-4
<13,employee5_area1,proj51task1propa,request> 4.8299306569465065E-4
<14,planner8,proj81sched1,write> 0.0012060009955436018
<15,nonemployee2_area2,proj22sched1,read> 5.51475914262081E-4
<16,manager1,proj12budget1,approve> 1.6814116333539638E-4
<17,nonemployee7_area2,proj72task2,request> 3.7623352622181283E-4
<18,employee10_area2,proj101task2prop,request> 1.1519166412343531E-4
<19,planner8,proj82task1a,setSchedule> 0.0015449267516807145
<20,employee9_area1,proj91task1prop,read> 4.559607850441757E-4
<21,acc5,proj52task2prop,setCost> 3.9998418702760536E-4
<22,planner3,proj31task2prop,setSchedule> 0.001448564008867248
<23,planner8,proj82task2propa,setSchedule> 0.001941084694358299
<24,nonemployee7_area1,proj72task1,request> 3.719234524130666E-4
<25,planner10,proj102task2propa,setSchedule> 2.2796926656333964E-4
<26,planner8,proj82task2,setSchedule> 0.001962498637205736
<27,planner6,proj61task2,setSchedule> 0.0018233080086973957
<28,employee1_area1,proj11sched1,read> 1.3409699284516302E-4
<29,nonemployee7_area2,proj72task2a,setStatus> 8.254886097753086E-4
<30,nonemployee4_area1,proj42task1a,request> 7.468998737739951E-4
<31,employee1_area2,proj11task2prop,read> 4.6670683300593696E-4
<32,employee5_area1,proj51task1a,request> 1.571219656735034E-4
<33,nonemployee7_area1,proj72task1,read> 5.469462535486274E-4
<34,manager3,proj31budget1,read> 2.5034703649040856E-4
<35,employee1_area2,proj11sched1,read> 1.3807023707761227E-4
<36,employee3_area2,proj31task2,request> 0.0010813026868443068
<37,planner10,proj102task1propa,setSchedule> 6.348341806646425E-4
<38,nonemployee7_area2,proj72task2,read> 5.532845973850189E-4
<39,employee5_area2,proj51task2prop,request> 2.832598542453814E-4
<40,acc7,proj72task2prop,setCost> 0.0017688353146657766
<41,ldr91,proj91budget1,read> 8.405529519481738E-4
<42,ldr11,proj11budget1,write> 4.615884052163713E-4
<43,employee3_area1,proj31task1,request> 0.001074556842164228
<44,ldr41,proj41budget1,read> 7.777789832595406E-4
<45,nonemployee4_area1,proj42task1,read> 3.8848765763883675E-4
<46,nonemployee7_area2,proj72sched1,read> 1.9133986107219462E-4
<47,nonemployee4_area2,proj42task2a,request> 1.2193917150578086E-4
<48,nonemployee9_area1,proj92sched1,read> 6.632445283647228E-4
<49,employee6_area2,proj61task2,read> 0.0016893546083016115
<50,planner4,proj41task1propa,setSchedule> 0.0014057361231723739
<51,planner3,proj31task1prop,setSchedule> 2.1726229513962115E-4
<52,manager10,proj101budget1,approve> 1.510017148783669E-4
<53,ldr62,proj61sched1,read> 6.374544381306439E-4
<54,employee9_area2,proj91task2propa,request> 4.659426695953229E-4
<55,ldr71,proj71budget1,read> 9.603941648992004E-4
<56,employee2_area1,proj21task1prop,request> 2.1992981159073508E-4
<57,nonemployee7_area1,proj72sched1,read> 1.9491630707354403E-4
<58,nonemployee9_area2,proj92sched1,read> 6.689869052336814E-4
<59,acc6,proj61task2propa,setCost> 6.560918173599084E-4
<60,employee1_area2,proj11task2prop,request> 3.1736064644403717E-4
<61,employee5_area1,proj51task1a,read> 2.310617142257403E-4
<62,nonemployee1_area2,proj12task2propa,setStatus> 1.710347506350263E-4
<63,planner6,proj62task2,setSchedule> 0.0011594757804268487
<64,employee3_area1,proj31task1prop,request> 4.9425850597456384E-5
<65,nonemployee4_area2,proj42task2a,read> 1.7932231103791302E-4
<66,employee5_area1,proj51task1propa,read> 7.102839201391921E-4
<67,nonemployee1_area2,proj12task2,request> 2.426212381506775E-4
<68,employee3_area2,proj31task2propa,setStatus> 6.846567666691718E-4
<69,employee8_area1,proj81sched1,read> 3.729560317027785E-5
<70,acc10,proj102task2propa,setCost> 1.880330446836305E-4
<71,planner9,proj92task1a,setSchedule> 6.45541152088361E-4
<72,employee9_area1,proj91task1a,setStatus> 5.231143584003681E-4
<73,employee2_area2,proj21task2a,request> 5.483809571180773E-4
<74,acc6,proj61task2a,setCost> 1.3504525909763677E-4
<75,nonemployee8_area1,proj82task1propa,setStatus> 6.556619754414378E-4
<76,nonemployee10_area1,proj102sched1,read> 5.396465610680323E-4
<77,planner6,proj62task2propa,setSchedule> 0.00200532652290061
<78,employee10_area1,proj101task1propa,request> 4.3427764826799967E-4
<79,nonemployee1_area1,proj12task1,request> 2.512413857681701E-4
<80,nonemployee3_area1,proj32task1,read> 2.553824370746126E-4
<81,aud3,proj31sched1,read> 6.963550365977196E-4
<82,nonemployee10_area1,proj102task1,request> 4.435784294834739E-5
<83,acc6,proj62sched1,read> 3.734080313495365E-4
<84,nonemployee4_area1,proj42task1a,read> 0.0010983821673146987
<85,employee10_area1,proj101task1,request> 1.1664689759303026E-4
<86,acc1,proj11task1prop,setCost> 4.3530937741826785E-4
<87,planner9,proj92task1,setSchedule> 9.025084662576048E-4
<88,manager9,proj91budget1,approve> 2.8049976988703463E-4
<89,employee10_area2,proj101sched1,read> 5.537956571536218E-4
<90,employee6_area2,proj61task2a,setStatus> 6.333981178915707E-5
<91,nonemployee7_area2,proj72task2propa,setStatus> 2.3730855915556122E-4
<92,employee2_area2,proj21task2propa,setStatus> 8.503412879705091E-4
<93,nonemployee3_area2,proj32task2,read> 2.4904409323822093E-4
<94,nonemployee10_area2,proj102task2,request> 4.86679167570937E-5
<95,employee3_area1,proj31task1propa,read> 3.592463533883244E-4

