<0,planner3,proj32task1a,setSchedule> null
<1,acc4,proj42budget1,write> null
<2,acc2,proj21sched1,read> null
<3,planner7,proj72task2a,setSchedule> null
<4,planner3,proj31task1propa,setSchedule> null
<5,planner10,proj102sched1,write> null
<6,ldr52,proj52sched1,write> null
<7,acc8,proj82budget1,read> null
<8,ldr101,proj101sched1,read> null
<9,acc2,proj22task1prop,setCost> null
<10,planner6,proj61sched1,write> null
<11,acc2,proj21task1,setCost> null
<12,planner10,proj102task1a,setSchedule> null
<13,aud5,proj52budget1,read> null
<14,planner6,proj62task2propa,setSchedule> null
<15,acc3,proj31task1a,setCost> null
<16,planner2,proj21sched1,write> null
<17,planner5,proj52task1a,setSchedule> null
<18,employee10_area1,proj101task1propa,setStatus> null
<19,employee1_area2,proj11task2,request> null
<20,acc7,proj71task1prop,setCost> null
<21,ldr92,proj92budget1,read> null
<22,nonemployee8_area2,proj82task2propa,setStatus> null
<23,planner9,proj91task2a,setSchedule> null
<24,planner1,proj12sched1,write> null
<25,employee9_area2,proj91task2propa,request> null
<26,planner4,proj41sched1,write> null
<27,aud9,proj91budget1,read> null
<28,acc2,proj22budget1,read> null
<29,planner2,proj22task2a,setSchedule> null
<30,aud5,proj51budget1,read> null
<31,planner10,proj101sched1,write> null
<32,acc6,proj62task1a,setCost> null
<33,employee9_area1,proj91task1propa,read> null
<34,aud8,proj81budget1,read> null
<35,acc8,proj82budget1,write> null
<36,nonemployee4_area1,proj42sched1,read> null
<37,planner2,proj21task2prop,setSchedule> null
<38,ldr52,proj52budget1,write> null
<39,planner7,proj72sched1,write> null
<40,employee3_area2,proj31task2prop,request> null
<41,nonemployee2_area1,proj22task1,read> null
<42,nonemployee9_area2,proj92task2propa,setStatus> null
<43,aud7,proj72budget1,read> null
<44,acc1,proj11budget1,read> null
<45,employee3_area1,proj31task1,request> null
<46,acc4,proj41budget1,read> null
<47,nonemployee10_area2,proj102task2propa,setStatus> null
<48,planner9,proj91sched1,write> null
<49,acc9,proj91budget1,read> null
<50,planner6,proj62sched1,write> null
<51,acc7,proj72task1prop,setCost> null
<52,acc5,proj51task1propa,setCost> null
<53,planner4,proj41task2propa,setSchedule> null
<54,nonemployee2_area2,proj22task2propa,setStatus> null
<55,ldr12,proj12sched1,read> null
<56,acc1,proj12budget1,write> null
<57,employee9_area2,proj91task2prop,read> null
<58,employee6_area2,proj61task2,request> null
<59,nonemployee8_area1,proj82task1a,read> null
<60,planner2,proj22sched1,write> null
<61,acc2,proj21budget1,write> null
<62,nonemployee6_area2,proj62task2a,request> null
<63,ldr81,proj82sched1,read> null
<64,acc4,proj42task1a,setCost> null
<65,acc7,proj71task2a,setCost> null
<66,planner8,proj82sched1,write> null
<67,nonemployee3_area1,proj32task1a,setStatus> null
<68,planner1,proj11sched1,write> null
<69,acc7,proj71task2propa,setCost> null
<70,acc2,proj21task2,setCost> null
<71,aud2,proj21budget1,read> null
<72,nonemployee10_area2,proj102task2a,setStatus> null
<73,acc10,proj102task2a,setCost> null
<74,acc8,proj81budget1,read> null
<75,planner1,proj12task2,setSchedule> null
<76,aud1,proj11budget1,read> null
<77,nonemployee7_area1,proj72task1propa,setStatus> null
<78,employee1_area1,proj11task1,request> null
<79,planner7,proj71sched1,write> null
<80,aud10,proj101budget1,read> null
<81,aud10,proj102budget1,read> null
<82,manager10,proj102budget1,read> null
<83,nonemployee1_area1,proj12task1a,request> null
<84,planner6,proj62task1a,setSchedule> null
<85,employee8_area2,proj81task2propa,setStatus> null
<86,acc5,proj51task1a,setCost> null
<87,planner4,proj41task1prop,setSchedule> null
<88,employee6_area2,proj61task2,read> null
<89,acc2,proj21task1prop,setCost> null
<90,acc10,proj101budget1,read> null
<91,nonemployee10_area1,proj102task1a,read> null
<92,planner10,proj101task1prop,setSchedule> null
<93,planner9,proj92task1propa,setSchedule> null
<94,acc3,proj31budget1,read> null
<95,nonemployee9_area2,proj92task2a,request> null
<96,planner2,proj21task2a,setSchedule> null
<97,acc3,proj31task1,setCost> null
<98,ldr11,proj11budget1,read> null
<99,planner8,proj82task2a,setSchedule> null
<100,acc9,proj92budget1,write> null
<101,nonemployee2_area1,proj22task1a,request> null
<102,acc2,proj22task2a,setCost> null
<103,nonemployee2_area1,proj22task1,request> null
<104,acc7,proj72sched1,read> null
<105,acc6,proj62task2a,setCost> null
<106,planner3,proj31sched1,write> null
<107,employee6_area2,proj61task2a,request> null
<108,planner4,proj42task1propa,setSchedule> null
<109,planner9,proj92sched1,write> null
<110,planner1,proj11task2prop,setSchedule> null
<111,acc5,proj52budget1,read> null
<112,employee9_area2,proj91task2a,setStatus> null
<113,acc8,proj82task1,setCost> null
<114,employee10_area2,proj101task2a,setStatus> null
<115,planner10,proj101task1propa,setSchedule> null
<116,acc7,proj72budget1,read> null
<117,planner1,proj11task2a,setSchedule> null
<118,ldr102,proj102sched1,read> null
<119,acc7,proj71budget1,write> null
<120,acc4,proj41task1prop,setCost> null
<121,employee5_area2,proj51sched1,read> null
<122,planner2,proj21task2,setSchedule> null
<123,acc6,proj61budget1,read> null
<124,ldr51,proj51budget1,read> null
<125,aud8,proj82budget1,read> null
<126,employee1_area1,proj11task1,read> null
<127,planner5,proj51task2propa,setSchedule> null
<128,manager6,proj61budget1,read> null
<129,employee8_area1,proj81task1,read> null
<130,ldr21,proj21budget1,read> null
<131,planner7,proj72task1a,setSchedule> null
<132,planner7,proj71task2a,setSchedule> null
<133,acc1,proj11budget1,write> null
<134,nonemployee8_area2,proj82task2,read> null
<135,employee5_area2,proj51task2a,request> null
<136,nonemployee5_area1,proj52task1,read> null
<137,planner3,proj32task2prop,setSchedule> null
<138,acc10,proj102budget1,write> null
<139,planner9,proj91task1,setSchedule> null
<140,acc1,proj12budget1,read> null
<141,acc9,proj91task2prop,setCost> null
<142,employee2_area2,proj21task2propa,read> null
<143,nonemployee2_area2,proj22task2,read> null
<144,acc3,proj31budget1,write> null
<145,planner5,proj51task2,setSchedule> null
<146,planner6,proj62task2,setSchedule> null
<147,acc9,proj91budget1,write> null
<148,nonemployee2_area1,proj22task1a,setStatus> null
<149,acc8,proj81task1propa,setCost> null
<150,ldr72,proj71sched1,read> null
<151,acc6,proj62sched1,read> null
<152,nonemployee10_area1,proj102task1a,setStatus> null
<153,employee3_area2,proj31task2,request> null
<154,nonemployee8_area2,proj82task2a,read> null
<155,planner8,proj82task2prop,setSchedule> null
<156,planner6,proj61task1,setSchedule> null
<157,ldr92,proj92budget1,write> null
<158,ldr52,proj52budget1,read> null
<159,planner8,proj82task1a,setSchedule> null
<160,aud7,proj71budget1,read> null
<161,acc5,proj51task2prop,setCost> null
<162,employee3_area1,proj31task1a,read> null
<163,planner3,proj31task2prop,setSchedule> null
<164,manager1,proj11budget1,read> null
<165,acc2,proj22task2,setCost> null
<166,planner3,proj32sched1,write> null
<167,planner1,proj12task1prop,setSchedule> null
<168,aud4,proj41budget1,read> null
<169,acc9,proj91sched1,read> null
<170,nonemployee5_area2,proj52task2a,read> null
<171,employee8_area1,proj81task1propa,read> null
<172,acc6,proj62budget1,read> null
<173,planner7,proj72task1propa,setSchedule> null
<174,acc6,proj62task2propa,setCost> null
<175,nonemployee10_area2,proj102task2a,read> null
<176,planner2,proj21task2propa,setSchedule> null
<177,ldr82,proj82sched1,read> null
<178,acc4,proj42budget1,read> null
<179,employee9_area1,proj91task1a,request> null
<180,employee6_area1,proj61task1a,request> null
<181,planner1,proj11task1a,setSchedule> null
<182,acc2,proj21task1a,setCost> null
<183,aud10,proj101sched1,read> null
<184,planner2,proj21task1a,setSchedule> null
<185,nonemployee6_area2,proj62task2propa,setStatus> null
<186,acc6,proj62task2prop,setCost> null
<187,acc8,proj81task1a,setCost> null
<188,ldr62,proj62sched1,write> null
<189,acc7,proj71budget1,read> null
<190,ldr21,proj21sched1,write> null
<191,employee7_area1,proj71task1a,request> null
<192,manager3,proj31budget1,read> null
<193,acc8,proj82task2propa,setCost> null
<194,ldr71,proj71sched1,read> null
<195,nonemployee9_area1,proj92sched1,read> null
<196,planner9,proj91task1propa,setSchedule> null
<197,aud4,proj42budget1,read> null
<198,planner6,proj61task2prop,setSchedule> null
<199,nonemployee3_area2,proj32task2a,read> null
<200,acc10,proj102task1propa,setCost> null
<201,employee8_area2,proj81task2,read> null
<202,manager2,proj22budget1,read> null
<203,employee2_area2,proj21task2,read> null
<204,aud3,proj31budget1,read> null
<205,acc3,proj31task2prop,setCost> null
<206,planner8,proj81task1prop,setSchedule> null
<207,nonemployee9_area1,proj92task1a,setStatus> null
<208,ldr32,proj32budget1,read> null
<209,planner10,proj101task2a,setSchedule> null
<210,planner7,proj72task1prop,setSchedule> null
<211,nonemployee1_area1,proj12sched1,read> null
<212,manager1,proj11budget1,approve> null
<213,nonemployee10_area2,proj102sched1,read> null
<214,acc2,proj21budget1,read> null
<215,planner3,proj31sched1,read> null
<216,planner3,proj32task1propa,setSchedule> null
<217,planner2,proj22task1,setSchedule> null
<218,nonemployee6_area1,proj62task1a,read> null
<219,planner5,proj51sched1,write> null
<220,employee3_area1,proj31task1,read> null
<221,acc6,proj61task1propa,setCost> null
<222,acc6,proj62task2,setCost> null
<223,acc10,proj102task2,setCost> null
<224,acc7,proj71sched1,read> null
<225,acc10,proj101task1propa,setCost> null
<226,acc3,proj31sched1,read> null
<227,acc10,proj102task1,setCost> null
<228,employee1_area1,proj11task1a,request> null
<229,employee3_area2,proj31task2,read> null
<230,acc3,proj32sched1,read> null
<231,acc8,proj81budget1,write> null
<232,ldr11,proj12sched1,read> null
<233,nonemployee2_area2,proj22task2a,request> null
<234,acc5,proj52task1propa,setCost> null
<235,planner2,proj22task1a,setSchedule> null
<236,planner10,proj102task2prop,setSchedule> null
<237,ldr61,proj61sched1,read> null
<238,nonemployee5_area1,proj52task1a,read> null
<239,ldr82,proj82budget1,read> null
<240,acc9,proj91task2,setCost> null
<241,acc9,proj91task1,setCost> null
<242,nonemployee1_area2,proj12sched1,read> null
<243,ldr62,proj62budget1,write> null
<244,employee7_area2,proj71task2a,request> null
<245,nonemployee3_area2,proj32task2propa,setStatus> null
<246,nonemployee3_area1,proj32task1a,read> null
<247,manager5,proj52budget1,approve> null
<248,acc2,proj22task1,setCost> null
<249,acc1,proj11task2,setCost> null
<250,manager8,proj81budget1,read> null
<251,planner5,proj52task2,setSchedule> null
<252,planner10,proj101sched1,read> null
<253,planner3,proj31task1,setSchedule> null
<254,planner1,proj11task2propa,setSchedule> null
<255,ldr72,proj72sched1,read> null
<256,nonemployee6_area1,proj62task1a,setStatus> null
<257,employee3_area1,proj31task1propa,setStatus> null
<258,manager5,proj52budget1,read> null
<259,planner10,proj101task2propa,setSchedule> null
<260,employee7_area1,proj71task1,request> null
<261,nonemployee9_area1,proj92task1a,request> null
<262,nonemployee8_area2,proj82task2a,setStatus> null
<263,ldr51,proj51budget1,write> null
<264,planner1,proj12task2a,setSchedule> null
<265,planner5,proj51task2a,setSchedule> null
<266,nonemployee2_area1,proj22task1a,read> null
<267,planner8,proj82task1prop,setSchedule> null
<268,acc2,proj22budget1,write> null
<269,employee9_area2,proj91task2propa,read> null
<270,acc4,proj41task1a,setCost> null
<271,planner5,proj52task1,setSchedule> null
<272,planner8,proj82task1propa,setSchedule> null
<273,acc4,proj42task1propa,setCost> null
<274,acc2,proj21task2a,setCost> null
<275,ldr101,proj101budget1,write> null
<276,employee8_area1,proj81task1,request> null
<277,acc1,proj12task1,setCost> null
<278,employee9_area1,proj91task1a,read> null
<279,planner8,proj82task1,setSchedule> null
<280,employee2_area2,proj21task2propa,setStatus> null
<281,employee4_area2,proj41task2prop,request> null
<282,employee5_area1,proj51task1,request> null
<283,employee4_area1,proj41task1,read> null
<284,acc3,proj32task2,setCost> null
<285,ldr22,proj21sched1,read> null
<286,planner2,proj21task1prop,setSchedule> null
<287,ldr41,proj41sched1,write> null
<288,acc8,proj82sched1,read> null
<289,planner7,proj72sched1,read> null
<290,planner1,proj11sched1,read> null
<291,employee10_area1,proj101task1propa,read> null
<292,planner10,proj102task1,setSchedule> null
<293,aud6,proj61sched1,read> null
<294,planner10,proj102task2,setSchedule> null
<295,planner4,proj42task1a,setSchedule> null
<296,employee5_area1,proj51sched1,read> null
<297,nonemployee6_area1,proj62task1,read> null
<298,employee4_area2,proj41task2,read> null
<299,planner9,proj91task1a,setSchedule> null
<300,employee5_area2,proj51task2,read> null
<301,employee3_area2,proj31task2a,read> null
<302,planner8,proj82task2propa,setSchedule> null
<303,manager3,proj31budget1,approve> null
<304,planner6,proj61task2a,setSchedule> null
<305,aud1,proj12budget1,read> null
<306,nonemployee3_area1,proj32task1,read> null
<307,acc4,proj42task2propa,setCost> null
<308,planner4,proj42sched1,read> null
<309,employee4_area2,proj41task2a,request> null
<310,planner9,proj92sched1,read> null
<311,manager4,proj42budget1,read> null
<312,manager10,proj101budget1,read> null
<313,nonemployee1_area2,proj12task2a,read> null
<314,planner6,proj62sched1,read> null
<315,employee8_area1,proj81task1propa,request> null
<316,acc5,proj51task2a,setCost> null
<317,nonemployee3_area2,proj32task2,read> null
<318,planner2,proj21sched1,read> null
<319,acc8,proj81task2a,setCost> null
<320,employee4_area1,proj41task1a,request> null
<321,nonemployee9_area1,proj92task1a,read> null
<322,acc7,proj72task2,setCost> null
<323,acc9,proj92task1,setCost> null
<324,employee4_area1,proj41task1,request> null
<325,acc8,proj82task2,setCost> null
<326,acc7,proj72task1,setCost> null
<327,employee4_area1,proj41task1prop,request> null
<328,employee5_area2,proj51task2prop,read> null
<329,acc1,proj12task1a,setCost> null
<330,acc6,proj62task1prop,setCost> null
<331,ldr11,proj11sched1,read> null
<332,employee7_area2,proj71task2propa,request> null
<333,aud9,proj92budget1,read> null
<334,employee7_area2,proj71task2prop,request> null
<335,acc4,proj41task2,setCost> null
<336,acc2,proj22task1a,setCost> null
<337,planner6,proj62task2prop,setSchedule> null
<338,acc1,proj12task2propa,setCost> null
<339,employee8_area2,proj81task2a,read> null
<340,employee2_area1,proj21task1,request> null
<341,acc4,proj41task1,setCost> null
<342,planner3,proj31task1a,setSchedule> null
<343,acc9,proj92task2prop,setCost> null
<344,ldr21,proj21sched1,read> null
<345,nonemployee8_area1,proj82task1a,setStatus> null
<346,ldr81,proj81budget1,write> null
<347,employee4_area2,proj41task2,request> null
<348,employee6_area1,proj61task1prop,request> null
<349,acc1,proj12task2a,setCost> null
<350,employee2_area1,proj21task1,read> null
<351,acc6,proj61task1,setCost> null
<352,employee4_area2,proj41task2a,read> null
<353,acc6,proj61task1prop,setCost> null
<354,ldr22,proj22sched1,write> null
<355,acc9,proj91task1prop,setCost> null
<356,ldr12,proj12sched1,write> null
<357,manager1,proj12budget1,read> null
<358,planner4,proj42sched1,write> null
<359,planner7,proj72task2,setSchedule> null
<360,nonemployee10_area1,proj102task1a,request> null
<361,planner6,proj61task1propa,setSchedule> null
<362,planner2,proj22task1propa,setSchedule> null
<363,planner9,proj91task2prop,setSchedule> null
<364,ldr91,proj91sched1,read> null
<365,aud6,proj62budget1,read> null
<366,employee2_area2,proj21task2prop,request> null
<367,employee3_area2,proj31task2propa,read> null
<368,planner6,proj61task2propa,setSchedule> null
<369,employee1_area1,proj11task1prop,request> null
<370,employee10_area2,proj101task2a,request> null
<371,nonemployee4_area1,proj42task1,request> null
<372,employee3_area1,proj31task1prop,read> null
<373,planner1,proj11task1prop,setSchedule> null
<374,planner8,proj81task2a,setSchedule> null
<375,nonemployee9_area1,proj92task1,request> null
<376,planner7,proj72task1,setSchedule> null
<377,employee5_area2,proj51task2,request> null
<378,acc8,proj82task2prop,setCost> null
<379,nonemployee8_area2,proj82sched1,read> null
<380,nonemployee4_area2,proj42task2,request> null
<381,employee6_area2,proj61task2propa,request> null
<382,acc1,proj12task1propa,setCost> null
<383,ldr31,proj31budget1,write> null
<384,acc10,proj101task2propa,setCost> null
<385,employee9_area1,proj91task1,read> null
<386,planner7,proj71task1a,setSchedule> null
<387,nonemployee9_area2,proj92task2,request> null
<388,employee9_area1,proj91task1propa,request> null
<389,nonemployee8_area1,proj82sched1,read> null
<390,acc4,proj41task1propa,setCost> null
<391,planner9,proj92task2,setSchedule> null
<392,employee3_area1,proj31task1propa,read> null
<393,acc8,proj81task2prop,setCost> null
<394,acc7,proj71task1a,setCost> null
<395,acc1,proj12task2,setCost> null
<396,employee6_area2,proj61sched1,read> null
<397,planner1,proj12task2propa,setSchedule> null
<398,planner2,proj22task1prop,setSchedule> null
<399,nonemployee10_area1,proj102task1propa,setStatus> null
<400,acc4,proj41sched1,read> null
<401,aud2,proj21sched1,read> null
<402,acc4,proj42task1prop,setCost> null
<403,acc1,proj11task1a,setCost> null
<404,acc10,proj101sched1,read> null
<405,nonemployee9_area2,proj92task2a,setStatus> null
<406,manager9,proj91budget1,approve> null
<407,nonemployee5_area2,proj52task2a,setStatus> null
<408,employee4_area2,proj41task2propa,read> null
<409,acc5,proj52budget1,write> null
<410,acc3,proj32budget1,read> null
<411,employee6_area2,proj61task2prop,request> null
<412,acc5,proj52task1a,setCost> null
<413,aud10,proj102sched1,read> null
<414,aud9,proj92sched1,read> null
<415,acc3,proj32task2propa,setCost> null
<416,acc10,proj101task2a,setCost> null
<417,acc10,proj102sched1,read> null
<418,manager5,proj51budget1,read> null
<419,employee7_area2,proj71sched1,read> null
<420,employee10_area1,proj101task1prop,read> null
<421,planner7,proj71task2,setSchedule> null
<422,planner6,proj62task1,setSchedule> null
<423,planner7,proj72task2prop,setSchedule> null
<424,aud1,proj11sched1,read> null
<425,manager8,proj82budget1,read> null
<426,employee1_area2,proj11task2,read> null
<427,aud2,proj22budget1,read> null
<428,employee8_area2,proj81task2propa,read> null
<429,acc8,proj81task2propa,setCost> null
<430,planner2,proj21task1propa,setSchedule> null
<431,employee3_area1,proj31task1a,setStatus> null
<432,manager7,proj71budget1,read> null
<433,acc5,proj52task2a,setCost> null
<434,nonemployee3_area1,proj32task1propa,setStatus> null
<435,nonemployee2_area2,proj22task2,request> null
<436,ldr92,proj91sched1,read> null
<437,manager6,proj62budget1,read> null
<438,nonemployee5_area1,proj52task1a,setStatus> null
<439,acc4,proj42task2a,setCost> null
<440,ldr81,proj81budget1,read> null
<441,manager4,proj42budget1,approve> null
<442,ldr51,proj51sched1,read> null
<443,planner4,proj42task2prop,setSchedule> null
<444,planner5,proj52task2prop,setSchedule> null
<445,acc4,proj42task1,setCost> null
<446,acc4,proj42task2,setCost> null
<447,employee10_area1,proj101task1a,setStatus> null
<448,ldr31,proj31sched1,write> null
<449,ldr41,proj41sched1,read> null
<450,manager5,proj51budget1,approve> null
<451,employee10_area1,proj101task1a,request> null
<452,acc10,proj102budget1,read> null
<453,aud1,proj12sched1,read> null
<454,planner3,proj32task2a,setSchedule> null
<455,employee8_area1,proj81task1a,read> null
<456,planner2,proj21task1,setSchedule> null
<457,acc3,proj32task1a,setCost> null
<458,acc6,proj61task2,setCost> null
<459,ldr72,proj72budget1,read> null
<460,ldr12,proj11sched1,read> null
<461,employee1_area1,proj11task1propa,setStatus> null
<462,nonemployee10_area2,proj102task2a,request> null
<463,employee8_area2,proj81task2a,setStatus> null
<464,employee9_area1,proj91task1,request> null
<465,employee8_area2,proj81task2,request> null
<466,manager7,proj72budget1,approve> null
<467,employee7_area1,proj71sched1,read> null
<468,planner7,proj71task2prop,setSchedule> null
<469,nonemployee4_area2,proj42task2propa,setStatus> null
<470,acc9,proj92task1a,setCost> null
<471,employee4_area2,proj41sched1,read> null
<472,planner2,proj22task2prop,setSchedule> null
<473,planner1,proj12task2prop,setSchedule> null
<474,nonemployee3_area1,proj32sched1,read> null
<475,manager9,proj92budget1,read> null
<476,manager10,proj102budget1,approve> null
<477,planner4,proj41task2,setSchedule> null
<478,planner8,proj81task2,setSchedule> null
<479,planner8,proj82task2,setSchedule> null
<480,acc7,proj72task2prop,setCost> null
<481,planner4,proj41task1,setSchedule> null
<482,employee4_area2,proj41task2a,setStatus> null
<483,planner1,proj12sched1,read> null
<484,nonemployee8_area2,proj82task2,request> null
<485,planner4,proj42task2a,setSchedule> null
<486,acc9,proj92task2a,setCost> null
<487,employee2_area1,proj21sched1,read> null
<488,employee9_area2,proj91task2prop,request> null
<489,ldr61,proj61budget1,read> null
<490,employee4_area1,proj41sched1,read> null
<491,planner2,proj22task2propa,setSchedule> null
<492,acc1,proj12task1prop,setCost> null
<493,acc4,proj41task2propa,setCost> null
<494,ldr72,proj72budget1,write> null
<495,nonemployee6_area2,proj62task2,read> null
<496,ldr92,proj92sched1,write> null
<497,planner6,proj62task2a,setSchedule> null
<498,employee7_area1,proj71task1propa,setStatus> null
<499,manager9,proj92budget1,approve> null
<500,nonemployee3_area2,proj32sched1,read> null
<501,acc3,proj31task2propa,setCost> null
<502,employee1_area2,proj11task2propa,setStatus> null
<503,acc2,proj22task1propa,setCost> null
<504,nonemployee1_area1,proj12task1a,setStatus> null
<505,employee8_area1,proj81task1a,setStatus> null
<506,acc6,proj62task1,setCost> null
<507,employee3_area2,proj31sched1,read> null
<508,planner8,proj81task1,setSchedule> null
<509,nonemployee8_area1,proj82task1,request> null
<510,manager8,proj82budget1,approve> null
<511,employee2_area2,proj21sched1,read> null
<512,employee1_area1,proj11task1a,setStatus> null
<513,acc8,proj81task1,setCost> null
<514,acc4,proj41budget1,write> null
<515,employee10_area2,proj101task2a,read> null
<516,acc5,proj51budget1,read> null
<517,planner9,proj91task1prop,setSchedule> null
<518,nonemployee5_area2,proj52task2,read> null
<519,ldr101,proj101budget1,read> null
<520,acc7,proj72task2propa,setCost> null
<521,manager3,proj32budget1,approve> null
<522,ldr42,proj42sched1,write> null
<523,planner1,proj11task2,setSchedule> null
<524,employee4_area1,proj41task1a,setStatus> null
<525,employee3_area1,proj31sched1,read> null
<526,ldr91,proj91budget1,write> null
<527,ldr102,proj102sched1,write> null
<528,employee10_area2,proj101task2,read> null
<529,planner3,proj31task2propa,setSchedule> null
<530,employee5_area1,proj51task1propa,setStatus> null
<531,employee7_area1,proj71task1propa,request> null
<532,employee1_area1,proj11task1prop,read> null
<533,planner9,proj92task1,setSchedule> null
<534,planner6,proj62task1prop,setSchedule> null
<535,planner5,proj52task2propa,setSchedule> null
<536,acc10,proj101task1,setCost> null
<537,nonemployee6_area1,proj62sched1,read> null
<538,planner2,proj22task2,setSchedule> null
<539,acc7,proj71task1propa,setCost> null
<540,employee10_area1,proj101task1,read> null
<541,acc2,proj21task2prop,setCost> null
<542,nonemployee2_area2,proj22sched1,read> null
<543,acc6,proj61task2prop,setCost> null
<544,employee7_area2,proj71task2prop,read> null
<545,employee7_area1,proj71task1a,read> null
<546,employee9_area1,proj91task1prop,request> null
<547,acc1,proj11sched1,read> null
<548,planner5,proj52task1propa,setSchedule> null
<549,ldr101,proj101sched1,write> null
<550,employee2_area1,proj21task1propa,read> null
<551,planner4,proj41task2prop,setSchedule> null
<552,acc10,proj102task2prop,setCost> null
<553,acc5,proj52task1,setCost> null
<554,planner10,proj102task2a,setSchedule> null
<555,acc5,proj52task2,setCost> null
<556,planner8,proj81sched1,read> null
<557,employee1_area1,proj11task1propa,request> null
<558,acc6,proj61budget1,write> null
<559,nonemployee6_area1,proj62task1a,request> null
<560,acc3,proj31task2,setCost> null
<561,acc9,proj92task1propa,setCost> null
<562,acc10,proj101task1prop,setCost> null
<563,planner1,proj12task1propa,setSchedule> null
<564,ldr41,proj41budget1,write> null
<565,ldr101,proj102sched1,read> null
<566,planner4,proj42task2propa,setSchedule> null
<567,nonemployee7_area2,proj72task2a,setStatus> null
<568,manager2,proj21budget1,approve> null
<569,acc10,proj101task2,setCost> null
<570,employee2_area2,proj21task2,request> null
<571,acc2,proj22task2prop,setCost> null
<572,ldr21,proj21budget1,write> null
<573,acc2,proj21task2propa,setCost> null
<574,acc2,proj21task1propa,setCost> null
<575,nonemployee1_area2,proj12task2a,request> null
<0,employee9_area2,proj91task2,request> null
<1,employee7_area2,proj71task2propa,setStatus> null
<2,aud3,proj32budget1,read> null
<3,employee6_area1,proj61task1propa,read> null
<4,acc5,proj51task2,setCost> null
<5,planner10,proj101task2,setSchedule> null
<6,acc6,proj62task1propa,setCost> null
<7,employee5_area2,proj51task2propa,request> null
<8,acc3,proj31task2a,setCost> null
<9,acc5,proj52sched1,read> null
<10,employee9_area2,proj91task2propa,setStatus> null
<11,planner9,proj92task2prop,setSchedule> null
<12,ldr91,proj91sched1,write> null
<13,employee9_area2,proj91task2a,read> null
<14,acc10,proj101task2prop,setCost> null
<15,aud6,proj61budget1,read> null
<16,employee10_area2,proj101task2prop,read> null
<17,nonemployee1_area1,proj12task1a,read> null
<18,acc7,proj71task2prop,setCost> null
<19,acc6,proj61task1a,setCost> null
<20,acc9,proj92task2,setCost> null
<21,employee7_area2,proj71task2,read> null
<22,employee8_area2,proj81task2prop,request> null
<23,planner7,proj72task2propa,setSchedule> null
<24,ldr62,proj62budget1,read> null
<25,nonemployee4_area1,proj42task1propa,setStatus> null
<26,employee8_area1,proj81task1prop,read> null
<27,planner3,proj31task2,setSchedule> null
<28,employee10_area1,proj101task1prop,request> null
<29,planner10,proj102task1prop,setSchedule> null
<30,employee5_area1,proj51task1a,read> null
<31,employee7_area1,proj71task1,read> null
<32,employee4_area1,proj41task1a,read> null
<33,planner5,proj52task2a,setSchedule> null
<34,nonemployee4_area1,proj42task1,read> null
<35,employee2_area1,proj21task1a,request> null
<36,aud8,proj81sched1,read> null
<37,employee2_area1,proj21task1a,setStatus> null
<38,acc2,proj22task2propa,setCost> null
<39,planner6,proj61task1a,setSchedule> null
<40,employee8_area1,proj81task1prop,request> null
<41,manager7,proj71budget1,approve> null
<42,nonemployee7_area1,proj72task1,read> null
<43,acc4,proj41task2prop,setCost> null
<44,employee6_area2,proj61task2propa,read> null
<45,planner9,proj91task2,setSchedule> null
<46,employee4_area1,proj41task1prop,read> null
<47,planner10,proj102sched1,read> null
<48,employee9_area1,proj91sched1,read> null
<49,acc1,proj12task2prop,setCost> null
<50,planner4,proj41sched1,read> null
<51,acc7,proj72budget1,write> null
<52,ldr22,proj22budget1,read> null
<53,planner4,proj41task1a,setSchedule> null
<54,nonemployee1_area1,proj12task1,read> null
<55,acc1,proj11task2prop,setCost> null
<56,aud6,proj62sched1,read> null
<57,employee5_area1,proj51task1a,setStatus> null
<58,employee4_area1,proj41task1propa,setStatus> null
<59,nonemployee8_area1,proj82task1,read> null
<60,ldr71,proj71budget1,write> null
<61,nonemployee6_area2,proj62task2a,setStatus> null
<62,aud7,proj72sched1,read> null
<63,ldr11,proj11sched1,write> null
<64,ldr22,proj22budget1,write> null
<65,employee7_area1,proj71task1prop,request> null
<66,planner3,proj32task1,setSchedule> null
<67,planner3,proj32task2,setSchedule> null
<68,manager6,proj61budget1,approve> null
<69,planner9,proj92task2propa,setSchedule> null
<70,planner5,proj52task1prop,setSchedule> null
<71,planner10,proj101task2prop,setSchedule> null
<72,nonemployee10_area1,proj102task1,request> null
<73,acc8,proj81task2,setCost> null
<74,employee5_area1,proj51task1,read> null
<75,acc10,proj101budget1,write> null
<76,employee4_area1,proj41task1propa,request> null
<77,manager9,proj91budget1,read> null
<78,employee8_area1,proj81task1propa,setStatus> null
<79,planner5,proj52sched1,write> null
<80,manager4,proj41budget1,approve> null
<81,ldr102,proj102budget1,write> null
<82,employee1_area2,proj11task2a,request> null
<83,employee10_area2,proj101task2propa,setStatus> null
<84,employee9_area2,proj91sched1,read> null
<85,ldr42,proj41sched1,read> null
<86,ldr52,proj52sched1,read> null
<87,nonemployee1_area2,proj12task2a,setStatus> null
<88,planner10,proj101task1a,setSchedule> null
<89,nonemployee5_area1,proj52task1propa,setStatus> null
<90,acc9,proj92task2propa,setCost> null
<91,manager8,proj81budget1,approve> null
<92,employee1_area2,proj11task2a,setStatus> null
<93,acc2,proj22sched1,read> null
<94,planner6,proj61task1prop,setSchedule> null
<95,acc4,proj42sched1,read> null
<0,nonemployee5_area2,proj52task2,request> null
<1,employee3_area1,proj31task1propa,request> null
<2,employee3_area2,proj31task2propa,request> null
<3,ldr32,proj32budget1,write> null
<4,acc10,proj102task1prop,setCost> null
<5,ldr51,proj52sched1,read> null
<6,planner2,proj22sched1,read> null
<7,nonemployee7_area2,proj72task2a,read> null
<8,acc1,proj12sched1,read> null
<9,employee3_area2,proj31task2propa,setStatus> null
<10,manager3,proj32budget1,read> null
<11,planner3,proj32task2propa,setSchedule> null
<12,planner7,proj71task1prop,setSchedule> null
<13,employee7_area1,proj71task1propa,read> null
<14,employee6_area1,proj61task1propa,request> null
<15,employee3_area1,proj31task1a,request> null
<16,nonemployee9_area2,proj92task2a,read> null
<17,employee2_area2,proj21task2a,setStatus> null
<18,acc9,proj91task1a,setCost> null
<19,acc3,proj31task1prop,setCost> null
<20,acc1,proj11task1,setCost> null
<21,acc3,proj32task2prop,setCost> null
<22,planner5,proj51task2prop,setSchedule> null
<23,employee1_area2,proj11task2propa,request> null
<24,ldr41,proj42sched1,read> null
<25,nonemployee8_area1,proj82task1a,request> null
<26,planner6,proj61sched1,read> null
<27,ldr12,proj12budget1,write> null
<28,employee3_area2,proj31task2a,setStatus> null
<29,nonemployee10_area1,proj102sched1,read> null
<30,planner6,proj61task2,setSchedule> null
<31,employee5_area1,proj51task1prop,request> null
<32,ldr42,proj42budget1,write> null
<33,employee6_area1,proj61task1prop,read> null
<34,acc7,proj71task2,setCost> null
<35,acc7,proj72task2a,setCost> null
<36,employee2_area2,proj21task2prop,read> null
<37,acc7,proj72task1a,setCost> null
<38,acc7,proj71task1,setCost> null
<39,nonemployee4_area2,proj42sched1,read> null
<40,acc5,proj51task1,setCost> null
<41,ldr42,proj42sched1,read> null
<42,employee2_area1,proj21task1propa,request> null
<43,acc1,proj11task2a,setCost> null
<44,acc10,proj101task1a,setCost> null
<45,planner5,proj51task1a,setSchedule> null
<46,ldr92,proj92sched1,read> null
<47,acc9,proj91task2propa,setCost> null
<48,planner4,proj41task2a,setSchedule> null
<49,nonemployee3_area2,proj32task2a,setStatus> null
<50,planner3,proj31task2a,setSchedule> null
<51,nonemployee8_area2,proj82task2a,request> null
<52,planner5,proj51task1propa,setSchedule> null
<53,aud4,proj42sched1,read> null
<54,nonemployee3_area1,proj32task1,request> null
<55,employee4_area2,proj41task2prop,read> null
<56,aud5,proj52sched1,read> null
<57,nonemployee4_area2,proj42task2,read> null
<58,planner1,proj12task1a,setSchedule> null
<59,ldr81,proj81sched1,write> null
<60,planner5,proj51task1prop,setSchedule> null
<61,planner3,proj32task1prop,setSchedule> null
<62,planner3,proj32sched1,read> null
<63,nonemployee3_area2,proj32task2,request> null
<64,acc5,proj51task2propa,setCost> null
<65,acc4,proj42task2prop,setCost> null
<66,employee7_area2,proj71task2a,read> null
<67,ldr31,proj31budget1,read> null
<68,acc7,proj72task1propa,setCost> null
<69,employee3_area2,proj31task2prop,read> null
<70,acc4,proj41task2a,setCost> null
<71,planner8,proj81task2propa,setSchedule> null
<72,acc8,proj81task1prop,setCost> null
<73,planner4,proj42task1prop,setSchedule> null
<74,acc3,proj32budget1,write> null
<75,employee1_area1,proj11task1a,read> null
<76,employee5_area2,proj51task2propa,read> null
<77,employee5_area2,proj51task2a,setStatus> null
<78,ldr31,proj32sched1,read> null
<79,acc9,proj91task2a,setCost> null
<80,employee1_area2,proj11task2a,read> null
<81,ldr62,proj62sched1,read> null
<82,employee3_area2,proj31task2a,request> null
<83,acc5,proj52task1prop,setCost> null
<84,nonemployee6_area1,proj62task1propa,setStatus> null
<85,planner5,proj51task1,setSchedule> null
<86,planner8,proj81task1propa,setSchedule> null
<87,nonemployee7_area1,proj72task1a,read> null
<88,planner7,proj71task2propa,setSchedule> null
<89,ldr12,proj12budget1,read> null
<90,employee5_area2,proj51task2propa,setStatus> null
<91,acc3,proj32task1,setCost> null
<92,acc10,proj102task1a,setCost> null
<93,employee9_area2,proj91task2a,request> null
<94,planner7,proj71task1,setSchedule> null
<95,employee10_area2,proj101task2propa,request> null
<0,nonemployee1_area2,proj12task2,read> null
<1,acc8,proj82task1prop,setCost> null
<2,employee7_area1,proj71task1prop,read> null
<3,planner7,proj71sched1,read> null
<4,employee4_area1,proj41task1propa,read> null
<5,acc5,proj52task2propa,setCost> null
<6,acc3,proj32task1prop,setCost> null
<7,employee6_area1,proj61task1,read> null
<8,nonemployee3_area1,proj32task1a,request> null
<9,ldr61,proj61budget1,write> null
<10,acc9,proj91task1propa,setCost> null
<11,planner1,proj11task1propa,setSchedule> null
<12,planner10,proj102task1propa,setSchedule> null
<13,planner4,proj42task1,setSchedule> null
<14,planner4,proj42task2,setSchedule> null
<15,nonemployee1_area1,proj12task1propa,setStatus> null
<16,ldr21,proj22sched1,read> null
<17,employee5_area1,proj51task1propa,request> null
<18,planner8,proj81sched1,write> null
<19,manager1,proj12budget1,approve> null
<20,acc3,proj32task1propa,setCost> null
<21,nonemployee7_area2,proj72task2,request> null
<22,employee10_area2,proj101task2prop,request> null
<23,employee9_area1,proj91task1prop,read> null
<24,acc5,proj52task2prop,setCost> null
<25,manager2,proj21budget1,read> null
<26,nonemployee2_area1,proj22sched1,read> null
<27,ldr22,proj22sched1,read> null
<28,nonemployee7_area1,proj72task1,request> null
<29,planner10,proj102task2propa,setSchedule> null
<30,aud3,proj32sched1,read> null
<31,nonemployee2_area1,proj22task1propa,setStatus> null
<32,planner9,proj92task1prop,setSchedule> null
<33,employee1_area1,proj11sched1,read> null
<34,nonemployee4_area1,proj42task1a,request> null
<35,acc8,proj82task1propa,setCost> null
<36,employee1_area2,proj11task2prop,read> null
<37,employee5_area1,proj51task1a,request> null
<38,employee1_area2,proj11sched1,read> null
<39,nonemployee7_area1,proj72task1a,setStatus> null
<40,nonemployee7_area2,proj72task2,read> null
<41,ldr91,proj91budget1,read> null
<42,ldr11,proj11budget1,write> null
<43,ldr41,proj41budget1,read> null
<44,ldr42,proj42budget1,read> null
<45,employee9_area1,proj91task1propa,setStatus> null
<46,nonemployee7_area2,proj72sched1,read> null
<47,nonemployee4_area2,proj42task2a,request> null
<48,nonemployee5_area2,proj52task2propa,setStatus> null
<49,planner4,proj41task1propa,setSchedule> null
<50,planner3,proj31task1prop,setSchedule> null
<51,manager10,proj101budget1,approve> null
<52,ldr62,proj61sched1,read> null
<53,ldr71,proj71budget1,read> null
<54,employee2_area1,proj21task1prop,request> null
<55,nonemployee7_area1,proj72sched1,read> null
<56,ldr102,proj102budget1,read> null
<57,acc3,proj31task1propa,setCost> null
<58,nonemployee9_area2,proj92sched1,read> null
<59,acc6,proj61task2propa,setCost> null
<60,employee1_area2,proj11task2prop,request> null
<61,nonemployee1_area2,proj12task2propa,setStatus> null
<62,planner5,proj52sched1,read> null
<63,employee3_area1,proj31task1prop,request> null
<64,nonemployee4_area2,proj42task2a,read> null
<65,employee5_area1,proj51task1propa,read> null
<66,employee6_area1,proj61task1a,setStatus> null
<67,nonemployee1_area2,proj12task2,request> null
<68,employee8_area1,proj81sched1,read> null
<69,acc10,proj102task2propa,setCost> null
<70,planner9,proj92task1a,setSchedule> null
<71,employee9_area1,proj91task1a,setStatus> null
<72,nonemployee6_area1,proj62task1,request> null
<73,employee2_area2,proj21task2a,request> null
<74,acc6,proj61task2a,setCost> null
<75,nonemployee8_area1,proj82task1propa,setStatus> null
<76,employee10_area1,proj101task1propa,request> null
<77,nonemployee1_area1,proj12task1,request> null
<78,nonemployee4_area1,proj42task1a,read> null
<79,employee10_area1,proj101task1,request> null
<80,acc1,proj11task1propa,setCost> null
<81,employee10_area2,proj101sched1,read> null
<82,employee6_area2,proj61task2a,setStatus> null
<83,acc1,proj11task1prop,setCost> null
<84,planner6,proj62task1propa,setSchedule> null
<85,nonemployee7_area2,proj72task2propa,setStatus> null
<86,nonemployee10_area2,proj102task2,request> null
<87,planner1,proj11task1,setSchedule> null
<88,ldr71,proj71sched1,write> null
<89,employee1_area2,proj11task2propa,read> null
<90,employee6_area1,proj61task1propa,setStatus> null
<91,planner9,proj92task2a,setSchedule> null
<92,employee8_area2,proj81sched1,read> null
<93,nonemployee5_area1,proj52task1a,request> null
<94,employee10_area1,proj101task1a,read> null
<95,planner8,proj81task2prop,setSchedule> null
<0,employee6_area1,proj61task1a,read> 0.0010246905001173707
<1,employee7_area1,proj71task1a,setStatus> 6.183829581486369E-4
<2,employee6_area1,proj61sched1,read> 6.697306122132082E-4
<3,ldr72,proj72sched1,write> 3.465408407833857E-4
<4,nonemployee9_area1,proj92task1,read> 5.342695658758441E-4
<5,acc5,proj51sched1,read> 1.4320895160724296E-4
<6,employee8_area2,proj81task2prop,read> 1.9089160198739797E-4
<7,ldr61,proj62sched1,read> 4.824028080677797E-4
<8,manager2,proj22budget1,approve> 2.728822372394659E-4
<9,acc8,proj82task2a,setCost> 0.001565715469919467
<10,nonemployee9_area2,proj92task2,read> 5.279312220394526E-4
<11,manager6,proj62budget1,approve> 3.102557567915998E-5
<12,planner9,proj91task2propa,setSchedule> 0.0020481544085954838
<13,ldr32,proj31sched1,read> 6.369503415325115E-4
<14,ldr71,proj72sched1,read> 4.595733111734021E-4
<15,employee7_area2,proj71task2a,setStatus> 5.479670365955686E-4
<16,nonemployee5_area2,proj52task2a,request> 1.865902786369755E-4
<17,ldr82,proj82sched1,write> 6.371557821896253E-5
<18,acc1,proj11task2propa,setCost> 0.0012389574588058394
<19,employee10_area1,proj101sched1,read> 5.647619077903272E-4
<20,ldr81,proj81sched1,read> 1.5207801491379214E-4
<21,nonemployee7_area2,proj72task2a,request> 8.589617928013992E-4
<22,nonemployee3_area2,proj32task2a,request> 2.3400109053318486E-4
<23,acc3,proj32task2a,setCost> 4.79465865406596E-4
<24,ldr31,proj31sched1,read> 0.0013102206906243981
<25,ldr91,proj92sched1,read> 3.1870191622720447E-4
<26,employee7_area2,proj71task2propa,read> 1.8730958600014422E-4
<27,aud7,proj71sched1,read> 8.39387509493146E-4
<28,planner8,proj81task1a,setSchedule> 9.774572662236344E-4
<29,nonemployee10_area2,proj102task2,read> 7.157046581925544E-5
<30,ldr82,proj81sched1,read> 8.310752517471364E-5
<31,ldr82,proj82budget1,write> 8.45080286659657E-4
<32,manager7,proj72budget1,read> 0.0013929769336257123
<33,ldr32,proj32sched1,write> 3.129853011570982E-4
<34,acc8,proj82task1a,setCost> 0.0012742826491965017
<35,ldr51,proj51sched1,write> 1.5958854857978398E-4
<36,nonemployee10_area1,proj102task1,read> 6.523212198286381E-5
<37,nonemployee2_area2,proj22task2a,read> 3.50457594620487E-4
<38,planner8,proj82sched1,read> 4.31368082345893E-5
<39,acc6,proj61sched1,read> 4.975910171061989E-4
<40,employee6_area1,proj61task1,request> 0.0011555069783251743
<41,nonemployee4_area1,proj42task1a,setStatus> 7.177936709294393E-4
<42,employee8_area2,proj81task2propa,request> 1.1762743499476787E-4
<43,employee8_area1,proj81task1a,request> 6.158394039188658E-4
<44,planner9,proj91sched1,read> 6.058920658823935E-4
<45,acc9,proj92sched1,read> 5.885936290682606E-4
<46,aud5,proj51sched1,read> 1.66183649726052E-4
<47,employee5_area1,proj51task1prop,read> 1.6581749007662166E-4
<48,aud9,proj91sched1,read> 7.088541162937807E-4
<49,acc9,proj92task1prop,setCost> 8.327177693132207E-4
<50,nonemployee7_area1,proj72task1a,request> 7.770703904352194E-4
<51,employee6_area2,proj61task2propa,setStatus> 3.077244807086296E-4
<52,acc5,proj51budget1,write> 7.838210961088853E-4
<53,employee5_area2,proj51task2a,read> 1.417784758129319E-4
<54,ldr61,proj61sched1,write> 6.149851577936854E-4
<55,employee6_area2,proj61task2prop,read> 4.129765931971307E-4
<56,acc9,proj92budget1,read> 0.00362641006848839
<57,nonemployee5_area1,proj52task1,request> 2.210708691069459E-4
<58,nonemployee6_area2,proj62task2,request> 4.6674507620548535E-4
<59,ldr32,proj32sched1,read> 6.604174649925158E-4
<60,employee4_area2,proj41task2propa,setStatus> 7.964938185475746E-4
<61,employee7_area2,proj71task2,request> 2.1108872311413425E-4
<62,employee2_area1,proj21task1a,read> 0.001242938416237569
<63,aud8,proj82sched1,read> 4.8702848006794365E-5
<64,employee10_area2,proj101task2propa,read> 5.490932007127733E-4
<65,nonemployee6_area2,proj62task2a,read> 0.001028660385114391
<66,nonemployee9_area1,proj92task1propa,setStatus> 3.864246283267647E-4
<67,employee1_area1,proj11task1propa,read> 6.910305842077034E-5
<68,nonemployee5_area1,proj52sched1,read> 7.395433557873588E-5
<69,aud3,proj31sched1,read> 6.963550365977196E-4
<70,employee2_area1,proj21task1prop,read> 3.2342619351578687E-4
<71,employee6_area2,proj61task2a,read> 1.5169883563657727E-4
<72,employee2_area1,proj21task1propa,setStatus> 1.2132939424462512E-4
<73,nonemployee2_area2,proj22task2a,setStatus> 2.2902433309049435E-4
<74,planner5,proj51sched1,read> 1.1104437424091033E-4
<75,nonemployee5_area2,proj52sched1,read> 1.0071876178818315E-4
<76,employee9_area2,proj91task2,read> 0.0014909474118287034
<77,ldr102,proj101sched1,read> 0.0011679056928091231
<78,planner1,proj12task1,setSchedule> 6.24127209240924E-4
<79,employee10_area2,proj101task2,request> 1.233927422731091E-4
<80,manager4,proj41budget1,read> 0.0012977577755311036
<81,ldr52,proj51sched1,read> 1.7077858934981378E-4
<82,employee8_area2,proj81task2a,request> 5.213975783977618E-4
<83,nonemployee4_area2,proj42task2a,setStatus> 1.1718728121209167E-4
<84,aud2,proj22sched1,read> 4.1815206685806154E-4
<85,employee5_area2,proj51task2prop,request> 2.832598542453814E-4
<86,aud4,proj41sched1,read> 5.825231274466873E-4
<87,planner10,proj101task1,setSchedule> 1.8514138086846564E-4
<88,nonemployee6_area2,proj62sched1,read> 5.833238976217084E-4
<89,acc8,proj81sched1,read> 5.609023783876432E-5
<90,acc6,proj62budget1,write> 5.048995857966624E-4
<91,employee4_area2,proj41task2propa,request> 4.683784404666554E-4
<92,employee2_area2,proj21task2propa,request> 5.000434617939785E-4
<93,employee2_area2,proj21task2a,read> 8.064425839971723E-4
<94,acc5,proj51task1prop,setCost> 4.0881548462527094E-4
<95,planner7,proj71task1propa,setSchedule> 3.885738379191171E-4

