<0,acc9,proj92sched1,read> null
<1,aud10,proj101budget1,read> null
<2,planner10,proj102sched1,write> null
<3,aud4,proj42budget1,read> null
<4,acc4,proj42budget1,read> null
<5,employee3_area1,proj31task1a,read> null
<6,acc1,proj11task1a,setCost> null
<7,planner4,proj42task1propa,setSchedule> null
<8,planner8,proj81task1,setSchedule> null
<9,planner6,proj61sched1,write> null
<10,planner3,proj31sched1,write> null
<11,planner2,proj22sched1,write> null
<12,planner10,proj101task2propa,setSchedule> null
<13,acc2,proj21budget1,read> null
<14,employee7_area2,proj71task2a,setStatus> null
<15,employee2_area1,proj21task1propa,request> null
<16,acc8,proj82task1propa,setCost> null
<17,employee2_area1,proj21task1,request> null
<18,acc2,proj21task1,setCost> null
<19,planner2,proj21task1a,setSchedule> null
<20,manager9,proj91budget1,read> null
<21,ldr52,proj52sched1,read> null
<22,acc9,proj91budget1,read> null
<23,manager10,proj102budget1,approve> null
<24,ldr42,proj42sched1,read> null
<25,employee7_area2,proj71sched1,read> null
<26,planner2,proj22task2,setSchedule> null
<27,aud7,proj71budget1,read> null
<28,acc6,proj62sched1,read> null
<29,planner8,proj82task1prop,setSchedule> null
<30,planner2,proj22task1prop,setSchedule> null
<31,employee4_area2,proj41task2prop,read> null
<32,aud3,proj31budget1,read> null
<33,planner1,proj11task2a,setSchedule> null
<34,planner5,proj52task2propa,setSchedule> null
<35,planner1,proj11task1,setSchedule> null
<36,aud5,proj51budget1,read> null
<37,planner10,proj101sched1,read> null
<38,acc10,proj101budget1,read> null
<39,nonemployee10_area2,proj102task2a,read> null
<40,planner10,proj101sched1,write> null
<41,nonemployee6_area1,proj62sched1,read> null
<42,planner7,proj71task2prop,setSchedule> null
<43,aud1,proj12budget1,read> null
<44,aud8,proj82budget1,read> null
<45,employee6_area2,proj61task2propa,request> null
<46,nonemployee8_area1,proj82task1,read> null
<47,acc9,proj92budget1,read> null
<48,acc9,proj92task1propa,setCost> null
<49,acc9,proj92budget1,write> null
<50,acc2,proj22task2,setCost> null
<51,ldr52,proj52budget1,write> null
<52,planner7,proj71sched1,write> null
<53,planner8,proj81task2,setSchedule> null
<54,ldr72,proj72budget1,write> null
<55,acc5,proj51task2,setCost> null
<56,acc7,proj71budget1,write> null
<57,planner1,proj11sched1,write> null
<58,aud6,proj61budget1,read> null
<59,acc2,proj22budget1,read> null
<60,planner7,proj72sched1,write> null
<61,acc4,proj42task1propa,setCost> null
<62,planner2,proj22task1,setSchedule> null
<63,nonemployee9_area2,proj92task2propa,setStatus> null
<64,aud5,proj52budget1,read> null
<65,acc4,proj41budget1,read> null
<66,nonemployee3_area2,proj32task2,request> null
<67,aud10,proj102budget1,read> null
<68,planner9,proj91sched1,write> null
<69,employee9_area2,proj91task2,read> null
<70,acc10,proj102budget1,write> null
<71,planner5,proj51sched1,write> null
<72,acc5,proj52task2,setCost> null
<73,planner6,proj61task2propa,setSchedule> null
<74,nonemployee2_area2,proj22task2propa,setStatus> null
<75,ldr91,proj91sched1,read> null
<76,acc5,proj52budget1,write> null
<77,manager2,proj22budget1,read> null
<78,aud9,proj91budget1,read> null
<79,planner4,proj42task2prop,setSchedule> null
<80,planner1,proj11task1propa,setSchedule> null
<81,acc3,proj31task1propa,setCost> null
<82,nonemployee2_area1,proj22task1a,setStatus> null
<83,nonemployee2_area2,proj22task2,read> null
<84,manager9,proj92budget1,read> null
<85,planner8,proj81task1prop,setSchedule> null
<86,ldr12,proj12sched1,read> null
<87,employee3_area1,proj31task1a,setStatus> null
<88,employee9_area2,proj91task2prop,read> null
<89,nonemployee8_area1,proj82task1a,read> null
<90,planner3,proj31task2a,setSchedule> null
<91,ldr81,proj82sched1,read> null
<92,employee5_area1,proj51task1propa,setStatus> null
<93,nonemployee10_area2,proj102task2a,setStatus> null
<94,employee8_area2,proj81task2propa,setStatus> null
<95,planner2,proj21sched1,write> null
<96,acc5,proj51task1a,setCost> null
<97,planner6,proj62task2propa,setSchedule> null
<98,planner7,proj71task2propa,setSchedule> null
<99,employee7_area2,proj71task2a,request> null
<100,planner1,proj12sched1,write> null
<101,nonemployee10_area1,proj102task1a,read> null
<102,planner10,proj101task1prop,setSchedule> null
<103,acc8,proj81task1propa,setCost> null
<104,planner9,proj92task2propa,setSchedule> null
<105,planner4,proj42task1,setSchedule> null
<106,planner2,proj21task2a,setSchedule> null
<107,ldr61,proj61budget1,read> null
<108,planner4,proj41sched1,write> null
<109,nonemployee2_area1,proj22task1a,request> null
<110,aud2,proj22budget1,read> null
<111,planner3,proj32sched1,write> null
<112,acc2,proj22task2a,setCost> null
<113,employee9_area1,proj91task1a,setStatus> null
<114,manager8,proj81budget1,read> null
<115,planner8,proj82sched1,write> null
<116,planner4,proj42sched1,write> null
<117,planner8,proj82task2prop,setSchedule> null
<118,employee6_area1,proj61task1prop,request> null
<119,nonemployee7_area2,proj72task2,request> null
<120,employee10_area2,proj101task2a,request> null
<121,aud2,proj21budget1,read> null
<122,acc7,proj72sched1,read> null
<123,acc1,proj12task1a,setCost> null
<124,acc6,proj61task1,setCost> null
<125,planner5,proj51task1propa,setSchedule> null
<126,acc6,proj61budget1,read> null
<127,acc10,proj102budget1,read> null
<128,employee10_area2,proj101task2a,setStatus> null
<129,nonemployee1_area1,proj12task1,read> null
<130,acc4,proj41task1prop,setCost> null
<131,employee5_area2,proj51sched1,read> null
<132,acc2,proj21task2propa,setCost> null
<133,planner9,proj92sched1,write> null
<134,planner5,proj51task2propa,setSchedule> null
<135,ldr21,proj21budget1,read> null
<136,acc6,proj61budget1,write> null
<137,employee2_area2,proj21task2propa,read> null
<138,planner2,proj22task2propa,setSchedule> null
<139,ldr72,proj71sched1,read> null
<140,nonemployee10_area1,proj102task1a,setStatus> null
<141,nonemployee8_area2,proj82task2a,read> null
<142,manager1,proj11budget1,read> null
<143,nonemployee9_area2,proj92sched1,read> null
<144,acc9,proj91sched1,read> null
<145,acc4,proj41task1,setCost> null
<146,nonemployee8_area2,proj82task2propa,setStatus> null
<147,employee8_area1,proj81task1propa,read> null
<148,ldr82,proj82sched1,read> null
<149,nonemployee2_area2,proj22task2,request> null
<150,acc7,proj71task2propa,setCost> null
<151,aud6,proj62budget1,read> null
<152,planner9,proj91task2propa,setSchedule> null
<153,acc1,proj12task2prop,setCost> null
<154,acc10,proj101task1prop,setCost> null
<155,planner10,proj102task1prop,setSchedule> null
<156,planner1,proj11task1a,setSchedule> null
<157,acc8,proj81task1,setCost> null
<158,nonemployee6_area2,proj62task2propa,setStatus> null
<159,ldr21,proj21sched1,write> null
<160,employee7_area1,proj71task1a,request> null
<161,aud1,proj11budget1,read> null
<162,acc8,proj82task2propa,setCost> null
<163,acc2,proj21task1a,setCost> null
<164,ldr71,proj71sched1,read> null
<165,planner9,proj91task2,setSchedule> null
<166,nonemployee3_area2,proj32task2a,read> null
<167,acc10,proj102task1propa,setCost> null
<168,planner6,proj62task1,setSchedule> null
<169,aud9,proj92budget1,read> null
<170,employee2_area2,proj21task2,read> null
<171,planner8,proj81task2prop,setSchedule> null
<172,acc8,proj82budget1,read> null
<173,nonemployee9_area1,proj92task1a,setStatus> null
<174,ldr32,proj32budget1,read> null
<175,planner6,proj61task2,setSchedule> null
<176,planner2,proj22sched1,read> null
<177,acc1,proj12task1propa,setCost> null
<178,employee5_area2,proj51task2,read> null
<179,planner9,proj92task1propa,setSchedule> null
<180,employee3_area2,proj31task2a,setStatus> null
<181,nonemployee1_area1,proj12sched1,read> null
<182,acc7,proj71budget1,read> null
<183,manager1,proj11budget1,approve> null
<184,planner2,proj21task1,setSchedule> null
<185,planner7,proj71task2a,setSchedule> null
<186,planner3,proj31sched1,read> null
<187,acc4,proj41task1a,setCost> null
<188,acc9,proj92task1,setCost> null
<189,planner7,proj72task2propa,setSchedule> null
<190,nonemployee7_area1,proj72sched1,read> null
<191,acc6,proj61task2a,setCost> null
<192,acc6,proj61task1propa,setCost> null
<193,acc7,proj72budget1,read> null
<194,acc10,proj102task2,setCost> null
<195,acc10,proj102task1,setCost> null
<196,acc4,proj41budget1,write> null
<197,employee9_area1,proj91task1,read> null
<198,planner8,proj82task1,setSchedule> null
<199,planner7,proj72task1propa,setSchedule> null
<200,planner1,proj11task2prop,setSchedule> null
<201,acc3,proj32sched1,read> null
<202,aud8,proj81budget1,read> null
<203,ldr11,proj12sched1,read> null
<204,nonemployee2_area2,proj22task2a,request> null
<205,nonemployee5_area1,proj52task1a,read> null
<206,nonemployee9_area2,proj92task2a,request> null
<207,acc3,proj32budget1,write> null
<208,acc5,proj51budget1,write> null
<209,acc2,proj22budget1,write> null
<210,acc5,proj52budget1,read> null
<211,planner9,proj91task1a,setSchedule> null
<212,employee9_area2,proj91sched1,read> null
<213,ldr82,proj82budget1,read> null
<214,nonemployee6_area1,proj62task1,request> null
<215,planner7,proj72task1a,setSchedule> null
<216,planner5,proj52sched1,write> null
<217,acc9,proj91task2,setCost> null
<218,planner1,proj11task2propa,setSchedule> null
<219,acc4,proj42task2prop,setCost> null
<220,planner6,proj61task1,setSchedule> null
<221,acc9,proj91task1,setCost> null
<222,nonemployee1_area2,proj12sched1,read> null
<223,ldr62,proj62budget1,write> null
<224,planner6,proj61task1prop,setSchedule> null
<225,acc1,proj11budget1,write> null
<226,nonemployee3_area2,proj32task2propa,setStatus> null
<227,nonemployee3_area1,proj32task1a,read> null
<228,planner3,proj32task1prop,setSchedule> null
<229,acc5,proj52task2propa,setCost> null
<230,manager5,proj52budget1,approve> null
<231,nonemployee6_area1,proj62task1a,setStatus> null
<232,acc1,proj12budget1,read> null
<233,acc1,proj11task2prop,setCost> null
<234,employee3_area2,proj31task2,read> null
<235,acc1,proj12task1prop,setCost> null
<236,manager5,proj52budget1,read> null
<237,ldr42,proj41sched1,read> null
<238,acc1,proj12task2a,setCost> null
<239,nonemployee9_area1,proj92task1a,request> null
<240,ldr51,proj51budget1,write> null
<241,employee9_area2,proj91task2propa,read> null
<242,planner5,proj52task2,setSchedule> null
<243,planner5,proj52task1,setSchedule> null
<244,planner7,proj71task1prop,setSchedule> null
<245,aud4,proj41budget1,read> null
<246,acc2,proj21task2a,setCost> null
<247,aud7,proj72budget1,read> null
<248,employee4_area2,proj41task2prop,request> null
<249,planner8,proj81task2a,setSchedule> null
<250,employee5_area1,proj51task1,request> null
<251,acc2,proj22task1prop,setCost> null
<252,employee4_area1,proj41task1,read> null
<253,employee6_area2,proj61task2,request> null
<254,acc8,proj82budget1,write> null
<255,manager9,proj91budget1,approve> null
<256,nonemployee8_area2,proj82task2,read> null
<257,planner9,proj92task1,setSchedule> null
<258,acc1,proj11task1,setCost> null
<259,acc6,proj61task2,setCost> null
<260,acc2,proj22task1,setCost> null
<261,acc8,proj82sched1,read> null
<262,acc8,proj81budget1,read> null
<263,planner7,proj72sched1,read> null
<264,employee10_area1,proj101task1,request> null
<265,employee3_area1,proj31task1,read> null
<266,planner1,proj11sched1,read> null
<267,planner6,proj62sched1,write> null
<268,acc9,proj92task2,setCost> null
<269,acc7,proj72task2,setCost> null
<270,employee3_area2,proj31task2propa,setStatus> null
<271,planner2,proj21task1prop,setSchedule> null
<272,employee10_area1,proj101task1a,setStatus> null
<273,planner2,proj21task2prop,setSchedule> null
<274,acc3,proj31task1,setCost> null
<275,planner10,proj102task1,setSchedule> null
<276,planner10,proj102task2,setSchedule> null
<277,acc8,proj81task2,setCost> null
<278,employee5_area1,proj51sched1,read> null
<279,nonemployee6_area1,proj62task1,read> null
<280,planner9,proj91task1propa,setSchedule> null
<281,employee4_area2,proj41task2,read> null
<282,employee3_area2,proj31task2a,read> null
<283,manager3,proj31budget1,approve> null
<284,acc7,proj72task1a,setCost> null
<285,ldr62,proj62sched1,write> null
<286,planner6,proj61task2a,setSchedule> null
<287,planner5,proj52task1propa,setSchedule> null
<288,acc4,proj42task2propa,setCost> null
<289,manager4,proj42budget1,read> null
<290,acc7,proj72task1propa,setCost> null
<291,employee4_area1,proj41task1propa,setStatus> null
<292,planner8,proj82task2a,setSchedule> null
<293,manager10,proj101budget1,read> null
<294,nonemployee1_area2,proj12task2a,read> null
<295,acc5,proj51task2a,setCost> null
<296,nonemployee6_area2,proj62task2a,request> null
<297,employee4_area1,proj41task1a,request> null
<298,ldr11,proj11budget1,read> null
<299,acc8,proj81task2a,setCost> null
<300,ldr41,proj41budget1,write> null
<301,planner3,proj31task2,setSchedule> null
<302,acc6,proj62task2prop,setCost> null
<303,employee4_area1,proj41task1,request> null
<304,planner4,proj41task2propa,setSchedule> null
<305,acc8,proj82task2,setCost> null
<306,acc2,proj21task2prop,setCost> null
<307,acc6,proj62task2a,setCost> null
<308,employee6_area2,proj61sched1,read> null
<309,acc8,proj82task1,setCost> null
<310,planner8,proj81task1propa,setSchedule> null
<311,ldr22,proj21sched1,read> null
<312,ldr71,proj71budget1,read> null
<313,acc7,proj72task1,setCost> null
<314,acc6,proj62task1prop,setCost> null
<315,planner6,proj62task1a,setSchedule> null
<316,employee5_area2,proj51task2prop,read> null
<317,planner3,proj31task1,setSchedule> null
<318,ldr11,proj11sched1,read> null
<319,aud2,proj22sched1,read> null
<320,acc5,proj52task1propa,setCost> null
<321,planner9,proj91task2a,setSchedule> null
<322,employee3_area1,proj31sched1,read> null
<323,ldr101,proj101sched1,write> null
<324,employee1_area2,proj11task2,request> null
<325,acc4,proj41task1propa,setCost> null
<326,acc6,proj62task2,setCost> null
<327,employee7_area2,proj71task2prop,request> null
<328,acc4,proj41task2,setCost> null
<329,acc1,proj12task2propa,setCost> null
<330,employee1_area2,proj11task2,read> null
<331,nonemployee9_area2,proj92task2,read> null
<332,ldr21,proj21sched1,read> null
<333,nonemployee8_area1,proj82task1a,setStatus> null
<334,employee4_area2,proj41task2,request> null
<335,ldr22,proj22sched1,write> null
<336,acc9,proj91task1prop,setCost> null
<337,ldr12,proj12sched1,write> null
<338,ldr22,proj22budget1,write> null
<339,nonemployee10_area1,proj102task1a,request> null
<340,nonemployee4_area2,proj42task2,read> null
<341,planner6,proj61task1propa,setSchedule> null
<342,planner9,proj91task2prop,setSchedule> null
<343,employee2_area2,proj21task2prop,request> null
<344,acc5,proj51task2prop,setCost> null
<345,employee1_area1,proj11task1prop,request> null
<346,nonemployee4_area1,proj42task1,request> null
<347,employee4_area2,proj41task2a,request> null
<348,planner9,proj92task1prop,setSchedule> null
<349,employee3_area1,proj31task1prop,read> null
<350,planner1,proj11task1prop,setSchedule> null
<351,nonemployee9_area1,proj92task1,request> null
<352,acc6,proj61task1prop,setCost> null
<353,acc9,proj92task1prop,setCost> null
<354,acc9,proj91task1a,setCost> null
<355,employee1_area1,proj11task1a,request> null
<356,employee5_area2,proj51task2,request> null
<357,nonemployee4_area2,proj42task2,request> null
<358,planner8,proj82task2,setSchedule> null
<359,planner1,proj12task1a,setSchedule> null
<360,acc9,proj91task1propa,setCost> null
<361,acc8,proj82task2prop,setCost> null
<362,acc9,proj91task2prop,setCost> null
<363,nonemployee8_area2,proj82sched1,read> null
<364,acc10,proj101task1propa,setCost> null
<365,ldr31,proj31budget1,write> null
<366,ldr61,proj61sched1,read> null
<367,nonemployee9_area2,proj92task2,request> null
<368,employee9_area1,proj91task1propa,request> null
<369,nonemployee8_area2,proj82task2a,setStatus> null
<370,nonemployee8_area1,proj82sched1,read> null
<371,planner7,proj72task1prop,setSchedule> null
<372,acc8,proj81task2prop,setCost> null
<373,acc1,proj12budget1,write> null
<374,acc1,proj12task2,setCost> null
<375,manager7,proj72budget1,read> null
<376,planner1,proj12task2propa,setSchedule> null
<377,acc1,proj12task1,setCost> null
<378,nonemployee10_area1,proj102task1propa,setStatus> null
<379,planner9,proj91task1prop,setSchedule> null
<380,employee3_area1,proj31task1propa,read> null
<381,acc4,proj41sched1,read> null
<382,aud2,proj21sched1,read> null
<383,acc6,proj62task2propa,setCost> null
<384,employee3_area1,proj31task1propa,setStatus> null
<385,aud10,proj101sched1,read> null
<386,acc10,proj101sched1,read> null
<387,nonemployee9_area2,proj92task2a,setStatus> null
<388,nonemployee5_area2,proj52task2a,setStatus> null
<389,planner7,proj71sched1,read> null
<390,planner6,proj62task2prop,setSchedule> null
<391,employee4_area2,proj41task2propa,read> null
<392,planner4,proj42task1a,setSchedule> null
<393,employee9_area2,proj91task2prop,request> null
<394,manager7,proj72budget1,approve> null
<395,acc10,proj102task1prop,setCost> null
<396,nonemployee2_area2,proj22sched1,read> null
<397,planner3,proj32task1a,setSchedule> null
<398,employee8_area1,proj81task1propa,request> null
<399,employee6_area2,proj61task2prop,request> null
<400,acc5,proj52task1a,setCost> null
<401,planner2,proj22task2prop,setSchedule> null
<402,aud10,proj102sched1,read> null
<403,planner6,proj61task2prop,setSchedule> null
<404,planner7,proj72task2prop,setSchedule> null
<405,ldr101,proj102sched1,read> null
<406,employee10_area1,proj101task1propa,setStatus> null
<407,employee3_area2,proj31task2prop,request> null
<408,acc5,proj51task1propa,setCost> null
<409,aud9,proj92sched1,read> null
<410,acc4,proj42task1prop,setCost> null
<411,employee5_area2,proj51task2propa,request> null
<412,employee1_area1,proj11task1a,setStatus> null
<413,acc7,proj71task1prop,setCost> null
<414,nonemployee5_area2,proj52task2a,read> null
<415,acc3,proj32task2propa,setCost> null
<416,acc10,proj102sched1,read> null
<417,manager5,proj51budget1,read> null
<418,planner8,proj82task1propa,setSchedule> null
<419,aud1,proj11sched1,read> null
<420,acc9,proj91budget1,write> null
<421,employee8_area2,proj81task2propa,read> null
<422,employee6_area1,proj61task1a,request> null
<423,planner6,proj62task1prop,setSchedule> null
<424,ldr61,proj62sched1,read> null
<425,planner2,proj21task1propa,setSchedule> null
<426,manager7,proj71budget1,read> null
<427,acc5,proj52task2a,setCost> null
<428,nonemployee7_area1,proj72task1propa,setStatus> null
<429,ldr41,proj41budget1,read> null
<430,nonemployee4_area1,proj42task1propa,setStatus> null
<431,employee1_area1,proj11task1a,read> null
<432,acc3,proj31budget1,write> null
<433,ldr92,proj91sched1,read> null
<434,manager6,proj62budget1,read> null
<435,nonemployee5_area1,proj52task1a,setStatus> null
<436,acc9,proj91task2propa,setCost> null
<437,manager6,proj61budget1,read> null
<438,planner3,proj31task2propa,setSchedule> null
<439,ldr81,proj81budget1,read> null
<440,acc4,proj42task2a,setCost> null
<441,acc5,proj51budget1,read> null
<442,manager4,proj42budget1,approve> null
<443,ldr51,proj51sched1,read> null
<444,acc3,proj32task1a,setCost> null
<445,planner8,proj82task1a,setSchedule> null
<446,acc7,proj72task2propa,setCost> null
<447,employee1_area1,proj11task1,read> null
<448,planner3,proj32task2prop,setSchedule> null
<449,planner5,proj52task2prop,setSchedule> null
<450,planner1,proj11task2,setSchedule> null
<451,acc8,proj81task1a,setCost> null
<452,acc4,proj42task1,setCost> null
<453,employee3_area2,proj31task2a,request> null
<454,planner7,proj72task1,setSchedule> null
<455,acc4,proj42task2,setCost> null
<456,nonemployee6_area1,proj62task1a,request> null
<457,ldr31,proj31sched1,write> null
<458,planner3,proj31task1a,setSchedule> null
<459,manager5,proj51budget1,approve> null
<460,acc8,proj82task2a,setCost> null
<461,employee10_area1,proj101task1a,request> null
<462,aud1,proj12sched1,read> null
<463,planner3,proj32task2a,setSchedule> null
<464,planner7,proj72task2a,setSchedule> null
<465,employee8_area1,proj81task1a,read> null
<466,ldr12,proj11sched1,read> null
<467,employee1_area1,proj11task1propa,setStatus> null
<468,employee2_area2,proj21task2a,request> null
<469,nonemployee10_area2,proj102task2a,request> null
<470,employee1_area1,proj11task1,request> null
<471,acc2,proj21budget1,write> null
<472,ldr32,proj31sched1,read> null
<473,employee8_area2,proj81task2a,setStatus> null
<474,employee8_area2,proj81task2a,read> null
<475,planner4,proj42task1prop,setSchedule> null
<476,nonemployee2_area1,proj22task1,read> null
<477,acc3,proj31sched1,read> null
<478,planner2,proj21task2,setSchedule> null
<479,employee9_area1,proj91task1,request> null
<480,planner1,proj12task1prop,setSchedule> null
<481,nonemployee3_area1,proj32task1a,setStatus> null
<482,employee8_area2,proj81task2,request> null
<483,manager1,proj12budget1,read> null
<484,ldr102,proj102budget1,read> null
<485,employee7_area1,proj71sched1,read> null
<486,planner1,proj12task1,setSchedule> null
<487,nonemployee4_area2,proj42task2propa,setStatus> null
<488,acc9,proj92task1a,setCost> null
<489,employee4_area2,proj41sched1,read> null
<490,ldr72,proj72budget1,read> null
<491,planner8,proj81sched1,write> null
<492,manager8,proj82budget1,read> null
<493,planner1,proj12task2prop,setSchedule> null
<494,acc1,proj11budget1,read> null
<495,nonemployee1_area1,proj12task1a,request> null
<496,ldr71,proj71budget1,write> null
<497,planner4,proj41task2,setSchedule> null
<498,planner9,proj92sched1,read> null
<499,planner4,proj41task1,setSchedule> null
<500,employee4_area2,proj41task2a,setStatus> null
<501,planner1,proj12sched1,read> null
<502,employee7_area2,proj71task2a,read> null
<503,planner4,proj41task1a,setSchedule> null
<504,employee8_area1,proj81task1,request> null
<505,nonemployee8_area2,proj82task2,request> null
<506,planner4,proj42task2a,setSchedule> null
<507,acc9,proj92task2a,setCost> null
<508,acc4,proj42task1a,setCost> null
<509,employee4_area1,proj41sched1,read> null
<510,ldr31,proj31budget1,read> null
<511,planner10,proj102task2prop,setSchedule> null
<512,nonemployee3_area2,proj32task2a,setStatus> null
<513,acc4,proj41task2propa,setCost> null
<514,employee2_area1,proj21sched1,read> null
<515,ldr92,proj92sched1,write> null
<516,employee7_area1,proj71task1propa,setStatus> null
<517,nonemployee5_area1,proj52task1,read> null
<518,acc10,proj101task2propa,setCost> null
<519,manager9,proj92budget1,approve> null
<520,planner6,proj62task1propa,setSchedule> null
<521,planner4,proj42sched1,read> null
<522,nonemployee3_area2,proj32sched1,read> null
<523,acc2,proj22task1propa,setCost> null
<524,employee8_area1,proj81task1a,setStatus> null
<525,employee3_area2,proj31sched1,read> null
<526,employee6_area1,proj61task1,request> null
<527,nonemployee8_area1,proj82task1,request> null
<528,manager8,proj82budget1,approve> null
<529,employee9_area1,proj91task1propa,setStatus> null
<530,employee10_area1,proj101task1a,read> null
<531,acc6,proj62budget1,read> null
<532,employee2_area2,proj21sched1,read> null
<533,acc3,proj31task2prop,setCost> null
<534,nonemployee5_area2,proj52task2,read> null
<535,acc3,proj32task1prop,setCost> null
<536,ldr101,proj101budget1,read> null
<537,employee10_area2,proj101task2prop,request> null
<538,nonemployee3_area1,proj32sched1,read> null
<539,manager3,proj32budget1,approve> null
<540,ldr42,proj42sched1,write> null
<541,employee4_area1,proj41task1a,setStatus> null
<542,ldr91,proj91budget1,write> null
<543,employee5_area1,proj51task1propa,read> null
<544,employee10_area2,proj101task2,read> null
<545,planner7,proj72task2,setSchedule> null
<546,employee7_area1,proj71task1propa,request> null
<547,employee1_area1,proj11task1prop,read> null
<548,acc7,proj71task1propa,setCost> null
<549,employee10_area1,proj101task1,read> null
<550,acc6,proj61task2prop,setCost> null
<551,employee7_area2,proj71task2prop,read> null
<552,ldr31,proj31sched1,read> null
<553,employee9_area1,proj91task1prop,request> null
<554,acc1,proj11sched1,read> null
<555,planner6,proj62task2a,setSchedule> null
<556,employee8_area2,proj81task2,read> null
<557,nonemployee8_area1,proj82task1propa,setStatus> null
<558,employee2_area1,proj21task1propa,read> null
<559,planner4,proj41task2prop,setSchedule> null
<560,ldr41,proj41sched1,write> null
<561,acc10,proj102task2prop,setCost> null
<562,acc5,proj52task1,setCost> null
<563,employee9_area1,proj91task1a,read> null
<564,employee1_area2,proj11task2propa,setStatus> null
<565,planner10,proj102task2a,setSchedule> null
<566,planner8,proj81sched1,read> null
<567,employee1_area1,proj11task1propa,request> null
<568,acc3,proj31task2,setCost> null
<569,nonemployee3_area1,proj32task1propa,setStatus> null
<570,planner1,proj12task1propa,setSchedule> null
<571,employee8_area1,proj81task1,read> null
<572,planner4,proj42task2propa,setSchedule> null
<573,acc2,proj22task2propa,setCost> null
<574,nonemployee7_area1,proj72task1,read> null
<575,nonemployee8_area2,proj82task2a,request> null
<0,manager2,proj21budget1,approve> 3.0716113415352506E-4
<1,acc10,proj101task2,setCost> 1.6153915189063363E-4
<2,manager2,proj21budget1,read> 0.0015358056707676254
<3,employee2_area2,proj21task2,request> 0.0011757445123654112
<4,acc10,proj101task1,setCost> 1.5270785429296802E-4
<5,planner8,proj82task2propa,setSchedule> 0.001941084694358299
<6,acc2,proj22task2prop,setCost> 5.854414365785834E-4
<7,ldr21,proj21budget1,write> 7.731755588890408E-4
<8,acc2,proj21task1propa,setCost> 2.586834254649555E-4
<9,nonemployee1_area2,proj12task2a,request> 4.2795441192676855E-4
<10,nonemployee2_area1,proj22task1a,read> 6.166680357489352E-4
<11,nonemployee1_area1,proj12task1a,setStatus> 3.532877240664973E-4
<12,employee9_area2,proj91task2,request> 0.0010138442400435183
<13,employee4_area2,proj41task2a,read> 0.0015008677716523487
<14,employee7_area2,proj71task2propa,setStatus> 2.1659799399289406E-4
<15,ldr102,proj102sched1,read> 9.245258143147051E-4
<16,employee1_area2,proj11task2a,request> 0.0012566946485263572
<17,aud3,proj32budget1,read> 5.55827832559911E-4
<18,employee6_area1,proj61task1propa,read> 1.5148942612760668E-4
<19,employee10_area1,proj101task1prop,read> 5.061090088657284E-4
<20,acc6,proj62task1propa,setCost> 5.942727341762491E-4
<21,acc5,proj52sched1,read> 1.3170915003070106E-4
<22,employee9_area2,proj91task2propa,setStatus> 7.923517055150411E-4
<23,acc8,proj81task1prop,setCost> 0.001009343721266533
<24,planner9,proj92task2prop,setSchedule> 8.382666377152939E-4
<25,ldr91,proj91sched1,write> 7.82762855925123E-4
<26,employee9_area2,proj91task2a,read> 0.0011834162572956968
<27,acc10,proj101task2prop,setCost> 4.1764678222293663E-4
<28,planner7,proj71task1a,setSchedule> 0.001598461608799307
<29,employee10_area2,proj101task2prop,read> 1.6939950606387544E-4
<30,nonemployee1_area1,proj12task1a,read> 5.406079097122357E-4
<31,acc7,proj71task2prop,setCost> 9.386933404852082E-4
<32,employee7_area2,proj71task2,read> 3.104245928149033E-4
<33,employee8_area2,proj81task2prop,request> 1.2980628935143062E-4
<34,ldr62,proj62budget1,read> 9.29720521108164E-5
<35,employee8_area1,proj81task1prop,read> 4.0939457720987695E-4
<36,employee10_area1,proj101task1prop,request> 3.441541260286953E-4
<37,employee7_area1,proj71task1,read> 3.0050423299125795E-4
<38,employee4_area1,proj41task1a,read> 0.0011040533787065336
<39,ldr51,proj51budget1,read> 1.4433257194697071E-4
<40,planner5,proj52task2a,setSchedule> 4.6352263788514657E-4
<41,aud8,proj81sched1,read> 5.13915791716427E-5
<42,planner6,proj61task1a,setSchedule> 0.0011059409233082562
<43,manager7,proj71budget1,approve> 3.204918162867702E-4
<44,acc4,proj41task2prop,setCost> 0.001079994102047858
<45,employee6_area2,proj61task2propa,read> 2.6611393771972685E-4
<46,nonemployee2_area2,proj22task2a,setStatus> 2.2902433309049435E-4
<47,planner9,proj91task1,setSchedule> 0.0015877546373755885
<48,employee4_area1,proj41task1prop,read> 4.631248170186832E-4
<49,planner10,proj102sched1,read> 2.357300862427145E-4
<50,acc10,proj101budget1,write> 0.002457350157982222
<51,employee9_area1,proj91sched1,read> 0.0011286224756632821
<52,planner9,proj92task2,setSchedule> 8.918014948338864E-4
<53,planner10,proj102task1a,setSchedule> 0.001320080351782626
<54,planner4,proj41sched1,read> 3.98283254579828E-4
<55,acc7,proj72budget1,write> 0.004533765845862102
<56,ldr22,proj22budget1,read> 8.177260542432163E-4
<57,aud6,proj62sched1,read> 4.4203437224620804E-4
<58,employee5_area1,proj51task1a,setStatus> 9.647671604942451E-5
<59,planner5,proj52task1a,setSchedule> 2.600901808344951E-4
<60,ldr102,proj102sched1,write> 4.2803286559008383E-4
<61,acc3,proj31task2propa,setCost> 0.0014597398987474797
<62,nonemployee6_area2,proj62task2a,setStatus> 6.722304275715716E-4
<63,aud7,proj72sched1,read> 3.951972831491122E-4
<64,ldr11,proj11sched1,write> 1.64382197097825E-4
<65,nonemployee3_area2,proj32task2a,request> 2.3400109053318486E-4
<66,planner6,proj62sched1,read> 3.209290647814935E-4
<67,ldr52,proj52budget1,read> 6.75057943587232E-4
<68,planner2,proj22task1propa,setSchedule> 0.001555633723104433
<69,acc1,proj11task2a,setCost> 0.001645197148298458
<70,employee7_area1,proj71task1prop,request> 4.7812152395198566E-4
<71,employee3_area2,proj31task2propa,request> 4.026126269406765E-4
<72,planner3,proj32task1,setSchedule> 4.3140172361399103E-4
<73,planner3,proj32task2,setSchedule> 4.206947521902725E-4
<74,planner4,proj41task2a,setSchedule> 0.0016198755516467441
<75,manager6,proj61budget1,approve> 1.5290609804025906E-4
<76,planner5,proj52task1prop,setSchedule> 8.168526948678569E-4
<77,planner10,proj101task2prop,setSchedule> 5.063505235800205E-4
<78,employee5_area1,proj51task1,read> 6.377964669952009E-4
<79,ldr41,proj41sched1,read> 0.0010416406250394492
<80,planner2,proj22task1a,setSchedule> 0.0010416990947659452
<81,employee2_area1,proj21task1,read> 0.001738956407419838
<82,acc6,proj61task2propa,setCost> 6.560918173599084E-4
<83,employee4_area1,proj41task1propa,request> 3.197964173153697E-4
<84,employee10_area2,proj101task2a,read> 0.0013322216546503775
<85,employee8_area1,proj81task1propa,setStatus> 6.515198624089044E-4
<86,employee1_area2,proj11task2a,read> 0.0018480803654799373
<87,nonemployee9_area1,proj92task1a,read> 3.8214931380244516E-4
<88,manager4,proj41budget1,approve> 2.595515551062207E-4
<89,employee10_area2,proj101task2propa,setStatus> 6.349514102787707E-4
<90,nonemployee1_area2,proj12task2a,setStatus> 4.1127730652196535E-4
<91,planner10,proj101task1a,setSchedule> 0.0016305825230704626
<92,nonemployee5_area1,proj52task1propa,setStatus> 7.550726882222401E-4
<93,acc9,proj92task2propa,setCost> 6.119353293715803E-4
<94,manager8,proj81budget1,approve> 1.7575869598296511E-4
<95,employee1_area2,proj11task2a,setStatus> 7.71641140352374E-4

