<0,planner9,proj92sched1,write> 0.010723188512918192
<1,acc8,proj82task1prop,setCost> 0.0018218231002517702
<2,ldr61,proj61sched1,write> 6.149851577936854E-4
<3,planner7,proj71sched1,write> 0.016315762621066147
<4,employee1_area1,proj11task1a,read> 0.0020266468423055543
<5,ldr61,proj61budget1,read> 4.58202415390136E-4
<6,acc5,proj52budget1,write> 0.003666010036001853
<7,planner2,proj22sched1,write> 0.008074074461690216
<8,aud7,proj71budget1,read> 0.0100672135233609
<9,employee4_area1,proj41task1a,read> 0.0011040533787065336
<10,planner7,proj72task1propa,setSchedule> 0.0016519964659178995
<11,employee1_area1,proj11task1,read> 0.001659593528830675
<12,ldr71,proj71budget1,read> 9.603941648992004E-4
<13,ldr32,proj31sched1,read> 6.369503415325115E-4
<14,acc9,proj91budget1,write> 0.004564757124785683
<15,planner9,proj91task1prop,setSchedule> 0.0013629082374775
<16,acc4,proj42task1a,setCost> 0.0015303902795288048
<17,acc5,proj51budget1,write> 7.838210961088853E-4
<18,employee6_area2,proj61sched1,read> 6.643512498661141E-4
<19,employee4_area1,proj41task1,read> 3.79867111580421E-4
<20,ldr52,proj52budget1,read> 6.75057943587232E-4
<21,aud8,proj82budget1,read> 0.010545773809690512
<22,planner8,proj81task2,setSchedule> 0.001491391894562122
<23,nonemployee1_area1,proj12sched1,read> 4.0786503568501927E-4
<24,planner4,proj41sched1,write> 0.010036381166303532
<25,aud1,proj11budget1,read> 0.0057601709463944144
<26,planner6,proj62sched1,write> 0.009938265831072867
<27,nonemployee8_area1,proj82task1a,request> 6.219077333203524E-4
<28,planner7,proj71task1a,setSchedule> 0.001598461608799307
<29,employee10_area2,proj101task2a,read> 0.0013322216546503775
<30,acc10,proj102budget1,read> 0.007500319933935928
<31,nonemployee5_area2,proj52task2a,setStatus> 1.7931897670009318E-4
<32,planner10,proj101sched1,write> 0.018572415331371463
<33,employee10_area1,proj101task1propa,read> 6.386436003941172E-4
<34,planner1,proj11task2,setSchedule> 0.0016734104087653366
<35,acc7,proj72task2a,setCost> 0.001760004017068111
<36,planner8,proj82task2propa,setSchedule> 0.001941084694358299
<37,aud5,proj52budget1,read> 0.007076211733800841
<38,employee9_area2,proj91task2a,request> 8.047230549610737E-4
<39,ldr52,proj52budget1,write> 5.670486726132748E-4
<40,acc7,proj71task2a,setCost> 0.0011683070780245143
<41,acc2,proj21budget1,read> 0.005950755987756913
<42,employee3_area2,proj31task2a,request> 0.0012094737357658055
<43,aud10,proj101budget1,read> 0.004743230337943995
<44,nonemployee2_area2,proj22task2a,setStatus> 2.2902433309049435E-4
<45,planner1,proj12sched1,write> 0.010526957842456861
<46,planner1,proj11task1,setSchedule> 0.00179118709442624
<47,employee9_area1,proj91task1propa,setStatus> 8.089201576451748E-4
<48,aud5,proj51budget1,read> 0.0015129484052191305
<49,acc8,proj81budget1,read> 0.0034050437904628163
<50,acc8,proj81task1,setCost> 0.0012124635660128423
<51,manager8,proj81budget1,read> 8.787934799148255E-4
<52,employee3_area2,proj31task2a,read> 0.0017786378467144195
<53,acc4,proj41task1a,setCost> 9.828498284735361E-4
<54,ldr62,proj62sched1,write> 4.8555664780657655E-4
<55,manager3,proj32budget1,read> 8.847446772957386E-5
<56,acc5,proj52task2,setCost> 4.4414067501593354E-4
<57,employee6_area1,proj61task1a,request> 6.96789540079812E-4
<58,aud2,proj22budget1,read> 0.00857171262858087
<59,planner3,proj32task1prop,setSchedule> 7.526108663255459E-4
<60,planner6,proj61sched1,write> 0.012587379882300846
<61,planner3,proj31task2propa,setSchedule> 0.0017697731515788028
<62,nonemployee9_area2,proj92task2propa,setStatus> 2.870139155459624E-4
<63,acc9,proj91budget1,read> 0.005434234672363908
<64,aud9,proj91budget1,read> 0.008810992771745678
<65,planner7,proj72task2a,setSchedule> 0.002133810179985232
<66,planner9,proj91sched1,write> 0.01602141661537415
<67,acc2,proj22task2prop,setCost> 5.854414365785834E-4
<68,nonemployee7_area2,proj72task2,read> 5.532845973850189E-4
<69,planner3,proj32task1propa,setSchedule> 0.0020374474371717653
<70,planner4,proj42task1,setSchedule> 6.562481235120795E-4
<71,nonemployee2_area2,proj22task2propa,setStatus> 3.035823676760961E-4
<72,planner8,proj82task1propa,setSchedule> 0.0016948243516127733
<73,ldr12,proj12sched1,read> 0.001026375957693313
<74,planner1,proj12task1a,setSchedule> 9.132154376813232E-4
<75,acc8,proj82task1a,setCost> 0.0012742826491965017
<76,acc4,proj41budget1,write> 0.004223853056626299
<77,planner10,proj102sched1,write> 0.008760881808304876
<78,ldr21,proj21sched1,read> 0.0012018111250716016
<79,nonemployee4_area2,proj42sched1,read> 1.4562023163772626E-4
<80,acc9,proj91task1a,setCost> 0.0011153192924385207
<81,aud3,proj31budget1,read> 0.0015727684410103315
<82,ldr42,proj41sched1,read> 4.470526326916436E-4
<83,acc2,proj22budget1,read> 0.005286657153680191
<84,acc4,proj41budget1,read> 0.00502839649598369
<85,acc10,proj102budget1,write> 0.006300268744506179
<86,acc1,proj12budget1,write> 0.002736271668294444
<87,planner3,proj31sched1,write> 0.011802457200455517
<88,ldr31,proj31sched1,read> 0.0013102206906243981
<89,employee9_area2,proj91task2prop,read> 6.637177123048934E-4
<90,planner6,proj61task2prop,setSchedule> 0.001234424580392878
<91,acc7,proj71budget1,read> 0.006209016645453415
<92,aud10,proj102budget1,read> 0.012160914776052942
<93,aud7,proj72budget1,read> 0.008751172735954476
<94,planner7,proj72sched1,write> 0.0070929211093835555
<95,employee6_area1,proj61task1,read> 0.0016992749681252564
<96,acc2,proj22task1prop,setCost> 0.0013714269227708235
<97,acc5,proj51budget1,read> 9.331203525105778E-4
<98,nonemployee8_area1,proj82task1a,read> 9.145701960593416E-4
<99,acc5,proj51task2prop,setCost> 0.0010270063164618643
<100,ldr81,proj82sched1,read> 7.764625482226073E-5
<101,employee4_area2,proj41task2propa,setStatus> 7.964938185475746E-4
<102,planner9,proj91task2propa,setSchedule> 0.0020481544085954838
<103,nonemployee10_area2,proj102task2a,setStatus> 4.8583534110756705E-4
<104,employee8_area2,proj81task2propa,setStatus> 2.0002954186276034E-4
<105,acc6,proj61task2prop,setCost> 0.0010181750188641987
<106,acc5,proj51task1a,setCost> 2.0569563987896174E-4
<107,planner10,proj101task1a,setSchedule> 0.0016305825230704626
<108,planner4,proj41task2prop,setSchedule> 0.0013093733803589075
<109,acc10,proj101budget1,read> 0.0029254168547407406
<110,nonemployee10_area1,proj102task1a,read> 7.814649754951175E-4
<111,planner10,proj101task1prop,setSchedule> 0.0015128058374095593
<112,acc10,proj101sched1,read> 0.0013433657029964094
<113,planner2,proj21task2a,setSchedule> 8.703875519864494E-4
<114,planner1,proj12task2propa,setSchedule> 4.4210869503770955E-4
<115,acc7,proj71budget1,write> 0.005215573982180868
<116,planner8,proj82task1prop,setSchedule> 0.002208758979951261
<117,acc10,proj101task2a,setCost> 0.0011859696732198456
<118,employee7_area1,proj71task1prop,request> 4.7812152395198566E-4
<119,acc7,proj72task2prop,setCost> 0.0017688353146657766
<120,manager5,proj52budget1,read> 0.001126363290960808
<121,planner2,proj21sched1,write> 0.013960994575530168
<122,nonemployee1_area1,proj12task1propa,setStatus> 4.692668889774334E-4
<123,nonemployee2_area1,proj22task1a,request> 4.1933426430927596E-4
<124,employee10_area1,proj101sched1,read> 5.647619077903272E-4
<125,employee7_area1,proj71task1prop,read> 7.031198881646848E-4
<126,employee5_area2,proj51task2,request> 4.269557528766577E-4
<127,manager1,proj11budget1,read> 9.168811431526688E-4
<128,acc7,proj72sched1,read> 3.52279931132919E-4
<129,employee10_area2,proj101task2a,setStatus> 5.562512626606354E-4
<130,acc3,proj31task1propa,setCost> 8.857055548992146E-4
<131,employee7_area2,proj71task2prop,request> 2.589021455320559E-4
<132,manager2,proj21budget1,read> 0.0015358056707676254
<133,aud9,proj92budget1,read> 0.0058798110179768175
<134,acc4,proj41task1prop,setCost> 0.0011418131852315174
<135,acc8,proj82budget1,read> 0.006504171682820848
<136,nonemployee3_area2,proj32task2a,read> 3.4411925078409536E-4
<137,employee5_area2,proj51sched1,read> 1.5239883085476657E-4
<138,aud1,proj12budget1,read> 0.005281610660064805
<139,acc6,proj61budget1,read> 0.0029623112344116694
<140,nonemployee8_area2,proj82task2a,read> 0.001123735542660265
<141,planner5,proj51task2propa,setSchedule> 0.0011273548661556933
<142,ldr92,proj92budget1,write> 4.7117570225245345E-4
<143,ldr21,proj21budget1,read> 9.204470939155249E-4
<144,planner5,proj51task1propa,setSchedule> 0.002123103208561513
<145,employee2_area2,proj21task2propa,read> 7.353580320499684E-4
<146,acc7,proj72budget1,write> 0.004533765845862102
<147,employee10_area2,proj101task2prop,request> 1.1519166412343531E-4
<148,acc5,proj51task1,setCost> 5.677788413832523E-4
<149,aud7,proj71sched1,read> 8.39387509493146E-4
<150,ldr72,proj71sched1,read> 9.609277823609318E-4
<151,employee7_area2,proj71task2propa,setStatus> 2.1659799399289406E-4
<152,planner9,proj91task2a,setSchedule> 0.0012772524660877521
<153,employee5_area1,proj51task1,read> 6.377964669952009E-4
<154,aud4,proj42budget1,read> 0.004085209944240782
<155,nonemployee10_area1,proj102task1a,setStatus> 5.106880193027676E-4
<156,acc9,proj91sched1,read> 8.118161667051678E-4
<157,planner6,proj61task1,setSchedule> 0.001834014980121114
<158,employee1_area2,proj11task2a,setStatus> 7.71641140352374E-4
<159,employee5_area2,proj51task2prop,read> 4.1655860918438445E-4
<160,acc6,proj62task2propa,setCost> 0.0016540284458961233
<161,employee8_area1,proj81task1propa,read> 5.634212646617884E-4
<162,employee3_area1,proj31task1a,read> 0.0019968857628346174
<163,ldr82,proj82sched1,read> 1.5461134160880003E-4
<164,nonemployee2_area2,proj22task2,read> 0.0013202242015884057
<165,planner1,proj11task1a,setSchedule> 0.0021873450371038246
<166,nonemployee6_area2,proj62task2propa,setStatus> 7.757832533849073E-4
<167,nonemployee6_area1,proj62task1,request> 4.7536522382297795E-4
<168,acc5,proj52task1propa,setCost> 0.001609871957907795
<169,ldr21,proj21sched1,write> 6.820962370462605E-4
<170,employee7_area1,proj71task1a,request> 0.0010070983953634396
<171,acc4,proj41task1propa,setCost> 0.0011594757804268487
<172,acc8,proj82task2propa,setCost> 0.00160104066031013
<173,employee8_area1,proj81task1a,read> 9.05646182233626E-4
<174,acc2,proj21task1a,setCost> 0.0011064879948408548
<175,acc1,proj11budget1,write> 0.002984201899683086
<176,planner2,proj21task2,setSchedule> 0.0018661358943922696
<177,ldr71,proj71sched1,read> 0.0019251010325161268
<178,acc9,proj92budget1,read> 0.00362641006848839
<179,acc10,proj102task1propa,setCost> 5.236223533949241E-4
<180,planner3,proj31task1,setSchedule> 0.0017055313230364918
<181,planner4,proj42sched1,write> 0.002187154347850261
<182,aud4,proj41budget1,read> 0.008152972378042463
<183,planner6,proj61task2propa,setSchedule> 7.9543875202042E-4
<184,nonemployee9_area2,proj92task2a,read> 4.7722447134831953E-4
<185,employee2_area2,proj21task2,read> 0.0017290360475961928
<186,acc5,proj52budget1,read> 0.004364297661906968
<187,planner5,proj52sched1,read> 1.021274157992067E-4
<188,nonemployee9_area1,proj92task1a,setStatus> 2.497348982531615E-4
<189,acc1,proj12budget1,read> 0.0032574662717791
<190,acc6,proj62task2prop,setCost> 0.001450908601149814
<191,ldr32,proj32budget1,read> 5.30249811271408E-5
<192,employee6_area1,proj61task1a,read> 0.0010246905001173707
<193,employee9_area1,proj91task1,read> 0.0014711066921814127
<194,aud2,proj21budget1,read> 0.009648473272822493
<195,manager1,proj11budget1,approve> 1.8337622863053376E-4
<196,planner3,proj31sched1,read> 4.917388647064467E-4
<197,acc6,proj61task1propa,setCost> 3.734902942346085E-4
<198,acc10,proj102task2,setCost> 9.972006870697429E-5
<199,acc10,proj102task1,setCost> 9.088877110930866E-5
<200,acc2,proj22budget1,write> 0.00444079200909136
<201,employee6_area1,proj61task1prop,request> 2.7351677076005123E-4
<202,planner3,proj31task2a,setSchedule> 0.001919670751510862
<203,acc4,proj42budget1,write> 0.0021164460898228385
<204,ldr52,proj52sched1,write> 1.308266574715375E-4
<205,acc3,proj32sched1,read> 2.72903174234521E-4
<206,planner3,proj31task2prop,setSchedule> 0.001448564008867248
<207,ldr92,proj91sched1,read> 4.4748891140333644E-4
<208,ldr11,proj12sched1,read> 4.0163808857532433E-4
<209,nonemployee2_area2,proj22task2a,request> 2.3831116434193115E-4
<210,nonemployee5_area1,proj52task1a,read> 1.539689356923466E-4
<211,nonemployee9_area2,proj92task2a,request> 3.2451264051685727E-4
<212,nonemployee8_area1,proj82task1,request> 7.943106856702044E-4
<213,ldr82,proj82budget1,read> 0.0010060479603091156
<214,manager10,proj102budget1,read> 0.0019357261347649813
<215,acc9,proj91task2,setCost> 0.0013272704347824956
<216,acc8,proj81task2prop,setCost> 4.706345678089304E-4
<217,acc9,proj91task1,setCost> 0.0013096078395871643
<218,acc4,proj42task1prop,setCost> 9.21030745289877E-4
<219,ldr101,proj101sched1,read> 0.00222620856938594
<220,nonemployee1_area2,proj12sched1,read> 4.38999771233494E-4
<221,acc7,proj71task1prop,setCost> 0.001733510124275114
<222,employee6_area2,proj61task2,read> 0.0016893546083016115
<223,ldr62,proj62budget1,write> 7.809652377308577E-5
<224,employee7_area2,proj71task2a,request> 8.924190358020989E-4
<225,nonemployee3_area2,proj32task2propa,setStatus> 1.3375573334222543E-4
<226,planner10,proj102task1a,setSchedule> 0.001320080351782626
<227,nonemployee3_area1,proj32task1a,read> 4.51871096002753E-4
<228,employee3_area2,proj31task2propa,setStatus> 6.846567666691718E-4
<229,manager5,proj52budget1,approve> 2.252726581921616E-4
<230,planner10,proj101sched1,read> 6.634581635206755E-4
<231,nonemployee6_area1,proj62task1,read> 6.990665056220264E-4
<232,employee8_area2,proj81task2a,request> 5.213975783977618E-4
<233,nonemployee6_area1,proj62task1a,setStatus> 8.586255140355759E-4
<234,planner9,proj92task2propa,setSchedule> 7.419038949018275E-4
<235,aud8,proj81budget1,read> 0.00552089080322961
<236,employee4_area1,proj41task1a,setStatus> 4.6098266291236646E-4
<237,nonemployee9_area1,proj92task1,request> 3.63303304795574E-4
<238,employee3_area2,proj31task2,read> 0.0015901510100651572
<239,planner1,proj11task1propa,setSchedule> 2.0655532371590264E-4
<240,planner10,proj101task2propa,setSchedule> 0.001641289494494181
<241,acc9,proj92budget1,write> 0.003046184457530247
<242,nonemployee9_area1,proj92task1a,request> 2.5986153338566274E-4
<243,ldr51,proj51budget1,write> 1.2123936043545539E-4
<244,employee9_area2,proj91task2propa,read> 6.852098082284159E-4
<245,planner5,proj52task2,setSchedule> 5.384714378511761E-4
<246,planner5,proj52task1,setSchedule> 5.491784092748945E-4
<247,acc2,proj21task2a,setCost> 7.179109005435678E-4
<248,employee4_area2,proj41task2prop,request> 2.978744794733767E-4
<249,employee5_area1,proj51task1,request> 4.337015975567366E-4
<250,acc8,proj82sched1,read> 5.315567982455841E-5
<251,employee8_area1,proj81task1a,request> 6.158394039188658E-4
<252,ldr72,proj72sched1,write> 3.465408407833857E-4
<253,planner7,proj72sched1,read> 2.807510111059304E-4
<254,employee10_area1,proj101task1propa,request> 4.3427764826799967E-4
<255,employee7_area1,proj71sched1,read> 6.114994978660475E-4
<256,acc2,proj22task1a,setCost> 8.592116621062176E-4
<257,planner3,proj32task1a,setSchedule> 7.633178377492645E-4
<258,employee3_area1,proj31task1,read> 0.0015802306502415119
<259,nonemployee5_area1,proj52task1propa,setStatus> 7.550726882222401E-4
<260,acc10,proj102task1prop,setCost> 0.0010711628044501925
<261,planner2,proj22task2,setSchedule> 0.002230172922798698
<262,planner1,proj11sched1,read> 1.9369565633190215E-4
<263,employee8_area2,proj81task2a,read> 7.667611447025908E-4
<264,planner2,proj21task1prop,setSchedule> 9.667502947999159E-4
<265,planner10,proj102task1,setSchedule> 1.1019258090243617E-4
<266,planner10,proj102task2,setSchedule> 1.2089955232615467E-4
<267,acc8,proj82task1,setCost> 0.0016275345531031264
<268,employee5_area1,proj51sched1,read> 1.5393047739602049E-4
<269,planner9,proj91task1propa,setSchedule> 0.002090982294290358
<270,employee4_area2,proj41task2,read> 3.6994675175677566E-4
<271,planner9,proj91task1a,setSchedule> 0.0013522012660537818
<272,manager3,proj31budget1,approve> 5.0069407298081714E-5
<273,planner6,proj61task2a,setSchedule> 1.6372743802102867E-4
<274,acc4,proj42task2propa,setCost> 3.9115288942993977E-4
<275,planner8,proj82task1,setSchedule> 0.001973205608629454
<276,nonemployee7_area1,proj72task1a,read> 0.0011427505741694402
<277,manager4,proj42budget1,read> 6.502675004877649E-4
<278,manager10,proj101budget1,read> 7.550085743918344E-4
<279,nonemployee1_area2,proj12task2a,read> 6.293447234217185E-4
<280,employee6_area2,proj61task2prop,read> 4.129765931971307E-4
<281,manager9,proj92budget1,read> 9.359249747715907E-4
<282,nonemployee1_area1,proj12task1a,request> 3.676133786043203E-4
<283,acc5,proj51task2a,setCost> 1.2621396149997116E-4
<284,acc9,proj92task1prop,setCost> 8.327177693132207E-4
<285,ldr11,proj11budget1,read> 5.495100062099658E-4
<286,acc8,proj81task2a,setCost> 6.825857101529052E-4
<287,planner9,proj92task1prop,setSchedule> 0.0010095781804947898
<288,employee4_area1,proj41task1a,request> 7.507562975204428E-4
<289,acc5,proj51task1propa,setCost> 0.001751172719470445
<290,acc7,proj72task2,setCost> 7.708986861295614E-4
<291,acc9,proj91task1prop,setCost> 0.0011241505900361861
<292,acc8,proj81budget1,write> 0.0028602367839887653
<293,employee4_area1,proj41task1,request> 2.5830963587468626E-4
<294,acc8,proj81task2,setCost> 0.0012301261612081736
<295,acc8,proj82task2,setCost> 0.0016187032555054612
<296,nonemployee2_area1,proj22task1propa,setStatus> 6.018145060185031E-4
<297,ldr22,proj21sched1,read> 3.965707829981834E-4
<298,manager1,proj12budget1,read> 8.40705816676982E-4
<299,acc7,proj72task1,setCost> 7.620673885318957E-4
<300,acc1,proj12task1a,setCost> 7.532360909342301E-4
<301,acc6,proj61sched1,read> 4.975910171061989E-4
<302,nonemployee6_area2,proj62task2a,read> 0.001028660385114391
<303,acc6,proj62task1prop,setCost> 0.0015215589819311392
<304,ldr11,proj11sched1,read> 3.238302182796141E-4
<305,planner10,proj101task1propa,setSchedule> 0.0019089637800871436
<306,employee1_area2,proj11task2,request> 0.0010543193081239916
<307,acc7,proj72budget1,read> 0.005397340292692979
<308,acc4,proj41task2,setCost> 3.2933380624628047E-4
<309,acc1,proj12task1propa,setCost> 0.0010005124236688676
<310,planner2,proj22sched1,read> 3.050288023940449E-4
<311,acc7,proj72task1propa,setCost> 0.0013625956251731581
<312,manager6,proj61budget1,read> 7.645304902012953E-4
<313,planner4,proj41task2propa,setSchedule> 0.0020588613800192022
<314,employee9_area1,proj91sched1,read> 0.0011286224756632821
<315,acc7,proj71sched1,read> 7.482323048423065E-4
<316,planner2,proj21task1a,setSchedule> 0.0013414942946300631
<317,nonemployee6_area2,proj62task2,read> 6.863898179492431E-4
<318,acc1,proj12task2propa,setCost> 3.646589966369429E-4
<319,acc4,proj41task1,setCost> 3.38165103843946E-4
<320,nonemployee8_area1,proj82task1a,setStatus> 5.976723929859698E-4
<321,acc4,proj42task2a,setCost> 2.4985212786728984E-4
<322,acc6,proj62task2,setCost> 9.563559356805394E-4
<323,planner8,proj82task2,setSchedule> 0.001962498637205736
<324,planner8,proj82task2prop,setSchedule> 0.002112396237137795
<325,planner5,proj51task1,setSchedule> 6.88369037783235E-4
<326,employee4_area2,proj41task2,request> 2.5156379119460745E-4
<327,acc1,proj12task2a,setCost> 8.768742573015489E-4
<328,ldr22,proj22sched1,write> 3.9447732596379633E-4
<329,ldr12,proj12sched1,write> 5.143185389148231E-4
<330,nonemployee10_area1,proj102task1a,request> 5.313961833366799E-4
<331,employee1_area2,proj11task2,read> 0.0015504695707705758
<332,planner6,proj61task1propa,setSchedule> 4.52815666461428E-4
<333,planner9,proj91task2prop,setSchedule> 0.0019839125800531726
<334,planner8,proj81task1propa,setSchedule> 0.001684117380189055
<335,ldr91,proj91sched1,read> 0.0013714292964473872
<336,employee2_area2,proj21task2prop,request> 4.5863535698132524E-4
<337,planner6,proj62task1prop,setSchedule> 0.0018447219515448324
<338,employee1_area1,proj11task1prop,request> 1.200632058661004E-4
<339,nonemployee4_area1,proj42task1,request> 2.6417160719440896E-4
<340,employee4_area2,proj41task2a,request> 0.0010205900847235973
<341,employee3_area1,proj31task1prop,read> 7.26850744080241E-5
<342,planner1,proj11task1prop,setSchedule> 5.277644664274574E-4
<343,planner8,proj81task2a,setSchedule> 8.275596662915754E-4
<344,aud6,proj61budget1,read> 0.004803050373735196
<345,acc6,proj61task1prop,setCost> 9.91681126071202E-4
<346,acc8,proj82task2prop,setCost> 0.0017423414218727797
<347,planner3,proj32task2a,setSchedule> 5.8129932354605E-4
<348,nonemployee1_area1,proj12task1,request> 2.512413857681701E-4
<349,acc9,proj91task2prop,setCost> 0.001636365850700792
<350,nonemployee8_area2,proj82sched1,read> 6.373115539174804E-5
<351,nonemployee4_area2,proj42task2,request> 2.684816810031553E-4
<352,planner2,proj22task1prop,setSchedule> 0.001662703437341618
<353,acc10,proj101task1propa,setCost> 0.001574546767517133
<354,employee6_area2,proj61task2propa,request> 1.8095747764941425E-4
<355,ldr31,proj31budget1,write> 1.2603300895349645E-4
<356,employee3_area1,proj31task1a,request> 0.00135788231872754
<357,acc8,proj82budget1,write> 0.005463504213569512
<358,planner2,proj21task1,setSchedule> 0.0018768428658159876
<359,nonemployee9_area2,proj92task2,request> 3.5899323098682775E-4
<360,manager5,proj51budget1,read> 2.408251206809477E-4
<361,acc6,proj61task2,setCost> 0.001503896386735808
<362,planner8,proj82task2a,setSchedule> 0.0018982568086634247
<363,employee9_area1,proj91task1propa,request> 4.7568575308065306E-4
<364,nonemployee8_area2,proj82task2a,setStatus> 7.34362123059573E-4
<365,nonemployee8_area1,proj82sched1,read> 6.261794743730703E-5
<366,nonemployee4_area1,proj42task1a,request> 7.468998737739951E-4
<367,planner7,proj72task1prop,setSchedule> 0.0010202851519185083
<368,manager9,proj91budget1,read> 0.001402498849435173
<369,planner6,proj62task1a,setSchedule> 0.0022194659513749796
<370,nonemployee2_area1,proj22sched1,read> 5.555160308500818E-4
<371,acc1,proj12task2,setCost> 4.971284606019273E-4
<372,acc1,proj12task1,setCost> 5.147910557972584E-4
<373,nonemployee10_area1,proj102task1propa,setStatus> 2.4559278522062804E-4
<374,acc4,proj41sched1,read> 4.904031910132576E-4
<375,aud2,proj21sched1,read> 7.016252314583245E-4
<376,employee3_area1,proj31task1propa,setStatus> 4.1541941955449877E-4
<377,aud10,proj101sched1,read> 6.524919128839703E-4
<378,nonemployee5_area1,proj52task1,read> 3.2510421927492043E-4
<379,nonemployee9_area2,proj92task2a,setStatus> 3.1186659374116295E-4
<380,planner8,proj81task1prop,setSchedule> 0.0012237176089691596
<381,employee4_area2,proj41task2propa,read> 6.887918242156698E-4
<382,acc6,proj61budget1,write> 0.002488341436905802
<383,planner7,proj72task1a,setSchedule> 0.00193037772293458
<384,ldr21,proj21budget1,write> 7.731755588890408E-4
<385,employee8_area1,proj81task1propa,request> 3.831264599700161E-4
<386,employee6_area2,proj61task2prop,request> 2.8082408337404887E-4
<387,acc5,proj52task1a,setCost> 2.1452693747662732E-4
<388,aud10,proj102sched1,read> 2.3183372118085148E-4
<389,nonemployee8_area1,proj82task1propa,setStatus> 6.556619754414378E-4
<390,ldr72,proj72budget1,read> 8.348462275219343E-4
<391,acc5,proj51task2,setCost> 5.589475437855865E-4
<392,acc10,proj101task2propa,setCost> 0.0013537643275754925
<393,employee10_area1,proj101task1propa,setStatus> 7.385042360921065E-4
<394,employee10_area2,proj101task2a,request> 9.059107251622567E-4
<395,aud9,proj92sched1,read> 5.139427297717981E-4
<396,manager2,proj22budget1,read> 0.0013644111861973295
<397,planner1,proj11sched1,write> 0.003364538370618251
<398,nonemployee5_area1,proj52sched1,read> 7.395433557873588E-5
<399,acc7,proj71task2propa,setCost> 4.6180327021126476E-4
<400,nonemployee5_area2,proj52task2a,read> 2.743974685837875E-4
<401,acc3,proj32task2prop,setCost> 0.0017864979098611079
<402,acc3,proj32task2propa,setCost> 2.8517731825795234E-4
<403,aud6,proj62budget1,read> 9.745680830983194E-4
<404,acc10,proj102sched1,read> 4.7730472007822357E-4
<405,planner1,proj11task2a,setSchedule> 0.0019946195514768915
<406,ldr82,proj82budget1,write> 8.45080286659657E-4
<407,acc6,proj62task1,setCost> 9.740185308758706E-4
<408,employee7_area2,proj71sched1,read> 6.190957649202842E-4
<409,aud1,proj11sched1,read> 2.016421447968007E-4
<410,employee8_area2,proj81task2propa,read> 1.7298152205112922E-4
<411,planner1,proj12task2a,setSchedule> 0.0010631130376133823
<412,planner2,proj21task1propa,setSchedule> 3.1362503795308766E-4
<413,manager7,proj71budget1,read> 0.001602459081433851
<414,acc5,proj52task2a,setCost> 3.823215918322742E-4
<415,nonemployee7_area1,proj72task1propa,setStatus> 6.390935233113041E-4
<416,nonemployee2_area2,proj22task2,request> 8.977524570801159E-4
<417,manager6,proj62budget1,read> 1.5512787839579988E-4
<418,nonemployee5_area1,proj52task1a,setStatus> 1.0061882908195793E-4
<419,planner2,proj22task1,setSchedule> 0.002069568351442921
<420,ldr81,proj81budget1,read> 5.266831085050084E-4
<421,nonemployee4_area1,proj42task1propa,setStatus> 8.047780446126414E-4
<422,manager4,proj42budget1,approve> 1.3005350009755298E-4
<423,ldr51,proj51sched1,read> 3.638282497892074E-4
<424,planner4,proj42task2prop,setSchedule> 0.0014271500660198112
<425,planner1,proj11task2propa,setSchedule> 0.0015020988659858407
<426,employee5_area1,proj51task1propa,setStatus> 8.21346496742775E-4
<427,planner5,proj52task2prop,setSchedule> 4.8493658073258354E-4
<428,acc8,proj81task1a,setCost> 8.062238765202239E-4
<429,acc4,proj42task1,setCost> 5.412849485902553E-4
<430,acc4,proj42budget1,read> 0.0025195786783605225
<431,nonemployee9_area2,proj92sched1,read> 6.689869052336814E-4
<432,acc4,proj42task2,setCost> 5.50116246187921E-4
<433,employee10_area1,proj101task1a,setStatus> 6.308092972462373E-4
<434,ldr31,proj31sched1,write> 5.766359696493569E-4
<435,ldr22,proj22sched1,read> 7.059626846406496E-4
<436,acc7,proj71task1,setCost> 2.675147230626211E-4
<437,manager5,proj51budget1,approve> 4.8165024136189545E-5
<438,acc6,proj61task1,setCost> 0.0015127276843334735
<439,aud4,proj42sched1,read> 1.047102000070607E-4
<440,planner7,proj71task2propa,setSchedule> 5.59885380698613E-4
<441,employee10_area1,proj101task1a,request> 0.001027335929403676
<442,aud1,proj12sched1,read> 6.320351316340375E-4
<443,ldr12,proj11sched1,read> 1.321103707289384E-4
<444,employee1_area1,proj11task1propa,setStatus> 7.99082639192908E-5
<445,nonemployee10_area2,proj102task2a,request> 5.05535740484202E-4
<446,employee1_area1,proj11task1,request> 0.0011285235996048588
<447,employee10_area2,proj101task2,read> 1.814599151075134E-4
<448,employee8_area2,proj81task2a,setStatus> 3.2015081980622985E-4
<449,acc3,proj31sched1,read> 6.039477331629513E-4
<450,employee9_area1,proj91task1,request> 0.0010003525506833608
<451,planner1,proj12task1prop,setSchedule> 0.0013307873232063447
<452,aud6,proj61sched1,read> 5.890401770067974E-4
<453,acc1,proj12task2prop,setCost> 0.0014950650891381422
<454,employee8_area2,proj81task2,request> 9.396399485626509E-4
<455,manager7,proj72budget1,approve> 2.7859538672514244E-4
<456,ldr61,proj62sched1,read> 4.824028080677797E-4
<457,nonemployee4_area2,proj42task2propa,setStatus> 1.8346108973262657E-4
<458,acc9,proj92task1a,setCost> 5.324536509925897E-4
<459,planner6,proj62task2propa,setSchedule> 0.00200532652290061
<460,employee4_area2,proj41sched1,read> 4.524714524818454E-4
<461,planner2,proj22task2prop,setSchedule> 7.097829806306719E-4
<462,planner1,proj12task2prop,setSchedule> 0.0018126010372736768
<463,manager10,proj102budget1,approve> 3.871452269529963E-4
<464,planner4,proj41task2,setSchedule> 3.992808093428356E-4
<465,planner4,proj42task1propa,setSchedule> 0.002080275322866639
<466,planner9,proj92sched1,read> 4.392918304753359E-4
<467,planner4,proj41task1,setSchedule> 4.09987780766554E-4
<468,employee4_area2,proj41task2a,setStatus> 6.266671842137038E-4
<469,planner1,proj12sched1,read> 6.071273431952578E-4
<470,employee8_area1,proj81task1,request> 9.261482592024931E-4
<471,nonemployee8_area2,proj82task2,request> 7.900006118614583E-4
<472,planner4,proj42task2a,setSchedule> 3.029180665293691E-4
<473,acc9,proj92task2a,setCost> 6.649231149575739E-4
<474,employee9_area2,proj91task2prop,request> 4.5132804436732755E-4
<475,employee4_area1,proj41sched1,read> 4.633090920622489E-4
<476,planner10,proj102task2prop,setSchedule> 3.778668664953986E-4
<477,planner2,proj22task2propa,setSchedule> 7.847317805967013E-4
<478,employee10_area2,proj101task2propa,setStatus> 6.349514102787707E-4
<479,acc7,proj72task1a,setCost> 0.0015922093627124638
<480,acc1,proj12task1prop,setCost> 0.0010976566972431892
<481,acc4,proj41task2propa,setCost> 0.0016981849338844515
<482,ldr72,proj72budget1,write> 7.012708311184248E-4
<483,employee2_area1,proj21sched1,read> 9.999006921749065E-4
<484,ldr92,proj92sched1,write> 5.239058359509051E-4
<485,employee7_area1,proj71task1propa,setStatus> 1.5032418547235914E-4
<486,planner3,proj31task1propa,setSchedule> 0.0010738200090371008
<487,manager9,proj92budget1,approve> 1.8718499495431814E-4
<488,planner4,proj42sched1,read> 7.159255535366475E-5
<489,planner3,proj32task2prop,setSchedule> 0.0021659310942563873
<490,planner5,proj52sched1,write> 0.00267773102400359
<491,planner4,proj42task1a,setSchedule> 0.0018554289229685509
<492,planner1,proj12task1propa,setSchedule> 0.0012130106375454412
<493,nonemployee3_area2,proj32sched1,read> 3.6237962480321635E-4
<494,acc2,proj22task1propa,setCost> 0.0012831139467941674
<495,employee8_area1,proj81task1a,setStatus> 3.781404022616979E-4
<496,planner7,proj71task1prop,setSchedule> 0.0021016892657140765
<497,employee3_area2,proj31sched1,read> 4.125326046195022E-4
<498,manager8,proj82budget1,approve> 3.357268815819077E-4
<499,acc6,proj62budget1,read> 6.010709354722173E-4
<500,employee2_area2,proj21sched1,read> 9.931217044313481E-4
<501,employee1_area1,proj11task1a,setStatus> 8.461991749379757E-4
<502,nonemployee5_area2,proj52task2,read> 3.187658754385289E-4
<503,ldr102,proj102budget1,read> 0.0011601295198175783
<504,acc2,proj21budget1,write> 0.004998635029715807
<505,acc3,proj31task2propa,setCost> 0.0014597398987474797
<506,ldr101,proj101budget1,read> 4.524956909638967E-4
<507,nonemployee3_area1,proj32sched1,read> 3.5939707645092655E-4
<508,planner2,proj21task2prop,setSchedule> 0.0020160334943243284
<509,acc8,proj82task1propa,setCost> 0.0013979208155638202
<510,acc7,proj72task2propa,setCost> 5.059597581995928E-4
<511,manager3,proj32budget1,approve> 1.769489354591477E-5
<512,ldr42,proj42sched1,write> 1.068584148813322E-4
<513,employee9_area2,proj91task2propa,setStatus> 7.923517055150411E-4
<514,employee8_area2,proj81task2,read> 0.0013818234537686042
<515,employee3_area1,proj31sched1,read> 4.059320829455902E-4
<516,planner6,proj62task2a,setSchedule> 0.0017376522373076476
<517,ldr91,proj91budget1,write> 7.060644796364659E-4
<518,employee7_area1,proj71task1propa,request> 8.839818453877723E-5
<519,employee1_area1,proj11task1prop,read> 1.7656353803838294E-4
<520,acc1,proj11budget1,read> 0.0035526213091465315
<521,nonemployee8_area2,proj82task2a,request> 7.641401690089803E-4
<522,planner5,proj52task2propa,setSchedule> 0.0014806849231384035
<523,acc7,proj71task1propa,setCost> 3.2050250864861483E-4
<524,ldr102,proj102budget1,write> 9.745087966467657E-4
<525,planner3,proj32sched1,write> 0.006406113762768894
<526,employee10_area1,proj101task1,read> 1.7153955528386803E-4
<527,employee7_area2,proj71task2prop,read> 3.807384493118469E-4
<528,acc3,proj31task2,setCost> 0.0014155834107591515
<529,employee9_area1,proj91task1prop,request> 3.1005333383003953E-4
<530,acc1,proj11sched1,read> 1.758160572858804E-4
<531,nonemployee6_area1,proj62task1a,read> 0.0013138858577520138
<532,employee2_area1,proj21task1propa,read> 1.049232182933079E-4
<533,nonemployee4_area1,proj42task1a,read> 0.0010983821673146987
<534,ldr41,proj41sched1,write> 4.903502963246177E-4
<535,acc6,proj62task2a,setCost> 0.001433246005954483
<536,acc10,proj102task2prop,setCost> 3.116712110509492E-4
<537,acc5,proj52task1,setCost> 4.529719726135991E-4
<538,planner10,proj102task2a,setSchedule> 0.001255838523240315
<539,planner8,proj81sched1,read> 4.551825583774068E-5
<540,employee1_area1,proj11task1propa,request> 4.699007972612383E-5
<541,nonemployee10_area1,proj102sched1,read> 5.396465610680323E-4
<542,nonemployee6_area1,proj62task1a,request> 8.934423832713694E-4
<543,acc10,proj101task1prop,setCost> 0.001247788756403505
<544,nonemployee3_area1,proj32task1propa,setStatus> 7.882095924825076E-4
<545,acc3,proj31task1,setCost> 0.0014067521131614859
<546,ldr41,proj41budget1,write> 6.533343459380141E-4
<547,employee8_area1,proj81task1,read> 0.0013619827341213135
<548,acc4,proj41task2a,setCost> 0.0013361017323801612
<549,acc3,proj31task2a,setCost> 0.0015833780651147986
<550,acc10,proj102task2a,setCost> 0.00103583761405953
<551,ldr101,proj102sched1,read> 4.0717014896468867E-4
<552,planner4,proj42task2propa,setSchedule> 4.7422960930886503E-4
<553,manager2,proj21budget1,approve> 3.0716113415352506E-4
<554,ldr32,proj32sched1,write> 3.129853011570982E-4
<555,acc10,proj101task2,setCost> 1.6153915189063363E-4
<556,employee2_area2,proj21task2,request> 0.0011757445123654112
<557,acc10,proj101task1,setCost> 1.5270785429296802E-4
<558,acc2,proj21task1propa,setCost> 2.586834254649555E-4
<559,nonemployee1_area2,proj12task2a,request> 4.2795441192676855E-4
<560,employee9_area2,proj91task2,request> 0.0010138442400435183
<561,planner6,proj62task2prop,setSchedule> 0.0017590661801550843
<562,nonemployee7_area1,proj72task1a,setStatus> 7.467884621571733E-4
<563,employee4_area2,proj41task2a,read> 0.0015008677716523487
<564,ldr102,proj102sched1,read> 9.245258143147051E-4
<565,employee5_area2,proj51task2,read> 6.278761071715555E-4
<566,aud3,proj32budget1,read> 5.55827832559911E-4
<567,acc2,proj21task2propa,setCost> 0.0018129918026541045
<568,employee6_area1,proj61task1propa,read> 1.5148942612760668E-4
<569,employee10_area1,proj101task1prop,read> 5.061090088657284E-4
<570,employee2_area1,proj21task1,request> 0.0011824903570454898
<571,acc6,proj62task1propa,setCost> 5.942727341762491E-4
<572,employee5_area2,proj51task2propa,request> 2.5646637466072335E-4
<573,nonemployee1_area2,proj12task2,read> 3.5679593845687864E-4
<574,acc4,proj42task2prop,setCost> 0.00117713837562218
<575,ldr42,proj42budget1,write> 3.273662467112214E-4

