<0,aud2,proj21budget1,read> null
<1,acc8,proj81budget1,write> null
<2,planner8,proj82task2,setSchedule> null
<3,planner4,proj42task2,setSchedule> null
<4,planner4,proj41task1propa,setSchedule> null
<5,acc2,proj22budget1,write> null
<6,acc3,proj32task1propa,setCost> null
<7,aud7,proj71budget1,read> null
<8,aud9,proj91budget1,read> null
<9,employee2_area2,proj21sched1,read> null
<10,acc10,proj102task1prop,setCost> null
<11,nonemployee4_area1,proj42task1,read> null
<12,acc2,proj21budget1,read> null
<13,planner6,proj61sched1,write> null
<14,nonemployee8_area1,proj82task1propa,setStatus> null
<15,acc7,proj71budget1,write> null
<16,acc2,proj21budget1,write> null
<17,nonemployee6_area1,proj62task1a,setStatus> null
<18,employee10_area1,proj101task1a,request> null
<19,acc8,proj81task1propa,setCost> null
<20,acc9,proj92task1propa,setCost> null
<21,acc9,proj91budget1,read> null
<22,aud2,proj22budget1,read> null
<23,planner8,proj82task1prop,setSchedule> null
<24,nonemployee7_area1,proj72task1a,read> null
<25,acc8,proj82task1a,setCost> null
<26,planner7,proj71sched1,write> null
<27,employee10_area1,proj101task1a,read> null
<28,ldr41,proj41sched1,write> null
<29,acc1,proj12task2prop,setCost> null
<30,acc3,proj32task2propa,setCost> null
<31,employee3_area1,proj31task1a,request> null
<32,employee3_area2,proj31task2,read> null
<33,employee9_area2,proj91task2,read> null
<34,planner6,proj62sched1,write> null
<35,ldr61,proj61sched1,read> null
<36,employee9_area1,proj91task1a,read> null
<37,acc1,proj12budget1,read> null
<38,planner8,proj82task2prop,setSchedule> null
<39,planner1,proj12sched1,write> null
<40,acc4,proj42task1a,setCost> null
<41,manager1,proj11budget1,read> null
<42,planner1,proj11task2,setSchedule> null
<43,planner8,proj82task1,setSchedule> null
<44,acc4,proj41task2a,setCost> null
<45,ldr52,proj52budget1,write> null
<46,acc8,proj82task1,setCost> null
<47,planner10,proj101sched1,write> null
<48,employee1_area1,proj11task1a,setStatus> null
<49,acc3,proj31task2propa,setCost> null
<50,nonemployee1_area2,proj12sched1,read> null
<51,aud7,proj72budget1,read> null
<52,nonemployee9_area2,proj92task2propa,setStatus> null
<53,planner8,proj81task1,setSchedule> null
<54,planner9,proj91task1propa,setSchedule> null
<55,ldr62,proj62budget1,read> null
<56,aud8,proj82budget1,read> null
<57,acc5,proj51task2prop,setCost> null
<58,planner2,proj22task1prop,setSchedule> null
<59,ldr11,proj11sched1,write> null
<60,nonemployee4_area2,proj42task2propa,setStatus> null
<61,planner6,proj62task2a,setSchedule> null
<62,aud8,proj81budget1,read> null
<63,planner5,proj51task1,setSchedule> null
<64,planner9,proj91sched1,write> null
<65,aud4,proj42budget1,read> null
<66,planner4,proj42sched1,write> null
<67,employee3_area1,proj31task1a,read> null
<68,nonemployee8_area2,proj82task2,read> null
<69,planner2,proj22sched1,write> null
<70,ldr72,proj72sched1,read> null
<71,acc1,proj11task2a,setCost> null
<72,employee8_area1,proj81task1a,setStatus> null
<73,planner9,proj92task2propa,setSchedule> null
<74,planner6,proj61task1prop,setSchedule> null
<75,planner7,proj72task2propa,setSchedule> null
<76,acc8,proj82budget1,write> null
<77,aud5,proj51budget1,read> null
<78,acc6,proj62task1a,setCost> null
<79,acc9,proj91task1,setCost> null
<80,planner9,proj92task1a,setSchedule> null
<81,planner2,proj21sched1,write> null
<82,acc1,proj11task1,setCost> null
<83,acc10,proj102budget1,write> null
<84,employee9_area1,proj91task1propa,setStatus> null
<85,planner7,proj71task1prop,setSchedule> null
<86,planner5,proj52sched1,write> null
<87,nonemployee2_area2,proj22task2propa,setStatus> null
<88,planner9,proj91task2prop,setSchedule> null
<89,acc3,proj31task1a,setCost> null
<90,planner2,proj22task1a,setSchedule> null
<91,ldr12,proj12sched1,read> null
<92,acc4,proj41budget1,read> null
<93,employee9_area2,proj91task2prop,read> null
<94,aud5,proj52budget1,read> null
<95,acc6,proj61task2,setCost> null
<96,acc7,proj71budget1,read> null
<97,nonemployee8_area1,proj82task1a,read> null
<98,ldr81,proj82sched1,read> null
<99,manager5,proj52budget1,read> null
<100,planner5,proj52task2propa,setSchedule> null
<101,acc6,proj61task1propa,setCost> null
<102,nonemployee10_area2,proj102task2a,setStatus> null
<103,planner10,proj102sched1,write> null
<104,ldr71,proj71sched1,read> null
<105,employee8_area2,proj81task2propa,setStatus> null
<106,acc5,proj51task1a,setCost> null
<107,acc6,proj61task1,setCost> null
<108,planner1,proj12task1a,setSchedule> null
<109,planner3,proj32sched1,write> null
<110,acc10,proj101budget1,read> null
<111,nonemployee10_area1,proj102task1a,read> null
<112,employee9_area1,proj91task1propa,request> null
<113,acc3,proj32task2prop,setCost> null
<114,planner10,proj101task1prop,setSchedule> null
<115,planner6,proj61task1,setSchedule> null
<116,planner2,proj21task2a,setSchedule> null
<117,nonemployee2_area1,proj22task1a,request> null
<118,planner1,proj11sched1,write> null
<119,acc7,proj72sched1,read> null
<120,planner8,proj82task1a,setSchedule> null
<121,planner9,proj92sched1,write> null
<122,acc8,proj82task2prop,setCost> null
<123,planner2,proj21task1a,setSchedule> null
<124,acc5,proj52task2propa,setCost> null
<125,employee10_area2,proj101task2a,setStatus> null
<126,acc4,proj41task1prop,setCost> null
<127,employee6_area1,proj61task1a,setStatus> null
<128,employee6_area2,proj61task2,request> null
<129,acc7,proj72budget1,read> null
<130,employee5_area2,proj51sched1,read> null
<131,manager10,proj101budget1,read> null
<132,acc6,proj61budget1,read> null
<133,planner6,proj62task2prop,setSchedule> null
<134,acc1,proj11task1a,setCost> null
<135,planner1,proj12task2prop,setSchedule> null
<136,planner5,proj51task2propa,setSchedule> null
<137,planner4,proj41sched1,write> null
<138,acc9,proj91budget1,write> null
<139,ldr21,proj21budget1,read> null
<140,planner6,proj62task1prop,setSchedule> null
<141,employee4_area1,proj41task1,read> null
<142,employee2_area2,proj21task2propa,read> null
<143,ldr72,proj71sched1,read> null
<144,planner10,proj102task1propa,setSchedule> null
<145,ldr101,proj101sched1,read> null
<146,acc2,proj22budget1,read> null
<147,manager7,proj71budget1,read> null
<148,nonemployee10_area1,proj102task1a,setStatus> null
<149,nonemployee8_area2,proj82task2a,read> null
<150,acc9,proj91sched1,read> null
<151,acc2,proj21task2propa,setCost> null
<152,employee5_area1,proj51task1propa,setStatus> null
<153,employee8_area1,proj81task1propa,read> null
<154,manager2,proj21budget1,approve> null
<155,ldr61,proj61budget1,write> null
<156,employee8_area1,proj81task1a,read> null
<157,nonemployee1_area1,proj12task1,request> null
<158,planner3,proj32task2prop,setSchedule> null
<159,acc10,proj101task2a,setCost> null
<160,employee3_area1,proj31task1,request> null
<161,planner7,proj72task2prop,setSchedule> null
<162,aud4,proj41budget1,read> null
<163,acc8,proj82task2,setCost> null
<164,nonemployee10_area1,proj102sched1,read> null
<165,employee3_area2,proj31task2,request> null
<166,acc9,proj92budget1,read> null
<167,ldr82,proj82sched1,read> null
<168,aud6,proj61budget1,read> null
<169,planner6,proj61task2,setSchedule> null
<170,planner10,proj102sched1,read> null
<171,employee2_area1,proj21sched1,read> null
<172,planner2,proj21task1,setSchedule> null
<173,planner1,proj11task1a,setSchedule> null
<174,acc7,proj72task2prop,setCost> null
<175,ldr41,proj41sched1,read> null
<176,nonemployee6_area2,proj62task2propa,setStatus> null
<177,acc10,proj102task2propa,setCost> null
<178,ldr21,proj21sched1,write> null
<179,employee7_area2,proj71task2propa,setStatus> null
<180,employee7_area1,proj71task1a,request> null
<181,planner3,proj31sched1,write> null
<182,nonemployee9_area1,proj92task1a,read> null
<183,employee9_area2,proj91task2a,request> null
<184,employee2_area2,proj21task2propa,request> null
<185,acc10,proj102task2a,setCost> null
<186,acc8,proj82task2propa,setCost> null
<187,planner7,proj71task1a,setSchedule> null
<188,planner10,proj102task2a,setSchedule> null
<189,acc2,proj21task1a,setCost> null
<190,planner6,proj62task1a,setSchedule> null
<191,acc5,proj52task2,setCost> null
<192,planner7,proj72task2a,setSchedule> null
<193,ldr21,proj21sched1,read> null
<194,nonemployee3_area2,proj32task2a,read> null
<195,planner1,proj11task2a,setSchedule> null
<196,acc10,proj102task1propa,setCost> null
<197,employee2_area2,proj21task2,read> null
<198,nonemployee9_area1,proj92task1a,setStatus> null
<199,acc8,proj82budget1,read> null
<200,acc1,proj11task2,setCost> null
<201,ldr32,proj32budget1,read> null
<202,nonemployee1_area1,proj12sched1,read> null
<203,manager1,proj11budget1,approve> null
<204,acc7,proj71task1prop,setCost> null
<205,planner3,proj31sched1,read> null
<206,acc2,proj22task1,setCost> null
<207,acc10,proj102task2,setCost> null
<208,employee7_area1,proj71task1prop,read> null
<209,ldr101,proj101budget1,write> null
<210,ldr61,proj61sched1,write> null
<211,nonemployee8_area2,proj82sched1,read> null
<212,acc2,proj21task2,setCost> null
<213,employee10_area1,proj101task1propa,setStatus> null
<214,planner8,proj81sched1,write> null
<215,ldr92,proj92budget1,read> null
<216,acc1,proj11task2propa,setCost> null
<217,planner5,proj51task1propa,setSchedule> null
<218,acc2,proj21task1,setCost> null
<219,employee7_area2,proj71task2a,read> null
<220,acc9,proj92task2propa,setCost> null
<221,planner9,proj92task2a,setSchedule> null
<222,acc10,proj102task1,setCost> null
<223,acc3,proj32sched1,read> null
<224,planner4,proj41task2a,setSchedule> null
<225,ldr11,proj12sched1,read> null
<226,nonemployee2_area2,proj22task2a,request> null
<227,nonemployee5_area1,proj52task1a,read> null
<228,manager10,proj102budget1,read> null
<229,nonemployee9_area2,proj92task2a,request> null
<230,employee2_area2,proj21task2a,read> null
<231,planner1,proj12sched1,read> null
<232,ldr82,proj82budget1,read> null
<233,planner4,proj42task2prop,setSchedule> null
<234,acc9,proj91task2,setCost> null
<235,ldr62,proj62budget1,write> null
<236,acc7,proj72task1propa,setCost> null
<237,employee8_area2,proj81task2prop,read> null
<238,employee4_area1,proj41sched1,read> null
<239,employee7_area2,proj71task2a,request> null
<240,nonemployee3_area2,proj32task2propa,setStatus> null
<241,employee3_area2,proj31sched1,read> null
<242,nonemployee3_area1,proj32task1a,read> null
<243,manager5,proj52budget1,approve> null
<244,planner10,proj101sched1,read> null
<245,acc10,proj102budget1,read> null
<246,employee3_area2,proj31task2a,setStatus> null
<247,planner10,proj101task2propa,setSchedule> null
<248,acc9,proj92budget1,write> null
<249,nonemployee10_area2,proj102sched1,read> null
<250,employee6_area2,proj61task2,read> null
<251,aud1,proj11budget1,read> null
<252,acc7,proj72task2,setCost> null
<253,planner2,proj22task1propa,setSchedule> null
<254,ldr62,proj62sched1,read> null
<255,nonemployee9_area1,proj92task1a,request> null
<256,ldr51,proj51budget1,write> null
<257,employee9_area2,proj91task2propa,read> null
<258,planner5,proj52task2,setSchedule> null
<259,planner5,proj52task1,setSchedule> null
<260,acc2,proj21task2a,setCost> null
<261,employee4_area2,proj41task2prop,request> null
<262,acc4,proj41budget1,write> null
<263,nonemployee8_area1,proj82task1a,request> null
<264,employee5_area1,proj51task1,request> null
<265,acc2,proj22task1prop,setCost> null
<266,employee2_area1,proj21task1,request> null
<267,acc8,proj82sched1,read> null
<268,planner7,proj72sched1,read> null
<269,employee3_area1,proj31task1,read> null
<270,planner9,proj92task2,setSchedule> null
<271,acc5,proj52budget1,write> null
<272,planner1,proj11sched1,read> null
<273,planner2,proj21task1prop,setSchedule> null
<274,planner10,proj102task1,setSchedule> null
<275,aud3,proj31sched1,read> null
<276,planner10,proj102task2,setSchedule> null
<277,planner7,proj71sched1,read> null
<278,employee5_area1,proj51sched1,read> null
<279,nonemployee6_area1,proj62task1,read> null
<280,employee5_area2,proj51task2a,setStatus> null
<281,employee4_area2,proj41task2,read> null
<282,planner9,proj91task1a,setSchedule> null
<283,aud10,proj101budget1,read> null
<284,employee3_area2,proj31task2a,read> null
<285,planner7,proj72sched1,write> null
<286,employee9_area2,proj91task2a,read> null
<287,acc2,proj22task2prop,setCost> null
<288,manager3,proj31budget1,approve> null
<289,planner6,proj62task1,setSchedule> null
<290,ldr32,proj32sched1,read> null
<291,employee2_area2,proj21task2,request> null
<292,planner6,proj61task2a,setSchedule> null
<293,acc3,proj31budget1,read> null
<294,acc10,proj101task2propa,setCost> null
<295,acc4,proj42task2propa,setCost> null
<296,ldr22,proj22sched1,write> null
<297,nonemployee10_area1,proj102task1,read> null
<298,planner8,proj82task1propa,setSchedule> null
<299,manager4,proj42budget1,read> null
<300,nonemployee1_area2,proj12task2a,read> null
<301,planner6,proj62task2propa,setSchedule> null
<302,acc5,proj51task2a,setCost> null
<303,manager4,proj41budget1,read> null
<304,ldr11,proj11budget1,read> null
<305,acc8,proj81task2a,setCost> null
<306,planner2,proj21task2prop,setSchedule> null
<307,employee10_area1,proj101task1propa,request> null
<308,employee4_area1,proj41task1a,request> null
<309,employee4_area1,proj41task1,request> null
<310,ldr22,proj21sched1,read> null
<311,acc7,proj72task1,setCost> null
<312,acc1,proj12task1a,setCost> null
<313,acc6,proj62task2a,setCost> null
<314,acc6,proj62task1prop,setCost> null
<315,employee5_area2,proj51task2prop,read> null
<316,employee1_area1,proj11task1,request> null
<317,ldr11,proj11sched1,read> null
<318,aud1,proj12budget1,read> null
<319,ldr32,proj31sched1,read> null
<320,employee1_area2,proj11task2,request> null
<321,planner4,proj42task1,setSchedule> null
<322,aud9,proj92budget1,read> null
<323,employee7_area2,proj71task2prop,request> null
<324,acc8,proj81budget1,read> null
<325,acc4,proj41task2,setCost> null
<326,acc5,proj52task1prop,setCost> null
<327,acc1,proj12task2propa,setCost> null
<328,acc4,proj41task1,setCost> null
<329,nonemployee8_area1,proj82task1a,setStatus> null
<330,manager8,proj82budget1,read> null
<331,employee6_area2,proj61task2prop,read> null
<332,employee4_area2,proj41task2,request> null
<333,planner9,proj91task2propa,setSchedule> null
<334,employee6_area1,proj61task1prop,request> null
<335,employee2_area1,proj21task1a,request> null
<336,planner9,proj91task2a,setSchedule> null
<337,acc1,proj12task2a,setCost> null
<338,acc9,proj91task1prop,setCost> null
<339,ldr12,proj12sched1,write> null
<340,nonemployee10_area1,proj102task1a,request> null
<341,planner6,proj61task1propa,setSchedule> null
<342,ldr91,proj91sched1,read> null
<343,employee2_area2,proj21task2prop,request> null
<344,planner6,proj61task2propa,setSchedule> null
<345,planner3,proj31task2,setSchedule> null
<346,planner5,proj52task1propa,setSchedule> null
<347,ldr51,proj51sched1,read> null
<348,ldr22,proj22budget1,write> null
<349,employee1_area1,proj11task1prop,request> null
<350,nonemployee4_area1,proj42task1,request> null
<351,acc5,proj52task2a,setCost> null
<352,employee2_area1,proj21task1,read> null
<353,employee4_area2,proj41task2a,request> null
<354,employee3_area1,proj31task1prop,read> null
<355,planner1,proj11task1prop,setSchedule> null
<356,planner5,proj52task2a,setSchedule> null
<357,planner8,proj81task2a,setSchedule> null
<358,nonemployee9_area1,proj92task1,request> null
<359,acc6,proj61task1prop,setCost> null
<360,nonemployee2_area1,proj22task1,request> null
<361,employee5_area2,proj51task2,request> null
<362,acc9,proj91task2prop,setCost> null
<363,nonemployee4_area2,proj42task2,request> null
<364,acc10,proj101task1propa,setCost> null
<365,employee6_area2,proj61task2propa,request> null
<366,acc1,proj12task1propa,setCost> null
<367,planner1,proj12task2a,setSchedule> null
<368,employee7_area1,proj71sched1,read> null
<369,acc4,proj42task1propa,setCost> null
<370,ldr81,proj81budget1,read> null
<371,ldr31,proj31budget1,write> null
<372,acc3,proj31task2,setCost> null
<373,nonemployee9_area2,proj92task2,request> null
<374,nonemployee8_area2,proj82task2a,setStatus> null
<375,nonemployee3_area2,proj32task2,read> null
<376,nonemployee8_area1,proj82sched1,read> null
<377,planner7,proj72task1prop,setSchedule> null
<378,acc7,proj72task2a,setCost> null
<379,acc4,proj41task1propa,setCost> null
<380,acc8,proj81task2prop,setCost> null
<381,employee8_area2,proj81task2prop,request> null
<382,acc3,proj31task2a,setCost> null
<383,ldr62,proj62sched1,write> null
<384,manager2,proj21budget1,read> null
<385,acc1,proj12task2,setCost> null
<386,planner1,proj12task2propa,setSchedule> null
<387,acc7,proj71sched1,read> null
<388,acc1,proj12task1,setCost> null
<389,nonemployee10_area1,proj102task1propa,setStatus> null
<390,acc4,proj41sched1,read> null
<391,ldr21,proj21budget1,write> null
<392,aud2,proj21sched1,read> null
<393,employee3_area1,proj31task1propa,setStatus> null
<394,planner8,proj81task2propa,setSchedule> null
<395,aud10,proj101sched1,read> null
<396,acc10,proj101sched1,read> null
<397,nonemployee6_area1,proj62task1a,request> null
<398,nonemployee9_area2,proj92task2a,setStatus> null
<399,planner8,proj81task1prop,setSchedule> null
<400,employee2_area2,proj21task2a,setStatus> null
<401,planner8,proj81task1propa,setSchedule> null
<402,nonemployee5_area2,proj52task2a,setStatus> null
<403,acc6,proj62task2,setCost> null
<404,planner1,proj12task2,setSchedule> null
<405,employee4_area2,proj41task2propa,read> null
<406,planner6,proj62sched1,read> null
<407,planner3,proj32task1a,setSchedule> null
<408,planner7,proj72task1,setSchedule> null
<409,employee3_area1,proj31task1a,setStatus> null
<410,planner7,proj72task1a,setSchedule> null
<411,employee8_area1,proj81task1propa,request> null
<412,acc2,proj22task1a,setCost> null
<413,planner1,proj11task1,setSchedule> null
<414,employee6_area2,proj61task2prop,request> null
<415,employee1_area2,proj11task2,read> null
<416,acc6,proj61budget1,write> null
<417,acc8,proj81task1prop,setCost> null
<418,acc5,proj52task1a,setCost> null
<419,employee6_area2,proj61task2propa,read> null
<420,employee6_area1,proj61task1,request> null
<421,acc1,proj11budget1,write> null
<422,aud10,proj102sched1,read> null
<423,acc5,proj51task1propa,setCost> null
<424,planner9,proj91task2,setSchedule> null
<425,employee10_area2,proj101task2a,request> null
<426,aud9,proj92sched1,read> null
<427,acc4,proj42task1prop,setCost> null
<428,acc7,proj71task2propa,setCost> null
<429,nonemployee5_area2,proj52task2a,read> null
<430,aud6,proj62budget1,read> null
<431,acc10,proj102sched1,read> null
<432,employee2_area2,proj21task2propa,setStatus> null
<433,aud4,proj41sched1,read> null
<434,manager5,proj51budget1,read> null
<435,employee7_area2,proj71sched1,read> null
<436,aud1,proj11sched1,read> null
<437,planner5,proj51sched1,write> null
<438,employee8_area2,proj81task2propa,read> null
<439,planner9,proj92task1prop,setSchedule> null
<440,planner2,proj21task1propa,setSchedule> null
<441,manager2,proj22budget1,read> null
<442,nonemployee7_area1,proj72task1propa,setStatus> null
<443,nonemployee2_area2,proj22task2,request> null
<444,acc9,proj92task2prop,setCost> null
<445,ldr92,proj91sched1,read> null
<446,manager6,proj62budget1,read> null
<447,nonemployee5_area1,proj52task1a,setStatus> null
<448,manager6,proj61budget1,read> null
<449,manager4,proj42budget1,approve> null
<450,employee1_area1,proj11task1,read> null
<451,nonemployee7_area2,proj72task2a,read> null
<452,planner5,proj52task2prop,setSchedule> null
<453,acc8,proj81task1a,setCost> null
<454,ldr31,proj31sched1,read> null
<455,acc4,proj42task1,setCost> null
<456,planner5,proj51task1prop,setSchedule> null
<457,acc8,proj82task1prop,setCost> null
<458,nonemployee9_area2,proj92sched1,read> null
<459,acc4,proj42task2,setCost> null
<460,employee10_area1,proj101task1a,setStatus> null
<461,planner2,proj22task2,setSchedule> null
<462,ldr31,proj31sched1,write> null
<463,manager5,proj51budget1,approve> null
<464,aud1,proj12sched1,read> null
<465,acc4,proj41task1a,setCost> null
<466,planner3,proj32task2a,setSchedule> null
<467,ldr12,proj11sched1,read> null
<468,employee1_area1,proj11task1propa,setStatus> null
<469,nonemployee6_area2,proj62task2,read> null
<470,nonemployee10_area2,proj102task2a,request> null
<471,employee8_area2,proj81task2a,setStatus> null
<472,acc4,proj42task2prop,setCost> null
<473,employee8_area2,proj81task2a,read> null
<474,nonemployee2_area1,proj22task1a,setStatus> null
<475,employee1_area2,proj11task2prop,read> null
<476,acc3,proj31sched1,read> null
<477,employee9_area1,proj91task1,request> null
<478,planner1,proj12task1prop,setSchedule> null
<479,acc10,proj101budget1,write> null
<480,employee8_area2,proj81task2,request> null
<481,manager7,proj72budget1,approve> null
<482,manager1,proj12budget1,read> null
<483,acc9,proj92task1a,setCost> null
<484,employee4_area2,proj41sched1,read> null
<485,acc4,proj42task2a,setCost> null
<486,planner2,proj22task2prop,setSchedule> null
<487,acc6,proj62task2prop,setCost> null
<488,nonemployee1_area1,proj12task1a,request> null
<489,acc1,proj11budget1,read> null
<490,manager10,proj102budget1,approve> null
<491,planner4,proj41task2,setSchedule> null
<492,acc7,proj71task1,setCost> null
<493,planner9,proj92sched1,read> null
<494,acc2,proj22task2,setCost> null
<495,planner4,proj41task1,setSchedule> null
<496,employee4_area2,proj41task2a,setStatus> null
<497,employee8_area1,proj81task1,request> null
<498,employee3_area2,proj31task2a,request> null
<499,nonemployee8_area2,proj82task2,request> null
<500,planner1,proj11task2propa,setSchedule> null
<501,ldr102,proj102budget1,read> null
<502,planner4,proj42task2a,setSchedule> null
<503,ldr51,proj51sched1,write> null
<504,planner9,proj91task1prop,setSchedule> null
<505,employee6_area1,proj61task1,read> null
<506,acc9,proj92task2a,setCost> null
<507,employee9_area2,proj91task2prop,request> null
<508,ldr61,proj61budget1,read> null
<509,planner10,proj102task2prop,setSchedule> null
<510,planner2,proj22task2propa,setSchedule> null
<511,ldr82,proj82budget1,write> null
<512,ldr32,proj32sched1,write> null
<513,acc1,proj12task1prop,setCost> null
<514,planner10,proj101task1propa,setSchedule> null
<515,employee8_area2,proj81task2,read> null
<516,acc4,proj41task2propa,setCost> null
<517,aud7,proj72sched1,read> null
<518,ldr72,proj72budget1,write> null
<519,ldr92,proj92sched1,write> null
<520,employee7_area1,proj71task1propa,setStatus> null
<521,planner4,proj41sched1,read> null
<522,manager9,proj91budget1,read> null
<523,nonemployee5_area1,proj52task1,read> null
<524,manager9,proj92budget1,approve> null
<525,planner4,proj42sched1,read> null
<526,nonemployee3_area2,proj32sched1,read> null
<527,planner7,proj72task2,setSchedule> null
<528,planner4,proj42task1a,setSchedule> null
<529,acc2,proj22task1propa,setCost> null
<530,nonemployee8_area1,proj82task1,request> null
<531,ldr101,proj102sched1,read> null
<532,manager8,proj82budget1,approve> null
<533,aud10,proj102budget1,read> null
<534,acc6,proj62budget1,read> null
<535,acc6,proj61task2prop,setCost> null
<536,acc5,proj51budget1,read> null
<537,nonemployee5_area2,proj52task2,read> null
<538,planner4,proj41task1a,setSchedule> null
<539,ldr101,proj101budget1,read> null
<540,nonemployee3_area1,proj32sched1,read> null
<541,acc7,proj72task2propa,setCost> null
<542,employee4_area2,proj41task2a,read> null
<543,manager8,proj81budget1,read> null
<544,manager3,proj32budget1,approve> null
<545,ldr42,proj42sched1,write> null
<546,planner7,proj72task1propa,setSchedule> null
<547,employee4_area1,proj41task1a,setStatus> null
<548,employee3_area1,proj31sched1,read> null
<549,ldr91,proj91budget1,write> null
<550,employee10_area2,proj101task2,read> null
<551,planner3,proj31task2propa,setSchedule> null
<552,ldr102,proj102budget1,write> null
<553,employee7_area1,proj71task1propa,request> null
<554,employee1_area1,proj11task1prop,read> null
<555,planner6,proj61task2prop,setSchedule> null
<556,acc7,proj71task1propa,setCost> null
<557,employee10_area1,proj101task1,read> null
<558,employee7_area2,proj71task2prop,read> null
<559,employee9_area1,proj91task1prop,request> null
<560,acc1,proj11sched1,read> null
<561,employee2_area1,proj21task1propa,read> null
<562,planner4,proj41task2prop,setSchedule> null
<563,acc10,proj102task2prop,setCost> null
<564,acc5,proj52task1,setCost> null
<565,planner8,proj81sched1,read> null
<566,employee1_area1,proj11task1propa,request> null
<567,acc10,proj101task1prop,setCost> null
<568,nonemployee3_area1,proj32task1propa,setStatus> null
<569,acc3,proj31task1,setCost> null
<570,acc7,proj71task2prop,setCost> null
<571,planner1,proj12task1propa,setSchedule> null
<572,ldr41,proj41budget1,write> null
<573,employee8_area2,proj81task2a,request> null
<574,employee8_area1,proj81task1,read> null
<575,planner4,proj42task2propa,setSchedule> null
<0,employee5_area2,proj51task2propa,read> 3.7715643332459313E-4
<1,acc10,proj101task2,setCost> 1.6153915189063363E-4
<2,employee1_area2,proj11task2a,request> 0.0012566946485263572
<3,acc10,proj101task1,setCost> 1.5270785429296802E-4
<4,acc2,proj21task1propa,setCost> 2.586834254649555E-4
<5,aud3,proj31budget1,read> 0.0015727684410103315
<6,nonemployee1_area2,proj12task2a,request> 4.2795441192676855E-4
<7,planner2,proj21task2propa,setSchedule> 0.0021980520085275426
<8,employee9_area2,proj91task2,request> 0.0010138442400435183
<9,planner1,proj11task2prop,setSchedule> 0.0013950291517486554
<10,ldr102,proj102sched1,read> 9.245258143147051E-4
<11,planner10,proj102task1a,setSchedule> 0.001320080351782626
<12,aud3,proj32budget1,read> 5.55827832559911E-4
<13,nonemployee2_area2,proj22task2,read> 0.0013202242015884057
<14,employee6_area1,proj61task1propa,read> 1.5148942612760668E-4
<15,employee2_area1,proj21task1a,read> 0.001242938416237569
<16,employee10_area1,proj101task1prop,read> 5.061090088657284E-4
<17,acc6,proj62task1propa,setCost> 5.942727341762491E-4
<18,employee5_area2,proj51task2propa,request> 2.5646637466072335E-4
<19,acc5,proj52sched1,read> 1.3170915003070106E-4
<20,nonemployee6_area2,proj62task2a,request> 6.994890618777859E-4
<21,acc6,proj61task2propa,setCost> 6.560918173599084E-4
<22,employee9_area2,proj91task2propa,setStatus> 7.923517055150411E-4
<23,planner9,proj92task2prop,setSchedule> 8.382666377152939E-4
<24,ldr91,proj91sched1,write> 7.82762855925123E-4
<25,acc10,proj101task2prop,setCost> 4.1764678222293663E-4
<26,employee10_area2,proj101task2prop,read> 1.6939950606387544E-4
<27,nonemployee8_area2,proj82task2a,request> 7.641401690089803E-4
<28,nonemployee1_area1,proj12task1a,read> 5.406079097122357E-4
<29,employee7_area2,proj71task2,read> 3.104245928149033E-4
<30,employee1_area2,proj11task2a,read> 0.0018480803654799373
<31,employee1_area1,proj11task1a,request> 0.0013781198527677767
<32,planner7,proj71task2prop,setSchedule> 0.0011380618375794118
<33,nonemployee4_area1,proj42task1propa,setStatus> 8.047780446126414E-4
<34,employee8_area1,proj81task1prop,read> 4.0939457720987695E-4
<35,employee10_area1,proj101task1prop,request> 3.441541260286953E-4
<36,employee7_area1,proj71task1,read> 3.0050423299125795E-4
<37,employee4_area1,proj41task1a,read> 0.0011040533787065336
<38,ldr51,proj51budget1,read> 1.4433257194697071E-4
<39,employee7_area1,proj71task1a,setStatus> 6.183829581486369E-4
<40,aud8,proj81sched1,read> 5.13915791716427E-5
<41,acc2,proj22task2propa,setCost> 6.472605197622427E-4
<42,planner6,proj61task1a,setSchedule> 0.0011059409233082562
<43,manager7,proj71budget1,approve> 3.204918162867702E-4
<44,acc4,proj41task2prop,setCost> 0.001079994102047858
<45,planner9,proj91task1,setSchedule> 0.0015877546373755885
<46,employee4_area1,proj41task1prop,read> 4.631248170186832E-4
<47,employee9_area1,proj91sched1,read> 0.0011286224756632821
<48,acc7,proj72budget1,write> 0.004533765845862102
<49,planner3,proj31task2prop,setSchedule> 0.001448564008867248
<50,ldr22,proj22budget1,read> 8.177260542432163E-4
<51,aud6,proj62sched1,read> 4.4203437224620804E-4
<52,planner3,proj31task1,setSchedule> 0.0017055313230364918
<53,employee5_area1,proj51task1a,setStatus> 9.647671604942451E-5
<54,employee4_area1,proj41task1propa,setStatus> 5.438249235630351E-4
<55,planner5,proj52task1a,setSchedule> 2.600901808344951E-4
<56,ldr102,proj102sched1,write> 4.2803286559008383E-4
<57,nonemployee8_area1,proj82task1,read> 0.0011681039495150065
<58,planner3,proj31task1a,setSchedule> 0.0021552241228326684
<59,ldr41,proj41budget1,read> 7.777789832595406E-4
<60,acc3,proj31task2prop,setCost> 0.0011948009708175112
<61,ldr71,proj71budget1,write> 8.067310985153281E-4
<62,nonemployee6_area2,proj62task2a,setStatus> 6.722304275715716E-4
<63,ldr52,proj52budget1,read> 6.75057943587232E-4
<64,employee7_area1,proj71task1prop,request> 4.7812152395198566E-4
<65,planner3,proj32task1,setSchedule> 4.3140172361399103E-4
<66,planner3,proj32task2,setSchedule> 4.206947521902725E-4
<67,manager9,proj92budget1,read> 9.359249747715907E-4
<68,planner10,proj102task1prop,setSchedule> 0.0012986664089351893
<69,manager6,proj61budget1,approve> 1.5290609804025906E-4
<70,planner5,proj52task1prop,setSchedule> 8.168526948678569E-4
<71,planner10,proj101task2prop,setSchedule> 5.063505235800205E-4
<72,acc8,proj81task2,setCost> 0.0012301261612081736
<73,acc8,proj81task1,setCost> 0.0012124635660128423
<74,planner2,proj21task2,setSchedule> 0.0018661358943922696
<75,employee5_area1,proj51task1,read> 6.377964669952009E-4
<76,employee4_area1,proj41task1propa,request> 3.197964173153697E-4
<77,employee8_area1,proj81task1propa,setStatus> 6.515198624089044E-4
<78,acc8,proj81task2propa,setCost> 4.2647807982060227E-4
<79,manager4,proj41budget1,approve> 2.595515551062207E-4
<80,manager7,proj72budget1,read> 0.0013929769336257123
<81,nonemployee2_area1,proj22task1,read> 0.0012251490440425316
<82,employee10_area2,proj101task2propa,setStatus> 6.349514102787707E-4
<83,employee9_area2,proj91sched1,read> 0.0011127821602153766
<84,acc4,proj42budget1,write> 0.0021164460898228385
<85,employee5_area2,proj51task2,read> 6.278761071715555E-4
<86,ldr42,proj41sched1,read> 4.470526326916436E-4
<87,ldr52,proj52sched1,read> 3.1281094302857424E-4
<88,employee5_area1,proj51task1propa,request> 4.8299306569465065E-4
<89,nonemployee1_area2,proj12task2a,setStatus> 4.1127730652196535E-4
<90,planner6,proj62task2,setSchedule> 0.0011594757804268487
<91,planner10,proj101task1a,setSchedule> 0.0016305825230704626
<92,nonemployee5_area1,proj52task1propa,setStatus> 7.550726882222401E-4
<93,manager8,proj81budget1,approve> 1.7575869598296511E-4
<94,employee1_area2,proj11task2a,setStatus> 7.71641140352374E-4
<95,acc3,proj32budget1,read> 3.428102777757147E-4

