<0,acc9,proj92sched1,read> null
<1,aud10,proj101budget1,read> null
<2,planner10,proj102sched1,write> null
<3,aud4,proj42budget1,read> null
<4,acc4,proj42budget1,read> null
<5,employee3_area1,proj31task1a,read> null
<6,acc1,proj11task1a,setCost> null
<7,planner4,proj42task1propa,setSchedule> null
<8,planner8,proj81task1,setSchedule> null
<9,planner6,proj61sched1,write> null
<10,planner3,proj31sched1,write> null
<11,planner2,proj22sched1,write> null
<12,planner10,proj101task2propa,setSchedule> null
<13,acc2,proj21budget1,read> null
<14,employee7_area2,proj71task2a,setStatus> null
<15,employee2_area1,proj21task1propa,request> null
<16,acc8,proj82task1propa,setCost> null
<17,employee2_area1,proj21task1,request> null
<18,acc2,proj21task1,setCost> null
<19,planner2,proj21task1a,setSchedule> null
<20,manager9,proj91budget1,read> null
<21,ldr52,proj52sched1,read> null
<22,acc9,proj91budget1,read> null
<23,manager10,proj102budget1,approve> null
<24,ldr42,proj42sched1,read> null
<25,employee7_area2,proj71sched1,read> null
<26,planner2,proj22task2,setSchedule> null
<27,aud7,proj71budget1,read> null
<28,acc6,proj62sched1,read> null
<29,planner8,proj82task1prop,setSchedule> null
<30,planner2,proj22task1prop,setSchedule> null
<31,employee4_area2,proj41task2prop,read> null
<32,aud3,proj31budget1,read> null
<33,planner1,proj11task2a,setSchedule> null
<34,planner5,proj52task2propa,setSchedule> null
<35,planner1,proj11task1,setSchedule> null
<36,aud5,proj51budget1,read> null
<37,planner10,proj101sched1,read> null
<38,acc10,proj101budget1,read> null
<39,nonemployee10_area2,proj102task2a,read> null
<40,planner10,proj101sched1,write> null
<41,nonemployee6_area1,proj62sched1,read> null
<42,planner7,proj71task2prop,setSchedule> null
<43,aud1,proj12budget1,read> null
<44,aud8,proj82budget1,read> null
<45,employee6_area2,proj61task2propa,request> null
<46,nonemployee8_area1,proj82task1,read> null
<47,acc9,proj92budget1,read> null
<48,acc9,proj92task1propa,setCost> null
<49,acc9,proj92budget1,write> null
<50,acc2,proj22task2,setCost> null
<51,ldr52,proj52budget1,write> null
<52,planner7,proj71sched1,write> null
<53,planner8,proj81task2,setSchedule> null
<54,ldr72,proj72budget1,write> null
<55,acc5,proj51task2,setCost> null
<56,acc7,proj71budget1,write> null
<57,planner1,proj11sched1,write> null
<58,aud6,proj61budget1,read> null
<59,acc2,proj22budget1,read> null
<60,planner7,proj72sched1,write> null
<61,acc4,proj42task1propa,setCost> null
<62,planner2,proj22task1,setSchedule> null
<63,nonemployee9_area2,proj92task2propa,setStatus> null
<64,aud5,proj52budget1,read> null
<65,acc4,proj41budget1,read> null
<66,nonemployee3_area2,proj32task2,request> null
<67,aud10,proj102budget1,read> null
<68,planner9,proj91sched1,write> null
<69,employee9_area2,proj91task2,read> null
<70,acc10,proj102budget1,write> null
<71,planner5,proj51sched1,write> null
<72,acc5,proj52task2,setCost> null
<73,planner6,proj61task2propa,setSchedule> null
<74,nonemployee2_area2,proj22task2propa,setStatus> null
<75,ldr91,proj91sched1,read> null
<76,acc5,proj52budget1,write> null
<77,manager2,proj22budget1,read> null
<78,aud9,proj91budget1,read> null
<79,planner4,proj42task2prop,setSchedule> null
<80,planner1,proj11task1propa,setSchedule> null
<81,acc3,proj31task1propa,setCost> null
<82,nonemployee2_area1,proj22task1a,setStatus> null
<83,nonemployee2_area2,proj22task2,read> null
<84,manager9,proj92budget1,read> null
<85,planner8,proj81task1prop,setSchedule> null
<86,ldr12,proj12sched1,read> null
<87,employee3_area1,proj31task1a,setStatus> null
<88,employee9_area2,proj91task2prop,read> null
<89,nonemployee8_area1,proj82task1a,read> null
<90,planner3,proj31task2a,setSchedule> null
<91,ldr81,proj82sched1,read> null
<92,employee5_area1,proj51task1propa,setStatus> null
<93,nonemployee10_area2,proj102task2a,setStatus> null
<94,employee8_area2,proj81task2propa,setStatus> null
<95,planner2,proj21sched1,write> null
<96,acc5,proj51task1a,setCost> null
<97,planner6,proj62task2propa,setSchedule> null
<98,planner7,proj71task2propa,setSchedule> null
<99,employee7_area2,proj71task2a,request> null
<100,planner1,proj12sched1,write> null
<101,nonemployee10_area1,proj102task1a,read> null
<102,planner10,proj101task1prop,setSchedule> null
<103,acc8,proj81task1propa,setCost> null
<104,planner9,proj92task2propa,setSchedule> null
<105,planner4,proj42task1,setSchedule> null
<106,planner2,proj21task2a,setSchedule> null
<107,ldr61,proj61budget1,read> null
<108,planner4,proj41sched1,write> null
<109,nonemployee2_area1,proj22task1a,request> null
<110,aud2,proj22budget1,read> null
<111,planner3,proj32sched1,write> null
<112,acc2,proj22task2a,setCost> null
<113,employee9_area1,proj91task1a,setStatus> null
<114,manager8,proj81budget1,read> null
<115,planner8,proj82sched1,write> null
<116,planner4,proj42sched1,write> null
<117,planner8,proj82task2prop,setSchedule> null
<118,employee6_area1,proj61task1prop,request> null
<119,nonemployee7_area2,proj72task2,request> null
<120,employee10_area2,proj101task2a,request> null
<121,aud2,proj21budget1,read> null
<122,acc7,proj72sched1,read> null
<123,acc1,proj12task1a,setCost> null
<124,acc6,proj61task1,setCost> null
<125,planner5,proj51task1propa,setSchedule> null
<126,acc6,proj61budget1,read> null
<127,acc10,proj102budget1,read> null
<128,employee10_area2,proj101task2a,setStatus> null
<129,nonemployee1_area1,proj12task1,read> null
<130,acc4,proj41task1prop,setCost> null
<131,employee5_area2,proj51sched1,read> null
<132,acc2,proj21task2propa,setCost> null
<133,planner9,proj92sched1,write> null
<134,planner5,proj51task2propa,setSchedule> null
<135,ldr21,proj21budget1,read> null
<136,acc6,proj61budget1,write> null
<137,employee2_area2,proj21task2propa,read> null
<138,planner2,proj22task2propa,setSchedule> null
<139,ldr72,proj71sched1,read> null
<140,nonemployee10_area1,proj102task1a,setStatus> null
<141,nonemployee8_area2,proj82task2a,read> null
<142,manager1,proj11budget1,read> null
<143,nonemployee9_area2,proj92sched1,read> null
<144,acc9,proj91sched1,read> null
<145,acc4,proj41task1,setCost> null
<146,nonemployee8_area2,proj82task2propa,setStatus> null
<147,employee8_area1,proj81task1propa,read> null
<148,ldr82,proj82sched1,read> null
<149,nonemployee2_area2,proj22task2,request> null
<150,acc7,proj71task2propa,setCost> null
<151,aud6,proj62budget1,read> null
<152,planner9,proj91task2propa,setSchedule> null
<153,acc1,proj12task2prop,setCost> null
<154,acc10,proj101task1prop,setCost> null
<155,planner10,proj102task1prop,setSchedule> null
<156,planner1,proj11task1a,setSchedule> null
<157,acc8,proj81task1,setCost> null
<158,nonemployee6_area2,proj62task2propa,setStatus> null
<159,ldr21,proj21sched1,write> null
<160,employee7_area1,proj71task1a,request> null
<161,aud1,proj11budget1,read> null
<162,acc8,proj82task2propa,setCost> null
<163,acc2,proj21task1a,setCost> null
<164,ldr71,proj71sched1,read> null
<165,planner9,proj91task2,setSchedule> null
<166,nonemployee3_area2,proj32task2a,read> null
<167,acc10,proj102task1propa,setCost> null
<168,planner6,proj62task1,setSchedule> null
<169,aud9,proj92budget1,read> null
<170,employee2_area2,proj21task2,read> null
<171,planner8,proj81task2prop,setSchedule> null
<172,acc8,proj82budget1,read> null
<173,nonemployee9_area1,proj92task1a,setStatus> null
<174,ldr32,proj32budget1,read> null
<175,planner6,proj61task2,setSchedule> null
<176,planner2,proj22sched1,read> null
<177,acc1,proj12task1propa,setCost> null
<178,employee5_area2,proj51task2,read> null
<179,planner9,proj92task1propa,setSchedule> null
<180,employee3_area2,proj31task2a,setStatus> null
<181,nonemployee1_area1,proj12sched1,read> null
<182,acc7,proj71budget1,read> null
<183,manager1,proj11budget1,approve> null
<184,planner2,proj21task1,setSchedule> null
<185,planner7,proj71task2a,setSchedule> null
<186,planner3,proj31sched1,read> null
<187,acc4,proj41task1a,setCost> null
<188,acc9,proj92task1,setCost> null
<189,planner7,proj72task2propa,setSchedule> null
<190,nonemployee7_area1,proj72sched1,read> null
<191,acc6,proj61task2a,setCost> null
<192,acc6,proj61task1propa,setCost> null
<193,acc7,proj72budget1,read> null
<194,acc10,proj102task2,setCost> null
<195,acc10,proj102task1,setCost> null
<196,acc4,proj41budget1,write> null
<197,employee9_area1,proj91task1,read> null
<198,planner8,proj82task1,setSchedule> null
<199,planner7,proj72task1propa,setSchedule> null
<200,planner1,proj11task2prop,setSchedule> null
<201,acc3,proj32sched1,read> null
<202,aud8,proj81budget1,read> null
<203,ldr11,proj12sched1,read> null
<204,nonemployee2_area2,proj22task2a,request> null
<205,nonemployee5_area1,proj52task1a,read> null
<206,nonemployee9_area2,proj92task2a,request> null
<207,acc3,proj32budget1,write> null
<208,acc5,proj51budget1,write> null
<209,acc2,proj22budget1,write> null
<210,acc5,proj52budget1,read> null
<211,planner9,proj91task1a,setSchedule> null
<212,employee9_area2,proj91sched1,read> null
<213,ldr82,proj82budget1,read> null
<214,nonemployee6_area1,proj62task1,request> null
<215,planner7,proj72task1a,setSchedule> null
<216,planner5,proj52sched1,write> null
<217,acc9,proj91task2,setCost> null
<218,planner1,proj11task2propa,setSchedule> null
<219,acc4,proj42task2prop,setCost> null
<220,planner6,proj61task1,setSchedule> null
<221,acc9,proj91task1,setCost> null
<222,nonemployee1_area2,proj12sched1,read> null
<223,ldr62,proj62budget1,write> null
<224,planner6,proj61task1prop,setSchedule> null
<225,acc1,proj11budget1,write> null
<226,nonemployee3_area2,proj32task2propa,setStatus> null
<227,nonemployee3_area1,proj32task1a,read> null
<228,planner3,proj32task1prop,setSchedule> null
<229,acc5,proj52task2propa,setCost> null
<230,manager5,proj52budget1,approve> null
<231,nonemployee6_area1,proj62task1a,setStatus> null
<232,acc1,proj12budget1,read> null
<233,acc1,proj11task2prop,setCost> null
<234,employee3_area2,proj31task2,read> null
<235,acc1,proj12task1prop,setCost> null
<236,manager5,proj52budget1,read> null
<237,ldr42,proj41sched1,read> null
<238,acc1,proj12task2a,setCost> null
<239,nonemployee9_area1,proj92task1a,request> null
<240,ldr51,proj51budget1,write> null
<241,employee9_area2,proj91task2propa,read> null
<242,planner5,proj52task2,setSchedule> null
<243,planner5,proj52task1,setSchedule> null
<244,planner7,proj71task1prop,setSchedule> null
<245,aud4,proj41budget1,read> null
<246,acc2,proj21task2a,setCost> null
<247,aud7,proj72budget1,read> null
<248,employee4_area2,proj41task2prop,request> null
<249,planner8,proj81task2a,setSchedule> null
<250,employee5_area1,proj51task1,request> null
<251,acc2,proj22task1prop,setCost> null
<252,employee4_area1,proj41task1,read> null
<253,employee6_area2,proj61task2,request> null
<254,acc8,proj82budget1,write> null
<255,manager9,proj91budget1,approve> null
<256,nonemployee8_area2,proj82task2,read> null
<257,planner9,proj92task1,setSchedule> null
<258,acc1,proj11task1,setCost> null
<259,acc6,proj61task2,setCost> null
<260,acc2,proj22task1,setCost> null
<261,acc8,proj82sched1,read> null
<262,acc8,proj81budget1,read> null
<263,planner7,proj72sched1,read> null
<264,employee10_area1,proj101task1,request> null
<265,employee3_area1,proj31task1,read> null
<266,planner1,proj11sched1,read> null
<267,planner6,proj62sched1,write> null
<268,acc9,proj92task2,setCost> null
<269,acc7,proj72task2,setCost> null
<270,employee3_area2,proj31task2propa,setStatus> null
<271,planner2,proj21task1prop,setSchedule> null
<272,employee10_area1,proj101task1a,setStatus> null
<273,planner2,proj21task2prop,setSchedule> null
<274,acc3,proj31task1,setCost> null
<275,planner10,proj102task1,setSchedule> null
<276,planner10,proj102task2,setSchedule> null
<277,acc8,proj81task2,setCost> null
<278,employee5_area1,proj51sched1,read> null
<279,nonemployee6_area1,proj62task1,read> null
<280,planner9,proj91task1propa,setSchedule> null
<281,employee4_area2,proj41task2,read> null
<282,employee3_area2,proj31task2a,read> null
<283,manager3,proj31budget1,approve> null
<284,acc7,proj72task1a,setCost> null
<285,ldr62,proj62sched1,write> null
<286,planner6,proj61task2a,setSchedule> null
<287,planner5,proj52task1propa,setSchedule> null
<288,acc4,proj42task2propa,setCost> null
<289,manager4,proj42budget1,read> null
<290,acc7,proj72task1propa,setCost> null
<291,employee4_area1,proj41task1propa,setStatus> null
<292,planner8,proj82task2a,setSchedule> null
<293,manager10,proj101budget1,read> null
<294,nonemployee1_area2,proj12task2a,read> null
<295,acc5,proj51task2a,setCost> null
<296,nonemployee6_area2,proj62task2a,request> null
<297,employee4_area1,proj41task1a,request> null
<298,ldr11,proj11budget1,read> null
<299,acc8,proj81task2a,setCost> null
<300,ldr41,proj41budget1,write> null
<301,planner3,proj31task2,setSchedule> null
<302,acc6,proj62task2prop,setCost> null
<303,employee4_area1,proj41task1,request> null
<304,planner4,proj41task2propa,setSchedule> null
<305,acc8,proj82task2,setCost> null
<306,acc2,proj21task2prop,setCost> null
<307,acc6,proj62task2a,setCost> null
<308,employee6_area2,proj61sched1,read> null
<309,acc8,proj82task1,setCost> null
<310,planner8,proj81task1propa,setSchedule> null
<311,ldr22,proj21sched1,read> null
<312,ldr71,proj71budget1,read> null
<313,acc7,proj72task1,setCost> null
<314,acc6,proj62task1prop,setCost> null
<315,planner6,proj62task1a,setSchedule> null
<316,employee5_area2,proj51task2prop,read> null
<317,planner3,proj31task1,setSchedule> null
<318,ldr11,proj11sched1,read> null
<319,aud2,proj22sched1,read> null
<320,acc5,proj52task1propa,setCost> null
<321,planner9,proj91task2a,setSchedule> null
<322,employee3_area1,proj31sched1,read> null
<323,ldr101,proj101sched1,write> null
<324,employee1_area2,proj11task2,request> null
<325,acc4,proj41task1propa,setCost> null
<326,acc6,proj62task2,setCost> null
<327,employee7_area2,proj71task2prop,request> null
<328,acc4,proj41task2,setCost> null
<329,acc1,proj12task2propa,setCost> null
<330,employee1_area2,proj11task2,read> null
<331,nonemployee9_area2,proj92task2,read> null
<332,ldr21,proj21sched1,read> null
<333,nonemployee8_area1,proj82task1a,setStatus> null
<334,employee4_area2,proj41task2,request> null
<335,ldr22,proj22sched1,write> null
<336,acc9,proj91task1prop,setCost> null
<337,ldr12,proj12sched1,write> null
<338,ldr22,proj22budget1,write> null
<339,nonemployee10_area1,proj102task1a,request> null
<340,nonemployee4_area2,proj42task2,read> null
<341,planner6,proj61task1propa,setSchedule> null
<342,planner9,proj91task2prop,setSchedule> null
<343,employee2_area2,proj21task2prop,request> null
<344,acc5,proj51task2prop,setCost> null
<345,employee1_area1,proj11task1prop,request> null
<346,nonemployee4_area1,proj42task1,request> null
<347,employee4_area2,proj41task2a,request> null
<348,planner9,proj92task1prop,setSchedule> null
<349,employee3_area1,proj31task1prop,read> null
<350,planner1,proj11task1prop,setSchedule> null
<351,nonemployee9_area1,proj92task1,request> null
<352,acc6,proj61task1prop,setCost> null
<353,acc9,proj92task1prop,setCost> null
<354,acc9,proj91task1a,setCost> null
<355,employee1_area1,proj11task1a,request> null
<356,employee5_area2,proj51task2,request> null
<357,nonemployee4_area2,proj42task2,request> null
<358,planner8,proj82task2,setSchedule> null
<359,planner1,proj12task1a,setSchedule> null
<360,acc9,proj91task1propa,setCost> null
<361,acc8,proj82task2prop,setCost> null
<362,acc9,proj91task2prop,setCost> null
<363,nonemployee8_area2,proj82sched1,read> null
<364,acc10,proj101task1propa,setCost> null
<365,ldr31,proj31budget1,write> null
<366,ldr61,proj61sched1,read> null
<367,nonemployee9_area2,proj92task2,request> null
<368,employee9_area1,proj91task1propa,request> null
<369,nonemployee8_area2,proj82task2a,setStatus> null
<370,nonemployee8_area1,proj82sched1,read> null
<371,planner7,proj72task1prop,setSchedule> null
<372,acc8,proj81task2prop,setCost> null
<373,acc1,proj12budget1,write> null
<374,acc1,proj12task2,setCost> null
<375,manager7,proj72budget1,read> null
<376,planner1,proj12task2propa,setSchedule> null
<377,acc1,proj12task1,setCost> null
<378,nonemployee10_area1,proj102task1propa,setStatus> null
<379,planner9,proj91task1prop,setSchedule> null
<380,employee3_area1,proj31task1propa,read> null
<381,acc4,proj41sched1,read> null
<382,aud2,proj21sched1,read> null
<383,acc6,proj62task2propa,setCost> null
<384,employee3_area1,proj31task1propa,setStatus> null
<385,aud10,proj101sched1,read> null
<386,acc10,proj101sched1,read> null
<387,nonemployee9_area2,proj92task2a,setStatus> null
<388,nonemployee5_area2,proj52task2a,setStatus> null
<389,planner7,proj71sched1,read> null
<390,planner6,proj62task2prop,setSchedule> null
<391,employee4_area2,proj41task2propa,read> null
<392,planner4,proj42task1a,setSchedule> null
<393,employee9_area2,proj91task2prop,request> null
<394,manager7,proj72budget1,approve> null
<395,acc10,proj102task1prop,setCost> null
<396,nonemployee2_area2,proj22sched1,read> null
<397,planner3,proj32task1a,setSchedule> null
<398,employee8_area1,proj81task1propa,request> null
<399,employee6_area2,proj61task2prop,request> null
<400,acc5,proj52task1a,setCost> null
<401,planner2,proj22task2prop,setSchedule> null
<402,aud10,proj102sched1,read> null
<403,planner6,proj61task2prop,setSchedule> null
<404,planner7,proj72task2prop,setSchedule> null
<405,ldr101,proj102sched1,read> null
<406,employee10_area1,proj101task1propa,setStatus> null
<407,employee3_area2,proj31task2prop,request> null
<408,acc5,proj51task1propa,setCost> null
<409,aud9,proj92sched1,read> null
<410,acc4,proj42task1prop,setCost> null
<411,employee5_area2,proj51task2propa,request> null
<412,employee1_area1,proj11task1a,setStatus> null
<413,acc7,proj71task1prop,setCost> null
<414,nonemployee5_area2,proj52task2a,read> null
<415,acc3,proj32task2propa,setCost> null
<416,acc10,proj102sched1,read> null
<417,manager5,proj51budget1,read> null
<418,planner8,proj82task1propa,setSchedule> null
<419,aud1,proj11sched1,read> null
<420,acc9,proj91budget1,write> null
<421,employee8_area2,proj81task2propa,read> null
<422,employee6_area1,proj61task1a,request> null
<423,planner6,proj62task1prop,setSchedule> null
<424,ldr61,proj62sched1,read> null
<425,planner2,proj21task1propa,setSchedule> null
<426,manager7,proj71budget1,read> null
<427,acc5,proj52task2a,setCost> null
<428,nonemployee7_area1,proj72task1propa,setStatus> null
<429,ldr41,proj41budget1,read> null
<430,nonemployee4_area1,proj42task1propa,setStatus> null
<431,employee1_area1,proj11task1a,read> null
<432,acc3,proj31budget1,write> null
<433,ldr92,proj91sched1,read> null
<434,manager6,proj62budget1,read> null
<435,nonemployee5_area1,proj52task1a,setStatus> null
<436,acc9,proj91task2propa,setCost> null
<437,manager6,proj61budget1,read> null
<438,planner3,proj31task2propa,setSchedule> null
<439,ldr81,proj81budget1,read> null
<440,acc4,proj42task2a,setCost> null
<441,acc5,proj51budget1,read> null
<442,manager4,proj42budget1,approve> null
<443,ldr51,proj51sched1,read> null
<444,acc3,proj32task1a,setCost> null
<445,planner8,proj82task1a,setSchedule> null
<446,acc7,proj72task2propa,setCost> null
<447,employee1_area1,proj11task1,read> null
<448,planner3,proj32task2prop,setSchedule> null
<449,planner5,proj52task2prop,setSchedule> null
<450,planner1,proj11task2,setSchedule> null
<451,acc8,proj81task1a,setCost> null
<452,acc4,proj42task1,setCost> null
<453,employee3_area2,proj31task2a,request> null
<454,planner7,proj72task1,setSchedule> null
<455,acc4,proj42task2,setCost> null
<456,nonemployee6_area1,proj62task1a,request> null
<457,ldr31,proj31sched1,write> null
<458,planner3,proj31task1a,setSchedule> null
<459,manager5,proj51budget1,approve> null
<460,acc8,proj82task2a,setCost> null
<461,employee10_area1,proj101task1a,request> null
<462,aud1,proj12sched1,read> null
<463,planner3,proj32task2a,setSchedule> null
<464,planner7,proj72task2a,setSchedule> null
<465,employee8_area1,proj81task1a,read> null
<466,ldr12,proj11sched1,read> null
<467,employee1_area1,proj11task1propa,setStatus> null
<468,employee2_area2,proj21task2a,request> null
<469,nonemployee10_area2,proj102task2a,request> null
<470,employee1_area1,proj11task1,request> null
<471,acc2,proj21budget1,write> null
<472,ldr32,proj31sched1,read> null
<473,employee8_area2,proj81task2a,setStatus> null
<474,employee8_area2,proj81task2a,read> null
<475,planner4,proj42task1prop,setSchedule> null
<476,nonemployee2_area1,proj22task1,read> null
<477,acc3,proj31sched1,read> null
<478,planner2,proj21task2,setSchedule> null
<479,employee9_area1,proj91task1,request> null
<480,planner1,proj12task1prop,setSchedule> null
<481,nonemployee3_area1,proj32task1a,setStatus> null
<482,employee8_area2,proj81task2,request> null
<483,manager1,proj12budget1,read> null
<484,ldr102,proj102budget1,read> null
<485,employee7_area1,proj71sched1,read> null
<486,planner1,proj12task1,setSchedule> null
<487,nonemployee4_area2,proj42task2propa,setStatus> null
<488,acc9,proj92task1a,setCost> null
<489,employee4_area2,proj41sched1,read> null
<490,ldr72,proj72budget1,read> null
<491,planner8,proj81sched1,write> null
<492,manager8,proj82budget1,read> null
<493,planner1,proj12task2prop,setSchedule> null
<494,acc1,proj11budget1,read> null
<495,nonemployee1_area1,proj12task1a,request> null
<496,ldr71,proj71budget1,write> null
<497,planner4,proj41task2,setSchedule> null
<498,planner9,proj92sched1,read> null
<499,planner4,proj41task1,setSchedule> null
<500,employee4_area2,proj41task2a,setStatus> null
<501,planner1,proj12sched1,read> null
<502,employee7_area2,proj71task2a,read> null
<503,planner4,proj41task1a,setSchedule> null
<504,employee8_area1,proj81task1,request> null
<505,nonemployee8_area2,proj82task2,request> null
<506,planner4,proj42task2a,setSchedule> null
<507,acc9,proj92task2a,setCost> null
<508,acc4,proj42task1a,setCost> null
<509,employee4_area1,proj41sched1,read> null
<510,ldr31,proj31budget1,read> null
<511,planner10,proj102task2prop,setSchedule> null
<512,nonemployee3_area2,proj32task2a,setStatus> null
<513,acc4,proj41task2propa,setCost> null
<514,employee2_area1,proj21sched1,read> null
<515,ldr92,proj92sched1,write> null
<516,employee7_area1,proj71task1propa,setStatus> null
<517,nonemployee5_area1,proj52task1,read> null
<518,acc10,proj101task2propa,setCost> null
<519,manager9,proj92budget1,approve> null
<520,planner6,proj62task1propa,setSchedule> null
<521,planner4,proj42sched1,read> null
<522,nonemployee3_area2,proj32sched1,read> null
<523,acc2,proj22task1propa,setCost> null
<524,employee8_area1,proj81task1a,setStatus> null
<525,employee3_area2,proj31sched1,read> null
<526,employee6_area1,proj61task1,request> null
<527,nonemployee8_area1,proj82task1,request> null
<528,manager8,proj82budget1,approve> null
<529,employee9_area1,proj91task1propa,setStatus> null
<530,employee10_area1,proj101task1a,read> null
<531,acc6,proj62budget1,read> null
<532,employee2_area2,proj21sched1,read> null
<533,acc3,proj31task2prop,setCost> null
<534,nonemployee5_area2,proj52task2,read> null
<535,acc3,proj32task1prop,setCost> null
<536,ldr101,proj101budget1,read> null
<537,employee10_area2,proj101task2prop,request> null
<538,nonemployee3_area1,proj32sched1,read> null
<539,manager3,proj32budget1,approve> null
<540,ldr42,proj42sched1,write> null
<541,employee4_area1,proj41task1a,setStatus> null
<542,ldr91,proj91budget1,write> null
<543,employee5_area1,proj51task1propa,read> null
<544,employee10_area2,proj101task2,read> null
<545,planner7,proj72task2,setSchedule> null
<546,employee7_area1,proj71task1propa,request> null
<547,employee1_area1,proj11task1prop,read> null
<548,acc7,proj71task1propa,setCost> null
<549,employee10_area1,proj101task1,read> null
<550,acc6,proj61task2prop,setCost> null
<551,employee7_area2,proj71task2prop,read> null
<552,ldr31,proj31sched1,read> null
<553,employee9_area1,proj91task1prop,request> null
<554,acc1,proj11sched1,read> null
<555,planner6,proj62task2a,setSchedule> null
<556,employee8_area2,proj81task2,read> null
<557,nonemployee8_area1,proj82task1propa,setStatus> null
<558,employee2_area1,proj21task1propa,read> null
<559,planner4,proj41task2prop,setSchedule> null
<560,ldr41,proj41sched1,write> null
<561,acc10,proj102task2prop,setCost> null
<562,acc5,proj52task1,setCost> null
<563,employee9_area1,proj91task1a,read> null
<564,employee1_area2,proj11task2propa,setStatus> null
<565,planner10,proj102task2a,setSchedule> null
<566,planner8,proj81sched1,read> null
<567,employee1_area1,proj11task1propa,request> null
<568,acc3,proj31task2,setCost> null
<569,nonemployee3_area1,proj32task1propa,setStatus> null
<570,planner1,proj12task1propa,setSchedule> null
<571,employee8_area1,proj81task1,read> null
<572,planner4,proj42task2propa,setSchedule> null
<573,acc2,proj22task2propa,setCost> null
<574,nonemployee7_area1,proj72task1,read> null
<575,nonemployee8_area2,proj82task2a,request> null
<0,manager2,proj21budget1,approve> null
<1,acc10,proj101task2,setCost> null
<2,manager2,proj21budget1,read> null
<3,employee2_area2,proj21task2,request> null
<4,acc10,proj101task1,setCost> null
<5,planner8,proj82task2propa,setSchedule> null
<6,acc2,proj22task2prop,setCost> null
<7,ldr21,proj21budget1,write> null
<8,acc2,proj21task1propa,setCost> null
<9,nonemployee1_area2,proj12task2a,request> null
<10,nonemployee2_area1,proj22task1a,read> null
<11,nonemployee1_area1,proj12task1a,setStatus> null
<12,employee9_area2,proj91task2,request> null
<13,employee4_area2,proj41task2a,read> null
<14,employee7_area2,proj71task2propa,setStatus> null
<15,ldr102,proj102sched1,read> null
<16,employee1_area2,proj11task2a,request> null
<17,aud3,proj32budget1,read> null
<18,employee6_area1,proj61task1propa,read> null
<19,employee10_area1,proj101task1prop,read> null
<20,acc6,proj62task1propa,setCost> null
<21,acc5,proj52sched1,read> null
<22,employee9_area2,proj91task2propa,setStatus> null
<23,acc8,proj81task1prop,setCost> null
<24,planner9,proj92task2prop,setSchedule> null
<25,ldr91,proj91sched1,write> null
<26,employee9_area2,proj91task2a,read> null
<27,acc10,proj101task2prop,setCost> null
<28,planner7,proj71task1a,setSchedule> null
<29,employee10_area2,proj101task2prop,read> null
<30,nonemployee1_area1,proj12task1a,read> null
<31,acc7,proj71task2prop,setCost> null
<32,employee7_area2,proj71task2,read> null
<33,employee8_area2,proj81task2prop,request> null
<34,ldr62,proj62budget1,read> null
<35,employee8_area1,proj81task1prop,read> null
<36,employee10_area1,proj101task1prop,request> null
<37,employee7_area1,proj71task1,read> null
<38,employee4_area1,proj41task1a,read> null
<39,ldr51,proj51budget1,read> null
<40,planner5,proj52task2a,setSchedule> null
<41,aud8,proj81sched1,read> null
<42,planner6,proj61task1a,setSchedule> null
<43,manager7,proj71budget1,approve> null
<44,acc4,proj41task2prop,setCost> null
<45,employee6_area2,proj61task2propa,read> null
<46,nonemployee2_area2,proj22task2a,setStatus> null
<47,planner9,proj91task1,setSchedule> null
<48,employee4_area1,proj41task1prop,read> null
<49,planner10,proj102sched1,read> null
<50,acc10,proj101budget1,write> null
<51,employee9_area1,proj91sched1,read> null
<52,planner9,proj92task2,setSchedule> null
<53,planner10,proj102task1a,setSchedule> null
<54,planner4,proj41sched1,read> null
<55,acc7,proj72budget1,write> null
<56,ldr22,proj22budget1,read> null
<57,aud6,proj62sched1,read> null
<58,employee5_area1,proj51task1a,setStatus> null
<59,planner5,proj52task1a,setSchedule> null
<60,ldr102,proj102sched1,write> null
<61,acc3,proj31task2propa,setCost> null
<62,nonemployee6_area2,proj62task2a,setStatus> null
<63,aud7,proj72sched1,read> null
<64,ldr11,proj11sched1,write> null
<65,nonemployee3_area2,proj32task2a,request> null
<66,planner6,proj62sched1,read> null
<67,ldr52,proj52budget1,read> null
<68,planner2,proj22task1propa,setSchedule> null
<69,acc1,proj11task2a,setCost> null
<70,employee7_area1,proj71task1prop,request> null
<71,employee3_area2,proj31task2propa,request> null
<72,planner3,proj32task1,setSchedule> null
<73,planner3,proj32task2,setSchedule> null
<74,planner4,proj41task2a,setSchedule> null
<75,manager6,proj61budget1,approve> null
<76,planner5,proj52task1prop,setSchedule> null
<77,planner10,proj101task2prop,setSchedule> null
<78,employee5_area1,proj51task1,read> null
<79,ldr41,proj41sched1,read> null
<80,planner2,proj22task1a,setSchedule> null
<81,employee2_area1,proj21task1,read> null
<82,acc6,proj61task2propa,setCost> null
<83,employee4_area1,proj41task1propa,request> null
<84,employee10_area2,proj101task2a,read> null
<85,employee8_area1,proj81task1propa,setStatus> null
<86,employee1_area2,proj11task2a,read> null
<87,nonemployee9_area1,proj92task1a,read> null
<88,manager4,proj41budget1,approve> null
<89,employee10_area2,proj101task2propa,setStatus> null
<90,nonemployee1_area2,proj12task2a,setStatus> null
<91,planner10,proj101task1a,setSchedule> null
<92,nonemployee5_area1,proj52task1propa,setStatus> null
<93,acc9,proj92task2propa,setCost> null
<94,manager8,proj81budget1,approve> null
<95,employee1_area2,proj11task2a,setStatus> null
<0,acc3,proj32budget1,read> 3.428102777757147E-4
<1,employee2_area1,proj21task1a,setStatus> 5.189722453678346E-4
<2,planner1,proj12task2,setSchedule> 6.027132663934871E-4
<3,nonemployee3_area1,proj32task1,request> 1.7366005721073657E-4
<4,acc2,proj22sched1,read> 3.4947008486205147E-4
<5,acc4,proj42sched1,read> 8.815137768036271E-5
<6,employee3_area1,proj31task1propa,request> 2.442875203040606E-4
<7,planner10,proj101task2a,setSchedule> 0.0014378570374435297
<8,ldr32,proj32budget1,write> 4.4540984146798266E-5
<9,ldr51,proj52sched1,read> 1.5988223025117186E-4
<10,manager3,proj32budget1,read> 8.847446772957386E-5
<11,planner3,proj32task2propa,setSchedule> 3.4574595222424314E-4
<12,employee7_area1,proj71task1propa,read> 1.2999733020408418E-4
<13,employee6_area1,proj61task1propa,request> 1.0301280976677254E-4
<14,nonemployee9_area2,proj92task2a,read> 4.7722447134831953E-4
<15,acc4,proj42budget1,write> 0.0021164460898228385
<16,employee2_area2,proj21task2a,setStatus> 3.367192719363636E-4
<17,acc3,proj32task2prop,setCost> 0.0017864979098611079
<18,acc1,proj11task2,setCost> 0.0013802582203684892
<19,nonemployee2_area1,proj22task1propa,setStatus> 6.018145060185031E-4
<20,acc2,proj21task2,setCost> 0.0015392215771264704
<21,planner5,proj51task2prop,setSchedule> 0.0012451315518165966
<22,planner1,proj12task2a,setSchedule> 0.0010631130376133823
<23,acc7,proj72task2prop,setCost> 0.0017688353146657766
<24,nonemployee4_area1,proj42sched1,read> 1.4464618326556753E-4
<25,employee1_area2,proj11task2propa,request> 3.4171835515736274E-4
<26,ldr41,proj42sched1,read> 8.230708744741047E-5
<27,nonemployee8_area1,proj82task1a,request> 6.219077333203524E-4
<28,acc8,proj81task2propa,setCost> 4.2647807982060227E-4
<29,planner6,proj61sched1,read> 4.276593065939763E-4
<30,ldr12,proj12budget1,write> 4.232392170720427E-4
<31,employee5_area1,proj51task1prop,request> 1.1275589325210274E-4
<32,ldr42,proj42budget1,write> 3.273662467112214E-4
<33,employee6_area1,proj61task1prop,read> 4.0223054523536944E-4
<34,acc1,proj12sched1,read> 5.510848192080032E-4
<35,ldr71,proj71sched1,write> 7.971438014792461E-4
<36,acc7,proj71task2,setCost> 2.763460206602867E-4
<37,acc7,proj71task2a,setCost> 0.0011683070780245143
<38,acc7,proj71task1,setCost> 2.675147230626211E-4
<39,planner2,proj22task2a,setSchedule> 5.920062949697685E-4
<40,nonemployee4_area2,proj42sched1,read> 1.4562023163772626E-4
<41,ldr102,proj101sched1,read> 0.0011679056928091231
<42,acc5,proj51task1,setCost> 5.677788413832523E-4
<43,acc2,proj21sched1,read> 5.863824398178267E-4
<44,nonemployee6_area2,proj62task2a,read> 0.001028660385114391
<45,acc2,proj21task1prop,setCost> 7.973925789225583E-4
<46,aud4,proj42sched1,read> 1.047102000070607E-4
<47,acc3,proj31budget1,read> 9.700147321815067E-4
<48,aud5,proj52sched1,read> 1.5283896019605415E-4
<49,employee3_area2,proj31task2propa,read> 5.920773925598184E-4
<50,ldr81,proj81sched1,write> 5.892192970092149E-5
<51,acc7,proj71task1a,setCost> 0.00131843913718483
<52,planner5,proj51task1prop,setSchedule> 4.95643552156302E-4
<53,planner3,proj32sched1,read> 2.2219985224559361E-4
<54,ldr52,proj52sched1,write> 1.308266574715375E-4
<55,acc5,proj51task2propa,setCost> 9.298620428875425E-4
<56,employee2_area2,proj21task2prop,read> 6.744637602666548E-4
<57,acc5,proj52task1prop,setCost> 6.737544125552396E-4
<58,acc4,proj41task2a,setCost> 0.0013361017323801612
<59,acc3,proj31task1prop,setCost> 1.792017470859649E-4
<60,employee8_area1,proj81task1prop,request> 2.783883125027163E-4
<61,planner8,proj81task2propa,setSchedule> 5.170574950037391E-4
<62,acc9,proj92task2prop,setCost> 6.914170077505709E-4
<63,planner2,proj21sched1,read> 5.118135746386811E-4
<64,employee5_area2,proj51task2propa,read> 3.7715643332459313E-4
<65,employee5_area2,proj51task2a,setStatus> 5.919769875662364E-5
<66,ldr31,proj32sched1,read> 2.8185081929139053E-4
<67,acc9,proj91task2a,setCost> 0.0010535002092548612
<68,ldr102,proj102budget1,write> 9.745087966467657E-4
<69,nonemployee6_area1,proj62task1propa,setStatus> 2.787296894808956E-4
<70,planner5,proj51task2,setSchedule> 6.776620663595164E-4
<71,planner5,proj51task1,setSchedule> 6.88369037783235E-4
<72,acc7,proj72task1prop,setCost> 8.415490669108864E-4
<73,aud6,proj61sched1,read> 5.890401770067974E-4
<74,manager10,proj102budget1,read> 0.0019357261347649813
<75,ldr12,proj12budget1,read> 5.038562108000509E-4
<76,acc2,proj22task1a,setCost> 8.592116621062176E-4
<77,ldr92,proj92sched1,read> 9.481417168472407E-4
<78,employee5_area2,proj51task2propa,setStatus> 4.3612998471716593E-4
<79,acc3,proj32task1,setCost> 3.558276990392773E-4
<80,acc10,proj102task1a,setCost> 0.0010888253996455236
<81,acc3,proj32task2,setCost> 3.4699640144161164E-4
<82,employee9_area2,proj91task2a,request> 8.047230549610737E-4
<83,planner7,proj71task2,setSchedule> 3.350389808005246E-4
<84,planner7,proj71task1,setSchedule> 3.243320093768061E-4
<85,acc6,proj62task1a,setCost> 0.0018306543978494358
<86,nonemployee1_area2,proj12task2,read> 3.5679593845687864E-4
<87,acc8,proj82task1prop,setCost> 0.0018218231002517702
<88,employee7_area1,proj71task1prop,read> 7.031198881646848E-4
<89,employee4_area1,proj41task1propa,read> 4.702888489931907E-4
<90,employee6_area1,proj61task1,read> 0.0016992749681252564
<91,nonemployee3_area1,proj32task1a,request> 3.0727234528187203E-4
<92,planner2,proj21task2propa,setSchedule> 0.0021980520085275426
<93,ldr61,proj61budget1,write> 3.848900289277142E-4
<94,planner4,proj42task2,setSchedule> 6.669550949357979E-4
<95,nonemployee1_area1,proj12task1propa,setStatus> 4.692668889774334E-4

