<0,planner9,proj92task1prop,setSchedule> 0.0010095781804947898
<1,planner9,proj92sched1,write> 0.010723188512918192
<2,employee8_area2,proj81task2prop,read> 1.9089160198739797E-4
<3,planner7,proj72task1a,setSchedule> 0.00193037772293458
<4,aud7,proj72budget1,read> 0.008751172735954476
<5,planner10,proj102sched1,write> 0.008760881808304876
<6,planner10,proj101sched1,write> 0.018572415331371463
<7,acc7,proj71task1a,setCost> 0.00131843913718483
<8,acc1,proj12task2prop,setCost> 0.0014950650891381422
<9,ldr51,proj52sched1,read> 1.5988223025117186E-4
<10,planner10,proj101task1a,setSchedule> 0.0016305825230704626
<11,planner6,proj62task2,setSchedule> 0.0011594757804268487
<12,ldr21,proj22sched1,read> 2.323067038100342E-4
<13,acc3,proj32task1propa,setCost> 0.0016805223386891202
<14,acc9,proj91budget1,read> 0.005434234672363908
<15,acc6,proj62task2propa,setCost> 0.0016540284458961233
<16,planner6,proj61sched1,write> 0.012587379882300846
<17,planner1,proj11task1,setSchedule> 0.00179118709442624
<18,employee1_area2,proj11task2a,read> 0.0018480803654799373
<19,aud7,proj71budget1,read> 0.0100672135233609
<20,aud9,proj91budget1,read> 0.008810992771745678
<21,acc8,proj82budget1,read> 0.006504171682820848
<22,acc3,proj31budget1,write> 8.148123750324655E-4
<23,acc6,proj61budget1,read> 0.0029623112344116694
<24,acc6,proj62task1prop,setCost> 0.0015215589819311392
<25,acc10,proj101task1a,setCost> 0.0013449330299778268
<26,aud4,proj41budget1,read> 0.008152972378042463
<27,planner7,proj71sched1,write> 0.016315762621066147
<28,aud5,proj51budget1,read> 0.0015129484052191305
<29,acc8,proj81budget1,read> 0.0034050437904628163
<30,employee3_area1,proj31task1a,request> 0.00135788231872754
<31,employee3_area2,proj31task2propa,setStatus> 6.846567666691718E-4
<32,aud2,proj22budget1,read> 0.00857171262858087
<33,planner3,proj31task1propa,setSchedule> 0.0010738200090371008
<34,planner1,proj12sched1,write> 0.010526957842456861
<35,ldr71,proj71budget1,write> 8.067310985153281E-4
<36,nonemployee3_area2,proj32task2a,setStatus> 2.2488222005796093E-4
<37,aud6,proj61budget1,read> 0.004803050373735196
<38,employee2_area2,proj21task2prop,read> 6.744637602666548E-4
<39,planner6,proj62task1a,setSchedule> 0.0022194659513749796
<40,employee7_area1,proj71sched1,read> 6.114994978660475E-4
<41,ldr52,proj52budget1,write> 5.670486726132748E-4
<42,planner9,proj91task2a,setSchedule> 0.0012772524660877521
<43,planner3,proj31sched1,write> 0.011802457200455517
<44,acc5,proj51budget1,read> 9.331203525105778E-4
<45,employee8_area1,proj81task1a,request> 6.158394039188658E-4
<46,planner8,proj81sched1,write> 0.0012060009955436018
<47,planner2,proj21sched1,write> 0.013960994575530168
<48,acc2,proj21budget1,write> 0.004998635029715807
<49,acc7,proj72task2a,setCost> 0.001760004017068111
<50,acc9,proj92budget1,read> 0.00362641006848839
<51,employee10_area2,proj101task2a,read> 0.0013322216546503775
<52,planner9,proj91task2,setSchedule> 0.0016091685802230255
<53,nonemployee9_area2,proj92task2propa,setStatus> 2.870139155459624E-4
<54,aud4,proj41sched1,read> 5.825231274466873E-4
<55,acc10,proj102budget1,write> 0.006300268744506179
<56,acc7,proj71budget1,write> 0.005215573982180868
<57,employee1_area2,proj11task2a,request> 0.0012566946485263572
<58,planner7,proj72sched1,write> 0.0070929211093835555
<59,acc2,proj22budget1,write> 0.00444079200909136
<60,nonemployee4_area1,proj42sched1,read> 1.4464618326556753E-4
<61,employee3_area1,proj31task1a,read> 0.0019968857628346174
<62,employee1_area1,proj11task1prop,read> 1.7656353803838294E-4
<63,planner8,proj82sched1,write> 0.0013041163307742673
<64,planner10,proj102task2prop,setSchedule> 3.778668664953986E-4
<65,planner9,proj91sched1,write> 0.01602141661537415
<66,aud8,proj82budget1,read> 0.010545773809690512
<67,acc4,proj42task1a,setCost> 0.0015303902795288048
<68,planner10,proj101task1prop,setSchedule> 0.0015128058374095593
<69,planner8,proj82task2a,setSchedule> 0.0018982568086634247
<70,planner2,proj21task1,setSchedule> 0.0018768428658159876
<71,planner4,proj41task1prop,setSchedule> 0.0013843221803249372
<72,acc3,proj31task2propa,setCost> 0.0014597398987474797
<73,ldr22,proj22budget1,read> 8.177260542432163E-4
<74,planner8,proj81task1,setSchedule> 0.001469977951714685
<75,nonemployee2_area2,proj22task2propa,setStatus> 3.035823676760961E-4
<76,nonemployee2_area1,proj22task1,read> 0.0012251490440425316
<77,planner1,proj11task2,setSchedule> 0.0016734104087653366
<78,employee6_area1,proj61task1,read> 0.0016992749681252564
<79,ldr41,proj41sched1,read> 0.0010416406250394492
<80,employee7_area2,proj71task2a,request> 8.924190358020989E-4
<81,planner9,proj91task1,setSchedule> 0.0015877546373755885
<82,planner4,proj41sched1,write> 0.010036381166303532
<83,aud10,proj101budget1,read> 0.004743230337943995
<84,planner5,proj51task1a,setSchedule> 2.4938320941077664E-4
<85,acc6,proj62budget1,write> 5.048995857966624E-4
<86,acc7,proj72task1a,setCost> 0.0015922093627124638
<87,acc2,proj22task2,setCost> 0.0018394856954471015
<88,employee1_area2,proj11task2,request> 0.0010543193081239916
<89,planner2,proj21task1a,setSchedule> 0.0013414942946300631
<90,planner5,proj52task2propa,setSchedule> 0.0014806849231384035
<91,ldr12,proj12sched1,read> 0.001026375957693313
<92,manager1,proj12budget1,read> 8.40705816676982E-4
<93,acc4,proj42budget1,read> 0.0025195786783605225
<94,employee1_area2,proj11task2propa,request> 3.4171835515736274E-4
<95,acc4,proj41budget1,read> 0.00502839649598369
<96,employee8_area1,proj81task1,request> 9.261482592024931E-4
<97,nonemployee8_area2,proj82task2propa,setStatus> 7.509305751897069E-4
<98,planner7,proj72task2,setSchedule> 9.346293805287603E-4
<99,acc6,proj61task2propa,setCost> 6.560918173599084E-4
<100,acc7,proj72budget1,read> 0.005397340292692979
<101,acc4,proj42task2,setCost> 5.50116246187921E-4
<102,employee9_area2,proj91task2prop,read> 6.637177123048934E-4
<103,employee2_area1,proj21task1,request> 0.0011824903570454898
<104,planner4,proj41task1a,setSchedule> 0.001191596694698004
<105,nonemployee8_area1,proj82task1a,read> 9.145701960593416E-4
<106,aud2,proj21budget1,read> 0.009648473272822493
<107,ldr81,proj82sched1,read> 7.764625482226073E-5
<108,nonemployee7_area2,proj72task2a,request> 8.589617928013992E-4
<109,ldr21,proj21budget1,read> 9.204470939155249E-4
<110,planner2,proj22task1a,setSchedule> 0.0010416990947659452
<111,nonemployee10_area2,proj102task2a,setStatus> 4.8583534110756705E-4
<112,acc10,proj101sched1,read> 0.0013433657029964094
<113,planner2,proj21task2prop,setSchedule> 0.0020160334943243284
<114,employee8_area2,proj81task2propa,setStatus> 2.0002954186276034E-4
<115,acc5,proj51task1a,setCost> 2.0569563987896174E-4
<116,employee3_area2,proj31task2propa,request> 4.026126269406765E-4
<117,employee6_area1,proj61task1propa,setStatus> 1.751768636675597E-4
<118,acc8,proj82task1prop,setCost> 0.0018218231002517702
<119,acc1,proj12budget1,write> 0.002736271668294444
<120,acc10,proj101budget1,read> 0.0029254168547407406
<121,nonemployee10_area1,proj102task1a,read> 7.814649754951175E-4
<122,employee2_area2,proj21task2propa,request> 5.000434617939785E-4
<123,planner8,proj82task1prop,setSchedule> 0.002208758979951261
<124,planner2,proj21task2a,setSchedule> 8.703875519864494E-4
<125,planner8,proj82task1,setSchedule> 0.001973205608629454
<126,acc2,proj21task2propa,setCost> 0.0018129918026541045
<127,planner5,proj52sched1,write> 0.00267773102400359
<128,nonemployee2_area1,proj22task1a,request> 4.1933426430927596E-4
<129,acc7,proj72sched1,read> 3.52279931132919E-4
<130,employee10_area2,proj101task2a,setStatus> 5.562512626606354E-4
<131,acc4,proj41task1prop,setCost> 0.0011418131852315174
<132,nonemployee8_area2,proj82task2a,read> 0.001123735542660265
<133,employee5_area2,proj51sched1,read> 1.5239883085476657E-4
<134,employee9_area1,proj91task1a,read> 0.0012528587760612146
<135,nonemployee1_area1,proj12task1a,request> 3.676133786043203E-4
<136,nonemployee7_area2,proj72task2a,read> 0.0012631791070608811
<137,planner5,proj51task2propa,setSchedule> 0.0011273548661556933
<138,planner10,proj102task1a,setSchedule> 0.001320080351782626
<139,aud3,proj32budget1,read> 5.55827832559911E-4
<140,manager7,proj71budget1,approve> 3.204918162867702E-4
<141,planner7,proj72task2a,setSchedule> 0.002133810179985232
<142,nonemployee7_area1,proj72task1a,setStatus> 7.467884621571733E-4
<143,ldr92,proj92sched1,read> 9.481417168472407E-4
<144,nonemployee8_area1,proj82task1propa,setStatus> 6.556619754414378E-4
<145,employee2_area2,proj21task2propa,read> 7.353580320499684E-4
<146,nonemployee9_area1,proj92task1propa,setStatus> 3.864246283267647E-4
<147,nonemployee10_area2,proj102task2a,read> 7.434349124767676E-4
<148,planner6,proj61task2prop,setSchedule> 0.001234424580392878
<149,planner5,proj52task1prop,setSchedule> 8.168526948678569E-4
<150,planner4,proj42task1a,setSchedule> 0.0018554289229685509
<151,ldr72,proj71sched1,read> 9.609277823609318E-4
<152,nonemployee10_area1,proj102task1a,setStatus> 5.106880193027676E-4
<153,acc1,proj12task1,setCost> 5.147910557972584E-4
<154,acc10,proj101task1propa,setCost> 0.001574546767517133
<155,manager1,proj11budget1,read> 9.168811431526688E-4
<156,planner10,proj101sched1,read> 6.634581635206755E-4
<157,aud5,proj52budget1,read> 0.007076211733800841
<158,ldr42,proj42budget1,read> 3.8972172227526357E-4
<159,acc7,proj72budget1,write> 0.004533765845862102
<160,acc10,proj102budget1,read> 0.007500319933935928
<161,planner2,proj21task1prop,setSchedule> 9.667502947999159E-4
<162,manager4,proj41budget1,read> 0.0012977577755311036
<163,planner2,proj22task1prop,setSchedule> 0.001662703437341618
<164,ldr71,proj71budget1,read> 9.603941648992004E-4
<165,acc9,proj91sched1,read> 8.118161667051678E-4
<166,aud8,proj81budget1,read> 0.00552089080322961
<167,employee8_area1,proj81task1propa,read> 5.634212646617884E-4
<168,ldr82,proj82sched1,read> 1.5461134160880003E-4
<169,planner1,proj11task1a,setSchedule> 0.0021873450371038246
<170,nonemployee6_area2,proj62task2propa,setStatus> 7.757832533849073E-4
<171,planner5,proj52task1,setSchedule> 5.491784092748945E-4
<172,ldr21,proj21sched1,write> 6.820962370462605E-4
<173,planner9,proj91task1propa,setSchedule> 0.002090982294290358
<174,employee7_area1,proj71task1a,request> 0.0010070983953634396
<175,employee7_area2,proj71task2propa,read> 1.8730958600014422E-4
<176,acc8,proj82task2propa,setCost> 0.00160104066031013
<177,planner8,proj82task1a,setSchedule> 0.0015449267516807145
<178,acc2,proj21task1a,setCost> 0.0011064879948408548
<179,ldr71,proj71sched1,read> 0.0019251010325161268
<180,acc10,proj101task2prop,setCost> 4.1764678222293663E-4
<181,nonemployee3_area2,proj32task2a,read> 3.4411925078409536E-4
<182,nonemployee3_area1,proj32task1a,request> 3.0727234528187203E-4
<183,aud1,proj11budget1,read> 0.0057601709463944144
<184,employee10_area1,proj101task1a,request> 0.001027335929403676
<185,acc10,proj102task1propa,setCost> 5.236223533949241E-4
<186,employee2_area1,proj21task1,read> 0.001738956407419838
<187,employee2_area2,proj21task2,read> 0.0017290360475961928
<188,acc5,proj52budget1,read> 0.004364297661906968
<189,acc8,proj82task1a,setCost> 0.0012742826491965017
<190,ldr92,proj92budget1,write> 4.7117570225245345E-4
<191,nonemployee9_area1,proj92task1a,setStatus> 2.497348982531615E-4
<192,ldr32,proj32budget1,read> 5.30249811271408E-5
<193,planner6,proj62sched1,write> 0.009938265831072867
<194,planner5,proj51task2prop,setSchedule> 0.0012451315518165966
<195,manager2,proj21budget1,read> 0.0015358056707676254
<196,acc6,proj62task2prop,setCost> 0.001450908601149814
<197,aud10,proj102budget1,read> 0.012160914776052942
<198,employee1_area1,proj11task1a,read> 0.0020266468423055543
<199,acc5,proj52task1,setCost> 4.529719726135991E-4
<200,nonemployee1_area1,proj12sched1,read> 4.0786503568501927E-4
<201,employee9_area1,proj91task1,read> 0.0014711066921814127
<202,acc7,proj71budget1,read> 0.006209016645453415
<203,employee3_area2,proj31task2,request> 0.0010813026868443068
<204,manager1,proj11budget1,approve> 1.8337622863053376E-4
<205,acc1,proj11task2propa,setCost> 0.0012389574588058394
<206,planner6,proj61task2,setSchedule> 0.0018233080086973957
<207,aud4,proj42budget1,read> 0.004085209944240782
<208,ldr101,proj101budget1,read> 4.524956909638967E-4
<209,planner7,proj71task2a,setSchedule> 0.0014164430945960925
<210,nonemployee2_area1,proj22task1a,setStatus> 4.029930804568985E-4
<211,employee6_area2,proj61sched1,read> 6.643512498661141E-4
<212,employee1_area1,proj11task1,read> 0.001659593528830675
<213,planner3,proj31sched1,read> 4.917388647064467E-4
<214,acc6,proj61task1propa,setCost> 3.734902942346085E-4
<215,acc10,proj102task2,setCost> 9.972006870697429E-5
<216,planner1,proj12task2prop,setSchedule> 0.0018126010372736768
<217,planner3,proj32task1propa,setSchedule> 0.0020374474371717653
<218,acc10,proj102task1,setCost> 9.088877110930866E-5
<219,acc1,proj12budget1,read> 0.0032574662717791
<220,acc3,proj32sched1,read> 2.72903174234521E-4
<221,planner7,proj72task2prop,setSchedule> 0.0021445171514089503
<222,planner1,proj11task2prop,setSchedule> 0.0013950291517486554
<223,employee7_area1,proj71task1propa,request> 8.839818453877723E-5
<224,acc9,proj91task2prop,setCost> 0.001636365850700792
<225,ldr11,proj12sched1,read> 4.0163808857532433E-4
<226,nonemployee2_area2,proj22task2a,request> 2.3831116434193115E-4
<227,planner9,proj91sched1,read> 6.058920658823935E-4
<228,acc10,proj101task1prop,setCost> 0.001247788756403505
<229,nonemployee5_area1,proj52task1a,read> 1.539689356923466E-4
<230,nonemployee6_area2,proj62task2a,read> 0.001028660385114391
<231,nonemployee9_area2,proj92task2a,request> 3.2451264051685727E-4
<232,employee3_area1,proj31task1a,setStatus> 8.337728358403753E-4
<233,planner5,proj52task1propa,setSchedule> 0.0019517916657820172
<234,ldr82,proj82budget1,read> 0.0010060479603091156
<235,acc8,proj81task1prop,setCost> 0.001009343721266533
<236,acc9,proj91task2,setCost> 0.0013272704347824956
<237,planner8,proj82task2,setSchedule> 0.001962498637205736
<238,acc9,proj91task1,setCost> 0.0013096078395871643
<239,nonemployee1_area2,proj12sched1,read> 4.38999771233494E-4
<240,planner7,proj72task1propa,setSchedule> 0.0016519964659178995
<241,ldr62,proj62budget1,write> 7.809652377308577E-5
<242,nonemployee3_area2,proj32task2propa,setStatus> 1.3375573334222543E-4
<243,employee3_area1,proj31task1propa,read> 3.592463533883244E-4
<244,nonemployee3_area1,proj32task1a,read> 4.51871096002753E-4
<245,nonemployee8_area1,proj82task1a,request> 6.219077333203524E-4
<246,ldr62,proj61sched1,read> 6.374544381306439E-4
<247,planner7,proj71task1prop,setSchedule> 0.0021016892657140765
<248,nonemployee10_area2,proj102task2a,request> 5.05535740484202E-4
<249,planner1,proj11task2a,setSchedule> 0.0019946195514768915
<250,employee6_area1,proj61task1a,read> 0.0010246905001173707
<251,acc4,proj41task1a,setCost> 9.828498284735361E-4
<252,acc1,proj11budget1,write> 0.002984201899683086
<253,acc9,proj92task2prop,setCost> 6.914170077505709E-4
<254,manager5,proj52budget1,approve> 2.252726581921616E-4
<255,acc1,proj11task1prop,setCost> 4.3530937741826785E-4
<256,employee1_area1,proj11task1a,request> 0.0013781198527677767
<257,nonemployee6_area1,proj62task1a,setStatus> 8.586255140355759E-4
<258,planner2,proj22sched1,read> 3.050288023940449E-4
<259,acc1,proj11budget1,read> 0.0035526213091465315
<260,employee3_area2,proj31task2,read> 0.0015901510100651572
<261,manager5,proj52budget1,read> 0.001126363290960808
<262,planner10,proj101task2propa,setSchedule> 0.001641289494494181
<263,planner5,proj51task1propa,setSchedule> 0.002123103208561513
<264,acc9,proj92budget1,write> 0.003046184457530247
<265,acc7,proj72task1propa,setCost> 0.0013625956251731581
<266,planner3,proj32sched1,write> 0.006406113762768894
<267,acc9,proj91task2a,setCost> 0.0010535002092548612
<268,nonemployee9_area1,proj92task1a,request> 2.5986153338566274E-4
<269,nonemployee6_area2,proj62task2,read> 6.863898179492431E-4
<270,ldr51,proj51budget1,write> 1.2123936043545539E-4
<271,acc5,proj52sched1,read> 1.3170915003070106E-4
<272,employee9_area2,proj91task2propa,read> 6.852098082284159E-4
<273,planner5,proj52task2,setSchedule> 5.384714378511761E-4
<274,manager6,proj61budget1,approve> 1.5290609804025906E-4
<275,employee4_area1,proj41task1a,request> 7.507562975204428E-4
<276,acc2,proj21task2a,setCost> 7.179109005435678E-4
<277,employee4_area2,proj41task2prop,request> 2.978744794733767E-4
<278,employee5_area1,proj51task1,request> 4.337015975567366E-4
<279,acc2,proj22task1prop,setCost> 0.0013714269227708235
<280,acc2,proj22task2prop,setCost> 5.854414365785834E-4
<281,planner5,proj51sched1,write> 0.0032664230353875857
<282,employee4_area1,proj41task1,read> 3.79867111580421E-4
<283,acc8,proj82sched1,read> 5.315567982455841E-5
<284,employee2_area1,proj21task1a,read> 0.001242938416237569
<285,planner7,proj72sched1,read> 2.807510111059304E-4
<286,nonemployee4_area2,proj42task2a,read> 1.7932231103791302E-4
<287,employee3_area1,proj31task1,read> 0.0015802306502415119
<288,employee4_area2,proj41task2propa,setStatus> 7.964938185475746E-4
<289,planner1,proj11sched1,read> 1.9369565633190215E-4
<290,acc3,proj31task2prop,setCost> 0.0011948009708175112
<291,acc2,proj22budget1,read> 0.005286657153680191
<292,acc2,proj22task1,setCost> 0.0017070162314821173
<293,employee2_area2,proj21task2a,setStatus> 3.367192719363636E-4
<294,planner10,proj102task1,setSchedule> 1.1019258090243617E-4
<295,planner10,proj102task2,setSchedule> 1.2089955232615467E-4
<296,employee5_area1,proj51sched1,read> 1.5393047739602049E-4
<297,nonemployee6_area1,proj62task1,read> 6.990665056220264E-4
<298,employee4_area2,proj41task2,read> 3.6994675175677566E-4
<299,planner9,proj91task1a,setSchedule> 0.0013522012660537818
<300,manager9,proj91budget1,approve> 2.8049976988703463E-4
<301,employee3_area2,proj31task2a,read> 0.0017786378467144195
<302,planner6,proj61task1a,setSchedule> 0.0011059409233082562
<303,acc4,proj41budget1,write> 0.004223853056626299
<304,acc9,proj92task2,setCost> 7.35573495738899E-4
<305,manager3,proj31budget1,approve> 5.0069407298081714E-5
<306,employee10_area1,proj101sched1,read> 5.647619077903272E-4
<307,planner6,proj61task2a,setSchedule> 1.6372743802102867E-4
<308,acc4,proj42task2propa,setCost> 3.9115288942993977E-4
<309,manager4,proj42budget1,read> 6.502675004877649E-4
<310,manager10,proj101budget1,read> 7.550085743918344E-4
<311,acc6,proj61task2prop,setCost> 0.0010181750188641987
<312,acc1,proj12task1a,setCost> 7.532360909342301E-4
<313,employee7_area2,proj71task2prop,read> 3.807384493118469E-4
<314,employee2_area1,proj21task1a,request> 8.451981230415469E-4
<315,nonemployee1_area2,proj12task2a,read> 6.293447234217185E-4
<316,planner9,proj91task2propa,setSchedule> 0.0020481544085954838
<317,acc5,proj51task2a,setCost> 1.2621396149997116E-4
<318,ldr11,proj11budget1,read> 5.495100062099658E-4
<319,planner10,proj101task2a,setSchedule> 0.0014378570374435297
<320,planner10,proj102task2a,setSchedule> 0.001255838523240315
<321,acc8,proj81task2a,setCost> 6.825857101529052E-4
<322,acc10,proj101budget1,write> 0.002457350157982222
<323,acc7,proj72task2,setCost> 7.708986861295614E-4
<324,employee4_area1,proj41task1,request> 2.5830963587468626E-4
<325,planner8,proj82task1propa,setSchedule> 0.0016948243516127733
<326,acc8,proj82task2,setCost> 0.0016187032555054612
<327,acc8,proj82task1,setCost> 0.0016275345531031264
<328,ldr22,proj21sched1,read> 3.965707829981834E-4
<329,ldr31,proj31sched1,read> 0.0013102206906243981
<330,employee8_area2,proj81task2,read> 0.0013818234537686042
<331,acc7,proj72task1,setCost> 7.620673885318957E-4
<332,employee5_area2,proj51task2prop,read> 4.1655860918438445E-4
<333,ldr11,proj11sched1,read> 3.238302182796141E-4
<334,aud9,proj92budget1,read> 0.0058798110179768175
<335,employee7_area2,proj71task2prop,request> 2.589021455320559E-4
<336,acc8,proj82budget1,write> 0.005463504213569512
<337,acc4,proj41task2,setCost> 3.2933380624628047E-4
<338,acc1,proj12task1prop,setCost> 0.0010976566972431892
<339,acc10,proj102task2a,setCost> 0.00103583761405953
<340,acc1,proj12task2propa,setCost> 3.646589966369429E-4
<341,acc4,proj41task1,setCost> 3.38165103843946E-4
<342,ldr21,proj21sched1,read> 0.0012018111250716016
<343,employee6_area1,proj61task1a,setStatus> 4.2784575865209904E-4
<344,nonemployee8_area1,proj82task1a,setStatus> 5.976723929859698E-4
<345,employee4_area2,proj41task2,request> 2.5156379119460745E-4
<346,planner2,proj21sched1,read> 5.118135746386811E-4
<347,employee6_area1,proj61task1prop,request> 2.7351677076005123E-4
<348,acc1,proj12task2a,setCost> 8.768742573015489E-4
<349,planner3,proj31task2a,setSchedule> 0.001919670751510862
<350,ldr81,proj81budget1,read> 5.266831085050084E-4
<351,ldr22,proj22sched1,write> 3.9447732596379633E-4
<352,employee4_area2,proj41task2a,read> 0.0015008677716523487
<353,acc2,proj21task2,setCost> 0.0015392215771264704
<354,planner6,proj62task2a,setSchedule> 0.0017376522373076476
<355,acc9,proj91task1prop,setCost> 0.0011241505900361861
<356,ldr12,proj12sched1,write> 5.143185389148231E-4
<357,nonemployee10_area1,proj102task1a,request> 5.313961833366799E-4
<358,employee6_area2,proj61task2,read> 0.0016893546083016115
<359,planner6,proj61task1propa,setSchedule> 4.52815666461428E-4
<360,planner9,proj91task2prop,setSchedule> 0.0019839125800531726
<361,ldr91,proj91sched1,read> 0.0013714292964473872
<362,ldr102,proj102budget1,read> 0.0011601295198175783
<363,planner8,proj82task2prop,setSchedule> 0.002112396237137795
<364,employee4_area1,proj41task1a,read> 0.0011040533787065336
<365,acc3,proj31task1,setCost> 0.0014067521131614859
<366,employee2_area2,proj21task2prop,request> 4.5863535698132524E-4
<367,employee3_area1,proj31task1propa,setStatus> 4.1541941955449877E-4
<368,employee9_area1,proj91sched1,read> 0.0011286224756632821
<369,planner6,proj61task2propa,setSchedule> 7.9543875202042E-4
<370,acc7,proj72task2propa,setCost> 5.059597581995928E-4
<371,employee1_area1,proj11task1prop,request> 1.200632058661004E-4
<372,nonemployee7_area1,proj72task1propa,setStatus> 6.390935233113041E-4
<373,acc1,proj11task1,setCost> 0.001477402493942811
<374,nonemployee4_area1,proj42task1,request> 2.6417160719440896E-4
<375,employee4_area2,proj41task2a,request> 0.0010205900847235973
<376,employee3_area1,proj31task1prop,read> 7.26850744080241E-5
<377,planner2,proj22task2,setSchedule> 0.002230172922798698
<378,planner1,proj11task1prop,setSchedule> 5.277644664274574E-4
<379,acc7,proj71task1propa,setCost> 3.2050250864861483E-4
<380,planner9,proj91task1prop,setSchedule> 0.0013629082374775
<381,planner8,proj81task2a,setSchedule> 8.275596662915754E-4
<382,nonemployee9_area1,proj92task1,request> 3.63303304795574E-4
<383,planner9,proj92task1,setSchedule> 9.025084662576048E-4
<384,acc6,proj61task1prop,setCost> 9.91681126071202E-4
<385,nonemployee1_area1,proj12task1,request> 2.512413857681701E-4
<386,manager7,proj72budget1,read> 0.0013929769336257123
<387,employee5_area2,proj51task2,request> 4.269557528766577E-4
<388,acc8,proj82task2prop,setCost> 0.0017423414218727797
<389,nonemployee8_area2,proj82sched1,read> 6.373115539174804E-5
<390,nonemployee4_area2,proj42task2,request> 2.684816810031553E-4
<391,planner2,proj22task1propa,setSchedule> 0.001555633723104433
<392,employee9_area2,proj91task2,read> 0.0014909474118287034
<393,employee6_area2,proj61task2propa,request> 1.8095747764941425E-4
<394,nonemployee1_area2,proj12task2,read> 3.5679593845687864E-4
<395,acc1,proj12task1propa,setCost> 0.0010005124236688676
<396,ldr31,proj31budget1,write> 1.2603300895349645E-4
<397,nonemployee9_area2,proj92task2,request> 3.5899323098682775E-4
<398,employee9_area1,proj91task1propa,request> 4.7568575308065306E-4
<399,employee8_area2,proj81task2,request> 9.396399485626509E-4
<400,nonemployee8_area2,proj82task2a,setStatus> 7.34362123059573E-4
<401,nonemployee8_area1,proj82sched1,read> 6.261794743730703E-5
<402,planner8,proj81task1prop,setSchedule> 0.0012237176089691596
<403,ldr11,proj11budget1,write> 4.615884052163713E-4
<404,acc5,proj52task1propa,setCost> 0.001609871957907795
<405,planner7,proj72task1prop,setSchedule> 0.0010202851519185083
<406,acc4,proj41task1propa,setCost> 0.0011594757804268487
<407,acc8,proj81task2prop,setCost> 4.706345678089304E-4
<408,acc1,proj12task2,setCost> 4.971284606019273E-4
<409,acc5,proj51task2prop,setCost> 0.0010270063164618643
<410,employee8_area1,proj81task1propa,setStatus> 6.515198624089044E-4
<411,aud1,proj12budget1,read> 0.005281610660064805
<412,planner1,proj12task2propa,setSchedule> 4.4210869503770955E-4
<413,employee5_area1,proj51task1propa,read> 7.102839201391921E-4
<414,nonemployee10_area1,proj102task1propa,setStatus> 2.4559278522062804E-4
<415,acc4,proj41sched1,read> 4.904031910132576E-4
<416,acc9,proj91budget1,write> 0.004564757124785683
<417,aud2,proj21sched1,read> 7.016252314583245E-4
<418,acc8,proj81task1a,setCost> 8.062238765202239E-4
<419,aud10,proj101sched1,read> 6.524919128839703E-4
<420,nonemployee6_area1,proj62sched1,read> 5.792870540395511E-4
<421,planner4,proj41task1propa,setSchedule> 0.0014057361231723739
<422,acc1,proj11task2a,setCost> 0.001645197148298458
<423,nonemployee9_area2,proj92task2a,setStatus> 3.1186659374116295E-4
<424,nonemployee5_area2,proj52task2a,setStatus> 1.7931897670009318E-4
<425,employee4_area2,proj41task2propa,read> 6.887918242156698E-4
<426,planner3,proj32task1a,setSchedule> 7.633178377492645E-4
<427,acc7,proj71sched1,read> 7.482323048423065E-4
<428,employee8_area1,proj81task1propa,request> 3.831264599700161E-4
<429,planner6,proj62task2propa,setSchedule> 0.00200532652290061
<430,acc5,proj52budget1,write> 0.003666010036001853
<431,acc3,proj32task2prop,setCost> 0.0017864979098611079
<432,employee6_area2,proj61task2prop,request> 2.8082408337404887E-4
<433,acc5,proj52task1a,setCost> 2.1452693747662732E-4
<434,aud10,proj102sched1,read> 2.3183372118085148E-4
<435,employee10_area1,proj101task1propa,setStatus> 7.385042360921065E-4
<436,acc5,proj51task1propa,setCost> 0.001751172719470445
<437,employee10_area2,proj101task2a,request> 9.059107251622567E-4
<438,aud9,proj92sched1,read> 5.139427297717981E-4
<439,acc4,proj42task1prop,setCost> 9.21030745289877E-4
<440,acc7,proj71task2propa,setCost> 4.6180327021126476E-4
<441,planner3,proj32task1prop,setSchedule> 7.526108663255459E-4
<442,acc7,proj71task1prop,setCost> 0.001733510124275114
<443,nonemployee5_area2,proj52task2a,read> 2.743974685837875E-4
<444,acc3,proj32task2propa,setCost> 2.8517731825795234E-4
<445,employee4_area1,proj41task1propa,setStatus> 5.438249235630351E-4
<446,manager9,proj92budget1,read> 9.359249747715907E-4
<447,nonemployee6_area2,proj62sched1,read> 5.833238976217084E-4
<448,employee10_area2,proj101task2,read> 1.814599151075134E-4
<449,aud6,proj62budget1,read> 9.745680830983194E-4
<450,acc10,proj102sched1,read> 4.7730472007822357E-4
<451,ldr52,proj52budget1,read> 6.75057943587232E-4
<452,manager5,proj51budget1,read> 2.408251206809477E-4
<453,aud5,proj51sched1,read> 1.66183649726052E-4
<454,ldr101,proj101sched1,write> 9.073977173941908E-4
<455,employee7_area2,proj71sched1,read> 6.190957649202842E-4
<456,aud1,proj11sched1,read> 2.016421447968007E-4
<457,planner8,proj82task2propa,setSchedule> 0.001941084694358299
<458,ldr102,proj101sched1,read> 0.0011679056928091231
<459,acc2,proj21budget1,read> 0.005950755987756913
<460,employee1_area2,proj11task2,read> 0.0015504695707705758
<461,acc9,proj92task1prop,setCost> 8.327177693132207E-4
<462,employee8_area2,proj81task2propa,read> 1.7298152205112922E-4
<463,employee4_area1,proj41sched1,read> 4.633090920622489E-4
<464,employee5_area1,proj51task1propa,setStatus> 8.21346496742775E-4
<465,planner2,proj21task1propa,setSchedule> 3.1362503795308766E-4
<466,manager7,proj71budget1,read> 0.001602459081433851
<467,acc6,proj61task2,setCost> 0.001503896386735808
<468,acc5,proj52task2a,setCost> 3.823215918322742E-4
<469,manager2,proj22budget1,read> 0.0013644111861973295
<470,nonemployee2_area2,proj22task2,request> 8.977524570801159E-4
<471,ldr92,proj91sched1,read> 4.4748891140333644E-4
<472,manager6,proj62budget1,read> 1.5512787839579988E-4
<473,nonemployee5_area1,proj52task1a,setStatus> 1.0061882908195793E-4
<474,manager6,proj61budget1,read> 7.645304902012953E-4
<475,manager4,proj42budget1,approve> 1.3005350009755298E-4
<476,acc4,proj42budget1,write> 0.0021164460898228385
<477,ldr51,proj51sched1,read> 3.638282497892074E-4
<478,planner4,proj42task2prop,setSchedule> 0.0014271500660198112
<479,planner5,proj52task2prop,setSchedule> 4.8493658073258354E-4
<480,acc4,proj42task1,setCost> 5.412849485902553E-4
<481,employee10_area1,proj101task1a,setStatus> 6.308092972462373E-4
<482,ldr31,proj31sched1,write> 5.766359696493569E-4
<483,manager5,proj51budget1,approve> 4.8165024136189545E-5
<484,acc8,proj81budget1,write> 0.0028602367839887653
<485,aud1,proj12sched1,read> 6.320351316340375E-4
<486,planner3,proj32task2a,setSchedule> 5.8129932354605E-4
<487,employee8_area1,proj81task1a,read> 9.05646182233626E-4
<488,nonemployee8_area2,proj82task2a,request> 7.641401690089803E-4
<489,acc9,proj91task1a,setCost> 0.0011153192924385207
<490,ldr12,proj11sched1,read> 1.321103707289384E-4
<491,planner3,proj32task2,setSchedule> 4.206947521902725E-4
<492,employee1_area1,proj11task1propa,setStatus> 7.99082639192908E-5
<493,employee1_area1,proj11task1,request> 0.0011285235996048588
<494,nonemployee8_area2,proj82task2,read> 0.001161765605678615
<495,acc9,proj91task1propa,setCost> 0.0017246788266774484
<496,employee8_area2,proj81task2a,setStatus> 3.2015081980622985E-4
<497,planner3,proj31task2propa,setSchedule> 0.0017697731515788028
<498,employee8_area2,proj81task2a,read> 7.667611447025908E-4
<499,acc3,proj31sched1,read> 6.039477331629513E-4
<500,employee6_area2,proj61task2a,read> 1.5169883563657727E-4
<501,employee9_area1,proj91task1,request> 0.0010003525506833608
<502,planner1,proj12task1prop,setSchedule> 0.0013307873232063447
<503,nonemployee8_area1,proj82task1,read> 0.0011681039495150065
<504,manager7,proj72budget1,approve> 2.7859538672514244E-4
<505,nonemployee4_area2,proj42task2propa,setStatus> 1.8346108973262657E-4
<506,acc9,proj92task1a,setCost> 5.324536509925897E-4
<507,employee4_area2,proj41sched1,read> 4.524714524818454E-4
<508,acc4,proj42task2a,setCost> 2.4985212786728984E-4
<509,planner2,proj21task2,setSchedule> 0.0018661358943922696
<510,planner10,proj102task1prop,setSchedule> 0.0012986664089351893
<511,planner2,proj22task2prop,setSchedule> 7.097829806306719E-4
<512,manager10,proj102budget1,approve> 3.871452269529963E-4
<513,planner4,proj41task2,setSchedule> 3.992808093428356E-4
<514,planner9,proj92sched1,read> 4.392918304753359E-4
<515,planner4,proj41task1,setSchedule> 4.09987780766554E-4
<516,employee4_area2,proj41task2a,setStatus> 6.266671842137038E-4
<517,planner8,proj81task1propa,setSchedule> 0.001684117380189055
<518,planner1,proj12sched1,read> 6.071273431952578E-4
<519,nonemployee8_area2,proj82task2,request> 7.900006118614583E-4
<520,planner4,proj42task2a,setSchedule> 3.029180665293691E-4
<521,acc9,proj92task2a,setCost> 6.649231149575739E-4
<522,planner9,proj92task1propa,setSchedule> 9.988712090710711E-4
<523,employee9_area2,proj91task2prop,request> 4.5132804436732755E-4
<524,acc3,proj31budget1,read> 9.700147321815067E-4
<525,ldr61,proj61budget1,read> 4.58202415390136E-4
<526,planner2,proj22task2propa,setSchedule> 7.847317805967013E-4
<527,acc4,proj41task2propa,setCost> 0.0016981849338844515
<528,acc9,proj92task1,setCost> 7.444047933365646E-4
<529,ldr41,proj41budget1,write> 6.533343459380141E-4
<530,ldr61,proj61sched1,write> 6.149851577936854E-4
<531,ldr72,proj72budget1,write> 7.012708311184248E-4
<532,employee2_area1,proj21sched1,read> 9.999006921749065E-4
<533,employee7_area1,proj71task1propa,read> 1.2999733020408418E-4
<534,ldr92,proj92sched1,write> 5.239058359509051E-4
<535,planner6,proj61task1,setSchedule> 0.001834014980121114
<536,ldr62,proj62sched1,write> 4.8555664780657655E-4
<537,employee7_area1,proj71task1propa,setStatus> 1.5032418547235914E-4
<538,nonemployee5_area1,proj52task1,read> 3.2510421927492043E-4
<539,acc10,proj101task2propa,setCost> 0.0013537643275754925
<540,manager9,proj92budget1,approve> 1.8718499495431814E-4
<541,nonemployee1_area1,proj12task1,read> 3.694726261296619E-4
<542,employee6_area1,proj61task1,request> 0.0011555069783251743
<543,planner4,proj42sched1,read> 7.159255535366475E-5
<544,nonemployee3_area2,proj32sched1,read> 3.6237962480321635E-4
<545,planner10,proj101task1propa,setSchedule> 0.0019089637800871436
<546,acc2,proj22task1propa,setCost> 0.0012831139467941674
<547,employee8_area1,proj81task1a,setStatus> 3.781404022616979E-4
<548,employee3_area2,proj31sched1,read> 4.125326046195022E-4
<549,nonemployee8_area1,proj82task1,request> 7.943106856702044E-4
<550,acc4,proj42task2prop,setCost> 0.00117713837562218
<551,manager8,proj82budget1,approve> 3.357268815819077E-4
<552,acc6,proj62budget1,read> 6.010709354722173E-4
<553,manager9,proj91budget1,read> 0.001402498849435173
<554,nonemployee3_area1,proj32task1propa,setStatus> 7.882095924825076E-4
<555,employee9_area2,proj91task2propa,setStatus> 7.923517055150411E-4
<556,employee8_area1,proj81task1,read> 0.0013619827341213135
<557,employee2_area2,proj21sched1,read> 9.931217044313481E-4
<558,employee1_area1,proj11task1a,setStatus> 8.461991749379757E-4
<559,planner2,proj22sched1,write> 0.008074074461690216
<560,ldr62,proj62sched1,read> 0.001056409592826785
<561,acc3,proj32task2a,setCost> 4.79465865406596E-4
<562,nonemployee5_area2,proj52task2,read> 3.187658754385289E-4
<563,nonemployee3_area1,proj32sched1,read> 3.5939707645092655E-4
<564,manager8,proj81budget1,read> 8.787934799148255E-4
<565,manager3,proj32budget1,approve> 1.769489354591477E-5
<566,ldr42,proj42sched1,write> 1.068584148813322E-4
<567,employee4_area1,proj41task1a,setStatus> 4.6098266291236646E-4
<568,employee3_area1,proj31sched1,read> 4.059320829455902E-4
<569,ldr91,proj91budget1,write> 7.060644796364659E-4
<570,employee10_area1,proj101task1,read> 1.7153955528386803E-4
<571,employee9_area1,proj91task1prop,request> 3.1005333383003953E-4
<572,acc5,proj51sched1,read> 1.4320895160724296E-4
<573,acc1,proj11sched1,read> 1.758160572858804E-4
<574,employee2_area1,proj21task1propa,read> 1.049232182933079E-4
<575,planner4,proj41task2prop,setSchedule> 0.0013093733803589075

