<0,carDoc2,carPat2HR,addItem> null
<1,carNurse1,carPat1nursingItem,read> null
<2,oncAgent1,oncPat2noteItem,read> null
<3,oncNurse1,oncPat1nursingItem,read> null
<4,oncNurse2,oncPat2nursingItem,read> null
<5,oncNurse1,oncPat1HR,addItem> null
<6,oncDoc1,oncPat2HR,addItem> null
<7,carNurse2,carPat2nursingItem,read> null
<8,oncNurse1,oncPat2nursingItem,read> null
<9,oncDoc3,oncPat2HR,addItem> null
<10,carPat1,carPat1noteItem,read> null
<11,carNurse1,carPat2nursingItem,read> null
<12,doc1,oncPat2oncItem,read> null
<13,carNurse2,carPat1nursingItem,read> null
<14,oncDoc4,oncPat2HR,addItem> null
<15,oncPat1,oncPat1HR,addNote> null
<16,anesDoc1,carPat1HR,addItem> null
<17,oncNurse1,oncPat2HR,addItem> null
<18,oncNurse2,oncPat1HR,addItem> null
<19,oncAgent1,oncPat2HR,addNote> null
<20,anesDoc1,oncPat1HR,addItem> null
<21,oncDoc2,oncPat1oncItem,read> null
<22,carNurse2,carPat2HR,addItem> null
<23,carDoc1,carPat1carItem,read> null
<24,carPat2,carPat2noteItem,read> null
<25,oncPat2,oncPat2noteItem,read> null
<26,oncPat2,oncPat2HR,addNote> null
<27,oncNurse2,oncPat1nursingItem,read> null
<28,carDoc1,carPat1HR,addItem> null
<29,oncDoc2,oncPat1HR,addItem> null
<30,carNurse2,carPat1HR,addItem> null
<0,oncPat1,oncPat1noteItem,read> 0.013157894736842105
<1,oncDoc1,oncPat1HR,addItem> 0.02840909090909091
<2,oncAgent2,oncPat2HR,addNote> 0.0030
<3,oncNurse2,oncPat2HR,addItem> 0.019230769230769232
<4,carAgent2,carPat2noteItem,read> 0.0030

