<0,carNurse1,carPat1nursingItem,read> null
<1,carPat1,carPat1HR,addNote> null
<2,anesDoc1,carPat1HR,addItem> null
<3,carDoc2,carPat2HR,addItem> null
<4,carAgent2,carPat2noteItem,read> null
<5,carPat2,carPat2HR,addNote> null
<6,oncNurse1,oncPat1HR,addItem> null
<7,carNurse1,carPat2nursingItem,read> null
<8,carPat1,carPat1noteItem,read> null
<9,oncNurse2,oncPat1nursingItem,read> null
<10,oncNurse1,oncPat1nursingItem,read> null
<11,oncDoc3,oncPat2HR,addItem> null
<12,oncNurse2,oncPat2nursingItem,read> null
<13,oncDoc1,oncPat1HR,addItem> null
<14,oncNurse1,oncPat2nursingItem,read> null
<15,oncDoc1,oncPat2HR,addItem> null
<16,doc1,oncPat2oncItem,read> null
<17,oncAgent1,oncPat2noteItem,read> null
<18,oncNurse2,oncPat2HR,addItem> null
<19,oncAgent1,oncPat2HR,addNote> null
<20,carNurse1,carPat2HR,addItem> null
<21,carDoc1,carPat1HR,addItem> null
<22,anesDoc1,oncPat1HR,addItem> null
<23,carNurse1,carPat1HR,addItem> null
<24,oncDoc2,oncPat1oncItem,read> null
<25,carNurse2,carPat2nursingItem,read> null
<26,carDoc1,carPat1carItem,read> null
<27,carNurse2,carPat1nursingItem,read> null
<28,doc2,carPat2carItem,read> null
<29,oncNurse1,oncPat2HR,addItem> null
<30,carPat2,carPat2noteItem,read> null
<0,oncDoc2,oncPat1HR,addItem> null
<1,oncNurse2,oncPat1HR,addItem> null
<2,oncPat2,oncPat2HR,addNote> null
<3,carNurse2,carPat2HR,addItem> null
<4,oncPat1,oncPat1noteItem,read> null
<0,oncAgent2,oncPat2HR,addNote> 0.0030
<1,carDoc2,carPat1carItem,read> 0.003684210526315789
<2,oncPat1,oncPat1HR,addNote> 0.01
<3,oncDoc4,oncPat2oncItem,read> 8.668730650154798E-4
<4,carDoc2,carPat2carItem,read> 0.003684210526315789

