<0,oncPat1,oncPat1HR,addNote> 0.01
<1,oncDoc4,oncPat2HR,addItem> 0.014705882352941176
<2,oncNurse1,oncPat1HR,addItem> 0.04326923076923077
<3,carNurse2,carPat2nursingItem,read> 0.023157894736842103
<4,anesDoc1,carPat1HR,addItem> 0.046875
<5,carNurse1,carPat2nursingItem,read> 0.045
<6,oncPat1,oncPat1noteItem,read> 0.013157894736842105
<7,carDoc2,carPat2HR,addItem> 0.0625
<8,oncNurse1,oncPat2HR,addItem> 0.04326923076923077
<9,oncDoc3,oncPat2HR,addItem> 0.011029411764705881
<10,carNurse1,carPat1nursingItem,read> 0.0481578947368421
<11,carAgent1,carPat2HR,addNote> 0.007000000000000001
<12,oncNurse1,oncPat1nursingItem,read> 0.045
<13,carPat1,carPat1noteItem,read> 0.013157894736842105
<14,carNurse1,carPat2HR,addItem> 0.04326923076923077
<15,doc1,oncPat2oncItem,read> 0.003684210526315789
<16,carPat2,carPat2HR,addNote> 0.01
<17,oncAgent1,oncPat2HR,addNote> 0.007000000000000001
<18,carAgent2,carPat2HR,addNote> 0.0030
<19,anesDoc1,oncPat1HR,addItem> 0.025568181818181816
<20,oncDoc2,oncPat1oncItem,read> 8.502024291497974E-4
<21,oncPat2,oncPat2noteItem,read> 0.01
<22,oncNurse2,oncPat1nursingItem,read> 0.023157894736842103
<23,oncNurse1,oncPat2nursingItem,read> 0.0481578947368421
<24,oncNurse2,oncPat2nursingItem,read> 0.02
<25,oncAgent1,oncPat2noteItem,read> 0.010157894736842105
<26,carDoc1,carPat1carItem,read> 0.003684210526315789
<27,carNurse1,carPat1HR,addItem> 0.04326923076923077
<28,oncDoc1,oncPat1HR,addItem> 0.02840909090909091
<29,carPat2,carPat2noteItem,read> 0.01
<30,carDoc1,carPat1HR,addItem> 0.015625

