<0,oncDoc1,oncPat2HR,addItem> null
<1,oncPat2,oncPat2noteItem,read> null
<2,oncNurse1,oncPat1HR,addItem> null
<3,carNurse2,carPat1nursingItem,read> null
<4,oncDoc3,oncPat2HR,addItem> null
<5,carNurse1,carPat1HR,addItem> null
<6,carNurse1,carPat2nursingItem,read> null
<7,oncNurse1,oncPat2HR,addItem> null
<8,carNurse1,carPat1nursingItem,read> null
<9,carNurse2,carPat2nursingItem,read> null
<10,oncNurse2,oncPat1HR,addItem> null
<11,oncPat1,oncPat1HR,addNote> null
<12,carNurse2,carPat1HR,addItem> null
<13,oncNurse1,oncPat1nursingItem,read> null
<14,oncNurse1,oncPat2nursingItem,read> null
<15,carNurse2,carPat2HR,addItem> null
<16,oncNurse2,oncPat1nursingItem,read> null
<17,carPat2,carPat2noteItem,read> null
<18,carDoc2,carPat2carItem,read> null
<19,carPat1,carPat1noteItem,read> null
<20,anesDoc1,carPat1HR,addItem> null
<21,doc1,oncPat2oncItem,read> null
<22,oncAgent1,oncPat2HR,addNote> null
<23,anesDoc1,oncPat1HR,addItem> null
<24,carDoc2,carPat2HR,addItem> null
<25,oncPat1,oncPat1noteItem,read> null
<26,oncDoc2,oncPat1oncItem,read> null
<27,carAgent1,carPat2noteItem,read> null
<28,carDoc1,carPat1carItem,read> null
<29,carDoc1,carPat1HR,addItem> null
<30,oncNurse2,oncPat2HR,addItem> null
<0,oncDoc2,oncPat1HR,addItem> 0.008522727272727272
<1,oncPat2,oncPat2HR,addNote> 0.01
<2,oncAgent2,oncPat2HR,addNote> 0.0030
<3,carAgent2,carPat2noteItem,read> 0.0030
<4,carDoc2,carPat1carItem,read> 0.003684210526315789

