<0,carNurse2,carPat1HR,addItem> null
<1,oncNurse1,oncPat1HR,addItem> null
<2,oncAgent1,oncPat2noteItem,read> null
<3,carNurse1,carPat2nursingItem,read> null
<4,carNurse1,carPat2HR,addItem> null
<5,carPat1,carPat1noteItem,read> null
<6,oncDoc3,oncPat2HR,addItem> null
<7,carNurse1,carPat1nursingItem,read> null
<8,oncNurse1,oncPat1nursingItem,read> null
<9,carNurse2,carPat1nursingItem,read> null
<10,doc1,oncPat2oncItem,read> null
<11,carDoc2,carPat2HR,addItem> null
<12,oncDoc1,oncPat2oncItem,read> null
<13,carNurse1,carPat1HR,addItem> null
<14,oncPat1,oncPat1noteItem,read> null
<15,anesDoc1,oncPat1HR,addItem> null
<16,anesDoc1,carPat1HR,addItem> null
<17,oncNurse2,oncPat1HR,addItem> null
<18,oncAgent1,oncPat2HR,addNote> null
<19,carDoc2,carPat1carItem,read> null
<20,oncDoc2,oncPat1oncItem,read> null
<21,oncNurse1,oncPat2nursingItem,read> null
<22,oncNurse1,oncPat2HR,addItem> null
<23,carNurse2,carPat2nursingItem,read> null
<24,carDoc1,carPat1carItem,read> null
<25,carPat2,carPat2noteItem,read> null
<26,oncDoc1,oncPat1HR,addItem> null
<27,oncNurse2,oncPat1nursingItem,read> null
<28,carDoc1,carPat1HR,addItem> null
<29,oncDoc2,oncPat1HR,addItem> null
<30,oncPat2,oncPat2HR,addNote> null
<0,oncAgent2,oncPat2HR,addNote> 0.0030
<1,carAgent1,carPat2noteItem,read> 0.010157894736842105
<2,carAgent2,carPat2noteItem,read> 0.0030
<3,oncNurse2,oncPat2HR,addItem> 0.019230769230769232
<4,oncPat1,oncPat1HR,addNote> 0.01

