<0,carNurse2,carPat1HR,addItem> 0.019230769230769232
<1,oncNurse1,oncPat1HR,addItem> 0.04326923076923077
<2,oncAgent1,oncPat2noteItem,read> 0.010157894736842105
<3,carNurse1,carPat2nursingItem,read> 0.045
<4,carNurse1,carPat2HR,addItem> 0.04326923076923077
<5,carPat1,carPat1noteItem,read> 0.013157894736842105
<6,oncDoc3,oncPat2HR,addItem> 0.011029411764705881
<7,carNurse1,carPat1nursingItem,read> 0.0481578947368421
<8,oncNurse1,oncPat1nursingItem,read> 0.045
<9,carNurse2,carPat1nursingItem,read> 0.02
<10,doc1,oncPat2oncItem,read> 0.003684210526315789
<11,carDoc2,carPat2HR,addItem> 0.0625
<12,oncDoc1,oncPat2oncItem,read> 0.0021671826625386994
<13,carNurse1,carPat1HR,addItem> 0.04326923076923077
<14,oncPat1,oncPat1noteItem,read> 0.013157894736842105
<15,anesDoc1,oncPat1HR,addItem> 0.025568181818181816
<16,anesDoc1,carPat1HR,addItem> 0.046875
<17,oncNurse2,oncPat1HR,addItem> 0.019230769230769232
<18,oncAgent1,oncPat2HR,addNote> 0.007000000000000001
<19,carDoc2,carPat1carItem,read> 0.003684210526315789
<20,oncDoc2,oncPat1oncItem,read> 8.502024291497974E-4
<21,oncNurse1,oncPat2nursingItem,read> 0.0481578947368421
<22,oncNurse1,oncPat2HR,addItem> 0.04326923076923077
<23,carNurse2,carPat2nursingItem,read> 0.023157894736842103
<24,carDoc1,carPat1carItem,read> 0.003684210526315789
<25,carPat2,carPat2noteItem,read> 0.01
<26,oncDoc1,oncPat1HR,addItem> 0.02840909090909091
<27,oncNurse2,oncPat1nursingItem,read> 0.023157894736842103
<28,carDoc1,carPat1HR,addItem> 0.015625
<29,oncDoc2,oncPat1HR,addItem> 0.008522727272727272
<30,oncPat2,oncPat2HR,addNote> 0.01

