<0,oncNurse1,oncPat1nursingItem,read> 0.045
<1,oncNurse1,oncPat2nursingItem,read> 0.0481578947368421
<2,carNurse1,carPat1HR,addItem> 0.04326923076923077
<3,oncNurse1,oncPat1HR,addItem> 0.04326923076923077
<4,oncDoc3,oncPat2HR,addItem> 0.011029411764705881
<5,carNurse1,carPat1nursingItem,read> 0.0481578947368421
<6,carDoc2,carPat2HR,addItem> 0.0625
<7,carPat1,carPat1noteItem,read> 0.013157894736842105
<8,doc1,oncPat2oncItem,read> 0.003684210526315789
<9,oncAgent1,oncPat2HR,addNote> 0.007000000000000001
<10,anesDoc1,oncPat1HR,addItem> 0.025568181818181816
<11,oncDoc4,oncPat2HR,addItem> 0.014705882352941176
<12,oncDoc2,oncPat1HR,addItem> 0.008522727272727272
<13,carNurse2,carPat1HR,addItem> 0.019230769230769232
<14,oncDoc2,oncPat1oncItem,read> 8.502024291497974E-4
<15,carNurse2,carPat2nursingItem,read> 0.023157894736842103
<16,oncPat2,oncPat2HR,addNote> 0.01
<17,oncDoc1,oncPat1HR,addItem> 0.02840909090909091
<18,carAgent1,carPat2HR,addNote> 0.007000000000000001
<19,oncNurse2,oncPat2nursingItem,read> 0.02
<20,carDoc1,carPat1carItem,read> 0.003684210526315789
<21,oncNurse1,oncPat2HR,addItem> 0.04326923076923077
<22,carPat2,carPat2noteItem,read> 0.01
<23,oncNurse2,oncPat1nursingItem,read> 0.023157894736842103
<24,carDoc1,carPat1HR,addItem> 0.015625
<25,oncNurse2,oncPat1HR,addItem> 0.019230769230769232
<26,anesDoc1,carPat1HR,addItem> 0.046875
<27,oncPat1,oncPat1noteItem,read> 0.013157894736842105
<28,oncAgent2,oncPat2HR,addNote> 0.0030
<29,carAgent2,carPat2noteItem,read> 0.0030
<30,oncDoc1,oncPat2HR,addItem> 0.03676470588235294

