<0,oncPat1,oncPat1HR,addNote> null
<1,oncDoc4,oncPat2HR,addItem> null
<2,oncNurse1,oncPat1HR,addItem> null
<3,carNurse2,carPat2nursingItem,read> null
<4,anesDoc1,carPat1HR,addItem> null
<5,carNurse1,carPat2nursingItem,read> null
<6,oncPat1,oncPat1noteItem,read> null
<7,carDoc2,carPat2HR,addItem> null
<8,oncNurse1,oncPat2HR,addItem> null
<9,oncDoc3,oncPat2HR,addItem> null
<10,carNurse1,carPat1nursingItem,read> null
<11,carAgent1,carPat2HR,addNote> null
<12,oncNurse1,oncPat1nursingItem,read> null
<13,carPat1,carPat1noteItem,read> null
<14,carNurse1,carPat2HR,addItem> null
<15,doc1,oncPat2oncItem,read> null
<16,carPat2,carPat2HR,addNote> null
<17,oncAgent1,oncPat2HR,addNote> null
<18,carAgent2,carPat2HR,addNote> null
<19,anesDoc1,oncPat1HR,addItem> null
<20,oncDoc2,oncPat1oncItem,read> null
<21,oncPat2,oncPat2noteItem,read> null
<22,oncNurse2,oncPat1nursingItem,read> null
<23,oncNurse1,oncPat2nursingItem,read> null
<24,oncNurse2,oncPat2nursingItem,read> null
<25,oncAgent1,oncPat2noteItem,read> null
<26,carDoc1,carPat1carItem,read> null
<27,carNurse1,carPat1HR,addItem> null
<28,oncDoc1,oncPat1HR,addItem> null
<29,carPat2,carPat2noteItem,read> null
<30,carDoc1,carPat1HR,addItem> null
<0,oncDoc2,oncPat1HR,addItem> null
<1,oncNurse2,oncPat1HR,addItem> null
<2,oncPat2,oncPat2HR,addNote> null
<3,oncAgent2,oncPat2HR,addNote> null
<4,carAgent2,carPat2noteItem,read> null
<0,carDoc2,carPat1carItem,read> 0.003684210526315789
<1,oncNurse2,oncPat2HR,addItem> 0.019230769230769232
<2,oncDoc4,oncPat2oncItem,read> 8.668730650154798E-4
<3,oncDoc1,oncPat2HR,addItem> 0.03676470588235294
<4,carDoc2,carPat2carItem,read> 0.003684210526315789

