<0,oncNurse1,oncPat2HR,addItem> 0.04326923076923077
<1,carDoc1,carPat1HR,addItem> 0.015625
<2,carNurse2,carPat2nursingItem,read> 0.023157894736842103
<3,oncDoc1,oncPat1HR,addItem> 0.02840909090909091
<4,oncNurse1,oncPat1HR,addItem> 0.04326923076923077
<5,oncDoc1,oncPat2HR,addItem> 0.03676470588235294
<6,anesDoc1,carPat1HR,addItem> 0.046875
<7,oncDoc3,oncPat2HR,addItem> 0.011029411764705881
<8,carDoc2,carPat2HR,addItem> 0.0625
<9,carNurse1,carPat1nursingItem,read> 0.0481578947368421
<10,oncPat2,oncPat2noteItem,read> 0.01
<11,carNurse1,carPat2HR,addItem> 0.04326923076923077
<12,oncNurse2,oncPat1nursingItem,read> 0.023157894736842103
<13,oncNurse1,oncPat1nursingItem,read> 0.045
<14,carPat1,carPat1noteItem,read> 0.013157894736842105
<15,anesDoc1,oncPat1HR,addItem> 0.025568181818181816
<16,carNurse1,carPat1HR,addItem> 0.04326923076923077
<17,doc1,oncPat2oncItem,read> 0.003684210526315789
<18,carPat1,carPat1HR,addNote> 0.01
<19,carNurse1,carPat2nursingItem,read> 0.045
<20,oncDoc4,oncPat2HR,addItem> 0.014705882352941176
<21,oncAgent1,oncPat2HR,addNote> 0.007000000000000001
<22,oncDoc2,oncPat1oncItem,read> 8.502024291497974E-4
<23,carDoc1,carPat1carItem,read> 0.003684210526315789
<24,carNurse2,carPat1HR,addItem> 0.019230769230769232
<25,oncNurse2,oncPat1HR,addItem> 0.019230769230769232
<26,oncAgent1,oncPat2noteItem,read> 0.010157894736842105
<27,oncNurse1,oncPat2nursingItem,read> 0.0481578947368421
<28,carPat2,carPat2noteItem,read> 0.01
<29,oncDoc2,oncPat1HR,addItem> 0.008522727272727272
<30,oncPat2,oncPat2HR,addNote> 0.01

