<0,teen1r,star_wars,view> null
<1,teen1r,jaws,view> null
<2,teen2p,the_lion_king,view> null
<3,adult1p,my_cousin_vinny,view> null
<4,adult1p,cloud_atlas,view> null
<5,teen1p,star_wars,view> null
<6,teen2p,star_wars,view> null
<7,adult2p,the_lion_king,view> null
<8,teen2p,toy_story,view> null
<9,adult2r,star_wars,view> null
<10,adult1p,toy_story,view> null
<11,child2p,the_lion_king,view> null
<12,teen2r,star_wars,view> null
<13,teen1p,the_lion_king,view> null
<14,adult2r,brave_heart,view> null
<15,child2p,cars,view> null
<16,adult1p,the_lion_king,view> null
<17,teen1p,jaws,view> null
<18,adult2p,brave,view> null
<19,adult1r,the_lion_king,view> null
<20,adult1r,my_cousin_vinny,view> null
<21,teen1p,brave,view> null
<22,teen2r,jaws,view> null
<23,adult1p,brave,view> null
<24,teen2p,brave,view> null
<25,adult1r,toy_story,view> null
<26,child1p,cars,view> null
<27,adult2p,cloud_atlas,view> null
<28,adult2p,my_cousin_vinny,view> null
<29,adult2p,flight,view> null
<30,teen2p,jaws,view> null
<31,adult2p,jaws,view> null
<32,teen1p,cars,view> null
<33,adult1p,brave_heart,view> null
<34,child1p,happy_feet,view> null
<35,adult1r,brave_heart,view> null
<36,child2p,happy_feet,view> null
<37,adult2r,toy_story,view> null
<38,adult1p,jaws,view> null
<39,child1p,toy_story,view> null
<40,adult2p,star_wars,view> null
<41,adult1p,life_of_pi,view> null
<42,child1p,the_lion_king,view> null
<43,teen1r,toy_story,view> null
<44,child1r,the_lion_king,view> null
<45,adult2p,happy_feet_2,view> null
<46,child2p,toy_story,view> null
<0,teen1p,toy_story,view> null
<1,teen2r,toy_story,view> null
<2,adult2p,cars,view> null
<3,adult1p,cars,view> null
<4,adult1r,star_wars,view> null
<5,adult1r,jaws,view> null
<6,child1p,happy_feet_2,view> null
<7,adult2p,brave_heart,view> null
<0,adult1p,flight,view> null
<1,adult2p,toy_story,view> null
<2,teen1p,happy_feet,view> null
<3,teen2p,life_of_pi,view> null
<4,teen2p,happy_feet,view> null
<5,adult1p,happy_feet_2,view> null
<6,adult1p,happy_feet,view> null
<7,adult2r,jaws,view> null
<0,child1r,toy_story,view> 0.002833333333333334
<1,teen1p,life_of_pi,view> 0.01
<2,child2p,happy_feet_2,view> 0.0016487119437939113
<3,adult2p,life_of_pi,view> 0.0025499999999999993
<4,adult1p,star_wars,view> 0.016292207792207792
<5,adult2p,happy_feet,view> 0.00649824355971897
<6,child2r,toy_story,view> 0.002833333333333334
<7,teen2r,the_lion_king,view> 0.005666666666666668

