<0,adult1p,toy_story,view> null
<1,teen2p,jaws,view> null
<2,adult1p,cloud_atlas,view> null
<3,teen1p,star_wars,view> null
<4,adult1p,brave_heart,view> null
<5,teen2p,toy_story,view> null
<6,adult1r,toy_story,view> null
<7,adult2r,the_lion_king,view> null
<8,adult2r,brave_heart,view> null
<9,adult2p,toy_story,view> null
<10,adult1p,star_wars,view> null
<11,teen1p,the_lion_king,view> null
<12,child2p,cars,view> null
<13,adult2p,flight,view> null
<14,adult1p,happy_feet,view> null
<15,adult1p,the_lion_king,view> null
<16,child2p,the_lion_king,view> null
<17,adult1p,happy_feet_2,view> null
<18,adult2p,cars,view> null
<19,adult1r,the_lion_king,view> null
<20,child1p,the_lion_king,view> null
<21,adult2p,happy_feet_2,view> null
<22,adult2p,the_lion_king,view> null
<23,adult2p,brave_heart,view> null
<24,adult1r,my_cousin_vinny,view> null
<25,teen2p,the_lion_king,view> null
<26,adult2p,brave,view> null
<27,teen1p,brave,view> null
<28,teen2r,jaws,view> null
<29,adult1p,brave,view> null
<30,teen1r,jaws,view> null
<31,teen1r,star_wars,view> null
<32,teen1p,toy_story,view> null
<33,child1p,cars,view> null
<34,adult2p,cloud_atlas,view> null
<35,adult2p,jaws,view> null
<36,teen2p,life_of_pi,view> null
<37,teen1p,cars,view> null
<38,child1p,happy_feet,view> null
<39,adult1r,brave_heart,view> null
<40,child2p,happy_feet,view> null
<41,adult2r,toy_story,view> null
<42,adult1p,jaws,view> null
<43,child1p,toy_story,view> null
<44,adult2p,star_wars,view> null
<45,adult1p,my_cousin_vinny,view> null
<46,adult1p,life_of_pi,view> null
<0,teen2p,star_wars,view> null
<1,teen1r,toy_story,view> null
<2,child2p,toy_story,view> null
<3,teen2r,toy_story,view> null
<4,teen2p,brave,view> null
<5,adult1p,cars,view> null
<6,teen2r,star_wars,view> null
<7,adult1r,star_wars,view> null
<0,adult2p,my_cousin_vinny,view> null
<1,adult1r,jaws,view> null
<2,child1p,happy_feet_2,view> null
<3,teen1p,jaws,view> null
<4,adult1p,flight,view> null
<5,teen1p,happy_feet,view> null
<6,teen2p,happy_feet,view> null
<7,adult2r,jaws,view> null
<0,child1r,toy_story,view> 0.002833333333333334
<1,teen1p,life_of_pi,view> 0.01
<2,child2p,happy_feet_2,view> 0.0016487119437939113
<3,adult2r,star_wars,view> 0.003246753246753248
<4,adult2p,life_of_pi,view> 0.0025499999999999993
<5,adult2p,happy_feet,view> 0.00649824355971897
<6,child2r,toy_story,view> 0.002833333333333334
<7,teen2r,the_lion_king,view> 0.005666666666666668

