<0,teen1p,brave,view> null
<1,teen2p,happy_feet,view> null
<2,teen1p,toy_story,view> null
<3,teen1p,jaws,view> null
<4,child2p,the_lion_king,view> null
<5,teen2p,star_wars,view> null
<6,adult1p,cloud_atlas,view> null
<7,adult2p,star_wars,view> null
<8,teen2p,toy_story,view> null
<9,adult1p,the_lion_king,view> null
<10,adult1p,toy_story,view> null
<11,child1p,toy_story,view> null
<12,teen1p,the_lion_king,view> null
<13,adult2r,the_lion_king,view> null
<14,adult1p,my_cousin_vinny,view> null
<15,teen1p,star_wars,view> null
<16,teen2r,star_wars,view> null
<17,adult2r,brave_heart,view> null
<18,teen2p,brave,view> null
<19,child2p,cars,view> null
<20,adult1r,my_cousin_vinny,view> null
<21,adult2p,brave,view> null
<22,adult1p,brave_heart,view> null
<23,teen2r,jaws,view> null
<24,adult1p,brave,view> null
<25,adult1r,toy_story,view> null
<26,teen1r,jaws,view> null
<27,child1p,cars,view> null
<28,adult2p,cloud_atlas,view> null
<29,adult2p,toy_story,view> null
<30,adult2p,jaws,view> null
<31,adult1p,star_wars,view> null
<32,teen1p,cars,view> null
<33,child1p,happy_feet,view> null
<34,teen2p,life_of_pi,view> null
<35,adult2p,happy_feet,view> null
<36,adult1r,brave_heart,view> null
<37,adult2p,the_lion_king,view> null
<38,child2p,happy_feet,view> null
<39,adult2r,toy_story,view> null
<40,adult1p,jaws,view> null
<41,adult1p,life_of_pi,view> null
<42,child1p,the_lion_king,view> null
<43,teen1r,toy_story,view> null
<44,adult1r,the_lion_king,view> null
<45,adult2p,happy_feet_2,view> null
<46,child2p,toy_story,view> null
<0,teen2r,toy_story,view> 0.002833333333333334
<1,teen2p,the_lion_king,view> 0.02798875878220141
<2,adult2p,cars,view> 0.0051985948477751755
<3,adult2p,life_of_pi,view> 0.0025499999999999993
<4,teen1r,star_wars,view> 0.013888888888888893
<5,teen2p,jaws,view> 0.053333333333333344
<6,adult1p,cars,view> 0.0051985948477751755
<7,adult1r,star_wars,view> 0.003246753246753248

