<0,teen2p,the_lion_king,view> null
<1,adult1p,toy_story,view> null
<2,teen2p,star_wars,view> null
<3,adult2p,the_lion_king,view> null
<4,teen1p,jaws,view> null
<5,adult2r,toy_story,view> null
<6,adult1p,cloud_atlas,view> null
<7,teen1p,star_wars,view> null
<8,adult1p,my_cousin_vinny,view> null
<9,teen2p,toy_story,view> null
<10,adult1p,the_lion_king,view> null
<11,child1p,happy_feet,view> null
<12,adult2r,brave_heart,view> null
<13,teen1p,the_lion_king,view> null
<14,child2p,cars,view> null
<15,adult1r,my_cousin_vinny,view> null
<16,adult1r,jaws,view> null
<17,teen1p,brave,view> null
<18,teen2p,brave,view> null
<19,adult2p,toy_story,view> null
<20,adult2p,brave,view> null
<21,adult2p,star_wars,view> null
<22,adult1p,star_wars,view> null
<23,child1p,the_lion_king,view> null
<24,teen2r,jaws,view> null
<25,adult1p,brave,view> null
<26,teen2p,jaws,view> null
<27,adult1r,toy_story,view> null
<28,teen1p,toy_story,view> null
<29,teen1r,jaws,view> null
<30,child1p,cars,view> null
<31,adult2p,cloud_atlas,view> null
<32,teen2r,star_wars,view> null
<33,adult2p,jaws,view> null
<34,teen1p,cars,view> null
<35,child2p,happy_feet,view> null
<36,teen2p,cars,view> null
<37,adult1r,brave_heart,view> null
<38,adult1p,jaws,view> null
<39,child1p,toy_story,view> null
<40,adult1p,life_of_pi,view> null
<41,teen1r,toy_story,view> null
<42,adult2p,happy_feet_2,view> null
<43,child2p,toy_story,view> null
<44,teen2r,toy_story,view> null
<45,adult2p,cars,view> null
<46,teen1r,star_wars,view> null
<0,adult1p,cars,view> 0.0051985948477751755
<1,adult1r,star_wars,view> 0.003246753246753248
<2,child2p,the_lion_king,view> 0.02565636221701796
<3,adult2p,my_cousin_vinny,view> 0.008146103896103896
<4,child1p,happy_feet_2,view> 0.0016487119437939113
<5,adult2p,brave_heart,view> 0.009775324675324675
<6,adult1p,flight,view> 0.0017
<7,adult2p,flight,view> 0.0017

