<0,teen2p,life_of_pi,view> null
<1,teen2p,star_wars,view> null
<2,teen2p,jaws,view> null
<3,adult2p,the_lion_king,view> null
<4,adult2r,toy_story,view> null
<5,child2r,the_lion_king,view> null
<6,teen1p,star_wars,view> null
<7,child1p,the_lion_king,view> null
<8,adult1p,cloud_atlas,view> null
<9,adult1p,toy_story,view> null
<10,teen2p,toy_story,view> null
<11,adult1p,the_lion_king,view> null
<12,adult2r,brave_heart,view> null
<13,adult2p,jaws,view> null
<14,teen2p,the_lion_king,view> null
<15,child2p,cars,view> null
<16,teen1r,toy_story,view> null
<17,adult1r,my_cousin_vinny,view> null
<18,adult1p,happy_feet,view> null
<19,adult2p,brave,view> null
<20,teen1p,brave,view> null
<21,adult1p,brave_heart,view> null
<22,adult2p,happy_feet_2,view> null
<23,child1p,toy_story,view> null
<24,adult1r,the_lion_king,view> null
<25,teen2r,jaws,view> null
<26,adult1p,brave,view> null
<27,adult1r,toy_story,view> null
<28,teen1r,jaws,view> null
<29,child1p,cars,view> null
<30,child2p,toy_story,view> null
<31,adult2p,cloud_atlas,view> null
<32,teen1p,cars,view> null
<33,child1r,the_lion_king,view> null
<34,child1p,happy_feet,view> null
<35,adult2p,brave_heart,view> null
<36,adult1r,brave_heart,view> null
<37,teen1p,the_lion_king,view> null
<38,adult2p,star_wars,view> null
<39,child2p,happy_feet,view> null
<40,adult1p,jaws,view> null
<41,adult1p,life_of_pi,view> null
<42,teen2r,toy_story,view> null
<43,adult1p,my_cousin_vinny,view> null
<44,teen1p,toy_story,view> null
<45,adult2p,cars,view> null
<46,teen2r,the_lion_king,view> null
<0,teen1r,star_wars,view> 0.013888888888888893
<1,adult1p,cars,view> 0.0051985948477751755
<2,teen2r,star_wars,view> 0.013888888888888893
<3,adult2p,toy_story,view> 0.04006191185863317
<4,adult1r,star_wars,view> 0.003246753246753248
<5,teen2p,brave,view> 0.01
<6,teen1p,life_of_pi,view> 0.01
<7,child2p,the_lion_king,view> 0.02565636221701796

