<0,child1p,the_lion_king,view> 0.02565636221701796
<1,adult1p,toy_story,view> 0.04006191185863317
<2,teen2r,the_lion_king,view> 0.005666666666666668
<3,teen1p,jaws,view> 0.053333333333333344
<4,adult1p,cloud_atlas,view> 0.0017
<5,child2p,the_lion_king,view> 0.02565636221701796
<6,adult2p,the_lion_king,view> 0.08012382371726634
<7,adult2p,star_wars,view> 0.016292207792207792
<8,adult1p,star_wars,view> 0.016292207792207792
<9,teen2p,life_of_pi,view> 0.01
<10,teen2p,toy_story,view> 0.013994379391100705
<11,adult2p,toy_story,view> 0.04006191185863317
<12,teen1p,star_wars,view> 0.06666666666666668
<13,teen1r,jaws,view> 0.011111111111111115
<14,adult2r,brave_heart,view> 0.0019480519480519487
<15,teen1p,happy_feet_2,view> 0.0017985948477751757
<16,child2p,cars,view> 0.0016487119437939113
<17,adult1r,my_cousin_vinny,view> 0.001623376623376624
<18,adult1p,the_lion_king,view> 0.08012382371726634
<19,adult2p,brave,view> 0.0025499999999999993
<20,teen1p,brave,view> 0.01
<21,teen2p,star_wars,view> 0.06666666666666668
<22,adult2r,toy_story,view> 0.00802813852813853
<23,teen1p,happy_feet,view> 0.00224824355971897
<24,teen2r,jaws,view> 0.011111111111111115
<25,adult1p,brave,view> 0.0025499999999999993
<26,teen1p,life_of_pi,view> 0.01
<27,teen2p,jaws,view> 0.053333333333333344
<28,adult1r,toy_story,view> 0.00802813852813853
<29,teen2p,the_lion_king,view> 0.02798875878220141
<30,child1p,cars,view> 0.0016487119437939113
<31,teen1p,the_lion_king,view> 0.02798875878220141
<32,adult2p,cloud_atlas,view> 0.0017
<33,adult2p,jaws,view> 0.013033766233766234
<34,teen1p,toy_story,view> 0.013994379391100705
<35,adult2p,my_cousin_vinny,view> 0.008146103896103896
<36,teen1p,cars,view> 0.0017985948477751757
<37,child1p,toy_story,view> 0.01282818110850898
<38,child1p,happy_feet,view> 0.002060889929742389
<39,adult1r,brave_heart,view> 0.0019480519480519487
<40,child2p,happy_feet,view> 0.002060889929742389
<41,adult1p,jaws,view> 0.013033766233766234
<42,adult1p,life_of_pi,view> 0.0025499999999999993
<43,teen1r,toy_story,view> 0.002833333333333334
<44,adult2p,brave_heart,view> 0.009775324675324675
<45,adult2p,happy_feet_2,view> 0.0051985948477751755
<46,adult1p,brave_heart,view> 0.009775324675324675

