<0,child1p,the_lion_king,view> null
<1,adult1p,toy_story,view> null
<2,teen2r,the_lion_king,view> null
<3,teen1p,jaws,view> null
<4,adult1p,cloud_atlas,view> null
<5,child2p,the_lion_king,view> null
<6,adult2p,the_lion_king,view> null
<7,adult2p,star_wars,view> null
<8,adult1p,star_wars,view> null
<9,teen2p,life_of_pi,view> null
<10,teen2p,toy_story,view> null
<11,adult2p,toy_story,view> null
<12,teen1p,star_wars,view> null
<13,teen1r,jaws,view> null
<14,adult2r,brave_heart,view> null
<15,teen1p,happy_feet_2,view> null
<16,child2p,cars,view> null
<17,adult1r,my_cousin_vinny,view> null
<18,adult1p,the_lion_king,view> null
<19,adult2p,brave,view> null
<20,teen1p,brave,view> null
<21,teen2p,star_wars,view> null
<22,adult2r,toy_story,view> null
<23,teen1p,happy_feet,view> null
<24,teen2r,jaws,view> null
<25,adult1p,brave,view> null
<26,teen1p,life_of_pi,view> null
<27,teen2p,jaws,view> null
<28,adult1r,toy_story,view> null
<29,teen2p,the_lion_king,view> null
<30,child1p,cars,view> null
<31,teen1p,the_lion_king,view> null
<32,adult2p,cloud_atlas,view> null
<33,adult2p,jaws,view> null
<34,teen1p,toy_story,view> null
<35,adult2p,my_cousin_vinny,view> null
<36,teen1p,cars,view> null
<37,child1p,toy_story,view> null
<38,child1p,happy_feet,view> null
<39,adult1r,brave_heart,view> null
<40,child2p,happy_feet,view> null
<41,adult1p,jaws,view> null
<42,adult1p,life_of_pi,view> null
<43,teen1r,toy_story,view> null
<44,adult2p,brave_heart,view> null
<45,adult2p,happy_feet_2,view> null
<46,adult1p,brave_heart,view> null
<0,child2p,toy_story,view> null
<1,teen2r,star_wars,view> null
<2,teen2r,toy_story,view> null
<3,adult1p,my_cousin_vinny,view> null
<4,adult2p,cars,view> null
<5,teen1r,star_wars,view> null
<6,adult1p,cars,view> null
<7,adult1r,star_wars,view> null
<0,teen2p,brave,view> null
<1,adult1r,jaws,view> null
<2,child1p,happy_feet_2,view> null
<3,adult1p,flight,view> null
<4,adult2p,flight,view> null
<5,teen2p,happy_feet,view> null
<6,adult1r,the_lion_king,view> null
<7,adult1p,happy_feet_2,view> null
<0,adult1p,happy_feet,view> 0.00649824355971897
<1,adult2r,jaws,view> 0.0025974025974025983
<2,child1r,toy_story,view> 0.002833333333333334
<3,child2p,happy_feet_2,view> 0.0016487119437939113
<4,adult2r,star_wars,view> 0.003246753246753248
<5,adult2p,life_of_pi,view> 0.0025499999999999993
<6,adult2p,happy_feet,view> 0.00649824355971897
<7,child2r,toy_story,view> 0.002833333333333334

