<0,plan2,proj21task2propa,setSchedule> null
<1,ldr11,proj12sched,read> null
<2,code21,proj21task2propa,request> null
<3,plan1,proj11sched,read> null
<4,acc1,proj12sched,read> null
<5,aud2,proj22budget,read> null
<6,aud1,proj11budget,read> null
<7,plan2,proj22task1propa,setSchedule> null
<8,plan2,proj22task2a,setSchedule> null
<9,plan2,proj21task2a,setSchedule> null
<10,code12,proj12task2propa,setStatus> null
<11,acc2,proj22task1,setCost> null
<12,acc2,proj21budget,write> null
<13,des12,proj12sched,read> null
<14,plan2,proj22task1,setSchedule> null
<15,plan1,proj12sched,write> null
<16,des11,proj11task1a,read> null
<17,des21,proj21task1a,setStatus> null
<18,des21,proj21task1prop,read> null
<19,plan1,proj11task1a,setSchedule> null
<20,des11,proj11task1propa,setStatus> null
<21,acc2,proj21budget,read> null
<22,code22,proj22task2a,request> null
<23,ldr12,proj12budget,read> null
<24,acc1,proj12budget,write> null
<25,code12,proj12task2a,setStatus> null
<26,ldr2,proj21budget,read> null
<27,code12,proj12task2a,read> null
<28,acc2,proj22task2a,setCost> null
<29,acc2,proj21task2propa,setCost> null
<30,code21,proj21task2propa,read> null
<31,des12,proj12task1,read> null
<32,ldr11,proj11sched,read> null
<33,mgr2,proj22budget,read> null
<34,aud1,proj12budget,read> null
<35,plan2,proj21task1a,setSchedule> null
<36,aud2,proj21budget,read> null
<37,plan1,proj12task1prop,setSchedule> null
<38,plan2,proj22task2propa,setSchedule> null
<39,mgr1,proj12budget,read> null
<40,acc1,proj11budget,read> null
<41,ldr12,proj12budget,write> null
<42,plan2,proj22sched,write> null
<43,des22,proj22task1,read> null
<44,plan1,proj11sched,write> null
<45,acc1,proj11task1propa,setCost> null
<46,acc1,proj11task2,setCost> null
<47,code22,proj22task2,request> null
<48,plan1,proj12task1propa,setSchedule> null
<49,mgr2,proj21budget,approve> null
<50,code12,proj12sched,read> null
<51,acc1,proj11task1,setCost> null
<52,acc2,proj22task1a,setCost> null
<53,acc1,proj12task1a,setCost> null
<54,acc1,proj11sched,read> null
<55,des11,proj11task1,read> null
<56,acc2,proj21task2prop,setCost> null
<57,des12,proj12task1propa,setStatus> null
<58,aud2,proj21sched,read> null
<59,code11,proj11task2a,read> null
<60,plan2,proj22task2,setSchedule> null
<61,ldr12,proj12sched,write> null
<62,des12,proj12task1a,setStatus> null
<63,acc2,proj22sched,read> null
<64,code21,proj21task2a,request> null
<65,des22,proj22sched,read> null
<66,plan1,proj11task1prop,setSchedule> null
<67,code21,proj21task2,request> null
<68,des11,proj11task1a,request> null
<69,code11,proj11task2,read> null
<70,plan1,proj11task1propa,setSchedule> null
<71,des22,proj22task1a,read> null
<72,code12,proj12task2,request> null
<73,plan2,proj21sched,write> null
<74,plan1,proj11task2prop,setSchedule> null
<75,ldr2,proj22budget,read> null
<76,des21,proj21task1a,read> null
<77,des11,proj11task1a,setStatus> null
<78,code11,proj11task2,request> null
<79,code21,proj21task2prop,request> null
<80,aud2,proj22sched,read> null
<81,aud1,proj11sched,read> null
<82,acc1,proj12task2propa,setCost> null
<83,des22,proj22task1a,setStatus> null
<84,plan2,proj21task1prop,setSchedule> null
<85,ldr12,proj12sched,read> null
<86,acc2,proj21task1a,setCost> null
<87,acc1,proj12task2a,setCost> null
<88,des21,proj21task1prop,request> null
<89,plan1,proj11task2a,setSchedule> null
<90,des21,proj21sched,read> null
<91,acc2,proj22budget,read> null
<92,mgr2,proj21budget,read> null
<93,acc2,proj22task1prop,setCost> null
<94,des11,proj11sched,read> null
<95,acc2,proj22task2propa,setCost> null
<96,acc1,proj11task2propa,setCost> null
<97,acc1,proj11task1prop,setCost> null
<98,code21,proj21task2prop,read> null
<99,ldr11,proj11sched,write> null
<100,aud1,proj12sched,read> null
<101,acc1,proj12task1,setCost> null
<102,des11,proj11task1,request> null
<103,acc2,proj22task2,setCost> null
<104,plan2,proj22task1prop,setSchedule> null
<105,acc1,proj12task1prop,setCost> null
<106,mgr1,proj11budget,read> null
<107,acc1,proj12task2prop,setCost> null
<108,acc1,proj11task2a,setCost> null
<109,code22,proj22task2propa,setStatus> null
<110,code11,proj11task2a,setStatus> null
<111,plan1,proj11task1,setSchedule> null
<112,plan1,proj11task2,setSchedule> null
<113,des21,proj21task1propa,read> null
<0,code11,proj11sched,read> null
<1,acc2,proj21task1prop,setCost> null
<2,code21,proj21task2propa,setStatus> null
<3,acc2,proj22task1propa,setCost> null
<4,des21,proj21task1propa,setStatus> null
<5,code12,proj12task2a,request> null
<6,acc1,proj12task1propa,setCost> null
<7,acc2,proj21task2a,setCost> null
<8,plan1,proj12task2propa,setSchedule> null
<9,plan2,proj21sched,read> null
<10,acc2,proj22budget,write> null
<11,plan1,proj11task2propa,setSchedule> null
<12,acc1,proj11task1a,setCost> null
<13,plan2,proj21task1propa,setSchedule> null
<14,code11,proj11task2a,request> null
<15,acc1,proj11task2prop,setCost> null
<16,ldr2,proj22budget,write> null
<17,plan2,proj22task2prop,setSchedule> null
<18,des21,proj21task1a,request> null
<0,acc1,proj12task2,setCost> null
<1,code11,proj11task2propa,request> null
<2,code22,proj22task2,read> null
<3,ldr2,proj21budget,write> null
<4,code21,proj21task2,read> null
<5,plan1,proj12task1a,setSchedule> null
<6,code22,proj22task2a,read> null
<7,mgr1,proj12budget,approve> null
<8,des21,proj21task1propa,request> null
<9,plan1,proj12task2,setSchedule> null
<10,code11,proj11task2propa,setStatus> null
<11,des22,proj22task1,request> null
<12,ldr11,proj11budget,write> null
<13,des11,proj11task1propa,read> null
<14,acc1,proj12budget,read> null
<15,des21,proj21task1,read> null
<16,plan2,proj22sched,read> null
<17,plan1,proj12task2a,setSchedule> null
<18,code12,proj12task2,read> null
<0,ldr2,proj22sched,write> null
<1,code21,proj21task2a,read> null
<2,code21,proj21sched,read> null
<3,code22,proj22task2a,setStatus> null
<4,code11,proj11task2prop,read> null
<5,mgr2,proj22budget,approve> null
<6,plan1,proj12sched,read> null
<7,code11,proj11task2propa,read> null
<8,acc2,proj21task1,setCost> null
<9,mgr1,proj11budget,approve> null
<10,des12,proj12task1,request> null
<11,ldr2,proj22sched,read> null
<12,plan1,proj12task1,setSchedule> null
<13,plan1,proj12task2prop,setSchedule> null
<14,des11,proj11task1propa,request> null
<15,plan2,proj21task2prop,setSchedule> null
<16,acc1,proj11budget,write> null
<17,des12,proj12task1a,read> null
<18,plan2,proj21task2,setSchedule> null
<0,des22,proj22task1a,request> 0.0017499999999999998
<1,ldr2,proj21sched,read> 0.007232142857142859
<2,acc2,proj21task2,setCost> 0.004374999999999999
<3,plan2,proj21task1,setSchedule> 0.004374999999999999
<4,des22,proj22task1propa,setStatus> 0.004374999999999999
<5,acc2,proj22task2prop,setCost> 0.004374999999999999
<6,des11,proj11task1prop,read> 0.003499999999999999
<7,acc2,proj21task1propa,setCost> 0.004374999999999999
<8,plan2,proj22task1a,setSchedule> 0.004374999999999999
<9,ldr11,proj11budget,read> 0.005000000000000002
<10,acc2,proj21sched,read> 0.0022321428571428575
<11,code22,proj22sched,read> 0.0014423076923076924
<12,ldr2,proj21sched,write> 0.0012500000000000005
<13,code21,proj21task2a,setStatus> 0.004374999999999999
<14,code11,proj11task2prop,request> 8.749999999999998E-4
<15,des21,proj21task1,request> 0.0026249999999999997
<16,des12,proj12task1a,request> 0.0017499999999999998
<17,des11,proj11task1prop,request> 8.749999999999998E-4

