<0,code21,proj21task2,read> 0.010499999999999999
<1,acc1,proj12sched,read> 0.001785714285714286
<2,acc2,proj22task2propa,setCost> 0.004374999999999999
<3,code21,proj21task2propa,setStatus> 0.004374999999999999
<4,acc2,proj21task1a,setCost> 0.004374999999999999
<5,code21,proj21task2a,setStatus> 0.004374999999999999
<6,code21,proj21task2propa,request> 8.749999999999998E-4
<7,acc1,proj12task1propa,setCost> 0.004374999999999999
<8,plan2,proj21sched,read> 0.0022321428571428575
<9,acc1,proj11task2prop,setCost> 0.004374999999999999
<10,plan1,proj11task2prop,setSchedule> 0.004374999999999999
<11,code12,proj12task2propa,setStatus> 0.004374999999999999
<12,code11,proj11task2propa,read> 0.003499999999999999
<13,plan2,proj22sched,write> 0.0125
<14,ldr12,proj12sched,read> 0.006785714285714288
<15,aud1,proj11budget,read> 0.0125
<16,code12,proj12task2,read> 0.006999999999999999
<17,code11,proj11task2a,read> 0.010499999999999999
<18,des12,proj12sched,read> 0.001785714285714286
<19,code22,proj22task2,read> 0.006999999999999999
<20,plan2,proj21task2,setSchedule> 0.004374999999999999
<21,aud2,proj22budget,read> 0.0125
<22,acc1,proj11budget,write> 0.0025000000000000005
<23,ldr12,proj12budget,read> 0.005000000000000002
<24,acc1,proj12budget,write> 0.0025000000000000005
<25,ldr2,proj21budget,read> 0.005000000000000002
<26,plan1,proj12task1prop,setSchedule> 0.004374999999999999
<27,acc1,proj11budget,read> 0.010000000000000002
<28,plan2,proj22task2propa,setSchedule> 0.004374999999999999
<29,acc2,proj22budget,write> 0.0025000000000000005
<30,acc2,proj22task1propa,setCost> 0.004374999999999999
<31,ldr12,proj12budget,write> 0.0012500000000000005
<32,acc1,proj11task2,setCost> 0.004374999999999999
<33,acc1,proj12budget,read> 0.010000000000000002
<34,acc2,proj21task2,setCost> 0.004374999999999999
<35,plan2,proj22task1prop,setSchedule> 0.004374999999999999
<36,code22,proj22task2,request> 0.0017499999999999998
<37,acc2,proj22budget,read> 0.010000000000000002
<38,mgr2,proj21budget,approve> 0.0025000000000000005
<39,plan1,proj12sched,write> 0.0125
<40,acc1,proj11task1,setCost> 0.004374999999999999
<41,aud2,proj21budget,read> 0.0125
<42,des12,proj12task1a,read> 0.006999999999999999
<43,plan2,proj22task2,setSchedule> 0.004374999999999999
<44,plan2,proj21task1propa,setSchedule> 0.004374999999999999
<45,acc2,proj22task1a,setCost> 0.004374999999999999
<46,code22,proj22task2propa,setStatus> 0.004374999999999999
<47,plan2,proj21task1prop,setSchedule> 0.004374999999999999
<48,acc1,proj12task1a,setCost> 0.004374999999999999
<49,des21,proj21task1a,setStatus> 0.004374999999999999
<50,ldr11,proj12sched,read> 0.001785714285714286
<51,acc1,proj11sched,read> 0.0017361111111111112
<52,aud1,proj11sched,read> 0.0017361111111111112
<53,plan1,proj12task1a,setSchedule> 0.004374999999999999
<54,ldr12,proj12sched,write> 0.0012500000000000005
<55,code11,proj11task2,read> 0.010499999999999999
<56,plan2,proj21task1a,setSchedule> 0.004374999999999999
<57,plan2,proj22task2a,setSchedule> 0.004374999999999999
<58,acc2,proj21task1prop,setCost> 0.004374999999999999
<59,mgr2,proj22budget,read> 0.010000000000000002
<60,des12,proj12task1a,setStatus> 0.004374999999999999
<61,code21,proj21task2prop,read> 0.003499999999999999
<62,code21,proj21task2a,request> 0.0026249999999999997
<63,aud1,proj12budget,read> 0.0125
<64,acc2,proj22task2a,setCost> 0.004374999999999999
<65,plan1,proj11task1a,setSchedule> 0.004374999999999999
<66,plan1,proj11task1prop,setSchedule> 0.004374999999999999
<67,code21,proj21task2a,read> 0.010499999999999999
<68,des11,proj11task1,read> 0.010499999999999999
<69,des22,proj22task1a,read> 0.006999999999999999
<70,plan2,proj22task1propa,setSchedule> 0.004374999999999999
<71,acc2,proj22task1,setCost> 0.004374999999999999
<72,des11,proj11task1a,request> 0.0026249999999999997
<73,code12,proj12task2,request> 0.0017499999999999998
<74,code11,proj11task2prop,read> 0.003499999999999999
<75,plan2,proj21sched,write> 0.0125
<76,des12,proj12task1,read> 0.006999999999999999
<77,plan1,proj12task2,setSchedule> 0.004374999999999999
<78,code21,proj21task2,request> 0.0026249999999999997
<79,des11,proj11task1a,setStatus> 0.004374999999999999
<80,des21,proj21task1a,read> 0.010499999999999999
<81,des12,proj12task1a,request> 0.0017499999999999998
<82,plan2,proj21task1,setSchedule> 0.004374999999999999
<83,code21,proj21task2prop,request> 8.749999999999998E-4
<84,aud2,proj22sched,read> 0.002403846153846154
<85,acc1,proj12task2propa,setCost> 0.004374999999999999
<86,acc2,proj21budget,read> 0.010000000000000002
<87,plan1,proj11task1propa,setSchedule> 0.004374999999999999
<88,des22,proj22task1a,setStatus> 0.004374999999999999
<89,acc1,proj12task2a,setCost> 0.004374999999999999
<90,des11,proj11task1a,read> 0.010499999999999999
<91,des21,proj21task1prop,request> 8.749999999999998E-4
<92,plan1,proj11task2a,setSchedule> 0.004374999999999999
<93,des21,proj21sched,read> 0.001785714285714286
<94,acc2,proj22task2prop,setCost> 0.004374999999999999
<95,ldr11,proj11sched,write> 0.0012500000000000005
<96,aud1,proj12sched,read> 0.001785714285714286
<97,des11,proj11task1,request> 0.0026249999999999997
<98,acc1,proj12task1prop,setCost> 0.004374999999999999
<99,mgr1,proj11budget,read> 0.010000000000000002
<100,acc1,proj12task2prop,setCost> 0.004374999999999999
<101,des11,proj11task1propa,read> 0.003499999999999999
<102,acc1,proj11task2a,setCost> 0.004374999999999999
<103,code11,proj11task2a,setStatus> 0.004374999999999999
<104,code11,proj11sched,read> 0.0027777777777777783
<105,mgr1,proj12budget,approve> 0.0025000000000000005
<106,code11,proj11task2prop,request> 8.749999999999998E-4
<107,plan1,proj11task1,setSchedule> 0.004374999999999999
<108,plan1,proj11task2,setSchedule> 0.004374999999999999
<109,acc1,proj11task1propa,setCost> 0.004374999999999999
<110,acc2,proj21sched,read> 0.0022321428571428575
<111,des21,proj21task1propa,read> 0.003499999999999999
<112,plan1,proj11sched,read> 0.0017361111111111112
<113,plan1,proj12task1propa,setSchedule> 0.004374999999999999

