<0,plan2,proj22task1prop,setSchedule> 0.004374999999999999
<1,acc2,proj22task1prop,setCost> 0.004374999999999999
<2,code11,proj11task2prop,read> 0.003499999999999999
<3,acc2,proj21task2prop,setCost> 0.004374999999999999
<4,code21,proj21task2propa,request> 8.749999999999998E-4
<5,plan2,proj21task2prop,setSchedule> 0.004374999999999999
<6,des22,proj22task1propa,setStatus> 0.004374999999999999
<7,code12,proj12task2propa,setStatus> 0.004374999999999999
<8,plan2,proj21sched,write> 0.0125
<9,code21,proj21task2,read> 0.010499999999999999
<10,des12,proj12task1,request> 0.0017499999999999998
<11,des21,proj21task1a,request> 0.0026249999999999997
<12,aud2,proj22budget,read> 0.0125
<13,code22,proj22sched,read> 0.0014423076923076924
<14,des12,proj12sched,read> 0.001785714285714286
<15,acc2,proj21task1propa,setCost> 0.004374999999999999
<16,ldr12,proj12budget,read> 0.005000000000000002
<17,acc1,proj12budget,write> 0.0025000000000000005
<18,des11,proj11task1propa,read> 0.003499999999999999
<19,acc1,proj11task2propa,setCost> 0.004374999999999999
<20,plan1,proj11sched,write> 0.0125
<21,ldr2,proj22sched,read> 0.007403846153846156
<22,aud2,proj21budget,read> 0.0125
<23,ldr2,proj21budget,read> 0.005000000000000002
<24,plan2,proj22task2,setSchedule> 0.004374999999999999
<25,acc1,proj12task2propa,setCost> 0.004374999999999999
<26,des22,proj22task1,request> 0.0017499999999999998
<27,plan1,proj12task1prop,setSchedule> 0.004374999999999999
<28,des12,proj12task1a,request> 0.0017499999999999998
<29,acc1,proj12task2prop,setCost> 0.004374999999999999
<30,code12,proj12task2a,setStatus> 0.004374999999999999
<31,plan2,proj22task2propa,setSchedule> 0.004374999999999999
<32,aud1,proj11budget,read> 0.0125
<33,ldr12,proj12budget,write> 0.0012500000000000005
<34,acc1,proj11task2,setCost> 0.004374999999999999
<35,plan1,proj12task1propa,setSchedule> 0.004374999999999999
<36,acc2,proj21task2a,setCost> 0.004374999999999999
<37,code22,proj22task2,request> 0.0017499999999999998
<38,mgr2,proj21budget,approve> 0.0025000000000000005
<39,acc2,proj21task1,setCost> 0.004374999999999999
<40,code22,proj22task2a,read> 0.006999999999999999
<41,code22,proj22task2propa,setStatus> 0.004374999999999999
<42,acc1,proj11task1,setCost> 0.004374999999999999
<43,ldr2,proj22budget,read> 0.005000000000000002
<44,acc2,proj22task1a,setCost> 0.004374999999999999
<45,plan1,proj11task1propa,setSchedule> 0.004374999999999999
<46,ldr11,proj11budget,write> 0.0012500000000000005
<47,acc1,proj12task1a,setCost> 0.004374999999999999
<48,code21,proj21task2a,setStatus> 0.004374999999999999
<49,plan1,proj12sched,write> 0.0125
<50,des11,proj11task1propa,setStatus> 0.004374999999999999
<51,ldr11,proj12sched,read> 0.001785714285714286
<52,code12,proj12task2a,read> 0.006999999999999999
<53,acc2,proj22task1,setCost> 0.004374999999999999
<54,plan1,proj11task2prop,setSchedule> 0.004374999999999999
<55,code22,proj22task2a,setStatus> 0.004374999999999999
<56,plan1,proj11task1prop,setSchedule> 0.004374999999999999
<57,acc1,proj11sched,read> 0.0017361111111111112
<58,ldr12,proj12sched,write> 0.0012500000000000005
<59,code11,proj11task2,read> 0.010499999999999999
<60,ldr2,proj22sched,write> 0.0012500000000000005
<61,des12,proj12task1a,setStatus> 0.004374999999999999
<62,code21,proj21task2a,request> 0.0026249999999999997
<63,aud1,proj12budget,read> 0.0125
<64,des11,proj11sched,read> 0.0027777777777777783
<65,mgr1,proj12budget,read> 0.010000000000000002
<66,acc2,proj22task2a,setCost> 0.004374999999999999
<67,plan1,proj11task1a,setSchedule> 0.004374999999999999
<68,plan2,proj22task1,setSchedule> 0.004374999999999999
<69,des11,proj11task1a,request> 0.0026249999999999997
<70,acc1,proj12sched,read> 0.001785714285714286
<71,des22,proj22task1a,read> 0.006999999999999999
<72,acc1,proj12task2a,setCost> 0.004374999999999999
<73,plan2,proj22task1propa,setSchedule> 0.004374999999999999
<74,des21,proj21task1,request> 0.0026249999999999997
<75,code12,proj12task2,request> 0.0017499999999999998
<76,des12,proj12task1,read> 0.006999999999999999
<77,plan2,proj22sched,write> 0.0125
<78,plan2,proj21task2propa,setSchedule> 0.004374999999999999
<79,code21,proj21task2prop,read> 0.003499999999999999
<80,acc2,proj22budget,write> 0.0025000000000000005
<81,acc2,proj22budget,read> 0.010000000000000002
<82,plan1,proj11task2propa,setSchedule> 0.004374999999999999
<83,acc2,proj22task2prop,setCost> 0.004374999999999999
<84,ldr2,proj21sched,write> 0.0012500000000000005
<85,code21,proj21task2,request> 0.0026249999999999997
<86,des11,proj11task1a,setStatus> 0.004374999999999999
<87,plan2,proj21task2a,setSchedule> 0.004374999999999999
<88,code21,proj21task2prop,request> 8.749999999999998E-4
<89,acc1,proj12task1propa,setCost> 0.004374999999999999
<90,mgr1,proj11budget,read> 0.010000000000000002
<91,aud2,proj22sched,read> 0.002403846153846154
<92,des21,proj21task1a,setStatus> 0.004374999999999999
<93,mgr2,proj21budget,read> 0.010000000000000002
<94,aud1,proj11sched,read> 0.0017361111111111112
<95,des22,proj22task1a,setStatus> 0.004374999999999999
<96,ldr12,proj12sched,read> 0.006785714285714288
<97,des21,proj21task1propa,setStatus> 0.004374999999999999
<98,des11,proj11task1a,read> 0.010499999999999999
<99,code11,proj11task2a,read> 0.010499999999999999
<100,acc1,proj11budget,read> 0.010000000000000002
<101,code11,proj11task2a,request> 0.0026249999999999997
<102,acc1,proj11task2a,setCost> 0.004374999999999999
<103,des21,proj21task1prop,request> 8.749999999999998E-4
<104,plan1,proj11task2a,setSchedule> 0.004374999999999999
<105,des21,proj21sched,read> 0.001785714285714286
<106,acc2,proj22task2propa,setCost> 0.004374999999999999
<107,ldr11,proj11sched,write> 0.0012500000000000005
<108,aud1,proj12sched,read> 0.001785714285714286
<109,des11,proj11task1,request> 0.0026249999999999997
<110,acc2,proj22task2,setCost> 0.004374999999999999
<111,acc2,proj21task1a,setCost> 0.004374999999999999
<112,acc2,proj21budget,read> 0.010000000000000002
<113,acc1,proj12task1prop,setCost> 0.004374999999999999

