<0,mgr2,proj21budget,read> 0.010000000000000002
<1,plan2,proj22task1a,setSchedule> 0.004374999999999999
<2,des11,proj11task1,read> 0.010499999999999999
<3,mgr2,proj22budget,read> 0.010000000000000002
<4,acc2,proj21budget,read> 0.010000000000000002
<5,acc2,proj21task1prop,setCost> 0.004374999999999999
<6,aud2,proj21budget,read> 0.0125
<7,acc2,proj21task1a,setCost> 0.004374999999999999
<8,plan1,proj11task1propa,setSchedule> 0.004374999999999999
<9,code21,proj21task2propa,request> 8.749999999999998E-4
<10,code12,proj12task2propa,setStatus> 0.004374999999999999
<11,des12,proj12sched,read> 0.001785714285714286
<12,plan1,proj11task2prop,setSchedule> 0.004374999999999999
<13,acc2,proj22task2,setCost> 0.004374999999999999
<14,acc2,proj21task2prop,setCost> 0.004374999999999999
<15,mgr1,proj12budget,read> 0.010000000000000002
<16,des11,proj11task1propa,setStatus> 0.004374999999999999
<17,acc1,proj12task2,setCost> 0.004374999999999999
<18,plan2,proj22task2a,setSchedule> 0.004374999999999999
<19,code12,proj12task2a,read> 0.006999999999999999
<20,ldr2,proj21sched,read> 0.007232142857142859
<21,ldr2,proj21budget,read> 0.005000000000000002
<22,acc2,proj22task1propa,setCost> 0.004374999999999999
<23,ldr2,proj22budget,read> 0.005000000000000002
<24,plan1,proj11task1a,setSchedule> 0.004374999999999999
<25,mgr1,proj11budget,approve> 0.0025000000000000005
<26,mgr1,proj11budget,read> 0.010000000000000002
<27,acc2,proj22task2propa,setCost> 0.004374999999999999
<28,aud1,proj12budget,read> 0.0125
<29,acc2,proj22budget,read> 0.010000000000000002
<30,ldr12,proj12budget,read> 0.005000000000000002
<31,acc1,proj12budget,write> 0.0025000000000000005
<32,plan1,proj12task1prop,setSchedule> 0.004374999999999999
<33,code22,proj22task2,read> 0.006999999999999999
<34,acc1,proj11task1propa,setCost> 0.004374999999999999
<35,code11,proj11task2propa,read> 0.003499999999999999
<36,plan2,proj22task2propa,setSchedule> 0.004374999999999999
<37,des11,proj11task1prop,read> 0.003499999999999999
<38,ldr12,proj12budget,write> 0.0012500000000000005
<39,code21,proj21task2,read> 0.010499999999999999
<40,acc1,proj11task2,setCost> 0.004374999999999999
<41,acc1,proj12task1prop,setCost> 0.004374999999999999
<42,des22,proj22task1a,setStatus> 0.004374999999999999
<43,des11,proj11task1a,read> 0.010499999999999999
<44,plan1,proj11task2a,setSchedule> 0.004374999999999999
<45,des21,proj21task1a,read> 0.010499999999999999
<46,code22,proj22task2,request> 0.0017499999999999998
<47,mgr2,proj21budget,approve> 0.0025000000000000005
<48,acc1,proj11task1,setCost> 0.004374999999999999
<49,des11,proj11sched,read> 0.0027777777777777783
<50,acc2,proj22task1a,setCost> 0.004374999999999999
<51,plan1,proj11sched,read> 0.0017361111111111112
<52,acc1,proj11budget,read> 0.010000000000000002
<53,des12,proj12task1a,read> 0.006999999999999999
<54,acc1,proj12task1a,setCost> 0.004374999999999999
<55,ldr11,proj12sched,read> 0.001785714285714286
<56,acc1,proj11sched,read> 0.0017361111111111112
<57,ldr12,proj12sched,write> 0.0012500000000000005
<58,des12,proj12task1a,setStatus> 0.004374999999999999
<59,code21,proj21task2a,request> 0.0026249999999999997
<60,acc1,proj12task2prop,setCost> 0.004374999999999999
<61,acc2,proj22task2a,setCost> 0.004374999999999999
<62,plan2,proj22task2prop,setSchedule> 0.004374999999999999
<63,des21,proj21task1a,request> 0.0026249999999999997
<64,plan1,proj11task1prop,setSchedule> 0.004374999999999999
<65,acc1,proj12task2propa,setCost> 0.004374999999999999
<66,plan1,proj12task1,setSchedule> 0.004374999999999999
<67,des11,proj11task1a,request> 0.0026249999999999997
<68,acc1,proj12task1propa,setCost> 0.004374999999999999
<69,des22,proj22task1propa,setStatus> 0.004374999999999999
<70,aud1,proj11budget,read> 0.0125
<71,acc2,proj22task2prop,setCost> 0.004374999999999999
<72,des22,proj22task1a,read> 0.006999999999999999
<73,plan2,proj22task1propa,setSchedule> 0.004374999999999999
<74,code12,proj12task2,request> 0.0017499999999999998
<75,code12,proj12task2,read> 0.006999999999999999
<76,plan2,proj21sched,write> 0.0125
<77,des12,proj12task1,read> 0.006999999999999999
<78,code21,proj21task2,request> 0.0026249999999999997
<79,des11,proj11task1a,setStatus> 0.004374999999999999
<80,code11,proj11task2prop,read> 0.003499999999999999
<81,code21,proj21task2prop,request> 8.749999999999998E-4
<82,code11,proj11task2a,setStatus> 0.004374999999999999
<83,aud2,proj22sched,read> 0.002403846153846154
<84,plan1,proj11task1,setSchedule> 0.004374999999999999
<85,plan2,proj21task1,setSchedule> 0.004374999999999999
<86,acc2,proj22sched,read> 0.002403846153846154
<87,aud1,proj11sched,read> 0.0017361111111111112
<88,plan1,proj12sched,write> 0.0125
<89,ldr12,proj12sched,read> 0.006785714285714288
<90,acc1,proj12task2a,setCost> 0.004374999999999999
<91,des21,proj21task1prop,request> 8.749999999999998E-4
<92,des21,proj21sched,read> 0.001785714285714286
<93,code21,proj21task2prop,read> 0.003499999999999999
<94,ldr11,proj11sched,write> 0.0012500000000000005
<95,acc1,proj11task2propa,setCost> 0.004374999999999999
<96,des21,proj21task1,read> 0.010499999999999999
<97,plan2,proj21task1prop,setSchedule> 0.004374999999999999
<98,aud1,proj12sched,read> 0.001785714285714286
<99,des11,proj11task1,request> 0.0026249999999999997
<100,plan2,proj22task1prop,setSchedule> 0.004374999999999999
<101,code12,proj12task2a,setStatus> 0.004374999999999999
<102,acc1,proj11task2a,setCost> 0.004374999999999999
<103,code22,proj22task2propa,setStatus> 0.004374999999999999
<104,plan1,proj12sched,read> 0.001785714285714286
<105,plan2,proj22task2,setSchedule> 0.004374999999999999
<106,ldr11,proj11budget,read> 0.005000000000000002
<107,plan1,proj12task2a,setSchedule> 0.004374999999999999
<108,plan1,proj11task2,setSchedule> 0.004374999999999999
<109,plan2,proj22sched,write> 0.0125
<110,des21,proj21task1propa,read> 0.003499999999999999
<111,code11,proj11sched,read> 0.0027777777777777783
<112,plan1,proj12task1propa,setSchedule> 0.004374999999999999
<113,des12,proj12task1propa,setStatus> 0.004374999999999999

