<0,code21,proj21task2,request> null
<1,ldr2,proj22sched,read> null
<2,plan2,proj22task1prop,setSchedule> null
<3,acc2,proj22task2a,setCost> null
<4,acc2,proj22budget,write> null
<5,ldr11,proj11sched,read> null
<6,plan2,proj22task1propa,setSchedule> null
<7,des21,proj21task1prop,read> null
<8,plan1,proj11sched,write> null
<9,code21,proj21task2propa,request> null
<10,code11,proj11task2a,read> null
<11,code21,proj21task2propa,read> null
<12,ldr2,proj22budget,read> null
<13,code12,proj12task2,read> null
<14,code12,proj12task2propa,setStatus> null
<15,mgr2,proj21budget,read> null
<16,code11,proj11task2,request> null
<17,des12,proj12sched,read> null
<18,plan1,proj12task2prop,setSchedule> null
<19,ldr12,proj12budget,read> null
<20,mgr2,proj21budget,approve> null
<21,code22,proj22task2,read> null
<22,acc1,proj12task2propa,setCost> null
<23,acc1,proj12budget,write> null
<24,code21,proj21task2prop,read> null
<25,plan2,proj21task1,setSchedule> null
<26,code21,proj21task2,read> null
<27,ldr2,proj21budget,read> null
<28,des11,proj11task1a,request> null
<29,acc2,proj22task2prop,setCost> null
<30,acc1,proj11task2,setCost> null
<31,plan1,proj12task1prop,setSchedule> null
<32,ldr11,proj11budget,read> null
<33,plan2,proj22task2propa,setSchedule> null
<34,code12,proj12task2a,request> null
<35,code22,proj22task2propa,setStatus> null
<36,ldr12,proj12budget,write> null
<37,mgr1,proj11budget,read> null
<38,acc1,proj12task1a,setCost> null
<39,des21,proj21task1,read> null
<40,code22,proj22task2,request> null
<41,des11,proj11task1,read> null
<42,plan1,proj11task2a,setSchedule> null
<43,acc1,proj11task1,setCost> null
<44,acc2,proj22task1a,setCost> null
<45,ldr11,proj12sched,read> null
<46,acc1,proj11sched,read> null
<47,acc1,proj11task1propa,setCost> null
<48,code11,proj11task2,read> null
<49,des12,proj12task1a,read> null
<50,aud1,proj12budget,read> null
<51,des21,proj21task1prop,request> null
<52,acc2,proj21task1propa,setCost> null
<53,acc1,proj12task1prop,setCost> null
<54,plan2,proj21sched,write> null
<55,plan2,proj22sched,write> null
<56,acc1,proj12task2a,setCost> null
<57,acc1,proj12budget,read> null
<58,ldr12,proj12sched,write> null
<59,aud2,proj21budget,read> null
<60,des22,proj22task1propa,setStatus> null
<61,des12,proj12task1a,setStatus> null
<62,code21,proj21task2a,request> null
<63,des21,proj21task1a,read> null
<64,plan1,proj11task1a,setSchedule> null
<65,plan1,proj11task1prop,setSchedule> null
<66,des22,proj22task1a,read> null
<67,aud2,proj22budget,read> null
<68,code12,proj12task2,request> null
<69,code11,proj11sched,read> null
<70,acc2,proj22budget,read> null
<71,des12,proj12task1propa,setStatus> null
<72,plan1,proj11task2prop,setSchedule> null
<73,des12,proj12task1,read> null
<74,des11,proj11task1a,setStatus> null
<75,code21,proj21task2prop,request> null
<76,aud2,proj22sched,read> null
<77,aud1,proj11sched,read> null
<78,mgr1,proj12budget,read> null
<79,plan1,proj12sched,write> null
<80,plan1,proj11task1propa,setSchedule> null
<81,des22,proj22task1a,setStatus> null
<82,aud1,proj11budget,read> null
<83,ldr12,proj12sched,read> null
<84,des11,proj11task1a,read> null
<85,des21,proj21sched,read> null
<86,acc2,proj22task2propa,setCost> null
<87,ldr11,proj11sched,write> null
<88,aud1,proj12sched,read> null
<89,code12,proj12task2a,setStatus> null
<90,acc2,proj21budget,read> null
<91,plan2,proj21task2prop,setSchedule> null
<92,des11,proj11task1,request> null
<93,acc2,proj21task1a,setCost> null
<94,plan1,proj11task2propa,setSchedule> null
<95,acc1,proj12task2prop,setCost> null
<96,acc1,proj11task2a,setCost> null
<97,code11,proj11task2a,setStatus> null
<98,plan1,proj11task1,setSchedule> null
<99,plan2,proj22task2,setSchedule> null
<100,code21,proj21task2a,read> null
<101,plan1,proj11task2,setSchedule> null
<102,code22,proj22task2a,read> null
<103,des21,proj21task1propa,read> null
<104,acc1,proj11task1prop,setCost> null
<105,plan1,proj12task1propa,setSchedule> null
<106,plan2,proj22task1,setSchedule> null
<107,acc1,proj12task1propa,setCost> null
<108,des21,proj21task1,request> null
<109,mgr1,proj11budget,approve> null
<110,acc2,proj21task1prop,setCost> null
<111,acc2,proj22task1propa,setCost> null
<112,des21,proj21task1propa,setStatus> null
<113,plan1,proj12task2propa,setSchedule> null
<0,acc2,proj22task1prop,setCost> null
<1,plan2,proj21sched,read> null
<2,plan2,proj21task1propa,setSchedule> null
<3,acc1,proj11task1a,setCost> null
<4,code11,proj11task2a,request> null
<5,acc1,proj11task2prop,setCost> null
<6,plan2,proj22sched,read> null
<7,ldr2,proj22budget,write> null
<8,plan2,proj22task2prop,setSchedule> null
<9,des21,proj21task1a,request> null
<10,plan2,proj21task2,setSchedule> null
<11,des11,proj11sched,read> null
<12,acc1,proj12task2,setCost> null
<13,code11,proj11task2propa,request> null
<14,ldr2,proj21budget,write> null
<15,acc1,proj12task1,setCost> null
<16,plan2,proj21task1a,setSchedule> null
<17,mgr1,proj12budget,approve> null
<18,ldr2,proj21sched,read> null
<0,des21,proj21task1propa,request> null
<1,code11,proj11task2propa,setStatus> null
<2,plan1,proj12task1a,setSchedule> null
<3,des22,proj22task1,request> null
<4,ldr11,proj11budget,write> null
<5,code12,proj12sched,read> null
<6,des11,proj11task1propa,read> null
<7,plan2,proj22task2a,setSchedule> null
<8,acc2,proj22sched,read> null
<9,des22,proj22task1,read> null
<10,plan2,proj21task2a,setSchedule> null
<11,plan1,proj12task2a,setSchedule> null
<12,mgr2,proj22budget,read> null
<13,code22,proj22task2a,request> null
<14,ldr2,proj22sched,write> null
<15,acc2,proj21task2a,setCost> null
<16,des22,proj22sched,read> null
<17,plan2,proj22task1a,setSchedule> null
<18,des21,proj21task1a,setStatus> null
<0,code21,proj21sched,read> null
<1,mgr2,proj22budget,approve> null
<2,plan1,proj12sched,read> null
<3,code22,proj22task2a,setStatus> null
<4,acc1,proj11task2propa,setCost> null
<5,code11,proj11task2propa,read> null
<6,code12,proj12task2a,read> null
<7,plan1,proj11sched,read> null
<8,plan1,proj12task1,setSchedule> null
<9,des11,proj11task1propa,request> null
<10,acc1,proj11budget,write> null
<11,acc1,proj11budget,read> null
<12,des22,proj22task1a,request> null
<13,des11,proj11task1prop,read> null
<14,plan2,proj21task1prop,setSchedule> null
<15,acc2,proj21sched,read> null
<16,acc2,proj21task2,setCost> null
<17,acc2,proj22task1,setCost> null
<18,acc2,proj21task1,setCost> null
<0,plan1,proj12task2,setSchedule> 0.004374999999999999
<1,acc2,proj21task2prop,setCost> 0.004374999999999999
<2,acc2,proj22task2,setCost> 0.004374999999999999
<3,des12,proj12task1,request> 0.0017499999999999998
<4,code22,proj22sched,read> 0.0014423076923076924
<5,ldr2,proj21sched,write> 0.0012500000000000005
<6,code21,proj21task2a,setStatus> 0.004374999999999999
<7,code11,proj11task2prop,request> 8.749999999999998E-4
<8,acc1,proj12sched,read> 0.001785714285714286
<9,acc2,proj21budget,write> 0.0025000000000000005
<10,acc2,proj21task2propa,setCost> 0.004374999999999999
<11,des11,proj11task1propa,setStatus> 0.004374999999999999
<12,code21,proj21task2propa,setStatus> 0.004374999999999999
<13,des12,proj12task1a,request> 0.0017499999999999998
<14,code11,proj11task2prop,read> 0.003499999999999999
<15,plan2,proj21task2propa,setSchedule> 0.004374999999999999
<16,des11,proj11task1prop,request> 8.749999999999998E-4
<17,aud2,proj21sched,read> 0.0022321428571428575

