<0,plan1,proj11task2,setSchedule> null
<1,acc2,proj22task1prop,setCost> null
<2,acc1,proj12budget,read> null
<3,code21,proj21task2propa,request> null
<4,plan2,proj21sched,write> null
<5,des11,proj11sched,read> null
<6,acc2,proj21task1,setCost> null
<7,code21,proj21task2,read> null
<8,plan1,proj12task1prop,setSchedule> null
<9,code12,proj12task2propa,setStatus> null
<10,aud2,proj22budget,read> null
<11,code11,proj11task2a,setStatus> null
<12,plan1,proj12task1a,setSchedule> null
<13,des12,proj12sched,read> null
<14,ldr12,proj12budget,read> null
<15,code11,proj11task2a,read> null
<16,acc1,proj12budget,write> null
<17,ldr2,proj22sched,read> null
<18,code21,proj21task2propa,read> null
<19,mgr2,proj21budget,read> null
<20,ldr2,proj21budget,read> null
<21,acc2,proj21task2prop,setCost> null
<22,des21,proj21task1,read> null
<23,code21,proj21task2a,setStatus> null
<24,aud2,proj21budget,read> null
<25,plan2,proj22task2propa,setSchedule> null
<26,plan1,proj12sched,write> null
<27,code22,proj22task2a,setStatus> null
<28,code22,proj22task2a,request> null
<29,acc2,proj22budget,read> null
<30,aud1,proj12budget,read> null
<31,ldr12,proj12budget,write> null
<32,plan1,proj12task2,setSchedule> null
<33,acc1,proj11task2prop,setCost> null
<34,acc1,proj11task2,setCost> null
<35,acc2,proj21task1propa,setCost> null
<36,mgr1,proj12budget,read> null
<37,code22,proj22task2,request> null
<38,plan1,proj11sched,write> null
<39,des12,proj12task1a,setStatus> null
<40,des11,proj11task1propa,read> null
<41,acc2,proj22sched,read> null
<42,acc1,proj12task2a,setCost> null
<43,plan1,proj11task1a,setSchedule> null
<44,acc1,proj12task1prop,setCost> null
<45,mgr2,proj21budget,approve> null
<46,acc1,proj11task1,setCost> null
<47,acc2,proj22task1a,setCost> null
<48,acc1,proj12task1a,setCost> null
<49,ldr12,proj12sched,read> null
<50,acc2,proj21task1a,setCost> null
<51,ldr11,proj12sched,read> null
<52,des21,proj21task1propa,read> null
<53,plan2,proj21task2propa,setSchedule> null
<54,acc1,proj11sched,read> null
<55,plan2,proj22task1,setSchedule> null
<56,acc2,proj22task1,setCost> null
<57,plan1,proj12task2a,setSchedule> null
<58,ldr11,proj11budget,read> null
<59,des22,proj22task1a,read> null
<60,acc1,proj11task1a,setCost> null
<61,des22,proj22task1a,setStatus> null
<62,ldr12,proj12sched,write> null
<63,code21,proj21task2a,request> null
<64,plan1,proj11task2prop,setSchedule> null
<65,acc2,proj22task2a,setCost> null
<66,plan1,proj11task1prop,setSchedule> null
<67,des11,proj11task1a,request> null
<68,plan2,proj22task1propa,setSchedule> null
<69,plan1,proj11task1,setSchedule> null
<70,code12,proj12task2,request> null
<71,des12,proj12task1,read> null
<72,ldr2,proj21sched,read> null
<73,code21,proj21task2,request> null
<74,code11,proj11task2prop,read> null
<75,plan1,proj11task2propa,setSchedule> null
<76,des11,proj11task1a,setStatus> null
<77,code21,proj21task2prop,request> null
<78,mgr2,proj22budget,read> null
<79,aud2,proj22sched,read> null
<80,plan2,proj21task1propa,setSchedule> null
<81,aud1,proj11sched,read> null
<82,plan1,proj11sched,read> null
<83,plan2,proj21task2,setSchedule> null
<84,acc1,proj12task2propa,setCost> null
<85,plan1,proj11task1propa,setSchedule> null
<86,des11,proj11task1a,read> null
<87,code21,proj21task2propa,setStatus> null
<88,ldr2,proj21budget,write> null
<89,plan1,proj12task2prop,setSchedule> null
<90,des21,proj21task1prop,request> null
<91,des21,proj21task1a,read> null
<92,plan2,proj22task2a,setSchedule> null
<93,plan1,proj11task2a,setSchedule> null
<94,des21,proj21sched,read> null
<95,acc2,proj22task2propa,setCost> null
<96,code21,proj21task2prop,read> null
<97,acc1,proj12task2,setCost> null
<98,ldr11,proj11sched,write> null
<99,aud1,proj12sched,read> null
<100,des11,proj11task1,request> null
<101,plan2,proj22task1prop,setSchedule> null
<102,aud1,proj11budget,read> null
<103,mgr1,proj11budget,read> null
<104,acc1,proj12task2prop,setCost> null
<105,code11,proj11task2,read> null
<106,acc1,proj11task2a,setCost> null
<107,code22,proj22task2propa,setStatus> null
<108,acc1,proj11task1propa,setCost> null
<109,code11,proj11sched,read> null
<110,plan1,proj12task1propa,setSchedule> null
<111,acc2,proj21task1prop,setCost> null
<112,des22,proj22task1propa,setStatus> null
<113,des12,proj12task1propa,setStatus> null
<0,acc2,proj22task1propa,setCost> 0.004374999999999999
<1,code12,proj12task2,read> 0.006999999999999999
<2,acc1,proj11task1prop,setCost> 0.004374999999999999
<3,des21,proj21task1propa,setStatus> 0.004374999999999999
<4,code12,proj12task2a,request> 0.0017499999999999998
<5,plan2,proj21task2prop,setSchedule> 0.004374999999999999
<6,acc1,proj12task1propa,setCost> 0.004374999999999999
<7,plan1,proj12task2propa,setSchedule> 0.004374999999999999
<8,plan2,proj22task2,setSchedule> 0.004374999999999999
<9,plan2,proj21sched,read> 0.0022321428571428575
<10,acc2,proj22budget,write> 0.0025000000000000005
<11,code12,proj12task2a,setStatus> 0.004374999999999999
<12,code11,proj11task2a,request> 0.0026249999999999997
<13,ldr2,proj22budget,write> 0.0012500000000000005
<14,plan2,proj22task2prop,setSchedule> 0.004374999999999999
<15,des21,proj21task1a,request> 0.0026249999999999997
<16,plan2,proj22sched,write> 0.0125
<17,code11,proj11task2propa,request> 8.749999999999998E-4
<18,acc1,proj12task1,setCost> 0.004374999999999999

