<0,acc2,proj22budget,write> null
<1,code21,proj21task2propa,request> null
<2,aud1,proj12budget,read> null
<3,plan1,proj12task1a,setSchedule> null
<4,mgr1,proj11budget,read> null
<5,ldr2,proj22budget,read> null
<6,code12,proj12task2propa,setStatus> null
<7,des12,proj12sched,read> null
<8,plan2,proj22sched,write> null
<9,plan1,proj11task2prop,setSchedule> null
<10,ldr12,proj12budget,read> null
<11,acc1,proj12budget,write> null
<12,code21,proj21task2,read> null
<13,ldr2,proj21budget,read> null
<14,ldr11,proj11sched,read> null
<15,plan1,proj12task1prop,setSchedule> null
<16,des22,proj22task1propa,setStatus> null
<17,plan2,proj22task2propa,setSchedule> null
<18,plan2,proj21sched,write> null
<19,ldr12,proj12budget,write> null
<20,acc2,proj21task2prop,setCost> null
<21,acc2,proj21task2propa,setCost> null
<22,des21,proj21task1,read> null
<23,mgr2,proj21budget,read> null
<24,code11,proj11task2,read> null
<25,acc2,proj22task1prop,setCost> null
<26,acc2,proj22budget,read> null
<27,des22,proj22task1,request> null
<28,plan2,proj21sched,read> null
<29,acc2,proj22task1a,setCost> null
<30,acc1,proj11task2,setCost> null
<31,code22,proj22task2,request> null
<32,mgr2,proj21budget,approve> null
<33,des11,proj11task1,request> null
<34,plan1,proj11task1a,setSchedule> null
<35,plan1,proj12task1,setSchedule> null
<36,des11,proj11task1prop,read> null
<37,acc1,proj11task1,setCost> null
<38,plan1,proj11sched,write> null
<39,plan1,proj12task2a,setSchedule> null
<40,des12,proj12task1a,setStatus> null
<41,acc1,proj12task1a,setCost> null
<42,ldr11,proj12sched,read> null
<43,des21,proj21task1a,request> null
<44,des11,proj11task1a,read> null
<45,code21,proj21task2propa,read> null
<46,acc1,proj11sched,read> null
<47,acc1,proj12task2,setCost> null
<48,ldr12,proj12sched,write> null
<49,plan2,proj21task1propa,setSchedule> null
<50,aud1,proj11budget,read> null
<51,plan1,proj11task2a,setSchedule> null
<52,code21,proj21task2a,request> null
<53,acc1,proj12budget,read> null
<54,plan1,proj11task1,setSchedule> null
<55,des12,proj12task1,read> null
<56,acc2,proj22task2a,setCost> null
<57,ldr2,proj22sched,read> null
<58,acc1,proj12task2a,setCost> null
<59,plan1,proj11task1prop,setSchedule> null
<60,mgr2,proj22budget,read> null
<61,des11,proj11task1a,request> null
<62,code22,proj22task2,read> null
<63,mgr1,proj12budget,read> null
<64,des22,proj22task1a,read> null
<65,plan2,proj21task1a,setSchedule> null
<66,plan2,proj22task1propa,setSchedule> null
<67,acc1,proj11budget,read> null
<68,code12,proj12task2,request> null
<69,code21,proj21task2,request> null
<70,acc2,proj22task1propa,setCost> null
<71,des11,proj11task1a,setStatus> null
<72,code21,proj21task2prop,request> null
<73,aud2,proj22sched,read> null
<74,aud1,proj11sched,read> null
<75,acc1,proj12task2propa,setCost> null
<76,plan1,proj12sched,write> null
<77,plan1,proj11task1propa,setSchedule> null
<78,code11,proj11task2a,read> null
<79,des22,proj22task1a,setStatus> null
<80,code22,proj22task2a,setStatus> null
<81,des21,proj21task1a,read> null
<82,ldr12,proj12sched,read> null
<83,acc2,proj21task1propa,setCost> null
<84,des21,proj21task1prop,request> null
<85,des21,proj21sched,read> null
<86,des11,proj11sched,read> null
<87,acc2,proj22task2propa,setCost> null
<88,code21,proj21task2prop,read> null
<89,des12,proj12task1propa,setStatus> null
<90,ldr11,proj11sched,write> null
<91,acc1,proj12task1propa,setCost> null
<92,acc1,proj11task1prop,setCost> null
<93,aud1,proj12sched,read> null
<94,acc2,proj21task1a,setCost> null
<95,plan2,proj22task1prop,setSchedule> null
<96,acc1,proj12task1prop,setCost> null
<97,plan2,proj21task2a,setSchedule> null
<98,acc1,proj12task2prop,setCost> null
<99,acc1,proj11task2a,setCost> null
<100,acc2,proj21task1prop,setCost> null
<101,code22,proj22task2propa,setStatus> null
<102,code11,proj11task2a,setStatus> null
<103,plan2,proj22task2a,setSchedule> null
<104,plan1,proj11task2,setSchedule> null
<105,acc1,proj11task1propa,setCost> null
<106,des21,proj21task1propa,read> null
<107,code11,proj11sched,read> null
<108,plan1,proj12task1propa,setSchedule> null
<109,acc1,proj11task1a,setCost> null
<110,des21,proj21task1propa,setStatus> null
<111,code12,proj12task2a,request> null
<112,aud2,proj21budget,read> null
<113,plan1,proj12task2propa,setSchedule> null
<0,plan2,proj22task2,setSchedule> null
<1,code12,proj12task2a,setStatus> null
<2,code11,proj11task2a,request> null
<3,acc1,proj11task2prop,setCost> null
<4,ldr2,proj22budget,write> null
<5,plan2,proj22task2prop,setSchedule> null
<6,des21,proj21task1a,setStatus> null
<7,des11,proj11task1propa,read> null
<8,ldr2,proj21budget,write> null
<9,plan2,proj22task1,setSchedule> null
<10,code11,proj11task2propa,request> null
<11,des21,proj21task1,request> null
<12,aud2,proj22budget,read> null
<13,acc1,proj12task1,setCost> null
<14,mgr1,proj12budget,approve> null
<15,des21,proj21task1propa,request> null
<16,code11,proj11task2propa,setStatus> null
<17,ldr11,proj11budget,write> null
<18,acc2,proj21task1,setCost> null
<0,code12,proj12sched,read> null
<1,acc2,proj22sched,read> null
<2,des22,proj22task1,read> null
<3,plan2,proj22sched,read> null
<4,code22,proj22task2a,request> null
<5,code12,proj12task2,read> null
<6,code11,proj11task2,request> null
<7,ldr2,proj22sched,write> null
<8,acc2,proj21task2a,setCost> null
<9,des11,proj11task1,read> null
<10,des22,proj22sched,read> null
<11,code21,proj21task2a,read> null
<12,code21,proj21sched,read> null
<13,mgr2,proj22budget,approve> null
<14,plan1,proj12sched,read> null
<15,acc1,proj11task2propa,setCost> null
<16,code11,proj11task2propa,read> null
<17,mgr1,proj11budget,approve> null
<18,code12,proj12task2a,read> null
<0,plan1,proj11sched,read> 0.0017361111111111112
<1,plan1,proj12task2prop,setSchedule> 0.004374999999999999
<2,des11,proj11task1propa,request> 8.749999999999998E-4
<3,plan2,proj21task2prop,setSchedule> 0.004374999999999999
<4,acc2,proj21budget,read> 0.010000000000000002
<5,acc1,proj11budget,write> 0.0025000000000000005
<6,des12,proj12task1a,read> 0.006999999999999999
<7,plan2,proj21task2,setSchedule> 0.004374999999999999
<8,des22,proj22task1a,request> 0.0017499999999999998
<9,plan2,proj21task1,setSchedule> 0.004374999999999999
<10,code22,proj22task2a,read> 0.006999999999999999
<11,acc2,proj21task2,setCost> 0.004374999999999999
<12,acc2,proj22task2prop,setCost> 0.004374999999999999
<13,plan2,proj22task1a,setSchedule> 0.004374999999999999
<14,plan2,proj21task1prop,setSchedule> 0.004374999999999999
<15,ldr11,proj11budget,read> 0.005000000000000002
<16,acc2,proj21sched,read> 0.0022321428571428575
<17,acc2,proj22task1,setCost> 0.004374999999999999
<18,plan1,proj12task2,setSchedule> 0.004374999999999999

