<0,code21,proj21task2,read> null
<1,acc1,proj12sched,read> null
<2,acc2,proj22task2propa,setCost> null
<3,code21,proj21task2propa,setStatus> null
<4,acc2,proj21task1a,setCost> null
<5,code21,proj21task2a,setStatus> null
<6,code21,proj21task2propa,request> null
<7,acc1,proj12task1propa,setCost> null
<8,plan2,proj21sched,read> null
<9,acc1,proj11task2prop,setCost> null
<10,plan1,proj11task2prop,setSchedule> null
<11,code12,proj12task2propa,setStatus> null
<12,code11,proj11task2propa,read> null
<13,plan2,proj22sched,write> null
<14,ldr12,proj12sched,read> null
<15,aud1,proj11budget,read> null
<16,code12,proj12task2,read> null
<17,code11,proj11task2a,read> null
<18,des12,proj12sched,read> null
<19,code22,proj22task2,read> null
<20,plan2,proj21task2,setSchedule> null
<21,aud2,proj22budget,read> null
<22,acc1,proj11budget,write> null
<23,ldr12,proj12budget,read> null
<24,acc1,proj12budget,write> null
<25,ldr2,proj21budget,read> null
<26,plan1,proj12task1prop,setSchedule> null
<27,acc1,proj11budget,read> null
<28,plan2,proj22task2propa,setSchedule> null
<29,acc2,proj22budget,write> null
<30,acc2,proj22task1propa,setCost> null
<31,ldr12,proj12budget,write> null
<32,acc1,proj11task2,setCost> null
<33,acc1,proj12budget,read> null
<34,acc2,proj21task2,setCost> null
<35,plan2,proj22task1prop,setSchedule> null
<36,code22,proj22task2,request> null
<37,acc2,proj22budget,read> null
<38,mgr2,proj21budget,approve> null
<39,plan1,proj12sched,write> null
<40,acc1,proj11task1,setCost> null
<41,aud2,proj21budget,read> null
<42,des12,proj12task1a,read> null
<43,plan2,proj22task2,setSchedule> null
<44,plan2,proj21task1propa,setSchedule> null
<45,acc2,proj22task1a,setCost> null
<46,code22,proj22task2propa,setStatus> null
<47,plan2,proj21task1prop,setSchedule> null
<48,acc1,proj12task1a,setCost> null
<49,des21,proj21task1a,setStatus> null
<50,ldr11,proj12sched,read> null
<51,acc1,proj11sched,read> null
<52,aud1,proj11sched,read> null
<53,plan1,proj12task1a,setSchedule> null
<54,ldr12,proj12sched,write> null
<55,code11,proj11task2,read> null
<56,plan2,proj21task1a,setSchedule> null
<57,plan2,proj22task2a,setSchedule> null
<58,acc2,proj21task1prop,setCost> null
<59,mgr2,proj22budget,read> null
<60,des12,proj12task1a,setStatus> null
<61,code21,proj21task2prop,read> null
<62,code21,proj21task2a,request> null
<63,aud1,proj12budget,read> null
<64,acc2,proj22task2a,setCost> null
<65,plan1,proj11task1a,setSchedule> null
<66,plan1,proj11task1prop,setSchedule> null
<67,code21,proj21task2a,read> null
<68,des11,proj11task1,read> null
<69,des22,proj22task1a,read> null
<70,plan2,proj22task1propa,setSchedule> null
<71,acc2,proj22task1,setCost> null
<72,des11,proj11task1a,request> null
<73,code12,proj12task2,request> null
<74,code11,proj11task2prop,read> null
<75,plan2,proj21sched,write> null
<76,des12,proj12task1,read> null
<77,plan1,proj12task2,setSchedule> null
<78,code21,proj21task2,request> null
<79,des11,proj11task1a,setStatus> null
<80,des21,proj21task1a,read> null
<81,des12,proj12task1a,request> null
<82,plan2,proj21task1,setSchedule> null
<83,code21,proj21task2prop,request> null
<84,aud2,proj22sched,read> null
<85,acc1,proj12task2propa,setCost> null
<86,acc2,proj21budget,read> null
<87,plan1,proj11task1propa,setSchedule> null
<88,des22,proj22task1a,setStatus> null
<89,acc1,proj12task2a,setCost> null
<90,des11,proj11task1a,read> null
<91,des21,proj21task1prop,request> null
<92,plan1,proj11task2a,setSchedule> null
<93,des21,proj21sched,read> null
<94,acc2,proj22task2prop,setCost> null
<95,ldr11,proj11sched,write> null
<96,aud1,proj12sched,read> null
<97,des11,proj11task1,request> null
<98,acc1,proj12task1prop,setCost> null
<99,mgr1,proj11budget,read> null
<100,acc1,proj12task2prop,setCost> null
<101,des11,proj11task1propa,read> null
<102,acc1,proj11task2a,setCost> null
<103,code11,proj11task2a,setStatus> null
<104,code11,proj11sched,read> null
<105,mgr1,proj12budget,approve> null
<106,code11,proj11task2prop,request> null
<107,plan1,proj11task1,setSchedule> null
<108,plan1,proj11task2,setSchedule> null
<109,acc1,proj11task1propa,setCost> null
<110,acc2,proj21sched,read> null
<111,des21,proj21task1propa,read> null
<112,plan1,proj11sched,read> null
<113,plan1,proj12task1propa,setSchedule> null
<0,acc2,proj21task2propa,setCost> 0.004374999999999999
<1,plan1,proj12task2prop,setSchedule> 0.004374999999999999
<2,des12,proj12task1propa,setStatus> 0.004374999999999999
<3,plan1,proj11sched,write> 0.0125
<4,des21,proj21task1,read> 0.010499999999999999
<5,acc1,proj11task1prop,setCost> 0.004374999999999999
<6,des21,proj21task1propa,setStatus> 0.004374999999999999
<7,code12,proj12task2a,request> 0.0017499999999999998
<8,acc2,proj22task1prop,setCost> 0.004374999999999999
<9,plan1,proj12task2propa,setSchedule> 0.004374999999999999
<10,code12,proj12task2a,setStatus> 0.004374999999999999
<11,acc1,proj11task1a,setCost> 0.004374999999999999
<12,code11,proj11task2a,request> 0.0026249999999999997
<13,ldr2,proj22budget,write> 0.0012500000000000005
<14,plan2,proj22task2prop,setSchedule> 0.004374999999999999
<15,code21,proj21task2propa,read> 0.003499999999999999
<16,des21,proj21task1a,request> 0.0026249999999999997
<17,plan2,proj22task1,setSchedule> 0.004374999999999999
<18,code22,proj22task2a,request> 0.0017499999999999998

