<0,plan2,proj21task2propa,setSchedule> 0.004374999999999999
<1,ldr11,proj12sched,read> 0.001785714285714286
<2,code21,proj21task2propa,request> 8.749999999999998E-4
<3,plan1,proj11sched,read> 0.0017361111111111112
<4,acc1,proj12sched,read> 0.001785714285714286
<5,aud2,proj22budget,read> 0.0125
<6,aud1,proj11budget,read> 0.0125
<7,plan2,proj22task1propa,setSchedule> 0.004374999999999999
<8,plan2,proj22task2a,setSchedule> 0.004374999999999999
<9,plan2,proj21task2a,setSchedule> 0.004374999999999999
<10,code12,proj12task2propa,setStatus> 0.004374999999999999
<11,acc2,proj22task1,setCost> 0.004374999999999999
<12,acc2,proj21budget,write> 0.0025000000000000005
<13,des12,proj12sched,read> 0.001785714285714286
<14,plan2,proj22task1,setSchedule> 0.004374999999999999
<15,plan1,proj12sched,write> 0.0125
<16,des11,proj11task1a,read> 0.010499999999999999
<17,des21,proj21task1a,setStatus> 0.004374999999999999
<18,des21,proj21task1prop,read> 0.003499999999999999
<19,plan1,proj11task1a,setSchedule> 0.004374999999999999
<20,des11,proj11task1propa,setStatus> 0.004374999999999999
<21,acc2,proj21budget,read> 0.010000000000000002
<22,code22,proj22task2a,request> 0.0017499999999999998
<23,ldr12,proj12budget,read> 0.005000000000000002
<24,acc1,proj12budget,write> 0.0025000000000000005
<25,code12,proj12task2a,setStatus> 0.004374999999999999
<26,ldr2,proj21budget,read> 0.005000000000000002
<27,code12,proj12task2a,read> 0.006999999999999999
<28,acc2,proj22task2a,setCost> 0.004374999999999999
<29,acc2,proj21task2propa,setCost> 0.004374999999999999
<30,code21,proj21task2propa,read> 0.003499999999999999
<31,des12,proj12task1,read> 0.006999999999999999
<32,ldr11,proj11sched,read> 0.006736111111111113
<33,mgr2,proj22budget,read> 0.010000000000000002
<34,aud1,proj12budget,read> 0.0125
<35,plan2,proj21task1a,setSchedule> 0.004374999999999999
<36,aud2,proj21budget,read> 0.0125
<37,plan1,proj12task1prop,setSchedule> 0.004374999999999999
<38,plan2,proj22task2propa,setSchedule> 0.004374999999999999
<39,mgr1,proj12budget,read> 0.010000000000000002
<40,acc1,proj11budget,read> 0.010000000000000002
<41,ldr12,proj12budget,write> 0.0012500000000000005
<42,plan2,proj22sched,write> 0.0125
<43,des22,proj22task1,read> 0.006999999999999999
<44,plan1,proj11sched,write> 0.0125
<45,acc1,proj11task1propa,setCost> 0.004374999999999999
<46,acc1,proj11task2,setCost> 0.004374999999999999
<47,code22,proj22task2,request> 0.0017499999999999998
<48,plan1,proj12task1propa,setSchedule> 0.004374999999999999
<49,mgr2,proj21budget,approve> 0.0025000000000000005
<50,code12,proj12sched,read> 0.001785714285714286
<51,acc1,proj11task1,setCost> 0.004374999999999999
<52,acc2,proj22task1a,setCost> 0.004374999999999999
<53,acc1,proj12task1a,setCost> 0.004374999999999999
<54,acc1,proj11sched,read> 0.0017361111111111112
<55,des11,proj11task1,read> 0.010499999999999999
<56,acc2,proj21task2prop,setCost> 0.004374999999999999
<57,des12,proj12task1propa,setStatus> 0.004374999999999999
<58,aud2,proj21sched,read> 0.0022321428571428575
<59,code11,proj11task2a,read> 0.010499999999999999
<60,plan2,proj22task2,setSchedule> 0.004374999999999999
<61,ldr12,proj12sched,write> 0.0012500000000000005
<62,des12,proj12task1a,setStatus> 0.004374999999999999
<63,acc2,proj22sched,read> 0.002403846153846154
<64,code21,proj21task2a,request> 0.0026249999999999997
<65,des22,proj22sched,read> 0.0014423076923076924
<66,plan1,proj11task1prop,setSchedule> 0.004374999999999999
<67,code21,proj21task2,request> 0.0026249999999999997
<68,des11,proj11task1a,request> 0.0026249999999999997
<69,code11,proj11task2,read> 0.010499999999999999
<70,plan1,proj11task1propa,setSchedule> 0.004374999999999999
<71,des22,proj22task1a,read> 0.006999999999999999
<72,code12,proj12task2,request> 0.0017499999999999998
<73,plan2,proj21sched,write> 0.0125
<74,plan1,proj11task2prop,setSchedule> 0.004374999999999999
<75,ldr2,proj22budget,read> 0.005000000000000002
<76,des21,proj21task1a,read> 0.010499999999999999
<77,des11,proj11task1a,setStatus> 0.004374999999999999
<78,code11,proj11task2,request> 0.0026249999999999997
<79,code21,proj21task2prop,request> 8.749999999999998E-4
<80,aud2,proj22sched,read> 0.002403846153846154
<81,aud1,proj11sched,read> 0.0017361111111111112
<82,acc1,proj12task2propa,setCost> 0.004374999999999999
<83,des22,proj22task1a,setStatus> 0.004374999999999999
<84,plan2,proj21task1prop,setSchedule> 0.004374999999999999
<85,ldr12,proj12sched,read> 0.006785714285714288
<86,acc2,proj21task1a,setCost> 0.004374999999999999
<87,acc1,proj12task2a,setCost> 0.004374999999999999
<88,des21,proj21task1prop,request> 8.749999999999998E-4
<89,plan1,proj11task2a,setSchedule> 0.004374999999999999
<90,des21,proj21sched,read> 0.001785714285714286
<91,acc2,proj22budget,read> 0.010000000000000002
<92,mgr2,proj21budget,read> 0.010000000000000002
<93,acc2,proj22task1prop,setCost> 0.004374999999999999
<94,des11,proj11sched,read> 0.0027777777777777783
<95,acc2,proj22task2propa,setCost> 0.004374999999999999
<96,acc1,proj11task2propa,setCost> 0.004374999999999999
<97,acc1,proj11task1prop,setCost> 0.004374999999999999
<98,code21,proj21task2prop,read> 0.003499999999999999
<99,ldr11,proj11sched,write> 0.0012500000000000005
<100,aud1,proj12sched,read> 0.001785714285714286
<101,acc1,proj12task1,setCost> 0.004374999999999999
<102,des11,proj11task1,request> 0.0026249999999999997
<103,acc2,proj22task2,setCost> 0.004374999999999999
<104,plan2,proj22task1prop,setSchedule> 0.004374999999999999
<105,acc1,proj12task1prop,setCost> 0.004374999999999999
<106,mgr1,proj11budget,read> 0.010000000000000002
<107,acc1,proj12task2prop,setCost> 0.004374999999999999
<108,acc1,proj11task2a,setCost> 0.004374999999999999
<109,code22,proj22task2propa,setStatus> 0.004374999999999999
<110,code11,proj11task2a,setStatus> 0.004374999999999999
<111,plan1,proj11task1,setSchedule> 0.004374999999999999
<112,plan1,proj11task2,setSchedule> 0.004374999999999999
<113,des21,proj21task1propa,read> 0.003499999999999999

