<0,acc2,proj22budget,write> 0.0025000000000000005
<1,code21,proj21task2propa,request> 8.749999999999998E-4
<2,aud1,proj12budget,read> 0.0125
<3,plan1,proj12task1a,setSchedule> 0.004374999999999999
<4,mgr1,proj11budget,read> 0.010000000000000002
<5,ldr2,proj22budget,read> 0.005000000000000002
<6,code12,proj12task2propa,setStatus> 0.004374999999999999
<7,des12,proj12sched,read> 0.001785714285714286
<8,plan2,proj22sched,write> 0.0125
<9,plan1,proj11task2prop,setSchedule> 0.004374999999999999
<10,ldr12,proj12budget,read> 0.005000000000000002
<11,acc1,proj12budget,write> 0.0025000000000000005
<12,code21,proj21task2,read> 0.010499999999999999
<13,ldr2,proj21budget,read> 0.005000000000000002
<14,ldr11,proj11sched,read> 0.006736111111111113
<15,plan1,proj12task1prop,setSchedule> 0.004374999999999999
<16,des22,proj22task1propa,setStatus> 0.004374999999999999
<17,plan2,proj22task2propa,setSchedule> 0.004374999999999999
<18,plan2,proj21sched,write> 0.0125
<19,ldr12,proj12budget,write> 0.0012500000000000005
<20,acc2,proj21task2prop,setCost> 0.004374999999999999
<21,acc2,proj21task2propa,setCost> 0.004374999999999999
<22,des21,proj21task1,read> 0.010499999999999999
<23,mgr2,proj21budget,read> 0.010000000000000002
<24,code11,proj11task2,read> 0.010499999999999999
<25,acc2,proj22task1prop,setCost> 0.004374999999999999
<26,acc2,proj22budget,read> 0.010000000000000002
<27,des22,proj22task1,request> 0.0017499999999999998
<28,plan2,proj21sched,read> 0.0022321428571428575
<29,acc2,proj22task1a,setCost> 0.004374999999999999
<30,acc1,proj11task2,setCost> 0.004374999999999999
<31,code22,proj22task2,request> 0.0017499999999999998
<32,mgr2,proj21budget,approve> 0.0025000000000000005
<33,des11,proj11task1,request> 0.0026249999999999997
<34,plan1,proj11task1a,setSchedule> 0.004374999999999999
<35,plan1,proj12task1,setSchedule> 0.004374999999999999
<36,des11,proj11task1prop,read> 0.003499999999999999
<37,acc1,proj11task1,setCost> 0.004374999999999999
<38,plan1,proj11sched,write> 0.0125
<39,plan1,proj12task2a,setSchedule> 0.004374999999999999
<40,des12,proj12task1a,setStatus> 0.004374999999999999
<41,acc1,proj12task1a,setCost> 0.004374999999999999
<42,ldr11,proj12sched,read> 0.001785714285714286
<43,des21,proj21task1a,request> 0.0026249999999999997
<44,des11,proj11task1a,read> 0.010499999999999999
<45,code21,proj21task2propa,read> 0.003499999999999999
<46,acc1,proj11sched,read> 0.0017361111111111112
<47,acc1,proj12task2,setCost> 0.004374999999999999
<48,ldr12,proj12sched,write> 0.0012500000000000005
<49,plan2,proj21task1propa,setSchedule> 0.004374999999999999
<50,aud1,proj11budget,read> 0.0125
<51,plan1,proj11task2a,setSchedule> 0.004374999999999999
<52,code21,proj21task2a,request> 0.0026249999999999997
<53,acc1,proj12budget,read> 0.010000000000000002
<54,plan1,proj11task1,setSchedule> 0.004374999999999999
<55,des12,proj12task1,read> 0.006999999999999999
<56,acc2,proj22task2a,setCost> 0.004374999999999999
<57,ldr2,proj22sched,read> 0.007403846153846156
<58,acc1,proj12task2a,setCost> 0.004374999999999999
<59,plan1,proj11task1prop,setSchedule> 0.004374999999999999
<60,mgr2,proj22budget,read> 0.010000000000000002
<61,des11,proj11task1a,request> 0.0026249999999999997
<62,code22,proj22task2,read> 0.006999999999999999
<63,mgr1,proj12budget,read> 0.010000000000000002
<64,des22,proj22task1a,read> 0.006999999999999999
<65,plan2,proj21task1a,setSchedule> 0.004374999999999999
<66,plan2,proj22task1propa,setSchedule> 0.004374999999999999
<67,acc1,proj11budget,read> 0.010000000000000002
<68,code12,proj12task2,request> 0.0017499999999999998
<69,code21,proj21task2,request> 0.0026249999999999997
<70,acc2,proj22task1propa,setCost> 0.004374999999999999
<71,des11,proj11task1a,setStatus> 0.004374999999999999
<72,code21,proj21task2prop,request> 8.749999999999998E-4
<73,aud2,proj22sched,read> 0.002403846153846154
<74,aud1,proj11sched,read> 0.0017361111111111112
<75,acc1,proj12task2propa,setCost> 0.004374999999999999
<76,plan1,proj12sched,write> 0.0125
<77,plan1,proj11task1propa,setSchedule> 0.004374999999999999
<78,code11,proj11task2a,read> 0.010499999999999999
<79,des22,proj22task1a,setStatus> 0.004374999999999999
<80,code22,proj22task2a,setStatus> 0.004374999999999999
<81,des21,proj21task1a,read> 0.010499999999999999
<82,ldr12,proj12sched,read> 0.006785714285714288
<83,acc2,proj21task1propa,setCost> 0.004374999999999999
<84,des21,proj21task1prop,request> 8.749999999999998E-4
<85,des21,proj21sched,read> 0.001785714285714286
<86,des11,proj11sched,read> 0.0027777777777777783
<87,acc2,proj22task2propa,setCost> 0.004374999999999999
<88,code21,proj21task2prop,read> 0.003499999999999999
<89,des12,proj12task1propa,setStatus> 0.004374999999999999
<90,ldr11,proj11sched,write> 0.0012500000000000005
<91,acc1,proj12task1propa,setCost> 0.004374999999999999
<92,acc1,proj11task1prop,setCost> 0.004374999999999999
<93,aud1,proj12sched,read> 0.001785714285714286
<94,acc2,proj21task1a,setCost> 0.004374999999999999
<95,plan2,proj22task1prop,setSchedule> 0.004374999999999999
<96,acc1,proj12task1prop,setCost> 0.004374999999999999
<97,plan2,proj21task2a,setSchedule> 0.004374999999999999
<98,acc1,proj12task2prop,setCost> 0.004374999999999999
<99,acc1,proj11task2a,setCost> 0.004374999999999999
<100,acc2,proj21task1prop,setCost> 0.004374999999999999
<101,code22,proj22task2propa,setStatus> 0.004374999999999999
<102,code11,proj11task2a,setStatus> 0.004374999999999999
<103,plan2,proj22task2a,setSchedule> 0.004374999999999999
<104,plan1,proj11task2,setSchedule> 0.004374999999999999
<105,acc1,proj11task1propa,setCost> 0.004374999999999999
<106,des21,proj21task1propa,read> 0.003499999999999999
<107,code11,proj11sched,read> 0.0027777777777777783
<108,plan1,proj12task1propa,setSchedule> 0.004374999999999999
<109,acc1,proj11task1a,setCost> 0.004374999999999999
<110,des21,proj21task1propa,setStatus> 0.004374999999999999
<111,code12,proj12task2a,request> 0.0017499999999999998
<112,aud2,proj21budget,read> 0.0125
<113,plan1,proj12task2propa,setSchedule> 0.004374999999999999

