<0,eeChair,eeStu3trans,read> null
<1,eeFac1,ee101gradebook,changeScore> null
<2,admissions2,eeStu4application,read> null
<3,admissions1,eeStu1application,setStatus> null
<4,eeChair,eeStu5trans,read> null
<5,csFac1,cs101roster,read> null
<6,csStu5,cs602gradebook,readMyScores> null
<7,admissions2,csStu5application,setStatus> null
<8,eeStu4,ee601gradebook,readMyScores> null
<9,csStu3,cs601gradebook,readScore> null
<10,csStu3,cs602gradebook,readMyScores> null
<11,registrar2,csStu5trans,read> null
<12,registrar2,ee101roster,read> null
<13,admissions1,eeStu1application,read> null
<14,csStu5,csStu5trans,read> null
<15,registrar1,cs101roster,write> null
<16,eeStu2,ee602gradebook,addScore> null
<17,admissions1,csStu2application,read> null
<18,registrar1,csStu3trans,read> null
<19,registrar2,eeStu3trans,read> null
<20,csStu3,cs601gradebook,addScore> null
<21,csFac2,cs601gradebook,changeScore> null
<22,registrar2,ee602roster,read> null
<23,eeFac2,ee601gradebook,assignGrade> null
<24,eeStu1,ee101gradebook,readMyScores> null
<25,eeFac2,ee601roster,read> null
<26,eeFac1,ee101gradebook,readScore> null
<27,registrar2,ee602roster,write> null
<28,admissions2,eeStu2application,read> null
<29,csFac2,cs601gradebook,assignGrade> null
<30,registrar1,csStu2trans,read> null
<31,csFac1,cs101gradebook,assignGrade> null
<32,csChair,csStu1trans,read> null
<33,csStu1,cs101gradebook,readMyScores> null
<34,eeFac2,ee601gradebook,readScore> null
<35,admissions1,csStu3application,read> null
<36,admissions2,csStu2application,read> null
<37,csChair,csStu5trans,read> null
<38,eeStu3,eeStu3trans,read> null
<39,csFac1,cs101gradebook,changeScore> null
<40,csFac2,cs601gradebook,readScore> null
<41,admissions2,csStu2application,setStatus> null
<42,admissions2,eeStu3application,read> null
<43,registrar1,cs601roster,write> null
<44,eeStu1,eeStu1application,checkStatus> null
<45,admissions1,eeStu5application,read> null
<46,registrar2,eeStu1trans,read> null
<47,admissions1,csStu1application,setStatus> null
<48,admissions1,eeStu2application,setStatus> null
<49,eeFac1,ee101gradebook,assignGrade> null
<50,csStu3,csStu3trans,read> null
<51,admissions1,application2,read> null
<52,registrar1,eeStu5trans,read> null
<53,csStu2,cs602gradebook,readScore> null
<54,admissions2,eeStu1application,setStatus> null
<55,admissions2,csStu3application,setStatus> null
<56,admissions1,eeStu3application,setStatus> null
<57,admissions1,eeStu2application,read> null
<58,eeStu2,ee101gradebook,addScore> null
<59,registrar1,csStu5trans,read> null
<60,applicant1,application1,checkStatus> null
<61,admissions1,csStu5application,setStatus> null
<62,eeStu2,ee601gradebook,readMyScores> null
<63,registrar1,ee602roster,read> null
<64,csChair,csStu2trans,read> null
<65,eeStu5,ee601gradebook,readMyScores> null
<66,admissions2,csStu1application,setStatus> null
<67,registrar1,ee602roster,write> null
<68,eeFac2,ee601gradebook,changeScore> null
<69,eeChair,eeStu1trans,read> null
<70,admissions1,csStu4application,read> null
<71,eeStu2,ee602gradebook,readScore> null
<72,registrar1,eeStu1trans,read> null
<73,eeFac1,ee101roster,read> null
<74,admissions2,eeStu4application,setStatus> null
<75,admissions1,eeStu3application,read> null
<76,csFac1,cs101gradebook,readScore> null
<77,csStu4,csStu4application,checkStatus> null
<78,admissions1,application1,setStatus> null
<79,registrar1,cs601roster,read> null
<80,eeStu5,eeStu5application,checkStatus> null
<81,registrar2,eeStu5trans,read> null
<82,admissions2,eeStu3application,setStatus> null
<83,admissions1,csStu3application,setStatus> null
<84,admissions2,eeStu5application,read> null
<85,eeStu2,eeStu2trans,read> null
<86,eeStu5,eeStu5trans,read> null
<87,admissions2,eeStu5application,setStatus> null
<88,registrar2,cs101roster,read> null
<89,registrar2,csStu1trans,read> null
<90,admissions2,csStu4application,read> null
<91,registrar2,cs601roster,read> null
<92,csStu1,csStu1application,checkStatus> null
<93,admissions1,csStu4application,setStatus> null
<94,admissions1,eeStu4application,setStatus> null
<95,admissions1,csStu5application,read> null
<96,csFac1,cs101gradebook,addScore> null
<97,csStu2,cs101gradebook,readScore> null
<98,admissions1,eeStu5application,setStatus> null
<99,registrar1,csStu1trans,read> null
<100,registrar1,cs101roster,read> null
<0,eeStu3,ee601gradebook,addScore> 0.007692307692307692
<1,registrar2,cs602roster,read> 0.002272727272727272
<2,eeStu3,eeStu3application,checkStatus> 0.004166666666666665
<3,csStu4,csStu4trans,read> 0.004838709677419356
<4,admissions1,csStu2application,setStatus> 0.0020202020202020193
<5,csStu2,cs601gradebook,readMyScores> 0.0018518518518518517
<6,registrar2,csStu3trans,read> 0.0016129032258064518
<7,csFac2,cs601gradebook,addScore> 0.00606060606060606
<8,csFac2,cs601roster,read> 0.016666666666666666
<9,applicant2,application2,checkStatus> 0.004166666666666665
<10,eeStu2,ee101gradebook,readScore> 0.008333333333333333
<11,registrar2,eeStu2trans,read> 0.0016129032258064518
<12,registrar1,cs602roster,read> 0.004545454545454544
<13,admissions1,application1,read> 0.009090909090909087
<14,registrar2,csStu4trans,read> 0.0016129032258064518
<15,admissions1,csStu1application,read> 0.009090909090909087
<16,registrar1,ee101roster,write> 0.00101010101010101

