<0,eeStu3,ee601gradebook,addScore> null
<1,admissions1,csStu1application,read> null
<2,eeChair,eeStu4trans,read> null
<3,admissions2,eeStu2application,setStatus> null
<4,csFac1,cs101roster,read> null
<5,csStu2,csStu2application,checkStatus> null
<6,eeStu5,eeStu5trans,read> null
<7,eeFac1,ee101gradebook,addScore> null
<8,admissions1,application2,read> null
<9,eeFac2,ee601roster,read> null
<10,admissions1,application1,read> null
<11,eeFac1,ee101gradebook,changeScore> null
<12,admissions2,csStu5application,setStatus> null
<13,admissions1,eeStu3application,read> null
<14,csChair,csStu3trans,read> null
<15,registrar2,ee101roster,write> null
<16,admissions1,eeStu1application,setStatus> null
<17,admissions2,csStu2application,setStatus> null
<18,csStu3,cs601gradebook,addScore> null
<19,eeFac2,ee601gradebook,changeScore> null
<20,eeFac2,ee601gradebook,assignGrade> null
<21,registrar2,ee602roster,write> null
<22,csFac2,cs601roster,read> null
<23,registrar1,csStu2trans,read> null
<24,csStu2,cs601gradebook,readMyScores> null
<25,registrar1,eeStu4trans,read> null
<26,csChair,csStu1trans,read> null
<27,eeStu1,eeStu1trans,read> null
<28,csStu3,csStu3application,checkStatus> null
<29,csFac2,cs601gradebook,assignGrade> null
<30,admissions2,application1,read> null
<31,csChair,csStu5trans,read> null
<32,admissions1,csStu5application,read> null
<33,csFac2,cs601gradebook,readScore> null
<34,admissions2,application2,setStatus> null
<35,registrar1,cs601roster,write> null
<36,eeStu1,eeStu1application,checkStatus> null
<37,csFac2,cs601gradebook,changeScore> null
<38,admissions1,eeStu4application,read> null
<39,eeFac1,ee101gradebook,assignGrade> null
<40,registrar2,eeStu1trans,read> null
<41,eeStu4,eeStu4trans,read> null
<42,admissions1,csStu1application,setStatus> null
<43,eeStu3,eeStu3trans,read> null
<44,admissions1,eeStu2application,setStatus> null
<45,registrar1,eeStu5trans,read> null
<46,admissions2,eeStu1application,setStatus> null
<47,csChair,csStu4trans,read> null
<48,admissions2,csStu3application,setStatus> null
<49,admissions1,eeStu3application,setStatus> null
<50,eeStu3,ee602gradebook,readMyScores> null
<51,admissions2,csStu4application,read> null
<52,admissions1,eeStu5application,read> null
<53,admissions1,eeStu2application,read> null
<54,csStu1,csStu1trans,read> null
<55,admissions1,csStu5application,setStatus> null
<56,admissions2,eeStu5application,setStatus> null
<57,eeStu2,ee601gradebook,readMyScores> null
<58,csStu5,csStu5trans,read> null
<59,eeChair,eeStu5trans,read> null
<60,applicant2,application2,checkStatus> null
<61,csChair,csStu2trans,read> null
<62,admissions2,csStu1application,setStatus> null
<63,csFac1,cs101gradebook,readScore> null
<64,csStu1,csStu1application,checkStatus> null
<65,csFac1,cs101gradebook,assignGrade> null
<66,csFac2,cs601gradebook,addScore> null
<67,registrar1,ee602roster,write> null
<68,registrar2,eeStu2trans,read> null
<69,registrar2,ee101roster,read> null
<70,registrar1,cs101roster,write> null
<71,admissions1,csStu4application,read> null
<72,registrar2,csStu2trans,read> null
<73,eeStu2,ee602gradebook,readScore> null
<74,csFac1,cs101gradebook,changeScore> null
<75,registrar1,eeStu1trans,read> null
<76,registrar1,ee101roster,read> null
<77,admissions2,eeStu4application,read> null
<78,eeStu1,ee101gradebook,readMyScores> null
<79,admissions2,eeStu4application,setStatus> null
<80,registrar1,cs601roster,read> null
<81,eeStu5,eeStu5application,checkStatus> null
<82,admissions2,eeStu2application,read> null
<83,registrar2,eeStu5trans,read> null
<84,admissions2,eeStu3application,setStatus> null
<85,admissions2,csStu2application,read> null
<86,admissions2,eeStu5application,read> null
<87,csStu3,cs601gradebook,readScore> null
<88,admissions1,csStu3application,setStatus> null
<89,eeStu2,eeStu2trans,read> null
<90,eeStu2,ee101gradebook,addScore> null
<91,admissions1,eeStu1application,read> null
<92,csStu2,cs602gradebook,addScore> null
<93,csStu1,cs101gradebook,readMyScores> null
<94,registrar2,cs602roster,read> null
<95,eeChair,eeStu3trans,read> null
<96,admissions1,csStu2application,setStatus> null
<97,eeStu2,ee101gradebook,readScore> null
<98,registrar1,ee601roster,read> null
<99,eeFac2,ee601gradebook,addScore> null
<100,registrar2,cs101roster,read> null
<0,registrar2,csStu1trans,read> null
<1,registrar1,csStu3trans,read> null
<2,registrar2,cs601roster,read> null
<3,admissions2,eeStu3application,read> null
<4,admissions1,csStu4application,setStatus> null
<5,registrar2,csStu5trans,read> null
<6,eeFac1,ee101roster,read> null
<7,eeStu2,ee602gradebook,addScore> null
<8,admissions1,eeStu4application,setStatus> null
<9,csFac1,cs101gradebook,addScore> null
<10,applicant1,application1,checkStatus> null
<11,admissions1,eeStu5application,setStatus> null
<12,eeChair,eeStu1trans,read> null
<13,eeFac2,ee601gradebook,readScore> null
<14,registrar1,csStu1trans,read> null
<15,registrar1,cs101roster,read> null
<16,eeFac1,ee101gradebook,readScore> null
<0,admissions2,csStu3application,read> 0.0045454545454545435
<1,csStu5,cs601gradebook,readMyScores> 0.0046296296296296285
<2,csStu2,cs602gradebook,readScore> 0.016666666666666666
<3,csStu3,cs602gradebook,readMyScores> 0.0034313725490196082
<4,eeStu3,eeStu3application,checkStatus> 0.004166666666666665
<5,csStu4,csStu4trans,read> 0.004838709677419356
<6,registrar2,csStu3trans,read> 0.0016129032258064518
<7,registrar1,csStu5trans,read> 0.0032258064516129037
<8,registrar2,csStu4trans,read> 0.0016129032258064518
<9,csStu5,csStu5application,checkStatus> 0.004166666666666665
<10,registrar2,eeStu3trans,read> 0.0016129032258064518
<11,csStu3,csStu3trans,read> 0.004838709677419356
<12,registrar1,ee101roster,write> 0.00101010101010101
<13,registrar1,cs602roster,write> 0.00101010101010101
<14,admissions1,csStu3application,read> 0.009090909090909087
<15,registrar2,ee601roster,write> 5.05050505050505E-4
<16,admissions2,csStu1application,read> 0.0045454545454545435

