<0,eeStu2,ee602gradebook,addScore> 0.016666666666666666
<1,eeFac1,ee101gradebook,assignGrade> 0.016666666666666666
<2,eeStu3,ee601gradebook,addScore> 0.007692307692307692
<3,csStu3,cs601gradebook,addScore> 0.010606060606060605
<4,csFac1,cs101gradebook,assignGrade> 0.016666666666666666
<5,registrar1,ee101roster,read> 0.004545454545454544
<6,csStu1,csStu1trans,read> 0.004838709677419356
<7,eeFac2,ee601gradebook,readScore> 0.008974358974358975
<8,csFac1,cs101gradebook,readScore> 0.011538461538461537
<9,csStu3,cs601gradebook,readScore> 0.010606060606060605
<10,eeFac1,ee101gradebook,readScore> 0.008333333333333333
<11,eeChair,eeStu1trans,read> 0.004838709677419356
<12,eeFac2,ee601gradebook,assignGrade> 0.016666666666666666
<13,eeStu1,ee101gradebook,readMyScores> 0.008333333333333333
<14,csFac1,cs101roster,read> 0.016666666666666666
<15,csFac2,cs601gradebook,readScore> 0.00606060606060606
<16,admissions1,csStu2application,read> 0.009090909090909087
<17,admissions2,csStu5application,setStatus> 0.0010101010101010097
<18,admissions1,eeStu1application,setStatus> 0.0020202020202020193
<19,csStu2,cs602gradebook,addScore> 0.016666666666666666
<20,eeStu2,ee101gradebook,addScore> 0.008333333333333333
<21,admissions1,eeStu3application,read> 0.009090909090909087
<22,registrar1,eeStu5trans,read> 0.004301075268817205
<23,registrar1,ee602roster,read> 0.004545454545454544
<24,eeFac2,ee601roster,read> 0.016666666666666666
<25,admissions1,csStu4application,read> 0.009090909090909087
<26,admissions2,eeStu3application,setStatus> 0.0010101010101010097
<27,registrar2,ee602roster,write> 5.05050505050505E-4
<28,registrar2,csStu1trans,read> 0.0016129032258064518
<29,csFac1,cs101gradebook,addScore> 0.011538461538461537
<30,eeStu2,ee101gradebook,readScore> 0.008333333333333333
<31,registrar1,csStu2trans,read> 0.0032258064516129037
<32,csStu3,csStu3trans,read> 0.004838709677419356
<33,csChair,csStu1trans,read> 0.004838709677419356
<34,csFac2,cs601gradebook,assignGrade> 0.016666666666666666
<35,csChair,csStu5trans,read> 0.004838709677419356
<36,csStu5,cs602gradebook,readMyScores> 0.004901960784313725
<37,admissions2,csStu2application,setStatus> 0.0010101010101010097
<38,admissions2,csStu4application,setStatus> 0.0010101010101010097
<39,csStu3,cs602gradebook,readMyScores> 0.0034313725490196082
<40,eeFac2,ee601gradebook,addScore> 0.008974358974358975
<41,registrar1,cs601roster,write> 0.00101010101010101
<42,eeStu5,eeStu5trans,read> 0.006451612903225808
<43,eeFac1,ee101gradebook,addScore> 0.008333333333333333
<44,admissions2,eeStu3application,read> 0.0045454545454545435
<45,eeStu1,eeStu1application,checkStatus> 0.004166666666666665
<46,registrar1,csStu1trans,read> 0.0032258064516129037
<47,csFac2,cs601gradebook,changeScore> 0.016666666666666666
<48,registrar1,cs101roster,read> 0.004545454545454544
<49,eeStu3,ee601gradebook,readScore> 0.007692307692307692
<50,admissions1,csStu5application,read> 0.009090909090909087
<51,registrar2,eeStu1trans,read> 0.0016129032258064518
<52,admissions1,csStu1application,setStatus> 0.0020202020202020193
<53,admissions1,eeStu2application,setStatus> 0.0020202020202020193
<54,csStu4,csStu4application,checkStatus> 0.004166666666666665
<55,csStu2,csStu2application,checkStatus> 0.004166666666666665
<56,admissions2,eeStu1application,setStatus> 0.0010101010101010097
<57,admissions2,csStu3application,setStatus> 0.0010101010101010097
<58,admissions1,eeStu4application,read> 0.009090909090909087
<59,admissions1,eeStu3application,setStatus> 0.0020202020202020193
<60,eeStu3,ee602gradebook,readMyScores> 0.005555555555555555
<61,admissions1,eeStu5application,read> 0.009090909090909087
<62,eeStu4,eeStu4application,checkStatus> 0.004166666666666665
<63,csStu2,csStu2trans,read> 0.004838709677419356
<64,admissions1,eeStu2application,read> 0.009090909090909087
<65,admissions1,csStu5application,setStatus> 0.0020202020202020193
<66,registrar2,eeStu2trans,read> 0.0016129032258064518
<67,eeStu2,ee601gradebook,readMyScores> 0.0027777777777777775
<68,registrar1,ee602roster,write> 0.00101010101010101
<69,csChair,csStu2trans,read> 0.004838709677419356
<70,admissions2,csStu1application,setStatus> 0.0010101010101010097
<71,registrar2,ee101roster,read> 0.002272727272727272
<72,registrar1,cs101roster,write> 0.00101010101010101
<73,eeChair,eeStu3trans,read> 0.004838709677419356
<74,eeFac1,ee101gradebook,changeScore> 0.016666666666666666
<75,csStu5,cs601gradebook,readMyScores> 0.0046296296296296285
<76,eeStu2,ee602gradebook,readScore> 0.016666666666666666
<77,admissions1,eeStu1application,read> 0.009090909090909087
<78,registrar1,eeStu1trans,read> 0.0032258064516129037
<79,admissions2,eeStu4application,setStatus> 0.0010101010101010097
<80,registrar1,cs601roster,read> 0.004545454545454544
<81,registrar1,eeStu2trans,read> 0.0032258064516129037
<82,registrar2,cs101roster,read> 0.002272727272727272
<83,admissions2,csStu3application,read> 0.0045454545454545435
<84,eeStu5,eeStu5application,checkStatus> 0.004166666666666665
<85,admissions2,eeStu2application,read> 0.0045454545454545435
<86,admissions2,csStu1application,read> 0.0045454545454545435
<87,eeStu2,eeStu2application,checkStatus> 0.004166666666666665
<88,registrar2,eeStu5trans,read> 0.0021505376344086026
<89,admissions2,eeStu5application,read> 0.0045454545454545435
<90,eeStu4,eeStu4trans,read> 0.004838709677419356
<91,admissions1,csStu3application,setStatus> 0.0020202020202020193
<92,eeStu2,eeStu2trans,read> 0.004838709677419356
<93,csStu1,cs101gradebook,readMyScores> 0.008333333333333333
<94,admissions2,eeStu5application,setStatus> 0.0010101010101010097
<95,eeStu3,eeStu3trans,read> 0.004838709677419356
<96,csFac1,cs101gradebook,changeScore> 0.016666666666666666
<97,admissions2,csStu4application,read> 0.0045454545454545435
<98,eeFac2,ee601gradebook,changeScore> 0.016666666666666666
<99,admissions2,csStu2application,read> 0.0045454545454545435
<100,registrar1,csStu3trans,read> 0.0032258064516129037

