<0,registrar2,csStu1trans,read> null
<1,eeFac1,ee101gradebook,readScore> null
<2,eeFac2,ee601gradebook,readScore> null
<3,registrar1,csStu1trans,read> null
<4,csFac1,cs101gradebook,changeScore> null
<5,eeStu2,ee602gradebook,addScore> null
<6,eeChair,eeStu5trans,read> null
<7,admissions1,eeStu3application,read> null
<8,csFac1,cs101gradebook,addScore> null
<9,eeFac1,ee101gradebook,changeScore> null
<10,csStu2,cs602gradebook,addScore> null
<11,csFac2,cs601gradebook,assignGrade> null
<12,csFac1,cs101roster,read> null
<13,registrar1,csStu4trans,read> null
<14,registrar1,eeStu2trans,read> null
<15,csStu5,cs601gradebook,readMyScores> null
<16,admissions2,application1,read> null
<17,admissions1,csStu2application,read> null
<18,eeFac1,ee101gradebook,assignGrade> null
<19,admissions1,csStu4application,read> null
<20,registrar1,cs602roster,read> null
<21,eeStu5,ee602gradebook,readMyScores> null
<22,csFac2,cs601roster,read> null
<23,admissions2,csStu5application,setStatus> null
<24,registrar1,ee602roster,write> null
<25,admissions1,eeStu1application,setStatus> null
<26,admissions1,application2,read> null
<27,csChair,csStu1trans,read> null
<28,csStu3,cs601gradebook,addScore> null
<29,admissions1,eeStu1application,read> null
<30,eeFac2,ee601gradebook,assignGrade> null
<31,registrar2,ee602roster,write> null
<32,registrar1,eeStu4trans,read> null
<33,registrar1,csStu2trans,read> null
<34,eeFac1,ee101gradebook,addScore> null
<35,csChair,csStu5trans,read> null
<36,csStu3,cs602gradebook,readMyScores> null
<37,csFac2,cs601gradebook,readScore> null
<38,registrar1,eeStu5trans,read> null
<39,admissions2,csStu2application,setStatus> null
<40,eeStu2,ee602gradebook,readScore> null
<41,csFac1,cs101gradebook,readScore> null
<42,registrar1,cs601roster,write> null
<43,eeStu1,eeStu1application,checkStatus> null
<44,csFac2,cs601gradebook,changeScore> null
<45,registrar1,eeStu1trans,read> null
<46,admissions2,application2,read> null
<47,admissions2,csStu4application,read> null
<48,registrar2,eeStu1trans,read> null
<49,admissions1,csStu5application,read> null
<50,admissions1,csStu1application,setStatus> null
<51,admissions1,eeStu2application,setStatus> null
<52,admissions2,eeStu1application,setStatus> null
<53,eeStu2,ee101gradebook,addScore> null
<54,registrar1,ee101roster,read> null
<55,csStu3,cs601gradebook,readScore> null
<56,eeStu1,ee101gradebook,readMyScores> null
<57,eeStu3,ee602gradebook,readMyScores> null
<58,admissions2,csStu3application,setStatus> null
<59,admissions1,eeStu3application,setStatus> null
<60,eeFac2,ee601roster,read> null
<61,registrar2,ee101roster,read> null
<62,eeFac2,ee601gradebook,addScore> null
<63,admissions1,eeStu5application,read> null
<64,admissions1,eeStu2application,read> null
<65,admissions1,csStu5application,setStatus> null
<66,eeStu2,ee601gradebook,readMyScores> null
<67,eeFac1,ee101roster,read> null
<68,csChair,csStu2trans,read> null
<69,admissions2,csStu1application,setStatus> null
<70,csFac1,cs101gradebook,assignGrade> null
<71,registrar1,cs101roster,write> null
<72,admissions2,eeStu4application,setStatus> null
<73,registrar1,cs601roster,read> null
<74,eeStu5,eeStu5application,checkStatus> null
<75,admissions1,csStu4application,setStatus> null
<76,admissions2,eeStu2application,read> null
<77,registrar2,eeStu5trans,read> null
<78,registrar1,eeStu3trans,read> null
<79,eeStu2,ee101gradebook,readScore> null
<80,eeStu3,eeStu3trans,read> null
<81,admissions1,eeStu4application,setStatus> null
<82,admissions2,eeStu3application,setStatus> null
<83,admissions2,eeStu5application,read> null
<84,admissions1,csStu3application,setStatus> null
<85,eeStu2,eeStu2trans,read> null
<86,csStu1,cs101gradebook,readMyScores> null
<87,csChair,csStu3trans,read> null
<88,eeStu5,eeStu5trans,read> null
<89,admissions2,eeStu5application,setStatus> null
<90,registrar2,cs101roster,read> null
<91,eeChair,eeStu3trans,read> null
<92,admissions2,csStu2application,read> null
<93,registrar1,csStu3trans,read> null
<94,registrar2,cs601roster,read> null
<95,admissions2,eeStu3application,read> null
<96,eeChair,eeStu2trans,read> null
<97,csStu1,csStu1application,checkStatus> null
<98,registrar2,csStu5trans,read> null
<99,admissions2,eeStu4application,read> null
<100,admissions1,eeStu5application,setStatus> null
<0,eeChair,eeStu1trans,read> null
<1,eeStu4,ee601gradebook,readMyScores> null
<2,registrar1,cs101roster,read> null
<3,eeStu3,ee601gradebook,addScore> null
<4,csStu2,cs602gradebook,readScore> null
<5,registrar2,cs602roster,read> null
<6,eeStu3,eeStu3application,checkStatus> null
<7,csStu4,csStu4trans,read> null
<8,admissions1,csStu2application,setStatus> null
<9,csStu2,cs601gradebook,readMyScores> null
<10,registrar2,csStu3trans,read> null
<11,csStu2,csStu2application,checkStatus> null
<12,registrar1,csStu5trans,read> null
<13,csFac2,cs601gradebook,addScore> null
<14,applicant2,application2,checkStatus> null
<15,registrar2,eeStu2trans,read> null
<16,admissions1,application1,setStatus> null
<0,eeFac2,ee601gradebook,changeScore> null
<1,registrar2,csStu4trans,read> null
<2,registrar2,eeStu3trans,read> null
<3,csStu3,csStu3trans,read> null
<4,registrar1,ee101roster,write> null
<5,registrar1,cs602roster,write> null
<6,admissions1,csStu3application,read> null
<7,registrar2,ee601roster,write> null
<8,admissions2,csStu1application,read> null
<9,csStu5,csStu5trans,read> null
<10,registrar2,eeStu4trans,read> null
<11,admissions1,application2,setStatus> null
<12,csStu5,csStu5application,checkStatus> null
<13,admissions2,csStu5application,read> null
<14,eeStu1,eeStu1trans,read> null
<15,applicant1,application1,checkStatus> null
<16,eeChair,eeStu4trans,read> null
<0,csChair,csStu4trans,read> 0.004838709677419356
<1,registrar2,ee602roster,read> 0.002272727272727272
<2,registrar2,ee101roster,write> 5.05050505050505E-4
<3,admissions1,csStu1application,read> 0.009090909090909087
<4,registrar1,ee601roster,write> 0.00101010101010101
<5,csStu2,cs101gradebook,readScore> 0.005128205128205128
<6,registrar2,ee601roster,read> 0.002272727272727272
<7,admissions2,csStu4application,setStatus> 0.0010101010101010097
<8,admissions1,application1,read> 0.009090909090909087
<9,registrar1,ee601roster,read> 0.004545454545454544
<10,csStu4,cs601gradebook,readMyScores> 0.0018518518518518517
<11,eeStu4,eeStu4application,checkStatus> 0.004166666666666665
<12,admissions2,csStu3application,read> 0.0045454545454545435
<13,csStu1,csStu1trans,read> 0.004838709677419356
<14,csStu2,csStu2trans,read> 0.004838709677419356
<15,admissions2,application1,setStatus> 0.0010101010101010097
<16,admissions2,application2,setStatus> 0.0010101010101010097

