<0,registrar2,csStu1trans,read> 0.0016129032258064518
<1,eeFac1,ee101gradebook,readScore> 0.008333333333333333
<2,eeFac2,ee601gradebook,readScore> 0.008974358974358975
<3,registrar1,csStu1trans,read> 0.0032258064516129037
<4,csFac1,cs101gradebook,changeScore> 0.016666666666666666
<5,eeStu2,ee602gradebook,addScore> 0.016666666666666666
<6,eeChair,eeStu5trans,read> 0.006451612903225808
<7,admissions1,eeStu3application,read> 0.009090909090909087
<8,csFac1,cs101gradebook,addScore> 0.011538461538461537
<9,eeFac1,ee101gradebook,changeScore> 0.016666666666666666
<10,csStu2,cs602gradebook,addScore> 0.016666666666666666
<11,csFac2,cs601gradebook,assignGrade> 0.016666666666666666
<12,csFac1,cs101roster,read> 0.016666666666666666
<13,registrar1,csStu4trans,read> 0.0032258064516129037
<14,registrar1,eeStu2trans,read> 0.0032258064516129037
<15,csStu5,cs601gradebook,readMyScores> 0.0046296296296296285
<16,admissions2,application1,read> 0.0045454545454545435
<17,admissions1,csStu2application,read> 0.009090909090909087
<18,eeFac1,ee101gradebook,assignGrade> 0.016666666666666666
<19,admissions1,csStu4application,read> 0.009090909090909087
<20,registrar1,cs602roster,read> 0.004545454545454544
<21,eeStu5,ee602gradebook,readMyScores> 0.0027777777777777775
<22,csFac2,cs601roster,read> 0.016666666666666666
<23,admissions2,csStu5application,setStatus> 0.0010101010101010097
<24,registrar1,ee602roster,write> 0.00101010101010101
<25,admissions1,eeStu1application,setStatus> 0.0020202020202020193
<26,admissions1,application2,read> 0.009090909090909087
<27,csChair,csStu1trans,read> 0.004838709677419356
<28,csStu3,cs601gradebook,addScore> 0.010606060606060605
<29,admissions1,eeStu1application,read> 0.009090909090909087
<30,eeFac2,ee601gradebook,assignGrade> 0.016666666666666666
<31,registrar2,ee602roster,write> 5.05050505050505E-4
<32,registrar1,eeStu4trans,read> 0.0032258064516129037
<33,registrar1,csStu2trans,read> 0.0032258064516129037
<34,eeFac1,ee101gradebook,addScore> 0.008333333333333333
<35,csChair,csStu5trans,read> 0.004838709677419356
<36,csStu3,cs602gradebook,readMyScores> 0.0034313725490196082
<37,csFac2,cs601gradebook,readScore> 0.00606060606060606
<38,registrar1,eeStu5trans,read> 0.004301075268817205
<39,admissions2,csStu2application,setStatus> 0.0010101010101010097
<40,eeStu2,ee602gradebook,readScore> 0.016666666666666666
<41,csFac1,cs101gradebook,readScore> 0.011538461538461537
<42,registrar1,cs601roster,write> 0.00101010101010101
<43,eeStu1,eeStu1application,checkStatus> 0.004166666666666665
<44,csFac2,cs601gradebook,changeScore> 0.016666666666666666
<45,registrar1,eeStu1trans,read> 0.0032258064516129037
<46,admissions2,application2,read> 0.0045454545454545435
<47,admissions2,csStu4application,read> 0.0045454545454545435
<48,registrar2,eeStu1trans,read> 0.0016129032258064518
<49,admissions1,csStu5application,read> 0.009090909090909087
<50,admissions1,csStu1application,setStatus> 0.0020202020202020193
<51,admissions1,eeStu2application,setStatus> 0.0020202020202020193
<52,admissions2,eeStu1application,setStatus> 0.0010101010101010097
<53,eeStu2,ee101gradebook,addScore> 0.008333333333333333
<54,registrar1,ee101roster,read> 0.004545454545454544
<55,csStu3,cs601gradebook,readScore> 0.010606060606060605
<56,eeStu1,ee101gradebook,readMyScores> 0.008333333333333333
<57,eeStu3,ee602gradebook,readMyScores> 0.005555555555555555
<58,admissions2,csStu3application,setStatus> 0.0010101010101010097
<59,admissions1,eeStu3application,setStatus> 0.0020202020202020193
<60,eeFac2,ee601roster,read> 0.016666666666666666
<61,registrar2,ee101roster,read> 0.002272727272727272
<62,eeFac2,ee601gradebook,addScore> 0.008974358974358975
<63,admissions1,eeStu5application,read> 0.009090909090909087
<64,admissions1,eeStu2application,read> 0.009090909090909087
<65,admissions1,csStu5application,setStatus> 0.0020202020202020193
<66,eeStu2,ee601gradebook,readMyScores> 0.0027777777777777775
<67,eeFac1,ee101roster,read> 0.016666666666666666
<68,csChair,csStu2trans,read> 0.004838709677419356
<69,admissions2,csStu1application,setStatus> 0.0010101010101010097
<70,csFac1,cs101gradebook,assignGrade> 0.016666666666666666
<71,registrar1,cs101roster,write> 0.00101010101010101
<72,admissions2,eeStu4application,setStatus> 0.0010101010101010097
<73,registrar1,cs601roster,read> 0.004545454545454544
<74,eeStu5,eeStu5application,checkStatus> 0.004166666666666665
<75,admissions1,csStu4application,setStatus> 0.0020202020202020193
<76,admissions2,eeStu2application,read> 0.0045454545454545435
<77,registrar2,eeStu5trans,read> 0.0021505376344086026
<78,registrar1,eeStu3trans,read> 0.0032258064516129037
<79,eeStu2,ee101gradebook,readScore> 0.008333333333333333
<80,eeStu3,eeStu3trans,read> 0.004838709677419356
<81,admissions1,eeStu4application,setStatus> 0.0020202020202020193
<82,admissions2,eeStu3application,setStatus> 0.0010101010101010097
<83,admissions2,eeStu5application,read> 0.0045454545454545435
<84,admissions1,csStu3application,setStatus> 0.0020202020202020193
<85,eeStu2,eeStu2trans,read> 0.004838709677419356
<86,csStu1,cs101gradebook,readMyScores> 0.008333333333333333
<87,csChair,csStu3trans,read> 0.004838709677419356
<88,eeStu5,eeStu5trans,read> 0.006451612903225808
<89,admissions2,eeStu5application,setStatus> 0.0010101010101010097
<90,registrar2,cs101roster,read> 0.002272727272727272
<91,eeChair,eeStu3trans,read> 0.004838709677419356
<92,admissions2,csStu2application,read> 0.0045454545454545435
<93,registrar1,csStu3trans,read> 0.0032258064516129037
<94,registrar2,cs601roster,read> 0.002272727272727272
<95,admissions2,eeStu3application,read> 0.0045454545454545435
<96,eeChair,eeStu2trans,read> 0.004838709677419356
<97,csStu1,csStu1application,checkStatus> 0.004166666666666665
<98,registrar2,csStu5trans,read> 0.0016129032258064518
<99,admissions2,eeStu4application,read> 0.0045454545454545435
<100,admissions1,eeStu5application,setStatus> 0.0020202020202020193

