<0,csFac1,cs101roster,read> null
<1,registrar1,csStu3trans,read> null
<2,csFac2,cs601roster,read> null
<3,admissions2,csStu5application,setStatus> null
<4,eeStu2,ee101gradebook,readScore> null
<5,admissions1,application2,read> null
<6,csStu2,cs602gradebook,readScore> null
<7,admissions1,eeStu1application,setStatus> null
<8,eeStu2,ee602gradebook,readScore> null
<9,admissions1,csStu3application,read> null
<10,eeFac2,ee601gradebook,assignGrade> null
<11,csFac1,cs101gradebook,assignGrade> null
<12,csStu5,csStu5application,checkStatus> null
<13,eeStu4,eeStu4trans,read> null
<14,csStu3,cs601gradebook,addScore> null
<15,eeChair,eeStu5trans,read> null
<16,eeFac2,ee601gradebook,changeScore> null
<17,admissions1,eeStu5application,read> null
<18,admissions1,eeStu2application,read> null
<19,admissions2,eeStu4application,read> null
<20,registrar2,ee602roster,write> null
<21,csStu2,cs101gradebook,readScore> null
<22,csFac1,cs101gradebook,changeScore> null
<23,registrar1,csStu2trans,read> null
<24,csStu4,csStu4application,checkStatus> null
<25,csChair,csStu2trans,read> null
<26,admissions2,eeStu1application,read> null
<27,csStu2,csStu2trans,read> null
<28,admissions1,csStu4application,read> null
<29,admissions2,eeStu2application,read> null
<30,csStu1,cs101gradebook,readMyScores> null
<31,csChair,csStu1trans,read> null
<32,csChair,csStu5trans,read> null
<33,csFac2,cs601gradebook,readScore> null
<34,eeChair,eeStu4trans,read> null
<35,eeFac2,ee601roster,read> null
<36,admissions2,csStu2application,setStatus> null
<37,registrar1,cs601roster,write> null
<38,csStu1,csStu1trans,read> null
<39,eeFac2,ee601gradebook,readScore> null
<40,eeStu1,eeStu1application,checkStatus> null
<41,csStu3,cs602gradebook,readMyScores> null
<42,csFac2,cs601gradebook,changeScore> null
<43,admissions1,csStu1application,read> null
<44,eeStu2,eeStu2trans,read> null
<45,registrar1,csStu5trans,read> null
<46,registrar2,eeStu1trans,read> null
<47,admissions1,csStu1application,setStatus> null
<48,admissions2,eeStu1application,setStatus> null
<49,admissions1,eeStu2application,setStatus> null
<50,registrar1,eeStu5trans,read> null
<51,eeStu1,ee101gradebook,readMyScores> null
<52,eeStu5,eeStu5application,checkStatus> null
<53,admissions2,csStu3application,setStatus> null
<54,admissions2,application1,read> null
<55,admissions1,eeStu3application,setStatus> null
<56,eeStu3,ee601gradebook,readScore> null
<57,csStu2,cs602gradebook,addScore> null
<58,admissions1,csStu5application,setStatus> null
<59,eeStu2,ee601gradebook,readMyScores> null
<60,admissions2,csStu1application,setStatus> null
<61,registrar1,ee602roster,write> null
<62,registrar2,ee101roster,read> null
<63,eeFac1,ee101roster,read> null
<64,registrar1,cs101roster,write> null
<65,registrar1,eeStu1trans,read> null
<66,admissions1,eeStu5application,setStatus> null
<67,admissions2,eeStu4application,setStatus> null
<68,csFac1,cs101gradebook,readScore> null
<69,registrar1,cs601roster,read> null
<70,eeStu2,ee602gradebook,addScore> null
<71,registrar2,eeStu5trans,read> null
<72,registrar1,eeStu2trans,read> null
<73,admissions2,eeStu3application,setStatus> null
<74,admissions2,eeStu5application,read> null
<75,csStu3,cs601gradebook,readScore> null
<76,admissions1,csStu3application,setStatus> null
<77,admissions1,eeStu3application,read> null
<78,eeStu2,ee101gradebook,addScore> null
<79,eeStu5,eeStu5trans,read> null
<80,eeChair,eeStu2trans,read> null
<81,admissions2,eeStu5application,setStatus> null
<82,applicant1,application1,checkStatus> null
<83,registrar2,cs101roster,read> null
<84,registrar2,csStu1trans,read> null
<85,eeChair,eeStu3trans,read> null
<86,admissions2,csStu4application,read> null
<87,eeFac1,ee101gradebook,readScore> null
<88,admissions2,csStu2application,read> null
<89,registrar2,cs601roster,read> null
<90,admissions2,eeStu3application,read> null
<91,admissions1,eeStu4application,read> null
<92,admissions1,eeStu4application,setStatus> null
<93,csStu1,csStu1application,checkStatus> null
<94,admissions1,csStu4application,setStatus> null
<95,registrar2,csStu5trans,read> null
<96,csFac1,cs101gradebook,addScore> null
<97,eeChair,eeStu1trans,read> null
<98,registrar2,cs602roster,read> null
<99,eeFac1,ee101gradebook,assignGrade> null
<100,admissions1,eeStu1application,read> null
<0,eeStu5,ee601gradebook,readMyScores> null
<1,registrar1,csStu1trans,read> null
<2,admissions2,application2,setStatus> null
<3,registrar1,cs101roster,read> null
<4,eeStu3,ee601gradebook,addScore> null
<5,csFac2,cs601gradebook,assignGrade> null
<6,eeStu3,eeStu3application,checkStatus> null
<7,csStu4,csStu4trans,read> null
<8,admissions1,csStu2application,setStatus> null
<9,csStu2,cs601gradebook,readMyScores> null
<10,registrar2,csStu3trans,read> null
<11,csFac2,cs601gradebook,addScore> null
<12,applicant2,application2,checkStatus> null
<13,registrar2,eeStu2trans,read> null
<14,registrar2,csStu4trans,read> null
<15,registrar2,eeStu3trans,read> null
<16,eeFac1,ee101gradebook,addScore> null
<0,eeFac2,ee601gradebook,addScore> null
<1,csStu3,csStu3trans,read> null
<2,registrar1,ee101roster,write> null
<3,registrar1,cs602roster,write> null
<4,registrar2,ee601roster,write> null
<5,admissions2,csStu1application,read> null
<6,admissions1,csStu2application,read> null
<7,admissions2,application2,read> null
<8,csStu5,csStu5trans,read> null
<9,registrar2,eeStu4trans,read> null
<10,eeFac1,ee101gradebook,changeScore> null
<11,registrar1,eeStu4trans,read> null
<12,registrar1,cs602roster,read> null
<13,admissions1,application1,setStatus> null
<14,csStu5,cs601gradebook,readMyScores> null
<15,admissions1,application2,setStatus> null
<16,admissions2,csStu5application,read> null
<0,registrar1,eeStu3trans,read> null
<1,eeStu5,ee602gradebook,readMyScores> null
<2,csChair,csStu4trans,read> null
<3,registrar2,ee602roster,read> null
<4,registrar2,ee101roster,write> null
<5,registrar1,ee601roster,write> null
<6,registrar2,ee601roster,read> null
<7,admissions2,csStu4application,setStatus> null
<8,admissions1,application1,read> null
<9,eeStu2,eeStu2application,checkStatus> null
<10,registrar1,ee601roster,read> null
<11,csStu4,cs601gradebook,readMyScores> null
<12,eeStu4,eeStu4application,checkStatus> null
<13,admissions2,csStu3application,read> null
<14,admissions2,application1,setStatus> null
<15,admissions1,csStu5application,read> null
<16,registrar1,ee602roster,read> null
<0,eeStu3,eeStu3trans,read> 0.004838709677419356
<1,eeStu1,eeStu1trans,read> 0.004838709677419356
<2,registrar1,ee101roster,read> 0.004545454545454544
<3,csStu3,csStu3application,checkStatus> 0.004166666666666665
<4,csStu5,cs602gradebook,readMyScores> 0.004901960784313725
<5,csStu2,csStu2application,checkStatus> 0.004166666666666665
<6,eeStu3,ee602gradebook,readMyScores> 0.005555555555555555
<7,registrar2,cs602roster,write> 5.05050505050505E-4
<8,registrar2,cs101roster,write> 5.05050505050505E-4
<9,registrar1,csStu4trans,read> 0.0032258064516129037
<10,csChair,csStu3trans,read> 0.004838709677419356
<11,eeStu4,ee601gradebook,readMyScores> 0.0027777777777777775
<12,registrar2,cs601roster,write> 5.05050505050505E-4
<13,registrar2,csStu2trans,read> 0.0016129032258064518
<14,admissions2,eeStu2application,setStatus> 0.0010101010101010097
<15,csStu2,cs101gradebook,addScore> 0.005128205128205128

