<0,eeFac2,ee601gradebook,changeScore> null
<1,csFac1,cs101roster,read> null
<2,csFac2,cs601gradebook,assignGrade> null
<3,eeFac2,ee601gradebook,addScore> null
<4,eeStu3,ee601gradebook,readScore> null
<5,eeStu3,eeStu3trans,read> null
<6,csChair,csStu3trans,read> null
<7,admissions2,csStu5application,setStatus> null
<8,registrar2,eeStu2trans,read> null
<9,csStu4,csStu4application,checkStatus> null
<10,admissions1,eeStu1application,setStatus> null
<11,applicant2,application2,checkStatus> null
<12,csStu3,cs601gradebook,addScore> null
<13,eeFac2,ee601gradebook,assignGrade> null
<14,registrar2,ee602roster,write> null
<15,registrar1,csStu2trans,read> null
<16,csFac1,cs101gradebook,assignGrade> null
<17,eeChair,eeStu3trans,read> null
<18,csStu1,cs101gradebook,readMyScores> null
<19,admissions1,eeStu2application,setStatus> null
<20,csChair,csStu1trans,read> null
<21,admissions2,csStu4application,read> null
<22,csStu2,cs602gradebook,readScore> null
<23,admissions1,eeStu2application,read> null
<24,registrar1,cs601roster,read> null
<25,registrar1,ee601roster,read> null
<26,eeFac1,ee101gradebook,assignGrade> null
<27,csChair,csStu5trans,read> null
<28,csFac2,cs601gradebook,readScore> null
<29,admissions2,csStu2application,setStatus> null
<30,registrar1,cs601roster,write> null
<31,eeStu1,eeStu1application,checkStatus> null
<32,eeStu3,ee602gradebook,readMyScores> null
<33,eeFac1,ee101gradebook,changeScore> null
<34,admissions1,eeStu5application,read> null
<35,csStu2,csStu2application,checkStatus> null
<36,admissions2,application1,read> null
<37,registrar2,eeStu3trans,read> null
<38,eeStu2,ee602gradebook,readScore> null
<39,csFac2,cs601gradebook,changeScore> null
<40,eeStu3,ee601gradebook,addScore> null
<41,registrar2,eeStu1trans,read> null
<42,admissions1,csStu1application,setStatus> null
<43,admissions1,eeStu4application,read> null
<44,registrar1,eeStu5trans,read> null
<45,csStu5,cs601gradebook,readMyScores> null
<46,admissions2,eeStu1application,setStatus> null
<47,csStu3,csStu3application,checkStatus> null
<48,registrar2,eeStu5trans,read> null
<49,admissions2,csStu3application,setStatus> null
<50,admissions1,eeStu3application,setStatus> null
<51,admissions1,csStu5application,setStatus> null
<52,admissions1,csStu5application,read> null
<53,eeStu2,ee601gradebook,readMyScores> null
<54,csChair,csStu2trans,read> null
<55,admissions2,csStu1application,setStatus> null
<56,registrar1,ee602roster,write> null
<57,eeFac2,ee601roster,read> null
<58,registrar2,ee101roster,read> null
<59,csStu2,cs101gradebook,readScore> null
<60,csStu1,csStu1application,checkStatus> null
<61,registrar1,ee101roster,read> null
<62,registrar1,cs101roster,write> null
<63,admissions1,csStu4application,read> null
<64,admissions2,eeStu2application,read> null
<65,eeStu3,eeStu3application,checkStatus> null
<66,eeStu2,ee602gradebook,addScore> null
<67,registrar1,eeStu1trans,read> null
<68,eeChair,eeStu2trans,read> null
<69,admissions2,csStu1application,read> null
<70,csFac2,cs601roster,read> null
<71,eeStu1,ee101gradebook,readMyScores> null
<72,admissions2,application1,setStatus> null
<73,registrar1,csStu3trans,read> null
<74,admissions1,application2,read> null
<75,admissions2,eeStu4application,setStatus> null
<76,eeStu5,eeStu5application,checkStatus> null
<77,eeFac1,ee101gradebook,readScore> null
<78,admissions1,eeStu1application,read> null
<79,admissions2,eeStu3application,setStatus> null
<80,eeFac1,ee101roster,read> null
<81,registrar1,cs101roster,read> null
<82,admissions1,csStu2application,read> null
<83,admissions2,eeStu5application,read> null
<84,registrar1,ee602roster,read> null
<85,csStu3,cs601gradebook,readScore> null
<86,admissions1,csStu3application,setStatus> null
<87,eeStu2,eeStu2trans,read> null
<88,csFac2,cs601gradebook,addScore> null
<89,csStu4,csStu4trans,read> null
<90,eeChair,eeStu4trans,read> null
<91,eeFac2,ee601gradebook,readScore> null
<92,csStu3,csStu3trans,read> null
<93,admissions1,eeStu3application,read> null
<94,csStu2,cs602gradebook,addScore> null
<95,eeStu5,eeStu5trans,read> null
<96,eeStu2,ee101gradebook,addScore> null
<97,admissions2,csStu3application,read> null
<98,admissions2,eeStu5application,setStatus> null
<99,registrar2,cs101roster,read> null
<100,csFac1,cs101gradebook,readScore> null
<0,registrar2,csStu1trans,read> null
<1,csFac1,cs101gradebook,changeScore> null
<2,admissions2,csStu2application,read> null
<3,registrar2,cs601roster,read> null
<4,admissions2,eeStu3application,read> null
<5,admissions1,csStu4application,setStatus> null
<6,registrar2,csStu5trans,read> null
<7,admissions1,eeStu4application,setStatus> null
<8,csFac1,cs101gradebook,addScore> null
<9,admissions2,eeStu4application,read> null
<10,admissions1,eeStu5application,setStatus> null
<11,eeChair,eeStu5trans,read> null
<12,eeChair,eeStu1trans,read> null
<13,registrar1,csStu1trans,read> null
<14,registrar2,cs602roster,read> null
<15,admissions1,csStu2application,setStatus> null
<16,csStu2,cs601gradebook,readMyScores> null
<0,registrar2,csStu3trans,read> 0.0016129032258064518
<1,registrar1,csStu5trans,read> 0.0032258064516129037
<2,registrar2,csStu4trans,read> 0.0016129032258064518
<3,registrar1,ee101roster,write> 0.00101010101010101
<4,registrar1,cs602roster,write> 0.00101010101010101
<5,admissions1,csStu3application,read> 0.009090909090909087
<6,eeStu2,ee101gradebook,readScore> 0.008333333333333333
<7,registrar2,ee601roster,write> 5.05050505050505E-4
<8,admissions2,application2,read> 0.0045454545454545435
<9,csStu5,csStu5trans,read> 0.004838709677419356
<10,registrar2,eeStu4trans,read> 0.0016129032258064518
<11,csStu2,cs101gradebook,addScore> 0.005128205128205128
<12,registrar1,eeStu4trans,read> 0.0032258064516129037
<13,registrar1,cs602roster,read> 0.004545454545454544
<14,admissions1,application1,setStatus> 0.0020202020202020193
<15,admissions1,application2,setStatus> 0.0020202020202020193
<16,csStu3,cs602gradebook,readMyScores> 0.0034313725490196082

