<0,admissions2,application2,read> 0.0045454545454545435
<1,eeStu2,ee101gradebook,addScore> 0.008333333333333333
<2,csFac1,cs101roster,read> 0.016666666666666666
<3,eeStu2,ee602gradebook,readScore> 0.016666666666666666
<4,admissions1,csStu4application,read> 0.009090909090909087
<5,csStu1,csStu1application,checkStatus> 0.004166666666666665
<6,csFac2,cs601gradebook,assignGrade> 0.016666666666666666
<7,eeFac2,ee601gradebook,readScore> 0.008974358974358975
<8,csStu2,cs601gradebook,readMyScores> 0.0018518518518518517
<9,csStu5,csStu5application,checkStatus> 0.004166666666666665
<10,admissions1,csStu2application,read> 0.009090909090909087
<11,admissions2,csStu5application,setStatus> 0.0010101010101010097
<12,eeStu1,ee101gradebook,readMyScores> 0.008333333333333333
<13,csFac2,cs601gradebook,changeScore> 0.016666666666666666
<14,eeStu4,eeStu4trans,read> 0.004838709677419356
<15,csStu2,cs602gradebook,addScore> 0.016666666666666666
<16,admissions2,csStu5application,read> 0.0045454545454545435
<17,eeChair,eeStu2trans,read> 0.004838709677419356
<18,admissions1,eeStu4application,read> 0.009090909090909087
<19,csStu4,cs601gradebook,readMyScores> 0.0018518518518518517
<20,admissions1,application1,read> 0.009090909090909087
<21,eeStu3,ee601gradebook,addScore> 0.007692307692307692
<22,admissions1,eeStu1application,setStatus> 0.0020202020202020193
<23,csStu3,cs601gradebook,addScore> 0.010606060606060605
<24,eeFac2,ee601gradebook,assignGrade> 0.016666666666666666
<25,eeFac1,ee101gradebook,assignGrade> 0.016666666666666666
<26,registrar1,cs602roster,read> 0.004545454545454544
<27,registrar2,ee602roster,write> 5.05050505050505E-4
<28,registrar1,csStu2trans,read> 0.0032258064516129037
<29,eeFac2,ee601gradebook,addScore> 0.008974358974358975
<30,eeStu3,eeStu3application,checkStatus> 0.004166666666666665
<31,csChair,csStu1trans,read> 0.004838709677419356
<32,csFac2,cs601roster,read> 0.016666666666666666
<33,csStu5,csStu5trans,read> 0.004838709677419356
<34,csStu1,cs101gradebook,readMyScores> 0.008333333333333333
<35,csChair,csStu5trans,read> 0.004838709677419356
<36,eeChair,eeStu5trans,read> 0.006451612903225808
<37,csStu2,csStu2trans,read> 0.004838709677419356
<38,csFac2,cs601gradebook,readScore> 0.00606060606060606
<39,admissions2,csStu2application,setStatus> 0.0010101010101010097
<40,admissions2,application2,setStatus> 0.0010101010101010097
<41,registrar1,cs601roster,write> 0.00101010101010101
<42,eeFac1,ee101gradebook,changeScore> 0.016666666666666666
<43,csFac1,cs101gradebook,assignGrade> 0.016666666666666666
<44,eeStu1,eeStu1application,checkStatus> 0.004166666666666665
<45,admissions2,csStu1application,read> 0.0045454545454545435
<46,admissions1,application2,read> 0.009090909090909087
<47,registrar2,eeStu1trans,read> 0.0016129032258064518
<48,admissions1,csStu1application,setStatus> 0.0020202020202020193
<49,eeStu5,eeStu5trans,read> 0.006451612903225808
<50,admissions1,eeStu2application,setStatus> 0.0020202020202020193
<51,admissions2,eeStu4application,read> 0.0045454545454545435
<52,eeStu1,eeStu1trans,read> 0.004838709677419356
<53,registrar1,cs601roster,read> 0.004545454545454544
<54,csStu5,cs602gradebook,readMyScores> 0.004901960784313725
<55,registrar1,eeStu5trans,read> 0.004301075268817205
<56,admissions1,eeStu4application,setStatus> 0.0020202020202020193
<57,admissions2,eeStu1application,setStatus> 0.0010101010101010097
<58,registrar2,cs602roster,read> 0.002272727272727272
<59,admissions2,csStu3application,setStatus> 0.0010101010101010097
<60,csFac1,cs101gradebook,addScore> 0.011538461538461537
<61,registrar2,eeStu5trans,read> 0.0021505376344086026
<62,eeStu2,ee101gradebook,readScore> 0.008333333333333333
<63,admissions1,eeStu3application,setStatus> 0.0020202020202020193
<64,csChair,csStu2trans,read> 0.004838709677419356
<65,applicant1,application1,checkStatus> 0.004166666666666665
<66,admissions1,eeStu5application,read> 0.009090909090909087
<67,admissions1,eeStu2application,read> 0.009090909090909087
<68,admissions1,csStu5application,setStatus> 0.0020202020202020193
<69,csFac1,cs101gradebook,changeScore> 0.016666666666666666
<70,eeStu2,ee601gradebook,readMyScores> 0.0027777777777777775
<71,admissions2,csStu1application,setStatus> 0.0010101010101010097
<72,registrar1,ee602roster,write> 0.00101010101010101
<73,registrar2,ee101roster,read> 0.002272727272727272
<74,registrar1,csStu1trans,read> 0.0032258064516129037
<75,registrar1,cs101roster,write> 0.00101010101010101
<76,registrar1,eeStu1trans,read> 0.0032258064516129037
<77,admissions2,eeStu4application,setStatus> 0.0010101010101010097
<78,eeStu5,eeStu5application,checkStatus> 0.004166666666666665
<79,admissions2,eeStu2application,read> 0.0045454545454545435
<80,eeStu3,ee601gradebook,readScore> 0.007692307692307692
<81,admissions2,eeStu3application,setStatus> 0.0010101010101010097
<82,eeFac2,ee601gradebook,changeScore> 0.016666666666666666
<83,eeStu2,ee602gradebook,addScore> 0.016666666666666666
<84,admissions2,eeStu5application,read> 0.0045454545454545435
<85,csStu3,cs601gradebook,readScore> 0.010606060606060605
<86,admissions1,csStu3application,setStatus> 0.0020202020202020193
<87,eeStu2,eeStu2trans,read> 0.004838709677419356
<88,admissions1,eeStu3application,read> 0.009090909090909087
<89,admissions2,eeStu5application,setStatus> 0.0010101010101010097
<90,registrar2,cs101roster,read> 0.002272727272727272
<91,eeStu5,ee602gradebook,readMyScores> 0.0027777777777777775
<92,registrar2,csStu1trans,read> 0.0016129032258064518
<93,eeChair,eeStu4trans,read> 0.004838709677419356
<94,eeChair,eeStu3trans,read> 0.004838709677419356
<95,registrar1,eeStu3trans,read> 0.0032258064516129037
<96,admissions2,csStu4application,read> 0.0045454545454545435
<97,admissions2,csStu2application,read> 0.0045454545454545435
<98,registrar1,csStu3trans,read> 0.0032258064516129037
<99,registrar2,cs601roster,read> 0.002272727272727272
<100,admissions2,eeStu3application,read> 0.0045454545454545435

