<0,oncDoc3,oncPat2HR,addItem> 0.012619302648820574
<1,doc1,oncPat2oncItem,read> 0.004215289867255153
<2,oncNurse1,oncPat2HR,addItem> 0.04950649500691149
<3,oncNurse2,oncPat1nursingItem,read> 0.02649610773703239
<4,carDoc2,carPat2HR,addItem> 0.07150938167664993
<5,carNurse2,carPat2HR,addItem> 0.02200288666973844
<6,oncDoc1,oncPat2HR,addItem> 0.04206434216273525
<7,oncNurse1,oncPat1HR,addItem> 0.04950649500691149
<8,carDoc2,carPat2carItem,read> 0.004215289867255153
<9,carNurse1,carPat1nursingItem,read> 0.05509986040769236
<10,carNurse1,carPat2nursingItem,read> 0.051486754807187944
<11,oncNurse1,oncPat1nursingItem,read> 0.051486754807187944
<12,carPat1,carPat1noteItem,read> 0.015054606668768405
<13,carNurse2,carPat1nursingItem,read> 0.022883002136527976
<14,oncAgent1,oncPat2HR,addNote> 0.008009050747784793
<15,oncNurse2,oncPat2nursingItem,read> 0.022883002136527976
<16,anesDoc1,carPat1HR,addItem> 0.05363203625748745
<17,anesDoc1,oncPat1HR,addItem> 0.029253837958629514
<18,carNurse1,carPat1HR,addItem> 0.04950649500691149
<19,carNurse1,carPat2HR,addItem> 0.04950649500691149
<20,oncDoc2,oncPat1oncItem,read> 9.727592001358044E-4
<21,carDoc1,carPat1HR,addItem> 0.017877345419162482
<22,carNurse2,carPat2nursingItem,read> 0.02649610773703239
<23,oncNurse1,oncPat2nursingItem,read> 0.05509986040769236
<24,oncDoc1,oncPat1HR,addItem> 0.03250426439847724
<25,carDoc1,carPat1carItem,read> 0.004215289867255153
<26,carPat2,carPat2noteItem,read> 0.011441501068263988
<27,carDoc2,carPat1carItem,read> 0.004215289867255153
<28,oncDoc2,oncPat1HR,addItem> 0.009751279319543171
<29,oncNurse2,oncPat1HR,addItem> 0.02200288666973844
<30,oncPat2,oncPat2HR,addNote> 0.011441501068263988
<31,oncPat1,oncPat1noteItem,read> 0.015054606668768405
<32,oncAgent2,oncPat2HR,addNote> 0.0034324503204791967
<33,carAgent2,carPat2noteItem,read> 0.0034324503204791967
<34,oncNurse2,oncPat2HR,addItem> 0.02200288666973844
<35,oncAgent1,oncPat2noteItem,read> 0.01162215634828921
<36,carPat2,carPat2HR,addNote> 0.011441501068263988
<37,oncPat1,oncPat1HR,addNote> 0.011441501068263988
<38,oncDoc4,oncPat2oncItem,read> 9.91832909942389E-4
<39,carAgent1,carPat2noteItem,read> 0.01162215634828921
<40,carNurse2,carPat1HR,addItem> 0.02200288666973844

