<0,oncDoc3,oncPat2HR,addItem> 0.01422766038432578
<1,doc1,oncPat2oncItem,read> 0.0047525377845186465
<2,oncNurse1,oncPat2HR,addItem> 0.05581620612312422
<3,oncNurse2,oncPat1nursingItem,read> 0.02987309464554578
<4,carDoc2,carPat2HR,addItem> 0.08062340884451276
<5,carNurse2,carPat2HR,addItem> 0.024807202721388543
<6,oncDoc1,oncPat2HR,addItem> 0.04742553461441927
<7,oncNurse1,oncPat1HR,addItem> 0.05581620612312422
<8,carDoc2,carPat2carItem,read> 0.0047525377845186465
<9,carNurse1,carPat1nursingItem,read> 0.06212245818335088
<10,carNurse1,carPat2nursingItem,read> 0.058048854368049185
<11,oncNurse1,oncPat1nursingItem,read> 0.058048854368049185
<12,carPat1,carPat1noteItem,read> 0.016973349230423738
<13,carNurse2,carPat1nursingItem,read> 0.025799490830244083
<14,oncAgent1,oncPat2HR,addNote> 0.00902982179058543
<15,oncNurse2,oncPat2nursingItem,read> 0.025799490830244083
<16,anesDoc1,carPat1HR,addItem> 0.06046755663338457
<17,anesDoc1,oncPat1HR,addItem> 0.032982303618209766
<18,carNurse1,carPat1HR,addItem> 0.05581620612312422
<19,carNurse1,carPat2HR,addItem> 0.05581620612312422
<20,oncDoc2,oncPat1oncItem,read> 0.0010967394887350722
<21,carDoc1,carPat1HR,addItem> 0.02015585221112819
<22,carNurse2,carPat2nursingItem,read> 0.02987309464554578
<23,oncNurse1,oncPat2nursingItem,read> 0.06212245818335088
<24,oncDoc1,oncPat1HR,addItem> 0.036647004020233076
<25,carDoc1,carPat1carItem,read> 0.0047525377845186465
<26,carPat2,carPat2noteItem,read> 0.012899745415122042
<27,carDoc2,carPat1carItem,read> 0.0047525377845186465
<28,oncDoc2,oncPat1HR,addItem> 0.01099410120606992
<29,oncNurse2,oncPat1HR,addItem> 0.024807202721388543
<30,oncPat2,oncPat2HR,addNote> 0.012899745415122042

