<0,carNurse1,carPat1nursingItem,read> 0.05152027027027027
<1,carDoc2,carPat2HR,addItem> 0.06686373873873874
<2,carNurse1,carPat2nursingItem,read> 0.04814189189189189
<3,oncNurse1,oncPat1HR,addItem> 0.04629028066528067
<4,oncNurse2,oncPat1nursingItem,read> 0.024774774774774775
<5,oncDoc3,oncPat2HR,addItem> 0.011799483306836249
<6,oncNurse1,oncPat1nursingItem,read> 0.04814189189189189
<7,carAgent1,carPat2noteItem,read> 0.010867117117117117
<8,oncNurse2,oncPat2HR,addItem> 0.020573458073458076
<9,carNurse1,carPat1HR,addItem> 0.04629028066528067
<10,carPat1,carPat1noteItem,read> 0.014076576576576577
<11,anesDoc1,carPat1HR,addItem> 0.05014780405405406
<12,oncNurse1,oncPat2nursingItem,read> 0.05152027027027027
<13,doc1,oncPat2oncItem,read> 0.003941441441441441
<14,oncNurse1,oncPat2HR,addItem> 0.04629028066528067
<15,carDoc2,carPat1carItem,read> 0.003941441441441441
<16,carPat1,carPat1HR,addNote> 0.0106981981981982
<17,carDoc1,carPat1HR,addItem> 0.016715934684684686
<18,oncPat2,oncPat2noteItem,read> 0.0106981981981982
<19,oncPat1,oncPat1noteItem,read> 0.014076576576576577
<20,oncAgent1,oncPat2HR,addNote> 0.00748873873873874
<21,anesDoc1,oncPat1HR,addItem> 0.027353347665847665
<22,oncDoc2,oncPat1oncItem,read> 9.095634095634094E-4
<23,oncPat1,oncPat1HR,addNote> 0.0106981981981982
<24,carPat2,carPat2noteItem,read> 0.0106981981981982
<25,carNurse2,carPat2HR,addItem> 0.020573458073458076
<26,oncDoc1,oncPat2HR,addItem> 0.0393316110227875
<27,carNurse2,carPat2nursingItem,read> 0.024774774774774775
<28,carDoc1,carPat1carItem,read> 0.003941441441441441
<29,oncNurse2,oncPat2nursingItem,read> 0.0213963963963964
<30,oncDoc2,oncPat1HR,addItem> 0.009117782555282556
<31,carNurse2,carPat1nursingItem,read> 0.0213963963963964
<32,carNurse2,carPat1HR,addItem> 0.020573458073458076
<33,oncNurse2,oncPat1HR,addItem> 0.020573458073458076
<34,oncPat2,oncPat2HR,addNote> 0.0106981981981982
<35,oncAgent2,oncPat2HR,addNote> 0.0032094594594594596
<36,carAgent2,carPat2noteItem,read> 0.0032094594594594596
<37,oncAgent1,oncPat2noteItem,read> 0.010867117117117117
<38,oncDoc4,oncPat2oncItem,read> 9.273979862215155E-4
<39,oncDoc1,oncPat1HR,addItem> 0.030392608517608524
<40,oncDoc4,oncPat2HR,addItem> 0.015732644409115
<41,carDoc2,carPat2carItem,read> 0.003941441441441441
<42,carAgent1,carPat2HR,addNote> 0.00748873873873874
<43,oncAgent2,oncPat2noteItem,read> 0.0032094594594594596
<44,oncDoc1,oncPat2oncItem,read> 0.0023184949655537888
<45,oncDoc3,oncPat2oncItem,read> 6.955484896661366E-4
<46,carAgent2,carPat2HR,addNote> 0.0032094594594594596
<47,oncDoc1,oncPat1oncItem,read> 0.006973319473319473
<48,carPat2,carPat2HR,addNote> 0.0106981981981982
<49,carNurse1,carPat2HR,addItem> 0.04629028066528067
<50,doc2,carPat2carItem,read> 0.003941441441441441

