<0,anesDoc1,carPat1HR,addItem> 0.06027628040083511
<1,carNurse1,carPat2HR,addItem> 0.055639643446924715
<2,oncNurse2,oncPat1HR,addItem> 0.02472873042085543
<3,oncDoc1,oncPat1HR,addItem> 0.03653107903080916
<4,carNurse1,carPat1nursingItem,read> 0.061925947022331645
<5,oncNurse1,oncPat1nursingItem,read> 0.057865229184801706
<6,oncNurse1,oncPat1HR,addItem> 0.055639643446924715
<7,oncNurse2,oncPat2HR,addItem> 0.02472873042085543
<8,oncNurse2,oncPat1nursingItem,read> 0.02977859747521959
<9,oncDoc3,oncPat2HR,addItem> 0.014182654211961201
<10,oncNurse1,oncPat2HR,addItem> 0.055639643446924715
<11,carPat1,carPat1noteItem,read> 0.016919657656374768
<12,oncNurse2,oncPat2nursingItem,read> 0.025717879637689647
<13,doc1,oncPat2oncItem,read> 0.0047375041437849345
<14,oncAgent1,oncPat2HR,addNote> 0.009001257873191377
<15,oncPat1,oncPat1noteItem,read> 0.016919657656374768
<16,oncPat2,oncPat2noteItem,read> 0.012858939818844823
<17,oncPat1,oncPat1HR,addNote> 0.012858939818844823
<18,oncDoc1,oncPat2HR,addItem> 0.047275514039870674
<19,anesDoc1,oncPat1HR,addItem> 0.03287797112772824
<20,oncDoc2,oncPat1oncItem,read> 0.0010932701870272924
<21,carNurse2,carPat2nursingItem,read> 0.02977859747521959
<22,oncNurse1,oncPat2nursingItem,read> 0.061925947022331645
<23,carNurse1,carPat2nursingItem,read> 0.057865229184801706
<24,carDoc1,carPat1carItem,read> 0.0047375041437849345
<25,carDoc2,carPat2HR,addItem> 0.08036837386778015
<26,carPat2,carPat2noteItem,read> 0.012858939818844823
<27,carDoc1,carPat1HR,addItem> 0.020092093466945037
<28,oncDoc2,oncPat1HR,addItem> 0.010959323709242746
<29,oncPat2,oncPat2HR,addNote> 0.012858939818844823
<30,oncAgent2,oncPat2HR,addNote> 0.003857681945653447
<31,carAgent2,carPat2noteItem,read> 0.003857681945653447
<32,carDoc2,carPat1carItem,read> 0.0047375041437849345
<33,oncAgent1,oncPat2noteItem,read> 0.01306197571072132
<34,oncDoc4,oncPat2oncItem,read> 0.001114706857361161
<35,carNurse2,carPat1HR,addItem> 0.02472873042085543

