<0,oncDoc1,oncPat1HR,addItem> 0.03151193176970192
<1,oncDoc4,oncPat2HR,addItem> 0.016312058798433934
<2,oncNurse2,oncPat1nursingItem,read> 0.025687199960481227
<3,oncNurse1,oncPat2nursingItem,read> 0.05341769991781892
<4,carAgent2,carPat2noteItem,read> 0.0033276599948805228
<5,anesDoc1,carPat1HR,addItem> 0.05199468742000817
<6,oncNurse1,oncPat1HR,addItem> 0.047995096080007536
<7,oncDoc3,oncPat2HR,addItem> 0.01223404409882545
<8,carNurse1,carPat1nursingItem,read> 0.05341769991781892
<9,oncDoc1,oncPat2HR,addItem> 0.04078014699608484
<10,oncPat1,oncPat1HR,addNote> 0.011092199982935076
<11,carNurse1,carPat2HR,addItem> 0.047995096080007536
<12,oncAgent1,oncPat2noteItem,read> 0.01126733998266563
<13,oncNurse1,oncPat1nursingItem,read> 0.04991489992320784
<14,carPat1,carPat1noteItem,read> 0.014594999977546153
<15,doc1,oncPat2oncItem,read> 0.0040865999937129225
<16,oncAgent1,oncPat2HR,addNote> 0.007764539988054554
<17,carDoc2,carPat2HR,addItem> 0.06932624989334422
<18,anesDoc1,oncPat1HR,addItem> 0.028360738592731728
<19,oncDoc2,oncPat1oncItem,read> 9.430615370106742E-4
<20,carNurse2,carPat2nursingItem,read> 0.025687199960481227
<21,carNurse1,carPat2nursingItem,read> 0.04991489992320784
<22,carDoc1,carPat1carItem,read> 0.0040865999937129225
<23,oncNurse1,oncPat2HR,addItem> 0.047995096080007536
<24,carPat2,carPat2noteItem,read> 0.011092199982935076
<25,carDoc1,carPat1HR,addItem> 0.017331562473336056
<26,oncDoc2,oncPat1HR,addItem> 0.009453579530910576
<27,oncPat2,oncPat2noteItem,read> 0.011092199982935076
<28,oncNurse2,oncPat1HR,addItem> 0.021331153813336685
<29,oncPat2,oncPat2HR,addNote> 0.011092199982935076
<30,oncPat1,oncPat1noteItem,read> 0.014594999977546153
<31,carNurse2,carPat1HR,addItem> 0.021331153813336685
<32,oncAgent2,oncPat2HR,addNote> 0.0033276599948805228
<33,carNurse2,carPat2HR,addItem> 0.021331153813336685
<34,carDoc2,carPat1carItem,read> 0.0040865999937129225
<35,oncNurse2,oncPat2HR,addItem> 0.021331153813336685
<36,oncDoc4,oncPat2oncItem,read> 9.615529396971582E-4
<37,carDoc2,carPat2carItem,read> 0.0040865999937129225
<38,carNurse2,carPat1nursingItem,read> 0.02218439996587015
<39,carAgent1,carPat2noteItem,read> 0.01126733998266563
<40,carAgent1,carPat2HR,addNote> 0.007764539988054554
<41,oncNurse2,oncPat2nursingItem,read> 0.02218439996587015
<42,carNurse1,carPat1HR,addItem> 0.047995096080007536
<43,oncAgent2,oncPat2noteItem,read> 0.0033276599948805228
<44,oncDoc1,oncPat2oncItem,read> 0.0024038823492428954
<45,oncDoc3,oncPat2oncItem,read> 7.211647047728685E-4

