<0,carNurse1,carPat2HR,addItem> 0.04629028066528066
<1,carNurse2,carPat1nursingItem,read> 0.021396396396396396
<2,anesDoc1,oncPat1HR,addItem> 0.027353347665847662
<3,carNurse1,carPat1nursingItem,read> 0.051520270270270264
<4,carNurse1,carPat1HR,addItem> 0.04629028066528066
<5,oncAgent1,oncPat2HR,addNote> 0.0074887387387387394
<6,oncNurse2,oncPat2nursingItem,read> 0.021396396396396396
<7,oncNurse1,oncPat1HR,addItem> 0.04629028066528066
<8,oncDoc3,oncPat2HR,addItem> 0.011799483306836247
<9,carNurse2,carPat2HR,addItem> 0.020573458073458072
<10,oncNurse1,oncPat1nursingItem,read> 0.048141891891891886
<11,carPat1,carPat1noteItem,read> 0.014076576576576575
<12,doc1,oncPat2oncItem,read> 0.003941441441441441
<13,oncDoc2,oncPat1oncItem,read> 9.095634095634093E-4
<14,carNurse2,carPat2nursingItem,read> 0.02477477477477477
<15,carNurse1,carPat2nursingItem,read> 0.048141891891891886
<16,oncNurse1,oncPat2nursingItem,read> 0.051520270270270264
<17,carNurse2,carPat1HR,addItem> 0.020573458073458072
<18,carDoc1,carPat1carItem,read> 0.003941441441441441
<19,oncNurse1,oncPat2HR,addItem> 0.04629028066528066
<20,carPat2,carPat2noteItem,read> 0.010698198198198198
<21,carPat2,carPat2HR,addNote> 0.010698198198198198
<22,oncNurse2,oncPat1nursingItem,read> 0.02477477477477477
<23,carDoc1,carPat1HR,addItem> 0.016715934684684682
<24,oncDoc2,oncPat1HR,addItem> 0.009117782555282554
<25,oncNurse2,oncPat1HR,addItem> 0.020573458073458072
<26,carDoc2,carPat2HR,addItem> 0.06686373873873873
<27,oncPat2,oncPat2HR,addNote> 0.010698198198198198
<28,anesDoc1,carPat1HR,addItem> 0.05014780405405405
<29,oncPat1,oncPat1noteItem,read> 0.014076576576576575
<30,oncAgent2,oncPat2HR,addNote> 0.003209459459459459
<31,carAgent2,carPat2noteItem,read> 0.003209459459459459
<32,carDoc2,carPat1carItem,read> 0.003941441441441441
<33,oncNurse2,oncPat2HR,addItem> 0.020573458073458072
<34,oncAgent1,oncPat2noteItem,read> 0.010867117117117117
<35,oncPat1,oncPat1HR,addNote> 0.010698198198198198
<36,oncDoc4,oncPat2oncItem,read> 9.273979862215154E-4
<37,oncDoc1,oncPat1HR,addItem> 0.03039260851760852
<38,oncDoc1,oncPat2HR,addItem> 0.03933161102278749
<39,carDoc2,carPat2carItem,read> 0.003941441441441441
<40,carAgent1,carPat2noteItem,read> 0.010867117117117117
<41,carAgent1,carPat2HR,addNote> 0.0074887387387387394
<42,oncPat2,oncPat2noteItem,read> 0.010698198198198198
<43,oncAgent2,oncPat2noteItem,read> 0.003209459459459459
<44,oncDoc1,oncPat2oncItem,read> 0.0023184949655537888
<45,oncDoc4,oncPat2HR,addItem> 0.015732644409114996
<46,oncDoc3,oncPat2oncItem,read> 6.955484896661365E-4
<47,carAgent2,carPat2HR,addNote> 0.003209459459459459
<48,oncDoc1,oncPat1oncItem,read> 0.0069733194733194726
<49,doc2,carPat2carItem,read> 0.003941441441441441
<50,carPat1,carPat1HR,addNote> 0.010698198198198198

