<0,carNurse1,carPat2HR,addItem> 0.05448644046390678
<1,carNurse2,carPat1nursingItem,read> 0.0251848435922058
<2,anesDoc1,oncPat1HR,addItem> 0.032196533001399456
<3,carNurse1,carPat1nursingItem,read> 0.060642452333863964
<4,carNurse1,carPat1HR,addItem> 0.05448644046390678
<5,oncAgent1,oncPat2HR,addNote> 0.008814695257272031
<6,oncNurse2,oncPat2nursingItem,read> 0.0251848435922058
<7,oncNurse1,oncPat1HR,addItem> 0.05448644046390678
<8,oncDoc3,oncPat2HR,addItem> 0.013888700510407609
<9,carNurse2,carPat2HR,addItem> 0.024216195761736347
<10,oncNurse1,oncPat1nursingItem,read> 0.05666589808246305
<11,carPat1,carPat1noteItem,read> 0.016568976047503816
<12,doc1,oncPat2oncItem,read> 0.004639313293301068
<13,oncDoc2,oncPat1oncItem,read> 0.001070610759992554
<14,carNurse2,carPat2nursingItem,read> 0.029161397843606714
<15,carNurse1,carPat2nursingItem,read> 0.05666589808246305
<16,oncNurse1,oncPat2nursingItem,read> 0.060642452333863964
<17,carNurse2,carPat1HR,addItem> 0.024216195761736347
<18,carDoc1,carPat1carItem,read> 0.004639313293301068
<19,oncNurse1,oncPat2HR,addItem> 0.05448644046390678
<20,carPat2,carPat2noteItem,read> 0.0125924217961029
<21,carPat2,carPat2HR,addNote> 0.0125924217961029
<22,oncNurse2,oncPat1nursingItem,read> 0.029161397843606714
<23,carDoc1,carPat1HR,addItem> 0.01967565905641078
<24,oncDoc2,oncPat1HR,addItem> 0.010732177667133153
<25,oncNurse2,oncPat1HR,addItem> 0.024216195761736347
<26,carDoc2,carPat2HR,addItem> 0.07870263622564312
<27,oncPat2,oncPat2HR,addNote> 0.0125924217961029
<28,anesDoc1,carPat1HR,addItem> 0.059026977169232345
<29,oncPat1,oncPat1noteItem,read> 0.016568976047503816
<30,oncAgent2,oncPat2HR,addNote> 0.00377772653883087
<31,carAgent2,carPat2noteItem,read> 0.00377772653883087
<32,carDoc2,carPat1carItem,read> 0.004639313293301068
<33,oncNurse2,oncPat2HR,addItem> 0.024216195761736347
<34,oncAgent1,oncPat2noteItem,read> 0.012791249508672947
<35,oncPat1,oncPat1HR,addNote> 0.0125924217961029

