<0,oncDoc3,oncPat2HR,addItem> 0.013389178797033779
<1,doc1,oncPat2oncItem,read> 0.004472455513956547
<2,oncNurse1,oncPat2HR,addItem> 0.05252677835759406
<3,oncNurse2,oncPat1nursingItem,read> 0.028112577516298292
<4,carDoc2,carPat2HR,addItem> 0.07587201318319142
<5,carNurse2,carPat2HR,addItem> 0.023345234825597364
<6,oncDoc1,oncPat2HR,addItem> 0.044630595990112605
<7,oncNurse1,oncPat1HR,addItem> 0.05252677835759406
<8,carDoc2,carPat2carItem,read> 0.004472455513956547
<9,carNurse1,carPat1nursingItem,read> 0.05846138278957486
<10,carNurse1,carPat2nursingItem,read> 0.05462784949189782
<11,oncNurse1,oncPat1nursingItem,read> 0.05462784949189782
<12,carPat1,carPat1noteItem,read> 0.015973055406987666
<13,carNurse2,carPat1nursingItem,read> 0.024279044218621256
<14,oncAgent1,oncPat2HR,addNote> 0.008497665476517442
<15,oncNurse2,oncPat2nursingItem,read> 0.024279044218621256
<16,anesDoc1,carPat1HR,addItem> 0.05690400988739357
<17,anesDoc1,oncPat1HR,addItem> 0.031038550847669218
<18,carNurse1,carPat1HR,addItem> 0.05252677835759406
<19,carNurse1,carPat2HR,addItem> 0.05252677835759406
<20,oncDoc2,oncPat1oncItem,read> 0.0010321051186053568
<21,carDoc1,carPat1HR,addItem> 0.018968003295797856
<22,carNurse2,carPat2nursingItem,read> 0.028112577516298292
<23,oncNurse1,oncPat2nursingItem,read> 0.05846138278957486
<24,oncDoc1,oncPat1HR,addItem> 0.03448727871963247
<25,carDoc1,carPat1carItem,read> 0.004472455513956547
<26,carPat2,carPat2noteItem,read> 0.012139522109310628
<27,carDoc2,carPat1carItem,read> 0.004472455513956547
<28,oncDoc2,oncPat1HR,addItem> 0.010346183615889739
<29,oncNurse2,oncPat1HR,addItem> 0.023345234825597364
<30,oncPat2,oncPat2HR,addNote> 0.012139522109310628
<31,oncPat1,oncPat1noteItem,read> 0.015973055406987666
<32,oncAgent2,oncPat2HR,addNote> 0.0036418566327931882
<33,carAgent2,carPat2noteItem,read> 0.0036418566327931882
<34,oncNurse2,oncPat2HR,addItem> 0.023345234825597364
<35,oncAgent1,oncPat2noteItem,read> 0.01233119877419448

