<0,carNurse1,carPat1nursingItem,read> 0.06659347576050952
<1,carDoc2,carPat2HR,addItem> 0.08642595897880334
<2,carNurse1,carPat2nursingItem,read> 0.0622266904647384
<3,oncNurse1,oncPat1HR,addItem> 0.05983335621609462
<4,oncNurse2,oncPat1nursingItem,read> 0.03202309216898818
<5,oncDoc3,oncPat2HR,addItem> 0.015251639819788823
<6,oncNurse1,oncPat1nursingItem,read> 0.0622266904647384
<7,carAgent1,carPat2noteItem,read> 0.01404649270139709
<8,oncNurse2,oncPat2HR,addItem> 0.026592602762708722
<9,carNurse1,carPat1HR,addItem> 0.05983335621609462
<10,carPat1,carPat1noteItem,read> 0.01819493873237965
<11,anesDoc1,carPat1HR,addItem> 0.0648194692341025
<12,oncNurse1,oncPat2nursingItem,read> 0.06659347576050952
<13,doc1,oncPat2oncItem,read> 0.005094582845066301
<14,oncNurse1,oncPat2HR,addItem> 0.05983335621609462
<15,carDoc2,carPat1carItem,read> 0.005094582845066301
<16,carPat1,carPat1HR,addNote> 0.013828153436608535
<17,carDoc1,carPat1HR,addItem> 0.021606489744700835
<18,oncPat2,oncPat2noteItem,read> 0.013828153436608535
<19,oncPat1,oncPat1noteItem,read> 0.01819493873237965
<20,oncAgent1,oncPat2HR,addNote> 0.009679707405625975
<21,anesDoc1,oncPat1HR,addItem> 0.035356074127692275
<22,oncDoc2,oncPat1oncItem,read> 0.0011756729642460695
<23,oncPat1,oncPat1HR,addNote> 0.013828153436608535
<24,carPat2,carPat2noteItem,read> 0.013828153436608535
<25,carNurse2,carPat2HR,addItem> 0.026592602762708722
<26,oncDoc1,oncPat2HR,addItem> 0.050838799399296086
<27,carNurse2,carPat2nursingItem,read> 0.03202309216898818
<28,carDoc1,carPat1carItem,read> 0.005094582845066301
<29,oncNurse2,oncPat2nursingItem,read> 0.02765630687321707
<30,oncDoc2,oncPat1HR,addItem> 0.01178535804256409

