<0,oncDoc1,oncPat2oncItem,read> 0.002990567348008008
<1,carDoc1,carPat1HR,addItem> 0.021561456549254166
<2,carNurse1,carPat1HR,addItem> 0.059708648905626924
<3,carNurse1,carPat2HR,addItem> 0.059708648905626924
<4,oncNurse1,oncPat1HR,addItem> 0.059708648905626924
<5,oncDoc1,oncPat2HR,addItem> 0.05073283893942157
<6,oncNurse1,oncPat2HR,addItem> 0.059708648905626924
<7,oncDoc1,oncPat1HR,addItem> 0.03920264827137122
<8,oncDoc3,oncPat2HR,addItem> 0.01521985168182647
<9,carNurse1,carPat2nursingItem,read> 0.062096994861852
<10,carNurse1,carPat1nursingItem,read> 0.06645467871180652
<11,oncNurse1,oncPat1nursingItem,read> 0.062096994861852
<12,carDoc2,carPat2HR,addItem> 0.08624582619701666
<13,anesDoc1,oncPat1HR,addItem> 0.03528238344423409
<14,carNurse2,carPat2nursingItem,read> 0.03195634823299986
<15,carPat1,carPat1noteItem,read> 0.01815701604147719
<16,doc1,oncPat2oncItem,read> 0.005083964491613613
<17,oncAgent1,oncPat2HR,addNote> 0.009659532534065868
<18,oncDoc2,oncPat1oncItem,read> 0.0011732225749877569
<19,oncDoc1,oncPat1oncItem,read> 0.008994706408239472
<20,oncNurse1,oncPat2nursingItem,read> 0.06645467871180652
<21,carDoc1,carPat1carItem,read> 0.005083964491613613
<22,oncDoc4,oncPat2HR,addItem> 0.020293135575768628
<23,carPat2,carPat2noteItem,read> 0.013799332191522667
<24,oncNurse2,oncPat1nursingItem,read> 0.03195634823299986
<25,oncAgent1,oncPat2noteItem,read> 0.014017216384020394
<26,oncNurse2,oncPat2HR,addItem> 0.026537177291389748
<27,oncDoc2,oncPat1HR,addItem> 0.011760794481411364
<28,oncNurse2,oncPat1HR,addItem> 0.026537177291389748
<29,oncPat2,oncPat2HR,addNote> 0.013799332191522667
<30,carAgent1,carPat2noteItem,read> 0.014017216384020394

