<0,carNurse2,carPat1nursingItem,read> 0.02777097367177738
<1,carNurse1,carPat1HR,addItem> 0.06008143342451837
<2,carDoc2,carPat2HR,addItem> 0.08678429272430431
<3,oncNurse1,oncPat2nursingItem,read> 0.06686958134125343
<4,carNurse2,carPat2HR,addItem> 0.02670285929978594
<5,oncNurse1,oncPat1HR,addItem> 0.06008143342451837
<6,oncDoc3,oncPat2HR,addItem> 0.015314875186641935
<7,carNurse1,carPat1nursingItem,read> 0.06686958134125343
<8,carNurse1,carPat2nursingItem,read> 0.0624846907614991
<9,oncDoc4,oncPat2HR,addItem> 0.02041983358218925
<10,oncNurse1,oncPat1nursingItem,read> 0.0624846907614991
<11,carPat1,carPat1noteItem,read> 0.01827037741564301
<12,doc1,oncPat2oncItem,read> 0.005115705676380043
<13,oncPat2,oncPat2noteItem,read> 0.01388548683588869
<14,oncNurse2,oncPat1nursingItem,read> 0.0321558642515317
<15,oncAgent1,oncPat2HR,addNote> 0.009719840785122084
<16,anesDoc1,oncPat1HR,addItem> 0.035502665205397216
<17,oncPat2,oncPat2HR,addNote> 0.01388548683588869
<18,anesDoc1,carPat1HR,addItem> 0.06508821954322823
<19,oncDoc2,oncPat1oncItem,read> 0.0011805474637800097
<20,carNurse2,carPat2nursingItem,read> 0.0321558642515317
<21,carNurse2,carPat1HR,addItem> 0.02670285929978594
<22,carDoc1,carPat1HR,addItem> 0.021696073181076077
<23,oncNurse2,oncPat2nursingItem,read> 0.02777097367177738
<24,carDoc1,carPat1carItem,read> 0.005115705676380043
<25,oncNurse1,oncPat2HR,addItem> 0.06008143342451837
<26,carPat2,carPat2noteItem,read> 0.01388548683588869
<27,doc2,carPat2carItem,read> 0.005115705676380043
<28,oncDoc2,oncPat1HR,addItem> 0.011834221735132405
<29,oncNurse2,oncPat1HR,addItem> 0.02670285929978594
<30,oncPat1,oncPat1noteItem,read> 0.01827037741564301

