<0,oncNurse1,oncPat1HR,addItem> 0.054592234506373176
<1,oncNurse1,oncPat2HR,addItem> 0.054592234506373176
<2,oncNurse1,oncPat2nursingItem,read> 0.06076019924709323
<3,carNurse1,carPat2nursingItem,read> 0.056775923886628096
<4,carAgent2,carPat2noteItem,read> 0.0037850615924418735
<5,oncPat2,oncPat2noteItem,read> 0.012616871974806244
<6,carNurse1,carPat1HR,addItem> 0.054592234506373176
<7,carNurse1,carPat1nursingItem,read> 0.06076019924709323
<8,carPat2,carPat2noteItem,read> 0.012616871974806244
<9,anesDoc1,oncPat1HR,addItem> 0.03225904766285687
<10,oncNurse2,oncPat2nursingItem,read> 0.02523374394961249
<11,carNurse2,carPat2nursingItem,read> 0.029218019310077618
<12,oncNurse2,oncPat1nursingItem,read> 0.029218019310077618
<13,oncDoc3,oncPat2HR,addItem> 0.013915667619271592
<14,carDoc2,carPat2HR,addItem> 0.07885544984253903
<15,oncNurse1,oncPat1nursingItem,read> 0.056775923886628096
<16,anesDoc1,carPat1HR,addItem> 0.059141587381904275
<17,carPat1,carPat1noteItem,read> 0.016601147335271373
<18,carAgent1,carPat2noteItem,read> 0.0128160857428295
<19,doc1,oncPat2oncItem,read> 0.004648321253875984
<20,carNurse1,carPat2HR,addItem> 0.054592234506373176
<21,oncAgent1,oncPat2HR,addNote> 0.008831810382364372
<22,oncDoc2,oncPat1oncItem,read> 0.0010726895201252271
<23,carDoc1,carPat1carItem,read> 0.004648321253875984
<24,carDoc1,carPat1HR,addItem> 0.019713862460634758
<25,oncDoc2,oncPat1HR,addItem> 0.010753015887618957
<26,carPat1,carPat1HR,addNote> 0.012616871974806244
<27,oncNurse2,oncPat1HR,addItem> 0.024263215336165857
<28,oncPat2,oncPat2HR,addNote> 0.012616871974806244
<29,oncPat1,oncPat1noteItem,read> 0.016601147335271373
<30,oncAgent2,oncPat2HR,addNote> 0.0037850615924418735
<31,carDoc2,carPat1carItem,read> 0.004648321253875984
<32,oncDoc1,oncPat2HR,addItem> 0.046385558730905316
<33,oncAgent1,oncPat2noteItem,read> 0.0128160857428295
<34,oncNurse2,oncPat2HR,addItem> 0.024263215336165857
<35,oncPat1,oncPat1HR,addNote> 0.012616871974806244

