<0,child2p,toy_story,view> 0.014270220175712195
<1,teen1p,star_wars,view> 0.07416078738420008
<2,adult1r,toy_story,view> 0.008930596117142794
<3,teen2r,jaws,view> 0.012360131230700015
<4,adult1p,star_wars,view> 0.018123644371456943
<5,teen1p,jaws,view> 0.05932862990736006
<6,teen2p,jaws,view> 0.05932862990736006
<7,adult1p,the_lion_king,view> 0.08913068782657974
<8,adult1p,cloud_atlas,view> 0.0018911000782971014
<9,teen2p,happy_feet,view> 0.0025009726893032345
<10,child1p,toy_story,view> 0.014270220175712195
<11,adult2p,the_lion_king,view> 0.08913068782657974
<12,teen1r,star_wars,view> 0.015450164038375017
<13,teen1r,toy_story,view> 0.0031518334638285035
<14,adult2p,jaws,view> 0.014498915497165555
<15,teen2p,toy_story,view> 0.015567512918958758
<16,adult2r,brave_heart,view> 0.0021670359949928597
<17,teen2p,life_of_pi,view> 0.01112411810763001
<18,teen1p,brave,view> 0.01112411810763001
<19,adult2p,my_cousin_vinny,view> 0.009061822185728471
<20,teen2r,the_lion_king,view> 0.006303666927657007
<21,teen2r,star_wars,view> 0.015450164038375017
<22,child2p,cars,view> 0.001834046638822372
<23,child2p,the_lion_king,view> 0.02854044035142439
<24,adult1r,my_cousin_vinny,view> 0.0018058633291607165
<25,adult2p,brave,view> 0.0028366501174456518
<26,adult1p,brave,view> 0.0028366501174456518
<27,teen2p,star_wars,view> 0.07416078738420008
<28,teen1p,the_lion_king,view> 0.031135025837917517
<29,teen1r,jaws,view> 0.012360131230700015
<30,adult2r,the_lion_king,view> 0.01786119223428559
<31,child1p,cars,view> 0.001834046638822372
<32,adult2p,cloud_atlas,view> 0.0018911000782971014
<33,teen1p,cars,view> 0.002000778151442587
<34,adult2p,brave_heart,view> 0.010874186622874166
<35,teen2p,brave,view> 0.01112411810763001
<36,teen1p,toy_story,view> 0.015567512918958758
<37,child1p,happy_feet,view> 0.002292558298527965
<38,adult1r,brave_heart,view> 0.0021670359949928597
<39,adult2p,toy_story,view> 0.04456534391328987
<40,child2p,happy_feet,view> 0.002292558298527965
<41,adult1p,jaws,view> 0.014498915497165555
<42,adult2r,toy_story,view> 0.008930596117142794
<43,adult1p,cars,view> 0.00578297830803679
<44,adult2p,star_wars,view> 0.018123644371456943
<45,adult1p,toy_story,view> 0.04456534391328987
<46,adult1p,life_of_pi,view> 0.0028366501174456518
<47,child1p,the_lion_king,view> 0.02854044035142439
<48,adult2p,happy_feet_2,view> 0.00578297830803679
<49,teen2r,toy_story,view> 0.0031518334638285035
<50,teen2p,the_lion_king,view> 0.031135025837917517
<51,adult1p,my_cousin_vinny,view> 0.009061822185728471
<52,adult2p,cars,view> 0.00578297830803679
<53,adult1r,star_wars,view> 0.003611726658321433
<54,adult1r,jaws,view> 0.002889381326657146

