<0,child2r,toy_story,view> 0.003323622849719159
<1,adult1p,the_lion_king,view> 0.09398871928714456
<2,adult2p,happy_feet_2,view> 0.006098177160881599
<3,child1p,the_lion_king,view> 0.030096025307700766
<4,teen2p,star_wars,view> 0.07820289058162727
<5,adult2r,star_wars,view> 0.003808582333520809
<6,teen2r,star_wars,view> 0.016292268871172348
<7,adult1p,toy_story,view> 0.04699435964357228
<8,teen1p,jaws,view> 0.0625623124653018
<9,adult2p,the_lion_king,view> 0.09398871928714456
<10,adult1p,cloud_atlas,view> 0.001994173709831495
<11,teen1p,cars,view> 0.0021098297412186088
<12,teen2p,toy_story,view> 0.016416013804200418
<13,adult2r,brave_heart,view> 0.0022851494001124855
<14,teen1p,star_wars,view> 0.07820289058162727
<15,teen2r,the_lion_king,view> 0.006647245699438318
<16,adult2r,my_cousin_vinny,view> 0.0019042911667604045
<17,child2p,cars,view> 0.0019340105961170584
<18,adult1r,my_cousin_vinny,view> 0.0019042911667604045
<19,teen2p,jaws,view> 0.0625623124653018
<20,adult2p,brave,view> 0.0029912605647472415
<21,teen1p,brave,view> 0.011730433587244089
<22,teen2r,jaws,view> 0.01303381509693788
<23,adult1p,brave,view> 0.0029912605647472415
<24,teen2r,toy_story,view> 0.003323622849719159
<25,adult1r,toy_story,view> 0.009417354583352452
<26,adult2p,toy_story,view> 0.04699435964357228
<27,teen1r,jaws,view> 0.01303381509693788
<28,adult2p,star_wars,view> 0.019111466149607414
<29,teen1p,the_lion_king,view> 0.032832027608400836
<30,teen2p,the_lion_king,view> 0.032832027608400836
<31,child1p,cars,view> 0.0019340105961170584
<32,adult2p,cloud_atlas,view> 0.001994173709831495
<33,adult2p,jaws,view> 0.01528917291968593
<34,child1p,happy_feet,view> 0.002417513245146323
<35,adult1p,life_of_pi,view> 0.0029912605647472415
<36,adult1r,brave_heart,view> 0.0022851494001124855
<37,child2p,happy_feet,view> 0.002417513245146323
<38,adult2r,toy_story,view> 0.009417354583352452
<39,adult1p,jaws,view> 0.01528917291968593
<40,teen1p,life_of_pi,view> 0.011730433587244089
<41,child1p,toy_story,view> 0.015048012653850383
<42,teen1r,toy_story,view> 0.003323622849719159
<43,child2p,toy_story,view> 0.015048012653850383
<44,adult1p,my_cousin_vinny,view> 0.009555733074803707
<45,adult2p,cars,view> 0.006098177160881599
<46,teen1r,star_wars,view> 0.016292268871172348
<47,adult1p,cars,view> 0.006098177160881599
<48,adult1r,star_wars,view> 0.003808582333520809
<49,teen2p,brave,view> 0.011730433587244089
<50,adult2p,life_of_pi,view> 0.0029912605647472415
<51,child2p,the_lion_king,view> 0.030096025307700766
<52,adult2p,my_cousin_vinny,view> 0.009555733074803707
<53,adult1r,jaws,view> 0.0030468658668166473
<54,child1p,happy_feet_2,view> 0.0019340105961170584

