<0,child2r,toy_story,view> 0.0029844913942860232
<1,adult1p,the_lion_king,view> 0.0843984220099312
<2,adult2p,happy_feet_2,view> 0.005475939383140471
<3,child1p,the_lion_king,view> 0.027025126674838293
<4,teen2p,star_wars,view> 0.07022332692437702
<5,adult2r,star_wars,view> 0.003419967220343037
<6,teen2r,star_wars,view> 0.01462985977591188
<7,adult1p,toy_story,view> 0.0421992110049656
<8,teen1p,jaws,view> 0.056178661539501615
<9,adult2p,the_lion_king,view> 0.0843984220099312
<10,adult1p,cloud_atlas,view> 0.0017906948365716134
<11,teen1p,cars,view> 0.0018945497099972439
<12,teen2p,toy_story,view> 0.014740978186275433
<13,adult2r,brave_heart,view> 0.002051980332205822
<14,teen1p,star_wars,view> 0.07022332692437702
<15,teen2r,the_lion_king,view> 0.0059689827885720465
<16,adult2r,my_cousin_vinny,view> 0.0017099836101715186
<17,child2p,cars,view> 0.0017366705674974738
<18,adult1r,my_cousin_vinny,view> 0.0017099836101715186
<19,teen2p,jaws,view> 0.056178661539501615
<20,adult2p,brave,view> 0.0026860422548574195
<21,teen1p,brave,view> 0.01053349903865655
<22,teen2r,jaws,view> 0.011703887820729505
<23,adult1p,brave,view> 0.0026860422548574195
<24,teen2r,toy_story,view> 0.0029844913942860232
<25,adult1r,toy_story,view> 0.008456438946834881
<26,adult2p,toy_story,view> 0.0421992110049656
<27,teen1r,jaws,view> 0.011703887820729505
<28,adult2p,star_wars,view> 0.017161395511681353
<29,teen1p,the_lion_king,view> 0.029481956372550865
<30,teen2p,the_lion_king,view> 0.029481956372550865
<31,child1p,cars,view> 0.0017366705674974738
<32,adult2p,cloud_atlas,view> 0.0017906948365716134
<33,adult2p,jaws,view> 0.013729116409345083
<34,child1p,happy_feet,view> 0.0021708382093718424
<35,adult1p,life_of_pi,view> 0.0026860422548574195
<36,adult1r,brave_heart,view> 0.002051980332205822
<37,child2p,happy_feet,view> 0.0021708382093718424
<38,adult2r,toy_story,view> 0.008456438946834881
<39,adult1p,jaws,view> 0.013729116409345083
<40,teen1p,life_of_pi,view> 0.01053349903865655
<41,child1p,toy_story,view> 0.013512563337419146
<42,teen1r,toy_story,view> 0.0029844913942860232
<43,child2p,toy_story,view> 0.013512563337419146
<44,adult1p,my_cousin_vinny,view> 0.008580697755840676
<45,adult2p,cars,view> 0.005475939383140471
<46,teen1r,star_wars,view> 0.01462985977591188
<47,adult1p,cars,view> 0.005475939383140471
<48,adult1r,star_wars,view> 0.003419967220343037
<49,teen2p,brave,view> 0.01053349903865655
<50,adult2p,life_of_pi,view> 0.0026860422548574195
<51,child2p,the_lion_king,view> 0.027025126674838293
<52,adult2p,my_cousin_vinny,view> 0.008580697755840676
<53,adult1r,jaws,view> 0.0027359737762744298
<54,child1p,happy_feet_2,view> 0.0017366705674974738
<55,adult2p,brave_heart,view> 0.010296837307008812
<56,adult1p,flight,view> 0.0017906948365716134
<57,adult2p,flight,view> 0.0017906948365716134
<58,teen1p,happy_feet,view> 0.0023681871374965553
<59,teen2p,life_of_pi,view> 0.01053349903865655
<60,teen2p,happy_feet,view> 0.0023681871374965553
<61,adult1r,the_lion_king,view> 0.016912877893669763
<62,adult1p,brave_heart,view> 0.010296837307008812
<63,adult1p,happy_feet_2,view> 0.005475939383140471
<64,adult1p,happy_feet,view> 0.006844924228925589
<65,adult2r,jaws,view> 0.0027359737762744298
<66,child1r,toy_story,view> 0.0029844913942860232
<67,child2p,happy_feet_2,view> 0.0017366705674974738
<68,teen2p,happy_feet_2,view> 0.0018945497099972439
<69,adult1p,star_wars,view> 0.017161395511681353
<70,adult2p,happy_feet,view> 0.006844924228925589

