<0,adult1p,the_lion_king,view> 0.08591269107953418
<1,teen1r,the_lion_king,view> 0.006076077753127945
<2,teen1p,jaws,view> 0.057186614147086534
<3,teen1p,life_of_pi,view> 0.010722490152578723
<4,child2r,the_lion_king,view> 0.006076077753127945
<5,adult2r,the_lion_king,view> 0.017216327262300647
<6,child1p,toy_story,view> 0.013755004561148395
<7,adult2p,happy_feet,view> 0.0069677352578144764
<8,teen2p,star_wars,view> 0.07148326768385817
<9,adult1p,cloud_atlas,view> 0.0018228233259383827
<10,teen2p,toy_story,view> 0.015005459521252793
<11,teen2p,life_of_pi,view> 0.010722490152578723
<12,teen2p,cars,view> 0.001928541554374815
<13,child1p,the_lion_king,view> 0.02751000912229679
<14,teen1r,star_wars,view> 0.01489234743413712
<15,teen2p,the_lion_king,view> 0.030010919042505586
<16,adult2p,the_lion_king,view> 0.08591269107953418
<17,adult2r,brave_heart,view> 0.0020887967829698816
<18,teen2p,brave,view> 0.010722490152578723
<19,child2p,cars,view> 0.0017678297581769139
<20,adult1r,my_cousin_vinny,view> 0.0017406639858082349
<21,adult2p,brave,view> 0.0027342349889075738
<22,teen2p,jaws,view> 0.057186614147086534
<23,teen1p,brave,view> 0.010722490152578723
<24,teen2r,jaws,view> 0.011913877947309696
<25,adult1p,brave,view> 0.0027342349889075738
<26,teen1p,star_wars,view> 0.07148326768385817
<27,adult1p,toy_story,view> 0.04295634553976709
<28,adult1r,the_lion_king,view> 0.017216327262300647
<29,adult1r,toy_story,view> 0.008608163631150323
<30,child2p,the_lion_king,view> 0.02751000912229679
<31,adult1p,cars,view> 0.005574188206251581
<32,teen1r,jaws,view> 0.011913877947309696
<33,child2p,toy_story,view> 0.013755004561148395
<34,child1p,cars,view> 0.0017678297581769139
<35,adult2p,cloud_atlas,view> 0.0018228233259383827
<36,adult2p,jaws,view> 0.013975443009257151
<37,teen1p,cars,view> 0.001928541554374815
<38,child1p,happy_feet,view> 0.0022097871977211424
<39,adult2r,jaws,view> 0.002785062377293176
<40,adult1r,brave_heart,view> 0.0020887967829698816
<41,child2p,happy_feet,view> 0.0022097871977211424
<42,adult2r,toy_story,view> 0.008608163631150323
<43,adult1p,jaws,view> 0.013975443009257151
<44,adult2p,star_wars,view> 0.01746930376157144
<45,adult1p,life_of_pi,view> 0.0027342349889075738
<46,teen1r,toy_story,view> 0.0030380388765639723
<47,teen1p,the_lion_king,view> 0.030010919042505586
<48,adult1p,star_wars,view> 0.01746930376157144
<49,adult2p,happy_feet_2,view> 0.005574188206251581
<50,teen2r,toy_story,view> 0.0030380388765639723
<51,adult1p,my_cousin_vinny,view> 0.00873465188078572
<52,adult2p,cars,view> 0.005574188206251581
<53,adult2p,my_cousin_vinny,view> 0.00873465188078572
<54,teen2r,star_wars,view> 0.01489234743413712
<55,adult1r,star_wars,view> 0.0034813279716164698
<56,adult1r,jaws,view> 0.002785062377293176
<57,child1p,happy_feet_2,view> 0.0017678297581769139
<58,adult2p,brave_heart,view> 0.010481582256942863
<59,adult1p,flight,view> 0.0018228233259383827
<60,adult2p,toy_story,view> 0.04295634553976709
<61,adult2p,flight,view> 0.0018228233259383827
<62,teen1p,happy_feet,view> 0.002410676942968519

