<0,teen1r,jaws,view> 0.012058622486174175
<1,child2p,cars,view> 0.0017893075426791466
<2,teen2p,star_wars,view> 0.07235173491704504
<3,adult2p,the_lion_king,view> 0.0869564648119755
<4,teen1p,jaws,view> 0.057881387933636036
<5,teen1p,the_lion_king,view> 0.030375528841004286
<6,adult1p,cloud_atlas,view> 0.001844969240384648
<7,child1r,toy_story,view> 0.0030749487339744143
<8,teen2p,toy_story,view> 0.015187764420502143
<9,teen2p,jaws,view> 0.057881387933636036
<10,teen2p,the_lion_king,view> 0.030375528841004286
<11,adult2r,brave_heart,view> 0.0021141740722513164
<12,adult2p,star_wars,view> 0.017681542490928504
<13,adult1r,my_cousin_vinny,view> 0.0017618117268760971
<14,teen1p,star_wars,view> 0.07235173491704504
<15,adult1r,brave_heart,view> 0.0021141740722513164
<16,adult2p,brave,view> 0.0027674538605769717
<17,adult1p,toy_story,view> 0.04347823240598775
<18,child2r,toy_story,view> 0.0030749487339744143
<19,adult2r,toy_story,view> 0.008712746259977925
<20,teen1p,brave,view> 0.010852760237556755
<21,adult1p,jaws,view> 0.014145233992742805
<22,child1p,the_lion_king,view> 0.027844234770920597
<23,adult1r,toy_story,view> 0.008712746259977925
<24,teen2r,jaws,view> 0.012058622486174175
<25,teen1r,star_wars,view> 0.01507327810771772
<26,adult2p,jaws,view> 0.014145233992742805
<27,teen1p,life_of_pi,view> 0.010852760237556755
<28,adult1p,brave,view> 0.0027674538605769717
<29,child1p,cars,view> 0.0017893075426791466
<30,adult2p,cloud_atlas,view> 0.001844969240384648
<31,teen1p,cars,view> 0.001951971864740887
<32,adult1p,the_lion_king,view> 0.0869564648119755
<33,child1p,happy_feet,view> 0.0022366344283489335
<34,child1p,happy_feet_2,view> 0.0017893075426791466
<35,child2p,happy_feet,view> 0.0022366344283489335
<36,child1p,toy_story,view> 0.013922117385460299
<37,adult2p,toy_story,view> 0.04347823240598775
<38,adult1p,brave_heart,view> 0.010608925494557102
<39,adult1p,life_of_pi,view> 0.0027674538605769717
<40,teen1r,toy_story,view> 0.0030749487339744143
<41,adult2p,happy_feet_2,view> 0.005641910345510183
<42,teen1p,toy_story,view> 0.015187764420502143
<43,child2p,toy_story,view> 0.013922117385460299
<44,teen2r,toy_story,view> 0.0030749487339744143
<45,adult1p,my_cousin_vinny,view> 0.008840771245464252
<46,adult2p,cars,view> 0.005641910345510183
<47,adult1p,cars,view> 0.005641910345510183
<48,teen2r,star_wars,view> 0.01507327810771772
<49,adult1r,star_wars,view> 0.0035236234537521943
<50,teen2p,brave,view> 0.010852760237556755
<51,child2p,the_lion_king,view> 0.027844234770920597
<52,adult2p,my_cousin_vinny,view> 0.008840771245464252
<53,adult1r,jaws,view> 0.0028188987630017553
<54,adult2p,brave_heart,view> 0.010608925494557102
<55,adult1p,flight,view> 0.001844969240384648
<56,adult2p,flight,view> 0.001844969240384648
<57,teen1p,happy_feet,view> 0.0024399648309261094
<58,teen2p,life_of_pi,view> 0.010852760237556755
<59,teen2p,happy_feet,view> 0.0024399648309261094
<60,adult1r,the_lion_king,view> 0.01742549251995585
<61,adult1p,happy_feet_2,view> 0.005641910345510183
<62,adult1p,happy_feet,view> 0.0070523879318877295

