<0,teen1r,jaws,view> 0.011553336357321345
<1,child2p,cars,view> 0.001714331127868572
<2,teen2p,star_wars,view> 0.06932001814392806
<3,adult2p,the_lion_king,view> 0.08331277370762692
<4,teen1p,jaws,view> 0.05545601451514245
<5,teen1p,the_lion_king,view> 0.02910271899912341
<6,adult1p,cloud_atlas,view> 0.001767660462670165
<7,child1r,toy_story,view> 0.0029461007711169425
<8,teen2p,toy_story,view> 0.014551359499561704
<9,teen2p,jaws,view> 0.05545601451514245
<10,teen2p,the_lion_king,view> 0.02910271899912341
<11,adult2r,brave_heart,view> 0.002025584945764132
<12,adult2p,star_wars,view> 0.01694064209640735
<13,adult1r,my_cousin_vinny,view> 0.0016879874548034431
<14,teen1p,star_wars,view> 0.06932001814392806
<15,adult1r,brave_heart,view> 0.002025584945764132
<16,adult2p,brave,view> 0.002651490694005247
<17,adult1p,toy_story,view> 0.04165638685381346
<18,child2r,toy_story,view> 0.0029461007711169425
<19,adult2r,toy_story,view> 0.00834766062648796
<20,teen1p,brave,view> 0.010398002721589207
<21,adult1p,jaws,view> 0.01355251367712588
<22,child1p,the_lion_king,view> 0.026677492415863126
<23,adult1r,toy_story,view> 0.00834766062648796
<24,teen2r,jaws,view> 0.011553336357321345
<25,teen1r,star_wars,view> 0.014441670446651681
<26,adult2p,jaws,view> 0.01355251367712588
<27,teen1p,life_of_pi,view> 0.010398002721589207
<28,adult1p,brave,view> 0.002651490694005247
<29,child1p,cars,view> 0.001714331127868572
<30,adult2p,cloud_atlas,view> 0.001767660462670165
<31,teen1p,cars,view> 0.0018701794122202601
<32,adult1p,the_lion_king,view> 0.08331277370762692
<33,child1p,happy_feet,view> 0.002142913909835715
<34,child1p,happy_feet_2,view> 0.001714331127868572
<35,child2p,happy_feet,view> 0.002142913909835715
<36,child1p,toy_story,view> 0.013338746207931563
<37,adult2p,toy_story,view> 0.04165638685381346
<38,adult1p,brave_heart,view> 0.01016438525784441
<39,adult1p,life_of_pi,view> 0.002651490694005247
<40,teen1r,toy_story,view> 0.0029461007711169425
<41,adult2p,happy_feet_2,view> 0.00540550033756059
<42,teen1p,toy_story,view> 0.014551359499561704
<43,child2p,toy_story,view> 0.013338746207931563
<44,teen2r,toy_story,view> 0.0029461007711169425
<45,adult1p,my_cousin_vinny,view> 0.008470321048203675
<46,adult2p,cars,view> 0.00540550033756059
<47,adult1p,cars,view> 0.00540550033756059
<48,teen2r,star_wars,view> 0.014441670446651681
<49,adult1r,star_wars,view> 0.0033759749096068862
<50,teen2p,brave,view> 0.010398002721589207
<51,child2p,the_lion_king,view> 0.026677492415863126
<52,adult2p,my_cousin_vinny,view> 0.008470321048203675
<53,adult1r,jaws,view> 0.002700779927685509
<54,adult2p,brave_heart,view> 0.01016438525784441
<55,adult1p,flight,view> 0.001767660462670165
<56,adult2p,flight,view> 0.001767660462670165
<57,teen1p,happy_feet,view> 0.002337724265275326
<58,teen2p,life_of_pi,view> 0.010398002721589207
<59,teen2p,happy_feet,view> 0.002337724265275326
<60,adult1r,the_lion_king,view> 0.01669532125297592
<61,adult1p,happy_feet_2,view> 0.00540550033756059
<62,adult1p,happy_feet,view> 0.006756875421950738
<63,adult2r,jaws,view> 0.002700779927685509
<64,child2p,happy_feet_2,view> 0.001714331127868572
<65,adult2r,star_wars,view> 0.0033759749096068862
<66,adult2p,life_of_pi,view> 0.002651490694005247
<67,adult1p,star_wars,view> 0.01694064209640735
<68,adult2p,happy_feet,view> 0.006756875421950738
<69,teen2r,the_lion_king,view> 0.005892201542233885
<70,teen2p,cars,view> 0.0018701794122202601

