<0,teen2p,star_wars,view> 0.06666666666666662
<1,adult2p,the_lion_king,view> 0.08012382371726627
<2,adult1p,the_lion_king,view> 0.08012382371726627
<3,adult1p,my_cousin_vinny,view> 0.008146103896103889
<4,teen2p,jaws,view> 0.053333333333333295
<5,adult1p,toy_story,view> 0.040061911858633135
<6,adult1p,cloud_atlas,view> 0.0016999999999999984
<7,child1p,toy_story,view> 0.012828181108508968
<8,teen2p,life_of_pi,view> 0.009999999999999992
<9,adult1r,the_lion_king,view> 0.016056277056277046
<10,teen2p,toy_story,view> 0.013994379391100693
<11,adult2r,brave_heart,view> 0.001948051948051947
<12,child2p,cars,view> 0.0016487119437939097
<13,adult2p,jaws,view> 0.013033766233766222
<14,adult1p,brave,view> 0.002549999999999997
<15,teen1r,the_lion_king,view> 0.005666666666666663
<16,adult2p,toy_story,view> 0.040061911858633135
<17,child1p,the_lion_king,view> 0.025656362217017937
<18,teen1p,jaws,view> 0.053333333333333295
<19,adult1r,my_cousin_vinny,view> 0.0016233766233766224
<20,teen2r,star_wars,view> 0.013888888888888881
<21,teen1p,life_of_pi,view> 0.009999999999999992
<22,adult2p,brave,view> 0.002549999999999997
<23,teen1p,brave,view> 0.009999999999999992
<24,teen2r,jaws,view> 0.011111111111111105
<25,adult1r,toy_story,view> 0.008028138528138523
<26,teen1r,jaws,view> 0.011111111111111105
<27,child1p,cars,view> 0.0016487119437939097
<28,adult2p,cloud_atlas,view> 0.0016999999999999984
<29,teen2r,the_lion_king,view> 0.005666666666666663
<30,child2p,the_lion_king,view> 0.025656362217017937
<31,teen1p,cars,view> 0.0017985948477751742
<32,child1p,happy_feet,view> 0.0020608899297423875
<33,teen2p,the_lion_king,view> 0.027988758782201386
<34,adult1r,brave_heart,view> 0.001948051948051947
<35,child2p,happy_feet,view> 0.0020608899297423875
<36,adult2r,the_lion_king,view> 0.016056277056277046
<37,adult2r,toy_story,view> 0.008028138528138523
<38,adult1p,jaws,view> 0.013033766233766222
<39,adult2p,star_wars,view> 0.016292207792207778
<40,adult1p,life_of_pi,view> 0.002549999999999997
<41,teen1r,star_wars,view> 0.013888888888888881
<42,teen1r,toy_story,view> 0.0028333333333333314
<43,teen1p,the_lion_king,view> 0.027988758782201386
<44,adult2p,happy_feet_2,view> 0.005198594847775171
<45,child2p,toy_story,view> 0.012828181108508968
<46,teen1p,star_wars,view> 0.06666666666666662
<47,teen2r,toy_story,view> 0.0028333333333333314
<48,adult2p,cars,view> 0.005198594847775171
<49,adult1p,cars,view> 0.005198594847775171
<50,adult1r,star_wars,view> 0.003246753246753245
<51,teen2p,brave,view> 0.009999999999999992
<52,adult2p,my_cousin_vinny,view> 0.008146103896103889
<53,adult2r,jaws,view> 0.002597402597402596
<54,adult1r,jaws,view> 0.002597402597402596
<55,child1p,happy_feet_2,view> 0.0016487119437939097
<56,adult2p,brave_heart,view> 0.009775324675324666
<57,adult1p,happy_feet,view> 0.006498243559718964
<58,adult1p,flight,view> 0.0016999999999999984
<59,adult2p,flight,view> 0.0016999999999999984
<60,teen1p,happy_feet,view> 0.002248243559718968
<61,teen2p,happy_feet,view> 0.002248243559718968
<62,adult1p,happy_feet_2,view> 0.005198594847775171
<63,adult1p,brave_heart,view> 0.009775324675324666
<64,child1r,toy_story,view> 0.0028333333333333314
<65,child2p,happy_feet_2,view> 0.0016487119437939097
<66,adult2r,star_wars,view> 0.003246753246753245
<67,adult2p,life_of_pi,view> 0.002549999999999997
<68,adult1p,star_wars,view> 0.016292207792207778
<69,adult2p,happy_feet,view> 0.006498243559718964
<70,child2r,toy_story,view> 0.0028333333333333314
<71,teen2p,cars,view> 0.0017985948477751742
<72,child1r,the_lion_king,view> 0.005666666666666663
<73,teen1p,happy_feet_2,view> 0.0017985948477751742
<74,adult2r,my_cousin_vinny,view> 0.0016233766233766224
<75,teen1p,toy_story,view> 0.013994379391100693
<76,child2r,the_lion_king,view> 0.005666666666666663
<77,teen2p,happy_feet_2,view> 0.0017985948477751742

