<0,child2p,toy_story,view> 0.012828181108508968
<1,teen1p,star_wars,view> 0.06666666666666662
<2,adult1r,toy_story,view> 0.008028138528138523
<3,teen2r,jaws,view> 0.011111111111111105
<4,adult1p,star_wars,view> 0.016292207792207778
<5,teen1p,jaws,view> 0.053333333333333295
<6,teen2p,jaws,view> 0.053333333333333295
<7,adult1p,the_lion_king,view> 0.08012382371726627
<8,adult1p,cloud_atlas,view> 0.0016999999999999984
<9,teen2p,happy_feet,view> 0.002248243559718968
<10,child1p,toy_story,view> 0.012828181108508968
<11,adult2p,the_lion_king,view> 0.08012382371726627
<12,teen1r,star_wars,view> 0.013888888888888881
<13,teen1r,toy_story,view> 0.0028333333333333314
<14,adult2p,jaws,view> 0.013033766233766222
<15,teen2p,toy_story,view> 0.013994379391100693
<16,adult2r,brave_heart,view> 0.001948051948051947
<17,teen2p,life_of_pi,view> 0.009999999999999992
<18,teen1p,brave,view> 0.009999999999999992
<19,adult2p,my_cousin_vinny,view> 0.008146103896103889
<20,teen2r,the_lion_king,view> 0.005666666666666663
<21,teen2r,star_wars,view> 0.013888888888888881
<22,child2p,cars,view> 0.0016487119437939097
<23,child2p,the_lion_king,view> 0.025656362217017937
<24,adult1r,my_cousin_vinny,view> 0.0016233766233766224
<25,adult2p,brave,view> 0.002549999999999997
<26,adult1p,brave,view> 0.002549999999999997
<27,teen2p,star_wars,view> 0.06666666666666662
<28,teen1p,the_lion_king,view> 0.027988758782201386
<29,teen1r,jaws,view> 0.011111111111111105
<30,adult2r,the_lion_king,view> 0.016056277056277046
<31,child1p,cars,view> 0.0016487119437939097
<32,adult2p,cloud_atlas,view> 0.0016999999999999984
<33,teen1p,cars,view> 0.0017985948477751742
<34,adult2p,brave_heart,view> 0.009775324675324666
<35,teen2p,brave,view> 0.009999999999999992
<36,teen1p,toy_story,view> 0.013994379391100693
<37,child1p,happy_feet,view> 0.0020608899297423875
<38,adult1r,brave_heart,view> 0.001948051948051947
<39,adult2p,toy_story,view> 0.040061911858633135
<40,child2p,happy_feet,view> 0.0020608899297423875
<41,adult1p,jaws,view> 0.013033766233766222
<42,adult2r,toy_story,view> 0.008028138528138523
<43,adult1p,cars,view> 0.005198594847775171
<44,adult2p,star_wars,view> 0.016292207792207778
<45,adult1p,toy_story,view> 0.040061911858633135
<46,adult1p,life_of_pi,view> 0.002549999999999997
<47,child1p,the_lion_king,view> 0.025656362217017937
<48,adult2p,happy_feet_2,view> 0.005198594847775171
<49,teen2r,toy_story,view> 0.0028333333333333314
<50,teen2p,the_lion_king,view> 0.027988758782201386
<51,adult1p,my_cousin_vinny,view> 0.008146103896103889
<52,adult2p,cars,view> 0.005198594847775171
<53,adult1r,star_wars,view> 0.003246753246753245
<54,adult1r,jaws,view> 0.002597402597402596
<55,child1p,happy_feet_2,view> 0.0016487119437939097
<56,adult1p,flight,view> 0.0016999999999999984
<57,adult2p,flight,view> 0.0016999999999999984
<58,teen1p,happy_feet,view> 0.002248243559718968
<59,adult1r,the_lion_king,view> 0.016056277056277046
<60,adult1p,happy_feet_2,view> 0.005198594847775171
<61,adult1p,happy_feet,view> 0.006498243559718964
<62,adult2r,jaws,view> 0.002597402597402596
<63,adult1p,brave_heart,view> 0.009775324675324666
<64,child1r,toy_story,view> 0.0028333333333333314
<65,teen1p,life_of_pi,view> 0.009999999999999992
<66,child2p,happy_feet_2,view> 0.0016487119437939097
<67,adult2r,star_wars,view> 0.003246753246753245
<68,adult2p,happy_feet,view> 0.006498243559718964
<69,adult2p,life_of_pi,view> 0.002549999999999997
<70,child2r,toy_story,view> 0.0028333333333333314
<71,teen2p,cars,view> 0.0017985948477751742
<72,child1r,the_lion_king,view> 0.005666666666666663
<73,teen1p,happy_feet_2,view> 0.0017985948477751742
<74,teen1r,the_lion_king,view> 0.005666666666666663
<75,adult2r,my_cousin_vinny,view> 0.0016233766233766224
<76,child2r,the_lion_king,view> 0.005666666666666663
<77,teen2p,happy_feet_2,view> 0.0017985948477751742

