<0,adult1p,the_lion_king,view> 0.10246691375342991
<1,teen1r,the_lion_king,view> 0.007246856398812167
<2,teen1p,jaws,view> 0.06820570728293804
<3,teen1p,life_of_pi,view> 0.01278857011555088
<4,child2r,the_lion_king,view> 0.007246856398812167
<5,adult2r,the_lion_king,view> 0.020533682492891007
<6,child1p,toy_story,view> 0.01640540935611523
<7,adult2p,happy_feet,view> 0.008310324339139299
<8,teen2p,star_wars,view> 0.08525713410367254
<9,adult1p,cloud_atlas,view> 0.0021740569196436496
<10,teen2p,toy_story,view> 0.01789681020667116
<11,teen2p,life_of_pi,view> 0.01278857011555088
<12,teen2p,cars,view> 0.0023001456320241396
<13,child1p,the_lion_king,view> 0.03281081871223046
<14,teen1r,star_wars,view> 0.017761902938265118
<15,teen2p,the_lion_king,view> 0.03579362041334232
<16,adult2p,the_lion_king,view> 0.10246691375342991
<17,adult2r,brave_heart,view> 0.0024912798926397827
<18,teen2p,brave,view> 0.01278857011555088
<19,child2p,cars,view> 0.0021084668293554617
<20,adult1r,my_cousin_vinny,view> 0.002076066577199819
<21,adult2p,brave,view> 0.0032610853794654733
<22,teen2p,jaws,view> 0.06820570728293804
<23,teen1p,brave,view> 0.01278857011555088
<24,teen2r,jaws,view> 0.014209522350612094
<25,adult1p,brave,view> 0.0032610853794654733
<26,teen1p,star_wars,view> 0.08525713410367254
<27,adult1p,toy_story,view> 0.051233456876714954
<28,adult1r,the_lion_king,view> 0.020533682492891007
<29,adult1r,toy_story,view> 0.010266841246445503
<30,child2p,the_lion_king,view> 0.03281081871223046
<31,adult1p,cars,view> 0.006648259471311439
<32,teen1r,jaws,view> 0.014209522350612094
<33,child2p,toy_story,view> 0.01640540935611523
<34,child1p,cars,view> 0.0021084668293554617
<35,adult2p,cloud_atlas,view> 0.0021740569196436496
<36,adult2p,jaws,view> 0.0166683233350219
<37,teen1p,cars,view> 0.0023001456320241396
<38,child1p,happy_feet,view> 0.002635583536694327
<39,adult2r,jaws,view> 0.00332170652351971
<40,adult1r,brave_heart,view> 0.0024912798926397827
<41,child2p,happy_feet,view> 0.002635583536694327
<42,adult2r,toy_story,view> 0.010266841246445503
<43,adult1p,jaws,view> 0.0166683233350219
<44,adult2p,star_wars,view> 0.020835404168777376
<45,adult1p,life_of_pi,view> 0.0032610853794654733
<46,teen1r,toy_story,view> 0.0036234281994060834

