<0,adult2r,the_lion_king,view> 0.020348390782860423
<1,child2p,the_lion_king,view> 0.03251474066053187
<2,teen2p,the_lion_king,view> 0.035470626175125676
<3,teen1p,the_lion_king,view> 0.035470626175125676
<4,teen2p,life_of_pi,view> 0.012673168700029002
<5,teen1p,star_wars,view> 0.0844877913335267
<6,teen2r,jaws,view> 0.014081298555587785
<7,teen2p,star_wars,view> 0.0844877913335267
<8,adult1p,the_lion_king,view> 0.10154227348603012
<9,adult1p,cloud_atlas,view> 0.0021544386790049302
<10,teen2p,toy_story,view> 0.017735313087562838
<11,adult2r,brave_heart,view> 0.002468799097408248
<12,teen2p,jaws,view> 0.06759023306682135
<13,teen1r,jaws,view> 0.014081298555587785
<14,adult1p,star_wars,view> 0.02064738978465764
<15,child2p,cars,view> 0.002089440460145297
<16,teen1p,life_of_pi,view> 0.012673168700029002
<17,teen1p,cars,view> 0.0022793895928857784
<18,adult1p,toy_story,view> 0.05077113674301506
<19,adult2p,toy_story,view> 0.05077113674301506
<20,adult1r,my_cousin_vinny,view> 0.00205733258117354
<21,adult2p,star_wars,view> 0.02064738978465764
<22,adult2p,brave,view> 0.0032316580185073945
<23,adult2p,life_of_pi,view> 0.0032316580185073945
<24,child1p,toy_story,view> 0.016257370330265936
<25,teen1p,brave,view> 0.012673168700029002
<26,child1p,happy_feet,view> 0.0026118005751816216
<27,adult2r,toy_story,view> 0.010174195391430212
<28,child2r,the_lion_king,view> 0.0071814622633497695
<29,adult2p,the_lion_king,view> 0.10154227348603012
<30,adult1p,brave,view> 0.0032316580185073945
<31,adult1r,toy_story,view> 0.010174195391430212
<32,child1p,cars,view> 0.002089440460145297
<33,adult2p,cloud_atlas,view> 0.0021544386790049302
<34,adult2p,jaws,view> 0.016517911827726113
<35,adult1r,brave_heart,view> 0.002468799097408248
<36,child2p,happy_feet,view> 0.0026118005751816216
<37,adult1p,jaws,view> 0.016517911827726113
<38,adult1p,life_of_pi,view> 0.0032316580185073945
<39,child1p,the_lion_king,view> 0.03251474066053187
<40,teen1r,toy_story,view> 0.0035907311316748848
<41,adult2p,happy_feet_2,view> 0.006588266950895639
<42,child2p,toy_story,view> 0.016257370330265936
<43,teen2r,toy_story,view> 0.0035907311316748848
<44,adult1p,my_cousin_vinny,view> 0.01032369489232882
<45,teen2r,star_wars,view> 0.01760162319448473
<46,adult2p,cars,view> 0.006588266950895639

