<0,child2r,toy_story,view> 0.0031273449750981483
<1,adult1p,the_lion_king,view> 0.08843817793688565
<2,adult2p,happy_feet_2,view> 0.005738046873444993
<3,child1p,the_lion_king,view> 0.02831869251483144
<4,teen2p,star_wars,view> 0.07358458764936819
<5,adult2r,star_wars,view> 0.003583664982923776
<6,teen2r,star_wars,view> 0.015330122426951708
<7,adult1p,toy_story,view> 0.04421908896844282
<8,teen1p,jaws,view> 0.05886767011949455
<9,adult2p,the_lion_king,view> 0.08843817793688565
<10,adult1p,cloud_atlas,view> 0.0018764069850588884
<11,teen1p,cars,view> 0.0019852329033272164
<12,teen2p,toy_story,view> 0.015446559553544422
<13,adult2r,brave_heart,view> 0.0021501989897542654
<14,teen1p,star_wars,view> 0.07358458764936819
<15,teen2r,the_lion_king,view> 0.0062546899501962966
<16,adult2r,my_cousin_vinny,view> 0.001791832491461888
<17,child2p,cars,view> 0.0018197968280499485
<18,adult1r,my_cousin_vinny,view> 0.001791832491461888
<19,teen2p,jaws,view> 0.05886767011949455
<20,adult2p,brave,view> 0.002814610477588332
<21,teen1p,brave,view> 0.011037688147405226
<22,teen2r,jaws,view> 0.012264097941561367
<23,adult1p,brave,view> 0.002814610477588332
<24,teen2r,toy_story,view> 0.0031273449750981483
<25,adult1r,toy_story,view> 0.00886120894777619
<26,adult2p,toy_story,view> 0.04421908896844282
<27,teen1r,jaws,view> 0.012264097941561367
<28,adult2p,star_wars,view> 0.0179828308843115
<29,teen1p,the_lion_king,view> 0.030893119107088845
<30,teen2p,the_lion_king,view> 0.030893119107088845
<31,child1p,cars,view> 0.0018197968280499485
<32,adult2p,cloud_atlas,view> 0.0018764069850588884
<33,adult2p,jaws,view> 0.014386264707449201
<34,child1p,happy_feet,view> 0.002274746035062436
<35,adult1p,life_of_pi,view> 0.002814610477588332
<36,adult1r,brave_heart,view> 0.0021501989897542654
<37,child2p,happy_feet,view> 0.002274746035062436
<38,adult2r,toy_story,view> 0.00886120894777619
<39,adult1p,jaws,view> 0.014386264707449201
<40,teen1p,life_of_pi,view> 0.011037688147405226
<41,child1p,toy_story,view> 0.01415934625741572
<42,teen1r,toy_story,view> 0.0031273449750981483
<43,child2p,toy_story,view> 0.01415934625741572
<44,adult1p,my_cousin_vinny,view> 0.00899141544215575
<45,adult2p,cars,view> 0.005738046873444993
<46,teen1r,star_wars,view> 0.015330122426951708
<47,adult1p,cars,view> 0.005738046873444993
<48,adult1r,star_wars,view> 0.003583664982923776
<49,teen2p,brave,view> 0.011037688147405226
<50,adult2p,life_of_pi,view> 0.002814610477588332
<51,child2p,the_lion_king,view> 0.02831869251483144
<52,adult2p,my_cousin_vinny,view> 0.00899141544215575
<53,adult1r,jaws,view> 0.0028669319863390205
<54,child1p,happy_feet_2,view> 0.0018197968280499485
<55,adult2p,brave_heart,view> 0.010789698530586901
<56,adult1p,flight,view> 0.0018764069850588884
<57,adult2p,flight,view> 0.0018764069850588884
<58,teen1p,happy_feet,view> 0.002481541129159021
<59,teen2p,life_of_pi,view> 0.011037688147405226
<60,teen2p,happy_feet,view> 0.002481541129159021
<61,adult1r,the_lion_king,view> 0.01772241789555238
<62,adult1p,brave_heart,view> 0.010789698530586901

