<0,adult1p,toy_story,view> 0.044296457854860825
<1,teen1p,star_wars,view> 0.07371333651635689
<2,teen2r,star_wars,view> 0.015356945107574354
<3,adult1p,cloud_atlas,view> 0.0018796900811671002
<4,teen2p,toy_story,view> 0.015473585960906635
<5,teen2p,jaws,view> 0.05897066921308551
<6,teen1p,cars,view> 0.001988706409059558
<7,adult1p,life_of_pi,view> 0.0028195351217506497
<8,teen2p,star_wars,view> 0.07371333651635689
<9,adult1p,cars,view> 0.005748086571393758
<10,child1p,happy_feet_2,view> 0.0018229808749712618
<11,adult2p,jaws,view> 0.014411435946977098
<12,teen1p,jaws,view> 0.05897066921308551
<13,teen2p,brave,view> 0.011057000477453532
<14,adult2p,toy_story,view> 0.044296457854860825
<15,adult2p,star_wars,view> 0.01801429493372137
<16,adult2r,the_lion_king,view> 0.017753426307738164
<17,adult2r,brave_heart,view> 0.002153961131971468
<18,child2p,cars,view> 0.0018229808749712618
<19,adult1p,the_lion_king,view> 0.08859291570972165
<20,adult1r,my_cousin_vinny,view> 0.0017949676099762234
<21,adult2p,the_lion_king,view> 0.08859291570972165
<22,adult2p,brave,view> 0.0028195351217506497
<23,teen1p,brave,view> 0.011057000477453532
<24,child1p,the_lion_king,view> 0.028368240928328833
<25,teen2r,jaws,view> 0.012285556086059484
<26,adult1p,brave,view> 0.0028195351217506497
<27,adult1r,toy_story,view> 0.008876713153869082
<28,teen1r,jaws,view> 0.012285556086059484
<29,child1p,cars,view> 0.0018229808749712618
<30,adult2p,cloud_atlas,view> 0.0018796900811671002
<31,adult1p,jaws,view> 0.014411435946977098
<32,child1p,happy_feet,view> 0.0022787260937140773
<33,adult1r,brave_heart,view> 0.002153961131971468
<34,child2p,happy_feet,view> 0.0022787260937140773
<35,adult2r,toy_story,view> 0.008876713153869082
<36,child1p,toy_story,view> 0.014184120464164417
<37,child2p,toy_story,view> 0.014184120464164417
<38,teen1p,toy_story,view> 0.015473585960906635
<39,teen1r,toy_story,view> 0.003132816801945168
<40,teen1p,the_lion_king,view> 0.03094717192181327
<41,teen2r,the_lion_king,view> 0.006265633603890336
<42,adult2p,happy_feet_2,view> 0.005748086571393758
<43,teen2r,toy_story,view> 0.003132816801945168
<44,teen2p,the_lion_king,view> 0.03094717192181327
<45,adult1p,my_cousin_vinny,view> 0.009007147466860686
<46,adult2p,cars,view> 0.005748086571393758
<47,teen1r,star_wars,view> 0.015356945107574354
<48,adult1r,star_wars,view> 0.0035899352199524467
<49,adult1p,star_wars,view> 0.01801429493372137
<50,child2p,the_lion_king,view> 0.028368240928328833
<51,adult2p,my_cousin_vinny,view> 0.009007147466860686
<52,adult1r,jaws,view> 0.0028719481759619573
<53,adult2p,brave_heart,view> 0.010808576960232822
<54,adult1r,the_lion_king,view> 0.017753426307738164

