<0,teen2p,jaws,view> 0.06525293658836281
<1,teen1p,jaws,view> 0.06525293658836281
<2,adult1p,toy_story,view> 0.04901545113974944
<3,teen2p,star_wars,view> 0.08156617073545352
<4,teen1r,jaws,view> 0.013594361789242256
<5,teen2p,brave,view> 0.012234925610318026
<6,child2r,the_lion_king,view> 0.0069331245125135495
<7,adult1p,cloud_atlas,view> 0.0020799373537540643
<8,teen2p,toy_story,view> 0.01712201908126848
<9,teen1p,star_wars,view> 0.08156617073545352
<10,adult2p,the_lion_king,view> 0.09803090227949889
<11,adult2r,brave_heart,view> 0.0023834270669450706
<12,adult1p,the_lion_king,view> 0.09803090227949889
<13,child2p,cars,view> 0.002017186798516134
<14,adult1p,my_cousin_vinny,view> 0.009966697518275301
<15,adult1r,my_cousin_vinny,view> 0.001986189222454226
<16,adult1p,star_wars,view> 0.019933395036550602
<17,teen1p,brave,view> 0.012234925610318026
<18,adult2p,brave,view> 0.0031199060306310957
<19,teen2r,jaws,view> 0.013594361789242256
<20,adult1p,brave,view> 0.0031199060306310957
<21,adult1r,toy_story,view> 0.009822367768110296
<22,child1p,cars,view> 0.002017186798516134
<23,adult2p,jaws,view> 0.01594671602924048
<24,child2p,toy_story,view> 0.01569518415782944
<25,adult2p,cloud_atlas,view> 0.0020799373537540643
<26,teen1p,cars,view> 0.002200567416563055
<27,adult2r,toy_story,view> 0.009822367768110296
<28,teen1p,life_of_pi,view> 0.012234925610318026
<29,child1p,happy_feet,view> 0.0025214834981451676
<30,adult1r,brave_heart,view> 0.0023834270669450706
<31,adult2p,toy_story,view> 0.04901545113974944
<32,child2p,happy_feet,view> 0.0025214834981451676
<33,adult1p,jaws,view> 0.01594671602924048
<34,child1p,toy_story,view> 0.01569518415782944
<35,adult2p,star_wars,view> 0.019933395036550602
<36,teen1p,the_lion_king,view> 0.03424403816253696
<37,adult1p,life_of_pi,view> 0.0031199060306310957
<38,child1p,the_lion_king,view> 0.03139036831565888
<39,teen1r,toy_story,view> 0.0034665622562567748
<40,adult2p,happy_feet_2,view> 0.006360442124071184
<41,teen2r,toy_story,view> 0.0034665622562567748
<42,teen1p,toy_story,view> 0.01712201908126848
<43,teen2p,the_lion_king,view> 0.03424403816253696
<44,adult2p,cars,view> 0.006360442124071184
<45,teen1r,star_wars,view> 0.01699295223655282
<46,adult1p,cars,view> 0.006360442124071184

