<0,adult1p,toy_story,view> 0.04277399081153024
<1,teen1p,star_wars,view> 0.07117981282315766
<2,teen2r,star_wars,view> 0.014829127671491183
<3,adult1p,cloud_atlas,view> 0.00181508522699052
<4,teen2p,toy_story,view> 0.014941759584522048
<5,teen2p,jaws,view> 0.056943850258526135
<6,teen1p,cars,view> 0.001920354669139991
<7,adult1p,life_of_pi,view> 0.0027226278404857795
<8,teen2p,star_wars,view> 0.07117981282315766
<9,adult1p,cars,view> 0.005550525123121031
<10,child1p,happy_feet_2,view> 0.0017603251133783253
<11,adult2p,jaws,view> 0.013916115613504094
<12,teen1p,jaws,view> 0.056943850258526135
<13,teen2p,brave,view> 0.010676971923473649
<14,adult2p,toy_story,view> 0.04277399081153024
<15,adult2p,star_wars,view> 0.01739514451688012
<16,adult2r,the_lion_king,view> 0.01714324193253843
<17,adult2r,brave_heart,view> 0.0020799295954818803
<18,child2p,cars,view> 0.0017603251133783253
<19,adult1p,the_lion_king,view> 0.08554798162306047
<20,adult1r,my_cousin_vinny,view> 0.0017332746629015667
<21,adult2p,the_lion_king,view> 0.08554798162306047
<22,adult2p,brave,view> 0.0027226278404857795
<23,teen1p,brave,view> 0.010676971923473649
<24,child1p,the_lion_king,view> 0.02739322590495709
<25,teen2r,jaws,view> 0.011863302137192945
<26,adult1p,brave,view> 0.0027226278404857795
<27,adult1r,toy_story,view> 0.008571620966269214
<28,teen1r,jaws,view> 0.011863302137192945
<29,child1p,cars,view> 0.0017603251133783253
<30,adult2p,cloud_atlas,view> 0.00181508522699052
<31,adult1p,jaws,view> 0.013916115613504094
<32,child1p,happy_feet,view> 0.002200406391722907
<33,adult1r,brave_heart,view> 0.0020799295954818803
<34,child2p,happy_feet,view> 0.002200406391722907
<35,adult2r,toy_story,view> 0.008571620966269214
<36,child1p,toy_story,view> 0.013696612952478544
<37,child2p,toy_story,view> 0.013696612952478544
<38,teen1p,toy_story,view> 0.014941759584522048
<39,teen1r,toy_story,view> 0.003025142044984201
<40,teen1p,the_lion_king,view> 0.029883519169044095
<41,teen2r,the_lion_king,view> 0.006050284089968402
<42,adult2p,happy_feet_2,view> 0.005550525123121031
<43,teen2r,toy_story,view> 0.003025142044984201
<44,teen2p,the_lion_king,view> 0.029883519169044095
<45,adult1p,my_cousin_vinny,view> 0.00869757225844006
<46,adult2p,cars,view> 0.005550525123121031
<47,teen1r,star_wars,view> 0.014829127671491183
<48,adult1r,star_wars,view> 0.0034665493258031334
<49,adult1p,star_wars,view> 0.01739514451688012
<50,child2p,the_lion_king,view> 0.02739322590495709
<51,adult2p,my_cousin_vinny,view> 0.00869757225844006
<52,adult1r,jaws,view> 0.002773239460642507
<53,adult2p,brave_heart,view> 0.01043708671012807
<54,adult1r,the_lion_king,view> 0.01714324193253843
<55,adult1p,happy_feet,view> 0.006938156403901289
<56,adult1p,flight,view> 0.00181508522699052
<57,adult2p,flight,view> 0.00181508522699052
<58,teen1p,happy_feet,view> 0.0024004433364249894
<59,teen2p,life_of_pi,view> 0.010676971923473649
<60,teen2p,happy_feet,view> 0.0024004433364249894
<61,adult1p,happy_feet_2,view> 0.005550525123121031
<62,adult2r,jaws,view> 0.002773239460642507

