<0,teen2p,jaws,view> 0.058536478978446806
<1,adult2r,toy_story,view> 0.008811355541033248
<2,adult2p,the_lion_king,view> 0.08794062230059758
<3,adult1p,star_wars,view> 0.017881658980144845
<4,adult1p,toy_story,view> 0.04397031115029879
<5,adult1p,jaws,view> 0.014305327184115877
<6,adult2p,toy_story,view> 0.04397031115029879
<7,adult1p,cloud_atlas,view> 0.0018658502674379913
<8,teen2p,star_wars,view> 0.0731705987230585
<9,teen2p,toy_story,view> 0.015359656782067039
<10,teen2r,jaws,view> 0.012195099787176419
<11,adult2r,brave_heart,view> 0.002138101910738723
<12,child2p,cars,view> 0.0018095586007388707
<13,adult2p,happy_feet_2,view> 0.00570576446295475
<14,child1p,toy_story,view> 0.014079685383561453
<15,teen1p,the_lion_king,view> 0.030719313564134078
<16,adult2p,happy_feet,view> 0.007132205578693439
<17,adult1r,toy_story,view> 0.008811355541033248
<18,adult1r,my_cousin_vinny,view> 0.001781751592282269
<19,adult1p,brave_heart,view> 0.010728995388086908
<20,adult2p,brave,view> 0.0027987754011569864
<21,teen1p,brave,view> 0.010975589808458773
<22,teen1p,jaws,view> 0.058536478978446806
<23,adult1p,brave,view> 0.0027987754011569864
<24,adult2r,the_lion_king,view> 0.017622711082066495
<25,adult1p,the_lion_king,view> 0.08794062230059758
<26,child1p,the_lion_king,view> 0.028159370767122906
<27,teen1r,jaws,view> 0.012195099787176419
<28,adult1r,the_lion_king,view> 0.017622711082066495
<29,child1p,cars,view> 0.0018095586007388707
<30,adult2p,cloud_atlas,view> 0.0018658502674379913
<31,adult2p,jaws,view> 0.014305327184115877
<32,adult2p,my_cousin_vinny,view> 0.008940829490072423
<33,adult1p,happy_feet,view> 0.007132205578693439
<34,teen1p,toy_story,view> 0.015359656782067039
<35,teen1p,cars,view> 0.0019740639280787678
<36,child1p,happy_feet,view> 0.0022619482509235885
<37,adult1r,brave_heart,view> 0.002138101910738723
<38,child2p,happy_feet,view> 0.0022619482509235885
<39,adult2p,brave_heart,view> 0.010728995388086908
<40,adult2p,star_wars,view> 0.017881658980144845
<41,adult1p,life_of_pi,view> 0.0027987754011569864
<42,teen1r,toy_story,view> 0.0031097504457299864
<43,child2p,toy_story,view> 0.014079685383561453
<44,child2p,the_lion_king,view> 0.028159370767122906
<45,teen2r,toy_story,view> 0.0031097504457299864
<46,teen2r,star_wars,view> 0.015243874733970524
<47,teen2p,the_lion_king,view> 0.030719313564134078
<48,teen1p,life_of_pi,view> 0.010975589808458773
<49,adult1p,my_cousin_vinny,view> 0.008940829490072423
<50,adult2p,cars,view> 0.00570576446295475
<51,teen1r,star_wars,view> 0.015243874733970524
<52,child1p,happy_feet_2,view> 0.0018095586007388707
<53,adult1p,cars,view> 0.00570576446295475
<54,adult1r,star_wars,view> 0.003563503184564538
<55,teen2p,brave,view> 0.010975589808458773
<56,adult1r,jaws,view> 0.0028508025476516306
<57,adult1p,flight,view> 0.0018658502674379913
<58,adult2p,flight,view> 0.0018658502674379913
<59,teen1p,happy_feet,view> 0.0024675799100984603
<60,teen2p,life_of_pi,view> 0.010975589808458773
<61,teen2p,happy_feet,view> 0.0024675799100984603
<62,adult1p,happy_feet_2,view> 0.00570576446295475
<63,adult2r,jaws,view> 0.0028508025476516306
<64,child1r,toy_story,view> 0.0031097504457299864
<65,child2p,happy_feet_2,view> 0.0018095586007388707
<66,adult2r,star_wars,view> 0.003563503184564538
<67,adult2p,life_of_pi,view> 0.0027987754011569864
<68,child2r,toy_story,view> 0.0031097504457299864
<69,teen2r,the_lion_king,view> 0.006219500891459973
<70,teen2p,cars,view> 0.0019740639280787678

