<0,teen2p,jaws,view> 0.05333333333333328
<1,teen1p,jaws,view> 0.05333333333333328
<2,adult1p,toy_story,view> 0.04006191185863313
<3,teen2p,star_wars,view> 0.06666666666666661
<4,teen1r,jaws,view> 0.011111111111111103
<5,teen2p,brave,view> 0.00999999999999999
<6,child2r,the_lion_king,view> 0.005666666666666662
<7,adult1p,cloud_atlas,view> 0.001699999999999998
<8,teen2p,toy_story,view> 0.01399437939110069
<9,teen1p,star_wars,view> 0.06666666666666661
<10,adult2p,the_lion_king,view> 0.08012382371726626
<11,adult2r,brave_heart,view> 0.0019480519480519465
<12,adult1p,the_lion_king,view> 0.08012382371726626
<13,child2p,cars,view> 0.0016487119437939095
<14,adult1p,my_cousin_vinny,view> 0.008146103896103887
<15,adult1r,my_cousin_vinny,view> 0.0016233766233766222
<16,adult1p,star_wars,view> 0.016292207792207775
<17,teen1p,brave,view> 0.00999999999999999
<18,adult2p,brave,view> 0.0025499999999999963
<19,teen2r,jaws,view> 0.011111111111111103
<20,adult1p,brave,view> 0.0025499999999999963
<21,adult1r,toy_story,view> 0.008028138528138521
<22,child1p,cars,view> 0.0016487119437939095
<23,adult2p,jaws,view> 0.01303376623376622
<24,child2p,toy_story,view> 0.012828181108508967
<25,adult2p,cloud_atlas,view> 0.001699999999999998
<26,teen1p,cars,view> 0.0017985948477751738
<27,adult2r,toy_story,view> 0.008028138528138521
<28,teen1p,life_of_pi,view> 0.00999999999999999
<29,child1p,happy_feet,view> 0.002060889929742387
<30,adult1r,brave_heart,view> 0.0019480519480519465
<31,adult2p,toy_story,view> 0.04006191185863313
<32,child2p,happy_feet,view> 0.002060889929742387
<33,adult1p,jaws,view> 0.01303376623376622
<34,child1p,toy_story,view> 0.012828181108508967
<35,adult2p,star_wars,view> 0.016292207792207775
<36,teen1p,the_lion_king,view> 0.02798875878220138
<37,adult1p,life_of_pi,view> 0.0025499999999999963
<38,child1p,the_lion_king,view> 0.025656362217017933
<39,teen1r,toy_story,view> 0.002833333333333331
<40,adult2p,happy_feet_2,view> 0.0051985948477751695
<41,teen2r,toy_story,view> 0.002833333333333331
<42,teen1p,toy_story,view> 0.01399437939110069
<43,teen2p,the_lion_king,view> 0.02798875878220138
<44,adult2p,cars,view> 0.0051985948477751695
<45,teen1r,star_wars,view> 0.013888888888888878
<46,adult1p,cars,view> 0.0051985948477751695
<47,teen2r,star_wars,view> 0.013888888888888878
<48,adult1r,the_lion_king,view> 0.016056277056277043
<49,adult1r,star_wars,view> 0.0032467532467532444
<50,child2p,the_lion_king,view> 0.025656362217017933
<51,adult2p,my_cousin_vinny,view> 0.008146103896103887
<52,adult1r,jaws,view> 0.0025974025974025952
<53,child1p,happy_feet_2,view> 0.0016487119437939095
<54,adult2p,brave_heart,view> 0.009775324675324664
<55,adult1p,flight,view> 0.001699999999999998
<56,adult1p,happy_feet,view> 0.006498243559718963
<57,adult2p,flight,view> 0.001699999999999998
<58,teen1p,happy_feet,view> 0.0022482435597189674
<59,teen2p,life_of_pi,view> 0.00999999999999999
<60,teen2p,happy_feet,view> 0.0022482435597189674
<61,adult1p,happy_feet_2,view> 0.0051985948477751695
<62,adult2r,jaws,view> 0.0025974025974025952
<63,adult1p,brave_heart,view> 0.009775324675324664
<64,child1r,toy_story,view> 0.002833333333333331
<65,child2p,happy_feet_2,view> 0.0016487119437939095
<66,adult2r,star_wars,view> 0.0032467532467532444
<67,adult2p,life_of_pi,view> 0.0025499999999999963
<68,adult2p,happy_feet,view> 0.006498243559718963
<69,child2r,toy_story,view> 0.002833333333333331
<70,teen2r,the_lion_king,view> 0.005666666666666662
<71,teen2p,cars,view> 0.0017985948477751738
<72,adult2r,the_lion_king,view> 0.016056277056277043
<73,child1r,the_lion_king,view> 0.005666666666666662
<74,teen1p,happy_feet_2,view> 0.0017985948477751738
<75,teen1r,the_lion_king,view> 0.005666666666666662
<76,adult2r,my_cousin_vinny,view> 0.0016233766233766222
<77,teen2p,happy_feet_2,view> 0.0017985948477751738

