<0,code21,proj21task2propa,request> 0.0010174418604651156
<1,ldr12,proj12budget,read> 0.005813953488372093
<2,acc2,proj22budget,read> 0.011627906976744184
<3,plan1,proj11sched,write> 0.014534883720930227
<4,des11,proj11task1,request> 0.0030523255813953475
<5,des11,proj11task1a,read> 0.01220930232558139
<6,code12,proj12task2propa,setStatus> 0.005087209302325578
<7,aud1,proj11budget,read> 0.014534883720930227
<8,des22,proj22task1a,request> 0.0020348837209302317
<9,des12,proj12sched,read> 0.00207641196013289
<10,code22,proj22task2,read> 0.008139534883720927
<11,plan2,proj21task1,setSchedule> 0.005087209302325578
<12,acc1,proj12budget,write> 0.002906976744186046
<13,mgr1,proj12budget,read> 0.011627906976744184
<14,plan2,proj21task2,setSchedule> 0.005087209302325578
<15,des22,proj22task1propa,setStatus> 0.005087209302325578
<16,mgr2,proj22budget,read> 0.011627906976744184
<17,ldr2,proj21budget,read> 0.005813953488372093
<18,code21,proj21task2a,read> 0.01220930232558139
<19,acc2,proj22task2,setCost> 0.005087209302325578
<20,acc1,proj12budget,read> 0.011627906976744184
<21,plan2,proj22task1a,setSchedule> 0.005087209302325578
<22,aud1,proj12budget,read> 0.014534883720930227
<23,des21,proj21task1a,read> 0.01220930232558139
<24,plan1,proj12task1prop,setSchedule> 0.005087209302325578
<25,plan2,proj22task2propa,setSchedule> 0.005087209302325578
<26,ldr12,proj12budget,write> 0.0014534883720930232
<27,des11,proj11task1a,setStatus> 0.005087209302325578
<28,acc1,proj11task2,setCost> 0.005087209302325578
<29,plan2,proj21task2a,setSchedule> 0.005087209302325578
<30,acc1,proj12task2prop,setCost> 0.005087209302325578
<31,ldr11,proj11sched,read> 0.007832687338501291
<32,code22,proj22task2,request> 0.0020348837209302317
<33,mgr2,proj21budget,approve> 0.002906976744186046
<34,plan2,proj21task2prop,setSchedule> 0.005087209302325578
<35,acc1,proj11task1,setCost> 0.005087209302325578
<36,aud2,proj21budget,read> 0.014534883720930227
<37,code12,proj12task2a,setStatus> 0.005087209302325578
<38,acc2,proj21task2propa,setCost> 0.005087209302325578
<39,acc2,proj22task1a,setCost> 0.005087209302325578
<40,acc1,proj12task1a,setCost> 0.005087209302325578
<41,ldr11,proj12sched,read> 0.00207641196013289
<42,ldr2,proj22sched,write> 0.0014534883720930232
<43,acc1,proj11sched,read> 0.0020187338501291984
<44,ldr12,proj12sched,write> 0.0014534883720930232
<45,ldr12,proj12sched,read> 0.007890365448504983
<46,code11,proj11task2a,read> 0.01220930232558139
<47,des12,proj12task1a,setStatus> 0.005087209302325578
<48,des12,proj12task1,read> 0.008139534883720927
<49,code21,proj21task2a,request> 0.0030523255813953475
<50,acc2,proj22task2a,setCost> 0.005087209302325578
<51,plan1,proj11task1a,setSchedule> 0.005087209302325578
<52,acc2,proj21task1a,setCost> 0.005087209302325578
<53,acc2,proj22task1,setCost> 0.005087209302325578
<54,plan1,proj11task1prop,setSchedule> 0.005087209302325578
<55,des11,proj11task1a,request> 0.0030523255813953475
<56,des22,proj22task1a,read> 0.008139534883720927
<57,plan2,proj22task1propa,setSchedule> 0.005087209302325578
<58,des11,proj11task1propa,setStatus> 0.005087209302325578
<59,code22,proj22task2a,read> 0.008139534883720927
<60,code12,proj12task2,request> 0.0020348837209302317
<61,plan1,proj11task1propa,setSchedule> 0.005087209302325578
<62,plan2,proj21sched,write> 0.014534883720930227
<63,code11,proj11task2,request> 0.0030523255813953475
<64,plan1,proj11task2prop,setSchedule> 0.005087209302325578
<65,plan2,proj22sched,write> 0.014534883720930227
<66,plan1,proj12task2propa,setSchedule> 0.005087209302325578
<67,mgr2,proj21budget,read> 0.011627906976744184
<68,code22,proj22task2a,setStatus> 0.005087209302325578
<69,des12,proj12task1a,read> 0.008139534883720927
<70,plan1,proj12task2a,setSchedule> 0.005087209302325578
<71,aud2,proj22budget,read> 0.014534883720930227
<72,code21,proj21task2,request> 0.0030523255813953475
<73,code21,proj21task2prop,request> 0.0010174418604651156
<74,acc2,proj22budget,write> 0.002906976744186046
<75,plan2,proj22task2,setSchedule> 0.005087209302325578
<76,aud2,proj22sched,read> 0.0027951699463327363
<77,aud1,proj11sched,read> 0.0020187338501291984
<78,acc1,proj12task2propa,setCost> 0.005087209302325578
<79,plan1,proj12sched,write> 0.014534883720930227
<80,acc1,proj11budget,write> 0.002906976744186046
<81,des22,proj22task1a,setStatus> 0.005087209302325578
<82,acc1,proj12task2a,setCost> 0.005087209302325578
<83,des21,proj21task1prop,request> 0.0010174418604651156
<84,plan1,proj11task2a,setSchedule> 0.005087209302325578
<85,des11,proj11task1,read> 0.01220930232558139
<86,des21,proj21sched,read> 0.00207641196013289
<87,acc2,proj22task2propa,setCost> 0.005087209302325578
<88,code21,proj21task2prop,read> 0.0040697674418604625
<89,acc2,proj21budget,read> 0.011627906976744184
<90,ldr11,proj11sched,write> 0.0014534883720930232
<91,aud1,proj12sched,read> 0.00207641196013289
<92,ldr11,proj11budget,read> 0.005813953488372093
<93,plan2,proj22task1prop,setSchedule> 0.005087209302325578
<94,acc1,proj12task1prop,setCost> 0.005087209302325578
<95,mgr1,proj11budget,read> 0.011627906976744184
<96,acc1,proj11task2a,setCost> 0.005087209302325578
<97,code22,proj22task2propa,setStatus> 0.005087209302325578
<98,code11,proj11task2a,setStatus> 0.005087209302325578
<99,plan1,proj11task1,setSchedule> 0.005087209302325578
<100,acc2,proj21task2prop,setCost> 0.005087209302325578
<101,plan1,proj11task2,setSchedule> 0.005087209302325578
<102,acc1,proj11task1propa,setCost> 0.005087209302325578
<103,des21,proj21task1,read> 0.01220930232558139
<104,acc2,proj22sched,read> 0.0027951699463327363
<105,des21,proj21task1propa,read> 0.0040697674418604625
<106,code11,proj11sched,read> 0.0032299741602067177
<107,plan1,proj12task1propa,setSchedule> 0.005087209302325578
<108,acc2,proj21task1prop,setCost> 0.005087209302325578
<109,des12,proj12task1propa,setStatus> 0.005087209302325578
<110,acc2,proj22task1propa,setCost> 0.005087209302325578
<111,acc1,proj11task1prop,setCost> 0.005087209302325578
<112,des21,proj21task1propa,setStatus> 0.005087209302325578
<113,code12,proj12task2a,request> 0.0020348837209302317
<114,acc1,proj12task1propa,setCost> 0.005087209302325578
<115,plan2,proj21sched,read> 0.002595514950166112
<116,plan2,proj21task1propa,setSchedule> 0.005087209302325578
<117,acc1,proj11task1a,setCost> 0.005087209302325578
<118,code11,proj11task2a,request> 0.0030523255813953475
<119,acc1,proj11task2prop,setCost> 0.005087209302325578
<120,ldr2,proj22budget,write> 0.0014534883720930232
<121,plan2,proj22task2prop,setSchedule> 0.005087209302325578
<122,code12,proj12task2,read> 0.008139534883720927
<123,code21,proj21task2propa,read> 0.0040697674418604625
<124,des21,proj21task1a,request> 0.0030523255813953475
<125,plan2,proj22task1,setSchedule> 0.005087209302325578
<126,code11,proj11task2prop,read> 0.0040697674418604625
<127,plan2,proj21task2propa,setSchedule> 0.005087209302325578
<128,acc1,proj11budget,read> 0.011627906976744184
<129,des11,proj11sched,read> 0.0032299741602067177
<130,acc1,proj12task2,setCost> 0.005087209302325578
<131,code11,proj11task2propa,request> 0.0010174418604651156
<132,ldr2,proj21budget,write> 0.0014534883720930232
<133,acc2,proj21task2,setCost> 0.005087209302325578
<134,acc1,proj12task1,setCost> 0.005087209302325578
<135,plan2,proj21task1a,setSchedule> 0.005087209302325578
<136,code21,proj21task2,read> 0.01220930232558139
<137,mgr1,proj12budget,approve> 0.002906976744186046
<138,des21,proj21task1propa,request> 0.0010174418604651156
<139,code11,proj11task2propa,setStatus> 0.005087209302325578
<140,plan1,proj12task1a,setSchedule> 0.005087209302325578
<141,des22,proj22task1,request> 0.0020348837209302317
<142,ldr11,proj11budget,write> 0.0014534883720930232
<143,code12,proj12sched,read> 0.00207641196013289
<144,acc2,proj21task1,setCost> 0.005087209302325578
<145,des11,proj11task1propa,read> 0.0040697674418604625
<146,des22,proj22task1,read> 0.008139534883720927
<147,plan2,proj22sched,read> 0.0027951699463327363
<148,code22,proj22task2a,request> 0.0020348837209302317
<149,acc2,proj21task2a,setCost> 0.005087209302325578
<150,code11,proj11task2,read> 0.01220930232558139
<151,des22,proj22sched,read> 0.0016771019677996417
<152,acc2,proj22task1prop,setCost> 0.005087209302325578
<153,des21,proj21task1a,setStatus> 0.005087209302325578
<154,acc2,proj21budget,write> 0.002906976744186046
<155,mgr2,proj22budget,approve> 0.002906976744186046
<156,code21,proj21sched,read> 0.00207641196013289
<157,plan1,proj12sched,read> 0.00207641196013289
<158,plan1,proj12task2prop,setSchedule> 0.005087209302325578
<159,acc1,proj11task2propa,setCost> 0.005087209302325578
<160,code11,proj11task2propa,read> 0.0040697674418604625
<161,mgr1,proj11budget,approve> 0.002906976744186046
<162,ldr2,proj22sched,read> 0.00860912343470483
<163,code12,proj12task2a,read> 0.008139534883720927
<164,plan1,proj11sched,read> 0.0020187338501291984
<165,plan1,proj12task1,setSchedule> 0.005087209302325578
<166,des11,proj11task1propa,request> 0.0010174418604651156
<167,acc2,proj22task2prop,setCost> 0.005087209302325578
<168,des11,proj11task1prop,read> 0.0040697674418604625
<169,acc2,proj21task1propa,setCost> 0.005087209302325578
<170,plan2,proj21task1prop,setSchedule> 0.005087209302325578
<171,acc2,proj21sched,read> 0.002595514950166112
<172,plan1,proj12task2,setSchedule> 0.005087209302325578
<173,plan1,proj11task2propa,setSchedule> 0.005087209302325578
<174,des12,proj12task1,request> 0.0020348837209302317
<175,ldr2,proj22budget,read> 0.005813953488372093
<176,code22,proj22sched,read> 0.0016771019677996417
<177,ldr2,proj21sched,write> 0.0014534883720930232
<178,code21,proj21task2a,setStatus> 0.005087209302325578
<179,code11,proj11task2prop,request> 0.0010174418604651156
<180,acc1,proj12sched,read> 0.00207641196013289
<181,ldr2,proj21sched,read> 0.008409468438538206
<182,des21,proj21task1,request> 0.0030523255813953475
<183,des21,proj21task1prop,read> 0.0040697674418604625
<184,code21,proj21task2propa,setStatus> 0.005087209302325578
<185,des12,proj12task1a,request> 0.0020348837209302317
<186,plan2,proj22task2a,setSchedule> 0.005087209302325578
<187,des11,proj11task1prop,request> 0.0010174418604651156
<188,aud2,proj21sched,read> 0.002595514950166112

