<0,acc1,proj12task1,setCost> 0.0061297138547357225
<1,plan1,proj11task1,setSchedule> 0.0061297138547357225
<2,ldr12,proj12budget,read> 0.007005387262555116
<3,des12,proj12task1propa,setStatus> 0.0061297138547357225
<4,code21,proj21task2propa,request> 0.0012259427709471445
<5,ldr2,proj22sched,read> 0.010373361908014305
<6,code21,proj21task2a,read> 0.014711313251365736
<7,code12,proj12task2propa,setStatus> 0.0061297138547357225
<8,code11,proj11sched,read> 0.0038918818125306194
<9,code12,proj12task2a,setStatus> 0.0061297138547357225
<10,code11,proj11task2,read> 0.014711313251365736
<11,des21,proj21sched,read> 0.0025019240223411125
<12,mgr1,proj11budget,read> 0.01401077452511023
<13,plan2,proj22task2prop,setSchedule> 0.0061297138547357225
<14,des12,proj12sched,read> 0.0025019240223411125
<15,acc1,proj12budget,write> 0.0035026936312775574
<16,acc1,proj11task1,setCost> 0.0061297138547357225
<17,acc1,proj12task2,setCost> 0.0061297138547357225
<18,plan2,proj21task1,setSchedule> 0.0061297138547357225
<19,code21,proj21task2a,setStatus> 0.0061297138547357225
<20,acc2,proj21task2prop,setCost> 0.0061297138547357225
<21,code21,proj21sched,read> 0.0025019240223411125
<22,ldr2,proj21budget,read> 0.007005387262555116
<23,code12,proj12task2a,read> 0.009807542167577158
<24,acc2,proj22budget,read> 0.01401077452511023
<25,plan1,proj12task1prop,setSchedule> 0.0061297138547357225
<26,acc1,proj11task1propa,setCost> 0.0061297138547357225
<27,acc1,proj12task2a,setCost> 0.0061297138547357225
<28,plan1,proj11task2,setSchedule> 0.0061297138547357225
<29,acc2,proj21budget,read> 0.01401077452511023
<30,des21,proj21task1,read> 0.014711313251365736
<31,plan2,proj22task2propa,setSchedule> 0.0061297138547357225
<32,plan2,proj21task2prop,setSchedule> 0.0061297138547357225
<33,ldr12,proj12budget,write> 0.001751346815638779
<34,plan1,proj12task2,setSchedule> 0.0061297138547357225
<35,acc1,proj11task2,setCost> 0.0061297138547357225
<36,plan2,proj22task2,setSchedule> 0.0061297138547357225
<37,code22,proj22task2,request> 0.0024518855418942894
<38,mgr2,proj21budget,approve> 0.0035026936312775574
<39,des11,proj11task1a,read> 0.014711313251365736
<40,acc2,proj22task1a,setCost> 0.0061297138547357225
<41,acc1,proj12task1a,setCost> 0.0061297138547357225
<42,ldr11,proj12sched,read> 0.0025019240223411125
<43,des21,proj21task1a,setStatus> 0.0061297138547357225
<44,acc1,proj11sched,read> 0.002432426132831637
<45,acc2,proj21task1a,setCost> 0.0061297138547357225
<46,code12,proj12sched,read> 0.0025019240223411125
<47,des22,proj22task1a,read> 0.009807542167577158
<48,ldr12,proj12sched,write> 0.001751346815638779
<49,acc2,proj21task2a,setCost> 0.0061297138547357225
<50,ldr11,proj11budget,read> 0.007005387262555116
<51,des12,proj12task1a,setStatus> 0.0061297138547357225
<52,code21,proj21task2a,request> 0.003677828312841434
<53,plan1,proj12sched,write> 0.017513468156387785
<54,aud1,proj12budget,read> 0.017513468156387785
<55,acc2,proj21task2propa,setCost> 0.0061297138547357225
<56,acc2,proj22task2a,setCost> 0.0061297138547357225
<57,plan2,proj22sched,write> 0.017513468156387785
<58,plan1,proj11task1a,setSchedule> 0.0061297138547357225
<59,plan1,proj11task1prop,setSchedule> 0.0061297138547357225
<60,des11,proj11task1a,request> 0.003677828312841434
<61,code21,proj21task2,request> 0.003677828312841434
<62,plan2,proj22task1propa,setSchedule> 0.0061297138547357225
<63,plan1,proj12sched,read> 0.0025019240223411125
<64,ldr12,proj12sched,read> 0.009507311284896229
<65,code12,proj12task2,request> 0.0024518855418942894
<66,plan2,proj21sched,write> 0.017513468156387785
<67,plan1,proj11task2prop,setSchedule> 0.0061297138547357225
<68,des21,proj21task1propa,read> 0.004903771083788578
<69,ldr2,proj21sched,read> 0.010132792290481505
<70,plan1,proj12task2prop,setSchedule> 0.0061297138547357225
<71,des12,proj12task1,read> 0.009807542167577158
<72,code12,proj12task2,read> 0.009807542167577158
<73,des11,proj11task1a,setStatus> 0.0061297138547357225
<74,plan1,proj11task1propa,setSchedule> 0.0061297138547357225
<75,plan1,proj12task1propa,setSchedule> 0.0061297138547357225
<76,code21,proj21task2prop,request> 0.0012259427709471445
<77,code21,proj21task2,read> 0.014711313251365736
<78,aud2,proj21budget,read> 0.017513468156387785
<79,aud2,proj22sched,read> 0.0033679746454591893
<80,aud1,proj11sched,read> 0.002432426132831637
<81,plan1,proj12task1,setSchedule> 0.0061297138547357225
<82,acc2,proj22task2propa,setCost> 0.0061297138547357225
<83,acc1,proj12task2propa,setCost> 0.0061297138547357225
<84,des22,proj22task1a,setStatus> 0.0061297138547357225
<85,acc2,proj22task1prop,setCost> 0.0061297138547357225
<86,des21,proj21task1prop,request> 0.0012259427709471445
<87,plan2,proj21task2,setSchedule> 0.0061297138547357225
<88,acc1,proj11budget,read> 0.01401077452511023
<89,plan1,proj11task2a,setSchedule> 0.0061297138547357225
<90,aud2,proj21sched,read> 0.00312740502792639
<91,acc1,proj12budget,read> 0.01401077452511023
<92,des21,proj21task1a,read> 0.014711313251365736
<93,code21,proj21task2prop,read> 0.004903771083788578
<94,ldr11,proj11sched,write> 0.001751346815638779
<95,aud1,proj12sched,read> 0.0025019240223411125
<96,des11,proj11task1prop,read> 0.004903771083788578
<97,des11,proj11task1,request> 0.003677828312841434
<98,plan2,proj22task1prop,setSchedule> 0.0061297138547357225
<99,acc2,proj22task1propa,setCost> 0.0061297138547357225
<100,mgr2,proj22budget,read> 0.01401077452511023
<101,aud1,proj11budget,read> 0.017513468156387785
<102,des21,proj21task1,request> 0.003677828312841434
<103,acc1,proj12task1prop,setCost> 0.0061297138547357225
<104,acc1,proj12task2prop,setCost> 0.0061297138547357225
<105,acc1,proj11task2a,setCost> 0.0061297138547357225
<106,code22,proj22task2propa,setStatus> 0.0061297138547357225
<107,acc1,proj11task2prop,setCost> 0.0061297138547357225
<108,code11,proj11task2a,setStatus> 0.0061297138547357225
<109,acc2,proj21task1prop,setCost> 0.0061297138547357225
<110,acc1,proj11task2propa,setCost> 0.0061297138547357225
<111,acc1,proj11task1prop,setCost> 0.0061297138547357225
<112,des21,proj21task1propa,setStatus> 0.0061297138547357225
<113,code12,proj12task2a,request> 0.0024518855418942894
<114,acc1,proj12task1propa,setCost> 0.0061297138547357225
<115,plan1,proj12task2propa,setSchedule> 0.0061297138547357225
<116,plan2,proj21sched,read> 0.00312740502792639
<117,acc2,proj22budget,write> 0.0035026936312775574
<118,plan2,proj21task1propa,setSchedule> 0.0061297138547357225
<119,acc1,proj11task1a,setCost> 0.0061297138547357225
<120,code11,proj11task2a,request> 0.003677828312841434
<121,ldr2,proj22budget,write> 0.001751346815638779
<122,ldr2,proj21sched,write> 0.001751346815638779
<123,code21,proj21task2propa,read> 0.004903771083788578
<124,des21,proj21task1a,request> 0.003677828312841434
<125,plan1,proj11sched,write> 0.017513468156387785
<126,code22,proj22task2,read> 0.009807542167577158
<127,code11,proj11task2a,read> 0.014711313251365736
<128,ldr11,proj11sched,read> 0.009437813395386753
<129,plan2,proj21task2a,setSchedule> 0.0061297138547357225
<130,plan2,proj22task1,setSchedule> 0.0061297138547357225
<131,des11,proj11sched,read> 0.0038918818125306194
<132,code11,proj11task2propa,request> 0.0012259427709471445
<133,mgr1,proj12budget,read> 0.01401077452511023
<134,ldr2,proj21budget,write> 0.001751346815638779
<135,plan2,proj21task1a,setSchedule> 0.0061297138547357225
<136,code21,proj21task2propa,setStatus> 0.0061297138547357225
<137,mgr1,proj12budget,approve> 0.0035026936312775574
<138,des21,proj21task1propa,request> 0.0012259427709471445
<139,code11,proj11task2propa,setStatus> 0.0061297138547357225
<140,plan1,proj12task1a,setSchedule> 0.0061297138547357225
<141,des11,proj11task1propa,request> 0.0012259427709471445
<142,des22,proj22task1,request> 0.0024518855418942894
<143,ldr11,proj11budget,write> 0.001751346815638779
<144,des11,proj11task1propa,read> 0.004903771083788578
<145,des22,proj22task1,read> 0.009807542167577158
<146,acc2,proj22sched,read> 0.0033679746454591893
<147,plan2,proj22sched,read> 0.0033679746454591893
<148,code22,proj22task2a,setStatus> 0.0061297138547357225
<149,plan1,proj12task2a,setSchedule> 0.0061297138547357225
<150,code22,proj22task2a,request> 0.0024518855418942894
<151,code11,proj11task2,request> 0.003677828312841434

