<0,plan1,proj12task2,setSchedule> 0.0054370463437783765
<1,plan2,proj22task2a,setSchedule> 0.0054370463437783765
<2,plan2,proj22task1a,setSchedule> 0.0054370463437783765
<3,code11,proj11task2prop,read> 0.0043496370750227015
<4,code12,proj12task2,read> 0.008699274150045405
<5,des11,proj11task1,read> 0.013048911225068106
<6,code21,proj21task2propa,setStatus> 0.0054370463437783765
<7,plan2,proj22sched,read> 0.0029873881009771313
<8,acc1,proj12task1,setCost> 0.0054370463437783765
<9,acc2,proj21task1a,setCost> 0.0054370463437783765
<10,plan1,proj11task2prop,setSchedule> 0.0054370463437783765
<11,acc1,proj11task1a,setCost> 0.0054370463437783765
<12,code21,proj21task2propa,request> 0.0010874092687556754
<13,code12,proj12task2propa,setStatus> 0.0054370463437783765
<14,mgr1,proj12budget,read> 0.012427534500064867
<15,plan2,proj22sched,write> 0.015534418125081082
<16,des11,proj11task1propa,read> 0.0043496370750227015
<17,aud2,proj22budget,read> 0.015534418125081082
<18,code21,proj21task2a,request> 0.0032622278062670266
<19,des12,proj12sched,read> 0.0022192025892972976
<20,plan2,proj21task1,setSchedule> 0.0054370463437783765
<21,acc1,proj11task1propa,setCost> 0.0054370463437783765
<22,plan2,proj21task1propa,setSchedule> 0.0054370463437783765
<23,ldr12,proj12budget,read> 0.006213767250032434
<24,plan1,proj11sched,write> 0.015534418125081082
<25,acc2,proj22budget,read> 0.012427534500064867
<26,acc1,proj12budget,write> 0.0031068836250162167
<27,acc2,proj22task1a,setCost> 0.0054370463437783765
<28,ldr2,proj21budget,read> 0.006213767250032434
<29,plan1,proj11task1,setSchedule> 0.0054370463437783765
<30,plan1,proj12task1prop,setSchedule> 0.0054370463437783765
<31,plan2,proj21sched,write> 0.015534418125081082
<32,aud2,proj21budget,read> 0.015534418125081082
<33,code11,proj11task2,request> 0.0032622278062670266
<34,plan2,proj22task2propa,setSchedule> 0.0054370463437783765
<35,acc1,proj11task2a,setCost> 0.0054370463437783765
<36,plan2,proj21task2a,setSchedule> 0.0054370463437783765
<37,ldr12,proj12budget,write> 0.0015534418125081086
<38,plan1,proj12sched,write> 0.015534418125081082
<39,acc2,proj22budget,write> 0.0031068836250162167
<40,aud1,proj11budget,read> 0.015534418125081082
<41,plan1,proj12task1propa,setSchedule> 0.0054370463437783765
<42,acc2,proj22sched,read> 0.0029873881009771313
<43,des22,proj22task1,read> 0.008699274150045405
<44,acc1,proj11task2,setCost> 0.0054370463437783765
<45,des22,proj22task1a,setStatus> 0.0054370463437783765
<46,ldr11,proj11sched,write> 0.0015534418125081086
<47,plan1,proj11task2propa,setSchedule> 0.0054370463437783765
<48,code22,proj22task2,request> 0.002174818537511351
<49,mgr2,proj21budget,approve> 0.0031068836250162167
<50,des22,proj22task1a,read> 0.008699274150045405
<51,acc1,proj11task1,setCost> 0.0054370463437783765
<52,plan1,proj11task1prop,setSchedule> 0.0054370463437783765
<53,acc1,proj12task1a,setCost> 0.0054370463437783765
<54,plan1,proj12task2a,setSchedule> 0.0054370463437783765
<55,code11,proj11task2propa,setStatus> 0.0054370463437783765
<56,ldr11,proj12sched,read> 0.0022192025892972976
<57,acc1,proj11sched,read> 0.002157558072927928
<58,ldr12,proj12sched,write> 0.0015534418125081086
<59,plan1,proj11task2,setSchedule> 0.0054370463437783765
<60,des21,proj21task1,read> 0.013048911225068106
<61,ldr2,proj22sched,read> 0.009201155351009566
<62,des12,proj12task1a,setStatus> 0.0054370463437783765
<63,aud1,proj12budget,read> 0.015534418125081082
<64,plan1,proj11task1propa,setSchedule> 0.0054370463437783765
<65,acc2,proj22task2a,setCost> 0.0054370463437783765
<66,plan1,proj11task1a,setSchedule> 0.0054370463437783765
<67,des11,proj11task1a,request> 0.0032622278062670266
<68,plan2,proj22task1propa,setSchedule> 0.0054370463437783765
<69,code21,proj21task2a,read> 0.013048911225068106
<70,acc2,proj22task1,setCost> 0.0054370463437783765
<71,acc1,proj12task2a,setCost> 0.0054370463437783765
<72,code12,proj12task2,request> 0.002174818537511351
<73,des12,proj12task1,read> 0.008699274150045405
<74,code12,proj12task2a,read> 0.008699274150045405
<75,acc2,proj22task2prop,setCost> 0.0054370463437783765
<76,plan2,proj22task1,setSchedule> 0.0054370463437783765
<77,code21,proj21task2,request> 0.0032622278062670266
<78,acc1,proj12budget,read> 0.012427534500064867
<79,des11,proj11task1a,setStatus> 0.0054370463437783765
<80,code21,proj21task2prop,request> 0.0010874092687556754
<81,aud2,proj22sched,read> 0.0029873881009771313
<82,aud1,proj11sched,read> 0.002157558072927928
<83,acc1,proj12task2propa,setCost> 0.0054370463437783765
<84,ldr12,proj12sched,read> 0.008432969839329733
<85,des11,proj11task1a,read> 0.013048911225068106
<86,des21,proj21task1prop,request> 0.0010874092687556754
<87,aud2,proj21sched,read> 0.0027740032366216217
<88,acc2,proj22task2,setCost> 0.0054370463437783765
<89,des11,proj11task1prop,read> 0.0043496370750227015
<90,plan1,proj11task2a,setSchedule> 0.0054370463437783765
<91,des21,proj21sched,read> 0.0022192025892972976
<92,acc2,proj22task2propa,setCost> 0.0054370463437783765
<93,code21,proj21task2prop,read> 0.0043496370750227015
<94,aud1,proj12sched,read> 0.0022192025892972976
<95,des11,proj11task1,request> 0.0032622278062670266
<96,plan2,proj22task1prop,setSchedule> 0.0054370463437783765
<97,acc1,proj12task2,setCost> 0.0054370463437783765
<98,acc1,proj12task1prop,setCost> 0.0054370463437783765
<99,mgr1,proj11budget,read> 0.012427534500064867
<100,des21,proj21task1a,request> 0.0032622278062670266
<101,des12,proj12task1a,read> 0.008699274150045405
<102,mgr2,proj21budget,read> 0.012427534500064867
<103,acc1,proj12task2prop,setCost> 0.0054370463437783765
<104,code22,proj22task2propa,setStatus> 0.0054370463437783765
<105,code11,proj11task2a,setStatus> 0.0054370463437783765
<106,ldr11,proj11sched,read> 0.008371325322960362
<107,des21,proj21task1propa,read> 0.0043496370750227015
<108,plan2,proj21task2,setSchedule> 0.0054370463437783765
<109,code11,proj11sched,read> 0.003452092916684685
<110,acc2,proj21task1prop,setCost> 0.0054370463437783765
<111,des12,proj12task1propa,setStatus> 0.0054370463437783765
<112,acc2,proj22task1propa,setCost> 0.0054370463437783765
<113,ldr2,proj21sched,read> 0.008987770486654056
<114,plan2,proj22task2prop,setSchedule> 0.0054370463437783765
<115,acc1,proj11task1prop,setCost> 0.0054370463437783765
<116,des21,proj21task1propa,setStatus> 0.0054370463437783765
<117,code11,proj11task2,read> 0.013048911225068106
<118,code12,proj12task2a,request> 0.002174818537511351
<119,acc1,proj12task1propa,setCost> 0.0054370463437783765
<120,plan1,proj12task2propa,setSchedule> 0.0054370463437783765
<121,ldr11,proj11budget,write> 0.0015534418125081086
<122,plan2,proj22task2,setSchedule> 0.0054370463437783765
<123,code21,proj21task2a,setStatus> 0.0054370463437783765
<124,plan2,proj21sched,read> 0.0027740032366216217
<125,code12,proj12task2a,setStatus> 0.0054370463437783765
<126,des21,proj21task1a,setStatus> 0.0054370463437783765
<127,code11,proj11task2a,request> 0.0032622278062670266
<128,acc1,proj11task2prop,setCost> 0.0054370463437783765
<129,ldr2,proj22budget,write> 0.0015534418125081086
<130,code21,proj21task2propa,read> 0.0043496370750227015
<131,des21,proj21task1prop,read> 0.0043496370750227015
<132,des21,proj21task1a,read> 0.013048911225068106
<133,plan2,proj21task2prop,setSchedule> 0.0054370463437783765
<134,code11,proj11task2a,read> 0.013048911225068106
<135,des11,proj11sched,read> 0.003452092916684685
<136,code11,proj11task2propa,request> 0.0010874092687556754
<137,acc2,proj22task1prop,setCost> 0.0054370463437783765
<138,ldr2,proj21budget,write> 0.0015534418125081086
<139,plan2,proj21task1a,setSchedule> 0.0054370463437783765
<140,code21,proj21task2,read> 0.013048911225068106
<141,mgr1,proj12budget,approve> 0.0031068836250162167
<142,des21,proj21task1propa,request> 0.0010874092687556754
<143,plan1,proj12task1a,setSchedule> 0.0054370463437783765
<144,des22,proj22task1,request> 0.002174818537511351
<145,code12,proj12sched,read> 0.0022192025892972976
<146,code22,proj22task2a,request> 0.002174818537511351
<147,ldr2,proj22sched,write> 0.0015534418125081086
<148,acc2,proj21task2a,setCost> 0.0054370463437783765
<149,des22,proj22sched,read> 0.0017924328605862787
<150,mgr2,proj22budget,read> 0.012427534500064867
<151,code21,proj21sched,read> 0.0022192025892972976
<152,mgr2,proj22budget,approve> 0.0031068836250162167
<153,plan1,proj12sched,read> 0.0022192025892972976
<154,code22,proj22task2a,setStatus> 0.0054370463437783765
<155,acc1,proj11task2propa,setCost> 0.0054370463437783765
<156,code11,proj11task2propa,read> 0.0043496370750227015
<157,mgr1,proj11budget,approve> 0.0031068836250162167
<158,plan1,proj11sched,read> 0.002157558072927928
<159,plan1,proj12task1,setSchedule> 0.0054370463437783765
<160,plan1,proj12task2prop,setSchedule> 0.0054370463437783765
<161,des11,proj11task1propa,request> 0.0010874092687556754
<162,acc2,proj21budget,read> 0.012427534500064867
<163,acc1,proj11budget,write> 0.0031068836250162167
<164,acc1,proj11budget,read> 0.012427534500064867
<165,des22,proj22task1a,request> 0.002174818537511351
<166,code22,proj22task2a,read> 0.008699274150045405
<167,des22,proj22task1propa,setStatus> 0.0054370463437783765
<168,acc2,proj21task1propa,setCost> 0.0054370463437783765
<169,plan2,proj21task1prop,setSchedule> 0.0054370463437783765
<170,ldr11,proj11budget,read> 0.006213767250032434

