<0,code21,proj21task2propa,request> 0.0011916339935577342
<1,acc2,proj22task2prop,setCost> 0.0059581699677886705
<2,code12,proj12task2a,setStatus> 0.0059581699677886705
<3,mgr2,proj21budget,read> 0.013618674212088396
<4,plan1,proj12sched,write> 0.017023342765110493
<5,acc1,proj11task2prop,setCost> 0.0059581699677886705
<6,code21,proj21task2,read> 0.014299607922692812
<7,plan2,proj21sched,read> 0.003039882636626874
<8,code12,proj12task2propa,setStatus> 0.0059581699677886705
<9,acc1,proj11task1prop,setCost> 0.0059581699677886705
<10,ldr12,proj12sched,write> 0.0017023342765110497
<11,des12,proj12sched,read> 0.0024319061093014994
<12,code12,proj12task2a,request> 0.0023832679871154685
<13,ldr12,proj12budget,read> 0.006809337106044199
<14,acc1,proj12budget,write> 0.003404668553022099
<15,ldr2,proj21budget,read> 0.006809337106044199
<16,plan1,proj12task1prop,setSchedule> 0.0059581699677886705
<17,des11,proj11task1a,read> 0.014299607922692812
<18,acc2,proj22task2a,setCost> 0.0059581699677886705
<19,plan1,proj11sched,write> 0.017023342765110493
<20,ldr11,proj11sched,read> 0.009173690267865102
<21,plan2,proj22task2propa,setSchedule> 0.0059581699677886705
<22,des22,proj22task1,read> 0.009533071948461874
<23,ldr12,proj12budget,write> 0.0017023342765110497
<24,ldr11,proj11sched,write> 0.0017023342765110497
<25,des21,proj21task1propa,setStatus> 0.0059581699677886705
<26,mgr1,proj11budget,approve> 0.003404668553022099
<27,code21,proj21task2a,setStatus> 0.0059581699677886705
<28,des11,proj11task1a,setStatus> 0.0059581699677886705
<29,des12,proj12task1propa,setStatus> 0.0059581699677886705
<30,plan1,proj11task2,setSchedule> 0.0059581699677886705
<31,acc1,proj11budget,read> 0.013618674212088396
<32,acc1,proj11task2,setCost> 0.0059581699677886705
<33,plan2,proj21sched,write> 0.017023342765110493
<34,code22,proj22task2,request> 0.0023832679871154685
<35,acc2,proj21task1prop,setCost> 0.0059581699677886705
<36,plan2,proj21task2,setSchedule> 0.0059581699677886705
<37,des12,proj12task1,read> 0.009533071948461874
<38,mgr2,proj21budget,approve> 0.003404668553022099
<39,mgr1,proj12budget,read> 0.013618674212088396
<40,code21,proj21task2a,read> 0.014299607922692812
<41,des11,proj11task1,read> 0.014299607922692812
<42,mgr1,proj11budget,read> 0.013618674212088396
<43,acc1,proj11task1,setCost> 0.0059581699677886705
<44,acc2,proj22task1prop,setCost> 0.0059581699677886705
<45,code21,proj21task2prop,read> 0.004766535974230937
<46,des21,proj21task1a,setStatus> 0.0059581699677886705
<47,des22,proj22task1propa,setStatus> 0.0059581699677886705
<48,acc2,proj22task1a,setCost> 0.0059581699677886705
<49,acc1,proj12task1a,setCost> 0.0059581699677886705
<50,ldr11,proj12sched,read> 0.0024319061093014994
<51,plan2,proj22task2a,setSchedule> 0.0059581699677886705
<52,acc2,proj21budget,read> 0.013618674212088396
<53,acc1,proj11task1propa,setCost> 0.0059581699677886705
<54,ldr2,proj22budget,read> 0.006809337106044199
<55,acc1,proj12budget,read> 0.013618674212088396
<56,des22,proj22task1a,read> 0.009533071948461874
<57,acc2,proj21task1,setCost> 0.0059581699677886705
<58,des11,proj11task1propa,setStatus> 0.0059581699677886705
<59,acc1,proj11sched,read> 0.0023643531618209018
<60,aud1,proj11budget,read> 0.017023342765110493
<61,acc2,proj21task2prop,setCost> 0.0059581699677886705
<62,des12,proj12task1a,setStatus> 0.0059581699677886705
<63,plan1,proj12sched,read> 0.0024319061093014994
<64,des22,proj22sched,read> 0.001964231857512749
<65,code21,proj21task2a,request> 0.003574901980673203
<66,acc2,proj22budget,write> 0.003404668553022099
<67,des22,proj22task1a,request> 0.0023832679871154685
<68,des11,proj11task1propa,read> 0.004766535974230937
<69,aud1,proj12budget,read> 0.017023342765110493
<70,plan1,proj11task1a,setSchedule> 0.0059581699677886705
<71,plan1,proj12task1,setSchedule> 0.0059581699677886705
<72,code11,proj11task2,read> 0.014299607922692812
<73,plan1,proj11task1prop,setSchedule> 0.0059581699677886705
<74,code22,proj22task2,read> 0.009533071948461874
<75,des11,proj11task1a,request> 0.003574901980673203
<76,plan1,proj12task2prop,setSchedule> 0.0059581699677886705
<77,ldr12,proj12sched,read> 0.0092412432153457
<78,des12,proj12task1a,read> 0.009533071948461874
<79,plan2,proj22task1propa,setSchedule> 0.0059581699677886705
<80,code12,proj12task2,request> 0.0023832679871154685
<81,plan1,proj11task2prop,setSchedule> 0.0059581699677886705
<82,code21,proj21task2,request> 0.003574901980673203
<83,aud2,proj21budget,read> 0.017023342765110493
<84,code21,proj21task2prop,request> 0.0011916339935577342
<85,aud2,proj22sched,read> 0.003273719762521249
<86,acc2,proj22budget,read> 0.013618674212088396
<87,aud1,proj11sched,read> 0.0023643531618209018
<88,plan2,proj22task2,setSchedule> 0.0059581699677886705
<89,acc1,proj12task2propa,setCost> 0.0059581699677886705
<90,plan1,proj11task1propa,setSchedule> 0.0059581699677886705
<91,des22,proj22task1a,setStatus> 0.0059581699677886705
<92,des21,proj21task1a,read> 0.014299607922692812
<93,acc1,proj12task2a,setCost> 0.0059581699677886705
<94,des21,proj21task1prop,request> 0.0011916339935577342
<95,des21,proj21task1,read> 0.014299607922692812
<96,acc1,proj11task1a,setCost> 0.0059581699677886705
<97,code21,proj21task2propa,read> 0.004766535974230937
<98,ldr2,proj21sched,read> 0.009849219742671073
<99,plan1,proj11task2a,setSchedule> 0.0059581699677886705
<100,des12,proj12task1,request> 0.0023832679871154685
<101,des21,proj21sched,read> 0.0024319061093014994
<102,acc2,proj22task2,setCost> 0.0059581699677886705
<103,acc2,proj22task2propa,setCost> 0.0059581699677886705
<104,aud1,proj12sched,read> 0.0024319061093014994
<105,des11,proj11task1,request> 0.003574901980673203
<106,acc2,proj21task1a,setCost> 0.0059581699677886705
<107,plan2,proj22task1prop,setSchedule> 0.0059581699677886705
<108,acc1,proj12task1prop,setCost> 0.0059581699677886705
<109,code22,proj22task2a,setStatus> 0.0059581699677886705
<110,acc1,proj12task2prop,setCost> 0.0059581699677886705
<111,acc1,proj11task2a,setCost> 0.0059581699677886705
<112,plan2,proj22task1,setSchedule> 0.0059581699677886705
<113,code22,proj22task2propa,setStatus> 0.0059581699677886705
<114,code11,proj11task2a,setStatus> 0.0059581699677886705
<115,plan1,proj11task1,setSchedule> 0.0059581699677886705
<116,des21,proj21task1propa,read> 0.004766535974230937
<117,code11,proj11sched,read> 0.0037829650589134432
<118,plan1,proj12task1propa,setSchedule> 0.0059581699677886705
<119,acc2,proj22task1propa,setCost> 0.0059581699677886705
<120,acc1,proj12task1propa,setCost> 0.0059581699677886705
<121,plan1,proj12task2propa,setSchedule> 0.0059581699677886705
<122,plan2,proj21task1propa,setSchedule> 0.0059581699677886705
<123,code11,proj11task2a,request> 0.003574901980673203
<124,ldr2,proj22budget,write> 0.0017023342765110497
<125,plan2,proj22task2prop,setSchedule> 0.0059581699677886705
<126,des21,proj21task1a,request> 0.003574901980673203
<127,code11,proj11task2a,read> 0.014299607922692812
<128,ldr2,proj22sched,read> 0.010083056868565449
<129,plan2,proj22sched,write> 0.017023342765110493
<130,des11,proj11sched,read> 0.0037829650589134432
<131,acc1,proj12task2,setCost> 0.0059581699677886705
<132,code11,proj11task2propa,request> 0.0011916339935577342
<133,aud2,proj22budget,read> 0.017023342765110493
<134,ldr2,proj21budget,write> 0.0017023342765110497
<135,acc1,proj12task1,setCost> 0.0059581699677886705
<136,plan2,proj21task1a,setSchedule> 0.0059581699677886705
<137,mgr1,proj12budget,approve> 0.003404668553022099
<138,des21,proj21task1propa,request> 0.0011916339935577342
<139,code11,proj11task2propa,setStatus> 0.0059581699677886705
<140,plan1,proj12task1a,setSchedule> 0.0059581699677886705
<141,des22,proj22task1,request> 0.0023832679871154685
<142,ldr11,proj11budget,write> 0.0017023342765110497
<143,code12,proj12sched,read> 0.0024319061093014994
<144,plan2,proj22sched,read> 0.003273719762521249
<145,acc2,proj22sched,read> 0.003273719762521249
<146,plan2,proj21task2a,setSchedule> 0.0059581699677886705
<147,plan1,proj12task2,setSchedule> 0.0059581699677886705
<148,acc2,proj21task2a,setCost> 0.0059581699677886705
<149,plan2,proj21task1prop,setSchedule> 0.0059581699677886705
<150,plan1,proj12task2a,setSchedule> 0.0059581699677886705
<151,ldr11,proj11budget,read> 0.006809337106044199

