<0,code21,proj21task2propa,request> 0.0015262391741643077
<1,acc1,proj11task2,setCost> 0.0076311958708215385
<2,ldr11,proj11sched,read> 0.011749619039201423
<3,des21,proj21task1,read> 0.018314870089971694
<4,code21,proj21task2a,read> 0.018314870089971694
<5,ldr2,proj21sched,read> 0.012614833990541733
<6,plan1,proj11sched,read> 0.0030282523296910877
<7,aud1,proj12budget,read> 0.02180341677377583
<8,code12,proj12task2a,read> 0.012209913393314464
<9,plan1,proj12sched,write> 0.02180341677377583
<10,plan2,proj22task2,setSchedule> 0.0076311958708215385
<11,ldr11,proj11budget,write> 0.002180341677377584
<12,des12,proj12task1,request> 0.003052478348328616
<13,plan2,proj21task1a,setSchedule> 0.0076311958708215385
<14,code12,proj12task2propa,setStatus> 0.0076311958708215385
<15,plan2,proj22task2propa,setSchedule> 0.0076311958708215385
<16,des12,proj12task1a,setStatus> 0.0076311958708215385
<17,des12,proj12sched,read> 0.003114773824825119
<18,aud2,proj21budget,read> 0.02180341677377583
<19,code21,proj21task2,read> 0.018314870089971694
<20,plan1,proj12task1a,setSchedule> 0.0076311958708215385
<21,aud2,proj22sched,read> 0.00419296476418766
<22,aud1,proj11budget,read> 0.02180341677377583
<23,acc1,proj12task2prop,setCost> 0.0076311958708215385
<24,acc1,proj12task1,setCost> 0.0076311958708215385
<25,ldr12,proj12budget,read> 0.008721366709510335
<26,mgr2,proj22budget,read> 0.017442733419020667
<27,acc1,proj12budget,write> 0.004360683354755167
<28,ldr2,proj21budget,read> 0.008721366709510335
<29,des21,proj21task1a,setStatus> 0.0076311958708215385
<30,plan1,proj12task1prop,setSchedule> 0.0076311958708215385
<31,ldr12,proj12budget,write> 0.002180341677377584
<32,ldr2,proj22sched,read> 0.012914331473697995
<33,plan2,proj21task1,setSchedule> 0.0076311958708215385
<34,code22,proj22task2,request> 0.003052478348328616
<35,mgr2,proj21budget,approve> 0.004360683354755167
<36,acc1,proj11task1,setCost> 0.0076311958708215385
<37,acc1,proj12task2a,setCost> 0.0076311958708215385
<38,acc2,proj22task1a,setCost> 0.0076311958708215385
<39,acc2,proj21budget,read> 0.017442733419020667
<40,plan1,proj12task2,setSchedule> 0.0076311958708215385
<41,des11,proj11task1a,read> 0.018314870089971694
<42,plan2,proj22sched,read> 0.00419296476418766
<43,code22,proj22sched,read> 0.002515778858512596
<44,plan2,proj21task1propa,setSchedule> 0.0076311958708215385
<45,acc1,proj12task1a,setCost> 0.0076311958708215385
<46,ldr11,proj12sched,read> 0.003114773824825119
<47,acc1,proj11sched,read> 0.0030282523296910877
<48,ldr12,proj12sched,write> 0.002180341677377584
<49,code21,proj21task2a,request> 0.0045787175224929234
<50,plan1,proj11task2propa,setSchedule> 0.0076311958708215385
<51,acc1,proj11task1prop,setCost> 0.0076311958708215385
<52,code11,proj11task2a,setStatus> 0.0076311958708215385
<53,code21,proj21sched,read> 0.003114773824825119
<54,mgr2,proj21budget,read> 0.017442733419020667
<55,aud2,proj21sched,read> 0.003893467281031399
<56,code21,proj21task2propa,setStatus> 0.0076311958708215385
<57,acc2,proj22task2a,setCost> 0.0076311958708215385
<58,code11,proj11task2,request> 0.0045787175224929234
<59,acc2,proj22budget,read> 0.017442733419020667
<60,plan1,proj11task1a,setSchedule> 0.0076311958708215385
<61,plan1,proj11task1propa,setSchedule> 0.0076311958708215385
<62,plan1,proj11task1prop,setSchedule> 0.0076311958708215385
<63,acc2,proj21budget,write> 0.004360683354755167
<64,acc2,proj21task1propa,setCost> 0.0076311958708215385
<65,des11,proj11task1a,request> 0.0045787175224929234
<66,des22,proj22task1a,read> 0.012209913393314464
<67,plan2,proj22task1propa,setSchedule> 0.0076311958708215385
<68,code12,proj12task2,request> 0.003052478348328616
<69,plan2,proj21sched,write> 0.02180341677377583
<70,acc1,proj12budget,read> 0.017442733419020667
<71,plan1,proj11task2prop,setSchedule> 0.0076311958708215385
<72,des11,proj11task1,read> 0.018314870089971694
<73,des12,proj12task1,read> 0.012209913393314464
<74,code21,proj21task2prop,read> 0.006104956696657231
<75,code21,proj21task2,request> 0.0045787175224929234
<76,des11,proj11task1a,setStatus> 0.0076311958708215385
<77,ldr2,proj22budget,read> 0.008721366709510335
<78,code21,proj21task2prop,request> 0.0015262391741643077
<79,aud1,proj11sched,read> 0.0030282523296910877
<80,acc1,proj12task2propa,setCost> 0.0076311958708215385
<81,aud2,proj22budget,read> 0.02180341677377583
<82,des22,proj22task1a,setStatus> 0.0076311958708215385
<83,ldr12,proj12sched,read> 0.011836140534335455
<84,des21,proj21task1prop,request> 0.0015262391741643077
<85,plan1,proj11task2a,setSchedule> 0.0076311958708215385
<86,des21,proj21task1propa,read> 0.006104956696657231
<87,plan1,proj11task1,setSchedule> 0.0076311958708215385
<88,code21,proj21task2a,setStatus> 0.0076311958708215385
<89,acc1,proj11budget,read> 0.017442733419020667
<90,des21,proj21sched,read> 0.003114773824825119
<91,acc2,proj22task2propa,setCost> 0.0076311958708215385
<92,code11,proj11task2prop,read> 0.006104956696657231
<93,code11,proj11task2,read> 0.018314870089971694
<94,ldr2,proj22budget,write> 0.002180341677377584
<95,ldr11,proj11sched,write> 0.002180341677377584
<96,aud1,proj12sched,read> 0.003114773824825119
<97,des11,proj11task1,request> 0.0045787175224929234
<98,mgr1,proj12budget,read> 0.017442733419020667
<99,acc2,proj22task2,setCost> 0.0076311958708215385
<100,acc2,proj21task1a,setCost> 0.0076311958708215385
<101,plan2,proj22task1prop,setSchedule> 0.0076311958708215385
<102,acc1,proj12task1prop,setCost> 0.0076311958708215385
<103,code11,proj11task2a,read> 0.018314870089971694
<104,mgr1,proj11budget,read> 0.017442733419020667
<105,acc1,proj11task2a,setCost> 0.0076311958708215385
<106,acc2,proj22task1prop,setCost> 0.0076311958708215385
<107,code22,proj22task2propa,setStatus> 0.0076311958708215385
<108,plan1,proj12task1,setSchedule> 0.0076311958708215385
<109,plan1,proj11task2,setSchedule> 0.0076311958708215385
<110,acc1,proj11task1propa,setCost> 0.0076311958708215385
<111,code11,proj11sched,read> 0.004845203727505741
<112,plan1,proj12task1propa,setSchedule> 0.0076311958708215385
<113,acc2,proj21task2prop,setCost> 0.0076311958708215385

