<0,aud1,proj12budget,read> 0.01909177244845104
<1,acc1,proj11task1prop,setCost> 0.006682120356957861
<2,plan1,proj11task2propa,setSchedule> 0.006682120356957861
<3,acc1,proj11task1a,setCost> 0.006682120356957861
<4,des21,proj21task1a,read> 0.01603708885669887
<5,code21,proj21task2propa,request> 0.0013364240713915725
<6,plan2,proj22task2a,setSchedule> 0.006682120356957861
<7,plan1,proj11task1,setSchedule> 0.006682120356957861
<8,code12,proj12task2a,read> 0.01069139257113258
<9,plan1,proj12task1prop,setSchedule> 0.006682120356957861
<10,code12,proj12task2propa,setStatus> 0.006682120356957861
<11,acc2,proj21task1,setCost> 0.006682120356957861
<12,des11,proj11task1propa,setStatus> 0.006682120356957861
<13,acc1,proj12budget,read> 0.015273417958760834
<14,plan2,proj21task1propa,setSchedule> 0.006682120356957861
<15,mgr1,proj11budget,read> 0.015273417958760834
<16,code11,proj11task2prop,read> 0.00534569628556629
<17,code11,proj11task2,request> 0.004009272214174717
<18,ldr11,proj11budget,read> 0.007636708979380419
<19,aud2,proj21budget,read> 0.01909177244845104
<20,mgr1,proj12budget,read> 0.015273417958760834
<21,acc1,proj12task1a,setCost> 0.006682120356957861
<22,acc2,proj21sched,read> 0.003409245080080543
<23,des12,proj12sched,read> 0.0027273960640644347
<24,acc1,proj12task1prop,setCost> 0.006682120356957861
<25,ldr12,proj12budget,read> 0.007636708979380419
<26,acc1,proj12budget,write> 0.0038183544896902085
<27,des21,proj21task1,read> 0.01603708885669887
<28,mgr1,proj11budget,approve> 0.0038183544896902085
<29,des22,proj22task1,read> 0.01069139257113258
<30,ldr2,proj21budget,read> 0.007636708979380419
<31,acc2,proj22task2,setCost> 0.006682120356957861
<32,acc1,proj11task1,setCost> 0.006682120356957861
<33,plan2,proj22task2propa,setSchedule> 0.006682120356957861
<34,plan2,proj21sched,write> 0.01909177244845104
<35,ldr2,proj21sched,read> 0.01104595405946096
<36,plan2,proj22sched,write> 0.01909177244845104
<37,plan1,proj11sched,write> 0.01909177244845104
<38,ldr12,proj12budget,write> 0.0019091772448451047
<39,des11,proj11task1,read> 0.01603708885669887
<40,acc1,proj11task2,setCost> 0.006682120356957861
<41,des11,proj11task1propa,read> 0.00534569628556629
<42,code22,proj22task2,request> 0.002672848142783145
<43,des11,proj11sched,read> 0.004242616099655787
<44,acc2,proj22task1prop,setCost> 0.006682120356957861
<45,mgr2,proj21budget,approve> 0.0038183544896902085
<46,acc2,proj22task1a,setCost> 0.006682120356957861
<47,ldr2,proj22budget,read> 0.007636708979380419
<48,ldr11,proj12sched,read> 0.0027273960640644347
<49,acc2,proj21task2a,setCost> 0.006682120356957861
<50,code21,proj21task2,read> 0.01603708885669887
<51,code21,proj21task2propa,read> 0.00534569628556629
<52,mgr2,proj22budget,read> 0.015273417958760834
<53,acc2,proj21budget,read> 0.015273417958760834
<54,acc1,proj11sched,read> 0.0026516350622848668
<55,ldr12,proj12sched,write> 0.0019091772448451047
<56,plan2,proj21task1,setSchedule> 0.006682120356957861
<57,des12,proj12task1a,setStatus> 0.006682120356957861
<58,code21,proj21task2a,request> 0.004009272214174717
<59,acc2,proj22task2a,setCost> 0.006682120356957861
<60,plan2,proj21task2a,setSchedule> 0.006682120356957861
<61,des22,proj22task1propa,setStatus> 0.006682120356957861
<62,plan1,proj11task1a,setSchedule> 0.006682120356957861
<63,aud1,proj11budget,read> 0.01909177244845104
<64,plan1,proj11task1prop,setSchedule> 0.006682120356957861
<65,des11,proj11task1a,request> 0.004009272214174717
<66,des22,proj22task1a,read> 0.01069139257113258
<67,plan2,proj22task1propa,setSchedule> 0.006682120356957861
<68,code12,proj12task2,request> 0.002672848142783145
<69,plan1,proj11task2prop,setSchedule> 0.006682120356957861
<70,des12,proj12task1,read> 0.01069139257113258
<71,code21,proj21task2,request> 0.004009272214174717
<72,ldr2,proj21budget,write> 0.0019091772448451047
<73,acc1,proj12task1,setCost> 0.006682120356957861
<74,des11,proj11task1a,setStatus> 0.006682120356957861
<75,code21,proj21task2prop,request> 0.0013364240713915725
<76,aud2,proj22sched,read> 0.0036714947016251998
<77,acc2,proj22budget,read> 0.015273417958760834
<78,aud1,proj11sched,read> 0.0026516350622848668
<79,code22,proj22task2propa,setStatus> 0.006682120356957861
<80,acc1,proj12task2a,setCost> 0.006682120356957861
<81,acc1,proj12task2propa,setCost> 0.006682120356957861
<82,des21,proj21task1propa,read> 0.00534569628556629
<83,plan1,proj12sched,write> 0.01909177244845104
<84,plan1,proj11task1propa,setSchedule> 0.006682120356957861
<85,des12,proj12task1a,read> 0.01069139257113258
<86,plan1,proj12task2propa,setSchedule> 0.006682120356957861
<87,des22,proj22task1a,setStatus> 0.006682120356957861
<88,acc2,proj22task1propa,setCost> 0.006682120356957861
<89,ldr12,proj12sched,read> 0.010364105043444854
<90,ldr11,proj11sched,read> 0.010288344041665285
<91,code11,proj11task2a,read> 0.01603708885669887
<92,des11,proj11task1a,read> 0.01603708885669887
<93,des21,proj21task1prop,request> 0.0013364240713915725
<94,code12,proj12sched,read> 0.0027273960640644347
<95,plan1,proj11task2a,setSchedule> 0.006682120356957861
<96,des21,proj21sched,read> 0.0027273960640644347
<97,acc2,proj22task2propa,setCost> 0.006682120356957861
<98,mgr2,proj22budget,approve> 0.0038183544896902085
<99,code21,proj21task2prop,read> 0.00534569628556629
<100,acc1,proj11budget,write> 0.0038183544896902085
<101,code11,proj11task2,read> 0.01603708885669887
<102,plan2,proj21task2prop,setSchedule> 0.006682120356957861
<103,ldr11,proj11sched,write> 0.0019091772448451047
<104,aud1,proj12sched,read> 0.0027273960640644347
<105,des11,proj11task1,request> 0.004009272214174717
<106,acc2,proj21task1a,setCost> 0.006682120356957861
<107,plan2,proj22task1prop,setSchedule> 0.006682120356957861
<108,acc1,proj12task2prop,setCost> 0.006682120356957861
<109,acc1,proj11task2a,setCost> 0.006682120356957861
<110,plan2,proj22task1a,setSchedule> 0.006682120356957861
<111,code11,proj11task2a,setStatus> 0.006682120356957861
<112,plan1,proj11task2,setSchedule> 0.006682120356957861
<113,acc1,proj11task1propa,setCost> 0.006682120356957861
<114,code11,proj11sched,read> 0.004242616099655787
<115,plan1,proj12task1propa,setSchedule> 0.006682120356957861
<116,acc2,proj21task1prop,setCost> 0.006682120356957861
<117,des12,proj12task1propa,setStatus> 0.006682120356957861
<118,des21,proj21task1propa,setStatus> 0.006682120356957861
<119,code12,proj12task2a,request> 0.002672848142783145
<120,acc1,proj11task2propa,setCost> 0.006682120356957861
<121,acc1,proj12task1propa,setCost> 0.006682120356957861
<122,plan2,proj22task2,setSchedule> 0.006682120356957861
<123,plan2,proj21sched,read> 0.003409245080080543
<124,acc2,proj22budget,write> 0.0038183544896902085
<125,ldr2,proj22sched,read> 0.011308203681005618
<126,code12,proj12task2a,setStatus> 0.006682120356957861
<127,code11,proj11task2a,request> 0.004009272214174717
<128,code22,proj22task2,read> 0.01069139257113258
<129,acc1,proj11task2prop,setCost> 0.006682120356957861
<130,ldr2,proj22budget,write> 0.0019091772448451047
<131,plan2,proj22task2prop,setSchedule> 0.006682120356957861
<132,des21,proj21task1a,request> 0.004009272214174717

