<0,code21,proj21task2propa,request> 0.0010978916000089621
<1,acc1,proj11task2,setCost> 0.0054894580000448105
<2,ldr11,proj11sched,read> 0.008452022634989634
<3,des21,proj21task1,read> 0.013174699200107547
<4,code21,proj21task2a,read> 0.013174699200107547
<5,ldr2,proj21sched,read> 0.009074410163339385
<6,plan1,proj11sched,read> 0.002178356349224132
<7,aud1,proj12budget,read> 0.01568416571441375
<8,code12,proj12task2a,read> 0.008783132800071699
<9,plan1,proj12sched,write> 0.01568416571441375
<10,plan2,proj22task2,setSchedule> 0.0054894580000448105
<11,ldr11,proj11budget,write> 0.0015684165714413753
<12,des12,proj12task1,request> 0.0021957832000179247
<13,plan2,proj21task1a,setSchedule> 0.0054894580000448105
<14,code12,proj12task2propa,setStatus> 0.0054894580000448105
<15,plan2,proj22task2propa,setSchedule> 0.0054894580000448105
<16,des12,proj12task1a,setStatus> 0.0054894580000448105
<17,des12,proj12sched,read> 0.0022405951020591074
<18,aud2,proj21budget,read> 0.01568416571441375
<19,code21,proj21task2,read> 0.013174699200107547
<20,plan1,proj12task1a,setSchedule> 0.0054894580000448105
<21,aud2,proj22sched,read> 0.0030161857143103364
<22,aud1,proj11budget,read> 0.01568416571441375
<23,acc1,proj12task2prop,setCost> 0.0054894580000448105
<24,acc1,proj12task1,setCost> 0.0054894580000448105
<25,ldr12,proj12budget,read> 0.006273666285765501
<26,mgr2,proj22budget,read> 0.012547332571531001
<27,acc1,proj12budget,write> 0.0031368331428827502
<28,ldr2,proj21budget,read> 0.006273666285765501
<29,des21,proj21task1a,setStatus> 0.0054894580000448105
<30,plan1,proj12task1prop,setSchedule> 0.0054894580000448105
<31,ldr12,proj12budget,write> 0.0015684165714413753
<32,ldr2,proj22sched,read> 0.009289852000075838
<33,plan2,proj21task1,setSchedule> 0.0054894580000448105
<34,code22,proj22task2,request> 0.0021957832000179247
<35,mgr2,proj21budget,approve> 0.0031368331428827502
<36,acc1,proj11task1,setCost> 0.0054894580000448105
<37,acc1,proj12task2a,setCost> 0.0054894580000448105
<38,acc2,proj22task1a,setCost> 0.0054894580000448105
<39,acc2,proj21budget,read> 0.012547332571531001
<40,plan1,proj12task2,setSchedule> 0.0054894580000448105
<41,des11,proj11task1a,read> 0.013174699200107547
<42,plan2,proj22sched,read> 0.0030161857143103364
<43,code22,proj22sched,read> 0.0018097114285862018
<44,plan2,proj21task1propa,setSchedule> 0.0054894580000448105
<45,acc1,proj12task1a,setCost> 0.0054894580000448105
<46,ldr11,proj12sched,read> 0.0022405951020591074
<47,acc1,proj11sched,read> 0.002178356349224132
<48,ldr12,proj12sched,write> 0.0015684165714413753
<49,code21,proj21task2a,request> 0.0032936748000268867
<50,plan1,proj11task2propa,setSchedule> 0.0054894580000448105
<51,acc1,proj11task1prop,setCost> 0.0054894580000448105
<52,code11,proj11task2a,setStatus> 0.0054894580000448105
<53,code21,proj21sched,read> 0.0022405951020591074
<54,mgr2,proj21budget,read> 0.012547332571531001
<55,aud2,proj21sched,read> 0.002800743877573884
<56,code21,proj21task2propa,setStatus> 0.0054894580000448105
<57,acc2,proj22task2a,setCost> 0.0054894580000448105
<58,code11,proj11task2,request> 0.0032936748000268867
<59,acc2,proj22budget,read> 0.012547332571531001
<60,plan1,proj11task1a,setSchedule> 0.0054894580000448105
<61,plan1,proj11task1propa,setSchedule> 0.0054894580000448105
<62,plan1,proj11task1prop,setSchedule> 0.0054894580000448105
<63,acc2,proj21budget,write> 0.0031368331428827502
<64,acc2,proj21task1propa,setCost> 0.0054894580000448105
<65,des11,proj11task1a,request> 0.0032936748000268867
<66,des22,proj22task1a,read> 0.008783132800071699
<67,plan2,proj22task1propa,setSchedule> 0.0054894580000448105
<68,code12,proj12task2,request> 0.0021957832000179247
<69,plan2,proj21sched,write> 0.01568416571441375
<70,acc1,proj12budget,read> 0.012547332571531001
<71,plan1,proj11task2prop,setSchedule> 0.0054894580000448105
<72,des11,proj11task1,read> 0.013174699200107547
<73,des12,proj12task1,read> 0.008783132800071699
<74,code21,proj21task2prop,read> 0.004391566400035849
<75,code21,proj21task2,request> 0.0032936748000268867
<76,des11,proj11task1a,setStatus> 0.0054894580000448105
<77,ldr2,proj22budget,read> 0.006273666285765501
<78,code21,proj21task2prop,request> 0.0010978916000089621
<79,aud1,proj11sched,read> 0.002178356349224132
<80,acc1,proj12task2propa,setCost> 0.0054894580000448105
<81,aud2,proj22budget,read> 0.01568416571441375
<82,des22,proj22task1a,setStatus> 0.0054894580000448105
<83,ldr12,proj12sched,read> 0.00851426138782461
<84,des21,proj21task1prop,request> 0.0010978916000089621
<85,plan1,proj11task2a,setSchedule> 0.0054894580000448105
<86,des21,proj21task1propa,read> 0.004391566400035849
<87,plan1,proj11task1,setSchedule> 0.0054894580000448105
<88,code21,proj21task2a,setStatus> 0.0054894580000448105
<89,acc1,proj11budget,read> 0.012547332571531001
<90,des21,proj21sched,read> 0.0022405951020591074
<91,acc2,proj22task2propa,setCost> 0.0054894580000448105
<92,code11,proj11task2prop,read> 0.004391566400035849
<93,code11,proj11task2,read> 0.013174699200107547
<94,ldr2,proj22budget,write> 0.0015684165714413753
<95,ldr11,proj11sched,write> 0.0015684165714413753
<96,aud1,proj12sched,read> 0.0022405951020591074
<97,des11,proj11task1,request> 0.0032936748000268867
<98,mgr1,proj12budget,read> 0.012547332571531001
<99,acc2,proj22task2,setCost> 0.0054894580000448105
<100,acc2,proj21task1a,setCost> 0.0054894580000448105
<101,plan2,proj22task1prop,setSchedule> 0.0054894580000448105
<102,acc1,proj12task1prop,setCost> 0.0054894580000448105
<103,code11,proj11task2a,read> 0.013174699200107547
<104,mgr1,proj11budget,read> 0.012547332571531001
<105,acc1,proj11task2a,setCost> 0.0054894580000448105
<106,acc2,proj22task1prop,setCost> 0.0054894580000448105
<107,code22,proj22task2propa,setStatus> 0.0054894580000448105
<108,plan1,proj12task1,setSchedule> 0.0054894580000448105
<109,plan1,proj11task2,setSchedule> 0.0054894580000448105
<110,acc1,proj11task1propa,setCost> 0.0054894580000448105
<111,code11,proj11sched,read> 0.0034853701587586115
<112,plan1,proj12task1propa,setSchedule> 0.0054894580000448105
<113,acc2,proj21task2prop,setCost> 0.0054894580000448105
<114,plan2,proj22sched,write> 0.01568416571441375
<115,acc2,proj21task1prop,setCost> 0.0054894580000448105
<116,des12,proj12task1propa,setStatus> 0.0054894580000448105
<117,acc2,proj22task1propa,setCost> 0.0054894580000448105
<118,acc2,proj21task2propa,setCost> 0.0054894580000448105
<119,des21,proj21task1,request> 0.0032936748000268867
<120,plan1,proj11sched,write> 0.01568416571441375
<121,des11,proj11task1propa,request> 0.0010978916000089621
<122,des21,proj21task1propa,setStatus> 0.0054894580000448105
<123,code12,proj12task2a,request> 0.0021957832000179247
<124,acc1,proj12task1propa,setCost> 0.0054894580000448105
<125,plan1,proj12task2propa,setSchedule> 0.0054894580000448105
<126,plan2,proj21sched,read> 0.002800743877573884
<127,acc2,proj22budget,write> 0.0031368331428827502
<128,code12,proj12task2a,setStatus> 0.0054894580000448105
<129,code22,proj22task2a,setStatus> 0.0054894580000448105
<130,acc1,proj11task1a,setCost> 0.0054894580000448105
<131,plan1,proj12sched,read> 0.0022405951020591074
<132,plan1,proj12task2prop,setSchedule> 0.0054894580000448105
<133,code11,proj11task2a,request> 0.0032936748000268867
<134,acc1,proj11task2prop,setCost> 0.0054894580000448105
<135,plan2,proj22task2a,setSchedule> 0.0054894580000448105
<136,plan2,proj22task2prop,setSchedule> 0.0054894580000448105
<137,code21,proj21task2propa,read> 0.004391566400035849
<138,des21,proj21task1a,request> 0.0032936748000268867
<139,des21,proj21task1a,read> 0.013174699200107547
<140,plan2,proj22task1,setSchedule> 0.0054894580000448105
<141,ldr11,proj11budget,read> 0.006273666285765501
<142,des11,proj11sched,read> 0.0034853701587586115
<143,acc1,proj12task2,setCost> 0.0054894580000448105
<144,code11,proj11task2propa,request> 0.0010978916000089621
<145,ldr2,proj21budget,write> 0.0015684165714413753
<146,mgr1,proj12budget,approve> 0.0031368331428827502
<147,des21,proj21task1propa,request> 0.0010978916000089621
<148,code11,proj11task2propa,setStatus> 0.0054894580000448105
<149,des22,proj22task1,request> 0.0021957832000179247
<150,code12,proj12sched,read> 0.0022405951020591074
<151,des11,proj11task1propa,read> 0.004391566400035849
<152,acc2,proj22sched,read> 0.0030161857143103364
<153,des22,proj22sched,read> 0.0018097114285862018
<154,des22,proj22task1,read> 0.008783132800071699
<155,plan2,proj21task2a,setSchedule> 0.0054894580000448105
<156,plan2,proj21task1prop,setSchedule> 0.0054894580000448105
<157,plan1,proj12task2a,setSchedule> 0.0054894580000448105
<158,code22,proj22task2a,request> 0.0021957832000179247
<159,code12,proj12task2,read> 0.008783132800071699
<160,ldr2,proj22sched,write> 0.0015684165714413753
<161,acc2,proj21task2a,setCost> 0.0054894580000448105
<162,des11,proj11task1prop,read> 0.004391566400035849
<163,mgr2,proj22budget,approve> 0.0031368331428827502
<164,acc1,proj11task2propa,setCost> 0.0054894580000448105
<165,code11,proj11task2propa,read> 0.004391566400035849
<166,mgr1,proj11budget,approve> 0.0031368331428827502
<167,plan2,proj21task2prop,setSchedule> 0.0054894580000448105
<168,acc1,proj11budget,write> 0.0031368331428827502
<169,des12,proj12task1a,read> 0.008783132800071699
<170,plan2,proj21task2,setSchedule> 0.0054894580000448105

