<0,ldr2,proj21sched,read> 0.008409468438538204
<1,plan1,proj12task2,setSchedule> 0.005087209302325577
<2,acc2,proj21task2propa,setCost> 0.005087209302325577
<3,code21,proj21task2a,read> 0.012209302325581388
<4,code21,proj21task2propa,request> 0.0010174418604651156
<5,plan2,proj21task2,setSchedule> 0.005087209302325577
<6,code12,proj12task2propa,setStatus> 0.005087209302325577
<7,plan2,proj22task1,setSchedule> 0.005087209302325577
<8,plan1,proj12task2a,setSchedule> 0.005087209302325577
<9,des12,proj12sched,read> 0.0020764119601328897
<10,acc1,proj12task2a,setCost> 0.005087209302325577
<11,des11,proj11task1propa,read> 0.0040697674418604625
<12,aud2,proj22budget,read> 0.014534883720930225
<13,des12,proj12task1propa,setStatus> 0.005087209302325577
<14,ldr12,proj12budget,read> 0.005813953488372092
<15,acc2,proj21budget,read> 0.011627906976744182
<16,acc1,proj12budget,write> 0.0029069767441860456
<17,ldr2,proj21budget,read> 0.005813953488372092
<18,plan2,proj22task1a,setSchedule> 0.005087209302325577
<19,acc1,proj11task1a,setCost> 0.005087209302325577
<20,mgr1,proj12budget,read> 0.011627906976744182
<21,code21,proj21task2,read> 0.012209302325581388
<22,code21,proj21task2prop,read> 0.0040697674418604625
<23,code11,proj11task2a,read> 0.012209302325581388
<24,des21,proj21task1propa,read> 0.0040697674418604625
<25,acc1,proj11budget,read> 0.011627906976744182
<26,ldr2,proj22budget,read> 0.005813953488372092
<27,plan1,proj12task1,setSchedule> 0.005087209302325577
<28,plan1,proj11sched,write> 0.014534883720930225
<29,code22,proj22task2,read> 0.008139534883720925
<30,plan1,proj12task1prop,setSchedule> 0.005087209302325577
<31,des22,proj22task1a,setStatus> 0.005087209302325577
<32,plan2,proj22task2propa,setSchedule> 0.005087209302325577
<33,acc1,proj11task2propa,setCost> 0.005087209302325577
<34,ldr12,proj12budget,write> 0.001453488372093023
<35,acc1,proj11task2,setCost> 0.005087209302325577
<36,code22,proj22task2,request> 0.0020348837209302312
<37,mgr2,proj21budget,approve> 0.0029069767441860456
<38,acc1,proj11task1,setCost> 0.005087209302325577
<39,plan1,proj11task2a,setSchedule> 0.005087209302325577
<40,des11,proj11task1a,read> 0.012209302325581388
<41,acc2,proj22task1a,setCost> 0.005087209302325577
<42,code11,proj11task2prop,read> 0.0040697674418604625
<43,acc1,proj12task1a,setCost> 0.005087209302325577
<44,aud1,proj11budget,read> 0.014534883720930225
<45,acc1,proj12task1prop,setCost> 0.005087209302325577
<46,ldr11,proj12sched,read> 0.0020764119601328897
<47,acc1,proj11sched,read> 0.002018733850129198
<48,des11,proj11task1prop,read> 0.0040697674418604625
<49,plan1,proj11task2,setSchedule> 0.005087209302325577
<50,ldr12,proj12sched,write> 0.001453488372093023
<51,des21,proj21sched,read> 0.0020764119601328897
<52,acc2,proj22budget,write> 0.0029069767441860456
<53,code12,proj12task2a,request> 0.0020348837209302312
<54,des12,proj12task1a,setStatus> 0.005087209302325577
<55,code21,proj21task2a,request> 0.003052325581395347
<56,aud1,proj12budget,read> 0.014534883720930225
<57,code22,proj22task2a,setStatus> 0.005087209302325577
<58,plan2,proj21task2prop,setSchedule> 0.005087209302325577
<59,code21,proj21task2propa,read> 0.0040697674418604625
<60,acc2,proj22task2a,setCost> 0.005087209302325577
<61,plan1,proj11task1a,setSchedule> 0.005087209302325577
<62,plan1,proj11task1prop,setSchedule> 0.005087209302325577
<63,des11,proj11task1a,request> 0.003052325581395347
<64,mgr1,proj11budget,read> 0.011627906976744182
<65,des22,proj22task1a,read> 0.008139534883720925
<66,code11,proj11task2propa,setStatus> 0.005087209302325577
<67,plan2,proj22task1propa,setSchedule> 0.005087209302325577
<68,des21,proj21task1prop,read> 0.0040697674418604625
<69,code12,proj12task2,request> 0.0020348837209302312
<70,code12,proj12task2a,setStatus> 0.005087209302325577
<71,code11,proj11task2,read> 0.012209302325581388
<72,des21,proj21task1a,read> 0.012209302325581388
<73,des22,proj22sched,read> 0.0016771019677996415
<74,plan1,proj12task2propa,setSchedule> 0.005087209302325577
<75,plan2,proj21sched,write> 0.014534883720930225
<76,plan2,proj22task2prop,setSchedule> 0.005087209302325577
<77,acc1,proj11task2prop,setCost> 0.005087209302325577
<78,ldr2,proj21sched,write> 0.001453488372093023
<79,plan2,proj22sched,write> 0.014534883720930225
<80,plan1,proj11task2prop,setSchedule> 0.005087209302325577
<81,des12,proj12task1,read> 0.008139534883720925
<82,plan2,proj21task2a,setSchedule> 0.005087209302325577
<83,code21,proj21task2,request> 0.003052325581395347
<84,des22,proj22task1,request> 0.0020348837209302312
<85,plan1,proj12sched,read> 0.0020764119601328897
<86,des11,proj11task1,read> 0.012209302325581388
<87,des11,proj11task1a,setStatus> 0.005087209302325577
<88,code11,proj11task2propa,read> 0.0040697674418604625
<89,plan1,proj12task2prop,setSchedule> 0.005087209302325577
<90,code21,proj21task2prop,request> 0.0010174418604651156
<91,acc2,proj22sched,read> 0.002795169946332736
<92,ldr11,proj11budget,read> 0.005813953488372092
<93,acc2,proj22budget,read> 0.011627906976744182
<94,aud2,proj22sched,read> 0.002795169946332736
<95,des22,proj22task1a,request> 0.0020348837209302312
<96,aud1,proj11sched,read> 0.002018733850129198
<97,code12,proj12task2,read> 0.008139534883720925
<98,acc1,proj12task2propa,setCost> 0.005087209302325577
<99,plan1,proj12sched,write> 0.014534883720930225
<100,des22,proj22task1,read> 0.008139534883720925
<101,ldr11,proj11sched,read> 0.007832687338501291
<102,plan1,proj11task1propa,setSchedule> 0.005087209302325577
<103,ldr12,proj12sched,read> 0.007890365448504983
<104,des21,proj21task1prop,request> 0.0010174418604651156
<105,acc2,proj22task2propa,setCost> 0.005087209302325577
<106,acc2,proj21task1prop,setCost> 0.005087209302325577
<107,ldr11,proj11sched,write> 0.001453488372093023
<108,aud1,proj12sched,read> 0.0020764119601328897
<109,code11,proj11task2a,setStatus> 0.005087209302325577
<110,des11,proj11task1,request> 0.003052325581395347
<111,acc2,proj21task1a,setCost> 0.005087209302325577
<112,plan2,proj22task1prop,setSchedule> 0.005087209302325577
<113,acc1,proj12task2prop,setCost> 0.005087209302325577
<114,acc1,proj11task2a,setCost> 0.005087209302325577
<115,code21,proj21task2a,setStatus> 0.005087209302325577
<116,code22,proj22task2propa,setStatus> 0.005087209302325577
<117,plan1,proj11task1,setSchedule> 0.005087209302325577
<118,acc1,proj11task1propa,setCost> 0.005087209302325577
<119,code11,proj11task2,request> 0.003052325581395347
<120,code11,proj11sched,read> 0.0032299741602067173
<121,plan1,proj12task1propa,setSchedule> 0.005087209302325577
<122,acc2,proj22task1propa,setCost> 0.005087209302325577
<123,acc1,proj11task1prop,setCost> 0.005087209302325577
<124,des21,proj21task1propa,setStatus> 0.005087209302325577
<125,acc1,proj12task1propa,setCost> 0.005087209302325577
<126,des12,proj12task1a,read> 0.008139534883720925
<127,mgr2,proj22budget,approve> 0.0029069767441860456
<128,plan2,proj22task2,setSchedule> 0.005087209302325577
<129,code12,proj12sched,read> 0.0020764119601328897
<130,acc2,proj21task1propa,setCost> 0.005087209302325577
<131,plan2,proj21task2propa,setSchedule> 0.005087209302325577
<132,plan2,proj21sched,read> 0.002595514950166112
<133,plan2,proj21task1propa,setSchedule> 0.005087209302325577
<134,code11,proj11task2a,request> 0.003052325581395347
<135,ldr2,proj22budget,write> 0.001453488372093023
<136,des21,proj21task1a,request> 0.003052325581395347
<137,des11,proj11sched,read> 0.0032299741602067173
<138,acc1,proj12task2,setCost> 0.005087209302325577
<139,code22,proj22task2a,read> 0.008139534883720925
<140,code11,proj11task2propa,request> 0.0010174418604651156
<141,des21,proj21task1,read> 0.012209302325581388
<142,mgr2,proj22budget,read> 0.011627906976744182
<143,ldr2,proj21budget,write> 0.001453488372093023
<144,acc1,proj12task1,setCost> 0.005087209302325577
<145,plan2,proj21task1a,setSchedule> 0.005087209302325577
<146,mgr1,proj12budget,approve> 0.0029069767441860456
<147,des21,proj21task1propa,request> 0.0010174418604651156
<148,plan1,proj12task1a,setSchedule> 0.005087209302325577
<149,ldr11,proj11budget,write> 0.001453488372093023
<150,aud2,proj21budget,read> 0.014534883720930225
<151,acc1,proj12budget,read> 0.011627906976744182
<152,des22,proj22task1propa,setStatus> 0.005087209302325577
<153,plan2,proj22sched,read> 0.002795169946332736
<154,code22,proj22task2a,request> 0.0020348837209302312
<155,mgr2,proj21budget,read> 0.011627906976744182
<156,ldr2,proj22sched,write> 0.001453488372093023
<157,plan2,proj21task1prop,setSchedule> 0.005087209302325577
<158,acc2,proj21task2a,setCost> 0.005087209302325577
<159,acc2,proj22task1prop,setCost> 0.005087209302325577
<160,des21,proj21task1a,setStatus> 0.005087209302325577
<161,code21,proj21sched,read> 0.0020764119601328897
<162,mgr1,proj11budget,approve> 0.0029069767441860456
<163,ldr2,proj22sched,read> 0.008609123434704827
<164,code12,proj12task2a,read> 0.008139534883720925
<165,plan1,proj11sched,read> 0.002018733850129198
<166,des11,proj11task1propa,request> 0.0010174418604651156
<167,acc1,proj11budget,write> 0.0029069767441860456
<168,plan2,proj21task1,setSchedule> 0.005087209302325577
<169,acc2,proj22task2prop,setCost> 0.005087209302325577
<170,acc2,proj21sched,read> 0.002595514950166112
<171,acc2,proj21task2,setCost> 0.005087209302325577
<172,acc2,proj22task1,setCost> 0.005087209302325577
<173,acc2,proj21task1,setCost> 0.005087209302325577
<174,acc2,proj21task2prop,setCost> 0.005087209302325577
<175,plan2,proj22task2a,setSchedule> 0.005087209302325577
<176,acc2,proj22task2,setCost> 0.005087209302325577
<177,plan1,proj11task2propa,setSchedule> 0.005087209302325577
<178,des12,proj12task1,request> 0.0020348837209302312
<179,code22,proj22sched,read> 0.0016771019677996415
<180,code11,proj11task2prop,request> 0.0010174418604651156
<181,acc1,proj12sched,read> 0.0020764119601328897
<182,acc2,proj21budget,write> 0.0029069767441860456
<183,des21,proj21task1,request> 0.003052325581395347
<184,des11,proj11task1propa,setStatus> 0.005087209302325577
<185,code21,proj21task2propa,setStatus> 0.005087209302325577
<186,des12,proj12task1a,request> 0.0020348837209302312
<187,des11,proj11task1prop,request> 0.0010174418604651156
<188,aud2,proj21sched,read> 0.002595514950166112

