<0,aud1,proj12budget,read> 0.015455189292101374
<1,acc1,proj11task1prop,setCost> 0.005409316252235479
<2,plan1,proj11task2propa,setSchedule> 0.005409316252235479
<3,acc1,proj11task1a,setCost> 0.005409316252235479
<4,des21,proj21task1a,read> 0.012982359005365152
<5,code21,proj21task2propa,request> 0.001081863250447096
<6,plan2,proj22task2a,setSchedule> 0.005409316252235479
<7,plan1,proj11task1,setSchedule> 0.005409316252235479
<8,code12,proj12task2a,read> 0.008654906003576768
<9,plan1,proj12task1prop,setSchedule> 0.005409316252235479
<10,code12,proj12task2propa,setStatus> 0.005409316252235479
<11,acc2,proj21task1,setCost> 0.005409316252235479
<12,des11,proj11task1propa,setStatus> 0.005409316252235479
<13,acc1,proj12budget,read> 0.0123641514336811
<14,plan2,proj21task1propa,setSchedule> 0.005409316252235479
<15,mgr1,proj11budget,read> 0.0123641514336811
<16,code11,proj11task2prop,read> 0.004327453001788384
<17,code11,proj11task2,request> 0.003245589751341288
<18,ldr11,proj11budget,read> 0.006182075716840552
<19,aud2,proj21budget,read> 0.015455189292101374
<20,mgr1,proj12budget,read> 0.0123641514336811
<21,acc1,proj12task1a,setCost> 0.005409316252235479
<22,acc2,proj21sched,read> 0.0027598552307323884
<23,des12,proj12sched,read> 0.002207884184585911
<24,acc1,proj12task1prop,setCost> 0.005409316252235479
<25,ldr12,proj12budget,read> 0.006182075716840552
<26,acc1,proj12budget,write> 0.003091037858420275
<27,des21,proj21task1,read> 0.012982359005365152
<28,mgr1,proj11budget,approve> 0.003091037858420275
<29,des22,proj22task1,read> 0.008654906003576768
<30,ldr2,proj21budget,read> 0.006182075716840552
<31,acc2,proj22task2,setCost> 0.005409316252235479
<32,acc1,proj11task1,setCost> 0.005409316252235479
<33,plan2,proj22task2propa,setSchedule> 0.005409316252235479
<34,plan2,proj21sched,write> 0.015455189292101374
<35,ldr2,proj21sched,read> 0.00894193094757294
<36,plan2,proj22sched,write> 0.015455189292101374
<37,plan1,proj11sched,write> 0.015455189292101374
<38,ldr12,proj12budget,write> 0.001545518929210138
<39,des11,proj11task1,read> 0.012982359005365152
<40,acc1,proj11task2,setCost> 0.005409316252235479
<41,des11,proj11task1propa,read> 0.004327453001788384
<42,code22,proj22task2,request> 0.002163726500894192
<43,des11,proj11sched,read> 0.0034344865093558614
<44,acc2,proj22task1prop,setCost> 0.005409316252235479
<45,mgr2,proj21budget,approve> 0.003091037858420275
<46,acc2,proj22task1a,setCost> 0.005409316252235479
<47,ldr2,proj22budget,read> 0.006182075716840552
<48,ldr11,proj12sched,read> 0.002207884184585911
<49,acc2,proj21task2a,setCost> 0.005409316252235479
<50,code21,proj21task2,read> 0.012982359005365152
<51,code21,proj21task2propa,read> 0.004327453001788384
<52,mgr2,proj22budget,read> 0.0123641514336811
<53,acc2,proj21budget,read> 0.0123641514336811
<54,acc1,proj11sched,read> 0.002146554068347413
<55,ldr12,proj12sched,write> 0.001545518929210138
<56,plan2,proj21task1,setSchedule> 0.005409316252235479
<57,des12,proj12task1a,setStatus> 0.005409316252235479
<58,code21,proj21task2a,request> 0.003245589751341288
<59,acc2,proj22task2a,setCost> 0.005409316252235479
<60,plan2,proj21task2a,setSchedule> 0.005409316252235479
<61,des22,proj22task1propa,setStatus> 0.005409316252235479
<62,plan1,proj11task1a,setSchedule> 0.005409316252235479
<63,aud1,proj11budget,read> 0.015455189292101374
<64,plan1,proj11task1prop,setSchedule> 0.005409316252235479
<65,des11,proj11task1a,request> 0.003245589751341288
<66,des22,proj22task1a,read> 0.008654906003576768
<67,plan2,proj22task1propa,setSchedule> 0.005409316252235479
<68,code12,proj12task2,request> 0.002163726500894192
<69,plan1,proj11task2prop,setSchedule> 0.005409316252235479
<70,des12,proj12task1,read> 0.008654906003576768
<71,code21,proj21task2,request> 0.003245589751341288
<72,ldr2,proj21budget,write> 0.001545518929210138
<73,acc1,proj12task1,setCost> 0.005409316252235479
<74,des11,proj11task1a,setStatus> 0.005409316252235479
<75,code21,proj21task2prop,request> 0.001081863250447096
<76,aud2,proj22sched,read> 0.002972151786942572
<77,acc2,proj22budget,read> 0.0123641514336811
<78,aud1,proj11sched,read> 0.002146554068347413
<79,code22,proj22task2propa,setStatus> 0.005409316252235479
<80,acc1,proj12task2a,setCost> 0.005409316252235479
<81,acc1,proj12task2propa,setCost> 0.005409316252235479
<82,des21,proj21task1propa,read> 0.004327453001788384
<83,plan1,proj12sched,write> 0.015455189292101374
<84,plan1,proj11task1propa,setSchedule> 0.005409316252235479
<85,des12,proj12task1a,read> 0.008654906003576768
<86,plan1,proj12task2propa,setSchedule> 0.005409316252235479
<87,des22,proj22task1a,setStatus> 0.005409316252235479
<88,acc2,proj22task1propa,setCost> 0.005409316252235479
<89,ldr12,proj12sched,read> 0.008389959901426462
<90,ldr11,proj11sched,read> 0.008328629785187964
<91,code11,proj11task2a,read> 0.012982359005365152
<92,des11,proj11task1a,read> 0.012982359005365152
<93,des21,proj21task1prop,request> 0.001081863250447096
<94,code12,proj12sched,read> 0.002207884184585911
<95,plan1,proj11task2a,setSchedule> 0.005409316252235479
<96,des21,proj21sched,read> 0.002207884184585911
<97,acc2,proj22task2propa,setCost> 0.005409316252235479
<98,mgr2,proj22budget,approve> 0.003091037858420275
<99,code21,proj21task2prop,read> 0.004327453001788384
<100,acc1,proj11budget,write> 0.003091037858420275
<101,code11,proj11task2,read> 0.012982359005365152
<102,plan2,proj21task2prop,setSchedule> 0.005409316252235479
<103,ldr11,proj11sched,write> 0.001545518929210138
<104,aud1,proj12sched,read> 0.002207884184585911
<105,des11,proj11task1,request> 0.003245589751341288
<106,acc2,proj21task1a,setCost> 0.005409316252235479
<107,plan2,proj22task1prop,setSchedule> 0.005409316252235479
<108,acc1,proj12task2prop,setCost> 0.005409316252235479
<109,acc1,proj11task2a,setCost> 0.005409316252235479
<110,plan2,proj22task1a,setSchedule> 0.005409316252235479
<111,code11,proj11task2a,setStatus> 0.005409316252235479
<112,plan1,proj11task2,setSchedule> 0.005409316252235479
<113,acc1,proj11task1propa,setCost> 0.005409316252235479
<114,code11,proj11sched,read> 0.0034344865093558614
<115,plan1,proj12task1propa,setSchedule> 0.005409316252235479
<116,acc2,proj21task1prop,setCost> 0.005409316252235479
<117,des12,proj12task1propa,setStatus> 0.005409316252235479
<118,des21,proj21task1propa,setStatus> 0.005409316252235479
<119,code12,proj12task2a,request> 0.002163726500894192
<120,acc1,proj11task2propa,setCost> 0.005409316252235479
<121,acc1,proj12task1propa,setCost> 0.005409316252235479
<122,plan2,proj22task2,setSchedule> 0.005409316252235479
<123,plan2,proj21sched,read> 0.0027598552307323884
<124,acc2,proj22budget,write> 0.003091037858420275
<125,ldr2,proj22sched,read> 0.009154227503783124
<126,code12,proj12task2a,setStatus> 0.005409316252235479
<127,code11,proj11task2a,request> 0.003245589751341288
<128,code22,proj22task2,read> 0.008654906003576768
<129,acc1,proj11task2prop,setCost> 0.005409316252235479
<130,ldr2,proj22budget,write> 0.001545518929210138
<131,plan2,proj22task2prop,setSchedule> 0.005409316252235479
<132,des21,proj21task1a,request> 0.003245589751341288
<133,plan2,proj22task1,setSchedule> 0.005409316252235479
<134,acc1,proj12task2,setCost> 0.005409316252235479
<135,code11,proj11task2propa,request> 0.001081863250447096
<136,plan2,proj21task1a,setSchedule> 0.005409316252235479
<137,mgr1,proj12budget,approve> 0.003091037858420275
<138,des21,proj21task1propa,request> 0.001081863250447096
<139,acc2,proj21task1propa,setCost> 0.005409316252235479
<140,code11,proj11task2propa,setStatus> 0.005409316252235479
<141,plan1,proj12task1a,setSchedule> 0.005409316252235479
<142,des22,proj22task1,request> 0.002163726500894192
<143,ldr11,proj11budget,write> 0.001545518929210138
<144,acc2,proj22sched,read> 0.002972151786942572
<145,plan2,proj22sched,read> 0.002972151786942572
<146,plan1,proj12task2a,setSchedule> 0.005409316252235479
<147,code22,proj22task2a,request> 0.002163726500894192
<148,code12,proj12task2,read> 0.008654906003576768
<149,mgr2,proj21budget,read> 0.0123641514336811
<150,ldr2,proj22sched,write> 0.001545518929210138
<151,des22,proj22sched,read> 0.001783291072165543
<152,des21,proj21task1a,setStatus> 0.005409316252235479
<153,acc2,proj21task2,setCost> 0.005409316252235479
<154,code21,proj21task2a,read> 0.012982359005365152
<155,code21,proj21sched,read> 0.002207884184585911
<156,plan2,proj21task2propa,setSchedule> 0.005409316252235479
<157,plan1,proj12sched,read> 0.002207884184585911
<158,aud2,proj22budget,read> 0.015455189292101374
<159,code22,proj22task2a,setStatus> 0.005409316252235479
<160,plan2,proj21task2,setSchedule> 0.005409316252235479
<161,code11,proj11task2propa,read> 0.004327453001788384
<162,plan1,proj11sched,read> 0.002146554068347413
<163,plan1,proj12task1,setSchedule> 0.005409316252235479
<164,plan1,proj12task2prop,setSchedule> 0.005409316252235479
<165,des11,proj11task1propa,request> 0.001081863250447096
<166,acc1,proj11budget,read> 0.0123641514336811
<167,des22,proj22task1a,request> 0.002163726500894192
<168,code22,proj22task2a,read> 0.008654906003576768
<169,acc2,proj22task2prop,setCost> 0.005409316252235479
<170,des11,proj11task1prop,read> 0.004327453001788384

