<0,mgr2,proj22budget,approve> 0.00311365526019551
<1,acc2,proj22budget,read> 0.01245462104078204
<2,des11,proj11task1a,read> 0.013077352092821137
<3,aud2,proj22sched,read> 0.0029938992886495283
<4,plan1,proj12task2propa,setSchedule> 0.00544889670534214
<5,code21,proj21task2propa,request> 0.001089779341068428
<6,acc1,proj11budget,read> 0.01245462104078204
<7,acc2,proj22task1propa,setCost> 0.00544889670534214
<8,acc2,proj21task2,setCost> 0.00544889670534214
<9,code12,proj12task2propa,setStatus> 0.00544889670534214
<10,acc1,proj11task2,setCost> 0.00544889670534214
<11,aud1,proj11sched,read> 0.0021622605973579925
<12,aud1,proj12budget,read> 0.015568276300977547
<13,des12,proj12task1a,read> 0.008718234728547426
<14,des12,proj12sched,read> 0.0022240394715682212
<15,plan1,proj11task2propa,setSchedule> 0.00544889670534214
<16,des21,proj21task1a,setStatus> 0.00544889670534214
<17,acc2,proj22task1prop,setCost> 0.00544889670534214
<18,des21,proj21task1a,read> 0.013077352092821137
<19,acc1,proj11task1a,setCost> 0.00544889670534214
<20,plan1,proj11task1a,setSchedule> 0.00544889670534214
<21,ldr12,proj12budget,read> 0.006227310520391021
<22,plan1,proj12sched,write> 0.015568276300977547
<23,acc1,proj12budget,write> 0.00311365526019551
<24,acc1,proj12task1propa,setCost> 0.00544889670534214
<25,code12,proj12sched,read> 0.0022240394715682212
<26,plan2,proj21task1a,setSchedule> 0.00544889670534214
<27,plan1,proj11task2,setSchedule> 0.00544889670534214
<28,ldr2,proj21budget,read> 0.006227310520391021
<29,ldr2,proj22sched,read> 0.00922120980904055
<30,code21,proj21task2prop,read> 0.004359117364273712
<31,ldr12,proj12sched,read> 0.008451349991959243
<32,plan1,proj12task1prop,setSchedule> 0.00544889670534214
<33,acc2,proj21sched,read> 0.0027800493394602764
<34,acc2,proj21task2prop,setCost> 0.00544889670534214
<35,plan2,proj22task2propa,setSchedule> 0.00544889670534214
<36,code21,proj21task2propa,setStatus> 0.00544889670534214
<37,mgr1,proj12budget,read> 0.01245462104078204
<38,mgr1,proj12budget,approve> 0.00311365526019551
<39,ldr12,proj12budget,write> 0.0015568276300977552
<40,code22,proj22task2,request> 0.0021795586821368564
<41,des21,proj21task1,read> 0.013077352092821137
<42,acc2,proj22task2a,setCost> 0.00544889670534214
<43,mgr2,proj21budget,approve> 0.00311365526019551
<44,acc1,proj11task1,setCost> 0.00544889670534214
<45,acc2,proj22task1a,setCost> 0.00544889670534214
<46,code22,proj22task2a,read> 0.008718234728547426
<47,plan2,proj21sched,write> 0.015568276300977547
<48,acc1,proj12task1a,setCost> 0.00544889670534214
<49,code21,proj21task2a,request> 0.003269338023205284
<50,plan1,proj12task1propa,setSchedule> 0.00544889670534214
<51,aud1,proj11budget,read> 0.015568276300977547
<52,code11,proj11task2,read> 0.013077352092821137
<53,aud2,proj21budget,read> 0.015568276300977547
<54,acc1,proj12task2prop,setCost> 0.00544889670534214
<55,code12,proj12task2a,request> 0.0021795586821368564
<56,des12,proj12task1,read> 0.008718234728547426
<57,ldr11,proj12sched,read> 0.0022240394715682212
<58,acc1,proj11sched,read> 0.0021622605973579925
<59,code21,proj21task2a,read> 0.013077352092821137
<60,ldr11,proj11budget,write> 0.0015568276300977552
<61,code11,proj11task2propa,setStatus> 0.00544889670534214
<62,ldr12,proj12sched,write> 0.0015568276300977552
<63,des12,proj12task1a,setStatus> 0.00544889670534214
<64,plan1,proj11task1prop,setSchedule> 0.00544889670534214
<65,des11,proj11task1a,request> 0.003269338023205284
<66,des11,proj11task1propa,setStatus> 0.00544889670534214
<67,des22,proj22task1a,read> 0.008718234728547426
<68,plan2,proj22task1propa,setSchedule> 0.00544889670534214
<69,code12,proj12task2,request> 0.0021795586821368564
<70,des12,proj12task1,request> 0.0021795586821368564
<71,plan1,proj12task2a,setSchedule> 0.00544889670534214
<72,acc2,proj21task2a,setCost> 0.00544889670534214
<73,plan1,proj11task2prop,setSchedule> 0.00544889670534214
<74,code21,proj21task2,request> 0.003269338023205284
<75,plan1,proj12sched,read> 0.0022240394715682212
<76,des11,proj11task1a,setStatus> 0.00544889670534214
<77,code21,proj21task2prop,request> 0.001089779341068428
<78,acc1,proj12task2propa,setCost> 0.00544889670534214
<79,plan1,proj11task1propa,setSchedule> 0.00544889670534214
<80,des22,proj22task1a,setStatus> 0.00544889670534214
<81,des21,proj21sched,read> 0.0022240394715682212
<82,acc1,proj12task2a,setCost> 0.00544889670534214
<83,aud2,proj22budget,read> 0.015568276300977547
<84,acc2,proj21budget,read> 0.01245462104078204
<85,des21,proj21task1prop,request> 0.001089779341068428
<86,plan1,proj11task2a,setSchedule> 0.00544889670534214
<87,mgr1,proj11budget,read> 0.01245462104078204
<88,acc2,proj22task2propa,setCost> 0.00544889670534214
<89,ldr11,proj11sched,write> 0.0015568276300977552
<90,aud1,proj12sched,read> 0.0022240394715682212
<91,acc2,proj22task2,setCost> 0.00544889670534214
<92,des11,proj11task1,request> 0.003269338023205284
<93,acc2,proj21task1a,setCost> 0.00544889670534214
<94,plan2,proj22task1prop,setSchedule> 0.00544889670534214
<95,ldr11,proj11budget,read> 0.006227310520391021
<96,plan2,proj21task2propa,setSchedule> 0.00544889670534214
<97,plan1,proj11sched,write> 0.015568276300977547
<98,acc2,proj22budget,write> 0.00311365526019551
<99,plan1,proj12task1a,setSchedule> 0.00544889670534214
<100,acc1,proj12task1prop,setCost> 0.00544889670534214
<101,acc1,proj11task2a,setCost> 0.00544889670534214
<102,code22,proj22task2propa,setStatus> 0.00544889670534214
<103,code11,proj11task2a,setStatus> 0.00544889670534214
<104,code11,proj11task2propa,read> 0.004359117364273712
<105,acc2,proj21task1,setCost> 0.00544889670534214
<106,plan1,proj11task1,setSchedule> 0.00544889670534214
<107,code12,proj12task2a,read> 0.008718234728547426
<108,acc1,proj11task1propa,setCost> 0.00544889670534214
<109,des21,proj21task1propa,read> 0.004359117364273712
<110,code11,proj11sched,read> 0.0034596169557727886
<111,acc2,proj21task1prop,setCost> 0.00544889670534214
<112,des12,proj12task1propa,setStatus> 0.00544889670534214
<113,code11,proj11task2a,read> 0.013077352092821137
<114,acc1,proj11task1prop,setCost> 0.00544889670534214
<115,des21,proj21task1propa,setStatus> 0.00544889670534214
<116,plan2,proj22task2,setSchedule> 0.00544889670534214
<117,plan2,proj21sched,read> 0.0027800493394602764
<118,plan2,proj21task1propa,setSchedule> 0.00544889670534214
<119,code12,proj12task2a,setStatus> 0.00544889670534214
<120,des22,proj22task1propa,setStatus> 0.00544889670534214
<121,code11,proj11task2a,request> 0.003269338023205284
<122,mgr2,proj22budget,read> 0.01245462104078204
<123,acc1,proj11task2prop,setCost> 0.00544889670534214
<124,ldr2,proj22budget,write> 0.0015568276300977552
<125,plan2,proj22task2prop,setSchedule> 0.00544889670534214
<126,code21,proj21task2propa,read> 0.004359117364273712
<127,code22,proj22task2a,request> 0.0021795586821368564
<128,des21,proj21task1a,request> 0.003269338023205284
<129,plan2,proj22task1,setSchedule> 0.00544889670534214
<130,plan2,proj22sched,write> 0.015568276300977547
<131,des11,proj11sched,read> 0.0034596169557727886
<132,acc1,proj12task2,setCost> 0.00544889670534214
<133,code11,proj11task2propa,request> 0.001089779341068428
<134,code21,proj21task2,read> 0.013077352092821137
<135,ldr2,proj21budget,write> 0.0015568276300977552
<136,acc1,proj12task1,setCost> 0.00544889670534214
<137,des21,proj21task1propa,request> 0.001089779341068428
<138,des22,proj22task1,request> 0.0021795586821368564
<139,des11,proj11task1propa,read> 0.004359117364273712
<140,des11,proj11task1,read> 0.013077352092821137
<141,acc2,proj22sched,read> 0.0029938992886495283
<142,acc1,proj12budget,read> 0.01245462104078204
<143,des22,proj22task1,read> 0.008718234728547426
<144,plan2,proj22sched,read> 0.0029938992886495283
<145,plan2,proj21task2a,setSchedule> 0.00544889670534214
<146,code12,proj12task2,read> 0.008718234728547426
<147,code11,proj11task2,request> 0.003269338023205284
<148,mgr2,proj21budget,read> 0.01245462104078204
<149,ldr2,proj22sched,write> 0.0015568276300977552
<150,des22,proj22sched,read> 0.001796339573189717
<151,code21,proj21sched,read> 0.0022240394715682212
<152,code22,proj22task2a,setStatus> 0.00544889670534214
<153,acc1,proj11task2propa,setCost> 0.00544889670534214
<154,mgr1,proj11budget,approve> 0.00311365526019551
<155,plan1,proj11sched,read> 0.0021622605973579925
<156,plan1,proj12task1,setSchedule> 0.00544889670534214
<157,plan1,proj12task2prop,setSchedule> 0.00544889670534214
<158,plan2,proj22task1a,setSchedule> 0.00544889670534214
<159,des11,proj11task1propa,request> 0.001089779341068428
<160,plan2,proj21task2prop,setSchedule> 0.00544889670534214
<161,acc1,proj11budget,write> 0.00311365526019551
<162,acc2,proj21task1propa,setCost> 0.00544889670534214
<163,ldr2,proj21sched,read> 0.009007359859851297
<164,plan2,proj21task2,setSchedule> 0.00544889670534214
<165,des22,proj22task1a,request> 0.0021795586821368564
<166,plan2,proj21task1,setSchedule> 0.00544889670534214
<167,acc2,proj22task2prop,setCost> 0.00544889670534214
<168,des11,proj11task1prop,read> 0.004359117364273712
<169,ldr11,proj11sched,read> 0.008389571117749014
<170,code11,proj11task2prop,read> 0.004359117364273712

