<0,code21,proj21task2propa,request> 0.0013265468802315349
<1,ldr12,proj12budget,read> 0.007580267887037346
<2,acc2,proj22budget,read> 0.01516053577407469
<3,plan1,proj11sched,write> 0.01895066971759336
<4,des11,proj11task1,request> 0.0039796406406946054
<5,des11,proj11task1a,read> 0.015918562562778422
<6,code12,proj12task2propa,setStatus> 0.006632734401157673
<7,aud1,proj11budget,read> 0.01895066971759336
<8,des22,proj22task1a,request> 0.00265309376046307
<9,des12,proj12sched,read> 0.0027072385310847663
<10,code22,proj22task2,read> 0.01061237504185228
<11,plan2,proj21task1,setSchedule> 0.006632734401157673
<12,acc1,proj12budget,write> 0.0037901339435186727
<13,mgr1,proj12budget,read> 0.01516053577407469
<14,plan2,proj21task2,setSchedule> 0.006632734401157673
<15,des22,proj22task1propa,setStatus> 0.006632734401157673
<16,mgr2,proj22budget,read> 0.01516053577407469
<17,ldr2,proj21budget,read> 0.007580267887037346
<18,code21,proj21task2a,read> 0.015918562562778422
<19,acc2,proj22task2,setCost> 0.006632734401157673
<20,acc1,proj12budget,read> 0.01516053577407469
<21,plan2,proj22task1a,setSchedule> 0.006632734401157673
<22,aud1,proj12budget,read> 0.01895066971759336
<23,des21,proj21task1a,read> 0.015918562562778422
<24,plan1,proj12task1prop,setSchedule> 0.006632734401157673
<25,plan2,proj22task2propa,setSchedule> 0.006632734401157673
<26,ldr12,proj12budget,write> 0.0018950669717593366
<27,des11,proj11task1a,setStatus> 0.006632734401157673
<28,acc1,proj11task2,setCost> 0.006632734401157673
<29,plan2,proj21task2a,setSchedule> 0.006632734401157673
<30,acc1,proj12task2prop,setCost> 0.006632734401157673
<31,ldr11,proj11sched,read> 0.010212305347814202
<32,code22,proj22task2,request> 0.00265309376046307
<33,mgr2,proj21budget,approve> 0.0037901339435186727
<34,plan2,proj21task2prop,setSchedule> 0.006632734401157673
<35,acc1,proj11task1,setCost> 0.006632734401157673
<36,aud2,proj21budget,read> 0.01895066971759336
<37,code12,proj12task2a,setStatus> 0.006632734401157673
<38,acc2,proj21task2propa,setCost> 0.006632734401157673
<39,acc2,proj22task1a,setCost> 0.006632734401157673
<40,acc1,proj12task1a,setCost> 0.006632734401157673
<41,ldr11,proj12sched,read> 0.0027072385310847663
<42,ldr2,proj22sched,write> 0.0018950669717593366
<43,acc1,proj11sched,read> 0.0026320374607768557
<44,ldr12,proj12sched,write> 0.0018950669717593366
<45,ldr12,proj12sched,read> 0.010287506418122113
<46,code11,proj11task2a,read> 0.015918562562778422
<47,des12,proj12task1a,setStatus> 0.006632734401157673
<48,des12,proj12task1,read> 0.01061237504185228
<49,code21,proj21task2a,request> 0.0039796406406946054
<50,acc2,proj22task2a,setCost> 0.006632734401157673
<51,plan1,proj11task1a,setSchedule> 0.006632734401157673
<52,acc2,proj21task1a,setCost> 0.006632734401157673
<53,acc2,proj22task1,setCost> 0.006632734401157673
<54,plan1,proj11task1prop,setSchedule> 0.006632734401157673
<55,des11,proj11task1a,request> 0.0039796406406946054
<56,des22,proj22task1a,read> 0.01061237504185228
<57,plan2,proj22task1propa,setSchedule> 0.006632734401157673
<58,des11,proj11task1propa,setStatus> 0.006632734401157673
<59,code22,proj22task2a,read> 0.01061237504185228
<60,code12,proj12task2,request> 0.00265309376046307
<61,plan1,proj11task1propa,setSchedule> 0.006632734401157673
<62,plan2,proj21sched,write> 0.01895066971759336
<63,code11,proj11task2,request> 0.0039796406406946054
<64,plan1,proj11task2prop,setSchedule> 0.006632734401157673
<65,plan2,proj22sched,write> 0.01895066971759336
<66,plan1,proj12task2propa,setSchedule> 0.006632734401157673
<67,mgr2,proj21budget,read> 0.01516053577407469
<68,code22,proj22task2a,setStatus> 0.006632734401157673
<69,des12,proj12task1a,read> 0.01061237504185228
<70,plan1,proj12task2a,setSchedule> 0.006632734401157673
<71,aud2,proj22budget,read> 0.01895066971759336
<72,code21,proj21task2,request> 0.0039796406406946054
<73,code21,proj21task2prop,request> 0.0013265468802315349
<74,acc2,proj22budget,write> 0.0037901339435186727
<75,plan2,proj22task2,setSchedule> 0.006632734401157673
<76,aud2,proj22sched,read> 0.0036443595610756462
<77,aud1,proj11sched,read> 0.0026320374607768557
<78,acc1,proj12task2propa,setCost> 0.006632734401157673
<79,plan1,proj12sched,write> 0.01895066971759336
<80,acc1,proj11budget,write> 0.0037901339435186727
<81,des22,proj22task1a,setStatus> 0.006632734401157673
<82,acc1,proj12task2a,setCost> 0.006632734401157673
<83,des21,proj21task1prop,request> 0.0013265468802315349
<84,plan1,proj11task2a,setSchedule> 0.006632734401157673
<85,des11,proj11task1,read> 0.015918562562778422
<86,des21,proj21sched,read> 0.0027072385310847663
<87,acc2,proj22task2propa,setCost> 0.006632734401157673
<88,code21,proj21task2prop,read> 0.0053061875209261394
<89,acc2,proj21budget,read> 0.01516053577407469
<90,ldr11,proj11sched,write> 0.0018950669717593366
<91,aud1,proj12sched,read> 0.0027072385310847663
<92,ldr11,proj11budget,read> 0.007580267887037346
<93,plan2,proj22task1prop,setSchedule> 0.006632734401157673
<94,acc1,proj12task1prop,setCost> 0.006632734401157673
<95,mgr1,proj11budget,read> 0.01516053577407469
<96,acc1,proj11task2a,setCost> 0.006632734401157673
<97,code22,proj22task2propa,setStatus> 0.006632734401157673
<98,code11,proj11task2a,setStatus> 0.006632734401157673
<99,plan1,proj11task1,setSchedule> 0.006632734401157673
<100,acc2,proj21task2prop,setCost> 0.006632734401157673
<101,plan1,proj11task2,setSchedule> 0.006632734401157673
<102,acc1,proj11task1propa,setCost> 0.006632734401157673
<103,des21,proj21task1,read> 0.015918562562778422
<104,acc2,proj22sched,read> 0.0036443595610756462
<105,des21,proj21task1propa,read> 0.0053061875209261394
<106,code11,proj11sched,read> 0.004211259937242969
<107,plan1,proj12task1propa,setSchedule> 0.006632734401157673
<108,acc2,proj21task1prop,setCost> 0.006632734401157673
<109,des12,proj12task1propa,setStatus> 0.006632734401157673
<110,acc2,proj22task1propa,setCost> 0.006632734401157673
<111,acc1,proj11task1prop,setCost> 0.006632734401157673
<112,des21,proj21task1propa,setStatus> 0.006632734401157673
<113,code12,proj12task2a,request> 0.00265309376046307
<114,acc1,proj12task1propa,setCost> 0.006632734401157673
<115,plan2,proj21sched,read> 0.0033840481638559576
<116,plan2,proj21task1propa,setSchedule> 0.006632734401157673
<117,acc1,proj11task1a,setCost> 0.006632734401157673
<118,code11,proj11task2a,request> 0.0039796406406946054
<119,acc1,proj11task2prop,setCost> 0.006632734401157673
<120,ldr2,proj22budget,write> 0.0018950669717593366
<121,plan2,proj22task2prop,setSchedule> 0.006632734401157673
<122,code12,proj12task2,read> 0.01061237504185228
<123,code21,proj21task2propa,read> 0.0053061875209261394
<124,des21,proj21task1a,request> 0.0039796406406946054
<125,plan2,proj22task1,setSchedule> 0.006632734401157673
<126,code11,proj11task2prop,read> 0.0053061875209261394
<127,plan2,proj21task2propa,setSchedule> 0.006632734401157673
<128,acc1,proj11budget,read> 0.01516053577407469
<129,des11,proj11sched,read> 0.004211259937242969
<130,acc1,proj12task2,setCost> 0.006632734401157673
<131,code11,proj11task2propa,request> 0.0013265468802315349
<132,ldr2,proj21budget,write> 0.0018950669717593366

