<0,code21,proj21task2a,read> 0.015625156147084863
<1,code11,proj11task2propa,setStatus> 0.0065104817279520244
<2,code11,proj11sched,read> 0.004133639192350494
<3,acc2,proj22budget,read> 0.014881101092461779
<4,acc2,proj22task1a,setCost> 0.0065104817279520244
<5,acc1,proj12task2propa,setCost> 0.0065104817279520244
<6,code21,proj21task2propa,read> 0.00520838538236162
<7,acc1,proj11budget,read> 0.014881101092461779
<8,code21,proj21task2propa,request> 0.001302096345590405
<9,acc2,proj21budget,write> 0.0037202752731154446
<10,code12,proj12task2propa,setStatus> 0.0065104817279520244
<11,plan2,proj22sched,read> 0.0035771877626110038
<12,des12,proj12sched,read> 0.002657339480796746
<13,mgr1,proj11budget,read> 0.014881101092461779
<14,aud2,proj21budget,read> 0.01860137636557722
<15,aud1,proj11budget,read> 0.01860137636557722
<16,ldr12,proj12budget,read> 0.00744055054623089
<17,acc1,proj11task1,setCost> 0.0065104817279520244
<18,plan1,proj12task2prop,setSchedule> 0.0065104817279520244
<19,des11,proj11task1,read> 0.015625156147084863
<20,acc1,proj12task2a,setCost> 0.0065104817279520244
<21,des21,proj21task1,read> 0.015625156147084863
<22,des11,proj11sched,read> 0.004133639192350494
<23,plan1,proj11task1prop,setSchedule> 0.0065104817279520244
<24,plan2,proj22sched,write> 0.01860137636557722
<25,des22,proj22task1,read> 0.010416770764723242
<26,plan1,proj11task2,setSchedule> 0.0065104817279520244
<27,code11,proj11task2a,read> 0.015625156147084863
<28,mgr2,proj22budget,read> 0.014881101092461779
<29,plan1,proj11task2propa,setSchedule> 0.0065104817279520244
<30,aud1,proj12budget,read> 0.01860137636557722
<31,acc1,proj12budget,write> 0.0037202752731154446
<32,ldr2,proj21budget,read> 0.00744055054623089
<33,plan1,proj12task1prop,setSchedule> 0.0065104817279520244
<34,plan1,proj11task1,setSchedule> 0.0065104817279520244
<35,plan2,proj22task2propa,setSchedule> 0.0065104817279520244
<36,ldr12,proj12budget,write> 0.0018601376365577225
<37,plan1,proj12sched,write> 0.01860137636557722
<38,plan2,proj22task2prop,setSchedule> 0.0065104817279520244
<39,aud2,proj22budget,read> 0.01860137636557722
<40,code11,proj11task2,read> 0.015625156147084863
<41,acc1,proj11task2,setCost> 0.0065104817279520244
<42,code21,proj21task2,read> 0.015625156147084863
<43,plan2,proj21task1a,setSchedule> 0.0065104817279520244
<44,mgr1,proj12budget,read> 0.014881101092461779
<45,code22,proj22task2,request> 0.0026041926911808105
<46,mgr2,proj21budget,approve> 0.0037202752731154446
<47,plan2,proj21task1prop,setSchedule> 0.0065104817279520244
<48,acc1,proj12task1a,setCost> 0.0065104817279520244
<49,code22,proj22task2propa,setStatus> 0.0065104817279520244
<50,acc2,proj22task2prop,setCost> 0.0065104817279520244
<51,code11,proj11task2prop,read> 0.00520838538236162
<52,code12,proj12task2a,read> 0.010416770764723242
<53,plan2,proj21task2,setSchedule> 0.0065104817279520244
<54,ldr11,proj12sched,read> 0.002657339480796746
<55,plan1,proj12task2,setSchedule> 0.0065104817279520244
<56,ldr11,proj11sched,read> 0.010024075041449948
<57,acc1,proj11sched,read> 0.0025835244952190583
<58,ldr12,proj12sched,write> 0.0018601376365577225
<59,plan1,proj12task2propa,setSchedule> 0.0065104817279520244
<60,code12,proj12task2a,setStatus> 0.0065104817279520244
<61,acc1,proj12budget,read> 0.014881101092461779
<62,acc2,proj21task2,setCost> 0.0065104817279520244
<63,des12,proj12task1a,setStatus> 0.0065104817279520244
<64,acc2,proj21task1,setCost> 0.0065104817279520244
<65,code21,proj21task2a,request> 0.003906289036771216
<66,acc2,proj22task2a,setCost> 0.0065104817279520244
<67,plan2,proj21sched,write> 0.01860137636557722
<68,plan1,proj11task1a,setSchedule> 0.0065104817279520244
<69,des11,proj11task1a,request> 0.003906289036771216
<70,plan1,proj12task1a,setSchedule> 0.0065104817279520244
<71,des22,proj22task1a,read> 0.010416770764723242
<72,plan2,proj22task1propa,setSchedule> 0.0065104817279520244
<73,plan2,proj22task1,setSchedule> 0.0065104817279520244
<74,des12,proj12task1,read> 0.010416770764723242
<75,code12,proj12task2,request> 0.0026041926911808105
<76,acc2,proj21task1prop,setCost> 0.0065104817279520244
<77,code11,proj11task2prop,request> 0.001302096345590405
<78,plan1,proj11task2prop,setSchedule> 0.0065104817279520244
<79,ldr12,proj12sched,read> 0.010097890027027637
<80,plan1,proj12task1propa,setSchedule> 0.0065104817279520244
<81,code21,proj21task2,request> 0.003906289036771216
<82,des11,proj11task1a,setStatus> 0.0065104817279520244
<83,code21,proj21task2prop,request> 0.001302096345590405
<84,ldr2,proj22sched,read> 0.011017738308841894
<85,aud2,proj22sched,read> 0.0035771877626110038
<86,aud1,proj11sched,read> 0.0025835244952190583
<87,plan2,proj22task2a,setSchedule> 0.0065104817279520244
<88,plan1,proj11task1propa,setSchedule> 0.0065104817279520244
<89,acc1,proj12task1propa,setCost> 0.0065104817279520244
<90,des22,proj22task1a,setStatus> 0.0065104817279520244
<91,des11,proj11task1a,read> 0.015625156147084863
<92,des21,proj21task1prop,request> 0.001302096345590405
<93,code22,proj22task2a,read> 0.010416770764723242
<94,plan1,proj11task2a,setSchedule> 0.0065104817279520244
<95,plan1,proj11sched,write> 0.01860137636557722
<96,des21,proj21sched,read> 0.002657339480796746
<97,des11,proj11task1propa,setStatus> 0.0065104817279520244
<98,acc2,proj22task2propa,setCost> 0.0065104817279520244
<99,code21,proj21task2prop,read> 0.00520838538236162
<100,plan2,proj22task1a,setSchedule> 0.0065104817279520244
<101,ldr11,proj11sched,write> 0.0018601376365577225
<102,aud1,proj12sched,read> 0.002657339480796746
<103,des11,proj11task1,request> 0.003906289036771216
<104,acc2,proj21task1a,setCost> 0.0065104817279520244
<105,code12,proj12task2,read> 0.010416770764723242
<106,plan2,proj22task1prop,setSchedule> 0.0065104817279520244
<107,acc1,proj12task1prop,setCost> 0.0065104817279520244
<108,acc1,proj12task2prop,setCost> 0.0065104817279520244
<109,acc1,proj11task2a,setCost> 0.0065104817279520244
<110,acc1,proj11budget,write> 0.0037202752731154446
<111,acc1,proj11task2prop,setCost> 0.0065104817279520244
<112,code11,proj11task2a,setStatus> 0.0065104817279520244
<113,acc1,proj11task1propa,setCost> 0.0065104817279520244
<114,des21,proj21task1propa,read> 0.00520838538236162
<115,plan2,proj21task2prop,setSchedule> 0.0065104817279520244
<116,des12,proj12task1propa,setStatus> 0.0065104817279520244
<117,acc2,proj22task1propa,setCost> 0.0065104817279520244
<118,acc1,proj11task1prop,setCost> 0.0065104817279520244
<119,des21,proj21task1propa,setStatus> 0.0065104817279520244
<120,code12,proj12task2a,request> 0.0026041926911808105
<121,plan2,proj22task2,setSchedule> 0.0065104817279520244
<122,plan2,proj21sched,read> 0.0033216743509959326
<123,plan1,proj12task1,setSchedule> 0.0065104817279520244
<124,des11,proj11task1prop,read> 0.00520838538236162
<125,acc2,proj22budget,write> 0.0037202752731154446
<126,plan2,proj21task1propa,setSchedule> 0.0065104817279520244
<127,acc1,proj11task1a,setCost> 0.0065104817279520244
<128,ldr2,proj21sched,read> 0.010762224897226823
<129,acc1,proj12task2,setCost> 0.0065104817279520244
<130,code11,proj11task2a,request> 0.003906289036771216
<131,ldr2,proj22budget,write> 0.0018601376365577225
<132,des12,proj12task1a,read> 0.010416770764723242

