<0,mgr2,proj22budget,approve> 0.0029069767441860465
<1,acc2,proj22budget,read> 0.011627906976744186
<2,des11,proj11task1a,read> 0.012209302325581392
<3,aud2,proj22sched,read> 0.0027951699463327367
<4,plan1,proj12task2propa,setSchedule> 0.005087209302325578
<5,code21,proj21task2propa,request> 0.0010174418604651158
<6,acc1,proj11budget,read> 0.011627906976744186
<7,acc2,proj22task1propa,setCost> 0.005087209302325578
<8,acc2,proj21task2,setCost> 0.005087209302325578
<9,code12,proj12task2propa,setStatus> 0.005087209302325578
<10,acc1,proj11task2,setCost> 0.005087209302325578
<11,aud1,proj11sched,read> 0.002018733850129199
<12,aud1,proj12budget,read> 0.01453488372093023
<13,des12,proj12task1a,read> 0.008139534883720927
<14,des12,proj12sched,read> 0.00207641196013289
<15,plan1,proj11task2propa,setSchedule> 0.005087209302325578
<16,des21,proj21task1a,setStatus> 0.005087209302325578
<17,acc2,proj22task1prop,setCost> 0.005087209302325578
<18,des21,proj21task1a,read> 0.012209302325581392
<19,acc1,proj11task1a,setCost> 0.005087209302325578
<20,plan1,proj11task1a,setSchedule> 0.005087209302325578
<21,ldr12,proj12budget,read> 0.005813953488372094
<22,plan1,proj12sched,write> 0.01453488372093023
<23,acc1,proj12budget,write> 0.0029069767441860465
<24,acc1,proj12task1propa,setCost> 0.005087209302325578
<25,code12,proj12sched,read> 0.00207641196013289
<26,plan2,proj21task1a,setSchedule> 0.005087209302325578
<27,plan1,proj11task2,setSchedule> 0.005087209302325578
<28,ldr2,proj21budget,read> 0.005813953488372094
<29,ldr2,proj22sched,read> 0.008609123434704831
<30,code21,proj21task2prop,read> 0.004069767441860463
<31,ldr12,proj12sched,read> 0.007890365448504985
<32,plan1,proj12task1prop,setSchedule> 0.005087209302325578
<33,acc2,proj21sched,read> 0.0025955149501661126
<34,acc2,proj21task2prop,setCost> 0.005087209302325578
<35,plan2,proj22task2propa,setSchedule> 0.005087209302325578
<36,code21,proj21task2propa,setStatus> 0.005087209302325578
<37,mgr1,proj12budget,read> 0.011627906976744186
<38,mgr1,proj12budget,approve> 0.0029069767441860465
<39,ldr12,proj12budget,write> 0.0014534883720930235
<40,code22,proj22task2,request> 0.0020348837209302317
<41,des21,proj21task1,read> 0.012209302325581392
<42,acc2,proj22task2a,setCost> 0.005087209302325578
<43,mgr2,proj21budget,approve> 0.0029069767441860465
<44,acc1,proj11task1,setCost> 0.005087209302325578
<45,acc2,proj22task1a,setCost> 0.005087209302325578
<46,code22,proj22task2a,read> 0.008139534883720927
<47,plan2,proj21sched,write> 0.01453488372093023
<48,acc1,proj12task1a,setCost> 0.005087209302325578
<49,code21,proj21task2a,request> 0.003052325581395348
<50,plan1,proj12task1propa,setSchedule> 0.005087209302325578
<51,aud1,proj11budget,read> 0.01453488372093023
<52,code11,proj11task2,read> 0.012209302325581392
<53,aud2,proj21budget,read> 0.01453488372093023
<54,acc1,proj12task2prop,setCost> 0.005087209302325578
<55,code12,proj12task2a,request> 0.0020348837209302317
<56,des12,proj12task1,read> 0.008139534883720927
<57,ldr11,proj12sched,read> 0.00207641196013289
<58,acc1,proj11sched,read> 0.002018733850129199
<59,code21,proj21task2a,read> 0.012209302325581392
<60,ldr11,proj11budget,write> 0.0014534883720930235
<61,code11,proj11task2propa,setStatus> 0.005087209302325578
<62,ldr12,proj12sched,write> 0.0014534883720930235
<63,des12,proj12task1a,setStatus> 0.005087209302325578
<64,plan1,proj11task1prop,setSchedule> 0.005087209302325578
<65,des11,proj11task1a,request> 0.003052325581395348
<66,des11,proj11task1propa,setStatus> 0.005087209302325578
<67,des22,proj22task1a,read> 0.008139534883720927
<68,plan2,proj22task1propa,setSchedule> 0.005087209302325578
<69,code12,proj12task2,request> 0.0020348837209302317
<70,des12,proj12task1,request> 0.0020348837209302317
<71,plan1,proj12task2a,setSchedule> 0.005087209302325578
<72,acc2,proj21task2a,setCost> 0.005087209302325578
<73,plan1,proj11task2prop,setSchedule> 0.005087209302325578
<74,code21,proj21task2,request> 0.003052325581395348
<75,plan1,proj12sched,read> 0.00207641196013289
<76,des11,proj11task1a,setStatus> 0.005087209302325578
<77,code21,proj21task2prop,request> 0.0010174418604651158
<78,acc1,proj12task2propa,setCost> 0.005087209302325578
<79,plan1,proj11task1propa,setSchedule> 0.005087209302325578
<80,des22,proj22task1a,setStatus> 0.005087209302325578
<81,des21,proj21sched,read> 0.00207641196013289
<82,acc1,proj12task2a,setCost> 0.005087209302325578
<83,aud2,proj22budget,read> 0.01453488372093023
<84,acc2,proj21budget,read> 0.011627906976744186
<85,des21,proj21task1prop,request> 0.0010174418604651158
<86,plan1,proj11task2a,setSchedule> 0.005087209302325578
<87,mgr1,proj11budget,read> 0.011627906976744186
<88,acc2,proj22task2propa,setCost> 0.005087209302325578
<89,ldr11,proj11sched,write> 0.0014534883720930235
<90,aud1,proj12sched,read> 0.00207641196013289
<91,acc2,proj22task2,setCost> 0.005087209302325578
<92,des11,proj11task1,request> 0.003052325581395348
<93,acc2,proj21task1a,setCost> 0.005087209302325578
<94,plan2,proj22task1prop,setSchedule> 0.005087209302325578
<95,ldr11,proj11budget,read> 0.005813953488372094
<96,plan2,proj21task2propa,setSchedule> 0.005087209302325578
<97,plan1,proj11sched,write> 0.01453488372093023
<98,acc2,proj22budget,write> 0.0029069767441860465
<99,plan1,proj12task1a,setSchedule> 0.005087209302325578
<100,acc1,proj12task1prop,setCost> 0.005087209302325578
<101,acc1,proj11task2a,setCost> 0.005087209302325578
<102,code22,proj22task2propa,setStatus> 0.005087209302325578
<103,code11,proj11task2a,setStatus> 0.005087209302325578
<104,code11,proj11task2propa,read> 0.004069767441860463
<105,acc2,proj21task1,setCost> 0.005087209302325578
<106,plan1,proj11task1,setSchedule> 0.005087209302325578
<107,code12,proj12task2a,read> 0.008139534883720927
<108,acc1,proj11task1propa,setCost> 0.005087209302325578
<109,des21,proj21task1propa,read> 0.004069767441860463
<110,code11,proj11sched,read> 0.003229974160206718
<111,acc2,proj21task1prop,setCost> 0.005087209302325578
<112,des12,proj12task1propa,setStatus> 0.005087209302325578
<113,code11,proj11task2a,read> 0.012209302325581392
<114,acc1,proj11task1prop,setCost> 0.005087209302325578
<115,des21,proj21task1propa,setStatus> 0.005087209302325578
<116,plan2,proj22task2,setSchedule> 0.005087209302325578
<117,plan2,proj21sched,read> 0.0025955149501661126
<118,plan2,proj21task1propa,setSchedule> 0.005087209302325578
<119,code12,proj12task2a,setStatus> 0.005087209302325578
<120,des22,proj22task1propa,setStatus> 0.005087209302325578
<121,code11,proj11task2a,request> 0.003052325581395348
<122,mgr2,proj22budget,read> 0.011627906976744186
<123,acc1,proj11task2prop,setCost> 0.005087209302325578
<124,ldr2,proj22budget,write> 0.0014534883720930235
<125,plan2,proj22task2prop,setSchedule> 0.005087209302325578
<126,code21,proj21task2propa,read> 0.004069767441860463
<127,code22,proj22task2a,request> 0.0020348837209302317
<128,des21,proj21task1a,request> 0.003052325581395348
<129,plan2,proj22task1,setSchedule> 0.005087209302325578
<130,plan2,proj22sched,write> 0.01453488372093023
<131,des11,proj11sched,read> 0.003229974160206718
<132,acc1,proj12task2,setCost> 0.005087209302325578
<133,code11,proj11task2propa,request> 0.0010174418604651158
<134,code21,proj21task2,read> 0.012209302325581392
<135,ldr2,proj21budget,write> 0.0014534883720930235
<136,acc1,proj12task1,setCost> 0.005087209302325578
<137,des21,proj21task1propa,request> 0.0010174418604651158
<138,des22,proj22task1,request> 0.0020348837209302317
<139,des11,proj11task1propa,read> 0.004069767441860463
<140,des11,proj11task1,read> 0.012209302325581392
<141,acc2,proj22sched,read> 0.0027951699463327367
<142,acc1,proj12budget,read> 0.011627906976744186
<143,des22,proj22task1,read> 0.008139534883720927
<144,plan2,proj22sched,read> 0.0027951699463327367
<145,plan2,proj21task2a,setSchedule> 0.005087209302325578
<146,code12,proj12task2,read> 0.008139534883720927
<147,code11,proj11task2,request> 0.003052325581395348
<148,mgr2,proj21budget,read> 0.011627906976744186
<149,ldr2,proj22sched,write> 0.0014534883720930235
<150,des22,proj22sched,read> 0.001677101967799642
<151,code21,proj21sched,read> 0.00207641196013289
<152,code22,proj22task2a,setStatus> 0.005087209302325578
<153,acc1,proj11task2propa,setCost> 0.005087209302325578
<154,mgr1,proj11budget,approve> 0.0029069767441860465
<155,plan1,proj11sched,read> 0.002018733850129199
<156,plan1,proj12task1,setSchedule> 0.005087209302325578
<157,plan1,proj12task2prop,setSchedule> 0.005087209302325578
<158,plan2,proj22task1a,setSchedule> 0.005087209302325578
<159,des11,proj11task1propa,request> 0.0010174418604651158
<160,plan2,proj21task2prop,setSchedule> 0.005087209302325578
<161,acc1,proj11budget,write> 0.0029069767441860465
<162,acc2,proj21task1propa,setCost> 0.005087209302325578
<163,ldr2,proj21sched,read> 0.008409468438538206
<164,plan2,proj21task2,setSchedule> 0.005087209302325578
<165,des22,proj22task1a,request> 0.0020348837209302317
<166,plan2,proj21task1,setSchedule> 0.005087209302325578
<167,acc2,proj22task2prop,setCost> 0.005087209302325578
<168,des11,proj11task1prop,read> 0.004069767441860463
<169,ldr11,proj11sched,read> 0.007832687338501293
<170,code11,proj11task2prop,read> 0.004069767441860463
<171,plan2,proj21task1prop,setSchedule> 0.005087209302325578
<172,acc2,proj22task1,setCost> 0.005087209302325578
<173,plan1,proj12task2,setSchedule> 0.005087209302325578
<174,ldr2,proj22budget,read> 0.005813953488372094
<175,code22,proj22sched,read> 0.001677101967799642
<176,ldr2,proj21sched,write> 0.0014534883720930235
<177,code21,proj21task2a,setStatus> 0.005087209302325578
<178,code11,proj11task2prop,request> 0.0010174418604651158
<179,acc1,proj12sched,read> 0.00207641196013289
<180,acc2,proj21budget,write> 0.0029069767441860465
<181,acc2,proj21task2propa,setCost> 0.005087209302325578
<182,des21,proj21task1,request> 0.003052325581395348
<183,des21,proj21task1prop,read> 0.004069767441860463
<184,des12,proj12task1a,request> 0.0020348837209302317
<185,code22,proj22task2,read> 0.008139534883720927
<186,plan2,proj22task2a,setSchedule> 0.005087209302325578
<187,des11,proj11task1prop,request> 0.0010174418604651158
<188,aud2,proj21sched,read> 0.0025955149501661126

