<0,admissions2,application2,setStatus> 0.001199253368064399
<1,csFac1,cs101gradebook,changeScore> 0.019787680573062592
<2,csStu3,csStu3trans,read> 0.0057448104889536574
<3,admissions2,eeStu3application,read> 0.005396640156289796
<4,eeFac2,ee601gradebook,addScore> 0.010654904923956782
<5,csChair,csStu2trans,read> 0.0057448104889536574
<6,admissions1,csStu1application,read> 0.010793280312579591
<7,csFac1,cs101gradebook,addScore> 0.013699163473658717
<8,csFac2,cs601roster,read> 0.019787680573062592
<9,csFac1,cs101roster,read> 0.019787680573062592
<10,admissions2,csStu5application,setStatus> 0.001199253368064399
<11,admissions1,eeStu1application,setStatus> 0.002398506736128798
<12,csChair,csStu3trans,read> 0.0057448104889536574
<13,eeStu2,eeStu2application,checkStatus> 0.0049469201432656455
<14,registrar1,eeStu4trans,read> 0.003829873659302438
<15,admissions1,eeStu5application,read> 0.010793280312579591
<16,csFac1,cs101gradebook,assignGrade> 0.019787680573062592
<17,eeFac2,ee601gradebook,assignGrade> 0.019787680573062592
<18,admissions1,csStu3application,read> 0.010793280312579591
<19,csStu3,cs601gradebook,addScore> 0.012592160364676194
<20,eeStu4,eeStu4trans,read> 0.0057448104889536574
<21,applicant1,application1,checkStatus> 0.0049469201432656455
<22,csStu3,cs601gradebook,readScore> 0.012592160364676194
<23,eeFac2,ee601gradebook,changeScore> 0.019787680573062592
<24,eeStu3,ee601gradebook,addScore> 0.009132775649105812
<25,registrar2,ee602roster,write> 5.996266840321997E-4
<26,csFac1,cs101gradebook,readScore> 0.013699163473658717
<27,registrar1,csStu2trans,read> 0.003829873659302438
<28,csChair,csStu1trans,read> 0.0057448104889536574
<29,csStu2,cs601gradebook,readMyScores> 0.002198631174784732
<30,admissions1,csStu5application,read> 0.010793280312579591
<31,csStu5,csStu5application,checkStatus> 0.0049469201432656455
<32,csChair,csStu5trans,read> 0.0057448104889536574
<33,eeStu1,ee101gradebook,readMyScores> 0.009893840286531296
<34,csFac2,cs601gradebook,readScore> 0.007195520208386396
<35,eeStu2,ee602gradebook,readScore> 0.019787680573062592
<36,registrar1,csStu3trans,read> 0.003829873659302438
<37,admissions2,csStu2application,setStatus> 0.001199253368064399
<38,registrar1,cs601roster,write> 0.0011992533680643994
<39,csFac2,cs601gradebook,addScore> 0.007195520208386396
<40,csStu2,cs602gradebook,addScore> 0.019787680573062592
<41,csFac2,cs601gradebook,changeScore> 0.019787680573062592
<42,eeFac1,ee101roster,read> 0.019787680573062592
<43,eeFac2,ee601roster,read> 0.019787680573062592
<44,registrar2,cs601roster,write> 5.996266840321997E-4
<45,eeStu1,eeStu1application,checkStatus> 0.0049469201432656455
<46,admissions1,application1,setStatus> 0.002398506736128798
<47,registrar2,eeStu1trans,read> 0.001914936829651219
<48,admissions1,csStu1application,setStatus> 0.002398506736128798
<49,admissions1,eeStu2application,setStatus> 0.002398506736128798
<50,registrar1,eeStu5trans,read> 0.0051064982124032505
<51,csStu2,cs602gradebook,readScore> 0.019787680573062592
<52,admissions2,eeStu1application,setStatus> 0.001199253368064399
<53,admissions2,csStu3application,setStatus> 0.001199253368064399
<54,admissions1,eeStu3application,setStatus> 0.002398506736128798
<55,eeStu2,ee101gradebook,addScore> 0.009893840286531296
<56,admissions1,eeStu2application,read> 0.010793280312579591
<57,admissions2,eeStu4application,read> 0.005396640156289796
<58,admissions1,csStu2application,read> 0.010793280312579591
<59,csStu2,csStu2application,checkStatus> 0.0049469201432656455
<60,admissions1,csStu4application,read> 0.010793280312579591
<61,csStu5,cs602gradebook,readMyScores> 0.0058199060509007625
<62,admissions1,csStu5application,setStatus> 0.002398506736128798
<63,eeStu2,ee601gradebook,readMyScores> 0.0032979467621770983
<64,admissions2,csStu1application,setStatus> 0.001199253368064399
<65,registrar1,ee602roster,write> 0.0011992533680643994
<66,registrar2,ee101roster,read> 0.0026983200781448982
<67,registrar1,cs101roster,write> 0.0011992533680643994
<68,registrar1,eeStu1trans,read> 0.003829873659302438
<69,admissions2,eeStu4application,setStatus> 0.001199253368064399
<70,registrar1,cs601roster,read> 0.0053966401562897965
<71,eeStu5,eeStu5application,checkStatus> 0.0049469201432656455
<72,admissions2,csStu4application,setStatus> 0.001199253368064399
<73,admissions2,eeStu2application,read> 0.005396640156289796
<74,eeStu3,ee601gradebook,readScore> 0.009132775649105812
<75,csStu1,csStu1trans,read> 0.0057448104889536574
<76,registrar2,eeStu5trans,read> 0.0025532491062016252
<77,eeFac1,ee101gradebook,assignGrade> 0.019787680573062592
<78,admissions2,csStu2application,read> 0.005396640156289796
<79,admissions2,eeStu3application,setStatus> 0.001199253368064399
<80,admissions2,eeStu5application,read> 0.005396640156289796
<81,admissions1,csStu3application,setStatus> 0.002398506736128798
<82,eeChair,eeStu3trans,read> 0.0057448104889536574
<83,eeStu5,eeStu5trans,read> 0.007659747318604877
<84,eeFac1,ee101gradebook,changeScore> 0.019787680573062592
<85,eeStu2,eeStu2trans,read> 0.0057448104889536574
<86,admissions1,eeStu3application,read> 0.010793280312579591
<87,csStu1,cs101gradebook,readMyScores> 0.009893840286531296
<88,admissions2,eeStu5application,setStatus> 0.001199253368064399
<89,admissions2,eeStu1application,read> 0.005396640156289796
<90,registrar2,cs101roster,read> 0.0026983200781448982
<91,admissions2,csStu3application,read> 0.005396640156289796
<92,registrar2,csStu1trans,read> 0.001914936829651219
<93,eeChair,eeStu2trans,read> 0.0057448104889536574
<94,admissions2,csStu4application,read> 0.005396640156289796
<95,admissions1,application2,setStatus> 0.002398506736128798
<96,registrar2,cs601roster,read> 0.0026983200781448982
<97,csStu1,csStu1application,checkStatus> 0.0049469201432656455
<98,csStu2,csStu2trans,read> 0.0057448104889536574
<99,admissions1,csStu4application,setStatus> 0.002398506736128798
<100,csStu5,csStu5trans,read> 0.0057448104889536574
<101,registrar2,csStu5trans,read> 0.001914936829651219
<102,admissions1,eeStu4application,setStatus> 0.002398506736128798
<103,csChair,csStu4trans,read> 0.0057448104889536574
<104,csStu5,cs601gradebook,readMyScores> 0.00549657793696183
<105,admissions1,eeStu5application,setStatus> 0.002398506736128798
<106,eeStu2,ee101gradebook,readScore> 0.009893840286531296
<107,registrar1,ee602roster,read> 0.0053966401562897965
<108,eeChair,eeStu1trans,read> 0.0057448104889536574
<109,eeFac2,ee601gradebook,readScore> 0.010654904923956782
<110,admissions1,eeStu1application,read> 0.010793280312579591
<111,registrar1,csStu1trans,read> 0.003829873659302438
<112,registrar1,cs101roster,read> 0.0053966401562897965
<113,csStu3,csStu3application,checkStatus> 0.0049469201432656455
<114,csFac2,cs601gradebook,assignGrade> 0.019787680573062592
<115,eeFac1,ee101gradebook,readScore> 0.009893840286531296
<116,registrar2,cs602roster,read> 0.0026983200781448982
<117,eeStu3,eeStu3application,checkStatus> 0.0049469201432656455
<118,csStu4,csStu4trans,read> 0.0057448104889536574
<119,admissions1,csStu2application,setStatus> 0.002398506736128798
<120,registrar2,csStu3trans,read> 0.001914936829651219
<121,registrar1,csStu5trans,read> 0.003829873659302438
<122,applicant2,application2,checkStatus> 0.0049469201432656455
<123,registrar2,eeStu2trans,read> 0.001914936829651219
<124,registrar2,csStu4trans,read> 0.001914936829651219
<125,registrar2,eeStu3trans,read> 0.001914936829651219
<126,registrar1,ee101roster,write> 0.0011992533680643994
<127,registrar1,cs602roster,write> 0.0011992533680643994
<128,registrar2,ee601roster,write> 5.996266840321997E-4
<129,eeChair,eeStu4trans,read> 0.0057448104889536574
<130,admissions2,application1,read> 0.005396640156289796
<131,admissions2,csStu1application,read> 0.005396640156289796
<132,admissions2,application2,read> 0.005396640156289796
<133,registrar2,eeStu4trans,read> 0.001914936829651219
<134,eeStu3,ee602gradebook,readMyScores> 0.006595893524354197
<135,registrar1,cs602roster,read> 0.0053966401562897965
<136,csStu3,cs602gradebook,readMyScores> 0.004073934235630534
<137,admissions2,csStu5application,read> 0.005396640156289796
<138,eeChair,eeStu5trans,read> 0.007659747318604877
<139,registrar1,eeStu3trans,read> 0.003829873659302438
<140,eeFac1,ee101gradebook,addScore> 0.009893840286531296
<141,eeStu5,ee602gradebook,readMyScores> 0.0032979467621770983
<142,csStu2,cs101gradebook,addScore> 0.006088517099403875
<143,admissions1,eeStu4application,read> 0.010793280312579591
<144,registrar2,ee602roster,read> 0.0026983200781448982
<145,admissions1,application2,read> 0.010793280312579591
<146,registrar2,ee101roster,write> 5.996266840321997E-4
<147,registrar1,ee601roster,write> 0.0011992533680643994
<148,csStu2,cs101gradebook,readScore> 0.006088517099403875
<149,registrar2,ee601roster,read> 0.0026983200781448982
<150,admissions1,application1,read> 0.010793280312579591
<151,registrar1,ee601roster,read> 0.0053966401562897965

