<0,eeFac1,ee101gradebook,addScore> 0.011680843074810598
<1,admissions1,csStu1application,setStatus> 0.0028317195332874167
<2,csStu2,cs602gradebook,addScore> 0.023361686149621197
<3,csFac1,cs101roster,read> 0.023361686149621197
<4,csStu3,cs601gradebook,addScore> 0.014866527549758942
<5,applicant1,application1,checkStatus> 0.005840421537405297
<6,csStu3,cs601gradebook,readScore> 0.014866527549758942
<7,eeFac1,ee101roster,read> 0.023361686149621197
<8,admissions2,csStu5application,setStatus> 0.0014158597666437084
<9,registrar2,eeStu1trans,read> 0.002260808337060116
<10,registrar1,ee101roster,write> 0.0014158597666437088
<11,admissions1,eeStu1application,setStatus> 0.0028317195332874167
<12,csStu3,csStu3trans,read> 0.006782425011180349
<13,admissions1,application1,read> 0.012742737899793374
<14,eeFac2,ee601gradebook,assignGrade> 0.023361686149621197
<15,eeStu2,ee101gradebook,readScore> 0.011680843074810598
<16,eeStu4,eeStu4trans,read> 0.006782425011180349
<17,registrar2,ee602roster,write> 7.079298833218544E-4
<18,csStu1,cs101gradebook,readMyScores> 0.011680843074810598
<19,eeFac1,ee101gradebook,assignGrade> 0.023361686149621197
<20,registrar2,eeStu3trans,read> 0.002260808337060116
<21,csFac1,cs101gradebook,assignGrade> 0.023361686149621197
<22,admissions2,eeStu1application,read> 0.006371368949896687
<23,csFac2,cs601gradebook,addScore> 0.008495158599862253
<24,registrar1,csStu4trans,read> 0.004521616674120232
<25,csStu2,cs602gradebook,readScore> 0.023361686149621197
<26,eeFac2,ee601roster,read> 0.023361686149621197
<27,registrar1,csStu2trans,read> 0.004521616674120232
<28,csChair,csStu1trans,read> 0.006782425011180349
<29,csChair,csStu5trans,read> 0.006782425011180349
<30,admissions2,eeStu4application,read> 0.006371368949896687
<31,eeStu3,ee601gradebook,readScore> 0.010782316684440551
<32,csFac2,cs601gradebook,readScore> 0.008495158599862253
<33,admissions2,csStu2application,setStatus> 0.0014158597666437084
<34,registrar1,cs601roster,write> 0.0014158597666437088
<35,csFac1,cs101gradebook,readScore> 0.016173475026660826
<36,eeStu1,eeStu1application,checkStatus> 0.005840421537405297
<37,csFac2,cs601gradebook,changeScore> 0.023361686149621197
<38,admissions1,csStu2application,read> 0.012742737899793374
<39,admissions1,eeStu2application,setStatus> 0.0028317195332874167
<40,csFac1,cs101gradebook,addScore> 0.016173475026660826
<41,registrar1,eeStu5trans,read> 0.00602882223216031
<42,csStu5,csStu5trans,read> 0.006782425011180349
<43,admissions2,eeStu1application,setStatus> 0.0014158597666437084
<44,admissions2,csStu3application,setStatus> 0.0014158597666437084
<45,admissions1,eeStu3application,setStatus> 0.0028317195332874167
<46,admissions1,eeStu5application,read> 0.012742737899793374
<47,csFac1,cs101gradebook,changeScore> 0.023361686149621197
<48,admissions1,eeStu2application,read> 0.012742737899793374
<49,admissions1,csStu5application,setStatus> 0.0028317195332874167
<50,eeStu1,eeStu1trans,read> 0.006782425011180349
<51,admissions1,eeStu1application,read> 0.012742737899793374
<52,registrar2,eeStu5trans,read> 0.003014411116080155
<53,csStu5,csStu5application,checkStatus> 0.005840421537405297
<54,registrar2,csStu3trans,read> 0.002260808337060116
<55,eeFac2,ee601gradebook,changeScore> 0.023361686149621197
<56,eeStu1,ee101gradebook,readMyScores> 0.011680843074810598
<57,admissions1,eeStu4application,read> 0.012742737899793374
<58,eeStu2,ee601gradebook,readMyScores> 0.003893614358270199
<59,csChair,csStu2trans,read> 0.006782425011180349
<60,eeFac1,ee101gradebook,changeScore> 0.023361686149621197
<61,admissions2,csStu1application,setStatus> 0.0014158597666437084
<62,admissions1,application2,read> 0.012742737899793374
<63,registrar1,ee602roster,write> 0.0014158597666437088
<64,registrar2,ee101roster,read> 0.0031856844749483444
<65,registrar1,cs101roster,write> 0.0014158597666437088
<66,admissions1,csStu4application,read> 0.012742737899793374
<67,eeStu2,ee602gradebook,readScore> 0.023361686149621197
<68,registrar1,eeStu1trans,read> 0.004521616674120232
<69,admissions2,application1,read> 0.006371368949896687
<70,admissions2,csStu1application,read> 0.006371368949896687
<71,eeChair,eeStu3trans,read> 0.006782425011180349
<72,admissions1,csStu1application,read> 0.012742737899793374
<73,csFac2,cs601gradebook,assignGrade> 0.023361686149621197
<74,applicant2,application2,checkStatus> 0.005840421537405297
<75,eeStu4,ee601gradebook,readMyScores> 0.003893614358270199
<76,admissions2,eeStu4application,setStatus> 0.0014158597666437084
<77,csStu1,csStu1trans,read> 0.006782425011180349
<78,registrar1,cs601roster,read> 0.006371368949896689
<79,eeStu5,eeStu5application,checkStatus> 0.005840421537405297
<80,admissions2,eeStu2application,read> 0.006371368949896687
<81,registrar2,csStu1trans,read> 0.002260808337060116
<82,admissions2,eeStu3application,setStatus> 0.0014158597666437084
<83,admissions1,csStu3application,read> 0.012742737899793374
<84,admissions2,eeStu5application,read> 0.006371368949896687
<85,admissions1,csStu3application,setStatus> 0.0028317195332874167
<86,eeStu2,eeStu2trans,read> 0.006782425011180349
<87,admissions1,eeStu3application,read> 0.012742737899793374
<88,eeStu5,eeStu5trans,read> 0.009043233348240465
<89,eeStu2,ee101gradebook,addScore> 0.011680843074810598
<90,admissions2,eeStu5application,setStatus> 0.0014158597666437084
<91,registrar2,cs101roster,read> 0.0031856844749483444
<92,eeStu4,eeStu4application,checkStatus> 0.005840421537405297
<93,admissions2,csStu4application,read> 0.006371368949896687
<94,admissions2,csStu2application,read> 0.006371368949896687
<95,registrar1,csStu3trans,read> 0.004521616674120232
<96,registrar2,cs601roster,read> 0.0031856844749483444
<97,admissions2,eeStu3application,read> 0.006371368949896687
<98,admissions1,csStu2application,setStatus> 0.0028317195332874167
<99,csStu1,csStu1application,checkStatus> 0.005840421537405297
<100,admissions1,csStu4application,setStatus> 0.0028317195332874167
<101,registrar2,csStu5trans,read> 0.002260808337060116
<102,eeFac2,ee601gradebook,addScore> 0.012579369465180646
<103,admissions1,eeStu4application,setStatus> 0.0028317195332874167
<104,admissions1,eeStu5application,setStatus> 0.0028317195332874167
<105,eeChair,eeStu1trans,read> 0.006782425011180349
<106,eeStu2,eeStu2application,checkStatus> 0.005840421537405297
<107,csStu2,cs101gradebook,addScore> 0.007188211122960368
<108,eeFac2,ee601gradebook,readScore> 0.012579369465180646
<109,registrar1,csStu1trans,read> 0.004521616674120232
<110,registrar1,cs101roster,read> 0.006371368949896689
<111,eeStu3,ee601gradebook,addScore> 0.010782316684440551
<112,eeFac1,ee101gradebook,readScore> 0.011680843074810598
<113,registrar2,cs602roster,read> 0.0031856844749483444
<114,eeStu3,eeStu3application,checkStatus> 0.005840421537405297
<115,csStu4,csStu4trans,read> 0.006782425011180349
<116,csStu2,cs601gradebook,readMyScores> 0.002595742905513466
<117,registrar1,csStu5trans,read> 0.004521616674120232

