<0,csFac2,cs601gradebook,assignGrade> 0.020905278007165115
<1,admissions1,eeStu2application,read> 0.011402878912999148
<2,eeStu2,eeStu2application,checkStatus> 0.005226319501791276
<3,csStu2,cs602gradebook,addScore> 0.020905278007165115
<4,csFac2,cs601gradebook,readScore> 0.007601919275332767
<5,admissions1,csStu3application,read> 0.011402878912999148
<6,registrar1,eeStu4trans,read> 0.004046182840096474
<7,csFac1,cs101roster,read> 0.020905278007165115
<8,admissions2,csStu5application,setStatus> 0.0012669865458887943
<9,admissions1,eeStu1application,setStatus> 0.0025339730917775887
<10,eeStu2,ee602gradebook,readScore> 0.020905278007165115
<11,admissions1,csStu2application,read> 0.011402878912999148
<12,csStu2,csStu2application,checkStatus> 0.005226319501791276
<13,csStu3,cs601gradebook,readScore> 0.013303358731832344
<14,eeFac2,ee601gradebook,assignGrade> 0.020905278007165115
<15,csChair,csStu3trans,read> 0.006069274260144712
<16,csFac1,cs101gradebook,assignGrade> 0.020905278007165115
<17,eeFac1,ee101gradebook,assignGrade> 0.020905278007165115
<18,csStu5,cs602gradebook,readMyScores> 0.0061486111785779745
<19,admissions1,eeStu4application,read> 0.011402878912999148
<20,registrar2,eeStu1trans,read> 0.002023091420048237
<21,admissions2,eeStu3application,read> 0.005701439456499574
<22,csStu3,cs601gradebook,addScore> 0.013303358731832344
<23,eeStu2,eeStu2trans,read> 0.006069274260144712
<24,eeStu2,ee602gradebook,addScore> 0.020905278007165115
<25,csStu5,csStu5trans,read> 0.006069274260144712
<26,registrar2,ee602roster,write> 6.334932729443974E-4
<27,eeStu3,ee601gradebook,addScore> 0.009648589849460822
<28,registrar1,csStu2trans,read> 0.004046182840096474
<29,registrar1,cs101roster,read> 0.005701439456499575
<30,csChair,csStu1trans,read> 0.006069274260144712
<31,eeFac2,ee601gradebook,changeScore> 0.020905278007165115
<32,admissions2,application2,setStatus> 0.0012669865458887943
<33,csChair,csStu5trans,read> 0.006069274260144712
<34,admissions2,csStu2application,setStatus> 0.0012669865458887943
<35,registrar2,eeStu5trans,read> 0.002697455226730983
<36,admissions1,eeStu3application,read> 0.011402878912999148
<37,csFac1,cs101gradebook,readScore> 0.014472884774191232
<38,eeStu4,eeStu4trans,read> 0.006069274260144712
<39,eeStu3,ee601gradebook,readScore> 0.009648589849460822
<40,admissions1,application1,setStatus> 0.0025339730917775887
<41,registrar2,eeStu4trans,read> 0.002023091420048237
<42,registrar1,cs601roster,write> 0.0012669865458887948
<43,eeFac2,ee601gradebook,addScore> 0.011256688157704293
<44,admissions2,csStu2application,read> 0.005701439456499574
<45,eeStu1,eeStu1application,checkStatus> 0.005226319501791276
<46,csFac2,cs601gradebook,changeScore> 0.020905278007165115
<47,eeFac1,ee101roster,read> 0.020905278007165115
<48,eeStu4,eeStu4application,checkStatus> 0.005226319501791276
<49,registrar1,ee602roster,read> 0.005701439456499575
<50,registrar1,ee601roster,read> 0.005701439456499575
<51,admissions1,csStu1application,setStatus> 0.0025339730917775887
<52,admissions1,eeStu2application,setStatus> 0.0025339730917775887
<53,registrar1,eeStu5trans,read> 0.005394910453461966
<54,admissions2,eeStu1application,setStatus> 0.0012669865458887943
<55,eeStu2,ee101gradebook,addScore> 0.010452639003582558
<56,admissions1,csStu1application,read> 0.011402878912999148
<57,admissions1,eeStu5application,read> 0.011402878912999148
<58,admissions2,csStu3application,setStatus> 0.0012669865458887943
<59,admissions1,eeStu3application,setStatus> 0.0025339730917775887
<60,csStu4,csStu4application,checkStatus> 0.005226319501791276
<61,admissions2,eeStu5application,read> 0.005701439456499574
<62,eeStu1,eeStu1trans,read> 0.006069274260144712
<63,admissions1,csStu5application,setStatus> 0.0025339730917775887
<64,eeStu2,ee601gradebook,readMyScores> 0.0034842130011941853
<65,csChair,csStu2trans,read> 0.006069274260144712
<66,admissions2,csStu1application,setStatus> 0.0012669865458887943
<67,registrar1,ee602roster,write> 0.0012669865458887948
<68,eeFac1,ee101gradebook,changeScore> 0.020905278007165115
<69,eeChair,eeStu2trans,read> 0.006069274260144712
<70,admissions1,application1,read> 0.011402878912999148
<71,registrar1,cs101roster,write> 0.0012669865458887948
<72,registrar2,ee101roster,read> 0.0028507197282497876
<73,admissions1,csStu4application,read> 0.011402878912999148
<74,eeChair,eeStu3trans,read> 0.006069274260144712
<75,registrar1,eeStu1trans,read> 0.004046182840096474
<76,eeStu1,ee101gradebook,readMyScores> 0.010452639003582558
<77,admissions2,eeStu4application,setStatus> 0.0012669865458887943
<78,registrar1,cs601roster,read> 0.005701439456499575
<79,eeStu5,eeStu5application,checkStatus> 0.005226319501791276
<80,admissions2,eeStu2application,read> 0.005701439456499574
<81,eeStu3,eeStu3trans,read> 0.006069274260144712
<82,admissions2,eeStu3application,setStatus> 0.0012669865458887943
<83,admissions1,csStu3application,setStatus> 0.0025339730917775887
<84,csStu1,cs101gradebook,readMyScores> 0.010452639003582558
<85,eeFac2,ee601roster,read> 0.020905278007165115
<86,admissions2,eeStu1application,read> 0.005701439456499574
<87,csStu3,csStu3application,checkStatus> 0.005226319501791276
<88,csFac2,cs601roster,read> 0.020905278007165115
<89,eeStu5,eeStu5trans,read> 0.00809236568019295
<90,admissions1,eeStu4application,setStatus> 0.0025339730917775887
<91,admissions2,eeStu5application,setStatus> 0.0012669865458887943
<92,registrar2,cs101roster,read> 0.0028507197282497876
<93,eeChair,eeStu5trans,read> 0.00809236568019295
<94,registrar2,csStu2trans,read> 0.002023091420048237
<95,registrar2,csStu1trans,read> 0.002023091420048237
<96,csFac1,cs101gradebook,changeScore> 0.020905278007165115
<97,eeFac1,ee101gradebook,addScore> 0.010452639003582558
<98,admissions2,csStu4application,read> 0.005701439456499574
<99,registrar1,csStu3trans,read> 0.004046182840096474
<100,eeFac1,ee101gradebook,readScore> 0.010452639003582558
<101,registrar2,cs601roster,read> 0.0028507197282497876
<102,admissions1,application2,read> 0.011402878912999148
<103,csFac1,cs101gradebook,addScore> 0.014472884774191232
<104,csStu1,csStu1application,checkStatus> 0.005226319501791276
<105,admissions1,csStu4application,setStatus> 0.0025339730917775887
<106,registrar2,csStu5trans,read> 0.002023091420048237
<107,csStu2,cs602gradebook,readScore> 0.020905278007165115
<108,admissions2,eeStu4application,read> 0.005701439456499574
<109,admissions1,eeStu5application,setStatus> 0.0025339730917775887
<110,admissions1,csStu5application,read> 0.011402878912999148
<111,eeChair,eeStu1trans,read> 0.006069274260144712
<112,eeFac2,ee601gradebook,readScore> 0.011256688157704293
<113,admissions1,eeStu1application,read> 0.011402878912999148
<114,registrar1,csStu1trans,read> 0.004046182840096474
<115,registrar2,cs602roster,read> 0.0028507197282497876
<116,eeStu3,eeStu3application,checkStatus> 0.005226319501791276
<117,csStu4,csStu4trans,read> 0.006069274260144712
<118,admissions1,csStu2application,setStatus> 0.0025339730917775887
<119,registrar1,eeStu2trans,read> 0.004046182840096474
<120,csStu1,csStu1trans,read> 0.006069274260144712
<121,csStu2,cs601gradebook,readMyScores> 0.0023228086674627903
<122,registrar2,csStu3trans,read> 0.002023091420048237
<123,registrar1,csStu5trans,read> 0.004046182840096474
<124,csFac2,cs601gradebook,addScore> 0.007601919275332767
<125,applicant2,application2,checkStatus> 0.005226319501791276
<126,admissions2,csStu5application,read> 0.005701439456499574
<127,registrar2,eeStu2trans,read> 0.002023091420048237
<128,registrar2,csStu4trans,read> 0.002023091420048237
<129,registrar2,eeStu3trans,read> 0.002023091420048237
<130,csStu3,csStu3trans,read> 0.006069274260144712
<131,registrar1,ee101roster,write> 0.0012669865458887948
<132,registrar1,cs602roster,write> 0.0012669865458887948
<133,admissions2,application1,setStatus> 0.0012669865458887943
<134,eeStu2,ee101gradebook,readScore> 0.010452639003582558

