<0,csFac2,cs601gradebook,assignGrade> 0.01960425660560187
<1,admissions1,eeStu2application,read> 0.010693230875782835
<2,eeStu2,eeStu2application,checkStatus> 0.004901064151400466
<3,csStu2,cs602gradebook,addScore> 0.01960425660560187
<4,csFac2,cs601gradebook,readScore> 0.007128820583855226
<5,admissions1,csStu3application,read> 0.010693230875782835
<6,registrar1,eeStu4trans,read> 0.0037943722462455243
<7,csFac1,cs101roster,read> 0.01960425660560187
<8,admissions2,csStu5application,setStatus> 0.0011881367639758704
<9,admissions1,eeStu1application,setStatus> 0.002376273527951741
<10,eeStu2,ee602gradebook,readScore> 0.01960425660560187
<11,admissions1,csStu2application,read> 0.010693230875782835
<12,csStu2,csStu2application,checkStatus> 0.004901064151400466
<13,csStu3,cs601gradebook,readScore> 0.012475436021746644
<14,eeFac2,ee601gradebook,assignGrade> 0.01960425660560187
<15,csChair,csStu3trans,read> 0.005691558369368287
<16,csFac1,cs101gradebook,assignGrade> 0.01960425660560187
<17,eeFac1,ee101gradebook,assignGrade> 0.01960425660560187
<18,csStu5,cs602gradebook,readMyScores> 0.005765957825177021
<19,admissions1,eeStu4application,read> 0.010693230875782835
<20,registrar2,eeStu1trans,read> 0.0018971861231227621
<21,admissions2,eeStu3application,read> 0.0053466154378914174
<22,csStu3,cs601gradebook,addScore> 0.012475436021746644
<23,eeStu2,eeStu2trans,read> 0.005691558369368287
<24,eeStu2,ee602gradebook,addScore> 0.01960425660560187
<25,csStu5,csStu5trans,read> 0.005691558369368287
<26,registrar2,ee602roster,write> 5.940683819879355E-4
<27,eeStu3,ee601gradebook,addScore> 0.009048118433354709
<28,registrar1,csStu2trans,read> 0.0037943722462455243
<29,registrar1,cs101roster,read> 0.005346615437891418
<30,csChair,csStu1trans,read> 0.005691558369368287
<31,eeFac2,ee601gradebook,changeScore> 0.01960425660560187
<32,admissions2,application2,setStatus> 0.0011881367639758704
<33,csChair,csStu5trans,read> 0.005691558369368287
<34,admissions2,csStu2application,setStatus> 0.0011881367639758704
<35,registrar2,eeStu5trans,read> 0.002529581497497016
<36,admissions1,eeStu3application,read> 0.010693230875782835
<37,csFac1,cs101gradebook,readScore> 0.013572177650032064
<38,eeStu4,eeStu4trans,read> 0.005691558369368287
<39,eeStu3,ee601gradebook,readScore> 0.009048118433354709
<40,admissions1,application1,setStatus> 0.002376273527951741
<41,registrar2,eeStu4trans,read> 0.0018971861231227621
<42,registrar1,cs601roster,write> 0.001188136763975871
<43,eeFac2,ee601gradebook,addScore> 0.010556138172247162
<44,admissions2,csStu2application,read> 0.0053466154378914174
<45,eeStu1,eeStu1application,checkStatus> 0.004901064151400466
<46,csFac2,cs601gradebook,changeScore> 0.01960425660560187
<47,eeFac1,ee101roster,read> 0.01960425660560187
<48,eeStu4,eeStu4application,checkStatus> 0.004901064151400466
<49,registrar1,ee602roster,read> 0.005346615437891418
<50,registrar1,ee601roster,read> 0.005346615437891418
<51,admissions1,csStu1application,setStatus> 0.002376273527951741
<52,admissions1,eeStu2application,setStatus> 0.002376273527951741
<53,registrar1,eeStu5trans,read> 0.005059162994994032
<54,admissions2,eeStu1application,setStatus> 0.0011881367639758704
<55,eeStu2,ee101gradebook,addScore> 0.009802128302800936
<56,admissions1,csStu1application,read> 0.010693230875782835
<57,admissions1,eeStu5application,read> 0.010693230875782835
<58,admissions2,csStu3application,setStatus> 0.0011881367639758704
<59,admissions1,eeStu3application,setStatus> 0.002376273527951741
<60,csStu4,csStu4application,checkStatus> 0.004901064151400466
<61,admissions2,eeStu5application,read> 0.0053466154378914174
<62,eeStu1,eeStu1trans,read> 0.005691558369368287
<63,admissions1,csStu5application,setStatus> 0.002376273527951741
<64,eeStu2,ee601gradebook,readMyScores> 0.003267376100933645
<65,csChair,csStu2trans,read> 0.005691558369368287
<66,admissions2,csStu1application,setStatus> 0.0011881367639758704
<67,registrar1,ee602roster,write> 0.001188136763975871
<68,eeFac1,ee101gradebook,changeScore> 0.01960425660560187
<69,eeChair,eeStu2trans,read> 0.005691558369368287
<70,admissions1,application1,read> 0.010693230875782835
<71,registrar1,cs101roster,write> 0.001188136763975871
<72,registrar2,ee101roster,read> 0.002673307718945709
<73,admissions1,csStu4application,read> 0.010693230875782835
<74,eeChair,eeStu3trans,read> 0.005691558369368287
<75,registrar1,eeStu1trans,read> 0.0037943722462455243
<76,eeStu1,ee101gradebook,readMyScores> 0.009802128302800936
<77,admissions2,eeStu4application,setStatus> 0.0011881367639758704
<78,registrar1,cs601roster,read> 0.005346615437891418
<79,eeStu5,eeStu5application,checkStatus> 0.004901064151400466
<80,admissions2,eeStu2application,read> 0.0053466154378914174
<81,eeStu3,eeStu3trans,read> 0.005691558369368287
<82,admissions2,eeStu3application,setStatus> 0.0011881367639758704
<83,admissions1,csStu3application,setStatus> 0.002376273527951741
<84,csStu1,cs101gradebook,readMyScores> 0.009802128302800936
<85,eeFac2,ee601roster,read> 0.01960425660560187
<86,admissions2,eeStu1application,read> 0.0053466154378914174
<87,csStu3,csStu3application,checkStatus> 0.004901064151400466
<88,csFac2,cs601roster,read> 0.01960425660560187
<89,eeStu5,eeStu5trans,read> 0.007588744492491049
<90,admissions1,eeStu4application,setStatus> 0.002376273527951741
<91,admissions2,eeStu5application,setStatus> 0.0011881367639758704
<92,registrar2,cs101roster,read> 0.002673307718945709
<93,eeChair,eeStu5trans,read> 0.007588744492491049
<94,registrar2,csStu2trans,read> 0.0018971861231227621
<95,registrar2,csStu1trans,read> 0.0018971861231227621
<96,csFac1,cs101gradebook,changeScore> 0.01960425660560187
<97,eeFac1,ee101gradebook,addScore> 0.009802128302800936
<98,admissions2,csStu4application,read> 0.0053466154378914174
<99,registrar1,csStu3trans,read> 0.0037943722462455243
<100,eeFac1,ee101gradebook,readScore> 0.009802128302800936
<101,registrar2,cs601roster,read> 0.002673307718945709
<102,admissions1,application2,read> 0.010693230875782835
<103,csFac1,cs101gradebook,addScore> 0.013572177650032064
<104,csStu1,csStu1application,checkStatus> 0.004901064151400466
<105,admissions1,csStu4application,setStatus> 0.002376273527951741
<106,registrar2,csStu5trans,read> 0.0018971861231227621
<107,csStu2,cs602gradebook,readScore> 0.01960425660560187
<108,admissions2,eeStu4application,read> 0.0053466154378914174
<109,admissions1,eeStu5application,setStatus> 0.002376273527951741
<110,admissions1,csStu5application,read> 0.010693230875782835
<111,eeChair,eeStu1trans,read> 0.005691558369368287
<112,eeFac2,ee601gradebook,readScore> 0.010556138172247162
<113,admissions1,eeStu1application,read> 0.010693230875782835
<114,registrar1,csStu1trans,read> 0.0037943722462455243
<115,registrar2,cs602roster,read> 0.002673307718945709
<116,eeStu3,eeStu3application,checkStatus> 0.004901064151400466
<117,csStu4,csStu4trans,read> 0.005691558369368287
<118,admissions1,csStu2application,setStatus> 0.002376273527951741
<119,registrar1,eeStu2trans,read> 0.0037943722462455243
<120,csStu1,csStu1trans,read> 0.005691558369368287
<121,csStu2,cs601gradebook,readMyScores> 0.0021782507339557634
<122,registrar2,csStu3trans,read> 0.0018971861231227621
<123,registrar1,csStu5trans,read> 0.0037943722462455243
<124,csFac2,cs601gradebook,addScore> 0.007128820583855226
<125,applicant2,application2,checkStatus> 0.004901064151400466
<126,admissions2,csStu5application,read> 0.0053466154378914174
<127,registrar2,eeStu2trans,read> 0.0018971861231227621
<128,registrar2,csStu4trans,read> 0.0018971861231227621
<129,registrar2,eeStu3trans,read> 0.0018971861231227621
<130,csStu3,csStu3trans,read> 0.005691558369368287
<131,registrar1,ee101roster,write> 0.001188136763975871
<132,registrar1,cs602roster,write> 0.001188136763975871
<133,admissions2,application1,setStatus> 0.0011881367639758704
<134,eeStu2,ee101gradebook,readScore> 0.009802128302800936
<135,registrar2,ee601roster,write> 5.940683819879355E-4
<136,registrar2,cs101roster,write> 5.940683819879355E-4
<137,admissions2,application1,read> 0.0053466154378914174
<138,admissions2,csStu1application,read> 0.0053466154378914174
<139,admissions2,application2,read> 0.0053466154378914174
<140,registrar1,cs602roster,read> 0.005346615437891418
<141,csStu5,cs601gradebook,readMyScores> 0.005445626834889408
<142,admissions1,application2,setStatus> 0.002376273527951741
<143,csStu3,cs602gradebook,readMyScores> 0.004036170477623916
<144,registrar1,eeStu3trans,read> 0.0037943722462455243
<145,applicant1,application1,checkStatus> 0.004901064151400466
<146,eeStu5,ee602gradebook,readMyScores> 0.003267376100933645
<147,eeChair,eeStu4trans,read> 0.005691558369368287
<148,csChair,csStu4trans,read> 0.005691558369368287
<149,registrar2,ee602roster,read> 0.002673307718945709
<150,registrar2,ee101roster,write> 5.940683819879355E-4
<151,registrar1,ee601roster,write> 0.001188136763975871

