<0,admissions1,csStu5application,read> 0.013111066159764082
<1,admissions2,eeStu4application,setStatus> 0.0014567851288626757
<2,csStu2,cs602gradebook,addScore> 0.02403695462623416
<3,csStu5,csStu5application,checkStatus> 0.006009238656558538
<4,eeStu2,ee602gradebook,readScore> 0.02403695462623416
<5,eeFac2,ee601roster,read> 0.02403695462623416
<6,csStu4,cs601gradebook,readMyScores> 0.00267077273624824
<7,csFac2,cs601gradebook,changeScore> 0.02403695462623416
<8,csChair,csStu5trans,read> 0.006978470697938951
<9,eeStu1,eeStu1trans,read> 0.006978470697938951
<10,csFac1,cs101roster,read> 0.02403695462623416
<11,csStu3,cs601gradebook,addScore> 0.015296243853058101
<12,csStu2,cs602gradebook,readScore> 0.02403695462623416
<13,eeStu2,eeStu2trans,read> 0.006978470697938951
<14,eeFac1,ee101gradebook,assignGrade> 0.02403695462623416
<15,csStu3,cs601gradebook,readScore> 0.015296243853058101
<16,admissions1,eeStu5application,setStatus> 0.0029135702577253514
<17,csFac1,cs101gradebook,assignGrade> 0.02403695462623416
<18,admissions2,csStu5application,setStatus> 0.0014567851288626757
<19,admissions2,csStu4application,read> 0.006555533079882041
<20,admissions1,eeStu1application,setStatus> 0.0029135702577253514
<21,eeFac1,ee101gradebook,changeScore> 0.02403695462623416
<22,eeStu5,eeStu5application,checkStatus> 0.006009238656558538
<23,eeFac2,ee601gradebook,assignGrade> 0.02403695462623416
<24,admissions1,eeStu3application,read> 0.013111066159764082
<25,registrar2,ee602roster,write> 7.283925644313382E-4
<26,registrar1,ee101roster,read> 0.0065555330798820425
<27,eeFac2,ee601gradebook,readScore> 0.012942975567972241
<28,registrar1,csStu2trans,read> 0.004652313798625967
<29,eeFac1,ee101roster,read> 0.02403695462623416
<30,csChair,csStu1trans,read> 0.006978470697938951
<31,applicant2,application2,checkStatus> 0.006009238656558538
<32,admissions1,csStu3application,read> 0.013111066159764082
<33,csFac2,cs601gradebook,readScore> 0.008740710773176057
<34,csFac1,cs101gradebook,addScore> 0.01664096858739288
<35,admissions2,csStu2application,setStatus> 0.0014567851288626757
<36,registrar1,cs601roster,write> 0.0014567851288626763
<37,eeStu1,eeStu1application,checkStatus> 0.006009238656558538
<38,registrar2,eeStu1trans,read> 0.0023261568993129837
<39,admissions1,csStu1application,setStatus> 0.0029135702577253514
<40,admissions1,eeStu2application,setStatus> 0.0029135702577253514
<41,registrar1,eeStu5trans,read> 0.0062030850648346235
<42,admissions2,eeStu1application,setStatus> 0.0014567851288626757
<43,csFac2,cs601gradebook,addScore> 0.008740710773176057
<44,admissions2,csStu3application,setStatus> 0.0014567851288626757
<45,admissions1,eeStu5application,read> 0.013111066159764082
<46,eeStu5,eeStu5trans,read> 0.009304627597251936
<47,admissions1,eeStu3application,setStatus> 0.0029135702577253514
<48,admissions1,eeStu2application,read> 0.013111066159764082
<49,admissions1,eeStu4application,setStatus> 0.0029135702577253514
<50,admissions2,application2,setStatus> 0.0014567851288626757
<51,admissions2,application1,read> 0.006555533079882041
<52,admissions1,csStu5application,setStatus> 0.0029135702577253514
<53,eeStu2,ee601gradebook,readMyScores> 0.004006159104372359
<54,registrar1,ee601roster,read> 0.0065555330798820425
<55,admissions2,csStu2application,read> 0.006555533079882041
<56,eeFac1,ee101gradebook,readScore> 0.01201847731311708
<57,csChair,csStu2trans,read> 0.006978470697938951
<58,admissions2,csStu1application,setStatus> 0.0014567851288626757
<59,eeStu2,ee101gradebook,readScore> 0.01201847731311708
<60,registrar1,ee602roster,write> 0.0014567851288626763
<61,registrar2,ee101roster,read> 0.0032777665399410212
<62,registrar1,cs101roster,write> 0.0014567851288626763
<63,eeStu4,eeStu4application,checkStatus> 0.006009238656558538
<64,admissions2,application2,read> 0.006555533079882041
<65,admissions1,eeStu4application,read> 0.013111066159764082
<66,admissions2,csStu1application,read> 0.006555533079882041
<67,eeStu4,ee601gradebook,readMyScores> 0.004006159104372359
<68,admissions1,csStu4application,read> 0.013111066159764082
<69,registrar1,eeStu1trans,read> 0.004652313798625967
<70,eeStu1,ee101gradebook,readMyScores> 0.01201847731311708
<71,registrar1,cs601roster,read> 0.0065555330798820425
<72,csFac1,cs101gradebook,changeScore> 0.02403695462623416
<73,csStu2,csStu2application,checkStatus> 0.006009238656558538
<74,admissions2,eeStu2application,read> 0.006555533079882041
<75,registrar2,eeStu5trans,read> 0.0031015425324173117
<76,admissions2,eeStu3application,setStatus> 0.0014567851288626757
<77,registrar1,csStu4trans,read> 0.004652313798625967
<78,registrar1,cs602roster,write> 0.0014567851288626763
<79,admissions2,eeStu5application,read> 0.006555533079882041
<80,admissions1,csStu3application,setStatus> 0.0029135702577253514
<81,csStu1,cs101gradebook,readMyScores> 0.01201847731311708
<82,eeStu2,ee101gradebook,addScore> 0.01201847731311708
<83,admissions2,eeStu5application,setStatus> 0.0014567851288626757
<84,registrar2,cs101roster,read> 0.0032777665399410212
<85,registrar2,csStu1trans,read> 0.0023261568993129837
<86,eeChair,eeStu3trans,read> 0.006978470697938951
<87,registrar1,csStu3trans,read> 0.004652313798625967
<88,registrar2,cs601roster,read> 0.0032777665399410212
<89,admissions2,eeStu3application,read> 0.006555533079882041
<90,csStu3,csStu3application,checkStatus> 0.006009238656558538
<91,csStu1,csStu1application,checkStatus> 0.006009238656558538
<92,registrar1,cs101roster,read> 0.0065555330798820425
<93,admissions1,csStu4application,setStatus> 0.0029135702577253514
<94,eeFac2,ee601gradebook,changeScore> 0.02403695462623416
<95,registrar2,csStu5trans,read> 0.0023261568993129837
<96,eeStu3,ee601gradebook,readScore> 0.01109397905826192
<97,admissions2,eeStu4application,read> 0.006555533079882041
<98,eeChair,eeStu1trans,read> 0.006978470697938951
<99,admissions1,eeStu1application,read> 0.013111066159764082
<100,registrar1,csStu1trans,read> 0.004652313798625967
<101,eeStu3,ee601gradebook,addScore> 0.01109397905826192
<102,eeFac1,ee101gradebook,addScore> 0.01201847731311708
<103,csFac2,cs601gradebook,assignGrade> 0.02403695462623416
<104,registrar2,cs602roster,read> 0.0032777665399410212
<105,eeStu3,eeStu3application,checkStatus> 0.006009238656558538
<106,eeChair,eeStu5trans,read> 0.009304627597251936
<107,csStu1,csStu1trans,read> 0.006978470697938951
<108,csStu4,csStu4trans,read> 0.006978470697938951
<109,eeStu2,ee602gradebook,addScore> 0.02403695462623416
<110,admissions1,csStu2application,read> 0.013111066159764082
<111,admissions1,csStu2application,setStatus> 0.0029135702577253514
<112,csStu2,cs601gradebook,readMyScores> 0.00267077273624824
<113,registrar2,csStu3trans,read> 0.0023261568993129837
<114,registrar1,csStu5trans,read> 0.004652313798625967
<115,registrar2,eeStu2trans,read> 0.0023261568993129837
<116,registrar2,csStu4trans,read> 0.0023261568993129837
<117,registrar2,eeStu3trans,read> 0.0023261568993129837

