<0,admissions2,eeStu1application,read> 0.006284204175977111
<1,csStu2,cs101gradebook,readScore> 0.007089871378025463
<2,eeStu1,eeStu1application,checkStatus> 0.005760520494645685
<3,admissions2,csStu5application,read> 0.006284204175977111
<4,csStu3,csStu3trans,read> 0.00668963670345951
<5,admissions1,application1,read> 0.012568408351954222
<6,registrar2,cs101roster,read> 0.0031421020879885565
<7,eeStu2,ee602gradebook,readScore> 0.023042081978582752
<8,csChair,csStu2trans,read> 0.00668963670345951
<9,eeFac2,ee601gradebook,readScore> 0.01240727491154456
<10,csChair,csStu3trans,read> 0.00668963670345951
<11,eeFac2,ee601roster,read> 0.023042081978582752
<12,csFac1,cs101roster,read> 0.023042081978582752
<13,eeFac1,ee101roster,read> 0.023042081978582752
<14,admissions2,csStu5application,setStatus> 0.0013964898168838027
<15,admissions1,eeStu1application,setStatus> 0.0027929796337676054
<16,admissions1,csStu5application,read> 0.012568408351954222
<17,admissions1,eeStu1application,read> 0.012568408351954222
<18,eeFac1,ee101gradebook,assignGrade> 0.023042081978582752
<19,eeFac1,ee101gradebook,addScore> 0.011521040989291376
<20,registrar2,ee601roster,read> 0.0031421020879885565
<21,csStu5,csStu5application,checkStatus> 0.005760520494645685
<22,registrar1,ee601roster,read> 0.006284204175977113
<23,csFac1,cs101gradebook,readScore> 0.01595221060055729
<24,eeFac1,ee101gradebook,readScore> 0.011521040989291376
<25,registrar1,csStu3trans,read> 0.004459757802306339
<26,eeFac2,ee601gradebook,assignGrade> 0.023042081978582752
<27,csStu1,cs101gradebook,readMyScores> 0.011521040989291376
<28,csStu3,cs601gradebook,addScore> 0.014663143077279932
<29,csStu5,cs602gradebook,readMyScores> 0.00677708293487728
<30,csChair,csStu4trans,read> 0.00668963670345951
<31,registrar2,ee602roster,write> 6.982449084419016E-4
<32,csFac1,cs101gradebook,addScore> 0.01595221060055729
<33,csFac2,cs601gradebook,readScore> 0.008378938901302818
<34,eeChair,eeStu2trans,read> 0.00668963670345951
<35,registrar1,csStu1trans,read> 0.004459757802306339
<36,admissions1,csStu4application,read> 0.012568408351954222
<37,eeFac2,ee601gradebook,changeScore> 0.023042081978582752
<38,eeStu2,ee101gradebook,readScore> 0.011521040989291376
<39,eeStu5,eeStu5trans,read> 0.00891951560461268
<40,admissions2,csStu3application,read> 0.006284204175977111
<41,registrar1,csStu2trans,read> 0.004459757802306339
<42,registrar1,eeStu5trans,read> 0.005946343736408453
<43,csStu2,cs602gradebook,readScore> 0.023042081978582752
<44,csChair,csStu1trans,read> 0.00668963670345951
<45,csChair,csStu5trans,read> 0.00668963670345951
<46,csFac2,cs601roster,read> 0.023042081978582752
<47,admissions2,csStu2application,setStatus> 0.0013964898168838027
<48,csStu3,cs601gradebook,readScore> 0.014663143077279932
<49,registrar1,cs601roster,write> 0.0013964898168838031
<50,csStu2,cs602gradebook,addScore> 0.023042081978582752
<51,csFac2,cs601gradebook,changeScore> 0.023042081978582752
<52,registrar2,eeStu1trans,read> 0.0022298789011531697
<53,registrar1,ee602roster,read> 0.006284204175977113
<54,admissions1,csStu1application,setStatus> 0.0027929796337676054
<55,admissions1,eeStu2application,setStatus> 0.0027929796337676054
<56,admissions2,csStu1application,read> 0.006284204175977111
<57,admissions1,application2,setStatus> 0.0027929796337676054
<58,admissions2,eeStu1application,setStatus> 0.0013964898168838027
<59,admissions2,csStu3application,setStatus> 0.0013964898168838027
<60,eeStu3,ee601gradebook,readScore> 0.010634807067038192
<61,admissions1,eeStu3application,setStatus> 0.0027929796337676054
<62,admissions2,eeStu5application,setStatus> 0.0013964898168838027
<63,admissions1,eeStu5application,read> 0.012568408351954222
<64,admissions1,eeStu2application,read> 0.012568408351954222
<65,admissions1,csStu5application,setStatus> 0.0027929796337676054
<66,registrar1,eeStu2trans,read> 0.004459757802306339
<67,eeStu2,ee601gradebook,readMyScores> 0.0038403469964304582
<68,admissions2,csStu1application,setStatus> 0.0013964898168838027
<69,registrar1,ee602roster,write> 0.0013964898168838031
<70,csFac1,cs101gradebook,assignGrade> 0.023042081978582752
<71,admissions1,eeStu4application,read> 0.012568408351954222
<72,registrar2,ee101roster,read> 0.0031421020879885565
<73,eeFac2,ee601gradebook,addScore> 0.01240727491154456
<74,registrar1,cs101roster,write> 0.0013964898168838031
<75,registrar1,eeStu1trans,read> 0.004459757802306339
<76,eeStu1,ee101gradebook,readMyScores> 0.011521040989291376
<77,admissions1,eeStu3application,read> 0.012568408351954222
<78,admissions2,eeStu4application,setStatus> 0.0013964898168838027
<79,eeStu3,eeStu3trans,read> 0.00668963670345951
<80,registrar1,cs601roster,read> 0.006284204175977113
<81,eeStu5,eeStu5application,checkStatus> 0.005760520494645685
<82,admissions2,eeStu2application,read> 0.006284204175977111
<83,eeStu1,eeStu1trans,read> 0.00668963670345951
<84,registrar2,eeStu5trans,read> 0.0029731718682042265
<85,admissions2,eeStu3application,setStatus> 0.0013964898168838027
<86,registrar1,ee601roster,write> 0.0013964898168838031
<87,admissions2,eeStu5application,read> 0.006284204175977111
<88,admissions1,csStu3application,setStatus> 0.0027929796337676054
<89,eeStu4,ee601gradebook,readMyScores> 0.0038403469964304582
<90,csFac2,cs601gradebook,assignGrade> 0.023042081978582752
<91,eeStu2,eeStu2trans,read> 0.00668963670345951
<92,eeStu2,ee101gradebook,addScore> 0.011521040989291376
<93,registrar2,csStu1trans,read> 0.0022298789011531697
<94,eeStu2,ee602gradebook,addScore> 0.023042081978582752
<95,eeChair,eeStu3trans,read> 0.00668963670345951
<96,csStu1,csStu1trans,read> 0.00668963670345951
<97,csFac1,cs101gradebook,changeScore> 0.023042081978582752
<98,admissions2,csStu4application,read> 0.006284204175977111
<99,eeFac1,ee101gradebook,changeScore> 0.023042081978582752
<100,admissions2,csStu2application,read> 0.006284204175977111
<101,registrar2,cs101roster,write> 6.982449084419016E-4
<102,registrar2,cs601roster,read> 0.0031421020879885565
<103,admissions2,eeStu3application,read> 0.006284204175977111
<104,csStu1,csStu1application,checkStatus> 0.005760520494645685
<105,admissions2,eeStu4application,read> 0.006284204175977111
<106,admissions1,csStu4application,setStatus> 0.0027929796337676054
<107,registrar2,csStu5trans,read> 0.0022298789011531697
<108,admissions1,eeStu4application,setStatus> 0.0027929796337676054
<109,admissions1,eeStu5application,setStatus> 0.0027929796337676054
<110,eeChair,eeStu1trans,read> 0.00668963670345951
<111,registrar1,cs101roster,read> 0.006284204175977113
<112,eeStu3,ee601gradebook,addScore> 0.010634807067038192
<113,registrar2,cs602roster,read> 0.0031421020879885565
<114,eeStu3,eeStu3application,checkStatus> 0.005760520494645685
<115,csStu4,csStu4trans,read> 0.00668963670345951
<116,admissions1,csStu2application,setStatus> 0.0027929796337676054
<117,csStu2,cs601gradebook,readMyScores> 0.002560231330953639

