<0,admissions1,csStu5application,read> 0.011980072266304657
<1,admissions2,eeStu4application,setStatus> 0.0013311191407005174
<2,csStu2,cs602gradebook,addScore> 0.02196346582155855
<3,csStu5,csStu5application,checkStatus> 0.0054908664553896345
<4,eeStu2,ee602gradebook,readScore> 0.02196346582155855
<5,eeFac2,ee601roster,read> 0.02196346582155855
<6,csStu4,cs601gradebook,readMyScores> 0.002440385091284283
<7,csFac2,cs601gradebook,changeScore> 0.02196346582155855
<8,csChair,csStu5trans,read> 0.006376490077226677
<9,eeStu1,eeStu1trans,read> 0.006376490077226677
<10,csFac1,cs101roster,read> 0.02196346582155855
<11,csStu3,cs601gradebook,addScore> 0.013976750977355437
<12,csStu2,cs602gradebook,readScore> 0.02196346582155855
<13,eeStu2,eeStu2trans,read> 0.006376490077226677
<14,eeFac1,ee101gradebook,assignGrade> 0.02196346582155855
<15,csStu3,cs601gradebook,readScore> 0.013976750977355437
<16,admissions1,eeStu5application,setStatus> 0.002662238281401035
<17,csFac1,cs101gradebook,assignGrade> 0.02196346582155855
<18,admissions2,csStu5application,setStatus> 0.0013311191407005174
<19,admissions2,csStu4application,read> 0.005990036133152328
<20,admissions1,eeStu1application,setStatus> 0.002662238281401035
<21,eeFac1,ee101gradebook,changeScore> 0.02196346582155855
<22,eeStu5,eeStu5application,checkStatus> 0.0054908664553896345
<23,eeFac2,ee601gradebook,assignGrade> 0.02196346582155855
<24,admissions1,eeStu3application,read> 0.011980072266304657
<25,registrar2,ee602roster,write> 6.65559570350259E-4
<26,registrar1,ee101roster,read> 0.00599003613315233
<27,eeFac2,ee601gradebook,readScore> 0.011826481596223836
<28,registrar1,csStu2trans,read> 0.004250993384817784
<29,eeFac1,ee101roster,read> 0.02196346582155855
<30,csChair,csStu1trans,read> 0.006376490077226677
<31,applicant2,application2,checkStatus> 0.0054908664553896345
<32,admissions1,csStu3application,read> 0.011980072266304657
<33,csFac2,cs601gradebook,readScore> 0.007986714844203107
<34,csFac1,cs101gradebook,addScore> 0.01520547633800207
<35,admissions2,csStu2application,setStatus> 0.0013311191407005174
<36,registrar1,cs601roster,write> 0.001331119140700518
<37,eeStu1,eeStu1application,checkStatus> 0.0054908664553896345
<38,registrar2,eeStu1trans,read> 0.002125496692408892
<39,admissions1,csStu1application,setStatus> 0.002662238281401035
<40,admissions1,eeStu2application,setStatus> 0.002662238281401035
<41,registrar1,eeStu5trans,read> 0.005667991179757046
<42,admissions2,eeStu1application,setStatus> 0.0013311191407005174
<43,csFac2,cs601gradebook,addScore> 0.007986714844203107
<44,admissions2,csStu3application,setStatus> 0.0013311191407005174
<45,admissions1,eeStu5application,read> 0.011980072266304657
<46,eeStu5,eeStu5trans,read> 0.008501986769635568
<47,admissions1,eeStu3application,setStatus> 0.002662238281401035
<48,admissions1,eeStu2application,read> 0.011980072266304657
<49,admissions1,eeStu4application,setStatus> 0.002662238281401035
<50,admissions2,application2,setStatus> 0.0013311191407005174
<51,admissions2,application1,read> 0.005990036133152328
<52,admissions1,csStu5application,setStatus> 0.002662238281401035
<53,eeStu2,ee601gradebook,readMyScores> 0.0036605776369264243
<54,registrar1,ee601roster,read> 0.00599003613315233
<55,admissions2,csStu2application,read> 0.005990036133152328
<56,eeFac1,ee101gradebook,readScore> 0.010981732910779274
<57,csChair,csStu2trans,read> 0.006376490077226677
<58,admissions2,csStu1application,setStatus> 0.0013311191407005174
<59,eeStu2,ee101gradebook,readScore> 0.010981732910779274
<60,registrar1,ee602roster,write> 0.001331119140700518
<61,registrar2,ee101roster,read> 0.002995018066576165
<62,registrar1,cs101roster,write> 0.001331119140700518
<63,eeStu4,eeStu4application,checkStatus> 0.0054908664553896345
<64,admissions2,application2,read> 0.005990036133152328
<65,admissions1,eeStu4application,read> 0.011980072266304657
<66,admissions2,csStu1application,read> 0.005990036133152328
<67,eeStu4,ee601gradebook,readMyScores> 0.0036605776369264243
<68,admissions1,csStu4application,read> 0.011980072266304657
<69,registrar1,eeStu1trans,read> 0.004250993384817784
<70,eeStu1,ee101gradebook,readMyScores> 0.010981732910779274
<71,registrar1,cs601roster,read> 0.00599003613315233
<72,csFac1,cs101gradebook,changeScore> 0.02196346582155855
<73,csStu2,csStu2application,checkStatus> 0.0054908664553896345
<74,admissions2,eeStu2application,read> 0.005990036133152328
<75,registrar2,eeStu5trans,read> 0.002833995589878523
<76,admissions2,eeStu3application,setStatus> 0.0013311191407005174
<77,registrar1,csStu4trans,read> 0.004250993384817784
<78,registrar1,cs602roster,write> 0.001331119140700518
<79,admissions2,eeStu5application,read> 0.005990036133152328
<80,admissions1,csStu3application,setStatus> 0.002662238281401035
<81,csStu1,cs101gradebook,readMyScores> 0.010981732910779274
<82,eeStu2,ee101gradebook,addScore> 0.010981732910779274
<83,admissions2,eeStu5application,setStatus> 0.0013311191407005174
<84,registrar2,cs101roster,read> 0.002995018066576165
<85,registrar2,csStu1trans,read> 0.002125496692408892
<86,eeChair,eeStu3trans,read> 0.006376490077226677
<87,registrar1,csStu3trans,read> 0.004250993384817784
<88,registrar2,cs601roster,read> 0.002995018066576165
<89,admissions2,eeStu3application,read> 0.005990036133152328
<90,csStu3,csStu3application,checkStatus> 0.0054908664553896345
<91,csStu1,csStu1application,checkStatus> 0.0054908664553896345
<92,registrar1,cs101roster,read> 0.00599003613315233
<93,admissions1,csStu4application,setStatus> 0.002662238281401035
<94,eeFac2,ee601gradebook,changeScore> 0.02196346582155855
<95,registrar2,csStu5trans,read> 0.002125496692408892
<96,eeStu3,ee601gradebook,readScore> 0.010136984225334714
<97,admissions2,eeStu4application,read> 0.005990036133152328
<98,eeChair,eeStu1trans,read> 0.006376490077226677
<99,admissions1,eeStu1application,read> 0.011980072266304657
<100,registrar1,csStu1trans,read> 0.004250993384817784
<101,eeStu3,ee601gradebook,addScore> 0.010136984225334714
<102,eeFac1,ee101gradebook,addScore> 0.010981732910779274
<103,csFac2,cs601gradebook,assignGrade> 0.02196346582155855
<104,registrar2,cs602roster,read> 0.002995018066576165
<105,eeStu3,eeStu3application,checkStatus> 0.0054908664553896345
<106,eeChair,eeStu5trans,read> 0.008501986769635568
<107,csStu1,csStu1trans,read> 0.006376490077226677
<108,csStu4,csStu4trans,read> 0.006376490077226677
<109,eeStu2,ee602gradebook,addScore> 0.02196346582155855
<110,admissions1,csStu2application,read> 0.011980072266304657
<111,admissions1,csStu2application,setStatus> 0.002662238281401035
<112,csStu2,cs601gradebook,readMyScores> 0.002440385091284283
<113,registrar2,csStu3trans,read> 0.002125496692408892
<114,registrar1,csStu5trans,read> 0.004250993384817784
<115,registrar2,eeStu2trans,read> 0.002125496692408892
<116,registrar2,csStu4trans,read> 0.002125496692408892
<117,registrar2,eeStu3trans,read> 0.002125496692408892
<118,csStu3,csStu3trans,read> 0.006376490077226677
<119,registrar1,ee101roster,write> 0.001331119140700518
<120,registrar2,ee601roster,write> 6.65559570350259E-4
<121,admissions1,csStu1application,read> 0.011980072266304657
<122,csStu5,csStu5trans,read> 0.006376490077226677
<123,eeFac2,ee601gradebook,addScore> 0.011826481596223836
<124,registrar2,eeStu4trans,read> 0.002125496692408892
<125,registrar1,eeStu4trans,read> 0.004250993384817784
<126,registrar1,cs602roster,read> 0.00599003613315233
<127,admissions1,application1,setStatus> 0.002662238281401035
<128,csStu5,cs601gradebook,readMyScores> 0.006100962728210707
<129,admissions1,application2,setStatus> 0.002662238281401035
<130,csStu3,cs602gradebook,readMyScores> 0.004521890022085584
<131,admissions2,csStu5application,read> 0.005990036133152328
<132,registrar1,eeStu3trans,read> 0.004250993384817784
<133,applicant1,application1,checkStatus> 0.0054908664553896345
<134,eeStu5,ee602gradebook,readMyScores> 0.0036605776369264243

