<0,csFac2,cs601gradebook,assignGrade> 0.018518518518518535
<1,admissions1,eeStu2application,read> 0.010101010101010105
<2,eeStu2,eeStu2application,checkStatus> 0.004629629629629631
<3,csStu2,cs602gradebook,addScore> 0.018518518518518535
<4,csFac2,cs601gradebook,readScore> 0.006734006734006739
<5,admissions1,csStu3application,read> 0.010101010101010105
<6,registrar1,eeStu4trans,read> 0.003584229390681007
<7,csFac1,cs101roster,read> 0.018518518518518535
<8,admissions2,csStu5application,setStatus> 0.0011223344556677895
<9,admissions1,eeStu1application,setStatus> 0.002244668911335579
<10,eeStu2,ee602gradebook,readScore> 0.018518518518518535
<11,admissions1,csStu2application,read> 0.010101010101010105
<12,csStu2,csStu2application,checkStatus> 0.004629629629629631
<13,csStu3,cs601gradebook,readScore> 0.011784511784511793
<14,eeFac2,ee601gradebook,assignGrade> 0.018518518518518535
<15,csChair,csStu3trans,read> 0.005376344086021511
<16,csFac1,cs101gradebook,assignGrade> 0.018518518518518535
<17,eeFac1,ee101gradebook,assignGrade> 0.018518518518518535
<18,csStu5,cs602gradebook,readMyScores> 0.005446623093681922
<19,admissions1,eeStu4application,read> 0.010101010101010105
<20,registrar2,eeStu1trans,read> 0.0017921146953405035
<21,admissions2,eeStu3application,read> 0.005050505050505053
<22,csStu3,cs601gradebook,addScore> 0.011784511784511793
<23,eeStu2,eeStu2trans,read> 0.005376344086021511
<24,eeStu2,ee602gradebook,addScore> 0.018518518518518535
<25,csStu5,csStu5trans,read> 0.005376344086021511
<26,registrar2,ee602roster,write> 5.61167227833895E-4
<27,eeStu3,ee601gradebook,addScore> 0.008547008547008553
<28,registrar1,csStu2trans,read> 0.003584229390681007
<29,registrar1,cs101roster,read> 0.0050505050505050535
<30,csChair,csStu1trans,read> 0.005376344086021511
<31,eeFac2,ee601gradebook,changeScore> 0.018518518518518535
<32,admissions2,application2,setStatus> 0.0011223344556677895
<33,csChair,csStu5trans,read> 0.005376344086021511
<34,admissions2,csStu2application,setStatus> 0.0011223344556677895
<35,registrar2,eeStu5trans,read> 0.002389486260454005
<36,admissions1,eeStu3application,read> 0.010101010101010105
<37,csFac1,cs101gradebook,readScore> 0.01282051282051283
<38,eeStu4,eeStu4trans,read> 0.005376344086021511
<39,eeStu3,ee601gradebook,readScore> 0.008547008547008553
<40,admissions1,application1,setStatus> 0.002244668911335579
<41,registrar2,eeStu4trans,read> 0.0017921146953405035
<42,registrar1,cs601roster,write> 0.00112233445566779
<43,eeFac2,ee601gradebook,addScore> 0.009971509971509982
<44,admissions2,csStu2application,read> 0.005050505050505053
<45,eeStu1,eeStu1application,checkStatus> 0.004629629629629631
<46,csFac2,cs601gradebook,changeScore> 0.018518518518518535
<47,eeFac1,ee101roster,read> 0.018518518518518535
<48,eeStu4,eeStu4application,checkStatus> 0.004629629629629631
<49,registrar1,ee602roster,read> 0.0050505050505050535
<50,registrar1,ee601roster,read> 0.0050505050505050535
<51,admissions1,csStu1application,setStatus> 0.002244668911335579
<52,admissions1,eeStu2application,setStatus> 0.002244668911335579
<53,registrar1,eeStu5trans,read> 0.00477897252090801
<54,admissions2,eeStu1application,setStatus> 0.0011223344556677895
<55,eeStu2,ee101gradebook,addScore> 0.009259259259259267
<56,admissions1,csStu1application,read> 0.010101010101010105
<57,admissions1,eeStu5application,read> 0.010101010101010105
<58,admissions2,csStu3application,setStatus> 0.0011223344556677895
<59,admissions1,eeStu3application,setStatus> 0.002244668911335579
<60,csStu4,csStu4application,checkStatus> 0.004629629629629631
<61,admissions2,eeStu5application,read> 0.005050505050505053
<62,eeStu1,eeStu1trans,read> 0.005376344086021511
<63,admissions1,csStu5application,setStatus> 0.002244668911335579
<64,eeStu2,ee601gradebook,readMyScores> 0.003086419753086422
<65,csChair,csStu2trans,read> 0.005376344086021511
<66,admissions2,csStu1application,setStatus> 0.0011223344556677895
<67,registrar1,ee602roster,write> 0.00112233445566779
<68,eeFac1,ee101gradebook,changeScore> 0.018518518518518535
<69,eeChair,eeStu2trans,read> 0.005376344086021511
<70,admissions1,application1,read> 0.010101010101010105
<71,registrar1,cs101roster,write> 0.00112233445566779
<72,registrar2,ee101roster,read> 0.0025252525252525268
<73,admissions1,csStu4application,read> 0.010101010101010105
<74,eeChair,eeStu3trans,read> 0.005376344086021511
<75,registrar1,eeStu1trans,read> 0.003584229390681007
<76,eeStu1,ee101gradebook,readMyScores> 0.009259259259259267
<77,admissions2,eeStu4application,setStatus> 0.0011223344556677895
<78,registrar1,cs601roster,read> 0.0050505050505050535
<79,eeStu5,eeStu5application,checkStatus> 0.004629629629629631
<80,admissions2,eeStu2application,read> 0.005050505050505053
<81,eeStu3,eeStu3trans,read> 0.005376344086021511
<82,admissions2,eeStu3application,setStatus> 0.0011223344556677895
<83,admissions1,csStu3application,setStatus> 0.002244668911335579
<84,csStu1,cs101gradebook,readMyScores> 0.009259259259259267
<85,eeFac2,ee601roster,read> 0.018518518518518535
<86,admissions2,eeStu1application,read> 0.005050505050505053
<87,csStu3,csStu3application,checkStatus> 0.004629629629629631
<88,csFac2,cs601roster,read> 0.018518518518518535
<89,eeStu5,eeStu5trans,read> 0.007168458781362015
<90,admissions1,eeStu4application,setStatus> 0.002244668911335579
<91,admissions2,eeStu5application,setStatus> 0.0011223344556677895
<92,registrar2,cs101roster,read> 0.0025252525252525268
<93,eeChair,eeStu5trans,read> 0.007168458781362015
<94,registrar2,csStu2trans,read> 0.0017921146953405035
<95,registrar2,csStu1trans,read> 0.0017921146953405035
<96,csFac1,cs101gradebook,changeScore> 0.018518518518518535
<97,eeFac1,ee101gradebook,addScore> 0.009259259259259267
<98,admissions2,csStu4application,read> 0.005050505050505053
<99,registrar1,csStu3trans,read> 0.003584229390681007
<100,eeFac1,ee101gradebook,readScore> 0.009259259259259267
<101,registrar2,cs601roster,read> 0.0025252525252525268
<102,admissions1,application2,read> 0.010101010101010105
<103,csFac1,cs101gradebook,addScore> 0.01282051282051283
<104,csStu1,csStu1application,checkStatus> 0.004629629629629631
<105,admissions1,csStu4application,setStatus> 0.002244668911335579
<106,registrar2,csStu5trans,read> 0.0017921146953405035
<107,csStu2,cs602gradebook,readScore> 0.018518518518518535
<108,admissions2,eeStu4application,read> 0.005050505050505053
<109,admissions1,eeStu5application,setStatus> 0.002244668911335579
<110,admissions1,csStu5application,read> 0.010101010101010105
<111,eeChair,eeStu1trans,read> 0.005376344086021511
<112,eeFac2,ee601gradebook,readScore> 0.009971509971509982
<113,admissions1,eeStu1application,read> 0.010101010101010105
<114,registrar1,csStu1trans,read> 0.003584229390681007
<115,registrar2,cs602roster,read> 0.0025252525252525268
<116,eeStu3,eeStu3application,checkStatus> 0.004629629629629631
<117,csStu4,csStu4trans,read> 0.005376344086021511
<118,admissions1,csStu2application,setStatus> 0.002244668911335579
<119,registrar1,eeStu2trans,read> 0.003584229390681007
<120,csStu1,csStu1trans,read> 0.005376344086021511
<121,csStu2,cs601gradebook,readMyScores> 0.0020576131687242813
<122,registrar2,csStu3trans,read> 0.0017921146953405035
<123,registrar1,csStu5trans,read> 0.003584229390681007
<124,csFac2,cs601gradebook,addScore> 0.006734006734006739
<125,applicant2,application2,checkStatus> 0.004629629629629631
<126,admissions2,csStu5application,read> 0.005050505050505053
<127,registrar2,eeStu2trans,read> 0.0017921146953405035
<128,registrar2,csStu4trans,read> 0.0017921146953405035
<129,registrar2,eeStu3trans,read> 0.0017921146953405035
<130,csStu3,csStu3trans,read> 0.005376344086021511
<131,registrar1,ee101roster,write> 0.00112233445566779
<132,registrar1,cs602roster,write> 0.00112233445566779
<133,admissions2,application1,setStatus> 0.0011223344556677895
<134,eeStu2,ee101gradebook,readScore> 0.009259259259259267
<135,registrar2,ee601roster,write> 5.61167227833895E-4
<136,registrar2,cs101roster,write> 5.61167227833895E-4
<137,admissions2,application1,read> 0.005050505050505053
<138,admissions2,csStu1application,read> 0.005050505050505053
<139,admissions2,application2,read> 0.005050505050505053
<140,registrar1,cs602roster,read> 0.0050505050505050535
<141,csStu5,cs601gradebook,readMyScores> 0.005144032921810703
<142,admissions1,application2,setStatus> 0.002244668911335579
<143,csStu3,cs602gradebook,readMyScores> 0.0038126361655773456
<144,registrar1,eeStu3trans,read> 0.003584229390681007
<145,applicant1,application1,checkStatus> 0.004629629629629631
<146,eeStu5,ee602gradebook,readMyScores> 0.003086419753086422
<147,eeChair,eeStu4trans,read> 0.005376344086021511
<148,csChair,csStu4trans,read> 0.005376344086021511
<149,registrar2,ee602roster,read> 0.0025252525252525268
<150,registrar2,ee101roster,write> 5.61167227833895E-4
<151,registrar1,ee601roster,write> 0.00112233445566779
<152,csStu2,cs101gradebook,readScore> 0.005698005698005703
<153,registrar2,ee601roster,read> 0.0025252525252525268
<154,admissions2,csStu4application,setStatus> 0.0011223344556677895
<155,csStu4,cs601gradebook,readMyScores> 0.0020576131687242813
<156,admissions2,csStu3application,read> 0.005050505050505053
<157,csStu2,csStu2trans,read> 0.005376344086021511
<158,csStu5,csStu5application,checkStatus> 0.004629629629629631
<159,registrar1,ee101roster,read> 0.0050505050505050535
<160,eeStu5,ee601gradebook,readMyScores> 0.003086419753086422
<161,eeStu3,ee602gradebook,readMyScores> 0.006172839506172844
<162,registrar2,cs602roster,write> 5.61167227833895E-4
<163,registrar1,csStu4trans,read> 0.003584229390681007
<164,eeStu4,ee601gradebook,readMyScores> 0.003086419753086422
<165,registrar2,cs601roster,write> 5.61167227833895E-4
<166,admissions2,eeStu2application,setStatus> 0.0011223344556677895
<167,csStu2,cs101gradebook,addScore> 0.005698005698005703

