<0,eeFac2,ee601gradebook,readScore> 0.011295662372057562
<1,csFac1,cs101roster,read> 0.02097765869096404
<2,csStu5,csStu5trans,read> 0.006090288007054077
<3,eeFac2,ee601gradebook,changeScore> 0.02097765869096404
<4,admissions2,eeStu4application,setStatus> 0.00127137325399782
<5,csStu3,cs601gradebook,addScore> 0.013349419166977116
<6,csStu2,cs602gradebook,addScore> 0.02097765869096404
<7,csStu2,cs101gradebook,addScore> 0.00645466421260432
<8,csFac2,cs601roster,read> 0.02097765869096404
<9,admissions1,eeStu1application,read> 0.011442359285980381
<10,admissions1,eeStu2application,read> 0.011442359285980381
<11,csStu3,cs601gradebook,readScore> 0.013349419166977116
<12,admissions1,eeStu4application,read> 0.011442359285980381
<13,csStu1,csStu1application,checkStatus> 0.005244414672741008
<14,registrar2,eeStu1trans,read> 0.002030096002351359
<15,csFac1,cs101gradebook,assignGrade> 0.02097765869096404
<16,admissions1,application2,read> 0.011442359285980381
<17,registrar1,ee602roster,read> 0.005721179642990191
<18,csChair,csStu1trans,read> 0.006090288007054077
<19,csFac1,cs101gradebook,changeScore> 0.02097765869096404
<20,csStu3,csStu3trans,read> 0.006090288007054077
<21,registrar1,csStu3trans,read> 0.004060192004702718
<22,csFac2,cs601gradebook,assignGrade> 0.02097765869096404
<23,registrar1,cs602roster,read> 0.005721179642990191
<24,admissions2,csStu5application,setStatus> 0.00127137325399782
<25,eeChair,eeStu3trans,read> 0.006090288007054077
<26,eeStu4,eeStu4application,checkStatus> 0.005244414672741008
<27,admissions1,eeStu1application,setStatus> 0.00254274650799564
<28,csStu2,cs101gradebook,readScore> 0.00645466421260432
<29,eeFac2,ee601gradebook,assignGrade> 0.02097765869096404
<30,registrar2,cs101roster,read> 0.0028605898214950957
<31,csStu2,cs602gradebook,readScore> 0.02097765869096404
<32,eeFac1,ee101gradebook,changeScore> 0.02097765869096404
<33,admissions2,eeStu1application,read> 0.0057211796429901905
<34,eeStu5,ee602gradebook,readMyScores> 0.0034962764484940062
<35,eeFac1,ee101gradebook,assignGrade> 0.02097765869096404
<36,admissions1,csStu1application,setStatus> 0.00254274650799564
<37,registrar2,csStu5trans,read> 0.002030096002351359
<38,eeStu2,eeStu2application,checkStatus> 0.005244414672741008
<39,registrar2,ee602roster,write> 6.356866269989103E-4
<40,csFac2,cs601gradebook,changeScore> 0.02097765869096404
<41,registrar1,csStu2trans,read> 0.004060192004702718
<42,eeFac1,ee101gradebook,addScore> 0.01048882934548202
<43,csChair,csStu5trans,read> 0.006090288007054077
<44,csStu1,csStu1trans,read> 0.006090288007054077
<45,eeStu4,eeStu4trans,read> 0.006090288007054077
<46,eeStu2,ee101gradebook,readScore> 0.01048882934548202
<47,csFac2,cs601gradebook,readScore> 0.007628239523986923
<48,eeStu3,ee601gradebook,readScore> 0.00968199631890648
<49,admissions2,csStu2application,setStatus> 0.00127137325399782
<50,registrar1,cs601roster,write> 0.0012713732539978205
<51,eeStu1,eeStu1application,checkStatus> 0.005244414672741008
<52,registrar1,eeStu4trans,read> 0.004060192004702718
<53,admissions1,eeStu2application,setStatus> 0.00254274650799564
<54,registrar1,eeStu5trans,read> 0.005413589339603625
<55,admissions2,eeStu1application,setStatus> 0.00127137325399782
<56,eeStu3,eeStu3trans,read> 0.006090288007054077
<57,admissions2,csStu3application,setStatus> 0.00127137325399782
<58,admissions1,application1,read> 0.011442359285980381
<59,admissions1,eeStu3application,setStatus> 0.00254274650799564
<60,admissions1,eeStu5application,read> 0.011442359285980381
<61,admissions1,csStu5application,setStatus> 0.00254274650799564
<62,eeStu2,ee601gradebook,readMyScores> 0.0034962764484940062
<63,eeFac2,ee601roster,read> 0.02097765869096404
<64,admissions2,csStu5application,read> 0.0057211796429901905
<65,csChair,csStu2trans,read> 0.006090288007054077
<66,registrar1,eeStu3trans,read> 0.004060192004702718
<67,eeStu4,ee601gradebook,readMyScores> 0.0034962764484940062
<68,admissions2,csStu3application,read> 0.0057211796429901905
<69,eeStu2,ee602gradebook,addScore> 0.02097765869096404
<70,admissions2,csStu1application,setStatus> 0.00127137325399782
<71,registrar1,ee602roster,write> 0.0012713732539978205
<72,registrar2,ee101roster,read> 0.0028605898214950957
<73,eeStu2,ee602gradebook,readScore> 0.02097765869096404
<74,registrar1,csStu5trans,read> 0.004060192004702718
<75,eeFac1,ee101gradebook,readScore> 0.01048882934548202
<76,admissions2,csStu1application,read> 0.0057211796429901905
<77,registrar1,cs101roster,write> 0.0012713732539978205
<78,admissions1,csStu4application,read> 0.011442359285980381
<79,registrar1,eeStu1trans,read> 0.004060192004702718
<80,admissions1,csStu2application,read> 0.011442359285980381
<81,eeStu1,ee101gradebook,readMyScores> 0.01048882934548202
<82,registrar1,cs601roster,read> 0.005721179642990191
<83,admissions2,eeStu4application,read> 0.0057211796429901905
<84,admissions1,csStu1application,read> 0.011442359285980381
<85,eeStu5,eeStu5application,checkStatus> 0.005244414672741008
<86,admissions2,eeStu2application,read> 0.0057211796429901905
<87,registrar2,eeStu5trans,read> 0.0027067946698018123
<88,admissions2,eeStu3application,setStatus> 0.00127137325399782
<89,registrar1,ee101roster,write> 0.0012713732539978205
<90,admissions2,eeStu5application,read> 0.0057211796429901905
<91,eeChair,eeStu4trans,read> 0.006090288007054077
<92,admissions1,csStu3application,setStatus> 0.00254274650799564
<93,eeStu2,eeStu2trans,read> 0.006090288007054077
<94,admissions1,eeStu3application,read> 0.011442359285980381
<95,csStu1,cs101gradebook,readMyScores> 0.01048882934548202
<96,csFac1,cs101gradebook,readScore> 0.014522994478359719
<97,eeFac2,ee601gradebook,addScore> 0.011295662372057562
<98,eeStu5,eeStu5trans,read> 0.008120384009405438
<99,eeFac1,ee101roster,read> 0.02097765869096404
<100,eeStu2,ee101gradebook,addScore> 0.01048882934548202
<101,admissions2,eeStu5application,setStatus> 0.00127137325399782
<102,registrar2,csStu1trans,read> 0.002030096002351359
<103,admissions2,csStu4application,read> 0.0057211796429901905
<104,admissions2,csStu2application,read> 0.0057211796429901905
<105,registrar2,cs601roster,read> 0.0028605898214950957
<106,admissions2,eeStu3application,read> 0.0057211796429901905
<107,admissions1,csStu4application,setStatus> 0.00254274650799564
<108,admissions1,eeStu4application,setStatus> 0.00254274650799564
<109,csFac1,cs101gradebook,addScore> 0.014522994478359719
<110,admissions1,eeStu5application,setStatus> 0.00254274650799564
<111,eeChair,eeStu1trans,read> 0.006090288007054077
<112,csChair,csStu3trans,read> 0.006090288007054077
<113,registrar1,csStu1trans,read> 0.004060192004702718
<114,registrar1,cs101roster,read> 0.005721179642990191
<115,eeStu3,ee601gradebook,addScore> 0.00968199631890648
<116,registrar2,cs602roster,read> 0.0028605898214950957
<117,eeStu3,eeStu3application,checkStatus> 0.005244414672741008
<118,csStu4,csStu4trans,read> 0.006090288007054077
<119,admissions2,application2,read> 0.0057211796429901905
<120,admissions1,csStu2application,setStatus> 0.00254274650799564
<121,applicant1,application1,checkStatus> 0.005244414672741008
<122,csStu2,cs601gradebook,readMyScores> 0.002330850965662671
<123,registrar2,csStu3trans,read> 0.002030096002351359
<124,csFac2,cs601gradebook,addScore> 0.007628239523986923
<125,admissions1,csStu3application,read> 0.011442359285980381
<126,applicant2,application2,checkStatus> 0.005244414672741008
<127,registrar2,eeStu2trans,read> 0.002030096002351359
<128,registrar2,eeStu4trans,read> 0.002030096002351359
<129,registrar2,csStu4trans,read> 0.002030096002351359
<130,registrar2,eeStu3trans,read> 0.002030096002351359
<131,registrar1,cs602roster,write> 0.0012713732539978205
<132,registrar2,ee601roster,write> 6.356866269989103E-4
<133,admissions2,application1,read> 0.0057211796429901905
<134,admissions1,application1,setStatus> 0.00254274650799564

